Java HotSpot(TM) 64-Bit Server VM (25.60-b12) for linux-amd64 JRE (1.8.0_60-ea-b12), built on Apr 21 2015 19:53:00 by "java_re" with gcc 4.3.0 20080428 (Red Hat 4.3.0-8)
Memory: 4k page, physical 395463368k(390341232k free), swap 16318460k(16318460k free)
CommandLine flags: -XX:InitialHeapSize=2147483648 -XX:MaxHeapSize=32210157568 -XX:+PrintGC -XX:+PrintGCTimeStamps -XX:+UseCompressedClassPointers -XX:+UseCompressedOops -XX:+UseParallelGC 
1.886: [GC (Allocation Failure)  524800K->10652K(2010112K), 0.0298042 secs]
19.292: [GC (Allocation Failure)  535452K->25143K(1948672K), 0.0286324 secs]
21.426: [GC (Allocation Failure)  549943K->27592K(1950720K), 0.0206076 secs]
22.740: [GC (System.gc())  118887K->27760K(1951232K), 0.0341173 secs]
22.774: [Full GC (System.gc())  27760K->26576K(1951232K), 0.0657866 secs]
53.067: [GC (Allocation Failure)  551376K->29912K(1926656K), 0.0140363 secs]
110.267: [GC (System.gc())  427334K->31895K(1928704K), 0.0221934 secs]
110.289: [Full GC (System.gc())  31895K->29019K(1928704K), 0.1158259 secs]
214.162: [GC (Allocation Failure)  553819K->32451K(1997312K), 0.0140257 secs]
350.058: [GC (System.gc())  506778K->32116K(1913856K), 0.0352627 secs]
350.093: [Full GC (System.gc())  32116K->29088K(1913856K), 0.1047335 secs]
431.181: [GC (System.gc())  335967K->32097K(1913344K), 0.0242953 secs]
431.205: [Full GC (System.gc())  32097K->29034K(1913344K), 0.0686790 secs]
437.009: [GC (System.gc())  92113K->29738K(1911296K), 0.0172981 secs]
437.026: [Full GC (System.gc())  29738K->28952K(1911296K), 0.0716866 secs]
629.972: [GC (Allocation Failure)  540952K->31553K(1935360K), 0.0299341 secs]
832.654: [GC (Allocation Failure)  531265K->32119K(1889792K), 0.0163858 secs]
1035.965: [GC (Allocation Failure)  520055K->31813K(1878016K), 0.0146675 secs]
1237.260: [GC (Allocation Failure)  508485K->31925K(1866752K), 0.0147075 secs]
1435.770: [GC (Allocation Failure)  497333K->32077K(1856000K), 0.0104102 secs]
1629.988: [GC (Allocation Failure)  486733K->32133K(1845760K), 0.0170150 secs]
1820.970: [GC (Allocation Failure)  476549K->31909K(1835520K), 0.0112409 secs]
2007.062: [GC (Allocation Failure)  466597K->32715K(1826816K), 0.0159064 secs]
2191.911: [GC (Allocation Failure)  457675K->32593K(1817600K), 0.0125656 secs]
2369.968: [GC (Allocation Failure)  448337K->31941K(1807872K), 0.0598153 secs]
2545.984: [GC (Allocation Failure)  438970K->32061K(1799680K), 0.0177408 secs]
2716.011: [GC (Allocation Failure)  430394K->32466K(1791488K), 0.0222124 secs]
2885.063: [GC (Allocation Failure)  422610K->32541K(1783296K), 0.0258451 secs]
3050.250: [GC (Allocation Failure)  414493K->32261K(1775616K), 0.0827342 secs]
3213.451: [GC (Allocation Failure)  406533K->32794K(1768448K), 0.0666962 secs]
3372.339: [GC (Allocation Failure)  399386K->31741K(1760256K), 0.0407185 secs]
3528.302: [GC (Allocation Failure)  391165K->32885K(1754112K), 0.0260059 secs]
3682.755: [GC (Allocation Failure)  385141K->31861K(1746432K), 0.0338095 secs]
3833.703: [GC (Allocation Failure)  377430K->32553K(1740288K), 0.0672551 secs]
3980.646: [GC (Allocation Failure)  371497K->33010K(1734656K), 0.0605933 secs]
4125.746: [GC (Allocation Failure)  365754K->31865K(1727488K), 0.0667742 secs]
4268.820: [GC (Allocation Failure)  358521K->32249K(1721856K), 0.0912694 secs]
4408.943: [GC (Allocation Failure)  352761K->32089K(1715712K), 0.0675141 secs]
4546.982: [GC (Allocation Failure)  346969K->32173K(1710592K), 0.0527734 secs]
4683.870: [GC (Allocation Failure)  341421K->32517K(1704960K), 0.0413278 secs]
4817.195: [GC (Allocation Failure)  336133K->32443K(1699840K), 0.0772651 secs]
4947.548: [GC (Allocation Failure)  330939K->32269K(1694720K), 0.0786855 secs]
5075.966: [GC (Allocation Failure)  325645K->32145K(1689088K), 0.0990819 secs]
5202.670: [GC (Allocation Failure)  320401K->32118K(1684480K), 0.0985243 secs]
5327.985: [GC (Allocation Failure)  315766K->32490K(1680384K), 0.1105227 secs]
5450.638: [GC (Allocation Failure)  311530K->32338K(1675776K), 0.1194931 secs]
5571.990: [GC (Allocation Failure)  306770K->31933K(1670656K), 0.1604372 secs]
5691.972: [GC (Allocation Failure)  301757K->32121K(1666560K), 0.1144557 secs]
5809.321: [GC (Allocation Failure)  297819K->31969K(1662464K), 0.1054920 secs]
5925.743: [GC (Allocation Failure)  293601K->32605K(1658880K), 0.1484825 secs]
6039.945: [GC (Allocation Failure)  290112K->32369K(1654784K), 0.1084745 secs]
6161.218: [GC (Allocation Failure)  285809K->32906K(1651200K), 0.1496487 secs]
6310.595: [GC (Allocation Failure)  282250K->33182K(1647616K), 0.1659955 secs]
6475.117: [GC (System.gc())  245689K->32693K(1647104K), 0.0280658 secs]
6475.145: [Full GC (System.gc())  32693K->29110K(1647104K), 0.0990796 secs]
6582.268: [GC (Allocation Failure)  274870K->31988K(1643520K), 0.0452804 secs]
6654.591: [GC (System.gc())  195350K->31646K(1643008K), 0.0350528 secs]
6654.626: [Full GC (System.gc())  31646K->28915K(1643008K), 0.0654710 secs]
6661.912: [GC (System.gc())  43000K->29811K(1641472K), 0.0158281 secs]
6661.927: [Full GC (System.gc())  29811K->29130K(1641472K), 0.0660673 secs]
6707.879: [GC (Allocation Failure)  271306K->46822K(1641984K), 0.0291318 secs]
6709.131: [GC (Allocation Failure)  285414K->86824K(1694208K), 0.0484335 secs]
6710.553: [GC (Allocation Failure)  378152K->134997K(1779200K), 0.0326937 secs]
