Java HotSpot(TM) 64-Bit Server VM (25.60-b12) for linux-amd64 JRE (1.8.0_60-ea-b12), built on Apr 21 2015 19:53:00 by "java_re" with gcc 4.3.0 20080428 (Red Hat 4.3.0-8)
Memory: 4k page, physical 395463368k(390404596k free), swap 16318460k(16318460k free)
CommandLine flags: -XX:+AggressiveOpts -XX:+AlwaysPreTouch -XX:InitialHeapSize=31138512896 -XX:LargePageSizeInBytes=2097152 -XX:MaxHeapSize=31138512896 -XX:MaxNewSize=27917287424 -XX:MaxTenuringThreshold=15 -XX:NewSize=27917287424 -XX:ParallelGCThreads=56 -XX:+PrintGC -XX:+PrintGCDetails -XX:+PrintGCTimeStamps -XX:+PrintTenuringDistribution -XX:SurvivorRatio=28 -XX:TargetSurvivorRatio=95 -XX:-UseAdaptiveSizePolicy -XX:-UseBiasedLocking -XX:+UseCompressedClassPointers -XX:+UseCompressedOops -XX:+UseLargePages -XX:+UseParallelOldGC 
9.274: [GC (Allocation Failure) [PSYoungGen: 25448448K->12661K(26355712K)] 25448448K->12764K(29501440K), 0.0155596 secs] [Times: user=0.36 sys=0.00, real=0.01 secs] 
12.457: [GC (System.gc()) [PSYoungGen: 24579646K->8759K(26355712K)] 24579748K->8870K(29501440K), 0.0187521 secs] [Times: user=0.31 sys=0.00, real=0.02 secs] 
12.476: [Full GC (System.gc()) [PSYoungGen: 8759K->0K(26355712K)] [ParOldGen: 110K->8133K(3145728K)] 8870K->8133K(29501440K), [Metaspace: 16774K->16774K(1064960K)], 0.0502372 secs] [Times: user=0.84 sys=0.10, real=0.05 secs] 
25.403: [GC (Allocation Failure) [PSYoungGen: 25448448K->853396K(26355712K)] 25456581K->861545K(29501440K), 0.0772368 secs] [Times: user=3.49 sys=0.01, real=0.07 secs] 
33.779: [GC (Allocation Failure) [PSYoungGen: 26301844K->852014K(26355712K)] 26309993K->860171K(29501440K), 0.0625624 secs] [Times: user=3.07 sys=0.00, real=0.07 secs] 
99.954: [GC (System.gc()) [PSYoungGen: 23327958K->98866K(26355712K)] 23336116K->107031K(29501440K), 0.0227107 secs] [Times: user=0.76 sys=0.00, real=0.02 secs] 
99.977: [Full GC (System.gc()) [PSYoungGen: 98866K->0K(26355712K)] [ParOldGen: 8165K->105284K(3145728K)] 107031K->105284K(29501440K), [Metaspace: 20023K->20016K(1067008K)], 0.0767997 secs] [Times: user=2.26 sys=0.04, real=0.08 secs] 
215.753: [GC (Allocation Failure) [PSYoungGen: 25448448K->903361K(26355712K)] 25553732K->1008653K(29501440K), 0.0826681 secs] [Times: user=4.34 sys=0.00, real=0.08 secs] 
229.237: [GC (Allocation Failure) [PSYoungGen: 26351809K->895945K(26355712K)] 26457101K->1001309K(29501440K), 0.0755887 secs] [Times: user=3.78 sys=0.00, real=0.08 secs] 
237.877: [GC (Allocation Failure) [PSYoungGen: 26344393K->889474K(26355712K)] 26449757K->994847K(29501440K), 0.0752646 secs] [Times: user=3.66 sys=0.00, real=0.08 secs] 
249.187: [GC (Allocation Failure) [PSYoungGen: 26337922K->896515K(26355712K)] 26443295K->1001896K(29501440K), 0.0791829 secs] [Times: user=3.74 sys=0.00, real=0.08 secs] 
258.184: [GC (Allocation Failure) [PSYoungGen: 26344963K->907236K(26355712K)] 26450344K->1015305K(29501440K), 0.0809381 secs] [Times: user=3.94 sys=0.00, real=0.08 secs] 
265.628: [GC (Allocation Failure) [PSYoungGen: 26355684K->907243K(26355712K)] 26463753K->1018176K(29501440K), 0.0842332 secs] [Times: user=4.45 sys=0.00, real=0.08 secs] 
271.692: [GC (GCLocker Initiated GC) [PSYoungGen: 26355691K->907246K(26355712K)] 26466646K->1035337K(29501440K), 0.0804662 secs] [Times: user=4.14 sys=0.00, real=0.09 secs] 
276.588: [GC (Allocation Failure) [PSYoungGen: 26355694K->907240K(26355712K)] 26483789K->1052423K(29501440K), 0.0802115 secs] [Times: user=4.17 sys=0.00, real=0.08 secs] 
280.894: [GC (Allocation Failure) [PSYoungGen: 26355688K->907257K(26355712K)] 26500871K->1093632K(29501440K), 0.0858511 secs] [Times: user=4.37 sys=0.00, real=0.08 secs] 
285.076: [GC (Allocation Failure) [PSYoungGen: 26355705K->907247K(26355712K)] 26542080K->1146742K(29501440K), 0.0914399 secs] [Times: user=4.55 sys=0.01, real=0.09 secs] 
288.615: [GC (Allocation Failure) [PSYoungGen: 26355695K->907263K(26355712K)] 26595190K->1246934K(29501440K), 0.1036149 secs] [Times: user=5.30 sys=0.00, real=0.10 secs] 
291.742: [GC (Allocation Failure) [PSYoungGen: 26355711K->907241K(26355712K)] 26695382K->1319632K(29501440K), 0.0975949 secs] [Times: user=5.02 sys=0.00, real=0.09 secs] 
294.700: [GC (Allocation Failure) [PSYoungGen: 26355689K->907260K(26355712K)] 26768080K->1384091K(29501440K), 0.0949296 secs] [Times: user=4.84 sys=0.00, real=0.10 secs] 
297.287: [GC (Allocation Failure) [PSYoungGen: 26355708K->907257K(26355712K)] 26832539K->1876321K(29501440K), 0.1934411 secs] [Times: user=10.30 sys=0.00, real=0.19 secs] 
299.895: [GC (Allocation Failure) [PSYoungGen: 26355705K->907261K(26355712K)] 27324769K->2288780K(29501440K), 0.1850823 secs] [Times: user=9.73 sys=0.00, real=0.18 secs] 
302.487: [GC (Allocation Failure) [PSYoungGen: 26355709K->851577K(26355712K)] 27737228K->2431416K(29501440K), 0.1365421 secs] [Times: user=7.20 sys=0.01, real=0.14 secs] 
305.103: [GC (Allocation Failure) [PSYoungGen: 26300025K->786279K(26355712K)] 27879864K->2373585K(29501440K), 0.1020849 secs] [Times: user=5.34 sys=0.01, real=0.10 secs] 
307.709: [GC (Allocation Failure) [PSYoungGen: 26234727K->907249K(26355712K)] 27822033K->2638397K(29501440K), 0.1461993 secs] [Times: user=7.13 sys=0.01, real=0.15 secs] 
310.356: [GC (Allocation Failure) [PSYoungGen: 26355697K->907252K(26355712K)] 28086845K->3106657K(29501440K), 0.1986347 secs] [Times: user=10.30 sys=0.00, real=0.20 secs] 
312.920: [GC (Allocation Failure) [PSYoungGen: 26355700K->907247K(26355712K)] 28555105K->3523949K(29501440K), 0.2049658 secs] [Times: user=10.92 sys=0.01, real=0.21 secs] 
313.126: [Full GC (Ergonomics) [PSYoungGen: 907247K->0K(26355712K)] [ParOldGen: 2616702K->1786839K(3145728K)] 3523949K->1786839K(29501440K), [Metaspace: 22099K->22088K(1069056K)], 1.2515069 secs] [Times: user=39.57 sys=0.24, real=1.25 secs] 
316.790: [GC (Allocation Failure) [PSYoungGen: 25448448K->803284K(26355712K)] 27235287K->2590124K(29501440K), 0.1492967 secs] [Times: user=7.30 sys=0.00, real=0.15 secs] 
319.392: [GC (Allocation Failure) [PSYoungGen: 26251732K->871913K(26355712K)] 28038572K->2658753K(29501440K), 0.1367087 secs] [Times: user=7.27 sys=0.01, real=0.14 secs] 
322.269: [GC (Allocation Failure) [PSYoungGen: 26320361K->904160K(26355712K)] 28107201K->2691000K(29501440K), 0.1196915 secs] [Times: user=6.37 sys=0.00, real=0.12 secs] 
326.238: [GC (Allocation Failure) [PSYoungGen: 26352608K->772744K(26355712K)] 28139448K->2559583K(29501440K), 0.1125202 secs] [Times: user=5.84 sys=0.00, real=0.11 secs] 
328.904: [GC (Allocation Failure) [PSYoungGen: 26221192K->835631K(26355712K)] 28008031K->2622471K(29501440K), 0.1141498 secs] [Times: user=5.97 sys=0.00, real=0.11 secs] 
331.586: [GC (Allocation Failure) [PSYoungGen: 26284079K->907262K(26355712K)] 28070919K->2959694K(29501440K), 0.1750568 secs] [Times: user=9.28 sys=0.00, real=0.17 secs] 
334.307: [GC (Allocation Failure) [PSYoungGen: 26355710K->907235K(26355712K)] 28408142K->3148787K(29501440K), 0.1807223 secs] [Times: user=9.29 sys=0.01, real=0.18 secs] 
337.051: [GC (Allocation Failure) [PSYoungGen: 26355683K->907233K(26355712K)] 28597235K->3149262K(29501440K), 0.1251720 secs] [Times: user=6.57 sys=0.00, real=0.13 secs] 
339.522: [GC (System.gc()) [PSYoungGen: 18762901K->785928K(26355712K)] 21004930K->3027965K(29501440K), 0.1123303 secs] [Times: user=5.33 sys=0.00, real=0.11 secs] 
339.635: [Full GC (System.gc()) [PSYoungGen: 785928K->0K(26355712K)] [ParOldGen: 2242037K->144163K(3145728K)] 3027965K->144163K(29501440K), [Metaspace: 22299K->22299K(1069056K)], 0.1451261 secs] [Times: user=4.92 sys=0.07, real=0.14 secs] 
358.608: [GC (Allocation Failure) [PSYoungGen: 25448448K->907240K(26355712K)] 25592611K->1074412K(29501440K), 0.0899673 secs] [Times: user=4.73 sys=0.01, real=0.09 secs] 
365.061: [GC (Allocation Failure) [PSYoungGen: 26355688K->907243K(26355712K)] 26522860K->1120646K(29501440K), 0.0893290 secs] [Times: user=4.50 sys=0.01, real=0.09 secs] 
370.053: [GC (Allocation Failure) [PSYoungGen: 26355691K->907238K(26355712K)] 26569094K->1140137K(29501440K), 0.0849319 secs] [Times: user=4.23 sys=0.00, real=0.08 secs] 
374.281: [GC (Allocation Failure) [PSYoungGen: 26355686K->907246K(26355712K)] 26588585K->1155570K(29501440K), 0.0854308 secs] [Times: user=4.03 sys=0.01, real=0.09 secs] 
377.963: [GC (Allocation Failure) [PSYoungGen: 26355694K->907233K(26355712K)] 26604018K->1225693K(29501440K), 0.0965842 secs] [Times: user=4.95 sys=0.00, real=0.09 secs] 
381.192: [GC (Allocation Failure) [PSYoungGen: 26355681K->907261K(26355712K)] 26674141K->1353376K(29501440K), 0.1089666 secs] [Times: user=5.63 sys=0.00, real=0.11 secs] 
384.180: [GC (Allocation Failure) [PSYoungGen: 26355709K->907256K(26355712K)] 26801824K->1421956K(29501440K), 0.0959782 secs] [Times: user=4.97 sys=0.01, real=0.10 secs] 
387.273: [GC (Allocation Failure) [PSYoungGen: 26355704K->907244K(26355712K)] 26870404K->1477672K(29501440K), 0.1064393 secs] [Times: user=5.35 sys=0.00, real=0.10 secs] 
390.003: [GC (Allocation Failure) [PSYoungGen: 26355692K->907249K(26355712K)] 26926120K->2015365K(29501440K), 0.2047068 secs] [Times: user=10.79 sys=0.00, real=0.20 secs] 
392.803: [GC (Allocation Failure) [PSYoungGen: 26355697K->907249K(26355712K)] 27463813K->2647988K(29501440K), 0.2290585 secs] [Times: user=12.22 sys=0.00, real=0.23 secs] 
396.810: [GC (Allocation Failure) [PSYoungGen: 26355697K->907259K(26355712K)] 28096436K->3104127K(29501440K), 0.1993705 secs] [Times: user=10.69 sys=0.00, real=0.20 secs] 
399.502: [GC (Allocation Failure) [PSYoungGen: 26355707K->907250K(26355712K)] 28552575K->3553630K(29501440K), 0.2043217 secs] [Times: user=10.62 sys=0.01, real=0.21 secs] 
399.706: [Full GC (Ergonomics) [PSYoungGen: 907250K->0K(26355712K)] [ParOldGen: 2646379K->1649971K(3145728K)] 3553630K->1649971K(29501440K), [Metaspace: 22386K->22386K(1069056K)], 1.0448671 secs] [Times: user=30.19 sys=0.00, real=1.04 secs] 
403.312: [GC (Allocation Failure) [PSYoungGen: 25448448K->791176K(26355712K)] 27098419K->2441148K(29501440K), 0.1172045 secs] [Times: user=5.83 sys=0.00, real=0.11 secs] 
405.944: [GC (Allocation Failure) [PSYoungGen: 26239624K->799723K(26355712K)] 27889596K->2449695K(29501440K), 0.1113243 secs] [Times: user=5.70 sys=0.01, real=0.11 secs] 
408.553: [GC (Allocation Failure) [PSYoungGen: 26248171K->837507K(26355712K)] 27898143K->2487479K(29501440K), 0.1188404 secs] [Times: user=5.78 sys=0.01, real=0.12 secs] 
412.345: [GC (Allocation Failure) [PSYoungGen: 26285955K->907240K(26355712K)] 27935927K->2916771K(29501440K), 0.1801551 secs] [Times: user=9.55 sys=0.00, real=0.18 secs] 
415.002: [GC (Allocation Failure) [PSYoungGen: 26355688K->907255K(26355712K)] 28365219K->3683771K(29501440K), 0.2619469 secs] [Times: user=14.20 sys=0.01, real=0.27 secs] 
415.264: [Full GC (Ergonomics) [PSYoungGen: 907255K->0K(26355712K)] [ParOldGen: 2776515K->2197395K(3145728K)] 3683771K->2197395K(29501440K), [Metaspace: 22386K->22386K(1069056K)], 1.1151583 secs] [Times: user=37.29 sys=0.00, real=1.11 secs] 
419.396: [GC (System.gc()) [PSYoungGen: 24311265K->537396K(26355712K)] 26508660K->2734799K(29501440K), 0.1048543 secs] [Times: user=4.92 sys=0.00, real=0.10 secs] 
419.501: [Full GC (System.gc()) [PSYoungGen: 537396K->0K(26355712K)] [ParOldGen: 2197403K->145316K(3145728K)] 2734799K->145316K(29501440K), [Metaspace: 22414K->22414K(1069056K)], 0.1308314 secs] [Times: user=4.51 sys=0.01, real=0.13 secs] 
426.698: [GC (System.gc()) [PSYoungGen: 2150265K->1760K(26355712K)] 2295582K->147085K(29501440K), 0.0128336 secs] [Times: user=0.15 sys=0.01, real=0.01 secs] 
426.711: [Full GC (System.gc()) [PSYoungGen: 1760K->0K(26355712K)] [ParOldGen: 145324K->136306K(3145728K)] 147085K->136306K(29501440K), [Metaspace: 22426K->22426K(1069056K)], 0.0851400 secs] [Times: user=2.25 sys=0.00, real=0.09 secs] 
447.681: [GC (Allocation Failure) [PSYoungGen: 25448448K->907262K(26355712K)] 25584754K->1046441K(29501440K), 0.0893484 secs] [Times: user=4.52 sys=0.01, real=0.09 secs] 
466.180: [GC (Allocation Failure) [PSYoungGen: 26355710K->907249K(26355712K)] 26494889K->1050995K(29501440K), 0.0808443 secs] [Times: user=3.93 sys=0.01, real=0.08 secs] 
484.866: [GC (Allocation Failure) [PSYoungGen: 26355697K->907240K(26355712K)] 26499443K->1068122K(29501440K), 0.0811815 secs] [Times: user=4.14 sys=0.01, real=0.08 secs] 
503.384: [GC (Allocation Failure) [PSYoungGen: 26355688K->902863K(26355712K)] 26516570K->1063746K(29501440K), 0.0825485 secs] [Times: user=3.93 sys=0.01, real=0.08 secs] 
522.036: [GC (Allocation Failure) [PSYoungGen: 26351311K->893288K(26355712K)] 26512194K->1054171K(29501440K), 0.0802747 secs] [Times: user=3.93 sys=0.00, real=0.08 secs] 
540.587: [GC (Allocation Failure) [PSYoungGen: 26341736K->907237K(26355712K)] 26502619K->1070007K(29501440K), 0.0812706 secs] [Times: user=3.98 sys=0.01, real=0.08 secs] 
559.193: [GC (Allocation Failure) [PSYoungGen: 26355685K->903958K(26355712K)] 26518455K->1066728K(29501440K), 0.0824375 secs] [Times: user=3.86 sys=0.00, real=0.08 secs] 
577.736: [GC (Allocation Failure) [PSYoungGen: 26352406K->902520K(26355712K)] 26515176K->1065291K(29501440K), 0.0772093 secs] [Times: user=3.95 sys=0.00, real=0.08 secs] 
596.225: [GC (Allocation Failure) [PSYoungGen: 26350968K->903780K(26355712K)] 26513739K->1066550K(29501440K), 0.0777395 secs] [Times: user=3.94 sys=0.00, real=0.08 secs] 
699.458: [GC (Allocation Failure) [PSYoungGen: 26352228K->893001K(26355712K)] 26514998K->1055772K(29501440K), 0.0870274 secs] [Times: user=3.82 sys=0.01, real=0.09 secs] 
810.314: [GC (Allocation Failure) [PSYoungGen: 26341449K->890704K(26355712K)] 26504220K->1053475K(29501440K), 0.0770087 secs] [Times: user=3.87 sys=0.01, real=0.07 secs] 
871.838: [GC (Allocation Failure) [PSYoungGen: 26339152K->890657K(26355712K)] 26501923K->1053428K(29501440K), 0.0794495 secs] [Times: user=3.84 sys=0.00, real=0.08 secs] 
917.968: [GC (Allocation Failure) [PSYoungGen: 26339105K->893138K(26355712K)] 26501876K->1055916K(29501440K), 0.0749258 secs] [Times: user=3.85 sys=0.01, real=0.08 secs] 
958.516: [GC (Allocation Failure) [PSYoungGen: 26341586K->904339K(26355712K)] 26504364K->1067118K(29501440K), 0.0839544 secs] [Times: user=3.88 sys=0.01, real=0.08 secs] 
995.395: [GC (Allocation Failure) [PSYoungGen: 26352787K->900217K(26355712K)] 26515566K->1062995K(29501440K), 0.0852875 secs] [Times: user=3.88 sys=0.01, real=0.08 secs] 
1027.509: [GC (Allocation Failure) [PSYoungGen: 26348665K->592621K(26355712K)] 26511443K->1068404K(29501440K), 0.1077381 secs] [Times: user=5.53 sys=0.00, real=0.11 secs] 
1058.219: [GC (Allocation Failure) [PSYoungGen: 26041069K->585880K(26355712K)] 26516852K->1068528K(29501440K), 0.0917364 secs] [Times: user=4.50 sys=0.01, real=0.09 secs] 
1086.086: [GC (Allocation Failure) [PSYoungGen: 26034328K->578248K(26355712K)] 26516976K->1063248K(29501440K), 0.0900872 secs] [Times: user=4.52 sys=0.01, real=0.09 secs] 
1112.397: [GC (Allocation Failure) [PSYoungGen: 26026696K->587080K(26355712K)] 26511696K->1073760K(29501440K), 0.0865327 secs] [Times: user=4.49 sys=0.01, real=0.09 secs] 
1138.029: [GC (Allocation Failure) [PSYoungGen: 26035378K->581421K(26355712K)] 26522058K->1071798K(29501440K), 0.0887598 secs] [Times: user=4.62 sys=0.01, real=0.09 secs] 
1161.031: [GC (Allocation Failure) [PSYoungGen: 26029869K->590338K(26355712K)] 26520246K->1081819K(29501440K), 0.0913153 secs] [Times: user=4.69 sys=0.01, real=0.10 secs] 
1184.113: [GC (Allocation Failure) [PSYoungGen: 26038786K->574152K(26355712K)] 26530267K->1066545K(29501440K), 0.1001415 secs] [Times: user=4.59 sys=0.00, real=0.10 secs] 
1206.418: [GC (Allocation Failure) [PSYoungGen: 26022600K->577608K(26355712K)] 26514993K->1070785K(29501440K), 0.0915826 secs] [Times: user=4.28 sys=0.01, real=0.09 secs] 
1226.851: [GC (Allocation Failure) [PSYoungGen: 26026056K->572727K(26355712K)] 26519233K->1067033K(29501440K), 0.0960116 secs] [Times: user=4.75 sys=0.00, real=0.10 secs] 
1247.300: [GC (Allocation Failure) [PSYoungGen: 26021175K->578631K(26355712K)] 26515481K->1074561K(29501440K), 0.0895921 secs] [Times: user=4.41 sys=0.00, real=0.09 secs] 
1267.690: [GC (Allocation Failure) [PSYoungGen: 26027079K->581127K(26355712K)] 26523009K->1077689K(29501440K), 0.0902680 secs] [Times: user=4.60 sys=0.01, real=0.09 secs] 
1286.176: [GC (Allocation Failure) [PSYoungGen: 26029575K->581767K(26355712K)] 26526137K->1078937K(29501440K), 0.0990220 secs] [Times: user=4.55 sys=0.00, real=0.10 secs] 
1304.550: [GC (Allocation Failure) [PSYoungGen: 26030215K->582791K(26355712K)] 26527385K->1080625K(29501440K), 0.0929684 secs] [Times: user=4.82 sys=0.01, real=0.10 secs] 
1322.892: [GC (Allocation Failure) [PSYoungGen: 26031239K->580568K(26355712K)] 26529073K->1079034K(29501440K), 0.0926249 secs] [Times: user=4.77 sys=0.00, real=0.10 secs] 
1340.573: [GC (Allocation Failure) [PSYoungGen: 26029016K->594108K(26355712K)] 26527482K->1093158K(29501440K), 0.0992929 secs] [Times: user=4.66 sys=0.01, real=0.10 secs] 
1357.330: [GC (Allocation Failure) [PSYoungGen: 26042556K->587197K(26355712K)] 26541606K->1086855K(29501440K), 0.0967706 secs] [Times: user=4.73 sys=0.01, real=0.10 secs] 
1374.176: [GC (Allocation Failure) [PSYoungGen: 26035645K->579096K(26355712K)] 26535303K->1079338K(29501440K), 0.0912652 secs] [Times: user=4.48 sys=0.00, real=0.09 secs] 
1390.891: [GC (Allocation Failure) [PSYoungGen: 26027544K->586909K(26355712K)] 26527786K->1087759K(29501440K), 0.0946755 secs] [Times: user=4.59 sys=0.01, real=0.10 secs] 
1406.806: [GC (Allocation Failure) [PSYoungGen: 26035357K->579896K(26355712K)] 26536207K->1081442K(29501440K), 0.0947675 secs] [Times: user=4.39 sys=0.01, real=0.09 secs] 
1422.117: [GC (Allocation Failure) [PSYoungGen: 26028344K->580760K(26355712K)] 26529890K->1082906K(29501440K), 0.0985511 secs] [Times: user=4.66 sys=0.00, real=0.10 secs] 
1437.555: [GC (Allocation Failure) [PSYoungGen: 26029208K->586008K(26355712K)] 26531354K->1088834K(29501440K), 0.0945072 secs] [Times: user=4.62 sys=0.00, real=0.09 secs] 
1452.865: [GC (Allocation Failure) [PSYoungGen: 26034456K->582088K(26355712K)] 26537282K->1085546K(29501440K), 0.0968234 secs] [Times: user=4.72 sys=0.00, real=0.09 secs] 
1467.750: [GC (Allocation Failure) [PSYoungGen: 26030536K->592184K(26355712K)] 26533994K->1096258K(29501440K), 0.0936700 secs] [Times: user=4.77 sys=0.00, real=0.10 secs] 
1481.941: [GC (Allocation Failure) [PSYoungGen: 26040632K->580520K(26355712K)] 26544706K->1085258K(29501440K), 0.0913820 secs] [Times: user=4.57 sys=0.00, real=0.10 secs] 
1496.144: [GC (Allocation Failure) [PSYoungGen: 26028968K->583048K(26355712K)] 26533706K->1088530K(29501440K), 0.0949150 secs] [Times: user=4.55 sys=0.01, real=0.09 secs] 
1510.242: [GC (Allocation Failure) [PSYoungGen: 26031496K->597505K(26355712K)] 26536978K->1103588K(29501440K), 0.0939347 secs] [Times: user=4.70 sys=0.01, real=0.10 secs] 
1524.414: [GC (Allocation Failure) [PSYoungGen: 26045953K->594120K(26355712K)] 26552036K->1100866K(29501440K), 0.0907938 secs] [Times: user=4.59 sys=0.01, real=0.09 secs] 
1537.782: [GC (Allocation Failure) [PSYoungGen: 26042568K->587804K(26355712K)] 26549314K->1095198K(29501440K), 0.0886749 secs] [Times: user=4.58 sys=0.00, real=0.09 secs] 
1551.005: [GC (Allocation Failure) [PSYoungGen: 26036252K->581095K(26355712K)] 26543646K->1090466K(29501440K), 0.0908679 secs] [Times: user=4.44 sys=0.01, real=0.09 secs] 
1564.247: [GC (Allocation Failure) [PSYoungGen: 26029543K->591144K(26355712K)] 26538914K->1101227K(29501440K), 0.0921391 secs] [Times: user=4.67 sys=0.00, real=0.09 secs] 
1577.397: [GC (Allocation Failure) [PSYoungGen: 26039592K->587512K(26355712K)] 26549675K->1098291K(29501440K), 0.0904622 secs] [Times: user=4.61 sys=0.00, real=0.09 secs] 
1590.624: [GC (Allocation Failure) [PSYoungGen: 26035960K->602056K(26355712K)] 26546739K->1113579K(29501440K), 0.0926205 secs] [Times: user=4.66 sys=0.00, real=0.09 secs] 
1603.172: [GC (Allocation Failure) [PSYoungGen: 26050504K->585272K(26355712K)] 26562027K->1097491K(29501440K), 0.0901355 secs] [Times: user=4.73 sys=0.00, real=0.09 secs] 
1615.618: [GC (Allocation Failure) [PSYoungGen: 26033720K->610700K(26355712K)] 26545939K->1123816K(29501440K), 0.0993387 secs] [Times: user=4.85 sys=0.00, real=0.10 secs] 
1628.024: [GC (Allocation Failure) [PSYoungGen: 26059148K->582552K(26355712K)] 26572264K->1096411K(29501440K), 0.0874187 secs] [Times: user=4.42 sys=0.00, real=0.08 secs] 
1640.398: [GC (Allocation Failure) [PSYoungGen: 26031000K->605633K(26355712K)] 26544859K->1120181K(29501440K), 0.0936519 secs] [Times: user=4.62 sys=0.00, real=0.09 secs] 
1652.868: [GC (Allocation Failure) [PSYoungGen: 26054081K->585180K(26355712K)] 26568629K->1101024K(29501440K), 0.0966750 secs] [Times: user=4.56 sys=0.00, real=0.10 secs] 
1664.798: [GC (Allocation Failure) [PSYoungGen: 26033628K->585724K(26355712K)] 26549472K->1102304K(29501440K), 0.0985885 secs] [Times: user=4.85 sys=0.01, real=0.10 secs] 
1676.512: [GC (Allocation Failure) [PSYoungGen: 26034172K->605489K(26355712K)] 26550752K->1122869K(29501440K), 0.0896103 secs] [Times: user=4.62 sys=0.00, real=0.09 secs] 
1688.290: [GC (Allocation Failure) [PSYoungGen: 26053937K->587703K(26355712K)] 26571317K->1105803K(29501440K), 0.0915129 secs] [Times: user=4.51 sys=0.01, real=0.09 secs] 
1700.152: [GC (Allocation Failure) [PSYoungGen: 26036151K->585255K(26355712K)] 26554251K->1104067K(29501440K), 0.0954775 secs] [Times: user=4.59 sys=0.01, real=0.09 secs] 
1711.835: [GC (Allocation Failure) [PSYoungGen: 26033703K->582791K(26355712K)] 26552515K->1102315K(29501440K), 0.0887343 secs] [Times: user=4.53 sys=0.00, real=0.09 secs] 
1723.593: [GC (Allocation Failure) [PSYoungGen: 26031239K->598044K(26355712K)] 26550763K->1118328K(29501440K), 0.0943875 secs] [Times: user=4.61 sys=0.01, real=0.09 secs] 
1734.665: [GC (Allocation Failure) [PSYoungGen: 26046492K->602427K(26355712K)] 26566776K->1123463K(29501440K), 0.0923677 secs] [Times: user=4.90 sys=0.00, real=0.09 secs] 
1745.818: [GC (Allocation Failure) [PSYoungGen: 26050875K->591324K(26355712K)] 26571911K->1113080K(29501440K), 0.0948649 secs] [Times: user=4.81 sys=0.00, real=0.10 secs] 
1756.881: [GC (Allocation Failure) [PSYoungGen: 26039772K->593468K(26355712K)] 26561528K->1116024K(29501440K), 0.0895149 secs] [Times: user=4.58 sys=0.00, real=0.09 secs] 
1768.032: [GC (Allocation Failure) [PSYoungGen: 26041916K->589197K(26355712K)] 26564472K->1112481K(29501440K), 0.0957817 secs] [Times: user=4.65 sys=0.00, real=0.09 secs] 
1779.150: [GC (Allocation Failure) [PSYoungGen: 26037645K->592012K(26355712K)] 26560929K->1116088K(29501440K), 0.0997749 secs] [Times: user=4.55 sys=0.00, real=0.10 secs] 
1790.392: [GC (Allocation Failure) [PSYoungGen: 26040460K->605650K(26355712K)] 26564536K->1130503K(29501440K), 0.0903721 secs] [Times: user=4.68 sys=0.01, real=0.10 secs] 
1801.023: [GC (Allocation Failure) [PSYoungGen: 26054098K->603696K(26355712K)] 26578951K->1129292K(29501440K), 0.0986456 secs] [Times: user=5.13 sys=0.01, real=0.09 secs] 
1811.668: [GC (Allocation Failure) [PSYoungGen: 26052144K->615067K(26355712K)] 26577740K->1141407K(29501440K), 0.0922879 secs] [Times: user=4.63 sys=0.01, real=0.09 secs] 
1822.270: [GC (Allocation Failure) [PSYoungGen: 26063515K->592551K(26355712K)] 26589855K->1119564K(29501440K), 0.0901205 secs] [Times: user=4.67 sys=0.00, real=0.09 secs] 
1832.883: [GC (Allocation Failure) [PSYoungGen: 26040999K->593191K(26355712K)] 26568012K->1120908K(29501440K), 0.1036102 secs] [Times: user=4.78 sys=0.01, real=0.10 secs] 
1843.368: [GC (Allocation Failure) [PSYoungGen: 26041639K->591431K(26355712K)] 26569356K->1119900K(29501440K), 0.0907068 secs] [Times: user=4.61 sys=0.00, real=0.09 secs] 
1853.887: [GC (Allocation Failure) [PSYoungGen: 26039879K->588572K(26355712K)] 26568348K->1117768K(29501440K), 0.0903347 secs] [Times: user=4.77 sys=0.01, real=0.09 secs] 
1864.227: [GC (Allocation Failure) [PSYoungGen: 26037020K->591272K(26355712K)] 26566216K->1121236K(29501440K), 0.0921580 secs] [Times: user=4.70 sys=0.00, real=0.09 secs] 
1874.256: [GC (Allocation Failure) [PSYoungGen: 26039720K->593959K(26355712K)] 26569684K->1124716K(29501440K), 0.0939198 secs] [Times: user=4.80 sys=0.00, real=0.09 secs] 
1884.261: [GC (Allocation Failure) [PSYoungGen: 26042407K->596359K(26355712K)] 26573164K->1127748K(29501440K), 0.0928508 secs] [Times: user=4.74 sys=0.01, real=0.10 secs] 
1894.281: [GC (Allocation Failure) [PSYoungGen: 26044807K->610113K(26355712K)] 26576196K->1142373K(29501440K), 0.0944709 secs] [Times: user=4.87 sys=0.01, real=0.10 secs] 
1904.468: [GC (Allocation Failure) [PSYoungGen: 26058561K->597319K(26355712K)] 26590821K->1130332K(29501440K), 0.0936687 secs] [Times: user=4.83 sys=0.00, real=0.09 secs] 
1914.463: [GC (Allocation Failure) [PSYoungGen: 26045767K->612354K(26355712K)] 26578780K->1146286K(29501440K), 0.0960489 secs] [Times: user=4.73 sys=0.00, real=0.09 secs] 
1924.596: [GC (Allocation Failure) [PSYoungGen: 26060802K->624918K(26355712K)] 26594734K->1159514K(29501440K), 0.0952744 secs] [Times: user=4.82 sys=0.01, real=0.09 secs] 
1934.299: [GC (Allocation Failure) [PSYoungGen: 26073366K->599821K(26355712K)] 26607962K->1135273K(29501440K), 0.0951695 secs] [Times: user=4.53 sys=0.00, real=0.10 secs] 
1943.888: [GC (Allocation Failure) [PSYoungGen: 26048269K->596300K(26355712K)] 26583721K->1132432K(29501440K), 0.0923007 secs] [Times: user=4.77 sys=0.00, real=0.09 secs] 
1953.506: [GC (Allocation Failure) [PSYoungGen: 26044748K->603447K(26355712K)] 26580880K->1140340K(29501440K), 0.0943816 secs] [Times: user=4.76 sys=0.00, real=0.09 secs] 
1963.283: [GC (Allocation Failure) [PSYoungGen: 26051895K->598599K(26355712K)] 26588788K->1136284K(29501440K), 0.0929139 secs] [Times: user=4.62 sys=0.00, real=0.09 secs] 
1972.908: [GC (Allocation Failure) [PSYoungGen: 26047047K->592103K(26355712K)] 26584732K->1130508K(29501440K), 0.0919039 secs] [Times: user=4.63 sys=0.01, real=0.09 secs] 
1982.555: [GC (Allocation Failure) [PSYoungGen: 26040551K->601415K(26355712K)] 26578956K->1140492K(29501440K), 0.0924022 secs] [Times: user=4.75 sys=0.00, real=0.09 secs] 
1991.915: [GC (Allocation Failure) [PSYoungGen: 26049863K->585959K(26355712K)] 26588940K->1125756K(29501440K), 0.0899588 secs] [Times: user=4.51 sys=0.00, real=0.09 secs] 
2001.092: [GC (Allocation Failure) [PSYoungGen: 26034407K->597367K(26355712K)] 26574204K->1137876K(29501440K), 0.0891973 secs] [Times: user=4.55 sys=0.00, real=0.09 secs] 
2010.243: [GC (Allocation Failure) [PSYoungGen: 26045815K->600924K(26355712K)] 26586324K->1142217K(29501440K), 0.0991037 secs] [Times: user=4.86 sys=0.00, real=0.10 secs] 
2019.468: [GC (Allocation Failure) [PSYoungGen: 26049372K->604460K(26355712K)] 26590665K->1146537K(29501440K), 0.1000807 secs] [Times: user=4.91 sys=0.01, real=0.10 secs] 
2028.611: [GC (Allocation Failure) [PSYoungGen: 26052908K->617437K(26355712K)] 26594985K->1160193K(29501440K), 0.0933242 secs] [Times: user=4.88 sys=0.00, real=0.10 secs] 
2037.997: [GC (Allocation Failure) [PSYoungGen: 26065885K->595127K(26355712K)] 26608641K->1138476K(29501440K), 0.0941533 secs] [Times: user=4.88 sys=0.00, real=0.09 secs] 
2047.343: [GC (Allocation Failure) [PSYoungGen: 26043575K->612754K(26355712K)] 26586924K->1156766K(29501440K), 0.1002795 secs] [Times: user=4.79 sys=0.01, real=0.10 secs] 
2056.371: [GC (Allocation Failure) [PSYoungGen: 26061202K->613633K(26355712K)] 26605214K->1158286K(29501440K), 0.0941171 secs] [Times: user=4.87 sys=0.01, real=0.10 secs] 
2065.233: [GC (Allocation Failure) [PSYoungGen: 26062081K->612177K(26355712K)] 26606734K->1157493K(29501440K), 0.0954140 secs] [Times: user=4.87 sys=0.01, real=0.09 secs] 
2074.078: [GC (Allocation Failure) [PSYoungGen: 26060625K->591479K(26355712K)] 26605941K->1137460K(29501440K), 0.0923892 secs] [Times: user=4.51 sys=0.00, real=0.09 secs] 
2082.903: [GC (Allocation Failure) [PSYoungGen: 26039927K->598379K(26355712K)] 26585908K->1145104K(29501440K), 0.0920484 secs] [Times: user=4.74 sys=0.00, real=0.09 secs] 
2091.642: [GC (Allocation Failure) [PSYoungGen: 26046827K->622081K(26355712K)] 26593552K->1169421K(29501440K), 0.0962971 secs] [Times: user=4.85 sys=0.01, real=0.09 secs] 
2100.316: [GC (Allocation Failure) [PSYoungGen: 26070529K->598839K(26355712K)] 26617869K->1146884K(29501440K), 0.0929196 secs] [Times: user=4.82 sys=0.01, real=0.09 secs] 
2109.073: [GC (Allocation Failure) [PSYoungGen: 26047287K->607907K(26355712K)] 26595332K->1156624K(29501440K), 0.0933307 secs] [Times: user=4.94 sys=0.01, real=0.09 secs] 
2117.983: [GC (Allocation Failure) [PSYoungGen: 26056355K->601020K(26355712K)] 26605072K->1150296K(29501440K), 0.0947892 secs] [Times: user=4.83 sys=0.00, real=0.09 secs] 
2126.617: [GC (Allocation Failure) [PSYoungGen: 26049468K->610423K(26355712K)] 26598744K->1160468K(29501440K), 0.0959562 secs] [Times: user=4.67 sys=0.00, real=0.10 secs] 
2135.212: [GC (Allocation Failure) [PSYoungGen: 26058871K->599194K(26355712K)] 26608916K->1149854K(29501440K), 0.0919334 secs] [Times: user=4.67 sys=0.01, real=0.09 secs] 
2143.559: [GC (Allocation Failure) [PSYoungGen: 26047642K->618108K(26355712K)] 26598302K->1169401K(29501440K), 0.0944236 secs] [Times: user=4.92 sys=0.01, real=0.10 secs] 
2152.236: [GC (Allocation Failure) [PSYoungGen: 26066556K->601095K(26355712K)] 26617849K->1153068K(29501440K), 0.0934860 secs] [Times: user=4.61 sys=0.00, real=0.09 secs] 
2160.670: [GC (Allocation Failure) [PSYoungGen: 26049543K->628480K(26355712K)] 26601516K->1181189K(29501440K), 0.1009399 secs] [Times: user=4.63 sys=0.01, real=0.10 secs] 
2169.207: [GC (Allocation Failure) [PSYoungGen: 26076928K->606461K(26355712K)] 26629637K->1159777K(29501440K), 0.0913056 secs] [Times: user=4.61 sys=0.00, real=0.09 secs] 
2177.614: [GC (Allocation Failure) [PSYoungGen: 26054909K->629473K(26355712K)] 26608225K->1183358K(29501440K), 0.1006275 secs] [Times: user=4.82 sys=0.00, real=0.10 secs] 
2186.081: [GC (Allocation Failure) [PSYoungGen: 26077921K->600887K(26355712K)] 26631806K->1155388K(29501440K), 0.0953068 secs] [Times: user=4.71 sys=0.01, real=0.10 secs] 
2194.322: [GC (Allocation Failure) [PSYoungGen: 26049335K->607927K(26355712K)] 26603836K->1163060K(29501440K), 0.0963830 secs] [Times: user=4.65 sys=0.01, real=0.09 secs] 
2202.500: [GC (Allocation Failure) [PSYoungGen: 26056375K->606631K(26355712K)] 26611508K->1162428K(29501440K), 0.0926880 secs] [Times: user=4.70 sys=0.00, real=0.10 secs] 
2210.562: [GC (Allocation Failure) [PSYoungGen: 26055079K->629142K(26355712K)] 26610876K->1185586K(29501440K), 0.0950636 secs] [Times: user=4.77 sys=0.01, real=0.10 secs] 
2218.730: [GC (Allocation Failure) [PSYoungGen: 26077590K->638572K(26355712K)] 26634034K->1195577K(29501440K), 0.0918312 secs] [Times: user=4.89 sys=0.00, real=0.10 secs] 
2226.851: [GC (Allocation Failure) [PSYoungGen: 26087020K->591943K(26355712K)] 26644025K->1149524K(29501440K), 0.0932650 secs] [Times: user=4.73 sys=0.01, real=0.10 secs] 
2235.136: [GC (Allocation Failure) [PSYoungGen: 26040391K->610897K(26355712K)] 26597972K->1169053K(29501440K), 0.0917132 secs] [Times: user=4.78 sys=0.00, real=0.09 secs] 
2243.272: [GC (Allocation Failure) [PSYoungGen: 26059345K->599335K(26355712K)] 26617501K->1158084K(29501440K), 0.0975662 secs] [Times: user=4.90 sys=0.00, real=0.10 secs] 
2251.413: [GC (Allocation Failure) [PSYoungGen: 26047783K->611772K(26355712K)] 26606532K->1171072K(29501440K), 0.0950182 secs] [Times: user=4.77 sys=0.01, real=0.09 secs] 
2259.415: [GC (Allocation Failure) [PSYoungGen: 26060220K->612273K(26355712K)] 26619520K->1172190K(29501440K), 0.0896847 secs] [Times: user=4.70 sys=0.01, real=0.09 secs] 
2267.343: [GC (Allocation Failure) [PSYoungGen: 26060721K->605895K(26355712K)] 26620638K->1166420K(29501440K), 0.0911502 secs] [Times: user=4.59 sys=0.00, real=0.09 secs] 
2275.108: [GC (Allocation Failure) [PSYoungGen: 26054343K->595719K(26355712K)] 26614868K->1156828K(29501440K), 0.0945823 secs] [Times: user=4.64 sys=0.00, real=0.10 secs] 
2282.957: [GC (Allocation Failure) [PSYoungGen: 26044167K->599655K(26355712K)] 26605276K->1161412K(29501440K), 0.0944941 secs] [Times: user=4.38 sys=0.00, real=0.09 secs] 
2290.723: [GC (Allocation Failure) [PSYoungGen: 26048103K->618732K(26355712K)] 26609860K->1181072K(29501440K), 0.0999268 secs] [Times: user=5.00 sys=0.00, real=0.10 secs] 
2298.505: [GC (Allocation Failure) [PSYoungGen: 26067180K->611207K(26355712K)] 26629520K->1174124K(29501440K), 0.0992561 secs] [Times: user=4.98 sys=0.00, real=0.10 secs] 
2306.295: [GC (Allocation Failure) [PSYoungGen: 26059655K->600615K(26355712K)] 26622572K->1164212K(29501440K), 0.0979300 secs] [Times: user=4.85 sys=0.00, real=0.10 secs] 
2314.058: [GC (Allocation Failure) [PSYoungGen: 26049063K->612679K(26355712K)] 26612660K->1176844K(29501440K), 0.0932859 secs] [Times: user=4.76 sys=0.01, real=0.09 secs] 
2321.719: [GC (Allocation Failure) [PSYoungGen: 26061127K->626415K(26355712K)] 26625292K->1191203K(29501440K), 0.0952956 secs] [Times: user=4.79 sys=0.00, real=0.10 secs] 
2329.351: [GC (Allocation Failure) [PSYoungGen: 26074863K->619836K(26355712K)] 26639651K->1185168K(29501440K), 0.0955928 secs] [Times: user=5.02 sys=0.01, real=0.10 secs] 
2336.931: [GC (Allocation Failure) [PSYoungGen: 26068284K->605056K(26355712K)] 26633616K->1170997K(29501440K), 0.1003058 secs] [Times: user=4.83 sys=0.01, real=0.10 secs] 
2344.650: [GC (Allocation Failure) [PSYoungGen: 26053504K->612775K(26355712K)] 26619445K->1179332K(29501440K), 0.0951765 secs] [Times: user=4.78 sys=0.00, real=0.10 secs] 
2352.251: [GC (Allocation Failure) [PSYoungGen: 26061223K->607084K(26355712K)] 26627780K->1174169K(29501440K), 0.0992361 secs] [Times: user=4.91 sys=0.01, real=0.10 secs] 
2359.943: [GC (Allocation Failure) [PSYoungGen: 26055532K->613788K(26355712K)] 26622617K->1181417K(29501440K), 0.0989138 secs] [Times: user=4.94 sys=0.00, real=0.09 secs] 
2367.627: [GC (Allocation Failure) [PSYoungGen: 26062236K->614375K(26355712K)] 26629865K->1182612K(29501440K), 0.0930464 secs] [Times: user=4.62 sys=0.00, real=0.09 secs] 
2375.222: [GC (Allocation Failure) [PSYoungGen: 26062823K->621260K(26355712K)] 26631060K->1190040K(29501440K), 0.0978380 secs] [Times: user=4.94 sys=0.00, real=0.10 secs] 
2382.880: [GC (Allocation Failure) [PSYoungGen: 26069708K->597511K(26355712K)] 26638488K->1166836K(29501440K), 0.0967692 secs] [Times: user=4.65 sys=0.00, real=0.10 secs] 
2390.442: [GC (Allocation Failure) [PSYoungGen: 26045959K->610812K(26355712K)] 26615284K->1180744K(29501440K), 0.0977895 secs] [Times: user=4.67 sys=0.00, real=0.10 secs] 
2397.779: [GC (Allocation Failure) [PSYoungGen: 26059260K->587399K(26355712K)] 26629192K->1157908K(29501440K), 0.0896180 secs] [Times: user=4.73 sys=0.00, real=0.09 secs] 
2405.223: [GC (Allocation Failure) [PSYoungGen: 26035847K->605756K(26355712K)] 26606356K->1176816K(29501440K), 0.0952977 secs] [Times: user=4.97 sys=0.00, real=0.09 secs] 
2412.541: [GC (Allocation Failure) [PSYoungGen: 26054204K->614961K(26355712K)] 26625264K->1186605K(29501440K), 0.0921693 secs] [Times: user=4.79 sys=0.01, real=0.10 secs] 
2419.818: [GC (Allocation Failure) [PSYoungGen: 26063409K->597849K(26355712K)] 26635053K->1169997K(29501440K), 0.0942401 secs] [Times: user=4.76 sys=0.00, real=0.10 secs] 
2427.172: [GC (Allocation Failure) [PSYoungGen: 26046297K->616305K(26355712K)] 26618445K->1189013K(29501440K), 0.0977088 secs] [Times: user=5.00 sys=0.00, real=0.09 secs] 
2434.530: [GC (Allocation Failure) [PSYoungGen: 26064753K->620171K(26355712K)] 26637461K->1193399K(29501440K), 0.0954404 secs] [Times: user=4.78 sys=0.00, real=0.10 secs] 
2441.984: [GC (Allocation Failure) [PSYoungGen: 26068619K->613612K(26355712K)] 26641847K->1187488K(29501440K), 0.0940960 secs] [Times: user=4.71 sys=0.00, real=0.09 secs] 
2449.222: [GC (Allocation Failure) [PSYoungGen: 26062060K->611271K(26355712K)] 26635936K->1185756K(29501440K), 0.0993847 secs] [Times: user=4.82 sys=0.00, real=0.09 secs] 
2456.448: [GC (Allocation Failure) [PSYoungGen: 26059719K->617500K(26355712K)] 26634204K->1192513K(29501440K), 0.0934946 secs] [Times: user=4.76 sys=0.00, real=0.09 secs] 
2463.601: [GC (Allocation Failure) [PSYoungGen: 26065948K->629778K(26355712K)] 26640961K->1205422K(29501440K), 0.1007539 secs] [Times: user=4.80 sys=0.01, real=0.11 secs] 
2470.701: [GC (Allocation Failure) [PSYoungGen: 26078226K->631948K(26355712K)] 26653870K->1208201K(29501440K), 0.0963221 secs] [Times: user=4.87 sys=0.01, real=0.10 secs] 
2477.789: [GC (Allocation Failure) [PSYoungGen: 26080396K->610172K(26355712K)] 26656649K->1186984K(29501440K), 0.0917440 secs] [Times: user=4.72 sys=0.01, real=0.09 secs] 
2484.840: [GC (Allocation Failure) [PSYoungGen: 26058620K->615100K(26355712K)] 26635432K->1192481K(29501440K), 0.0937615 secs] [Times: user=4.89 sys=0.01, real=0.10 secs] 
2491.952: [GC (Allocation Failure) [PSYoungGen: 26063548K->601978K(26355712K)] 26640929K->1179911K(29501440K), 0.0957493 secs] [Times: user=4.82 sys=0.00, real=0.09 secs] 
2498.945: [GC (Allocation Failure) [PSYoungGen: 26050426K->619815K(26355712K)] 26628359K->1198324K(29501440K), 0.0967461 secs] [Times: user=4.86 sys=0.00, real=0.09 secs] 
2505.926: [GC (Allocation Failure) [PSYoungGen: 26068263K->602717K(26355712K)] 26646772K->1181817K(29501440K), 0.0958448 secs] [Times: user=4.97 sys=0.00, real=0.09 secs] 
2512.906: [GC (Allocation Failure) [PSYoungGen: 26051165K->614669K(26355712K)] 26630265K->1194297K(29501440K), 0.0909498 secs] [Times: user=4.72 sys=0.00, real=0.09 secs] 
2520.055: [GC (Allocation Failure) [PSYoungGen: 26063117K->615520K(26355712K)] 26642745K->1195773K(29501440K), 0.0973178 secs] [Times: user=4.59 sys=0.00, real=0.10 secs] 
2526.959: [GC (Allocation Failure) [PSYoungGen: 26063968K->606700K(26355712K)] 26644221K->1187585K(29501440K), 0.0954936 secs] [Times: user=4.95 sys=0.01, real=0.10 secs] 
2533.737: [GC (Allocation Failure) [PSYoungGen: 26055148K->652633K(26355712K)] 26636033K->1234117K(29501440K), 0.1027595 secs] [Times: user=4.89 sys=0.01, real=0.10 secs] 
2540.617: [GC (Allocation Failure) [PSYoungGen: 26101081K->648305K(26355712K)] 26682565K->1230334K(29501440K), 0.0928944 secs] [Times: user=4.95 sys=0.01, real=0.09 secs] 
2547.458: [GC (Allocation Failure) [PSYoungGen: 26096753K->614967K(26355712K)] 26678782K->1197564K(29501440K), 0.0953002 secs] [Times: user=5.01 sys=0.00, real=0.10 secs] 
2554.219: [GC (Allocation Failure) [PSYoungGen: 26063415K->618893K(26355712K)] 26646012K->1202082K(29501440K), 0.0960373 secs] [Times: user=4.92 sys=0.00, real=0.10 secs] 
2561.205: [GC (Allocation Failure) [PSYoungGen: 26067341K->620204K(26355712K)] 26650530K->1203937K(29501440K), 0.0935479 secs] [Times: user=4.68 sys=0.00, real=0.09 secs] 
2568.083: [GC (Allocation Failure) [PSYoungGen: 26068652K->625756K(26355712K)] 26652385K->1210097K(29501440K), 0.1033159 secs] [Times: user=5.10 sys=0.00, real=0.10 secs] 
2574.931: [GC (Allocation Failure) [PSYoungGen: 26074204K->623021K(26355712K)] 26658545K->1207897K(29501440K), 0.0954294 secs] [Times: user=4.89 sys=0.00, real=0.10 secs] 
2581.923: [GC (Allocation Failure) [PSYoungGen: 26071469K->604860K(26355712K)] 26656345K->1190440K(29501440K), 0.0991222 secs] [Times: user=4.94 sys=0.01, real=0.09 secs] 
2588.674: [GC (Allocation Failure) [PSYoungGen: 26053308K->631879K(26355712K)] 26638888K->1218012K(29501440K), 0.0923250 secs] [Times: user=4.67 sys=0.00, real=0.09 secs] 
2595.483: [GC (Allocation Failure) [PSYoungGen: 26080327K->620574K(26355712K)] 26666460K->1207386K(29501440K), 0.0908362 secs] [Times: user=4.72 sys=0.00, real=0.09 secs] 
2602.154: [GC (Allocation Failure) [PSYoungGen: 26069022K->667570K(26355712K)] 26655834K->1254895K(29501440K), 0.1048636 secs] [Times: user=4.92 sys=0.00, real=0.10 secs] 
2608.925: [GC (Allocation Failure) [PSYoungGen: 26116018K->609116K(26355712K)] 26703343K->1197104K(29501440K), 0.0992168 secs] [Times: user=4.86 sys=0.00, real=0.10 secs] 
2615.600: [GC (Allocation Failure) [PSYoungGen: 26057564K->642807K(26355712K)] 26645552K->1231355K(29501440K), 0.0960037 secs] [Times: user=4.94 sys=0.01, real=0.10 secs] 
2622.243: [GC (Allocation Failure) [PSYoungGen: 26091255K->617757K(26355712K)] 26679803K->1206874K(29501440K), 0.0949513 secs] [Times: user=4.91 sys=0.00, real=0.09 secs] 
2628.848: [GC (Allocation Failure) [PSYoungGen: 26066205K->595399K(26355712K)] 26655322K->1185092K(29501440K), 0.0917286 secs] [Times: user=4.67 sys=0.00, real=0.09 secs] 
2635.481: [GC (Allocation Failure) [PSYoungGen: 26043847K->634540K(26355712K)] 26633540K->1224760K(29501440K), 0.0958341 secs] [Times: user=5.02 sys=0.00, real=0.10 secs] 
2642.088: [GC (Allocation Failure) [PSYoungGen: 26082988K->631692K(26355712K)] 26673208K->1222448K(29501440K), 0.0972755 secs] [Times: user=5.12 sys=0.00, real=0.10 secs] 
2648.680: [GC (Allocation Failure) [PSYoungGen: 26080140K->639888K(26355712K)] 26670896K->1231269K(29501440K), 0.0981064 secs] [Times: user=4.92 sys=0.00, real=0.10 secs] 
2655.307: [GC (Allocation Failure) [PSYoungGen: 26088336K->623041K(26355712K)] 26679717K->1214998K(29501440K), 0.0958481 secs] [Times: user=4.91 sys=0.00, real=0.10 secs] 
2662.054: [GC (Allocation Failure) [PSYoungGen: 26071489K->614839K(26355712K)] 26663446K->1207348K(29501440K), 0.1043193 secs] [Times: user=4.83 sys=0.00, real=0.10 secs] 
2668.548: [GC (Allocation Failure) [PSYoungGen: 26063287K->632225K(26355712K)] 26655796K->1225341K(29501440K), 0.1023021 secs] [Times: user=4.87 sys=0.00, real=0.10 secs] 
2675.038: [GC (Allocation Failure) [PSYoungGen: 26080673K->619111K(26355712K)] 26673789K->1212820K(29501440K), 0.1004929 secs] [Times: user=4.62 sys=0.01, real=0.10 secs] 
2681.440: [GC (Allocation Failure) [PSYoungGen: 26067559K->628908K(26355712K)] 26661268K->1223160K(29501440K), 0.0933533 secs] [Times: user=4.83 sys=0.00, real=0.10 secs] 
2687.985: [GC (Allocation Failure) [PSYoungGen: 26077356K->609671K(26355712K)] 26671608K->1204484K(29501440K), 0.1041068 secs] [Times: user=4.79 sys=0.00, real=0.10 secs] 
2694.417: [GC (Allocation Failure) [PSYoungGen: 26058119K->632460K(26355712K)] 26652932K->1227817K(29501440K), 0.0955216 secs] [Times: user=4.71 sys=0.01, real=0.10 secs] 
2700.752: [GC (Allocation Failure) [PSYoungGen: 26080908K->652950K(26355712K)] 26676265K->1248906K(29501440K), 0.1082007 secs] [Times: user=5.22 sys=0.01, real=0.10 secs] 
2707.272: [GC (Allocation Failure) [PSYoungGen: 26101398K->633040K(26355712K)] 26697354K->1229501K(29501440K), 0.0984059 secs] [Times: user=4.70 sys=0.00, real=0.10 secs] 
2713.650: [GC (Allocation Failure) [PSYoungGen: 26081488K->640540K(26355712K)] 26677949K->1237608K(29501440K), 0.1017106 secs] [Times: user=4.77 sys=0.01, real=0.10 secs] 
2720.157: [GC (Allocation Failure) [PSYoungGen: 26088988K->641111K(26355712K)] 26686056K->1238763K(29501440K), 0.0940349 secs] [Times: user=4.93 sys=0.01, real=0.09 secs] 
2726.622: [GC (Allocation Failure) [PSYoungGen: 26089559K->635597K(26355712K)] 26687211K->1233761K(29501440K), 0.0995993 secs] [Times: user=5.07 sys=0.00, real=0.09 secs] 
2733.121: [GC (Allocation Failure) [PSYoungGen: 26084045K->627772K(26355712K)] 26682209K->1226552K(29501440K), 0.1109025 secs] [Times: user=4.79 sys=0.00, real=0.12 secs] 
2739.404: [GC (Allocation Failure) [PSYoungGen: 26076220K->629148K(26355712K)] 26675000K->1228465K(29501440K), 0.1004571 secs] [Times: user=5.02 sys=0.00, real=0.10 secs] 
2745.673: [GC (Allocation Failure) [PSYoungGen: 26077596K->640084K(26355712K)] 26676913K->1239928K(29501440K), 0.0966697 secs] [Times: user=4.97 sys=0.00, real=0.09 secs] 
2751.919: [GC (Allocation Failure) [PSYoungGen: 26088532K->614887K(26355712K)] 26688376K->1215276K(29501440K), 0.0922814 secs] [Times: user=4.80 sys=0.01, real=0.09 secs] 
2758.218: [GC (Allocation Failure) [PSYoungGen: 26063335K->612221K(26355712K)] 26663724K->1213209K(29501440K), 0.0996142 secs] [Times: user=4.86 sys=0.01, real=0.10 secs] 
2764.517: [GC (Allocation Failure) [PSYoungGen: 26060669K->636816K(26355712K)] 26661657K->1238397K(29501440K), 0.0991747 secs] [Times: user=5.13 sys=0.01, real=0.10 secs] 
2770.800: [GC (Allocation Failure) [PSYoungGen: 26085264K->614839K(26355712K)] 26686845K->1216948K(29501440K), 0.0958314 secs] [Times: user=4.79 sys=0.01, real=0.10 secs] 
2777.064: [GC (Allocation Failure) [PSYoungGen: 26063287K->640885K(26355712K)] 26665396K->1243538K(29501440K), 0.0954771 secs] [Times: user=4.89 sys=0.01, real=0.09 secs] 
2783.342: [GC (Allocation Failure) [PSYoungGen: 26089333K->627047K(26355712K)] 26691986K->1230299K(29501440K), 0.0952948 secs] [Times: user=4.85 sys=0.00, real=0.09 secs] 
2789.606: [GC (Allocation Failure) [PSYoungGen: 26075495K->625287K(26355712K)] 26678747K->1229124K(29501440K), 0.0956969 secs] [Times: user=4.84 sys=0.00, real=0.09 secs] 
2795.849: [GC (Allocation Failure) [PSYoungGen: 26073735K->599756K(26355712K)] 26677572K->1204161K(29501440K), 0.0894109 secs] [Times: user=4.68 sys=0.00, real=0.09 secs] 
2802.002: [GC (Allocation Failure) [PSYoungGen: 26048204K->632395K(26355712K)] 26652609K->1237391K(29501440K), 0.0986807 secs] [Times: user=4.83 sys=0.00, real=0.09 secs] 
2808.089: [GC (Allocation Failure) [PSYoungGen: 26080843K->618320K(26355712K)] 26685839K->1223852K(29501440K), 0.0948769 secs] [Times: user=4.98 sys=0.00, real=0.10 secs] 
2814.180: [GC (Allocation Failure) [PSYoungGen: 26066768K->626044K(26355712K)] 26672300K->1232112K(29501440K), 0.0970177 secs] [Times: user=4.85 sys=0.00, real=0.10 secs] 
2820.244: [GC (Allocation Failure) [PSYoungGen: 26074492K->616855K(26355712K)] 26680560K->1223492K(29501440K), 0.0935939 secs] [Times: user=4.72 sys=0.00, real=0.09 secs] 
2826.222: [GC (Allocation Failure) [PSYoungGen: 26065303K->610887K(26355712K)] 26671940K->1218108K(29501440K), 0.0926081 secs] [Times: user=4.63 sys=0.00, real=0.10 secs] 
2832.397: [GC (Allocation Failure) [PSYoungGen: 26059335K->621563K(26355712K)] 26666556K->1229344K(29501440K), 0.0939432 secs] [Times: user=4.92 sys=0.00, real=0.09 secs] 
2838.389: [GC (Allocation Failure) [PSYoungGen: 26070011K->620924K(26355712K)] 26677792K->1229232K(29501440K), 0.0959766 secs] [Times: user=5.02 sys=0.00, real=0.10 secs] 
2844.400: [GC (Allocation Failure) [PSYoungGen: 26069372K->630268K(26355712K)] 26677680K->1239089K(29501440K), 0.0949182 secs] [Times: user=5.06 sys=0.00, real=0.10 secs] 
2850.504: [GC (Allocation Failure) [PSYoungGen: 26078716K->641521K(26355712K)] 26687537K->1250869K(29501440K), 0.0965123 secs] [Times: user=4.99 sys=0.00, real=0.09 secs] 
2856.461: [GC (Allocation Failure) [PSYoungGen: 26089969K->662086K(26355712K)] 26699317K->1271979K(29501440K), 0.1039532 secs] [Times: user=5.10 sys=0.00, real=0.11 secs] 
2862.623: [GC (Allocation Failure) [PSYoungGen: 26110534K->629511K(26355712K)] 26720427K->1239964K(29501440K), 0.1008047 secs] [Times: user=4.87 sys=0.00, real=0.10 secs] 
2868.751: [GC (Allocation Failure) [PSYoungGen: 26077959K->634407K(26355712K)] 26688412K->1245388K(29501440K), 0.0955010 secs] [Times: user=4.97 sys=0.01, real=0.10 secs] 
2874.792: [GC (Allocation Failure) [PSYoungGen: 26082855K->622406K(26355712K)] 26693836K->1233898K(29501440K), 0.1031785 secs] [Times: user=5.20 sys=0.01, real=0.11 secs] 
2880.783: [GC (Allocation Failure) [PSYoungGen: 26070854K->648857K(26355712K)] 26682346K->1260854K(29501440K), 0.1041576 secs] [Times: user=5.25 sys=0.01, real=0.10 secs] 
2886.725: [GC (Allocation Failure) [PSYoungGen: 26097305K->639640K(26355712K)] 26709302K->1252157K(29501440K), 0.1003076 secs] [Times: user=5.17 sys=0.00, real=0.10 secs] 
2892.625: [GC (Allocation Failure) [PSYoungGen: 26088088K->636956K(26355712K)] 26700605K->1250000K(29501440K), 0.0954045 secs] [Times: user=5.07 sys=0.00, real=0.09 secs] 
2898.652: [GC (Allocation Failure) [PSYoungGen: 26085404K->646593K(26355712K)] 26698448K->1260214K(29501440K), 0.0967404 secs] [Times: user=4.86 sys=0.00, real=0.10 secs] 
2904.508: [GC (Allocation Failure) [PSYoungGen: 26095041K->648839K(26355712K)] 26708662K->1263020K(29501440K), 0.0983829 secs] [Times: user=5.09 sys=0.00, real=0.10 secs] 
2910.316: [GC (Allocation Failure) [PSYoungGen: 26097287K->623271K(26355712K)] 26711468K->1237972K(29501440K), 0.0986956 secs] [Times: user=4.74 sys=0.00, real=0.10 secs] 
2916.347: [GC (Allocation Failure) [PSYoungGen: 26071719K->632658K(26355712K)] 26686420K->1247894K(29501440K), 0.0959221 secs] [Times: user=4.97 sys=0.00, real=0.10 secs] 
2922.190: [GC (Allocation Failure) [PSYoungGen: 26081106K->614183K(26355712K)] 26696342K->1230012K(29501440K), 0.0937016 secs] [Times: user=4.72 sys=0.01, real=0.10 secs] 
2928.175: [GC (Allocation Failure) [PSYoungGen: 26062631K->629500K(26355712K)] 26678460K->1245849K(29501440K), 0.0958620 secs] [Times: user=4.98 sys=0.00, real=0.09 secs] 
2934.076: [GC (Allocation Failure) [PSYoungGen: 26077948K->613247K(26355712K)] 26694297K->1230132K(29501440K), 0.0938165 secs] [Times: user=4.79 sys=0.01, real=0.09 secs] 
2939.931: [GC (Allocation Failure) [PSYoungGen: 26061695K->609975K(26355712K)] 26678580K->1227404K(29501440K), 0.0946078 secs] [Times: user=4.87 sys=0.00, real=0.10 secs] 
2945.631: [GC (Allocation Failure) [PSYoungGen: 26058423K->663520K(26355712K)] 26675852K->1281509K(29501440K), 0.1016692 secs] [Times: user=4.97 sys=0.01, real=0.11 secs] 
2951.466: [GC (GCLocker Initiated GC) [PSYoungGen: 26111968K->633104K(26355712K)] 26730086K->1251806K(29501440K), 0.1014152 secs] [Times: user=5.06 sys=0.00, real=0.10 secs] 
2957.266: [GC (Allocation Failure) [PSYoungGen: 26081552K->631963K(26355712K)] 26700256K->1251203K(29501440K), 0.0993106 secs] [Times: user=5.06 sys=0.01, real=0.10 secs] 
2963.000: [GC (Allocation Failure) [PSYoungGen: 26080411K->614898K(26355712K)] 26699651K->1234746K(29501440K), 0.0961073 secs] [Times: user=5.03 sys=0.00, real=0.10 secs] 
2968.818: [GC (Allocation Failure) [PSYoungGen: 26063346K->607437K(26355712K)] 26683194K->1227884K(29501440K), 0.0972387 secs] [Times: user=4.66 sys=0.00, real=0.10 secs] 
2974.589: [GC (Allocation Failure) [PSYoungGen: 26055885K->654925K(26355712K)] 26676332K->1275868K(29501440K), 0.1006251 secs] [Times: user=4.97 sys=0.00, real=0.10 secs] 
2980.347: [GC (Allocation Failure) [PSYoungGen: 26103373K->640429K(26355712K)] 26724316K->1261948K(29501440K), 0.1026315 secs] [Times: user=5.21 sys=0.01, real=0.10 secs] 
2986.135: [GC (Allocation Failure) [PSYoungGen: 26088877K->648986K(26355712K)] 26710396K->1271026K(29501440K), 0.1001943 secs] [Times: user=5.08 sys=0.00, real=0.10 secs] 
2991.938: [GC (Allocation Failure) [PSYoungGen: 26097434K->644914K(26355712K)] 26719474K->1267481K(29501440K), 0.0982178 secs] [Times: user=5.14 sys=0.01, real=0.10 secs] 
2997.799: [GC (Allocation Failure) [PSYoungGen: 26093362K->622564K(26355712K)] 26715929K->1245675K(29501440K), 0.1018896 secs] [Times: user=5.11 sys=0.00, real=0.10 secs] 
3003.609: [GC (Allocation Failure) [PSYoungGen: 26071012K->627995K(26355712K)] 26694123K->1251618K(29501440K), 0.0938656 secs] [Times: user=4.85 sys=0.01, real=0.10 secs] 
3009.343: [GC (Allocation Failure) [PSYoungGen: 26076443K->633287K(26355712K)] 26700066K->1257431K(29501440K), 0.1001991 secs] [Times: user=4.70 sys=0.01, real=0.10 secs] 
3015.147: [GC (Allocation Failure) [PSYoungGen: 26081735K->618604K(26355712K)] 26705879K->1243276K(29501440K), 0.0956539 secs] [Times: user=4.73 sys=0.00, real=0.10 secs] 
3020.667: [GC (Allocation Failure) [PSYoungGen: 26067052K->655857K(26355712K)] 26691724K->1281089K(29501440K), 0.1047341 secs] [Times: user=5.28 sys=0.00, real=0.11 secs] 
3026.250: [GC (Allocation Failure) [PSYoungGen: 26104305K->642508K(26355712K)] 26729537K->1268268K(29501440K), 0.1028702 secs] [Times: user=5.07 sys=0.00, real=0.11 secs] 
3031.834: [GC (Allocation Failure) [PSYoungGen: 26090956K->618311K(26355712K)] 26716716K->1244575K(29501440K), 0.0957646 secs] [Times: user=5.06 sys=0.00, real=0.09 secs] 
3037.380: [GC (Allocation Failure) [PSYoungGen: 26066759K->637052K(26355712K)] 26693023K->1264083K(29501440K), 0.0975918 secs] [Times: user=5.16 sys=0.00, real=0.10 secs] 
3042.887: [GC (Allocation Failure) [PSYoungGen: 26085500K->628758K(26355712K)] 26712531K->1256429K(29501440K), 0.1022026 secs] [Times: user=5.09 sys=0.01, real=0.10 secs] 
3048.552: [GC (Allocation Failure) [PSYoungGen: 26077206K->661719K(26355712K)] 26704877K->1289983K(29501440K), 0.1059320 secs] [Times: user=4.77 sys=0.01, real=0.11 secs] 
3054.078: [GC (Allocation Failure) [PSYoungGen: 26110167K->658886K(26355712K)] 26738431K->1287725K(29501440K), 0.0972070 secs] [Times: user=4.88 sys=0.00, real=0.10 secs] 
3059.666: [GC (Allocation Failure) [PSYoungGen: 26107334K->656679K(26355712K)] 26736173K->1286031K(29501440K), 0.1008645 secs] [Times: user=5.09 sys=0.00, real=0.10 secs] 
3065.121: [GC (Allocation Failure) [PSYoungGen: 26105127K->647153K(26355712K)] 26734479K->1277072K(29501440K), 0.0930581 secs] [Times: user=4.90 sys=0.01, real=0.10 secs] 
3070.801: [GC (Allocation Failure) [PSYoungGen: 26095601K->618045K(26355712K)] 26725520K->1248500K(29501440K), 0.0975672 secs] [Times: user=4.96 sys=0.00, real=0.10 secs] 
3076.243: [GC (Allocation Failure) [PSYoungGen: 26066493K->642581K(26355712K)] 26696948K->1273565K(29501440K), 0.0953320 secs] [Times: user=4.87 sys=0.00, real=0.09 secs] 
3081.749: [GC (Allocation Failure) [PSYoungGen: 26091029K->686027K(26355712K)] 26722013K->1317619K(29501440K), 0.1041532 secs] [Times: user=5.00 sys=0.01, real=0.11 secs] 
3087.288: [GC (Allocation Failure) [PSYoungGen: 26134475K->668949K(26355712K)] 26766067K->1301085K(29501440K), 0.1034200 secs] [Times: user=5.26 sys=0.00, real=0.10 secs] 
3092.864: [GC (Allocation Failure) [PSYoungGen: 26117397K->609175K(26355712K)] 26749533K->1241823K(29501440K), 0.0996695 secs] [Times: user=4.98 sys=0.01, real=0.10 secs] 
3098.284: [GC (Allocation Failure) [PSYoungGen: 26057623K->641964K(26355712K)] 26690271K->1275180K(29501440K), 0.0977654 secs] [Times: user=4.89 sys=0.01, real=0.10 secs] 
3103.823: [GC (Allocation Failure) [PSYoungGen: 26090412K->625121K(26355712K)] 26723628K->1258888K(29501440K), 0.0991370 secs] [Times: user=4.99 sys=0.00, real=0.09 secs] 
3109.218: [GC (Allocation Failure) [PSYoungGen: 26073569K->632734K(26355712K)] 26707336K->1267062K(29501440K), 0.1007383 secs] [Times: user=4.92 sys=0.00, real=0.10 secs] 
3114.714: [GC (Allocation Failure) [PSYoungGen: 26081182K->647649K(26355712K)] 26715510K->1282521K(29501440K), 0.1013196 secs] [Times: user=5.19 sys=0.01, real=0.10 secs] 
3120.246: [GC (Allocation Failure) [PSYoungGen: 26096097K->642834K(26355712K)] 26730969K->1278274K(29501440K), 0.1020692 secs] [Times: user=5.16 sys=0.00, real=0.10 secs] 
3125.741: [GC (Allocation Failure) [PSYoungGen: 26091282K->648956K(26355712K)] 26726722K->1284916K(29501440K), 0.0992981 secs] [Times: user=5.10 sys=0.01, real=0.10 secs] 
3131.083: [GC (Allocation Failure) [PSYoungGen: 26097404K->621579K(26355712K)] 26733364K->1258075K(29501440K), 0.0946596 secs] [Times: user=4.87 sys=0.00, real=0.09 secs] 
3136.487: [GC (Allocation Failure) [PSYoungGen: 26070027K->651286K(26355712K)] 26706523K->1288318K(29501440K), 0.1011053 secs] [Times: user=5.09 sys=0.00, real=0.10 secs] 
3141.916: [GC (Allocation Failure) [PSYoungGen: 26099734K->630452K(26355712K)] 26736766K->1268003K(29501440K), 0.0946955 secs] [Times: user=4.78 sys=0.00, real=0.09 secs] 
3147.310: [GC (Allocation Failure) [PSYoungGen: 26078900K->643590K(26355712K)] 26716451K->1281718K(29501440K), 0.0999208 secs] [Times: user=4.92 sys=0.00, real=0.10 secs] 
3152.772: [GC (Allocation Failure) [PSYoungGen: 26092038K->647963K(26355712K)] 26730166K->1286611K(29501440K), 0.1041608 secs] [Times: user=4.89 sys=0.01, real=0.10 secs] 
3158.005: [GC (Allocation Failure) [PSYoungGen: 26096411K->645606K(26355712K)] 26735059K->1284798K(29501440K), 0.0949172 secs] [Times: user=4.99 sys=0.01, real=0.09 secs] 
3163.260: [GC (Allocation Failure) [PSYoungGen: 26094054K->651757K(26355712K)] 26733246K->1291452K(29501440K), 0.0994835 secs] [Times: user=5.02 sys=0.01, real=0.10 secs] 
3168.556: [GC (Allocation Failure) [PSYoungGen: 26100205K->658866K(26355712K)] 26739900K->1299098K(29501440K), 0.1012707 secs] [Times: user=5.16 sys=0.01, real=0.10 secs] 
3173.943: [GC (Allocation Failure) [PSYoungGen: 26107314K->633857K(26355712K)] 26747546K->1274680K(29501440K), 0.1014850 secs] [Times: user=5.06 sys=0.01, real=0.10 secs] 
3179.258: [GC (Allocation Failure) [PSYoungGen: 26082305K->646272K(26355712K)] 26723128K->1287607K(29501440K), 0.0987356 secs] [Times: user=4.85 sys=0.01, real=0.10 secs] 
3184.676: [GC (Allocation Failure) [PSYoungGen: 26094720K->645991K(26355712K)] 26736055K->1287935K(29501440K), 0.0993522 secs] [Times: user=4.83 sys=0.01, real=0.10 secs] 
3190.018: [GC (Allocation Failure) [PSYoungGen: 26094439K->643984K(26355712K)] 26736383K->1286455K(29501440K), 0.1021550 secs] [Times: user=5.36 sys=0.00, real=0.10 secs] 
3195.474: [GC (Allocation Failure) [PSYoungGen: 26092404K->662028K(26355712K)] 26734875K->1305044K(29501440K), 0.1030947 secs] [Times: user=5.26 sys=0.00, real=0.10 secs] 
3200.749: [GC (Allocation Failure) [PSYoungGen: 26110476K->661586K(26355712K)] 26753492K->1305145K(29501440K), 0.1013749 secs] [Times: user=5.11 sys=0.00, real=0.10 secs] 
3206.178: [GC (Allocation Failure) [PSYoungGen: 26110034K->633580K(26355712K)] 26753593K->1277668K(29501440K), 0.1004864 secs] [Times: user=4.79 sys=0.01, real=0.10 secs] 
3211.437: [GC (Allocation Failure) [PSYoungGen: 26082028K->648647K(26355712K)] 26726116K->1293286K(29501440K), 0.0994647 secs] [Times: user=4.93 sys=0.00, real=0.10 secs] 
3216.710: [GC (Allocation Failure) [PSYoungGen: 26097095K->658898K(26355712K)] 26741734K->1304034K(29501440K), 0.1036335 secs] [Times: user=5.21 sys=0.01, real=0.11 secs] 
3222.041: [GC (Allocation Failure) [PSYoungGen: 26107346K->623150K(26355712K)] 26752482K->1268853K(29501440K), 0.0982093 secs] [Times: user=4.89 sys=0.00, real=0.10 secs] 
3227.220: [GC (Allocation Failure) [PSYoungGen: 26071598K->654204K(26355712K)] 26717301K->1300516K(29501440K), 0.0987168 secs] [Times: user=5.02 sys=0.00, real=0.10 secs] 
3232.431: [GC (Allocation Failure) [PSYoungGen: 26102652K->675286K(26355712K)] 26748964K->1322110K(29501440K), 0.0996942 secs] [Times: user=5.02 sys=0.00, real=0.10 secs] 
3237.629: [GC (Allocation Failure) [PSYoungGen: 26123734K->646892K(26355712K)] 26770558K->1294347K(29501440K), 0.0975550 secs] [Times: user=4.87 sys=0.01, real=0.10 secs] 
3242.862: [GC (Allocation Failure) [PSYoungGen: 26095340K->624636K(26355712K)] 26742795K->1272628K(29501440K), 0.0948157 secs] [Times: user=4.82 sys=0.00, real=0.10 secs] 
3248.041: [GC (Allocation Failure) [PSYoungGen: 26073084K->637532K(26355712K)] 26721076K->1286148K(29501440K), 0.1063205 secs] [Times: user=4.96 sys=0.00, real=0.11 secs] 
3253.288: [GC (Allocation Failure) [PSYoungGen: 26085980K->636572K(26355712K)] 26734596K->1285724K(29501440K), 0.1030608 secs] [Times: user=5.20 sys=0.00, real=0.10 secs] 
3258.541: [GC (Allocation Failure) [PSYoungGen: 26085020K->640188K(26355712K)] 26734172K->1289923K(29501440K), 0.1004076 secs] [Times: user=4.99 sys=0.00, real=0.10 secs] 
3263.864: [GC (Allocation Failure) [PSYoungGen: 26088636K->650560K(26355712K)] 26738371K->1300807K(29501440K), 0.0976115 secs] [Times: user=4.99 sys=0.00, real=0.09 secs] 
3269.124: [GC (Allocation Failure) [PSYoungGen: 26099008K->629884K(26355712K)] 26749255K->1280692K(29501440K), 0.0957952 secs] [Times: user=5.09 sys=0.01, real=0.09 secs] 
3274.379: [GC (Allocation Failure) [PSYoungGen: 26078332K->651527K(26355712K)] 26729140K->1302951K(29501440K), 0.1012383 secs] [Times: user=4.68 sys=0.00, real=0.10 secs] 
3279.488: [GC (Allocation Failure) [PSYoungGen: 26099975K->655757K(26355712K)] 26751399K->1307684K(29501440K), 0.1007904 secs] [Times: user=5.07 sys=0.01, real=0.10 secs] 
3284.828: [GC (Allocation Failure) [PSYoungGen: 26104205K->623372K(26355712K)] 26756132K->1275916K(29501440K), 0.1002404 secs] [Times: user=4.99 sys=0.01, real=0.10 secs] 
3289.898: [GC (Allocation Failure) [PSYoungGen: 26071820K->637473K(26355712K)] 26724364K->1290585K(29501440K), 0.0962514 secs] [Times: user=4.95 sys=0.01, real=0.10 secs] 
3294.998: [GC (Allocation Failure) [PSYoungGen: 26085921K->624759K(26355712K)] 26739033K->1278407K(29501440K), 0.0989856 secs] [Times: user=4.63 sys=0.00, real=0.10 secs] 
3300.006: [GC (Allocation Failure) [PSYoungGen: 26073207K->628418K(26355712K)] 26726855K->1282641K(29501440K), 0.0989415 secs] [Times: user=5.12 sys=0.00, real=0.10 secs] 
3305.093: [GC (Allocation Failure) [PSYoungGen: 26076866K->637569K(26355712K)] 26731089K->1292328K(29501440K), 0.0933758 secs] [Times: user=4.99 sys=0.00, real=0.09 secs] 
3310.122: [GC (Allocation Failure) [PSYoungGen: 26086017K->646480K(26355712K)] 26740776K->1301760K(29501440K), 0.0982271 secs] [Times: user=5.05 sys=0.00, real=0.09 secs] 
3315.231: [GC (Allocation Failure) [PSYoungGen: 26094928K->629113K(26355712K)] 26750208K->1284977K(29501440K), 0.0948806 secs] [Times: user=4.81 sys=0.00, real=0.10 secs] 
3320.270: [GC (Allocation Failure) [PSYoungGen: 26077561K->691979K(26355712K)] 26733425K->1348371K(29501440K), 0.1035930 secs] [Times: user=5.31 sys=0.00, real=0.11 secs] 
3325.396: [GC (Allocation Failure) [PSYoungGen: 26140427K->668324K(26355712K)] 26796819K->1325251K(29501440K), 0.1004568 secs] [Times: user=5.10 sys=0.00, real=0.10 secs] 
3330.382: [GC (Allocation Failure) [PSYoungGen: 26116772K->641159K(26355712K)] 26773699K->1298703K(29501440K), 0.1005921 secs] [Times: user=4.81 sys=0.01, real=0.11 secs] 
3335.471: [GC (Allocation Failure) [PSYoungGen: 26089607K->650111K(26355712K)] 26747151K->1308175K(29501440K), 0.1016206 secs] [Times: user=5.03 sys=0.01, real=0.11 secs] 
3340.593: [GC (Allocation Failure) [PSYoungGen: 26098559K->665954K(26355712K)] 26756623K->1324546K(29501440K), 0.0970987 secs] [Times: user=5.01 sys=0.00, real=0.09 secs] 
3345.734: [GC (Allocation Failure) [PSYoungGen: 26114402K->650253K(26355712K)] 26772994K->1309389K(29501440K), 0.0997886 secs] [Times: user=4.89 sys=0.00, real=0.10 secs] 
3350.736: [GC (Allocation Failure) [PSYoungGen: 26098701K->641383K(26355712K)] 26757837K->1301023K(29501440K), 0.1057708 secs] [Times: user=4.83 sys=0.00, real=0.10 secs] 
3355.764: [GC (Allocation Failure) [PSYoungGen: 26089831K->669324K(26355712K)] 26749471K->1329492K(29501440K), 0.0976513 secs] [Times: user=5.11 sys=0.00, real=0.09 secs] 
3360.760: [GC (Allocation Failure) [PSYoungGen: 26117772K->685292K(26355712K)] 26777940K->1345995K(29501440K), 0.1021110 secs] [Times: user=5.27 sys=0.00, real=0.11 secs] 
3365.618: [GC (Allocation Failure) [PSYoungGen: 26133740K->672578K(26355712K)] 26794443K->1333833K(29501440K), 0.1023391 secs] [Times: user=5.08 sys=0.00, real=0.10 secs] 
3370.620: [GC (Allocation Failure) [PSYoungGen: 26121026K->683036K(26355712K)] 26782281K->1344843K(29501440K), 0.1052538 secs] [Times: user=5.32 sys=0.00, real=0.11 secs] 
3375.537: [GC (Allocation Failure) [PSYoungGen: 26131484K->651234K(26355712K)] 26793291K->1313545K(29501440K), 0.0942291 secs] [Times: user=4.99 sys=0.00, real=0.09 secs] 
3380.492: [GC (Allocation Failure) [PSYoungGen: 26099682K->650940K(26355712K)] 26761993K->1313852K(29501440K), 0.1006633 secs] [Times: user=4.99 sys=0.00, real=0.10 secs] 
3385.488: [GC (Allocation Failure) [PSYoungGen: 26099388K->662236K(26355712K)] 26762300K->1325708K(29501440K), 0.1005976 secs] [Times: user=4.90 sys=0.00, real=0.10 secs] 
3390.409: [GC (Allocation Failure) [PSYoungGen: 26110684K->644477K(26355712K)] 26774156K->1308524K(29501440K), 0.1020098 secs] [Times: user=5.03 sys=0.01, real=0.10 secs] 
3395.291: [GC (Allocation Failure) [PSYoungGen: 26092925K->643824K(26355712K)] 26756972K->1308440K(29501440K), 0.0948926 secs] [Times: user=4.93 sys=0.00, real=0.10 secs] 
3400.300: [GC (Allocation Failure) [PSYoungGen: 26092272K->676674K(26355712K)] 26756888K->1341841K(29501440K), 0.1014229 secs] [Times: user=5.01 sys=0.01, real=0.10 secs] 
3405.241: [GC (Allocation Failure) [PSYoungGen: 26125122K->653587K(26355712K)] 26790289K->1319290K(29501440K), 0.0970621 secs] [Times: user=5.09 sys=0.01, real=0.10 secs] 
3410.093: [GC (Allocation Failure) [PSYoungGen: 26102035K->674226K(26355712K)] 26767738K->1340482K(29501440K), 0.1035569 secs] [Times: user=5.19 sys=0.01, real=0.10 secs] 
3415.062: [GC (Allocation Failure) [PSYoungGen: 26122674K->634093K(26355712K)] 26788930K->1300892K(29501440K), 0.0951971 secs] [Times: user=4.78 sys=0.00, real=0.10 secs] 
3420.009: [GC (Allocation Failure) [PSYoungGen: 26082541K->624007K(26355712K)] 26749340K->1291359K(29501440K), 0.0936567 secs] [Times: user=4.85 sys=0.00, real=0.10 secs] 
3424.858: [GC (Allocation Failure) [PSYoungGen: 26072455K->619463K(26355712K)] 26739807K->1287367K(29501440K), 0.0954102 secs] [Times: user=4.84 sys=0.00, real=0.10 secs] 
3429.642: [GC (Allocation Failure) [PSYoungGen: 26067911K->674779K(26355712K)] 26735815K->1343194K(29501440K), 0.0971314 secs] [Times: user=5.26 sys=0.00, real=0.09 secs] 
3434.451: [GC (Allocation Failure) [PSYoungGen: 26123227K->693946K(26355712K)] 26791642K->1362897K(29501440K), 0.1009659 secs] [Times: user=5.29 sys=0.00, real=0.11 secs] 
3439.096: [GC (Allocation Failure) [PSYoungGen: 26142394K->646628K(26355712K)] 26811345K->1316123K(29501440K), 0.1016995 secs] [Times: user=5.16 sys=0.01, real=0.10 secs] 
3443.920: [GC (Allocation Failure) [PSYoungGen: 26095076K->635484K(26355712K)] 26764571K->1306315K(29501440K), 0.0994819 secs] [Times: user=5.19 sys=0.01, real=0.10 secs] 
3448.769: [GC (Allocation Failure) [PSYoungGen: 26083932K->661383K(26355712K)] 26754763K->1332775K(29501440K), 0.1069507 secs] [Times: user=5.38 sys=0.00, real=0.11 secs] 
3453.513: [GC (Allocation Failure) [PSYoungGen: 26109831K->673528K(26355712K)] 26781223K->1345432K(29501440K), 0.1042213 secs] [Times: user=4.81 sys=0.00, real=0.10 secs] 
3458.265: [GC (Allocation Failure) [PSYoungGen: 26121976K->630535K(26355712K)] 26793880K->1302999K(29501440K), 0.0998693 secs] [Times: user=5.00 sys=0.00, real=0.10 secs] 
3463.041: [GC (Allocation Failure) [PSYoungGen: 26078983K->652854K(26355712K)] 26751447K->1325902K(29501440K), 0.1017643 secs] [Times: user=5.02 sys=0.00, real=0.11 secs] 
3467.792: [GC (Allocation Failure) [PSYoungGen: 26101302K->649413K(26355712K)] 26774350K->1322973K(29501440K), 0.1019680 secs] [Times: user=5.14 sys=0.00, real=0.11 secs] 
3472.651: [GC (Allocation Failure) [PSYoungGen: 26097861K->650519K(26355712K)] 26771421K->1324655K(29501440K), 0.1016298 secs] [Times: user=5.03 sys=0.00, real=0.11 secs] 
3477.459: [GC (Allocation Failure) [PSYoungGen: 26098967K->681061K(26355712K)] 26773103K->1355708K(29501440K), 0.0997917 secs] [Times: user=5.30 sys=0.00, real=0.10 secs] 
3482.327: [GC (Allocation Failure) [PSYoungGen: 26129509K->624103K(26355712K)] 26804156K->1299319K(29501440K), 0.0961331 secs] [Times: user=4.91 sys=0.00, real=0.10 secs] 
3486.983: [GC (Allocation Failure) [PSYoungGen: 26072551K->628167K(26355712K)] 26747767K->1303983K(29501440K), 0.1028870 secs] [Times: user=4.92 sys=0.00, real=0.10 secs] 
3491.751: [GC (Allocation Failure) [PSYoungGen: 26076615K->655847K(26355712K)] 26752431K->1332167K(29501440K), 0.0964375 secs] [Times: user=4.94 sys=0.01, real=0.10 secs] 
3496.470: [GC (Allocation Failure) [PSYoungGen: 26104295K->680433K(26355712K)] 26780615K->1357313K(29501440K), 0.1015411 secs] [Times: user=5.12 sys=0.00, real=0.10 secs] 
3501.185: [GC (Allocation Failure) [PSYoungGen: 26128881K->650119K(26355712K)] 26805761K->1327591K(29501440K), 0.0994147 secs] [Times: user=5.03 sys=0.00, real=0.10 secs] 
3505.901: [GC (Allocation Failure) [PSYoungGen: 26098567K->631678K(26355712K)] 26776039K->1310414K(29501440K), 0.0972222 secs] [Times: user=4.90 sys=0.00, real=0.10 secs] 
3510.602: [GC (Allocation Failure) [PSYoungGen: 26080126K->673035K(26355712K)] 26758862K->1352307K(29501440K), 0.1004194 secs] [Times: user=5.29 sys=0.01, real=0.11 secs] 
3515.358: [GC (Allocation Failure) [PSYoungGen: 26121483K->660324K(26355712K)] 26800755K->1340268K(29501440K), 0.0994675 secs] [Times: user=5.06 sys=0.01, real=0.10 secs] 
3520.098: [GC (Allocation Failure) [PSYoungGen: 26108772K->663695K(26355712K)] 26788716K->1344135K(29501440K), 0.0960410 secs] [Times: user=4.96 sys=0.01, real=0.10 secs] 
3524.793: [GC (Allocation Failure) [PSYoungGen: 26112143K->644292K(26355712K)] 26792583K->1325372K(29501440K), 0.1045299 secs] [Times: user=4.90 sys=0.01, real=0.10 secs] 
3529.520: [GC (Allocation Failure) [PSYoungGen: 26092740K->702406K(26355712K)] 26773820K->1384309K(29501440K), 0.1072598 secs] [Times: user=5.35 sys=0.00, real=0.11 secs] 
3534.284: [GC (Allocation Failure) [PSYoungGen: 26150854K->660492K(26355712K)] 26832757K->1342916K(29501440K), 0.0967477 secs] [Times: user=5.05 sys=0.00, real=0.09 secs] 
3539.102: [GC (Allocation Failure) [PSYoungGen: 26108940K->633196K(26355712K)] 26791364K->1316388K(29501440K), 0.0978852 secs] [Times: user=4.73 sys=0.00, real=0.09 secs] 
3543.705: [GC (Allocation Failure) [PSYoungGen: 26081644K->679618K(26355712K)] 26764836K->1363338K(29501440K), 0.0996088 secs] [Times: user=5.17 sys=0.00, real=0.10 secs] 
3548.469: [GC (Allocation Failure) [PSYoungGen: 26128066K->642599K(26355712K)] 26811786K->1326855K(29501440K), 0.1008077 secs] [Times: user=5.10 sys=0.00, real=0.10 secs] 
3553.067: [GC (Allocation Failure) [PSYoungGen: 26091047K->674402K(26355712K)] 26775303K->1359282K(29501440K), 0.0982207 secs] [Times: user=5.12 sys=0.00, real=0.10 secs] 
3557.730: [GC (Allocation Failure) [PSYoungGen: 26122850K->657943K(26355712K)] 26807730K->1343358K(29501440K), 0.0977466 secs] [Times: user=4.96 sys=0.00, real=0.10 secs] 
3562.200: [GC (Allocation Failure) [PSYoungGen: 26106391K->658252K(26355712K)] 26791806K->1344156K(29501440K), 0.1099404 secs] [Times: user=4.94 sys=0.01, real=0.11 secs] 
3566.865: [GC (Allocation Failure) [PSYoungGen: 26106700K->649362K(26355712K)] 26792604K->1335929K(29501440K), 0.1023027 secs] [Times: user=4.76 sys=0.01, real=0.10 secs] 
3571.461: [GC (Allocation Failure) [PSYoungGen: 26097810K->648060K(26355712K)] 26784377K->1335220K(29501440K), 0.0993227 secs] [Times: user=5.08 sys=0.01, real=0.10 secs] 
3576.099: [GC (Allocation Failure) [PSYoungGen: 26096508K->650249K(26355712K)] 26783668K->1337928K(29501440K), 0.1038396 secs] [Times: user=5.09 sys=0.00, real=0.11 secs] 
3580.796: [GC (Allocation Failure) [PSYoungGen: 26098697K->645409K(26355712K)] 26786376K->1333624K(29501440K), 0.0989180 secs] [Times: user=5.21 sys=0.01, real=0.10 secs] 
3585.281: [GC (Allocation Failure) [PSYoungGen: 26093857K->647648K(26355712K)] 26782072K->1336384K(29501440K), 0.0999446 secs] [Times: user=5.19 sys=0.00, real=0.10 secs] 
3589.981: [GC (Allocation Failure) [PSYoungGen: 26096096K->651539K(26355712K)] 26784832K->1340803K(29501440K), 0.0951591 secs] [Times: user=4.91 sys=0.00, real=0.10 secs] 
3594.697: [GC (Allocation Failure) [PSYoungGen: 26099987K->684503K(26355712K)] 26789251K->1374326K(29501440K), 0.1078138 secs] [Times: user=4.99 sys=0.00, real=0.11 secs] 
3599.264: [GC (Allocation Failure) [PSYoungGen: 26132951K->635646K(26355712K)] 26822774K->1325950K(29501440K), 0.1049145 secs] [Times: user=5.00 sys=0.00, real=0.10 secs] 
3604.013: [GC (Allocation Failure) [PSYoungGen: 26084094K->654396K(26355712K)] 26774398K->1345268K(29501440K), 0.1016266 secs] [Times: user=5.12 sys=0.00, real=0.10 secs] 
3608.600: [GC (Allocation Failure) [PSYoungGen: 26102844K->674279K(26355712K)] 26793716K->1365695K(29501440K), 0.0997638 secs] [Times: user=5.10 sys=0.00, real=0.10 secs] 
3613.210: [GC (Allocation Failure) [PSYoungGen: 26122727K->666832K(26355712K)] 26814143K->1358784K(29501440K), 0.1071617 secs] [Times: user=5.22 sys=0.01, real=0.11 secs] 
3617.664: [GC (Allocation Failure) [PSYoungGen: 26115280K->678801K(26355712K)] 26807232K->1371360K(29501440K), 0.0990549 secs] [Times: user=5.16 sys=0.00, real=0.10 secs] 
3622.276: [GC (Allocation Failure) [PSYoungGen: 26127249K->707121K(26355712K)] 26819808K->1400257K(29501440K), 0.1021676 secs] [Times: user=5.29 sys=0.00, real=0.10 secs] 
3626.870: [GC (Allocation Failure) [PSYoungGen: 26155569K->623980K(26355712K)] 26848705K->1317628K(29501440K), 0.1003857 secs] [Times: user=4.96 sys=0.00, real=0.10 secs] 
3631.356: [GC (Allocation Failure) [PSYoungGen: 26072428K->646119K(26355712K)] 26766076K->1340327K(29501440K), 0.0999710 secs] [Times: user=5.10 sys=0.01, real=0.10 secs] 
3635.825: [GC (Allocation Failure) [PSYoungGen: 26094567K->637289K(26355712K)] 26788775K->1332049K(29501440K), 0.0966215 secs] [Times: user=4.91 sys=0.00, real=0.09 secs] 
3640.463: [GC (Allocation Failure) [PSYoungGen: 26085737K->666657K(26355712K)] 26780497K->1361929K(29501440K), 0.0999700 secs] [Times: user=4.94 sys=0.01, real=0.10 secs] 
3645.023: [GC (Allocation Failure) [PSYoungGen: 26115105K->634087K(26355712K)] 26810377K->1329959K(29501440K), 0.1006957 secs] [Times: user=5.06 sys=0.00, real=0.10 secs] 
3649.620: [GC (Allocation Failure) [PSYoungGen: 26082535K->701211K(26355712K)] 26778407K->1397643K(29501440K), 0.1072341 secs] [Times: user=5.25 sys=0.00, real=0.11 secs] 
3654.196: [GC (Allocation Failure) [PSYoungGen: 26149659K->649805K(26355712K)] 26846091K->1346773K(29501440K), 0.1068368 secs] [Times: user=5.18 sys=0.00, real=0.11 secs] 
3658.744: [GC (Allocation Failure) [PSYoungGen: 26098253K->698765K(26355712K)] 26795221K->1396340K(29501440K), 0.1020115 secs] [Times: user=5.31 sys=0.00, real=0.10 secs] 
3663.280: [GC (Allocation Failure) [PSYoungGen: 26147213K->691488K(26355712K)] 26844788K->1389567K(29501440K), 0.1033110 secs] [Times: user=5.29 sys=0.00, real=0.11 secs] 
3667.782: [GC (Allocation Failure) [PSYoungGen: 26139936K->617276K(26355712K)] 26838015K->1315875K(29501440K), 0.0970139 secs] [Times: user=4.85 sys=0.01, real=0.10 secs] 
3672.246: [GC (Allocation Failure) [PSYoungGen: 26065724K->656120K(26355712K)] 26764323K->1355272K(29501440K), 0.1031682 secs] [Times: user=5.20 sys=0.00, real=0.10 secs] 
3676.825: [GC (Allocation Failure) [PSYoungGen: 26104568K->629111K(26355712K)] 26803720K->1328759K(29501440K), 0.0942829 secs] [Times: user=4.97 sys=0.01, real=0.09 secs] 
3681.460: [GC (Allocation Failure) [PSYoungGen: 26077559K->645575K(26355712K)] 26777207K->1345783K(29501440K), 0.0953330 secs] [Times: user=4.90 sys=0.00, real=0.10 secs] 
3685.929: [GC (Allocation Failure) [PSYoungGen: 26094023K->639291K(26355712K)] 26794231K->1340050K(29501440K), 0.0960605 secs] [Times: user=4.92 sys=0.02, real=0.10 secs] 
3690.492: [GC (Allocation Failure) [PSYoungGen: 26087739K->684104K(26355712K)] 26788498K->1385408K(29501440K), 0.1046914 secs] [Times: user=5.21 sys=0.01, real=0.11 secs] 
3695.056: [GC (Allocation Failure) [PSYoungGen: 26132552K->664785K(26355712K)] 26833856K->1366640K(29501440K), 0.1010542 secs] [Times: user=5.29 sys=0.01, real=0.10 secs] 
3699.462: [GC (Allocation Failure) [PSYoungGen: 26113233K->674960K(26355712K)] 26815088K->1377336K(29501440K), 0.1032100 secs] [Times: user=5.37 sys=0.00, real=0.10 secs] 
3703.877: [GC (Allocation Failure) [PSYoungGen: 26123408K->619735K(26355712K)] 26825784K->1322719K(29501440K), 0.1024792 secs] [Times: user=4.94 sys=0.00, real=0.10 secs] 
3708.255: [GC (Allocation Failure) [PSYoungGen: 26068183K->647876K(26355712K)] 26771167K->1351428K(29501440K), 0.0960799 secs] [Times: user=5.06 sys=0.00, real=0.09 secs] 
3712.641: [GC (Allocation Failure) [PSYoungGen: 26096324K->678252K(26355712K)] 26799876K->1382331K(29501440K), 0.0996957 secs] [Times: user=5.08 sys=0.00, real=0.10 secs] 
3717.161: [GC (Allocation Failure) [PSYoungGen: 26126700K->663274K(26355712K)] 26830779K->1367882K(29501440K), 0.1012552 secs] [Times: user=5.12 sys=0.00, real=0.11 secs] 
3721.663: [GC (Allocation Failure) [PSYoungGen: 26111722K->675312K(26355712K)] 26816330K->1380512K(29501440K), 0.1040150 secs] [Times: user=5.15 sys=0.00, real=0.10 secs] 
3726.048: [GC (Allocation Failure) [PSYoungGen: 26123760K->654021K(26355712K)] 26828960K->1359725K(29501440K), 0.1039551 secs] [Times: user=4.96 sys=0.01, real=0.10 secs] 
3730.386: [GC (Allocation Failure) [PSYoungGen: 26102469K->681146K(26355712K)] 26808173K->1387401K(29501440K), 0.1002833 secs] [Times: user=5.19 sys=0.01, real=0.10 secs] 
3734.827: [GC (Allocation Failure) [PSYoungGen: 26129594K->628908K(26355712K)] 26835849K->1335748K(29501440K), 0.0972290 secs] [Times: user=4.88 sys=0.00, real=0.10 secs] 
3739.273: [GC (Allocation Failure) [PSYoungGen: 26077356K->680401K(26355712K)] 26784196K->1387809K(29501440K), 0.1015177 secs] [Times: user=5.12 sys=0.01, real=0.10 secs] 
3743.676: [GC (Allocation Failure) [PSYoungGen: 26128849K->687826K(26355712K)] 26836257K->1395786K(29501440K), 0.0978241 secs] [Times: user=5.03 sys=0.00, real=0.10 secs] 
3748.130: [GC (Allocation Failure) [PSYoungGen: 26136274K->639165K(26355712K)] 26844234K->1347629K(29501440K), 0.0981060 secs] [Times: user=5.18 sys=0.00, real=0.10 secs] 
3752.605: [GC (Allocation Failure) [PSYoungGen: 26087613K->677153K(26355712K)] 26796077K->1386152K(29501440K), 0.1020570 secs] [Times: user=4.96 sys=0.00, real=0.10 secs] 
3757.004: [GC (Allocation Failure) [PSYoungGen: 26125601K->645004K(26355712K)] 26834600K->1354524K(29501440K), 0.0994453 secs] [Times: user=4.84 sys=0.00, real=0.10 secs] 
3761.455: [GC (Allocation Failure) [PSYoungGen: 26093452K->661644K(26355712K)] 26802972K->1371772K(29501440K), 0.1004527 secs] [Times: user=5.24 sys=0.00, real=0.10 secs] 
3765.868: [GC (Allocation Failure) [PSYoungGen: 26110092K->653863K(26355712K)] 26820220K->1364510K(29501440K), 0.0943352 secs] [Times: user=5.01 sys=0.00, real=0.10 secs] 
3770.343: [GC (Allocation Failure) [PSYoungGen: 26102311K->662637K(26355712K)] 26812958K->1373845K(29501440K), 0.1007425 secs] [Times: user=4.99 sys=0.00, real=0.10 secs] 
3774.708: [GC (Allocation Failure) [PSYoungGen: 26111085K->680300K(26355712K)] 26822293K->1392036K(29501440K), 0.1024616 secs] [Times: user=5.29 sys=0.00, real=0.10 secs] 
3778.957: [GC (Allocation Failure) [PSYoungGen: 26128748K->620775K(26355712K)] 26840484K->1333023K(29501440K), 0.0945211 secs] [Times: user=4.73 sys=0.00, real=0.09 secs] 
3783.246: [GC (Allocation Failure) [PSYoungGen: 26069223K->657778K(26355712K)] 26781471K->1370657K(29501440K), 0.1056099 secs] [Times: user=5.09 sys=0.01, real=0.10 secs] 
3787.531: [GC (Allocation Failure) [PSYoungGen: 26106226K->662717K(26355712K)] 26819105K->1376124K(29501440K), 0.0970595 secs] [Times: user=5.18 sys=0.01, real=0.10 secs] 
3791.822: [GC (Allocation Failure) [PSYoungGen: 26111165K->674805K(26355712K)] 26824572K->1388757K(29501440K), 0.0995771 secs] [Times: user=5.23 sys=0.00, real=0.09 secs] 
3796.156: [GC (Allocation Failure) [PSYoungGen: 26123253K->656261K(26355712K)] 26837205K->1370732K(29501440K), 0.0991524 secs] [Times: user=5.07 sys=0.01, real=0.10 secs] 
3800.555: [GC (Allocation Failure) [PSYoungGen: 26104709K->687271K(26355712K)] 26819180K->1402382K(29501440K), 0.0994258 secs] [Times: user=5.01 sys=0.01, real=0.10 secs] 
3804.942: [GC (Allocation Failure) [PSYoungGen: 26135719K->657305K(26355712K)] 26850830K->1372936K(29501440K), 0.0982089 secs] [Times: user=4.96 sys=0.00, real=0.09 secs] 
3809.248: [GC (Allocation Failure) [PSYoungGen: 26105753K->687986K(26355712K)] 26821384K->1404145K(29501440K), 0.0962571 secs] [Times: user=5.14 sys=0.00, real=0.10 secs] 
3813.644: [GC (Allocation Failure) [PSYoungGen: 26136434K->705229K(26355712K)] 26852593K->1421981K(29501440K), 0.1074779 secs] [Times: user=5.31 sys=0.00, real=0.10 secs] 
3818.008: [GC (Allocation Failure) [PSYoungGen: 26153677K->655228K(26355712K)] 26870429K->1372516K(29501440K), 0.0993380 secs] [Times: user=5.08 sys=0.00, real=0.10 secs] 
3822.333: [GC (Allocation Failure) [PSYoungGen: 26103676K->665955K(26355712K)] 26820964K->1383762K(29501440K), 0.1007504 secs] [Times: user=5.38 sys=0.00, real=0.10 secs] 
3826.707: [GC (Allocation Failure) [PSYoungGen: 26114403K->705828K(26355712K)] 26832210K->1424171K(29501440K), 0.1025392 secs] [Times: user=5.47 sys=0.01, real=0.10 secs] 
3831.138: [GC (Allocation Failure) [PSYoungGen: 26154276K->663879K(26355712K)] 26872619K->1382791K(29501440K), 0.1003994 secs] [Times: user=5.09 sys=0.00, real=0.10 secs] 
3835.484: [GC (Allocation Failure) [PSYoungGen: 26112327K->686834K(26355712K)] 26831239K->1406274K(29501440K), 0.0971360 secs] [Times: user=5.15 sys=0.00, real=0.09 secs] 
3839.772: [GC (Allocation Failure) [PSYoungGen: 26135282K->699202K(26355712K)] 26854722K->1419145K(29501440K), 0.1068422 secs] [Times: user=5.52 sys=0.01, real=0.10 secs] 
3844.120: [GC (Allocation Failure) [PSYoungGen: 26147650K->669845K(26355712K)] 26867593K->1390380K(29501440K), 0.1080862 secs] [Times: user=5.32 sys=0.01, real=0.11 secs] 
3848.451: [GC (Allocation Failure) [PSYoungGen: 26118293K->680097K(26355712K)] 26838828K->1401216K(29501440K), 0.1056766 secs] [Times: user=5.28 sys=0.01, real=0.11 secs] 
3852.613: [GC (Allocation Failure) [PSYoungGen: 26128545K->703328K(26355712K)] 26849664K->1424992K(29501440K), 0.1047359 secs] [Times: user=5.38 sys=0.00, real=0.10 secs] 
3856.886: [GC (Allocation Failure) [PSYoungGen: 26151776K->662799K(26355712K)] 26873440K->1385054K(29501440K), 0.1009310 secs] [Times: user=5.15 sys=0.01, real=0.10 secs] 
3861.188: [GC (Allocation Failure) [PSYoungGen: 26111247K->686698K(26355712K)] 26833502K->1409490K(29501440K), 0.1075117 secs] [Times: user=4.94 sys=0.01, real=0.11 secs] 
3865.648: [GC (Allocation Failure) [PSYoungGen: 26135146K->696987K(26355712K)] 26857938K->1420291K(29501440K), 0.1068633 secs] [Times: user=5.40 sys=0.00, real=0.11 secs] 
3869.943: [GC (Allocation Failure) [PSYoungGen: 26145435K->680310K(26355712K)] 26868739K->1404221K(29501440K), 0.1021801 secs] [Times: user=5.36 sys=0.01, real=0.10 secs] 
3874.125: [GC (Allocation Failure) [PSYoungGen: 26128758K->667482K(26355712K)] 26852669K->1391914K(29501440K), 0.1007558 secs] [Times: user=5.24 sys=0.00, real=0.10 secs] 
3878.352: [GC (Allocation Failure) [PSYoungGen: 26115930K->642631K(26355712K)] 26840362K->1367575K(29501440K), 0.0936450 secs] [Times: user=4.93 sys=0.00, real=0.10 secs] 
3882.535: [GC (Allocation Failure) [PSYoungGen: 26091079K->682869K(26355712K)] 26816023K->1408461K(29501440K), 0.0985339 secs] [Times: user=5.01 sys=0.00, real=0.10 secs] 
3886.705: [GC (Allocation Failure) [PSYoungGen: 26131317K->698262K(26355712K)] 26856909K->1424374K(29501440K), 0.1060116 secs] [Times: user=5.43 sys=0.00, real=0.10 secs] 
3891.014: [GC (Allocation Failure) [PSYoungGen: 26146710K->686140K(26355712K)] 26872822K->1412763K(29501440K), 0.1039588 secs] [Times: user=5.29 sys=0.00, real=0.10 secs] 
3895.121: [GC (Allocation Failure) [PSYoungGen: 26134588K->663387K(26355712K)] 26861211K->1390666K(29501440K), 0.1014269 secs] [Times: user=5.23 sys=0.00, real=0.11 secs] 
3899.509: [GC (Allocation Failure) [PSYoungGen: 26111835K->715863K(26355712K)] 26839114K->1443679K(29501440K), 0.1094506 secs] [Times: user=5.62 sys=0.01, real=0.11 secs] 
3903.760: [GC (Allocation Failure) [PSYoungGen: 26164311K->672279K(26355712K)] 26892127K->1400607K(29501440K), 0.0987410 secs] [Times: user=5.30 sys=0.00, real=0.10 secs] 
3908.122: [GC (Allocation Failure) [PSYoungGen: 26120727K->664022K(26355712K)] 26849055K->1392950K(29501440K), 0.1027092 secs] [Times: user=4.88 sys=0.01, real=0.11 secs] 
3912.243: [GC (Allocation Failure) [PSYoungGen: 26112470K->695917K(26355712K)] 26841398K->1425413K(29501440K), 0.1089118 secs] [Times: user=5.34 sys=0.00, real=0.11 secs] 
3916.369: [GC (Allocation Failure) [PSYoungGen: 26144365K->653565K(26355712K)] 26873861K->1383573K(29501440K), 0.1056465 secs] [Times: user=5.28 sys=0.00, real=0.11 secs] 
3920.594: [GC (Allocation Failure) [PSYoungGen: 26102013K->700043K(26355712K)] 26832021K->1430771K(29501440K), 0.1046778 secs] [Times: user=5.34 sys=0.01, real=0.10 secs] 
3924.759: [GC (Allocation Failure) [PSYoungGen: 26148491K->694090K(26355712K)] 26879219K->1425338K(29501440K), 0.1071110 secs] [Times: user=5.29 sys=0.00, real=0.11 secs] 
3928.920: [GC (Allocation Failure) [PSYoungGen: 26142538K->668848K(26355712K)] 26873786K->1400656K(29501440K), 0.0982427 secs] [Times: user=5.18 sys=0.01, real=0.10 secs] 
3933.136: [GC (Allocation Failure) [PSYoungGen: 26117296K->661993K(26355712K)] 26849104K->1394369K(29501440K), 0.0986256 secs] [Times: user=5.04 sys=0.00, real=0.10 secs] 
3937.361: [GC (Allocation Failure) [PSYoungGen: 26110441K->672848K(26355712K)] 26842817K->1405824K(29501440K), 0.1075998 secs] [Times: user=5.05 sys=0.01, real=0.11 secs] 
3941.610: [GC (Allocation Failure) [PSYoungGen: 26121296K->670281K(26355712K)] 26854272K->1403841K(29501440K), 0.0997246 secs] [Times: user=5.03 sys=0.00, real=0.10 secs] 
3945.748: [GC (Allocation Failure) [PSYoungGen: 26118729K->670572K(26355712K)] 26852289K->1404660K(29501440K), 0.1017019 secs] [Times: user=5.08 sys=0.00, real=0.10 secs] 
3949.942: [GC (Allocation Failure) [PSYoungGen: 26119020K->639729K(26355712K)] 26853108K->1374392K(29501440K), 0.0986763 secs] [Times: user=4.98 sys=0.00, real=0.10 secs] 
3954.114: [GC (Allocation Failure) [PSYoungGen: 26088177K->658220K(26355712K)] 26822840K->1393476K(29501440K), 0.1098011 secs] [Times: user=5.48 sys=0.01, real=0.11 secs] 
3958.293: [GC (Allocation Failure) [PSYoungGen: 26106668K->638551K(26355712K)] 26841924K->1374375K(29501440K), 0.1030456 secs] [Times: user=4.88 sys=0.00, real=0.10 secs] 
3962.388: [GC (Allocation Failure) [PSYoungGen: 26086999K->664218K(26355712K)] 26822823K->1400602K(29501440K), 0.1014145 secs] [Times: user=5.16 sys=0.01, real=0.10 secs] 
3966.413: [GC (Allocation Failure) [PSYoungGen: 26112666K->689128K(26355712K)] 26849050K->1426024K(29501440K), 0.0996344 secs] [Times: user=5.23 sys=0.01, real=0.10 secs] 
3970.706: [GC (Allocation Failure) [PSYoungGen: 26137576K->679777K(26355712K)] 26874472K->1417249K(29501440K), 0.0984316 secs] [Times: user=5.22 sys=0.01, real=0.10 secs] 
3974.807: [GC (Allocation Failure) [PSYoungGen: 26128225K->634929K(26355712K)] 26865697K->1372953K(29501440K), 0.0986445 secs] [Times: user=5.21 sys=0.00, real=0.10 secs] 
3979.051: [GC (Allocation Failure) [PSYoungGen: 26083377K->639292K(26355712K)] 26821401K->1377836K(29501440K), 0.0952469 secs] [Times: user=4.88 sys=0.01, real=0.10 secs] 
3983.285: [GC (Allocation Failure) [PSYoungGen: 26087740K->669655K(26355712K)] 26826284K->1408734K(29501440K), 0.0992924 secs] [Times: user=4.92 sys=0.00, real=0.10 secs] 
3987.347: [GC (Allocation Failure) [PSYoungGen: 26118103K->666077K(26355712K)] 26857182K->1405692K(29501440K), 0.1047129 secs] [Times: user=5.29 sys=0.00, real=0.11 secs] 
3991.489: [GC (Allocation Failure) [PSYoungGen: 26114525K->676434K(26355712K)] 26854140K->1416585K(29501440K), 0.1016699 secs] [Times: user=5.12 sys=0.00, real=0.10 secs] 
3995.537: [GC (Allocation Failure) [PSYoungGen: 26124882K->716816K(26355712K)] 26865033K->1457479K(29501440K), 0.1008621 secs] [Times: user=5.24 sys=0.00, real=0.10 secs] 
3999.618: [GC (Allocation Failure) [PSYoungGen: 26165264K->726909K(26355712K)] 26905927K->1468253K(29501440K), 0.1154021 secs] [Times: user=5.09 sys=0.00, real=0.12 secs] 
4003.737: [GC (Allocation Failure) [PSYoungGen: 26175357K->701693K(26355712K)] 26916701K->1443548K(29501440K), 0.1078563 secs] [Times: user=5.76 sys=0.00, real=0.11 secs] 
4007.907: [GC (Allocation Failure) [PSYoungGen: 26150141K->667105K(26355712K)] 26891996K->1409528K(29501440K), 0.0991899 secs] [Times: user=5.13 sys=0.00, real=0.10 secs] 
4011.935: [GC (Allocation Failure) [PSYoungGen: 26115553K->663319K(26355712K)] 26857976K->1406302K(29501440K), 0.1009611 secs] [Times: user=5.34 sys=0.00, real=0.10 secs] 
4016.111: [GC (Allocation Failure) [PSYoungGen: 26111767K->652489K(26355712K)] 26854750K->1396017K(29501440K), 0.1067340 secs] [Times: user=5.17 sys=0.00, real=0.11 secs] 
4020.192: [GC (Allocation Failure) [PSYoungGen: 26100937K->667527K(26355712K)] 26844465K->1411638K(29501440K), 0.1036354 secs] [Times: user=5.21 sys=0.00, real=0.11 secs] 
4024.334: [GC (Allocation Failure) [PSYoungGen: 26115975K->681683K(26355712K)] 26860086K->1426330K(29501440K), 0.0977949 secs] [Times: user=5.24 sys=0.00, real=0.09 secs] 
4028.351: [GC (Allocation Failure) [PSYoungGen: 26130131K->733896K(26355712K)] 26874778K->1479072K(29501440K), 0.1066158 secs] [Times: user=5.60 sys=0.00, real=0.11 secs] 
4032.534: [GC (Allocation Failure) [PSYoungGen: 26182344K->664887K(26355712K)] 26927520K->1410631K(29501440K), 0.1072705 secs] [Times: user=5.20 sys=0.00, real=0.10 secs] 
4036.602: [GC (Allocation Failure) [PSYoungGen: 26113335K->682545K(26355712K)] 26859079K->1428873K(29501440K), 0.1075352 secs] [Times: user=5.36 sys=0.00, real=0.10 secs] 
4040.760: [GC (Allocation Failure) [PSYoungGen: 26130993K->690478K(26355712K)] 26877321K->1437357K(29501440K), 0.1020438 secs] [Times: user=5.30 sys=0.01, real=0.11 secs] 
4044.713: [GC (Allocation Failure) [PSYoungGen: 26138926K->691909K(26355712K)] 26885805K->1439325K(29501440K), 0.1012613 secs] [Times: user=5.14 sys=0.00, real=0.10 secs] 
4048.723: [GC (Allocation Failure) [PSYoungGen: 26140357K->700701K(26355712K)] 26887773K->1448717K(29501440K), 0.1029159 secs] [Times: user=5.32 sys=0.00, real=0.10 secs] 
4052.696: [GC (Allocation Failure) [PSYoungGen: 26149149K->710318K(26355712K)] 26897165K->1458877K(29501440K), 0.1029648 secs] [Times: user=5.46 sys=0.00, real=0.10 secs] 
4056.654: [GC (Allocation Failure) [PSYoungGen: 26158766K->677533K(26355712K)] 26907325K->1426597K(29501440K), 0.1046256 secs] [Times: user=5.32 sys=0.00, real=0.10 secs] 
4060.614: [GC (Allocation Failure) [PSYoungGen: 26125981K->708602K(26355712K)] 26875045K->1458202K(29501440K), 0.1063494 secs] [Times: user=5.50 sys=0.00, real=0.10 secs] 
4064.724: [GC (Allocation Failure) [PSYoungGen: 26157050K->705492K(26355712K)] 26906650K->1455620K(29501440K), 0.1049563 secs] [Times: user=5.50 sys=0.00, real=0.10 secs] 
4068.791: [GC (Allocation Failure) [PSYoungGen: 26153940K->649560K(26355712K)] 26904068K->1400208K(29501440K), 0.0971224 secs] [Times: user=5.10 sys=0.02, real=0.10 secs] 
4072.848: [GC (Allocation Failure) [PSYoungGen: 26098008K->644456K(26355712K)] 26848656K->1395631K(29501440K), 0.1035823 secs] [Times: user=5.30 sys=0.00, real=0.10 secs] 
4076.875: [GC (Allocation Failure) [PSYoungGen: 26092904K->663702K(26355712K)] 26844079K->1415430K(29501440K), 0.0986668 secs] [Times: user=5.11 sys=0.00, real=0.10 secs] 
4080.928: [GC (Allocation Failure) [PSYoungGen: 26112150K->682079K(26355712K)] 26863878K->1434359K(29501440K), 0.1022015 secs] [Times: user=5.34 sys=0.00, real=0.10 secs] 
4084.900: [GC (Allocation Failure) [PSYoungGen: 26130527K->650723K(26355712K)] 26882807K->1403490K(29501440K), 0.1011956 secs] [Times: user=5.03 sys=0.00, real=0.10 secs] 
4088.904: [GC (Allocation Failure) [PSYoungGen: 26099171K->686400K(26355712K)] 26851938K->1439720K(29501440K), 0.1090093 secs] [Times: user=5.15 sys=0.01, real=0.11 secs] 
4092.940: [GC (Allocation Failure) [PSYoungGen: 26134848K->672562K(26355712K)] 26888168K->1426465K(29501440K), 0.1050562 secs] [Times: user=5.24 sys=0.00, real=0.11 secs] 
4096.951: [GC (Allocation Failure) [PSYoungGen: 26121010K->664560K(26355712K)] 26874913K->1419064K(29501440K), 0.1054822 secs] [Times: user=5.19 sys=0.01, real=0.11 secs] 
4100.861: [GC (Allocation Failure) [PSYoungGen: 26113008K->651248K(26355712K)] 26867512K->1406280K(29501440K), 0.0983736 secs] [Times: user=5.07 sys=0.00, real=0.10 secs] 
4104.902: [GC (Allocation Failure) [PSYoungGen: 26099696K->662238K(26355712K)] 26854728K->1417798K(29501440K), 0.1062966 secs] [Times: user=5.18 sys=0.00, real=0.11 secs] 
4108.916: [GC (Allocation Failure) [PSYoungGen: 26110686K->645693K(26355712K)] 26866246K->1401813K(29501440K), 0.0982201 secs] [Times: user=4.91 sys=0.00, real=0.10 secs] 
4112.824: [GC (Allocation Failure) [PSYoungGen: 26094141K->672034K(26355712K)] 26850261K->1428649K(29501440K), 0.0956458 secs] [Times: user=5.08 sys=0.00, real=0.09 secs] 
4116.619: [GC (Allocation Failure) [PSYoungGen: 26120482K->713382K(26355712K)] 26877097K->1470566K(29501440K), 0.1028779 secs] [Times: user=5.42 sys=0.00, real=0.10 secs] 
4120.629: [GC (Allocation Failure) [PSYoungGen: 26161830K->703896K(26355712K)] 26919014K->1461623K(29501440K), 0.1076701 secs] [Times: user=5.53 sys=0.00, real=0.11 secs] 
4124.672: [GC (Allocation Failure) [PSYoungGen: 26152344K->676203K(26355712K)] 26910071K->1434467K(29501440K), 0.0966102 secs] [Times: user=5.06 sys=0.00, real=0.10 secs] 
4128.554: [GC (Allocation Failure) [PSYoungGen: 26124651K->694435K(26355712K)] 26882915K->1453283K(29501440K), 0.1039495 secs] [Times: user=5.11 sys=0.00, real=0.10 secs] 
4132.524: [GC (Allocation Failure) [PSYoungGen: 26142883K->686311K(26355712K)] 26901731K->1445751K(29501440K), 0.1021628 secs] [Times: user=5.14 sys=0.00, real=0.10 secs] 
4136.424: [GC (Allocation Failure) [PSYoungGen: 26134759K->744049K(26355712K)] 26894199K->1504081K(29501440K), 0.1116946 secs] [Times: user=5.46 sys=0.00, real=0.11 secs] 
4140.338: [GC (Allocation Failure) [PSYoungGen: 26192497K->709979K(26355712K)] 26952529K->1470555K(29501440K), 0.1065032 secs] [Times: user=5.30 sys=0.01, real=0.11 secs] 
4144.255: [GC (Allocation Failure) [PSYoungGen: 26158427K->662604K(26355712K)] 26919003K->1423748K(29501440K), 0.1076211 secs] [Times: user=5.15 sys=0.00, real=0.11 secs] 
4148.151: [GC (Allocation Failure) [PSYoungGen: 26111052K->636839K(26355712K)] 26872196K->1398503K(29501440K), 0.0971688 secs] [Times: user=5.15 sys=0.01, real=0.10 secs] 
4152.060: [GC (Allocation Failure) [PSYoungGen: 26085287K->693640K(26355712K)] 26846951K->1455831K(29501440K), 0.1048040 secs] [Times: user=5.34 sys=0.00, real=0.11 secs] 
4155.960: [GC (Allocation Failure) [PSYoungGen: 26142088K->689719K(26355712K)] 26904279K->1452542K(29501440K), 0.1048830 secs] [Times: user=5.17 sys=0.00, real=0.11 secs] 
4159.908: [GC (Allocation Failure) [PSYoungGen: 26138167K->662122K(26355712K)] 26900990K->1425458K(29501440K), 0.1058956 secs] [Times: user=5.03 sys=0.00, real=0.11 secs] 
4163.917: [GC (Allocation Failure) [PSYoungGen: 26110570K->651916K(26355712K)] 26873906K->1415803K(29501440K), 0.1023314 secs] [Times: user=5.20 sys=0.00, real=0.10 secs] 
4167.725: [GC (Allocation Failure) [PSYoungGen: 26100364K->705842K(26355712K)] 26864251K->1470281K(29501440K), 0.1038578 secs] [Times: user=5.41 sys=0.00, real=0.10 secs] 
4171.600: [GC (Allocation Failure) [PSYoungGen: 26154290K->684265K(26355712K)] 26918729K->1449225K(29501440K), 0.0960154 secs] [Times: user=5.16 sys=0.00, real=0.10 secs] 
4175.468: [GC (Allocation Failure) [PSYoungGen: 26132713K->676972K(26355712K)] 26897673K->1442428K(29501440K), 0.0972996 secs] [Times: user=5.14 sys=0.00, real=0.10 secs] 
4179.455: [GC (Allocation Failure) [PSYoungGen: 26125420K->667287K(26355712K)] 26890876K->1433399K(29501440K), 0.0969377 secs] [Times: user=5.01 sys=0.00, real=0.09 secs] 
4183.379: [GC (Allocation Failure) [PSYoungGen: 26115735K->659092K(26355712K)] 26881847K->1425771K(29501440K), 0.1053630 secs] [Times: user=5.20 sys=0.00, real=0.11 secs] 
4187.216: [GC (Allocation Failure) [PSYoungGen: 26107540K->678152K(26355712K)] 26874219K->1445351K(29501440K), 0.1049786 secs] [Times: user=5.35 sys=0.00, real=0.10 secs] 
4191.140: [GC (Allocation Failure) [PSYoungGen: 26126600K->688062K(26355712K)] 26893799K->1455822K(29501440K), 0.0994918 secs] [Times: user=5.06 sys=0.00, real=0.10 secs] 
4195.060: [GC (Allocation Failure) [PSYoungGen: 26136510K->666377K(26355712K)] 26904270K->1434689K(29501440K), 0.0986398 secs] [Times: user=5.24 sys=0.00, real=0.10 secs] 
4198.800: [GC (Allocation Failure) [PSYoungGen: 26114825K->660589K(26355712K)] 26883137K->1429468K(29501440K), 0.0986968 secs] [Times: user=5.05 sys=0.00, real=0.10 secs] 
4202.683: [GC (Allocation Failure) [PSYoungGen: 26109037K->737203K(26355712K)] 26877916K->1506611K(29501440K), 0.1109694 secs] [Times: user=5.49 sys=0.01, real=0.11 secs] 
4206.559: [GC (Allocation Failure) [PSYoungGen: 26185651K->695537K(26355712K)] 26955059K->1465481K(29501440K), 0.1091586 secs] [Times: user=5.41 sys=0.01, real=0.11 secs] 
4210.516: [GC (Allocation Failure) [PSYoungGen: 26143985K->693618K(26355712K)] 26913929K->1464105K(29501440K), 0.1027213 secs] [Times: user=5.24 sys=0.00, real=0.10 secs] 
4214.429: [GC (Allocation Failure) [PSYoungGen: 26142066K->687536K(26355712K)] 26912553K->1458552K(29501440K), 0.0994849 secs] [Times: user=5.12 sys=0.00, real=0.10 secs] 
4218.223: [GC (Allocation Failure) [PSYoungGen: 26135984K->678079K(26355712K)] 26907000K->1449622K(29501440K), 0.1057831 secs] [Times: user=4.90 sys=0.00, real=0.10 secs] 
4222.099: [GC (Allocation Failure) [PSYoungGen: 26126527K->661520K(26355712K)] 26898070K->1433623K(29501440K), 0.1039296 secs] [Times: user=5.15 sys=0.00, real=0.11 secs] 
4226.010: [GC (Allocation Failure) [PSYoungGen: 26109968K->641934K(26355712K)] 26882071K->1414854K(29501440K), 0.1043686 secs] [Times: user=5.18 sys=0.00, real=0.11 secs] 
4229.878: [GC (Allocation Failure) [PSYoungGen: 26090382K->657533K(26355712K)] 26863302K->1430956K(29501440K), 0.1016258 secs] [Times: user=5.08 sys=0.00, real=0.10 secs] 
4233.732: [GC (Allocation Failure) [PSYoungGen: 26105981K->705581K(26355712K)] 26879404K->1479516K(29501440K), 0.0987067 secs] [Times: user=5.21 sys=0.00, real=0.10 secs] 
4237.550: [GC (Allocation Failure) [PSYoungGen: 26154029K->687260K(26355712K)] 26927964K->1461724K(29501440K), 0.1003249 secs] [Times: user=5.13 sys=0.00, real=0.10 secs] 
4241.456: [GC (Allocation Failure) [PSYoungGen: 26135708K->688314K(26355712K)] 26910172K->1463386K(29501440K), 0.1058597 secs] [Times: user=5.06 sys=0.00, real=0.10 secs] 
4245.353: [GC (Allocation Failure) [PSYoungGen: 26136762K->691087K(26355712K)] 26911834K->1466702K(29501440K), 0.1059428 secs] [Times: user=5.47 sys=0.01, real=0.10 secs] 
4249.204: [GC (Allocation Failure) [PSYoungGen: 26139535K->743271K(26355712K)] 26915150K->1519454K(29501440K), 0.1132215 secs] [Times: user=5.42 sys=0.00, real=0.11 secs] 
4253.095: [GC (Allocation Failure) [PSYoungGen: 26191719K->666033K(26355712K)] 26967902K->1442857K(29501440K), 0.1033218 secs] [Times: user=5.25 sys=0.01, real=0.10 secs] 
4256.918: [GC (Allocation Failure) [PSYoungGen: 26114481K->665644K(26355712K)] 26891305K->1443068K(29501440K), 0.0994411 secs] [Times: user=5.13 sys=0.00, real=0.10 secs] 
4260.804: [GC (Allocation Failure) [PSYoungGen: 26114092K->631223K(26355712K)] 26891516K->1409151K(29501440K), 0.0994670 secs] [Times: user=4.89 sys=0.00, real=0.10 secs] 
4264.565: [GC (Allocation Failure) [PSYoungGen: 26079671K->699134K(26355712K)] 26857599K->1477670K(29501440K), 0.1044213 secs] [Times: user=5.08 sys=0.01, real=0.10 secs] 
4268.341: [GC (Allocation Failure) [PSYoungGen: 26147582K->682956K(26355712K)] 26926118K->1462116K(29501440K), 0.1014539 secs] [Times: user=5.13 sys=0.00, real=0.11 secs] 
4272.048: [GC (Allocation Failure) [PSYoungGen: 26131404K->671492K(26355712K)] 26910564K->1451195K(29501440K), 0.1030496 secs] [Times: user=5.28 sys=0.00, real=0.10 secs] 
4275.916: [GC (Allocation Failure) [PSYoungGen: 26119940K->677470K(26355712K)] 26899643K->1457702K(29501440K), 0.1030822 secs] [Times: user=5.30 sys=0.00, real=0.10 secs] 
4279.788: [GC (Allocation Failure) [PSYoungGen: 26125918K->637463K(26355712K)] 26906150K->1418239K(29501440K), 0.0969052 secs] [Times: user=5.18 sys=0.00, real=0.10 secs] 
4283.611: [GC (Allocation Failure) [PSYoungGen: 26085911K->705191K(26355712K)] 26866687K->1486655K(29501440K), 0.0993575 secs] [Times: user=5.27 sys=0.00, real=0.10 secs] 
4287.397: [GC (Allocation Failure) [PSYoungGen: 26153639K->705055K(26355712K)] 26935103K->1487230K(29501440K), 0.1031065 secs] [Times: user=5.51 sys=0.00, real=0.10 secs] 
4291.173: [GC (Allocation Failure) [PSYoungGen: 26153503K->697234K(26355712K)] 26935678K->1479914K(29501440K), 0.1032171 secs] [Times: user=5.16 sys=0.00, real=0.10 secs] 
4294.912: [GC (Allocation Failure) [PSYoungGen: 26145682K->647165K(26355712K)] 26928362K->1430372K(29501440K), 0.0987026 secs] [Times: user=4.94 sys=0.00, real=0.10 secs] 
4298.607: [GC (Allocation Failure) [PSYoungGen: 26095613K->711228K(26355712K)] 26878820K->1495028K(29501440K), 0.1095515 secs] [Times: user=5.29 sys=0.01, real=0.11 secs] 
4302.363: [GC (Allocation Failure) [PSYoungGen: 26159676K->682530K(26355712K)] 26943476K->1466945K(29501440K), 0.1026702 secs] [Times: user=5.14 sys=0.00, real=0.10 secs] 
4306.079: [GC (Allocation Failure) [PSYoungGen: 26130978K->688880K(26355712K)] 26915393K->1473815K(29501440K), 0.1036273 secs] [Times: user=5.25 sys=0.00, real=0.11 secs] 
4309.989: [GC (Allocation Failure) [PSYoungGen: 26137328K->689847K(26355712K)] 26922263K->1475382K(29501440K), 0.1081108 secs] [Times: user=5.30 sys=0.01, real=0.11 secs] 
4313.717: [GC (Allocation Failure) [PSYoungGen: 26138295K->728041K(26355712K)] 26923830K->1514209K(29501440K), 0.1084582 secs] [Times: user=5.38 sys=0.00, real=0.11 secs] 
4317.492: [GC (Allocation Failure) [PSYoungGen: 26176489K->718843K(26355712K)] 26962657K->1505539K(29501440K), 0.1009632 secs] [Times: user=5.39 sys=0.00, real=0.11 secs] 
4321.327: [GC (Allocation Failure) [PSYoungGen: 26167291K->682161K(26355712K)] 26953987K->1469416K(29501440K), 0.1032922 secs] [Times: user=5.24 sys=0.01, real=0.10 secs] 
4325.081: [GC (Allocation Failure) [PSYoungGen: 26130609K->666785K(26355712K)] 26917864K->1454721K(29501440K), 0.1034036 secs] [Times: user=5.24 sys=0.01, real=0.11 secs] 
4328.850: [GC (Allocation Failure) [PSYoungGen: 26115233K->667314K(26355712K)] 26903169K->1455802K(29501440K), 0.1019275 secs] [Times: user=5.11 sys=0.00, real=0.10 secs] 
4332.598: [GC (Allocation Failure) [PSYoungGen: 26115762K->726384K(26355712K)] 26904250K->1515415K(29501440K), 0.1024894 secs] [Times: user=5.51 sys=0.00, real=0.10 secs] 
4336.369: [GC (Allocation Failure) [PSYoungGen: 26174832K->691462K(26355712K)] 26963863K->1481086K(29501440K), 0.1008756 secs] [Times: user=5.17 sys=0.01, real=0.10 secs] 
4340.174: [GC (Allocation Failure) [PSYoungGen: 26139910K->710497K(26355712K)] 26929534K->1500625K(29501440K), 0.1060517 secs] [Times: user=5.24 sys=0.00, real=0.10 secs] 
4343.949: [GC (Allocation Failure) [PSYoungGen: 26158945K->664695K(26355712K)] 26949073K->1455343K(29501440K), 0.0967240 secs] [Times: user=5.10 sys=0.00, real=0.10 secs] 
4347.635: [GC (Allocation Failure) [PSYoungGen: 26113143K->729628K(26355712K)] 26903791K->1520836K(29501440K), 0.1085996 secs] [Times: user=5.63 sys=0.00, real=0.11 secs] 
4351.280: [GC (Allocation Failure) [PSYoungGen: 26178076K->703093K(26355712K)] 26969284K->1494884K(29501440K), 0.1040072 secs] [Times: user=5.46 sys=0.01, real=0.11 secs] 
4354.979: [GC (Allocation Failure) [PSYoungGen: 26151541K->661634K(26355712K)] 26943332K->1453898K(29501440K), 0.0969308 secs] [Times: user=5.00 sys=0.00, real=0.10 secs] 
4358.870: [GC (Allocation Failure) [PSYoungGen: 26110082K->643356K(26355712K)] 26902346K->1436116K(29501440K), 0.0998172 secs] [Times: user=5.15 sys=0.02, real=0.10 secs] 
4362.569: [GC (Allocation Failure) [PSYoungGen: 26091804K->680935K(26355712K)] 26884564K->1474231K(29501440K), 0.1002403 secs] [Times: user=5.22 sys=0.00, real=0.10 secs] 
4366.203: [GC (Allocation Failure) [PSYoungGen: 26129383K->686008K(26355712K)] 26922679K->1479847K(29501440K), 0.1036597 secs] [Times: user=5.12 sys=0.00, real=0.10 secs] 
4370.016: [GC (Allocation Failure) [PSYoungGen: 26134456K->646124K(26355712K)] 26928295K->1440468K(29501440K), 0.1021916 secs] [Times: user=4.68 sys=0.00, real=0.10 secs] 
4373.759: [GC (Allocation Failure) [PSYoungGen: 26094572K->713848K(26355712K)] 26888916K->1508743K(29501440K), 0.1005853 secs] [Times: user=5.39 sys=0.01, real=0.10 secs] 
4377.432: [GC (Allocation Failure) [PSYoungGen: 26162296K->707246K(26355712K)] 26957191K->1502734K(29501440K), 0.1071318 secs] [Times: user=5.32 sys=0.01, real=0.11 secs] 
4381.138: [GC (Allocation Failure) [PSYoungGen: 26155694K->669405K(26355712K)] 26951182K->1465453K(29501440K), 0.1036704 secs] [Times: user=5.19 sys=0.01, real=0.10 secs] 
4384.741: [GC (Allocation Failure) [PSYoungGen: 26117853K->709970K(26355712K)] 26913901K->1506626K(29501440K), 0.1034479 secs] [Times: user=5.44 sys=0.00, real=0.11 secs] 
4388.469: [GC (Allocation Failure) [PSYoungGen: 26158418K->694468K(26355712K)] 26955074K->1491628K(29501440K), 0.1017239 secs] [Times: user=5.05 sys=0.00, real=0.10 secs] 
4392.274: [GC (Allocation Failure) [PSYoungGen: 26142916K->680170K(26355712K)] 26940076K->1477850K(29501440K), 0.1026831 secs] [Times: user=5.21 sys=0.01, real=0.10 secs] 
4396.103: [GC (Allocation Failure) [PSYoungGen: 26128618K->681074K(26355712K)] 26926298K->1479297K(29501440K), 0.0990583 secs] [Times: user=5.17 sys=0.00, real=0.10 secs] 
4399.753: [GC (Allocation Failure) [PSYoungGen: 26129522K->722422K(26355712K)] 26927745K->1521221K(29501440K), 0.1114332 secs] [Times: user=5.44 sys=0.00, real=0.11 secs] 
4403.437: [GC (Allocation Failure) [PSYoungGen: 26170870K->700437K(26355712K)] 26969669K->1499877K(29501440K), 0.1002234 secs] [Times: user=5.34 sys=0.00, real=0.10 secs] 
4407.066: [GC (Allocation Failure) [PSYoungGen: 26148885K->681986K(26355712K)] 26948325K->1481954K(29501440K), 0.1005755 secs] [Times: user=5.22 sys=0.01, real=0.10 secs] 
4410.683: [GC (Allocation Failure) [PSYoungGen: 26130434K->697170K(26355712K)] 26930402K->1497665K(29501440K), 0.1058252 secs] [Times: user=5.31 sys=0.00, real=0.10 secs] 
4414.275: [GC (Allocation Failure) [PSYoungGen: 26145618K->669115K(26355712K)] 26946113K->1470211K(29501440K), 0.1055781 secs] [Times: user=5.16 sys=0.02, real=0.10 secs] 
4418.000: [GC (Allocation Failure) [PSYoungGen: 26117563K->688492K(26355712K)] 26918659K->1490131K(29501440K), 0.1046539 secs] [Times: user=5.32 sys=0.00, real=0.11 secs] 
4421.678: [GC (Allocation Failure) [PSYoungGen: 26136940K->696225K(26355712K)] 26938579K->1498384K(29501440K), 0.1042567 secs] [Times: user=5.19 sys=0.01, real=0.11 secs] 
4425.384: [GC (Allocation Failure) [PSYoungGen: 26144673K->705661K(26355712K)] 26946832K->1508349K(29501440K), 0.1027685 secs] [Times: user=5.22 sys=0.01, real=0.10 secs] 
4429.110: [GC (Allocation Failure) [PSYoungGen: 26154109K->678161K(26355712K)] 26956797K->1481368K(29501440K), 0.0985575 secs] [Times: user=5.04 sys=0.01, real=0.10 secs] 
4432.860: [GC (Allocation Failure) [PSYoungGen: 26126609K->670905K(26355712K)] 26929816K->1474649K(29501440K), 0.0985302 secs] [Times: user=5.15 sys=0.01, real=0.10 secs] 
4436.607: [GC (Allocation Failure) [PSYoungGen: 26119353K->696388K(26355712K)] 26923097K->1500692K(29501440K), 0.1081454 secs] [Times: user=5.40 sys=0.00, real=0.11 secs] 
4440.220: [GC (Allocation Failure) [PSYoungGen: 26144836K->645063K(26355712K)] 26949140K->1449935K(29501440K), 0.1024461 secs] [Times: user=5.11 sys=0.00, real=0.11 secs] 
4443.937: [GC (Allocation Failure) [PSYoungGen: 26093511K->659642K(26355712K)] 26898383K->1465065K(29501440K), 0.1031006 secs] [Times: user=4.98 sys=0.00, real=0.10 secs] 
4447.514: [GC (Allocation Failure) [PSYoungGen: 26108090K->703844K(26355712K)] 26913513K->1509788K(29501440K), 0.1041541 secs] [Times: user=5.48 sys=0.00, real=0.10 secs] 
4451.052: [GC (Allocation Failure) [PSYoungGen: 26152292K->682677K(26355712K)] 26958236K->1489149K(29501440K), 0.1026899 secs] [Times: user=5.48 sys=0.00, real=0.11 secs] 
4454.687: [GC (Allocation Failure) [PSYoungGen: 26131125K->702128K(26355712K)] 26937597K->1509192K(29501440K), 0.1059916 secs] [Times: user=5.26 sys=0.00, real=0.11 secs] 
4458.380: [GC (Allocation Failure) [PSYoungGen: 26150576K->661655K(26355712K)] 26957640K->1469278K(29501440K), 0.1004092 secs] [Times: user=5.20 sys=0.00, real=0.10 secs] 
4462.180: [GC (Allocation Failure) [PSYoungGen: 26110103K->717303K(26355712K)] 26917726K->1525463K(29501440K), 0.1086942 secs] [Times: user=5.25 sys=0.00, real=0.11 secs] 
4465.713: [GC (Allocation Failure) [PSYoungGen: 26165751K->718242K(26355712K)] 26973911K->1526922K(29501440K), 0.1118954 secs] [Times: user=5.47 sys=0.00, real=0.11 secs] 
4469.310: [GC (Allocation Failure) [PSYoungGen: 26166690K->693693K(26355712K)] 26975370K->1502949K(29501440K), 0.1022952 secs] [Times: user=5.16 sys=0.00, real=0.11 secs] 
4472.955: [GC (Allocation Failure) [PSYoungGen: 26142141K->655207K(26355712K)] 26951397K->1465023K(29501440K), 0.1014333 secs] [Times: user=5.09 sys=0.01, real=0.10 secs] 
4476.606: [GC (Allocation Failure) [PSYoungGen: 26103655K->695543K(26355712K)] 26913471K->1505870K(29501440K), 0.1062445 secs] [Times: user=5.37 sys=0.00, real=0.11 secs] 
4480.188: [GC (Allocation Failure) [PSYoungGen: 26143991K->667911K(26355712K)] 26954318K->1478783K(29501440K), 0.0984379 secs] [Times: user=4.95 sys=0.00, real=0.10 secs] 
4483.861: [GC (Allocation Failure) [PSYoungGen: 26116359K->661842K(26355712K)] 26927231K->1473242K(29501440K), 0.0999139 secs] [Times: user=5.30 sys=0.00, real=0.10 secs] 
4487.503: [GC (Allocation Failure) [PSYoungGen: 26110290K->689015K(26355712K)] 26921690K->1500919K(29501440K), 0.1090166 secs] [Times: user=5.42 sys=0.01, real=0.10 secs] 
4491.143: [GC (Allocation Failure) [PSYoungGen: 26137463K->679500K(26355712K)] 26949367K->1491892K(29501440K), 0.1028630 secs] [Times: user=5.27 sys=0.00, real=0.10 secs] 
4494.712: [GC (Allocation Failure) [PSYoungGen: 26127948K->715256K(26355712K)] 26940340K->1528232K(29501440K), 0.1072620 secs] [Times: user=5.44 sys=0.01, real=0.10 secs] 
4498.295: [GC (Allocation Failure) [PSYoungGen: 26163704K->697339K(26355712K)] 26976680K->1510827K(29501440K), 0.1020465 secs] [Times: user=5.17 sys=0.01, real=0.10 secs] 
4501.889: [GC (Allocation Failure) [PSYoungGen: 26145787K->685548K(26355712K)] 26959275K->1499572K(29501440K), 0.1053016 secs] [Times: user=5.12 sys=0.00, real=0.11 secs] 
4505.504: [GC (Allocation Failure) [PSYoungGen: 26133996K->693437K(26355712K)] 26948020K->1508029K(29501440K), 0.1049045 secs] [Times: user=5.42 sys=0.00, real=0.10 secs] 
4509.039: [GC (Allocation Failure) [PSYoungGen: 26141885K->684641K(26355712K)] 26956477K->1499721K(29501440K), 0.1041954 secs] [Times: user=5.24 sys=0.00, real=0.11 secs] 
4512.661: [GC (Allocation Failure) [PSYoungGen: 26133089K->726464K(26355712K)] 26948169K->1542096K(29501440K), 0.1051170 secs] [Times: user=5.67 sys=0.00, real=0.11 secs] 
4516.160: [GC (Allocation Failure) [PSYoungGen: 26174912K->694204K(26355712K)] 26990544K->1510412K(29501440K), 0.1060035 secs] [Times: user=5.09 sys=0.01, real=0.11 secs] 
4519.680: [GC (Allocation Failure) [PSYoungGen: 26142652K->720373K(26355712K)] 26958860K->1537084K(29501440K), 0.1062888 secs] [Times: user=5.35 sys=0.00, real=0.11 secs] 
4523.299: [GC (Allocation Failure) [PSYoungGen: 26168821K->680972K(26355712K)] 26985532K->1498220K(29501440K), 0.1009252 secs] [Times: user=5.38 sys=0.00, real=0.10 secs] 
4527.012: [GC (Allocation Failure) [PSYoungGen: 26129420K->694115K(26355712K)] 26946668K->1511907K(29501440K), 0.1042452 secs] [Times: user=5.35 sys=0.00, real=0.11 secs] 
4530.723: [GC (Allocation Failure) [PSYoungGen: 26142563K->712024K(26355712K)] 26960355K->1530328K(29501440K), 0.1066236 secs] [Times: user=5.54 sys=0.00, real=0.10 secs] 
4534.200: [GC (Allocation Failure) [PSYoungGen: 26160472K->686260K(26355712K)] 26978776K->1505108K(29501440K), 0.1097165 secs] [Times: user=5.28 sys=0.01, real=0.11 secs] 
4537.760: [GC (Allocation Failure) [PSYoungGen: 26134708K->723995K(26355712K)] 26953556K->1543371K(29501440K), 0.1031074 secs] [Times: user=5.35 sys=0.01, real=0.11 secs] 
4541.342: [GC (Allocation Failure) [PSYoungGen: 26172443K->694076K(26355712K)] 26991819K->1513956K(29501440K), 0.1119246 secs] [Times: user=5.50 sys=0.02, real=0.12 secs] 
4544.945: [GC (Allocation Failure) [PSYoungGen: 26142524K->685873K(26355712K)] 26962404K->1506313K(29501440K), 0.1003441 secs] [Times: user=5.06 sys=0.00, real=0.10 secs] 
4548.454: [GC (Allocation Failure) [PSYoungGen: 26134321K->747759K(26355712K)] 26954761K->1568759K(29501440K), 0.1096954 secs] [Times: user=5.47 sys=0.01, real=0.11 secs] 
4551.993: [GC (Allocation Failure) [PSYoungGen: 26196207K->714934K(26355712K)] 27017207K->1536462K(29501440K), 0.1082439 secs] [Times: user=5.33 sys=0.00, real=0.10 secs] 
4555.470: [GC (Allocation Failure) [PSYoungGen: 26163382K->713728K(26355712K)] 26984910K->1535936K(29501440K), 0.1034320 secs] [Times: user=5.20 sys=0.00, real=0.11 secs] 
4558.961: [GC (Allocation Failure) [PSYoungGen: 26162176K->709005K(26355712K)] 26984384K->1531797K(29501440K), 0.1074969 secs] [Times: user=5.38 sys=0.00, real=0.11 secs] 
4562.491: [GC (Allocation Failure) [PSYoungGen: 26157453K->738341K(26355712K)] 26980245K->1561677K(29501440K), 0.1095923 secs] [Times: user=5.49 sys=0.00, real=0.11 secs] 
4566.070: [GC (Allocation Failure) [PSYoungGen: 26186789K->656103K(26355712K)] 27010125K->1479935K(29501440K), 0.1044116 secs] [Times: user=5.58 sys=0.00, real=0.11 secs] 
4569.737: [GC (Allocation Failure) [PSYoungGen: 26104551K->722705K(26355712K)] 26928383K->1547161K(29501440K), 0.1042235 secs] [Times: user=5.47 sys=0.00, real=0.10 secs] 
4573.254: [GC (Allocation Failure) [PSYoungGen: 26171153K->678910K(26355712K)] 26995609K->1503918K(29501440K), 0.1039592 secs] [Times: user=5.36 sys=0.00, real=0.10 secs] 
4576.815: [GC (Allocation Failure) [PSYoungGen: 26127358K->664873K(26355712K)] 26952366K->1490441K(29501440K), 0.1071040 secs] [Times: user=5.22 sys=0.00, real=0.10 secs] 
4580.368: [GC (Allocation Failure) [PSYoungGen: 26113321K->664743K(26355712K)] 26938889K->1490847K(29501440K), 0.0991768 secs] [Times: user=5.24 sys=0.00, real=0.10 secs] 
4583.933: [GC (Allocation Failure) [PSYoungGen: 26113191K->660038K(26355712K)] 26939295K->1486710K(29501440K), 0.1072175 secs] [Times: user=5.17 sys=0.00, real=0.10 secs] 
4587.507: [GC (Allocation Failure) [PSYoungGen: 26108486K->697193K(26355712K)] 26935158K->1524456K(29501440K), 0.1074622 secs] [Times: user=5.30 sys=0.00, real=0.11 secs] 
4591.186: [GC (Allocation Failure) [PSYoungGen: 26145641K->670552K(26355712K)] 26972904K->1498287K(29501440K), 0.1037320 secs] [Times: user=4.79 sys=0.01, real=0.10 secs] 
4594.769: [GC (Allocation Failure) [PSYoungGen: 26119000K->737007K(26355712K)] 26946735K->1565287K(29501440K), 0.1075185 secs] [Times: user=5.52 sys=0.01, real=0.11 secs] 
4598.303: [GC (Allocation Failure) [PSYoungGen: 26185455K->750968K(26355712K)] 27013735K->1579808K(29501440K), 0.1046643 secs] [Times: user=5.51 sys=0.00, real=0.10 secs] 
4601.839: [GC (Allocation Failure) [PSYoungGen: 26199416K->677897K(26355712K)] 27028256K->1507265K(29501440K), 0.1010503 secs] [Times: user=5.20 sys=0.01, real=0.10 secs] 
4605.426: [GC (Allocation Failure) [PSYoungGen: 26126345K->713269K(26355712K)] 26955713K->1543165K(29501440K), 0.1044159 secs] [Times: user=5.27 sys=0.00, real=0.10 secs] 
4608.805: [GC (Allocation Failure) [PSYoungGen: 26161717K->681212K(26355712K)] 26991613K->1511596K(29501440K), 0.1039086 secs] [Times: user=5.37 sys=0.01, real=0.10 secs] 
4612.242: [GC (Allocation Failure) [PSYoungGen: 26129660K->696401K(26355712K)] 26960044K->1527329K(29501440K), 0.0987311 secs] [Times: user=5.29 sys=0.00, real=0.10 secs] 
4615.787: [GC (Allocation Failure) [PSYoungGen: 26144849K->666735K(26355712K)] 26975777K->1498215K(29501440K), 0.1062070 secs] [Times: user=4.90 sys=0.00, real=0.11 secs] 
4619.259: [GC (Allocation Failure) [PSYoungGen: 26115183K->686124K(26355712K)] 26946663K->1518164K(29501440K), 0.1003207 secs] [Times: user=5.07 sys=0.01, real=0.10 secs] 
4622.713: [GC (Allocation Failure) [PSYoungGen: 26134572K->729856K(26355712K)] 26966612K->1562400K(29501440K), 0.1023980 secs] [Times: user=5.38 sys=0.00, real=0.10 secs] 
4626.243: [GC (Allocation Failure) [PSYoungGen: 26178304K->692628K(26355712K)] 27010848K->1525732K(29501440K), 0.1060248 secs] [Times: user=5.32 sys=0.00, real=0.10 secs] 
4629.910: [GC (Allocation Failure) [PSYoungGen: 26141076K->673271K(26355712K)] 26974180K->1506999K(29501440K), 0.1097115 secs] [Times: user=5.16 sys=0.00, real=0.11 secs] 
4633.345: [GC (Allocation Failure) [PSYoungGen: 26121719K->669255K(26355712K)] 26955447K->1503511K(29501440K), 0.1058621 secs] [Times: user=5.17 sys=0.00, real=0.10 secs] 
4636.822: [GC (Allocation Failure) [PSYoungGen: 26117703K->671494K(26355712K)] 26951959K->1506270K(29501440K), 0.1036898 secs] [Times: user=5.39 sys=0.00, real=0.10 secs] 
4640.340: [GC (Allocation Failure) [PSYoungGen: 26119942K->673127K(26355712K)] 26954718K->1508407K(29501440K), 0.0990323 secs] [Times: user=5.18 sys=0.00, real=0.10 secs] 
4643.822: [GC (Allocation Failure) [PSYoungGen: 26121575K->698662K(26355712K)] 26956855K->1534525K(29501440K), 0.1047672 secs] [Times: user=5.28 sys=0.00, real=0.11 secs] 
4647.259: [GC (Allocation Failure) [PSYoungGen: 26147110K->699237K(26355712K)] 26982973K->1535613K(29501440K), 0.1022127 secs] [Times: user=5.31 sys=0.02, real=0.10 secs] 
4650.841: [GC (Allocation Failure) [PSYoungGen: 26147685K->675092K(26355712K)] 26984061K->1511996K(29501440K), 0.1059032 secs] [Times: user=5.18 sys=0.01, real=0.11 secs] 
4654.299: [GC (Allocation Failure) [PSYoungGen: 26123540K->681470K(26355712K)] 26960444K->1519014K(29501440K), 0.1026286 secs] [Times: user=5.17 sys=0.00, real=0.10 secs] 
4658.006: [GC (Allocation Failure) [PSYoungGen: 26129918K->788530K(26355712K)] 26967462K->1626626K(29501440K), 0.1137429 secs] [Times: user=5.70 sys=0.00, real=0.11 secs] 
4661.515: [GC (Allocation Failure) [PSYoungGen: 26236978K->710216K(26355712K)] 27075074K->1548831K(29501440K), 0.1069953 secs] [Times: user=5.49 sys=0.01, real=0.10 secs] 
4665.042: [GC (Allocation Failure) [PSYoungGen: 26158664K->671404K(26355712K)] 26997279K->1510524K(29501440K), 0.0996627 secs] [Times: user=5.08 sys=0.01, real=0.10 secs] 
4668.546: [GC (Allocation Failure) [PSYoungGen: 26119852K->739842K(26355712K)] 26958972K->1579498K(29501440K), 0.1052109 secs] [Times: user=5.32 sys=0.01, real=0.10 secs] 
4671.996: [GC (Allocation Failure) [PSYoungGen: 26188290K->661948K(26355712K)] 27027946K->1502164K(29501440K), 0.1028769 secs] [Times: user=5.05 sys=0.00, real=0.10 secs] 
4675.472: [GC (Allocation Failure) [PSYoungGen: 26110396K->793600K(26355712K)] 26950612K->1634304K(29501440K), 0.1105957 secs] [Times: user=5.59 sys=0.00, real=0.12 secs] 
4678.981: [GC (Allocation Failure) [PSYoungGen: 26242048K->703956K(26355712K)] 27082752K->1545228K(29501440K), 0.1028294 secs] [Times: user=5.41 sys=0.00, real=0.11 secs] 
4682.491: [GC (Allocation Failure) [PSYoungGen: 26152404K->765226K(26355712K)] 26993676K->1607066K(29501440K), 0.1086580 secs] [Times: user=5.53 sys=0.01, real=0.11 secs] 
4685.811: [GC (Allocation Failure) [PSYoungGen: 26213674K->739723K(26355712K)] 27055514K->1582067K(29501440K), 0.1041607 secs] [Times: user=5.53 sys=0.00, real=0.11 secs] 
4689.219: [GC (Allocation Failure) [PSYoungGen: 26188171K->695610K(26355712K)] 27030515K->1538466K(29501440K), 0.1025922 secs] [Times: user=5.27 sys=0.00, real=0.10 secs] 
4692.727: [GC (Allocation Failure) [PSYoungGen: 26144058K->759087K(26355712K)] 26986914K->1602486K(29501440K), 0.1112801 secs] [Times: user=5.66 sys=0.00, real=0.11 secs] 
4696.105: [GC (Allocation Failure) [PSYoungGen: 26207535K->680631K(26355712K)] 27050934K->1524543K(29501440K), 0.0985258 secs] [Times: user=5.27 sys=0.00, real=0.10 secs] 
4699.535: [GC (Allocation Failure) [PSYoungGen: 26129079K->696276K(26355712K)] 26972991K->1540708K(29501440K), 0.0998311 secs] [Times: user=5.34 sys=0.01, real=0.10 secs] 
4703.062: [GC (Allocation Failure) [PSYoungGen: 26144724K->676689K(26355712K)] 26989156K->1521649K(29501440K), 0.1059253 secs] [Times: user=5.35 sys=0.01, real=0.11 secs] 
4706.614: [GC (Allocation Failure) [PSYoungGen: 26125137K->734375K(26355712K)] 26970097K->1579839K(29501440K), 0.1080409 secs] [Times: user=5.57 sys=0.00, real=0.11 secs] 
4710.031: [GC (Allocation Failure) [PSYoungGen: 26182823K->689132K(26355712K)] 27028287K->1535196K(29501440K), 0.1018212 secs] [Times: user=5.04 sys=0.00, real=0.11 secs] 
4713.499: [GC (Allocation Failure) [PSYoungGen: 26137580K->697368K(26355712K)] 26983644K->1543959K(29501440K), 0.1094904 secs] [Times: user=5.39 sys=0.01, real=0.11 secs] 
4716.924: [GC (Allocation Failure) [PSYoungGen: 26145816K->669852K(26355712K)] 26992407K->1516996K(29501440K), 0.0990211 secs] [Times: user=5.15 sys=0.01, real=0.10 secs] 
4720.413: [GC (Allocation Failure) [PSYoungGen: 26118300K->696502K(26355712K)] 26965444K->1544150K(29501440K), 0.1013709 secs] [Times: user=5.44 sys=0.01, real=0.10 secs] 
4723.782: [GC (Allocation Failure) [PSYoungGen: 26144950K->663708K(26355712K)] 26992598K->1511867K(29501440K), 0.1001760 secs] [Times: user=5.34 sys=0.00, real=0.10 secs] 
4727.346: [GC (Allocation Failure) [PSYoungGen: 26112156K->704741K(26355712K)] 26960315K->1553421K(29501440K), 0.1035531 secs] [Times: user=5.25 sys=0.00, real=0.10 secs] 
4730.788: [GC (Allocation Failure) [PSYoungGen: 26153189K->706568K(26355712K)] 27001869K->1555800K(29501440K), 0.1044206 secs] [Times: user=5.27 sys=0.00, real=0.11 secs] 
4734.279: [GC (Allocation Failure) [PSYoungGen: 26155016K->711728K(26355712K)] 27004248K->1561432K(29501440K), 0.1049261 secs] [Times: user=5.26 sys=0.00, real=0.11 secs] 
4737.746: [GC (Allocation Failure) [PSYoungGen: 26160176K->743693K(26355712K)] 27009880K->1593956K(29501440K), 0.1123576 secs] [Times: user=5.51 sys=0.00, real=0.11 secs] 
4741.192: [GC (Allocation Failure) [PSYoungGen: 26192141K->696376K(26355712K)] 27042404K->1547239K(29501440K), 0.1096090 secs] [Times: user=5.44 sys=0.00, real=0.11 secs] 
4744.675: [GC (Allocation Failure) [PSYoungGen: 26144824K->762486K(26355712K)] 26995687K->1613870K(29501440K), 0.1119960 secs] [Times: user=5.80 sys=0.00, real=0.11 secs] 
4748.216: [GC (Allocation Failure) [PSYoungGen: 26210934K->721501K(26355712K)] 27062318K->1573469K(29501440K), 0.1135962 secs] [Times: user=5.76 sys=0.00, real=0.11 secs] 
4751.723: [GC (Allocation Failure) [PSYoungGen: 26169949K->771264K(26355712K)] 27021917K->1623791K(29501440K), 0.1132540 secs] [Times: user=5.64 sys=0.00, real=0.11 secs] 
4755.069: [GC (Allocation Failure) [PSYoungGen: 26219712K->693656K(26355712K)] 27072239K->1546735K(29501440K), 0.1075952 secs] [Times: user=5.39 sys=0.00, real=0.11 secs] 
4758.439: [GC (Allocation Failure) [PSYoungGen: 26142104K->692332K(26355712K)] 26995183K->1545932K(29501440K), 0.1076722 secs] [Times: user=5.29 sys=0.00, real=0.11 secs] 
4761.845: [GC (Allocation Failure) [PSYoungGen: 26140780K->686333K(26355712K)] 26994380K->1540516K(29501440K), 0.1118150 secs] [Times: user=5.80 sys=0.02, real=0.11 secs] 
4765.220: [GC (Allocation Failure) [PSYoungGen: 26134781K->717392K(26355712K)] 26988964K->1572080K(29501440K), 0.1061390 secs] [Times: user=5.36 sys=0.00, real=0.11 secs] 
4768.529: [GC (Allocation Failure) [PSYoungGen: 26165840K->725136K(26355712K)] 27020528K->1580408K(29501440K), 0.1120714 secs] [Times: user=5.46 sys=0.01, real=0.11 secs] 
4772.058: [GC (Allocation Failure) [PSYoungGen: 26173584K->713779K(26355712K)] 27028856K->1569587K(29501440K), 0.1053732 secs] [Times: user=5.58 sys=0.00, real=0.11 secs] 
4775.442: [GC (Allocation Failure) [PSYoungGen: 26162227K->771876K(26355712K)] 27018035K->1628212K(29501440K), 0.1154020 secs] [Times: user=5.84 sys=0.01, real=0.12 secs] 
4778.737: [GC (Allocation Failure) [PSYoungGen: 26220324K->749046K(26355712K)] 27076660K->1605942K(29501440K), 0.1146510 secs] [Times: user=5.66 sys=0.00, real=0.12 secs] 
4782.144: [GC (Allocation Failure) [PSYoungGen: 26197494K->717653K(26355712K)] 27054390K->1575117K(29501440K), 0.1023885 secs] [Times: user=5.36 sys=0.01, real=0.10 secs] 
4785.547: [GC (Allocation Failure) [PSYoungGen: 26166101K->723121K(26355712K)] 27023565K->1581097K(29501440K), 0.1027966 secs] [Times: user=5.35 sys=0.00, real=0.10 secs] 
4788.888: [GC (Allocation Failure) [PSYoungGen: 26171569K->658521K(26355712K)] 27029545K->1517001K(29501440K), 0.0990044 secs] [Times: user=5.09 sys=0.00, real=0.10 secs] 
4792.339: [GC (Allocation Failure) [PSYoungGen: 26106969K->747537K(26355712K)] 26965449K->1606577K(29501440K), 0.1088140 secs] [Times: user=5.74 sys=0.00, real=0.11 secs] 
4795.801: [GC (Allocation Failure) [PSYoungGen: 26195985K->732244K(26355712K)] 27055025K->1591828K(29501440K), 0.1046567 secs] [Times: user=5.36 sys=0.00, real=0.11 secs] 
4799.169: [GC (Allocation Failure) [PSYoungGen: 26180692K->716891K(26355712K)] 27040276K->1576995K(29501440K), 0.1014596 secs] [Times: user=5.39 sys=0.00, real=0.10 secs] 
4802.578: [GC (Allocation Failure) [PSYoungGen: 26165339K->726519K(26355712K)] 27025443K->1587127K(29501440K), 0.1013462 secs] [Times: user=5.42 sys=0.00, real=0.10 secs] 
4805.983: [GC (Allocation Failure) [PSYoungGen: 26174967K->700261K(26355712K)] 27035575K->1561437K(29501440K), 0.1036260 secs] [Times: user=5.38 sys=0.00, real=0.10 secs] 
4809.328: [GC (Allocation Failure) [PSYoungGen: 26148709K->733864K(26355712K)] 27009885K->1595624K(29501440K), 0.1088015 secs] [Times: user=5.59 sys=0.00, real=0.11 secs] 
4812.768: [GC (Allocation Failure) [PSYoungGen: 26182312K->741587K(26355712K)] 27044072K->1603899K(29501440K), 0.1061039 secs] [Times: user=5.66 sys=0.00, real=0.11 secs] 
4816.145: [GC (Allocation Failure) [PSYoungGen: 26190035K->717366K(26355712K)] 27052347K->1580166K(29501440K), 0.1060542 secs] [Times: user=5.38 sys=0.01, real=0.10 secs] 
4819.631: [GC (Allocation Failure) [PSYoungGen: 26165814K->719963K(26355712K)] 27028614K->1583323K(29501440K), 0.1045565 secs] [Times: user=5.53 sys=0.00, real=0.11 secs] 
4822.978: [GC (Allocation Failure) [PSYoungGen: 26168411K->674577K(26355712K)] 27031771K->1538609K(29501440K), 0.1022360 secs] [Times: user=5.35 sys=0.00, real=0.10 secs] 
4826.192: [GC (Allocation Failure) [PSYoungGen: 26123025K->707109K(26355712K)] 26987057K->1571637K(29501440K), 0.1011620 secs] [Times: user=5.03 sys=0.00, real=0.11 secs] 
4829.465: [GC (Allocation Failure) [PSYoungGen: 26155557K->731919K(26355712K)] 27020085K->1596967K(29501440K), 0.1053119 secs] [Times: user=5.56 sys=0.00, real=0.10 secs] 
4832.813: [GC (Allocation Failure) [PSYoungGen: 26180367K->699633K(26355712K)] 27045415K->1565289K(29501440K), 0.1024620 secs] [Times: user=5.37 sys=0.00, real=0.10 secs] 
4836.211: [GC (Allocation Failure) [PSYoungGen: 26148081K->710242K(26355712K)] 27013737K->1576377K(29501440K), 0.1040407 secs] [Times: user=5.44 sys=0.01, real=0.11 secs] 
4839.536: [GC (Allocation Failure) [PSYoungGen: 26158690K->754615K(26355712K)] 27024825K->1621287K(29501440K), 0.1132003 secs] [Times: user=5.69 sys=0.00, real=0.11 secs] 
4842.708: [GC (Allocation Failure) [PSYoungGen: 26203063K->758190K(26355712K)] 27069735K->1625406K(29501440K), 0.1097786 secs] [Times: user=5.79 sys=0.01, real=0.11 secs] 
4846.115: [GC (Allocation Failure) [PSYoungGen: 26206638K->733423K(26355712K)] 27073854K->1601183K(29501440K), 0.1041060 secs] [Times: user=5.48 sys=0.00, real=0.10 secs] 
4849.341: [GC (Allocation Failure) [PSYoungGen: 26181871K->739156K(26355712K)] 27049631K->1607420K(29501440K), 0.1074970 secs] [Times: user=5.63 sys=0.00, real=0.11 secs] 
4852.672: [GC (Allocation Failure) [PSYoungGen: 26187604K->738012K(26355712K)] 27055868K->1606780K(29501440K), 0.1086272 secs] [Times: user=5.68 sys=0.00, real=0.10 secs] 
4855.982: [GC (Allocation Failure) [PSYoungGen: 26186460K->671312K(26355712K)] 27055228K->1540688K(29501440K), 0.1039236 secs] [Times: user=5.09 sys=0.00, real=0.11 secs] 
4859.330: [GC (Allocation Failure) [PSYoungGen: 26119760K->718041K(26355712K)] 26989136K->1587929K(29501440K), 0.1086418 secs] [Times: user=5.56 sys=0.01, real=0.11 secs] 
4862.637: [GC (Allocation Failure) [PSYoungGen: 26166489K->736801K(26355712K)] 27036377K->1607185K(29501440K), 0.1039231 secs] [Times: user=5.56 sys=0.00, real=0.10 secs] 
4865.924: [GC (Allocation Failure) [PSYoungGen: 26185249K->743801K(26355712K)] 27055633K->1614833K(29501440K), 0.1086553 secs] [Times: user=5.54 sys=0.00, real=0.11 secs] 
4869.238: [GC (Allocation Failure) [PSYoungGen: 26192249K->712631K(26355712K)] 27063281K->1584190K(29501440K), 0.1058665 secs] [Times: user=5.53 sys=0.00, real=0.11 secs] 
4872.569: [GC (Allocation Failure) [PSYoungGen: 26161079K->727766K(26355712K)] 27032638K->1599846K(29501440K), 0.1072566 secs] [Times: user=5.59 sys=0.00, real=0.11 secs] 
4875.853: [GC (Allocation Failure) [PSYoungGen: 26176214K->675314K(26355712K)] 27048294K->1547882K(29501440K), 0.0983719 secs] [Times: user=4.94 sys=0.00, real=0.09 secs] 
4879.176: [GC (Allocation Failure) [PSYoungGen: 26123762K->677837K(26355712K)] 26996330K->1550964K(29501440K), 0.1001400 secs] [Times: user=4.80 sys=0.00, real=0.10 secs] 
4882.599: [GC (Allocation Failure) [PSYoungGen: 26126285K->759250K(26355712K)] 26999412K->1632954K(29501440K), 0.1031615 secs] [Times: user=5.40 sys=0.01, real=0.11 secs] 
4885.945: [GC (Allocation Failure) [PSYoungGen: 26207698K->728515K(26355712K)] 27081402K->1602707K(29501440K), 0.1087136 secs] [Times: user=5.47 sys=0.00, real=0.11 secs] 
4889.326: [GC (Allocation Failure) [PSYoungGen: 26176963K->738543K(26355712K)] 27051155K->1613215K(29501440K), 0.1017113 secs] [Times: user=5.27 sys=0.01, real=0.10 secs] 
4892.706: [GC (Allocation Failure) [PSYoungGen: 26186991K->723006K(26355712K)] 27061663K->1598221K(29501440K), 0.1042081 secs] [Times: user=5.28 sys=0.01, real=0.10 secs] 
4896.216: [GC (Allocation Failure) [PSYoungGen: 26171454K->733913K(26355712K)] 27046669K->1609753K(29501440K), 0.1078699 secs] [Times: user=5.35 sys=0.00, real=0.11 secs] 
4899.489: [GC (Allocation Failure) [PSYoungGen: 26182361K->749020K(26355712K)] 27058201K->1625372K(29501440K), 0.1078681 secs] [Times: user=5.53 sys=0.00, real=0.11 secs] 
4902.699: [GC (Allocation Failure) [PSYoungGen: 26197468K->756849K(26355712K)] 27073820K->1633705K(29501440K), 0.1032037 secs] [Times: user=5.44 sys=0.00, real=0.11 secs] 
4905.987: [GC (Allocation Failure) [PSYoungGen: 26205297K->715263K(26355712K)] 27082153K->1592687K(29501440K), 0.1017695 secs] [Times: user=5.48 sys=0.00, real=0.10 secs] 
4909.264: [GC (Allocation Failure) [PSYoungGen: 26163711K->744197K(26355712K)] 27041135K->1622141K(29501440K), 0.1080289 secs] [Times: user=5.69 sys=0.00, real=0.10 secs] 
4912.613: [GC (Allocation Failure) [PSYoungGen: 26192645K->723091K(26355712K)] 27070589K->1601531K(29501440K), 0.1090166 secs] [Times: user=5.29 sys=0.00, real=0.10 secs] 
4915.939: [GC (Allocation Failure) [PSYoungGen: 26171539K->703873K(26355712K)] 27049979K->1582857K(29501440K), 0.1042586 secs] [Times: user=5.46 sys=0.00, real=0.11 secs] 
4919.294: [GC (Allocation Failure) [PSYoungGen: 26152321K->745437K(26355712K)] 27031305K->1624941K(29501440K), 0.1147542 secs] [Times: user=5.70 sys=0.01, real=0.11 secs] 
4922.614: [GC (Allocation Failure) [PSYoungGen: 26193885K->720177K(26355712K)] 27073389K->1600520K(29501440K), 0.1013036 secs] [Times: user=5.42 sys=0.00, real=0.10 secs] 
4925.841: [GC (Allocation Failure) [PSYoungGen: 26168625K->689316K(26355712K)] 27048968K->1570204K(29501440K), 0.1103555 secs] [Times: user=5.38 sys=0.00, real=0.11 secs] 
4929.154: [GC (Allocation Failure) [PSYoungGen: 26137764K->720764K(26355712K)] 27018652K->1602156K(29501440K), 0.1078885 secs] [Times: user=5.36 sys=0.00, real=0.11 secs] 
4932.435: [GC (Allocation Failure) [PSYoungGen: 26169212K->718323K(26355712K)] 27050604K->1600266K(29501440K), 0.1036996 secs] [Times: user=5.34 sys=0.00, real=0.10 secs] 
4935.755: [GC (Allocation Failure) [PSYoungGen: 26166771K->799626K(26355712K)] 27048714K->1682242K(29501440K), 0.1165592 secs] [Times: user=5.84 sys=0.00, real=0.12 secs] 
4939.011: [GC (Allocation Failure) [PSYoungGen: 26248074K->701088K(26355712K)] 27130690K->1584208K(29501440K), 0.1097053 secs] [Times: user=5.31 sys=0.01, real=0.11 secs] 
4942.321: [GC (Allocation Failure) [PSYoungGen: 26149536K->781514K(26355712K)] 27032656K->1665106K(29501440K), 0.1111295 secs] [Times: user=5.79 sys=0.00, real=0.12 secs] 
4945.654: [GC (Allocation Failure) [PSYoungGen: 26229962K->714855K(26355712K)] 27113554K->1599031K(29501440K), 0.1090593 secs] [Times: user=5.25 sys=0.01, real=0.11 secs] 
4948.851: [GC (Allocation Failure) [PSYoungGen: 26163303K->659602K(26355712K)] 27047479K->1544354K(29501440K), 0.1027434 secs] [Times: user=5.22 sys=0.01, real=0.11 secs] 
4952.187: [GC (Allocation Failure) [PSYoungGen: 26108050K->752867K(26355712K)] 26992802K->1638131K(29501440K), 0.1067472 secs] [Times: user=5.56 sys=0.01, real=0.11 secs] 
4955.440: [GC (Allocation Failure) [PSYoungGen: 26201315K->751182K(26355712K)] 27086579K->1636974K(29501440K), 0.1103122 secs] [Times: user=5.81 sys=0.00, real=0.11 secs] 
4958.755: [GC (Allocation Failure) [PSYoungGen: 26199630K->789521K(26355712K)] 27085422K->1675825K(29501440K), 0.1076281 secs] [Times: user=5.79 sys=0.00, real=0.11 secs] 
4962.002: [GC (Allocation Failure) [PSYoungGen: 26237969K->735360K(26355712K)] 27124273K->1622232K(29501440K), 0.1078589 secs] [Times: user=5.56 sys=0.00, real=0.10 secs] 
4965.242: [GC (Allocation Failure) [PSYoungGen: 26183808K->693392K(26355712K)] 27070680K->1580856K(29501440K), 0.1029886 secs] [Times: user=5.54 sys=0.00, real=0.11 secs] 
4968.588: [GC (Allocation Failure) [PSYoungGen: 26141840K->705783K(26355712K)] 27029304K->1593751K(29501440K), 0.1058171 secs] [Times: user=5.55 sys=0.00, real=0.11 secs] 
4971.841: [GC (Allocation Failure) [PSYoungGen: 26154231K->711285K(26355712K)] 27042199K->1599733K(29501440K), 0.1119923 secs] [Times: user=5.42 sys=0.00, real=0.12 secs] 
4975.236: [GC (Allocation Failure) [PSYoungGen: 26159733K->717822K(26355712K)] 27048181K->1606822K(29501440K), 0.1026826 secs] [Times: user=5.40 sys=0.00, real=0.10 secs] 
4978.363: [GC (Allocation Failure) [PSYoungGen: 26166270K->724271K(26355712K)] 27055270K->1613831K(29501440K), 0.1074105 secs] [Times: user=5.40 sys=0.00, real=0.10 secs] 
4981.524: [GC (Allocation Failure) [PSYoungGen: 26172719K->727554K(26355712K)] 27062279K->1617626K(29501440K), 0.1054915 secs] [Times: user=5.41 sys=0.00, real=0.10 secs] 
4984.728: [GC (Allocation Failure) [PSYoungGen: 26176002K->843088K(26355712K)] 27066074K->1733664K(29501440K), 0.1192616 secs] [Times: user=5.94 sys=0.00, real=0.12 secs] 
4987.823: [GC (Allocation Failure) [PSYoungGen: 26291536K->654535K(26355712K)] 27182112K->1545711K(29501440K), 0.1028653 secs] [Times: user=5.15 sys=0.01, real=0.10 secs] 
4991.185: [GC (Allocation Failure) [PSYoungGen: 26102983K->719392K(26355712K)] 26994159K->1611128K(29501440K), 0.1042291 secs] [Times: user=5.35 sys=0.00, real=0.10 secs] 
4994.355: [GC (Allocation Failure) [PSYoungGen: 26167840K->701926K(26355712K)] 27059576K->1594198K(29501440K), 0.1049153 secs] [Times: user=5.22 sys=0.01, real=0.10 secs] 
4997.610: [GC (Allocation Failure) [PSYoungGen: 26150374K->814884K(26355712K)] 27042646K->1707692K(29501440K), 0.1142366 secs] [Times: user=6.09 sys=0.01, real=0.12 secs] 
5000.880: [GC (Allocation Failure) [PSYoungGen: 26263332K->686828K(26355712K)] 27156140K->1580140K(29501440K), 0.1046773 secs] [Times: user=5.42 sys=0.00, real=0.11 secs] 
5004.012: [GC (Allocation Failure) [PSYoungGen: 26135276K->671433K(26355712K)] 27028588K->1565273K(29501440K), 0.1036433 secs] [Times: user=5.17 sys=0.01, real=0.11 secs] 
5007.342: [GC (Allocation Failure) [PSYoungGen: 26119881K->720519K(26355712K)] 27013721K->1614903K(29501440K), 0.1056635 secs] [Times: user=5.60 sys=0.00, real=0.11 secs] 
5010.626: [GC (Allocation Failure) [PSYoungGen: 26168967K->760300K(26355712K)] 27063351K->1655252K(29501440K), 0.1079013 secs] [Times: user=5.63 sys=0.01, real=0.11 secs] 
5013.865: [GC (Allocation Failure) [PSYoungGen: 26208748K->686970K(26355712K)] 27103700K->1582426K(29501440K), 0.1067039 secs] [Times: user=5.24 sys=0.01, real=0.11 secs] 
5017.108: [GC (Allocation Failure) [PSYoungGen: 26135418K->707058K(26355712K)] 27030874K->1603050K(29501440K), 0.1053869 secs] [Times: user=5.50 sys=0.00, real=0.11 secs] 
5020.433: [GC (Allocation Failure) [PSYoungGen: 26155506K->731248K(26355712K)] 27051498K->1627775K(29501440K), 0.1090372 secs] [Times: user=5.49 sys=0.00, real=0.10 secs] 
5023.636: [GC (Allocation Failure) [PSYoungGen: 26179696K->734135K(26355712K)] 27076223K->1631183K(29501440K), 0.1092489 secs] [Times: user=5.62 sys=0.01, real=0.11 secs] 
5026.918: [GC (Allocation Failure) [PSYoungGen: 26182583K->740405K(26355712K)] 27079631K->1637997K(29501440K), 0.1050652 secs] [Times: user=5.28 sys=0.00, real=0.11 secs] 
5030.205: [GC (Allocation Failure) [PSYoungGen: 26188853K->756815K(26355712K)] 27086445K->1654927K(29501440K), 0.1059283 secs] [Times: user=5.55 sys=0.00, real=0.10 secs] 
5033.402: [GC (Allocation Failure) [PSYoungGen: 26205263K->725371K(26355712K)] 27103375K->1623987K(29501440K), 0.1043646 secs] [Times: user=5.42 sys=0.00, real=0.10 secs] 
5036.597: [GC (Allocation Failure) [PSYoungGen: 26173819K->863782K(26355712K)] 27072435K->1762926K(29501440K), 0.1267868 secs] [Times: user=6.31 sys=0.00, real=0.13 secs] 
5039.851: [GC (Allocation Failure) [PSYoungGen: 26312230K->699445K(26355712K)] 27211374K->1599109K(29501440K), 0.1017107 secs] [Times: user=5.37 sys=0.00, real=0.11 secs] 
5043.057: [GC (Allocation Failure) [PSYoungGen: 26147893K->703974K(26355712K)] 27047557K->1604198K(29501440K), 0.1080029 secs] [Times: user=5.45 sys=0.01, real=0.11 secs] 
5046.420: [GC (Allocation Failure) [PSYoungGen: 26152422K->743356K(26355712K)] 27052646K->1644108K(29501440K), 0.1065982 secs] [Times: user=5.46 sys=0.00, real=0.11 secs] 
5049.594: [GC (Allocation Failure) [PSYoungGen: 26191804K->782243K(26355712K)] 27092556K->1683539K(29501440K), 0.1137924 secs] [Times: user=5.84 sys=0.01, real=0.11 secs] 
5052.787: [GC (Allocation Failure) [PSYoungGen: 26230691K->687046K(26355712K)] 27131987K->1588838K(29501440K), 0.0967394 secs] [Times: user=5.16 sys=0.00, real=0.10 secs] 
5055.986: [GC (Allocation Failure) [PSYoungGen: 26135494K->672542K(26355712K)] 27037286K->1574838K(29501440K), 0.0999791 secs] [Times: user=5.15 sys=0.01, real=0.10 secs] 
5059.241: [GC (Allocation Failure) [PSYoungGen: 26120990K->761618K(26355712K)] 27023286K->1664530K(29501440K), 0.1101515 secs] [Times: user=5.67 sys=0.00, real=0.11 secs] 
5062.387: [GC (Allocation Failure) [PSYoungGen: 26210066K->774271K(26355712K)] 27112978K->1677775K(29501440K), 0.1093195 secs] [Times: user=5.71 sys=0.00, real=0.11 secs] 
5065.570: [GC (Allocation Failure) [PSYoungGen: 26222719K->745151K(26355712K)] 27126223K->1649223K(29501440K), 0.1071908 secs] [Times: user=5.70 sys=0.00, real=0.11 secs] 
5068.825: [GC (Allocation Failure) [PSYoungGen: 26193599K->709277K(26355712K)] 27097671K->1613853K(29501440K), 0.1057737 secs] [Times: user=5.23 sys=0.01, real=0.10 secs] 
5071.999: [GC (Allocation Failure) [PSYoungGen: 26157725K->701517K(26355712K)] 27062301K->1606597K(29501440K), 0.1085898 secs] [Times: user=5.36 sys=0.01, real=0.11 secs] 
5075.251: [GC (Allocation Failure) [PSYoungGen: 26149965K->750966K(26355712K)] 27055045K->1656621K(29501440K), 0.1110989 secs] [Times: user=5.50 sys=0.00, real=0.12 secs] 
5078.522: [GC (Allocation Failure) [PSYoungGen: 26199414K->768968K(26355712K)] 27105069K->1675224K(29501440K), 0.1080486 secs] [Times: user=5.61 sys=0.00, real=0.11 secs] 
5081.606: [GC (Allocation Failure) [PSYoungGen: 26217416K->722440K(26355712K)] 27123672K->1629312K(29501440K), 0.1085183 secs] [Times: user=5.56 sys=0.01, real=0.11 secs] 
5084.851: [GC (Allocation Failure) [PSYoungGen: 26170888K->692193K(26355712K)] 27077760K->1599561K(29501440K), 0.1026905 secs] [Times: user=5.25 sys=0.00, real=0.11 secs] 
5088.056: [GC (Allocation Failure) [PSYoungGen: 26140641K->707818K(26355712K)] 27048009K->1615722K(29501440K), 0.1026959 secs] [Times: user=5.39 sys=0.01, real=0.10 secs] 
5091.111: [GC (Allocation Failure) [PSYoungGen: 26156266K->715294K(26355712K)] 27064170K->1623710K(29501440K), 0.1015412 secs] [Times: user=5.45 sys=0.00, real=0.11 secs] 
5094.301: [GC (Allocation Failure) [PSYoungGen: 26163742K->755810K(26355712K)] 27072158K->1664778K(29501440K), 0.1094526 secs] [Times: user=5.60 sys=0.00, real=0.11 secs] 
5097.473: [GC (Allocation Failure) [PSYoungGen: 26204258K->761477K(26355712K)] 27113226K->1671036K(29501440K), 0.1112793 secs] [Times: user=5.62 sys=0.00, real=0.11 secs] 
5100.655: [GC (Allocation Failure) [PSYoungGen: 26209925K->763194K(26355712K)] 27119484K->1673290K(29501440K), 0.1092664 secs] [Times: user=5.83 sys=0.00, real=0.11 secs] 
5103.795: [GC (Allocation Failure) [PSYoungGen: 26211642K->721961K(26355712K)] 27121738K->1632569K(29501440K), 0.1071475 secs] [Times: user=5.44 sys=0.00, real=0.10 secs] 
5107.056: [GC (Allocation Failure) [PSYoungGen: 26170409K->711521K(26355712K)] 27081017K->1622641K(29501440K), 0.1045649 secs] [Times: user=5.31 sys=0.00, real=0.10 secs] 
5110.180: [GC (Allocation Failure) [PSYoungGen: 26159969K->692573K(26355712K)] 27071089K->1604220K(29501440K), 0.0986315 secs] [Times: user=5.20 sys=0.00, real=0.10 secs] 
5113.377: [GC (Allocation Failure) [PSYoungGen: 26141021K->696162K(26355712K)] 27052668K->1608322K(29501440K), 0.1060738 secs] [Times: user=5.53 sys=0.01, real=0.11 secs] 
5116.541: [GC (Allocation Failure) [PSYoungGen: 26144610K->751012K(26355712K)] 27056770K->1663684K(29501440K), 0.1055365 secs] [Times: user=5.53 sys=0.01, real=0.11 secs] 
5119.575: [GC (Allocation Failure) [PSYoungGen: 26199460K->742856K(26355712K)] 27112132K->1656064K(29501440K), 0.1039533 secs] [Times: user=5.53 sys=0.00, real=0.10 secs] 
5122.717: [GC (Allocation Failure) [PSYoungGen: 26191304K->771530K(26355712K)] 27104512K->1685314K(29501440K), 0.1090881 secs] [Times: user=5.62 sys=0.01, real=0.11 secs] 
5125.880: [GC (Allocation Failure) [PSYoungGen: 26219978K->683249K(26355712K)] 27133762K->1597529K(29501440K), 0.0989522 secs] [Times: user=4.97 sys=0.00, real=0.10 secs] 
5129.031: [GC (Allocation Failure) [PSYoungGen: 26131697K->688492K(26355712K)] 27045977K->1603284K(29501440K), 0.0985504 secs] [Times: user=5.17 sys=0.01, real=0.10 secs] 
5132.100: [GC (Allocation Failure) [PSYoungGen: 26136940K->673863K(26355712K)] 27051732K->1589191K(29501440K), 0.1035706 secs] [Times: user=5.38 sys=0.01, real=0.11 secs] 
5135.276: [GC (Allocation Failure) [PSYoungGen: 26122311K->738821K(26355712K)] 27037639K->1654661K(29501440K), 0.1150019 secs] [Times: user=5.76 sys=0.00, real=0.11 secs] 
5138.374: [GC (Allocation Failure) [PSYoungGen: 26187269K->762020K(26355712K)] 27103109K->1678388K(29501440K), 0.1129582 secs] [Times: user=5.84 sys=0.02, real=0.11 secs] 
5141.570: [GC (Allocation Failure) [PSYoungGen: 26210468K->760789K(26355712K)] 27126836K->1677693K(29501440K), 0.1058751 secs] [Times: user=5.50 sys=0.00, real=0.11 secs] 
5144.694: [GC (Allocation Failure) [PSYoungGen: 26209237K->750824K(26355712K)] 27126141K->1668240K(29501440K), 0.1090951 secs] [Times: user=5.65 sys=0.00, real=0.11 secs] 
5147.889: [GC (Allocation Failure) [PSYoungGen: 26199272K->761000K(26355712K)] 27116688K->1679480K(29501440K), 0.1092200 secs] [Times: user=5.90 sys=0.00, real=0.11 secs] 
5150.965: [GC (Allocation Failure) [PSYoungGen: 26209448K->712359K(26355712K)] 27127928K->1631399K(29501440K), 0.1036027 secs] [Times: user=5.46 sys=0.00, real=0.10 secs] 
5154.083: [GC (Allocation Failure) [PSYoungGen: 26160807K->746602K(26355712K)] 27079847K->1666146K(29501440K), 0.1077082 secs] [Times: user=5.71 sys=0.00, real=0.10 secs] 
5157.185: [GC (Allocation Failure) [PSYoungGen: 26195050K->735922K(26355712K)] 27114594K->1656010K(29501440K), 0.1175537 secs] [Times: user=5.66 sys=0.00, real=0.12 secs] 
5160.378: [GC (Allocation Failure) [PSYoungGen: 26184370K->699841K(26355712K)] 27104458K->1620545K(29501440K), 0.1050262 secs] [Times: user=5.38 sys=0.00, real=0.11 secs] 
5163.572: [GC (Allocation Failure) [PSYoungGen: 26148289K->759858K(26355712K)] 27068993K->1681066K(29501440K), 0.1087012 secs] [Times: user=5.51 sys=0.00, real=0.11 secs] 
5166.752: [GC (Allocation Failure) [PSYoungGen: 26208306K->774391K(26355712K)] 27129514K->1696095K(29501440K), 0.1117312 secs] [Times: user=5.66 sys=0.00, real=0.12 secs] 
5169.875: [GC (Allocation Failure) [PSYoungGen: 26222839K->705227K(26355712K)] 27144543K->1627427K(29501440K), 0.1059382 secs] [Times: user=5.50 sys=0.01, real=0.10 secs] 
5173.011: [GC (Allocation Failure) [PSYoungGen: 26153675K->704488K(26355712K)] 27075875K->1627336K(29501440K), 0.1076515 secs] [Times: user=5.03 sys=0.02, real=0.11 secs] 
5176.113: [GC (Allocation Failure) [PSYoungGen: 26152936K->708806K(26355712K)] 27075784K->1632190K(29501440K), 0.1024842 secs] [Times: user=5.41 sys=0.01, real=0.10 secs] 
5179.265: [GC (Allocation Failure) [PSYoungGen: 26157254K->734012K(26355712K)] 27080638K->1657939K(29501440K), 0.1046301 secs] [Times: user=5.48 sys=0.00, real=0.10 secs] 
5182.404: [GC (Allocation Failure) [PSYoungGen: 26182460K->721726K(26355712K)] 27106387K->1646166K(29501440K), 0.1134135 secs] [Times: user=5.54 sys=0.00, real=0.11 secs] 
5185.693: [GC (Allocation Failure) [PSYoungGen: 26170174K->766348K(26355712K)] 27094614K->1691300K(29501440K), 0.1164684 secs] [Times: user=5.57 sys=0.01, real=0.11 secs] 
5188.787: [GC (Allocation Failure) [PSYoungGen: 26214796K->705703K(26355712K)] 27139748K->1631303K(29501440K), 0.1090103 secs] [Times: user=5.36 sys=0.01, real=0.11 secs] 
5191.902: [GC (Allocation Failure) [PSYoungGen: 26154151K->683211K(26355712K)] 27079751K->1609315K(29501440K), 0.1036168 secs] [Times: user=5.23 sys=0.00, real=0.10 secs] 
5195.068: [GC (Allocation Failure) [PSYoungGen: 26131659K->776083K(26355712K)] 27057763K->1702731K(29501440K), 0.1111551 secs] [Times: user=5.70 sys=0.00, real=0.11 secs] 
5198.034: [GC (Allocation Failure) [PSYoungGen: 26224531K->725527K(26355712K)] 27151179K->1652751K(29501440K), 0.1086290 secs] [Times: user=5.48 sys=0.00, real=0.11 secs] 
5201.130: [GC (Allocation Failure) [PSYoungGen: 26173975K->732910K(26355712K)] 27101199K->1660629K(29501440K), 0.1047119 secs] [Times: user=5.39 sys=0.00, real=0.11 secs] 
5204.302: [GC (Allocation Failure) [PSYoungGen: 26181358K->718552K(26355712K)] 27109077K->1646760K(29501440K), 0.1040052 secs] [Times: user=5.33 sys=0.01, real=0.11 secs] 
5207.380: [GC (Allocation Failure) [PSYoungGen: 26167000K->695036K(26355712K)] 27095208K->1623764K(29501440K), 0.1069656 secs] [Times: user=5.17 sys=0.00, real=0.11 secs] 
5210.426: [GC (Allocation Failure) [PSYoungGen: 26143484K->737944K(26355712K)] 27072212K->1667199K(29501440K), 0.1061010 secs] [Times: user=5.73 sys=0.00, real=0.11 secs] 
5213.546: [GC (Allocation Failure) [PSYoungGen: 26186392K->760471K(26355712K)] 27115647K->1690247K(29501440K), 0.1117567 secs] [Times: user=5.74 sys=0.00, real=0.11 secs] 
5216.652: [GC (Allocation Failure) [PSYoungGen: 26208919K->757041K(26355712K)] 27138695K->1687353K(29501440K), 0.1071030 secs] [Times: user=5.68 sys=0.00, real=0.10 secs] 
5219.712: [GC (Allocation Failure) [PSYoungGen: 26205489K->758786K(26355712K)] 27135801K->1689610K(29501440K), 0.1082134 secs] [Times: user=5.81 sys=0.00, real=0.11 secs] 
5222.921: [GC (Allocation Failure) [PSYoungGen: 26207234K->768389K(26355712K)] 27138058K->1699757K(29501440K), 0.1055147 secs] [Times: user=5.51 sys=0.00, real=0.11 secs] 
5226.037: [GC (Allocation Failure) [PSYoungGen: 26216837K->752114K(26355712K)] 27148205K->1684033K(29501440K), 0.1115689 secs] [Times: user=5.49 sys=0.00, real=0.11 secs] 
5229.054: [GC (Allocation Failure) [PSYoungGen: 26200562K->733042K(26355712K)] 27132481K->1665466K(29501440K), 0.1124088 secs] [Times: user=5.76 sys=0.01, real=0.11 secs] 
5232.114: [GC (Allocation Failure) [PSYoungGen: 26181490K->762046K(26355712K)] 27113914K->1694982K(29501440K), 0.1136658 secs] [Times: user=5.75 sys=0.00, real=0.11 secs] 
5235.258: [GC (Allocation Failure) [PSYoungGen: 26210494K->738327K(26355712K)] 27143430K->1671823K(29501440K), 0.1080617 secs] [Times: user=5.40 sys=0.00, real=0.11 secs] 
5238.282: [GC (Allocation Failure) [PSYoungGen: 26186775K->731681K(26355712K)] 27120271K->1665697K(29501440K), 0.1138627 secs] [Times: user=5.79 sys=0.00, real=0.12 secs] 
5241.362: [GC (Allocation Failure) [PSYoungGen: 26180129K->763115K(26355712K)] 27114145K->1697691K(29501440K), 0.1091640 secs] [Times: user=5.57 sys=0.01, real=0.11 secs] 
5244.553: [GC (Allocation Failure) [PSYoungGen: 26211563K->752679K(26355712K)] 27146139K->1687807K(29501440K), 0.1189716 secs] [Times: user=5.51 sys=0.01, real=0.11 secs] 
5247.678: [GC (Allocation Failure) [PSYoungGen: 26201127K->770018K(26355712K)] 27136255K->1705658K(29501440K), 0.1166698 secs] [Times: user=5.82 sys=0.01, real=0.12 secs] 
5250.790: [GC (Allocation Failure) [PSYoungGen: 26218466K->686190K(26355712K)] 27154106K->1622342K(29501440K), 0.1089411 secs] [Times: user=5.46 sys=0.00, real=0.11 secs] 
5253.937: [GC (Allocation Failure) [PSYoungGen: 26134638K->709958K(26355712K)] 27070790K->1646629K(29501440K), 0.1051070 secs] [Times: user=5.46 sys=0.00, real=0.11 secs] 
5256.911: [GC (Allocation Failure) [PSYoungGen: 26158406K->714525K(26355712K)] 27095077K->1651789K(29501440K), 0.1060456 secs] [Times: user=5.58 sys=0.01, real=0.11 secs] 
5259.909: [GC (Allocation Failure) [PSYoungGen: 26162973K->673225K(26355712K)] 27100237K->1611009K(29501440K), 0.1029045 secs] [Times: user=5.20 sys=0.00, real=0.10 secs] 
5263.009: [GC (Allocation Failure) [PSYoungGen: 26121673K->743355K(26355712K)] 27059457K->1681643K(29501440K), 0.1077366 secs] [Times: user=5.72 sys=0.00, real=0.11 secs] 
5266.142: [GC (GCLocker Initiated GC) [PSYoungGen: 26191803K->755188K(26355712K)] 27131812K->1695718K(29501440K), 0.1080333 secs] [Times: user=5.53 sys=0.00, real=0.11 secs] 
5269.177: [GC (Allocation Failure) [PSYoungGen: 26203636K->688744K(26355712K)] 27144168K->1629836K(29501440K), 0.1135772 secs] [Times: user=5.81 sys=0.00, real=0.11 secs] 
5272.228: [GC (Allocation Failure) [PSYoungGen: 26137192K->786858K(26355712K)] 27078284K->1728455K(29501440K), 0.1092193 secs] [Times: user=5.67 sys=0.01, real=0.11 secs] 
5275.237: [GC (Allocation Failure) [PSYoungGen: 26235306K->775178K(26355712K)] 27176903K->1717255K(29501440K), 0.1125681 secs] [Times: user=5.88 sys=0.01, real=0.11 secs] 
5278.451: [GC (Allocation Failure) [PSYoungGen: 26223626K->783980K(26355712K)] 27165703K->1726600K(29501440K), 0.1215236 secs] [Times: user=5.73 sys=0.00, real=0.13 secs] 
5281.384: [GC (Allocation Failure) [PSYoungGen: 26232428K->749627K(26355712K)] 27175048K->1692783K(29501440K), 0.1120572 secs] [Times: user=5.70 sys=0.00, real=0.11 secs] 
5284.392: [GC (Allocation Failure) [PSYoungGen: 26198075K->766465K(26355712K)] 27141231K->1710141K(29501440K), 0.1188309 secs] [Times: user=5.92 sys=0.04, real=0.12 secs] 
5287.421: [GC (Allocation Failure) [PSYoungGen: 26214913K->788673K(26355712K)] 27158589K->1732861K(29501440K), 0.1110870 secs] [Times: user=5.87 sys=0.01, real=0.12 secs] 
5290.434: [GC (Allocation Failure) [PSYoungGen: 26236961K->800352K(26355712K)] 27181149K->1745053K(29501440K), 0.1146576 secs] [Times: user=5.97 sys=0.01, real=0.11 secs] 
5293.529: [GC (Allocation Failure) [PSYoungGen: 26248800K->777177K(26355712K)] 27193501K->1722397K(29501440K), 0.1074797 secs] [Times: user=5.75 sys=0.00, real=0.11 secs] 
5296.584: [GC (Allocation Failure) [PSYoungGen: 26225625K->802207K(26355712K)] 27170845K->1748083K(29501440K), 0.1152592 secs] [Times: user=5.85 sys=0.00, real=0.11 secs] 
5299.642: [GC (Allocation Failure) [PSYoungGen: 26250655K->819552K(26355712K)] 27196531K->1766060K(29501440K), 0.1204233 secs] [Times: user=6.24 sys=0.00, real=0.13 secs] 
5302.621: [GC (Allocation Failure) [PSYoungGen: 26268000K->775847K(26355712K)] 27214508K->1722868K(29501440K), 0.1167955 secs] [Times: user=6.09 sys=0.00, real=0.12 secs] 
5305.696: [GC (Allocation Failure) [PSYoungGen: 26224295K->731004K(26355712K)] 27171316K->1678608K(29501440K), 0.1038045 secs] [Times: user=5.39 sys=0.00, real=0.10 secs] 
5308.553: [GC (Allocation Failure) [PSYoungGen: 26179452K->788364K(26355712K)] 27127056K->1736832K(29501440K), 0.1150689 secs] [Times: user=5.95 sys=0.01, real=0.11 secs] 
5311.615: [GC (Allocation Failure) [PSYoungGen: 26236812K->742273K(26355712K)] 27185280K->1719462K(29501440K), 0.1142140 secs] [Times: user=5.74 sys=0.00, real=0.11 secs] 
5314.712: [GC (Allocation Failure) [PSYoungGen: 26190721K->753788K(26355712K)] 27167910K->1731649K(29501440K), 0.1069847 secs] [Times: user=5.31 sys=0.01, real=0.11 secs] 
5317.778: [GC (Allocation Failure) [PSYoungGen: 26202236K->741965K(26355712K)] 27180097K->1720298K(29501440K), 0.1137350 secs] [Times: user=5.43 sys=0.00, real=0.11 secs] 
5320.898: [GC (Allocation Failure) [PSYoungGen: 26190413K->669244K(26355712K)] 27168746K->1648097K(29501440K), 0.0980281 secs] [Times: user=5.22 sys=0.00, real=0.10 secs] 
5324.078: [GC (Allocation Failure) [PSYoungGen: 26117692K->713229K(26355712K)] 27096545K->1692625K(29501440K), 0.1046439 secs] [Times: user=5.40 sys=0.00, real=0.11 secs] 
5327.026: [GC (Allocation Failure) [PSYoungGen: 26161677K->733344K(26355712K)] 27141073K->1713253K(29501440K), 0.1033853 secs] [Times: user=5.39 sys=0.00, real=0.10 secs] 
5330.191: [GC (Allocation Failure) [PSYoungGen: 26181792K->691495K(26355712K)] 27161701K->1671956K(29501440K), 0.0975615 secs] [Times: user=5.26 sys=0.00, real=0.10 secs] 
5333.333: [GC (Allocation Failure) [PSYoungGen: 26139943K->755491K(26355712K)] 27120404K->1736456K(29501440K), 0.1073090 secs] [Times: user=5.63 sys=0.01, real=0.10 secs] 
5336.492: [GC (Allocation Failure) [PSYoungGen: 26203939K->756126K(26355712K)] 27184904K->1737611K(29501440K), 0.1135399 secs] [Times: user=5.55 sys=0.00, real=0.12 secs] 
5339.507: [GC (Allocation Failure) [PSYoungGen: 26204574K->745875K(26355712K)] 27186059K->1727888K(29501440K), 0.1151169 secs] [Times: user=5.63 sys=0.01, real=0.11 secs] 
5342.571: [GC (Allocation Failure) [PSYoungGen: 26194323K->771162K(26355712K)] 27176336K->1753687K(29501440K), 0.1088223 secs] [Times: user=5.75 sys=0.00, real=0.11 secs] 
5345.587: [GC (Allocation Failure) [PSYoungGen: 26219610K->773351K(26355712K)] 27202135K->1756444K(29501440K), 0.1141262 secs] [Times: user=5.90 sys=0.00, real=0.11 secs] 
5348.607: [GC (Allocation Failure) [PSYoungGen: 26221799K->729477K(26355712K)] 27204892K->1713114K(29501440K), 0.1052443 secs] [Times: user=5.43 sys=0.01, real=0.11 secs] 
5351.634: [GC (Allocation Failure) [PSYoungGen: 26177925K->768088K(26355712K)] 27161562K->1752301K(29501440K), 0.1121878 secs] [Times: user=5.82 sys=0.01, real=0.11 secs] 
5354.619: [GC (Allocation Failure) [PSYoungGen: 26216536K->820741K(26355712K)] 27200749K->1805442K(29501440K), 0.1169618 secs] [Times: user=6.06 sys=0.00, real=0.12 secs] 
5357.589: [GC (Allocation Failure) [PSYoungGen: 26269189K->782326K(26355712K)] 27253890K->1767531K(29501440K), 0.1243899 secs] [Times: user=6.56 sys=0.00, real=0.13 secs] 
5360.615: [GC (Allocation Failure) [PSYoungGen: 26230774K->752501K(26355712K)] 27215979K->1738210K(29501440K), 0.1158297 secs] [Times: user=5.62 sys=0.00, real=0.11 secs] 
5363.635: [GC (Allocation Failure) [PSYoungGen: 26200949K->792608K(26355712K)] 27186658K->1778861K(29501440K), 0.1129996 secs] [Times: user=5.78 sys=0.00, real=0.11 secs] 
5366.650: [GC (Allocation Failure) [PSYoungGen: 26241056K->777588K(26355712K)] 27227309K->1764385K(29501440K), 0.1124098 secs] [Times: user=5.99 sys=0.00, real=0.12 secs] 
5369.662: [GC (Allocation Failure) [PSYoungGen: 26226036K->743066K(26355712K)] 27212833K->1730359K(29501440K), 0.1150007 secs] [Times: user=5.76 sys=0.00, real=0.12 secs] 
5372.637: [GC (Allocation Failure) [PSYoungGen: 26191514K->776152K(26355712K)] 27178807K->1763957K(29501440K), 0.1097886 secs] [Times: user=5.51 sys=0.00, real=0.11 secs] 
5375.639: [GC (Allocation Failure) [PSYoungGen: 26224600K->717080K(26355712K)] 27212405K->1705396K(29501440K), 0.1055698 secs] [Times: user=5.21 sys=0.00, real=0.11 secs] 
5378.758: [GC (Allocation Failure) [PSYoungGen: 26165528K->796370K(26355712K)] 27153844K->1785231K(29501440K), 0.1133699 secs] [Times: user=5.98 sys=0.00, real=0.11 secs] 
5381.844: [GC (Allocation Failure) [PSYoungGen: 26244818K->775229K(26355712K)] 27233679K->1764642K(29501440K), 0.1157513 secs] [Times: user=5.93 sys=0.00, real=0.11 secs] 
5384.816: [GC (Allocation Failure) [PSYoungGen: 26223677K->715283K(26355712K)] 27213090K->1705207K(29501440K), 0.1069672 secs] [Times: user=5.23 sys=0.00, real=0.11 secs] 
5387.763: [GC (Allocation Failure) [PSYoungGen: 26163731K->741264K(26355712K)] 27153655K->1731701K(29501440K), 0.1140603 secs] [Times: user=5.53 sys=0.00, real=0.11 secs] 
5390.777: [GC (Allocation Failure) [PSYoungGen: 26189712K->773659K(26355712K)] 27180149K->1764608K(29501440K), 0.1187851 secs] [Times: user=5.81 sys=0.00, real=0.12 secs] 
5393.885: [GC (Allocation Failure) [PSYoungGen: 26222107K->711367K(26355712K)] 27213056K->1702844K(29501440K), 0.1080544 secs] [Times: user=5.42 sys=0.00, real=0.11 secs] 
5396.774: [GC (Allocation Failure) [PSYoungGen: 26159815K->741442K(26355712K)] 27151292K->1733495K(29501440K), 0.1139406 secs] [Times: user=5.49 sys=0.00, real=0.11 secs] 
5399.837: [GC (Allocation Failure) [PSYoungGen: 26189890K->721885K(26355712K)] 27181943K->1714442K(29501440K), 0.1099967 secs] [Times: user=5.56 sys=0.01, real=0.11 secs] 
5402.752: [GC (Allocation Failure) [PSYoungGen: 26170333K->749661K(26355712K)] 27162890K->1742729K(29501440K), 0.1074233 secs] [Times: user=5.43 sys=0.00, real=0.11 secs] 
5405.701: [GC (Allocation Failure) [PSYoungGen: 26198109K->759628K(26355712K)] 27191177K->1753289K(29501440K), 0.1089056 secs] [Times: user=5.44 sys=0.01, real=0.11 secs] 
5408.658: [GC (Allocation Failure) [PSYoungGen: 26208076K->753091K(26355712K)] 27201737K->1747288K(29501440K), 0.1116948 secs] [Times: user=5.63 sys=0.00, real=0.11 secs] 
5411.693: [GC (Allocation Failure) [PSYoungGen: 26201539K->836253K(26355712K)] 27195736K->1831010K(29501440K), 0.1154517 secs] [Times: user=5.87 sys=0.00, real=0.11 secs] 
5414.643: [GC (Allocation Failure) [PSYoungGen: 26284701K->782680K(26355712K)] 27279458K->1777949K(29501440K), 0.1107481 secs] [Times: user=5.61 sys=0.01, real=0.11 secs] 
5417.598: [GC (Allocation Failure) [PSYoungGen: 26231128K->778898K(26355712K)] 27226397K->1774663K(29501440K), 0.1101653 secs] [Times: user=5.56 sys=0.01, real=0.11 secs] 
5420.671: [GC (Allocation Failure) [PSYoungGen: 26227346K->751809K(26355712K)] 27223111K->1748062K(29501440K), 0.1117064 secs] [Times: user=5.52 sys=0.00, real=0.12 secs] 
5423.633: [GC (Allocation Failure) [PSYoungGen: 26200257K->784147K(26355712K)] 27196510K->1780944K(29501440K), 0.1109208 secs] [Times: user=5.66 sys=0.00, real=0.11 secs] 
5426.596: [GC (Allocation Failure) [PSYoungGen: 26232595K->770740K(26355712K)] 27229392K->1768121K(29501440K), 0.1119464 secs] [Times: user=5.62 sys=0.00, real=0.11 secs] 
5429.619: [GC (Allocation Failure) [PSYoungGen: 26219188K->796058K(26355712K)] 27216569K->1793975K(29501440K), 0.1165180 secs] [Times: user=5.74 sys=0.01, real=0.12 secs] 
5432.673: [GC (Allocation Failure) [PSYoungGen: 26244506K->791039K(26355712K)] 27242423K->1789428K(29501440K), 0.1117477 secs] [Times: user=5.62 sys=0.01, real=0.11 secs] 
5435.681: [GC (Allocation Failure) [PSYoungGen: 26239487K->794201K(26355712K)] 27237876K->1793078K(29501440K), 0.1217278 secs] [Times: user=6.28 sys=0.00, real=0.13 secs] 
5438.637: [GC (Allocation Failure) [PSYoungGen: 26242649K->808654K(26355712K)] 27241526K->1808035K(29501440K), 0.1184391 secs] [Times: user=6.00 sys=0.01, real=0.12 secs] 
5441.599: [GC (Allocation Failure) [PSYoungGen: 26257102K->782444K(26355712K)] 27256483K->1782353K(29501440K), 0.1156806 secs] [Times: user=5.95 sys=0.00, real=0.12 secs] 
5444.558: [GC (Allocation Failure) [PSYoungGen: 26230892K->747020K(26355712K)] 27230801K->1747473K(29501440K), 0.1093255 secs] [Times: user=5.54 sys=0.00, real=0.11 secs] 
5447.587: [GC (Allocation Failure) [PSYoungGen: 26195468K->798861K(26355712K)] 27195921K->1799802K(29501440K), 0.1168981 secs] [Times: user=5.70 sys=0.00, real=0.12 secs] 
5450.546: [GC (Allocation Failure) [PSYoungGen: 26247309K->777991K(26355712K)] 27248250K->1779420K(29501440K), 0.1084385 secs] [Times: user=5.51 sys=0.00, real=0.11 secs] 
5453.569: [GC (Allocation Failure) [PSYoungGen: 26226439K->798134K(26355712K)] 27227868K->1800075K(29501440K), 0.1175208 secs] [Times: user=5.92 sys=0.00, real=0.12 secs] 
5456.634: [GC (Allocation Failure) [PSYoungGen: 26246582K->753000K(26355712K)] 27248523K->1755484K(29501440K), 0.1206899 secs] [Times: user=5.87 sys=0.00, real=0.12 secs] 
5459.569: [GC (Allocation Failure) [PSYoungGen: 26201448K->776891K(26355712K)] 27203932K->1779872K(29501440K), 0.1195714 secs] [Times: user=5.61 sys=0.00, real=0.12 secs] 
5462.483: [GC (Allocation Failure) [PSYoungGen: 26225339K->698284K(26355712K)] 27228320K->1701777K(29501440K), 0.1038466 secs] [Times: user=5.22 sys=0.01, real=0.10 secs] 
5465.475: [GC (Allocation Failure) [PSYoungGen: 26146732K->715498K(26355712K)] 27150225K->1719503K(29501440K), 0.1042427 secs] [Times: user=5.59 sys=0.00, real=0.10 secs] 
5468.599: [GC (Allocation Failure) [PSYoungGen: 26163946K->844602K(26355712K)] 27167951K->1849143K(29501440K), 0.1142670 secs] [Times: user=5.93 sys=0.00, real=0.12 secs] 
5471.629: [GC (Allocation Failure) [PSYoungGen: 26293050K->794358K(26355712K)] 27297591K->1799435K(29501440K), 0.1245978 secs] [Times: user=6.36 sys=0.00, real=0.13 secs] 
5474.568: [GC (Allocation Failure) [PSYoungGen: 26242806K->757916K(26355712K)] 27247883K->1763513K(29501440K), 0.1063998 secs] [Times: user=5.44 sys=0.00, real=0.11 secs] 
5477.532: [GC (Allocation Failure) [PSYoungGen: 26206364K->796196K(26355712K)] 27211961K->1802313K(29501440K), 0.1168760 secs] [Times: user=5.98 sys=0.01, real=0.12 secs] 
5480.365: [GC (Allocation Failure) [PSYoungGen: 26244644K->727872K(26355712K)] 27250761K->1734517K(29501440K), 0.1111463 secs] [Times: user=5.60 sys=0.00, real=0.11 secs] 
5483.380: [GC (Allocation Failure) [PSYoungGen: 26176320K->727621K(26355712K)] 27182965K->1734794K(29501440K), 0.1040177 secs] [Times: user=5.29 sys=0.00, real=0.11 secs] 
5486.386: [GC (Allocation Failure) [PSYoungGen: 26176069K->745666K(26355712K)] 27183242K->1753351K(29501440K), 0.1121817 secs] [Times: user=5.60 sys=0.00, real=0.11 secs] 
5489.290: [GC (Allocation Failure) [PSYoungGen: 26194114K->730020K(26355712K)] 27201799K->1738217K(29501440K), 0.1125938 secs] [Times: user=5.62 sys=0.00, real=0.12 secs] 
5492.297: [GC (Allocation Failure) [PSYoungGen: 26178468K->808489K(26355712K)] 27186665K->1817222K(29501440K), 0.1120101 secs] [Times: user=5.88 sys=0.01, real=0.11 secs] 
5495.234: [GC (Allocation Failure) [PSYoungGen: 26256937K->716474K(26355712K)] 27265670K->1725751K(29501440K), 0.1092173 secs] [Times: user=5.42 sys=0.00, real=0.11 secs] 
5498.203: [GC (Allocation Failure) [PSYoungGen: 26164922K->767675K(26355712K)] 27174199K->1777480K(29501440K), 0.1112221 secs] [Times: user=5.64 sys=0.00, real=0.11 secs] 
5501.183: [GC (Allocation Failure) [PSYoungGen: 26216123K->737935K(26355712K)] 27225928K->1748252K(29501440K), 0.1059216 secs] [Times: user=5.38 sys=0.00, real=0.10 secs] 
5504.182: [GC (Allocation Failure) [PSYoungGen: 26186383K->700588K(26355712K)] 27196700K->1711441K(29501440K), 0.1047945 secs] [Times: user=5.47 sys=0.00, real=0.10 secs] 
5507.229: [GC (Allocation Failure) [PSYoungGen: 26149036K->817315K(26355712K)] 27159889K->1828672K(29501440K), 0.1095874 secs] [Times: user=5.87 sys=0.00, real=0.11 secs] 
5510.111: [GC (Allocation Failure) [PSYoungGen: 26265763K->672600K(26355712K)] 27277120K->1684485K(29501440K), 0.1093578 secs] [Times: user=5.69 sys=0.00, real=0.11 secs] 
5513.087: [GC (Allocation Failure) [PSYoungGen: 26121048K->751270K(26355712K)] 27132933K->1763707K(29501440K), 0.1100216 secs] [Times: user=5.38 sys=0.01, real=0.11 secs] 
5515.972: [GC (Allocation Failure) [PSYoungGen: 26199718K->711189K(26355712K)] 27212155K->1724154K(29501440K), 0.1066130 secs] [Times: user=5.61 sys=0.00, real=0.11 secs] 
5518.877: [GC (Allocation Failure) [PSYoungGen: 26159637K->739920K(26355712K)] 27172602K->1753405K(29501440K), 0.1153330 secs] [Times: user=5.83 sys=0.00, real=0.12 secs] 
5521.808: [GC (Allocation Failure) [PSYoungGen: 26188368K->800228K(26355712K)] 27201853K->1814201K(29501440K), 0.1157347 secs] [Times: user=5.58 sys=0.00, real=0.12 secs] 
5524.710: [GC (Allocation Failure) [PSYoungGen: 26248676K->823454K(26355712K)] 27262649K->1838003K(29501440K), 0.1209415 secs] [Times: user=6.11 sys=0.01, real=0.12 secs] 
5527.709: [GC (Allocation Failure) [PSYoungGen: 26271902K->822344K(26355712K)] 27286451K->1837421K(29501440K), 0.1147059 secs] [Times: user=5.99 sys=0.01, real=0.12 secs] 
5530.664: [GC (Allocation Failure) [PSYoungGen: 26270792K->772847K(26355712K)] 27285869K->1788420K(29501440K), 0.1134563 secs] [Times: user=5.72 sys=0.00, real=0.11 secs] 
5533.584: [GC (Allocation Failure) [PSYoungGen: 26221295K->806262K(26355712K)] 27236868K->1822355K(29501440K), 0.1105093 secs] [Times: user=5.84 sys=0.00, real=0.11 secs] 
5536.444: [GC (Allocation Failure) [PSYoungGen: 26254710K->801612K(26355712K)] 27270803K->1818217K(29501440K), 0.1233143 secs] [Times: user=6.17 sys=0.01, real=0.12 secs] 
5539.409: [GC (Allocation Failure) [PSYoungGen: 26250060K->770119K(26355712K)] 27266665K->1787324K(29501440K), 0.1074134 secs] [Times: user=5.64 sys=0.00, real=0.11 secs] 
5542.376: [GC (Allocation Failure) [PSYoungGen: 26218567K->725313K(26355712K)] 27235772K->1743062K(29501440K), 0.1056357 secs] [Times: user=5.53 sys=0.00, real=0.10 secs] 
5545.295: [GC (Allocation Failure) [PSYoungGen: 26173761K->704456K(26355712K)] 27191510K->1722709K(29501440K), 0.1050531 secs] [Times: user=5.43 sys=0.01, real=0.10 secs] 
5548.110: [GC (Allocation Failure) [PSYoungGen: 26152904K->651911K(26355712K)] 27171157K->1670708K(29501440K), 0.1049877 secs] [Times: user=5.10 sys=0.00, real=0.11 secs] 
5550.985: [GC (Allocation Failure) [PSYoungGen: 26100359K->704686K(26355712K)] 27119156K->1724043K(29501440K), 0.1110449 secs] [Times: user=5.60 sys=0.00, real=0.11 secs] 
5554.000: [GC (Allocation Failure) [PSYoungGen: 26153134K->672962K(26355712K)] 27172491K->1692847K(29501440K), 0.1025984 secs] [Times: user=5.23 sys=0.00, real=0.11 secs] 
5556.934: [GC (Allocation Failure) [PSYoungGen: 26121410K->728527K(26355712K)] 27141295K->1748916K(29501440K), 0.1110143 secs] [Times: user=5.69 sys=0.00, real=0.11 secs] 
5559.896: [GC (Allocation Failure) [PSYoungGen: 26176975K->721285K(26355712K)] 27197364K->1742210K(29501440K), 0.1034807 secs] [Times: user=5.38 sys=0.00, real=0.10 secs] 
5562.811: [GC (Allocation Failure) [PSYoungGen: 26169733K->689838K(26355712K)] 27190658K->1711363K(29501440K), 0.1033232 secs] [Times: user=5.32 sys=0.00, real=0.11 secs] 
5565.750: [GC (Allocation Failure) [PSYoungGen: 26138286K->783087K(26355712K)] 27159811K->1805100K(29501440K), 0.1141448 secs] [Times: user=5.77 sys=0.00, real=0.12 secs] 
5568.685: [GC (Allocation Failure) [PSYoungGen: 26231535K->801356K(26355712K)] 27253548K->1823873K(29501440K), 0.1153778 secs] [Times: user=5.79 sys=0.01, real=0.11 secs] 
5571.562: [GC (Allocation Failure) [PSYoungGen: 26249804K->767697K(26355712K)] 27272321K->1790734K(29501440K), 0.1133396 secs] [Times: user=5.77 sys=0.00, real=0.12 secs] 
5574.394: [GC (Allocation Failure) [PSYoungGen: 26216145K->803040K(26355712K)] 27239182K->1826613K(29501440K), 0.1181445 secs] [Times: user=6.08 sys=0.01, real=0.12 secs] 
5577.395: [GC (Allocation Failure) [PSYoungGen: 26251488K->846411K(26355712K)] 27275061K->1870496K(29501440K), 0.1248303 secs] [Times: user=6.22 sys=0.01, real=0.12 secs] 
5580.303: [GC (Allocation Failure) [PSYoungGen: 26294859K->837055K(26355712K)] 27318944K->1861652K(29501440K), 0.1242209 secs] [Times: user=6.44 sys=0.00, real=0.12 secs] 
5583.183: [GC (Allocation Failure) [PSYoungGen: 26285503K->754095K(26355712K)] 27310100K->1779204K(29501440K), 0.1083424 secs] [Times: user=5.52 sys=0.00, real=0.10 secs] 
5586.038: [GC (Allocation Failure) [PSYoungGen: 26202543K->751616K(26355712K)] 27227652K->1777285K(29501440K), 0.1072157 secs] [Times: user=5.66 sys=0.00, real=0.11 secs] 
5588.864: [GC (Allocation Failure) [PSYoungGen: 26200064K->772553K(26355712K)] 27225733K->1798814K(29501440K), 0.1118442 secs] [Times: user=5.67 sys=0.01, real=0.11 secs] 
5591.869: [GC (Allocation Failure) [PSYoungGen: 26221001K->709554K(26355712K)] 27247262K->1736359K(29501440K), 0.1048343 secs] [Times: user=5.33 sys=0.01, real=0.11 secs] 
5594.876: [GC (Allocation Failure) [PSYoungGen: 26158002K->770530K(26355712K)] 27184807K->1797839K(29501440K), 0.1106672 secs] [Times: user=5.88 sys=0.00, real=0.11 secs] 
5597.695: [GC (Allocation Failure) [PSYoungGen: 26218978K->769954K(26355712K)] 27246287K->1797815K(29501440K), 0.1127357 secs] [Times: user=5.53 sys=0.01, real=0.11 secs] 
5600.576: [GC (Allocation Failure) [PSYoungGen: 26218402K->765019K(26355712K)] 27246263K->1793424K(29501440K), 0.1088366 secs] [Times: user=5.82 sys=0.00, real=0.11 secs] 
5603.446: [GC (Allocation Failure) [PSYoungGen: 26213467K->780710K(26355712K)] 27241872K->1809643K(29501440K), 0.1089211 secs] [Times: user=5.42 sys=0.00, real=0.11 secs] 
5606.245: [GC (Allocation Failure) [PSYoungGen: 26229158K->764673K(26355712K)] 27258091K->1794110K(29501440K), 0.1111465 secs] [Times: user=5.51 sys=0.00, real=0.11 secs] 
5609.178: [GC (Allocation Failure) [PSYoungGen: 26213121K->774072K(26355712K)] 27242558K->1804021K(29501440K), 0.1111726 secs] [Times: user=5.43 sys=0.01, real=0.11 secs] 
5612.117: [GC (Allocation Failure) [PSYoungGen: 26222520K->715021K(26355712K)] 27252469K->1745530K(29501440K), 0.1007603 secs] [Times: user=5.21 sys=0.00, real=0.10 secs] 
5614.965: [GC (Allocation Failure) [PSYoungGen: 26163469K->698754K(26355712K)] 27193978K->1729798K(29501440K), 0.1025488 secs] [Times: user=5.20 sys=0.01, real=0.10 secs] 
5617.927: [GC (Allocation Failure) [PSYoungGen: 26147202K->758800K(26355712K)] 27178246K->1790365K(29501440K), 0.1087459 secs] [Times: user=5.77 sys=0.00, real=0.11 secs] 
5620.835: [GC (GCLocker Initiated GC) [PSYoungGen: 26207248K->751842K(26355712K)] 27239394K->1784508K(29501440K), 0.1077786 secs] [Times: user=5.54 sys=0.01, real=0.11 secs] 
5623.688: [GC (Allocation Failure) [PSYoungGen: 26200290K->811072K(26355712K)] 27232961K->1844263K(29501440K), 0.1270802 secs] [Times: user=6.39 sys=0.00, real=0.13 secs] 
5626.483: [GC (Allocation Failure) [PSYoungGen: 26259520K->787090K(26355712K)] 27292711K->1820833K(29501440K), 0.1358458 secs] [Times: user=7.12 sys=0.01, real=0.13 secs] 
5629.367: [GC (Allocation Failure) [PSYoungGen: 26235538K->784069K(26355712K)] 27269281K->1818356K(29501440K), 0.1192766 secs] [Times: user=6.17 sys=0.00, real=0.12 secs] 
5632.160: [GC (Allocation Failure) [PSYoungGen: 26232517K->696152K(26355712K)] 27266804K->1731023K(29501440K), 0.1030759 secs] [Times: user=5.34 sys=0.00, real=0.11 secs] 
5634.877: [GC (Allocation Failure) [PSYoungGen: 26144600K->743266K(26355712K)] 27179471K->1778649K(29501440K), 0.1109712 secs] [Times: user=5.69 sys=0.01, real=0.11 secs] 
5637.703: [GC (Allocation Failure) [PSYoungGen: 26191714K->782748K(26355712K)] 27227097K->1818635K(29501440K), 0.1111273 secs] [Times: user=5.58 sys=0.01, real=0.11 secs] 
5640.508: [GC (Allocation Failure) [PSYoungGen: 26231196K->752301K(26355712K)] 27267083K->1788676K(29501440K), 0.1078468 secs] [Times: user=5.71 sys=0.01, real=0.11 secs] 
5643.300: [GC (Allocation Failure) [PSYoungGen: 26200749K->713032K(26355712K)] 27237124K->1749943K(29501440K), 0.0994537 secs] [Times: user=5.22 sys=0.00, real=0.10 secs] 
5646.208: [GC (Allocation Failure) [PSYoungGen: 26161480K->773469K(26355712K)] 27198391K->1810972K(29501440K), 0.1104449 secs] [Times: user=5.54 sys=0.00, real=0.11 secs] 
5649.039: [GC (Allocation Failure) [PSYoungGen: 26221917K->753345K(26355712K)] 27259420K->1791441K(29501440K), 0.1178467 secs] [Times: user=6.25 sys=0.00, real=0.12 secs] 
5651.951: [GC (Allocation Failure) [PSYoungGen: 26201793K->719590K(26355712K)] 27239889K->1758197K(29501440K), 0.1030997 secs] [Times: user=5.33 sys=0.00, real=0.11 secs] 
5654.811: [GC (Allocation Failure) [PSYoungGen: 26168038K->697398K(26355712K)] 27206645K->1736557K(29501440K), 0.1107061 secs] [Times: user=5.44 sys=0.00, real=0.11 secs] 
5657.755: [GC (Allocation Failure) [PSYoungGen: 26145846K->750800K(26355712K)] 27185005K->1790607K(29501440K), 0.1136099 secs] [Times: user=5.52 sys=0.01, real=0.11 secs] 
5660.683: [GC (Allocation Failure) [PSYoungGen: 26199248K->826318K(26355712K)] 27239055K->1866709K(29501440K), 0.1174713 secs] [Times: user=5.82 sys=0.00, real=0.11 secs] 
5663.502: [GC (Allocation Failure) [PSYoungGen: 26274766K->750265K(26355712K)] 27315157K->1791464K(29501440K), 0.1084094 secs] [Times: user=5.75 sys=0.01, real=0.10 secs] 
5666.413: [GC (Allocation Failure) [PSYoungGen: 26198713K->807078K(26355712K)] 27239912K->1848773K(29501440K), 0.1138218 secs] [Times: user=5.75 sys=0.01, real=0.11 secs] 
5669.427: [GC (Allocation Failure) [PSYoungGen: 26255526K->735937K(26355712K)] 27297221K->1778169K(29501440K), 0.1218257 secs] [Times: user=5.95 sys=0.00, real=0.12 secs] 
5672.289: [GC (Allocation Failure) [PSYoungGen: 26184385K->740909K(26355712K)] 27226617K->1783740K(29501440K), 0.1007156 secs] [Times: user=5.24 sys=0.00, real=0.10 secs] 
5675.037: [GC (Allocation Failure) [PSYoungGen: 26189357K->734520K(26355712K)] 27232188K->1777911K(29501440K), 0.1131209 secs] [Times: user=5.52 sys=0.01, real=0.11 secs] 
5677.986: [GC (Allocation Failure) [PSYoungGen: 26182968K->697537K(26355712K)] 27226359K->1741448K(29501440K), 0.1039237 secs] [Times: user=5.10 sys=0.00, real=0.10 secs] 
5680.810: [GC (Allocation Failure) [PSYoungGen: 26145985K->701308K(26355712K)] 27189896K->1745691K(29501440K), 0.1079054 secs] [Times: user=5.31 sys=0.00, real=0.11 secs] 
5683.676: [GC (Allocation Failure) [PSYoungGen: 26149756K->781769K(26355712K)] 27194139K->1826664K(29501440K), 0.1151552 secs] [Times: user=5.57 sys=0.00, real=0.11 secs] 
5686.604: [GC (Allocation Failure) [PSYoungGen: 26230217K->771196K(26355712K)] 27275112K->1816659K(29501440K), 0.1125509 secs] [Times: user=5.87 sys=0.00, real=0.11 secs] 
5689.495: [GC (Allocation Failure) [PSYoungGen: 26219644K->757483K(26355712K)] 27265107K->1803467K(29501440K), 0.1306937 secs] [Times: user=6.86 sys=0.00, real=0.13 secs] 
5692.414: [GC (Allocation Failure) [PSYoungGen: 26205931K->819692K(26355712K)] 27251915K->1866171K(29501440K), 0.1182549 secs] [Times: user=5.78 sys=0.01, real=0.12 secs] 
5695.289: [GC (Allocation Failure) [PSYoungGen: 26268140K->725891K(26355712K)] 27314619K->1772883K(29501440K), 0.1052870 secs] [Times: user=5.45 sys=0.01, real=0.11 secs] 
5698.112: [GC (Allocation Failure) [PSYoungGen: 26174339K->725889K(26355712K)] 27221331K->1773448K(29501440K), 0.1075233 secs] [Times: user=5.25 sys=0.00, real=0.11 secs] 
5700.863: [GC (Allocation Failure) [PSYoungGen: 26174337K->702292K(26355712K)] 27221896K->1750331K(29501440K), 0.1029765 secs] [Times: user=5.25 sys=0.00, real=0.10 secs] 
5703.746: [GC (Allocation Failure) [PSYoungGen: 26150740K->770848K(26355712K)] 27198779K->1819375K(29501440K), 0.1113346 secs] [Times: user=5.51 sys=0.01, real=0.11 secs] 
5706.822: [GC (Allocation Failure) [PSYoungGen: 26219296K->730920K(26355712K)] 27267823K->1779975K(29501440K), 0.1082652 secs] [Times: user=5.53 sys=0.01, real=0.10 secs] 
5709.573: [GC (Allocation Failure) [PSYoungGen: 26179368K->786945K(26355712K)] 27228423K->1836544K(29501440K), 0.1125318 secs] [Times: user=5.73 sys=0.00, real=0.11 secs] 
5712.297: [GC (Allocation Failure) [PSYoungGen: 26235393K->729675K(26355712K)] 27284992K->1779762K(29501440K), 0.1021268 secs] [Times: user=5.26 sys=0.00, real=0.10 secs] 
5715.141: [GC (Allocation Failure) [PSYoungGen: 26178123K->782035K(26355712K)] 27228210K->1832634K(29501440K), 0.1136001 secs] [Times: user=5.44 sys=0.00, real=0.12 secs] 
5718.045: [GC (Allocation Failure) [PSYoungGen: 26230483K->695063K(26355712K)] 27281082K->1746175K(29501440K), 0.1095048 secs] [Times: user=5.78 sys=0.00, real=0.11 secs] 
5720.778: [GC (Allocation Failure) [PSYoungGen: 26143511K->723206K(26355712K)] 27194623K->1774909K(29501440K), 0.1174160 secs] [Times: user=6.06 sys=0.00, real=0.12 secs] 
5723.557: [GC (Allocation Failure) [PSYoungGen: 26171654K->780225K(26355712K)] 27223357K->1832472K(29501440K), 0.1061352 secs] [Times: user=5.64 sys=0.00, real=0.11 secs] 
5726.427: [GC (Allocation Failure) [PSYoungGen: 26228673K->747509K(26355712K)] 27280920K->1800260K(29501440K), 0.1054638 secs] [Times: user=5.42 sys=0.00, real=0.11 secs] 
5729.269: [GC (Allocation Failure) [PSYoungGen: 26195957K->760437K(26355712K)] 27248708K->1813684K(29501440K), 0.1104788 secs] [Times: user=5.66 sys=0.00, real=0.11 secs] 
5732.148: [GC (Allocation Failure) [PSYoungGen: 26208885K->779990K(26355712K)] 27262132K->1833789K(29501440K), 0.1177636 secs] [Times: user=5.86 sys=0.00, real=0.12 secs] 
5735.111: [GC (Allocation Failure) [PSYoungGen: 26228438K->702535K(26355712K)] 27282237K->1756847K(29501440K), 0.1113409 secs] [Times: user=5.77 sys=0.00, real=0.12 secs] 
5738.042: [GC (Allocation Failure) [PSYoungGen: 26150983K->718813K(26355712K)] 27205295K->1773644K(29501440K), 0.1295224 secs] [Times: user=6.53 sys=0.01, real=0.13 secs] 
5740.797: [GC (Allocation Failure) [PSYoungGen: 26167261K->789142K(26355712K)] 27222092K->1844525K(29501440K), 0.1138069 secs] [Times: user=5.85 sys=0.01, real=0.11 secs] 
5743.553: [GC (Allocation Failure) [PSYoungGen: 26237590K->764279K(26355712K)] 27292973K->1820302K(29501440K), 0.1113806 secs] [Times: user=5.67 sys=0.00, real=0.11 secs] 
5746.610: [GC (Allocation Failure) [PSYoungGen: 26212727K->727848K(26355712K)] 27268750K->1784367K(29501440K), 0.1074637 secs] [Times: user=5.41 sys=0.00, real=0.11 secs] 
5749.432: [GC (Allocation Failure) [PSYoungGen: 26176296K->852963K(26355712K)] 27232815K->1909994K(29501440K), 0.1463564 secs] [Times: user=7.00 sys=0.01, real=0.15 secs] 
5752.321: [GC (Allocation Failure) [PSYoungGen: 26301411K->799799K(26355712K)] 27358442K->1857350K(29501440K), 0.1203385 secs] [Times: user=6.00 sys=0.02, real=0.12 secs] 
5755.179: [GC (Allocation Failure) [PSYoungGen: 26248247K->751443K(26355712K)] 27305798K->1809546K(29501440K), 0.1077601 secs] [Times: user=5.56 sys=0.00, real=0.11 secs] 
5757.994: [GC (Allocation Failure) [PSYoungGen: 26199891K->724299K(26355712K)] 27257994K->1783010K(29501440K), 0.1052520 secs] [Times: user=5.22 sys=0.01, real=0.10 secs] 
5760.870: [GC (Allocation Failure) [PSYoungGen: 26172747K->756128K(26355712K)] 27231458K->1815383K(29501440K), 0.1259157 secs] [Times: user=6.03 sys=0.01, real=0.13 secs] 
5763.724: [GC (Allocation Failure) [PSYoungGen: 26204576K->770364K(26355712K)] 27263831K->1830123K(29501440K), 0.1104187 secs] [Times: user=5.54 sys=0.01, real=0.11 secs] 
5766.527: [GC (Allocation Failure) [PSYoungGen: 26218812K->845983K(26355712K)] 27278571K->1906239K(29501440K), 0.1191167 secs] [Times: user=6.34 sys=0.00, real=0.12 secs] 
5769.301: [GC (Allocation Failure) [PSYoungGen: 26294431K->755601K(26355712K)] 27354687K->1816432K(29501440K), 0.1052397 secs] [Times: user=5.38 sys=0.00, real=0.11 secs] 
5772.178: [GC (Allocation Failure) [PSYoungGen: 26204049K->753921K(26355712K)] 27264880K->1815368K(29501440K), 0.1205661 secs] [Times: user=6.29 sys=0.00, real=0.12 secs] 
5775.014: [GC (Allocation Failure) [PSYoungGen: 26202369K->785460K(26355712K)] 27263816K->1847427K(29501440K), 0.1313185 secs] [Times: user=6.79 sys=0.00, real=0.13 secs] 
5777.897: [GC (Allocation Failure) [PSYoungGen: 26233908K->752263K(26355712K)] 27295875K->1814742K(29501440K), 0.1173211 secs] [Times: user=6.11 sys=0.01, real=0.12 secs] 
5780.628: [GC (Allocation Failure) [PSYoungGen: 26200711K->735975K(26355712K)] 27263190K->1798959K(29501440K), 0.1082801 secs] [Times: user=5.55 sys=0.00, real=0.11 secs] 
5783.403: [GC (Allocation Failure) [PSYoungGen: 26184423K->700487K(26355712K)] 27247407K->1763967K(29501440K), 0.1055389 secs] [Times: user=5.20 sys=0.00, real=0.10 secs] 
5786.190: [GC (Allocation Failure) [PSYoungGen: 26148935K->757704K(26355712K)] 27212415K->1821711K(29501440K), 0.1062595 secs] [Times: user=5.50 sys=0.00, real=0.11 secs] 
5788.981: [GC (Allocation Failure) [PSYoungGen: 26206152K->670568K(26355712K)] 27270159K->1735143K(29501440K), 0.0982758 secs] [Times: user=5.10 sys=0.00, real=0.10 secs] 
5791.802: [GC (Allocation Failure) [PSYoungGen: 26119016K->843645K(26355712K)] 27183591K->1908796K(29501440K), 0.1154498 secs] [Times: user=6.09 sys=0.00, real=0.12 secs] 
5794.616: [GC (Allocation Failure) [PSYoungGen: 26292093K->781683K(26355712K)] 27357244K->1847370K(29501440K), 0.1143378 secs] [Times: user=5.96 sys=0.01, real=0.11 secs] 
5797.445: [GC (Allocation Failure) [PSYoungGen: 26230131K->782748K(26355712K)] 27295818K->1848947K(29501440K), 0.1108966 secs] [Times: user=5.83 sys=0.00, real=0.11 secs] 
5800.289: [GC (Allocation Failure) [PSYoungGen: 26231196K->776230K(26355712K)] 27297395K->1842942K(29501440K), 0.1175155 secs] [Times: user=5.51 sys=0.00, real=0.12 secs] 
5803.084: [GC (Allocation Failure) [PSYoungGen: 26224678K->737970K(26355712K)] 27291390K->1805233K(29501440K), 0.1274138 secs] [Times: user=6.54 sys=0.01, real=0.12 secs] 
5805.910: [GC (Allocation Failure) [PSYoungGen: 26186418K->761169K(26355712K)] 27253681K->1828928K(29501440K), 0.1203521 secs] [Times: user=6.16 sys=0.00, real=0.12 secs] 
5808.776: [GC (Allocation Failure) [PSYoungGen: 26209617K->810942K(26355712K)] 27277376K->1879237K(29501440K), 0.1134729 secs] [Times: user=5.78 sys=0.00, real=0.11 secs] 
5811.556: [GC (Allocation Failure) [PSYoungGen: 26259390K->752449K(26355712K)] 27327685K->1821273K(29501440K), 0.1183976 secs] [Times: user=5.35 sys=0.01, real=0.12 secs] 
5814.338: [GC (Allocation Failure) [PSYoungGen: 26200897K->784829K(26355712K)] 27269721K->1854181K(29501440K), 0.1123247 secs] [Times: user=5.80 sys=0.00, real=0.11 secs] 
5817.219: [GC (Allocation Failure) [PSYoungGen: 26233277K->765277K(26355712K)] 27302629K->1835212K(29501440K), 0.1168953 secs] [Times: user=6.03 sys=0.01, real=0.12 secs] 
5819.970: [GC (Allocation Failure) [PSYoungGen: 26213725K->712885K(26355712K)] 27283660K->1783332K(29501440K), 0.1058688 secs] [Times: user=5.26 sys=0.00, real=0.11 secs] 
5822.824: [GC (Allocation Failure) [PSYoungGen: 26161333K->791510K(26355712K)] 27231780K->1862438K(29501440K), 0.1203547 secs] [Times: user=6.10 sys=0.00, real=0.12 secs] 
5825.753: [GC (GCLocker Initiated GC) [PSYoungGen: 26239958K->774557K(26355712K)] 27313571K->1848778K(29501440K), 0.1161751 secs] [Times: user=5.81 sys=0.01, real=0.11 secs] 
5828.525: [GC (Allocation Failure) [PSYoungGen: 26223005K->871101K(26355712K)] 27297226K->1945905K(29501440K), 0.1278847 secs] [Times: user=6.67 sys=0.00, real=0.13 secs] 
5831.319: [GC (Allocation Failure) [PSYoungGen: 26319549K->808112K(26355712K)] 27394353K->1883445K(29501440K), 0.1239569 secs] [Times: user=6.18 sys=0.00, real=0.13 secs] 
5834.127: [GC (Allocation Failure) [PSYoungGen: 26256560K->762062K(26355712K)] 27331893K->1837875K(29501440K), 0.1086530 secs] [Times: user=5.59 sys=0.00, real=0.11 secs] 
5836.984: [GC (Allocation Failure) [PSYoungGen: 26210510K->818534K(26355712K)] 27286323K->1894954K(29501440K), 0.1159048 secs] [Times: user=5.86 sys=0.00, real=0.11 secs] 
5839.847: [GC (Allocation Failure) [PSYoungGen: 26266982K->811664K(26355712K)] 27343402K->1888605K(29501440K), 0.1339893 secs] [Times: user=6.79 sys=0.00, real=0.13 secs] 
5842.667: [GC (Allocation Failure) [PSYoungGen: 26260112K->839010K(26355712K)] 27337053K->1916470K(29501440K), 0.1309932 secs] [Times: user=6.43 sys=0.00, real=0.13 secs] 
5845.503: [GC (Allocation Failure) [PSYoungGen: 26287458K->764842K(26355712K)] 27364918K->1842895K(29501440K), 0.1065116 secs] [Times: user=5.68 sys=0.00, real=0.10 secs] 
5848.411: [GC (Allocation Failure) [PSYoungGen: 26213290K->807656K(26355712K)] 27291343K->1886252K(29501440K), 0.1090222 secs] [Times: user=5.73 sys=0.00, real=0.11 secs] 
5851.260: [GC (Allocation Failure) [PSYoungGen: 26256104K->756641K(26355712K)] 27334700K->1835822K(29501440K), 0.1165879 secs] [Times: user=5.50 sys=0.00, real=0.12 secs] 
5854.128: [GC (Allocation Failure) [PSYoungGen: 26205089K->736749K(26355712K)] 27284270K->1816481K(29501440K), 0.1037999 secs] [Times: user=5.43 sys=0.00, real=0.11 secs] 
5856.979: [GC (Allocation Failure) [PSYoungGen: 26185197K->748968K(26355712K)] 27264929K->1829189K(29501440K), 0.1158422 secs] [Times: user=5.57 sys=0.00, real=0.12 secs] 
5859.825: [GC (Allocation Failure) [PSYoungGen: 26197416K->755246K(26355712K)] 27277637K->1835971K(29501440K), 0.1145482 secs] [Times: user=5.70 sys=0.01, real=0.11 secs] 
5862.642: [GC (Allocation Failure) [PSYoungGen: 26203694K->821602K(26355712K)] 27284419K->1903007K(29501440K), 0.1119936 secs] [Times: user=5.95 sys=0.00, real=0.11 secs] 
5865.408: [GC (Allocation Failure) [PSYoungGen: 26270050K->779316K(26355712K)] 27351455K->1861480K(29501440K), 0.1185809 secs] [Times: user=5.82 sys=0.01, real=0.12 secs] 
5868.173: [GC (Allocation Failure) [PSYoungGen: 26227764K->798624K(26355712K)] 27309928K->1895549K(29501440K), 0.1148309 secs] [Times: user=5.97 sys=0.01, real=0.11 secs] 
5871.127: [GC (Allocation Failure) [PSYoungGen: 26247072K->907233K(26355712K)] 27343997K->2077502K(29501440K), 0.1375178 secs] [Times: user=7.05 sys=0.01, real=0.14 secs] 
5873.771: [GC (Allocation Failure) [PSYoungGen: 26355681K->907235K(26355712K)] 27525950K->2151200K(29501440K), 0.1570776 secs] [Times: user=8.08 sys=0.01, real=0.16 secs] 
5876.472: [GC (Allocation Failure) [PSYoungGen: 26355683K->877151K(26355712K)] 27599648K->2121652K(29501440K), 0.1285405 secs] [Times: user=6.12 sys=0.01, real=0.12 secs] 
5879.216: [GC (Allocation Failure) [PSYoungGen: 26325599K->844201K(26355712K)] 27570100K->2089214K(29501440K), 0.1530653 secs] [Times: user=7.90 sys=0.00, real=0.15 secs] 
5881.939: [GC (Allocation Failure) [PSYoungGen: 26292649K->741994K(26355712K)] 27537662K->1987527K(29501440K), 0.1154765 secs] [Times: user=5.92 sys=0.00, real=0.12 secs] 
5884.697: [GC (Allocation Failure) [PSYoungGen: 26190442K->826841K(26355712K)] 27435975K->2072838K(29501440K), 0.1126811 secs] [Times: user=5.82 sys=0.00, real=0.11 secs] 
5887.470: [GC (Allocation Failure) [PSYoungGen: 26275289K->791483K(26355712K)] 27521286K->2037992K(29501440K), 0.1144092 secs] [Times: user=5.79 sys=0.00, real=0.12 secs] 
5890.180: [GC (Allocation Failure) [PSYoungGen: 26239931K->750313K(26355712K)] 27486440K->1997343K(29501440K), 0.1124079 secs] [Times: user=5.26 sys=0.01, real=0.12 secs] 
5892.934: [GC (Allocation Failure) [PSYoungGen: 26198761K->744819K(26355712K)] 27445791K->1992320K(29501440K), 0.1089611 secs] [Times: user=5.47 sys=0.00, real=0.11 secs] 
5895.736: [GC (Allocation Failure) [PSYoungGen: 26193267K->804825K(26355712K)] 27440768K->2052823K(29501440K), 0.1096193 secs] [Times: user=5.61 sys=0.00, real=0.11 secs] 
5898.584: [GC (Allocation Failure) [PSYoungGen: 26253273K->809616K(26355712K)] 27501271K->2058110K(29501440K), 0.1179383 secs] [Times: user=5.78 sys=0.00, real=0.12 secs] 
5901.326: [GC (Allocation Failure) [PSYoungGen: 26258064K->718299K(26355712K)] 27506558K->1967304K(29501440K), 0.1016787 secs] [Times: user=5.31 sys=0.00, real=0.10 secs] 
5904.135: [GC (Allocation Failure) [PSYoungGen: 26166747K->771923K(26355712K)] 27415752K->2021432K(29501440K), 0.1109479 secs] [Times: user=5.75 sys=0.00, real=0.11 secs] 
5906.937: [GC (Allocation Failure) [PSYoungGen: 26220371K->868682K(26355712K)] 27469880K->2118703K(29501440K), 0.1364109 secs] [Times: user=6.94 sys=0.00, real=0.14 secs] 
5909.763: [GC (Allocation Failure) [PSYoungGen: 26317130K->907249K(26355712K)] 27567151K->2380766K(29501440K), 0.1669405 secs] [Times: user=8.77 sys=0.00, real=0.16 secs] 
5912.485: [GC (Allocation Failure) [PSYoungGen: 26355697K->907260K(26355712K)] 27829214K->2464242K(29501440K), 0.1502472 secs] [Times: user=7.69 sys=0.00, real=0.15 secs] 
5915.254: [GC (Allocation Failure) [PSYoungGen: 26355708K->835684K(26355712K)] 27912690K->2394753K(29501440K), 0.1410206 secs] [Times: user=7.25 sys=0.00, real=0.14 secs] 
5917.994: [GC (Allocation Failure) [PSYoungGen: 26284132K->759357K(26355712K)] 27843201K->2318970K(29501440K), 0.1053128 secs] [Times: user=5.45 sys=0.00, real=0.10 secs] 
5920.694: [GC (Allocation Failure) [PSYoungGen: 26207805K->805858K(26355712K)] 27767418K->2366007K(29501440K), 0.1112002 secs] [Times: user=5.71 sys=0.00, real=0.11 secs] 
5923.420: [GC (Allocation Failure) [PSYoungGen: 26254306K->786531K(26355712K)] 27814455K->2347193K(29501440K), 0.1189686 secs] [Times: user=5.65 sys=0.01, real=0.12 secs] 
5926.257: [GC (Allocation Failure) [PSYoungGen: 26234979K->775698K(26355712K)] 27795641K->2336880K(29501440K), 0.1094386 secs] [Times: user=5.47 sys=0.01, real=0.11 secs] 
5929.101: [GC (Allocation Failure) [PSYoungGen: 26224146K->769350K(26355712K)] 27785328K->2331083K(29501440K), 0.1205211 secs] [Times: user=6.10 sys=0.01, real=0.12 secs] 
5931.909: [GC (Allocation Failure) [PSYoungGen: 26217798K->766061K(26355712K)] 27779531K->2328274K(29501440K), 0.1452325 secs] [Times: user=7.66 sys=0.00, real=0.15 secs] 
5934.725: [GC (Allocation Failure) [PSYoungGen: 26214509K->838205K(26355712K)] 27776722K->2400946K(29501440K), 0.1299510 secs] [Times: user=6.74 sys=0.01, real=0.13 secs] 
5937.452: [GC (Allocation Failure) [PSYoungGen: 26286653K->775740K(26355712K)] 27849394K->2338970K(29501440K), 0.1104845 secs] [Times: user=5.74 sys=0.00, real=0.11 secs] 
5940.163: [GC (Allocation Failure) [PSYoungGen: 26224188K->738943K(26355712K)] 27787418K->2302724K(29501440K), 0.1055971 secs] [Times: user=5.42 sys=0.01, real=0.10 secs] 
5942.906: [GC (Allocation Failure) [PSYoungGen: 26187391K->854675K(26355712K)] 27751172K->2418993K(29501440K), 0.1187105 secs] [Times: user=6.01 sys=0.00, real=0.12 secs] 
5945.571: [GC (Allocation Failure) [PSYoungGen: 26303123K->907261K(26355712K)] 27867441K->2609722K(29501440K), 0.1424757 secs] [Times: user=7.56 sys=0.02, real=0.15 secs] 
5948.343: [GC (Allocation Failure) [PSYoungGen: 26355709K->780107K(26355712K)] 28058170K->2483096K(29501440K), 0.1060370 secs] [Times: user=5.46 sys=0.00, real=0.10 secs] 
5951.115: [GC (Allocation Failure) [PSYoungGen: 26228555K->756268K(26355712K)] 27931544K->2460130K(29501440K), 0.1098572 secs] [Times: user=5.29 sys=0.00, real=0.11 secs] 
5953.872: [GC (Allocation Failure) [PSYoungGen: 26204716K->763143K(26355712K)] 27908578K->2468269K(29501440K), 0.1055168 secs] [Times: user=5.37 sys=0.01, real=0.11 secs] 
5956.622: [GC (Allocation Failure) [PSYoungGen: 26211591K->902871K(26355712K)] 27916717K->2608684K(29501440K), 0.1205162 secs] [Times: user=6.27 sys=0.00, real=0.12 secs] 
5959.327: [GC (Allocation Failure) [PSYoungGen: 26351319K->773370K(26355712K)] 28057132K->2479720K(29501440K), 0.1071928 secs] [Times: user=5.65 sys=0.01, real=0.11 secs] 
5962.066: [GC (Allocation Failure) [PSYoungGen: 26221818K->733618K(26355712K)] 27928168K->2440455K(29501440K), 0.1061066 secs] [Times: user=5.49 sys=0.00, real=0.10 secs] 
5964.800: [GC (Allocation Failure) [PSYoungGen: 26182066K->835172K(26355712K)] 27888903K->2542530K(29501440K), 0.1132511 secs] [Times: user=5.87 sys=0.00, real=0.12 secs] 
5967.559: [GC (Allocation Failure) [PSYoungGen: 26283620K->785479K(26355712K)] 27990978K->2493389K(29501440K), 0.1272667 secs] [Times: user=6.42 sys=0.01, real=0.13 secs] 
5970.292: [GC (Allocation Failure) [PSYoungGen: 26233927K->817790K(26355712K)] 27941837K->2526228K(29501440K), 0.1241494 secs] [Times: user=6.27 sys=0.00, real=0.13 secs] 
5973.099: [GC (Allocation Failure) [PSYoungGen: 26266238K->771320K(26355712K)] 27974676K->2480318K(29501440K), 0.1116055 secs] [Times: user=5.51 sys=0.00, real=0.11 secs] 
5975.780: [GC (Allocation Failure) [PSYoungGen: 26219768K->777709K(26355712K)] 27928766K->2487195K(29501440K), 0.1083125 secs] [Times: user=5.65 sys=0.01, real=0.11 secs] 
5978.504: [GC (Allocation Failure) [PSYoungGen: 26226157K->907240K(26355712K)] 27935643K->2663518K(29501440K), 0.1327507 secs] [Times: user=6.88 sys=0.01, real=0.13 secs] 
5981.248: [GC (Allocation Failure) [PSYoungGen: 26355688K->787497K(26355712K)] 28111966K->2544286K(29501440K), 0.1076023 secs] [Times: user=5.36 sys=0.00, real=0.11 secs] 
5984.012: [GC (Allocation Failure) [PSYoungGen: 26235945K->703644K(26355712K)] 27992734K->2460969K(29501440K), 0.1040999 secs] [Times: user=4.97 sys=0.01, real=0.10 secs] 
5986.784: [GC (Allocation Failure) [PSYoungGen: 26152092K->797007K(26355712K)] 27909417K->2555445K(29501440K), 0.1078208 secs] [Times: user=5.64 sys=0.00, real=0.10 secs] 
5989.570: [GC (Allocation Failure) [PSYoungGen: 26245455K->767765K(26355712K)] 28003893K->2526954K(29501440K), 0.1104664 secs] [Times: user=5.53 sys=0.00, real=0.11 secs] 
5992.322: [GC (Allocation Failure) [PSYoungGen: 26216213K->761092K(26355712K)] 27975402K->2520785K(29501440K), 0.1038493 secs] [Times: user=5.44 sys=0.00, real=0.11 secs] 
5995.070: [GC (Allocation Failure) [PSYoungGen: 26209540K->791841K(26355712K)] 27969233K->2552031K(29501440K), 0.1123979 secs] [Times: user=5.95 sys=0.01, real=0.12 secs] 
5997.750: [GC (Allocation Failure) [PSYoungGen: 26240289K->838124K(26355712K)] 28000479K->2598786K(29501440K), 0.1123639 secs] [Times: user=5.90 sys=0.01, real=0.12 secs] 
6000.501: [GC (Allocation Failure) [PSYoungGen: 26286572K->772480K(26355712K)] 28047234K->2533694K(29501440K), 0.1109960 secs] [Times: user=5.75 sys=0.00, real=0.11 secs] 
6003.328: [GC (Allocation Failure) [PSYoungGen: 26220928K->808278K(26355712K)] 27982142K->2570028K(29501440K), 0.1293574 secs] [Times: user=6.47 sys=0.00, real=0.13 secs] 
6006.106: [GC (Allocation Failure) [PSYoungGen: 26256726K->819878K(26355712K)] 28018476K->2582123K(29501440K), 0.1522461 secs] [Times: user=7.74 sys=0.00, real=0.15 secs] 
6008.877: [GC (Allocation Failure) [PSYoungGen: 26268326K->766611K(26355712K)] 28030571K->2529353K(29501440K), 0.1405949 secs] [Times: user=7.25 sys=0.00, real=0.14 secs] 
6011.639: [GC (Allocation Failure) [PSYoungGen: 26215059K->820938K(26355712K)] 27977801K->2584183K(29501440K), 0.1118011 secs] [Times: user=5.84 sys=0.00, real=0.11 secs] 
6014.324: [GC (Allocation Failure) [PSYoungGen: 26269386K->755567K(26355712K)] 28032631K->2519333K(29501440K), 0.1153399 secs] [Times: user=5.62 sys=0.00, real=0.11 secs] 
6016.946: [GC (Allocation Failure) [PSYoungGen: 26204015K->867478K(26355712K)] 27967781K->2631771K(29501440K), 0.1216931 secs] [Times: user=6.16 sys=0.00, real=0.12 secs] 
6019.650: [GC (Allocation Failure) [PSYoungGen: 26315926K->835718K(26355712K)] 28080219K->2600835K(29501440K), 0.1458201 secs] [Times: user=7.69 sys=0.00, real=0.15 secs] 
6022.344: [GC (Allocation Failure) [PSYoungGen: 26284166K->855804K(26355712K)] 28049283K->2621513K(29501440K), 0.1477184 secs] [Times: user=7.88 sys=0.00, real=0.14 secs] 
6025.012: [GC (Allocation Failure) [PSYoungGen: 26304252K->879755K(26355712K)] 28069961K->2646001K(29501440K), 0.1388596 secs] [Times: user=7.27 sys=0.00, real=0.13 secs] 
6027.729: [GC (Allocation Failure) [PSYoungGen: 26328203K->907255K(26355712K)] 28094449K->2698757K(29501440K), 0.1237150 secs] [Times: user=6.32 sys=0.01, real=0.13 secs] 
6030.517: [GC (Allocation Failure) [PSYoungGen: 26355703K->799322K(26355712K)] 28147205K->2591335K(29501440K), 0.1111533 secs] [Times: user=5.57 sys=0.00, real=0.11 secs] 
6033.155: [GC (Allocation Failure) [PSYoungGen: 26247770K->907255K(26355712K)] 28039783K->2700900K(29501440K), 0.1190388 secs] [Times: user=5.91 sys=0.01, real=0.12 secs] 
6035.847: [GC (Allocation Failure) [PSYoungGen: 26355703K->741643K(26355712K)] 28149348K->2535889K(29501440K), 0.1241738 secs] [Times: user=6.00 sys=0.00, real=0.12 secs] 
6038.586: [GC (Allocation Failure) [PSYoungGen: 26190091K->862601K(26355712K)] 27984337K->2657358K(29501440K), 0.1160398 secs] [Times: user=6.18 sys=0.01, real=0.11 secs] 
6041.353: [GC (Allocation Failure) [PSYoungGen: 26311049K->783269K(26355712K)] 28105806K->2578594K(29501440K), 0.1313215 secs] [Times: user=6.29 sys=0.00, real=0.13 secs] 
6044.044: [GC (Allocation Failure) [PSYoungGen: 26231717K->757032K(26355712K)] 28027042K->2552878K(29501440K), 0.1188308 secs] [Times: user=5.76 sys=0.00, real=0.12 secs] 
6046.764: [GC (Allocation Failure) [PSYoungGen: 26205480K->869787K(26355712K)] 28001326K->2666145K(29501440K), 0.1161397 secs] [Times: user=5.79 sys=0.00, real=0.11 secs] 
6049.514: [GC (Allocation Failure) [PSYoungGen: 26318235K->818736K(26355712K)] 28114593K->2615653K(29501440K), 0.1131708 secs] [Times: user=5.93 sys=0.01, real=0.11 secs] 
6052.199: [GC (Allocation Failure) [PSYoungGen: 26267184K->793928K(26355712K)] 28064101K->2591389K(29501440K), 0.1159249 secs] [Times: user=5.56 sys=0.01, real=0.12 secs] 
6054.852: [GC (Allocation Failure) [PSYoungGen: 26242376K->815927K(26355712K)] 28039837K->2613989K(29501440K), 0.1193645 secs] [Times: user=5.96 sys=0.02, real=0.12 secs] 
6057.512: [GC (Allocation Failure) [PSYoungGen: 26264375K->907238K(26355712K)] 28062437K->2825979K(29501440K), 0.1411576 secs] [Times: user=7.55 sys=0.00, real=0.15 secs] 
6060.209: [GC (Allocation Failure) [PSYoungGen: 26355686K->781123K(26355712K)] 28274427K->2700344K(29501440K), 0.1102280 secs] [Times: user=5.49 sys=0.00, real=0.11 secs] 
6062.906: [GC (Allocation Failure) [PSYoungGen: 26229571K->727548K(26355712K)] 28148792K->2647257K(29501440K), 0.1042323 secs] [Times: user=5.31 sys=0.00, real=0.10 secs] 
6065.585: [GC (Allocation Failure) [PSYoungGen: 26175996K->791797K(26355712K)] 28095705K->2712018K(29501440K), 0.1091599 secs] [Times: user=5.55 sys=0.00, real=0.11 secs] 
6068.341: [GC (Allocation Failure) [PSYoungGen: 26240245K->789077K(26355712K)] 28160466K->2709995K(29501440K), 0.1155462 secs] [Times: user=5.71 sys=0.00, real=0.12 secs] 
6071.044: [GC (Allocation Failure) [PSYoungGen: 26237525K->742767K(26355712K)] 28158443K->2664205K(29501440K), 0.1116443 secs] [Times: user=5.74 sys=0.01, real=0.11 secs] 
6073.797: [GC (Allocation Failure) [PSYoungGen: 26191215K->700440K(26355712K)] 28112653K->2622749K(29501440K), 0.1131685 secs] [Times: user=5.74 sys=0.00, real=0.11 secs] 
6076.541: [GC (Allocation Failure) [PSYoungGen: 26148888K->848951K(26355712K)] 28071197K->2771804K(29501440K), 0.1300816 secs] [Times: user=6.55 sys=0.00, real=0.13 secs] 
6079.231: [GC (Allocation Failure) [PSYoungGen: 26297399K->870514K(26355712K)] 28220252K->2793872K(29501440K), 0.1224932 secs] [Times: user=6.25 sys=0.00, real=0.13 secs] 
6081.942: [GC (Allocation Failure) [PSYoungGen: 26318962K->844182K(26355712K)] 28242320K->2768076K(29501440K), 0.1216860 secs] [Times: user=6.27 sys=0.00, real=0.12 secs] 
6084.609: [GC (Allocation Failure) [PSYoungGen: 26292630K->867373K(26355712K)] 28216524K->2791867K(29501440K), 0.1236320 secs] [Times: user=6.24 sys=0.00, real=0.13 secs] 
6087.308: [GC (Allocation Failure) [PSYoungGen: 26315821K->907259K(26355712K)] 28240315K->3287184K(29501440K), 0.2010104 secs] [Times: user=10.86 sys=0.00, real=0.20 secs] 
6090.046: [GC (Allocation Failure) [PSYoungGen: 26355707K->907248K(26355712K)] 28735632K->3857869K(29501440K), 0.2247258 secs] [Times: user=12.01 sys=0.00, real=0.22 secs] 
6090.272: [Full GC (Ergonomics) [PSYoungGen: 907248K->0K(26355712K)] [ParOldGen: 2950621K->2041376K(3145728K)] 3857869K->2041376K(29501440K), [Metaspace: 22511K->22511K(1071104K)], 0.8234512 secs] [Times: user=31.26 sys=0.00, real=0.83 secs] 
6093.580: [GC (Allocation Failure) [PSYoungGen: 25448448K->907236K(26355712K)] 27489824K->3137101K(29501440K), 0.1678889 secs] [Times: user=8.57 sys=0.00, real=0.17 secs] 
6096.196: [GC (Allocation Failure) [PSYoungGen: 26355684K->866261K(26355712K)] 28585549K->3096126K(29501440K), 0.1909645 secs] [Times: user=9.96 sys=0.00, real=0.19 secs] 
6098.905: [GC (Allocation Failure) [PSYoungGen: 26314709K->816870K(26355712K)] 28544574K->3046735K(29501440K), 0.1266390 secs] [Times: user=6.45 sys=0.01, real=0.12 secs] 
6101.607: [GC (Allocation Failure) [PSYoungGen: 26265318K->901646K(26355712K)] 28495183K->3131510K(29501440K), 0.1297860 secs] [Times: user=6.36 sys=0.00, real=0.13 secs] 
6104.224: [GC (Allocation Failure) [PSYoungGen: 26350094K->853938K(26355712K)] 28579958K->3083803K(29501440K), 0.1255447 secs] [Times: user=6.60 sys=0.01, real=0.12 secs] 
6106.835: [GC (Allocation Failure) [PSYoungGen: 26302386K->907233K(26355712K)] 28532251K->3157466K(29501440K), 0.1330411 secs] [Times: user=7.19 sys=0.00, real=0.13 secs] 
6109.591: [GC (Allocation Failure) [PSYoungGen: 26355681K->907242K(26355712K)] 28605914K->3420227K(29501440K), 0.1763537 secs] [Times: user=9.44 sys=0.01, real=0.18 secs] 
6121.384: [GC (Allocation Failure) [PSYoungGen: 26355690K->907251K(26355712K)] 28868675K->3608508K(29501440K), 0.1585394 secs] [Times: user=8.32 sys=0.01, real=0.16 secs] 
6124.084: [GC (Allocation Failure) [PSYoungGen: 26355699K->907262K(26355712K)] 29056956K->3643511K(29501440K), 0.1369344 secs] [Times: user=6.88 sys=0.01, real=0.13 secs] 
6126.803: [GC (Allocation Failure) [PSYoungGen: 26355710K->907257K(26355712K)] 29091959K->3687386K(29501440K), 0.1288971 secs] [Times: user=6.85 sys=0.00, real=0.12 secs] 
6129.437: [GC (Allocation Failure) [PSYoungGen: 26355705K->907243K(26355712K)] 29135834K->4014533K(29501440K), 0.1810278 secs] [Times: user=9.67 sys=0.00, real=0.18 secs] 
6129.618: [Full GC (Ergonomics) [PSYoungGen: 907243K->0K(26355712K)] [ParOldGen: 3107289K->1693559K(3145728K)] 4014533K->1693559K(29501440K), [Metaspace: 22511K->22511K(1071104K)], 0.7547647 secs] [Times: user=32.90 sys=0.01, real=0.76 secs] 
6132.940: [GC (Allocation Failure) [PSYoungGen: 25448448K->907251K(26355712K)] 27142007K->2853379K(29501440K), 0.1748142 secs] [Times: user=8.93 sys=0.01, real=0.18 secs] 
6136.489: [GC (Allocation Failure) [PSYoungGen: 26355699K->907238K(26355712K)] 28301827K->3010782K(29501440K), 0.1524502 secs] [Times: user=8.10 sys=0.00, real=0.15 secs] 
6139.269: [GC (Allocation Failure) [PSYoungGen: 26355686K->760323K(26355712K)] 28459230K->2863867K(29501440K), 0.1120538 secs] [Times: user=5.91 sys=0.00, real=0.11 secs] 
6141.974: [GC (Allocation Failure) [PSYoungGen: 26208771K->868281K(26355712K)] 28312315K->2971825K(29501440K), 0.1253271 secs] [Times: user=6.59 sys=0.00, real=0.12 secs] 
6144.632: [GC (Allocation Failure) [PSYoungGen: 26316729K->907244K(26355712K)] 28420273K->3346700K(29501440K), 0.1917278 secs] [Times: user=9.99 sys=0.00, real=0.19 secs] 
6147.350: [GC (Allocation Failure) [PSYoungGen: 26355692K->907256K(26355712K)] 28795148K->3388256K(29501440K), 0.1423714 secs] [Times: user=7.31 sys=0.00, real=0.15 secs] 
6150.020: [GC (Allocation Failure) [PSYoungGen: 26355704K->869861K(26355712K)] 28836704K->3350861K(29501440K), 0.1264117 secs] [Times: user=6.44 sys=0.00, real=0.13 secs] 
6152.712: [GC (Allocation Failure) [PSYoungGen: 26318309K->907237K(26355712K)] 28799309K->3509821K(29501440K), 0.1482048 secs] [Times: user=7.77 sys=0.00, real=0.15 secs] 
6156.275: [GC (Allocation Failure) [PSYoungGen: 26355685K->907232K(26355712K)] 28958269K->4029416K(29501440K), 0.2250915 secs] [Times: user=11.92 sys=0.00, real=0.22 secs] 
6156.500: [Full GC (Ergonomics) [PSYoungGen: 907232K->0K(26355712K)] [ParOldGen: 3122183K->1918749K(3145728K)] 4029416K->1918749K(29501440K), [Metaspace: 22511K->22511K(1071104K)], 1.0321938 secs] [Times: user=42.81 sys=0.02, real=1.04 secs] 
6160.076: [GC (Allocation Failure) [PSYoungGen: 25448448K->907249K(26355712K)] 27367197K->3381431K(29501440K), 0.2394019 secs] [Times: user=12.64 sys=0.00, real=0.24 secs] 
6163.780: [GC (Allocation Failure) --[PSYoungGen: 26355697K->26355697K(26355712K)] 28829879K->29501423K(29501440K), 8.7207835 secs] [Times: user=23.82 sys=3.34, real=8.72 secs] 
6172.502: [Full GC (Ergonomics) [PSYoungGen: 26355697K->0K(26355712K)] [ParOldGen: 3145725K->2481155K(3145728K)] 29501423K->2481155K(29501440K), [Metaspace: 22511K->22511K(1071104K)], 0.9373330 secs] [Times: user=37.26 sys=0.30, real=0.93 secs] 
6176.822: [GC (Allocation Failure) [PSYoungGen: 25448448K->907251K(26355712K)] 27929603K->3906590K(29501440K), 0.2375082 secs] [Times: user=12.79 sys=0.00, real=0.23 secs] 
6177.060: [Full GC (Ergonomics) [PSYoungGen: 907251K->0K(26355712K)] [ParOldGen: 2999339K->2403040K(3145728K)] 3906590K->2403040K(29501440K), [Metaspace: 22511K->22511K(1071104K)], 1.1363814 secs] [Times: user=50.75 sys=0.01, real=1.14 secs] 
6182.004: [GC (Allocation Failure) [PSYoungGen: 25448448K->907239K(26355712K)] 27851488K->3776808K(29501440K), 0.2214879 secs] [Times: user=11.72 sys=0.00, real=0.22 secs] 
6182.226: [Full GC (Ergonomics) [PSYoungGen: 907239K->0K(26355712K)] [ParOldGen: 2869568K->2375194K(3145728K)] 3776808K->2375194K(29501440K), [Metaspace: 22511K->22511K(1071104K)], 1.1264551 secs] [Times: user=45.17 sys=0.01, real=1.13 secs] 
6187.014: [GC (Allocation Failure) [PSYoungGen: 25448448K->907234K(26355712K)] 27823642K->3477453K(29501440K), 0.1786472 secs] [Times: user=9.32 sys=0.00, real=0.18 secs] 
6187.193: [Full GC (Ergonomics) [PSYoungGen: 907234K->0K(26355712K)] [ParOldGen: 2570218K->2185617K(3145728K)] 3477453K->2185617K(29501440K), [Metaspace: 22511K->22511K(1071104K)], 0.8793532 secs] [Times: user=39.05 sys=0.01, real=0.88 secs] 
6191.393: [GC (Allocation Failure) [PSYoungGen: 25448448K->907255K(26355712K)] 27634065K->3155560K(29501440K), 0.1516779 secs] [Times: user=7.77 sys=0.00, real=0.15 secs] 
6194.105: [GC (Allocation Failure) [PSYoungGen: 26355703K->907249K(26355712K)] 28604008K->3369691K(29501440K), 0.1754083 secs] [Times: user=8.84 sys=0.01, real=0.17 secs] 
6196.904: [GC (Allocation Failure) [PSYoungGen: 26355697K->907237K(26355712K)] 28818139K->3619150K(29501440K), 0.2221567 secs] [Times: user=11.67 sys=0.00, real=0.22 secs] 
6197.127: [Full GC (Ergonomics) [PSYoungGen: 907237K->0K(26355712K)] [ParOldGen: 2711913K->2195505K(3145728K)] 3619150K->2195505K(29501440K), [Metaspace: 22511K->22511K(1071104K)], 2.4905558 secs] [Times: user=123.74 sys=0.06, real=2.49 secs] 
6202.178: [GC (Allocation Failure) [PSYoungGen: 25448448K->781856K(26355712K)] 27643953K->2977362K(29501440K), 0.1242763 secs] [Times: user=6.47 sys=0.00, real=0.13 secs] 
6205.887: [GC (Allocation Failure) [PSYoungGen: 26230304K->907255K(26355712K)] 28425810K->3278945K(29501440K), 0.1749747 secs] [Times: user=8.47 sys=0.00, real=0.17 secs] 
6208.599: [GC (Allocation Failure) [PSYoungGen: 26355703K->749266K(26355712K)] 28727393K->3120956K(29501440K), 0.1189159 secs] [Times: user=5.52 sys=0.00, real=0.12 secs] 
6211.370: [GC (Allocation Failure) [PSYoungGen: 26197714K->837066K(26355712K)] 28569404K->3208756K(29501440K), 0.1110054 secs] [Times: user=5.74 sys=0.01, real=0.11 secs] 
6213.965: [GC (Allocation Failure) [PSYoungGen: 26285514K->907263K(26355712K)] 28657204K->3838929K(29501440K), 0.2302317 secs] [Times: user=12.22 sys=0.00, real=0.23 secs] 
6214.196: [Full GC (Ergonomics) [PSYoungGen: 907263K->0K(26355712K)] [ParOldGen: 2931666K->1974855K(3145728K)] 3838929K->1974855K(29501440K), [Metaspace: 22511K->22511K(1071104K)], 1.1062568 secs] [Times: user=49.96 sys=0.01, real=1.10 secs] 
6219.101: [GC (Allocation Failure) [PSYoungGen: 25448448K->907239K(26355712K)] 27423303K->3347143K(29501440K), 0.2258353 secs] [Times: user=11.65 sys=0.00, real=0.23 secs] 
6219.327: [Full GC (Ergonomics) [PSYoungGen: 907239K->0K(26355712K)] [ParOldGen: 2439903K->2371810K(3145728K)] 3347143K->2371810K(29501440K), [Metaspace: 22511K->22511K(1071104K)], 1.4367981 secs] [Times: user=67.92 sys=0.00, real=1.44 secs] 
6224.520: [GC (Allocation Failure) [PSYoungGen: 25448448K->907241K(26355712K)] 27820258K->3834979K(29501440K), 0.2303748 secs] [Times: user=12.60 sys=0.01, real=0.23 secs] 
6224.751: [Full GC (Ergonomics) [PSYoungGen: 907241K->0K(26355712K)] [ParOldGen: 2927738K->2758073K(3145728K)] 3834979K->2758073K(29501440K), [Metaspace: 22511K->22511K(1071104K)], 1.2053634 secs] [Times: user=57.67 sys=0.00, real=1.21 secs] 
6229.876: [Full GC (Ergonomics) [PSYoungGen: 25448448K->0K(26355712K)] [ParOldGen: 2758073K->2678224K(3145728K)] 28206521K->2678224K(29501440K), [Metaspace: 22511K->22511K(1071104K)], 1.4012380 secs] [Times: user=57.22 sys=0.03, real=1.40 secs] 
6234.709: [Full GC (Ergonomics) [PSYoungGen: 25448448K->0K(26355712K)] [ParOldGen: 2678224K->2469717K(3145728K)] 28126672K->2469717K(29501440K), [Metaspace: 22511K->22511K(1071104K)], 1.3478126 secs] [Times: user=57.00 sys=0.01, real=1.35 secs] 
6239.705: [Full GC (Ergonomics) [PSYoungGen: 25448448K->0K(26355712K)] [ParOldGen: 2469717K->2504676K(3145728K)] 27918165K->2504676K(29501440K), [Metaspace: 22511K->22511K(1071104K)], 1.3984104 secs] [Times: user=59.74 sys=0.01, real=1.40 secs] 
6244.618: [Full GC (Ergonomics) [PSYoungGen: 25448448K->0K(26355712K)] [ParOldGen: 2504676K->1751047K(3145728K)] 27953124K->1751047K(29501440K), [Metaspace: 22511K->22511K(1071104K)], 0.8508919 secs] [Times: user=31.95 sys=0.00, real=0.85 secs] 
6249.031: [GC (Allocation Failure) [PSYoungGen: 25448448K->870819K(26355712K)] 27199495K->2621867K(29501440K), 0.1515520 secs] [Times: user=7.60 sys=0.01, real=0.16 secs] 
6252.938: [GC (Allocation Failure) [PSYoungGen: 26319267K->907242K(26355712K)] 28070315K->2905954K(29501440K), 0.1980974 secs] [Times: user=10.12 sys=0.01, real=0.20 secs] 
6257.330: [GC (Allocation Failure) [PSYoungGen: 26355690K->907250K(26355712K)] 28354402K->3175850K(29501440K), 0.1741128 secs] [Times: user=9.41 sys=0.00, real=0.18 secs] 
6261.144: [GC (Allocation Failure) [PSYoungGen: 26355698K->907247K(26355712K)] 28624298K->3370630K(29501440K), 0.1735662 secs] [Times: user=9.26 sys=0.00, real=0.17 secs] 
6263.937: [GC (Allocation Failure) [PSYoungGen: 26355695K->907246K(26355712K)] 28819078K->3643654K(29501440K), 0.1776494 secs] [Times: user=9.16 sys=0.00, real=0.18 secs] 
6264.115: [Full GC (Ergonomics) [PSYoungGen: 907246K->0K(26355712K)] [ParOldGen: 2736408K->2211371K(3145728K)] 3643654K->2211371K(29501440K), [Metaspace: 22511K->22511K(1071104K)], 1.9087966 secs] [Times: user=96.18 sys=0.01, real=1.91 secs] 
6268.631: [GC (Allocation Failure) [PSYoungGen: 25448448K->756662K(26355712K)] 27659819K->2968033K(29501440K), 0.1092424 secs] [Times: user=5.70 sys=0.00, real=0.11 secs] 
6271.281: [GC (Allocation Failure) [PSYoungGen: 26205110K->907262K(26355712K)] 28416481K->3216305K(29501440K), 0.1458213 secs] [Times: user=7.39 sys=0.00, real=0.15 secs] 
6275.403: [GC (Allocation Failure) [PSYoungGen: 26355710K->907253K(26355712K)] 28664753K->3625200K(29501440K), 0.1972287 secs] [Times: user=10.39 sys=0.00, real=0.19 secs] 
6275.601: [Full GC (Ergonomics) [PSYoungGen: 907253K->0K(26355712K)] [ParOldGen: 2717947K->1958505K(3145728K)] 3625200K->1958505K(29501440K), [Metaspace: 22511K->22511K(1071104K)], 1.3213879 secs] [Times: user=60.09 sys=0.00, real=1.33 secs] 
6282.648: [GC (Allocation Failure) [PSYoungGen: 25448448K->907257K(26355712K)] 27406953K->3021075K(29501440K), 0.1515020 secs] [Times: user=7.95 sys=0.00, real=0.15 secs] 
6286.607: [GC (Allocation Failure) [PSYoungGen: 26355705K->907240K(26355712K)] 28469523K->3287065K(29501440K), 0.1788019 secs] [Times: user=9.48 sys=0.00, real=0.18 secs] 
6289.325: [GC (Allocation Failure) [PSYoungGen: 26355688K->907243K(26355712K)] 28735513K->3593652K(29501440K), 0.1941007 secs] [Times: user=10.22 sys=0.00, real=0.19 secs] 
6289.520: [Full GC (Ergonomics) [PSYoungGen: 907243K->0K(26355712K)] [ParOldGen: 2686409K->2301142K(3145728K)] 3593652K->2301142K(29501440K), [Metaspace: 22511K->22511K(1071104K)], 2.0461422 secs] [Times: user=99.82 sys=0.00, real=2.05 secs] 
6294.107: [GC (Allocation Failure) [PSYoungGen: 25448448K->907243K(26355712K)] 27749590K->3234585K(29501440K), 0.1330949 secs] [Times: user=6.66 sys=0.01, real=0.13 secs] 
6298.003: [GC (Allocation Failure) [PSYoungGen: 26355691K->907239K(26355712K)] 28683033K->3661526K(29501440K), 0.1932453 secs] [Times: user=10.16 sys=0.01, real=0.19 secs] 
6298.197: [Full GC (Ergonomics) [PSYoungGen: 907239K->0K(26355712K)] [ParOldGen: 2754286K->2160626K(3145728K)] 3661526K->2160626K(29501440K), [Metaspace: 22511K->22511K(1071104K)], 1.3511889 secs] [Times: user=62.42 sys=0.01, real=1.35 secs] 
6302.101: [GC (Allocation Failure) [PSYoungGen: 25448448K->895461K(26355712K)] 27609074K->3056087K(29501440K), 0.1462240 secs] [Times: user=7.75 sys=0.00, real=0.15 secs] 
6304.778: [GC (Allocation Failure) [PSYoungGen: 26343909K->907246K(26355712K)] 28504535K->3330736K(29501440K), 0.2197427 secs] [Times: user=11.73 sys=0.01, real=0.22 secs] 
6307.492: [GC (Allocation Failure) [PSYoungGen: 26355694K->907245K(26355712K)] 28779184K->3557967K(29501440K), 0.1905731 secs] [Times: user=8.04 sys=0.02, real=0.20 secs] 
6307.683: [Full GC (Ergonomics) [PSYoungGen: 907245K->0K(26355712K)] [ParOldGen: 2650722K->2008562K(3145728K)] 3557967K->2008562K(29501440K), [Metaspace: 22511K->22511K(1071104K)], 1.4626336 secs] [Times: user=68.03 sys=0.01, real=1.46 secs] 
6312.744: [GC (Allocation Failure) [PSYoungGen: 25448448K->870025K(26355712K)] 27457010K->2878587K(29501440K), 0.1764507 secs] [Times: user=9.16 sys=0.00, real=0.17 secs] 
6315.431: [GC (Allocation Failure) [PSYoungGen: 26318473K->907253K(26355712K)] 28327035K->3242295K(29501440K), 0.2715714 secs] [Times: user=14.37 sys=0.00, real=0.28 secs] 
6318.303: [GC (Allocation Failure) [PSYoungGen: 26355701K->907256K(26355712K)] 28690743K->3588506K(29501440K), 0.1861944 secs] [Times: user=9.73 sys=0.00, real=0.18 secs] 
6318.490: [Full GC (Ergonomics) [PSYoungGen: 907256K->0K(26355712K)] [ParOldGen: 2681250K->2719737K(3145728K)] 3588506K->2719737K(29501440K), [Metaspace: 22511K->22511K(1071104K)], 2.3245544 secs] [Times: user=92.24 sys=0.01, real=2.33 secs] 
6323.322: [Full GC (Ergonomics) [PSYoungGen: 25448448K->0K(26355712K)] [ParOldGen: 2719737K->2353655K(3145728K)] 28168185K->2353655K(29501440K), [Metaspace: 22511K->22511K(1071104K)], 1.8326893 secs] [Times: user=77.98 sys=0.01, real=1.83 secs] 
6327.763: [GC (Allocation Failure) [PSYoungGen: 25448448K->907259K(26355712K)] 27802103K->3591147K(29501440K), 0.1811780 secs] [Times: user=9.35 sys=0.00, real=0.18 secs] 
6327.944: [Full GC (Ergonomics) [PSYoungGen: 907259K->0K(26355712K)] [ParOldGen: 2683887K->2273788K(3145728K)] 3591147K->2273788K(29501440K), [Metaspace: 22511K->22511K(1071104K)], 1.6687469 secs] [Times: user=75.38 sys=0.00, real=1.67 secs] 
6344.102: [GC (Allocation Failure) [PSYoungGen: 25448448K->907248K(26355712K)] 27722236K->3604149K(29501440K), 0.1956230 secs] [Times: user=10.62 sys=0.00, real=0.20 secs] 
6344.298: [Full GC (Ergonomics) [PSYoungGen: 907248K->0K(26355712K)] [ParOldGen: 2696900K->2593776K(3145728K)] 3604149K->2593776K(29501440K), [Metaspace: 22511K->22511K(1071104K)], 1.5073091 secs] [Times: user=66.96 sys=0.00, real=1.51 secs] 
6352.244: [Full GC (Ergonomics) [PSYoungGen: 25448448K->0K(26355712K)] [ParOldGen: 2593776K->2947990K(3145728K)] 28042224K->2947990K(29501440K), [Metaspace: 22511K->22511K(1071104K)], 1.8168123 secs] [Times: user=86.62 sys=0.01, real=1.81 secs] 
6362.851: [Full GC (Ergonomics) [PSYoungGen: 25448448K->0K(26355712K)] [ParOldGen: 2947990K->3035234K(3145728K)] 28396438K->3035234K(29501440K), [Metaspace: 22511K->22511K(1071104K)], 1.3955878 secs] [Times: user=57.74 sys=0.01, real=1.40 secs] 
6373.131: [Full GC (Ergonomics) [PSYoungGen: 25448448K->0K(26355712K)] [ParOldGen: 3035234K->3133057K(3145728K)] 28483682K->3133057K(29501440K), [Metaspace: 22511K->22511K(1071104K)], 2.0166007 secs] [Times: user=89.38 sys=0.04, real=2.02 secs] 
6378.822: [Full GC (Ergonomics) [PSYoungGen: 25448448K->0K(26355712K)] [ParOldGen: 3133057K->2913152K(3145728K)] 28581505K->2913152K(29501440K), [Metaspace: 22511K->22511K(1071104K)], 2.1037292 secs] [Times: user=89.43 sys=0.01, real=2.11 secs] 
6384.774: [Full GC (Ergonomics) [PSYoungGen: 25448448K->0K(26355712K)] [ParOldGen: 2913152K->3102155K(3145728K)] 28361600K->3102155K(29501440K), [Metaspace: 22511K->22511K(1071104K)], 1.6966656 secs] [Times: user=78.14 sys=0.00, real=1.69 secs] 
6390.389: [Full GC (Ergonomics) [PSYoungGen: 25448448K->177475K(26355712K)] [ParOldGen: 3102155K->3145706K(3145728K)] 28550603K->3323181K(29501440K), [Metaspace: 22511K->22511K(1071104K)], 2.1542545 secs] [Times: user=95.74 sys=0.01, real=2.16 secs] 
6396.326: [Full GC (Ergonomics) [PSYoungGen: 25448448K->383227K(26355712K)] [ParOldGen: 3145706K->3145725K(3145728K)] 28594154K->3528952K(29501440K), [Metaspace: 22511K->22511K(1071104K)], 2.4844494 secs] [Times: user=107.13 sys=0.00, real=2.48 secs] 
6402.696: [Full GC (Ergonomics) [PSYoungGen: 25448448K->0K(26355712K)] [ParOldGen: 3145725K->2597962K(3145728K)] 28594173K->2597962K(29501440K), [Metaspace: 22511K->22511K(1071104K)], 2.1106660 secs] [Times: user=96.43 sys=0.01, real=2.11 secs] 
6408.910: [Full GC (Ergonomics) [PSYoungGen: 25448448K->0K(26355712K)] [ParOldGen: 2597962K->2440271K(3145728K)] 28046410K->2440271K(29501440K), [Metaspace: 22511K->22511K(1071104K)], 1.8656740 secs] [Times: user=87.34 sys=0.02, real=1.87 secs] 
6414.412: [GC (Allocation Failure) [PSYoungGen: 25448448K->907256K(26355712K)] 27888719K->3366720K(29501440K), 0.1857320 secs] [Times: user=9.53 sys=0.01, real=0.19 secs] 
6417.104: [GC (Allocation Failure) [PSYoungGen: 26355704K->907256K(26355712K)] 28815168K->3817792K(29501440K), 0.2252468 secs] [Times: user=12.13 sys=0.02, real=0.22 secs] 
6417.330: [Full GC (Ergonomics) [PSYoungGen: 907256K->0K(26355712K)] [ParOldGen: 2910535K->2933029K(3145728K)] 3817792K->2933029K(29501440K), [Metaspace: 22511K->22511K(1071104K)], 2.2678400 secs] [Times: user=107.98 sys=0.01, real=2.27 secs] 
6424.192: [Full GC (Ergonomics) [PSYoungGen: 25448448K->121018K(26355712K)] [ParOldGen: 2933029K->3145557K(3145728K)] 28381477K->3266575K(29501440K), [Metaspace: 22511K->22511K(1071104K)], 3.1444701 secs] [Times: user=143.96 sys=0.04, real=3.15 secs] 
6432.373: [Full GC (Ergonomics) [PSYoungGen: 25448448K->302404K(26355712K)] [ParOldGen: 3145557K->3145709K(3145728K)] 28594005K->3448114K(29501440K), [Metaspace: 22511K->22511K(1071104K)], 4.8873371 secs] [Times: user=237.02 sys=0.07, real=4.88 secs] 
6441.343: [Full GC (Ergonomics) [PSYoungGen: 25448448K->489687K(26355712K)] [ParOldGen: 3145709K->3145701K(3145728K)] 28594157K->3635389K(29501440K), [Metaspace: 22511K->22511K(1071104K)], 3.1437478 secs] [Times: user=141.71 sys=0.01, real=3.14 secs] 
6448.655: [Full GC (Ergonomics) [PSYoungGen: 25448448K->524643K(26355712K)] [ParOldGen: 3145701K->3145667K(3145728K)] 28594149K->3670310K(29501440K), [Metaspace: 22511K->22511K(1071104K)], 4.9218947 secs] [Times: user=244.00 sys=0.05, real=4.92 secs] 
6456.048: [Full GC (Ergonomics) [PSYoungGen: 25448448K->707885K(26355712K)] [ParOldGen: 3145667K->3145713K(3145728K)] 28594115K->3853598K(29501440K), [Metaspace: 22511K->22511K(1071104K)], 3.0731896 secs] [Times: user=145.98 sys=0.01, real=3.07 secs] 
6464.456: [Full GC (System.gc()) [PSYoungGen: 20214237K->0K(26355712K)] [ParOldGen: 3145713K->183755K(3145728K)] 23359950K->183755K(29501440K), [Metaspace: 22514K->22514K(1071104K)], 0.4493969 secs] [Times: user=5.49 sys=0.01, real=0.45 secs] 
6500.391: [GC (Allocation Failure) [PSYoungGen: 25448448K->907257K(26355712K)] 25632203K->1114684K(29501440K), 0.0941243 secs] [Times: user=4.82 sys=0.00, real=0.10 secs] 
6512.141: [GC (Allocation Failure) [PSYoungGen: 26355705K->907235K(26355712K)] 26563132K->1126606K(29501440K), 0.0875164 secs] [Times: user=4.10 sys=0.01, real=0.09 secs] 
6520.632: [GC (Allocation Failure) [PSYoungGen: 26355683K->907239K(26355712K)] 26575054K->1136906K(29501440K), 0.0789416 secs] [Times: user=4.01 sys=0.00, real=0.08 secs] 
6528.211: [GC (Allocation Failure) [PSYoungGen: 26355687K->907248K(26355712K)] 26585354K->1150668K(29501440K), 0.0879941 secs] [Times: user=3.93 sys=0.01, real=0.09 secs] 
6534.650: [GC (Allocation Failure) [PSYoungGen: 26355696K->907234K(26355712K)] 26599116K->1167222K(29501440K), 0.0838994 secs] [Times: user=4.16 sys=0.00, real=0.09 secs] 
6540.909: [GC (Allocation Failure) [PSYoungGen: 26355682K->907232K(26355712K)] 26615670K->1207396K(29501440K), 0.0858837 secs] [Times: user=4.43 sys=0.01, real=0.09 secs] 
6546.132: [GC (Allocation Failure) [PSYoungGen: 26355680K->907243K(26355712K)] 26655844K->1252894K(29501440K), 0.0925606 secs] [Times: user=4.44 sys=0.02, real=0.09 secs] 
6551.425: [GC (Allocation Failure) [PSYoungGen: 26355691K->906505K(26355712K)] 26701342K->1252156K(29501440K), 0.0812472 secs] [Times: user=3.92 sys=0.01, real=0.08 secs] 
6556.389: [GC (Allocation Failure) [PSYoungGen: 26354953K->907247K(26355712K)] 26700604K->1273787K(29501440K), 0.0855744 secs] [Times: user=4.16 sys=0.00, real=0.09 secs] 
6560.847: [GC (Allocation Failure) [PSYoungGen: 26355695K->907233K(26355712K)] 26722235K->1356516K(29501440K), 0.0998707 secs] [Times: user=4.93 sys=0.00, real=0.10 secs] 
6565.273: [GC (Allocation Failure) [PSYoungGen: 26355681K->907258K(26355712K)] 26804964K->1375038K(29501440K), 0.0833475 secs] [Times: user=4.29 sys=0.00, real=0.08 secs] 
6569.667: [GC (Allocation Failure) [PSYoungGen: 26355706K->907233K(26355712K)] 26823486K->1414020K(29501440K), 0.0945341 secs] [Times: user=4.46 sys=0.01, real=0.09 secs] 
6573.457: [GC (Allocation Failure) [PSYoungGen: 26355681K->907239K(26355712K)] 26862468K->1454146K(29501440K), 0.0890703 secs] [Times: user=4.56 sys=0.00, real=0.09 secs] 
6577.262: [GC (Allocation Failure) [PSYoungGen: 26355687K->907255K(26355712K)] 26902594K->1548610K(29501440K), 0.1032550 secs] [Times: user=5.23 sys=0.00, real=0.10 secs] 
6580.971: [GC (Allocation Failure) [PSYoungGen: 26355703K->907260K(26355712K)] 26997058K->1607424K(29501440K), 0.1007712 secs] [Times: user=4.90 sys=0.00, real=0.11 secs] 
6584.695: [GC (Allocation Failure) [PSYoungGen: 26355708K->707597K(26355712K)] 27055872K->1671192K(29501440K), 0.1127688 secs] [Times: user=5.56 sys=0.01, real=0.11 secs] 
6588.081: [GC (Allocation Failure) [PSYoungGen: 26156045K->740658K(26355712K)] 27119640K->1711134K(29501440K), 0.1037006 secs] [Times: user=5.26 sys=0.01, real=0.11 secs] 
6591.398: [GC (Allocation Failure) [PSYoungGen: 26189106K->694487K(26355712K)] 27159582K->1667380K(29501440K), 0.0977640 secs] [Times: user=5.18 sys=0.01, real=0.10 secs] 
6594.813: [GC (Allocation Failure) [PSYoungGen: 26142935K->704985K(26355712K)] 27115828K->1681550K(29501440K), 0.0978765 secs] [Times: user=5.13 sys=0.01, real=0.09 secs] 
6598.184: [GC (Allocation Failure) [PSYoungGen: 26153433K->718916K(26355712K)] 27129998K->1697105K(29501440K), 0.0999726 secs] [Times: user=5.09 sys=0.01, real=0.10 secs] 
6601.365: [GC (Allocation Failure) [PSYoungGen: 26167364K->693257K(26355712K)] 27145553K->1672543K(29501440K), 0.1025724 secs] [Times: user=5.01 sys=0.02, real=0.10 secs] 
6604.544: [GC (Allocation Failure) [PSYoungGen: 26141705K->739332K(26355712K)] 27120991K->1720113K(29501440K), 0.0999994 secs] [Times: user=5.23 sys=0.00, real=0.10 secs] 
6607.580: [GC (Allocation Failure) [PSYoungGen: 26187780K->750376K(26355712K)] 27168561K->1732094K(29501440K), 0.1039291 secs] [Times: user=5.24 sys=0.00, real=0.11 secs] 
6610.596: [GC (Allocation Failure) [PSYoungGen: 26198824K->716434K(26355712K)] 27180542K->1699071K(29501440K), 0.1018413 secs] [Times: user=5.24 sys=0.01, real=0.10 secs] 
6613.643: [GC (Allocation Failure) [PSYoungGen: 26164882K->728039K(26355712K)] 27147519K->1711749K(29501440K), 0.1008333 secs] [Times: user=5.27 sys=0.00, real=0.10 secs] 
6616.672: [GC (Allocation Failure) [PSYoungGen: 26176487K->814018K(26355712K)] 27160197K->1798544K(29501440K), 0.1178091 secs] [Times: user=5.79 sys=0.00, real=0.11 secs] 
6619.411: [GC (Allocation Failure) [PSYoungGen: 26262466K->829740K(26355712K)] 27246992K->1815090K(29501440K), 0.1571150 secs] [Times: user=8.11 sys=0.01, real=0.16 secs] 
6622.265: [GC (Allocation Failure) [PSYoungGen: 26278188K->758782K(26355712K)] 27263538K->1745061K(29501440K), 0.1309303 secs] [Times: user=6.83 sys=0.00, real=0.13 secs] 
6624.980: [GC (Allocation Failure) [PSYoungGen: 26207230K->786943K(26355712K)] 27193509K->1774141K(29501440K), 0.1171096 secs] [Times: user=5.93 sys=0.00, real=0.12 secs] 
6627.673: [GC (Allocation Failure) [PSYoungGen: 26235391K->829101K(26355712K)] 27222589K->1817300K(29501440K), 0.1093853 secs] [Times: user=5.65 sys=0.00, real=0.11 secs] 
6630.505: [GC (Allocation Failure) [PSYoungGen: 26277549K->774055K(26355712K)] 27265748K->1763293K(29501440K), 0.1075328 secs] [Times: user=5.55 sys=0.01, real=0.11 secs] 
6633.257: [GC (Allocation Failure) [PSYoungGen: 26222503K->760451K(26355712K)] 27211741K->1750777K(29501440K), 0.1134638 secs] [Times: user=5.39 sys=0.00, real=0.11 secs] 
6644.197: [GC (System.gc()) [PSYoungGen: 4231732K->873604K(26355712K)] 5222059K->1865187K(29501440K), 0.0976002 secs] [Times: user=4.27 sys=0.01, real=0.10 secs] 
6644.295: [Full GC (System.gc()) [PSYoungGen: 873604K->0K(26355712K)] [ParOldGen: 991582K->257484K(3145728K)] 1865187K->257484K(29501440K), [Metaspace: 22612K->22612K(1071104K)], 0.0741490 secs] [Times: user=0.97 sys=0.00, real=0.07 secs] 
6651.601: [GC (System.gc()) [PSYoungGen: 3406059K->320K(26355712K)] 3663544K->257804K(29501440K), 0.0074642 secs] [Times: user=0.19 sys=0.01, real=0.01 secs] 
6651.609: [Full GC (System.gc()) [PSYoungGen: 320K->0K(26355712K)] [ParOldGen: 257484K->249691K(3145728K)] 257804K->249691K(29501440K), [Metaspace: 22616K->22616K(1071104K)], 0.0730168 secs] [Times: user=1.52 sys=0.00, real=0.07 secs] 
6666.518: [GC (Allocation Failure) [PSYoungGen: 25448448K->907243K(26355712K)] 25698139K->1249574K(29501440K), 0.1056965 secs] [Times: user=5.31 sys=0.01, real=0.11 secs] 
6676.304: [GC (Allocation Failure) [PSYoungGen: 26355691K->869097K(26355712K)] 26698022K->1211428K(29501440K), 0.0720260 secs] [Times: user=3.64 sys=0.00, real=0.07 secs] 
6686.037: [GC (Allocation Failure) [PSYoungGen: 26317545K->868255K(26355712K)] 26659876K->1210586K(29501440K), 0.0746385 secs] [Times: user=3.59 sys=0.02, real=0.07 secs] 
6696.243: [GC (System.gc()) [PSYoungGen: 17659164K->62163K(26355712K)] 18001495K->404495K(29501440K), 0.0184093 secs] [Times: user=0.42 sys=0.01, real=0.01 secs] 
6696.262: [Full GC (System.gc()) [PSYoungGen: 62163K->0K(26355712K)] [ParOldGen: 342331K->256674K(3145728K)] 404495K->256674K(29501440K), [Metaspace: 22699K->22699K(1071104K)], 0.0994446 secs] [Times: user=2.67 sys=0.01, real=0.10 secs] 
6696.578: [GC (System.gc()) [PSYoungGen: 557K->32K(26355712K)] 257232K->256706K(29501440K), 0.0170966 secs] [Times: user=0.17 sys=0.00, real=0.02 secs] 
6696.595: [Full GC (System.gc()) [PSYoungGen: 32K->0K(26355712K)] [ParOldGen: 256674K->256655K(3145728K)] 256706K->256655K(29501440K), [Metaspace: 22703K->22703K(1071104K)], 0.2256534 secs] [Times: user=1.27 sys=0.00, real=0.22 secs] 
6697.038: [GC (System.gc()) [PSYoungGen: 175201K->160K(26355712K)] 431856K->256815K(29501440K), 0.0097930 secs] [Times: user=0.30 sys=0.00, real=0.01 secs] 
6697.048: [Full GC (System.gc()) [PSYoungGen: 160K->0K(26355712K)] [ParOldGen: 256655K->256562K(3145728K)] 256815K->256562K(29501440K), [Metaspace: 22703K->22703K(1071104K)], 0.2488461 secs] [Times: user=6.39 sys=0.00, real=0.25 secs] 
Heap
 PSYoungGen      total 26355712K, used 1189277K [0x0000000140000000, 0x00000007c0000000, 0x00000007c0000000)
  eden space 25448448K, 4% used [0x0000000140000000,0x00000001889675c0,0x0000000751400000)
  from space 907264K, 0% used [0x0000000788a00000,0x0000000788a00000,0x00000007c0000000)
  to   space 907264K, 0% used [0x0000000751400000,0x0000000751400000,0x0000000788a00000)
 ParOldGen       total 3145728K, used 256562K [0x0000000080000000, 0x0000000140000000, 0x0000000140000000)
  object space 3145728K, 8% used [0x0000000080000000,0x000000008fa8cac0,0x0000000140000000)
 Metaspace       used 22708K, capacity 23562K, committed 23680K, reserved 1071104K
  class space    used 2638K, capacity 2869K, committed 2944K, reserved 1048576K
