Java HotSpot(TM) 64-Bit Server VM (25.60-b12) for linux-amd64 JRE (1.8.0_60-ea-b12), built on Apr 21 2015 19:53:00 by "java_re" with gcc 4.3.0 20080428 (Red Hat 4.3.0-8)
Memory: 4k page, physical 395463368k(390424424k free), swap 16318460k(16318460k free)
CommandLine flags: -XX:+AggressiveOpts -XX:+AlwaysPreTouch -XX:InitialHeapSize=31138512896 -XX:LargePageSizeInBytes=2097152 -XX:MaxHeapSize=31138512896 -XX:MaxNewSize=27917287424 -XX:MaxTenuringThreshold=15 -XX:NewSize=27917287424 -XX:ParallelGCThreads=56 -XX:+PrintGC -XX:+PrintGCDetails -XX:+PrintGCTimeStamps -XX:+PrintTenuringDistribution -XX:SurvivorRatio=28 -XX:TargetSurvivorRatio=95 -XX:-UseAdaptiveSizePolicy -XX:-UseBiasedLocking -XX:+UseCompressedClassPointers -XX:+UseCompressedOops -XX:+UseLargePages -XX:+UseParallelOldGC 
9.247: [GC (Allocation Failure) [PSYoungGen: 25448448K->12736K(26355712K)] 25448448K->12838K(29501440K), 0.0132672 secs] [Times: user=0.34 sys=0.00, real=0.02 secs] 
12.454: [GC (System.gc()) [PSYoungGen: 24601753K->8920K(26355712K)] 24601856K->9030K(29501440K), 0.0225722 secs] [Times: user=0.40 sys=0.00, real=0.02 secs] 
12.477: [Full GC (System.gc()) [PSYoungGen: 8920K->0K(26355712K)] [ParOldGen: 110K->8198K(3145728K)] 9030K->8198K(29501440K), [Metaspace: 16774K->16774K(1064960K)], 0.0447467 secs] [Times: user=0.69 sys=0.10, real=0.05 secs] 
25.194: [GC (Allocation Failure) [PSYoungGen: 25448448K->853171K(26355712K)] 25456646K->861385K(29501440K), 0.0763305 secs] [Times: user=3.44 sys=0.00, real=0.08 secs] 
33.157: [GC (Allocation Failure) [PSYoungGen: 26301619K->851676K(26355712K)] 26309833K->859898K(29501440K), 0.0639332 secs] [Times: user=3.07 sys=0.00, real=0.07 secs] 
99.951: [GC (System.gc()) [PSYoungGen: 23347374K->98574K(26355712K)] 23355597K->106804K(29501440K), 0.0181080 secs] [Times: user=0.76 sys=0.00, real=0.01 secs] 
99.970: [Full GC (System.gc()) [PSYoungGen: 98574K->0K(26355712K)] [ParOldGen: 8230K->105037K(3145728K)] 106804K->105037K(29501440K), [Metaspace: 20034K->20026K(1067008K)], 0.0756576 secs] [Times: user=2.19 sys=0.04, real=0.07 secs] 
216.182: [GC (Allocation Failure) [PSYoungGen: 25448448K->896542K(26355712K)] 25553485K->1001588K(29501440K), 0.0824416 secs] [Times: user=4.36 sys=0.00, real=0.08 secs] 
229.159: [GC (Allocation Failure) [PSYoungGen: 26344990K->889640K(26355712K)] 26450036K->994694K(29501440K), 0.0800847 secs] [Times: user=3.74 sys=0.00, real=0.08 secs] 
238.131: [GC (Allocation Failure) [PSYoungGen: 26338088K->893762K(26355712K)] 26443142K->998888K(29501440K), 0.0802695 secs] [Times: user=3.74 sys=0.00, real=0.08 secs] 
249.493: [GC (Allocation Failure) [PSYoungGen: 26342210K->887259K(26355712K)] 26447336K->992392K(29501440K), 0.0762586 secs] [Times: user=3.87 sys=0.00, real=0.07 secs] 
258.465: [GC (Allocation Failure) [PSYoungGen: 26335707K->907252K(26355712K)] 26440840K->1019177K(29501440K), 0.0787008 secs] [Times: user=3.98 sys=0.00, real=0.08 secs] 
265.879: [GC (Allocation Failure) [PSYoungGen: 26355700K->907239K(26355712K)] 26467625K->1026461K(29501440K), 0.0798994 secs] [Times: user=4.08 sys=0.00, real=0.08 secs] 
271.685: [GC (Allocation Failure) [PSYoungGen: 26355687K->907246K(26355712K)] 26474909K->1053324K(29501440K), 0.0857854 secs] [Times: user=4.28 sys=0.00, real=0.09 secs] 
276.746: [GC (Allocation Failure) [PSYoungGen: 26355694K->907260K(26355712K)] 26501772K->1062530K(29501440K), 0.0795217 secs] [Times: user=4.09 sys=0.00, real=0.08 secs] 
280.980: [GC (Allocation Failure) [PSYoungGen: 26355708K->907243K(26355712K)] 26510978K->1116865K(29501440K), 0.0891852 secs] [Times: user=4.63 sys=0.00, real=0.09 secs] 
285.045: [GC (Allocation Failure) [PSYoungGen: 26355691K->907243K(26355712K)] 26565313K->1158249K(29501440K), 0.0914317 secs] [Times: user=4.30 sys=0.01, real=0.09 secs] 
288.547: [GC (Allocation Failure) [PSYoungGen: 26355691K->907249K(26355712K)] 26606697K->1214078K(29501440K), 0.0905458 secs] [Times: user=4.67 sys=0.01, real=0.09 secs] 
291.708: [GC (Allocation Failure) [PSYoungGen: 26355697K->907259K(26355712K)] 26662526K->1290001K(29501440K), 0.1080110 secs] [Times: user=5.39 sys=0.01, real=0.11 secs] 
294.591: [GC (Allocation Failure) [PSYoungGen: 26355707K->907251K(26355712K)] 26738449K->1406593K(29501440K), 0.1210099 secs] [Times: user=6.27 sys=0.00, real=0.12 secs] 
297.276: [GC (Allocation Failure) [PSYoungGen: 26355699K->907262K(26355712K)] 26855041K->1855132K(29501440K), 0.1869216 secs] [Times: user=9.65 sys=0.00, real=0.19 secs] 
299.916: [GC (Allocation Failure) [PSYoungGen: 26355710K->907263K(26355712K)] 27303580K->2171788K(29501440K), 0.1584452 secs] [Times: user=8.24 sys=0.00, real=0.16 secs] 
302.595: [GC (Allocation Failure) [PSYoungGen: 26355711K->680171K(26355712K)] 27620236K->2173836K(29501440K), 0.1081889 secs] [Times: user=5.51 sys=0.00, real=0.11 secs] 
305.227: [GC (Allocation Failure) [PSYoungGen: 26128619K->737146K(26355712K)] 27622284K->2237997K(29501440K), 0.1026195 secs] [Times: user=5.06 sys=0.01, real=0.10 secs] 
307.885: [GC (Allocation Failure) [PSYoungGen: 26185594K->907243K(26355712K)] 27686445K->2487335K(29501440K), 0.1223610 secs] [Times: user=6.38 sys=0.01, real=0.12 secs] 
310.356: [GC (Allocation Failure) [PSYoungGen: 26355691K->907251K(26355712K)] 27935783K->2887705K(29501440K), 0.1858680 secs] [Times: user=9.50 sys=0.01, real=0.19 secs] 
312.926: [GC (Allocation Failure) [PSYoungGen: 26355699K->907240K(26355712K)] 28336153K->3293318K(29501440K), 0.1831071 secs] [Times: user=9.58 sys=0.01, real=0.18 secs] 
316.780: [GC (Allocation Failure) [PSYoungGen: 26355688K->723284K(26355712K)] 28741766K->3110987K(29501440K), 0.0974853 secs] [Times: user=4.90 sys=0.00, real=0.09 secs] 
319.405: [GC (Allocation Failure) [PSYoungGen: 26171732K->907244K(26355712K)] 28559435K->3322344K(29501440K), 0.1311388 secs] [Times: user=6.86 sys=0.00, real=0.13 secs] 
321.936: [GC (Allocation Failure) [PSYoungGen: 26355692K->907251K(26355712K)] 28770792K->3570090K(29501440K), 0.1701413 secs] [Times: user=8.60 sys=0.01, real=0.17 secs] 
324.549: [GC (Allocation Failure) [PSYoungGen: 26355699K->907258K(26355712K)] 29018538K->3778745K(29501440K), 0.1797968 secs] [Times: user=9.63 sys=0.01, real=0.18 secs] 
324.729: [Full GC (Ergonomics) [PSYoungGen: 907258K->0K(26355712K)] [ParOldGen: 2871486K->1577580K(3145728K)] 3778745K->1577580K(29501440K), [Metaspace: 22105K->22101K(1069056K)], 1.2612674 secs] [Times: user=38.58 sys=0.28, real=1.27 secs] 
328.492: [GC (Allocation Failure) [PSYoungGen: 25448448K->709858K(26355712K)] 27026028K->2287438K(29501440K), 0.1230647 secs] [Times: user=6.21 sys=0.00, real=0.12 secs] 
331.098: [GC (Allocation Failure) [PSYoungGen: 26158306K->907261K(26355712K)] 27735886K->2729866K(29501440K), 0.2042761 secs] [Times: user=10.66 sys=0.01, real=0.21 secs] 
333.818: [GC (Allocation Failure) [PSYoungGen: 26355709K->907256K(26355712K)] 28178314K->2737853K(29501440K), 0.1438693 secs] [Times: user=7.67 sys=0.01, real=0.15 secs] 
336.518: [GC (Allocation Failure) [PSYoungGen: 26355704K->773063K(26355712K)] 28186301K->2603659K(29501440K), 0.1239835 secs] [Times: user=6.41 sys=0.00, real=0.13 secs] 
339.574: [GC (System.gc()) [PSYoungGen: 23922849K->814670K(26355712K)] 25753446K->2645274K(29501440K), 0.1261744 secs] [Times: user=6.08 sys=0.01, real=0.13 secs] 
339.700: [Full GC (System.gc()) [PSYoungGen: 814670K->0K(26355712K)] [ParOldGen: 1830604K->145536K(3145728K)] 2645274K->145536K(29501440K), [Metaspace: 22324K->22324K(1069056K)], 0.1380574 secs] [Times: user=4.83 sys=0.08, real=0.13 secs] 
358.720: [GC (Allocation Failure) [PSYoungGen: 25448448K->907245K(26355712K)] 25593984K->1086293K(29501440K), 0.0984433 secs] [Times: user=4.80 sys=0.01, real=0.09 secs] 
365.039: [GC (Allocation Failure) [PSYoungGen: 26355693K->907248K(26355712K)] 26534741K->1153184K(29501440K), 0.0919631 secs] [Times: user=4.85 sys=0.01, real=0.10 secs] 
369.949: [GC (Allocation Failure) [PSYoungGen: 26355696K->907243K(26355712K)] 26601632K->1197507K(29501440K), 0.0956274 secs] [Times: user=4.60 sys=0.01, real=0.10 secs] 
374.286: [GC (Allocation Failure) [PSYoungGen: 26355691K->907244K(26355712K)] 26645955K->1211052K(29501440K), 0.0823253 secs] [Times: user=4.08 sys=0.00, real=0.08 secs] 
378.004: [GC (Allocation Failure) [PSYoungGen: 26355692K->907254K(26355712K)] 26659500K->1286223K(29501440K), 0.0970848 secs] [Times: user=5.05 sys=0.01, real=0.10 secs] 
381.247: [GC (Allocation Failure) [PSYoungGen: 26355702K->907260K(26355712K)] 26734671K->1333348K(29501440K), 0.0913055 secs] [Times: user=4.43 sys=0.00, real=0.09 secs] 
384.209: [GC (Allocation Failure) [PSYoungGen: 26355708K->907255K(26355712K)] 26781796K->1377800K(29501440K), 0.0925777 secs] [Times: user=4.42 sys=0.00, real=0.10 secs] 
387.099: [GC (Allocation Failure) [PSYoungGen: 26355703K->907241K(26355712K)] 26826248K->1478658K(29501440K), 0.1090409 secs] [Times: user=5.29 sys=0.00, real=0.11 secs] 
389.707: [GC (Allocation Failure) [PSYoungGen: 26355689K->907259K(26355712K)] 26927106K->2007636K(29501440K), 0.1969035 secs] [Times: user=10.52 sys=0.00, real=0.20 secs] 
392.485: [GC (Allocation Failure) [PSYoungGen: 26355707K->907241K(26355712K)] 27456084K->2746058K(29501440K), 0.2488670 secs] [Times: user=13.27 sys=0.00, real=0.25 secs] 
395.275: [GC (Allocation Failure) [PSYoungGen: 26355689K->907250K(26355712K)] 28194506K->3555643K(29501440K), 0.2700515 secs] [Times: user=14.52 sys=0.03, real=0.27 secs] 
395.545: [Full GC (Ergonomics) [PSYoungGen: 907250K->0K(26355712K)] [ParOldGen: 2648392K->2035925K(3145728K)] 3555643K->2035925K(29501440K), [Metaspace: 22408K->22408K(1069056K)], 1.1663774 secs] [Times: user=35.63 sys=0.00, real=1.17 secs] 
399.195: [GC (Allocation Failure) [PSYoungGen: 25448448K->907233K(26355712K)] 27484373K->3158862K(29501440K), 0.1626234 secs] [Times: user=8.52 sys=0.00, real=0.16 secs] 
402.922: [GC (Allocation Failure) [PSYoungGen: 26355681K->868003K(26355712K)] 28607310K->3119632K(29501440K), 0.1634165 secs] [Times: user=8.60 sys=0.00, real=0.16 secs] 
405.578: [GC (Allocation Failure) [PSYoungGen: 26316451K->872387K(26355712K)] 28568080K->3124016K(29501440K), 0.1345486 secs] [Times: user=7.17 sys=0.01, real=0.14 secs] 
408.298: [GC (Allocation Failure) [PSYoungGen: 26320835K->758024K(26355712K)] 28572464K->3009653K(29501440K), 0.1115149 secs] [Times: user=5.44 sys=0.00, real=0.12 secs] 
410.863: [GC (Allocation Failure) [PSYoungGen: 26206472K->907256K(26355712K)] 28458101K->3502493K(29501440K), 0.1786985 secs] [Times: user=9.37 sys=0.00, real=0.18 secs] 
411.042: [Full GC (Ergonomics) [PSYoungGen: 907256K->0K(26355712K)] [ParOldGen: 2595237K->1676181K(3145728K)] 3502493K->1676181K(29501440K), [Metaspace: 22409K->22409K(1069056K)], 1.1411882 secs] [Times: user=36.80 sys=0.02, real=1.14 secs] 
414.687: [GC (Allocation Failure) [PSYoungGen: 25448448K->907244K(26355712K)] 27124629K->2936713K(29501440K), 0.1839029 secs] [Times: user=9.83 sys=0.00, real=0.19 secs] 
418.676: [GC (Allocation Failure) [PSYoungGen: 26355692K->907251K(26355712K)] 28385161K->3421840K(29501440K), 0.2506300 secs] [Times: user=10.87 sys=0.00, real=0.25 secs] 
418.927: [Full GC (Ergonomics) [PSYoungGen: 907251K->0K(26355712K)] [ParOldGen: 2514589K->1906023K(3145728K)] 3421840K->1906023K(29501440K), [Metaspace: 22416K->22416K(1069056K)], 0.7103906 secs] [Times: user=32.97 sys=0.00, real=0.71 secs] 
420.798: [GC (System.gc()) [PSYoungGen: 1987233K->21664K(26355712K)] 3893257K->1927687K(29501440K), 0.0302790 secs] [Times: user=0.77 sys=0.01, real=0.03 secs] 
420.829: [Full GC (System.gc()) [PSYoungGen: 21664K->0K(26355712K)] [ParOldGen: 1906023K->148319K(3145728K)] 1927687K->148319K(29501440K), [Metaspace: 22428K->22428K(1069056K)], 0.1378528 secs] [Times: user=4.88 sys=0.00, real=0.14 secs] 
426.694: [GC (System.gc()) [PSYoungGen: 2117263K->320K(26355712K)] 2265582K->148639K(29501440K), 0.0115247 secs] [Times: user=0.17 sys=0.00, real=0.01 secs] 
426.706: [Full GC (System.gc()) [PSYoungGen: 320K->0K(26355712K)] [ParOldGen: 148319K->138277K(3145728K)] 148639K->138277K(29501440K), [Metaspace: 22446K->22446K(1069056K)], 0.0870604 secs] [Times: user=2.20 sys=0.01, real=0.09 secs] 
447.581: [GC (Allocation Failure) [PSYoungGen: 25448448K->907263K(26355712K)] 25586725K->1049093K(29501440K), 0.0924924 secs] [Times: user=4.53 sys=0.01, real=0.09 secs] 
466.144: [GC (Allocation Failure) [PSYoungGen: 26355711K->907241K(26355712K)] 26497541K->1049766K(29501440K), 0.0811095 secs] [Times: user=4.03 sys=0.00, real=0.08 secs] 
484.716: [GC (Allocation Failure) [PSYoungGen: 26355689K->907233K(26355712K)] 26498214K->1064326K(29501440K), 0.0819392 secs] [Times: user=4.03 sys=0.00, real=0.08 secs] 
503.322: [GC (Allocation Failure) [PSYoungGen: 26355681K->907234K(26355712K)] 26512774K->1064911K(29501440K), 0.0797705 secs] [Times: user=3.93 sys=0.01, real=0.08 secs] 
521.881: [GC (Allocation Failure) [PSYoungGen: 26355682K->907249K(26355712K)] 26513359K->1067534K(29501440K), 0.0820722 secs] [Times: user=3.95 sys=0.01, real=0.08 secs] 
540.467: [GC (Allocation Failure) [PSYoungGen: 26355697K->907254K(26355712K)] 26515982K->1071227K(29501440K), 0.0826351 secs] [Times: user=3.98 sys=0.01, real=0.08 secs] 
559.004: [GC (Allocation Failure) [PSYoungGen: 26355702K->897249K(26355712K)] 26519675K->1061222K(29501440K), 0.0770856 secs] [Times: user=3.88 sys=0.01, real=0.08 secs] 
577.515: [GC (Allocation Failure) [PSYoungGen: 26345697K->907249K(26355712K)] 26509670K->1074719K(29501440K), 0.0826270 secs] [Times: user=3.97 sys=0.00, real=0.08 secs] 
596.032: [GC (Allocation Failure) [PSYoungGen: 26355697K->895640K(26355712K)] 26523167K->1063109K(29501440K), 0.0780212 secs] [Times: user=3.88 sys=0.00, real=0.08 secs] 
698.460: [GC (Allocation Failure) [PSYoungGen: 26344088K->895881K(26355712K)] 26511557K->1063351K(29501440K), 0.0801700 secs] [Times: user=3.88 sys=0.02, real=0.09 secs] 
809.929: [GC (Allocation Failure) [PSYoungGen: 26344329K->890122K(26355712K)] 26511799K->1057592K(29501440K), 0.0851263 secs] [Times: user=3.82 sys=0.01, real=0.09 secs] 
871.510: [GC (Allocation Failure) [PSYoungGen: 26338570K->898543K(26355712K)] 26506040K->1066013K(29501440K), 0.0815406 secs] [Times: user=3.80 sys=0.01, real=0.09 secs] 
917.703: [GC (Allocation Failure) [PSYoungGen: 26346991K->895528K(26355712K)] 26514461K->1062998K(29501440K), 0.0823445 secs] [Times: user=3.83 sys=0.01, real=0.08 secs] 
958.417: [GC (Allocation Failure) [PSYoungGen: 26343976K->901257K(26355712K)] 26511446K->1068735K(29501440K), 0.0775314 secs] [Times: user=3.88 sys=0.01, real=0.08 secs] 
995.337: [GC (Allocation Failure) [PSYoungGen: 26349705K->895842K(26355712K)] 26517183K->1063319K(29501440K), 0.0771334 secs] [Times: user=3.86 sys=0.00, real=0.08 secs] 
1027.426: [GC (Allocation Failure) [PSYoungGen: 26344290K->587176K(26355712K)] 26511767K->1066358K(29501440K), 0.1100419 secs] [Times: user=5.42 sys=0.01, real=0.11 secs] 
1058.207: [GC (Allocation Failure) [PSYoungGen: 26035624K->581240K(26355712K)] 26514806K->1067119K(29501440K), 0.0904778 secs] [Times: user=4.51 sys=0.01, real=0.09 secs] 
1086.002: [GC (Allocation Failure) [PSYoungGen: 26029688K->578824K(26355712K)] 26515567K->1066855K(29501440K), 0.0931051 secs] [Times: user=4.55 sys=0.00, real=0.09 secs] 
1112.454: [GC (Allocation Failure) [PSYoungGen: 26027272K->581864K(26355712K)] 26515303K->1071367K(29501440K), 0.0906848 secs] [Times: user=4.68 sys=0.01, real=0.09 secs] 
1138.068: [GC (Allocation Failure) [PSYoungGen: 26030312K->575880K(26355712K)] 26519815K->1069023K(29501440K), 0.0902926 secs] [Times: user=4.48 sys=0.00, real=0.09 secs] 
1161.212: [GC (Allocation Failure) [PSYoungGen: 26024328K->579464K(26355712K)] 26517471K->1073776K(29501440K), 0.0953469 secs] [Times: user=4.67 sys=0.01, real=0.09 secs] 
1184.249: [GC (Allocation Failure) [PSYoungGen: 26027912K->577688K(26355712K)] 26522224K->1072896K(29501440K), 0.0916732 secs] [Times: user=4.61 sys=0.00, real=0.10 secs] 
1206.568: [GC (Allocation Failure) [PSYoungGen: 26026136K->586744K(26355712K)] 26521344K->1082744K(29501440K), 0.0891494 secs] [Times: user=4.50 sys=0.01, real=0.09 secs] 
1227.004: [GC (Allocation Failure) [PSYoungGen: 26035192K->578632K(26355712K)] 26531192K->1075552K(29501440K), 0.0885473 secs] [Times: user=4.53 sys=0.01, real=0.09 secs] 
1247.559: [GC (Allocation Failure) [PSYoungGen: 26027080K->589214K(26355712K)] 26524000K->1088326K(29501440K), 0.1011701 secs] [Times: user=4.71 sys=0.01, real=0.11 secs] 
1267.901: [GC (Allocation Failure) [PSYoungGen: 26037662K->579448K(26355712K)] 26536774K->1079344K(29501440K), 0.0927534 secs] [Times: user=4.59 sys=0.01, real=0.09 secs] 
1286.318: [GC (Allocation Failure) [PSYoungGen: 26027896K->594237K(26355712K)] 26527792K->1094717K(29501440K), 0.0944455 secs] [Times: user=4.81 sys=0.00, real=0.10 secs] 
1304.688: [GC (Allocation Failure) [PSYoungGen: 26042685K->588392K(26355712K)] 26543165K->1089496K(29501440K), 0.0914870 secs] [Times: user=4.77 sys=0.01, real=0.10 secs] 
1323.109: [GC (Allocation Failure) [PSYoungGen: 26036840K->577384K(26355712K)] 26537944K->1079088K(29501440K), 0.0867720 secs] [Times: user=4.48 sys=0.01, real=0.09 secs] 
1340.757: [GC (Allocation Failure) [PSYoungGen: 26025798K->590808K(26355712K)] 26527502K->1093088K(29501440K), 0.0910647 secs] [Times: user=4.47 sys=0.00, real=0.09 secs] 
1357.505: [GC (Allocation Failure) [PSYoungGen: 26039256K->583560K(26355712K)] 26541536K->1086424K(29501440K), 0.0861950 secs] [Times: user=4.44 sys=0.01, real=0.09 secs] 
1374.265: [GC (Allocation Failure) [PSYoungGen: 26032008K->581400K(26355712K)] 26534872K->1084872K(29501440K), 0.0928713 secs] [Times: user=4.67 sys=0.00, real=0.09 secs] 
1390.989: [GC (Allocation Failure) [PSYoungGen: 26029848K->578552K(26355712K)] 26533320K->1082896K(29501440K), 0.0940514 secs] [Times: user=4.58 sys=0.00, real=0.10 secs] 
1406.869: [GC (Allocation Failure) [PSYoungGen: 26027000K->580440K(26355712K)] 26531344K->1085697K(29501440K), 0.0918964 secs] [Times: user=4.55 sys=0.00, real=0.10 secs] 
1422.216: [GC (Allocation Failure) [PSYoungGen: 26028888K->581944K(26355712K)] 26534145K->1087969K(29501440K), 0.0899703 secs] [Times: user=4.65 sys=0.00, real=0.09 secs] 
1437.588: [GC (Allocation Failure) [PSYoungGen: 26030392K->586776K(26355712K)] 26536417K->1093425K(29501440K), 0.0889951 secs] [Times: user=4.50 sys=0.00, real=0.09 secs] 
1452.907: [GC (Allocation Failure) [PSYoungGen: 26035224K->583016K(26355712K)] 26541873K->1090297K(29501440K), 0.0907038 secs] [Times: user=4.62 sys=0.00, real=0.09 secs] 
1467.848: [GC (Allocation Failure) [PSYoungGen: 26031464K->583656K(26355712K)] 26538745K->1091722K(29501440K), 0.0931111 secs] [Times: user=4.65 sys=0.01, real=0.10 secs] 
1482.017: [GC (Allocation Failure) [PSYoungGen: 26032104K->581640K(26355712K)] 26540170K->1090417K(29501440K), 0.0928592 secs] [Times: user=4.29 sys=0.00, real=0.10 secs] 
1496.157: [GC (Allocation Failure) [PSYoungGen: 26030088K->594524K(26355712K)] 26538865K->1104006K(29501440K), 0.0945914 secs] [Times: user=4.63 sys=0.01, real=0.10 secs] 
1510.305: [GC (Allocation Failure) [PSYoungGen: 26042972K->586152K(26355712K)] 26552454K->1096289K(29501440K), 0.0923296 secs] [Times: user=4.64 sys=0.00, real=0.09 secs] 
1524.476: [GC (Allocation Failure) [PSYoungGen: 26034600K->597020K(26355712K)] 26544737K->1107854K(29501440K), 0.0970240 secs] [Times: user=4.53 sys=0.01, real=0.10 secs] 
1537.886: [GC (Allocation Failure) [PSYoungGen: 26045468K->599218K(26355712K)] 26556302K->1110723K(29501440K), 0.0931101 secs] [Times: user=4.71 sys=0.01, real=0.09 secs] 
1550.967: [GC (Allocation Failure) [PSYoungGen: 26047666K->589709K(26355712K)] 26559171K->1101911K(29501440K), 0.0911983 secs] [Times: user=4.52 sys=0.00, real=0.09 secs] 
1564.192: [GC (Allocation Failure) [PSYoungGen: 26038157K->605117K(26355712K)] 26550359K->1117926K(29501440K), 0.0958393 secs] [Times: user=4.79 sys=0.00, real=0.09 secs] 
1577.395: [GC (Allocation Failure) [PSYoungGen: 26053565K->586648K(26355712K)] 26566374K->1100177K(29501440K), 0.0897421 secs] [Times: user=4.44 sys=0.00, real=0.09 secs] 
1590.606: [GC (Allocation Failure) [PSYoungGen: 26035096K->603229K(26355712K)] 26548625K->1117366K(29501440K), 0.0894031 secs] [Times: user=4.68 sys=0.00, real=0.09 secs] 
1603.074: [GC (Allocation Failure) [PSYoungGen: 26051677K->592680K(26355712K)] 26565814K->1107569K(29501440K), 0.0955213 secs] [Times: user=4.53 sys=0.01, real=0.10 secs] 
1615.412: [GC (Allocation Failure) [PSYoungGen: 26041128K->596397K(26355712K)] 26556017K->1112022K(29501440K), 0.0939342 secs] [Times: user=4.62 sys=0.00, real=0.09 secs] 
1627.792: [GC (Allocation Failure) [PSYoungGen: 26044845K->586941K(26355712K)] 26560470K->1103318K(29501440K), 0.0888006 secs] [Times: user=4.61 sys=0.00, real=0.09 secs] 
1640.189: [GC (Allocation Failure) [PSYoungGen: 26035389K->593004K(26355712K)] 26551766K->1110110K(29501440K), 0.0897684 secs] [Times: user=4.43 sys=0.00, real=0.09 secs] 
1652.594: [GC (Allocation Failure) [PSYoungGen: 26041452K->598296K(26355712K)] 26558558K->1116393K(29501440K), 0.0963668 secs] [Times: user=4.43 sys=0.00, real=0.10 secs] 
1664.516: [GC (Allocation Failure) [PSYoungGen: 26046744K->601688K(26355712K)] 26564841K->1120474K(29501440K), 0.0931793 secs] [Times: user=4.30 sys=0.01, real=0.09 secs] 
1676.231: [GC (Allocation Failure) [PSYoungGen: 26050136K->600913K(26355712K)] 26568922K->1120563K(29501440K), 0.0974165 secs] [Times: user=4.83 sys=0.00, real=0.09 secs] 
1687.953: [GC (Allocation Failure) [PSYoungGen: 26049361K->598641K(26355712K)] 26569011K->1119011K(29501440K), 0.0910794 secs] [Times: user=4.63 sys=0.01, real=0.09 secs] 
1699.775: [GC (Allocation Failure) [PSYoungGen: 26047089K->588077K(26355712K)] 26567459K->1109391K(29501440K), 0.0896696 secs] [Times: user=4.74 sys=0.00, real=0.09 secs] 
1711.555: [GC (Allocation Failure) [PSYoungGen: 26036525K->608770K(26355712K)] 26557839K->1130836K(29501440K), 0.0970208 secs] [Times: user=4.78 sys=0.00, real=0.10 secs] 
1723.325: [GC (Allocation Failure) [PSYoungGen: 26057218K->593431K(26355712K)] 26579284K->1116297K(29501440K), 0.0944739 secs] [Times: user=4.54 sys=0.00, real=0.09 secs] 
1734.555: [GC (Allocation Failure) [PSYoungGen: 26041879K->597128K(26355712K)] 26564745K->1120682K(29501440K), 0.0938343 secs] [Times: user=4.59 sys=0.00, real=0.09 secs] 
1745.631: [GC (Allocation Failure) [PSYoungGen: 26045576K->599144K(26355712K)] 26569130K->1123386K(29501440K), 0.1021524 secs] [Times: user=4.48 sys=0.01, real=0.10 secs] 
1756.636: [GC (Allocation Failure) [PSYoungGen: 26047592K->611027K(26355712K)] 26571834K->1135981K(29501440K), 0.0948888 secs] [Times: user=4.66 sys=0.01, real=0.10 secs] 
1767.710: [GC (Allocation Failure) [PSYoungGen: 26059475K->612525K(26355712K)] 26584429K->1138159K(29501440K), 0.0938210 secs] [Times: user=4.62 sys=0.01, real=0.09 secs] 
1778.792: [GC (Allocation Failure) [PSYoungGen: 26060973K->588760K(26355712K)] 26586607K->1115130K(29501440K), 0.0936064 secs] [Times: user=4.46 sys=0.00, real=0.09 secs] 
1789.894: [GC (Allocation Failure) [PSYoungGen: 26037208K->598101K(26355712K)] 26563578K->1125471K(29501440K), 0.0907831 secs] [Times: user=4.51 sys=0.01, real=0.09 secs] 
1800.548: [GC (Allocation Failure) [PSYoungGen: 26046549K->614930K(26355712K)] 26573919K->1142988K(29501440K), 0.0914757 secs] [Times: user=4.76 sys=0.00, real=0.09 secs] 
1811.085: [GC (Allocation Failure) [PSYoungGen: 26063378K->595404K(26355712K)] 26591436K->1124159K(29501440K), 0.0924479 secs] [Times: user=4.68 sys=0.00, real=0.09 secs] 
1821.591: [GC (Allocation Failure) [PSYoungGen: 26043852K->599448K(26355712K)] 26572607K->1128946K(29501440K), 0.0949377 secs] [Times: user=4.64 sys=0.01, real=0.09 secs] 
1832.140: [GC (Allocation Failure) [PSYoungGen: 26047896K->607132K(26355712K)] 26577394K->1137382K(29501440K), 0.0973804 secs] [Times: user=4.75 sys=0.00, real=0.09 secs] 
1842.537: [GC (Allocation Failure) [PSYoungGen: 26055580K->616221K(26355712K)] 26585830K->1147239K(29501440K), 0.0988197 secs] [Times: user=4.81 sys=0.00, real=0.10 secs] 
1853.064: [GC (Allocation Failure) [PSYoungGen: 26064669K->588168K(26355712K)] 26595687K->1119890K(29501440K), 0.0922789 secs] [Times: user=4.59 sys=0.00, real=0.09 secs] 
1863.298: [GC (Allocation Failure) [PSYoungGen: 26036616K->618765K(26355712K)] 26568338K->1151207K(29501440K), 0.0958173 secs] [Times: user=4.72 sys=0.00, real=0.10 secs] 
1873.269: [GC (Allocation Failure) [PSYoungGen: 26067213K->605649K(26355712K)] 26599655K->1138868K(29501440K), 0.1026252 secs] [Times: user=4.76 sys=0.00, real=0.11 secs] 
1883.406: [GC (Allocation Failure) [PSYoungGen: 26054097K->622754K(26355712K)] 26587316K->1156964K(29501440K), 0.1004498 secs] [Times: user=4.98 sys=0.00, real=0.10 secs] 
1893.550: [GC (Allocation Failure) [PSYoungGen: 26071202K->604120K(26355712K)] 26605412K->1139138K(29501440K), 0.0974804 secs] [Times: user=4.32 sys=0.00, real=0.09 secs] 
1903.584: [GC (Allocation Failure) [PSYoungGen: 26052568K->619656K(26355712K)] 26587586K->1155722K(29501440K), 0.0966872 secs] [Times: user=4.78 sys=0.01, real=0.10 secs] 
1913.675: [GC (Allocation Failure) [PSYoungGen: 26068104K->606728K(26355712K)] 26604170K->1143618K(29501440K), 0.0942148 secs] [Times: user=4.75 sys=0.00, real=0.10 secs] 
1923.723: [GC (Allocation Failure) [PSYoungGen: 26055176K->623533K(26355712K)] 26592066K->1161104K(29501440K), 0.0929587 secs] [Times: user=4.81 sys=0.00, real=0.09 secs] 
1933.282: [GC (Allocation Failure) [PSYoungGen: 26071981K->596120K(26355712K)] 26609552K->1134514K(29501440K), 0.1019123 secs] [Times: user=4.69 sys=0.00, real=0.10 secs] 
1942.928: [GC (Allocation Failure) [PSYoungGen: 26044568K->596728K(26355712K)] 26582962K->1135963K(29501440K), 0.0937289 secs] [Times: user=4.78 sys=0.00, real=0.10 secs] 
1952.555: [GC (Allocation Failure) [PSYoungGen: 26045176K->610188K(26355712K)] 26584411K->1150151K(29501440K), 0.1023383 secs] [Times: user=4.86 sys=0.00, real=0.10 secs] 
1962.285: [GC (Allocation Failure) [PSYoungGen: 26058636K->606856K(26355712K)] 26598599K->1147523K(29501440K), 0.0943628 secs] [Times: user=4.60 sys=0.00, real=0.09 secs] 
1972.079: [GC (Allocation Failure) [PSYoungGen: 26055304K->607192K(26355712K)] 26595971K->1148659K(29501440K), 0.0952420 secs] [Times: user=4.54 sys=0.00, real=0.10 secs] 
1981.645: [GC (Allocation Failure) [PSYoungGen: 26055640K->610413K(26355712K)] 26597107K->1152679K(29501440K), 0.0960527 secs] [Times: user=4.66 sys=0.01, real=0.10 secs] 
1991.208: [GC (Allocation Failure) [PSYoungGen: 26058861K->611682K(26355712K)] 26601127K->1154605K(29501440K), 0.0952666 secs] [Times: user=4.69 sys=0.01, real=0.10 secs] 
2000.398: [GC (Allocation Failure) [PSYoungGen: 26060130K->605181K(26355712K)] 26603053K->1148800K(29501440K), 0.1004740 secs] [Times: user=4.91 sys=0.00, real=0.10 secs] 
2009.588: [GC (Allocation Failure) [PSYoungGen: 26053629K->619912K(26355712K)] 26597248K->1164355K(29501440K), 0.0934955 secs] [Times: user=4.64 sys=0.01, real=0.10 secs] 
2018.792: [GC (Allocation Failure) [PSYoungGen: 26068360K->610892K(26355712K)] 26612803K->1156071K(29501440K), 0.0968892 secs] [Times: user=4.63 sys=0.00, real=0.09 secs] 
2028.082: [GC (Allocation Failure) [PSYoungGen: 26059340K->606157K(26355712K)] 26604519K->1152152K(29501440K), 0.1019111 secs] [Times: user=4.79 sys=0.00, real=0.10 secs] 
2037.289: [GC (Allocation Failure) [PSYoungGen: 26054605K->601848K(26355712K)] 26600600K->1148539K(29501440K), 0.0876597 secs] [Times: user=4.68 sys=0.00, real=0.09 secs] 
2046.541: [GC (Allocation Failure) [PSYoungGen: 26050296K->621772K(26355712K)] 26596987K->1169055K(29501440K), 0.0882710 secs] [Times: user=4.69 sys=0.01, real=0.08 secs] 
2055.596: [GC (Allocation Failure) [PSYoungGen: 26070220K->611800K(26355712K)] 26617503K->1159835K(29501440K), 0.0901675 secs] [Times: user=4.69 sys=0.00, real=0.09 secs] 
2064.453: [GC (Allocation Failure) [PSYoungGen: 26060248K->609080K(26355712K)] 26608283K->1157755K(29501440K), 0.0970191 secs] [Times: user=4.78 sys=0.00, real=0.10 secs] 
2073.263: [GC (Allocation Failure) [PSYoungGen: 26057528K->605331K(26355712K)] 26606203K->1154838K(29501440K), 0.0909005 secs] [Times: user=4.59 sys=0.00, real=0.09 secs] 
2082.177: [GC (Allocation Failure) [PSYoungGen: 26053779K->600189K(26355712K)] 26603286K->1150440K(29501440K), 0.0918536 secs] [Times: user=4.57 sys=0.01, real=0.09 secs] 
2091.016: [GC (Allocation Failure) [PSYoungGen: 26048637K->601144K(26355712K)] 26598888K->1152011K(29501440K), 0.0945376 secs] [Times: user=4.63 sys=0.01, real=0.10 secs] 
2099.919: [GC (Allocation Failure) [PSYoungGen: 26049592K->602892K(26355712K)] 26600459K->1154383K(29501440K), 0.0959086 secs] [Times: user=4.72 sys=0.00, real=0.10 secs] 
2108.746: [GC (Allocation Failure) [PSYoungGen: 26051340K->608840K(26355712K)] 26602831K->1161003K(29501440K), 0.0932411 secs] [Times: user=4.30 sys=0.00, real=0.10 secs] 
2117.639: [GC (Allocation Failure) [PSYoungGen: 26057288K->614205K(26355712K)] 26609451K->1166984K(29501440K), 0.0899775 secs] [Times: user=4.67 sys=0.00, real=0.09 secs] 
2126.274: [GC (Allocation Failure) [PSYoungGen: 26062653K->605805K(26355712K)] 26615432K->1159248K(29501440K), 0.0962718 secs] [Times: user=4.76 sys=0.00, real=0.10 secs] 
2134.797: [GC (Allocation Failure) [PSYoungGen: 26054253K->598616K(26355712K)] 26607696K->1152747K(29501440K), 0.0923707 secs] [Times: user=4.71 sys=0.00, real=0.09 secs] 
2143.316: [GC (Allocation Failure) [PSYoungGen: 26047064K->599048K(26355712K)] 26601195K->1153827K(29501440K), 0.0891293 secs] [Times: user=4.61 sys=0.01, real=0.09 secs] 
2151.622: [GC (Allocation Failure) [PSYoungGen: 26047496K->620712K(26355712K)] 26602275K->1176131K(29501440K), 0.0940639 secs] [Times: user=4.65 sys=0.00, real=0.09 secs] 
2160.014: [GC (Allocation Failure) [PSYoungGen: 26069160K->597708K(26355712K)] 26624579K->1153735K(29501440K), 0.0933308 secs] [Times: user=4.65 sys=0.00, real=0.09 secs] 
2168.488: [GC (Allocation Failure) [PSYoungGen: 26046156K->621633K(26355712K)] 26602183K->1178300K(29501440K), 0.0947655 secs] [Times: user=4.79 sys=0.01, real=0.10 secs] 
2176.929: [GC (Allocation Failure) [PSYoungGen: 26070081K->606891K(26355712K)] 26626748K->1164094K(29501440K), 0.0896087 secs] [Times: user=4.69 sys=0.00, real=0.09 secs] 
2185.337: [GC (Allocation Failure) [PSYoungGen: 26055339K->620514K(26355712K)] 26612542K->1178317K(29501440K), 0.0949615 secs] [Times: user=4.74 sys=0.00, real=0.10 secs] 
2193.549: [GC (Allocation Failure) [PSYoungGen: 26068962K->615980K(26355712K)] 26626765K->1174431K(29501440K), 0.0942523 secs] [Times: user=4.74 sys=0.00, real=0.10 secs] 
2201.604: [GC (Allocation Failure) [PSYoungGen: 26064428K->608936K(26355712K)] 26622879K->1168011K(29501440K), 0.0972228 secs] [Times: user=4.86 sys=0.01, real=0.10 secs] 
2209.780: [GC (Allocation Failure) [PSYoungGen: 26057384K->623340K(26355712K)] 26616459K->1183095K(29501440K), 0.0944418 secs] [Times: user=4.65 sys=0.00, real=0.10 secs] 
2218.053: [GC (Allocation Failure) [PSYoungGen: 26071788K->603464K(26355712K)] 26631543K->1163819K(29501440K), 0.0940664 secs] [Times: user=4.60 sys=0.00, real=0.09 secs] 
2226.115: [GC (Allocation Failure) [PSYoungGen: 26051912K->602572K(26355712K)] 26612267K->1163575K(29501440K), 0.0974911 secs] [Times: user=4.60 sys=0.00, real=0.10 secs] 
2234.351: [GC (Allocation Failure) [PSYoungGen: 26051020K->611841K(26355712K)] 26612023K->1173429K(29501440K), 0.0899785 secs] [Times: user=4.64 sys=0.00, real=0.09 secs] 
2242.532: [GC (Allocation Failure) [PSYoungGen: 26060289K->608616K(26355712K)] 26621877K->1170795K(29501440K), 0.0960516 secs] [Times: user=4.93 sys=0.00, real=0.09 secs] 
2250.739: [GC (Allocation Failure) [PSYoungGen: 26057064K->610888K(26355712K)] 26619243K->1173667K(29501440K), 0.1037792 secs] [Times: user=4.62 sys=0.01, real=0.11 secs] 
2258.729: [GC (Allocation Failure) [PSYoungGen: 26059336K->627404K(26355712K)] 26622115K->1190759K(29501440K), 0.0903226 secs] [Times: user=4.83 sys=0.01, real=0.09 secs] 
2266.677: [GC (Allocation Failure) [PSYoungGen: 26075852K->617373K(26355712K)] 26639207K->1181384K(29501440K), 0.0926534 secs] [Times: user=4.83 sys=0.00, real=0.10 secs] 
2274.542: [GC (Allocation Failure) [PSYoungGen: 26065821K->619532K(26355712K)] 26629832K->1184135K(29501440K), 0.0990499 secs] [Times: user=4.85 sys=0.01, real=0.10 secs] 
2282.366: [GC (Allocation Failure) [PSYoungGen: 26067980K->617836K(26355712K)] 26632583K->1183015K(29501440K), 0.0976674 secs] [Times: user=4.94 sys=0.00, real=0.10 secs] 
2290.299: [GC (Allocation Failure) [PSYoungGen: 26066284K->609608K(26355712K)] 26631463K->1175387K(29501440K), 0.0939007 secs] [Times: user=4.73 sys=0.00, real=0.10 secs] 
2298.114: [GC (Allocation Failure) [PSYoungGen: 26058056K->602813K(26355712K)] 26623835K->1169224K(29501440K), 0.0951563 secs] [Times: user=4.68 sys=0.01, real=0.10 secs] 
2305.960: [GC (Allocation Failure) [PSYoungGen: 26051261K->603592K(26355712K)] 26617672K->1170595K(29501440K), 0.0920438 secs] [Times: user=4.79 sys=0.00, real=0.09 secs] 
2313.929: [GC (Allocation Failure) [PSYoungGen: 26052040K->600941K(26355712K)] 26619043K->1168552K(29501440K), 0.0905400 secs] [Times: user=4.66 sys=0.00, real=0.10 secs] 
2321.835: [GC (Allocation Failure) [PSYoungGen: 26049389K->597128K(26355712K)] 26617000K->1165323K(29501440K), 0.0883346 secs] [Times: user=4.57 sys=0.00, real=0.09 secs] 
2329.482: [GC (Allocation Failure) [PSYoungGen: 26045576K->631858K(26355712K)] 26613771K->1200669K(29501440K), 0.0923835 secs] [Times: user=4.94 sys=0.00, real=0.09 secs] 
2337.123: [GC (Allocation Failure) [PSYoungGen: 26080306K->609629K(26355712K)] 26649117K->1179064K(29501440K), 0.0992598 secs] [Times: user=4.82 sys=0.00, real=0.10 secs] 
2344.671: [GC (Allocation Failure) [PSYoungGen: 26058077K->636596K(26355712K)] 26627512K->1206639K(29501440K), 0.0964372 secs] [Times: user=4.95 sys=0.01, real=0.09 secs] 
2352.204: [GC (Allocation Failure) [PSYoungGen: 26085044K->611080K(26355712K)] 26655087K->1181675K(29501440K), 0.0944603 secs] [Times: user=4.88 sys=0.01, real=0.09 secs] 
2359.705: [GC (Allocation Failure) [PSYoungGen: 26059528K->630008K(26355712K)] 26630123K->1201179K(29501440K), 0.0978708 secs] [Times: user=4.65 sys=0.00, real=0.10 secs] 
2367.346: [GC (Allocation Failure) [PSYoungGen: 26078456K->620573K(26355712K)] 26649627K->1192376K(29501440K), 0.1002086 secs] [Times: user=4.77 sys=0.01, real=0.10 secs] 
2374.866: [GC (Allocation Failure) [PSYoungGen: 26069021K->604232K(26355712K)] 26640824K->1176571K(29501440K), 0.0919190 secs] [Times: user=4.60 sys=0.00, real=0.09 secs] 
2382.514: [GC (Allocation Failure) [PSYoungGen: 26052680K->607048K(26355712K)] 26625019K->1180035K(29501440K), 0.0920507 secs] [Times: user=4.78 sys=0.00, real=0.09 secs] 
2390.151: [GC (Allocation Failure) [PSYoungGen: 26055496K->625718K(26355712K)] 26628483K->1199273K(29501440K), 0.0985356 secs] [Times: user=4.97 sys=0.00, real=0.10 secs] 
2397.385: [GC (Allocation Failure) [PSYoungGen: 26074166K->626040K(26355712K)] 26647721K->1200203K(29501440K), 0.0960265 secs] [Times: user=4.68 sys=0.00, real=0.10 secs] 
2404.688: [GC (Allocation Failure) [PSYoungGen: 26074488K->627896K(26355712K)] 26648651K->1202587K(29501440K), 0.0946153 secs] [Times: user=4.74 sys=0.00, real=0.10 secs] 
2412.045: [GC (Allocation Failure) [PSYoungGen: 26076344K->600381K(26355712K)] 26651035K->1175640K(29501440K), 0.0892652 secs] [Times: user=4.61 sys=0.01, real=0.09 secs] 
2419.359: [GC (Allocation Failure) [PSYoungGen: 26048829K->649107K(26355712K)] 26624088K->1225022K(29501440K), 0.0981641 secs] [Times: user=4.85 sys=0.01, real=0.10 secs] 
2426.584: [GC (Allocation Failure) [PSYoungGen: 26097555K->633714K(26355712K)] 26673470K->1210229K(29501440K), 0.0997712 secs] [Times: user=4.87 sys=0.00, real=0.10 secs] 
2433.943: [GC (Allocation Failure) [PSYoungGen: 26082162K->595976K(26355712K)] 26658677K->1173027K(29501440K), 0.0933999 secs] [Times: user=4.70 sys=0.01, real=0.09 secs] 
2441.307: [GC (Allocation Failure) [PSYoungGen: 26044424K->625105K(26355712K)] 26621475K->1202820K(29501440K), 0.0961002 secs] [Times: user=4.68 sys=0.00, real=0.10 secs] 
2448.540: [GC (Allocation Failure) [PSYoungGen: 26073553K->621313K(26355712K)] 26651268K->1199652K(29501440K), 0.1013746 secs] [Times: user=4.72 sys=0.01, real=0.11 secs] 
2455.753: [GC (Allocation Failure) [PSYoungGen: 26069761K->626264K(26355712K)] 26648100K->1205203K(29501440K), 0.0946748 secs] [Times: user=4.91 sys=0.00, real=0.09 secs] 
2462.941: [GC (Allocation Failure) [PSYoungGen: 26074712K->607197K(26355712K)] 26653651K->1186728K(29501440K), 0.0892697 secs] [Times: user=4.74 sys=0.00, real=0.09 secs] 
2469.998: [GC (Allocation Failure) [PSYoungGen: 26055645K->613501K(26355712K)] 26635176K->1193576K(29501440K), 0.0932119 secs] [Times: user=4.70 sys=0.00, real=0.10 secs] 
2477.107: [GC (Allocation Failure) [PSYoungGen: 26061949K->604200K(26355712K)] 26642024K->1184851K(29501440K), 0.0914021 secs] [Times: user=4.83 sys=0.00, real=0.09 secs] 
2484.252: [GC (Allocation Failure) [PSYoungGen: 26052648K->611016K(26355712K)] 26633299K->1192195K(29501440K), 0.0896527 secs] [Times: user=4.80 sys=0.00, real=0.09 secs] 
2491.320: [GC (Allocation Failure) [PSYoungGen: 26059464K->625457K(26355712K)] 26640643K->1207204K(29501440K), 0.0950531 secs] [Times: user=4.92 sys=0.00, real=0.09 secs] 
2498.321: [GC (Allocation Failure) [PSYoungGen: 26073905K->630258K(26355712K)] 26655652K->1212573K(29501440K), 0.0956612 secs] [Times: user=4.87 sys=0.00, real=0.09 secs] 
2505.298: [GC (Allocation Failure) [PSYoungGen: 26078706K->611229K(26355712K)] 26661021K->1194064K(29501440K), 0.0897500 secs] [Times: user=4.74 sys=0.01, real=0.09 secs] 
2512.465: [GC (Allocation Failure) [PSYoungGen: 26059677K->610344K(26355712K)] 26642512K->1193747K(29501440K), 0.0919025 secs] [Times: user=4.76 sys=0.01, real=0.09 secs] 
2519.578: [GC (Allocation Failure) [PSYoungGen: 26058792K->631222K(26355712K)] 26642195K->1215169K(29501440K), 0.0921408 secs] [Times: user=4.82 sys=0.00, real=0.10 secs] 
2526.558: [GC (Allocation Failure) [PSYoungGen: 26079670K->623148K(26355712K)] 26663617K->1207687K(29501440K), 0.0924466 secs] [Times: user=4.81 sys=0.00, real=0.10 secs] 
2533.473: [GC (Allocation Failure) [PSYoungGen: 26071596K->610248K(26355712K)] 26656135K->1195323K(29501440K), 0.0938973 secs] [Times: user=4.69 sys=0.00, real=0.09 secs] 
2540.396: [GC (Allocation Failure) [PSYoungGen: 26058696K->624252K(26355712K)] 26643771K->1209975K(29501440K), 0.0990288 secs] [Times: user=4.77 sys=0.00, real=0.10 secs] 
2547.273: [GC (Allocation Failure) [PSYoungGen: 26072700K->630160K(26355712K)] 26658423K->1216435K(29501440K), 0.0942594 secs] [Times: user=4.82 sys=0.00, real=0.09 secs] 
2554.104: [GC (Allocation Failure) [PSYoungGen: 26078608K->612168K(26355712K)] 26664883K->1198987K(29501440K), 0.0965869 secs] [Times: user=4.83 sys=0.00, real=0.10 secs] 
2560.968: [GC (Allocation Failure) [PSYoungGen: 26060616K->615733K(26355712K)] 26647435K->1203088K(29501440K), 0.0948278 secs] [Times: user=4.83 sys=0.01, real=0.10 secs] 
2567.832: [GC (Allocation Failure) [PSYoungGen: 26064181K->616886K(26355712K)] 26651536K->1204833K(29501440K), 0.0922072 secs] [Times: user=4.75 sys=0.00, real=0.09 secs] 
2574.774: [GC (Allocation Failure) [PSYoungGen: 26065334K->594600K(26355712K)] 26653281K->1183131K(29501440K), 0.0971888 secs] [Times: user=4.79 sys=0.01, real=0.10 secs] 
2581.693: [GC (Allocation Failure) [PSYoungGen: 26043048K->620296K(26355712K)] 26631579K->1209411K(29501440K), 0.0940226 secs] [Times: user=4.72 sys=0.00, real=0.09 secs] 
2588.420: [GC (Allocation Failure) [PSYoungGen: 26068744K->621196K(26355712K)] 26657859K->1210839K(29501440K), 0.0983914 secs] [Times: user=4.67 sys=0.00, real=0.10 secs] 
2595.367: [GC (Allocation Failure) [PSYoungGen: 26069644K->617480K(26355712K)] 26659287K->1207723K(29501440K), 0.0977371 secs] [Times: user=4.68 sys=0.00, real=0.10 secs] 
2602.096: [GC (Allocation Failure) [PSYoungGen: 26065928K->612216K(26355712K)] 26656171K->1203043K(29501440K), 0.0944531 secs] [Times: user=4.73 sys=0.00, real=0.10 secs] 
2608.791: [GC (Allocation Failure) [PSYoungGen: 26060664K->611937K(26355712K)] 26651491K->1203380K(29501440K), 0.0968796 secs] [Times: user=4.75 sys=0.00, real=0.09 secs] 
2615.383: [GC (Allocation Failure) [PSYoungGen: 26060385K->627277K(26355712K)] 26651828K->1219264K(29501440K), 0.0968718 secs] [Times: user=4.92 sys=0.01, real=0.10 secs] 
2621.980: [GC (Allocation Failure) [PSYoungGen: 26075725K->616077K(26355712K)] 26667712K->1208608K(29501440K), 0.0924842 secs] [Times: user=4.80 sys=0.01, real=0.09 secs] 
2628.610: [GC (Allocation Failure) [PSYoungGen: 26064525K->644077K(26355712K)] 26657056K->1237208K(29501440K), 0.0958696 secs] [Times: user=4.94 sys=0.00, real=0.10 secs] 
2635.318: [GC (Allocation Failure) [PSYoungGen: 26092525K->608136K(26355712K)] 26685656K->1201803K(29501440K), 0.0931205 secs] [Times: user=4.73 sys=0.00, real=0.10 secs] 
2641.951: [GC (Allocation Failure) [PSYoungGen: 26056584K->613820K(26355712K)] 26650251K->1208071K(29501440K), 0.0942906 secs] [Times: user=4.38 sys=0.00, real=0.09 secs] 
2648.507: [GC (Allocation Failure) [PSYoungGen: 26062268K->636120K(26355712K)] 26656519K->1231035K(29501440K), 0.0981077 secs] [Times: user=4.89 sys=0.00, real=0.10 secs] 
2655.124: [GC (Allocation Failure) [PSYoungGen: 26084568K->618019K(26355712K)] 26679483K->1213566K(29501440K), 0.0950884 secs] [Times: user=4.76 sys=0.01, real=0.09 secs] 
2661.952: [GC (Allocation Failure) [PSYoungGen: 26066467K->609452K(26355712K)] 26662014K->1205599K(29501440K), 0.0926145 secs] [Times: user=4.80 sys=0.00, real=0.09 secs] 
2668.495: [GC (Allocation Failure) [PSYoungGen: 26057900K->619309K(26355712K)] 26654047K->1216000K(29501440K), 0.0958750 secs] [Times: user=4.86 sys=0.00, real=0.10 secs] 
2675.048: [GC (Allocation Failure) [PSYoungGen: 26067757K->618466K(26355712K)] 26664448K->1215725K(29501440K), 0.0983200 secs] [Times: user=4.76 sys=0.01, real=0.10 secs] 
2681.527: [GC (Allocation Failure) [PSYoungGen: 26066914K->633654K(26355712K)] 26664173K->1231441K(29501440K), 0.0969798 secs] [Times: user=4.95 sys=0.00, real=0.10 secs] 
2688.054: [GC (Allocation Failure) [PSYoungGen: 26082102K->628908K(26355712K)] 26679889K->1227247K(29501440K), 0.0954936 secs] [Times: user=4.77 sys=0.00, real=0.10 secs] 
2694.429: [GC (Allocation Failure) [PSYoungGen: 26077356K->639368K(26355712K)] 26675695K->1238331K(29501440K), 0.0927266 secs] [Times: user=4.70 sys=0.00, real=0.10 secs] 
2700.799: [GC (Allocation Failure) [PSYoungGen: 26087816K->632109K(26355712K)] 26686779K->1231656K(29501440K), 0.0934851 secs] [Times: user=4.77 sys=0.00, real=0.10 secs] 
2707.208: [GC (Allocation Failure) [PSYoungGen: 26080557K->608456K(26355712K)] 26680104K->1208563K(29501440K), 0.1016681 secs] [Times: user=4.81 sys=0.00, real=0.11 secs] 
2713.636: [GC (Allocation Failure) [PSYoungGen: 26056904K->658919K(26355712K)] 26657011K->1259554K(29501440K), 0.1077792 secs] [Times: user=4.80 sys=0.00, real=0.11 secs] 
2720.057: [GC (Allocation Failure) [PSYoungGen: 26107367K->607784K(26355712K)] 26708002K->1208963K(29501440K), 0.0922218 secs] [Times: user=4.87 sys=0.00, real=0.09 secs] 
2726.492: [GC (Allocation Failure) [PSYoungGen: 26056232K->632049K(26355712K)] 26657411K->1233748K(29501440K), 0.0939292 secs] [Times: user=4.80 sys=0.00, real=0.09 secs] 
2733.053: [GC (Allocation Failure) [PSYoungGen: 26080497K->607176K(26355712K)] 26682196K->1209475K(29501440K), 0.0938160 secs] [Times: user=4.67 sys=0.01, real=0.09 secs] 
2739.391: [GC (Allocation Failure) [PSYoungGen: 26055624K->640690K(26355712K)] 26657923K->1243557K(29501440K), 0.0966525 secs] [Times: user=4.96 sys=0.01, real=0.09 secs] 
2745.565: [GC (Allocation Failure) [PSYoungGen: 26089138K->632285K(26355712K)] 26692005K->1235712K(29501440K), 0.0922177 secs] [Times: user=4.85 sys=0.01, real=0.09 secs] 
2751.833: [GC (Allocation Failure) [PSYoungGen: 26080733K->605439K(26355712K)] 26684160K->1209402K(29501440K), 0.0922204 secs] [Times: user=4.83 sys=0.01, real=0.09 secs] 
2758.024: [GC (Allocation Failure) [PSYoungGen: 26053887K->616396K(26355712K)] 26657850K->1220887K(29501440K), 0.0944291 secs] [Times: user=4.83 sys=0.00, real=0.09 secs] 
2764.298: [GC (Allocation Failure) [PSYoungGen: 26064844K->639218K(26355712K)] 26669335K->1244253K(29501440K), 0.0995749 secs] [Times: user=4.97 sys=0.00, real=0.10 secs] 
2770.665: [GC (Allocation Failure) [PSYoungGen: 26087666K->633480K(26355712K)] 26692701K->1239067K(29501440K), 0.1013549 secs] [Times: user=4.97 sys=0.00, real=0.10 secs] 
2776.740: [GC (Allocation Failure) [PSYoungGen: 26081928K->626536K(26355712K)] 26687515K->1232635K(29501440K), 0.0942042 secs] [Times: user=4.99 sys=0.00, real=0.10 secs] 
2783.100: [GC (Allocation Failure) [PSYoungGen: 26074984K->622639K(26355712K)] 26681083K->1229315K(29501440K), 0.0978308 secs] [Times: user=4.80 sys=0.01, real=0.09 secs] 
2789.350: [GC (Allocation Failure) [PSYoungGen: 26071087K->641112K(26355712K)] 26677763K->1248347K(29501440K), 0.1017507 secs] [Times: user=5.28 sys=0.02, real=0.10 secs] 
2795.572: [GC (Allocation Failure) [PSYoungGen: 26089560K->637282K(26355712K)] 26696795K->1245117K(29501440K), 0.0971278 secs] [Times: user=4.85 sys=0.01, real=0.10 secs] 
2801.839: [GC (Allocation Failure) [PSYoungGen: 26085730K->621474K(26355712K)] 26693565K->1229845K(29501440K), 0.0933652 secs] [Times: user=4.72 sys=0.00, real=0.10 secs] 
2807.922: [GC (Allocation Failure) [PSYoungGen: 26069922K->633783K(26355712K)] 26678293K->1242674K(29501440K), 0.1067788 secs] [Times: user=5.04 sys=0.01, real=0.10 secs] 
2813.885: [GC (Allocation Failure) [PSYoungGen: 26082231K->630304K(26355712K)] 26691122K->1239812K(29501440K), 0.1000003 secs] [Times: user=4.71 sys=0.00, real=0.10 secs] 
2819.939: [GC (Allocation Failure) [PSYoungGen: 26078752K->609992K(26355712K)] 26688260K->1220003K(29501440K), 0.0926698 secs] [Times: user=4.87 sys=0.00, real=0.10 secs] 
2825.874: [GC (Allocation Failure) [PSYoungGen: 26058440K->637857K(26355712K)] 26668451K->1248444K(29501440K), 0.0986374 secs] [Times: user=4.70 sys=0.00, real=0.10 secs] 
2831.926: [GC (Allocation Failure) [PSYoungGen: 26086305K->633112K(26355712K)] 26696892K->1244267K(29501440K), 0.0951523 secs] [Times: user=4.78 sys=0.00, real=0.10 secs] 
2837.988: [GC (Allocation Failure) [PSYoungGen: 26081560K->627147K(26355712K)] 26692715K->1238830K(29501440K), 0.0927003 secs] [Times: user=4.91 sys=0.00, real=0.10 secs] 
2844.126: [GC (Allocation Failure) [PSYoungGen: 26075595K->626608K(26355712K)] 26687278K->1238835K(29501440K), 0.0976890 secs] [Times: user=4.69 sys=0.02, real=0.10 secs] 
2850.252: [GC (Allocation Failure) [PSYoungGen: 26075056K->618440K(26355712K)] 26687283K->1231187K(29501440K), 0.0951233 secs] [Times: user=4.66 sys=0.01, real=0.09 secs] 
2856.312: [GC (Allocation Failure) [PSYoungGen: 26066888K->616904K(26355712K)] 26679635K->1230203K(29501440K), 0.0922360 secs] [Times: user=4.90 sys=0.00, real=0.09 secs] 
2862.391: [GC (Allocation Failure) [PSYoungGen: 26065352K->637275K(26355712K)] 26678651K->1251110K(29501440K), 0.0943295 secs] [Times: user=4.89 sys=0.00, real=0.09 secs] 
2868.344: [GC (Allocation Failure) [PSYoungGen: 26085723K->639472K(26355712K)] 26699558K->1253875K(29501440K), 0.0979075 secs] [Times: user=5.00 sys=0.00, real=0.10 secs] 
2874.513: [GC (Allocation Failure) [PSYoungGen: 26087920K->652371K(26355712K)] 26702323K->1267326K(29501440K), 0.0951794 secs] [Times: user=4.95 sys=0.01, real=0.09 secs] 
2880.657: [GC (Allocation Failure) [PSYoungGen: 26100819K->630664K(26355712K)] 26715774K->1246147K(29501440K), 0.0959572 secs] [Times: user=5.05 sys=0.01, real=0.10 secs] 
2886.534: [GC (Allocation Failure) [PSYoungGen: 26079112K->635042K(26355712K)] 26694595K->1251101K(29501440K), 0.1008436 secs] [Times: user=4.87 sys=0.00, real=0.10 secs] 
2892.486: [GC (Allocation Failure) [PSYoungGen: 26083490K->628328K(26355712K)] 26699549K->1245027K(29501440K), 0.0951141 secs] [Times: user=4.75 sys=0.00, real=0.10 secs] 
2898.369: [GC (Allocation Failure) [PSYoungGen: 26076776K->622268K(26355712K)] 26693475K->1239504K(29501440K), 0.0980464 secs] [Times: user=4.81 sys=0.00, real=0.10 secs] 
2904.313: [GC (Allocation Failure) [PSYoungGen: 26070716K->640397K(26355712K)] 26687952K->1258208K(29501440K), 0.0998738 secs] [Times: user=5.05 sys=0.01, real=0.10 secs] 
2910.269: [GC (Allocation Failure) [PSYoungGen: 26088845K->625276K(26355712K)] 26706656K->1243647K(29501440K), 0.1015997 secs] [Times: user=4.76 sys=0.01, real=0.11 secs] 
2916.223: [GC (Allocation Failure) [PSYoungGen: 26073724K->631468K(26355712K)] 26692095K->1250383K(29501440K), 0.0952703 secs] [Times: user=4.68 sys=0.01, real=0.09 secs] 
2921.998: [GC (Allocation Failure) [PSYoungGen: 26079916K->636342K(26355712K)] 26698831K->1255777K(29501440K), 0.0967259 secs] [Times: user=4.93 sys=0.00, real=0.10 secs] 
2928.016: [GC (Allocation Failure) [PSYoungGen: 26084790K->627096K(26355712K)] 26704225K->1247131K(29501440K), 0.0974872 secs] [Times: user=4.87 sys=0.01, real=0.10 secs] 
2933.910: [GC (Allocation Failure) [PSYoungGen: 26075544K->627559K(26355712K)] 26695579K->1248130K(29501440K), 0.0943733 secs] [Times: user=4.93 sys=0.00, real=0.09 secs] 
2939.744: [GC (Allocation Failure) [PSYoungGen: 26076007K->647665K(26355712K)] 26696578K->1268764K(29501440K), 0.0934004 secs] [Times: user=4.85 sys=0.00, real=0.09 secs] 
2945.385: [GC (Allocation Failure) [PSYoungGen: 26096113K->629932K(26355712K)] 26717212K->1251584K(29501440K), 0.0954101 secs] [Times: user=4.67 sys=0.01, real=0.10 secs] 
2951.007: [GC (Allocation Failure) [PSYoungGen: 26078380K->620269K(26355712K)] 26700032K->1242472K(29501440K), 0.0963727 secs] [Times: user=4.81 sys=0.00, real=0.10 secs] 
2956.821: [GC (Allocation Failure) [PSYoungGen: 26068717K->616128K(26355712K)] 26690920K->1238867K(29501440K), 0.0933742 secs] [Times: user=4.84 sys=0.00, real=0.09 secs] 
2962.753: [GC (Allocation Failure) [PSYoungGen: 26064576K->665547K(26355712K)] 26687315K->1288895K(29501440K), 0.1080936 secs] [Times: user=4.84 sys=0.01, real=0.11 secs] 
2968.561: [GC (Allocation Failure) [PSYoungGen: 26113995K->661067K(26355712K)] 26737343K->1284910K(29501440K), 0.0968019 secs] [Times: user=4.97 sys=0.00, real=0.09 secs] 
2974.272: [GC (Allocation Failure) [PSYoungGen: 26109515K->637217K(26355712K)] 26733358K->1261596K(29501440K), 0.0957213 secs] [Times: user=4.81 sys=0.01, real=0.09 secs] 
2980.036: [GC (Allocation Failure) [PSYoungGen: 26085665K->625624K(26355712K)] 26710044K->1250563K(29501440K), 0.0921729 secs] [Times: user=4.70 sys=0.00, real=0.09 secs] 
2985.603: [GC (Allocation Failure) [PSYoungGen: 26074072K->659144K(26355712K)] 26699011K->1284619K(29501440K), 0.1009058 secs] [Times: user=4.87 sys=0.00, real=0.10 secs] 
2991.358: [GC (Allocation Failure) [PSYoungGen: 26107592K->628136K(26355712K)] 26733067K->1254179K(29501440K), 0.0957882 secs] [Times: user=4.94 sys=0.01, real=0.10 secs] 
2997.219: [GC (Allocation Failure) [PSYoungGen: 26076584K->634636K(26355712K)] 26702627K->1261215K(29501440K), 0.1005993 secs] [Times: user=4.84 sys=0.00, real=0.11 secs] 
3002.877: [GC (Allocation Failure) [PSYoungGen: 26083084K->609672K(26355712K)] 26709663K->1236755K(29501440K), 0.0937775 secs] [Times: user=4.82 sys=0.00, real=0.10 secs] 
3008.594: [GC (Allocation Failure) [PSYoungGen: 26058120K->639260K(26355712K)] 26685203K->1266887K(29501440K), 0.0951648 secs] [Times: user=5.00 sys=0.00, real=0.09 secs] 
3014.576: [GC (Allocation Failure) [PSYoungGen: 26087708K->637959K(26355712K)] 26715335K->1266139K(29501440K), 0.0979505 secs] [Times: user=4.76 sys=0.00, real=0.10 secs] 
3020.211: [GC (Allocation Failure) [PSYoungGen: 26086407K->640566K(26355712K)] 26714587K->1269346K(29501440K), 0.0994667 secs] [Times: user=4.87 sys=0.00, real=0.10 secs] 
3025.771: [GC (Allocation Failure) [PSYoungGen: 26089014K->613869K(26355712K)] 26717794K->1243160K(29501440K), 0.0934911 secs] [Times: user=4.79 sys=0.01, real=0.09 secs] 
3031.549: [GC (Allocation Failure) [PSYoungGen: 26062317K->638552K(26355712K)] 26691608K->1268379K(29501440K), 0.1018261 secs] [Times: user=5.16 sys=0.00, real=0.11 secs] 
3037.076: [GC (Allocation Failure) [PSYoungGen: 26087000K->631324K(26355712K)] 26716827K->1261712K(29501440K), 0.1008220 secs] [Times: user=4.72 sys=0.00, real=0.10 secs] 
3042.569: [GC (Allocation Failure) [PSYoungGen: 26079772K->644929K(26355712K)] 26710160K->1275844K(29501440K), 0.0959823 secs] [Times: user=4.79 sys=0.00, real=0.10 secs] 
3048.143: [GC (Allocation Failure) [PSYoungGen: 26093377K->636946K(26355712K)] 26724292K->1268429K(29501440K), 0.1015002 secs] [Times: user=4.83 sys=0.01, real=0.10 secs] 
3053.658: [GC (Allocation Failure) [PSYoungGen: 26085394K->649026K(26355712K)] 26716877K->1281038K(29501440K), 0.0968931 secs] [Times: user=4.95 sys=0.00, real=0.10 secs] 
3059.295: [GC (Allocation Failure) [PSYoungGen: 26097474K->635570K(26355712K)] 26729486K->1268157K(29501440K), 0.0952740 secs] [Times: user=4.86 sys=0.00, real=0.10 secs] 
3064.865: [GC (Allocation Failure) [PSYoungGen: 26084018K->626540K(26355712K)] 26716605K->1259711K(29501440K), 0.0913718 secs] [Times: user=4.65 sys=0.00, real=0.09 secs] 
3070.472: [GC (Allocation Failure) [PSYoungGen: 26074988K->636204K(26355712K)] 26708159K->1269895K(29501440K), 0.0965344 secs] [Times: user=5.00 sys=0.00, real=0.09 secs] 
3076.026: [GC (Allocation Failure) [PSYoungGen: 26084652K->632918K(26355712K)] 26718343K->1267154K(29501440K), 0.0959275 secs] [Times: user=4.87 sys=0.00, real=0.10 secs] 
3081.672: [GC (Allocation Failure) [PSYoungGen: 26081366K->631176K(26355712K)] 26715602K->1265955K(29501440K), 0.0996943 secs] [Times: user=4.78 sys=0.00, real=0.10 secs] 
3087.193: [GC (Allocation Failure) [PSYoungGen: 26079624K->640572K(26355712K)] 26714403K->1275984K(29501440K), 0.1009395 secs] [Times: user=4.80 sys=0.00, real=0.10 secs] 
3092.542: [GC (Allocation Failure) [PSYoungGen: 26089020K->651213K(26355712K)] 26724432K->1287112K(29501440K), 0.0978191 secs] [Times: user=5.01 sys=0.00, real=0.10 secs] 
3097.973: [GC (Allocation Failure) [PSYoungGen: 26099661K->646070K(26355712K)] 26735560K->1282521K(29501440K), 0.1031065 secs] [Times: user=5.05 sys=0.00, real=0.10 secs] 
3103.417: [GC (Allocation Failure) [PSYoungGen: 26094518K->641906K(26355712K)] 26730969K->1278909K(29501440K), 0.1038900 secs] [Times: user=4.78 sys=0.00, real=0.11 secs] 
3109.035: [GC (Allocation Failure) [PSYoungGen: 26090354K->616684K(26355712K)] 26727357K->1254208K(29501440K), 0.0959901 secs] [Times: user=4.70 sys=0.00, real=0.10 secs] 
3114.444: [GC (Allocation Failure) [PSYoungGen: 26065132K->633384K(26355712K)] 26702656K->1271419K(29501440K), 0.0978338 secs] [Times: user=4.95 sys=0.00, real=0.10 secs] 
3119.839: [GC (Allocation Failure) [PSYoungGen: 26081832K->635105K(26355712K)] 26719867K->1273716K(29501440K), 0.0958814 secs] [Times: user=4.93 sys=0.00, real=0.10 secs] 
3125.250: [GC (Allocation Failure) [PSYoungGen: 26083553K->639125K(26355712K)] 26722164K->1278336K(29501440K), 0.0983573 secs] [Times: user=4.84 sys=0.00, real=0.10 secs] 
3130.823: [GC (Allocation Failure) [PSYoungGen: 26087573K->625100K(26355712K)] 26726784K->1264848K(29501440K), 0.0923476 secs] [Times: user=4.80 sys=0.01, real=0.09 secs] 
3136.326: [GC (Allocation Failure) [PSYoungGen: 26073548K->637080K(26355712K)] 26713296K->1277347K(29501440K), 0.0974949 secs] [Times: user=4.94 sys=0.00, real=0.10 secs] 
3141.863: [GC (Allocation Failure) [PSYoungGen: 26085528K->635671K(26355712K)] 26725795K->1276514K(29501440K), 0.0994555 secs] [Times: user=4.86 sys=0.00, real=0.10 secs] 
3147.270: [GC (Allocation Failure) [PSYoungGen: 26084119K->626792K(26355712K)] 26724962K->1268163K(29501440K), 0.0913160 secs] [Times: user=4.78 sys=0.00, real=0.09 secs] 
3152.700: [GC (Allocation Failure) [PSYoungGen: 26075240K->669401K(26355712K)] 26716611K->1311292K(29501440K), 0.0997877 secs] [Times: user=5.21 sys=0.00, real=0.10 secs] 
3158.049: [GC (Allocation Failure) [PSYoungGen: 26117849K->627634K(26355712K)] 26759740K->1270045K(29501440K), 0.0977228 secs] [Times: user=4.78 sys=0.00, real=0.10 secs] 
3163.348: [GC (Allocation Failure) [PSYoungGen: 26076082K->630431K(26355712K)] 26718493K->1273410K(29501440K), 0.0944554 secs] [Times: user=4.88 sys=0.00, real=0.10 secs] 
3168.631: [GC (Allocation Failure) [PSYoungGen: 26078879K->664231K(26355712K)] 26721858K->1307754K(29501440K), 0.0997717 secs] [Times: user=4.88 sys=0.00, real=0.10 secs] 
3174.028: [GC (Allocation Failure) [PSYoungGen: 26112679K->628936K(26355712K)] 26756202K->1273035K(29501440K), 0.1028973 secs] [Times: user=4.81 sys=0.00, real=0.11 secs] 
3179.414: [GC (Allocation Failure) [PSYoungGen: 26077384K->658107K(26355712K)] 26721483K->1302726K(29501440K), 0.0973307 secs] [Times: user=5.01 sys=0.00, real=0.10 secs] 
3184.671: [GC (Allocation Failure) [PSYoungGen: 26106555K->655660K(26355712K)] 26751174K->1300879K(29501440K), 0.1012466 secs] [Times: user=4.96 sys=0.00, real=0.10 secs] 
3190.099: [GC (Allocation Failure) [PSYoungGen: 26104108K->642882K(26355712K)] 26749327K->1288733K(29501440K), 0.0948076 secs] [Times: user=4.79 sys=0.01, real=0.10 secs] 
3195.367: [GC (Allocation Failure) [PSYoungGen: 26091330K->630589K(26355712K)] 26737181K->1276936K(29501440K), 0.0938807 secs] [Times: user=4.90 sys=0.01, real=0.10 secs] 
3200.612: [GC (Allocation Failure) [PSYoungGen: 26079037K->674930K(26355712K)] 26725384K->1321845K(29501440K), 0.1025758 secs] [Times: user=5.07 sys=0.00, real=0.10 secs] 
3205.867: [GC (Allocation Failure) [PSYoungGen: 26123378K->636277K(26355712K)] 26770293K->1283736K(29501440K), 0.0987100 secs] [Times: user=4.66 sys=0.00, real=0.10 secs] 
3211.178: [GC (Allocation Failure) [PSYoungGen: 26084725K->639088K(26355712K)] 26732184K->1287164K(29501440K), 0.0997897 secs] [Times: user=4.90 sys=0.02, real=0.10 secs] 
3216.534: [GC (Allocation Failure) [PSYoungGen: 26087536K->640616K(26355712K)] 26735612K->1289227K(29501440K), 0.0929947 secs] [Times: user=4.67 sys=0.01, real=0.09 secs] 
3221.708: [GC (Allocation Failure) [PSYoungGen: 26089064K->660963K(26355712K)] 26737675K->1310126K(29501440K), 0.1035852 secs] [Times: user=5.17 sys=0.01, real=0.11 secs] 
3226.803: [GC (Allocation Failure) [PSYoungGen: 26109411K->614764K(26355712K)] 26758574K->1264487K(29501440K), 0.1022093 secs] [Times: user=4.85 sys=0.00, real=0.10 secs] 
3231.988: [GC (Allocation Failure) [PSYoungGen: 26063212K->645426K(26355712K)] 26712935K->1295717K(29501440K), 0.0985836 secs] [Times: user=4.88 sys=0.00, real=0.10 secs] 
3237.132: [GC (Allocation Failure) [PSYoungGen: 26093874K->641970K(26355712K)] 26744165K->1292805K(29501440K), 0.0979175 secs] [Times: user=4.82 sys=0.00, real=0.09 secs] 
3242.388: [GC (Allocation Failure) [PSYoungGen: 26090418K->645108K(26355712K)] 26741253K->1296511K(29501440K), 0.0959539 secs] [Times: user=4.85 sys=0.00, real=0.10 secs] 
3247.542: [GC (Allocation Failure) [PSYoungGen: 26093556K->649688K(26355712K)] 26744959K->1301603K(29501440K), 0.0959380 secs] [Times: user=5.01 sys=0.00, real=0.09 secs] 
3252.682: [GC (Allocation Failure) [PSYoungGen: 26098136K->693752K(26355712K)] 26750051K->1346283K(29501440K), 0.1021422 secs] [Times: user=5.19 sys=0.00, real=0.10 secs] 
3257.826: [GC (Allocation Failure) [PSYoungGen: 26142200K->620545K(26355712K)] 26794731K->1273588K(29501440K), 0.0941799 secs] [Times: user=5.01 sys=0.00, real=0.10 secs] 
3262.910: [GC (Allocation Failure) [PSYoungGen: 26068993K->636989K(26355712K)] 26722036K->1290552K(29501440K), 0.0930511 secs] [Times: user=4.81 sys=0.00, real=0.09 secs] 
3268.170: [GC (Allocation Failure) [PSYoungGen: 26085437K->653112K(26355712K)] 26739000K->1307283K(29501440K), 0.0952686 secs] [Times: user=4.82 sys=0.01, real=0.09 secs] 
3273.410: [GC (Allocation Failure) [PSYoungGen: 26101560K->646141K(26355712K)] 26755731K->1300840K(29501440K), 0.0953037 secs] [Times: user=4.98 sys=0.00, real=0.09 secs] 
3278.505: [GC (Allocation Failure) [PSYoungGen: 26094589K->648621K(26355712K)] 26749288K->1303840K(29501440K), 0.0957457 secs] [Times: user=4.78 sys=0.00, real=0.10 secs] 
3283.681: [GC (Allocation Failure) [PSYoungGen: 26097069K->662177K(26355712K)] 26752288K->1318012K(29501440K), 0.0966773 secs] [Times: user=5.02 sys=0.01, real=0.09 secs] 
3288.739: [GC (Allocation Failure) [PSYoungGen: 26110625K->656161K(26355712K)] 26766460K->1312581K(29501440K), 0.0988929 secs] [Times: user=4.90 sys=0.00, real=0.10 secs] 
3293.631: [GC (Allocation Failure) [PSYoungGen: 26104609K->662189K(26355712K)] 26761029K->1319112K(29501440K), 0.1021993 secs] [Times: user=5.14 sys=0.00, real=0.10 secs] 
3298.677: [GC (Allocation Failure) [PSYoungGen: 26110637K->684164K(26355712K)] 26767560K->1341679K(29501440K), 0.1002805 secs] [Times: user=5.02 sys=0.00, real=0.10 secs] 
3303.673: [GC (Allocation Failure) [PSYoungGen: 26132612K->677100K(26355712K)] 26790127K->1335287K(29501440K), 0.1080662 secs] [Times: user=5.07 sys=0.02, real=0.11 secs] 
3308.718: [GC (Allocation Failure) [PSYoungGen: 26125548K->642152K(26355712K)] 26783735K->1300851K(29501440K), 0.0941634 secs] [Times: user=4.78 sys=0.01, real=0.10 secs] 
3313.828: [GC (Allocation Failure) [PSYoungGen: 26090600K->645874K(26355712K)] 26749299K->1305190K(29501440K), 0.0971677 secs] [Times: user=4.79 sys=0.00, real=0.10 secs] 
3318.889: [GC (Allocation Failure) [PSYoungGen: 26094322K->634838K(26355712K)] 26753638K->1294722K(29501440K), 0.0946970 secs] [Times: user=4.66 sys=0.00, real=0.10 secs] 
3323.874: [GC (Allocation Failure) [PSYoungGen: 26083037K->631715K(26355712K)] 26742920K->1292142K(29501440K), 0.0993513 secs] [Times: user=5.07 sys=0.00, real=0.10 secs] 
3329.076: [GC (Allocation Failure) [PSYoungGen: 26080163K->633487K(26355712K)] 26740590K->1294554K(29501440K), 0.1005737 secs] [Times: user=4.78 sys=0.01, real=0.10 secs] 
3334.108: [GC (Allocation Failure) [PSYoungGen: 26081935K->646380K(26355712K)] 26743002K->1308039K(29501440K), 0.1038049 secs] [Times: user=4.73 sys=0.00, real=0.11 secs] 
3339.271: [GC (Allocation Failure) [PSYoungGen: 26094828K->678615K(26355712K)] 26756487K->1340818K(29501440K), 0.0975356 secs] [Times: user=5.02 sys=0.00, real=0.09 secs] 
3344.208: [GC (Allocation Failure) [PSYoungGen: 26127063K->660940K(26355712K)] 26789266K->1323744K(29501440K), 0.0975511 secs] [Times: user=4.86 sys=0.00, real=0.10 secs] 
3349.209: [GC (Allocation Failure) [PSYoungGen: 26109388K->633073K(26355712K)] 26772192K->1296452K(29501440K), 0.0970776 secs] [Times: user=4.86 sys=0.00, real=0.10 secs] 
3354.259: [GC (Allocation Failure) [PSYoungGen: 26081521K->653612K(26355712K)] 26744900K->1317591K(29501440K), 0.0983987 secs] [Times: user=4.97 sys=0.00, real=0.10 secs] 
3359.180: [GC (Allocation Failure) [PSYoungGen: 26102060K->652409K(26355712K)] 26766039K->1316916K(29501440K), 0.1047993 secs] [Times: user=4.93 sys=0.00, real=0.10 secs] 
3364.075: [GC (Allocation Failure) [PSYoungGen: 26100857K->662780K(26355712K)] 26765364K->1327887K(29501440K), 0.1037611 secs] [Times: user=5.04 sys=0.01, real=0.10 secs] 
3369.095: [GC (Allocation Failure) [PSYoungGen: 26111228K->659447K(26355712K)] 26776335K->1325106K(29501440K), 0.0962999 secs] [Times: user=5.05 sys=0.00, real=0.10 secs] 
3374.029: [GC (Allocation Failure) [PSYoungGen: 26107895K->653447K(26355712K)] 26773554K->1319642K(29501440K), 0.0996799 secs] [Times: user=4.76 sys=0.01, real=0.10 secs] 
3378.966: [GC (Allocation Failure) [PSYoungGen: 26101895K->652714K(26355712K)] 26768090K->1319445K(29501440K), 0.0980725 secs] [Times: user=5.02 sys=0.01, real=0.10 secs] 
3383.989: [GC (Allocation Failure) [PSYoungGen: 26101162K->633068K(26355712K)] 26767893K->1300368K(29501440K), 0.0962463 secs] [Times: user=4.83 sys=0.00, real=0.10 secs] 
3388.995: [GC (Allocation Failure) [PSYoungGen: 26081516K->633149K(26355712K)] 26748816K->1301040K(29501440K), 0.0953909 secs] [Times: user=4.77 sys=0.01, real=0.10 secs] 
3393.997: [GC (Allocation Failure) [PSYoungGen: 26081597K->628089K(26355712K)] 26749488K->1296508K(29501440K), 0.0973879 secs] [Times: user=4.88 sys=0.00, real=0.10 secs] 
3398.963: [GC (Allocation Failure) [PSYoungGen: 26076537K->635264K(26355712K)] 26744956K->1304219K(29501440K), 0.0939129 secs] [Times: user=4.85 sys=0.00, real=0.09 secs] 
3403.920: [GC (Allocation Failure) [PSYoungGen: 26083712K->616296K(26355712K)] 26752667K->1285867K(29501440K), 0.0928102 secs] [Times: user=4.74 sys=0.00, real=0.09 secs] 
3408.942: [GC (Allocation Failure) [PSYoungGen: 26064744K->650328K(26355712K)] 26734315K->1320411K(29501440K), 0.0979615 secs] [Times: user=5.03 sys=0.00, real=0.10 secs] 
3413.895: [GC (Allocation Failure) [PSYoungGen: 26098776K->612968K(26355712K)] 26768859K->1283619K(29501440K), 0.0917271 secs] [Times: user=4.67 sys=0.01, real=0.09 secs] 
3418.737: [GC (Allocation Failure) [PSYoungGen: 26061416K->679933K(26355712K)] 26732067K->1351152K(29501440K), 0.0990429 secs] [Times: user=5.09 sys=0.01, real=0.10 secs] 
3423.591: [GC (Allocation Failure) [PSYoungGen: 26128381K->666114K(26355712K)] 26799600K->1337845K(29501440K), 0.0939154 secs] [Times: user=4.91 sys=0.00, real=0.09 secs] 
3428.385: [GC (Allocation Failure) [PSYoungGen: 26114562K->689358K(26355712K)] 26786293K->1361657K(29501440K), 0.1051530 secs] [Times: user=5.15 sys=0.00, real=0.11 secs] 
3433.300: [GC (Allocation Failure) [PSYoungGen: 26137806K->656410K(26355712K)] 26810105K->1329261K(29501440K), 0.1004535 secs] [Times: user=5.01 sys=0.01, real=0.10 secs] 
3438.003: [GC (Allocation Failure) [PSYoungGen: 26104858K->641479K(26355712K)] 26777709K->1314890K(29501440K), 0.1003035 secs] [Times: user=4.88 sys=0.01, real=0.10 secs] 
3442.837: [GC (Allocation Failure) [PSYoungGen: 26089927K->628129K(26355712K)] 26763338K->1302100K(29501440K), 0.0953433 secs] [Times: user=5.00 sys=0.01, real=0.10 secs] 
3447.636: [GC (Allocation Failure) [PSYoungGen: 26076577K->660706K(26355712K)] 26750548K->1335197K(29501440K), 0.0967939 secs] [Times: user=4.99 sys=0.00, real=0.10 secs] 
3452.368: [GC (Allocation Failure) [PSYoungGen: 26109154K->660043K(26355712K)] 26783645K->1335134K(29501440K), 0.0988622 secs] [Times: user=4.98 sys=0.00, real=0.10 secs] 
3457.160: [GC (Allocation Failure) [PSYoungGen: 26108491K->666335K(26355712K)] 26783582K->1341946K(29501440K), 0.1016539 secs] [Times: user=5.17 sys=0.00, real=0.10 secs] 
3461.962: [GC (Allocation Failure) [PSYoungGen: 26114783K->624441K(26355712K)] 26790394K->1300604K(29501440K), 0.0945017 secs] [Times: user=4.87 sys=0.00, real=0.09 secs] 
3466.844: [GC (Allocation Failure) [PSYoungGen: 26072889K->635916K(26355712K)] 26749052K->1312615K(29501440K), 0.0975114 secs] [Times: user=5.01 sys=0.00, real=0.10 secs] 
3471.687: [GC (Allocation Failure) [PSYoungGen: 26084364K->665533K(26355712K)] 26761063K->1342744K(29501440K), 0.1048843 secs] [Times: user=5.06 sys=0.00, real=0.11 secs] 
3476.455: [GC (Allocation Failure) [PSYoungGen: 26113981K->660226K(26355712K)] 26791192K->1337997K(29501440K), 0.0984596 secs] [Times: user=4.87 sys=0.01, real=0.10 secs] 
3481.345: [GC (Allocation Failure) [PSYoungGen: 26108674K->644392K(26355712K)] 26786445K->1322755K(29501440K), 0.0933199 secs] [Times: user=4.71 sys=0.01, real=0.09 secs] 
3486.183: [GC (Allocation Failure) [PSYoungGen: 26092840K->630445K(26355712K)] 26771203K->1309304K(29501440K), 0.1033151 secs] [Times: user=4.83 sys=0.01, real=0.10 secs] 
3490.993: [GC (Allocation Failure) [PSYoungGen: 26078893K->626172K(26355712K)] 26757752K->1305608K(29501440K), 0.0951276 secs] [Times: user=4.78 sys=0.01, real=0.09 secs] 
3495.679: [GC (Allocation Failure) [PSYoungGen: 26074620K->661682K(26355712K)] 26754056K->1341677K(29501440K), 0.1040852 secs] [Times: user=5.19 sys=0.01, real=0.11 secs] 
3500.325: [GC (Allocation Failure) [PSYoungGen: 26110130K->671030K(26355712K)] 26790125K->1351545K(29501440K), 0.1054291 secs] [Times: user=5.35 sys=0.01, real=0.11 secs] 
3505.028: [GC (Allocation Failure) [PSYoungGen: 26119478K->671949K(26355712K)] 26799993K->1352984K(29501440K), 0.1084102 secs] [Times: user=5.31 sys=0.01, real=0.11 secs] 
3509.882: [GC (Allocation Failure) [PSYoungGen: 26120397K->640728K(26355712K)] 26801432K->1322299K(29501440K), 0.0997817 secs] [Times: user=4.97 sys=0.00, real=0.10 secs] 
3514.609: [GC (Allocation Failure) [PSYoungGen: 26089176K->661135K(26355712K)] 26770747K->1343299K(29501440K), 0.0976506 secs] [Times: user=4.90 sys=0.00, real=0.10 secs] 
3519.348: [GC (Allocation Failure) [PSYoungGen: 26109583K->636440K(26355712K)] 26791747K->1319179K(29501440K), 0.0975586 secs] [Times: user=5.08 sys=0.00, real=0.10 secs] 
3524.159: [GC (Allocation Failure) [PSYoungGen: 26084888K->644609K(26355712K)] 26767627K->1327900K(29501440K), 0.0935766 secs] [Times: user=4.90 sys=0.00, real=0.10 secs] 
3528.816: [GC (Allocation Failure) [PSYoungGen: 26093057K->628323K(26355712K)] 26776348K->1312126K(29501440K), 0.0915301 secs] [Times: user=4.90 sys=0.00, real=0.09 secs] 
3533.659: [GC (Allocation Failure) [PSYoungGen: 26076771K->663266K(26355712K)] 26760574K->1347653K(29501440K), 0.0989209 secs] [Times: user=4.94 sys=0.00, real=0.10 secs] 
3538.274: [GC (Allocation Failure) [PSYoungGen: 26111714K->667282K(26355712K)] 26796101K->1352221K(29501440K), 0.0954868 secs] [Times: user=4.92 sys=0.00, real=0.09 secs] 
3542.985: [GC (Allocation Failure) [PSYoungGen: 26115730K->625800K(26355712K)] 26800669K->1311427K(29501440K), 0.0927936 secs] [Times: user=4.70 sys=0.00, real=0.09 secs] 
3547.710: [GC (Allocation Failure) [PSYoungGen: 26074248K->685835K(26355712K)] 26759875K->1372038K(29501440K), 0.1003319 secs] [Times: user=5.23 sys=0.01, real=0.10 secs] 
3552.418: [GC (Allocation Failure) [PSYoungGen: 26134283K->685965K(26355712K)] 26820486K->1372720K(29501440K), 0.1047280 secs] [Times: user=5.17 sys=0.00, real=0.11 secs] 
3557.168: [GC (Allocation Failure) [PSYoungGen: 26134413K->631944K(26355712K)] 26821168K->1319267K(29501440K), 0.0953742 secs] [Times: user=4.73 sys=0.00, real=0.10 secs] 
3561.681: [GC (Allocation Failure) [PSYoungGen: 26080392K->683643K(26355712K)] 26767715K->1371527K(29501440K), 0.1039212 secs] [Times: user=5.20 sys=0.00, real=0.10 secs] 
3566.385: [GC (Allocation Failure) [PSYoungGen: 26132091K->678918K(26355712K)] 26819975K->1367346K(29501440K), 0.1022725 secs] [Times: user=5.20 sys=0.00, real=0.10 secs] 
3570.919: [GC (Allocation Failure) [PSYoungGen: 26127366K->630289K(26355712K)] 26815794K->1319285K(29501440K), 0.0950406 secs] [Times: user=4.62 sys=0.00, real=0.10 secs] 
3575.521: [GC (Allocation Failure) [PSYoungGen: 26078737K->662348K(26355712K)] 26767733K->1351895K(29501440K), 0.1003310 secs] [Times: user=5.04 sys=0.01, real=0.10 secs] 
3580.245: [GC (Allocation Failure) [PSYoungGen: 26110796K->634536K(26355712K)] 26800343K->1324635K(29501440K), 0.1003425 secs] [Times: user=4.96 sys=0.00, real=0.10 secs] 
3584.899: [GC (Allocation Failure) [PSYoungGen: 26082984K->658721K(26355712K)] 26773083K->1349332K(29501440K), 0.1024497 secs] [Times: user=5.03 sys=0.00, real=0.11 secs] 
3589.428: [GC (Allocation Failure) [PSYoungGen: 26107169K->690812K(26355712K)] 26797780K->1381991K(29501440K), 0.1011885 secs] [Times: user=5.27 sys=0.00, real=0.11 secs] 
3594.108: [GC (Allocation Failure) [PSYoungGen: 26139260K->651916K(26355712K)] 26830439K->1343631K(29501440K), 0.1005699 secs] [Times: user=4.92 sys=0.01, real=0.10 secs] 
3598.764: [GC (Allocation Failure) [PSYoungGen: 26100364K->688477K(26355712K)] 26792079K->1380784K(29501440K), 0.0997754 secs] [Times: user=5.27 sys=0.02, real=0.10 secs] 
3603.443: [GC (Allocation Failure) [PSYoungGen: 26136925K->674513K(26355712K)] 26829232K->1367413K(29501440K), 0.1062240 secs] [Times: user=4.66 sys=0.00, real=0.10 secs] 
3608.164: [GC (Allocation Failure) [PSYoungGen: 26122961K->639068K(26355712K)] 26815861K->1332479K(29501440K), 0.0946149 secs] [Times: user=4.73 sys=0.00, real=0.09 secs] 
3612.828: [GC (Allocation Failure) [PSYoungGen: 26087516K->648150K(26355712K)] 26780927K->1342137K(29501440K), 0.0992350 secs] [Times: user=5.00 sys=0.01, real=0.10 secs] 
3617.399: [GC (Allocation Failure) [PSYoungGen: 26096598K->654909K(26355712K)] 26790585K->1349440K(29501440K), 0.0953547 secs] [Times: user=4.97 sys=0.00, real=0.10 secs] 
3622.046: [GC (Allocation Failure) [PSYoungGen: 26103357K->668513K(26355712K)] 26797888K->1363604K(29501440K), 0.1012738 secs] [Times: user=5.18 sys=0.00, real=0.10 secs] 
3626.747: [GC (Allocation Failure) [PSYoungGen: 26116961K->670130K(26355712K)] 26812052K->1365789K(29501440K), 0.0960807 secs] [Times: user=5.02 sys=0.00, real=0.10 secs] 
3631.240: [GC (Allocation Failure) [PSYoungGen: 26118578K->635837K(26355712K)] 26814237K->1332056K(29501440K), 0.0942508 secs] [Times: user=4.95 sys=0.00, real=0.09 secs] 
3635.708: [GC (Allocation Failure) [PSYoungGen: 26084285K->684042K(26355712K)] 26780504K->1381629K(29501440K), 0.1040597 secs] [Times: user=5.27 sys=0.00, real=0.11 secs] 
3640.323: [GC (Allocation Failure) [PSYoungGen: 26132490K->665754K(26355712K)] 26830077K->1363901K(29501440K), 0.1011244 secs] [Times: user=5.20 sys=0.00, real=0.10 secs] 
3644.853: [GC (Allocation Failure) [PSYoungGen: 26114202K->671622K(26355712K)] 26812349K->1370290K(29501440K), 0.0993076 secs] [Times: user=5.04 sys=0.00, real=0.10 secs] 
3649.240: [GC (Allocation Failure) [PSYoungGen: 26120070K->654000K(26355712K)] 26818738K->1353180K(29501440K), 0.1014178 secs] [Times: user=5.03 sys=0.01, real=0.10 secs] 
3653.789: [GC (Allocation Failure) [PSYoungGen: 26102448K->640621K(26355712K)] 26801628K->1341160K(29501440K), 0.0971673 secs] [Times: user=5.03 sys=0.00, real=0.10 secs] 
3658.437: [GC (Allocation Failure) [PSYoungGen: 26089069K->667187K(26355712K)] 26789608K->1368334K(29501440K), 0.1027745 secs] [Times: user=4.91 sys=0.01, real=0.11 secs] 
3662.954: [GC (Allocation Failure) [PSYoungGen: 26115635K->622979K(26355712K)] 26816782K->1324686K(29501440K), 0.0958879 secs] [Times: user=4.63 sys=0.01, real=0.10 secs] 
3667.591: [GC (Allocation Failure) [PSYoungGen: 26071427K->667512K(26355712K)] 26773134K->1369787K(29501440K), 0.0961436 secs] [Times: user=4.93 sys=0.01, real=0.09 secs] 
3672.112: [GC (Allocation Failure) [PSYoungGen: 26115960K->647253K(26355712K)] 26818235K->1350097K(29501440K), 0.1007696 secs] [Times: user=5.04 sys=0.01, real=0.10 secs] 
3676.600: [GC (Allocation Failure) [PSYoungGen: 26095701K->696722K(26355712K)] 26798545K->1400142K(29501440K), 0.0994679 secs] [Times: user=4.97 sys=0.01, real=0.09 secs] 
3681.106: [GC (Allocation Failure) [PSYoungGen: 26145170K->653653K(26355712K)] 26848590K->1357688K(29501440K), 0.1103074 secs] [Times: user=5.23 sys=0.00, real=0.11 secs] 
3685.607: [GC (Allocation Failure) [PSYoungGen: 26102101K->649896K(26355712K)] 26806136K->1354467K(29501440K), 0.0941428 secs] [Times: user=4.89 sys=0.01, real=0.10 secs] 
3690.012: [GC (Allocation Failure) [PSYoungGen: 26098344K->659500K(26355712K)] 26802915K->1364600K(29501440K), 0.1040551 secs] [Times: user=5.09 sys=0.00, real=0.10 secs] 
3694.613: [GC (Allocation Failure) [PSYoungGen: 26107948K->686148K(26355712K)] 26813048K->1391784K(29501440K), 0.0975868 secs] [Times: user=5.11 sys=0.00, real=0.10 secs] 
3698.945: [GC (Allocation Failure) [PSYoungGen: 26134596K->654955K(26355712K)] 26840232K->1361134K(29501440K), 0.0967580 secs] [Times: user=5.10 sys=0.00, real=0.10 secs] 
3703.469: [GC (Allocation Failure) [PSYoungGen: 26103403K->673398K(26355712K)] 26809582K->1380145K(29501440K), 0.0989225 secs] [Times: user=4.96 sys=0.00, real=0.10 secs] 
3707.880: [GC (Allocation Failure) [PSYoungGen: 26121846K->648049K(26355712K)] 26828593K->1355332K(29501440K), 0.0932247 secs] [Times: user=4.86 sys=0.00, real=0.09 secs] 
3712.295: [GC (Allocation Failure) [PSYoungGen: 26096497K->683436K(26355712K)] 26803780K->1391247K(29501440K), 0.0994698 secs] [Times: user=5.08 sys=0.01, real=0.10 secs] 
3716.754: [GC (Allocation Failure) [PSYoungGen: 26131884K->714407K(26355712K)] 26839695K->1422810K(29501440K), 0.1045457 secs] [Times: user=5.15 sys=0.00, real=0.10 secs] 
3721.258: [GC (Allocation Failure) [PSYoungGen: 26162855K->665805K(26355712K)] 26871258K->1374760K(29501440K), 0.0986111 secs] [Times: user=5.19 sys=0.00, real=0.10 secs] 
3725.632: [GC (Allocation Failure) [PSYoungGen: 26114253K->684173K(26355712K)] 26823208K->1393696K(29501440K), 0.0979964 secs] [Times: user=5.01 sys=0.01, real=0.10 secs] 
3730.091: [GC (Allocation Failure) [PSYoungGen: 26132621K->677452K(26355712K)] 26842144K->1387520K(29501440K), 0.0990260 secs] [Times: user=5.26 sys=0.00, real=0.10 secs] 
3734.503: [GC (Allocation Failure) [PSYoungGen: 26125900K->679224K(26355712K)] 26835968K->1389812K(29501440K), 0.0949267 secs] [Times: user=5.02 sys=0.00, real=0.09 secs] 
3739.015: [GC (Allocation Failure) [PSYoungGen: 26127672K->655199K(26355712K)] 26838260K->1366346K(29501440K), 0.0988151 secs] [Times: user=5.05 sys=0.00, real=0.10 secs] 
3743.389: [GC (Allocation Failure) [PSYoungGen: 26103647K->695022K(26355712K)] 26814794K->1406753K(29501440K), 0.1056871 secs] [Times: user=5.12 sys=0.00, real=0.11 secs] 
3747.745: [GC (Allocation Failure) [PSYoungGen: 26143470K->695581K(26355712K)] 26855201K->1407936K(29501440K), 0.1038548 secs] [Times: user=5.01 sys=0.00, real=0.10 secs] 
3752.257: [GC (Allocation Failure) [PSYoungGen: 26144029K->643123K(26355712K)] 26856384K->1356023K(29501440K), 0.1008909 secs] [Times: user=5.29 sys=0.01, real=0.10 secs] 
3756.653: [GC (Allocation Failure) [PSYoungGen: 26091571K->695330K(26355712K)] 26804471K->1408861K(29501440K), 0.1014905 secs] [Times: user=5.20 sys=0.00, real=0.10 secs] 
3761.066: [GC (Allocation Failure) [PSYoungGen: 26143778K->644818K(26355712K)] 26857309K->1358917K(29501440K), 0.0973529 secs] [Times: user=5.00 sys=0.00, real=0.10 secs] 
3765.414: [GC (Allocation Failure) [PSYoungGen: 26093266K->678209K(26355712K)] 26807365K->1392900K(29501440K), 0.1036625 secs] [Times: user=5.26 sys=0.01, real=0.10 secs] 
3769.692: [GC (Allocation Failure) [PSYoungGen: 26126657K->689794K(26355712K)] 26841348K->1405069K(29501440K), 0.1050688 secs] [Times: user=5.04 sys=0.00, real=0.10 secs] 
3774.097: [GC (Allocation Failure) [PSYoungGen: 26138242K->632104K(26355712K)] 26853517K->1347963K(29501440K), 0.0943104 secs] [Times: user=4.79 sys=0.00, real=0.10 secs] 
3778.481: [GC (Allocation Failure) [PSYoungGen: 26080552K->687726K(26355712K)] 26796411K->1404090K(29501440K), 0.1024957 secs] [Times: user=5.12 sys=0.01, real=0.10 secs] 
3782.772: [GC (Allocation Failure) [PSYoungGen: 26136174K->647060K(26355712K)] 26852538K->1363936K(29501440K), 0.1024657 secs] [Times: user=5.11 sys=0.00, real=0.10 secs] 
3787.084: [GC (Allocation Failure) [PSYoungGen: 26095508K->661900K(26355712K)] 26812384K->1379408K(29501440K), 0.0963023 secs] [Times: user=4.94 sys=0.01, real=0.10 secs] 
3791.458: [GC (Allocation Failure) [PSYoungGen: 26110348K->663805K(26355712K)] 26827856K->1381824K(29501440K), 0.1029179 secs] [Times: user=5.01 sys=0.00, real=0.11 secs] 
3795.864: [GC (Allocation Failure) [PSYoungGen: 26112253K->637149K(26355712K)] 26830272K->1355720K(29501440K), 0.0964233 secs] [Times: user=4.95 sys=0.01, real=0.10 secs] 
3800.227: [GC (Allocation Failure) [PSYoungGen: 26085597K->676849K(26355712K)] 26804168K->1395972K(29501440K), 0.0992403 secs] [Times: user=5.25 sys=0.00, real=0.10 secs] 
3804.673: [GC (Allocation Failure) [PSYoungGen: 26125297K->666472K(26355712K)] 26844420K->1386123K(29501440K), 0.0994166 secs] [Times: user=5.18 sys=0.00, real=0.10 secs] 
3809.056: [GC (Allocation Failure) [PSYoungGen: 26114920K->660754K(26355712K)] 26834571K->1380942K(29501440K), 0.1016248 secs] [Times: user=4.85 sys=0.00, real=0.10 secs] 
3813.402: [GC (Allocation Failure) [PSYoungGen: 26109202K->682246K(26355712K)] 26829390K->1402978K(29501440K), 0.1003359 secs] [Times: user=5.10 sys=0.00, real=0.10 secs] 
3817.716: [GC (Allocation Failure) [PSYoungGen: 26130694K->680833K(26355712K)] 26851426K->1402141K(29501440K), 0.0992416 secs] [Times: user=5.06 sys=0.00, real=0.10 secs] 
3822.059: [GC (Allocation Failure) [PSYoungGen: 26129281K->654065K(26355712K)] 26850589K->1375877K(29501440K), 0.0965803 secs] [Times: user=5.06 sys=0.00, real=0.10 secs] 
3826.411: [GC (Allocation Failure) [PSYoungGen: 26102513K->657018K(26355712K)] 26824325K->1379430K(29501440K), 0.0993408 secs] [Times: user=5.01 sys=0.00, real=0.10 secs] 
3830.739: [GC (Allocation Failure) [PSYoungGen: 26105466K->683090K(26355712K)] 26827878K->1406093K(29501440K), 0.1050807 secs] [Times: user=5.16 sys=0.00, real=0.11 secs] 
3834.966: [GC (Allocation Failure) [PSYoungGen: 26131538K->653186K(26355712K)] 26854541K->1376717K(29501440K), 0.1032775 secs] [Times: user=5.09 sys=0.00, real=0.10 secs] 
3839.429: [GC (Allocation Failure) [PSYoungGen: 26101634K->651272K(26355712K)] 26825165K->1375339K(29501440K), 0.0953029 secs] [Times: user=4.96 sys=0.01, real=0.10 secs] 
3843.789: [GC (Allocation Failure) [PSYoungGen: 26099720K->650061K(26355712K)] 26823787K->1374672K(29501440K), 0.0992658 secs] [Times: user=5.08 sys=0.01, real=0.10 secs] 
3848.032: [GC (Allocation Failure) [PSYoungGen: 26098509K->691207K(26355712K)] 26823120K->1416387K(29501440K), 0.0989889 secs] [Times: user=5.19 sys=0.00, real=0.10 secs] 
3852.226: [GC (Allocation Failure) [PSYoungGen: 26139655K->647996K(26355712K)] 26864835K->1373799K(29501440K), 0.0966195 secs] [Times: user=4.94 sys=0.00, real=0.10 secs] 
3856.541: [GC (Allocation Failure) [PSYoungGen: 26096444K->688173K(26355712K)] 26822247K->1414552K(29501440K), 0.1076758 secs] [Times: user=4.91 sys=0.00, real=0.10 secs] 
3860.763: [GC (Allocation Failure) [PSYoungGen: 26136621K->680301K(26355712K)] 26863000K->1407257K(29501440K), 0.0997564 secs] [Times: user=5.20 sys=0.00, real=0.10 secs] 
3865.058: [GC (Allocation Failure) [PSYoungGen: 26128749K->672561K(26355712K)] 26855705K->1400029K(29501440K), 0.0975706 secs] [Times: user=5.07 sys=0.00, real=0.10 secs] 
3869.311: [GC (Allocation Failure) [PSYoungGen: 26121009K->674745K(26355712K)] 26848477K->1402772K(29501440K), 0.0977938 secs] [Times: user=5.24 sys=0.00, real=0.09 secs] 
3873.584: [GC (Allocation Failure) [PSYoungGen: 26122987K->680946K(26355712K)] 26851014K->1409549K(29501440K), 0.0965643 secs] [Times: user=5.04 sys=0.00, real=0.10 secs] 
3877.926: [GC (Allocation Failure) [PSYoungGen: 26129394K->653872K(26355712K)] 26857997K->1382988K(29501440K), 0.0999875 secs] [Times: user=5.03 sys=0.00, real=0.10 secs] 
3882.279: [GC (Allocation Failure) [PSYoungGen: 26102320K->670406K(26355712K)] 26831436K->1400073K(29501440K), 0.1039856 secs] [Times: user=5.18 sys=0.01, real=0.11 secs] 
3886.441: [GC (Allocation Failure) [PSYoungGen: 26118854K->676948K(26355712K)] 26848521K->1407151K(29501440K), 0.1019313 secs] [Times: user=5.23 sys=0.01, real=0.10 secs] 
3890.594: [GC (Allocation Failure) [PSYoungGen: 26125396K->725150K(26355712K)] 26855599K->1455865K(29501440K), 0.1079552 secs] [Times: user=5.48 sys=0.01, real=0.11 secs] 
3894.819: [GC (Allocation Failure) [PSYoungGen: 26173598K->639566K(26355712K)] 26904313K->1370793K(29501440K), 0.0986022 secs] [Times: user=4.93 sys=0.00, real=0.10 secs] 
3899.159: [GC (Allocation Failure) [PSYoungGen: 26088014K->672949K(26355712K)] 26819241K->1404744K(29501440K), 0.1013249 secs] [Times: user=5.00 sys=0.01, real=0.11 secs] 
3903.383: [GC (Allocation Failure) [PSYoungGen: 26121397K->655944K(26355712K)] 26853192K->1388251K(29501440K), 0.0989979 secs] [Times: user=5.06 sys=0.01, real=0.10 secs] 
3907.697: [GC (Allocation Failure) [PSYoungGen: 26104392K->684017K(26355712K)] 26836699K->1416909K(29501440K), 0.0999059 secs] [Times: user=5.03 sys=0.01, real=0.10 secs] 
3911.924: [GC (Allocation Failure) [PSYoungGen: 26132465K->664585K(26355712K)] 26865357K->1397997K(29501440K), 0.1002551 secs] [Times: user=5.13 sys=0.00, real=0.10 secs] 
3916.002: [GC (Allocation Failure) [PSYoungGen: 26113033K->643230K(26355712K)] 26846445K->1377161K(29501440K), 0.0918107 secs] [Times: user=4.92 sys=0.00, real=0.09 secs] 
3920.230: [GC (Allocation Failure) [PSYoungGen: 26091678K->662081K(26355712K)] 26825609K->1396541K(29501440K), 0.0959074 secs] [Times: user=5.08 sys=0.00, real=0.09 secs] 
3924.310: [GC (Allocation Failure) [PSYoungGen: 26110529K->661476K(26355712K)] 26844989K->1396495K(29501440K), 0.1026328 secs] [Times: user=5.18 sys=0.00, real=0.10 secs] 
3928.559: [GC (Allocation Failure) [PSYoungGen: 26109924K->673240K(26355712K)] 26844943K->1408955K(29501440K), 0.1157871 secs] [Times: user=4.79 sys=0.00, real=0.12 secs] 
3932.800: [GC (Allocation Failure) [PSYoungGen: 26121688K->633223K(26355712K)] 26857403K->1369458K(29501440K), 0.0957167 secs] [Times: user=4.74 sys=0.00, real=0.10 secs] 
3936.940: [GC (Allocation Failure) [PSYoungGen: 26081671K->676810K(26355712K)] 26817906K->1413566K(29501440K), 0.1060451 secs] [Times: user=5.27 sys=0.00, real=0.11 secs] 
3940.917: [GC (Allocation Failure) [PSYoungGen: 26125258K->659169K(26355712K)] 26862014K->1396557K(29501440K), 0.0980445 secs] [Times: user=4.87 sys=0.01, real=0.10 secs] 
3945.051: [GC (Allocation Failure) [PSYoungGen: 26107617K->662587K(26355712K)] 26845005K->1400527K(29501440K), 0.1066047 secs] [Times: user=5.14 sys=0.00, real=0.10 secs] 
3949.235: [GC (Allocation Failure) [PSYoungGen: 26111035K->649153K(26355712K)] 26848975K->1387620K(29501440K), 0.0954746 secs] [Times: user=4.92 sys=0.00, real=0.10 secs] 
3953.409: [GC (Allocation Failure) [PSYoungGen: 26097601K->666081K(26355712K)] 26836068K->1405141K(29501440K), 0.0994401 secs] [Times: user=4.90 sys=0.00, real=0.10 secs] 
3957.595: [GC (Allocation Failure) [PSYoungGen: 26114529K->709316K(26355712K)] 26853589K->1449031K(29501440K), 0.1108190 secs] [Times: user=5.47 sys=0.00, real=0.11 secs] 
3961.796: [GC (Allocation Failure) [PSYoungGen: 26157764K->673019K(26355712K)] 26897479K->1413239K(29501440K), 0.1017814 secs] [Times: user=5.13 sys=0.01, real=0.10 secs] 
3965.933: [GC (Allocation Failure) [PSYoungGen: 26121467K->641601K(26355712K)] 26861687K->1382341K(29501440K), 0.0955806 secs] [Times: user=4.97 sys=0.01, real=0.09 secs] 
3970.084: [GC (Allocation Failure) [PSYoungGen: 26090049K->682527K(26355712K)] 26830789K->1423882K(29501440K), 0.0968652 secs] [Times: user=5.13 sys=0.00, real=0.10 secs] 
3974.238: [GC (Allocation Failure) [PSYoungGen: 26130975K->694474K(26355712K)] 26872330K->1436405K(29501440K), 0.1016309 secs] [Times: user=5.42 sys=0.00, real=0.10 secs] 
3978.389: [GC (Allocation Failure) [PSYoungGen: 26142922K->684934K(26355712K)] 26884853K->1427377K(29501440K), 0.1040151 secs] [Times: user=5.22 sys=0.00, real=0.11 secs] 
3982.434: [GC (Allocation Failure) [PSYoungGen: 26133382K->720123K(26355712K)] 26875825K->1463119K(29501440K), 0.1045450 secs] [Times: user=5.37 sys=0.00, real=0.10 secs] 
3986.535: [GC (Allocation Failure) [PSYoungGen: 26168571K->694657K(26355712K)] 26911567K->1438221K(29501440K), 0.1024198 secs] [Times: user=5.11 sys=0.00, real=0.10 secs] 
3990.577: [GC (Allocation Failure) [PSYoungGen: 26143105K->686305K(26355712K)] 26886669K->1430444K(29501440K), 0.1080703 secs] [Times: user=5.29 sys=0.00, real=0.11 secs] 
3994.682: [GC (Allocation Failure) [PSYoungGen: 26134753K->719922K(26355712K)] 26878892K->1464598K(29501440K), 0.1071020 secs] [Times: user=5.50 sys=0.00, real=0.10 secs] 
3998.683: [GC (Allocation Failure) [PSYoungGen: 26168370K->703266K(26355712K)] 26913046K->1448461K(29501440K), 0.0991418 secs] [Times: user=5.10 sys=0.01, real=0.10 secs] 
4002.828: [GC (Allocation Failure) [PSYoungGen: 26151714K->646672K(26355712K)] 26896909K->1392388K(29501440K), 0.1005859 secs] [Times: user=4.91 sys=0.01, real=0.10 secs] 
4006.987: [GC (Allocation Failure) [PSYoungGen: 26095120K->647974K(26355712K)] 26840836K->1394321K(29501440K), 0.1028547 secs] [Times: user=4.99 sys=0.00, real=0.11 secs] 
4011.199: [GC (Allocation Failure) [PSYoungGen: 26096422K->668156K(26355712K)] 26842769K->1415040K(29501440K), 0.0969917 secs] [Times: user=5.14 sys=0.00, real=0.10 secs] 
4015.359: [GC (Allocation Failure) [PSYoungGen: 26116604K->687771K(26355712K)] 26863488K->1435167K(29501440K), 0.1031545 secs] [Times: user=5.35 sys=0.00, real=0.11 secs] 
4019.465: [GC (Allocation Failure) [PSYoungGen: 26136219K->684234K(26355712K)] 26883615K->1432222K(29501440K), 0.1004388 secs] [Times: user=5.07 sys=0.01, real=0.10 secs] 
4023.520: [GC (Allocation Failure) [PSYoungGen: 26132682K->692506K(26355712K)] 26880670K->1441093K(29501440K), 0.1051238 secs] [Times: user=5.17 sys=0.01, real=0.10 secs] 
4027.564: [GC (Allocation Failure) [PSYoungGen: 26140954K->706971K(26355712K)] 26889541K->1456063K(29501440K), 0.1043530 secs] [Times: user=5.47 sys=0.00, real=0.10 secs] 
4031.732: [GC (Allocation Failure) [PSYoungGen: 26155419K->692595K(26355712K)] 26904511K->1442270K(29501440K), 0.1063756 secs] [Times: user=5.30 sys=0.00, real=0.10 secs] 
4035.840: [GC (Allocation Failure) [PSYoungGen: 26141043K->651909K(26355712K)] 26890718K->1402241K(29501440K), 0.1006385 secs] [Times: user=5.01 sys=0.00, real=0.10 secs] 
4039.914: [GC (Allocation Failure) [PSYoungGen: 26100357K->684790K(26355712K)] 26850689K->1435665K(29501440K), 0.1009214 secs] [Times: user=5.13 sys=0.00, real=0.10 secs] 
4044.021: [GC (Allocation Failure) [PSYoungGen: 26133238K->667500K(26355712K)] 26884113K->1418959K(29501440K), 0.1032378 secs] [Times: user=5.21 sys=0.00, real=0.10 secs] 
4048.107: [GC (Allocation Failure) [PSYoungGen: 26115948K->650168K(26355712K)] 26867407K->1402179K(29501440K), 0.0967562 secs] [Times: user=4.92 sys=0.00, real=0.10 secs] 
4052.303: [GC (Allocation Failure) [PSYoungGen: 26098616K->676491K(26355712K)] 26850627K->1429030K(29501440K), 0.0986632 secs] [Times: user=5.28 sys=0.00, real=0.10 secs] 
4056.376: [GC (Allocation Failure) [PSYoungGen: 26124939K->691181K(26355712K)] 26877478K->1444257K(29501440K), 0.1039204 secs] [Times: user=5.36 sys=0.01, real=0.11 secs] 
4060.382: [GC (Allocation Failure) [PSYoungGen: 26139629K->677079K(26355712K)] 26892705K->1430674K(29501440K), 0.1028129 secs] [Times: user=5.20 sys=0.00, real=0.10 secs] 
4064.365: [GC (Allocation Failure) [PSYoungGen: 26125527K->678992K(26355712K)] 26879122K->1433100K(29501440K), 0.0982217 secs] [Times: user=5.15 sys=0.00, real=0.10 secs] 
4068.307: [GC (Allocation Failure) [PSYoungGen: 26127440K->691510K(26355712K)] 26881548K->1446169K(29501440K), 0.1006948 secs] [Times: user=5.28 sys=0.00, real=0.10 secs] 
4072.266: [GC (Allocation Failure) [PSYoungGen: 26139958K->679916K(26355712K)] 26894617K->1435112K(29501440K), 0.1003096 secs] [Times: user=5.29 sys=0.00, real=0.10 secs] 
4076.314: [GC (Allocation Failure) [PSYoungGen: 26128364K->669196K(26355712K)] 26883560K->1424935K(29501440K), 0.1031079 secs] [Times: user=5.20 sys=0.00, real=0.10 secs] 
4080.261: [GC (Allocation Failure) [PSYoungGen: 26117644K->731971K(26355712K)] 26873383K->1488254K(29501440K), 0.1040944 secs] [Times: user=5.41 sys=0.00, real=0.10 secs] 
4084.302: [GC (Allocation Failure) [PSYoungGen: 26180419K->670321K(26355712K)] 26936702K->1427133K(29501440K), 0.1034707 secs] [Times: user=5.25 sys=0.01, real=0.10 secs] 
4088.371: [GC (Allocation Failure) [PSYoungGen: 26118769K->681011K(26355712K)] 26875581K->1438366K(29501440K), 0.1005949 secs] [Times: user=5.24 sys=0.00, real=0.10 secs] 
4092.468: [GC (Allocation Failure) [PSYoungGen: 26129459K->680950K(26355712K)] 26886814K->1438834K(29501440K), 0.0972850 secs] [Times: user=5.04 sys=0.00, real=0.10 secs] 
4096.505: [GC (Allocation Failure) [PSYoungGen: 26129398K->700162K(26355712K)] 26887282K->1458637K(29501440K), 0.1030464 secs] [Times: user=5.02 sys=0.00, real=0.10 secs] 
4100.430: [GC (Allocation Failure) [PSYoungGen: 26148610K->708768K(26355712K)] 26907085K->1467820K(29501440K), 0.1062670 secs] [Times: user=5.23 sys=0.00, real=0.10 secs] 
4104.441: [GC (Allocation Failure) [PSYoungGen: 26157216K->701473K(26355712K)] 26916268K->1461036K(29501440K), 0.1029570 secs] [Times: user=5.32 sys=0.00, real=0.10 secs] 
4108.521: [GC (Allocation Failure) [PSYoungGen: 26149921K->696932K(26355712K)] 26909484K->1457040K(29501440K), 0.1116367 secs] [Times: user=5.07 sys=0.00, real=0.11 secs] 
4112.575: [GC (Allocation Failure) [PSYoungGen: 26145380K->676177K(26355712K)] 26905488K->1436852K(29501440K), 0.0981504 secs] [Times: user=4.98 sys=0.01, real=0.10 secs] 
4116.437: [GC (Allocation Failure) [PSYoungGen: 26124625K->683976K(26355712K)] 26885300K->1445475K(29501440K), 0.1021108 secs] [Times: user=5.22 sys=0.00, real=0.10 secs] 
4120.382: [GC (Allocation Failure) [PSYoungGen: 26132424K->689843K(26355712K)] 26893923K->1451878K(29501440K), 0.1001314 secs] [Times: user=5.05 sys=0.00, real=0.10 secs] 
4124.294: [GC (Allocation Failure) [PSYoungGen: 26138291K->674709K(26355712K)] 26900326K->1437320K(29501440K), 0.0991581 secs] [Times: user=5.29 sys=0.01, real=0.10 secs] 
4128.320: [GC (Allocation Failure) [PSYoungGen: 26123157K->674545K(26355712K)] 26885768K->1437709K(29501440K), 0.0958121 secs] [Times: user=4.99 sys=0.00, real=0.09 secs] 
4132.360: [GC (Allocation Failure) [PSYoungGen: 26122993K->692167K(26355712K)] 26886157K->1455851K(29501440K), 0.1000311 secs] [Times: user=5.22 sys=0.01, real=0.10 secs] 
4136.407: [GC (Allocation Failure) [PSYoungGen: 26140615K->704145K(26355712K)] 26904299K->1468380K(29501440K), 0.1037144 secs] [Times: user=5.35 sys=0.00, real=0.11 secs] 
4140.325: [GC (Allocation Failure) [PSYoungGen: 26152593K->691240K(26355712K)] 26916828K->1456092K(29501440K), 0.0998723 secs] [Times: user=5.33 sys=0.00, real=0.10 secs] 
4144.121: [GC (Allocation Failure) [PSYoungGen: 26139688K->684758K(26355712K)] 26904540K->1450161K(29501440K), 0.0991562 secs] [Times: user=5.07 sys=0.00, real=0.10 secs] 
4147.997: [GC (Allocation Failure) [PSYoungGen: 26133206K->663464K(26355712K)] 26898609K->1429459K(29501440K), 0.0977160 secs] [Times: user=5.13 sys=0.00, real=0.10 secs] 
4151.973: [GC (Allocation Failure) [PSYoungGen: 26111912K->642644K(26355712K)] 26877907K->1409207K(29501440K), 0.0971852 secs] [Times: user=5.05 sys=0.00, real=0.10 secs] 
4155.968: [GC (Allocation Failure) [PSYoungGen: 26091092K->647132K(26355712K)] 26857655K->1414192K(29501440K), 0.1043325 secs] [Times: user=5.12 sys=0.00, real=0.11 secs] 
4159.852: [GC (Allocation Failure) [PSYoungGen: 26095580K->671634K(26355712K)] 26862640K->1439221K(29501440K), 0.0957250 secs] [Times: user=5.06 sys=0.00, real=0.09 secs] 
4163.755: [GC (Allocation Failure) [PSYoungGen: 26120082K->712525K(26355712K)] 26887669K->1480705K(29501440K), 0.1005861 secs] [Times: user=5.24 sys=0.01, real=0.10 secs] 
4167.701: [GC (Allocation Failure) [PSYoungGen: 26160973K->725944K(26355712K)] 26929153K->1494700K(29501440K), 0.1035293 secs] [Times: user=5.54 sys=0.00, real=0.10 secs] 
4171.647: [GC (GCLocker Initiated GC) [PSYoungGen: 26174392K->699567K(26355712K)] 26943186K->1468880K(29501440K), 0.1056809 secs] [Times: user=5.16 sys=0.01, real=0.11 secs] 
4175.649: [GC (Allocation Failure) [PSYoungGen: 26148015K->720950K(26355712K)] 26917333K->1490796K(29501440K), 0.1011594 secs] [Times: user=5.36 sys=0.00, real=0.11 secs] 
4179.700: [GC (Allocation Failure) [PSYoungGen: 26169398K->720501K(26355712K)] 26939244K->1490947K(29501440K), 0.1010213 secs] [Times: user=5.32 sys=0.01, real=0.11 secs] 
4183.686: [GC (Allocation Failure) [PSYoungGen: 26168949K->691148K(26355712K)] 26939395K->1462186K(29501440K), 0.0977234 secs] [Times: user=5.13 sys=0.00, real=0.10 secs] 
4187.659: [GC (Allocation Failure) [PSYoungGen: 26139596K->730555K(26355712K)] 26910634K->1502177K(29501440K), 0.1047277 secs] [Times: user=5.34 sys=0.00, real=0.11 secs] 
4191.493: [GC (Allocation Failure) [PSYoungGen: 26179003K->713223K(26355712K)] 26950625K->1485413K(29501440K), 0.1071989 secs] [Times: user=5.39 sys=0.01, real=0.11 secs] 
4195.301: [GC (Allocation Failure) [PSYoungGen: 26161671K->687087K(26355712K)] 26933861K->1459805K(29501440K), 0.1018175 secs] [Times: user=5.29 sys=0.00, real=0.10 secs] 
4199.101: [GC (Allocation Failure) [PSYoungGen: 26135535K->682737K(26355712K)] 26908253K->1455999K(29501440K), 0.1048451 secs] [Times: user=5.14 sys=0.00, real=0.10 secs] 
4202.970: [GC (Allocation Failure) [PSYoungGen: 26131185K->654231K(26355712K)] 26904447K->1428078K(29501440K), 0.0927826 secs] [Times: user=4.87 sys=0.00, real=0.10 secs] 
4206.784: [GC (Allocation Failure) [PSYoungGen: 26102679K->683967K(26355712K)] 26876526K->1458325K(29501440K), 0.1020020 secs] [Times: user=5.26 sys=0.00, real=0.10 secs] 
4210.532: [GC (Allocation Failure) [PSYoungGen: 26132415K->722977K(26355712K)] 26906773K->1497880K(29501440K), 0.1022237 secs] [Times: user=5.36 sys=0.00, real=0.10 secs] 
4214.368: [GC (Allocation Failure) [PSYoungGen: 26171425K->711755K(26355712K)] 26946328K->1487202K(29501440K), 0.1027898 secs] [Times: user=5.23 sys=0.00, real=0.11 secs] 
4218.199: [GC (Allocation Failure) [PSYoungGen: 26160203K->670706K(26355712K)] 26935650K->1446713K(29501440K), 0.1067455 secs] [Times: user=5.38 sys=0.00, real=0.11 secs] 
4221.967: [GC (Allocation Failure) [PSYoungGen: 26119154K->662188K(26355712K)] 26895161K->1438706K(29501440K), 0.0986574 secs] [Times: user=5.03 sys=0.00, real=0.10 secs] 
4225.793: [GC (Allocation Failure) [PSYoungGen: 26110636K->677172K(26355712K)] 26887154K->1454218K(29501440K), 0.1016892 secs] [Times: user=4.90 sys=0.01, real=0.10 secs] 
4229.700: [GC (Allocation Failure) [PSYoungGen: 26125620K->689453K(26355712K)] 26902666K->1467092K(29501440K), 0.1023168 secs] [Times: user=4.99 sys=0.01, real=0.10 secs] 
4233.574: [GC (Allocation Failure) [PSYoungGen: 26137901K->685073K(26355712K)] 26915540K->1463248K(29501440K), 0.1078582 secs] [Times: user=5.13 sys=0.00, real=0.11 secs] 
4237.529: [GC (Allocation Failure) [PSYoungGen: 26133521K->691090K(26355712K)] 26911696K->1469800K(29501440K), 0.1054953 secs] [Times: user=5.60 sys=0.00, real=0.11 secs] 
4241.411: [GC (Allocation Failure) [PSYoungGen: 26139538K->661741K(26355712K)] 26918248K->1440955K(29501440K), 0.0976885 secs] [Times: user=5.18 sys=0.01, real=0.09 secs] 
4245.319: [GC (Allocation Failure) [PSYoungGen: 26110189K->661064K(26355712K)] 26889403K->1440854K(29501440K), 0.0985364 secs] [Times: user=4.96 sys=0.00, real=0.10 secs] 
4249.145: [GC (Allocation Failure) [PSYoungGen: 26109512K->703137K(26355712K)] 26889302K->1483463K(29501440K), 0.1085760 secs] [Times: user=5.25 sys=0.00, real=0.11 secs] 
4253.016: [GC (Allocation Failure) [PSYoungGen: 26151585K->665967K(26355712K)] 26931911K->1446805K(29501440K), 0.1008117 secs] [Times: user=5.02 sys=0.00, real=0.10 secs] 
4257.004: [GC (Allocation Failure) [PSYoungGen: 26114415K->688347K(26355712K)] 26895253K->1469762K(29501440K), 0.1020987 secs] [Times: user=5.23 sys=0.00, real=0.10 secs] 
4260.750: [GC (Allocation Failure) [PSYoungGen: 26136795K->704526K(26355712K)] 26918210K->1486532K(29501440K), 0.1011064 secs] [Times: user=5.13 sys=0.00, real=0.10 secs] 
4264.525: [GC (Allocation Failure) [PSYoungGen: 26152974K->698780K(26355712K)] 26934980K->1481355K(29501440K), 0.1008099 secs] [Times: user=5.33 sys=0.00, real=0.10 secs] 
4268.340: [GC (Allocation Failure) [PSYoungGen: 26147228K->717402K(26355712K)] 26929803K->1500824K(29501440K), 0.1059130 secs] [Times: user=5.26 sys=0.00, real=0.11 secs] 
4272.068: [GC (Allocation Failure) [PSYoungGen: 26165850K->681162K(26355712K)] 26949272K->1465145K(29501440K), 0.1027334 secs] [Times: user=5.09 sys=0.00, real=0.11 secs] 
4275.884: [GC (Allocation Failure) [PSYoungGen: 26129610K->763366K(26355712K)] 26913593K->1547941K(29501440K), 0.1152176 secs] [Times: user=5.79 sys=0.01, real=0.12 secs] 
4279.541: [GC (Allocation Failure) [PSYoungGen: 26211814K->708416K(26355712K)] 26996389K->1493582K(29501440K), 0.0989536 secs] [Times: user=5.11 sys=0.00, real=0.10 secs] 
4283.383: [GC (Allocation Failure) [PSYoungGen: 26156864K->699056K(26355712K)] 26942030K->1484767K(29501440K), 0.1053706 secs] [Times: user=5.32 sys=0.01, real=0.10 secs] 
4287.176: [GC (Allocation Failure) [PSYoungGen: 26147504K->671618K(26355712K)] 26933215K->1457833K(29501440K), 0.1011487 secs] [Times: user=5.18 sys=0.01, real=0.10 secs] 
4290.956: [GC (Allocation Failure) [PSYoungGen: 26120066K->673865K(26355712K)] 26906281K->1460744K(29501440K), 0.1028813 secs] [Times: user=4.88 sys=0.01, real=0.10 secs] 
4294.692: [GC (Allocation Failure) [PSYoungGen: 26122313K->710689K(26355712K)] 26909192K->1498151K(29501440K), 0.1092495 secs] [Times: user=5.10 sys=0.01, real=0.11 secs] 
4298.549: [GC (Allocation Failure) [PSYoungGen: 26159137K->669768K(26355712K)] 26946599K->1457751K(29501440K), 0.1004740 secs] [Times: user=4.95 sys=0.00, real=0.10 secs] 
4302.332: [GC (Allocation Failure) [PSYoungGen: 26118216K->692973K(26355712K)] 26906199K->1481460K(29501440K), 0.1092703 secs] [Times: user=5.20 sys=0.00, real=0.11 secs] 
4306.047: [GC (Allocation Failure) [PSYoungGen: 26141421K->680178K(26355712K)] 26929908K->1469224K(29501440K), 0.1005751 secs] [Times: user=5.26 sys=0.00, real=0.10 secs] 
4309.934: [GC (Allocation Failure) [PSYoungGen: 26128626K->668746K(26355712K)] 26917672K->1458385K(29501440K), 0.1049310 secs] [Times: user=5.05 sys=0.00, real=0.10 secs] 
4313.758: [GC (Allocation Failure) [PSYoungGen: 26117194K->739437K(26355712K)] 26906833K->1529595K(29501440K), 0.1053458 secs] [Times: user=5.48 sys=0.00, real=0.11 secs] 
4317.509: [GC (Allocation Failure) [PSYoungGen: 26187885K->755007K(26355712K)] 26978043K->1545773K(29501440K), 0.1077657 secs] [Times: user=5.27 sys=0.00, real=0.11 secs] 
4321.265: [GC (Allocation Failure) [PSYoungGen: 26203455K->687095K(26355712K)] 26994221K->1478462K(29501440K), 0.1006135 secs] [Times: user=5.23 sys=0.00, real=0.10 secs] 
4325.125: [GC (Allocation Failure) [PSYoungGen: 26135543K->689591K(26355712K)] 26926910K->1481582K(29501440K), 0.1036688 secs] [Times: user=5.23 sys=0.01, real=0.10 secs] 
4328.864: [GC (Allocation Failure) [PSYoungGen: 26138039K->696349K(26355712K)] 26930030K->1488875K(29501440K), 0.1078487 secs] [Times: user=5.30 sys=0.00, real=0.11 secs] 
4332.555: [GC (Allocation Failure) [PSYoungGen: 26144797K->733124K(26355712K)] 26937323K->1526250K(29501440K), 0.1026793 secs] [Times: user=5.18 sys=0.00, real=0.10 secs] 
4336.307: [GC (Allocation Failure) [PSYoungGen: 26181572K->693352K(26355712K)] 26974698K->1487007K(29501440K), 0.1024690 secs] [Times: user=5.18 sys=0.00, real=0.11 secs] 
4339.949: [GC (Allocation Failure) [PSYoungGen: 26141800K->657007K(26355712K)] 26935455K->1451222K(29501440K), 0.0957485 secs] [Times: user=4.85 sys=0.01, real=0.10 secs] 
4343.756: [GC (Allocation Failure) [PSYoungGen: 26105455K->730248K(26355712K)] 26899670K->1525055K(29501440K), 0.1109923 secs] [Times: user=5.35 sys=0.01, real=0.11 secs] 
4347.459: [GC (Allocation Failure) [PSYoungGen: 26178696K->704362K(26355712K)] 26973503K->1499720K(29501440K), 0.1065280 secs] [Times: user=5.38 sys=0.01, real=0.11 secs] 
4351.226: [GC (Allocation Failure) [PSYoungGen: 26152810K->700416K(26355712K)] 26948168K->1496238K(29501440K), 0.1056906 secs] [Times: user=5.25 sys=0.00, real=0.11 secs] 
4354.991: [GC (Allocation Failure) [PSYoungGen: 26148864K->680536K(26355712K)] 26944686K->1476935K(29501440K), 0.1040837 secs] [Times: user=5.13 sys=0.00, real=0.10 secs] 
4358.632: [GC (Allocation Failure) [PSYoungGen: 26128984K->719611K(26355712K)] 26925383K->1516586K(29501440K), 0.1026576 secs] [Times: user=5.31 sys=0.00, real=0.10 secs] 
4362.371: [GC (Allocation Failure) [PSYoungGen: 26168059K->697313K(26355712K)] 26965034K->1494815K(29501440K), 0.1066474 secs] [Times: user=5.22 sys=0.01, real=0.10 secs] 
4366.150: [GC (Allocation Failure) [PSYoungGen: 26145761K->712089K(26355712K)] 26943263K->1510103K(29501440K), 0.1037642 secs] [Times: user=5.45 sys=0.00, real=0.10 secs] 
4369.882: [GC (Allocation Failure) [PSYoungGen: 26160537K->694992K(26355712K)] 26958551K->1493511K(29501440K), 0.0984353 secs] [Times: user=5.25 sys=0.00, real=0.10 secs] 
4373.540: [GC (Allocation Failure) [PSYoungGen: 26143440K->692285K(26355712K)] 26941959K->1491339K(29501440K), 0.1012729 secs] [Times: user=5.29 sys=0.00, real=0.10 secs] 
4377.342: [GC (Allocation Failure) [PSYoungGen: 26140733K->716117K(26355712K)] 26939787K->1515692K(29501440K), 0.0979950 secs] [Times: user=5.27 sys=0.00, real=0.10 secs] 
4381.114: [GC (Allocation Failure) [PSYoungGen: 26164565K->713888K(26355712K)] 26964140K->1514047K(29501440K), 0.1032408 secs] [Times: user=5.09 sys=0.01, real=0.10 secs] 
4384.805: [GC (Allocation Failure) [PSYoungGen: 26162336K->668722K(26355712K)] 26962495K->1469441K(29501440K), 0.1011752 secs] [Times: user=5.04 sys=0.00, real=0.10 secs] 
4388.646: [GC (Allocation Failure) [PSYoungGen: 26117170K->716182K(26355712K)] 26917889K->1517389K(29501440K), 0.1031466 secs] [Times: user=5.33 sys=0.00, real=0.10 secs] 
4392.463: [GC (Allocation Failure) [PSYoungGen: 26164630K->716271K(26355712K)] 26965837K->1518014K(29501440K), 0.1052554 secs] [Times: user=5.37 sys=0.00, real=0.10 secs] 
4396.215: [GC (Allocation Failure) [PSYoungGen: 26164719K->664238K(26355712K)] 26966462K->1466548K(29501440K), 0.1030413 secs] [Times: user=5.07 sys=0.01, real=0.10 secs] 
4399.803: [GC (Allocation Failure) [PSYoungGen: 26112686K->674686K(26355712K)] 26914996K->1477533K(29501440K), 0.0981637 secs] [Times: user=5.17 sys=0.00, real=0.10 secs] 
4403.554: [GC (Allocation Failure) [PSYoungGen: 26123134K->698951K(26355712K)] 26925981K->1502349K(29501440K), 0.1151406 secs] [Times: user=5.42 sys=0.00, real=0.12 secs] 
4407.218: [GC (Allocation Failure) [PSYoungGen: 26147399K->682930K(26355712K)] 26950797K->1486880K(29501440K), 0.0977725 secs] [Times: user=4.91 sys=0.00, real=0.10 secs] 
4410.931: [GC (Allocation Failure) [PSYoungGen: 26131378K->717624K(26355712K)] 26935328K->1522102K(29501440K), 0.1085485 secs] [Times: user=5.40 sys=0.01, real=0.11 secs] 
4414.575: [GC (Allocation Failure) [PSYoungGen: 26166072K->686013K(26355712K)] 26970550K->1491076K(29501440K), 0.0998155 secs] [Times: user=5.04 sys=0.00, real=0.10 secs] 
4418.316: [GC (Allocation Failure) [PSYoungGen: 26134461K->683837K(26355712K)] 26939524K->1489443K(29501440K), 0.0983431 secs] [Times: user=5.18 sys=0.00, real=0.10 secs] 
4421.983: [GC (Allocation Failure) [PSYoungGen: 26132285K->689863K(26355712K)] 26937891K->1495982K(29501440K), 0.1023370 secs] [Times: user=5.23 sys=0.01, real=0.10 secs] 
4425.574: [GC (Allocation Failure) [PSYoungGen: 26138311K->732034K(26355712K)] 26944430K->1538704K(29501440K), 0.1041474 secs] [Times: user=5.29 sys=0.00, real=0.10 secs] 
4429.308: [GC (Allocation Failure) [PSYoungGen: 26180482K->674898K(26355712K)] 26987152K->1482080K(29501440K), 0.0997950 secs] [Times: user=5.08 sys=0.00, real=0.10 secs] 
4432.895: [GC (Allocation Failure) [PSYoungGen: 26123346K->667853K(26355712K)] 26930528K->1475539K(29501440K), 0.1031754 secs] [Times: user=4.91 sys=0.01, real=0.10 secs] 
4436.559: [GC (Allocation Failure) [PSYoungGen: 26116301K->741082K(26355712K)] 26923987K->1549336K(29501440K), 0.1055442 secs] [Times: user=5.39 sys=0.00, real=0.11 secs] 
4440.262: [GC (Allocation Failure) [PSYoungGen: 26189530K->725782K(26355712K)] 26997784K->1534604K(29501440K), 0.1109298 secs] [Times: user=5.48 sys=0.00, real=0.11 secs] 
4444.085: [GC (Allocation Failure) [PSYoungGen: 26174230K->661873K(26355712K)] 26983052K->1471208K(29501440K), 0.1075653 secs] [Times: user=4.77 sys=0.00, real=0.11 secs] 
4447.755: [GC (Allocation Failure) [PSYoungGen: 26110321K->725511K(26355712K)] 26919656K->1535357K(29501440K), 0.1057990 secs] [Times: user=5.35 sys=0.01, real=0.11 secs] 
4451.392: [GC (Allocation Failure) [PSYoungGen: 26173959K->675883K(26355712K)] 26983805K->1486282K(29501440K), 0.1027364 secs] [Times: user=5.14 sys=0.00, real=0.10 secs] 
4455.195: [GC (Allocation Failure) [PSYoungGen: 26124331K->689522K(26355712K)] 26934730K->1500513K(29501440K), 0.1018783 secs] [Times: user=5.14 sys=0.01, real=0.10 secs] 
4458.835: [GC (Allocation Failure) [PSYoungGen: 26137970K->677110K(26355712K)] 26948961K->1488573K(29501440K), 0.0977186 secs] [Times: user=5.09 sys=0.01, real=0.10 secs] 
4462.589: [GC (Allocation Failure) [PSYoungGen: 26125558K->776387K(26355712K)] 26937021K->1588426K(29501440K), 0.1156932 secs] [Times: user=5.47 sys=0.00, real=0.12 secs] 
4466.215: [GC (Allocation Failure) [PSYoungGen: 26224835K->688093K(26355712K)] 27036874K->1500787K(29501440K), 0.0994676 secs] [Times: user=4.99 sys=0.00, real=0.10 secs] 
4469.823: [GC (Allocation Failure) [PSYoungGen: 26136541K->711011K(26355712K)] 26949235K->1524194K(29501440K), 0.1023109 secs] [Times: user=5.30 sys=0.00, real=0.10 secs] 
4473.433: [GC (Allocation Failure) [PSYoungGen: 26159459K->731837K(26355712K)] 26972642K->1545532K(29501440K), 0.1073705 secs] [Times: user=5.62 sys=0.00, real=0.11 secs] 
4476.969: [GC (Allocation Failure) [PSYoungGen: 26180285K->682461K(26355712K)] 26993980K->1496731K(29501440K), 0.1012136 secs] [Times: user=5.23 sys=0.00, real=0.11 secs] 
4480.640: [GC (Allocation Failure) [PSYoungGen: 26130909K->709998K(26355712K)] 26945179K->1524836K(29501440K), 0.1009814 secs] [Times: user=5.39 sys=0.00, real=0.10 secs] 
4484.298: [GC (Allocation Failure) [PSYoungGen: 26158446K->720361K(26355712K)] 26973284K->1535727K(29501440K), 0.1019023 secs] [Times: user=5.31 sys=0.00, real=0.10 secs] 
4487.872: [GC (Allocation Failure) [PSYoungGen: 26168809K->646328K(26355712K)] 26984175K->1462207K(29501440K), 0.0970421 secs] [Times: user=4.99 sys=0.00, real=0.09 secs] 
4491.448: [GC (Allocation Failure) [PSYoungGen: 26094776K->784938K(26355712K)] 26910655K->1601353K(29501440K), 0.1095443 secs] [Times: user=5.62 sys=0.00, real=0.11 secs] 
4494.967: [GC (Allocation Failure) [PSYoungGen: 26233386K->695672K(26355712K)] 27049801K->1512614K(29501440K), 0.1093119 secs] [Times: user=5.18 sys=0.00, real=0.11 secs] 
4498.639: [GC (Allocation Failure) [PSYoungGen: 26144120K->740055K(26355712K)] 26961062K->1557533K(29501440K), 0.1048143 secs] [Times: user=5.59 sys=0.00, real=0.11 secs] 
4502.296: [GC (Allocation Failure) [PSYoungGen: 26188503K->744237K(26355712K)] 27005981K->1562243K(29501440K), 0.1089248 secs] [Times: user=5.68 sys=0.00, real=0.11 secs] 
4505.910: [GC (Allocation Failure) [PSYoungGen: 26192685K->724711K(26355712K)] 27010691K->1543261K(29501440K), 0.1094257 secs] [Times: user=5.58 sys=0.00, real=0.11 secs] 
4509.474: [GC (Allocation Failure) [PSYoungGen: 26173159K->749595K(26355712K)] 26991709K->1568673K(29501440K), 0.1108821 secs] [Times: user=5.64 sys=0.01, real=0.11 secs] 
4512.917: [GC (Allocation Failure) [PSYoungGen: 26198043K->702359K(26355712K)] 27017121K->1521965K(29501440K), 0.1059126 secs] [Times: user=5.05 sys=0.01, real=0.11 secs] 
4516.480: [GC (Allocation Failure) [PSYoungGen: 26150807K->757813K(26355712K)] 26970413K->1577948K(29501440K), 0.1197523 secs] [Times: user=5.38 sys=0.00, real=0.12 secs] 
4520.133: [GC (Allocation Failure) [PSYoungGen: 26206261K->658958K(26355712K)] 27026396K->1479644K(29501440K), 0.0984234 secs] [Times: user=5.06 sys=0.01, real=0.10 secs] 
4523.680: [GC (Allocation Failure) [PSYoungGen: 26107406K->741225K(26355712K)] 26928092K->1562447K(29501440K), 0.1040384 secs] [Times: user=5.60 sys=0.01, real=0.10 secs] 
4527.352: [GC (Allocation Failure) [PSYoungGen: 26189673K->712897K(26355712K)] 27010895K->1534664K(29501440K), 0.0999629 secs] [Times: user=5.21 sys=0.00, real=0.10 secs] 
4530.968: [GC (Allocation Failure) [PSYoungGen: 26161345K->673510K(26355712K)] 26983112K->1495844K(29501440K), 0.0987258 secs] [Times: user=5.13 sys=0.00, real=0.10 secs] 
4534.628: [GC (Allocation Failure) [PSYoungGen: 26121958K->779820K(26355712K)] 26944292K->1602667K(29501440K), 0.1071215 secs] [Times: user=5.51 sys=0.02, real=0.11 secs] 
4538.240: [GC (Allocation Failure) [PSYoungGen: 26228268K->688926K(26355712K)] 27051115K->1512324K(29501440K), 0.1050031 secs] [Times: user=5.20 sys=0.00, real=0.11 secs] 
4541.763: [GC (Allocation Failure) [PSYoungGen: 26137374K->683320K(26355712K)] 26960772K->1507327K(29501440K), 0.1064809 secs] [Times: user=5.18 sys=0.00, real=0.10 secs] 
4545.269: [GC (Allocation Failure) [PSYoungGen: 26131768K->703218K(26355712K)] 26955775K->1527712K(29501440K), 0.1058714 secs] [Times: user=5.40 sys=0.01, real=0.11 secs] 
4548.758: [GC (Allocation Failure) [PSYoungGen: 26151666K->770370K(26355712K)] 26976160K->1595408K(29501440K), 0.1086593 secs] [Times: user=5.60 sys=0.00, real=0.11 secs] 
4552.341: [GC (Allocation Failure) [PSYoungGen: 26218818K->729155K(26355712K)] 27043856K->1554817K(29501440K), 0.1049793 secs] [Times: user=5.24 sys=0.00, real=0.10 secs] 
4555.923: [GC (Allocation Failure) [PSYoungGen: 26177603K->705897K(26355712K)] 27003265K->1532144K(29501440K), 0.0994712 secs] [Times: user=5.19 sys=0.00, real=0.10 secs] 
4559.389: [GC (Allocation Failure) [PSYoungGen: 26154345K->734557K(26355712K)] 26980592K->1561332K(29501440K), 0.1068129 secs] [Times: user=5.51 sys=0.00, real=0.11 secs] 
4562.905: [GC (Allocation Failure) [PSYoungGen: 26183005K->697451K(26355712K)] 27009780K->1524714K(29501440K), 0.1011997 secs] [Times: user=5.27 sys=0.00, real=0.10 secs] 
4566.400: [GC (Allocation Failure) [PSYoungGen: 26145899K->742793K(26355712K)] 26973162K->1570631K(29501440K), 0.1053396 secs] [Times: user=5.54 sys=0.01, real=0.11 secs] 
4569.981: [GC (Allocation Failure) [PSYoungGen: 26191241K->689993K(26355712K)] 27019079K->1518359K(29501440K), 0.1008923 secs] [Times: user=5.06 sys=0.01, real=0.10 secs] 
4573.427: [GC (Allocation Failure) [PSYoungGen: 26138441K->734972K(26355712K)] 26966807K->1563915K(29501440K), 0.1102401 secs] [Times: user=5.50 sys=0.00, real=0.11 secs] 
4577.052: [GC (Allocation Failure) [PSYoungGen: 26183420K->665155K(26355712K)] 27012363K->1494618K(29501440K), 0.0953288 secs] [Times: user=5.03 sys=0.00, real=0.09 secs] 
4580.579: [GC (Allocation Failure) [PSYoungGen: 26113603K->685928K(26355712K)] 26943066K->1515911K(29501440K), 0.1063060 secs] [Times: user=5.57 sys=0.00, real=0.11 secs] 
4584.074: [GC (Allocation Failure) [PSYoungGen: 26134376K->667949K(26355712K)] 26964359K->1498460K(29501440K), 0.1007964 secs] [Times: user=5.11 sys=0.01, real=0.10 secs] 
4587.576: [GC (Allocation Failure) [PSYoungGen: 26116397K->737133K(26355712K)] 26946908K->1568139K(29501440K), 0.1053411 secs] [Times: user=5.18 sys=0.01, real=0.11 secs] 
4591.120: [GC (Allocation Failure) [PSYoungGen: 26185581K->681554K(26355712K)] 27016587K->1513136K(29501440K), 0.1024012 secs] [Times: user=5.04 sys=0.01, real=0.10 secs] 
4594.744: [GC (Allocation Failure) [PSYoungGen: 26130002K->749837K(26355712K)] 26961584K->1582003K(29501440K), 0.1063984 secs] [Times: user=5.33 sys=0.02, real=0.11 secs] 
4598.321: [GC (Allocation Failure) [PSYoungGen: 26198285K->698450K(26355712K)] 27030451K->1531177K(29501440K), 0.1046532 secs] [Times: user=5.31 sys=0.00, real=0.10 secs] 
4601.842: [GC (Allocation Failure) [PSYoungGen: 26146898K->695269K(26355712K)] 26979625K->1528468K(29501440K), 0.1117155 secs] [Times: user=5.18 sys=0.00, real=0.11 secs] 
4605.355: [GC (Allocation Failure) [PSYoungGen: 26143717K->703475K(26355712K)] 26976916K->1537281K(29501440K), 0.1051099 secs] [Times: user=5.45 sys=0.00, real=0.11 secs] 
4608.820: [GC (Allocation Failure) [PSYoungGen: 26151923K->685792K(26355712K)] 26985729K->1520230K(29501440K), 0.1000087 secs] [Times: user=5.09 sys=0.00, real=0.10 secs] 
4612.370: [GC (Allocation Failure) [PSYoungGen: 26134240K->723210K(26355712K)] 26968678K->1558201K(29501440K), 0.1046890 secs] [Times: user=5.30 sys=0.00, real=0.11 secs] 
4615.929: [GC (Allocation Failure) [PSYoungGen: 26171658K->636584K(26355712K)] 27006649K->1472103K(29501440K), 0.0949816 secs] [Times: user=4.79 sys=0.00, real=0.10 secs] 
4619.429: [GC (Allocation Failure) [PSYoungGen: 26085032K->695336K(26355712K)] 26920551K->1531415K(29501440K), 0.1052645 secs] [Times: user=5.50 sys=0.00, real=0.11 secs] 
4622.882: [GC (Allocation Failure) [PSYoungGen: 26143784K->671304K(26355712K)] 26979863K->1508023K(29501440K), 0.0964930 secs] [Times: user=5.06 sys=0.00, real=0.09 secs] 
4626.335: [GC (Allocation Failure) [PSYoungGen: 26119752K->749627K(26355712K)] 26956471K->1586841K(29501440K), 0.1079472 secs] [Times: user=5.59 sys=0.00, real=0.11 secs] 
4629.794: [GC (Allocation Failure) [PSYoungGen: 26198075K->705607K(26355712K)] 27035289K->1543350K(29501440K), 0.1005405 secs] [Times: user=5.26 sys=0.00, real=0.10 secs] 
4633.315: [GC (Allocation Failure) [PSYoungGen: 26154055K->712955K(26355712K)] 26991798K->1551218K(29501440K), 0.1115756 secs] [Times: user=5.32 sys=0.00, real=0.11 secs] 
4637.034: [GC (Allocation Failure) [PSYoungGen: 26161403K->657992K(26355712K)] 26999666K->1496807K(29501440K), 0.1003422 secs] [Times: user=4.88 sys=0.00, real=0.10 secs] 
4640.357: [GC (Allocation Failure) [PSYoungGen: 26106440K->682754K(26355712K)] 26945255K->1522048K(29501440K), 0.1014920 secs] [Times: user=4.92 sys=0.00, real=0.10 secs] 
4643.825: [GC (Allocation Failure) [PSYoungGen: 26131202K->688330K(26355712K)] 26970496K->1528177K(29501440K), 0.1046661 secs] [Times: user=5.07 sys=0.01, real=0.10 secs] 
4647.281: [GC (Allocation Failure) [PSYoungGen: 26136778K->686459K(26355712K)] 26976625K->1526842K(29501440K), 0.0972294 secs] [Times: user=5.09 sys=0.00, real=0.09 secs] 
4650.758: [GC (Allocation Failure) [PSYoungGen: 26134907K->757669K(26355712K)] 26975290K->1598612K(29501440K), 0.1135812 secs] [Times: user=5.62 sys=0.01, real=0.12 secs] 
4654.248: [GC (Allocation Failure) [PSYoungGen: 26206117K->693982K(26355712K)] 27047060K->1535437K(29501440K), 0.0996054 secs] [Times: user=5.20 sys=0.01, real=0.10 secs] 
4657.708: [GC (Allocation Failure) [PSYoungGen: 26142430K->773323K(26355712K)] 26983885K->1615306K(29501440K), 0.1115269 secs] [Times: user=5.63 sys=0.00, real=0.11 secs] 
4661.102: [GC (Allocation Failure) [PSYoungGen: 26221771K->686976K(26355712K)] 27063754K->1529534K(29501440K), 0.1060205 secs] [Times: user=5.46 sys=0.00, real=0.10 secs] 
4664.493: [GC (Allocation Failure) [PSYoungGen: 26135424K->719967K(26355712K)] 26977982K->1563054K(29501440K), 0.1037425 secs] [Times: user=5.26 sys=0.00, real=0.10 secs] 
4667.985: [GC (Allocation Failure) [PSYoungGen: 26168415K->700968K(26355712K)] 27011502K->1544582K(29501440K), 0.1049758 secs] [Times: user=5.38 sys=0.00, real=0.11 secs] 
4671.415: [GC (Allocation Failure) [PSYoungGen: 26149416K->746330K(26355712K)] 26993030K->1590440K(29501440K), 0.1043326 secs] [Times: user=5.60 sys=0.00, real=0.11 secs] 
4674.951: [GC (Allocation Failure) [PSYoungGen: 26194778K->668018K(26355712K)] 27038888K->1512688K(29501440K), 0.1008694 secs] [Times: user=5.09 sys=0.00, real=0.10 secs] 
4678.505: [GC (Allocation Failure) [PSYoungGen: 26116466K->695304K(26355712K)] 26961136K->1540551K(29501440K), 0.1016491 secs] [Times: user=5.00 sys=0.00, real=0.10 secs] 
4681.984: [GC (Allocation Failure) [PSYoungGen: 26143752K->663815K(26355712K)] 26988999K->1509598K(29501440K), 0.0992604 secs] [Times: user=5.14 sys=0.01, real=0.10 secs] 
4685.482: [GC (Allocation Failure) [PSYoungGen: 26112263K->736267K(26355712K)] 26958046K->1582554K(29501440K), 0.1047457 secs] [Times: user=5.48 sys=0.00, real=0.10 secs] 
4688.820: [GC (Allocation Failure) [PSYoungGen: 26184715K->698778K(26355712K)] 27031002K->1545625K(29501440K), 0.1116383 secs] [Times: user=5.32 sys=0.00, real=0.12 secs] 
4692.293: [GC (Allocation Failure) [PSYoungGen: 26147226K->713005K(26355712K)] 26994073K->1560395K(29501440K), 0.1024431 secs] [Times: user=5.42 sys=0.00, real=0.10 secs] 
4695.691: [GC (Allocation Failure) [PSYoungGen: 26161453K->725708K(26355712K)] 27008843K->1573675K(29501440K), 0.1004997 secs] [Times: user=5.31 sys=0.01, real=0.10 secs] 
4699.218: [GC (Allocation Failure) [PSYoungGen: 26174156K->682327K(26355712K)] 27022123K->1530789K(29501440K), 0.1039850 secs] [Times: user=5.04 sys=0.00, real=0.11 secs] 
4702.610: [GC (Allocation Failure) [PSYoungGen: 26130775K->686024K(26355712K)] 26979237K->1535031K(29501440K), 0.0992128 secs] [Times: user=4.93 sys=0.01, real=0.09 secs] 
4706.082: [GC (Allocation Failure) [PSYoungGen: 26134472K->699582K(26355712K)] 26983479K->1549148K(29501440K), 0.1020513 secs] [Times: user=5.25 sys=0.00, real=0.10 secs] 
4709.438: [GC (Allocation Failure) [PSYoungGen: 26148030K->704875K(26355712K)] 26997596K->1554986K(29501440K), 0.1023219 secs] [Times: user=5.47 sys=0.00, real=0.11 secs] 
4712.888: [GC (Allocation Failure) [PSYoungGen: 26153323K->669597K(26355712K)] 27003434K->1520228K(29501440K), 0.0982063 secs] [Times: user=5.13 sys=0.01, real=0.10 secs] 
4716.338: [GC (Allocation Failure) [PSYoungGen: 26118045K->758315K(26355712K)] 26968676K->1609458K(29501440K), 0.1033006 secs] [Times: user=5.44 sys=0.00, real=0.11 secs] 
4719.814: [GC (Allocation Failure) [PSYoungGen: 26206763K->704102K(26355712K)] 27057906K->1555845K(29501440K), 0.1026222 secs] [Times: user=5.23 sys=0.00, real=0.10 secs] 
4723.271: [GC (Allocation Failure) [PSYoungGen: 26152550K->685928K(26355712K)] 27004293K->1538262K(29501440K), 0.1110770 secs] [Times: user=4.88 sys=0.00, real=0.11 secs] 
4726.785: [GC (Allocation Failure) [PSYoungGen: 26134376K->686437K(26355712K)] 26986710K->1539275K(29501440K), 0.1047769 secs] [Times: user=5.11 sys=0.00, real=0.10 secs] 
4730.251: [GC (Allocation Failure) [PSYoungGen: 26134885K->707865K(26355712K)] 26987723K->1561200K(29501440K), 0.1164110 secs] [Times: user=5.35 sys=0.00, real=0.11 secs] 
4733.731: [GC (Allocation Failure) [PSYoungGen: 26156313K->760178K(26355712K)] 27009648K->1614097K(29501440K), 0.1131464 secs] [Times: user=5.54 sys=0.01, real=0.11 secs] 
4737.210: [GC (Allocation Failure) [PSYoungGen: 26208626K->660744K(26355712K)] 27062545K->1515223K(29501440K), 0.1006110 secs] [Times: user=5.04 sys=0.01, real=0.10 secs] 
4740.764: [GC (Allocation Failure) [PSYoungGen: 26109192K->751036K(26355712K)] 26963671K->1606114K(29501440K), 0.1080523 secs] [Times: user=5.52 sys=0.02, real=0.11 secs] 
4744.133: [GC (Allocation Failure) [PSYoungGen: 26199484K->700092K(26355712K)] 27054562K->1555651K(29501440K), 0.1065978 secs] [Times: user=5.42 sys=0.00, real=0.10 secs] 
4747.614: [GC (Allocation Failure) [PSYoungGen: 26148540K->732285K(26355712K)] 27004099K->1588339K(29501440K), 0.1044424 secs] [Times: user=5.50 sys=0.00, real=0.10 secs] 
4751.119: [GC (Allocation Failure) [PSYoungGen: 26180733K->684467K(26355712K)] 27036787K->1541098K(29501440K), 0.1021893 secs] [Times: user=5.24 sys=0.01, real=0.11 secs] 
4754.546: [GC (Allocation Failure) [PSYoungGen: 26132915K->713490K(26355712K)] 26989546K->1570688K(29501440K), 0.1022847 secs] [Times: user=5.20 sys=0.01, real=0.10 secs] 
4757.899: [GC (Allocation Failure) [PSYoungGen: 26161938K->686803K(26355712K)] 27019136K->1544569K(29501440K), 0.1088417 secs] [Times: user=5.34 sys=0.01, real=0.11 secs] 
4761.407: [GC (Allocation Failure) [PSYoungGen: 26135251K->680424K(26355712K)] 26993017K->1538703K(29501440K), 0.1006901 secs] [Times: user=5.23 sys=0.00, real=0.10 secs] 
4764.838: [GC (Allocation Failure) [PSYoungGen: 26128872K->711518K(26355712K)] 26987151K->1570389K(29501440K), 0.1090715 secs] [Times: user=5.16 sys=0.00, real=0.11 secs] 
4768.204: [GC (Allocation Failure) [PSYoungGen: 26159966K->693670K(26355712K)] 27018837K->1553045K(29501440K), 0.1022200 secs] [Times: user=5.13 sys=0.00, real=0.10 secs] 
4771.594: [GC (Allocation Failure) [PSYoungGen: 26142118K->748781K(26355712K)] 27001493K->1608683K(29501440K), 0.1087748 secs] [Times: user=5.62 sys=0.00, real=0.11 secs] 
4774.915: [GC (Allocation Failure) [PSYoungGen: 26197229K->655723K(26355712K)] 27057131K->1516121K(29501440K), 0.0947743 secs] [Times: user=5.07 sys=0.00, real=0.10 secs] 
4778.409: [GC (Allocation Failure) [PSYoungGen: 26104171K->721645K(26355712K)] 26964569K->1582651K(29501440K), 0.1018032 secs] [Times: user=5.42 sys=0.00, real=0.11 secs] 
4781.778: [GC (Allocation Failure) [PSYoungGen: 26170093K->787452K(26355712K)] 27031099K->1648995K(29501440K), 0.1119289 secs] [Times: user=5.69 sys=0.01, real=0.11 secs] 
4785.192: [GC (Allocation Failure) [PSYoungGen: 26235900K->753912K(26355712K)] 27097443K->1615942K(29501440K), 0.1065223 secs] [Times: user=5.63 sys=0.00, real=0.10 secs] 
4788.666: [GC (Allocation Failure) [PSYoungGen: 26202360K->710412K(26355712K)] 27064390K->1572994K(29501440K), 0.1052763 secs] [Times: user=5.36 sys=0.01, real=0.11 secs] 
4792.034: [GC (Allocation Failure) [PSYoungGen: 26158860K->692562K(26355712K)] 27021442K->1555649K(29501440K), 0.0957643 secs] [Times: user=5.14 sys=0.00, real=0.09 secs] 
4795.469: [GC (Allocation Failure) [PSYoungGen: 26141010K->728678K(26355712K)] 27004097K->1592348K(29501440K), 0.1044701 secs] [Times: user=5.60 sys=0.00, real=0.11 secs] 
4798.884: [GC (Allocation Failure) [PSYoungGen: 26177126K->686648K(26355712K)] 27040796K->1550894K(29501440K), 0.1034362 secs] [Times: user=5.10 sys=0.00, real=0.10 secs] 
4802.328: [GC (Allocation Failure) [PSYoungGen: 26135096K->748208K(26355712K)] 26999342K->1613015K(29501440K), 0.1068327 secs] [Times: user=5.57 sys=0.00, real=0.11 secs] 
4805.722: [GC (Allocation Failure) [PSYoungGen: 26196656K->756277K(26355712K)] 27061463K->1621684K(29501440K), 0.1081617 secs] [Times: user=5.44 sys=0.01, real=0.11 secs] 
4808.990: [GC (Allocation Failure) [PSYoungGen: 26204725K->686258K(26355712K)] 27070132K->1552361K(29501440K), 0.1018734 secs] [Times: user=5.07 sys=0.00, real=0.10 secs] 
4812.316: [GC (Allocation Failure) [PSYoungGen: 26134706K->677837K(26355712K)] 27000809K->1544475K(29501440K), 0.0994321 secs] [Times: user=5.23 sys=0.01, real=0.10 secs] 
4815.739: [GC (Allocation Failure) [PSYoungGen: 26126285K->720292K(26355712K)] 26992923K->1587458K(29501440K), 0.1022571 secs] [Times: user=5.30 sys=0.01, real=0.11 secs] 
4819.169: [GC (Allocation Failure) [PSYoungGen: 26168740K->747704K(26355712K)] 27035906K->1615351K(29501440K), 0.1066859 secs] [Times: user=5.67 sys=0.00, real=0.11 secs] 
4822.502: [GC (Allocation Failure) [PSYoungGen: 26196152K->737253K(26355712K)] 27063799K->1605420K(29501440K), 0.1051913 secs] [Times: user=5.56 sys=0.01, real=0.10 secs] 
4825.856: [GC (Allocation Failure) [PSYoungGen: 26185701K->728099K(26355712K)] 27053868K->1596897K(29501440K), 0.1045094 secs] [Times: user=5.27 sys=0.01, real=0.11 secs] 
4829.170: [GC (Allocation Failure) [PSYoungGen: 26176547K->727329K(26355712K)] 27045345K->1596624K(29501440K), 0.1001594 secs] [Times: user=5.32 sys=0.00, real=0.11 secs] 
4832.378: [GC (Allocation Failure) [PSYoungGen: 26175777K->744898K(26355712K)] 27045072K->1614680K(29501440K), 0.1056636 secs] [Times: user=5.51 sys=0.01, real=0.11 secs] 
4835.874: [GC (Allocation Failure) [PSYoungGen: 26193346K->717148K(26355712K)] 27063128K->1587514K(29501440K), 0.1098378 secs] [Times: user=5.46 sys=0.00, real=0.11 secs] 
4839.087: [GC (Allocation Failure) [PSYoungGen: 26165596K->710558K(26355712K)] 27035962K->1581516K(29501440K), 0.1022433 secs] [Times: user=5.33 sys=0.00, real=0.10 secs] 
4842.414: [GC (Allocation Failure) [PSYoungGen: 26159006K->756127K(26355712K)] 27029964K->1627605K(29501440K), 0.1087094 secs] [Times: user=5.70 sys=0.00, real=0.11 secs] 
4845.802: [GC (Allocation Failure) [PSYoungGen: 26204575K->694685K(26355712K)] 27076053K->1566676K(29501440K), 0.1032586 secs] [Times: user=5.20 sys=0.00, real=0.10 secs] 
4849.027: [GC (Allocation Failure) [PSYoungGen: 26143133K->704322K(26355712K)] 27015124K->1576896K(29501440K), 0.1047347 secs] [Times: user=5.46 sys=0.00, real=0.11 secs] 
4852.327: [GC (Allocation Failure) [PSYoungGen: 26152770K->720685K(26355712K)] 27025344K->1593756K(29501440K), 0.1051886 secs] [Times: user=5.33 sys=0.00, real=0.11 secs] 
4855.626: [GC (Allocation Failure) [PSYoungGen: 26169133K->745181K(26355712K)] 27042204K->1618747K(29501440K), 0.1068453 secs] [Times: user=5.58 sys=0.00, real=0.11 secs] 
4859.086: [GC (Allocation Failure) [PSYoungGen: 26193629K->708227K(26355712K)] 27067195K->1582338K(29501440K), 0.1030791 secs] [Times: user=5.39 sys=0.00, real=0.10 secs] 
4862.406: [GC (Allocation Failure) [PSYoungGen: 26156675K->708577K(26355712K)] 27030786K->1583303K(29501440K), 0.1083867 secs] [Times: user=5.33 sys=0.00, real=0.11 secs] 
4865.701: [GC (Allocation Failure) [PSYoungGen: 26157025K->747949K(26355712K)] 27031751K->1623172K(29501440K), 0.1086719 secs] [Times: user=5.62 sys=0.00, real=0.11 secs] 
4869.026: [GC (Allocation Failure) [PSYoungGen: 26196397K->709161K(26355712K)] 27071620K->1584975K(29501440K), 0.1066063 secs] [Times: user=5.24 sys=0.00, real=0.11 secs] 
4872.341: [GC (Allocation Failure) [PSYoungGen: 26157609K->713262K(26355712K)] 27033423K->1589596K(29501440K), 0.1035988 secs] [Times: user=5.52 sys=0.00, real=0.10 secs] 
4875.748: [GC (Allocation Failure) [PSYoungGen: 26161710K->769842K(26355712K)] 27038044K->1646720K(29501440K), 0.1120313 secs] [Times: user=5.71 sys=0.00, real=0.12 secs] 
4878.999: [GC (Allocation Failure) [PSYoungGen: 26218290K->731603K(26355712K)] 27095168K->1609001K(29501440K), 0.1051007 secs] [Times: user=5.55 sys=0.00, real=0.11 secs] 
4882.336: [GC (Allocation Failure) [PSYoungGen: 26180051K->772387K(26355712K)] 27057449K->1650354K(29501440K), 0.1227510 secs] [Times: user=6.07 sys=0.01, real=0.12 secs] 
4885.672: [GC (Allocation Failure) [PSYoungGen: 26220835K->737819K(26355712K)] 27098802K->1616330K(29501440K), 0.1052267 secs] [Times: user=5.44 sys=0.01, real=0.10 secs] 
4888.990: [GC (Allocation Failure) [PSYoungGen: 26186267K->682317K(26355712K)] 27064778K->1561340K(29501440K), 0.0975484 secs] [Times: user=4.89 sys=0.00, real=0.09 secs] 
4892.409: [GC (Allocation Failure) [PSYoungGen: 26130765K->731628K(26355712K)] 27009788K->1611154K(29501440K), 0.1045769 secs] [Times: user=5.45 sys=0.00, real=0.11 secs] 
4895.807: [GC (Allocation Failure) [PSYoungGen: 26180076K->689528K(26355712K)] 27059602K->1569638K(29501440K), 0.0962435 secs] [Times: user=5.11 sys=0.00, real=0.10 secs] 
4899.148: [GC (Allocation Failure) [PSYoungGen: 26137976K->715789K(26355712K)] 27018086K->1596467K(29501440K), 0.1060274 secs] [Times: user=5.41 sys=0.00, real=0.11 secs] 
4902.470: [GC (Allocation Failure) [PSYoungGen: 26164237K->726930K(26355712K)] 27044915K->1608113K(29501440K), 0.1066172 secs] [Times: user=5.12 sys=0.00, real=0.11 secs] 
4905.753: [GC (Allocation Failure) [PSYoungGen: 26175378K->791439K(26355712K)] 27056561K->1673126K(29501440K), 0.1088879 secs] [Times: user=5.56 sys=0.00, real=0.11 secs] 
4908.995: [GC (Allocation Failure) [PSYoungGen: 26239887K->666222K(26355712K)] 27121574K->1548485K(29501440K), 0.0944826 secs] [Times: user=5.01 sys=0.00, real=0.09 secs] 
4912.198: [GC (Allocation Failure) [PSYoungGen: 26114670K->701262K(26355712K)] 26996933K->1584028K(29501440K), 0.0979852 secs] [Times: user=5.18 sys=0.00, real=0.10 secs] 
4915.503: [GC (Allocation Failure) [PSYoungGen: 26149710K->723881K(26355712K)] 27032476K->1607144K(29501440K), 0.1059546 secs] [Times: user=5.33 sys=0.00, real=0.10 secs] 
4918.818: [GC (Allocation Failure) [PSYoungGen: 26172329K->680840K(26355712K)] 27055592K->1564654K(29501440K), 0.1055313 secs] [Times: user=4.94 sys=0.00, real=0.11 secs] 
4922.131: [GC (Allocation Failure) [PSYoungGen: 26129288K->717692K(26355712K)] 27013102K->1602106K(29501440K), 0.1037271 secs] [Times: user=5.18 sys=0.01, real=0.10 secs] 
4925.480: [GC (Allocation Failure) [PSYoungGen: 26166140K->724055K(26355712K)] 27050554K->1608974K(29501440K), 0.1031407 secs] [Times: user=5.50 sys=0.00, real=0.10 secs] 
4928.786: [GC (Allocation Failure) [PSYoungGen: 26172503K->736429K(26355712K)] 27057422K->1621859K(29501440K), 0.1088431 secs] [Times: user=5.37 sys=0.01, real=0.11 secs] 
4932.105: [GC (Allocation Failure) [PSYoungGen: 26184877K->734558K(26355712K)] 27070307K->1620516K(29501440K), 0.1100363 secs] [Times: user=5.58 sys=0.00, real=0.11 secs] 
4935.381: [GC (Allocation Failure) [PSYoungGen: 26183006K->747162K(26355712K)] 27068964K->1633609K(29501440K), 0.1108304 secs] [Times: user=5.62 sys=0.01, real=0.11 secs] 
4938.543: [GC (Allocation Failure) [PSYoungGen: 26195610K->751768K(26355712K)] 27082057K->1638734K(29501440K), 0.1136547 secs] [Times: user=5.60 sys=0.01, real=0.11 secs] 
4941.839: [GC (Allocation Failure) [PSYoungGen: 26200216K->713185K(26355712K)] 27087182K->1600656K(29501440K), 0.1050212 secs] [Times: user=5.25 sys=0.00, real=0.11 secs] 
4945.137: [GC (Allocation Failure) [PSYoungGen: 26161633K->692523K(26355712K)] 27049104K->1580553K(29501440K), 0.1038799 secs] [Times: user=5.35 sys=0.00, real=0.11 secs] 
4948.385: [GC (Allocation Failure) [PSYoungGen: 26140971K->731782K(26355712K)] 27029001K->1620332K(29501440K), 0.1016941 secs] [Times: user=5.23 sys=0.00, real=0.10 secs] 
4951.647: [GC (Allocation Failure) [PSYoungGen: 26180230K->718068K(26355712K)] 27068780K->1607115K(29501440K), 0.1067391 secs] [Times: user=5.43 sys=0.00, real=0.11 secs] 
4954.874: [GC (Allocation Failure) [PSYoungGen: 26166516K->720901K(26355712K)] 27055563K->1610452K(29501440K), 0.1039444 secs] [Times: user=5.51 sys=0.00, real=0.10 secs] 
4958.210: [GC (Allocation Failure) [PSYoungGen: 26169349K->720700K(26355712K)] 27058900K->1610874K(29501440K), 0.1080041 secs] [Times: user=5.40 sys=0.00, real=0.10 secs] 
4961.499: [GC (Allocation Failure) [PSYoungGen: 26169148K->736879K(26355712K)] 27059322K->1627582K(29501440K), 0.1073747 secs] [Times: user=5.59 sys=0.00, real=0.11 secs] 
4964.814: [GC (Allocation Failure) [PSYoungGen: 26185327K->683147K(26355712K)] 27076030K->1574354K(29501440K), 0.1001845 secs] [Times: user=5.24 sys=0.00, real=0.10 secs] 
4968.220: [GC (Allocation Failure) [PSYoungGen: 26131595K->684392K(26355712K)] 27022802K->1576135K(29501440K), 0.1079383 secs] [Times: user=5.25 sys=0.00, real=0.11 secs] 
4971.374: [GC (Allocation Failure) [PSYoungGen: 26132840K->713922K(26355712K)] 27024583K->1606152K(29501440K), 0.1060277 secs] [Times: user=5.34 sys=0.01, real=0.11 secs] 
4974.588: [GC (Allocation Failure) [PSYoungGen: 26162370K->753917K(26355712K)] 27054600K->1646675K(29501440K), 0.1051477 secs] [Times: user=5.46 sys=0.00, real=0.11 secs] 
4977.789: [GC (Allocation Failure) [PSYoungGen: 26202365K->700680K(26355712K)] 27095123K->1594071K(29501440K), 0.1004282 secs] [Times: user=5.28 sys=0.01, real=0.11 secs] 
4981.038: [GC (Allocation Failure) [PSYoungGen: 26149128K->711350K(26355712K)] 27042519K->1605245K(29501440K), 0.1012350 secs] [Times: user=5.28 sys=0.00, real=0.10 secs] 
4984.268: [GC (Allocation Failure) [PSYoungGen: 26159798K->731047K(26355712K)] 27053693K->1625469K(29501440K), 0.1011285 secs] [Times: user=5.39 sys=0.01, real=0.10 secs] 
4987.478: [GC (Allocation Failure) [PSYoungGen: 26179495K->721533K(26355712K)] 27073917K->1616468K(29501440K), 0.1011852 secs] [Times: user=5.33 sys=0.01, real=0.10 secs] 
4990.666: [GC (Allocation Failure) [PSYoungGen: 26169981K->765571K(26355712K)] 27064916K->1661105K(29501440K), 0.1043976 secs] [Times: user=5.58 sys=0.01, real=0.11 secs] 
4993.933: [GC (Allocation Failure) [PSYoungGen: 26214019K->671923K(26355712K)] 27109553K->1567977K(29501440K), 0.1002043 secs] [Times: user=5.17 sys=0.01, real=0.10 secs] 
4997.277: [GC (Allocation Failure) [PSYoungGen: 26120371K->700676K(26355712K)] 27016425K->1597242K(29501440K), 0.1027982 secs] [Times: user=5.31 sys=0.01, real=0.11 secs] 
5000.557: [GC (Allocation Failure) [PSYoungGen: 26149124K->734066K(26355712K)] 27045690K->1631144K(29501440K), 0.1106509 secs] [Times: user=5.48 sys=0.01, real=0.11 secs] 
5003.717: [GC (Allocation Failure) [PSYoungGen: 26182514K->734910K(26355712K)] 27079592K->1632565K(29501440K), 0.1090882 secs] [Times: user=5.58 sys=0.00, real=0.11 secs] 
5006.944: [GC (Allocation Failure) [PSYoungGen: 26183358K->694499K(26355712K)] 27081013K->1592706K(29501440K), 0.1057162 secs] [Times: user=5.48 sys=0.00, real=0.11 secs] 
5010.127: [GC (Allocation Failure) [PSYoungGen: 26142947K->699606K(26355712K)] 27041154K->1598356K(29501440K), 0.1021780 secs] [Times: user=5.08 sys=0.00, real=0.10 secs] 
5013.396: [GC (Allocation Failure) [PSYoungGen: 26148054K->716740K(26355712K)] 27046804K->1616066K(29501440K), 0.1038620 secs] [Times: user=5.38 sys=0.00, real=0.11 secs] 
5016.628: [GC (Allocation Failure) [PSYoungGen: 26165188K->755373K(26355712K)] 27064514K->1655267K(29501440K), 0.1073857 secs] [Times: user=5.61 sys=0.01, real=0.11 secs] 
5019.942: [GC (Allocation Failure) [PSYoungGen: 26203821K->702915K(26355712K)] 27103715K->1603297K(29501440K), 0.0992112 secs] [Times: user=4.97 sys=0.00, real=0.10 secs] 
5023.245: [GC (Allocation Failure) [PSYoungGen: 26151363K->693014K(26355712K)] 27051745K->1593892K(29501440K), 0.0995330 secs] [Times: user=5.02 sys=0.00, real=0.10 secs] 
5026.446: [GC (Allocation Failure) [PSYoungGen: 26141462K->713006K(26355712K)] 27042340K->1614437K(29501440K), 0.0998497 secs] [Times: user=5.23 sys=0.00, real=0.10 secs] 
5029.600: [GC (Allocation Failure) [PSYoungGen: 26161454K->742025K(26355712K)] 27062885K->1644016K(29501440K), 0.1059711 secs] [Times: user=5.52 sys=0.00, real=0.10 secs] 
5032.847: [GC (Allocation Failure) [PSYoungGen: 26190473K->681863K(26355712K)] 27092464K->1584382K(29501440K), 0.0988273 secs] [Times: user=5.17 sys=0.00, real=0.10 secs] 
5036.057: [GC (Allocation Failure) [PSYoungGen: 26130311K->710308K(26355712K)] 27032830K->1613354K(29501440K), 0.1068067 secs] [Times: user=5.36 sys=0.00, real=0.11 secs] 
5039.257: [GC (Allocation Failure) [PSYoungGen: 26158756K->695940K(26355712K)] 27061802K->1599490K(29501440K), 0.1052330 secs] [Times: user=5.36 sys=0.00, real=0.11 secs] 
5042.414: [GC (Allocation Failure) [PSYoungGen: 26144388K->711158K(26355712K)] 27047938K->1615244K(29501440K), 0.1040459 secs] [Times: user=5.18 sys=0.01, real=0.10 secs] 
5045.547: [GC (Allocation Failure) [PSYoungGen: 26159606K->755969K(26355712K)] 27063692K->1660575K(29501440K), 0.1089279 secs] [Times: user=5.57 sys=0.00, real=0.11 secs] 
5048.709: [GC (Allocation Failure) [PSYoungGen: 26204417K->770058K(26355712K)] 27109023K->1675201K(29501440K), 0.1068087 secs] [Times: user=5.47 sys=0.01, real=0.11 secs] 
5051.934: [GC (Allocation Failure) [PSYoungGen: 26218506K->664040K(26355712K)] 27123649K->1569743K(29501440K), 0.1011846 secs] [Times: user=5.15 sys=0.00, real=0.10 secs] 
5055.099: [GC (Allocation Failure) [PSYoungGen: 26112488K->708740K(26355712K)] 27018191K->1614971K(29501440K), 0.1077590 secs] [Times: user=5.34 sys=0.00, real=0.11 secs] 
5058.320: [GC (Allocation Failure) [PSYoungGen: 26157188K->742925K(26355712K)] 27063419K->1649660K(29501440K), 0.1116616 secs] [Times: user=5.45 sys=0.00, real=0.11 secs] 
5061.545: [GC (Allocation Failure) [PSYoungGen: 26191373K->734213K(26355712K)] 27098108K->1641500K(29501440K), 0.1074479 secs] [Times: user=5.40 sys=0.00, real=0.11 secs] 
5064.699: [GC (Allocation Failure) [PSYoungGen: 26182661K->726472K(26355712K)] 27089948K->1634319K(29501440K), 0.1083478 secs] [Times: user=5.30 sys=0.00, real=0.11 secs] 
5067.845: [GC (Allocation Failure) [PSYoungGen: 26174920K->722110K(26355712K)] 27082767K->1630484K(29501440K), 0.1067245 secs] [Times: user=5.46 sys=0.00, real=0.11 secs] 
5071.018: [GC (Allocation Failure) [PSYoungGen: 26170558K->757664K(26355712K)] 27078932K->1666543K(29501440K), 0.1033405 secs] [Times: user=5.40 sys=0.01, real=0.11 secs] 
5074.081: [GC (Allocation Failure) [PSYoungGen: 26206112K->762771K(26355712K)] 27114991K->1672153K(29501440K), 0.1076771 secs] [Times: user=5.58 sys=0.00, real=0.10 secs] 
5077.282: [GC (Allocation Failure) [PSYoungGen: 26211219K->725566K(26355712K)] 27120601K->1635477K(29501440K), 0.1044129 secs] [Times: user=5.25 sys=0.00, real=0.10 secs] 
5080.520: [GC (Allocation Failure) [PSYoungGen: 26174014K->732464K(26355712K)] 27083925K->1642959K(29501440K), 0.1052502 secs] [Times: user=5.26 sys=0.00, real=0.10 secs] 
5083.731: [GC (Allocation Failure) [PSYoungGen: 26180912K->752618K(26355712K)] 27091407K->1663593K(29501440K), 0.1081173 secs] [Times: user=5.52 sys=0.01, real=0.10 secs] 
5086.871: [GC (Allocation Failure) [PSYoungGen: 26201066K->724060K(26355712K)] 27112041K->1635531K(29501440K), 0.1031262 secs] [Times: user=5.49 sys=0.00, real=0.10 secs] 
5090.125: [GC (Allocation Failure) [PSYoungGen: 26172508K->695968K(26355712K)] 27083979K->1607983K(29501440K), 0.1057934 secs] [Times: user=5.39 sys=0.00, real=0.11 secs] 
5093.301: [GC (Allocation Failure) [PSYoungGen: 26144416K->745233K(26355712K)] 27056431K->1657863K(29501440K), 0.1096474 secs] [Times: user=5.46 sys=0.01, real=0.11 secs] 
5096.555: [GC (Allocation Failure) [PSYoungGen: 26193681K->771138K(26355712K)] 27106311K->1684321K(29501440K), 0.1120572 secs] [Times: user=5.64 sys=0.00, real=0.11 secs] 
5099.744: [GC (Allocation Failure) [PSYoungGen: 26219586K->770721K(26355712K)] 27132769K->1684431K(29501440K), 0.1072163 secs] [Times: user=5.75 sys=0.00, real=0.11 secs] 
5102.888: [GC (Allocation Failure) [PSYoungGen: 26219169K->733312K(26355712K)] 27132879K->1647535K(29501440K), 0.1049730 secs] [Times: user=5.39 sys=0.00, real=0.11 secs] 
5106.017: [GC (Allocation Failure) [PSYoungGen: 26181760K->707275K(26355712K)] 27095983K->1622034K(29501440K), 0.1028038 secs] [Times: user=5.20 sys=0.00, real=0.10 secs] 
5109.199: [GC (Allocation Failure) [PSYoungGen: 26155723K->774025K(26355712K)] 27070482K->1689328K(29501440K), 0.1094195 secs] [Times: user=5.74 sys=0.01, real=0.11 secs] 
5112.467: [GC (Allocation Failure) [PSYoungGen: 26222473K->722329K(26355712K)] 27137776K->1638159K(29501440K), 0.1048171 secs] [Times: user=5.42 sys=0.01, real=0.11 secs] 
5115.614: [GC (Allocation Failure) [PSYoungGen: 26170777K->760692K(26355712K)] 27086607K->1677067K(29501440K), 0.1095596 secs] [Times: user=5.77 sys=0.00, real=0.11 secs] 
5118.835: [GC (GCLocker Initiated GC) [PSYoungGen: 26209140K->711497K(26355712K)] 27125577K->1628454K(29501440K), 0.1076177 secs] [Times: user=5.24 sys=0.00, real=0.11 secs] 
5122.000: [GC (Allocation Failure) [PSYoungGen: 26159945K->748374K(26355712K)] 27076905K->1666414K(29501440K), 0.1094593 secs] [Times: user=5.60 sys=0.00, real=0.10 secs] 
5125.173: [GC (Allocation Failure) [PSYoungGen: 26196822K->764202K(26355712K)] 27114862K->1682746K(29501440K), 0.1095630 secs] [Times: user=5.53 sys=0.00, real=0.11 secs] 
5128.403: [GC (Allocation Failure) [PSYoungGen: 26212650K->757401K(26355712K)] 27131194K->1676458K(29501440K), 0.1041117 secs] [Times: user=5.40 sys=0.00, real=0.10 secs] 
5131.481: [GC (Allocation Failure) [PSYoungGen: 26205849K->733049K(26355712K)] 27124906K->1652673K(29501440K), 0.1012852 secs] [Times: user=5.38 sys=0.00, real=0.10 secs] 
5134.633: [GC (Allocation Failure) [PSYoungGen: 26181497K->800507K(26355712K)] 27101121K->1720675K(29501440K), 0.1072176 secs] [Times: user=5.74 sys=0.00, real=0.11 secs] 
5137.849: [GC (Allocation Failure) [PSYoungGen: 26248955K->682131K(26355712K)] 27169123K->1602787K(29501440K), 0.1020038 secs] [Times: user=5.21 sys=0.00, real=0.11 secs] 
5140.908: [GC (Allocation Failure) [PSYoungGen: 26130579K->683528K(26355712K)] 27051235K->1604673K(29501440K), 0.1017488 secs] [Times: user=5.10 sys=0.00, real=0.11 secs] 
5144.133: [GC (Allocation Failure) [PSYoungGen: 26131976K->748397K(26355712K)] 27053121K->1670077K(29501440K), 0.1101288 secs] [Times: user=5.53 sys=0.00, real=0.11 secs] 
5147.283: [GC (Allocation Failure) [PSYoungGen: 26196845K->738301K(26355712K)] 27118525K->1660581K(29501440K), 0.1062854 secs] [Times: user=5.49 sys=0.01, real=0.10 secs] 
5150.407: [GC (Allocation Failure) [PSYoungGen: 26186749K->728739K(26355712K)] 27109029K->1651603K(29501440K), 0.1045335 secs] [Times: user=5.55 sys=0.00, real=0.11 secs] 
5153.669: [GC (Allocation Failure) [PSYoungGen: 26177187K->758891K(26355712K)] 27100051K->1682259K(29501440K), 0.1077206 secs] [Times: user=5.59 sys=0.00, real=0.11 secs] 
5156.758: [GC (Allocation Failure) [PSYoungGen: 26207339K->761278K(26355712K)] 27130707K->1685150K(29501440K), 0.1086749 secs] [Times: user=5.67 sys=0.00, real=0.11 secs] 
5159.883: [GC (Allocation Failure) [PSYoungGen: 26209726K->735222K(26355712K)] 27133598K->1659598K(29501440K), 0.1069966 secs] [Times: user=5.58 sys=0.00, real=0.11 secs] 
5163.011: [GC (Allocation Failure) [PSYoungGen: 26183670K->761165K(26355712K)] 27108046K->1686101K(29501440K), 0.1086782 secs] [Times: user=5.57 sys=0.00, real=0.11 secs] 
5166.161: [GC (Allocation Failure) [PSYoungGen: 26209613K->711077K(26355712K)] 27134549K->1636645K(29501440K), 0.1024235 secs] [Times: user=5.11 sys=0.00, real=0.10 secs] 
5169.420: [GC (Allocation Failure) [PSYoungGen: 26159525K->724511K(26355712K)] 27085093K->1650647K(29501440K), 0.1027761 secs] [Times: user=5.46 sys=0.00, real=0.10 secs] 
5172.555: [GC (Allocation Failure) [PSYoungGen: 26172959K->742232K(26355712K)] 27099095K->1668880K(29501440K), 0.1094927 secs] [Times: user=5.63 sys=0.00, real=0.11 secs] 
5175.685: [GC (Allocation Failure) [PSYoungGen: 26190680K->753839K(26355712K)] 27117328K->1680999K(29501440K), 0.1145087 secs] [Times: user=5.81 sys=0.01, real=0.11 secs] 
5178.832: [GC (Allocation Failure) [PSYoungGen: 26202287K->679197K(26355712K)] 27129447K->1606917K(29501440K), 0.0987035 secs] [Times: user=5.10 sys=0.00, real=0.10 secs] 
5181.955: [GC (Allocation Failure) [PSYoungGen: 26127645K->760248K(26355712K)] 27055365K->1688472K(29501440K), 0.1140120 secs] [Times: user=5.53 sys=0.00, real=0.11 secs] 
5185.086: [GC (Allocation Failure) [PSYoungGen: 26208696K->736426K(26355712K)] 27136920K->1665194K(29501440K), 0.1156632 secs] [Times: user=5.44 sys=0.00, real=0.12 secs] 
5188.292: [GC (Allocation Failure) [PSYoungGen: 26184874K->720964K(26355712K)] 27113642K->1650244K(29501440K), 0.1076032 secs] [Times: user=5.40 sys=0.00, real=0.11 secs] 
5191.370: [GC (Allocation Failure) [PSYoungGen: 26169412K->759394K(26355712K)] 27098692K->1689242K(29501440K), 0.1091281 secs] [Times: user=5.70 sys=0.01, real=0.10 secs] 
5194.386: [GC (Allocation Failure) [PSYoungGen: 26207842K->736278K(26355712K)] 27137690K->1666630K(29501440K), 0.1043146 secs] [Times: user=5.49 sys=0.00, real=0.11 secs] 
5197.557: [GC (Allocation Failure) [PSYoungGen: 26184726K->760471K(26355712K)] 27115078K->1691359K(29501440K), 0.1064030 secs] [Times: user=5.45 sys=0.00, real=0.11 secs] 
5200.628: [GC (Allocation Failure) [PSYoungGen: 26208919K->767471K(26355712K)] 27139807K->1698896K(29501440K), 0.1100378 secs] [Times: user=5.74 sys=0.00, real=0.11 secs] 
5203.661: [GC (Allocation Failure) [PSYoungGen: 26215919K->754088K(26355712K)] 27147344K->1686033K(29501440K), 0.1071911 secs] [Times: user=5.66 sys=0.00, real=0.10 secs] 
5206.834: [GC (Allocation Failure) [PSYoungGen: 26202536K->711888K(26355712K)] 27134481K->1644369K(29501440K), 0.1105365 secs] [Times: user=5.41 sys=0.00, real=0.11 secs] 
5209.898: [GC (Allocation Failure) [PSYoungGen: 26160336K->662734K(26355712K)] 27092817K->1595758K(29501440K), 0.0956894 secs] [Times: user=5.02 sys=0.00, real=0.10 secs] 
5212.975: [GC (Allocation Failure) [PSYoungGen: 26111182K->684850K(26355712K)] 27044206K->1618443K(29501440K), 0.1017739 secs] [Times: user=5.07 sys=0.00, real=0.10 secs] 
5216.132: [GC (Allocation Failure) [PSYoungGen: 26133298K->704790K(26355712K)] 27066891K->1638966K(29501440K), 0.1031297 secs] [Times: user=4.99 sys=0.00, real=0.10 secs] 
5219.282: [GC (Allocation Failure) [PSYoungGen: 26153238K->703770K(26355712K)] 27087414K->1638434K(29501440K), 0.1037986 secs] [Times: user=5.13 sys=0.00, real=0.10 secs] 
5222.385: [GC (Allocation Failure) [PSYoungGen: 26152218K->765613K(26355712K)] 27086882K->1700765K(29501440K), 0.1100488 secs] [Times: user=5.72 sys=0.00, real=0.11 secs] 
5225.459: [GC (Allocation Failure) [PSYoungGen: 26214061K->722926K(26355712K)] 27149213K->1658598K(29501440K), 0.1064867 secs] [Times: user=5.49 sys=0.01, real=0.11 secs] 
5228.480: [GC (Allocation Failure) [PSYoungGen: 26171374K->753443K(26355712K)] 27107046K->1689667K(29501440K), 0.1123741 secs] [Times: user=5.68 sys=0.00, real=0.12 secs] 
5231.559: [GC (Allocation Failure) [PSYoungGen: 26201891K->786172K(26355712K)] 27138115K->1722972K(29501440K), 0.1114781 secs] [Times: user=5.78 sys=0.01, real=0.12 secs] 
5234.605: [GC (Allocation Failure) [PSYoungGen: 26234620K->804046K(26355712K)] 27171420K->1741358K(29501440K), 0.1110724 secs] [Times: user=5.69 sys=0.00, real=0.11 secs] 
5237.695: [GC (Allocation Failure) [PSYoungGen: 26252494K->769948K(26355712K)] 27189806K->1707764K(29501440K), 0.1078492 secs] [Times: user=5.62 sys=0.01, real=0.11 secs] 
5240.779: [GC (Allocation Failure) [PSYoungGen: 26218396K->675623K(26355712K)] 27156212K->1613975K(29501440K), 0.0976040 secs] [Times: user=5.11 sys=0.00, real=0.10 secs] 
5243.963: [GC (Allocation Failure) [PSYoungGen: 26124071K->753525K(26355712K)] 27062423K->1692413K(29501440K), 0.1049993 secs] [Times: user=5.57 sys=0.00, real=0.10 secs] 
5246.998: [GC (Allocation Failure) [PSYoungGen: 26201973K->745895K(26355712K)] 27140861K->1685303K(29501440K), 0.1128019 secs] [Times: user=5.77 sys=0.01, real=0.12 secs] 
5250.040: [GC (Allocation Failure) [PSYoungGen: 26194343K->738920K(26355712K)] 27133751K->1678832K(29501440K), 0.1050309 secs] [Times: user=5.59 sys=0.00, real=0.10 secs] 
5253.137: [GC (Allocation Failure) [PSYoungGen: 26187368K->719324K(26355712K)] 27127280K->1659788K(29501440K), 0.1147853 secs] [Times: user=5.36 sys=0.00, real=0.12 secs] 
5256.236: [GC (Allocation Failure) [PSYoungGen: 26167772K->719353K(26355712K)] 27108236K->1660330K(29501440K), 0.1068299 secs] [Times: user=5.63 sys=0.00, real=0.11 secs] 
5259.401: [GC (Allocation Failure) [PSYoungGen: 26167801K->784444K(26355712K)] 27108778K->1725989K(29501440K), 0.1104470 secs] [Times: user=5.61 sys=0.01, real=0.11 secs] 
5262.536: [GC (Allocation Failure) [PSYoungGen: 26232892K->788221K(26355712K)] 27174437K->1730285K(29501440K), 0.1142526 secs] [Times: user=5.68 sys=0.00, real=0.12 secs] 
5265.538: [GC (Allocation Failure) [PSYoungGen: 26236669K->756336K(26355712K)] 27178733K->1698912K(29501440K), 0.1082667 secs] [Times: user=5.50 sys=0.00, real=0.11 secs] 
5268.700: [GC (Allocation Failure) [PSYoungGen: 26204784K->722781K(26355712K)] 27147360K->1665893K(29501440K), 0.1067002 secs] [Times: user=5.56 sys=0.00, real=0.10 secs] 
5271.839: [GC (Allocation Failure) [PSYoungGen: 26171229K->689058K(26355712K)] 27114341K->1632706K(29501440K), 0.1067745 secs] [Times: user=5.41 sys=0.00, real=0.11 secs] 
5274.893: [GC (Allocation Failure) [PSYoungGen: 26137506K->698874K(26355712K)] 27081154K->1643026K(29501440K), 0.1039819 secs] [Times: user=5.37 sys=0.00, real=0.10 secs] 
5277.953: [GC (Allocation Failure) [PSYoungGen: 26147322K->701040K(26355712K)] 27091474K->1645728K(29501440K), 0.1037478 secs] [Times: user=5.30 sys=0.00, real=0.10 secs] 
5280.996: [GC (Allocation Failure) [PSYoungGen: 26149488K->737718K(26355712K)] 27094176K->1682927K(29501440K), 0.1079849 secs] [Times: user=5.58 sys=0.01, real=0.11 secs] 
5284.103: [GC (Allocation Failure) [PSYoungGen: 26186166K->714606K(26355712K)] 27131375K->1660319K(29501440K), 0.0999354 secs] [Times: user=5.24 sys=0.01, real=0.10 secs] 
5287.075: [GC (Allocation Failure) [PSYoungGen: 26163054K->712611K(26355712K)] 27108767K->1658931K(29501440K), 0.1039659 secs] [Times: user=5.40 sys=0.00, real=0.10 secs] 
5290.103: [GC (Allocation Failure) [PSYoungGen: 26161059K->694434K(26355712K)] 27107379K->1641322K(29501440K), 0.0973860 secs] [Times: user=5.06 sys=0.00, real=0.10 secs] 
5293.163: [GC (Allocation Failure) [PSYoungGen: 26142882K->723333K(26355712K)] 27089770K->1670733K(29501440K), 0.1040508 secs] [Times: user=5.27 sys=0.01, real=0.10 secs] 
5296.270: [GC (Allocation Failure) [PSYoungGen: 26171781K->714699K(26355712K)] 27119181K->1662603K(29501440K), 0.1056208 secs] [Times: user=5.38 sys=0.00, real=0.10 secs] 
5299.334: [GC (Allocation Failure) [PSYoungGen: 26163147K->759461K(26355712K)] 27111051K->1707902K(29501440K), 0.1082237 secs] [Times: user=5.46 sys=0.01, real=0.11 secs] 
5302.490: [GC (Allocation Failure) [PSYoungGen: 26207909K->740158K(26355712K)] 27156350K->1689166K(29501440K), 0.1091760 secs] [Times: user=5.44 sys=0.00, real=0.10 secs] 
5305.471: [GC (Allocation Failure) [PSYoungGen: 26188606K->758405K(26355712K)] 27137614K->1707918K(29501440K), 0.1127780 secs] [Times: user=5.60 sys=0.00, real=0.11 secs] 
5308.621: [GC (Allocation Failure) [PSYoungGen: 26206853K->740877K(26355712K)] 27156366K->1690885K(29501440K), 0.1082453 secs] [Times: user=5.58 sys=0.00, real=0.11 secs] 
5311.763: [GC (Allocation Failure) [PSYoungGen: 26189325K->689736K(26355712K)] 27139333K->1640265K(29501440K), 0.0992487 secs] [Times: user=5.01 sys=0.00, real=0.10 secs] 
5314.686: [GC (Allocation Failure) [PSYoungGen: 26138184K->772850K(26355712K)] 27088713K->1723922K(29501440K), 0.1125717 secs] [Times: user=5.57 sys=0.00, real=0.11 secs] 
5317.776: [GC (Allocation Failure) [PSYoungGen: 26221298K->771783K(26355712K)] 27172370K->1723520K(29501440K), 0.1158527 secs] [Times: user=5.41 sys=0.00, real=0.12 secs] 
5320.764: [GC (Allocation Failure) [PSYoungGen: 26220231K->789430K(26355712K)] 27171968K->1741678K(29501440K), 0.1070977 secs] [Times: user=5.57 sys=0.00, real=0.11 secs] 
5323.849: [GC (Allocation Failure) [PSYoungGen: 26237878K->775532K(26355712K)] 27190126K->1728300K(29501440K), 0.1167876 secs] [Times: user=5.90 sys=0.00, real=0.12 secs] 
5326.760: [GC (Allocation Failure) [PSYoungGen: 26223980K->745219K(26355712K)] 27176748K->1698595K(29501440K), 0.1038445 secs] [Times: user=5.35 sys=0.00, real=0.11 secs] 
5329.861: [GC (Allocation Failure) [PSYoungGen: 26193667K->702457K(26355712K)] 27147043K->1656449K(29501440K), 0.1011052 secs] [Times: user=5.16 sys=0.00, real=0.10 secs] 
5332.894: [GC (Allocation Failure) [PSYoungGen: 26150905K->712507K(26355712K)] 27104897K->1667019K(29501440K), 0.1049584 secs] [Times: user=5.43 sys=0.00, real=0.10 secs] 
5335.942: [GC (Allocation Failure) [PSYoungGen: 26160955K->703112K(26355712K)] 27115467K->1658129K(29501440K), 0.1058499 secs] [Times: user=5.43 sys=0.00, real=0.10 secs] 
5338.919: [GC (Allocation Failure) [PSYoungGen: 26151560K->733516K(26355712K)] 27106577K->1689044K(29501440K), 0.1053653 secs] [Times: user=5.39 sys=0.02, real=0.11 secs] 
5341.893: [GC (Allocation Failure) [PSYoungGen: 26181964K->715130K(26355712K)] 27137492K->1671242K(29501440K), 0.1136040 secs] [Times: user=5.45 sys=0.02, real=0.11 secs] 
5344.964: [GC (Allocation Failure) [PSYoungGen: 26163578K->752459K(26355712K)] 27119690K->1709148K(29501440K), 0.1067242 secs] [Times: user=5.68 sys=0.00, real=0.11 secs] 
5347.949: [GC (Allocation Failure) [PSYoungGen: 26200907K->689117K(26355712K)] 27157596K->1646309K(29501440K), 0.1012581 secs] [Times: user=5.38 sys=0.00, real=0.11 secs] 
5351.047: [GC (Allocation Failure) [PSYoungGen: 26137565K->666268K(26355712K)] 27094757K->1623965K(29501440K), 0.1021053 secs] [Times: user=5.24 sys=0.01, real=0.10 secs] 
5354.204: [GC (Allocation Failure) [PSYoungGen: 26114716K->770299K(26355712K)] 27072413K->1728516K(29501440K), 0.1108760 secs] [Times: user=5.48 sys=0.01, real=0.11 secs] 
5357.269: [GC (Allocation Failure) [PSYoungGen: 26218747K->736386K(26355712K)] 27176964K->1695226K(29501440K), 0.1110487 secs] [Times: user=5.51 sys=0.00, real=0.12 secs] 
5360.292: [GC (Allocation Failure) [PSYoungGen: 26184834K->709517K(26355712K)] 27143674K->1668853K(29501440K), 0.1008964 secs] [Times: user=5.21 sys=0.01, real=0.10 secs] 
5363.405: [GC (Allocation Failure) [PSYoungGen: 26157965K->753995K(26355712K)] 27117301K->1713827K(29501440K), 0.1056963 secs] [Times: user=5.60 sys=0.01, real=0.11 secs] 
5366.399: [GC (Allocation Failure) [PSYoungGen: 26202443K->760962K(26355712K)] 27162275K->1721298K(29501440K), 0.1161741 secs] [Times: user=5.97 sys=0.00, real=0.12 secs] 
5369.388: [GC (Allocation Failure) [PSYoungGen: 26209410K->748489K(26355712K)] 27169746K->1709449K(29501440K), 0.1054428 secs] [Times: user=5.40 sys=0.00, real=0.11 secs] 
5372.414: [GC (Allocation Failure) [PSYoungGen: 26196937K->739654K(26355712K)] 27157897K->1701087K(29501440K), 0.1105651 secs] [Times: user=5.51 sys=0.00, real=0.11 secs] 
5375.426: [GC (Allocation Failure) [PSYoungGen: 26188102K->738456K(26355712K)] 27149535K->1700433K(29501440K), 0.1083153 secs] [Times: user=5.45 sys=0.00, real=0.11 secs] 
5378.522: [GC (Allocation Failure) [PSYoungGen: 26186904K->740220K(26355712K)] 27148881K->1702724K(29501440K), 0.1071459 secs] [Times: user=5.57 sys=0.00, real=0.11 secs] 
5381.507: [GC (Allocation Failure) [PSYoungGen: 26188668K->765329K(26355712K)] 27151172K->1728337K(29501440K), 0.1089636 secs] [Times: user=5.91 sys=0.00, real=0.11 secs] 
5384.603: [GC (Allocation Failure) [PSYoungGen: 26213777K->781297K(26355712K)] 27176785K->1744818K(29501440K), 0.1086435 secs] [Times: user=5.49 sys=0.01, real=0.11 secs] 
5387.597: [GC (Allocation Failure) [PSYoungGen: 26229745K->786573K(26355712K)] 27193266K->1750638K(29501440K), 0.1085815 secs] [Times: user=5.65 sys=0.00, real=0.11 secs] 
5390.591: [GC (Allocation Failure) [PSYoungGen: 26235021K->706977K(26355712K)] 27199086K->1671634K(29501440K), 0.1041242 secs] [Times: user=5.26 sys=0.01, real=0.10 secs] 
5393.659: [GC (Allocation Failure) [PSYoungGen: 26155425K->757709K(26355712K)] 27120082K->1722885K(29501440K), 0.1138408 secs] [Times: user=5.81 sys=0.00, real=0.12 secs] 
5396.617: [GC (Allocation Failure) [PSYoungGen: 26206157K->754124K(26355712K)] 27171333K->1719812K(29501440K), 0.1123335 secs] [Times: user=5.73 sys=0.01, real=0.12 secs] 
5399.574: [GC (Allocation Failure) [PSYoungGen: 26202572K->787277K(26355712K)] 27168260K->1753494K(29501440K), 0.1105032 secs] [Times: user=5.66 sys=0.01, real=0.11 secs] 
5402.604: [GC (Allocation Failure) [PSYoungGen: 26235725K->762082K(26355712K)] 27201942K->1728818K(29501440K), 0.1116344 secs] [Times: user=5.91 sys=0.01, real=0.11 secs] 
5405.502: [GC (Allocation Failure) [PSYoungGen: 26210530K->750568K(26355712K)] 27177266K->1717809K(29501440K), 0.1141066 secs] [Times: user=5.77 sys=0.01, real=0.11 secs] 
5408.416: [GC (Allocation Failure) [PSYoungGen: 26199016K->769036K(26355712K)] 27166257K->1736781K(29501440K), 0.1075849 secs] [Times: user=5.72 sys=0.01, real=0.11 secs] 
5411.395: [GC (Allocation Failure) [PSYoungGen: 26217484K->740660K(26355712K)] 27185229K->1708980K(29501440K), 0.1046145 secs] [Times: user=5.23 sys=0.00, real=0.11 secs] 
5414.373: [GC (Allocation Failure) [PSYoungGen: 26189108K->806669K(26355712K)] 27157428K->1775549K(29501440K), 0.1154360 secs] [Times: user=5.93 sys=0.00, real=0.11 secs] 
5417.390: [GC (Allocation Failure) [PSYoungGen: 26255117K->760951K(26355712K)] 27223997K->1730384K(29501440K), 0.1036103 secs] [Times: user=5.45 sys=0.01, real=0.11 secs] 
5420.325: [GC (Allocation Failure) [PSYoungGen: 26209399K->747356K(26355712K)] 27178832K->1717300K(29501440K), 0.1067788 secs] [Times: user=5.53 sys=0.00, real=0.11 secs] 
5423.349: [GC (Allocation Failure) [PSYoungGen: 26195804K->726918K(26355712K)] 27165748K->1697430K(29501440K), 0.1087469 secs] [Times: user=5.40 sys=0.00, real=0.11 secs] 
5426.353: [GC (Allocation Failure) [PSYoungGen: 26175366K->716871K(26355712K)] 27145878K->1687935K(29501440K), 0.1004661 secs] [Times: user=5.33 sys=0.00, real=0.10 secs] 
5429.333: [GC (Allocation Failure) [PSYoungGen: 26165319K->725203K(26355712K)] 27136383K->1696787K(29501440K), 0.1033720 secs] [Times: user=5.33 sys=0.01, real=0.10 secs] 
5432.390: [GC (Allocation Failure) [PSYoungGen: 26173651K->786972K(26355712K)] 27145235K->1759036K(29501440K), 0.1104139 secs] [Times: user=5.49 sys=0.00, real=0.12 secs] 
5435.425: [GC (Allocation Failure) [PSYoungGen: 26235420K->749620K(26355712K)] 27207484K->1722196K(29501440K), 0.1038501 secs] [Times: user=5.59 sys=0.00, real=0.10 secs] 
5438.366: [GC (Allocation Failure) [PSYoungGen: 26198068K->741874K(26355712K)] 27170644K->1714986K(29501440K), 0.1083017 secs] [Times: user=5.69 sys=0.00, real=0.11 secs] 
5441.368: [GC (Allocation Failure) [PSYoungGen: 26190322K->738152K(26355712K)] 27163434K->1711848K(29501440K), 0.1082802 secs] [Times: user=5.57 sys=0.00, real=0.11 secs] 
5444.360: [GC (Allocation Failure) [PSYoungGen: 26186600K->749944K(26355712K)] 27160296K->1724160K(29501440K), 0.1107902 secs] [Times: user=5.46 sys=0.01, real=0.11 secs] 
5447.337: [GC (Allocation Failure) [PSYoungGen: 26198392K->756287K(26355712K)] 27172608K->1731023K(29501440K), 0.1071532 secs] [Times: user=5.77 sys=0.00, real=0.11 secs] 
5450.301: [GC (Allocation Failure) [PSYoungGen: 26204735K->763808K(26355712K)] 27179471K->1739104K(29501440K), 0.1081504 secs] [Times: user=5.69 sys=0.00, real=0.10 secs] 
5453.329: [GC (Allocation Failure) [PSYoungGen: 26212256K->736714K(26355712K)] 27187552K->1712562K(29501440K), 0.1070616 secs] [Times: user=5.51 sys=0.01, real=0.11 secs] 
5456.356: [GC (Allocation Failure) [PSYoungGen: 26185162K->763635K(26355712K)] 27161010K->1739995K(29501440K), 0.1222847 secs] [Times: user=5.76 sys=0.01, real=0.12 secs] 
5459.365: [GC (Allocation Failure) [PSYoungGen: 26212083K->758097K(26355712K)] 27188443K->1734978K(29501440K), 0.1051104 secs] [Times: user=5.43 sys=0.01, real=0.11 secs] 
5462.302: [GC (Allocation Failure) [PSYoungGen: 26206545K->730419K(26355712K)] 27183426K->1707811K(29501440K), 0.1003916 secs] [Times: user=5.33 sys=0.00, real=0.10 secs] 
5465.262: [GC (Allocation Failure) [PSYoungGen: 26178867K->757017K(26355712K)] 27156259K->1734937K(29501440K), 0.1067239 secs] [Times: user=5.46 sys=0.01, real=0.10 secs] 
5468.268: [GC (Allocation Failure) [PSYoungGen: 26205465K->750255K(26355712K)] 27183385K->1728695K(29501440K), 0.1081580 secs] [Times: user=5.49 sys=0.01, real=0.11 secs] 
5471.249: [GC (Allocation Failure) [PSYoungGen: 26198703K->706948K(26355712K)] 27177143K->1685908K(29501440K), 0.1031341 secs] [Times: user=5.33 sys=0.01, real=0.11 secs] 
5474.288: [GC (Allocation Failure) [PSYoungGen: 26155396K->738563K(26355712K)] 27134356K->1718075K(29501440K), 0.1113737 secs] [Times: user=5.48 sys=0.01, real=0.11 secs] 
5477.210: [GC (Allocation Failure) [PSYoungGen: 26187011K->736972K(26355712K)] 27166523K->1717013K(29501440K), 0.1091287 secs] [Times: user=5.42 sys=0.00, real=0.11 secs] 
5480.138: [GC (Allocation Failure) [PSYoungGen: 26185420K->719327K(26355712K)] 27165461K->1699911K(29501440K), 0.1080414 secs] [Times: user=5.17 sys=0.00, real=0.11 secs] 
5483.098: [GC (Allocation Failure) [PSYoungGen: 26167775K->775812K(26355712K)] 27148359K->1756908K(29501440K), 0.1153881 secs] [Times: user=5.49 sys=0.00, real=0.12 secs] 
5486.003: [GC (Allocation Failure) [PSYoungGen: 26224260K->744310K(26355712K)] 27205356K->1725919K(29501440K), 0.1036522 secs] [Times: user=5.52 sys=0.01, real=0.10 secs] 
5488.907: [GC (Allocation Failure) [PSYoungGen: 26192758K->733750K(26355712K)] 27174367K->1715903K(29501440K), 0.1102515 secs] [Times: user=5.40 sys=0.00, real=0.11 secs] 
5491.812: [GC (Allocation Failure) [PSYoungGen: 26182198K->762863K(26355712K)] 27164351K->1745551K(29501440K), 0.1095375 secs] [Times: user=5.71 sys=0.00, real=0.11 secs] 
5494.736: [GC (Allocation Failure) [PSYoungGen: 26211311K->794902K(26355712K)] 27193999K->1778134K(29501440K), 0.1193142 secs] [Times: user=6.26 sys=0.00, real=0.12 secs] 
5497.694: [GC (Allocation Failure) [PSYoungGen: 26243350K->740256K(26355712K)] 27226582K->1724048K(29501440K), 0.1056085 secs] [Times: user=5.50 sys=0.00, real=0.11 secs] 
5500.700: [GC (Allocation Failure) [PSYoungGen: 26188704K->774954K(26355712K)] 27172496K->1759258K(29501440K), 0.1089888 secs] [Times: user=5.73 sys=0.01, real=0.10 secs] 
5503.619: [GC (Allocation Failure) [PSYoungGen: 26223402K->809779K(26355712K)] 27207706K->1794603K(29501440K), 0.1131607 secs] [Times: user=6.09 sys=0.00, real=0.12 secs] 
5506.535: [GC (Allocation Failure) [PSYoungGen: 26258227K->748281K(26355712K)] 27243051K->1733625K(29501440K), 0.1048392 secs] [Times: user=5.39 sys=0.01, real=0.11 secs] 
5509.474: [GC (Allocation Failure) [PSYoungGen: 26196729K->733752K(26355712K)] 27182073K->1719625K(29501440K), 0.1062561 secs] [Times: user=5.49 sys=0.00, real=0.11 secs] 
5512.450: [GC (Allocation Failure) [PSYoungGen: 26182200K->743031K(26355712K)] 27168073K->1729479K(29501440K), 0.1124158 secs] [Times: user=5.22 sys=0.01, real=0.11 secs] 
5515.474: [GC (Allocation Failure) [PSYoungGen: 26191479K->737997K(26355712K)] 27177927K->1724957K(29501440K), 0.1107559 secs] [Times: user=5.06 sys=0.03, real=0.11 secs] 
5518.371: [GC (Allocation Failure) [PSYoungGen: 26186445K->724764K(26355712K)] 27173405K->1712221K(29501440K), 0.1033840 secs] [Times: user=5.28 sys=0.01, real=0.10 secs] 
5521.289: [GC (Allocation Failure) [PSYoungGen: 26173212K->767676K(26355712K)] 27160669K->1755660K(29501440K), 0.1105593 secs] [Times: user=5.66 sys=0.00, real=0.11 secs] 
5524.324: [GC (Allocation Failure) [PSYoungGen: 26216124K->742220K(26355712K)] 27204108K->1730724K(29501440K), 0.1031060 secs] [Times: user=5.56 sys=0.00, real=0.10 secs] 
5527.233: [GC (Allocation Failure) [PSYoungGen: 26190668K->717162K(26355712K)] 27179172K->1706186K(29501440K), 0.1045247 secs] [Times: user=5.54 sys=0.02, real=0.10 secs] 
5530.209: [GC (Allocation Failure) [PSYoungGen: 26165610K->772934K(26355712K)] 27154634K->1762534K(29501440K), 0.1145193 secs] [Times: user=5.68 sys=0.00, real=0.12 secs] 
5533.173: [GC (Allocation Failure) [PSYoungGen: 26221382K->804344K(26355712K)] 27210982K->1794464K(29501440K), 0.1206827 secs] [Times: user=6.48 sys=0.00, real=0.12 secs] 
5536.143: [GC (Allocation Failure) [PSYoungGen: 26252792K->744323K(26355712K)] 27242912K->1734995K(29501440K), 0.1072458 secs] [Times: user=5.58 sys=0.00, real=0.11 secs] 
5539.102: [GC (Allocation Failure) [PSYoungGen: 26192771K->721362K(26355712K)] 27183443K->1712578K(29501440K), 0.1025109 secs] [Times: user=5.23 sys=0.00, real=0.10 secs] 
5542.055: [GC (Allocation Failure) [PSYoungGen: 26169810K->737481K(26355712K)] 27161026K->1729217K(29501440K), 0.1105654 secs] [Times: user=5.57 sys=0.00, real=0.11 secs] 
5545.094: [GC (Allocation Failure) [PSYoungGen: 26185929K->684665K(26355712K)] 27177665K->1676913K(29501440K), 0.1038582 secs] [Times: user=5.09 sys=0.00, real=0.10 secs] 
5547.935: [GC (Allocation Failure) [PSYoungGen: 26133113K->783374K(26355712K)] 27125361K->1776134K(29501440K), 0.1141487 secs] [Times: user=5.89 sys=0.00, real=0.11 secs] 
5550.978: [GC (Allocation Failure) [PSYoungGen: 26231822K->767922K(26355712K)] 27224582K->1761242K(29501440K), 0.1185716 secs] [Times: user=5.92 sys=0.00, real=0.12 secs] 
5553.828: [GC (Allocation Failure) [PSYoungGen: 26216370K->752229K(26355712K)] 27209690K->1746061K(29501440K), 0.1081893 secs] [Times: user=5.70 sys=0.00, real=0.11 secs] 
5556.716: [GC (Allocation Failure) [PSYoungGen: 26200677K->792107K(26355712K)] 27194509K->1786459K(29501440K), 0.1095853 secs] [Times: user=5.51 sys=0.00, real=0.11 secs] 
5559.643: [GC (Allocation Failure) [PSYoungGen: 26240555K->788362K(26355712K)] 27234907K->1783218K(29501440K), 0.1231956 secs] [Times: user=6.10 sys=0.01, real=0.12 secs] 
5562.581: [GC (Allocation Failure) [PSYoungGen: 26236810K->797682K(26355712K)] 27231666K->1793059K(29501440K), 0.1252906 secs] [Times: user=6.61 sys=0.00, real=0.12 secs] 
5565.430: [GC (Allocation Failure) [PSYoungGen: 26246130K->784647K(26355712K)] 27241507K->1780560K(29501440K), 0.1078769 secs] [Times: user=5.58 sys=0.00, real=0.10 secs] 
5568.253: [GC (Allocation Failure) [PSYoungGen: 26233095K->727015K(26355712K)] 27229008K->1723512K(29501440K), 0.1069655 secs] [Times: user=5.54 sys=0.02, real=0.11 secs] 
5571.177: [GC (Allocation Failure) [PSYoungGen: 26175463K->744997K(26355712K)] 27171960K->1742061K(29501440K), 0.1081280 secs] [Times: user=5.40 sys=0.01, real=0.11 secs] 
5574.066: [GC (Allocation Failure) [PSYoungGen: 26193445K->724486K(26355712K)] 27190509K->1722071K(29501440K), 0.1071420 secs] [Times: user=5.54 sys=0.00, real=0.11 secs] 
5577.012: [GC (Allocation Failure) [PSYoungGen: 26172934K->716130K(26355712K)] 27170519K->1714234K(29501440K), 0.1049262 secs] [Times: user=5.31 sys=0.01, real=0.10 secs] 
5579.940: [GC (Allocation Failure) [PSYoungGen: 26164578K->692565K(26355712K)] 27162682K->1691181K(29501440K), 0.1062848 secs] [Times: user=5.30 sys=0.00, real=0.10 secs] 
5582.739: [GC (Allocation Failure) [PSYoungGen: 26141013K->799914K(26355712K)] 27139629K->1799042K(29501440K), 0.1119906 secs] [Times: user=5.93 sys=0.00, real=0.12 secs] 
5585.670: [GC (Allocation Failure) [PSYoungGen: 26248362K->737527K(26355712K)] 27247490K->1737199K(29501440K), 0.1101535 secs] [Times: user=5.52 sys=0.00, real=0.12 secs] 
5588.516: [GC (Allocation Failure) [PSYoungGen: 26185975K->732333K(26355712K)] 27185647K->1732534K(29501440K), 0.1097225 secs] [Times: user=5.57 sys=0.01, real=0.11 secs] 
5591.413: [GC (Allocation Failure) [PSYoungGen: 26180781K->769993K(26355712K)] 27180982K->1770713K(29501440K), 0.1101758 secs] [Times: user=5.60 sys=0.00, real=0.11 secs] 
5594.302: [GC (Allocation Failure) [PSYoungGen: 26218441K->767068K(26355712K)] 27219161K->1768301K(29501440K), 0.1160534 secs] [Times: user=5.55 sys=0.00, real=0.11 secs] 
5597.207: [GC (Allocation Failure) [PSYoungGen: 26215516K->745687K(26355712K)] 27216749K->1747487K(29501440K), 0.1120588 secs] [Times: user=5.67 sys=0.00, real=0.11 secs] 
5600.158: [GC (Allocation Failure) [PSYoungGen: 26194135K->790455K(26355712K)] 27195935K->1792735K(29501440K), 0.1134339 secs] [Times: user=5.58 sys=0.00, real=0.12 secs] 
5603.058: [GC (Allocation Failure) [PSYoungGen: 26238903K->773789K(26355712K)] 27241183K->1776589K(29501440K), 0.1051745 secs] [Times: user=5.57 sys=0.01, real=0.11 secs] 
5605.965: [GC (Allocation Failure) [PSYoungGen: 26222237K->730915K(26355712K)] 27225037K->1734211K(29501440K), 0.1044543 secs] [Times: user=5.36 sys=0.00, real=0.10 secs] 
5608.844: [GC (Allocation Failure) [PSYoungGen: 26179363K->720584K(26355712K)] 27182659K->1724425K(29501440K), 0.1048877 secs] [Times: user=5.60 sys=0.00, real=0.10 secs] 
5611.721: [GC (Allocation Failure) [PSYoungGen: 26169032K->813448K(26355712K)] 27172873K->1817808K(29501440K), 0.1173443 secs] [Times: user=5.93 sys=0.02, real=0.11 secs] 
5614.595: [GC (Allocation Failure) [PSYoungGen: 26261896K->773221K(26355712K)] 27266256K->1778109K(29501440K), 0.1044327 secs] [Times: user=5.59 sys=0.00, real=0.11 secs] 
5617.567: [GC (Allocation Failure) [PSYoungGen: 26221669K->786722K(26355712K)] 27226557K->1792130K(29501440K), 0.1177035 secs] [Times: user=5.80 sys=0.00, real=0.12 secs] 
5620.448: [GC (Allocation Failure) [PSYoungGen: 26235170K->758057K(26355712K)] 27240578K->1764041K(29501440K), 0.1177296 secs] [Times: user=5.76 sys=0.01, real=0.12 secs] 
5623.301: [GC (Allocation Failure) [PSYoungGen: 26206505K->799426K(26355712K)] 27212489K->1805938K(29501440K), 0.1308235 secs] [Times: user=6.78 sys=0.00, real=0.13 secs] 
5626.168: [GC (Allocation Failure) [PSYoungGen: 26247874K->743981K(26355712K)] 27254386K->1750981K(29501440K), 0.1123574 secs] [Times: user=5.76 sys=0.00, real=0.12 secs] 
5629.076: [GC (Allocation Failure) [PSYoungGen: 26192429K->731109K(26355712K)] 27199429K->1738701K(29501440K), 0.1089237 secs] [Times: user=5.40 sys=0.00, real=0.11 secs] 
5631.996: [GC (Allocation Failure) [PSYoungGen: 26179557K->710419K(26355712K)] 27187149K->1718572K(29501440K), 0.1055389 secs] [Times: user=5.48 sys=0.01, real=0.11 secs] 
5634.880: [GC (Allocation Failure) [PSYoungGen: 26158867K->717549K(26355712K)] 27167020K->1726230K(29501440K), 0.1090334 secs] [Times: user=5.14 sys=0.00, real=0.11 secs] 
5637.803: [GC (Allocation Failure) [PSYoungGen: 26165997K->758926K(26355712K)] 27174678K->1768182K(29501440K), 0.1105354 secs] [Times: user=5.32 sys=0.00, real=0.11 secs] 
5640.743: [GC (Allocation Failure) [PSYoungGen: 26207374K->735435K(26355712K)] 27216630K->1745283K(29501440K), 0.1038005 secs] [Times: user=5.34 sys=0.01, real=0.10 secs] 
5643.589: [GC (Allocation Failure) [PSYoungGen: 26183883K->842888K(26355712K)] 27193731K->1853256K(29501440K), 0.1167431 secs] [Times: user=5.96 sys=0.00, real=0.12 secs] 
5646.402: [GC (Allocation Failure) [PSYoungGen: 26291336K->753672K(26355712K)] 27301704K->1764552K(29501440K), 0.1115472 secs] [Times: user=5.59 sys=0.00, real=0.11 secs] 
5649.277: [GC (Allocation Failure) [PSYoungGen: 26202120K->748830K(26355712K)] 27213000K->1760222K(29501440K), 0.1066573 secs] [Times: user=5.38 sys=0.01, real=0.11 secs] 
5652.078: [GC (Allocation Failure) [PSYoungGen: 26197278K->669576K(26355712K)] 27208670K->1681505K(29501440K), 0.1004493 secs] [Times: user=5.20 sys=0.00, real=0.10 secs] 
5654.958: [GC (Allocation Failure) [PSYoungGen: 26118024K->680546K(26355712K)] 27129953K->1693026K(29501440K), 0.1022022 secs] [Times: user=5.21 sys=0.00, real=0.11 secs] 
5657.729: [GC (Allocation Failure) [PSYoungGen: 26128994K->778008K(26355712K)] 27141474K->1791001K(29501440K), 0.1128114 secs] [Times: user=5.85 sys=0.00, real=0.12 secs] 
5660.649: [GC (Allocation Failure) [PSYoungGen: 26226456K->775944K(26355712K)] 27239449K->1789456K(29501440K), 0.1175952 secs] [Times: user=5.77 sys=0.01, real=0.12 secs] 
5663.655: [GC (Allocation Failure) [PSYoungGen: 26224392K->748424K(26355712K)] 27237904K->1762505K(29501440K), 0.1221911 secs] [Times: user=6.24 sys=0.00, real=0.12 secs] 
5666.418: [GC (Allocation Failure) [PSYoungGen: 26196872K->851424K(26355712K)] 27210953K->1866064K(29501440K), 0.1581627 secs] [Times: user=7.63 sys=0.00, real=0.16 secs] 
5669.291: [GC (Allocation Failure) [PSYoungGen: 26299872K->745864K(26355712K)] 27314512K->1761040K(29501440K), 0.1090691 secs] [Times: user=5.71 sys=0.01, real=0.11 secs] 
5672.102: [GC (Allocation Failure) [PSYoungGen: 26194312K->693931K(26355712K)] 27209488K->1709699K(29501440K), 0.1060017 secs] [Times: user=5.24 sys=0.01, real=0.10 secs] 
5675.001: [GC (Allocation Failure) [PSYoungGen: 26142379K->700905K(26355712K)] 27158147K->1717177K(29501440K), 0.1063653 secs] [Times: user=5.31 sys=0.00, real=0.10 secs] 
5677.891: [GC (Allocation Failure) [PSYoungGen: 26149353K->705777K(26355712K)] 27165625K->1722561K(29501440K), 0.1148031 secs] [Times: user=5.15 sys=0.00, real=0.11 secs] 
5680.785: [GC (Allocation Failure) [PSYoungGen: 26154225K->770029K(26355712K)] 27171009K->1787310K(29501440K), 0.1105750 secs] [Times: user=5.70 sys=0.01, real=0.11 secs] 
5683.637: [GC (Allocation Failure) [PSYoungGen: 26218477K->759545K(26355712K)] 27235758K->1777346K(29501440K), 0.1053701 secs] [Times: user=5.39 sys=0.01, real=0.11 secs] 
5686.446: [GC (Allocation Failure) [PSYoungGen: 26207993K->757747K(26355712K)] 27225794K->1776115K(29501440K), 0.1049497 secs] [Times: user=5.41 sys=0.01, real=0.11 secs] 
5689.281: [GC (Allocation Failure) [PSYoungGen: 26206195K->744485K(26355712K)] 27224563K->1763397K(29501440K), 0.1080965 secs] [Times: user=5.65 sys=0.00, real=0.10 secs] 
5692.115: [GC (Allocation Failure) [PSYoungGen: 26192933K->720551K(26355712K)] 27211845K->1739975K(29501440K), 0.1064812 secs] [Times: user=5.61 sys=0.00, real=0.11 secs] 
5695.001: [GC (Allocation Failure) [PSYoungGen: 26168999K->779669K(26355712K)] 27188423K->1799613K(29501440K), 0.1097386 secs] [Times: user=5.72 sys=0.00, real=0.11 secs] 
5697.901: [GC (Allocation Failure) [PSYoungGen: 26228117K->756215K(26355712K)] 27248061K->1776671K(29501440K), 0.1084457 secs] [Times: user=5.48 sys=0.00, real=0.10 secs] 
5700.780: [GC (Allocation Failure) [PSYoungGen: 26204663K->698845K(26355712K)] 27225119K->1719805K(29501440K), 0.1078404 secs] [Times: user=5.25 sys=0.00, real=0.10 secs] 
5703.712: [GC (Allocation Failure) [PSYoungGen: 26147293K->772697K(26355712K)] 27168253K->1794241K(29501440K), 0.1075320 secs] [Times: user=5.57 sys=0.01, real=0.10 secs] 
5706.548: [GC (Allocation Failure) [PSYoungGen: 26221145K->779148K(26355712K)] 27242689K->1801212K(29501440K), 0.1254920 secs] [Times: user=6.46 sys=0.01, real=0.13 secs] 
5709.375: [GC (Allocation Failure) [PSYoungGen: 26227596K->828948K(26355712K)] 27249660K->1851540K(29501440K), 0.1454025 secs] [Times: user=7.63 sys=0.01, real=0.15 secs] 
5712.274: [GC (Allocation Failure) [PSYoungGen: 26277396K->751639K(26355712K)] 27299988K->1774807K(29501440K), 0.1260443 secs] [Times: user=6.32 sys=0.00, real=0.13 secs] 
5715.097: [GC (Allocation Failure) [PSYoungGen: 26200087K->762265K(26355712K)] 27223255K->1786017K(29501440K), 0.1113079 secs] [Times: user=5.65 sys=0.00, real=0.11 secs] 
5717.920: [GC (Allocation Failure) [PSYoungGen: 26210713K->724146K(26355712K)] 27234465K->1748442K(29501440K), 0.1033171 secs] [Times: user=5.44 sys=0.00, real=0.10 secs] 
5720.803: [GC (Allocation Failure) [PSYoungGen: 26172594K->719720K(26355712K)] 27196890K->1744512K(29501440K), 0.1037956 secs] [Times: user=5.34 sys=0.01, real=0.10 secs] 
5723.581: [GC (Allocation Failure) [PSYoungGen: 26168168K->756940K(26355712K)] 27192960K->1782333K(29501440K), 0.1114055 secs] [Times: user=5.55 sys=0.01, real=0.11 secs] 
5726.459: [GC (Allocation Failure) [PSYoungGen: 26205388K->755037K(26355712K)] 27230781K->1780981K(29501440K), 0.1088194 secs] [Times: user=5.41 sys=0.01, real=0.11 secs] 
5729.277: [GC (Allocation Failure) [PSYoungGen: 26203485K->728173K(26355712K)] 27229429K->1754630K(29501440K), 0.1103708 secs] [Times: user=5.51 sys=0.00, real=0.11 secs] 
5732.093: [GC (Allocation Failure) [PSYoungGen: 26176621K->735738K(26355712K)] 27203078K->1762706K(29501440K), 0.1052268 secs] [Times: user=5.43 sys=0.00, real=0.10 secs] 
5734.963: [GC (Allocation Failure) [PSYoungGen: 26184186K->718516K(26355712K)] 27211154K->1746044K(29501440K), 0.1066059 secs] [Times: user=5.49 sys=0.01, real=0.11 secs] 
5737.750: [GC (Allocation Failure) [PSYoungGen: 26166964K->852250K(26355712K)] 27194492K->1880330K(29501440K), 0.1321988 secs] [Times: user=7.06 sys=0.00, real=0.13 secs] 
5740.707: [GC (Allocation Failure) [PSYoungGen: 26300698K->816846K(26355712K)] 27328778K->1845454K(29501440K), 0.1261915 secs] [Times: user=6.49 sys=0.00, real=0.13 secs] 
5743.600: [GC (Allocation Failure) [PSYoungGen: 26265294K->796349K(26355712K)] 27293902K->1825469K(29501440K), 0.1108378 secs] [Times: user=5.81 sys=0.00, real=0.11 secs] 
5746.448: [GC (Allocation Failure) [PSYoungGen: 26244797K->734984K(26355712K)] 27273917K->1764592K(29501440K), 0.1083263 secs] [Times: user=5.46 sys=0.00, real=0.11 secs] 
5749.207: [GC (Allocation Failure) [PSYoungGen: 26183432K->827368K(26355712K)] 27213040K->1857552K(29501440K), 0.1141085 secs] [Times: user=5.75 sys=0.00, real=0.12 secs] 
5752.090: [GC (Allocation Failure) [PSYoungGen: 26275816K->750187K(26355712K)] 27306000K->1780939K(29501440K), 0.1089669 secs] [Times: user=5.54 sys=0.01, real=0.10 secs] 
5754.929: [GC (Allocation Failure) [PSYoungGen: 26198635K->749639K(26355712K)] 27229387K->1780911K(29501440K), 0.1092516 secs] [Times: user=5.31 sys=0.01, real=0.11 secs] 
5757.769: [GC (Allocation Failure) [PSYoungGen: 26198087K->825359K(26355712K)] 27229359K->1857119K(29501440K), 0.1156971 secs] [Times: user=5.89 sys=0.01, real=0.12 secs] 
5760.555: [GC (Allocation Failure) [PSYoungGen: 26273807K->816046K(26355712K)] 27305567K->1848342K(29501440K), 0.1100120 secs] [Times: user=5.64 sys=0.01, real=0.11 secs] 
5763.405: [GC (Allocation Failure) [PSYoungGen: 26264494K->747265K(26355712K)] 27296790K->1780081K(29501440K), 0.1039408 secs] [Times: user=5.49 sys=0.01, real=0.10 secs] 
5766.186: [GC (Allocation Failure) [PSYoungGen: 26195713K->756551K(26355712K)] 27228529K->1789888K(29501440K), 0.1087814 secs] [Times: user=5.48 sys=0.00, real=0.11 secs] 
5769.056: [GC (Allocation Failure) [PSYoungGen: 26204999K->740344K(26355712K)] 27238336K->1774344K(29501440K), 0.1206528 secs] [Times: user=6.25 sys=0.00, real=0.12 secs] 
5771.865: [GC (Allocation Failure) [PSYoungGen: 26188792K->733875K(26355712K)] 27222792K->1768420K(29501440K), 0.1318223 secs] [Times: user=6.94 sys=0.01, real=0.13 secs] 
5774.683: [GC (Allocation Failure) [PSYoungGen: 26182323K->838726K(26355712K)] 27216868K->1873790K(29501440K), 0.1190503 secs] [Times: user=6.07 sys=0.00, real=0.12 secs] 
5777.537: [GC (Allocation Failure) [PSYoungGen: 26287174K->762040K(26355712K)] 27322238K->1797584K(29501440K), 0.1109701 secs] [Times: user=5.65 sys=0.00, real=0.11 secs] 
5780.353: [GC (Allocation Failure) [PSYoungGen: 26210488K->726823K(26355712K)] 27246032K->1762904K(29501440K), 0.1058157 secs] [Times: user=5.30 sys=0.01, real=0.10 secs] 
5783.162: [GC (Allocation Failure) [PSYoungGen: 26175271K->748061K(26355712K)] 27211352K->1784773K(29501440K), 0.1067492 secs] [Times: user=5.41 sys=0.00, real=0.10 secs] 
5785.908: [GC (Allocation Failure) [PSYoungGen: 26196509K->774862K(26355712K)] 27233221K->1812119K(29501440K), 0.1205702 secs] [Times: user=5.89 sys=0.00, real=0.12 secs] 
5788.769: [GC (Allocation Failure) [PSYoungGen: 26223310K->907242K(26355712K)] 27260567K->1949466K(29501440K), 0.1265977 secs] [Times: user=6.34 sys=0.00, real=0.13 secs] 
5791.511: [GC (Allocation Failure) [PSYoungGen: 26355690K->790003K(26355712K)] 27397914K->1832915K(29501440K), 0.1110607 secs] [Times: user=5.44 sys=0.01, real=0.11 secs] 
5794.301: [GC (Allocation Failure) [PSYoungGen: 26238451K->763245K(26355712K)] 27281363K->1806654K(29501440K), 0.1079211 secs] [Times: user=5.37 sys=0.01, real=0.10 secs] 
5797.148: [GC (Allocation Failure) [PSYoungGen: 26211693K->727174K(26355712K)] 27255102K->1771095K(29501440K), 0.1002534 secs] [Times: user=5.28 sys=0.00, real=0.10 secs] 
5799.940: [GC (Allocation Failure) [PSYoungGen: 26175622K->765981K(26355712K)] 27219543K->1810381K(29501440K), 0.1099317 secs] [Times: user=5.48 sys=0.01, real=0.11 secs] 
5802.692: [GC (Allocation Failure) [PSYoungGen: 26214429K->784636K(26355712K)] 27258829K->1829557K(29501440K), 0.1124485 secs] [Times: user=5.59 sys=0.01, real=0.11 secs] 
5805.513: [GC (Allocation Failure) [PSYoungGen: 26233084K->743294K(26355712K)] 27278005K->1788743K(29501440K), 0.1055752 secs] [Times: user=5.42 sys=0.01, real=0.10 secs] 
5808.412: [GC (Allocation Failure) [PSYoungGen: 26191742K->756758K(26355712K)] 27237191K->1802727K(29501440K), 0.1063283 secs] [Times: user=5.69 sys=0.02, real=0.10 secs] 
5811.229: [GC (Allocation Failure) [PSYoungGen: 26205206K->754170K(26355712K)] 27251175K->1800642K(29501440K), 0.1096229 secs] [Times: user=5.48 sys=0.00, real=0.11 secs] 
5814.005: [GC (Allocation Failure) [PSYoungGen: 26202618K->732350K(26355712K)] 27249090K->1779382K(29501440K), 0.1081556 secs] [Times: user=5.46 sys=0.00, real=0.11 secs] 
5816.787: [GC (Allocation Failure) [PSYoungGen: 26180798K->787906K(26355712K)] 27227830K->1835403K(29501440K), 0.1206586 secs] [Times: user=6.05 sys=0.01, real=0.12 secs] 
5819.600: [GC (Allocation Failure) [PSYoungGen: 26236354K->837572K(26355712K)] 27283851K->1885596K(29501440K), 0.1315578 secs] [Times: user=6.84 sys=0.01, real=0.13 secs] 
5822.382: [GC (Allocation Failure) [PSYoungGen: 26286020K->760750K(26355712K)] 27334044K->1809278K(29501440K), 0.1073679 secs] [Times: user=5.33 sys=0.00, real=0.10 secs] 
5825.165: [GC (Allocation Failure) [PSYoungGen: 26209198K->726419K(26355712K)] 27257726K->1775443K(29501440K), 0.1110836 secs] [Times: user=5.45 sys=0.00, real=0.11 secs] 
5828.000: [GC (Allocation Failure) [PSYoungGen: 26174867K->736897K(26355712K)] 27223891K->1786409K(29501440K), 0.1071960 secs] [Times: user=5.54 sys=0.00, real=0.10 secs] 
5830.784: [GC (Allocation Failure) [PSYoungGen: 26185345K->732894K(26355712K)] 27234857K->1783094K(29501440K), 0.1130283 secs] [Times: user=5.47 sys=0.00, real=0.11 secs] 
5833.637: [GC (Allocation Failure) [PSYoungGen: 26181342K->797893K(26355712K)] 27231542K->1848645K(29501440K), 0.1161432 secs] [Times: user=5.77 sys=0.00, real=0.12 secs] 
5836.414: [GC (Allocation Failure) [PSYoungGen: 26246341K->793189K(26355712K)] 27297093K->1844469K(29501440K), 0.1236373 secs] [Times: user=6.45 sys=0.00, real=0.12 secs] 
5839.224: [GC (Allocation Failure) [PSYoungGen: 26241637K->793506K(26355712K)] 27292917K->1845355K(29501440K), 0.1220726 secs] [Times: user=6.21 sys=0.00, real=0.12 secs] 
5841.984: [GC (Allocation Failure) [PSYoungGen: 26241954K->719260K(26355712K)] 27293803K->1771661K(29501440K), 0.1068365 secs] [Times: user=5.27 sys=0.01, real=0.11 secs] 
5844.786: [GC (Allocation Failure) [PSYoungGen: 26167708K->792936K(26355712K)] 27220109K->1845809K(29501440K), 0.1158244 secs] [Times: user=5.70 sys=0.01, real=0.12 secs] 
5847.644: [GC (Allocation Failure) [PSYoungGen: 26241384K->799621K(26355712K)] 27294257K->1853014K(29501440K), 0.1172636 secs] [Times: user=5.62 sys=0.01, real=0.12 secs] 
5850.496: [GC (Allocation Failure) [PSYoungGen: 26248069K->799715K(26355712K)] 27301462K->1853627K(29501440K), 0.1196728 secs] [Times: user=6.27 sys=0.00, real=0.12 secs] 
5853.264: [GC (Allocation Failure) [PSYoungGen: 26248163K->770655K(26355712K)] 27302075K->1825160K(29501440K), 0.1104551 secs] [Times: user=5.68 sys=0.00, real=0.11 secs] 
5856.132: [GC (Allocation Failure) [PSYoungGen: 26219103K->731032K(26355712K)] 27273608K->1786064K(29501440K), 0.1038770 secs] [Times: user=5.41 sys=0.00, real=0.10 secs] 
5858.923: [GC (Allocation Failure) [PSYoungGen: 26179480K->727243K(26355712K)] 27234512K->1782795K(29501440K), 0.1098736 secs] [Times: user=5.67 sys=0.00, real=0.11 secs] 
5861.796: [GC (Allocation Failure) [PSYoungGen: 26175691K->830290K(26355712K)] 27231243K->1886387K(29501440K), 0.1359545 secs] [Times: user=6.36 sys=0.01, real=0.14 secs] 
5864.513: [GC (Allocation Failure) [PSYoungGen: 26278738K->797291K(26355712K)] 27334835K->1854044K(29501440K), 0.1080257 secs] [Times: user=5.53 sys=0.01, real=0.11 secs] 
5867.272: [GC (Allocation Failure) [PSYoungGen: 26245739K->736249K(26355712K)] 27302492K->1793537K(29501440K), 0.1050572 secs] [Times: user=5.39 sys=0.01, real=0.10 secs] 
5870.025: [GC (Allocation Failure) [PSYoungGen: 26184697K->907250K(26355712K)] 27241985K->2002986K(29501440K), 0.1275915 secs] [Times: user=6.71 sys=0.01, real=0.13 secs] 
5872.758: [GC (Allocation Failure) [PSYoungGen: 26355698K->907245K(26355712K)] 27451434K->2116133K(29501440K), 0.1353940 secs] [Times: user=7.07 sys=0.02, real=0.14 secs] 
5875.563: [GC (Allocation Failure) [PSYoungGen: 26355693K->773774K(26355712K)] 27564581K->1983118K(29501440K), 0.1050346 secs] [Times: user=5.43 sys=0.01, real=0.10 secs] 
5878.306: [GC (Allocation Failure) [PSYoungGen: 26222222K->783417K(26355712K)] 27431566K->1993313K(29501440K), 0.1027844 secs] [Times: user=5.40 sys=0.01, real=0.10 secs] 
5881.119: [GC (Allocation Failure) [PSYoungGen: 26231865K->739176K(26355712K)] 27441761K->1949625K(29501440K), 0.1279258 secs] [Times: user=6.70 sys=0.01, real=0.13 secs] 
5883.949: [GC (Allocation Failure) [PSYoungGen: 26187624K->807999K(26355712K)] 27398073K->2018984K(29501440K), 0.1389926 secs] [Times: user=7.12 sys=0.00, real=0.14 secs] 
5886.734: [GC (Allocation Failure) [PSYoungGen: 26256447K->804331K(26355712K)] 27467432K->2015803K(29501440K), 0.1289370 secs] [Times: user=6.93 sys=0.00, real=0.13 secs] 
5889.474: [GC (Allocation Failure) [PSYoungGen: 26252779K->786961K(26355712K)] 27464251K->1998922K(29501440K), 0.1159983 secs] [Times: user=5.71 sys=0.00, real=0.12 secs] 
5892.181: [GC (Allocation Failure) [PSYoungGen: 26235409K->763912K(26355712K)] 27447370K->1976376K(29501440K), 0.1108015 secs] [Times: user=5.61 sys=0.00, real=0.11 secs] 
5894.941: [GC (Allocation Failure) [PSYoungGen: 26212360K->762840K(26355712K)] 27424824K->1975857K(29501440K), 0.1231119 secs] [Times: user=6.37 sys=0.00, real=0.12 secs] 
5897.710: [GC (Allocation Failure) [PSYoungGen: 26211288K->885363K(26355712K)] 27424305K->2098923K(29501440K), 0.1425755 secs] [Times: user=7.26 sys=0.00, real=0.14 secs] 
5900.467: [GC (Allocation Failure) [PSYoungGen: 26333811K->809663K(26355712K)] 27547371K->2023727K(29501440K), 0.1291618 secs] [Times: user=6.63 sys=0.00, real=0.13 secs] 
5903.232: [GC (Allocation Failure) [PSYoungGen: 26258111K->768248K(26355712K)] 27472175K->1982776K(29501440K), 0.1183831 secs] [Times: user=5.69 sys=0.01, real=0.12 secs] 
5906.195: [GC (Allocation Failure) [PSYoungGen: 26216696K->760925K(26355712K)] 27431224K->1975958K(29501440K), 0.1108668 secs] [Times: user=5.48 sys=0.00, real=0.11 secs] 
5908.842: [GC (Allocation Failure) [PSYoungGen: 26209373K->907240K(26355712K)] 27424406K->2311808K(29501440K), 0.1596267 secs] [Times: user=8.32 sys=0.00, real=0.16 secs] 
5911.596: [GC (Allocation Failure) [PSYoungGen: 26355688K->907248K(26355712K)] 27760256K->2642169K(29501440K), 0.1664525 secs] [Times: user=9.14 sys=0.00, real=0.17 secs] 
5914.322: [GC (Allocation Failure) [PSYoungGen: 26355696K->877718K(26355712K)] 28090617K->2613558K(29501440K), 0.1795999 secs] [Times: user=8.97 sys=0.01, real=0.18 secs] 
5917.102: [GC (Allocation Failure) [PSYoungGen: 26326166K->804257K(26355712K)] 28062006K->2540610K(29501440K), 0.1499185 secs] [Times: user=7.70 sys=0.00, real=0.15 secs] 
5919.892: [GC (Allocation Failure) [PSYoungGen: 26252705K->742345K(26355712K)] 27989058K->2479177K(29501440K), 0.1035949 secs] [Times: user=5.24 sys=0.00, real=0.10 secs] 
5922.631: [GC (Allocation Failure) [PSYoungGen: 26190793K->790256K(26355712K)] 27927625K->2527608K(29501440K), 0.1087824 secs] [Times: user=5.70 sys=0.01, real=0.10 secs] 
5925.451: [GC (Allocation Failure) [PSYoungGen: 26238704K->784100K(26355712K)] 27976056K->2522005K(29501440K), 0.1171863 secs] [Times: user=5.75 sys=0.01, real=0.11 secs] 
5928.272: [GC (Allocation Failure) [PSYoungGen: 26232548K->745404K(26355712K)] 27970453K->2483805K(29501440K), 0.1099515 secs] [Times: user=5.35 sys=0.01, real=0.11 secs] 
5931.007: [GC (Allocation Failure) [PSYoungGen: 26193852K->736696K(26355712K)] 27932253K->2475577K(29501440K), 0.1028583 secs] [Times: user=5.30 sys=0.01, real=0.11 secs] 
5933.763: [GC (Allocation Failure) [PSYoungGen: 26185144K->880954K(26355712K)] 27924025K->2620347K(29501440K), 0.1259770 secs] [Times: user=6.42 sys=0.01, real=0.12 secs] 
5936.472: [GC (Allocation Failure) [PSYoungGen: 26329402K->821837K(26355712K)] 28068795K->2561742K(29501440K), 0.1387517 secs] [Times: user=7.07 sys=0.01, real=0.14 secs] 
5939.283: [GC (Allocation Failure) [PSYoungGen: 26270285K->827797K(26355712K)] 28010190K->2568197K(29501440K), 0.1411548 secs] [Times: user=7.07 sys=0.01, real=0.14 secs] 
5941.967: [GC (Allocation Failure) [PSYoungGen: 26276245K->785976K(26355712K)] 28016645K->2526929K(29501440K), 0.1171244 secs] [Times: user=5.92 sys=0.00, real=0.12 secs] 
5944.639: [GC (Allocation Failure) [PSYoungGen: 26234424K->907235K(26355712K)] 27975377K->2741084K(29501440K), 0.1382703 secs] [Times: user=7.14 sys=0.00, real=0.14 secs] 
5947.401: [GC (Allocation Failure) [PSYoungGen: 26355683K->874424K(26355712K)] 28189532K->2708784K(29501440K), 0.1395365 secs] [Times: user=6.90 sys=0.00, real=0.14 secs] 
5950.170: [GC (Allocation Failure) [PSYoungGen: 26322872K->799365K(26355712K)] 28157232K->2634478K(29501440K), 0.1457739 secs] [Times: user=7.72 sys=0.00, real=0.15 secs] 
5953.002: [GC (Allocation Failure) [PSYoungGen: 26247813K->790893K(26355712K)] 28082926K->2628350K(29501440K), 0.1191104 secs] [Times: user=6.08 sys=0.00, real=0.12 secs] 
5955.757: [GC (Allocation Failure) [PSYoungGen: 26239341K->814989K(26355712K)] 28076798K->2654286K(29501440K), 0.1312589 secs] [Times: user=6.20 sys=0.00, real=0.13 secs] 
5958.440: [GC (Allocation Failure) [PSYoungGen: 26263437K->761420K(26355712K)] 28102734K->2601677K(29501440K), 0.1071346 secs] [Times: user=5.58 sys=0.00, real=0.10 secs] 
5961.132: [GC (Allocation Failure) [PSYoungGen: 26209868K->723683K(26355712K)] 28050125K->2564476K(29501440K), 0.1033875 secs] [Times: user=5.41 sys=0.00, real=0.10 secs] 
5963.820: [GC (Allocation Failure) [PSYoungGen: 26172131K->720240K(26355712K)] 28012924K->2561496K(29501440K), 0.1099882 secs] [Times: user=5.33 sys=0.00, real=0.11 secs] 
5966.622: [GC (Allocation Failure) [PSYoungGen: 26168688K->809167K(26355712K)] 28009944K->2650968K(29501440K), 0.1136798 secs] [Times: user=5.51 sys=0.00, real=0.11 secs] 
5969.409: [GC (Allocation Failure) [PSYoungGen: 26257615K->770249K(26355712K)] 28099416K->2612586K(29501440K), 0.1058348 secs] [Times: user=5.45 sys=0.00, real=0.11 secs] 
5972.180: [GC (Allocation Failure) [PSYoungGen: 26218697K->811533K(26355712K)] 28061034K->2654382K(29501440K), 0.1319208 secs] [Times: user=6.91 sys=0.00, real=0.13 secs] 
5974.924: [GC (Allocation Failure) [PSYoungGen: 26259981K->763063K(26355712K)] 28102830K->2606383K(29501440K), 0.1212233 secs] [Times: user=6.12 sys=0.01, real=0.12 secs] 
5977.594: [GC (Allocation Failure) [PSYoungGen: 26211511K->907239K(26355712K)] 28054831K->2788368K(29501440K), 0.1315783 secs] [Times: user=6.58 sys=0.00, real=0.13 secs] 
5980.348: [GC (Allocation Failure) [PSYoungGen: 26355687K->790972K(26355712K)] 28236816K->2672621K(29501440K), 0.1040472 secs] [Times: user=5.48 sys=0.00, real=0.11 secs] 
5983.075: [GC (Allocation Failure) [PSYoungGen: 26239420K->755367K(26355712K)] 28121069K->2637600K(29501440K), 0.1061392 secs] [Times: user=5.37 sys=0.01, real=0.11 secs] 
5985.882: [GC (Allocation Failure) [PSYoungGen: 26203815K->771750K(26355712K)] 28086048K->2654671K(29501440K), 0.1119723 secs] [Times: user=5.41 sys=0.01, real=0.11 secs] 
5988.539: [GC (Allocation Failure) [PSYoungGen: 26220198K->807772K(26355712K)] 28103119K->2691517K(29501440K), 0.1167503 secs] [Times: user=5.73 sys=0.00, real=0.12 secs] 
5991.263: [GC (Allocation Failure) [PSYoungGen: 26256220K->734759K(26355712K)] 28139965K->2619048K(29501440K), 0.1079694 secs] [Times: user=5.27 sys=0.00, real=0.11 secs] 
5994.011: [GC (Allocation Failure) [PSYoungGen: 26183207K->760345K(26355712K)] 28067496K->2645146K(29501440K), 0.1103763 secs] [Times: user=5.38 sys=0.00, real=0.11 secs] 
5996.740: [GC (Allocation Failure) [PSYoungGen: 26208793K->822533K(26355712K)] 28093594K->2707862K(29501440K), 0.1154966 secs] [Times: user=5.69 sys=0.01, real=0.12 secs] 
5999.478: [GC (Allocation Failure) [PSYoungGen: 26270981K->793935K(26355712K)] 28156310K->2679824K(29501440K), 0.1106787 secs] [Times: user=5.85 sys=0.01, real=0.11 secs] 
6002.195: [GC (Allocation Failure) [PSYoungGen: 26242383K->744657K(26355712K)] 28128272K->2631058K(29501440K), 0.1055297 secs] [Times: user=5.46 sys=0.01, real=0.11 secs] 
6004.894: [GC (Allocation Failure) [PSYoungGen: 26193105K->858448K(26355712K)] 28079506K->2745369K(29501440K), 0.1195525 secs] [Times: user=6.12 sys=0.00, real=0.12 secs] 
6007.630: [GC (Allocation Failure) [PSYoungGen: 26306896K->840679K(26355712K)] 28193817K->2728071K(29501440K), 0.1309285 secs] [Times: user=6.77 sys=0.00, real=0.14 secs] 
6010.355: [GC (Allocation Failure) [PSYoungGen: 26289127K->798929K(26355712K)] 28176519K->2686850K(29501440K), 0.1106772 secs] [Times: user=5.79 sys=0.01, real=0.11 secs] 
6013.012: [GC (Allocation Failure) [PSYoungGen: 26247377K->716979K(26355712K)] 28135298K->2605420K(29501440K), 0.1062260 secs] [Times: user=5.37 sys=0.01, real=0.10 secs] 
6015.774: [GC (Allocation Failure) [PSYoungGen: 26165427K->863856K(26355712K)] 28053868K->2752825K(29501440K), 0.1142997 secs] [Times: user=6.02 sys=0.00, real=0.11 secs] 
6018.479: [GC (Allocation Failure) [PSYoungGen: 26312304K->898468K(26355712K)] 28201273K->2788125K(29501440K), 0.1269758 secs] [Times: user=6.28 sys=0.00, real=0.13 secs] 
6021.188: [GC (Allocation Failure) [PSYoungGen: 26346916K->805832K(26355712K)] 28236573K->2696057K(29501440K), 0.1106779 secs] [Times: user=5.80 sys=0.01, real=0.11 secs] 
6023.911: [GC (Allocation Failure) [PSYoungGen: 26254280K->735353K(26355712K)] 28144505K->2626138K(29501440K), 0.1108798 secs] [Times: user=5.49 sys=0.00, real=0.11 secs] 
6026.587: [GC (Allocation Failure) [PSYoungGen: 26183801K->907252K(26355712K)] 28074586K->2869268K(29501440K), 0.1384244 secs] [Times: user=6.64 sys=0.00, real=0.14 secs] 
6029.348: [GC (Allocation Failure) [PSYoungGen: 26355700K->766115K(26355712K)] 28317716K->2728620K(29501440K), 0.1308479 secs] [Times: user=6.79 sys=0.00, real=0.13 secs] 
6032.088: [GC (Allocation Failure) [PSYoungGen: 26214563K->879128K(26355712K)] 28177068K->2842161K(29501440K), 0.1277364 secs] [Times: user=6.46 sys=0.01, real=0.13 secs] 
6034.747: [GC (Allocation Failure) [PSYoungGen: 26327576K->825037K(26355712K)] 28290609K->2788598K(29501440K), 0.1221737 secs] [Times: user=6.08 sys=0.00, real=0.12 secs] 
6037.484: [GC (Allocation Failure) [PSYoungGen: 26273485K->770920K(26355712K)] 28237046K->2735057K(29501440K), 0.1041051 secs] [Times: user=5.21 sys=0.00, real=0.10 secs] 
6040.162: [GC (Allocation Failure) [PSYoungGen: 26219368K->814942K(26355712K)] 28183505K->2779607K(29501440K), 0.1092526 secs] [Times: user=5.63 sys=0.00, real=0.11 secs] 
6042.915: [GC (Allocation Failure) [PSYoungGen: 26263390K->748994K(26355712K)] 28228055K->2714283K(29501440K), 0.1081069 secs] [Times: user=5.45 sys=0.00, real=0.11 secs] 
6045.628: [GC (Allocation Failure) [PSYoungGen: 26197442K->767232K(26355712K)] 28162731K->2733009K(29501440K), 0.1058578 secs] [Times: user=5.51 sys=0.01, real=0.11 secs] 
6048.341: [GC (Allocation Failure) [PSYoungGen: 26215680K->751248K(26355712K)] 28181457K->2717561K(29501440K), 0.1084273 secs] [Times: user=5.55 sys=0.00, real=0.10 secs] 
6051.126: [GC (Allocation Failure) [PSYoungGen: 26199696K->795033K(26355712K)] 28166009K->2761850K(29501440K), 0.1139391 secs] [Times: user=5.95 sys=0.01, real=0.12 secs] 
6053.811: [GC (Allocation Failure) [PSYoungGen: 26243481K->767373K(26355712K)] 28210298K->2734694K(29501440K), 0.1066729 secs] [Times: user=5.49 sys=0.01, real=0.10 secs] 
6056.546: [GC (Allocation Failure) [PSYoungGen: 26215821K->907242K(26355712K)] 28183142K->2958307K(29501440K), 0.1317022 secs] [Times: user=6.92 sys=0.01, real=0.13 secs] 
6059.251: [GC (Allocation Failure) [PSYoungGen: 26355690K->907258K(26355712K)] 28406755K->2963003K(29501440K), 0.1224687 secs] [Times: user=6.09 sys=0.00, real=0.12 secs] 
6061.929: [GC (Allocation Failure) [PSYoungGen: 26355706K->697102K(26355712K)] 28411451K->2753359K(29501440K), 0.0981011 secs] [Times: user=4.92 sys=0.00, real=0.10 secs] 
6064.668: [GC (Allocation Failure) [PSYoungGen: 26145550K->770272K(26355712K)] 28201807K->2827057K(29501440K), 0.1053452 secs] [Times: user=5.56 sys=0.01, real=0.11 secs] 
6067.382: [GC (Allocation Failure) [PSYoungGen: 26218720K->815922K(26355712K)] 28275505K->2873739K(29501440K), 0.1305966 secs] [Times: user=6.64 sys=0.01, real=0.13 secs] 
6070.092: [GC (Allocation Failure) [PSYoungGen: 26264370K->797469K(26355712K)] 28322187K->2855790K(29501440K), 0.1498674 secs] [Times: user=7.77 sys=0.01, real=0.15 secs] 
6072.872: [GC (Allocation Failure) [PSYoungGen: 26245917K->771339K(26355712K)] 28304238K->2830156K(29501440K), 0.1677760 secs] [Times: user=8.35 sys=0.00, real=0.16 secs] 
6075.608: [GC (Allocation Failure) [PSYoungGen: 26219787K->830967K(26355712K)] 28278604K->2890369K(29501440K), 0.1545495 secs] [Times: user=7.72 sys=0.00, real=0.16 secs] 
6078.389: [GC (Allocation Failure) [PSYoungGen: 26279415K->874245K(26355712K)] 28338817K->2934158K(29501440K), 0.1297844 secs] [Times: user=6.64 sys=0.00, real=0.13 secs] 
6081.093: [GC (Allocation Failure) [PSYoungGen: 26322693K->719887K(26355712K)] 28382606K->2780328K(29501440K), 0.1006698 secs] [Times: user=5.11 sys=0.01, real=0.10 secs] 
6083.775: [GC (Allocation Failure) [PSYoungGen: 26168335K->811013K(26355712K)] 28228776K->2871974K(29501440K), 0.1183358 secs] [Times: user=5.81 sys=0.00, real=0.12 secs] 
6086.452: [GC (Allocation Failure) [PSYoungGen: 26259461K->907252K(26355712K)] 28320422K->3118558K(29501440K), 0.1401891 secs] [Times: user=7.44 sys=0.00, real=0.14 secs] 
6089.266: [GC (Allocation Failure) [PSYoungGen: 26355700K->907246K(26355712K)] 28567006K->3335375K(29501440K), 0.1587106 secs] [Times: user=8.27 sys=0.00, real=0.16 secs] 
6092.823: [GC (Allocation Failure) [PSYoungGen: 26355694K->907259K(26355712K)] 28783823K->3558300K(29501440K), 0.1572724 secs] [Times: user=8.05 sys=0.00, real=0.16 secs] 
6095.544: [GC (Allocation Failure) [PSYoungGen: 26355707K->852049K(26355712K)] 29006748K->3503618K(29501440K), 0.1110026 secs] [Times: user=5.93 sys=0.00, real=0.11 secs] 
6098.260: [GC (Allocation Failure) [PSYoungGen: 26300497K->784821K(26355712K)] 28952066K->3437094K(29501440K), 0.1169679 secs] [Times: user=5.52 sys=0.01, real=0.11 secs] 
6100.875: [GC (Allocation Failure) [PSYoungGen: 26233269K->724427K(26355712K)] 28885542K->3377573K(29501440K), 0.1060504 secs] [Times: user=5.36 sys=0.01, real=0.11 secs] 
6103.517: [GC (Allocation Failure) [PSYoungGen: 26172875K->828844K(26355712K)] 28826021K->3482509K(29501440K), 0.1109870 secs] [Times: user=5.72 sys=0.00, real=0.11 secs] 
6106.168: [GC (Allocation Failure) [PSYoungGen: 26277292K->773240K(26355712K)] 28930957K->3427393K(29501440K), 0.1087145 secs] [Times: user=5.53 sys=0.01, real=0.11 secs] 
6108.787: [GC (Allocation Failure) [PSYoungGen: 26221688K->907247K(26355712K)] 28875841K->3804536K(29501440K), 0.1647500 secs] [Times: user=8.57 sys=0.00, real=0.17 secs] 
6111.491: [GC (Allocation Failure) --[PSYoungGen: 26355695K->26355695K(26355712K)] 29252984K->29501416K(29501440K), 8.5033927 secs] [Times: user=17.36 sys=0.07, real=8.50 secs] 
6119.995: [Full GC (Ergonomics) [PSYoungGen: 26355695K->0K(26355712K)] [ParOldGen: 3145721K->1801244K(3145728K)] 29501416K->1801244K(29501440K), [Metaspace: 22534K->22534K(1071104K)], 0.7759956 secs] [Times: user=25.44 sys=0.25, real=0.78 secs] 
6123.277: [GC (Allocation Failure) [PSYoungGen: 25448448K->723710K(26355712K)] 27249692K->2524954K(29501440K), 0.1257722 secs] [Times: user=6.32 sys=0.00, real=0.13 secs] 
6125.966: [GC (Allocation Failure) [PSYoungGen: 26172158K->907232K(26355712K)] 27973402K->2727308K(29501440K), 0.1301170 secs] [Times: user=6.64 sys=0.01, real=0.13 secs] 
6128.527: [GC (Allocation Failure) [PSYoungGen: 26355680K->907243K(26355712K)] 28175756K->2918023K(29501440K), 0.1598718 secs] [Times: user=8.51 sys=0.00, real=0.16 secs] 
6131.943: [GC (Allocation Failure) [PSYoungGen: 26355691K->907260K(26355712K)] 28366471K->3368288K(29501440K), 0.2120464 secs] [Times: user=11.36 sys=0.00, real=0.21 secs] 
6134.671: [GC (Allocation Failure) [PSYoungGen: 26355708K->907244K(26355712K)] 28816736K->3789776K(29501440K), 0.1924296 secs] [Times: user=10.25 sys=0.01, real=0.19 secs] 
6134.864: [Full GC (Ergonomics) [PSYoungGen: 907244K->0K(26355712K)] [ParOldGen: 2882532K->1850497K(3145728K)] 3789776K->1850497K(29501440K), [Metaspace: 22534K->22534K(1071104K)], 0.8737220 secs] [Times: user=39.78 sys=0.00, real=0.87 secs] 
6138.243: [GC (Allocation Failure) [PSYoungGen: 25448448K->907234K(26355712K)] 27298945K->2858124K(29501440K), 0.1472083 secs] [Times: user=7.66 sys=0.00, real=0.15 secs] 
6140.869: [GC (Allocation Failure) [PSYoungGen: 26355682K->907244K(26355712K)] 28306572K->3027278K(29501440K), 0.1785791 secs] [Times: user=9.10 sys=0.00, real=0.18 secs] 
6143.521: [GC (Allocation Failure) [PSYoungGen: 26355692K->907243K(26355712K)] 28475726K->3183461K(29501440K), 0.1566192 secs] [Times: user=8.22 sys=0.00, real=0.15 secs] 
6146.234: [GC (Allocation Failure) [PSYoungGen: 26355691K->907238K(26355712K)] 28631909K->3355039K(29501440K), 0.1607814 secs] [Times: user=8.44 sys=0.00, real=0.16 secs] 
6148.933: [GC (Allocation Failure) [PSYoungGen: 26355686K->907249K(26355712K)] 28803487K->3448226K(29501440K), 0.1486379 secs] [Times: user=7.27 sys=0.00, real=0.15 secs] 
6151.623: [GC (Allocation Failure) [PSYoungGen: 26355697K->858196K(26355712K)] 28896674K->3399173K(29501440K), 0.1157454 secs] [Times: user=5.98 sys=0.00, real=0.11 secs] 
6154.210: [GC (Allocation Failure) [PSYoungGen: 26306644K->907248K(26355712K)] 28847621K->3772041K(29501440K), 0.1784765 secs] [Times: user=9.17 sys=0.01, real=0.17 secs] 
6154.389: [Full GC (Ergonomics) [PSYoungGen: 907248K->0K(26355712K)] [ParOldGen: 2864793K->1714967K(3145728K)] 3772041K->1714967K(29501440K), [Metaspace: 22534K->22534K(1071104K)], 0.8849886 secs] [Times: user=38.67 sys=0.00, real=0.89 secs] 
6158.841: [GC (Allocation Failure) [PSYoungGen: 25448448K->907262K(26355712K)] 27163415K->3115662K(29501440K), 0.2125461 secs] [Times: user=11.43 sys=0.00, real=0.21 secs] 
6161.645: [GC (Allocation Failure) [PSYoungGen: 26355710K->907240K(26355712K)] 28564110K->3787759K(29501440K), 0.2500966 secs] [Times: user=13.28 sys=0.00, real=0.25 secs] 
6161.895: [Full GC (Ergonomics) [PSYoungGen: 907240K->0K(26355712K)] [ParOldGen: 2880519K->2259445K(3145728K)] 3787759K->2259445K(29501440K), [Metaspace: 22534K->22534K(1071104K)], 0.8975027 secs] [Times: user=38.37 sys=0.01, real=0.90 secs] 
6174.768: [GC (Allocation Failure) [PSYoungGen: 25448448K->907262K(26355712K)] 27707893K->3676147K(29501440K), 0.2460863 secs] [Times: user=13.20 sys=0.00, real=0.25 secs] 
6175.015: [Full GC (Ergonomics) [PSYoungGen: 907262K->0K(26355712K)] [ParOldGen: 2768885K->2333918K(3145728K)] 3676147K->2333918K(29501440K), [Metaspace: 22534K->22534K(1071104K)], 0.8513633 secs] [Times: user=36.05 sys=0.01, real=0.85 secs] 
6179.568: [GC (Allocation Failure) [PSYoungGen: 25448448K->907263K(26355712K)] 27782366K->3880213K(29501440K), 0.2563783 secs] [Times: user=13.66 sys=0.01, real=0.26 secs] 
6179.825: [Full GC (Ergonomics) [PSYoungGen: 907263K->0K(26355712K)] [ParOldGen: 2972950K->2494902K(3145728K)] 3880213K->2494902K(29501440K), [Metaspace: 22534K->22534K(1071104K)], 1.2063160 secs] [Times: user=50.49 sys=0.00, real=1.21 secs] 
6184.747: [Full GC (Ergonomics) [PSYoungGen: 25448448K->0K(26355712K)] [ParOldGen: 2494902K->2409168K(3145728K)] 27943350K->2409168K(29501440K), [Metaspace: 22534K->22534K(1071104K)], 1.2398846 secs] [Times: user=42.01 sys=0.00, real=1.24 secs] 
6189.425: [Full GC (Ergonomics) [PSYoungGen: 25448448K->0K(26355712K)] [ParOldGen: 2409168K->1961297K(3145728K)] 27857616K->1961297K(29501440K), [Metaspace: 22534K->22534K(1071104K)], 0.9519808 secs] [Times: user=34.78 sys=0.01, real=0.95 secs] 
6192.902: [GC (Allocation Failure) [PSYoungGen: 25448448K->838323K(26355712K)] 27409745K->2799621K(29501440K), 0.1462309 secs] [Times: user=7.70 sys=0.01, real=0.14 secs] 
6195.607: [GC (Allocation Failure) [PSYoungGen: 26286771K->907262K(26355712K)] 28248069K->3094352K(29501440K), 0.2135341 secs] [Times: user=11.16 sys=0.01, real=0.22 secs] 
6200.932: [GC (Allocation Failure) [PSYoungGen: 26355710K->907241K(26355712K)] 28542800K->3094619K(29501440K), 0.1563158 secs] [Times: user=7.94 sys=0.00, real=0.15 secs] 
6203.629: [GC (Allocation Failure) [PSYoungGen: 26355689K->907232K(26355712K)] 28543067K->3346730K(29501440K), 0.1744420 secs] [Times: user=9.29 sys=0.00, real=0.18 secs] 
6203.804: [Full GC (Ergonomics) [PSYoungGen: 907232K->0K(26355712K)] [ParOldGen: 2439497K->1677133K(3145728K)] 3346730K->1677133K(29501440K), [Metaspace: 22534K->22534K(1071104K)], 1.0061274 secs] [Times: user=39.48 sys=0.02, real=1.01 secs] 
6207.449: [GC (Allocation Failure) [PSYoungGen: 25448448K->862968K(26355712K)] 27125581K->2540101K(29501440K), 0.1256191 secs] [Times: user=6.28 sys=0.00, real=0.13 secs] 
6210.075: [GC (Allocation Failure) [PSYoungGen: 26311416K->760499K(26355712K)] 27988549K->2437633K(29501440K), 0.1133665 secs] [Times: user=5.47 sys=0.00, real=0.11 secs] 
6212.643: [GC (Allocation Failure) [PSYoungGen: 26208947K->907255K(26355712K)] 27886081K->2732189K(29501440K), 0.1487313 secs] [Times: user=7.89 sys=0.00, real=0.15 secs] 
6216.503: [GC (Allocation Failure) [PSYoungGen: 26355703K->907256K(26355712K)] 28180637K->3386350K(29501440K), 0.2464314 secs] [Times: user=13.53 sys=0.00, real=0.25 secs] 
6216.750: [Full GC (Ergonomics) [PSYoungGen: 907256K->0K(26355712K)] [ParOldGen: 2479093K->2104518K(3145728K)] 3386350K->2104518K(29501440K), [Metaspace: 22534K->22534K(1071104K)], 1.1025319 secs] [Times: user=47.59 sys=0.00, real=1.10 secs] 
6221.854: [GC (Allocation Failure) [PSYoungGen: 25448448K->907258K(26355712K)] 27552966K->3591552K(29501440K), 0.2452469 secs] [Times: user=12.80 sys=0.00, real=0.24 secs] 
6222.100: [Full GC (Ergonomics) [PSYoungGen: 907258K->0K(26355712K)] [ParOldGen: 2684294K->2487290K(3145728K)] 3591552K->2487290K(29501440K), [Metaspace: 22534K->22534K(1071104K)], 1.1821535 secs] [Times: user=53.32 sys=0.01, real=1.19 secs] 
6227.056: [Full GC (Ergonomics) [PSYoungGen: 25448448K->0K(26355712K)] [ParOldGen: 2487290K->2711284K(3145728K)] 27935738K->2711284K(29501440K), [Metaspace: 22534K->22534K(1071104K)], 1.5713848 secs] [Times: user=65.38 sys=0.04, real=1.57 secs] 
6232.409: [Full GC (Ergonomics) [PSYoungGen: 25448448K->0K(26355712K)] [ParOldGen: 2711284K->2395516K(3145728K)] 28159732K->2395516K(29501440K), [Metaspace: 22534K->22534K(1071104K)], 1.0569289 secs] [Times: user=41.27 sys=0.00, real=1.06 secs] 
6237.166: [Full GC (Ergonomics) [PSYoungGen: 25448448K->0K(26355712K)] [ParOldGen: 2395516K->2517018K(3145728K)] 27843964K->2517018K(29501440K), [Metaspace: 22534K->22534K(1071104K)], 1.2767248 secs] [Times: user=43.77 sys=0.01, real=1.28 secs] 
6242.184: [Full GC (Ergonomics) [PSYoungGen: 25448448K->0K(26355712K)] [ParOldGen: 2517018K->2526397K(3145728K)] 27965466K->2526397K(29501440K), [Metaspace: 22534K->22534K(1071104K)], 1.1850010 secs] [Times: user=45.63 sys=0.01, real=1.18 secs] 
6246.582: [Full GC (Ergonomics) [PSYoungGen: 25448448K->0K(26355712K)] [ParOldGen: 2526397K->2497055K(3145728K)] 27974845K->2497055K(29501440K), [Metaspace: 22534K->22534K(1071104K)], 1.2132407 secs] [Times: user=49.40 sys=0.01, real=1.21 secs] 
6250.307: [Full GC (Ergonomics) [PSYoungGen: 25448448K->0K(26355712K)] [ParOldGen: 2497055K->2322017K(3145728K)] 27945503K->2322017K(29501440K), [Metaspace: 22534K->22534K(1071104K)], 1.3326818 secs] [Times: user=50.67 sys=0.01, real=1.33 secs] 
6254.193: [Full GC (Ergonomics) [PSYoungGen: 25448448K->0K(26355712K)] [ParOldGen: 2322017K->2361984K(3145728K)] 27770465K->2361984K(29501440K), [Metaspace: 22534K->22534K(1071104K)], 1.7728425 secs] [Times: user=57.13 sys=0.00, real=1.77 secs] 
6258.562: [Full GC (Ergonomics) [PSYoungGen: 25448448K->0K(26355712K)] [ParOldGen: 2361984K->1794410K(3145728K)] 27810432K->1794410K(29501440K), [Metaspace: 22534K->22534K(1071104K)], 1.2487697 secs] [Times: user=43.30 sys=0.00, real=1.25 secs] 
6262.376: [GC (Allocation Failure) [PSYoungGen: 25448448K->874719K(26355712K)] 27242858K->2669130K(29501440K), 0.1366053 secs] [Times: user=6.73 sys=0.01, real=0.14 secs] 
6266.973: [GC (Allocation Failure) [PSYoungGen: 26323167K->907255K(26355712K)] 28117578K->2791105K(29501440K), 0.1798134 secs] [Times: user=9.49 sys=0.00, real=0.18 secs] 
6269.656: [GC (Allocation Failure) [PSYoungGen: 26355703K->907237K(26355712K)] 28239553K->3073624K(29501440K), 0.1827554 secs] [Times: user=9.86 sys=0.01, real=0.18 secs] 
6272.375: [GC (Allocation Failure) [PSYoungGen: 26355685K->907258K(26355712K)] 28522072K->3623861K(29501440K), 0.2327311 secs] [Times: user=12.40 sys=0.00, real=0.23 secs] 
6272.608: [Full GC (Ergonomics) [PSYoungGen: 907258K->0K(26355712K)] [ParOldGen: 2716602K->2186928K(3145728K)] 3623861K->2186928K(29501440K), [Metaspace: 22534K->22534K(1071104K)], 1.3708620 secs] [Times: user=64.73 sys=0.00, real=1.37 secs] 
6277.884: [GC (Allocation Failure) [PSYoungGen: 25448448K->907258K(26355712K)] 27635376K->3299123K(29501440K), 0.1653926 secs] [Times: user=8.59 sys=0.00, real=0.16 secs] 
6278.049: [Full GC (Ergonomics) [PSYoungGen: 907258K->0K(26355712K)] [ParOldGen: 2391864K->2341599K(3145728K)] 3299123K->2341599K(29501440K), [Metaspace: 22534K->22534K(1071104K)], 3.2241674 secs] [Times: user=161.94 sys=0.04, real=3.23 secs] 
6283.848: [GC (Allocation Failure) [PSYoungGen: 25448448K->907261K(26355712K)] 27790047K->3401092K(29501440K), 0.1503962 secs] [Times: user=7.77 sys=0.00, real=0.15 secs] 
6283.999: [Full GC (Ergonomics) [PSYoungGen: 907261K->0K(26355712K)] [ParOldGen: 2493831K->2034410K(3145728K)] 3401092K->2034410K(29501440K), [Metaspace: 22534K->22534K(1071104K)], 1.3178756 secs] [Times: user=61.65 sys=0.00, real=1.32 secs] 
6287.913: [GC (Allocation Failure) [PSYoungGen: 25448448K->873949K(26355712K)] 27482858K->2908359K(29501440K), 0.1411784 secs] [Times: user=7.35 sys=0.01, real=0.14 secs] 
6292.720: [GC (Allocation Failure) [PSYoungGen: 26322397K->907233K(26355712K)] 28356807K->2986635K(29501440K), 0.1800932 secs] [Times: user=9.69 sys=0.01, real=0.19 secs] 
6295.473: [GC (Allocation Failure) [PSYoungGen: 26355681K->907235K(26355712K)] 28435083K->3427085K(29501440K), 0.1982884 secs] [Times: user=10.81 sys=0.01, real=0.20 secs] 
6295.671: [Full GC (Ergonomics) [PSYoungGen: 907235K->0K(26355712K)] [ParOldGen: 2519850K->1951820K(3145728K)] 3427085K->1951820K(29501440K), [Metaspace: 22534K->22534K(1071104K)], 1.1744419 secs] [Times: user=53.79 sys=0.01, real=1.17 secs] 
6300.805: [GC (Allocation Failure) [PSYoungGen: 25448448K->907247K(26355712K)] 27400268K->2920739K(29501440K), 0.1490990 secs] [Times: user=7.78 sys=0.01, real=0.15 secs] 
6303.476: [GC (Allocation Failure) [PSYoungGen: 26355695K->907235K(26355712K)] 28369187K->3157240K(29501440K), 0.1717856 secs] [Times: user=8.99 sys=0.01, real=0.17 secs] 
6306.273: [GC (Allocation Failure) [PSYoungGen: 26355683K->907261K(26355712K)] 28605688K->3316170K(29501440K), 0.1629410 secs] [Times: user=8.51 sys=0.01, real=0.16 secs] 
6310.573: [GC (Allocation Failure) [PSYoungGen: 26355709K->907251K(26355712K)] 28764618K->3506152K(29501440K), 0.1780743 secs] [Times: user=9.34 sys=0.00, real=0.18 secs] 
6310.751: [Full GC (Ergonomics) [PSYoungGen: 907251K->0K(26355712K)] [ParOldGen: 2598900K->1649843K(3145728K)] 3506152K->1649843K(29501440K), [Metaspace: 22534K->22534K(1071104K)], 1.0146953 secs] [Times: user=43.48 sys=0.00, real=1.01 secs] 
6314.348: [GC (Allocation Failure) [PSYoungGen: 25448448K->860469K(26355712K)] 27098291K->2510312K(29501440K), 0.1281088 secs] [Times: user=6.50 sys=0.00, real=0.13 secs] 
6317.217: [GC (Allocation Failure) [PSYoungGen: 26308917K->907241K(26355712K)] 27958760K->2704668K(29501440K), 0.1808331 secs] [Times: user=9.23 sys=0.00, real=0.18 secs] 
6322.361: [GC (Allocation Failure) [PSYoungGen: 26355689K->907255K(26355712K)] 28153116K->3006426K(29501440K), 0.1792649 secs] [Times: user=9.32 sys=0.00, real=0.18 secs] 
6326.762: [GC (Allocation Failure) [PSYoungGen: 26355703K->907241K(26355712K)] 28454874K->3423204K(29501440K), 0.1962539 secs] [Times: user=10.28 sys=0.00, real=0.19 secs] 
6331.149: [GC (Allocation Failure) --[PSYoungGen: 26355689K->26355689K(26355712K)] 28871652K->29501412K(29501440K), 8.5513885 secs] [Times: user=21.24 sys=0.01, real=8.56 secs] 
6339.701: [Full GC (Ergonomics) [PSYoungGen: 26355689K->0K(26355712K)] [ParOldGen: 3145723K->2728134K(3145728K)] 29501412K->2728134K(29501440K), [Metaspace: 22534K->22534K(1071104K)], 3.5456952 secs] [Times: user=173.25 sys=0.04, real=3.54 secs] 
6347.276: [Full GC (Ergonomics) [PSYoungGen: 25448448K->0K(26355712K)] [ParOldGen: 2728134K->3036665K(3145728K)] 28176582K->3036665K(29501440K), [Metaspace: 22534K->22534K(1071104K)], 4.0991954 secs] [Times: user=205.23 sys=0.07, real=4.10 secs] 
6355.561: [Full GC (Ergonomics) [PSYoungGen: 25448448K->105650K(26355712K)] [ParOldGen: 3036665K->3145572K(3145728K)] 28485113K->3251222K(29501440K), [Metaspace: 22534K->22534K(1071104K)], 6.4158709 secs] [Times: user=336.27 sys=0.12, real=6.41 secs] 
6365.736: [Full GC (Ergonomics) [PSYoungGen: 25448448K->338891K(26355712K)] [ParOldGen: 3145572K->3145685K(3145728K)] 28594020K->3484576K(29501440K), [Metaspace: 22534K->22534K(1071104K)], 6.4731014 secs] [Times: user=340.04 sys=0.12, real=6.47 secs] 
6376.520: [Full GC (Ergonomics) [PSYoungGen: 25448448K->0K(26355712K)] [ParOldGen: 3145685K->2400877K(3145728K)] 28594133K->2400877K(29501440K), [Metaspace: 22534K->22534K(1071104K)], 1.2802332 secs] [Times: user=55.20 sys=0.00, real=1.28 secs] 
6382.240: [GC (Allocation Failure) [PSYoungGen: 25448448K->907232K(26355712K)] 27849325K->3631501K(29501440K), 0.1794643 secs] [Times: user=9.33 sys=0.02, real=0.18 secs] 
6382.420: [Full GC (Ergonomics) [PSYoungGen: 907232K->0K(26355712K)] [ParOldGen: 2724269K->2673400K(3145728K)] 3631501K->2673400K(29501440K), [Metaspace: 22534K->22534K(1071104K)], 1.3272257 secs] [Times: user=65.40 sys=0.00, real=1.32 secs] 
6387.730: [Full GC (Ergonomics) [PSYoungGen: 25448448K->0K(26355712K)] [ParOldGen: 2673400K->2950871K(3145728K)] 28121848K->2950871K(29501440K), [Metaspace: 22534K->22534K(1071104K)], 1.5559089 secs] [Times: user=70.48 sys=0.00, real=1.55 secs] 
6393.808: [Full GC (Ergonomics) [PSYoungGen: 25448448K->0K(26355712K)] [ParOldGen: 2950871K->2650777K(3145728K)] 28399319K->2650777K(29501440K), [Metaspace: 22534K->22534K(1071104K)], 1.4081669 secs] [Times: user=65.35 sys=0.00, real=1.41 secs] 
6400.028: [Full GC (Ergonomics) [PSYoungGen: 25448448K->0K(26355712K)] [ParOldGen: 2650777K->2835242K(3145728K)] 28099225K->2835242K(29501440K), [Metaspace: 22534K->22534K(1071104K)], 1.5324320 secs] [Times: user=65.72 sys=0.00, real=1.54 secs] 
6406.050: [Full GC (Ergonomics) [PSYoungGen: 25448448K->0K(26355712K)] [ParOldGen: 2835242K->2730115K(3145728K)] 28283690K->2730115K(29501440K), [Metaspace: 22534K->22534K(1071104K)], 1.6807409 secs] [Times: user=70.79 sys=0.00, real=1.68 secs] 
6411.960: [Full GC (Ergonomics) [PSYoungGen: 25448448K->0K(26355712K)] [ParOldGen: 2730115K->2184765K(3145728K)] 28178563K->2184765K(29501440K), [Metaspace: 22534K->22534K(1071104K)], 1.2600895 secs] [Times: user=48.16 sys=0.03, real=1.26 secs] 
6415.809: [GC (Allocation Failure) [PSYoungGen: 25448448K->907236K(26355712K)] 27633213K->3125745K(29501440K), 0.1379632 secs] [Times: user=6.96 sys=0.01, real=0.14 secs] 
6420.797: [GC (Allocation Failure) [PSYoungGen: 26355684K->907240K(26355712K)] 28574193K->3645045K(29501440K), 0.2204888 secs] [Times: user=11.60 sys=0.01, real=0.22 secs] 
6421.018: [Full GC (Ergonomics) [PSYoungGen: 907240K->0K(26355712K)] [ParOldGen: 2737805K->2903985K(3145728K)] 3645045K->2903985K(29501440K), [Metaspace: 22534K->22534K(1071104K)], 2.0371762 secs] [Times: user=96.31 sys=0.02, real=2.04 secs] 
6428.551: [Full GC (Ergonomics) [PSYoungGen: 25448448K->61277K(26355712K)] [ParOldGen: 2903985K->3145334K(3145728K)] 28352433K->3206612K(29501440K), [Metaspace: 22534K->22534K(1071104K)], 2.6863669 secs] [Times: user=125.04 sys=0.03, real=2.68 secs] 
6438.477: [Full GC (Ergonomics) [PSYoungGen: 25448448K->0K(26355712K)] [ParOldGen: 3145334K->2490116K(3145728K)] 28593782K->2490116K(29501440K), [Metaspace: 22534K->22534K(1071104K)], 1.7012999 secs] [Times: user=65.07 sys=0.01, real=1.70 secs] 
6445.643: [Full GC (Ergonomics) [PSYoungGen: 25448448K->0K(26355712K)] [ParOldGen: 2490116K->2407249K(3145728K)] 27938564K->2407249K(29501440K), [Metaspace: 22534K->22534K(1071104K)], 1.7473625 secs] [Times: user=79.20 sys=0.00, real=1.75 secs] 
6454.663: [GC (Allocation Failure) [PSYoungGen: 25448448K->907239K(26355712K)] 27855697K->3325921K(29501440K), 0.1381416 secs] [Times: user=7.26 sys=0.01, real=0.14 secs] 
6460.372: [GC (Allocation Failure) [PSYoungGen: 26355687K->907242K(26355712K)] 28774369K->3704652K(29501440K), 0.2980562 secs] [Times: user=9.24 sys=0.00, real=0.30 secs] 
6460.670: [Full GC (Ergonomics) [PSYoungGen: 907242K->0K(26355712K)] [ParOldGen: 2797409K->2680831K(3145728K)] 3704652K->2680831K(29501440K), [Metaspace: 22534K->22534K(1071104K)], 2.1153309 secs] [Times: user=98.59 sys=0.00, real=2.11 secs] 
6464.377: [Full GC (System.gc()) [PSYoungGen: 5786149K->0K(26355712K)] [ParOldGen: 2680831K->174248K(3145728K)] 8466981K->174248K(29501440K), [Metaspace: 22536K->22536K(1071104K)], 0.3185244 secs] [Times: user=5.03 sys=0.00, real=0.32 secs] 
6500.381: [GC (Allocation Failure) [PSYoungGen: 25448448K->907244K(26355712K)] 25622696K->1088565K(29501440K), 0.0908106 secs] [Times: user=4.48 sys=0.01, real=0.09 secs] 
6512.170: [GC (Allocation Failure) [PSYoungGen: 26355692K->907255K(26355712K)] 26537013K->1123328K(29501440K), 0.0865531 secs] [Times: user=4.31 sys=0.01, real=0.09 secs] 
6520.639: [GC (Allocation Failure) [PSYoungGen: 26355703K->903658K(26355712K)] 26571776K->1119731K(29501440K), 0.0800653 secs] [Times: user=3.90 sys=0.00, real=0.08 secs] 
6528.286: [GC (Allocation Failure) [PSYoungGen: 26352106K->907263K(26355712K)] 26568179K->1132720K(29501440K), 0.0839765 secs] [Times: user=3.90 sys=0.01, real=0.09 secs] 
6534.955: [GC (Allocation Failure) [PSYoungGen: 26355711K->907259K(26355712K)] 26581168K->1141332K(29501440K), 0.0784447 secs] [Times: user=4.00 sys=0.00, real=0.08 secs] 
6541.153: [GC (Allocation Failure) [PSYoungGen: 26355707K->907235K(26355712K)] 26589780K->1187732K(29501440K), 0.0900317 secs] [Times: user=4.55 sys=0.00, real=0.09 secs] 
6546.435: [GC (Allocation Failure) [PSYoungGen: 26355683K->907256K(26355712K)] 26636180K->1198816K(29501440K), 0.0832690 secs] [Times: user=4.06 sys=0.01, real=0.08 secs] 
6551.668: [GC (Allocation Failure) [PSYoungGen: 26355704K->907232K(26355712K)] 26647264K->1202401K(29501440K), 0.0801556 secs] [Times: user=3.96 sys=0.00, real=0.08 secs] 
6556.433: [GC (Allocation Failure) [PSYoungGen: 26355680K->907257K(26355712K)] 26650849K->1231410K(29501440K), 0.0873963 secs] [Times: user=4.25 sys=0.00, real=0.09 secs] 
6560.837: [GC (Allocation Failure) [PSYoungGen: 26355705K->907259K(26355712K)] 26679858K->1287668K(29501440K), 0.0928398 secs] [Times: user=4.59 sys=0.00, real=0.10 secs] 
6565.316: [GC (Allocation Failure) [PSYoungGen: 26355707K->907253K(26355712K)] 26736116K->1305382K(29501440K), 0.0856078 secs] [Times: user=4.22 sys=0.01, real=0.09 secs] 
6569.743: [GC (Allocation Failure) [PSYoungGen: 26355701K->907242K(26355712K)] 26753830K->1358955K(29501440K), 0.0934911 secs] [Times: user=4.66 sys=0.00, real=0.09 secs] 
6573.619: [GC (Allocation Failure) [PSYoungGen: 26355690K->907238K(26355712K)] 26807403K->1391006K(29501440K), 0.0864730 secs] [Times: user=4.41 sys=0.01, real=0.09 secs] 
6577.485: [GC (Allocation Failure) [PSYoungGen: 26355686K->907234K(26355712K)] 26839454K->1448491K(29501440K), 0.0922533 secs] [Times: user=4.72 sys=0.00, real=0.09 secs] 
6581.267: [GC (Allocation Failure) [PSYoungGen: 26355682K->907260K(26355712K)] 26896939K->1508789K(29501440K), 0.0945525 secs] [Times: user=4.88 sys=0.01, real=0.10 secs] 
6585.044: [GC (Allocation Failure) [PSYoungGen: 26355708K->738946K(26355712K)] 26957237K->1605611K(29501440K), 0.1150114 secs] [Times: user=5.96 sys=0.00, real=0.11 secs] 
6588.404: [GC (GCLocker Initiated GC) [PSYoungGen: 26187394K->758354K(26355712K)] 27054798K->1633663K(29501440K), 0.1046722 secs] [Times: user=5.18 sys=0.01, real=0.10 secs] 
6591.645: [GC (Allocation Failure) [PSYoungGen: 26206802K->796062K(26355712K)] 27082113K->1673805K(29501440K), 0.1031861 secs] [Times: user=5.47 sys=0.00, real=0.10 secs] 
6594.931: [GC (Allocation Failure) [PSYoungGen: 26244510K->715161K(26355712K)] 27122253K->1594553K(29501440K), 0.0956714 secs] [Times: user=4.85 sys=0.01, real=0.09 secs] 
6598.210: [GC (Allocation Failure) [PSYoungGen: 26163609K->680478K(26355712K)] 27043001K->1563478K(29501440K), 0.0967356 secs] [Times: user=4.64 sys=0.00, real=0.09 secs] 
6601.329: [GC (Allocation Failure) [PSYoungGen: 26128926K->798707K(26355712K)] 27011926K->1682940K(29501440K), 0.1051755 secs] [Times: user=5.29 sys=0.01, real=0.11 secs] 
6604.188: [GC (Allocation Failure) [PSYoungGen: 26247155K->775352K(26355712K)] 27131388K->1660920K(29501440K), 0.1050579 secs] [Times: user=5.24 sys=0.00, real=0.11 secs] 
6607.142: [GC (Allocation Failure) [PSYoungGen: 26223800K->770055K(26355712K)] 27109368K->1656760K(29501440K), 0.0974342 secs] [Times: user=5.24 sys=0.00, real=0.10 secs] 
6610.149: [GC (Allocation Failure) [PSYoungGen: 26218503K->838468K(26355712K)] 27105208K->1726325K(29501440K), 0.1081941 secs] [Times: user=5.61 sys=0.00, real=0.11 secs] 
6613.169: [GC (Allocation Failure) [PSYoungGen: 26286916K->809052K(26355712K)] 27174773K->1697885K(29501440K), 0.1087614 secs] [Times: user=5.53 sys=0.00, real=0.11 secs] 
6616.190: [GC (Allocation Failure) [PSYoungGen: 26257500K->754975K(26355712K)] 27146333K->1644976K(29501440K), 0.1117553 secs] [Times: user=5.45 sys=0.00, real=0.12 secs] 
6618.918: [GC (Allocation Failure) [PSYoungGen: 26203423K->899974K(26355712K)] 27093424K->1790927K(29501440K), 0.1294772 secs] [Times: user=6.48 sys=0.00, real=0.13 secs] 
6621.699: [GC (Allocation Failure) [PSYoungGen: 26348422K->901415K(26355712K)] 27239375K->1793121K(29501440K), 0.1137687 secs] [Times: user=6.00 sys=0.00, real=0.12 secs] 
6624.454: [GC (Allocation Failure) [PSYoungGen: 26349863K->770143K(26355712K)] 27241569K->1662632K(29501440K), 0.1009390 secs] [Times: user=5.18 sys=0.00, real=0.10 secs] 
6627.130: [GC (Allocation Failure) [PSYoungGen: 26218591K->845642K(26355712K)] 27111080K->1739212K(29501440K), 0.1057421 secs] [Times: user=5.63 sys=0.00, real=0.10 secs] 
6629.862: [GC (Allocation Failure) [PSYoungGen: 26294090K->824691K(26355712K)] 27187660K->1719517K(29501440K), 0.1260550 secs] [Times: user=6.31 sys=0.00, real=0.12 secs] 
6632.637: [GC (Allocation Failure) [PSYoungGen: 26273139K->817127K(26355712K)] 27167965K->1738601K(29501440K), 0.1183857 secs] [Times: user=6.30 sys=0.00, real=0.12 secs] 
6644.194: [GC (System.gc()) [PSYoungGen: 9567840K->872167K(26355712K)] 10489314K->1794848K(29501440K), 0.0994206 secs] [Times: user=4.69 sys=0.01, real=0.10 secs] 
6644.294: [Full GC (System.gc()) [PSYoungGen: 872167K->0K(26355712K)] [ParOldGen: 922681K->255277K(3145728K)] 1794848K->255277K(29501440K), [Metaspace: 22630K->22630K(1071104K)], 0.0809189 secs] [Times: user=1.02 sys=0.01, real=0.08 secs] 
6651.599: [GC (System.gc()) [PSYoungGen: 3421033K->352K(26355712K)] 3676310K->255629K(29501440K), 0.0237086 secs] [Times: user=0.21 sys=0.00, real=0.03 secs] 
6651.623: [Full GC (System.gc()) [PSYoungGen: 352K->0K(26355712K)] [ParOldGen: 255277K->247626K(3145728K)] 255629K->247626K(29501440K), [Metaspace: 22634K->22634K(1071104K)], 0.0742957 secs] [Times: user=1.56 sys=0.01, real=0.07 secs] 
6666.465: [GC (Allocation Failure) [PSYoungGen: 25448448K->907253K(26355712K)] 25696074K->1245272K(29501440K), 0.1063455 secs] [Times: user=5.16 sys=0.01, real=0.11 secs] 
6676.260: [GC (Allocation Failure) [PSYoungGen: 26355701K->869952K(26355712K)] 26693720K->1207979K(29501440K), 0.0788406 secs] [Times: user=3.68 sys=0.00, real=0.07 secs] 
6686.008: [GC (Allocation Failure) [PSYoungGen: 26318400K->870271K(26355712K)] 26656427K->1208297K(29501440K), 0.0719818 secs] [Times: user=3.60 sys=0.01, real=0.08 secs] 
6696.250: [GC (System.gc()) [PSYoungGen: 17911487K->58518K(26355712K)] 18249514K->396544K(29501440K), 0.0142005 secs] [Times: user=0.29 sys=0.00, real=0.01 secs] 
6696.265: [Full GC (System.gc()) [PSYoungGen: 58518K->0K(26355712K)] [ParOldGen: 338026K->254422K(3145728K)] 396544K->254422K(29501440K), [Metaspace: 22716K->22716K(1071104K)], 0.0930781 secs] [Times: user=2.42 sys=0.02, real=0.09 secs] 
6696.576: [GC (System.gc()) [PSYoungGen: 570K->64K(26355712K)] 254993K->254486K(29501440K), 0.0250065 secs] [Times: user=0.19 sys=0.00, real=0.03 secs] 
6696.601: [Full GC (System.gc()) [PSYoungGen: 64K->0K(26355712K)] [ParOldGen: 254422K->254402K(3145728K)] 254486K->254402K(29501440K), [Metaspace: 22720K->22720K(1071104K)], 0.1584221 secs] [Times: user=1.13 sys=0.00, real=0.15 secs] 
6696.979: [GC (System.gc()) [PSYoungGen: 175200K->128K(26355712K)] 429603K->254530K(29501440K), 0.0125594 secs] [Times: user=0.21 sys=0.00, real=0.02 secs] 
6696.992: [Full GC (System.gc()) [PSYoungGen: 128K->0K(26355712K)] [ParOldGen: 254402K->254310K(3145728K)] 254530K->254310K(29501440K), [Metaspace: 22720K->22720K(1071104K)], 0.2038352 secs] [Times: user=5.76 sys=0.00, real=0.20 secs] 
Heap
 PSYoungGen      total 26355712K, used 1188202K [0x0000000140000000, 0x00000007c0000000, 0x00000007c0000000)
  eden space 25448448K, 4% used [0x0000000140000000,0x000000018885a820,0x0000000751400000)
  from space 907264K, 0% used [0x0000000788a00000,0x0000000788a00000,0x00000007c0000000)
  to   space 907264K, 0% used [0x0000000751400000,0x0000000751400000,0x0000000788a00000)
 ParOldGen       total 3145728K, used 254310K [0x0000000080000000, 0x0000000140000000, 0x0000000140000000)
  object space 3145728K, 8% used [0x0000000080000000,0x000000008f8598b8,0x0000000140000000)
 Metaspace       used 22725K, capacity 23562K, committed 23680K, reserved 1071104K
  class space    used 2638K, capacity 2869K, committed 2944K, reserved 1048576K
