Java HotSpot(TM) 64-Bit Server VM (25.60-b12) for linux-amd64 JRE (1.8.0_60-ea-b12), built on Apr 21 2015 19:53:00 by "java_re" with gcc 4.3.0 20080428 (Red Hat 4.3.0-8)
Memory: 4k page, physical 395463368k(390137928k free), swap 16318460k(16318460k free)
CommandLine flags: -XX:InitialHeapSize=2147483648 -XX:MaxHeapSize=32210157568 -XX:+PrintGC -XX:+PrintGCTimeStamps -XX:+UseCompressedClassPointers -XX:+UseCompressedOops -XX:+UseParallelGC 
1.882: [GC (Allocation Failure)  524800K->11035K(2010112K), 0.0406260 secs]
19.290: [GC (Allocation Failure)  535835K->24976K(2534912K), 0.0188597 secs]
21.515: [GC (Allocation Failure)  1074576K->26744K(2534912K), 0.0759402 secs]
22.810: [GC (System.gc())  291445K->27808K(3584512K), 0.0326797 secs]
22.843: [Full GC (System.gc())  27808K->26707K(3584512K), 0.0729473 secs]
63.143: [GC (Allocation Failure)  2125907K->30879K(3584512K), 0.0293909 secs]
109.608: [GC (System.gc())  1147897K->32100K(5683712K), 0.0153792 secs]
109.624: [Full GC (System.gc())  32100K->29029K(5683712K), 0.1044409 secs]
384.813: [GC (System.gc())  3111830K->32086K(5683712K), 0.0210843 secs]
384.834: [Full GC (System.gc())  32086K->28986K(5683712K), 0.0823326 secs]
506.417: [GC (System.gc())  1902240K->32111K(5683712K), 0.0180276 secs]
506.435: [Full GC (System.gc())  32111K->29037K(5683712K), 0.0844072 secs]
512.396: [GC (System.gc())  941710K->29805K(5683712K), 0.0145595 secs]
512.411: [Full GC (System.gc())  29805K->28926K(5683712K), 0.0905508 secs]
1770.527: [GC (Allocation Failure)  4227326K->32052K(5733888K), 0.0199323 secs]
3357.676: [GC (Allocation Failure)  4280628K->32229K(5461504K), 0.1081509 secs]
5036.062: [GC (Allocation Failure)  4091877K->31695K(5281280K), 0.1294984 secs]
6239.522: [GC (System.gc())  2778786K->31782K(5281280K), 0.0470314 secs]
6239.569: [Full GC (System.gc())  31782K->29108K(5281280K), 0.0742168 secs]
6442.945: [GC (System.gc())  853803K->31604K(5280768K), 0.0174406 secs]
6442.963: [Full GC (System.gc())  31604K->28886K(5280768K), 0.0654719 secs]
6450.608: [GC (System.gc())  377982K->29821K(5279232K), 0.0268112 secs]
6450.635: [Full GC (System.gc())  29821K->29232K(5279232K), 0.0642349 secs]
