Java HotSpot(TM) 64-Bit Server VM (25.60-b12) for linux-amd64 JRE (1.8.0_60-ea-b12), built on Apr 21 2015 19:53:00 by "java_re" with gcc 4.3.0 20080428 (Red Hat 4.3.0-8)
Memory: 4k page, physical 395463368k(390181600k free), swap 16318460k(16318460k free)
CommandLine flags: -XX:+AggressiveOpts -XX:+AlwaysPreTouch -XX:InitialHeapSize=31138512896 -XX:LargePageSizeInBytes=2097152 -XX:MaxHeapSize=31138512896 -XX:MaxNewSize=27917287424 -XX:MaxTenuringThreshold=15 -XX:NewSize=27917287424 -XX:ParallelGCThreads=56 -XX:+PrintGC -XX:+PrintGCDetails -XX:+PrintGCTimeStamps -XX:+PrintTenuringDistribution -XX:SurvivorRatio=28 -XX:TargetSurvivorRatio=95 -XX:-UseAdaptiveSizePolicy -XX:-UseBiasedLocking -XX:+UseCompressedClassPointers -XX:+UseCompressedOops -XX:+UseLargePages -XX:+UseParallelOldGC 
9.152: [GC (Allocation Failure) [PSYoungGen: 25448448K->12901K(26355712K)] 25448448K->13003K(29501440K), 0.0208430 secs] [Times: user=0.35 sys=0.00, real=0.03 secs] 
12.520: [GC (System.gc()) [PSYoungGen: 24303111K->8903K(26355712K)] 24303214K->9014K(29501440K), 0.0181691 secs] [Times: user=0.34 sys=0.00, real=0.02 secs] 
12.539: [Full GC (System.gc()) [PSYoungGen: 8903K->0K(26355712K)] [ParOldGen: 110K->8132K(3145728K)] 9014K->8132K(29501440K), [Metaspace: 16772K->16772K(1064960K)], 0.0396201 secs] [Times: user=0.64 sys=0.06, real=0.04 secs] 
22.613: [GC (Allocation Failure) [PSYoungGen: 25448448K->852391K(26355712K)] 25456580K->860539K(29501440K), 0.0735149 secs] [Times: user=3.38 sys=0.01, real=0.07 secs] 
31.240: [GC (Allocation Failure) [PSYoungGen: 26300839K->852596K(26355712K)] 26308987K->860752K(29501440K), 0.0669910 secs] [Times: user=3.12 sys=0.00, real=0.07 secs] 
99.284: [GC (System.gc()) [PSYoungGen: 22956224K->99409K(26355712K)] 22964381K->107574K(29501440K), 0.0179575 secs] [Times: user=0.74 sys=0.00, real=0.01 secs] 
99.303: [Full GC (System.gc()) [PSYoungGen: 99409K->0K(26355712K)] [ParOldGen: 8164K->105714K(3145728K)] 107574K->105714K(29501440K), [Metaspace: 20015K->20012K(1067008K)], 0.0805596 secs] [Times: user=2.09 sys=0.04, real=0.09 secs] 
219.143: [GC (Allocation Failure) [PSYoungGen: 25448448K->897823K(26355712K)] 25554162K->1003546K(29501440K), 0.0848732 secs] [Times: user=4.23 sys=0.00, real=0.08 secs] 
233.346: [GC (Allocation Failure) [PSYoungGen: 26346271K->898280K(26355712K)] 26451994K->1004011K(29501440K), 0.0749700 secs] [Times: user=3.75 sys=0.00, real=0.07 secs] 
242.024: [GC (Allocation Failure) [PSYoungGen: 26346728K->898833K(26355712K)] 26452459K->1004572K(29501440K), 0.0731935 secs] [Times: user=3.78 sys=0.00, real=0.07 secs] 
253.479: [GC (Allocation Failure) [PSYoungGen: 26347281K->900953K(26355712K)] 26453020K->1006764K(29501440K), 0.0779158 secs] [Times: user=3.83 sys=0.00, real=0.08 secs] 
262.420: [GC (Allocation Failure) [PSYoungGen: 26349401K->907235K(26355712K)] 26455212K->1021694K(29501440K), 0.0797307 secs] [Times: user=4.07 sys=0.00, real=0.08 secs] 
269.788: [GC (Allocation Failure) [PSYoungGen: 26355683K->907246K(26355712K)] 26470142K->1041353K(29501440K), 0.0852241 secs] [Times: user=4.12 sys=0.00, real=0.09 secs] 
276.381: [GC (Allocation Failure) [PSYoungGen: 26355694K->907248K(26355712K)] 26489801K->1127515K(29501440K), 0.1014335 secs] [Times: user=4.87 sys=0.00, real=0.11 secs] 
282.208: [GC (Allocation Failure) [PSYoungGen: 26355696K->907233K(26355712K)] 26575963K->1245980K(29501440K), 0.1056330 secs] [Times: user=5.41 sys=0.01, real=0.11 secs] 
287.932: [GC (Allocation Failure) [PSYoungGen: 26355681K->907257K(26355712K)] 26694428K->1310124K(29501440K), 0.0975056 secs] [Times: user=4.86 sys=0.01, real=0.10 secs] 
294.612: [GC (Allocation Failure) [PSYoungGen: 26355705K->907243K(26355712K)] 26758572K->1430854K(29501440K), 0.1099389 secs] [Times: user=5.45 sys=0.00, real=0.11 secs] 
299.522: [GC (Allocation Failure) [PSYoungGen: 26355691K->907235K(26355712K)] 26879302K->1510190K(29501440K), 0.1020769 secs] [Times: user=5.15 sys=0.01, real=0.11 secs] 
304.860: [GC (Allocation Failure) [PSYoungGen: 26355683K->907257K(26355712K)] 26958638K->1650852K(29501440K), 0.1159052 secs] [Times: user=5.62 sys=0.00, real=0.12 secs] 
308.698: [GC (Allocation Failure) [PSYoungGen: 26355705K->907245K(26355712K)] 27099300K->1769392K(29501440K), 0.1157710 secs] [Times: user=5.76 sys=0.00, real=0.12 secs] 
313.028: [GC (Allocation Failure) [PSYoungGen: 26355693K->907239K(26355712K)] 27217840K->1835498K(29501440K), 0.1058634 secs] [Times: user=4.92 sys=0.00, real=0.11 secs] 
317.398: [GC (Allocation Failure) [PSYoungGen: 26355687K->907247K(26355712K)] 27283946K->1976562K(29501440K), 0.1209013 secs] [Times: user=5.99 sys=0.00, real=0.12 secs] 
321.771: [GC (Allocation Failure) [PSYoungGen: 26355695K->793016K(26355712K)] 27425010K->2109103K(29501440K), 0.1218578 secs] [Times: user=6.17 sys=0.00, real=0.13 secs] 
325.673: [GC (Allocation Failure) [PSYoungGen: 26241464K->907261K(26355712K)] 27557551K->2277543K(29501440K), 0.1238331 secs] [Times: user=6.21 sys=0.02, real=0.12 secs] 
329.240: [GC (Allocation Failure) [PSYoungGen: 26355709K->876492K(26355712K)] 27725991K->2252280K(29501440K), 0.1123398 secs] [Times: user=5.68 sys=0.01, real=0.11 secs] 
332.391: [GC (Allocation Failure) [PSYoungGen: 26324940K->907235K(26355712K)] 27700728K->2421832K(29501440K), 0.1373076 secs] [Times: user=7.27 sys=0.01, real=0.14 secs] 
335.511: [GC (Allocation Failure) [PSYoungGen: 26355683K->907261K(26355712K)] 27870280K->2516907K(29501440K), 0.1421948 secs] [Times: user=7.21 sys=0.00, real=0.15 secs] 
338.567: [GC (Allocation Failure) [PSYoungGen: 26355709K->907239K(26355712K)] 27965355K->2789427K(29501440K), 0.1728630 secs] [Times: user=8.97 sys=0.02, real=0.17 secs] 
341.482: [GC (Allocation Failure) [PSYoungGen: 26355687K->907240K(26355712K)] 28237875K->3043701K(29501440K), 0.1647221 secs] [Times: user=8.81 sys=0.01, real=0.17 secs] 
344.169: [GC (Allocation Failure) [PSYoungGen: 26355688K->907233K(26355712K)] 28492149K->3284430K(29501440K), 0.2169265 secs] [Times: user=11.55 sys=0.00, real=0.22 secs] 
346.903: [GC (Allocation Failure) [PSYoungGen: 26355681K->907250K(26355712K)] 28732878K->3297969K(29501440K), 0.1346763 secs] [Times: user=7.13 sys=0.00, real=0.13 secs] 
349.741: [GC (Allocation Failure) [PSYoungGen: 26355698K->907237K(26355712K)] 28746417K->3620261K(29501440K), 0.1744001 secs] [Times: user=9.31 sys=0.01, real=0.18 secs] 
352.479: [GC (Allocation Failure) --[PSYoungGen: 26355685K->26355685K(26355712K)] 29068709K->29501413K(29501440K), 8.5668177 secs] [Times: user=18.92 sys=0.05, real=8.57 secs] 
361.048: [Full GC (Ergonomics) [PSYoungGen: 26355685K->0K(26355712K)] [ParOldGen: 3145727K->1852778K(3145728K)] 29501413K->1852778K(29501440K), [Metaspace: 22140K->22129K(1069056K)], 2.1009384 secs] [Times: user=37.66 sys=0.61, real=2.10 secs] 
365.775: [GC (Allocation Failure) [PSYoungGen: 25448448K->907232K(26355712K)] 27301226K->2896770K(29501440K), 0.1610077 secs] [Times: user=8.32 sys=0.00, real=0.16 secs] 
370.302: [GC (Allocation Failure) [PSYoungGen: 26355680K->907232K(26355712K)] 28345218K->3238971K(29501440K), 0.2084066 secs] [Times: user=11.19 sys=0.01, real=0.21 secs] 
372.295: [GC (System.gc()) [PSYoungGen: 11785651K->886285K(26355712K)] 14117390K->3218031K(29501440K), 0.1382761 secs] [Times: user=5.73 sys=0.03, real=0.14 secs] 
372.434: [Full GC (System.gc()) [PSYoungGen: 886285K->0K(26355712K)] [ParOldGen: 2331746K->173510K(3145728K)] 3218031K->173510K(29501440K), [Metaspace: 22327K->22327K(1069056K)], 0.1621330 secs] [Times: user=5.80 sys=0.01, real=0.16 secs] 
394.730: [GC (Allocation Failure) [PSYoungGen: 25448448K->907237K(26355712K)] 25621958K->1111835K(29501440K), 0.0940474 secs] [Times: user=4.77 sys=0.01, real=0.10 secs] 
401.789: [GC (Allocation Failure) [PSYoungGen: 26355685K->907245K(26355712K)] 26560283K->1230171K(29501440K), 0.1059784 secs] [Times: user=5.36 sys=0.02, real=0.11 secs] 
407.761: [GC (Allocation Failure) [PSYoungGen: 26355693K->907238K(26355712K)] 26678619K->1283661K(29501440K), 0.0935018 secs] [Times: user=4.67 sys=0.01, real=0.10 secs] 
412.899: [GC (Allocation Failure) [PSYoungGen: 26355686K->907246K(26355712K)] 26732109K->1387092K(29501440K), 0.1057208 secs] [Times: user=5.37 sys=0.00, real=0.11 secs] 
417.417: [GC (Allocation Failure) [PSYoungGen: 26355694K->907241K(26355712K)] 26835540K->1443351K(29501440K), 0.1054237 secs] [Times: user=5.01 sys=0.00, real=0.11 secs] 
421.859: [GC (Allocation Failure) [PSYoungGen: 26355689K->907239K(26355712K)] 26891799K->1615590K(29501440K), 0.1227568 secs] [Times: user=6.38 sys=0.00, real=0.12 secs] 
426.701: [GC (Allocation Failure) [PSYoungGen: 26355687K->907234K(26355712K)] 27064038K->1690856K(29501440K), 0.1115299 secs] [Times: user=5.66 sys=0.01, real=0.12 secs] 
430.558: [GC (Allocation Failure) [PSYoungGen: 26355682K->907252K(26355712K)] 27139304K->1815922K(29501440K), 0.1170812 secs] [Times: user=6.06 sys=0.00, real=0.12 secs] 
433.529: [GC (Allocation Failure) [PSYoungGen: 26355700K->907234K(26355712K)] 27264370K->1918472K(29501440K), 0.1117871 secs] [Times: user=5.58 sys=0.01, real=0.11 secs] 
437.162: [GC (Allocation Failure) [PSYoungGen: 26355682K->907250K(26355712K)] 27366920K->2007296K(29501440K), 0.1053242 secs] [Times: user=5.26 sys=0.01, real=0.11 secs] 
440.616: [GC (Allocation Failure) [PSYoungGen: 26355698K->907246K(26355712K)] 27455744K->2275708K(29501440K), 0.1512084 secs] [Times: user=7.83 sys=0.01, real=0.15 secs] 
444.314: [GC (Allocation Failure) [PSYoungGen: 26355694K->907239K(26355712K)] 27724156K->2441766K(29501440K), 0.1350061 secs] [Times: user=6.44 sys=0.01, real=0.13 secs] 
447.694: [GC (Allocation Failure) [PSYoungGen: 26355687K->907256K(26355712K)] 27890214K->2976905K(29501440K), 0.2205206 secs] [Times: user=11.51 sys=0.01, real=0.22 secs] 
451.557: [GC (Allocation Failure) [PSYoungGen: 26355704K->907234K(26355712K)] 28425353K->2976908K(29501440K), 0.1314157 secs] [Times: user=6.85 sys=0.01, real=0.13 secs] 
454.512: [GC (Allocation Failure) [PSYoungGen: 26355682K->907247K(26355712K)] 28425356K->3184897K(29501440K), 0.1750003 secs] [Times: user=9.22 sys=0.01, real=0.18 secs] 
457.801: [GC (Allocation Failure) [PSYoungGen: 26355695K->907250K(26355712K)] 28633345K->3372423K(29501440K), 0.1611415 secs] [Times: user=8.72 sys=0.01, real=0.16 secs] 
460.802: [GC (Allocation Failure) [PSYoungGen: 26355698K->907233K(26355712K)] 28820871K->3428026K(29501440K), 0.1232447 secs] [Times: user=6.38 sys=0.01, real=0.13 secs] 
464.027: [GC (Allocation Failure) [PSYoungGen: 26355681K->907249K(26355712K)] 28876474K->3482099K(29501440K), 0.1301426 secs] [Times: user=6.34 sys=0.00, real=0.13 secs] 
468.318: [GC (Allocation Failure) [PSYoungGen: 26355697K->802558K(26355712K)] 28930547K->3378224K(29501440K), 0.1387231 secs] [Times: user=6.90 sys=0.01, real=0.14 secs] 
472.691: [GC (Allocation Failure) [PSYoungGen: 26251006K->907235K(26355712K)] 28826672K->3687660K(29501440K), 0.1949734 secs] [Times: user=10.43 sys=0.01, real=0.20 secs] 
472.887: [Full GC (Ergonomics) [PSYoungGen: 907235K->0K(26355712K)] [ParOldGen: 2780425K->1528320K(3145728K)] 3687660K->1528320K(29501440K), [Metaspace: 22429K->22429K(1069056K)], 1.2911435 secs] [Times: user=29.20 sys=0.00, real=1.29 secs] 
477.293: [GC (Allocation Failure) [PSYoungGen: 25448448K->907252K(26355712K)] 26976768K->2594594K(29501440K), 0.1578458 secs] [Times: user=8.19 sys=0.00, real=0.15 secs] 
479.980: [GC (Allocation Failure) [PSYoungGen: 26355700K->907249K(26355712K)] 28043042K->2733599K(29501440K), 0.1504300 secs] [Times: user=7.88 sys=0.00, real=0.15 secs] 
484.366: [GC (Allocation Failure) [PSYoungGen: 26355697K->907261K(26355712K)] 28182047K->2966475K(29501440K), 0.1712440 secs] [Times: user=9.01 sys=0.00, real=0.17 secs] 
487.352: [GC (Allocation Failure) [PSYoungGen: 26355709K->907248K(26355712K)] 28414923K->3197094K(29501440K), 0.1689321 secs] [Times: user=8.88 sys=0.02, real=0.17 secs] 
491.319: [GC (Allocation Failure) [PSYoungGen: 26355696K->907259K(26355712K)] 28645542K->3526801K(29501440K), 0.1870037 secs] [Times: user=9.84 sys=0.01, real=0.19 secs] 
494.199: [GC (Allocation Failure) [PSYoungGen: 26355707K->907251K(26355712K)] 28975249K->3778057K(29501440K), 0.2703668 secs] [Times: user=8.48 sys=0.00, real=0.27 secs] 
494.470: [Full GC (Ergonomics) [PSYoungGen: 907251K->0K(26355712K)] [ParOldGen: 2870805K->1597169K(3145728K)] 3778057K->1597169K(29501440K), [Metaspace: 22429K->22429K(1069056K)], 1.0933566 secs] [Times: user=28.05 sys=0.01, real=1.10 secs] 
495.979: [GC (System.gc()) [PSYoungGen: 1991544K->87152K(26355712K)] 3588713K->1684321K(29501440K), 0.0602791 secs] [Times: user=1.30 sys=0.01, real=0.06 secs] 
496.039: [Full GC (System.gc()) [PSYoungGen: 87152K->0K(26355712K)] [ParOldGen: 1597169K->178097K(3145728K)] 1684321K->178097K(29501440K), [Metaspace: 22449K->22449K(1069056K)], 0.1597742 secs] [Times: user=5.19 sys=0.00, real=0.16 secs] 
502.055: [GC (System.gc()) [PSYoungGen: 2127896K->416K(26355712K)] 2305994K->178521K(29501440K), 0.0171813 secs] [Times: user=0.22 sys=0.00, real=0.01 secs] 
502.072: [Full GC (System.gc()) [PSYoungGen: 416K->0K(26355712K)] [ParOldGen: 178105K->160324K(3145728K)] 178521K->160324K(29501440K), [Metaspace: 22457K->22457K(1069056K)], 0.0610722 secs] [Times: user=0.66 sys=0.00, real=0.07 secs] 
526.227: [GC (Allocation Failure) [PSYoungGen: 25448448K->907238K(26355712K)] 25608772K->1084427K(29501440K), 0.0917869 secs] [Times: user=4.59 sys=0.00, real=0.09 secs] 
548.444: [GC (Allocation Failure) [PSYoungGen: 26355686K->907242K(26355712K)] 26532875K->1090791K(29501440K), 0.0789687 secs] [Times: user=3.94 sys=0.01, real=0.08 secs] 
570.664: [GC (Allocation Failure) [PSYoungGen: 26355690K->907260K(26355712K)] 26539239K->1091529K(29501440K), 0.0769318 secs] [Times: user=3.90 sys=0.01, real=0.07 secs] 
592.971: [GC (Allocation Failure) [PSYoungGen: 26355708K->907244K(26355712K)] 26539977K->1098176K(29501440K), 0.0813845 secs] [Times: user=3.93 sys=0.01, real=0.08 secs] 
615.212: [GC (Allocation Failure) [PSYoungGen: 26355692K->907248K(26355712K)] 26546624K->1107845K(29501440K), 0.0826232 secs] [Times: user=4.04 sys=0.01, real=0.09 secs] 
637.469: [GC (Allocation Failure) [PSYoungGen: 26355696K->907262K(26355712K)] 26556293K->1119259K(29501440K), 0.0857858 secs] [Times: user=3.92 sys=0.00, real=0.09 secs] 
659.642: [GC (Allocation Failure) [PSYoungGen: 26355710K->890356K(26355712K)] 26567707K->1102352K(29501440K), 0.0754945 secs] [Times: user=3.79 sys=0.00, real=0.08 secs] 
681.952: [GC (Allocation Failure) [PSYoungGen: 26338804K->896644K(26355712K)] 26550800K->1108640K(29501440K), 0.0815011 secs] [Times: user=3.80 sys=0.01, real=0.09 secs] 
865.870: [GC (Allocation Failure) [PSYoungGen: 26345092K->886260K(26355712K)] 26557088K->1098256K(29501440K), 0.0790470 secs] [Times: user=3.71 sys=0.01, real=0.08 secs] 
945.935: [GC (Allocation Failure) [PSYoungGen: 26334708K->891036K(26355712K)] 26546704K->1103041K(29501440K), 0.0766126 secs] [Times: user=3.77 sys=0.01, real=0.07 secs] 
1002.572: [GC (Allocation Failure) [PSYoungGen: 26339484K->889284K(26355712K)] 26551489K->1101289K(29501440K), 0.0738178 secs] [Times: user=3.79 sys=0.01, real=0.08 secs] 
1049.560: [GC (Allocation Failure) [PSYoungGen: 26337732K->893507K(26355712K)] 26549737K->1105512K(29501440K), 0.0808541 secs] [Times: user=3.70 sys=0.01, real=0.08 secs] 
1091.470: [GC (Allocation Failure) [PSYoungGen: 26341955K->891580K(26355712K)] 26553960K->1103585K(29501440K), 0.0786418 secs] [Times: user=3.78 sys=0.01, real=0.08 secs] 
1128.331: [GC (Allocation Failure) [PSYoungGen: 26340028K->891548K(26355712K)] 26552033K->1103553K(29501440K), 0.0774875 secs] [Times: user=3.80 sys=0.01, real=0.08 secs] 
1162.268: [GC (Allocation Failure) [PSYoungGen: 26339996K->892044K(26355712K)] 26552001K->1104048K(29501440K), 0.0813736 secs] [Times: user=3.76 sys=0.01, real=0.08 secs] 
1193.934: [GC (Allocation Failure) [PSYoungGen: 26340492K->604749K(26355712K)] 26552496K->1108730K(29501440K), 0.1019011 secs] [Times: user=5.18 sys=0.00, real=0.10 secs] 
1223.581: [GC (Allocation Failure) [PSYoungGen: 26053197K->602445K(26355712K)] 26557178K->1113139K(29501440K), 0.0908563 secs] [Times: user=4.69 sys=0.02, real=0.09 secs] 
1251.286: [GC (Allocation Failure) [PSYoungGen: 26050893K->594380K(26355712K)] 26561587K->1107731K(29501440K), 0.0895920 secs] [Times: user=4.45 sys=0.00, real=0.09 secs] 
1278.556: [GC (Allocation Failure) [PSYoungGen: 26042828K->595420K(26355712K)] 26556179K->1110436K(29501440K), 0.0928747 secs] [Times: user=4.65 sys=0.00, real=0.09 secs] 
1303.086: [GC (Allocation Failure) [PSYoungGen: 26043868K->600620K(26355712K)] 26558884K->1119148K(29501440K), 0.0935904 secs] [Times: user=4.56 sys=0.00, real=0.09 secs] 
1327.553: [GC (Allocation Failure) [PSYoungGen: 26049068K->598684K(26355712K)] 26567596K->1118300K(29501440K), 0.0908892 secs] [Times: user=4.45 sys=0.01, real=0.09 secs] 
1351.176: [GC (Allocation Failure) [PSYoungGen: 26047132K->606866K(26355712K)] 26566748K->1127665K(29501440K), 0.0985856 secs] [Times: user=4.75 sys=0.00, real=0.10 secs] 
1373.304: [GC (Allocation Failure) [PSYoungGen: 26055314K->603681K(26355712K)] 26576113K->1125777K(29501440K), 0.0921614 secs] [Times: user=4.59 sys=0.01, real=0.09 secs] 
1395.293: [GC (Allocation Failure) [PSYoungGen: 26052129K->590028K(26355712K)] 26574225K->1114460K(29501440K), 0.0905384 secs] [Times: user=4.72 sys=0.00, real=0.09 secs] 
1416.498: [GC (Allocation Failure) [PSYoungGen: 26038476K->598529K(26355712K)] 26562908K->1123625K(29501440K), 0.0959465 secs] [Times: user=4.74 sys=0.01, real=0.10 secs] 
1436.549: [GC (Allocation Failure) [PSYoungGen: 26046977K->593180K(26355712K)] 26572073K->1118916K(29501440K), 0.0936370 secs] [Times: user=4.77 sys=0.00, real=0.10 secs] 
1456.599: [GC (Allocation Failure) [PSYoungGen: 26041628K->601452K(26355712K)] 26567364K->1127860K(29501440K), 0.1001492 secs] [Times: user=4.66 sys=0.01, real=0.10 secs] 
1476.240: [GC (Allocation Failure) [PSYoungGen: 26049900K->590444K(26355712K)] 26576308K->1117492K(29501440K), 0.0925267 secs] [Times: user=4.62 sys=0.01, real=0.10 secs] 
1494.596: [GC (Allocation Failure) [PSYoungGen: 26038892K->602288K(26355712K)] 26565940K->1129960K(29501440K), 0.1015834 secs] [Times: user=4.73 sys=0.01, real=0.10 secs] 
1513.006: [GC (Allocation Failure) [PSYoungGen: 26050736K->607292K(26355712K)] 26578408K->1135596K(29501440K), 0.0910485 secs] [Times: user=4.49 sys=0.00, real=0.09 secs] 
1531.307: [GC (Allocation Failure) [PSYoungGen: 26055740K->593420K(26355712K)] 26584044K->1122324K(29501440K), 0.0926314 secs] [Times: user=4.59 sys=0.00, real=0.09 secs] 
1548.694: [GC (Allocation Failure) [PSYoungGen: 26041868K->596572K(26355712K)] 26570772K->1126180K(29501440K), 0.0926283 secs] [Times: user=4.49 sys=0.01, real=0.09 secs] 
1565.665: [GC (Allocation Failure) [PSYoungGen: 26045020K->597372K(26355712K)] 26574628K->1127676K(29501440K), 0.0894274 secs] [Times: user=4.64 sys=0.01, real=0.09 secs] 
1582.653: [GC (Allocation Failure) [PSYoungGen: 26045820K->603377K(26355712K)] 26576124K->1134321K(29501440K), 0.0960343 secs] [Times: user=4.54 sys=0.00, real=0.09 secs] 
1599.591: [GC (Allocation Failure) [PSYoungGen: 26051825K->597100K(26355712K)] 26582769K->1128724K(29501440K), 0.0978092 secs] [Times: user=4.63 sys=0.00, real=0.10 secs] 
1615.601: [GC (Allocation Failure) [PSYoungGen: 26045548K->598892K(26355712K)] 26577172K->1131212K(29501440K), 0.0857714 secs] [Times: user=4.52 sys=0.01, real=0.09 secs] 
1631.359: [GC (Allocation Failure) [PSYoungGen: 26047340K->595164K(26355712K)] 26579660K->1128100K(29501440K), 0.0897711 secs] [Times: user=4.62 sys=0.00, real=0.09 secs] 
1647.123: [GC (Allocation Failure) [PSYoungGen: 26043612K->608924K(26355712K)] 26576548K->1142580K(29501440K), 0.0952145 secs] [Times: user=4.69 sys=0.00, real=0.09 secs] 
1662.810: [GC (Allocation Failure) [PSYoungGen: 26057372K->599468K(26355712K)] 26591028K->1134189K(29501440K), 0.0950463 secs] [Times: user=4.63 sys=0.01, real=0.10 secs] 
1677.936: [GC (Allocation Failure) [PSYoungGen: 26047916K->602844K(26355712K)] 26582637K->1138301K(29501440K), 0.0901565 secs] [Times: user=4.54 sys=0.01, real=0.09 secs] 
1692.642: [GC (Allocation Failure) [PSYoungGen: 26051292K->600732K(26355712K)] 26586749K->1136957K(29501440K), 0.0892205 secs] [Times: user=4.61 sys=0.00, real=0.09 secs] 
1707.332: [GC (Allocation Failure) [PSYoungGen: 26049180K->594636K(26355712K)] 26585405K->1131653K(29501440K), 0.0946976 secs] [Times: user=4.53 sys=0.01, real=0.10 secs] 
1722.069: [GC (Allocation Failure) [PSYoungGen: 26043084K->606636K(26355712K)] 26580101K->1144405K(29501440K), 0.0906170 secs] [Times: user=4.73 sys=0.01, real=0.09 secs] 
1736.591: [GC (Allocation Failure) [PSYoungGen: 26055084K->612197K(26355712K)] 26592853K->1150846K(29501440K), 0.0990904 secs] [Times: user=4.67 sys=0.00, real=0.10 secs] 
1750.344: [GC (Allocation Failure) [PSYoungGen: 26060645K->605616K(26355712K)] 26599294K->1144938K(29501440K), 0.0915379 secs] [Times: user=4.68 sys=0.01, real=0.09 secs] 
1764.144: [GC (Allocation Failure) [PSYoungGen: 26054064K->602140K(26355712K)] 26593386K->1142325K(29501440K), 0.0997408 secs] [Times: user=4.69 sys=0.01, real=0.10 secs] 
1777.915: [GC (Allocation Failure) [PSYoungGen: 26050588K->604844K(26355712K)] 26590773K->1145733K(29501440K), 0.0910955 secs] [Times: user=4.40 sys=0.00, real=0.09 secs] 
1791.709: [GC (Allocation Failure) [PSYoungGen: 26053292K->609856K(26355712K)] 26594181K->1151553K(29501440K), 0.0996302 secs] [Times: user=4.77 sys=0.01, real=0.10 secs] 
1805.188: [GC (Allocation Failure) [PSYoungGen: 26058304K->594636K(26355712K)] 26600001K->1137109K(29501440K), 0.0915478 secs] [Times: user=4.64 sys=0.00, real=0.09 secs] 
1818.267: [GC (Allocation Failure) [PSYoungGen: 26043084K->602416K(26355712K)] 26585557K->1145634K(29501440K), 0.0895814 secs] [Times: user=4.50 sys=0.01, real=0.09 secs] 
1831.347: [GC (Allocation Failure) [PSYoungGen: 26050864K->608956K(26355712K)] 26594082K->1152941K(29501440K), 0.0912757 secs] [Times: user=4.72 sys=0.01, real=0.09 secs] 
1844.357: [GC (Allocation Failure) [PSYoungGen: 26057404K->621354K(26355712K)] 26601389K->1166195K(29501440K), 0.0934471 secs] [Times: user=4.70 sys=0.01, real=0.09 secs] 
1857.338: [GC (Allocation Failure) [PSYoungGen: 26069802K->613329K(26355712K)] 26614643K->1158850K(29501440K), 0.0937153 secs] [Times: user=4.81 sys=0.01, real=0.09 secs] 
1870.172: [GC (Allocation Failure) [PSYoungGen: 26061777K->608684K(26355712K)] 26607298K->1155053K(29501440K), 0.0950437 secs] [Times: user=4.37 sys=0.00, real=0.10 secs] 
1882.622: [GC (Allocation Failure) [PSYoungGen: 26057132K->604556K(26355712K)] 26603501K->1151741K(29501440K), 0.0991017 secs] [Times: user=4.59 sys=0.00, real=0.10 secs] 
1894.962: [GC (Allocation Failure) [PSYoungGen: 26053004K->616684K(26355712K)] 26600189K->1164622K(29501440K), 0.0962654 secs] [Times: user=4.55 sys=0.01, real=0.10 secs] 
1907.264: [GC (Allocation Failure) [PSYoungGen: 26065132K->598428K(26355712K)] 26613070K->1147102K(29501440K), 0.0907348 secs] [Times: user=4.65 sys=0.01, real=0.09 secs] 
1919.671: [GC (Allocation Failure) [PSYoungGen: 26046876K->613084K(26355712K)] 26595550K->1162590K(29501440K), 0.0929232 secs] [Times: user=4.66 sys=0.00, real=0.10 secs] 
1932.068: [GC (Allocation Failure) [PSYoungGen: 26061532K->616844K(26355712K)] 26611038K->1167142K(29501440K), 0.0944951 secs] [Times: user=4.54 sys=0.00, real=0.09 secs] 
1943.778: [GC (Allocation Failure) [PSYoungGen: 26065292K->620513K(26355712K)] 26615590K->1171738K(29501440K), 0.0892668 secs] [Times: user=4.55 sys=0.00, real=0.09 secs] 
1955.702: [GC (Allocation Failure) [PSYoungGen: 26068961K->610572K(26355712K)] 26620186K->1162582K(29501440K), 0.0951485 secs] [Times: user=4.60 sys=0.00, real=0.10 secs] 
1967.480: [GC (Allocation Failure) [PSYoungGen: 26059020K->619878K(26355712K)] 26611030K->1172624K(29501440K), 0.0950090 secs] [Times: user=4.53 sys=0.00, real=0.10 secs] 
1979.315: [GC (Allocation Failure) [PSYoungGen: 26068326K->606460K(26355712K)] 26621072K->1159886K(29501440K), 0.0890450 secs] [Times: user=4.50 sys=0.00, real=0.09 secs] 
1991.180: [GC (Allocation Failure) [PSYoungGen: 26054908K->610332K(26355712K)] 26608334K->1164646K(29501440K), 0.0892298 secs] [Times: user=4.65 sys=0.01, real=0.09 secs] 
2002.603: [GC (Allocation Failure) [PSYoungGen: 26058780K->624354K(26355712K)] 26613094K->1179339K(29501440K), 0.1015424 secs] [Times: user=4.72 sys=0.00, real=0.11 secs] 
2013.836: [GC (Allocation Failure) [PSYoungGen: 26072802K->609740K(26355712K)] 26627787K->1165510K(29501440K), 0.0899247 secs] [Times: user=4.67 sys=0.01, real=0.09 secs] 
2025.112: [GC (Allocation Failure) [PSYoungGen: 26058188K->623949K(26355712K)] 26613958K->1180430K(29501440K), 0.0930511 secs] [Times: user=4.62 sys=0.00, real=0.10 secs] 
2036.371: [GC (Allocation Failure) [PSYoungGen: 26072397K->609196K(26355712K)] 26628878K->1166438K(29501440K), 0.0952116 secs] [Times: user=4.83 sys=0.01, real=0.10 secs] 
2047.672: [GC (Allocation Failure) [PSYoungGen: 26057644K->613037K(26355712K)] 26614886K->1171038K(29501440K), 0.0948514 secs] [Times: user=4.55 sys=0.00, real=0.10 secs] 
2059.006: [GC (Allocation Failure) [PSYoungGen: 26061485K->639985K(26355712K)] 26619486K->1199307K(29501440K), 0.0907945 secs] [Times: user=4.67 sys=0.00, real=0.09 secs] 
2069.918: [GC (Allocation Failure) [PSYoungGen: 26088433K->619297K(26355712K)] 26647755K->1180427K(29501440K), 0.0974278 secs] [Times: user=4.75 sys=0.01, real=0.10 secs] 
2080.703: [GC (Allocation Failure) [PSYoungGen: 26067745K->614108K(26355712K)] 26628875K->1176191K(29501440K), 0.0932673 secs] [Times: user=4.61 sys=0.01, real=0.10 secs] 
2091.532: [GC (Allocation Failure) [PSYoungGen: 26062556K->611948K(26355712K)] 26624639K->1174895K(29501440K), 0.0964468 secs] [Times: user=4.64 sys=0.00, real=0.10 secs] 
2102.372: [GC (Allocation Failure) [PSYoungGen: 26060396K->614385K(26355712K)] 26623343K->1178131K(29501440K), 0.0947304 secs] [Times: user=4.70 sys=0.01, real=0.10 secs] 
2113.156: [GC (Allocation Failure) [PSYoungGen: 26062833K->605649K(26355712K)] 26626579K->1170268K(29501440K), 0.0970358 secs] [Times: user=4.47 sys=0.00, real=0.10 secs] 
2123.943: [GC (Allocation Failure) [PSYoungGen: 26054097K->617900K(26355712K)] 26618716K->1183383K(29501440K), 0.0928500 secs] [Times: user=4.75 sys=0.00, real=0.10 secs] 
2134.666: [GC (Allocation Failure) [PSYoungGen: 26066348K->631029K(26355712K)] 26631831K->1197408K(29501440K), 0.0976420 secs] [Times: user=4.79 sys=0.00, real=0.10 secs] 
2144.984: [GC (Allocation Failure) [PSYoungGen: 26079477K->616396K(26355712K)] 26645856K->1183535K(29501440K), 0.0955048 secs] [Times: user=4.56 sys=0.00, real=0.09 secs] 
2155.324: [GC (Allocation Failure) [PSYoungGen: 26064844K->608913K(26355712K)] 26631983K->1176996K(29501440K), 0.0955151 secs] [Times: user=4.61 sys=0.01, real=0.09 secs] 
2165.686: [GC (Allocation Failure) [PSYoungGen: 26057361K->627149K(26355712K)] 26625444K->1196248K(29501440K), 0.0922718 secs] [Times: user=4.75 sys=0.01, real=0.09 secs] 
2176.144: [GC (Allocation Failure) [PSYoungGen: 26075597K->604157K(26355712K)] 26644696K->1174184K(29501440K), 0.0978789 secs] [Times: user=4.67 sys=0.01, real=0.09 secs] 
2186.379: [GC (Allocation Failure) [PSYoungGen: 26052605K->611873K(26355712K)] 26622632K->1182956K(29501440K), 0.0947594 secs] [Times: user=4.62 sys=0.01, real=0.10 secs] 
2196.732: [GC (Allocation Failure) [PSYoungGen: 26060321K->626422K(26355712K)] 26631404K->1198378K(29501440K), 0.0952926 secs] [Times: user=4.80 sys=0.00, real=0.10 secs] 
2206.720: [GC (Allocation Failure) [PSYoungGen: 26074870K->621453K(26355712K)] 26646826K->1194248K(29501440K), 0.0936723 secs] [Times: user=4.74 sys=0.00, real=0.10 secs] 
2216.704: [GC (Allocation Failure) [PSYoungGen: 26069901K->620285K(26355712K)] 26642696K->1193808K(29501440K), 0.0893549 secs] [Times: user=4.52 sys=0.00, real=0.09 secs] 
2226.772: [GC (Allocation Failure) [PSYoungGen: 26068733K->627703K(26355712K)] 26642256K->1202138K(29501440K), 0.0960661 secs] [Times: user=4.61 sys=0.00, real=0.10 secs] 
2236.739: [GC (Allocation Failure) [PSYoungGen: 26076151K->625021K(26355712K)] 26650586K->1200249K(29501440K), 0.0937779 secs] [Times: user=4.61 sys=0.00, real=0.10 secs] 
2246.630: [GC (Allocation Failure) [PSYoungGen: 26073469K->616061K(26355712K)] 26648697K->1192473K(29501440K), 0.0966542 secs] [Times: user=4.69 sys=0.00, real=0.10 secs] 
2256.589: [GC (Allocation Failure) [PSYoungGen: 26064509K->623634K(26355712K)] 26640921K->1200958K(29501440K), 0.0960525 secs] [Times: user=4.64 sys=0.01, real=0.10 secs] 
2266.295: [GC (Allocation Failure) [PSYoungGen: 26072082K->612546K(26355712K)] 26649406K->1190566K(29501440K), 0.0967749 secs] [Times: user=4.76 sys=0.01, real=0.09 secs] 
2275.793: [GC (Allocation Failure) [PSYoungGen: 26060994K->621805K(26355712K)] 26639014K->1200585K(29501440K), 0.0957549 secs] [Times: user=4.66 sys=0.00, real=0.09 secs] 
2285.332: [GC (Allocation Failure) [PSYoungGen: 26070253K->636100K(26355712K)] 26649033K->1215792K(29501440K), 0.0948058 secs] [Times: user=4.67 sys=0.00, real=0.10 secs] 
2294.933: [GC (Allocation Failure) [PSYoungGen: 26084548K->622605K(26355712K)] 26664240K->1203081K(29501440K), 0.0907349 secs] [Times: user=4.71 sys=0.00, real=0.09 secs] 
2304.510: [GC (Allocation Failure) [PSYoungGen: 26071053K->627793K(26355712K)] 26651529K->1209454K(29501440K), 0.0992169 secs] [Times: user=4.66 sys=0.01, real=0.10 secs] 
2314.224: [GC (Allocation Failure) [PSYoungGen: 26076241K->609997K(26355712K)] 26657902K->1193330K(29501440K), 0.0952616 secs] [Times: user=4.68 sys=0.01, real=0.09 secs] 
2323.847: [GC (Allocation Failure) [PSYoungGen: 26058445K->636935K(26355712K)] 26641778K->1221092K(29501440K), 0.0917136 secs] [Times: user=4.69 sys=0.01, real=0.09 secs] 
2333.668: [GC (Allocation Failure) [PSYoungGen: 26085383K->628850K(26355712K)] 26669540K->1213887K(29501440K), 0.1006871 secs] [Times: user=4.77 sys=0.01, real=0.10 secs] 
2343.098: [GC (Allocation Failure) [PSYoungGen: 26077298K->636829K(26355712K)] 26662335K->1222690K(29501440K), 0.0971340 secs] [Times: user=4.34 sys=0.00, real=0.10 secs] 
2352.397: [GC (Allocation Failure) [PSYoungGen: 26085277K->623949K(26355712K)] 26671138K->1210570K(29501440K), 0.0908705 secs] [Times: user=4.61 sys=0.00, real=0.09 secs] 
2361.503: [GC (Allocation Failure) [PSYoungGen: 26072397K->615646K(26355712K)] 26659018K->1203067K(29501440K), 0.0906330 secs] [Times: user=4.80 sys=0.00, real=0.09 secs] 
2370.814: [GC (Allocation Failure) [PSYoungGen: 26064094K->627938K(26355712K)] 26651515K->1216648K(29501440K), 0.0973348 secs] [Times: user=4.72 sys=0.00, real=0.09 secs] 
2380.050: [GC (Allocation Failure) [PSYoungGen: 26076386K->643938K(26355712K)] 26665096K->1234784K(29501440K), 0.1087711 secs] [Times: user=4.77 sys=0.00, real=0.11 secs] 
2389.441: [GC (Allocation Failure) [PSYoungGen: 26092386K->625392K(26355712K)] 26683232K->1217031K(29501440K), 0.0932552 secs] [Times: user=4.61 sys=0.01, real=0.10 secs] 
2398.493: [GC (Allocation Failure) [PSYoungGen: 26073840K->624642K(26355712K)] 26665479K->1217065K(29501440K), 0.0906951 secs] [Times: user=4.64 sys=0.00, real=0.09 secs] 
2407.755: [GC (Allocation Failure) [PSYoungGen: 26073090K->632002K(26355712K)] 26665513K->1225297K(29501440K), 0.0955701 secs] [Times: user=4.73 sys=0.00, real=0.09 secs] 
2416.715: [GC (Allocation Failure) [PSYoungGen: 26080450K->622701K(26355712K)] 26673745K->1216892K(29501440K), 0.0947415 secs] [Times: user=4.81 sys=0.00, real=0.09 secs] 
2425.698: [GC (Allocation Failure) [PSYoungGen: 26071149K->629453K(26355712K)] 26665340K->1224692K(29501440K), 0.0954972 secs] [Times: user=4.66 sys=0.01, real=0.10 secs] 
2434.555: [GC (Allocation Failure) [PSYoungGen: 26077901K->620045K(26355712K)] 26673140K->1215956K(29501440K), 0.0956115 secs] [Times: user=4.93 sys=0.01, real=0.09 secs] 
2443.545: [GC (Allocation Failure) [PSYoungGen: 26068493K->626679K(26355712K)] 26664404K->1223278K(29501440K), 0.0905639 secs] [Times: user=4.66 sys=0.01, real=0.09 secs] 
2452.308: [GC (Allocation Failure) [PSYoungGen: 26075127K->620381K(26355712K)] 26671726K->1217772K(29501440K), 0.0924124 secs] [Times: user=4.73 sys=0.01, real=0.09 secs] 
2461.150: [GC (Allocation Failure) [PSYoungGen: 26068829K->612993K(26355712K)] 26666220K->1211393K(29501440K), 0.1010354 secs] [Times: user=4.53 sys=0.01, real=0.10 secs] 
2470.149: [GC (Allocation Failure) [PSYoungGen: 26061441K->611677K(26355712K)] 26659841K->1210852K(29501440K), 0.0941358 secs] [Times: user=4.80 sys=0.00, real=0.10 secs] 
2479.149: [GC (Allocation Failure) [PSYoungGen: 26060125K->661721K(26355712K)] 26659300K->1261633K(29501440K), 0.0984201 secs] [Times: user=5.00 sys=0.00, real=0.10 secs] 
2487.916: [GC (Allocation Failure) [PSYoungGen: 26110169K->636978K(26355712K)] 26710081K->1237554K(29501440K), 0.0940311 secs] [Times: user=4.83 sys=0.01, real=0.09 secs] 
2496.577: [GC (Allocation Failure) [PSYoungGen: 26085426K->630118K(26355712K)] 26686002K->1233006K(29501440K), 0.0951698 secs] [Times: user=4.81 sys=0.00, real=0.09 secs] 
2505.205: [GC (Allocation Failure) [PSYoungGen: 26078566K->616178K(26355712K)] 26681454K->1219787K(29501440K), 0.0989434 secs] [Times: user=4.81 sys=0.01, real=0.10 secs] 
2513.941: [GC (Allocation Failure) [PSYoungGen: 26064626K->633841K(26355712K)] 26668235K->1238610K(29501440K), 0.0914619 secs] [Times: user=4.68 sys=0.01, real=0.10 secs] 
2522.517: [GC (Allocation Failure) [PSYoungGen: 26082289K->631277K(26355712K)] 26687058K->1236806K(29501440K), 0.0942126 secs] [Times: user=4.70 sys=0.00, real=0.09 secs] 
2531.464: [GC (Allocation Failure) [PSYoungGen: 26079725K->616300K(26355712K)] 26685254K->1222781K(29501440K), 0.0993700 secs] [Times: user=4.11 sys=0.00, real=0.10 secs] 
2539.838: [GC (Allocation Failure) [PSYoungGen: 26064748K->628031K(26355712K)] 26671229K->1235233K(29501440K), 0.0969563 secs] [Times: user=4.89 sys=0.01, real=0.10 secs] 
2548.531: [GC (Allocation Failure) [PSYoungGen: 26076479K->615404K(26355712K)] 26683681K->1223293K(29501440K), 0.0986228 secs] [Times: user=4.38 sys=0.00, real=0.10 secs] 
2557.225: [GC (Allocation Failure) [PSYoungGen: 26063852K->629755K(26355712K)] 26671741K->1238388K(29501440K), 0.0971796 secs] [Times: user=4.83 sys=0.00, real=0.09 secs] 
2565.705: [GC (Allocation Failure) [PSYoungGen: 26078203K->620284K(26355712K)] 26686836K->1229558K(29501440K), 0.0944196 secs] [Times: user=4.65 sys=0.00, real=0.09 secs] 
2573.778: [GC (Allocation Failure) [PSYoungGen: 26068732K->631202K(26355712K)] 26678006K->1241132K(29501440K), 0.0969064 secs] [Times: user=4.57 sys=0.00, real=0.10 secs] 
2582.326: [GC (Allocation Failure) [PSYoungGen: 26079650K->618561K(26355712K)] 26689580K->1229203K(29501440K), 0.0905441 secs] [Times: user=4.74 sys=0.00, real=0.09 secs] 
2590.788: [GC (Allocation Failure) [PSYoungGen: 26067009K->623922K(26355712K)] 26677651K->1235460K(29501440K), 0.0975289 secs] [Times: user=4.70 sys=0.01, real=0.10 secs] 
2599.229: [GC (Allocation Failure) [PSYoungGen: 26072370K->619746K(26355712K)] 26683908K->1231852K(29501440K), 0.0917659 secs] [Times: user=4.78 sys=0.01, real=0.09 secs] 
2607.600: [GC (Allocation Failure) [PSYoungGen: 26068194K->623821K(26355712K)] 26680300K->1236575K(29501440K), 0.0955181 secs] [Times: user=4.70 sys=0.01, real=0.10 secs] 
2615.930: [GC (Allocation Failure) [PSYoungGen: 26072269K->625933K(26355712K)] 26685023K->1239679K(29501440K), 0.0908648 secs] [Times: user=4.77 sys=0.01, real=0.09 secs] 
2624.155: [GC (Allocation Failure) [PSYoungGen: 26074381K->612941K(26355712K)] 26688127K->1227327K(29501440K), 0.0925507 secs] [Times: user=4.72 sys=0.00, real=0.09 secs] 
2632.340: [GC (Allocation Failure) [PSYoungGen: 26061389K->617101K(26355712K)] 26675775K->1232175K(29501440K), 0.0937896 secs] [Times: user=4.54 sys=0.00, real=0.10 secs] 
2640.415: [GC (Allocation Failure) [PSYoungGen: 26065549K->630674K(26355712K)] 26680623K->1246436K(29501440K), 0.0968248 secs] [Times: user=4.67 sys=0.00, real=0.09 secs] 
2648.494: [GC (Allocation Failure) [PSYoungGen: 26079122K->621421K(26355712K)] 26694884K->1237903K(29501440K), 0.0974810 secs] [Times: user=4.66 sys=0.01, real=0.09 secs] 
2656.750: [GC (Allocation Failure) [PSYoungGen: 26069869K->638925K(26355712K)] 26686351K->1256167K(29501440K), 0.0937249 secs] [Times: user=4.75 sys=0.00, real=0.10 secs] 
2664.808: [GC (Allocation Failure) [PSYoungGen: 26087373K->652210K(26355712K)] 26704615K->1270276K(29501440K), 0.0966739 secs] [Times: user=4.75 sys=0.01, real=0.10 secs] 
2672.799: [GC (Allocation Failure) [PSYoungGen: 26100658K->638375K(26355712K)] 26718724K->1257121K(29501440K), 0.0916556 secs] [Times: user=4.77 sys=0.00, real=0.09 secs] 
2680.655: [GC (Allocation Failure) [PSYoungGen: 26086823K->639092K(26355712K)] 26705569K->1258519K(29501440K), 0.0955284 secs] [Times: user=4.68 sys=0.00, real=0.09 secs] 
2688.583: [GC (Allocation Failure) [PSYoungGen: 26087540K->629917K(26355712K)] 26706967K->1249960K(29501440K), 0.0964455 secs] [Times: user=4.80 sys=0.01, real=0.09 secs] 
2696.474: [GC (Allocation Failure) [PSYoungGen: 26078365K->621356K(26355712K)] 26698408K->1244056K(29501440K), 0.0908285 secs] [Times: user=4.78 sys=0.01, real=0.09 secs] 
2704.265: [GC (Allocation Failure) [PSYoungGen: 26069804K->631585K(26355712K)] 26692504K->1255333K(29501440K), 0.0951961 secs] [Times: user=4.84 sys=0.01, real=0.09 secs] 
2712.044: [GC (Allocation Failure) [PSYoungGen: 26080033K->662570K(26355712K)] 26703781K->1287174K(29501440K), 0.1009238 secs] [Times: user=4.89 sys=0.00, real=0.10 secs] 
2719.789: [GC (Allocation Failure) [PSYoungGen: 26111018K->640193K(26355712K)] 26735622K->1265477K(29501440K), 0.0931613 secs] [Times: user=4.62 sys=0.01, real=0.10 secs] 
2727.767: [GC (Allocation Failure) [PSYoungGen: 26088641K->636268K(26355712K)] 26713925K->1262264K(29501440K), 0.0976003 secs] [Times: user=4.75 sys=0.00, real=0.10 secs] 
2735.455: [GC (Allocation Failure) [PSYoungGen: 26084716K->651669K(26355712K)] 26710712K->1278354K(29501440K), 0.0937063 secs] [Times: user=4.83 sys=0.00, real=0.09 secs] 
2743.344: [GC (Allocation Failure) [PSYoungGen: 26100117K->611484K(26355712K)] 26726802K->1238840K(29501440K), 0.0992040 secs] [Times: user=4.85 sys=0.01, real=0.10 secs] 
2751.168: [GC (Allocation Failure) [PSYoungGen: 26059932K->614204K(26355712K)] 26687288K->1242280K(29501440K), 0.0991125 secs] [Times: user=4.72 sys=0.00, real=0.10 secs] 
2759.020: [GC (Allocation Failure) [PSYoungGen: 26062652K->634353K(26355712K)] 26690728K->1263093K(29501440K), 0.0949731 secs] [Times: user=4.73 sys=0.00, real=0.10 secs] 
2766.827: [GC (Allocation Failure) [PSYoungGen: 26082801K->626926K(26355712K)] 26711541K->1256355K(29501440K), 0.0940146 secs] [Times: user=4.76 sys=0.01, real=0.09 secs] 
2774.377: [GC (Allocation Failure) [PSYoungGen: 26075374K->643108K(26355712K)] 26704803K->1273176K(29501440K), 0.1007882 secs] [Times: user=4.74 sys=0.01, real=0.10 secs] 
2782.067: [GC (Allocation Failure) [PSYoungGen: 26091556K->645825K(26355712K)] 26721624K->1276678K(29501440K), 0.0950309 secs] [Times: user=4.65 sys=0.00, real=0.09 secs] 
2789.503: [GC (Allocation Failure) [PSYoungGen: 26094273K->633164K(26355712K)] 26725126K->1264649K(29501440K), 0.0942316 secs] [Times: user=4.86 sys=0.01, real=0.09 secs] 
2797.056: [GC (Allocation Failure) [PSYoungGen: 26081612K->652933K(26355712K)] 26713097K->1285066K(29501440K), 0.0975571 secs] [Times: user=4.83 sys=0.01, real=0.10 secs] 
2804.729: [GC (Allocation Failure) [PSYoungGen: 26101381K->632289K(26355712K)] 26733514K->1265022K(29501440K), 0.0961142 secs] [Times: user=4.91 sys=0.00, real=0.10 secs] 
2812.369: [GC (Allocation Failure) [PSYoungGen: 26080737K->615740K(26355712K)] 26713470K->1249209K(29501440K), 0.0913211 secs] [Times: user=4.63 sys=0.01, real=0.09 secs] 
2819.896: [GC (Allocation Failure) [PSYoungGen: 26064188K->627116K(26355712K)] 26697657K->1261337K(29501440K), 0.0965229 secs] [Times: user=4.51 sys=0.01, real=0.09 secs] 
2827.476: [GC (Allocation Failure) [PSYoungGen: 26075564K->631351K(26355712K)] 26709785K->1266148K(29501440K), 0.0938747 secs] [Times: user=4.83 sys=0.00, real=0.09 secs] 
2835.097: [GC (Allocation Failure) [PSYoungGen: 26079799K->659496K(26355712K)] 26714596K->1294957K(29501440K), 0.0964958 secs] [Times: user=4.84 sys=0.02, real=0.10 secs] 
2842.355: [GC (Allocation Failure) [PSYoungGen: 26107944K->620860K(26355712K)] 26743405K->1256913K(29501440K), 0.0951360 secs] [Times: user=4.61 sys=0.00, real=0.09 secs] 
2849.768: [GC (Allocation Failure) [PSYoungGen: 26069308K->627580K(26355712K)] 26705361K->1264265K(29501440K), 0.0981666 secs] [Times: user=4.80 sys=0.01, real=0.10 secs] 
2857.177: [GC (Allocation Failure) [PSYoungGen: 26076028K->622374K(26355712K)] 26712713K->1259811K(29501440K), 0.1002192 secs] [Times: user=4.56 sys=0.01, real=0.10 secs] 
2864.713: [GC (Allocation Failure) [PSYoungGen: 26070822K->631388K(26355712K)] 26708259K->1269489K(29501440K), 0.0954763 secs] [Times: user=4.89 sys=0.00, real=0.09 secs] 
2872.022: [GC (Allocation Failure) [PSYoungGen: 26079836K->639441K(26355712K)] 26717937K->1278134K(29501440K), 0.0956312 secs] [Times: user=4.73 sys=0.00, real=0.10 secs] 
2879.188: [GC (Allocation Failure) [PSYoungGen: 26087889K->640020K(26355712K)] 26726582K->1279642K(29501440K), 0.0925230 secs] [Times: user=4.72 sys=0.01, real=0.09 secs] 
2886.723: [GC (Allocation Failure) [PSYoungGen: 26088468K->628460K(26355712K)] 26728090K->1268657K(29501440K), 0.0971838 secs] [Times: user=4.84 sys=0.01, real=0.09 secs] 
2894.007: [GC (Allocation Failure) [PSYoungGen: 26076908K->665809K(26355712K)] 26717105K->1306558K(29501440K), 0.0997975 secs] [Times: user=5.04 sys=0.00, real=0.10 secs] 
2901.376: [GC (Allocation Failure) [PSYoungGen: 26114257K->621803K(26355712K)] 26755006K->1263240K(29501440K), 0.0943236 secs] [Times: user=4.78 sys=0.01, real=0.09 secs] 
2908.564: [GC (Allocation Failure) [PSYoungGen: 26070251K->641669K(26355712K)] 26711688K->1283739K(29501440K), 0.1011917 secs] [Times: user=4.71 sys=0.00, real=0.10 secs] 
2915.739: [GC (Allocation Failure) [PSYoungGen: 26090117K->654415K(26355712K)] 26732187K->1297197K(29501440K), 0.0963065 secs] [Times: user=5.08 sys=0.00, real=0.10 secs] 
2922.835: [GC (Allocation Failure) [PSYoungGen: 26102863K->657957K(26355712K)] 26745645K->1301370K(29501440K), 0.0947991 secs] [Times: user=4.88 sys=0.00, real=0.09 secs] 
2930.113: [GC (Allocation Failure) [PSYoungGen: 26106405K->656094K(26355712K)] 26749818K->1300075K(29501440K), 0.0926218 secs] [Times: user=4.81 sys=0.00, real=0.10 secs] 
2937.267: [GC (Allocation Failure) [PSYoungGen: 26104542K->618092K(26355712K)] 26748523K->1262825K(29501440K), 0.1019187 secs] [Times: user=4.80 sys=0.01, real=0.10 secs] 
2944.414: [GC (Allocation Failure) [PSYoungGen: 26066540K->631094K(26355712K)] 26711273K->1276396K(29501440K), 0.0950735 secs] [Times: user=4.93 sys=0.01, real=0.09 secs] 
2951.661: [GC (Allocation Failure) [PSYoungGen: 26079542K->632908K(26355712K)] 26724844K->1278866K(29501440K), 0.0924127 secs] [Times: user=4.78 sys=0.00, real=0.10 secs] 
2958.968: [GC (Allocation Failure) [PSYoungGen: 26081356K->666209K(26355712K)] 26727314K->1312775K(29501440K), 0.1003990 secs] [Times: user=5.09 sys=0.01, real=0.10 secs] 
2966.109: [GC (Allocation Failure) [PSYoungGen: 26114657K->670908K(26355712K)] 26761223K->1318018K(29501440K), 0.0956928 secs] [Times: user=4.94 sys=0.00, real=0.10 secs] 
2973.110: [GC (Allocation Failure) [PSYoungGen: 26119356K->658540K(26355712K)] 26766466K->1306346K(29501440K), 0.0970674 secs] [Times: user=4.87 sys=0.00, real=0.10 secs] 
2980.121: [GC (Allocation Failure) [PSYoungGen: 26106988K->661492K(26355712K)] 26754794K->1310010K(29501440K), 0.0937148 secs] [Times: user=4.82 sys=0.00, real=0.10 secs] 
2987.054: [GC (Allocation Failure) [PSYoungGen: 26109940K->633500K(26355712K)] 26758458K->1282602K(29501440K), 0.0965945 secs] [Times: user=4.91 sys=0.01, real=0.09 secs] 
2994.013: [GC (Allocation Failure) [PSYoungGen: 26081948K->663857K(26355712K)] 26731050K->1313575K(29501440K), 0.0987748 secs] [Times: user=5.06 sys=0.00, real=0.09 secs] 
3000.954: [GC (Allocation Failure) [PSYoungGen: 26111861K->653313K(26355712K)] 26761579K->1303718K(29501440K), 0.0970492 secs] [Times: user=4.70 sys=0.01, real=0.09 secs] 
3007.924: [GC (Allocation Failure) [PSYoungGen: 26101761K->642812K(26355712K)] 26752166K->1293826K(29501440K), 0.0931256 secs] [Times: user=4.72 sys=0.01, real=0.09 secs] 
3015.005: [GC (Allocation Failure) [PSYoungGen: 26091260K->630924K(26355712K)] 26742274K->1282594K(29501440K), 0.0922958 secs] [Times: user=4.78 sys=0.01, real=0.09 secs] 
3022.002: [GC (Allocation Failure) [PSYoungGen: 26079372K->649164K(26355712K)] 26731042K->1301434K(29501440K), 0.0958473 secs] [Times: user=4.78 sys=0.00, real=0.10 secs] 
3028.940: [GC (Allocation Failure) [PSYoungGen: 26097612K->631212K(26355712K)] 26749882K->1284082K(29501440K), 0.0940528 secs] [Times: user=4.93 sys=0.00, real=0.10 secs] 
3035.986: [GC (Allocation Failure) [PSYoungGen: 26079660K->694401K(26355712K)] 26732530K->1347871K(29501440K), 0.0988958 secs] [Times: user=5.01 sys=0.00, real=0.10 secs] 
3042.817: [GC (Allocation Failure) [PSYoungGen: 26142849K->652709K(26355712K)] 26796319K->1306771K(29501440K), 0.0950813 secs] [Times: user=4.97 sys=0.01, real=0.09 secs] 
3049.651: [GC (Allocation Failure) [PSYoungGen: 26101157K->647286K(26355712K)] 26755219K->1301988K(29501440K), 0.1005200 secs] [Times: user=4.79 sys=0.01, real=0.10 secs] 
3056.513: [GC (Allocation Failure) [PSYoungGen: 26095734K->627623K(26355712K)] 26750436K->1282869K(29501440K), 0.0956581 secs] [Times: user=4.61 sys=0.00, real=0.09 secs] 
3063.368: [GC (Allocation Failure) [PSYoungGen: 26076071K->627484K(26355712K)] 26731317K->1283362K(29501440K), 0.0966260 secs] [Times: user=4.62 sys=0.00, real=0.10 secs] 
3070.262: [GC (Allocation Failure) [PSYoungGen: 26075932K->621785K(26355712K)] 26731810K->1278175K(29501440K), 0.0951751 secs] [Times: user=4.75 sys=0.00, real=0.10 secs] 
3077.188: [GC (Allocation Failure) [PSYoungGen: 26070233K->636107K(26355712K)] 26726623K->1293105K(29501440K), 0.0926591 secs] [Times: user=4.81 sys=0.00, real=0.09 secs] 
3083.994: [GC (Allocation Failure) [PSYoungGen: 26084555K->632108K(26355712K)] 26741553K->1289730K(29501440K), 0.0939096 secs] [Times: user=4.60 sys=0.00, real=0.09 secs] 
3090.819: [GC (Allocation Failure) [PSYoungGen: 26080556K->640876K(26355712K)] 26738178K->1299010K(29501440K), 0.0951674 secs] [Times: user=4.72 sys=0.01, real=0.10 secs] 
3097.529: [GC (Allocation Failure) [PSYoungGen: 26089324K->629537K(26355712K)] 26747458K->1288279K(29501440K), 0.0978471 secs] [Times: user=4.87 sys=0.00, real=0.10 secs] 
3104.323: [GC (Allocation Failure) [PSYoungGen: 26077985K->638405K(26355712K)] 26736727K->1297747K(29501440K), 0.0971069 secs] [Times: user=4.88 sys=0.00, real=0.10 secs] 
3111.114: [GC (Allocation Failure) [PSYoungGen: 26086853K->644641K(26355712K)] 26746195K->1304511K(29501440K), 0.0984560 secs] [Times: user=5.03 sys=0.00, real=0.09 secs] 
3117.656: [GC (Allocation Failure) [PSYoungGen: 26093089K->638821K(26355712K)] 26752959K->1299292K(29501440K), 0.0961429 secs] [Times: user=4.72 sys=0.00, real=0.09 secs] 
3124.422: [GC (Allocation Failure) [PSYoungGen: 26087269K->646750K(26355712K)] 26747740K->1307805K(29501440K), 0.0972410 secs] [Times: user=4.78 sys=0.00, real=0.10 secs] 
3131.021: [GC (Allocation Failure) [PSYoungGen: 26095198K->648556K(26355712K)] 26756253K->1310274K(29501440K), 0.1016304 secs] [Times: user=4.95 sys=0.00, real=0.10 secs] 
3137.798: [GC (Allocation Failure) [PSYoungGen: 26097004K->651285K(26355712K)] 26758722K->1313547K(29501440K), 0.0953292 secs] [Times: user=4.83 sys=0.00, real=0.10 secs] 
3144.507: [GC (Allocation Failure) [PSYoungGen: 26099733K->633665K(26355712K)] 26761995K->1296455K(29501440K), 0.0947134 secs] [Times: user=4.91 sys=0.01, real=0.09 secs] 
3151.140: [GC (Allocation Failure) [PSYoungGen: 26082113K->643308K(26355712K)] 26744903K->1306674K(29501440K), 0.0971238 secs] [Times: user=4.79 sys=0.00, real=0.10 secs] 
3157.825: [GC (Allocation Failure) [PSYoungGen: 26091756K->648102K(26355712K)] 26755122K->1311996K(29501440K), 0.0956814 secs] [Times: user=4.81 sys=0.01, real=0.09 secs] 
3164.482: [GC (Allocation Failure) [PSYoungGen: 26096550K->634296K(26355712K)] 26760444K->1298806K(29501440K), 0.0980339 secs] [Times: user=4.94 sys=0.01, real=0.10 secs] 
3171.140: [GC (Allocation Failure) [PSYoungGen: 26082744K->631761K(26355712K)] 26747254K->1296919K(29501440K), 0.0957083 secs] [Times: user=4.80 sys=0.00, real=0.10 secs] 
3177.658: [GC (Allocation Failure) [PSYoungGen: 26080209K->639841K(26355712K)] 26745367K->1305551K(29501440K), 0.0918845 secs] [Times: user=4.78 sys=0.00, real=0.09 secs] 
3184.259: [GC (Allocation Failure) [PSYoungGen: 26088289K->642741K(26355712K)] 26753999K->1308979K(29501440K), 0.0971613 secs] [Times: user=5.00 sys=0.01, real=0.10 secs] 
3190.694: [GC (Allocation Failure) [PSYoungGen: 26091189K->648965K(26355712K)] 26757427K->1315804K(29501440K), 0.0946681 secs] [Times: user=4.93 sys=0.01, real=0.09 secs] 
3197.161: [GC (Allocation Failure) [PSYoungGen: 26097413K->650121K(26355712K)] 26764252K->1317488K(29501440K), 0.0962752 secs] [Times: user=4.90 sys=0.00, real=0.10 secs] 
3203.545: [GC (Allocation Failure) [PSYoungGen: 26098569K->627532K(26355712K)] 26765936K->1295450K(29501440K), 0.0942074 secs] [Times: user=4.77 sys=0.01, real=0.09 secs] 
3210.170: [GC (Allocation Failure) [PSYoungGen: 26075980K->620944K(26355712K)] 26743898K->1289406K(29501440K), 0.0929809 secs] [Times: user=4.86 sys=0.00, real=0.10 secs] 
3216.556: [GC (Allocation Failure) [PSYoungGen: 26069392K->639100K(26355712K)] 26737854K->1308218K(29501440K), 0.0925072 secs] [Times: user=4.77 sys=0.00, real=0.09 secs] 
3222.905: [GC (Allocation Failure) [PSYoungGen: 26087548K->656432K(26355712K)] 26756666K->1326103K(29501440K), 0.0965223 secs] [Times: user=4.93 sys=0.01, real=0.09 secs] 
3229.326: [GC (Allocation Failure) [PSYoungGen: 26104880K->635271K(26355712K)] 26774551K->1305461K(29501440K), 0.0955416 secs] [Times: user=4.94 sys=0.01, real=0.09 secs] 
3235.843: [GC (Allocation Failure) [PSYoungGen: 26083719K->671936K(26355712K)] 26753909K->1342751K(29501440K), 0.1003426 secs] [Times: user=5.00 sys=0.00, real=0.10 secs] 
3242.355: [GC (Allocation Failure) [PSYoungGen: 26120384K->662613K(26355712K)] 26791199K->1333995K(29501440K), 0.0938441 secs] [Times: user=4.92 sys=0.00, real=0.09 secs] 
3248.896: [GC (Allocation Failure) [PSYoungGen: 26111061K->647745K(26355712K)] 26782443K->1319695K(29501440K), 0.0982275 secs] [Times: user=4.71 sys=0.01, real=0.10 secs] 
3255.299: [GC (Allocation Failure) [PSYoungGen: 26096193K->666474K(26355712K)] 26768143K->1338977K(29501440K), 0.0976605 secs] [Times: user=5.07 sys=0.00, real=0.10 secs] 
3261.710: [GC (Allocation Failure) [PSYoungGen: 26114922K->706738K(26355712K)] 26787425K->1379808K(29501440K), 0.1006754 secs] [Times: user=5.20 sys=0.01, real=0.10 secs] 
3268.196: [GC (Allocation Failure) [PSYoungGen: 26155186K->640780K(26355712K)] 26828256K->1314410K(29501440K), 0.0974289 secs] [Times: user=4.96 sys=0.00, real=0.10 secs] 
3274.498: [GC (Allocation Failure) [PSYoungGen: 26089228K->640028K(26355712K)] 26762858K->1314202K(29501440K), 0.0957779 secs] [Times: user=4.80 sys=0.00, real=0.10 secs] 
3280.807: [GC (Allocation Failure) [PSYoungGen: 26088476K->673277K(26355712K)] 26762650K->1348059K(29501440K), 0.1047533 secs] [Times: user=4.99 sys=0.01, real=0.10 secs] 
3287.123: [GC (Allocation Failure) [PSYoungGen: 26121725K->670054K(26355712K)] 26796507K->1345420K(29501440K), 0.0956383 secs] [Times: user=4.87 sys=0.00, real=0.09 secs] 
3293.519: [GC (Allocation Failure) [PSYoungGen: 26118502K->695770K(26355712K)] 26793868K->1371736K(29501440K), 0.1004706 secs] [Times: user=5.22 sys=0.00, real=0.10 secs] 
3299.947: [GC (Allocation Failure) [PSYoungGen: 26144218K->704398K(26355712K)] 26820184K->1380924K(29501440K), 0.1001137 secs] [Times: user=4.98 sys=0.00, real=0.10 secs] 
3306.105: [GC (Allocation Failure) [PSYoungGen: 26152846K->655857K(26355712K)] 26829372K->1332991K(29501440K), 0.0962142 secs] [Times: user=4.86 sys=0.00, real=0.09 secs] 
3312.392: [GC (Allocation Failure) [PSYoungGen: 26104305K->636544K(26355712K)] 26781439K->1314230K(29501440K), 0.0945307 secs] [Times: user=4.84 sys=0.01, real=0.10 secs] 
3318.682: [GC (Allocation Failure) [PSYoungGen: 26084992K->650295K(26355712K)] 26762678K->1328573K(29501440K), 0.0962886 secs] [Times: user=4.74 sys=0.00, real=0.10 secs] 
3325.079: [GC (Allocation Failure) [PSYoungGen: 26098743K->772876K(26355712K)] 26777021K->1451714K(29501440K), 0.1079904 secs] [Times: user=5.58 sys=0.01, real=0.11 secs] 
3331.179: [GC (Allocation Failure) [PSYoungGen: 26221324K->625732K(26355712K)] 26900162K->1305226K(29501440K), 0.0957273 secs] [Times: user=4.61 sys=0.00, real=0.10 secs] 
3337.330: [GC (Allocation Failure) [PSYoungGen: 26074180K->644668K(26355712K)] 26753674K->1324722K(29501440K), 0.1007102 secs] [Times: user=4.98 sys=0.01, real=0.10 secs] 
3343.527: [GC (Allocation Failure) [PSYoungGen: 26093116K->651913K(26355712K)] 26773170K->1332584K(29501440K), 0.0974018 secs] [Times: user=4.77 sys=0.01, real=0.10 secs] 
3349.707: [GC (Allocation Failure) [PSYoungGen: 26100361K->664190K(26355712K)] 26781032K->1345516K(29501440K), 0.0985601 secs] [Times: user=4.96 sys=0.00, real=0.10 secs] 
3355.966: [GC (Allocation Failure) [PSYoungGen: 26112638K->652305K(26355712K)] 26793964K->1334303K(29501440K), 0.0979093 secs] [Times: user=4.67 sys=0.00, real=0.10 secs] 
3362.112: [GC (Allocation Failure) [PSYoungGen: 26100753K->680430K(26355712K)] 26782751K->1362996K(29501440K), 0.0966097 secs] [Times: user=5.02 sys=0.00, real=0.10 secs] 
3368.285: [GC (Allocation Failure) [PSYoungGen: 26128878K->659834K(26355712K)] 26811444K->1342953K(29501440K), 0.0977290 secs] [Times: user=4.92 sys=0.01, real=0.09 secs] 
3374.484: [GC (Allocation Failure) [PSYoungGen: 26108282K->678033K(26355712K)] 26791401K->1361767K(29501440K), 0.1008338 secs] [Times: user=5.11 sys=0.00, real=0.10 secs] 
3380.598: [GC (Allocation Failure) [PSYoungGen: 26126481K->637471K(26355712K)] 26810215K->1321734K(29501440K), 0.0922094 secs] [Times: user=4.60 sys=0.00, real=0.09 secs] 
3386.841: [GC (Allocation Failure) [PSYoungGen: 26085919K->669274K(26355712K)] 26770182K->1354144K(29501440K), 0.1018074 secs] [Times: user=5.01 sys=0.00, real=0.11 secs] 
3392.951: [GC (Allocation Failure) [PSYoungGen: 26117722K->687825K(26355712K)] 26802592K->1373343K(29501440K), 0.1017074 secs] [Times: user=5.13 sys=0.01, real=0.11 secs] 
3399.124: [GC (Allocation Failure) [PSYoungGen: 26136273K->681648K(26355712K)] 26821791K->1367806K(29501440K), 0.1026618 secs] [Times: user=4.97 sys=0.00, real=0.10 secs] 
3405.199: [GC (Allocation Failure) [PSYoungGen: 26130096K->643187K(26355712K)] 26816254K->1329954K(29501440K), 0.0995921 secs] [Times: user=4.88 sys=0.01, real=0.10 secs] 
3411.140: [GC (Allocation Failure) [PSYoungGen: 26091635K->631873K(26355712K)] 26778402K->1319279K(29501440K), 0.0988040 secs] [Times: user=4.75 sys=0.00, real=0.10 secs] 
3417.169: [GC (Allocation Failure) [PSYoungGen: 26080321K->652509K(26355712K)] 26767727K->1340604K(29501440K), 0.1003700 secs] [Times: user=4.87 sys=0.01, real=0.10 secs] 
3423.165: [GC (Allocation Failure) [PSYoungGen: 26100957K->641200K(26355712K)] 26789052K->1329878K(29501440K), 0.0965677 secs] [Times: user=4.80 sys=0.01, real=0.09 secs] 
3429.272: [GC (Allocation Failure) [PSYoungGen: 26089648K->622252K(26355712K)] 26778326K->1311658K(29501440K), 0.0953033 secs] [Times: user=4.68 sys=0.00, real=0.10 secs] 
3435.364: [GC (Allocation Failure) [PSYoungGen: 26070700K->686855K(26355712K)] 26760106K->1376813K(29501440K), 0.0988090 secs] [Times: user=5.20 sys=0.00, real=0.09 secs] 
3441.328: [GC (Allocation Failure) [PSYoungGen: 26135303K->618220K(26355712K)] 26825261K->1308722K(29501440K), 0.0933630 secs] [Times: user=4.82 sys=0.00, real=0.09 secs] 
3447.280: [GC (Allocation Failure) [PSYoungGen: 26066668K->656150K(26355712K)] 26757170K->1347412K(29501440K), 0.0995296 secs] [Times: user=4.80 sys=0.00, real=0.10 secs] 
3453.328: [GC (Allocation Failure) [PSYoungGen: 26104598K->643031K(26355712K)] 26795860K->1334805K(29501440K), 0.0991534 secs] [Times: user=4.84 sys=0.02, real=0.10 secs] 
3459.468: [GC (Allocation Failure) [PSYoungGen: 26091479K->658614K(26355712K)] 26783253K->1351020K(29501440K), 0.0991301 secs] [Times: user=4.91 sys=0.01, real=0.10 secs] 
3465.530: [GC (Allocation Failure) [PSYoungGen: 26107062K->661639K(26355712K)] 26799468K->1354645K(29501440K), 0.1010356 secs] [Times: user=4.82 sys=0.00, real=0.10 secs] 
3471.721: [GC (Allocation Failure) [PSYoungGen: 26110087K->656145K(26355712K)] 26803093K->1349687K(29501440K), 0.0952109 secs] [Times: user=4.95 sys=0.01, real=0.10 secs] 
3477.617: [GC (Allocation Failure) [PSYoungGen: 26104593K->660755K(26355712K)] 26798135K->1354897K(29501440K), 0.1000623 secs] [Times: user=5.08 sys=0.00, real=0.10 secs] 
3483.573: [GC (Allocation Failure) [PSYoungGen: 26109203K->646678K(26355712K)] 26803345K->1341356K(29501440K), 0.0949855 secs] [Times: user=4.80 sys=0.01, real=0.09 secs] 
3489.448: [GC (Allocation Failure) [PSYoungGen: 26095126K->670971K(26355712K)] 26789804K->1366241K(29501440K), 0.1006529 secs] [Times: user=5.00 sys=0.00, real=0.10 secs] 
3495.427: [GC (Allocation Failure) [PSYoungGen: 26119419K->677316K(26355712K)] 26814689K->1373226K(29501440K), 0.1002049 secs] [Times: user=4.86 sys=0.00, real=0.10 secs] 
3501.689: [GC (Allocation Failure) [PSYoungGen: 26125764K->657328K(26355712K)] 26821674K->1353878K(29501440K), 0.0978504 secs] [Times: user=4.72 sys=0.01, real=0.10 secs] 
3507.495: [GC (Allocation Failure) [PSYoungGen: 26105776K->676733K(26355712K)] 26802326K->1373835K(29501440K), 0.1041380 secs] [Times: user=5.13 sys=0.00, real=0.10 secs] 
3513.283: [GC (Allocation Failure) [PSYoungGen: 26125181K->621900K(26355712K)] 26822283K->1319554K(29501440K), 0.0977134 secs] [Times: user=4.90 sys=0.01, real=0.09 secs] 
3519.315: [GC (Allocation Failure) [PSYoungGen: 26070348K->654671K(26355712K)] 26768002K->1352869K(29501440K), 0.0945282 secs] [Times: user=4.92 sys=0.01, real=0.09 secs] 
3525.170: [GC (Allocation Failure) [PSYoungGen: 26103119K->646421K(26355712K)] 26801317K->1345204K(29501440K), 0.0965055 secs] [Times: user=4.85 sys=0.01, real=0.10 secs] 
3530.940: [GC (Allocation Failure) [PSYoungGen: 26094869K->673438K(26355712K)] 26793652K->1372788K(29501440K), 0.0980821 secs] [Times: user=5.11 sys=0.00, real=0.10 secs] 
3536.802: [GC (Allocation Failure) [PSYoungGen: 26121886K->663856K(26355712K)] 26821236K->1363726K(29501440K), 0.1020459 secs] [Times: user=4.88 sys=0.01, real=0.11 secs] 
3542.690: [GC (Allocation Failure) [PSYoungGen: 26112304K->658024K(26355712K)] 26812174K->1358566K(29501440K), 0.0993038 secs] [Times: user=5.08 sys=0.00, real=0.10 secs] 
3548.408: [GC (Allocation Failure) [PSYoungGen: 26106472K->649079K(26355712K)] 26807014K->1350173K(29501440K), 0.0990880 secs] [Times: user=5.01 sys=0.01, real=0.10 secs] 
3554.344: [GC (Allocation Failure) [PSYoungGen: 26097527K->655506K(26355712K)] 26798621K->1357161K(29501440K), 0.0976649 secs] [Times: user=5.10 sys=0.00, real=0.09 secs] 
3559.957: [GC (Allocation Failure) [PSYoungGen: 26103681K->720382K(26355712K)] 26805336K->1422564K(29501440K), 0.1038872 secs] [Times: user=5.31 sys=0.02, real=0.10 secs] 
3565.629: [GC (Allocation Failure) [PSYoungGen: 26168830K->691785K(26355712K)] 26871012K->1394607K(29501440K), 0.1006437 secs] [Times: user=5.10 sys=0.01, real=0.10 secs] 
3571.468: [GC (Allocation Failure) [PSYoungGen: 26140233K->659925K(26355712K)] 26843055K->1363259K(29501440K), 0.0950656 secs] [Times: user=4.90 sys=0.01, real=0.10 secs] 
3577.277: [GC (Allocation Failure) [PSYoungGen: 26108373K->665462K(26355712K)] 26811707K->1369428K(29501440K), 0.1028985 secs] [Times: user=4.88 sys=0.01, real=0.10 secs] 
3582.904: [GC (Allocation Failure) [PSYoungGen: 26113910K->680597K(26355712K)] 26817876K->1385099K(29501440K), 0.1017535 secs] [Times: user=5.08 sys=0.00, real=0.10 secs] 
3588.601: [GC (Allocation Failure) [PSYoungGen: 26129045K->687203K(26355712K)] 26833547K->1392265K(29501440K), 0.0952651 secs] [Times: user=4.99 sys=0.01, real=0.10 secs] 
3594.322: [GC (Allocation Failure) [PSYoungGen: 26135651K->649610K(26355712K)] 26840713K->1355728K(29501440K), 0.0955279 secs] [Times: user=4.93 sys=0.00, real=0.10 secs] 
3599.986: [GC (Allocation Failure) [PSYoungGen: 26098058K->660293K(26355712K)] 26804176K->1366964K(29501440K), 0.0981903 secs] [Times: user=5.01 sys=0.01, real=0.10 secs] 
3605.722: [GC (Allocation Failure) [PSYoungGen: 26108741K->645068K(26355712K)] 26815412K->1352426K(29501440K), 0.0957681 secs] [Times: user=4.96 sys=0.00, real=0.10 secs] 
3611.540: [GC (Allocation Failure) [PSYoungGen: 26093516K->713238K(26355712K)] 26800874K->1421181K(29501440K), 0.1066750 secs] [Times: user=5.29 sys=0.01, real=0.11 secs] 
3617.246: [GC (Allocation Failure) [PSYoungGen: 26161686K->658957K(26355712K)] 26869629K->1367451K(29501440K), 0.0985852 secs] [Times: user=4.88 sys=0.01, real=0.10 secs] 
3623.100: [GC (Allocation Failure) [PSYoungGen: 26107405K->683431K(26355712K)] 26815899K->1392485K(29501440K), 0.1041699 secs] [Times: user=5.16 sys=0.01, real=0.11 secs] 
3628.814: [GC (Allocation Failure) [PSYoungGen: 26131879K->662103K(26355712K)] 26840933K->1371685K(29501440K), 0.1006572 secs] [Times: user=5.05 sys=0.00, real=0.10 secs] 
3634.559: [GC (Allocation Failure) [PSYoungGen: 26110551K->661396K(26355712K)] 26820133K->1371498K(29501440K), 0.1001868 secs] [Times: user=5.04 sys=0.00, real=0.10 secs] 
3640.300: [GC (Allocation Failure) [PSYoungGen: 26109844K->670203K(26355712K)] 26819946K->1380921K(29501440K), 0.1015933 secs] [Times: user=4.96 sys=0.01, real=0.10 secs] 
3646.062: [GC (Allocation Failure) [PSYoungGen: 26118651K->682392K(26355712K)] 26829369K->1393654K(29501440K), 0.0982200 secs] [Times: user=5.11 sys=0.00, real=0.10 secs] 
3651.874: [GC (Allocation Failure) [PSYoungGen: 26130840K->663201K(26355712K)] 26842102K->1375080K(29501440K), 0.0962310 secs] [Times: user=4.91 sys=0.00, real=0.09 secs] 
3657.535: [GC (Allocation Failure) [PSYoungGen: 26111649K->644941K(26355712K)] 26823528K->1357451K(29501440K), 0.0982852 secs] [Times: user=4.89 sys=0.01, real=0.10 secs] 
3663.152: [GC (Allocation Failure) [PSYoungGen: 26093389K->660032K(26355712K)] 26805899K->1373039K(29501440K), 0.0948518 secs] [Times: user=4.93 sys=0.00, real=0.10 secs] 
3668.834: [GC (Allocation Failure) [PSYoungGen: 26108480K->714768K(26355712K)] 26821487K->1428399K(29501440K), 0.1010512 secs] [Times: user=5.23 sys=0.00, real=0.10 secs] 
3674.445: [GC (Allocation Failure) [PSYoungGen: 26163216K->662710K(26355712K)] 26876847K->1376901K(29501440K), 0.1060923 secs] [Times: user=4.95 sys=0.00, real=0.10 secs] 
3680.026: [GC (Allocation Failure) [PSYoungGen: 26111158K->665933K(26355712K)] 26825349K->1380731K(29501440K), 0.0981738 secs] [Times: user=4.90 sys=0.01, real=0.10 secs] 
3685.609: [GC (Allocation Failure) [PSYoungGen: 26114381K->665298K(26355712K)] 26829179K->1380577K(29501440K), 0.1008025 secs] [Times: user=4.79 sys=0.00, real=0.10 secs] 
3691.202: [GC (Allocation Failure) [PSYoungGen: 26113746K->632813K(26355712K)] 26829025K->1348675K(29501440K), 0.0987856 secs] [Times: user=4.62 sys=0.01, real=0.10 secs] 
3696.997: [GC (Allocation Failure) [PSYoungGen: 26081261K->668578K(26355712K)] 26797123K->1385080K(29501440K), 0.1023453 secs] [Times: user=4.81 sys=0.00, real=0.10 secs] 
3702.710: [GC (Allocation Failure) [PSYoungGen: 26117026K->686926K(26355712K)] 26833528K->1405901K(29501440K), 0.1033287 secs] [Times: user=5.24 sys=0.00, real=0.11 secs] 
3708.324: [GC (Allocation Failure) [PSYoungGen: 26135374K->660838K(26355712K)] 26854349K->1380333K(29501440K), 0.1016567 secs] [Times: user=5.06 sys=0.01, real=0.10 secs] 
3714.023: [GC (Allocation Failure) [PSYoungGen: 26109286K->755377K(26355712K)] 26828781K->1475505K(29501440K), 0.1030647 secs] [Times: user=5.23 sys=0.00, real=0.10 secs] 
3719.703: [GC (Allocation Failure) [PSYoungGen: 26203825K->714129K(26355712K)] 26923953K->1434808K(29501440K), 0.1009426 secs] [Times: user=5.27 sys=0.00, real=0.11 secs] 
3725.341: [GC (Allocation Failure) [PSYoungGen: 26162577K->651521K(26355712K)] 26883256K->1372792K(29501440K), 0.1009719 secs] [Times: user=4.99 sys=0.00, real=0.10 secs] 
3730.785: [GC (Allocation Failure) [PSYoungGen: 26099969K->689438K(26355712K)] 26821240K->1411261K(29501440K), 0.0980457 secs] [Times: user=4.95 sys=0.00, real=0.10 secs] 
3736.332: [GC (Allocation Failure) [PSYoungGen: 26137886K->661164K(26355712K)] 26859709K->1383619K(29501440K), 0.0994048 secs] [Times: user=4.96 sys=0.01, real=0.10 secs] 
3741.749: [GC (Allocation Failure) [PSYoungGen: 26109612K->682069K(26355712K)] 26832067K->1405068K(29501440K), 0.0988069 secs] [Times: user=5.07 sys=0.01, real=0.10 secs] 
3747.192: [GC (Allocation Failure) [PSYoungGen: 26130517K->663408K(26355712K)] 26853516K->1387023K(29501440K), 0.0983011 secs] [Times: user=5.01 sys=0.01, real=0.10 secs] 
3752.871: [GC (Allocation Failure) [PSYoungGen: 26111856K->703775K(26355712K)] 26835471K->1427975K(29501440K), 0.1031782 secs] [Times: user=5.21 sys=0.01, real=0.11 secs] 
3758.387: [GC (Allocation Failure) [PSYoungGen: 26152223K->688251K(26355712K)] 26876423K->1413107K(29501440K), 0.1029389 secs] [Times: user=5.14 sys=0.01, real=0.10 secs] 
3763.923: [GC (Allocation Failure) [PSYoungGen: 26136699K->685238K(26355712K)] 26861555K->1410726K(29501440K), 0.1041972 secs] [Times: user=5.00 sys=0.01, real=0.11 secs] 
3769.397: [GC (Allocation Failure) [PSYoungGen: 26133686K->655365K(26355712K)] 26859174K->1381445K(29501440K), 0.0972738 secs] [Times: user=4.86 sys=0.00, real=0.10 secs] 
3774.923: [GC (Allocation Failure) [PSYoungGen: 26103813K->698989K(26355712K)] 26829893K->1425692K(29501440K), 0.1043472 secs] [Times: user=4.97 sys=0.00, real=0.11 secs] 
3780.657: [GC (Allocation Failure) [PSYoungGen: 26147437K->826359K(26355712K)] 26874140K->1553614K(29501440K), 0.1091187 secs] [Times: user=5.68 sys=0.00, real=0.11 secs] 
3786.096: [GC (Allocation Failure) [PSYoungGen: 26274807K->676413K(26355712K)] 27002062K->1404388K(29501440K), 0.0979573 secs] [Times: user=5.06 sys=0.01, real=0.10 secs] 
3791.632: [GC (Allocation Failure) [PSYoungGen: 26124861K->667532K(26355712K)] 26852836K->1396059K(29501440K), 0.0973223 secs] [Times: user=5.12 sys=0.01, real=0.10 secs] 
3797.227: [GC (Allocation Failure) [PSYoungGen: 26115980K->659324K(26355712K)] 26844507K->1388420K(29501440K), 0.0945240 secs] [Times: user=4.90 sys=0.02, real=0.09 secs] 
3802.607: [GC (Allocation Failure) [PSYoungGen: 26107772K->713974K(26355712K)] 26836868K->1443629K(29501440K), 0.0993115 secs] [Times: user=5.19 sys=0.01, real=0.10 secs] 
3808.105: [GC (Allocation Failure) [PSYoungGen: 26162422K->703310K(26355712K)] 26892077K->1433557K(29501440K), 0.1046234 secs] [Times: user=5.42 sys=0.01, real=0.10 secs] 
3813.605: [GC (Allocation Failure) [PSYoungGen: 26151758K->663063K(26355712K)] 26882005K->1393870K(29501440K), 0.0981472 secs] [Times: user=4.97 sys=0.00, real=0.10 secs] 
3819.170: [GC (Allocation Failure) [PSYoungGen: 26111511K->636769K(26355712K)] 26842318K->1368128K(29501440K), 0.0971789 secs] [Times: user=5.04 sys=0.01, real=0.10 secs] 
3824.544: [GC (Allocation Failure) [PSYoungGen: 26085217K->658749K(26355712K)] 26816576K->1390660K(29501440K), 0.0963593 secs] [Times: user=4.87 sys=0.00, real=0.09 secs] 
3830.081: [GC (Allocation Failure) [PSYoungGen: 26107197K->703575K(26355712K)] 26839108K->1436118K(29501440K), 0.1012514 secs] [Times: user=5.14 sys=0.00, real=0.11 secs] 
3835.731: [GC (Allocation Failure) [PSYoungGen: 26152023K->681878K(26355712K)] 26884566K->1414885K(29501440K), 0.1044496 secs] [Times: user=5.04 sys=0.00, real=0.11 secs] 
3841.062: [GC (Allocation Failure) [PSYoungGen: 26130326K->699554K(26355712K)] 26863333K->1433161K(29501440K), 0.1000308 secs] [Times: user=5.15 sys=0.00, real=0.10 secs] 
3846.411: [GC (Allocation Failure) [PSYoungGen: 26148002K->651744K(26355712K)] 26881609K->1385904K(29501440K), 0.1010240 secs] [Times: user=4.87 sys=0.00, real=0.10 secs] 
3851.935: [GC (Allocation Failure) [PSYoungGen: 26100192K->697846K(26355712K)] 26834352K->1432533K(29501440K), 0.1019951 secs] [Times: user=5.00 sys=0.01, real=0.10 secs] 
3857.212: [GC (Allocation Failure) [PSYoungGen: 26146294K->653422K(26355712K)] 26880981K->1388661K(29501440K), 0.1009517 secs] [Times: user=4.97 sys=0.00, real=0.11 secs] 
3862.619: [GC (Allocation Failure) [PSYoungGen: 26101870K->711978K(26355712K)] 26837109K->1447793K(29501440K), 0.1021280 secs] [Times: user=5.07 sys=0.00, real=0.10 secs] 
3868.071: [GC (Allocation Failure) [PSYoungGen: 26160426K->672886K(26355712K)] 26896241K->1409237K(29501440K), 0.0993184 secs] [Times: user=5.02 sys=0.01, real=0.10 secs] 
3873.455: [GC (Allocation Failure) [PSYoungGen: 26121334K->655910K(26355712K)] 26857685K->1392837K(29501440K), 0.1023982 secs] [Times: user=5.08 sys=0.01, real=0.10 secs] 
3878.847: [GC (Allocation Failure) [PSYoungGen: 26104358K->678845K(26355712K)] 26841285K->1416301K(29501440K), 0.1013827 secs] [Times: user=4.95 sys=0.00, real=0.10 secs] 
3884.303: [GC (Allocation Failure) [PSYoungGen: 26127293K->646800K(26355712K)] 26864749K->1384808K(29501440K), 0.0970232 secs] [Times: user=4.74 sys=0.00, real=0.09 secs] 
3889.613: [GC (Allocation Failure) [PSYoungGen: 26095248K->668396K(26355712K)] 26833256K->1406971K(29501440K), 0.0957873 secs] [Times: user=4.75 sys=0.00, real=0.09 secs] 
3895.165: [GC (Allocation Failure) [PSYoungGen: 26116844K->688860K(26355712K)] 26855419K->1427979K(29501440K), 0.0978337 secs] [Times: user=5.07 sys=0.00, real=0.10 secs] 
3900.586: [GC (Allocation Failure) [PSYoungGen: 26137308K->695873K(26355712K)] 26876427K->1435600K(29501440K), 0.0987113 secs] [Times: user=5.00 sys=0.00, real=0.10 secs] 
3905.966: [GC (Allocation Failure) [PSYoungGen: 26144321K->692420K(26355712K)] 26884048K->1432684K(29501440K), 0.1058059 secs] [Times: user=5.07 sys=0.02, real=0.10 secs] 
3911.266: [GC (Allocation Failure) [PSYoungGen: 26140868K->636320K(26355712K)] 26881132K->1377183K(29501440K), 0.0963793 secs] [Times: user=4.90 sys=0.01, real=0.10 secs] 
3916.498: [GC (Allocation Failure) [PSYoungGen: 26084768K->663697K(26355712K)] 26825631K->1405152K(29501440K), 0.0956735 secs] [Times: user=4.79 sys=0.01, real=0.10 secs] 
3921.707: [GC (Allocation Failure) [PSYoungGen: 26112145K->702752K(26355712K)] 26853600K->1444919K(29501440K), 0.1014464 secs] [Times: user=5.15 sys=0.01, real=0.10 secs] 
3926.894: [GC (Allocation Failure) [PSYoungGen: 26151200K->700090K(26355712K)] 26893367K->1442841K(29501440K), 0.1004304 secs] [Times: user=5.21 sys=0.00, real=0.10 secs] 
3932.153: [GC (Allocation Failure) [PSYoungGen: 26148538K->674008K(26355712K)] 26891289K->1417335K(29501440K), 0.1022376 secs] [Times: user=5.04 sys=0.01, real=0.11 secs] 
3937.550: [GC (Allocation Failure) [PSYoungGen: 26122456K->659852K(26355712K)] 26865783K->1403795K(29501440K), 0.0982578 secs] [Times: user=4.94 sys=0.01, real=0.10 secs] 
3942.903: [GC (Allocation Failure) [PSYoungGen: 26108300K->702249K(26355712K)] 26852243K->1446792K(29501440K), 0.1134207 secs] [Times: user=4.96 sys=0.01, real=0.11 secs] 
3948.225: [GC (Allocation Failure) [PSYoungGen: 26150697K->728811K(26355712K)] 26895240K->1473914K(29501440K), 0.1080845 secs] [Times: user=5.40 sys=0.01, real=0.11 secs] 
3953.678: [GC (Allocation Failure) [PSYoungGen: 26177259K->732440K(26355712K)] 26922362K->1478111K(29501440K), 0.1068936 secs] [Times: user=5.14 sys=0.00, real=0.11 secs] 
3958.956: [GC (Allocation Failure) [PSYoungGen: 26180888K->694086K(26355712K)] 26926559K->1440317K(29501440K), 0.0996966 secs] [Times: user=5.11 sys=0.00, real=0.10 secs] 
3964.217: [GC (Allocation Failure) [PSYoungGen: 26142534K->653426K(26355712K)] 26888765K->1400257K(29501440K), 0.1008068 secs] [Times: user=4.87 sys=0.01, real=0.10 secs] 
3969.453: [GC (Allocation Failure) [PSYoungGen: 26101874K->672939K(26355712K)] 26848705K->1420330K(29501440K), 0.1016651 secs] [Times: user=5.10 sys=0.01, real=0.10 secs] 
3974.681: [GC (Allocation Failure) [PSYoungGen: 26121387K->692822K(26355712K)] 26868778K->1441581K(29501440K), 0.1013025 secs] [Times: user=5.11 sys=0.01, real=0.10 secs] 
3979.845: [GC (Allocation Failure) [PSYoungGen: 26141270K->690534K(26355712K)] 26890029K->1439853K(29501440K), 0.1025730 secs] [Times: user=5.11 sys=0.01, real=0.10 secs] 
3985.580: [GC (Allocation Failure) [PSYoungGen: 26138982K->708906K(26355712K)] 26888301K->1458753K(29501440K), 0.1024752 secs] [Times: user=5.18 sys=0.01, real=0.11 secs] 
3990.435: [GC (Allocation Failure) [PSYoungGen: 26157354K->682952K(26355712K)] 26907201K->1433455K(29501440K), 0.0996256 secs] [Times: user=5.12 sys=0.00, real=0.10 secs] 
3995.592: [GC (Allocation Failure) [PSYoungGen: 26131400K->663264K(26355712K)] 26881903K->1414280K(29501440K), 0.1003903 secs] [Times: user=5.11 sys=0.00, real=0.10 secs] 
4000.883: [GC (Allocation Failure) [PSYoungGen: 26111712K->687249K(26355712K)] 26862728K->1438872K(29501440K), 0.1007837 secs] [Times: user=4.86 sys=0.00, real=0.11 secs] 
4006.095: [GC (Allocation Failure) [PSYoungGen: 26135697K->700694K(26355712K)] 26887320K->1452846K(29501440K), 0.1037413 secs] [Times: user=5.09 sys=0.00, real=0.10 secs] 
4011.542: [GC (Allocation Failure) [PSYoungGen: 26149142K->729340K(26355712K)] 26901294K->1482084K(29501440K), 0.1065595 secs] [Times: user=5.28 sys=0.00, real=0.11 secs] 
4016.494: [GC (Allocation Failure) [PSYoungGen: 26177788K->685012K(26355712K)] 26930532K->1438355K(29501440K), 0.1004852 secs] [Times: user=5.00 sys=0.01, real=0.10 secs] 
4021.685: [GC (Allocation Failure) [PSYoungGen: 26133460K->752380K(26355712K)] 26886803K->1506316K(29501440K), 0.1092083 secs] [Times: user=5.41 sys=0.01, real=0.11 secs] 
4026.835: [GC (Allocation Failure) [PSYoungGen: 26200828K->701733K(26355712K)] 26954764K->1456229K(29501440K), 0.0992188 secs] [Times: user=5.13 sys=0.01, real=0.10 secs] 
4032.011: [GC (Allocation Failure) [PSYoungGen: 26150181K->720150K(26355712K)] 26904677K->1475245K(29501440K), 0.1041772 secs] [Times: user=5.10 sys=0.01, real=0.11 secs] 
4037.219: [GC (Allocation Failure) [PSYoungGen: 26168598K->732619K(26355712K)] 26923693K->1488274K(29501440K), 0.1059245 secs] [Times: user=5.15 sys=0.00, real=0.11 secs] 
4042.470: [GC (Allocation Failure) [PSYoungGen: 26181067K->691682K(26355712K)] 26936722K->1447922K(29501440K), 0.1000918 secs] [Times: user=5.15 sys=0.01, real=0.10 secs] 
4047.527: [GC (Allocation Failure) [PSYoungGen: 26140130K->664422K(26355712K)] 26896370K->1421213K(29501440K), 0.1031459 secs] [Times: user=4.97 sys=0.01, real=0.10 secs] 
4052.623: [GC (Allocation Failure) [PSYoungGen: 26112870K->696023K(26355712K)] 26869661K->1453390K(29501440K), 0.0997772 secs] [Times: user=5.06 sys=0.01, real=0.10 secs] 
4057.788: [GC (Allocation Failure) [PSYoungGen: 26144471K->770051K(26355712K)] 26901838K->1527987K(29501440K), 0.1093797 secs] [Times: user=5.53 sys=0.00, real=0.11 secs] 
4062.896: [GC (Allocation Failure) [PSYoungGen: 26218499K->705434K(26355712K)] 26976435K->1463962K(29501440K), 0.1027362 secs] [Times: user=5.08 sys=0.00, real=0.10 secs] 
4067.997: [GC (Allocation Failure) [PSYoungGen: 26153882K->712474K(26355712K)] 26912410K->1471577K(29501440K), 0.1060762 secs] [Times: user=5.39 sys=0.01, real=0.11 secs] 
4073.180: [GC (Allocation Failure) [PSYoungGen: 26160922K->679822K(26355712K)] 26920025K->1439501K(29501440K), 0.1010188 secs] [Times: user=4.95 sys=0.01, real=0.10 secs] 
4078.344: [GC (Allocation Failure) [PSYoungGen: 26128270K->662588K(26355712K)] 26887949K->1422843K(29501440K), 0.0984690 secs] [Times: user=4.91 sys=0.01, real=0.10 secs] 
4083.370: [GC (Allocation Failure) [PSYoungGen: 26111036K->681836K(26355712K)] 26871291K->1442667K(29501440K), 0.0978854 secs] [Times: user=5.15 sys=0.01, real=0.10 secs] 
4088.571: [GC (Allocation Failure) [PSYoungGen: 26130284K->740154K(26355712K)] 26891115K->1501537K(29501440K), 0.1023958 secs] [Times: user=5.27 sys=0.00, real=0.11 secs] 
4093.631: [GC (Allocation Failure) [PSYoungGen: 26188602K->766878K(26355712K)] 26949985K->1528845K(29501440K), 0.1108944 secs] [Times: user=5.67 sys=0.00, real=0.11 secs] 
4098.764: [GC (Allocation Failure) [PSYoungGen: 26215326K->712462K(26355712K)] 26977293K->1475005K(29501440K), 0.1046663 secs] [Times: user=5.22 sys=0.01, real=0.10 secs] 
4103.955: [GC (Allocation Failure) [PSYoungGen: 26160910K->715802K(26355712K)] 26923453K->1478866K(29501440K), 0.1020814 secs] [Times: user=5.21 sys=0.01, real=0.10 secs] 
4109.137: [GC (Allocation Failure) [PSYoungGen: 26164250K->742615K(26355712K)] 26927314K->1506294K(29501440K), 0.1062013 secs] [Times: user=5.34 sys=0.01, real=0.11 secs] 
4114.293: [GC (Allocation Failure) [PSYoungGen: 26191063K->672884K(26355712K)] 26954742K->1437091K(29501440K), 0.0973327 secs] [Times: user=5.15 sys=0.01, real=0.09 secs] 
4119.348: [GC (Allocation Failure) [PSYoungGen: 26121332K->671654K(26355712K)] 26885539K->1436453K(29501440K), 0.1049070 secs] [Times: user=5.24 sys=0.01, real=0.11 secs] 
4124.477: [GC (Allocation Failure) [PSYoungGen: 26120102K->649676K(26355712K)] 26884901K->1415099K(29501440K), 0.1001916 secs] [Times: user=4.70 sys=0.00, real=0.10 secs] 
4129.774: [GC (Allocation Failure) [PSYoungGen: 26098124K->855605K(26355712K)] 26863547K->1621580K(29501440K), 0.1170127 secs] [Times: user=5.97 sys=0.02, real=0.11 secs] 
4134.739: [GC (Allocation Failure) [PSYoungGen: 26304053K->792180K(26355712K)] 27070028K->1559499K(29501440K), 0.1102414 secs] [Times: user=5.64 sys=0.01, real=0.11 secs] 
4139.489: [GC (Allocation Failure) [PSYoungGen: 26240628K->680139K(26355712K)] 27007947K->1448098K(29501440K), 0.1023252 secs] [Times: user=5.25 sys=0.00, real=0.10 secs] 
4144.491: [GC (Allocation Failure) [PSYoungGen: 26128587K->652657K(26355712K)] 26896546K->1421152K(29501440K), 0.0975620 secs] [Times: user=4.88 sys=0.01, real=0.10 secs] 
4149.621: [GC (Allocation Failure) [PSYoungGen: 26101105K->684515K(26355712K)] 26869600K->1453610K(29501440K), 0.1036869 secs] [Times: user=4.94 sys=0.00, real=0.11 secs] 
4154.666: [GC (Allocation Failure) [PSYoungGen: 26132963K->770859K(26355712K)] 26902058K->1540490K(29501440K), 0.1062847 secs] [Times: user=5.49 sys=0.01, real=0.10 secs] 
4159.563: [GC (Allocation Failure) [PSYoungGen: 26219307K->729498K(26355712K)] 26988938K->1499641K(29501440K), 0.1103176 secs] [Times: user=5.31 sys=0.02, real=0.12 secs] 
4164.359: [GC (Allocation Failure) [PSYoungGen: 26177946K->690151K(26355712K)] 26948089K->1460847K(29501440K), 0.0989866 secs] [Times: user=5.25 sys=0.00, real=0.10 secs] 
4169.479: [GC (Allocation Failure) [PSYoungGen: 26138599K->676635K(26355712K)] 26909295K->1447842K(29501440K), 0.0970614 secs] [Times: user=5.09 sys=0.00, real=0.10 secs] 
4174.503: [GC (Allocation Failure) [PSYoungGen: 26125083K->701701K(26355712K)] 26896290K->1473453K(29501440K), 0.1020773 secs] [Times: user=5.30 sys=0.01, real=0.10 secs] 
4179.445: [GC (Allocation Failure) [PSYoungGen: 26150149K->683130K(26355712K)] 26921901K->1455457K(29501440K), 0.0996141 secs] [Times: user=5.07 sys=0.01, real=0.10 secs] 
4184.739: [GC (Allocation Failure) [PSYoungGen: 26131578K->752802K(26355712K)] 26903905K->1525761K(29501440K), 0.1064785 secs] [Times: user=5.43 sys=0.00, real=0.11 secs] 
4189.581: [GC (Allocation Failure) [PSYoungGen: 26201250K->765572K(26355712K)] 26974209K->1539067K(29501440K), 0.1085055 secs] [Times: user=5.54 sys=0.00, real=0.11 secs] 
4194.445: [GC (GCLocker Initiated GC) [PSYoungGen: 26214020K->703281K(26355712K)] 26987744K->1477614K(29501440K), 0.1006814 secs] [Times: user=5.23 sys=0.00, real=0.10 secs] 
4199.561: [GC (Allocation Failure) [PSYoungGen: 26151729K->724590K(26355712K)] 26926063K->1499485K(29501440K), 0.1011761 secs] [Times: user=5.24 sys=0.00, real=0.10 secs] 
4204.430: [GC (Allocation Failure) [PSYoungGen: 26173038K->716226K(26355712K)] 26947933K->1491673K(29501440K), 0.1016834 secs] [Times: user=5.29 sys=0.00, real=0.10 secs] 
4209.352: [GC (Allocation Failure) [PSYoungGen: 26164674K->739684K(26355712K)] 26940121K->1515659K(29501440K), 0.1086464 secs] [Times: user=5.47 sys=0.01, real=0.11 secs] 
4214.203: [GC (Allocation Failure) [PSYoungGen: 26188132K->768917K(26355712K)] 26964107K->1545523K(29501440K), 0.1041638 secs] [Times: user=5.38 sys=0.01, real=0.11 secs] 
4219.179: [GC (Allocation Failure) [PSYoungGen: 26217365K->723728K(26355712K)] 26993971K->1500879K(29501440K), 0.1077501 secs] [Times: user=5.37 sys=0.00, real=0.11 secs] 
4224.091: [GC (Allocation Failure) [PSYoungGen: 26172176K->700994K(26355712K)] 26949327K->1478784K(29501440K), 0.0979850 secs] [Times: user=5.02 sys=0.01, real=0.10 secs] 
4228.888: [GC (Allocation Failure) [PSYoungGen: 26149442K->672386K(26355712K)] 26927232K->1450760K(29501440K), 0.1006926 secs] [Times: user=4.99 sys=0.01, real=0.10 secs] 
4234.242: [GC (Allocation Failure) [PSYoungGen: 26120834K->753005K(26355712K)] 26899208K->1532091K(29501440K), 0.1057853 secs] [Times: user=5.30 sys=0.01, real=0.11 secs] 
4238.704: [GC (Allocation Failure) [PSYoungGen: 26201453K->703916K(26355712K)] 26980539K->1483547K(29501440K), 0.1055596 secs] [Times: user=5.30 sys=0.01, real=0.10 secs] 
4243.745: [GC (Allocation Failure) [PSYoungGen: 26152364K->701649K(26355712K)] 26931995K->1481840K(29501440K), 0.0965087 secs] [Times: user=5.04 sys=0.00, real=0.09 secs] 
4248.688: [GC (Allocation Failure) [PSYoungGen: 26150097K->723893K(26355712K)] 26930288K->1504684K(29501440K), 0.1013502 secs] [Times: user=5.11 sys=0.01, real=0.10 secs] 
4253.496: [GC (Allocation Failure) [PSYoungGen: 26172341K->722498K(26355712K)] 26953132K->1503817K(29501440K), 0.1024507 secs] [Times: user=5.20 sys=0.00, real=0.10 secs] 
4258.362: [GC (Allocation Failure) [PSYoungGen: 26170946K->767704K(26355712K)] 26952265K->1549583K(29501440K), 0.1076271 secs] [Times: user=5.65 sys=0.00, real=0.11 secs] 
4263.182: [GC (Allocation Failure) [PSYoungGen: 26216152K->689100K(26355712K)] 26998031K->1472122K(29501440K), 0.0985709 secs] [Times: user=5.11 sys=0.01, real=0.10 secs] 
4268.854: [GC (Allocation Failure) [PSYoungGen: 26137548K->706486K(26355712K)] 26920570K->1490709K(29501440K), 0.1037195 secs] [Times: user=5.24 sys=0.01, real=0.10 secs] 
4272.972: [GC (Allocation Failure) [PSYoungGen: 26154934K->689488K(26355712K)] 26939157K->1474295K(29501440K), 0.0996820 secs] [Times: user=5.05 sys=0.01, real=0.10 secs] 
4277.948: [GC (Allocation Failure) [PSYoungGen: 26137936K->761109K(26355712K)] 26922743K->1546492K(29501440K), 0.1052566 secs] [Times: user=5.38 sys=0.00, real=0.11 secs] 
4282.688: [GC (Allocation Failure) [PSYoungGen: 26209557K->686800K(26355712K)] 26994940K->1472743K(29501440K), 0.1060363 secs] [Times: user=5.05 sys=0.01, real=0.11 secs] 
4287.579: [GC (Allocation Failure) [PSYoungGen: 26135248K->724169K(26355712K)] 26921191K->1510680K(29501440K), 0.1020935 secs] [Times: user=5.41 sys=0.00, real=0.10 secs] 
4292.308: [GC (Allocation Failure) [PSYoungGen: 26172617K->703812K(26355712K)] 26959128K->1490883K(29501440K), 0.1034925 secs] [Times: user=5.24 sys=0.00, real=0.10 secs] 
4297.143: [GC (Allocation Failure) [PSYoungGen: 26152260K->652588K(26355712K)] 26939331K->1440163K(29501440K), 0.1039266 secs] [Times: user=5.25 sys=0.01, real=0.11 secs] 
4301.835: [GC (Allocation Failure) [PSYoungGen: 26101036K->696412K(26355712K)] 26888611K->1484547K(29501440K), 0.1020196 secs] [Times: user=5.14 sys=0.01, real=0.10 secs] 
4306.760: [GC (Allocation Failure) [PSYoungGen: 26144860K->734828K(26355712K)] 26932995K->1523563K(29501440K), 0.1013681 secs] [Times: user=5.17 sys=0.01, real=0.10 secs] 
4311.812: [GC (Allocation Failure) [PSYoungGen: 26183276K->759010K(26355712K)] 26972011K->1548456K(29501440K), 0.1121737 secs] [Times: user=5.64 sys=0.01, real=0.12 secs] 
4316.688: [GC (Allocation Failure) [PSYoungGen: 26207458K->693125K(26355712K)] 26996904K->1483140K(29501440K), 0.1039784 secs] [Times: user=5.34 sys=0.01, real=0.10 secs] 
4321.500: [GC (Allocation Failure) [PSYoungGen: 26141573K->750735K(26355712K)] 26931588K->1541334K(29501440K), 0.1058319 secs] [Times: user=5.47 sys=0.01, real=0.11 secs] 
4326.302: [GC (Allocation Failure) [PSYoungGen: 26199183K->674850K(26355712K)] 26989782K->1466041K(29501440K), 0.1030595 secs] [Times: user=5.33 sys=0.01, real=0.11 secs] 
4331.085: [GC (GCLocker Initiated GC) [PSYoungGen: 26123298K->723385K(26355712K)] 26915490K->1516146K(29501440K), 0.1079645 secs] [Times: user=5.44 sys=0.01, real=0.11 secs] 
4335.989: [GC (Allocation Failure) [PSYoungGen: 26171833K->740827K(26355712K)] 26964598K->1534232K(29501440K), 0.1034399 secs] [Times: user=5.26 sys=0.01, real=0.11 secs] 
4341.698: [GC (Allocation Failure) [PSYoungGen: 26189275K->755002K(26355712K)] 26982680K->1549007K(29501440K), 0.1129729 secs] [Times: user=5.74 sys=0.00, real=0.11 secs] 
4345.717: [GC (Allocation Failure) [PSYoungGen: 26203450K->739225K(26355712K)] 26997455K->1533910K(29501440K), 0.1057555 secs] [Times: user=5.23 sys=0.00, real=0.10 secs] 
4350.594: [GC (Allocation Failure) [PSYoungGen: 26187673K->717157K(26355712K)] 26982358K->1512370K(29501440K), 0.1052989 secs] [Times: user=5.30 sys=0.01, real=0.10 secs] 
4355.388: [GC (Allocation Failure) [PSYoungGen: 26165605K->809155K(26355712K)] 26960818K->1605128K(29501440K), 0.1127865 secs] [Times: user=5.79 sys=0.00, real=0.11 secs] 
4360.003: [GC (Allocation Failure) [PSYoungGen: 26257603K->784730K(26355712K)] 27053576K->1581310K(29501440K), 0.1080200 secs] [Times: user=5.49 sys=0.01, real=0.10 secs] 
4364.801: [GC (Allocation Failure) [PSYoungGen: 26233178K->761201K(26355712K)] 27029758K->1558390K(29501440K), 0.1105269 secs] [Times: user=5.35 sys=0.01, real=0.11 secs] 
4369.580: [GC (Allocation Failure) [PSYoungGen: 26209649K->707687K(26355712K)] 27006838K->1505443K(29501440K), 0.0981571 secs] [Times: user=4.99 sys=0.00, real=0.10 secs] 
4374.270: [GC (Allocation Failure) [PSYoungGen: 26156135K->712735K(26355712K)] 26953891K->1511035K(29501440K), 0.1088118 secs] [Times: user=5.37 sys=0.01, real=0.11 secs] 
4379.088: [GC (Allocation Failure) [PSYoungGen: 26161183K->749983K(26355712K)] 26959483K->1548900K(29501440K), 0.1090083 secs] [Times: user=5.35 sys=0.01, real=0.11 secs] 
4383.890: [GC (Allocation Failure) [PSYoungGen: 26198431K->706314K(26355712K)] 26997348K->1505783K(29501440K), 0.1082683 secs] [Times: user=5.28 sys=0.00, real=0.11 secs] 
4388.568: [GC (Allocation Failure) [PSYoungGen: 26154762K->714549K(26355712K)] 26954231K->1514570K(29501440K), 0.0991026 secs] [Times: user=5.27 sys=0.01, real=0.10 secs] 
4393.524: [GC (Allocation Failure) [PSYoungGen: 26162997K->827846K(26355712K)] 26963018K->1628682K(29501440K), 0.1123264 secs] [Times: user=5.90 sys=0.01, real=0.11 secs] 
4398.240: [GC (Allocation Failure) [PSYoungGen: 26276294K->691306K(26355712K)] 27077130K->1492686K(29501440K), 0.1022316 secs] [Times: user=5.07 sys=0.00, real=0.10 secs] 
4402.844: [GC (Allocation Failure) [PSYoungGen: 26139754K->718825K(26355712K)] 26941134K->1525558K(29501440K), 0.1024254 secs] [Times: user=5.00 sys=0.01, real=0.10 secs] 
4407.643: [GC (Allocation Failure) [PSYoungGen: 26167273K->754960K(26355712K)] 26974006K->1563661K(29501440K), 0.1082440 secs] [Times: user=5.31 sys=0.00, real=0.10 secs] 
4412.367: [GC (Allocation Failure) [PSYoungGen: 26203408K->711623K(26355712K)] 27012109K->1520980K(29501440K), 0.1046863 secs] [Times: user=5.35 sys=0.01, real=0.10 secs] 
4417.176: [GC (Allocation Failure) [PSYoungGen: 26160071K->698226K(26355712K)] 26969428K->1508087K(29501440K), 0.1062652 secs] [Times: user=5.12 sys=0.01, real=0.11 secs] 
4421.989: [GC (Allocation Failure) [PSYoungGen: 26146674K->701966K(26355712K)] 26956535K->1512507K(29501440K), 0.0997547 secs] [Times: user=5.19 sys=0.01, real=0.10 secs] 
4426.634: [GC (Allocation Failure) [PSYoungGen: 26150414K->713424K(26355712K)] 26960955K->1524693K(29501440K), 0.1007236 secs] [Times: user=5.31 sys=0.00, real=0.10 secs] 
4431.329: [GC (Allocation Failure) [PSYoungGen: 26161872K->717113K(26355712K)] 26973141K->1528894K(29501440K), 0.1050347 secs] [Times: user=5.40 sys=0.02, real=0.11 secs] 
4435.977: [GC (Allocation Failure) [PSYoungGen: 26165561K->781360K(26355712K)] 26977342K->1593805K(29501440K), 0.1094331 secs] [Times: user=5.60 sys=0.01, real=0.11 secs] 
4440.689: [GC (Allocation Failure) [PSYoungGen: 26229808K->688100K(26355712K)] 27042253K->1501105K(29501440K), 0.0994723 secs] [Times: user=5.16 sys=0.01, real=0.10 secs] 
4445.365: [GC (Allocation Failure) [PSYoungGen: 26136548K->766627K(26355712K)] 26949553K->1580192K(29501440K), 0.1071039 secs] [Times: user=5.32 sys=0.00, real=0.10 secs] 
4450.072: [GC (Allocation Failure) [PSYoungGen: 26215075K->753226K(26355712K)] 27028640K->1567375K(29501440K), 0.1052887 secs] [Times: user=5.28 sys=0.00, real=0.11 secs] 
4454.703: [GC (Allocation Failure) [PSYoungGen: 26201674K->682609K(26355712K)] 27015823K->1497318K(29501440K), 0.0978660 secs] [Times: user=5.10 sys=0.01, real=0.09 secs] 
4459.301: [GC (Allocation Failure) [PSYoungGen: 26131057K->671968K(26355712K)] 26945766K->1487237K(29501440K), 0.1021331 secs] [Times: user=5.07 sys=0.01, real=0.11 secs] 
4464.099: [GC (Allocation Failure) [PSYoungGen: 26120416K->748234K(26355712K)] 26935685K->1564039K(29501440K), 0.1030059 secs] [Times: user=5.51 sys=0.00, real=0.10 secs] 
4468.748: [GC (Allocation Failure) [PSYoungGen: 26196682K->711088K(26355712K)] 27012487K->1527509K(29501440K), 0.1012206 secs] [Times: user=5.23 sys=0.00, real=0.10 secs] 
4473.452: [GC (Allocation Failure) [PSYoungGen: 26159536K->698859K(26355712K)] 26975957K->1515880K(29501440K), 0.1028812 secs] [Times: user=5.10 sys=0.00, real=0.11 secs] 
4478.054: [GC (Allocation Failure) [PSYoungGen: 26147307K->749335K(26355712K)] 26964328K->1566852K(29501440K), 0.1050688 secs] [Times: user=5.34 sys=0.01, real=0.10 secs] 
4482.859: [GC (Allocation Failure) [PSYoungGen: 26197783K->666220K(26355712K)] 27015300K->1484329K(29501440K), 0.1028411 secs] [Times: user=4.95 sys=0.01, real=0.10 secs] 
4488.426: [GC (Allocation Failure) [PSYoungGen: 26114668K->660175K(26355712K)] 26932777K->1478988K(29501440K), 0.1010997 secs] [Times: user=5.05 sys=0.01, real=0.10 secs] 
4492.421: [GC (Allocation Failure) [PSYoungGen: 26108623K->674152K(26355712K)] 26927436K->1493469K(29501440K), 0.0976133 secs] [Times: user=4.92 sys=0.01, real=0.10 secs] 
4497.053: [GC (Allocation Failure) [PSYoungGen: 26122600K->735532K(26355712K)] 26941917K->1555409K(29501440K), 0.1047476 secs] [Times: user=5.25 sys=0.00, real=0.10 secs] 
4501.708: [GC (Allocation Failure) [PSYoungGen: 26183980K->741065K(26355712K)] 27003857K->1561694K(29501440K), 0.1034612 secs] [Times: user=5.40 sys=0.01, real=0.10 secs] 
4506.446: [GC (Allocation Failure) [PSYoungGen: 26189513K->722441K(26355712K)] 27010142K->1543654K(29501440K), 0.1068102 secs] [Times: user=5.31 sys=0.01, real=0.11 secs] 
4511.109: [GC (Allocation Failure) [PSYoungGen: 26170889K->730602K(26355712K)] 26992102K->1552383K(29501440K), 0.1056598 secs] [Times: user=5.40 sys=0.00, real=0.11 secs] 
4515.636: [GC (Allocation Failure) [PSYoungGen: 26179050K->718705K(26355712K)] 27000831K->1541326K(29501440K), 0.1093772 secs] [Times: user=5.43 sys=0.01, real=0.11 secs] 
4520.378: [GC (Allocation Failure) [PSYoungGen: 26167153K->713271K(26355712K)] 26989774K->1536444K(29501440K), 0.1006169 secs] [Times: user=5.15 sys=0.00, real=0.10 secs] 
4524.984: [GC (Allocation Failure) [PSYoungGen: 26161719K->705686K(26355712K)] 26984892K->1529427K(29501440K), 0.1057319 secs] [Times: user=5.22 sys=0.02, real=0.10 secs] 
4529.539: [GC (Allocation Failure) [PSYoungGen: 26154134K->682524K(26355712K)] 26977875K->1507113K(29501440K), 0.1018898 secs] [Times: user=5.20 sys=0.00, real=0.10 secs] 
4534.130: [GC (Allocation Failure) [PSYoungGen: 26130972K->709940K(26355712K)] 26955561K->1535113K(29501440K), 0.1094148 secs] [Times: user=5.10 sys=0.01, real=0.11 secs] 
4538.866: [GC (Allocation Failure) [PSYoungGen: 26158388K->668972K(26355712K)] 26983561K->1494689K(29501440K), 0.0977029 secs] [Times: user=4.86 sys=0.01, real=0.10 secs] 
4543.571: [GC (Allocation Failure) [PSYoungGen: 26117420K->766395K(26355712K)] 26943137K->1592816K(29501440K), 0.1114814 secs] [Times: user=5.48 sys=0.00, real=0.12 secs] 
4548.102: [GC (Allocation Failure) [PSYoungGen: 26214843K->774032K(26355712K)] 27041264K->1601037K(29501440K), 0.1108426 secs] [Times: user=5.48 sys=0.01, real=0.12 secs] 
4552.794: [GC (Allocation Failure) [PSYoungGen: 26222480K->765995K(26355712K)] 27049485K->1593624K(29501440K), 0.1084293 secs] [Times: user=5.49 sys=0.01, real=0.10 secs] 
4557.234: [GC (Allocation Failure) [PSYoungGen: 26214443K->743080K(26355712K)] 27042072K->1571229K(29501440K), 0.1043926 secs] [Times: user=5.49 sys=0.01, real=0.10 secs] 
4561.877: [GC (Allocation Failure) [PSYoungGen: 26191528K->720878K(26355712K)] 27019677K->1549667K(29501440K), 0.1084455 secs] [Times: user=5.21 sys=0.01, real=0.11 secs] 
4566.387: [GC (Allocation Failure) [PSYoungGen: 26169186K->685419K(26355712K)] 26997975K->1514824K(29501440K), 0.1051623 secs] [Times: user=5.10 sys=0.01, real=0.10 secs] 
4571.065: [GC (Allocation Failure) [PSYoungGen: 26133867K->749183K(26355712K)] 26963272K->1579124K(29501440K), 0.1070661 secs] [Times: user=5.55 sys=0.00, real=0.10 secs] 
4575.544: [GC (Allocation Failure) [PSYoungGen: 26197631K->672468K(26355712K)] 27027572K->1503041K(29501440K), 0.0994052 secs] [Times: user=4.96 sys=0.01, real=0.10 secs] 
4580.511: [GC (Allocation Failure) [PSYoungGen: 26120916K->712464K(26355712K)] 26951489K->1543613K(29501440K), 0.1050714 secs] [Times: user=5.19 sys=0.00, real=0.11 secs] 
4584.768: [GC (Allocation Failure) [PSYoungGen: 26160912K->720651K(26355712K)] 26992061K->1552352K(29501440K), 0.1001780 secs] [Times: user=5.10 sys=0.00, real=0.10 secs] 
4589.287: [GC (Allocation Failure) [PSYoungGen: 26169099K->688188K(26355712K)] 27000800K->1520409K(29501440K), 0.0976751 secs] [Times: user=5.11 sys=0.00, real=0.10 secs] 
4593.755: [GC (Allocation Failure) [PSYoungGen: 26136636K->685937K(26355712K)] 26968857K->1518734K(29501440K), 0.1045288 secs] [Times: user=5.09 sys=0.01, real=0.10 secs] 
4598.105: [GC (Allocation Failure) [PSYoungGen: 26134385K->774927K(26355712K)] 26967182K->1608332K(29501440K), 0.1097850 secs] [Times: user=5.49 sys=0.01, real=0.11 secs] 
4602.727: [GC (Allocation Failure) [PSYoungGen: 26223375K->783708K(26355712K)] 27056780K->1617681K(29501440K), 0.1104794 secs] [Times: user=5.65 sys=0.01, real=0.11 secs] 
4607.171: [GC (Allocation Failure) [PSYoungGen: 26232156K->705706K(26355712K)] 27066129K->1540423K(29501440K), 0.1023793 secs] [Times: user=5.13 sys=0.01, real=0.11 secs] 
4611.779: [GC (Allocation Failure) [PSYoungGen: 26154154K->741543K(26355712K)] 26988871K->1576860K(29501440K), 0.1009782 secs] [Times: user=5.34 sys=0.01, real=0.10 secs] 
4616.129: [GC (Allocation Failure) [PSYoungGen: 26189991K->816685K(26355712K)] 27025308K->1652610K(29501440K), 0.1147203 secs] [Times: user=5.82 sys=0.00, real=0.12 secs] 
4620.590: [GC (Allocation Failure) [PSYoungGen: 26265133K->759681K(26355712K)] 27101058K->1596166K(29501440K), 0.1064570 secs] [Times: user=5.40 sys=0.01, real=0.11 secs] 
4625.120: [GC (Allocation Failure) [PSYoungGen: 26208129K->748309K(26355712K)] 27044614K->1585402K(29501440K), 0.1083101 secs] [Times: user=5.52 sys=0.00, real=0.11 secs] 
4629.805: [GC (Allocation Failure) [PSYoungGen: 26196757K->693559K(26355712K)] 27033850K->1531284K(29501440K), 0.1018067 secs] [Times: user=5.00 sys=0.00, real=0.10 secs] 
4634.107: [GC (Allocation Failure) [PSYoungGen: 26142007K->710214K(26355712K)] 26979732K->1548499K(29501440K), 0.1053675 secs] [Times: user=5.15 sys=0.00, real=0.10 secs] 
4638.538: [GC (Allocation Failure) [PSYoungGen: 26158662K->760938K(26355712K)] 26996947K->1599775K(29501440K), 0.1056286 secs] [Times: user=5.42 sys=0.00, real=0.11 secs] 
4642.999: [GC (Allocation Failure) [PSYoungGen: 26209386K->712083K(26355712K)] 27048223K->1551464K(29501440K), 0.1011226 secs] [Times: user=5.13 sys=0.01, real=0.10 secs] 
4647.623: [GC (Allocation Failure) [PSYoungGen: 26160531K->758596K(26355712K)] 26999912K->1598497K(29501440K), 0.1055342 secs] [Times: user=5.35 sys=0.01, real=0.10 secs] 
4651.956: [GC (Allocation Failure) [PSYoungGen: 26207044K->779986K(26355712K)] 27046945K->1620495K(29501440K), 0.1078776 secs] [Times: user=5.54 sys=0.02, real=0.11 secs] 
4656.378: [GC (Allocation Failure) [PSYoungGen: 26228434K->746853K(26355712K)] 27068943K->1587962K(29501440K), 0.1024850 secs] [Times: user=5.29 sys=0.01, real=0.10 secs] 
4660.886: [GC (Allocation Failure) [PSYoungGen: 26195301K->759123K(26355712K)] 27036410K->1600800K(29501440K), 0.1074079 secs] [Times: user=5.37 sys=0.02, real=0.11 secs] 
4665.304: [GC (Allocation Failure) [PSYoungGen: 26207571K->809522K(26355712K)] 27049248K->1651799K(29501440K), 0.1127140 secs] [Times: user=5.79 sys=0.01, real=0.11 secs] 
4669.737: [GC (Allocation Failure) [PSYoungGen: 26257970K->758247K(26355712K)] 27100247K->1601140K(29501440K), 0.1119521 secs] [Times: user=5.29 sys=0.01, real=0.11 secs] 
4674.425: [GC (Allocation Failure) [PSYoungGen: 26206695K->751452K(26355712K)] 27049588K->1594873K(29501440K), 0.1065493 secs] [Times: user=5.47 sys=0.01, real=0.10 secs] 
4678.890: [GC (Allocation Failure) [PSYoungGen: 26199900K->745008K(26355712K)] 27043321K->1589037K(29501440K), 0.1059630 secs] [Times: user=5.32 sys=0.01, real=0.11 secs] 
4683.416: [GC (Allocation Failure) [PSYoungGen: 26193456K->754139K(26355712K)] 27037485K->1598760K(29501440K), 0.1068535 secs] [Times: user=5.60 sys=0.00, real=0.11 secs] 
4687.975: [GC (Allocation Failure) [PSYoungGen: 26202587K->786142K(26355712K)] 27047208K->1631331K(29501440K), 0.1125625 secs] [Times: user=5.44 sys=0.00, real=0.11 secs] 
4692.449: [GC (Allocation Failure) [PSYoungGen: 26234470K->759125K(26355712K)] 27079659K->1604946K(29501440K), 0.1113487 secs] [Times: user=5.48 sys=0.01, real=0.11 secs] 
4696.794: [GC (Allocation Failure) [PSYoungGen: 26207573K->732288K(26355712K)] 27053394K->1578661K(29501440K), 0.1049456 secs] [Times: user=5.26 sys=0.01, real=0.10 secs] 
4701.252: [GC (Allocation Failure) [PSYoungGen: 26180736K->717106K(26355712K)] 27027109K->1564015K(29501440K), 0.1051809 secs] [Times: user=5.24 sys=0.00, real=0.11 secs] 
4705.817: [GC (Allocation Failure) [PSYoungGen: 26165554K->733712K(26355712K)] 27012463K->1581269K(29501440K), 0.1063719 secs] [Times: user=5.42 sys=0.01, real=0.11 secs] 
4710.346: [GC (Allocation Failure) [PSYoungGen: 26182160K->703825K(26355712K)] 27029717K->1551942K(29501440K), 0.1015319 secs] [Times: user=5.25 sys=0.00, real=0.10 secs] 
4714.834: [GC (Allocation Failure) [PSYoungGen: 26152273K->736109K(26355712K)] 27000390K->1584754K(29501440K), 0.1006814 secs] [Times: user=5.29 sys=0.01, real=0.10 secs] 
4719.253: [GC (Allocation Failure) [PSYoungGen: 26184557K->692875K(26355712K)] 27033202K->1542096K(29501440K), 0.1072431 secs] [Times: user=5.27 sys=0.01, real=0.10 secs] 
4723.954: [GC (Allocation Failure) [PSYoungGen: 26141323K->708730K(26355712K)] 26990544K->1558519K(29501440K), 0.1035039 secs] [Times: user=5.09 sys=0.01, real=0.10 secs] 
4728.045: [GC (Allocation Failure) [PSYoungGen: 26157178K->778999K(26355712K)] 27006967K->1629300K(29501440K), 0.1078580 secs] [Times: user=5.58 sys=0.00, real=0.11 secs] 
4732.503: [GC (Allocation Failure) [PSYoungGen: 26227447K->723937K(26355712K)] 27077748K->1574782K(29501440K), 0.1052544 secs] [Times: user=5.40 sys=0.01, real=0.10 secs] 
4736.784: [GC (Allocation Failure) [PSYoungGen: 26172385K->760528K(26355712K)] 27023230K->1611949K(29501440K), 0.1094771 secs] [Times: user=5.50 sys=0.01, real=0.11 secs] 
4741.200: [GC (Allocation Failure) [PSYoungGen: 26208976K->748132K(26355712K)] 27060397K->1600161K(29501440K), 0.1062643 secs] [Times: user=5.44 sys=0.00, real=0.11 secs] 
4745.466: [GC (Allocation Failure) [PSYoungGen: 26196580K->713032K(26355712K)] 27048609K->1565637K(29501440K), 0.1023061 secs] [Times: user=5.24 sys=0.00, real=0.10 secs] 
4749.990: [GC (Allocation Failure) [PSYoungGen: 26161480K->730243K(26355712K)] 27014085K->1583432K(29501440K), 0.1099978 secs] [Times: user=5.42 sys=0.00, real=0.11 secs] 
4754.265: [GC (Allocation Failure) [PSYoungGen: 26178691K->773341K(26355712K)] 27031880K->1627122K(29501440K), 0.1109373 secs] [Times: user=5.50 sys=0.00, real=0.11 secs] 
4758.564: [GC (Allocation Failure) [PSYoungGen: 26221789K->738791K(26355712K)] 27075570K->1593196K(29501440K), 0.1046369 secs] [Times: user=5.33 sys=0.00, real=0.10 secs] 
4763.039: [GC (Allocation Failure) [PSYoungGen: 26187239K->785343K(26355712K)] 27041644K->1640268K(29501440K), 0.1090188 secs] [Times: user=5.57 sys=0.00, real=0.11 secs] 
4767.443: [GC (Allocation Failure) [PSYoungGen: 26233791K->742970K(26355712K)] 27088716K->1598583K(29501440K), 0.1134584 secs] [Times: user=5.31 sys=0.01, real=0.11 secs] 
4771.838: [GC (Allocation Failure) [PSYoungGen: 26191418K->734555K(26355712K)] 27047031K->1590736K(29501440K), 0.1158847 secs] [Times: user=5.45 sys=0.00, real=0.12 secs] 
4776.298: [GC (Allocation Failure) [PSYoungGen: 26183003K->777728K(26355712K)] 27039184K->1634517K(29501440K), 0.1135900 secs] [Times: user=5.57 sys=0.01, real=0.11 secs] 
4780.667: [GC (Allocation Failure) [PSYoungGen: 26226176K->741643K(26355712K)] 27082965K->1598984K(29501440K), 0.1050074 secs] [Times: user=5.26 sys=0.01, real=0.10 secs] 
4785.133: [GC (Allocation Failure) [PSYoungGen: 26190091K->721068K(26355712K)] 27047432K->1579049K(29501440K), 0.1131958 secs] [Times: user=5.38 sys=0.01, real=0.11 secs] 
4789.390: [GC (Allocation Failure) [PSYoungGen: 26169516K->695115K(26355712K)] 27027497K->1553856K(29501440K), 0.1047041 secs] [Times: user=5.17 sys=0.00, real=0.11 secs] 
4793.887: [GC (Allocation Failure) [PSYoungGen: 26143563K->789915K(26355712K)] 27002304K->1649192K(29501440K), 0.1110047 secs] [Times: user=5.67 sys=0.01, real=0.11 secs] 
4797.962: [GC (Allocation Failure) [PSYoungGen: 26238363K->745353K(26355712K)] 27097640K->1605198K(29501440K), 0.1047268 secs] [Times: user=5.26 sys=0.00, real=0.11 secs] 
4802.270: [GC (Allocation Failure) [PSYoungGen: 26193801K->695118K(26355712K)] 27053646K->1555819K(29501440K), 0.1001152 secs] [Times: user=5.05 sys=0.01, real=0.10 secs] 
4806.546: [GC (Allocation Failure) [PSYoungGen: 26143566K->791009K(26355712K)] 27004267K->1652286K(29501440K), 0.1097564 secs] [Times: user=5.57 sys=0.00, real=0.11 secs] 
4810.800: [GC (Allocation Failure) [PSYoungGen: 26239457K->796479K(26355712K)] 27100734K->1658252K(29501440K), 0.1146899 secs] [Times: user=5.68 sys=0.00, real=0.12 secs] 
4815.228: [GC (Allocation Failure) [PSYoungGen: 26244927K->733912K(26355712K)] 27106700K->1596341K(29501440K), 0.1077510 secs] [Times: user=5.38 sys=0.00, real=0.11 secs] 
4819.445: [GC (Allocation Failure) [PSYoungGen: 26182360K->768873K(26355712K)] 27044789K->1631910K(29501440K), 0.1107506 secs] [Times: user=5.51 sys=0.00, real=0.11 secs] 
4823.841: [GC (Allocation Failure) [PSYoungGen: 26217321K->763061K(26355712K)] 27080358K->1626618K(29501440K), 0.1146820 secs] [Times: user=5.87 sys=0.01, real=0.12 secs] 
4828.242: [GC (Allocation Failure) [PSYoungGen: 26211509K->775832K(26355712K)] 27075066K->1640005K(29501440K), 0.1084755 secs] [Times: user=5.71 sys=0.01, real=0.11 secs] 
4832.396: [GC (Allocation Failure) [PSYoungGen: 26224280K->762119K(26355712K)] 27088453K->1626924K(29501440K), 0.1116958 secs] [Times: user=5.45 sys=0.01, real=0.11 secs] 
4836.604: [GC (Allocation Failure) [PSYoungGen: 26210567K->782134K(26355712K)] 27075372K->1647555K(29501440K), 0.1083549 secs] [Times: user=5.45 sys=0.01, real=0.11 secs] 
4840.818: [GC (Allocation Failure) [PSYoungGen: 26230582K->778890K(26355712K)] 27096003K->1645183K(29501440K), 0.1084577 secs] [Times: user=5.53 sys=0.01, real=0.11 secs] 
4845.177: [GC (Allocation Failure) [PSYoungGen: 26227338K->730125K(26355712K)] 27093631K->1597026K(29501440K), 0.1045257 secs] [Times: user=5.20 sys=0.01, real=0.10 secs] 
4849.423: [GC (Allocation Failure) [PSYoungGen: 26178573K->817142K(26355712K)] 27045474K->1684635K(29501440K), 0.1109041 secs] [Times: user=5.76 sys=0.00, real=0.11 secs] 
4853.973: [GC (Allocation Failure) [PSYoungGen: 26265590K->905310K(26355712K)] 27133083K->1773371K(29501440K), 0.1224166 secs] [Times: user=6.24 sys=0.00, real=0.12 secs] 
4858.003: [GC (Allocation Failure) [PSYoungGen: 26353758K->781479K(26355712K)] 27221819K->1650036K(29501440K), 0.1089698 secs] [Times: user=5.74 sys=0.00, real=0.10 secs] 
4862.311: [GC (Allocation Failure) [PSYoungGen: 26229927K->671276K(26355712K)] 27098484K->1540385K(29501440K), 0.1002162 secs] [Times: user=4.94 sys=0.01, real=0.10 secs] 
4866.649: [GC (Allocation Failure) [PSYoungGen: 26119724K->737372K(26355712K)] 26988833K->1607153K(29501440K), 0.1007301 secs] [Times: user=5.10 sys=0.02, real=0.10 secs] 
4870.826: [GC (Allocation Failure) [PSYoungGen: 26185820K->807228K(26355712K)] 27055601K->1677521K(29501440K), 0.1111850 secs] [Times: user=5.54 sys=0.00, real=0.11 secs] 
4875.092: [GC (Allocation Failure) [PSYoungGen: 26255676K->803688K(26355712K)] 27125969K->1674605K(29501440K), 0.1097745 secs] [Times: user=5.66 sys=0.00, real=0.11 secs] 
4879.262: [GC (Allocation Failure) [PSYoungGen: 26252136K->876792K(26355712K)] 27123053K->1748293K(29501440K), 0.1195800 secs] [Times: user=6.28 sys=0.01, real=0.12 secs] 
4883.448: [GC (Allocation Failure) [PSYoungGen: 26325240K->834541K(26355712K)] 27196741K->1706586K(29501440K), 0.1159851 secs] [Times: user=5.67 sys=0.00, real=0.12 secs] 
4887.811: [GC (Allocation Failure) [PSYoungGen: 26282989K->845226K(26355712K)] 27155034K->1717823K(29501440K), 0.1136461 secs] [Times: user=5.86 sys=0.01, real=0.12 secs] 
4891.933: [GC (Allocation Failure) [PSYoungGen: 26293674K->772862K(26355712K)] 27166271K->1646611K(29501440K), 0.1105189 secs] [Times: user=5.58 sys=0.00, real=0.12 secs] 
4896.254: [GC (Allocation Failure) [PSYoungGen: 26221310K->816215K(26355712K)] 27095059K->1690564K(29501440K), 0.1145915 secs] [Times: user=5.78 sys=0.01, real=0.11 secs] 
4900.438: [GC (Allocation Failure) [PSYoungGen: 26264663K->790456K(26355712K)] 27139012K->1665333K(29501440K), 0.1097056 secs] [Times: user=5.78 sys=0.01, real=0.11 secs] 
4904.736: [GC (Allocation Failure) [PSYoungGen: 26238904K->726454K(26355712K)] 27113781K->1601915K(29501440K), 0.1033299 secs] [Times: user=5.26 sys=0.02, real=0.10 secs] 
4909.053: [GC (Allocation Failure) [PSYoungGen: 26174902K->742192K(26355712K)] 27050363K->1618253K(29501440K), 0.1039335 secs] [Times: user=5.15 sys=0.00, real=0.10 secs] 
4913.264: [GC (Allocation Failure) [PSYoungGen: 26190640K->829670K(26355712K)] 27066701K->1706291K(29501440K), 0.1158295 secs] [Times: user=6.04 sys=0.00, real=0.11 secs] 
4917.633: [GC (Allocation Failure) [PSYoungGen: 26278118K->851394K(26355712K)] 27154739K->1728559K(29501440K), 0.1128604 secs] [Times: user=5.65 sys=0.01, real=0.12 secs] 
4921.918: [GC (Allocation Failure) [PSYoungGen: 26299842K->823484K(26355712K)] 27177007K->1701177K(29501440K), 0.1120275 secs] [Times: user=5.82 sys=0.01, real=0.11 secs] 
4926.088: [GC (Allocation Failure) [PSYoungGen: 26271932K->799038K(26355712K)] 27149625K->1677363K(29501440K), 0.1109675 secs] [Times: user=5.74 sys=0.01, real=0.11 secs] 
4930.392: [GC (Allocation Failure) [PSYoungGen: 26247486K->831838K(26355712K)] 27125811K->1710699K(29501440K), 0.1108405 secs] [Times: user=5.77 sys=0.01, real=0.12 secs] 
4934.584: [GC (Allocation Failure) [PSYoungGen: 26280286K->762222K(26355712K)] 27159147K->1641651K(29501440K), 0.1061162 secs] [Times: user=5.52 sys=0.01, real=0.10 secs] 
4938.921: [GC (Allocation Failure) [PSYoungGen: 26210670K->789201K(26355712K)] 27090099K->1669126K(29501440K), 0.1123717 secs] [Times: user=5.77 sys=0.01, real=0.12 secs] 
4943.081: [GC (Allocation Failure) [PSYoungGen: 26237649K->782994K(26355712K)] 27117574K->1663527K(29501440K), 0.1096668 secs] [Times: user=5.54 sys=0.01, real=0.11 secs] 
4947.174: [GC (Allocation Failure) [PSYoungGen: 26231442K->782181K(26355712K)] 27111975K->1663434K(29501440K), 0.1153925 secs] [Times: user=5.79 sys=0.01, real=0.11 secs] 
4951.415: [GC (Allocation Failure) [PSYoungGen: 26230629K->759617K(26355712K)] 27111882K->1641414K(29501440K), 0.1056245 secs] [Times: user=5.44 sys=0.00, real=0.10 secs] 
4955.873: [GC (Allocation Failure) [PSYoungGen: 26208065K->836911K(26355712K)] 27089862K->1719276K(29501440K), 0.1122563 secs] [Times: user=5.83 sys=0.01, real=0.11 secs] 
4960.214: [GC (Allocation Failure) [PSYoungGen: 26285359K->685772K(26355712K)] 27167724K->1568841K(29501440K), 0.1050858 secs] [Times: user=5.04 sys=0.01, real=0.10 secs] 
4964.251: [GC (Allocation Failure) [PSYoungGen: 26134220K->841829K(26355712K)] 27017289K->1725402K(29501440K), 0.1219457 secs] [Times: user=6.11 sys=0.01, real=0.13 secs] 
4968.327: [GC (Allocation Failure) [PSYoungGen: 26290277K->818233K(26355712K)] 27173850K->1702334K(29501440K), 0.1102555 secs] [Times: user=5.77 sys=0.00, real=0.11 secs] 
4972.380: [GC (Allocation Failure) [PSYoungGen: 26266681K->688585K(26355712K)] 27150782K->1573254K(29501440K), 0.1009604 secs] [Times: user=5.25 sys=0.00, real=0.10 secs] 
4976.628: [GC (Allocation Failure) [PSYoungGen: 26137033K->788029K(26355712K)] 27021702K->1673418K(29501440K), 0.1134648 secs] [Times: user=5.37 sys=0.01, real=0.11 secs] 
4980.802: [GC (Allocation Failure) [PSYoungGen: 26236477K->777894K(26355712K)] 27121866K->1663851K(29501440K), 0.1066821 secs] [Times: user=5.45 sys=0.00, real=0.11 secs] 
4984.937: [GC (Allocation Failure) [PSYoungGen: 26226342K->802481K(26355712K)] 27112299K->1688942K(29501440K), 0.1100881 secs] [Times: user=5.75 sys=0.00, real=0.11 secs] 
4988.858: [GC (Allocation Failure) [PSYoungGen: 26250929K->746018K(26355712K)] 27137390K->1633135K(29501440K), 0.1100174 secs] [Times: user=5.36 sys=0.00, real=0.11 secs] 
4993.142: [GC (Allocation Failure) [PSYoungGen: 26194466K->811036K(26355712K)] 27081583K->1698729K(29501440K), 0.1095624 secs] [Times: user=5.72 sys=0.01, real=0.11 secs] 
4997.181: [GC (Allocation Failure) [PSYoungGen: 26259484K->845971K(26355712K)] 27147177K->1734200K(29501440K), 0.1172722 secs] [Times: user=6.13 sys=0.00, real=0.12 secs] 
5001.218: [GC (Allocation Failure) [PSYoungGen: 26294419K->737031K(26355712K)] 27182648K->1625844K(29501440K), 0.1111958 secs] [Times: user=5.39 sys=0.01, real=0.11 secs] 
5005.493: [GC (Allocation Failure) [PSYoungGen: 26185479K->762993K(26355712K)] 27074292K->1652382K(29501440K), 0.1110055 secs] [Times: user=5.47 sys=0.01, real=0.11 secs] 
5009.628: [GC (Allocation Failure) [PSYoungGen: 26211441K->786260K(26355712K)] 27100830K->1676201K(29501440K), 0.1101884 secs] [Times: user=5.61 sys=0.01, real=0.11 secs] 
5013.826: [GC (Allocation Failure) [PSYoungGen: 26234708K->843551K(26355712K)] 27124649K->1734004K(29501440K), 0.1113369 secs] [Times: user=5.91 sys=0.01, real=0.11 secs] 
5017.994: [GC (Allocation Failure) [PSYoungGen: 26291999K->788043K(26355712K)] 27182452K->1679072K(29501440K), 0.1082685 secs] [Times: user=5.50 sys=0.00, real=0.10 secs] 
5022.062: [GC (Allocation Failure) [PSYoungGen: 26236491K->722413K(26355712K)] 27127520K->1614114K(29501440K), 0.1026463 secs] [Times: user=5.13 sys=0.01, real=0.11 secs] 
5026.305: [GC (Allocation Failure) [PSYoungGen: 26170861K->850913K(26355712K)] 27062562K->1743174K(29501440K), 0.1196859 secs] [Times: user=6.07 sys=0.01, real=0.12 secs] 
5030.581: [GC (Allocation Failure) [PSYoungGen: 26299361K->782925K(26355712K)] 27191622K->1675755K(29501440K), 0.1096484 secs] [Times: user=5.55 sys=0.01, real=0.11 secs] 
5034.728: [GC (Allocation Failure) [PSYoungGen: 26231373K->812590K(26355712K)] 27124203K->1706083K(29501440K), 0.1105538 secs] [Times: user=5.48 sys=0.00, real=0.11 secs] 
5038.870: [GC (Allocation Failure) [PSYoungGen: 26261038K->903526K(26355712K)] 27154531K->1797555K(29501440K), 0.1240996 secs] [Times: user=6.35 sys=0.01, real=0.13 secs] 
5043.019: [GC (Allocation Failure) [PSYoungGen: 26351974K->878218K(26355712K)] 27246003K->1772767K(29501440K), 0.1221297 secs] [Times: user=6.04 sys=0.01, real=0.12 secs] 
5046.940: [GC (Allocation Failure) [PSYoungGen: 26326666K->788229K(26355712K)] 27221215K->1683354K(29501440K), 0.1082133 secs] [Times: user=5.61 sys=0.00, real=0.11 secs] 
5051.155: [GC (Allocation Failure) [PSYoungGen: 26236677K->763299K(26355712K)] 27131802K->1659040K(29501440K), 0.1112688 secs] [Times: user=5.59 sys=0.01, real=0.11 secs] 
5055.253: [GC (Allocation Failure) [PSYoungGen: 26211747K->852437K(26355712K)] 27107488K->1748666K(29501440K), 0.1174950 secs] [Times: user=6.04 sys=0.00, real=0.11 secs] 
5059.204: [GC (Allocation Failure) [PSYoungGen: 26300885K->749955K(26355712K)] 27197114K->1646888K(29501440K), 0.1147384 secs] [Times: user=5.43 sys=0.01, real=0.11 secs] 
5063.372: [GC (Allocation Failure) [PSYoungGen: 26198403K->739893K(26355712K)] 27095336K->1637554K(29501440K), 0.1044241 secs] [Times: user=5.37 sys=0.01, real=0.11 secs] 
5067.594: [GC (Allocation Failure) [PSYoungGen: 26188341K->765899K(26355712K)] 27086002K->1664088K(29501440K), 0.1098167 secs] [Times: user=5.67 sys=0.02, real=0.11 secs] 
5071.834: [GC (Allocation Failure) [PSYoungGen: 26214347K->902309K(26355712K)] 27112536K->1801106K(29501440K), 0.1212284 secs] [Times: user=6.02 sys=0.01, real=0.12 secs] 
5076.201: [GC (Allocation Failure) [PSYoungGen: 26350757K->851909K(26355712K)] 27249554K->1751322K(29501440K), 0.1216004 secs] [Times: user=6.06 sys=0.00, real=0.12 secs] 
5080.131: [GC (Allocation Failure) [PSYoungGen: 26300357K->718896K(26355712K)] 27199770K->1618813K(29501440K), 0.1030591 secs] [Times: user=5.24 sys=0.01, real=0.11 secs] 
5084.239: [GC (Allocation Failure) [PSYoungGen: 26167344K->791111K(26355712K)] 27067261K->1691612K(29501440K), 0.1111709 secs] [Times: user=5.51 sys=0.00, real=0.11 secs] 
5088.395: [GC (Allocation Failure) [PSYoungGen: 26239559K->723467K(26355712K)] 27140060K->1624608K(29501440K), 0.1026953 secs] [Times: user=5.37 sys=0.01, real=0.10 secs] 
5092.429: [GC (Allocation Failure) [PSYoungGen: 26171915K->768280K(26355712K)] 27073056K->1669917K(29501440K), 0.1068098 secs] [Times: user=5.54 sys=0.00, real=0.11 secs] 
5096.604: [GC (Allocation Failure) [PSYoungGen: 26216728K->803189K(26355712K)] 27118365K->1705402K(29501440K), 0.1117913 secs] [Times: user=5.56 sys=0.01, real=0.11 secs] 
5100.787: [GC (Allocation Failure) [PSYoungGen: 26251637K->781935K(26355712K)] 27153850K->1684724K(29501440K), 0.1091262 secs] [Times: user=5.67 sys=0.00, real=0.11 secs] 
5104.973: [GC (Allocation Failure) [PSYoungGen: 26230383K->816150K(26355712K)] 27133172K->1719499K(29501440K), 0.1117977 secs] [Times: user=5.86 sys=0.01, real=0.11 secs] 
5108.970: [GC (Allocation Failure) [PSYoungGen: 26264598K->805649K(26355712K)] 27167947K->1709526K(29501440K), 0.1111094 secs] [Times: user=5.80 sys=0.00, real=0.11 secs] 
5113.234: [GC (Allocation Failure) [PSYoungGen: 26254097K->907255K(26355712K)] 27157974K->1978772K(29501440K), 0.1505915 secs] [Times: user=7.91 sys=0.01, real=0.15 secs] 
5117.190: [GC (Allocation Failure) [PSYoungGen: 26355703K->791696K(26355712K)] 27427220K->1863741K(29501440K), 0.1062923 secs] [Times: user=5.52 sys=0.00, real=0.11 secs] 
5121.136: [GC (Allocation Failure) [PSYoungGen: 26240144K->859832K(26355712K)] 27312189K->1932397K(29501440K), 0.1164093 secs] [Times: user=5.90 sys=0.01, real=0.12 secs] 
5125.299: [GC (Allocation Failure) [PSYoungGen: 26308280K->907257K(26355712K)] 27380845K->2060678K(29501440K), 0.1341028 secs] [Times: user=7.05 sys=0.00, real=0.14 secs] 
5129.319: [GC (Allocation Failure) [PSYoungGen: 26355705K->774972K(26355712K)] 27509126K->1928961K(29501440K), 0.1026682 secs] [Times: user=5.16 sys=0.00, real=0.10 secs] 
5133.382: [GC (Allocation Failure) [PSYoungGen: 26223420K->801854K(26355712K)] 27377409K->1956355K(29501440K), 0.1076282 secs] [Times: user=5.47 sys=0.00, real=0.11 secs] 
5137.577: [GC (Allocation Failure) [PSYoungGen: 26250302K->824556K(26355712K)] 27404803K->1979609K(29501440K), 0.1080322 secs] [Times: user=5.55 sys=0.01, real=0.11 secs] 
5141.614: [GC (Allocation Failure) [PSYoungGen: 26273004K->733194K(26355712K)] 27428057K->1888751K(29501440K), 0.1037424 secs] [Times: user=5.32 sys=0.00, real=0.10 secs] 
5145.649: [GC (Allocation Failure) [PSYoungGen: 26181642K->856916K(26355712K)] 27337199K->2013129K(29501440K), 0.1144116 secs] [Times: user=5.89 sys=0.01, real=0.12 secs] 
5149.713: [GC (Allocation Failure) [PSYoungGen: 26305364K->789664K(26355712K)] 27461577K->1946405K(29501440K), 0.1089510 secs] [Times: user=5.46 sys=0.00, real=0.10 secs] 
5154.049: [GC (Allocation Failure) [PSYoungGen: 26238112K->907235K(26355712K)] 27394853K->2399536K(29501440K), 0.1752981 secs] [Times: user=9.38 sys=0.00, real=0.18 secs] 
5157.651: [GC (Allocation Failure) [PSYoungGen: 26355683K->779844K(26355712K)] 27847984K->2272641K(29501440K), 0.1095947 secs] [Times: user=5.63 sys=0.01, real=0.11 secs] 
5161.637: [GC (Allocation Failure) [PSYoungGen: 26228292K->842866K(26355712K)] 27721089K->2336455K(29501440K), 0.1094949 secs] [Times: user=5.66 sys=0.00, real=0.11 secs] 
5165.755: [GC (Allocation Failure) [PSYoungGen: 26291314K->773760K(26355712K)] 27784903K->2267909K(29501440K), 0.1084286 secs] [Times: user=5.44 sys=0.00, real=0.11 secs] 
5169.715: [GC (Allocation Failure) [PSYoungGen: 26222208K->762604K(26355712K)] 27716357K->2257273K(29501440K), 0.1103288 secs] [Times: user=5.66 sys=0.01, real=0.11 secs] 
5173.741: [GC (Allocation Failure) [PSYoungGen: 26211052K->764921K(26355712K)] 27705721K->2260774K(29501440K), 0.1070082 secs] [Times: user=5.49 sys=0.01, real=0.11 secs] 
5177.884: [GC (Allocation Failure) [PSYoungGen: 26213369K->848675K(26355712K)] 27709222K->2345448K(29501440K), 0.1172974 secs] [Times: user=5.97 sys=0.01, real=0.11 secs] 
5181.768: [GC (Allocation Failure) [PSYoungGen: 26297123K->800829K(26355712K)] 27793896K->2298098K(29501440K), 0.1102569 secs] [Times: user=5.64 sys=0.01, real=0.11 secs] 
5185.832: [GC (Allocation Failure) [PSYoungGen: 26249277K->765275K(26355712K)] 27746546K->2263416K(29501440K), 0.1081446 secs] [Times: user=5.56 sys=0.01, real=0.11 secs] 
5189.890: [GC (Allocation Failure) [PSYoungGen: 26213723K->804563K(26355712K)] 27711864K->2303672K(29501440K), 0.1102824 secs] [Times: user=5.62 sys=0.00, real=0.11 secs] 
5193.912: [GC (Allocation Failure) [PSYoungGen: 26253011K->744010K(26355712K)] 27752120K->2243775K(29501440K), 0.1084451 secs] [Times: user=5.36 sys=0.01, real=0.11 secs] 
5197.849: [GC (Allocation Failure) [PSYoungGen: 26192458K->855644K(26355712K)] 27692223K->2355905K(29501440K), 0.1161414 secs] [Times: user=6.00 sys=0.00, real=0.12 secs] 
5201.691: [GC (Allocation Failure) [PSYoungGen: 26304092K->784047K(26355712K)] 27804353K->2284964K(29501440K), 0.1085203 secs] [Times: user=5.65 sys=0.01, real=0.11 secs] 
5205.677: [GC (Allocation Failure) [PSYoungGen: 26232495K->774173K(26355712K)] 27733412K->2275650K(29501440K), 0.1105203 secs] [Times: user=5.60 sys=0.01, real=0.11 secs] 
5209.643: [GC (Allocation Failure) [PSYoungGen: 26222621K->818647K(26355712K)] 27724098K->2320636K(29501440K), 0.1113231 secs] [Times: user=5.83 sys=0.00, real=0.11 secs] 
5213.608: [GC (Allocation Failure) [PSYoungGen: 26267095K->740863K(26355712K)] 27769084K->2246444K(29501440K), 0.1062456 secs] [Times: user=5.49 sys=0.01, real=0.11 secs] 
5217.570: [GC (Allocation Failure) [PSYoungGen: 26189311K->815995K(26355712K)] 27694892K->2323080K(29501440K), 0.1118812 secs] [Times: user=5.54 sys=0.00, real=0.11 secs] 
5221.570: [GC (Allocation Failure) [PSYoungGen: 26264443K->782849K(26355712K)] 27771528K->2290446K(29501440K), 0.1079633 secs] [Times: user=5.64 sys=0.00, real=0.11 secs] 
5225.458: [GC (Allocation Failure) [PSYoungGen: 26231297K->850967K(26355712K)] 27738894K->2359108K(29501440K), 0.1123891 secs] [Times: user=5.80 sys=0.00, real=0.11 secs] 
5229.561: [GC (Allocation Failure) [PSYoungGen: 26299415K->869983K(26355712K)] 27807556K->2378940K(29501440K), 0.1158556 secs] [Times: user=6.00 sys=0.00, real=0.12 secs] 
5233.410: [GC (Allocation Failure) [PSYoungGen: 26318431K->848195K(26355712K)] 27827388K->2357680K(29501440K), 0.1118765 secs] [Times: user=5.78 sys=0.00, real=0.11 secs] 
5237.264: [GC (Allocation Failure) [PSYoungGen: 26296643K->819065K(26355712K)] 27806128K->2329014K(29501440K), 0.1189284 secs] [Times: user=5.83 sys=0.01, real=0.12 secs] 
5241.216: [GC (Allocation Failure) [PSYoungGen: 26267513K->773163K(26355712K)] 27777462K->2283736K(29501440K), 0.1119865 secs] [Times: user=5.61 sys=0.01, real=0.11 secs] 
5245.210: [GC (Allocation Failure) [PSYoungGen: 26221611K->778370K(26355712K)] 27732184K->2289607K(29501440K), 0.1063646 secs] [Times: user=5.59 sys=0.01, real=0.11 secs] 
5249.273: [GC (Allocation Failure) [PSYoungGen: 26226818K->899289K(26355712K)] 27738055K->2410990K(29501440K), 0.1232047 secs] [Times: user=6.02 sys=0.00, real=0.13 secs] 
5253.293: [GC (Allocation Failure) [PSYoungGen: 26347737K->797418K(26355712K)] 27859438K->2309623K(29501440K), 0.1111750 secs] [Times: user=5.59 sys=0.00, real=0.12 secs] 
5257.250: [GC (Allocation Failure) [PSYoungGen: 26245866K->743787K(26355712K)] 27758071K->2256616K(29501440K), 0.1044446 secs] [Times: user=5.42 sys=0.01, real=0.11 secs] 
5261.298: [GC (Allocation Failure) [PSYoungGen: 26192235K->795694K(26355712K)] 27705064K->2309299K(29501440K), 0.1159747 secs] [Times: user=5.64 sys=0.01, real=0.12 secs] 
5265.140: [GC (Allocation Failure) [PSYoungGen: 26244142K->792129K(26355712K)] 27757747K->2306342K(29501440K), 0.1135098 secs] [Times: user=5.69 sys=0.00, real=0.12 secs] 
5269.111: [GC (Allocation Failure) [PSYoungGen: 26240577K->907252K(26355712K)] 27754790K->2443025K(29501440K), 0.1188550 secs] [Times: user=6.35 sys=0.00, real=0.12 secs] 
5272.944: [GC (Allocation Failure) [PSYoungGen: 26355700K->738591K(26355712K)] 27891473K->2274972K(29501440K), 0.1000324 secs] [Times: user=5.07 sys=0.01, real=0.10 secs] 
5276.923: [GC (Allocation Failure) [PSYoungGen: 26187039K->714572K(26355712K)] 27723420K->2251457K(29501440K), 0.1000969 secs] [Times: user=5.09 sys=0.00, real=0.11 secs] 
5280.929: [GC (Allocation Failure) [PSYoungGen: 26163020K->745360K(26355712K)] 27699905K->2282797K(29501440K), 0.1047269 secs] [Times: user=5.36 sys=0.00, real=0.11 secs] 
5284.833: [GC (Allocation Failure) [PSYoungGen: 26193808K->801074K(26355712K)] 27731245K->2339071K(29501440K), 0.1056932 secs] [Times: user=5.39 sys=0.00, real=0.11 secs] 
5288.934: [GC (Allocation Failure) [PSYoungGen: 26249522K->787767K(26355712K)] 27787519K->2326372K(29501440K), 0.1102854 secs] [Times: user=5.43 sys=0.00, real=0.11 secs] 
5292.622: [GC (Allocation Failure) [PSYoungGen: 26236215K->783659K(26355712K)] 27774820K->2322824K(29501440K), 0.1068188 secs] [Times: user=5.61 sys=0.00, real=0.11 secs] 
5296.641: [GC (Allocation Failure) [PSYoungGen: 26232107K->777056K(26355712K)] 27771272K->2316781K(29501440K), 0.1065844 secs] [Times: user=5.43 sys=0.01, real=0.11 secs] 
5300.614: [GC (Allocation Failure) [PSYoungGen: 26225504K->785236K(26355712K)] 27765229K->2325705K(29501440K), 0.1056111 secs] [Times: user=5.42 sys=0.00, real=0.10 secs] 
5304.650: [GC (Allocation Failure) [PSYoungGen: 26233684K->831010K(26355712K)] 27774153K->2371983K(29501440K), 0.1136428 secs] [Times: user=5.99 sys=0.01, real=0.12 secs] 
5308.481: [GC (Allocation Failure) [PSYoungGen: 26279458K->783601K(26355712K)] 27820431K->2325070K(29501440K), 0.1087572 secs] [Times: user=5.63 sys=0.00, real=0.11 secs] 
5312.611: [GC (Allocation Failure) [PSYoungGen: 26232049K->785455K(26355712K)] 27773518K->2327484K(29501440K), 0.1105307 secs] [Times: user=5.52 sys=0.01, real=0.11 secs] 
5316.381: [GC (Allocation Failure) [PSYoungGen: 26233903K->791623K(26355712K)] 27775932K->2334180K(29501440K), 0.1064885 secs] [Times: user=5.42 sys=0.00, real=0.11 secs] 
5320.461: [GC (Allocation Failure) [PSYoungGen: 26240071K->907256K(26355712K)] 27782628K->2509917K(29501440K), 0.1498044 secs] [Times: user=7.82 sys=0.01, real=0.15 secs] 
5324.264: [GC (Allocation Failure) [PSYoungGen: 26355704K->775185K(26355712K)] 27958365K->2378390K(29501440K), 0.1149519 secs] [Times: user=6.00 sys=0.00, real=0.11 secs] 
5328.218: [GC (Allocation Failure) [PSYoungGen: 26223633K->879339K(26355712K)] 27826838K->2483256K(29501440K), 0.1160070 secs] [Times: user=6.01 sys=0.01, real=0.12 secs] 
5332.080: [GC (Allocation Failure) [PSYoungGen: 26327787K->907259K(26355712K)] 27931704K->2536984K(29501440K), 0.1219921 secs] [Times: user=6.17 sys=0.01, real=0.12 secs] 
5336.127: [GC (Allocation Failure) [PSYoungGen: 26355707K->907250K(26355712K)] 27985432K->2590839K(29501440K), 0.1240981 secs] [Times: user=6.47 sys=0.00, real=0.12 secs] 
5340.064: [GC (Allocation Failure) [PSYoungGen: 26355698K->868908K(26355712K)] 28039287K->2553025K(29501440K), 0.1103788 secs] [Times: user=5.76 sys=0.01, real=0.11 secs] 
5344.346: [GC (Allocation Failure) [PSYoungGen: 26317356K->907244K(26355712K)] 28001473K->2735793K(29501440K), 0.1417408 secs] [Times: user=7.48 sys=0.00, real=0.14 secs] 
5347.841: [GC (Allocation Failure) [PSYoungGen: 26355692K->789802K(26355712K)] 28184241K->2618887K(29501440K), 0.1023362 secs] [Times: user=5.17 sys=0.01, real=0.11 secs] 
5351.723: [GC (Allocation Failure) [PSYoungGen: 26238250K->794546K(26355712K)] 28067335K->2624159K(29501440K), 0.1076583 secs] [Times: user=5.38 sys=0.02, real=0.10 secs] 
5355.576: [GC (Allocation Failure) [PSYoungGen: 26242994K->774599K(26355712K)] 28072607K->2604724K(29501440K), 0.1021081 secs] [Times: user=5.33 sys=0.01, real=0.10 secs] 
5359.414: [GC (Allocation Failure) [PSYoungGen: 26223047K->841598K(26355712K)] 28053172K->2672235K(29501440K), 0.1124323 secs] [Times: user=5.75 sys=0.01, real=0.11 secs] 
5363.307: [GC (Allocation Failure) [PSYoungGen: 26290046K->815611K(26355712K)] 28120683K->2646928K(29501440K), 0.1115728 secs] [Times: user=5.55 sys=0.01, real=0.11 secs] 
5367.465: [GC (Allocation Failure) [PSYoungGen: 26264059K->894432K(26355712K)] 28095376K->2726269K(29501440K), 0.1188603 secs] [Times: user=5.99 sys=0.00, real=0.12 secs] 
5370.932: [GC (Allocation Failure) [PSYoungGen: 26342880K->775539K(26355712K)] 28174717K->2607888K(29501440K), 0.1084547 secs] [Times: user=5.18 sys=0.01, real=0.11 secs] 
5375.073: [GC (Allocation Failure) [PSYoungGen: 26223987K->796518K(26355712K)] 28056336K->2629411K(29501440K), 0.1052027 secs] [Times: user=5.63 sys=0.01, real=0.10 secs] 
5378.675: [GC (Allocation Failure) [PSYoungGen: 26244966K->732054K(26355712K)] 28077859K->2565723K(29501440K), 0.1051680 secs] [Times: user=5.21 sys=0.00, real=0.10 secs] 
5382.566: [GC (Allocation Failure) [PSYoungGen: 26180502K->796683K(26355712K)] 28014171K->2630896K(29501440K), 0.1080341 secs] [Times: user=5.67 sys=0.01, real=0.11 secs] 
5386.405: [GC (Allocation Failure) [PSYoungGen: 26245131K->747945K(26355712K)] 28079344K->2582782K(29501440K), 0.1113437 secs] [Times: user=5.34 sys=0.01, real=0.11 secs] 
5390.270: [GC (Allocation Failure) [PSYoungGen: 26196393K->816219K(26355712K)] 28031230K->2651824K(29501440K), 0.1182867 secs] [Times: user=6.01 sys=0.00, real=0.12 secs] 
5394.245: [GC (Allocation Failure) [PSYoungGen: 26264667K->894638K(26355712K)] 28100272K->2730963K(29501440K), 0.1188761 secs] [Times: user=6.11 sys=0.00, real=0.12 secs] 
5397.957: [GC (Allocation Failure) [PSYoungGen: 26343086K->834298K(26355712K)] 28179411K->2671167K(29501440K), 0.1144967 secs] [Times: user=5.82 sys=0.01, real=0.11 secs] 
5402.079: [GC (Allocation Failure) [PSYoungGen: 26282746K->842655K(26355712K)] 28119615K->2680300K(29501440K), 0.1148641 secs] [Times: user=5.98 sys=0.00, real=0.12 secs] 
5405.645: [GC (Allocation Failure) [PSYoungGen: 26291103K->771792K(26355712K)] 28128748K->2609941K(29501440K), 0.1103231 secs] [Times: user=5.74 sys=0.02, real=0.11 secs] 
5409.527: [GC (Allocation Failure) [PSYoungGen: 26220240K->781288K(26355712K)] 28058389K->2619981K(29501440K), 0.1117257 secs] [Times: user=5.57 sys=0.01, real=0.11 secs] 
5413.290: [GC (Allocation Failure) [PSYoungGen: 26229736K->761736K(26355712K)] 28068429K->2601005K(29501440K), 0.1158258 secs] [Times: user=5.68 sys=0.01, real=0.12 secs] 
5417.113: [GC (Allocation Failure) [PSYoungGen: 26210184K->841614K(26355712K)] 28049453K->2681451K(29501440K), 0.1174274 secs] [Times: user=5.99 sys=0.01, real=0.11 secs] 
5421.227: [GC (Allocation Failure) [PSYoungGen: 26290062K->780321K(26355712K)] 28129899K->2620758K(29501440K), 0.1119979 secs] [Times: user=5.64 sys=0.00, real=0.11 secs] 
5424.965: [GC (Allocation Failure) [PSYoungGen: 26228769K->907247K(26355712K)] 28069206K->2756860K(29501440K), 0.1233895 secs] [Times: user=6.36 sys=0.00, real=0.12 secs] 
5428.693: [GC (Allocation Failure) [PSYoungGen: 26355695K->754038K(26355712K)] 28205308K->2604116K(29501440K), 0.1018043 secs] [Times: user=5.24 sys=0.01, real=0.10 secs] 
5432.495: [GC (Allocation Failure) [PSYoungGen: 26202486K->763558K(26355712K)] 28052564K->2614235K(29501440K), 0.1031889 secs] [Times: user=5.29 sys=0.00, real=0.10 secs] 
5436.379: [GC (Allocation Failure) [PSYoungGen: 26212006K->786140K(26355712K)] 28062683K->2637393K(29501440K), 0.1081522 secs] [Times: user=5.50 sys=0.01, real=0.11 secs] 
5440.080: [GC (Allocation Failure) [PSYoungGen: 26234588K->824953K(26355712K)] 28085841K->2676622K(29501440K), 0.1178205 secs] [Times: user=5.60 sys=0.01, real=0.12 secs] 
5443.930: [GC (Allocation Failure) [PSYoungGen: 26273401K->787852K(26355712K)] 28125070K->2640113K(29501440K), 0.1075979 secs] [Times: user=5.36 sys=0.00, real=0.11 secs] 
5447.699: [GC (Allocation Failure) [PSYoungGen: 26236300K->745948K(26355712K)] 28088561K->2598801K(29501440K), 0.1005127 secs] [Times: user=5.32 sys=0.00, real=0.10 secs] 
5451.396: [GC (Allocation Failure) [PSYoungGen: 26194396K->754946K(26355712K)] 28047249K->2608311K(29501440K), 0.1067723 secs] [Times: user=5.41 sys=0.01, real=0.11 secs] 
5455.343: [GC (Allocation Failure) [PSYoungGen: 26203394K->675244K(26355712K)] 28056759K->2529105K(29501440K), 0.1022663 secs] [Times: user=5.02 sys=0.00, real=0.10 secs] 
5459.144: [GC (Allocation Failure) [PSYoungGen: 26123692K->861692K(26355712K)] 27977553K->2716201K(29501440K), 0.1197852 secs] [Times: user=6.22 sys=0.01, real=0.12 secs] 
5462.840: [GC (Allocation Failure) [PSYoungGen: 26310140K->765095K(26355712K)] 28164649K->2620172K(29501440K), 0.1067214 secs] [Times: user=5.37 sys=0.01, real=0.11 secs] 
5466.599: [GC (Allocation Failure) [PSYoungGen: 26213543K->776264K(26355712K)] 28068620K->2631933K(29501440K), 0.1121277 secs] [Times: user=5.45 sys=0.00, real=0.11 secs] 
5470.504: [GC (Allocation Failure) [PSYoungGen: 26224712K->807053K(26355712K)] 28080381K->2663274K(29501440K), 0.1151402 secs] [Times: user=5.52 sys=0.00, real=0.11 secs] 
5474.287: [GC (Allocation Failure) [PSYoungGen: 26255501K->842958K(26355712K)] 28111722K->2699739K(29501440K), 0.1150389 secs] [Times: user=5.84 sys=0.00, real=0.11 secs] 
5478.108: [GC (Allocation Failure) [PSYoungGen: 26291406K->874388K(26355712K)] 28148187K->2731769K(29501440K), 0.1199342 secs] [Times: user=6.08 sys=0.01, real=0.12 secs] 
5482.033: [GC (Allocation Failure) [PSYoungGen: 26322836K->839206K(26355712K)] 28180217K->2697275K(29501440K), 0.1151550 secs] [Times: user=5.61 sys=0.00, real=0.11 secs] 
5485.617: [GC (Allocation Failure) [PSYoungGen: 26287654K->757446K(26355712K)] 28145723K->2616043K(29501440K), 0.1056000 secs] [Times: user=5.55 sys=0.01, real=0.10 secs] 
5489.408: [GC (Allocation Failure) [PSYoungGen: 26205894K->784890K(26355712K)] 28064491K->2644031K(29501440K), 0.1132063 secs] [Times: user=5.71 sys=0.02, real=0.11 secs] 
5493.231: [GC (Allocation Failure) [PSYoungGen: 26233338K->877409K(26355712K)] 28092479K->2737175K(29501440K), 0.1167987 secs] [Times: user=5.86 sys=0.00, real=0.12 secs] 
5497.032: [GC (Allocation Failure) [PSYoungGen: 26325857K->859712K(26355712K)] 28185623K->2719973K(29501440K), 0.1157147 secs] [Times: user=5.84 sys=0.00, real=0.12 secs] 
5500.909: [GC (Allocation Failure) [PSYoungGen: 26308160K->746055K(26355712K)] 28168421K->2606828K(29501440K), 0.1119807 secs] [Times: user=5.56 sys=0.01, real=0.11 secs] 
5504.847: [GC (Allocation Failure) [PSYoungGen: 26194503K->907252K(26355712K)] 28055276K->2796241K(29501440K), 0.1264608 secs] [Times: user=6.35 sys=0.00, real=0.13 secs] 
5508.618: [GC (Allocation Failure) [PSYoungGen: 26355700K->786609K(26355712K)] 28244689K->2676262K(29501440K), 0.1019882 secs] [Times: user=5.40 sys=0.01, real=0.10 secs] 
5512.343: [GC (Allocation Failure) [PSYoungGen: 26235057K->769849K(26355712K)] 28124710K->2660054K(29501440K), 0.1083272 secs] [Times: user=5.46 sys=0.00, real=0.10 secs] 
5516.078: [GC (Allocation Failure) [PSYoungGen: 26218297K->853079K(26355712K)] 28108502K->2743780K(29501440K), 0.1137494 secs] [Times: user=5.65 sys=0.00, real=0.11 secs] 
5519.819: [GC (Allocation Failure) [PSYoungGen: 26301527K->907245K(26355712K)] 28192228K->2913450K(29501440K), 0.1377386 secs] [Times: user=7.05 sys=0.00, real=0.14 secs] 
5523.633: [GC (Allocation Failure) [PSYoungGen: 26355693K->858034K(26355712K)] 28361898K->2864711K(29501440K), 0.1140895 secs] [Times: user=5.61 sys=0.00, real=0.11 secs] 
5527.255: [GC (Allocation Failure) [PSYoungGen: 26306482K->796985K(26355712K)] 28313159K->2804118K(29501440K), 0.1157405 secs] [Times: user=5.40 sys=0.01, real=0.11 secs] 
5531.039: [GC (Allocation Failure) [PSYoungGen: 26245433K->821090K(26355712K)] 28252566K->2828783K(29501440K), 0.1147330 secs] [Times: user=5.41 sys=0.01, real=0.12 secs] 
5534.772: [GC (Allocation Failure) [PSYoungGen: 26269538K->891426K(26355712K)] 28277231K->2899655K(29501440K), 0.1146679 secs] [Times: user=5.93 sys=0.00, real=0.12 secs] 
5538.507: [GC (Allocation Failure) [PSYoungGen: 26339874K->780730K(26355712K)] 28348103K->2789479K(29501440K), 0.1084924 secs] [Times: user=5.43 sys=0.00, real=0.11 secs] 
5542.254: [GC (Allocation Failure) [PSYoungGen: 26229178K->726013K(26355712K)] 28237927K->2735266K(29501440K), 0.1004131 secs] [Times: user=5.30 sys=0.00, real=0.10 secs] 
5546.222: [GC (Allocation Failure) [PSYoungGen: 26174461K->700908K(26355712K)] 28183714K->2710737K(29501440K), 0.1043765 secs] [Times: user=5.14 sys=0.00, real=0.11 secs] 
5549.732: [GC (Allocation Failure) [PSYoungGen: 26149356K->855673K(26355712K)] 28159185K->2866078K(29501440K), 0.1133153 secs] [Times: user=5.72 sys=0.01, real=0.12 secs] 
5553.522: [GC (Allocation Failure) [PSYoungGen: 26304121K->769568K(26355712K)] 28314526K->2780558K(29501440K), 0.1086275 secs] [Times: user=5.51 sys=0.01, real=0.11 secs] 
5557.366: [GC (Allocation Failure) [PSYoungGen: 26218016K->773007K(26355712K)] 28229006K->2784580K(29501440K), 0.1079455 secs] [Times: user=5.51 sys=0.00, real=0.11 secs] 
5561.064: [GC (Allocation Failure) [PSYoungGen: 26221455K->807178K(26355712K)] 28233028K->2819511K(29501440K), 0.1227604 secs] [Times: user=6.06 sys=0.01, real=0.12 secs] 
5564.833: [GC (Allocation Failure) [PSYoungGen: 26255626K->889229K(26355712K)] 28267959K->2902114K(29501440K), 0.1230665 secs] [Times: user=5.99 sys=0.00, real=0.12 secs] 
5568.570: [GC (Allocation Failure) [PSYoungGen: 26337677K->729382K(26355712K)] 28350562K->2742859K(29501440K), 0.1013534 secs] [Times: user=5.23 sys=0.00, real=0.10 secs] 
5572.319: [GC (Allocation Failure) [PSYoungGen: 26177830K->772159K(26355712K)] 28191307K->2786172K(29501440K), 0.1081807 secs] [Times: user=5.57 sys=0.00, real=0.11 secs] 
5576.116: [GC (Allocation Failure) [PSYoungGen: 26220607K->790895K(26355712K)] 28234620K->2805748K(29501440K), 0.1118207 secs] [Times: user=5.56 sys=0.00, real=0.11 secs] 
5579.883: [GC (Allocation Failure) [PSYoungGen: 26239343K->751888K(26355712K)] 28254196K->2767325K(29501440K), 0.1048102 secs] [Times: user=5.44 sys=0.00, real=0.10 secs] 
5583.571: [GC (Allocation Failure) [PSYoungGen: 26200336K->801068K(26355712K)] 28215773K->2817017K(29501440K), 0.1148002 secs] [Times: user=5.81 sys=0.00, real=0.12 secs] 
5587.245: [GC (Allocation Failure) [PSYoungGen: 26249516K->827157K(26355712K)] 28265465K->2843666K(29501440K), 0.1178720 secs] [Times: user=5.87 sys=0.00, real=0.12 secs] 
5591.013: [GC (Allocation Failure) [PSYoungGen: 26275605K->776245K(26355712K)] 28292114K->2793298K(29501440K), 0.1103862 secs] [Times: user=5.82 sys=0.01, real=0.11 secs] 
5594.685: [GC (Allocation Failure) [PSYoungGen: 26224693K->790650K(26355712K)] 28241746K->2808231K(29501440K), 0.1104980 secs] [Times: user=5.67 sys=0.00, real=0.11 secs] 
5598.361: [GC (Allocation Failure) [PSYoungGen: 26239098K->907249K(26355712K)] 28256679K->3019854K(29501440K), 0.1336939 secs] [Times: user=7.03 sys=0.01, real=0.14 secs] 
5602.070: [GC (Allocation Failure) [PSYoungGen: 26355697K->729489K(26355712K)] 28468302K->2842662K(29501440K), 0.0983662 secs] [Times: user=5.10 sys=0.01, real=0.10 secs] 
5605.671: [GC (Allocation Failure) [PSYoungGen: 26177937K->793082K(26355712K)] 28291110K->2906783K(29501440K), 0.1154134 secs] [Times: user=5.40 sys=0.01, real=0.12 secs] 
5609.477: [GC (Allocation Failure) [PSYoungGen: 26241530K->907236K(26355712K)] 28355231K->3108681K(29501440K), 0.1346581 secs] [Times: user=6.86 sys=0.00, real=0.13 secs] 
5613.174: [GC (Allocation Failure) [PSYoungGen: 26355684K->822407K(26355712K)] 28557129K->3024372K(29501440K), 0.1080814 secs] [Times: user=5.73 sys=0.00, real=0.10 secs] 
5616.936: [GC (Allocation Failure) [PSYoungGen: 26270855K->829708K(26355712K)] 28472820K->3032242K(29501440K), 0.1126137 secs] [Times: user=5.66 sys=0.01, real=0.11 secs] 
5620.611: [GC (Allocation Failure) [PSYoungGen: 26278156K->856002K(26355712K)] 28480690K->3058991K(29501440K), 0.1168136 secs] [Times: user=5.79 sys=0.00, real=0.12 secs] 
5624.355: [GC (Allocation Failure) [PSYoungGen: 26304450K->874882K(26355712K)] 28507439K->3078391K(29501440K), 0.1151765 secs] [Times: user=5.97 sys=0.01, real=0.11 secs] 
5627.945: [GC (Allocation Failure) [PSYoungGen: 26323330K->820342K(26355712K)] 28526839K->3024595K(29501440K), 0.1109090 secs] [Times: user=5.54 sys=0.00, real=0.11 secs] 
5631.712: [GC (Allocation Failure) [PSYoungGen: 26268790K->825546K(26355712K)] 28473043K->3030343K(29501440K), 0.1134671 secs] [Times: user=5.76 sys=0.00, real=0.12 secs] 
5635.319: [GC (Allocation Failure) [PSYoungGen: 26273994K->843134K(26355712K)] 28478791K->3048435K(29501440K), 0.1116552 secs] [Times: user=5.87 sys=0.00, real=0.11 secs] 
5638.988: [GC (Allocation Failure) [PSYoungGen: 26291582K->907253K(26355712K)] 28496883K->3147898K(29501440K), 0.1247849 secs] [Times: user=6.49 sys=0.01, real=0.13 secs] 
5642.702: [GC (Allocation Failure) [PSYoungGen: 26355701K->854003K(26355712K)] 28596346K->3095416K(29501440K), 0.1126795 secs] [Times: user=5.57 sys=0.00, real=0.12 secs] 
5646.488: [GC (Allocation Failure) [PSYoungGen: 26302451K->791039K(26355712K)] 28543864K->3033060K(29501440K), 0.1068747 secs] [Times: user=5.65 sys=0.01, real=0.11 secs] 
5650.309: [GC (Allocation Failure) [PSYoungGen: 26239487K->847089K(26355712K)] 28481508K->3089694K(29501440K), 0.1150410 secs] [Times: user=5.89 sys=0.00, real=0.12 secs] 
5653.976: [GC (Allocation Failure) [PSYoungGen: 26295537K->907263K(26355712K)] 28538142K->3230236K(29501440K), 0.1311968 secs] [Times: user=6.79 sys=0.01, real=0.13 secs] 
5657.703: [GC (Allocation Failure) [PSYoungGen: 26355711K->891343K(26355712K)] 28678684K->3214772K(29501440K), 0.1157238 secs] [Times: user=5.44 sys=0.00, real=0.12 secs] 
5661.367: [GC (Allocation Failure) [PSYoungGen: 26339791K->830326K(26355712K)] 28663220K->3154331K(29501440K), 0.1151505 secs] [Times: user=5.86 sys=0.01, real=0.11 secs] 
5665.083: [GC (Allocation Failure) [PSYoungGen: 26278774K->836548K(26355712K)] 28602779K->3161361K(29501440K), 0.1180233 secs] [Times: user=5.73 sys=0.02, real=0.11 secs] 
5668.763: [GC (Allocation Failure) [PSYoungGen: 26284996K->859545K(26355712K)] 28609809K->3184846K(29501440K), 0.1177686 secs] [Times: user=5.85 sys=0.00, real=0.11 secs] 
5672.293: [GC (Allocation Failure) [PSYoungGen: 26307993K->790252K(26355712K)] 28633294K->3116049K(29501440K), 0.1106229 secs] [Times: user=5.76 sys=0.00, real=0.11 secs] 
5675.931: [GC (Allocation Failure) [PSYoungGen: 26238700K->907240K(26355712K)] 28564497K->3239453K(29501440K), 0.1202038 secs] [Times: user=6.22 sys=0.00, real=0.12 secs] 
5679.666: [GC (Allocation Failure) [PSYoungGen: 26355688K->898777K(26355712K)] 28687901K->3231454K(29501440K), 0.1104638 secs] [Times: user=5.61 sys=0.00, real=0.11 secs] 
5683.154: [GC (Allocation Failure) [PSYoungGen: 26347225K->752435K(26355712K)] 28679902K->3085592K(29501440K), 0.1070288 secs] [Times: user=5.44 sys=0.01, real=0.10 secs] 
5686.874: [GC (Allocation Failure) [PSYoungGen: 26200883K->855673K(26355712K)] 28534040K->3189390K(29501440K), 0.1166665 secs] [Times: user=5.80 sys=0.01, real=0.11 secs] 
5690.707: [GC (Allocation Failure) [PSYoungGen: 26304121K->907238K(26355712K)] 28637838K->3510723K(29501440K), 0.1606809 secs] [Times: user=8.55 sys=0.01, real=0.16 secs] 
5694.172: [GC (Allocation Failure) [PSYoungGen: 26355686K->785496K(26355712K)] 28959171K->3389653K(29501440K), 0.1065272 secs] [Times: user=5.54 sys=0.00, real=0.11 secs] 
5697.898: [GC (Allocation Failure) [PSYoungGen: 26233944K->841376K(26355712K)] 28838101K->3446077K(29501440K), 0.1145940 secs] [Times: user=5.66 sys=0.00, real=0.11 secs] 
5701.487: [GC (Allocation Failure) [PSYoungGen: 26289824K->855200K(26355712K)] 28894525K->3460469K(29501440K), 0.1116725 secs] [Times: user=5.76 sys=0.01, real=0.11 secs] 
5705.120: [GC (Allocation Failure) [PSYoungGen: 26303648K->907259K(26355712K)] 28908917K->3548752K(29501440K), 0.1246461 secs] [Times: user=6.48 sys=0.01, real=0.13 secs] 
5708.699: [GC (Allocation Failure) [PSYoungGen: 26355707K->796847K(26355712K)] 28997200K->3439076K(29501440K), 0.1054752 secs] [Times: user=5.45 sys=0.01, real=0.11 secs] 
5712.363: [GC (Allocation Failure) [PSYoungGen: 26245295K->826956K(26355712K)] 28887524K->3469705K(29501440K), 0.1075786 secs] [Times: user=5.67 sys=0.01, real=0.10 secs] 
5715.996: [GC (Allocation Failure) [PSYoungGen: 26275404K->871753K(26355712K)] 28918153K->3515030K(29501440K), 0.1120850 secs] [Times: user=5.93 sys=0.01, real=0.11 secs] 
5719.646: [GC (Allocation Failure) [PSYoungGen: 26320201K->792529K(26355712K)] 28963478K->3436342K(29501440K), 0.1081089 secs] [Times: user=5.57 sys=0.01, real=0.11 secs] 
5723.368: [GC (Allocation Failure) [PSYoungGen: 26240977K->857618K(26355712K)] 28884790K->3501951K(29501440K), 0.1155066 secs] [Times: user=5.98 sys=0.00, real=0.12 secs] 
5726.953: [GC (Allocation Failure) [PSYoungGen: 26306066K->876485K(26355712K)] 28950399K->3521322K(29501440K), 0.1176469 secs] [Times: user=5.84 sys=0.01, real=0.11 secs] 
5730.463: [GC (Allocation Failure) [PSYoungGen: 26324933K->801545K(26355712K)] 28969770K->3447054K(29501440K), 0.1091146 secs] [Times: user=5.68 sys=0.00, real=0.10 secs] 
5734.108: [GC (Allocation Failure) [PSYoungGen: 26249993K->788306K(26355712K)] 28895502K->3434391K(29501440K), 0.1109848 secs] [Times: user=5.59 sys=0.01, real=0.11 secs] 
5737.714: [GC (Allocation Failure) [PSYoungGen: 26236754K->907256K(26355712K)] 28882839K->3583469K(29501440K), 0.1481891 secs] [Times: user=7.60 sys=0.00, real=0.14 secs] 
5741.241: [GC (Allocation Failure) [PSYoungGen: 26355704K->847046K(26355712K)] 29031917K->3523755K(29501440K), 0.1135353 secs] [Times: user=5.80 sys=0.00, real=0.12 secs] 
5744.803: [GC (Allocation Failure) [PSYoungGen: 26295494K->823947K(26355712K)] 28972203K->3501448K(29501440K), 0.1075721 secs] [Times: user=5.65 sys=0.00, real=0.10 secs] 
5748.404: [GC (Allocation Failure) [PSYoungGen: 26272395K->903720K(26355712K)] 28949896K->3581805K(29501440K), 0.1170711 secs] [Times: user=6.17 sys=0.01, real=0.11 secs] 
5751.955: [GC (Allocation Failure) [PSYoungGen: 26352168K->855481K(26355712K)] 29030253K->3534054K(29501440K), 0.1092684 secs] [Times: user=5.76 sys=0.00, real=0.11 secs] 
5755.533: [GC (Allocation Failure) [PSYoungGen: 26303929K->891425K(26355712K)] 28982502K->3570582K(29501440K), 0.1162142 secs] [Times: user=6.10 sys=0.01, real=0.12 secs] 
5759.139: [GC (Allocation Failure) [PSYoungGen: 26339873K->819052K(26355712K)] 29019030K->3498969K(29501440K), 0.1151494 secs] [Times: user=5.80 sys=0.00, real=0.12 secs] 
5762.748: [GC (Allocation Failure) [PSYoungGen: 26267500K->907248K(26355712K)] 28947417K->3648549K(29501440K), 0.1256678 secs] [Times: user=6.62 sys=0.01, real=0.13 secs] 
5766.361: [GC (Allocation Failure) [PSYoungGen: 26355696K->790979K(26355712K)] 29096997K->3532832K(29501440K), 0.1092570 secs] [Times: user=5.50 sys=0.00, real=0.11 secs] 
5769.856: [GC (Allocation Failure) [PSYoungGen: 26239427K->830486K(26355712K)] 28981280K->3572811K(29501440K), 0.1119894 secs] [Times: user=5.74 sys=0.01, real=0.11 secs] 
5773.406: [GC (Allocation Failure) [PSYoungGen: 26278934K->907259K(26355712K)] 29021259K->3688456K(29501440K), 0.1288608 secs] [Times: user=6.48 sys=0.01, real=0.13 secs] 
5777.092: [GC (Allocation Failure) [PSYoungGen: 26355707K->816207K(26355712K)] 29136904K->3597940K(29501440K), 0.1060369 secs] [Times: user=5.54 sys=0.00, real=0.11 secs] 
5780.704: [GC (Allocation Failure) [PSYoungGen: 26264655K->907233K(26355712K)] 29046388K->3865782K(29501440K), 0.1446136 secs] [Times: user=7.65 sys=0.01, real=0.14 secs] 
5784.211: [GC (Allocation Failure) [PSYoungGen: 26355681K->822304K(26355712K)] 29314230K->3781405K(29501440K), 0.1072580 secs] [Times: user=5.60 sys=0.01, real=0.11 secs] 
5787.655: [GC (Allocation Failure) [PSYoungGen: 26270752K->813591K(26355712K)] 29229853K->3773188K(29501440K), 0.1087771 secs] [Times: user=5.48 sys=0.00, real=0.11 secs] 
5791.462: [GC (Allocation Failure) [PSYoungGen: 26262039K->869820K(26355712K)] 29221636K->3830273K(29501440K), 0.1152233 secs] [Times: user=5.97 sys=0.00, real=0.12 secs] 
5795.160: [GC (Allocation Failure) [PSYoungGen: 26318268K->907256K(26355712K)] 29278721K->3889173K(29501440K), 0.1396904 secs] [Times: user=7.22 sys=0.01, real=0.14 secs] 
5798.725: [GC (Allocation Failure) [PSYoungGen: 26355704K->828109K(26355712K)] 29337621K->3810498K(29501440K), 0.1197284 secs] [Times: user=6.21 sys=0.00, real=0.12 secs] 
5802.283: [GC (Allocation Failure) [PSYoungGen: 26276557K->801358K(26355712K)] 29258946K->3784323K(29501440K), 0.1059211 secs] [Times: user=5.52 sys=0.00, real=0.10 secs] 
5805.751: [GC (Allocation Failure) [PSYoungGen: 26249806K->907254K(26355712K)] 29232771K->3995691K(29501440K), 0.1301291 secs] [Times: user=6.91 sys=0.00, real=0.13 secs] 
5805.881: [Full GC (Ergonomics) [PSYoungGen: 907254K->0K(26355712K)] [ParOldGen: 3088437K->1569681K(3145728K)] 3995691K->1569681K(29501440K), [Metaspace: 22604K->22604K(1071104K)], 1.0787446 secs] [Times: user=25.66 sys=0.01, real=1.08 secs] 
5809.444: [GC (Allocation Failure) [PSYoungGen: 25448448K->907250K(26355712K)] 27018129K->2643267K(29501440K), 0.1579739 secs] [Times: user=8.06 sys=0.00, real=0.15 secs] 
5812.955: [GC (Allocation Failure) [PSYoungGen: 26355698K->907244K(26355712K)] 28091715K->2771598K(29501440K), 0.1439429 secs] [Times: user=7.65 sys=0.00, real=0.14 secs] 
5816.387: [GC (Allocation Failure) [PSYoungGen: 26355692K->907252K(26355712K)] 28220046K->2835757K(29501440K), 0.1371120 secs] [Times: user=7.10 sys=0.00, real=0.14 secs] 
5819.962: [GC (Allocation Failure) [PSYoungGen: 26355700K->907232K(26355712K)] 28284205K->2868481K(29501440K), 0.1241083 secs] [Times: user=6.42 sys=0.01, real=0.13 secs] 
5823.542: [GC (Allocation Failure) [PSYoungGen: 26355680K->907263K(26355712K)] 28316929K->2870897K(29501440K), 0.1128398 secs] [Times: user=5.64 sys=0.01, real=0.12 secs] 
5827.091: [GC (Allocation Failure) [PSYoungGen: 26355711K->907261K(26355712K)] 28319345K->3163790K(29501440K), 0.1714517 secs] [Times: user=9.20 sys=0.01, real=0.17 secs] 
5830.801: [GC (Allocation Failure) [PSYoungGen: 26355709K->907262K(26355712K)] 28612238K->3345280K(29501440K), 0.1527646 secs] [Times: user=7.88 sys=0.01, real=0.16 secs] 
5834.272: [GC (Allocation Failure) [PSYoungGen: 26355710K->907249K(26355712K)] 28793728K->3385386K(29501440K), 0.1333831 secs] [Times: user=6.66 sys=0.00, real=0.14 secs] 
5837.799: [GC (Allocation Failure) [PSYoungGen: 26355697K->907253K(26355712K)] 28833834K->3512254K(29501440K), 0.1377148 secs] [Times: user=7.22 sys=0.01, real=0.14 secs] 
5841.210: [GC (Allocation Failure) [PSYoungGen: 26355701K->904498K(26355712K)] 28960702K->3509499K(29501440K), 0.1161136 secs] [Times: user=6.15 sys=0.01, real=0.12 secs] 
5844.809: [GC (Allocation Failure) [PSYoungGen: 26352946K->907238K(26355712K)] 28957947K->3586208K(29501440K), 0.1344703 secs] [Times: user=6.63 sys=0.01, real=0.14 secs] 
5848.441: [GC (Allocation Failure) [PSYoungGen: 26355686K->907258K(26355712K)] 29034656K->3794987K(29501440K), 0.1536739 secs] [Times: user=7.94 sys=0.01, real=0.16 secs] 
5848.595: [Full GC (Ergonomics) [PSYoungGen: 907258K->0K(26355712K)] [ParOldGen: 2887729K->1564171K(3145728K)] 3794987K->1564171K(29501440K), [Metaspace: 22604K->22604K(1071104K)], 1.1777638 secs] [Times: user=32.75 sys=0.02, real=1.18 secs] 
5852.525: [GC (Allocation Failure) [PSYoungGen: 25448448K->907235K(26355712K)] 27012619K->2745150K(29501440K), 0.1762138 secs] [Times: user=9.18 sys=0.01, real=0.17 secs] 
5855.425: [GC (Allocation Failure) [PSYoungGen: 26355683K->907245K(26355712K)] 28193598K->2787513K(29501440K), 0.1282087 secs] [Times: user=6.70 sys=0.01, real=0.13 secs] 
5858.999: [GC (Allocation Failure) [PSYoungGen: 26355693K->907251K(26355712K)] 28235961K->3007911K(29501440K), 0.1586159 secs] [Times: user=8.31 sys=0.00, real=0.16 secs] 
5862.517: [GC (Allocation Failure) [PSYoungGen: 26355699K->907257K(26355712K)] 28456359K->3093205K(29501440K), 0.1348469 secs] [Times: user=7.04 sys=0.00, real=0.13 secs] 
5866.019: [GC (Allocation Failure) [PSYoungGen: 26355705K->907263K(26355712K)] 28541653K->3295187K(29501440K), 0.1580191 secs] [Times: user=8.02 sys=0.00, real=0.16 secs] 
5869.510: [GC (Allocation Failure) [PSYoungGen: 26355711K->893358K(26355712K)] 28743635K->3281281K(29501440K), 0.1200454 secs] [Times: user=5.91 sys=0.01, real=0.12 secs] 
5873.084: [GC (Allocation Failure) [PSYoungGen: 26341806K->907236K(26355712K)] 28729729K->3426727K(29501440K), 0.1414751 secs] [Times: user=7.41 sys=0.00, real=0.14 secs] 
5876.728: [GC (Allocation Failure) [PSYoungGen: 26355684K->907255K(26355712K)] 28875175K->3450578K(29501440K), 0.1245471 secs] [Times: user=6.57 sys=0.00, real=0.12 secs] 
5880.382: [GC (Allocation Failure) [PSYoungGen: 26355703K->898893K(26355712K)] 28899026K->3442217K(29501440K), 0.1196751 secs] [Times: user=6.14 sys=0.00, real=0.12 secs] 
5883.926: [GC (Allocation Failure) [PSYoungGen: 26347341K->907244K(26355712K)] 28890665K->3541607K(29501440K), 0.1330414 secs] [Times: user=7.04 sys=0.01, real=0.13 secs] 
5887.371: [GC (Allocation Failure) [PSYoungGen: 26355692K->904840K(26355712K)] 28990055K->3539204K(29501440K), 0.1140558 secs] [Times: user=6.04 sys=0.00, real=0.12 secs] 
5890.979: [GC (Allocation Failure) [PSYoungGen: 26353288K->907256K(26355712K)] 28987652K->3729451K(29501440K), 0.1516691 secs] [Times: user=7.92 sys=0.01, real=0.15 secs] 
5894.396: [GC (Allocation Failure) [PSYoungGen: 26355704K->907248K(26355712K)] 29177899K->3864411K(29501440K), 0.1389903 secs] [Times: user=7.37 sys=0.00, real=0.14 secs] 
5894.536: [Full GC (Ergonomics) [PSYoungGen: 907248K->0K(26355712K)] [ParOldGen: 2957163K->1484214K(3145728K)] 3864411K->1484214K(29501440K), [Metaspace: 22604K->22604K(1071104K)], 1.0180970 secs] [Times: user=31.36 sys=0.02, real=1.02 secs] 
5898.261: [GC (Allocation Failure) [PSYoungGen: 25448448K->907238K(26355712K)] 26932662K->2706041K(29501440K), 0.1886032 secs] [Times: user=9.52 sys=0.01, real=0.19 secs] 
5901.557: [GC (Allocation Failure) [PSYoungGen: 26355686K->878680K(26355712K)] 28154489K->2677482K(29501440K), 0.1194169 secs] [Times: user=5.96 sys=0.00, real=0.12 secs] 
5905.222: [GC (Allocation Failure) [PSYoungGen: 26327128K->907244K(26355712K)] 28125930K->2707447K(29501440K), 0.1250898 secs] [Times: user=6.62 sys=0.01, real=0.13 secs] 
5908.664: [GC (Allocation Failure) [PSYoungGen: 26355692K->907248K(26355712K)] 28155895K->2724802K(29501440K), 0.1325776 secs] [Times: user=6.88 sys=0.01, real=0.13 secs] 
5912.285: [GC (Allocation Failure) [PSYoungGen: 26355696K->907238K(26355712K)] 28173250K->2944824K(29501440K), 0.1717201 secs] [Times: user=9.02 sys=0.01, real=0.17 secs] 
5915.654: [GC (Allocation Failure) [PSYoungGen: 26355686K->907263K(26355712K)] 28393272K->3001154K(29501440K), 0.1342994 secs] [Times: user=7.02 sys=0.01, real=0.13 secs] 
5919.159: [GC (Allocation Failure) [PSYoungGen: 26355711K->907242K(26355712K)] 28449602K->3123141K(29501440K), 0.1378087 secs] [Times: user=7.11 sys=0.00, real=0.14 secs] 
5922.613: [GC (Allocation Failure) [PSYoungGen: 26355690K->907235K(26355712K)] 28571589K->3175845K(29501440K), 0.1205338 secs] [Times: user=6.35 sys=0.00, real=0.13 secs] 
5926.227: [GC (Allocation Failure) [PSYoungGen: 26355683K->907242K(26355712K)] 28624293K->3356516K(29501440K), 0.1469998 secs] [Times: user=7.79 sys=0.00, real=0.15 secs] 
5929.686: [GC (Allocation Failure) [PSYoungGen: 26355690K->907236K(26355712K)] 28804964K->3545534K(29501440K), 0.1769947 secs] [Times: user=9.31 sys=0.00, real=0.18 secs] 
5933.259: [GC (Allocation Failure) [PSYoungGen: 26355684K->907259K(26355712K)] 28993982K->3802549K(29501440K), 0.1691015 secs] [Times: user=8.72 sys=0.01, real=0.17 secs] 
5933.429: [Full GC (Ergonomics) [PSYoungGen: 907259K->0K(26355712K)] [ParOldGen: 2895290K->1593076K(3145728K)] 3802549K->1593076K(29501440K), [Metaspace: 22604K->22604K(1071104K)], 1.1374557 secs] [Times: user=33.29 sys=0.01, real=1.14 secs] 
5937.165: [GC (Allocation Failure) [PSYoungGen: 25448448K->907260K(26355712K)] 27041524K->2777472K(29501440K), 0.1766976 secs] [Times: user=9.16 sys=0.00, real=0.17 secs] 
5940.280: [GC (Allocation Failure) [PSYoungGen: 26355708K->907246K(26355712K)] 28225920K->2981554K(29501440K), 0.1525459 secs] [Times: user=8.14 sys=0.00, real=0.16 secs] 
5943.654: [GC (Allocation Failure) [PSYoungGen: 26355694K->907262K(26355712K)] 28430002K->3013074K(29501440K), 0.1217545 secs] [Times: user=6.28 sys=0.00, real=0.12 secs] 
5947.123: [GC (Allocation Failure) [PSYoungGen: 26355710K->896273K(26355712K)] 28461522K->3002086K(29501440K), 0.1183553 secs] [Times: user=6.06 sys=0.01, real=0.12 secs] 
5950.699: [GC (Allocation Failure) [PSYoungGen: 26344721K->907256K(26355712K)] 28450534K->3118580K(29501440K), 0.1322385 secs] [Times: user=6.73 sys=0.00, real=0.13 secs] 
5954.293: [GC (Allocation Failure) [PSYoungGen: 26355704K->907253K(26355712K)] 28567028K->3193921K(29501440K), 0.1321443 secs] [Times: user=6.84 sys=0.01, real=0.14 secs] 
5957.813: [GC (Allocation Failure) [PSYoungGen: 26355701K->900683K(26355712K)] 28642369K->3187351K(29501440K), 0.1266909 secs] [Times: user=6.67 sys=0.01, real=0.12 secs] 
5961.302: [GC (Allocation Failure) [PSYoungGen: 26349131K->907255K(26355712K)] 28635799K->3235108K(29501440K), 0.1237012 secs] [Times: user=6.39 sys=0.01, real=0.13 secs] 
5964.779: [GC (Allocation Failure) [PSYoungGen: 26355703K->907245K(26355712K)] 28683556K->3237897K(29501440K), 0.1172103 secs] [Times: user=6.03 sys=0.01, real=0.12 secs] 
5968.409: [GC (Allocation Failure) [PSYoungGen: 26355693K->907257K(26355712K)] 28686345K->3276222K(29501440K), 0.1237702 secs] [Times: user=6.36 sys=0.01, real=0.13 secs] 
5971.943: [GC (Allocation Failure) [PSYoungGen: 26355705K->907246K(26355712K)] 28724670K->3285427K(29501440K), 0.1161197 secs] [Times: user=5.98 sys=0.01, real=0.11 secs] 
5975.564: [GC (Allocation Failure) [PSYoungGen: 26355694K->907242K(26355712K)] 28733875K->3508342K(29501440K), 0.1529021 secs] [Times: user=8.08 sys=0.01, real=0.15 secs] 
5978.957: [GC (Allocation Failure) [PSYoungGen: 26355690K->899087K(26355712K)] 28956790K->3500187K(29501440K), 0.1171540 secs] [Times: user=5.98 sys=0.00, real=0.12 secs] 
5982.362: [GC (Allocation Failure) [PSYoungGen: 26347535K->877931K(26355712K)] 28948635K->3479031K(29501440K), 0.1149862 secs] [Times: user=5.95 sys=0.00, real=0.12 secs] 
5985.939: [GC (Allocation Failure) [PSYoungGen: 26326379K->907241K(26355712K)] 28927479K->3831965K(29501440K), 0.1786075 secs] [Times: user=9.10 sys=0.01, real=0.18 secs] 
5986.118: [Full GC (Ergonomics) [PSYoungGen: 907241K->0K(26355712K)] [ParOldGen: 2924724K->1697770K(3145728K)] 3831965K->1697770K(29501440K), [Metaspace: 22604K->22604K(1071104K)], 1.3904537 secs] [Times: user=36.60 sys=0.03, real=1.39 secs] 
5990.178: [GC (Allocation Failure) [PSYoungGen: 25448448K->907251K(26355712K)] 27146218K->3023770K(29501440K), 0.2075335 secs] [Times: user=10.69 sys=0.00, real=0.21 secs] 
5993.935: [GC (Allocation Failure) [PSYoungGen: 26355699K->907233K(26355712K)] 28472218K->3274824K(29501440K), 0.1806507 secs] [Times: user=9.26 sys=0.01, real=0.18 secs] 
5997.053: [GC (Allocation Failure) [PSYoungGen: 26355681K->907247K(26355712K)] 28723272K->3871933K(29501440K), 0.2256216 secs] [Times: user=12.15 sys=0.00, real=0.23 secs] 
5997.279: [Full GC (Ergonomics) [PSYoungGen: 907247K->0K(26355712K)] [ParOldGen: 2964685K->1863819K(3145728K)] 3871933K->1863819K(29501440K), [Metaspace: 22604K->22604K(1071104K)], 1.6416514 secs] [Times: user=42.03 sys=0.02, real=1.64 secs] 
6001.455: [GC (Allocation Failure) [PSYoungGen: 25448448K->907235K(26355712K)] 27312267K->3061263K(29501440K), 0.1827908 secs] [Times: user=9.39 sys=0.00, real=0.18 secs] 
6004.244: [GC (Allocation Failure) [PSYoungGen: 26355683K->907252K(26355712K)] 28509711K->3315704K(29501440K), 0.1711332 secs] [Times: user=8.65 sys=0.00, real=0.17 secs] 
6007.133: [GC (Allocation Failure) [PSYoungGen: 26355700K->907236K(26355712K)] 28764152K->3707905K(29501440K), 0.1886008 secs] [Times: user=10.04 sys=0.01, real=0.18 secs] 
6007.323: [Full GC (Ergonomics) [PSYoungGen: 907236K->0K(26355712K)] [ParOldGen: 2800668K->1794930K(3145728K)] 3707905K->1794930K(29501440K), [Metaspace: 22604K->22604K(1071104K)], 1.5121208 secs] [Times: user=40.11 sys=0.01, real=1.52 secs] 
6011.472: [GC (Allocation Failure) [PSYoungGen: 25448448K->907255K(26355712K)] 27243378K->2896018K(29501440K), 0.1622217 secs] [Times: user=8.24 sys=0.01, real=0.17 secs] 
6014.591: [GC (Allocation Failure) [PSYoungGen: 26355703K->907256K(26355712K)] 28344466K->3263597K(29501440K), 0.1861010 secs] [Times: user=9.90 sys=0.02, real=0.19 secs] 
6017.544: [GC (Allocation Failure) [PSYoungGen: 26355704K->907243K(26355712K)] 28712045K->3393047K(29501440K), 0.1436848 secs] [Times: user=7.13 sys=0.01, real=0.14 secs] 
6021.040: [GC (Allocation Failure) [PSYoungGen: 26355691K->907234K(26355712K)] 28841495K->3558798K(29501440K), 0.1406899 secs] [Times: user=7.28 sys=0.00, real=0.14 secs] 
6021.181: [Full GC (Ergonomics) [PSYoungGen: 907234K->0K(26355712K)] [ParOldGen: 2651564K->1452807K(3145728K)] 3558798K->1452807K(29501440K), [Metaspace: 22604K->22604K(1071104K)], 0.9129330 secs] [Times: user=31.64 sys=0.02, real=0.92 secs] 
6024.735: [GC (Allocation Failure) [PSYoungGen: 25448448K->907241K(26355712K)] 26901255K->2626600K(29501440K), 0.1663495 secs] [Times: user=8.52 sys=0.00, real=0.16 secs] 
6028.088: [GC (Allocation Failure) [PSYoungGen: 26355689K->907258K(26355712K)] 28075048K->2657649K(29501440K), 0.1200694 secs] [Times: user=6.46 sys=0.01, real=0.12 secs] 
6031.586: [GC (Allocation Failure) [PSYoungGen: 26355706K->907243K(26355712K)] 28106097K->2803610K(29501440K), 0.1372193 secs] [Times: user=7.28 sys=0.01, real=0.14 secs] 
6034.919: [GC (Allocation Failure) [PSYoungGen: 26355691K->907253K(26355712K)] 28252058K->2815044K(29501440K), 0.1188570 secs] [Times: user=5.83 sys=0.01, real=0.12 secs] 
6038.447: [GC (Allocation Failure) [PSYoungGen: 26355701K->907262K(26355712K)] 28263492K->2925661K(29501440K), 0.1337154 secs] [Times: user=6.95 sys=0.00, real=0.13 secs] 
6041.995: [GC (Allocation Failure) [PSYoungGen: 26355710K->907263K(26355712K)] 28374109K->3029798K(29501440K), 0.1290259 secs] [Times: user=6.83 sys=0.00, real=0.13 secs] 
6045.412: [GC (Allocation Failure) [PSYoungGen: 26355711K->884406K(26355712K)] 28478246K->3006941K(29501440K), 0.1095621 secs] [Times: user=5.83 sys=0.01, real=0.11 secs] 
6048.830: [GC (Allocation Failure) [PSYoungGen: 26332854K->907241K(26355712K)] 28455389K->3120544K(29501440K), 0.1302003 secs] [Times: user=6.67 sys=0.00, real=0.13 secs] 
6052.232: [GC (Allocation Failure) [PSYoungGen: 26355689K->907259K(26355712K)] 28568992K->3128234K(29501440K), 0.1153033 secs] [Times: user=6.08 sys=0.00, real=0.12 secs] 
6055.635: [GC (Allocation Failure) [PSYoungGen: 26355707K->907242K(26355712K)] 28576682K->3194857K(29501440K), 0.1206852 secs] [Times: user=6.40 sys=0.01, real=0.12 secs] 
6059.082: [GC (Allocation Failure) [PSYoungGen: 26355690K->857529K(26355712K)] 28643305K->3145144K(29501440K), 0.1072160 secs] [Times: user=5.72 sys=0.00, real=0.11 secs] 
6062.475: [GC (Allocation Failure) [PSYoungGen: 26305977K->860287K(26355712K)] 28593592K->3147902K(29501440K), 0.1097281 secs] [Times: user=5.57 sys=0.00, real=0.11 secs] 
6065.892: [GC (Allocation Failure) [PSYoungGen: 26308735K->907237K(26355712K)] 28596350K->3212340K(29501440K), 0.1157926 secs] [Times: user=6.16 sys=0.01, real=0.12 secs] 
6069.342: [GC (Allocation Failure) [PSYoungGen: 26355685K->907256K(26355712K)] 28660788K->3265799K(29501440K), 0.1208486 secs] [Times: user=6.34 sys=0.00, real=0.13 secs] 
6072.788: [GC (Allocation Failure) [PSYoungGen: 26355704K->907241K(26355712K)] 28714247K->3444193K(29501440K), 0.1432886 secs] [Times: user=7.37 sys=0.00, real=0.14 secs] 
6076.244: [GC (Allocation Failure) [PSYoungGen: 26355689K->798157K(26355712K)] 28892641K->3399958K(29501440K), 0.1161196 secs] [Times: user=5.98 sys=0.00, real=0.11 secs] 
6079.631: [GC (Allocation Failure) [PSYoungGen: 26246605K->896214K(26355712K)] 28848406K->3500263K(29501440K), 0.1171600 secs] [Times: user=5.94 sys=0.00, real=0.12 secs] 
6083.025: [GC (Allocation Failure) [PSYoungGen: 26344662K->907235K(26355712K)] 28948711K->3626620K(29501440K), 0.1381824 secs] [Times: user=6.99 sys=0.01, real=0.14 secs] 
6086.569: [GC (Allocation Failure) [PSYoungGen: 26355683K->842272K(26355712K)] 29075068K->3563065K(29501440K), 0.1059275 secs] [Times: user=5.57 sys=0.00, real=0.11 secs] 
6090.031: [GC (Allocation Failure) [PSYoungGen: 26290720K->907246K(26355712K)] 29011513K->3779032K(29501440K), 0.1545451 secs] [Times: user=7.88 sys=0.01, real=0.16 secs] 
6090.186: [Full GC (Ergonomics) [PSYoungGen: 907246K->0K(26355712K)] [ParOldGen: 2871785K->1615887K(3145728K)] 3779032K->1615887K(29501440K), [Metaspace: 22604K->22604K(1071104K)], 1.1578600 secs] [Times: user=34.82 sys=0.02, real=1.16 secs] 
6104.010: [GC (Allocation Failure) [PSYoungGen: 25448448K->907249K(26355712K)] 27064335K->2820616K(29501440K), 0.1762607 secs] [Times: user=9.08 sys=0.00, real=0.18 secs] 
6106.902: [GC (Allocation Failure) [PSYoungGen: 26355697K->907249K(26355712K)] 28269064K->3279095K(29501440K), 0.1988058 secs] [Times: user=10.83 sys=0.01, real=0.20 secs] 
6109.968: [GC (Allocation Failure) [PSYoungGen: 26355697K->907261K(26355712K)] 28727543K->3615796K(29501440K), 0.1820041 secs] [Times: user=9.54 sys=0.01, real=0.18 secs] 
6110.151: [Full GC (Ergonomics) [PSYoungGen: 907261K->0K(26355712K)] [ParOldGen: 2708534K->1749446K(3145728K)] 3615796K->1749446K(29501440K), [Metaspace: 22604K->22604K(1071104K)], 1.3869249 secs] [Times: user=38.93 sys=0.01, real=1.39 secs] 
6115.138: [GC (Allocation Failure) [PSYoungGen: 25448448K->907259K(26355712K)] 27197894K->2981275K(29501440K), 0.2083845 secs] [Times: user=10.29 sys=0.00, real=0.21 secs] 
6118.101: [GC (Allocation Failure) [PSYoungGen: 26355707K->907242K(26355712K)] 28429723K->3468842K(29501440K), 0.2139514 secs] [Times: user=11.24 sys=0.00, real=0.22 secs] 
6118.316: [Full GC (Ergonomics) [PSYoungGen: 907242K->0K(26355712K)] [ParOldGen: 2561599K->1965396K(3145728K)] 3468842K->1965396K(29501440K), [Metaspace: 22604K->22604K(1071104K)], 1.6346304 secs] [Times: user=38.82 sys=0.01, real=1.63 secs] 
6122.490: [GC (Allocation Failure) [PSYoungGen: 25448448K->907259K(26355712K)] 27413844K->3353036K(29501440K), 0.2277149 secs] [Times: user=11.89 sys=0.00, real=0.23 secs] 
6125.419: [GC (Allocation Failure) [PSYoungGen: 26355707K->907254K(26355712K)] 28801484K->3971887K(29501440K), 0.2534143 secs] [Times: user=13.53 sys=0.00, real=0.26 secs] 
6125.674: [Full GC (Ergonomics) [PSYoungGen: 907254K->0K(26355712K)] [ParOldGen: 3064632K->1910128K(3145728K)] 3971887K->1910128K(29501440K), [Metaspace: 22604K->22604K(1071104K)], 1.3919039 secs] [Times: user=45.22 sys=0.02, real=1.39 secs] 
6129.595: [GC (Allocation Failure) [PSYoungGen: 25448448K->907251K(26355712K)] 27358576K->3164699K(29501440K), 0.1895056 secs] [Times: user=9.98 sys=0.00, real=0.19 secs] 
6132.332: [GC (Allocation Failure) [PSYoungGen: 26355699K->907260K(26355712K)] 28613147K->3570799K(29501440K), 0.1963106 secs] [Times: user=10.26 sys=0.01, real=0.20 secs] 
6132.529: [Full GC (Ergonomics) [PSYoungGen: 907260K->0K(26355712K)] [ParOldGen: 2663539K->1890321K(3145728K)] 3570799K->1890321K(29501440K), [Metaspace: 22604K->22604K(1071104K)], 1.5854673 secs] [Times: user=39.28 sys=0.01, real=1.59 secs] 
6136.985: [GC (Allocation Failure) [PSYoungGen: 25448448K->907250K(26355712K)] 27338769K->3066923K(29501440K), 0.1790494 secs] [Times: user=9.15 sys=0.01, real=0.18 secs] 
6141.175: [GC (Allocation Failure) [PSYoungGen: 26355698K->907242K(26355712K)] 28515371K->3617724K(29501440K), 0.2385435 secs] [Times: user=12.03 sys=0.02, real=0.24 secs] 
6141.414: [Full GC (Ergonomics) [PSYoungGen: 907242K->0K(26355712K)] [ParOldGen: 2710481K->2072322K(3145728K)] 3617724K->2072322K(29501440K), [Metaspace: 22604K->22604K(1071104K)], 1.7146139 secs] [Times: user=62.79 sys=0.02, real=1.71 secs] 
6146.123: [GC (Allocation Failure) [PSYoungGen: 25448448K->907248K(26355712K)] 27520770K->3238530K(29501440K), 0.1740315 secs] [Times: user=9.19 sys=0.01, real=0.17 secs] 
6148.842: [GC (Allocation Failure) [PSYoungGen: 26355696K->907234K(26355712K)] 28686978K->3748117K(29501440K), 0.2169972 secs] [Times: user=11.69 sys=0.00, real=0.22 secs] 
6149.060: [Full GC (Ergonomics) [PSYoungGen: 907234K->0K(26355712K)] [ParOldGen: 2840882K->2375075K(3145728K)] 3748117K->2375075K(29501440K), [Metaspace: 22604K->22604K(1071104K)], 2.5929583 secs] [Times: user=92.15 sys=0.02, real=2.60 secs] 
6156.116: [GC (Allocation Failure) [PSYoungGen: 25448448K->907244K(26355712K)] 27823523K->3483143K(29501440K), 0.1664990 secs] [Times: user=8.56 sys=0.01, real=0.17 secs] 
6156.284: [Full GC (Ergonomics) [PSYoungGen: 907244K->0K(26355712K)] [ParOldGen: 2575899K->2427209K(3145728K)] 3483143K->2427209K(29501440K), [Metaspace: 22604K->22604K(1071104K)], 2.7071837 secs] [Times: user=128.31 sys=0.02, real=2.70 secs] 
6161.691: [Full GC (Ergonomics) [PSYoungGen: 25448448K->0K(26355712K)] [ParOldGen: 2427209K->1855742K(3145728K)] 27875657K->1855742K(29501440K), [Metaspace: 22604K->22604K(1071104K)], 1.7033533 secs] [Times: user=58.74 sys=0.01, real=1.71 secs] 
6167.309: [GC (Allocation Failure) [PSYoungGen: 25448448K->907259K(26355712K)] 27304190K->2894241K(29501440K), 0.1547803 secs] [Times: user=7.48 sys=0.00, real=0.16 secs] 
6170.094: [GC (Allocation Failure) [PSYoungGen: 26355707K->907253K(26355712K)] 28342689K->3185747K(29501440K), 0.1781775 secs] [Times: user=9.51 sys=0.01, real=0.17 secs] 
6174.594: [GC (Allocation Failure) [PSYoungGen: 26355701K->907238K(26355712K)] 28634195K->3630837K(29501440K), 0.2109407 secs] [Times: user=10.70 sys=0.00, real=0.21 secs] 
6174.805: [Full GC (Ergonomics) [PSYoungGen: 907238K->0K(26355712K)] [ParOldGen: 2723598K->1860877K(3145728K)] 3630837K->1860877K(29501440K), [Metaspace: 22604K->22604K(1071104K)], 1.3957608 secs] [Times: user=43.08 sys=0.00, real=1.39 secs] 
6178.753: [GC (Allocation Failure) [PSYoungGen: 25448448K->907262K(26355712K)] 27309325K->3123668K(29501440K), 0.1974138 secs] [Times: user=10.07 sys=0.01, real=0.19 secs] 
6183.786: [GC (Allocation Failure) [PSYoungGen: 26355710K->907251K(26355712K)] 28572116K->3601577K(29501440K), 0.2316768 secs] [Times: user=12.25 sys=0.00, real=0.23 secs] 
6184.019: [Full GC (Ergonomics) [PSYoungGen: 907251K->0K(26355712K)] [ParOldGen: 2694325K->2211113K(3145728K)] 3601577K->2211113K(29501440K), [Metaspace: 22604K->22604K(1071104K)], 1.8737152 secs] [Times: user=72.58 sys=0.00, real=1.87 secs] 
6188.758: [GC (Allocation Failure) [PSYoungGen: 25448448K->907254K(26355712K)] 27659561K->3578408K(29501440K), 0.2172275 secs] [Times: user=11.21 sys=0.01, real=0.22 secs] 
6188.976: [Full GC (Ergonomics) [PSYoungGen: 907254K->0K(26355712K)] [ParOldGen: 2671153K->2005469K(3145728K)] 3578408K->2005469K(29501440K), [Metaspace: 22604K->22604K(1071104K)], 1.6030241 secs] [Times: user=47.95 sys=0.01, real=1.60 secs] 
6194.909: [GC (Allocation Failure) [PSYoungGen: 25448448K->907262K(26355712K)] 27453917K->3325212K(29501440K), 0.2103379 secs] [Times: user=11.02 sys=0.00, real=0.21 secs] 
6197.684: [GC (Allocation Failure) [PSYoungGen: 26355710K->907239K(26355712K)] 28773660K->3909977K(29501440K), 0.2315412 secs] [Times: user=12.46 sys=0.00, real=0.23 secs] 
6197.916: [Full GC (Ergonomics) [PSYoungGen: 907239K->0K(26355712K)] [ParOldGen: 3002738K->1984178K(3145728K)] 3909977K->1984178K(29501440K), [Metaspace: 22604K->22604K(1071104K)], 2.9485286 secs] [Times: user=113.98 sys=0.06, real=2.95 secs] 
6205.364: [GC (Allocation Failure) [PSYoungGen: 25448448K->907261K(26355712K)] 27432626K->3330760K(29501440K), 0.2106135 secs] [Times: user=11.02 sys=0.01, real=0.21 secs] 
6205.575: [Full GC (Ergonomics) [PSYoungGen: 907261K->0K(26355712K)] [ParOldGen: 2423498K->2153582K(3145728K)] 3330760K->2153582K(29501440K), [Metaspace: 22604K->22604K(1071104K)], 1.8046833 secs] [Times: user=61.02 sys=0.02, real=1.80 secs] 
6210.114: [GC (Allocation Failure) [PSYoungGen: 25448448K->907257K(26355712K)] 27602030K->3221888K(29501440K), 0.1592436 secs] [Times: user=8.41 sys=0.01, real=0.16 secs] 
6215.468: [GC (Allocation Failure) [PSYoungGen: 26355705K->907234K(26355712K)] 28670336K->3905617K(29501440K), 0.2572878 secs] [Times: user=13.74 sys=0.00, real=0.26 secs] 
6215.726: [Full GC (Ergonomics) [PSYoungGen: 907234K->0K(26355712K)] [ParOldGen: 2998382K->2271370K(3145728K)] 3905617K->2271370K(29501440K), [Metaspace: 22604K->22604K(1071104K)], 2.1016724 secs] [Times: user=67.24 sys=0.02, real=2.10 secs] 
6224.141: [GC (Allocation Failure) [PSYoungGen: 25448448K->907261K(26355712K)] 27719818K->3543784K(29501440K), 0.2138778 secs] [Times: user=10.19 sys=0.00, real=0.22 secs] 
6224.355: [Full GC (Ergonomics) [PSYoungGen: 907261K->0K(26355712K)] [ParOldGen: 2636522K->2209207K(3145728K)] 3543784K->2209207K(29501440K), [Metaspace: 22604K->22604K(1071104K)], 2.2072199 secs] [Times: user=73.88 sys=0.01, real=2.21 secs] 
6227.457: [GC (System.gc()) [PSYoungGen: 4707601K->93171K(26355712K)] 6916809K->2302379K(29501440K), 0.1134622 secs] [Times: user=1.23 sys=0.00, real=0.11 secs] 
6227.571: [Full GC (System.gc()) [PSYoungGen: 93171K->0K(26355712K)] [ParOldGen: 2209207K->1515995K(3145728K)] 2302379K->1515995K(29501440K), [Metaspace: 22608K->22608K(1071104K)], 1.7362948 secs] [Times: user=89.23 sys=0.02, real=1.74 secs] 
6267.788: [GC (Allocation Failure) [PSYoungGen: 25448448K->907246K(26355712K)] 26964443K->2427689K(29501440K), 0.0956268 secs] [Times: user=4.57 sys=0.00, real=0.10 secs] 
6280.980: [GC (Allocation Failure) [PSYoungGen: 26355694K->907263K(26355712K)] 27876137K->2465899K(29501440K), 0.0946328 secs] [Times: user=4.22 sys=0.26, real=0.10 secs] 
6291.344: [GC (Allocation Failure) [PSYoungGen: 26355711K->907246K(26355712K)] 27914347K->2479953K(29501440K), 0.0926741 secs] [Times: user=4.05 sys=0.01, real=0.09 secs] 
6299.627: [GC (Allocation Failure) [PSYoungGen: 26355694K->907255K(26355712K)] 27928401K->2504411K(29501440K), 0.0832205 secs] [Times: user=4.19 sys=0.00, real=0.08 secs] 
6307.172: [GC (Allocation Failure) [PSYoungGen: 26355703K->907232K(26355712K)] 27952859K->2518811K(29501440K), 0.0823772 secs] [Times: user=4.01 sys=0.10, real=0.09 secs] 
6313.868: [GC (Allocation Failure) [PSYoungGen: 26355680K->907255K(26355712K)] 27967259K->2551851K(29501440K), 0.0897655 secs] [Times: user=4.28 sys=0.01, real=0.09 secs] 
6320.403: [GC (Allocation Failure) [PSYoungGen: 26355703K->907244K(26355712K)] 28000299K->2627943K(29501440K), 0.1059172 secs] [Times: user=4.85 sys=0.01, real=0.10 secs] 
6326.160: [GC (Allocation Failure) [PSYoungGen: 26355692K->907238K(26355712K)] 28076391K->2689465K(29501440K), 0.0961026 secs] [Times: user=4.68 sys=0.00, real=0.10 secs] 
6331.817: [GC (Allocation Failure) [PSYoungGen: 26355686K->907236K(26355712K)] 28137913K->2755647K(29501440K), 0.1044962 secs] [Times: user=4.75 sys=0.01, real=0.10 secs] 
6337.314: [GC (Allocation Failure) [PSYoungGen: 26355684K->907232K(26355712K)] 28204095K->2854723K(29501440K), 0.1037970 secs] [Times: user=5.27 sys=0.00, real=0.10 secs] 
6342.248: [GC (Allocation Failure) [PSYoungGen: 26355680K->907254K(26355712K)] 28303171K->2935906K(29501440K), 0.1016741 secs] [Times: user=5.11 sys=0.00, real=0.10 secs] 
6347.246: [GC (Allocation Failure) [PSYoungGen: 26355702K->907240K(26355712K)] 28384354K->3060483K(29501440K), 0.1114029 secs] [Times: user=5.65 sys=0.01, real=0.11 secs] 
6352.273: [GC (Allocation Failure) [PSYoungGen: 26355688K->907234K(26355712K)] 28508931K->3135221K(29501440K), 0.1058854 secs] [Times: user=5.18 sys=0.00, real=0.10 secs] 
6356.952: [GC (Allocation Failure) [PSYoungGen: 26355682K->907237K(26355712K)] 28583669K->3232777K(29501440K), 0.1069127 secs] [Times: user=5.47 sys=0.01, real=0.11 secs] 
6361.206: [GC (Allocation Failure) [PSYoungGen: 26355685K->907250K(26355712K)] 28681225K->3339614K(29501440K), 0.1127258 secs] [Times: user=5.51 sys=0.00, real=0.11 secs] 
6365.722: [GC (Allocation Failure) [PSYoungGen: 26355698K->790981K(26355712K)] 28788062K->3488388K(29501440K), 0.1241579 secs] [Times: user=6.14 sys=0.00, real=0.13 secs] 
6365.847: [Full GC (Ergonomics) [PSYoungGen: 790981K->0K(26355712K)] [ParOldGen: 2697406K->1243096K(3145728K)] 3488388K->1243096K(29501440K), [Metaspace: 22619K->22619K(1071104K)], 0.8580239 secs] [Times: user=22.16 sys=0.01, real=0.86 secs] 
6370.284: [GC (Allocation Failure) [PSYoungGen: 25448448K->732036K(26355712K)] 26691544K->1975132K(29501440K), 0.1137498 secs] [Times: user=5.85 sys=0.01, real=0.11 secs] 
6374.161: [GC (Allocation Failure) [PSYoungGen: 26180484K->814214K(26355712K)] 27423580K->2057310K(29501440K), 0.1118857 secs] [Times: user=5.76 sys=0.02, real=0.12 secs] 
6377.981: [GC (Allocation Failure) [PSYoungGen: 26262662K->808682K(26355712K)] 27505758K->2051786K(29501440K), 0.1138808 secs] [Times: user=5.63 sys=0.01, real=0.12 secs] 
6381.950: [GC (Allocation Failure) [PSYoungGen: 26257130K->828382K(26355712K)] 27500234K->2071486K(29501440K), 0.1164608 secs] [Times: user=5.84 sys=0.00, real=0.12 secs] 
6385.808: [GC (Allocation Failure) [PSYoungGen: 26276830K->796475K(26355712K)] 27519934K->2039587K(29501440K), 0.1115653 secs] [Times: user=5.73 sys=0.00, real=0.11 secs] 
6389.778: [GC (Allocation Failure) [PSYoungGen: 26244923K->808759K(26355712K)] 27488035K->2051871K(29501440K), 0.1088303 secs] [Times: user=5.70 sys=0.01, real=0.11 secs] 
6393.724: [GC (Allocation Failure) [PSYoungGen: 26257207K->736206K(26355712K)] 27500319K->1979318K(29501440K), 0.1086662 secs] [Times: user=5.42 sys=0.01, real=0.11 secs] 
6397.743: [GC (Allocation Failure) [PSYoungGen: 26184654K->823692K(26355712K)] 27427766K->2066804K(29501440K), 0.1092248 secs] [Times: user=5.83 sys=0.00, real=0.10 secs] 
6401.482: [GC (Allocation Failure) [PSYoungGen: 26272140K->907261K(26355712K)] 27515252K->2204789K(29501440K), 0.1313735 secs] [Times: user=6.79 sys=0.00, real=0.14 secs] 
6405.110: [GC (Allocation Failure) [PSYoungGen: 26355709K->843787K(26355712K)] 27653237K->2141315K(29501440K), 0.1360480 secs] [Times: user=6.99 sys=0.01, real=0.14 secs] 
6408.628: [GC (Allocation Failure) [PSYoungGen: 26292235K->881222K(26355712K)] 27589763K->2178750K(29501440K), 0.1193236 secs] [Times: user=6.30 sys=0.00, real=0.12 secs] 
6412.216: [GC (Allocation Failure) [PSYoungGen: 26329670K->825571K(26355712K)] 27627198K->2123100K(29501440K), 0.1069628 secs] [Times: user=5.57 sys=0.00, real=0.11 secs] 
6415.720: [GC (Allocation Failure) [PSYoungGen: 26274019K->894021K(26355712K)] 27571548K->2191550K(29501440K), 0.1131297 secs] [Times: user=5.95 sys=0.00, real=0.12 secs] 
6419.391: [GC (Allocation Failure) [PSYoungGen: 26342469K->907253K(26355712K)] 27639998K->2344973K(29501440K), 0.1460309 secs] [Times: user=7.34 sys=0.00, real=0.15 secs] 
6432.553: [GC (System.gc()) [PSYoungGen: 3925690K->796529K(26355712K)] 5363410K->2234257K(29501440K), 0.0791706 secs] [Times: user=3.58 sys=0.01, real=0.08 secs] 
6432.632: [Full GC (System.gc()) [PSYoungGen: 796529K->0K(26355712K)] [ParOldGen: 1437728K->273619K(3145728K)] 2234257K->273619K(29501440K), [Metaspace: 22646K->22646K(1071104K)], 0.0866842 secs] [Times: user=1.48 sys=0.01, real=0.09 secs] 
6440.302: [GC (System.gc()) [PSYoungGen: 3430660K->416K(26355712K)] 3704280K->274035K(29501440K), 0.0097196 secs] [Times: user=0.23 sys=0.00, real=0.01 secs] 
6440.312: [Full GC (System.gc()) [PSYoungGen: 416K->0K(26355712K)] [ParOldGen: 273619K->267126K(3145728K)] 274035K->267126K(29501440K), [Metaspace: 22650K->22650K(1071104K)], 0.0817914 secs] [Times: user=1.77 sys=0.01, real=0.09 secs] 
6458.183: [GC (Allocation Failure) [PSYoungGen: 25448448K->907256K(26355712K)] 25715574K->1259319K(29501440K), 0.0990671 secs] [Times: user=5.18 sys=0.00, real=0.09 secs] 
6470.809: [GC (Allocation Failure) [PSYoungGen: 26355704K->881985K(26355712K)] 26707767K->1234048K(29501440K), 0.0769504 secs] [Times: user=3.70 sys=0.00, real=0.08 secs] 
6485.392: [GC (System.gc()) [PSYoungGen: 22735925K->62219K(26355712K)] 23087988K->414282K(29501440K), 0.0206166 secs] [Times: user=0.44 sys=0.01, real=0.03 secs] 
6485.413: [Full GC (System.gc()) [PSYoungGen: 62219K->0K(26355712K)] [ParOldGen: 352062K->275317K(3145728K)] 414282K->275317K(29501440K), [Metaspace: 22728K->22728K(1071104K)], 0.1043306 secs] [Times: user=2.47 sys=0.02, real=0.10 secs] 
6485.735: [GC (System.gc()) [PSYoungGen: 554K->160K(26355712K)] 275871K->275477K(29501440K), 0.0855646 secs] [Times: user=0.24 sys=0.00, real=0.08 secs] 
6485.821: [Full GC (System.gc()) [PSYoungGen: 160K->0K(26355712K)] [ParOldGen: 275317K->274834K(3145728K)] 275477K->274834K(29501440K), [Metaspace: 22732K->22732K(1071104K)], 0.1861699 secs] [Times: user=1.49 sys=0.01, real=0.19 secs] 
6486.225: [GC (System.gc()) [PSYoungGen: 175219K->160K(26355712K)] 450054K->274994K(29501440K), 0.0107147 secs] [Times: user=0.29 sys=0.01, real=0.01 secs] 
6486.236: [Full GC (System.gc()) [PSYoungGen: 160K->0K(26355712K)] [ParOldGen: 274834K->274742K(3145728K)] 274994K->274742K(29501440K), [Metaspace: 22732K->22732K(1071104K)], 0.3754612 secs] [Times: user=7.36 sys=0.01, real=0.37 secs] 
Heap
 PSYoungGen      total 26355712K, used 1189429K [0x0000000140000000, 0x00000007c0000000, 0x00000007c0000000)
  eden space 25448448K, 4% used [0x0000000140000000,0x000000018898d698,0x0000000751400000)
  from space 907264K, 0% used [0x0000000751400000,0x0000000751400000,0x0000000788a00000)
  to   space 907264K, 0% used [0x0000000788a00000,0x0000000788a00000,0x00000007c0000000)
 ParOldGen       total 3145728K, used 274742K [0x0000000080000000, 0x0000000140000000, 0x0000000140000000)
  object space 3145728K, 8% used [0x0000000080000000,0x0000000090c4d868,0x0000000140000000)
 Metaspace       used 22736K, capacity 23574K, committed 23680K, reserved 1071104K
  class space    used 2637K, capacity 2871K, committed 2944K, reserved 1048576K
