Java HotSpot(TM) 64-Bit Server VM (25.60-b12) for linux-amd64 JRE (1.8.0_60-ea-b12), built on Apr 21 2015 19:53:00 by "java_re" with gcc 4.3.0 20080428 (Red Hat 4.3.0-8)
Memory: 4k page, physical 395463368k(390176348k free), swap 16318460k(16318460k free)
CommandLine flags: -XX:+AggressiveOpts -XX:+AlwaysPreTouch -XX:InitialHeapSize=31138512896 -XX:LargePageSizeInBytes=2097152 -XX:MaxHeapSize=31138512896 -XX:MaxNewSize=27917287424 -XX:MaxTenuringThreshold=15 -XX:NewSize=27917287424 -XX:ParallelGCThreads=56 -XX:+PrintGC -XX:+PrintGCDetails -XX:+PrintGCTimeStamps -XX:+PrintTenuringDistribution -XX:SurvivorRatio=28 -XX:TargetSurvivorRatio=95 -XX:-UseAdaptiveSizePolicy -XX:-UseBiasedLocking -XX:+UseCompressedClassPointers -XX:+UseCompressedOops -XX:+UseLargePages -XX:+UseParallelOldGC 
9.268: [GC (Allocation Failure) [PSYoungGen: 25448448K->12635K(26355712K)] 25448448K->12738K(29501440K), 0.0200244 secs] [Times: user=0.35 sys=0.01, real=0.02 secs] 
12.523: [GC (System.gc()) [PSYoungGen: 24347296K->8871K(26355712K)] 24347399K->8982K(29501440K), 0.0288550 secs] [Times: user=0.71 sys=0.01, real=0.03 secs] 
12.552: [Full GC (System.gc()) [PSYoungGen: 8871K->0K(26355712K)] [ParOldGen: 110K->8130K(3145728K)] 8982K->8130K(29501440K), [Metaspace: 16772K->16772K(1064960K)], 0.0423018 secs] [Times: user=0.65 sys=0.06, real=0.04 secs] 
22.786: [GC (Allocation Failure) [PSYoungGen: 25448448K->852395K(26355712K)] 25456578K->860541K(29501440K), 0.0707354 secs] [Times: user=3.48 sys=0.00, real=0.07 secs] 
34.058: [GC (Allocation Failure) [PSYoungGen: 26300843K->853076K(26355712K)] 26308989K->861230K(29501440K), 0.0648876 secs] [Times: user=3.06 sys=0.00, real=0.06 secs] 
99.286: [GC (System.gc()) [PSYoungGen: 22999618K->99130K(26355712K)] 23007772K->107293K(29501440K), 0.0204359 secs] [Times: user=0.70 sys=0.01, real=0.02 secs] 
99.307: [Full GC (System.gc()) [PSYoungGen: 99130K->0K(26355712K)] [ParOldGen: 8162K->105402K(3145728K)] 107293K->105402K(29501440K), [Metaspace: 20015K->20012K(1067008K)], 0.0859835 secs] [Times: user=2.40 sys=0.03, real=0.08 secs] 
218.245: [GC (Allocation Failure) [PSYoungGen: 25448448K->899663K(26355712K)] 25553850K->1005073K(29501440K), 0.0816038 secs] [Times: user=4.32 sys=0.00, real=0.08 secs] 
231.958: [GC (Allocation Failure) [PSYoungGen: 26348111K->891600K(26355712K)] 26453521K->997082K(29501440K), 0.0768670 secs] [Times: user=3.79 sys=0.00, real=0.08 secs] 
241.271: [GC (Allocation Failure) [PSYoungGen: 26340048K->898167K(26355712K)] 26445530K->1003657K(29501440K), 0.0819869 secs] [Times: user=3.83 sys=0.00, real=0.08 secs] 
252.993: [GC (Allocation Failure) [PSYoungGen: 26346615K->897538K(26355712K)] 26452105K->1003036K(29501440K), 0.0786706 secs] [Times: user=3.97 sys=0.00, real=0.08 secs] 
262.120: [GC (Allocation Failure) [PSYoungGen: 26345986K->907242K(26355712K)] 26451484K->1016812K(29501440K), 0.0784135 secs] [Times: user=3.98 sys=0.00, real=0.08 secs] 
269.779: [GC (Allocation Failure) [PSYoungGen: 26355690K->907247K(26355712K)] 26465260K->1018634K(29501440K), 0.0791370 secs] [Times: user=3.99 sys=0.00, real=0.08 secs] 
276.164: [GC (Allocation Failure) [PSYoungGen: 26355695K->907235K(26355712K)] 26467082K->1104701K(29501440K), 0.0952874 secs] [Times: user=4.91 sys=0.00, real=0.10 secs] 
281.876: [GC (Allocation Failure) [PSYoungGen: 26355683K->907238K(26355712K)] 26553149K->1118392K(29501440K), 0.0881135 secs] [Times: user=3.92 sys=0.00, real=0.08 secs] 
287.572: [GC (Allocation Failure) [PSYoungGen: 26355686K->907238K(26355712K)] 26566840K->1228904K(29501440K), 0.1070042 secs] [Times: user=5.41 sys=0.01, real=0.11 secs] 
294.603: [GC (Allocation Failure) [PSYoungGen: 26355686K->907241K(26355712K)] 26677352K->1368819K(29501440K), 0.1162816 secs] [Times: user=5.56 sys=0.00, real=0.12 secs] 
299.374: [GC (Allocation Failure) [PSYoungGen: 26355689K->907241K(26355712K)] 26817267K->1460971K(29501440K), 0.1001423 secs] [Times: user=5.12 sys=0.00, real=0.10 secs] 
304.569: [GC (Allocation Failure) [PSYoungGen: 26355689K->907246K(26355712K)] 26909419K->1884495K(29501440K), 0.1846469 secs] [Times: user=9.71 sys=0.00, real=0.18 secs] 
308.531: [GC (Allocation Failure) [PSYoungGen: 26355694K->907255K(26355712K)] 27332943K->1980864K(29501440K), 0.1125127 secs] [Times: user=5.75 sys=0.01, real=0.11 secs] 
313.035: [GC (Allocation Failure) [PSYoungGen: 26355703K->907240K(26355712K)] 27429312K->2109105K(29501440K), 0.1176251 secs] [Times: user=6.07 sys=0.00, real=0.11 secs] 
317.300: [GC (Allocation Failure) [PSYoungGen: 26355688K->907245K(26355712K)] 27557553K->2293334K(29501440K), 0.1309429 secs] [Times: user=7.00 sys=0.01, real=0.13 secs] 
322.055: [GC (Allocation Failure) [PSYoungGen: 26355693K->787226K(26355712K)] 27741782K->2365934K(29501440K), 0.1130613 secs] [Times: user=5.77 sys=0.00, real=0.12 secs] 
325.827: [GC (Allocation Failure) [PSYoungGen: 26235674K->771423K(26355712K)] 27814382K->2357574K(29501440K), 0.1004126 secs] [Times: user=5.18 sys=0.01, real=0.10 secs] 
329.501: [GC (Allocation Failure) [PSYoungGen: 26219871K->811416K(26355712K)] 27806022K->2401976K(29501440K), 0.1064824 secs] [Times: user=5.40 sys=0.01, real=0.11 secs] 
333.612: [GC (Allocation Failure) [PSYoungGen: 26259864K->765413K(26355712K)] 27850424K->2359638K(29501440K), 0.1013988 secs] [Times: user=5.13 sys=0.02, real=0.10 secs] 
336.290: [GC (Allocation Failure) [PSYoungGen: 26213861K->895088K(26355712K)] 27808086K->2493099K(29501440K), 0.1207813 secs] [Times: user=6.00 sys=0.01, real=0.12 secs] 
339.117: [GC (Allocation Failure) [PSYoungGen: 26343536K->808029K(26355712K)] 27941547K->2410593K(29501440K), 0.1432197 secs] [Times: user=7.22 sys=0.01, real=0.14 secs] 
342.404: [GC (Allocation Failure) [PSYoungGen: 26256477K->907252K(26355712K)] 27859041K->2665161K(29501440K), 0.1420897 secs] [Times: user=7.50 sys=0.01, real=0.15 secs] 
345.217: [GC (Allocation Failure) [PSYoungGen: 26355700K->907232K(26355712K)] 28113609K->3097230K(29501440K), 0.1933430 secs] [Times: user=10.24 sys=0.00, real=0.19 secs] 
347.833: [GC (Allocation Failure) [PSYoungGen: 26355680K->907252K(26355712K)] 28545678K->3319387K(29501440K), 0.1939721 secs] [Times: user=10.22 sys=0.01, real=0.20 secs] 
350.750: [GC (Allocation Failure) [PSYoungGen: 26355700K->907253K(26355712K)] 28767835K->3408022K(29501440K), 0.1291142 secs] [Times: user=6.68 sys=0.00, real=0.13 secs] 
364.041: [GC (Allocation Failure) [PSYoungGen: 26355701K->907237K(26355712K)] 28856470K->3585982K(29501440K), 0.1453805 secs] [Times: user=7.71 sys=0.01, real=0.15 secs] 
367.009: [GC (Allocation Failure) [PSYoungGen: 26355685K->907232K(26355712K)] 29034430K->3865169K(29501440K), 0.1757627 secs] [Times: user=9.34 sys=0.02, real=0.17 secs] 
367.185: [Full GC (Ergonomics) [PSYoungGen: 907232K->0K(26355712K)] [ParOldGen: 2957937K->1661197K(3145728K)] 3865169K->1661197K(29501440K), [Metaspace: 22114K->22095K(1069056K)], 1.7491039 secs] [Times: user=46.99 sys=0.34, real=1.74 secs] 
371.769: [GC (Allocation Failure) [PSYoungGen: 25448448K->886493K(26355712K)] 27109645K->2547698K(29501440K), 0.1307355 secs] [Times: user=6.56 sys=0.01, real=0.13 secs] 
374.362: [GC (System.gc()) [PSYoungGen: 2718733K->799227K(26355712K)] 4379938K->2460440K(29501440K), 0.1150259 secs] [Times: user=5.38 sys=0.02, real=0.12 secs] 
374.478: [Full GC (System.gc()) [PSYoungGen: 799227K->0K(26355712K)] [ParOldGen: 1661213K->175708K(3145728K)] 2460440K->175708K(29501440K), [Metaspace: 22318K->22318K(1069056K)], 0.1235149 secs] [Times: user=3.90 sys=0.02, real=0.12 secs] 
394.668: [GC (Allocation Failure) [PSYoungGen: 25448448K->907260K(26355712K)] 25624156K->1121201K(29501440K), 0.0969260 secs] [Times: user=4.80 sys=0.01, real=0.10 secs] 
401.643: [GC (Allocation Failure) [PSYoungGen: 26355708K->907257K(26355712K)] 26569649K->1212030K(29501440K), 0.1001188 secs] [Times: user=4.92 sys=0.00, real=0.10 secs] 
407.570: [GC (Allocation Failure) [PSYoungGen: 26355705K->907249K(26355712K)] 26660478K->1287622K(29501440K), 0.0979484 secs] [Times: user=4.84 sys=0.01, real=0.10 secs] 
412.691: [GC (Allocation Failure) [PSYoungGen: 26355697K->907251K(26355712K)] 26736070K->1419880K(29501440K), 0.1094416 secs] [Times: user=5.64 sys=0.01, real=0.11 secs] 
417.183: [GC (Allocation Failure) [PSYoungGen: 26355699K->907252K(26355712K)] 26868328K->1541841K(29501440K), 0.1076272 secs] [Times: user=5.52 sys=0.01, real=0.11 secs] 
421.676: [GC (Allocation Failure) [PSYoungGen: 26355700K->907232K(26355712K)] 26990289K->1622541K(29501440K), 0.1002145 secs] [Times: user=5.02 sys=0.01, real=0.10 secs] 
425.940: [GC (Allocation Failure) [PSYoungGen: 26355680K->907263K(26355712K)] 27070989K->2321994K(29501440K), 0.2435738 secs] [Times: user=12.79 sys=0.01, real=0.24 secs] 
430.121: [GC (Allocation Failure) [PSYoungGen: 26355711K->907251K(26355712K)] 27770442K->2534790K(29501440K), 0.1616532 secs] [Times: user=8.56 sys=0.01, real=0.16 secs] 
433.312: [GC (Allocation Failure) [PSYoungGen: 26355699K->907241K(26355712K)] 27983238K->2730853K(29501440K), 0.1756042 secs] [Times: user=9.43 sys=0.01, real=0.18 secs] 
437.028: [GC (Allocation Failure) [PSYoungGen: 26355689K->907247K(26355712K)] 28179301K->3008451K(29501440K), 0.1812234 secs] [Times: user=9.58 sys=0.01, real=0.18 secs] 
440.516: [GC (Allocation Failure) [PSYoungGen: 26355695K->907235K(26355712K)] 28456899K->3396935K(29501440K), 0.2083390 secs] [Times: user=11.15 sys=0.00, real=0.21 secs] 
443.979: [GC (Allocation Failure) [PSYoungGen: 26355683K->907258K(26355712K)] 28845383K->3702974K(29501440K), 0.2002699 secs] [Times: user=10.77 sys=0.01, real=0.20 secs] 
444.180: [Full GC (Ergonomics) [PSYoungGen: 907258K->0K(26355712K)] [ParOldGen: 2795715K->1363866K(3145728K)] 3702974K->1363866K(29501440K), [Metaspace: 22423K->22423K(1069056K)], 1.1151883 secs] [Times: user=25.45 sys=0.01, real=1.12 secs] 
447.824: [GC (Allocation Failure) [PSYoungGen: 25448448K->907247K(26355712K)] 26812314K->2531513K(29501440K), 0.2253147 secs] [Times: user=11.54 sys=0.00, real=0.23 secs] 
451.038: [GC (Allocation Failure) [PSYoungGen: 26355695K->907247K(26355712K)] 27979961K->2531633K(29501440K), 0.1322432 secs] [Times: user=6.68 sys=0.00, real=0.13 secs] 
454.429: [GC (Allocation Failure) [PSYoungGen: 26355695K->907262K(26355712K)] 27980081K->2606792K(29501440K), 0.1562207 secs] [Times: user=8.51 sys=0.00, real=0.16 secs] 
457.672: [GC (Allocation Failure) [PSYoungGen: 26355710K->907239K(26355712K)] 28055240K->2749289K(29501440K), 0.1403273 secs] [Times: user=7.44 sys=0.00, real=0.14 secs] 
460.746: [GC (Allocation Failure) [PSYoungGen: 26355687K->907256K(26355712K)] 28197737K->2911474K(29501440K), 0.1912895 secs] [Times: user=10.07 sys=0.01, real=0.19 secs] 
463.916: [GC (Allocation Failure) [PSYoungGen: 26355704K->907250K(26355712K)] 28359922K->3136724K(29501440K), 0.1609199 secs] [Times: user=8.61 sys=0.01, real=0.16 secs] 
467.610: [GC (Allocation Failure) [PSYoungGen: 26355698K->907256K(26355712K)] 28585172K->3305410K(29501440K), 0.1745634 secs] [Times: user=8.91 sys=0.00, real=0.18 secs] 
470.310: [GC (Allocation Failure) [PSYoungGen: 26355704K->907244K(26355712K)] 28753858K->3621518K(29501440K), 0.1810970 secs] [Times: user=9.48 sys=0.02, real=0.18 secs] 
470.491: [Full GC (Ergonomics) [PSYoungGen: 907244K->0K(26355712K)] [ParOldGen: 2714274K->1670764K(3145728K)] 3621518K->1670764K(29501440K), [Metaspace: 22423K->22423K(1069056K)], 1.6283915 secs] [Times: user=44.80 sys=0.00, real=1.63 secs] 
475.942: [GC (Allocation Failure) [PSYoungGen: 25448448K->907236K(26355712K)] 27119212K->2913616K(29501440K), 0.1850441 secs] [Times: user=9.72 sys=0.00, real=0.19 secs] 
479.060: [GC (Allocation Failure) [PSYoungGen: 26355684K->907254K(26355712K)] 28362064K->3251395K(29501440K), 0.1806298 secs] [Times: user=9.51 sys=0.00, real=0.18 secs] 
481.829: [GC (Allocation Failure) [PSYoungGen: 26355702K->907242K(26355712K)] 28699843K->3812895K(29501440K), 0.2278535 secs] [Times: user=12.15 sys=0.00, real=0.23 secs] 
482.057: [Full GC (Ergonomics) [PSYoungGen: 907242K->0K(26355712K)] [ParOldGen: 2905653K->1862903K(3145728K)] 3812895K->1862903K(29501440K), [Metaspace: 22423K->22423K(1069056K)], 1.5812779 secs] [Times: user=32.17 sys=0.16, real=1.58 secs] 
486.299: [GC (Allocation Failure) [PSYoungGen: 25448448K->907236K(26355712K)] 27311351K->3181228K(29501440K), 0.2093000 secs] [Times: user=11.01 sys=0.01, real=0.21 secs] 
489.304: [GC (Allocation Failure) [PSYoungGen: 26355684K->907263K(26355712K)] 28629676K->3524367K(29501440K), 0.1858427 secs] [Times: user=9.82 sys=0.00, real=0.19 secs] 
489.491: [Full GC (Ergonomics) [PSYoungGen: 907263K->0K(26355712K)] [ParOldGen: 2617103K->1688887K(3145728K)] 3524367K->1688887K(29501440K), [Metaspace: 22423K->22423K(1069056K)], 0.9733582 secs] [Times: user=29.67 sys=0.01, real=0.97 secs] 
493.156: [GC (Allocation Failure) [PSYoungGen: 25448448K->907244K(26355712K)] 27137335K->2890148K(29501440K), 0.2002862 secs] [Times: user=10.77 sys=0.00, real=0.20 secs] 
495.108: [GC (System.gc()) [PSYoungGen: 11743670K->682520K(26355712K)] 13726574K->2665431K(29501440K), 0.1099428 secs] [Times: user=4.66 sys=0.01, real=0.11 secs] 
495.219: [Full GC (System.gc()) [PSYoungGen: 682520K->0K(26355712K)] [ParOldGen: 1982911K->184108K(3145728K)] 2665431K->184108K(29501440K), [Metaspace: 22453K->22453K(1069056K)], 0.1248595 secs] [Times: user=4.09 sys=0.01, real=0.12 secs] 
502.057: [GC (System.gc()) [PSYoungGen: 2179141K->672K(26355712K)] 2363249K->184788K(29501440K), 0.0144829 secs] [Times: user=0.16 sys=0.00, real=0.01 secs] 
502.072: [Full GC (System.gc()) [PSYoungGen: 672K->0K(26355712K)] [ParOldGen: 184116K->171523K(3145728K)] 184788K->171523K(29501440K), [Metaspace: 22469K->22469K(1069056K)], 0.1032630 secs] [Times: user=2.98 sys=0.01, real=0.11 secs] 
526.366: [GC (Allocation Failure) [PSYoungGen: 25448448K->907250K(26355712K)] 25619971K->1095614K(29501440K), 0.0884794 secs] [Times: user=4.65 sys=0.01, real=0.09 secs] 
548.606: [GC (Allocation Failure) [PSYoungGen: 26355698K->907242K(26355712K)] 26544062K->1102846K(29501440K), 0.0834763 secs] [Times: user=4.00 sys=0.01, real=0.08 secs] 
570.881: [GC (Allocation Failure) [PSYoungGen: 26355690K->907254K(26355712K)] 26551294K->1119009K(29501440K), 0.0820731 secs] [Times: user=4.03 sys=0.01, real=0.08 secs] 
593.243: [GC (Allocation Failure) [PSYoungGen: 26355702K->907246K(26355712K)] 26567457K->1131353K(29501440K), 0.0819912 secs] [Times: user=3.95 sys=0.01, real=0.09 secs] 
615.532: [GC (Allocation Failure) [PSYoungGen: 26355694K->893864K(26355712K)] 26579801K->1117972K(29501440K), 0.0782902 secs] [Times: user=3.81 sys=0.00, real=0.08 secs] 
637.764: [GC (Allocation Failure) [PSYoungGen: 26342312K->898374K(26355712K)] 26566420K->1122481K(29501440K), 0.0819939 secs] [Times: user=3.82 sys=0.01, real=0.09 secs] 
660.026: [GC (Allocation Failure) [PSYoungGen: 26346822K->907260K(26355712K)] 26570929K->1136840K(29501440K), 0.0835594 secs] [Times: user=3.93 sys=0.00, real=0.08 secs] 
682.308: [GC (Allocation Failure) [PSYoungGen: 26355708K->906099K(26355712K)] 26585288K->1135678K(29501440K), 0.0812959 secs] [Times: user=3.82 sys=0.01, real=0.08 secs] 
868.369: [GC (Allocation Failure) [PSYoungGen: 26354547K->888557K(26355712K)] 26584126K->1118144K(29501440K), 0.0770617 secs] [Times: user=3.70 sys=0.01, real=0.08 secs] 
947.671: [GC (Allocation Failure) [PSYoungGen: 26337005K->890541K(26355712K)] 26566592K->1120129K(29501440K), 0.0769458 secs] [Times: user=3.68 sys=0.01, real=0.08 secs] 
1003.930: [GC (Allocation Failure) [PSYoungGen: 26338989K->893430K(26355712K)] 26568577K->1123018K(29501440K), 0.0730121 secs] [Times: user=3.78 sys=0.01, real=0.07 secs] 
1050.612: [GC (Allocation Failure) [PSYoungGen: 26341878K->899782K(26355712K)] 26571466K->1129369K(29501440K), 0.0811372 secs] [Times: user=3.74 sys=0.01, real=0.08 secs] 
1092.533: [GC (Allocation Failure) [PSYoungGen: 26348230K->894799K(26355712K)] 26577817K->1124387K(29501440K), 0.0795365 secs] [Times: user=3.75 sys=0.01, real=0.08 secs] 
1129.400: [GC (Allocation Failure) [PSYoungGen: 26343247K->894190K(26355712K)] 26572835K->1123778K(29501440K), 0.0727270 secs] [Times: user=3.80 sys=0.00, real=0.07 secs] 
1163.358: [GC (Allocation Failure) [PSYoungGen: 26342638K->901535K(26355712K)] 26572226K->1131123K(29501440K), 0.0757500 secs] [Times: user=3.83 sys=0.00, real=0.07 secs] 
1195.031: [GC (Allocation Failure) [PSYoungGen: 26349983K->616959K(26355712K)] 26579571K->1133759K(29501440K), 0.1128328 secs] [Times: user=5.15 sys=0.01, real=0.11 secs] 
1224.611: [GC (Allocation Failure) [PSYoungGen: 26065407K->606687K(26355712K)] 26582207K->1129792K(29501440K), 0.0877147 secs] [Times: user=4.39 sys=0.00, real=0.09 secs] 
1252.353: [GC (Allocation Failure) [PSYoungGen: 26055135K->609055K(26355712K)] 26578240K->1134432K(29501440K), 0.0886809 secs] [Times: user=4.46 sys=0.00, real=0.09 secs] 
1279.399: [GC (Allocation Failure) [PSYoungGen: 26057503K->601087K(26355712K)] 26582880K->1130200K(29501440K), 0.0843077 secs] [Times: user=4.50 sys=0.01, real=0.08 secs] 
1303.949: [GC (Allocation Failure) [PSYoungGen: 26049535K->605422K(26355712K)] 26578648K->1135993K(29501440K), 0.0889954 secs] [Times: user=4.45 sys=0.00, real=0.09 secs] 
1328.601: [GC (Allocation Failure) [PSYoungGen: 26053870K->610046K(26355712K)] 26584441K->1142081K(29501440K), 0.0852762 secs] [Times: user=4.47 sys=0.01, real=0.09 secs] 
1352.151: [GC (Allocation Failure) [PSYoungGen: 26058494K->598542K(26355712K)] 26590529K->1131969K(29501440K), 0.0916111 secs] [Times: user=4.49 sys=0.00, real=0.09 secs] 
1374.210: [GC (Allocation Failure) [PSYoungGen: 26046990K->598046K(26355712K)] 26580417K->1132801K(29501440K), 0.0872235 secs] [Times: user=4.48 sys=0.01, real=0.09 secs] 
1396.324: [GC (Allocation Failure) [PSYoungGen: 26046494K->598526K(26355712K)] 26581249K->1134978K(29501440K), 0.0947946 secs] [Times: user=4.34 sys=0.01, real=0.10 secs] 
1417.491: [GC (Allocation Failure) [PSYoungGen: 26046974K->607315K(26355712K)] 26583426K->1144495K(29501440K), 0.0861724 secs] [Times: user=4.46 sys=0.00, real=0.09 secs] 
1437.624: [GC (Allocation Failure) [PSYoungGen: 26055763K->607982K(26355712K)] 26592943K->1145786K(29501440K), 0.0921739 secs] [Times: user=4.53 sys=0.01, real=0.10 secs] 
1457.674: [GC (Allocation Failure) [PSYoungGen: 26056430K->615191K(26355712K)] 26594234K->1153635K(29501440K), 0.0873762 secs] [Times: user=4.57 sys=0.01, real=0.09 secs] 
1477.311: [GC (Allocation Failure) [PSYoungGen: 26063639K->605587K(26355712K)] 26602083K->1144711K(29501440K), 0.0915772 secs] [Times: user=4.26 sys=0.00, real=0.09 secs] 
1495.720: [GC (Allocation Failure) [PSYoungGen: 26054035K->604878K(26355712K)] 26593159K->1144626K(29501440K), 0.0918442 secs] [Times: user=4.32 sys=0.01, real=0.09 secs] 
1514.182: [GC (Allocation Failure) [PSYoungGen: 26053326K->598446K(26355712K)] 26593074K->1138858K(29501440K), 0.0911708 secs] [Times: user=4.58 sys=0.00, real=0.09 secs] 
1532.629: [GC (Allocation Failure) [PSYoungGen: 26046894K->608046K(26355712K)] 26587306K->1149066K(29501440K), 0.0914637 secs] [Times: user=4.36 sys=0.01, real=0.09 secs] 
1549.915: [GC (Allocation Failure) [PSYoungGen: 26056494K->620935K(26355712K)] 26597514K->1162659K(29501440K), 0.0938390 secs] [Times: user=4.58 sys=0.01, real=0.10 secs] 
1566.947: [GC (Allocation Failure) [PSYoungGen: 26069383K->611550K(26355712K)] 26611107K->1154050K(29501440K), 0.0887835 secs] [Times: user=4.49 sys=0.00, real=0.09 secs] 
1583.899: [GC (Allocation Failure) [PSYoungGen: 26059998K->609374K(26355712K)] 26602498K->1152530K(29501440K), 0.0884500 secs] [Times: user=4.58 sys=0.01, real=0.09 secs] 
1600.971: [GC (Allocation Failure) [PSYoungGen: 26057822K->614190K(26355712K)] 26600978K->1158258K(29501440K), 0.0935249 secs] [Times: user=4.49 sys=0.01, real=0.09 secs] 
1616.924: [GC (Allocation Failure) [PSYoungGen: 26062638K->609630K(26355712K)] 26606706K->1154434K(29501440K), 0.0884310 secs] [Times: user=4.68 sys=0.00, real=0.09 secs] 
1632.677: [GC (Allocation Failure) [PSYoungGen: 26058078K->618142K(26355712K)] 26602882K->1163730K(29501440K), 0.0950374 secs] [Times: user=4.51 sys=0.00, real=0.09 secs] 
1648.491: [GC (Allocation Failure) [PSYoungGen: 26066590K->616066K(26355712K)] 26612178K->1162366K(29501440K), 0.0972273 secs] [Times: user=4.51 sys=0.00, real=0.10 secs] 
1664.246: [GC (Allocation Failure) [PSYoungGen: 26064514K->614958K(26355712K)] 26610814K->1162146K(29501440K), 0.0925435 secs] [Times: user=4.49 sys=0.01, real=0.09 secs] 
1679.373: [GC (Allocation Failure) [PSYoungGen: 26063406K->603662K(26355712K)] 26610594K->1151674K(29501440K), 0.0932076 secs] [Times: user=4.55 sys=0.00, real=0.10 secs] 
1694.113: [GC (Allocation Failure) [PSYoungGen: 26052110K->616270K(26355712K)] 26600122K->1165098K(29501440K), 0.0937409 secs] [Times: user=4.60 sys=0.01, real=0.10 secs] 
1708.882: [GC (Allocation Failure) [PSYoungGen: 26064718K->615230K(26355712K)] 26613546K->1164834K(29501440K), 0.0914959 secs] [Times: user=4.48 sys=0.00, real=0.09 secs] 
1723.549: [GC (Allocation Failure) [PSYoungGen: 26063678K->607278K(26355712K)] 26613282K->1157714K(29501440K), 0.0913387 secs] [Times: user=4.42 sys=0.01, real=0.09 secs] 
1738.078: [GC (Allocation Failure) [PSYoungGen: 26055726K->615262K(26355712K)] 26606162K->1166434K(29501440K), 0.0895753 secs] [Times: user=4.61 sys=0.01, real=0.09 secs] 
1751.885: [GC (Allocation Failure) [PSYoungGen: 26063710K->614158K(26355712K)] 26614882K->1165986K(29501440K), 0.0883352 secs] [Times: user=4.49 sys=0.00, real=0.09 secs] 
1765.703: [GC (Allocation Failure) [PSYoungGen: 26062606K->617582K(26355712K)] 26614434K->1170170K(29501440K), 0.0900023 secs] [Times: user=4.57 sys=0.01, real=0.09 secs] 
1779.481: [GC (Allocation Failure) [PSYoungGen: 26066030K->618147K(26355712K)] 26618618K->1171495K(29501440K), 0.0872661 secs] [Times: user=4.46 sys=0.01, real=0.09 secs] 
1793.309: [GC (Allocation Failure) [PSYoungGen: 26066595K->616062K(26355712K)] 26619943K->1170194K(29501440K), 0.0920561 secs] [Times: user=4.60 sys=0.01, real=0.09 secs] 
1806.673: [GC (Allocation Failure) [PSYoungGen: 26064510K->621954K(26355712K)] 26618642K->1176726K(29501440K), 0.0963017 secs] [Times: user=4.57 sys=0.01, real=0.10 secs] 
1819.748: [GC (Allocation Failure) [PSYoungGen: 26070402K->630510K(26355712K)] 26625174K->1185954K(29501440K), 0.0900143 secs] [Times: user=4.55 sys=0.00, real=0.09 secs] 
1832.812: [GC (Allocation Failure) [PSYoungGen: 26078958K->612878K(26355712K)] 26634402K->1169010K(29501440K), 0.0936985 secs] [Times: user=4.52 sys=0.01, real=0.10 secs] 
1845.960: [GC (Allocation Failure) [PSYoungGen: 26061326K->615694K(26355712K)] 26617458K->1172658K(29501440K), 0.0882476 secs] [Times: user=4.61 sys=0.00, real=0.09 secs] 
1858.905: [GC (Allocation Failure) [PSYoungGen: 26064142K->622355K(26355712K)] 26621106K->1180111K(29501440K), 0.0879819 secs] [Times: user=4.50 sys=0.01, real=0.08 secs] 
1871.631: [GC (Allocation Failure) [PSYoungGen: 26070803K->619038K(26355712K)] 26628559K->1177490K(29501440K), 0.0888291 secs] [Times: user=4.66 sys=0.00, real=0.09 secs] 
1883.982: [GC (Allocation Failure) [PSYoungGen: 26067486K->623886K(26355712K)] 26625938K->1183091K(29501440K), 0.0920321 secs] [Times: user=4.57 sys=0.00, real=0.09 secs] 
1896.400: [GC (Allocation Failure) [PSYoungGen: 26072334K->627321K(26355712K)] 26631539K->1187293K(29501440K), 0.0896339 secs] [Times: user=4.77 sys=0.00, real=0.09 secs] 
1908.790: [GC (Allocation Failure) [PSYoungGen: 26075769K->622938K(26355712K)] 26635741K->1183726K(29501440K), 0.0883966 secs] [Times: user=4.73 sys=0.01, real=0.09 secs] 
1921.169: [GC (Allocation Failure) [PSYoungGen: 26071386K->610366K(26355712K)] 26632174K->1171915K(29501440K), 0.0927440 secs] [Times: user=4.64 sys=0.00, real=0.09 secs] 
1933.439: [GC (Allocation Failure) [PSYoungGen: 26058814K->610734K(26355712K)] 26620363K->1173131K(29501440K), 0.0907936 secs] [Times: user=4.44 sys=0.00, real=0.09 secs] 
1945.231: [GC (Allocation Failure) [PSYoungGen: 26059182K->607198K(26355712K)] 26621579K->1170411K(29501440K), 0.0919565 secs] [Times: user=4.58 sys=0.01, real=0.09 secs] 
1956.991: [GC (Allocation Failure) [PSYoungGen: 26055646K->628847K(26355712K)] 26618859K->1192811K(29501440K), 0.0869516 secs] [Times: user=4.42 sys=0.00, real=0.09 secs] 
1968.810: [GC (Allocation Failure) [PSYoungGen: 26077295K->624807K(26355712K)] 26641259K->1189476K(29501440K), 0.0918667 secs] [Times: user=4.64 sys=0.01, real=0.09 secs] 
1980.626: [GC (Allocation Failure) [PSYoungGen: 26073255K->620863K(26355712K)] 26637924K->1186219K(29501440K), 0.0933676 secs] [Times: user=4.54 sys=0.00, real=0.09 secs] 
1992.537: [GC (Allocation Failure) [PSYoungGen: 26069311K->613902K(26355712K)] 26634667K->1181155K(29501440K), 0.0930266 secs] [Times: user=4.59 sys=0.01, real=0.09 secs] 
2003.808: [GC (Allocation Failure) [PSYoungGen: 26062350K->625662K(26355712K)] 26629603K->1193747K(29501440K), 0.0919180 secs] [Times: user=4.61 sys=0.00, real=0.09 secs] 
2015.155: [GC (Allocation Failure) [PSYoungGen: 26074110K->609694K(26355712K)] 26642195K->1178595K(29501440K), 0.0893049 secs] [Times: user=4.45 sys=0.00, real=0.09 secs] 
2026.545: [GC (Allocation Failure) [PSYoungGen: 26058142K->624339K(26355712K)] 26627043K->1194024K(29501440K), 0.0905174 secs] [Times: user=4.52 sys=0.00, real=0.10 secs] 
2037.984: [GC (Allocation Failure) [PSYoungGen: 26072787K->631971K(26355712K)] 26642472K->1202504K(29501440K), 0.0954313 secs] [Times: user=4.64 sys=0.01, real=0.10 secs] 
2049.306: [GC (Allocation Failure) [PSYoungGen: 26080419K->615955K(26355712K)] 26650952K->1187217K(29501440K), 0.0944031 secs] [Times: user=4.49 sys=0.01, real=0.09 secs] 
2060.576: [GC (Allocation Failure) [PSYoungGen: 26064403K->614302K(26355712K)] 26635665K->1186596K(29501440K), 0.0935359 secs] [Times: user=4.42 sys=0.01, real=0.09 secs] 
2071.211: [GC (Allocation Failure) [PSYoungGen: 26062750K->615443K(26355712K)] 26635044K->1188657K(29501440K), 0.0923680 secs] [Times: user=4.69 sys=0.01, real=0.09 secs] 
2082.127: [GC (Allocation Failure) [PSYoungGen: 26063891K->615934K(26355712K)] 26637105K->1189932K(29501440K), 0.0968600 secs] [Times: user=4.38 sys=0.00, real=0.09 secs] 
2093.049: [GC (Allocation Failure) [PSYoungGen: 26064382K->631326K(26355712K)] 26638380K->1206172K(29501440K), 0.0976009 secs] [Times: user=4.60 sys=0.00, real=0.10 secs] 
2103.903: [GC (Allocation Failure) [PSYoungGen: 26079761K->621550K(26355712K)] 26654607K->1197156K(29501440K), 0.0983568 secs] [Times: user=4.45 sys=0.01, real=0.10 secs] 
2114.779: [GC (Allocation Failure) [PSYoungGen: 26069998K->642233K(26355712K)] 26645604K->1218630K(29501440K), 0.0981644 secs] [Times: user=4.75 sys=0.01, real=0.10 secs] 
2125.543: [GC (Allocation Failure) [PSYoungGen: 26090681K->623838K(26355712K)] 26667078K->1201388K(29501440K), 0.0953652 secs] [Times: user=4.56 sys=0.01, real=0.10 secs] 
2136.050: [GC (Allocation Failure) [PSYoungGen: 26072286K->637299K(26355712K)] 26649836K->1215649K(29501440K), 0.0963427 secs] [Times: user=4.66 sys=0.00, real=0.10 secs] 
2146.410: [GC (Allocation Failure) [PSYoungGen: 26085747K->621347K(26355712K)] 26664097K->1200433K(29501440K), 0.0908597 secs] [Times: user=4.72 sys=0.01, real=0.09 secs] 
2156.798: [GC (Allocation Failure) [PSYoungGen: 26069795K->638271K(26355712K)] 26648881K->1218197K(29501440K), 0.0906252 secs] [Times: user=4.59 sys=0.00, real=0.09 secs] 
2167.199: [GC (Allocation Failure) [PSYoungGen: 26086719K->622019K(26355712K)] 26666645K->1202986K(29501440K), 0.0938218 secs] [Times: user=4.48 sys=0.00, real=0.09 secs] 
2177.601: [GC (Allocation Failure) [PSYoungGen: 26070467K->627509K(26355712K)] 26651434K->1209475K(29501440K), 0.0889081 secs] [Times: user=4.64 sys=0.00, real=0.09 secs] 
2187.933: [GC (Allocation Failure) [PSYoungGen: 26075957K->643670K(26355712K)] 26657923K->1226396K(29501440K), 0.0939619 secs] [Times: user=4.85 sys=0.01, real=0.10 secs] 
2198.169: [GC (Allocation Failure) [PSYoungGen: 26092118K->641022K(26355712K)] 26674844K->1224524K(29501440K), 0.0940474 secs] [Times: user=4.60 sys=0.01, real=0.09 secs] 
2208.191: [GC (Allocation Failure) [PSYoungGen: 26089470K->628309K(26355712K)] 26672972K->1212660K(29501440K), 0.0881671 secs] [Times: user=4.58 sys=0.00, real=0.09 secs] 
2218.152: [GC (Allocation Failure) [PSYoungGen: 26076757K->626688K(26355712K)] 26661108K->1211790K(29501440K), 0.0932511 secs] [Times: user=4.51 sys=0.01, real=0.10 secs] 
2228.092: [GC (Allocation Failure) [PSYoungGen: 26075136K->640384K(26355712K)] 26660238K->1226750K(29501440K), 0.0954819 secs] [Times: user=4.71 sys=0.01, real=0.10 secs] 
2238.128: [GC (Allocation Failure) [PSYoungGen: 26088832K->625818K(26355712K)] 26675198K->1212888K(29501440K), 0.0930557 secs] [Times: user=4.59 sys=0.00, real=0.09 secs] 
2248.115: [GC (Allocation Failure) [PSYoungGen: 26074266K->661109K(26355712K)] 26661336K->1249091K(29501440K), 0.0933642 secs] [Times: user=4.80 sys=0.00, real=0.10 secs] 
2258.069: [GC (Allocation Failure) [PSYoungGen: 26109557K->643060K(26355712K)] 26697539K->1231931K(29501440K), 0.0968302 secs] [Times: user=4.68 sys=0.00, real=0.10 secs] 
2267.750: [GC (Allocation Failure) [PSYoungGen: 26091508K->632404K(26355712K)] 26680379K->1222203K(29501440K), 0.0904929 secs] [Times: user=4.46 sys=0.01, real=0.09 secs] 
2277.472: [GC (Allocation Failure) [PSYoungGen: 26080852K->625488K(26355712K)] 26670651K->1216607K(29501440K), 0.0906327 secs] [Times: user=4.64 sys=0.01, real=0.09 secs] 
2287.108: [GC (Allocation Failure) [PSYoungGen: 26073936K->650356K(26355712K)] 26665055K->1242307K(29501440K), 0.0961504 secs] [Times: user=4.74 sys=0.00, real=0.09 secs] 
2296.645: [GC (Allocation Failure) [PSYoungGen: 26098804K->640985K(26355712K)] 26690755K->1233664K(29501440K), 0.0921849 secs] [Times: user=4.69 sys=0.00, real=0.09 secs] 
2306.249: [GC (Allocation Failure) [PSYoungGen: 26089433K->616223K(26355712K)] 26682112K->1209927K(29501440K), 0.0937940 secs] [Times: user=4.61 sys=0.01, real=0.09 secs] 
2315.930: [GC (Allocation Failure) [PSYoungGen: 26064671K->648733K(26355712K)] 26658375K->1243340K(29501440K), 0.0884566 secs] [Times: user=4.62 sys=0.00, real=0.09 secs] 
2325.632: [GC (Allocation Failure) [PSYoungGen: 26097181K->645785K(26355712K)] 26691788K->1244090K(29501440K), 0.0907041 secs] [Times: user=4.76 sys=0.00, real=0.09 secs] 
2335.329: [GC (Allocation Failure) [PSYoungGen: 26094233K->627763K(26355712K)] 26692538K->1227197K(29501440K), 0.0875136 secs] [Times: user=4.60 sys=0.00, real=0.09 secs] 
2344.846: [GC (Allocation Failure) [PSYoungGen: 26076211K->638611K(26355712K)] 26675645K->1238989K(29501440K), 0.0982825 secs] [Times: user=4.59 sys=0.01, real=0.09 secs] 
2354.041: [GC (Allocation Failure) [PSYoungGen: 26087059K->637603K(26355712K)] 26687437K->1238845K(29501440K), 0.0923442 secs] [Times: user=4.75 sys=0.00, real=0.09 secs] 
2363.139: [GC (Allocation Failure) [PSYoungGen: 26086051K->612848K(26355712K)] 26687293K->1215082K(29501440K), 0.0941774 secs] [Times: user=4.48 sys=0.00, real=0.09 secs] 
2372.626: [GC (Allocation Failure) [PSYoungGen: 26061296K->621966K(26355712K)] 26663530K->1224960K(29501440K), 0.0930826 secs] [Times: user=4.62 sys=0.01, real=0.09 secs] 
2381.919: [GC (Allocation Failure) [PSYoungGen: 26070414K->638423K(26355712K)] 26673408K->1242313K(29501440K), 0.0931143 secs] [Times: user=4.59 sys=0.01, real=0.09 secs] 
2391.224: [GC (Allocation Failure) [PSYoungGen: 26086871K->614638K(26355712K)] 26690761K->1219496K(29501440K), 0.0875614 secs] [Times: user=4.58 sys=0.00, real=0.09 secs] 
2400.466: [GC (Allocation Failure) [PSYoungGen: 26063086K->639214K(26355712K)] 26667944K->1245032K(29501440K), 0.0923368 secs] [Times: user=4.75 sys=0.00, real=0.09 secs] 
2409.841: [GC (Allocation Failure) [PSYoungGen: 26087662K->632581K(26355712K)] 26693480K->1239407K(29501440K), 0.0903239 secs] [Times: user=4.54 sys=0.00, real=0.09 secs] 
2418.796: [GC (Allocation Failure) [PSYoungGen: 26081029K->639053K(26355712K)] 26687855K->1246776K(29501440K), 0.0928051 secs] [Times: user=4.57 sys=0.00, real=0.09 secs] 
2427.787: [GC (Allocation Failure) [PSYoungGen: 26087501K->647326K(26355712K)] 26695224K->1255937K(29501440K), 0.0908300 secs] [Times: user=4.58 sys=0.01, real=0.09 secs] 
2436.824: [GC (Allocation Failure) [PSYoungGen: 26095774K->632398K(26355712K)] 26704385K->1241721K(29501440K), 0.0955960 secs] [Times: user=4.71 sys=0.00, real=0.10 secs] 
2445.818: [GC (Allocation Failure) [PSYoungGen: 26080846K->636899K(26355712K)] 26690169K->1247078K(29501440K), 0.0932596 secs] [Times: user=4.54 sys=0.00, real=0.09 secs] 
2454.823: [GC (Allocation Failure) [PSYoungGen: 26085347K->650525K(26355712K)] 26695526K->1261376K(29501440K), 0.0958549 secs] [Times: user=4.83 sys=0.01, real=0.10 secs] 
2463.866: [GC (Allocation Failure) [PSYoungGen: 26098973K->645108K(26355712K)] 26709824K->1256839K(29501440K), 0.0958427 secs] [Times: user=4.59 sys=0.01, real=0.09 secs] 
2472.980: [GC (Allocation Failure) [PSYoungGen: 26093556K->647348K(26355712K)] 26705287K->1259759K(29501440K), 0.0926685 secs] [Times: user=4.62 sys=0.01, real=0.09 secs] 
2481.816: [GC (Allocation Failure) [PSYoungGen: 26095796K->651642K(26355712K)] 26708207K->1264741K(29501440K), 0.0990688 secs] [Times: user=4.71 sys=0.01, real=0.10 secs] 
2490.630: [GC (Allocation Failure) [PSYoungGen: 26100090K->629540K(26355712K)] 26713189K->1243495K(29501440K), 0.0928589 secs] [Times: user=4.54 sys=0.01, real=0.09 secs] 
2499.192: [GC (Allocation Failure) [PSYoungGen: 26077988K->626451K(26355712K)] 26691943K->1241054K(29501440K), 0.0922712 secs] [Times: user=4.60 sys=0.00, real=0.09 secs] 
2507.847: [GC (Allocation Failure) [PSYoungGen: 26074899K->647228K(26355712K)] 26689502K->1262496K(29501440K), 0.0970520 secs] [Times: user=4.74 sys=0.01, real=0.09 secs] 
2516.426: [GC (Allocation Failure) [PSYoungGen: 26095676K->629007K(26355712K)] 26710944K->1245210K(29501440K), 0.0947582 secs] [Times: user=4.74 sys=0.01, real=0.09 secs] 
2525.115: [GC (Allocation Failure) [PSYoungGen: 26077455K->660009K(26355712K)] 26693658K->1276868K(29501440K), 0.1043758 secs] [Times: user=4.56 sys=0.00, real=0.10 secs] 
2533.652: [GC (Allocation Failure) [PSYoungGen: 26108457K->624718K(26355712K)] 26725316K->1242458K(29501440K), 0.0961564 secs] [Times: user=4.49 sys=0.00, real=0.10 secs] 
2542.331: [GC (Allocation Failure) [PSYoungGen: 26073166K->617950K(26355712K)] 26690906K->1236394K(29501440K), 0.0926981 secs] [Times: user=4.45 sys=0.00, real=0.09 secs] 
2551.028: [GC (Allocation Failure) [PSYoungGen: 26066398K->651348K(26355712K)] 26684842K->1270896K(29501440K), 0.0926531 secs] [Times: user=4.67 sys=0.00, real=0.09 secs] 
2559.494: [GC (Allocation Failure) [PSYoungGen: 26099796K->637399K(26355712K)] 26719344K->1257619K(29501440K), 0.0931838 secs] [Times: user=4.76 sys=0.00, real=0.10 secs] 
2567.760: [GC (Allocation Failure) [PSYoungGen: 26085847K->632306K(26355712K)] 26706067K->1253198K(29501440K), 0.0911027 secs] [Times: user=4.66 sys=0.00, real=0.09 secs] 
2575.965: [GC (Allocation Failure) [PSYoungGen: 26080754K->662956K(26355712K)] 26701646K->1284608K(29501440K), 0.0973868 secs] [Times: user=4.68 sys=0.01, real=0.09 secs] 
2584.447: [GC (Allocation Failure) [PSYoungGen: 26111404K->635844K(26355712K)] 26733056K->1258784K(29501440K), 0.0956688 secs] [Times: user=4.70 sys=0.00, real=0.09 secs] 
2592.979: [GC (Allocation Failure) [PSYoungGen: 26084292K->657693K(26355712K)] 26707232K->1281418K(29501440K), 0.1013329 secs] [Times: user=4.70 sys=0.01, real=0.10 secs] 
2601.441: [GC (Allocation Failure) [PSYoungGen: 26106141K->654471K(26355712K)] 26729866K->1278884K(29501440K), 0.0955249 secs] [Times: user=4.82 sys=0.00, real=0.10 secs] 
2609.840: [GC (Allocation Failure) [PSYoungGen: 26102919K->638995K(26355712K)] 26727332K->1264328K(29501440K), 0.0932324 secs] [Times: user=4.77 sys=0.01, real=0.09 secs] 
2618.213: [GC (Allocation Failure) [PSYoungGen: 26087443K->621201K(26355712K)] 26712776K->1247302K(29501440K), 0.0928581 secs] [Times: user=4.62 sys=0.01, real=0.10 secs] 
2626.500: [GC (Allocation Failure) [PSYoungGen: 26069649K->664964K(26355712K)] 26695750K->1291952K(29501440K), 0.0947868 secs] [Times: user=4.63 sys=0.00, real=0.10 secs] 
2634.503: [GC (Allocation Failure) [PSYoungGen: 26113412K->623839K(26355712K)] 26740400K->1251396K(29501440K), 0.0912078 secs] [Times: user=4.65 sys=0.00, real=0.09 secs] 
2642.486: [GC (Allocation Failure) [PSYoungGen: 26072287K->638692K(26355712K)] 26699844K->1266937K(29501440K), 0.0923678 secs] [Times: user=4.72 sys=0.00, real=0.09 secs] 
2650.596: [GC (Allocation Failure) [PSYoungGen: 26087128K->650719K(26355712K)] 26715373K->1279660K(29501440K), 0.0925717 secs] [Times: user=4.66 sys=0.00, real=0.09 secs] 
2658.752: [GC (Allocation Failure) [PSYoungGen: 26099167K->655221K(26355712K)] 26728108K->1284737K(29501440K), 0.0937784 secs] [Times: user=4.77 sys=0.00, real=0.10 secs] 
2666.885: [GC (Allocation Failure) [PSYoungGen: 26103669K->638351K(26355712K)] 26733185K->1268932K(29501440K), 0.0952727 secs] [Times: user=4.51 sys=0.01, real=0.10 secs] 
2675.131: [GC (Allocation Failure) [PSYoungGen: 26086799K->663975K(26355712K)] 26717380K->1295396K(29501440K), 0.0926974 secs] [Times: user=4.69 sys=0.00, real=0.09 secs] 
2683.257: [GC (Allocation Failure) [PSYoungGen: 26112423K->627583K(26355712K)] 26743844K->1259668K(29501440K), 0.0938565 secs] [Times: user=4.47 sys=0.01, real=0.09 secs] 
2691.131: [GC (Allocation Failure) [PSYoungGen: 26076031K->652101K(26355712K)] 26708116K->1285058K(29501440K), 0.0952409 secs] [Times: user=4.53 sys=0.01, real=0.10 secs] 
2698.913: [GC (Allocation Failure) [PSYoungGen: 26100549K->638175K(26355712K)] 26733506K->1272484K(29501440K), 0.0945994 secs] [Times: user=4.81 sys=0.00, real=0.10 secs] 
2706.674: [GC (Allocation Failure) [PSYoungGen: 26086623K->641135K(26355712K)] 26720932K->1276100K(29501440K), 0.0951878 secs] [Times: user=4.60 sys=0.01, real=0.10 secs] 
2714.448: [GC (Allocation Failure) [PSYoungGen: 26089583K->651122K(26355712K)] 26724548K->1287000K(29501440K), 0.0959435 secs] [Times: user=4.89 sys=0.01, real=0.09 secs] 
2722.253: [GC (Allocation Failure) [PSYoungGen: 26099570K->623663K(26355712K)] 26735448K->1260188K(29501440K), 0.0896033 secs] [Times: user=4.62 sys=0.00, real=0.09 secs] 
2730.084: [GC (Allocation Failure) [PSYoungGen: 26072111K->641151K(26355712K)] 26708636K->1278612K(29501440K), 0.0901191 secs] [Times: user=4.55 sys=0.00, real=0.09 secs] 
2737.916: [GC (Allocation Failure) [PSYoungGen: 26089599K->646143K(26355712K)] 26727060K->1284413K(29501440K), 0.0923423 secs] [Times: user=4.66 sys=0.00, real=0.09 secs] 
2745.653: [GC (Allocation Failure) [PSYoungGen: 26094591K->655736K(26355712K)] 26732861K->1294623K(29501440K), 0.0957257 secs] [Times: user=4.61 sys=0.02, real=0.10 secs] 
2753.560: [GC (Allocation Failure) [PSYoungGen: 26104184K->633486K(26355712K)] 26743071K->1274093K(29501440K), 0.0911653 secs] [Times: user=4.76 sys=0.01, real=0.09 secs] 
2761.490: [GC (Allocation Failure) [PSYoungGen: 26081934K->630323K(26355712K)] 26722541K->1271569K(29501440K), 0.0959041 secs] [Times: user=4.67 sys=0.00, real=0.10 secs] 
2769.410: [GC (Allocation Failure) [PSYoungGen: 26078771K->625588K(26355712K)] 26720017K->1267579K(29501440K), 0.0944529 secs] [Times: user=4.48 sys=0.01, real=0.09 secs] 
2776.956: [GC (Allocation Failure) [PSYoungGen: 26074036K->645662K(26355712K)] 26716027K->1288309K(29501440K), 0.0989710 secs] [Times: user=4.60 sys=0.01, real=0.09 secs] 
2784.513: [GC (Allocation Failure) [PSYoungGen: 26094110K->641521K(26355712K)] 26736757K->1284768K(29501440K), 0.0925182 secs] [Times: user=4.72 sys=0.00, real=0.10 secs] 
2792.267: [GC (Allocation Failure) [PSYoungGen: 26089969K->622254K(26355712K)] 26733216K->1266237K(29501440K), 0.0910750 secs] [Times: user=4.72 sys=0.00, real=0.09 secs] 
2799.946: [GC (Allocation Failure) [PSYoungGen: 26070702K->647383K(26355712K)] 26714685K->1292039K(29501440K), 0.0945955 secs] [Times: user=4.74 sys=0.00, real=0.09 secs] 
2807.671: [GC (Allocation Failure) [PSYoungGen: 26095831K->654702K(26355712K)] 26740487K->1300045K(29501440K), 0.0996332 secs] [Times: user=4.75 sys=0.01, real=0.10 secs] 
2815.240: [GC (Allocation Failure) [PSYoungGen: 26103150K->632227K(26355712K)] 26748493K->1278387K(29501440K), 0.0955955 secs] [Times: user=4.71 sys=0.00, real=0.10 secs] 
2822.791: [GC (Allocation Failure) [PSYoungGen: 26080675K->641059K(26355712K)] 26726835K->1287746K(29501440K), 0.0974285 secs] [Times: user=4.79 sys=0.00, real=0.10 secs] 
2830.527: [GC (Allocation Failure) [PSYoungGen: 26089507K->649702K(26355712K)] 26736194K->1297198K(29501440K), 0.0923402 secs] [Times: user=4.78 sys=0.00, real=0.09 secs] 
2838.029: [GC (Allocation Failure) [PSYoungGen: 26098150K->656119K(26355712K)] 26745646K->1304182K(29501440K), 0.0930888 secs] [Times: user=4.80 sys=0.00, real=0.09 secs] 
2845.413: [GC (Allocation Failure) [PSYoungGen: 26104567K->628654K(26355712K)] 26752630K->1277422K(29501440K), 0.0927689 secs] [Times: user=4.76 sys=0.00, real=0.10 secs] 
2852.880: [GC (Allocation Failure) [PSYoungGen: 26077102K->643203K(26355712K)] 26725870K->1292539K(29501440K), 0.0945607 secs] [Times: user=4.75 sys=0.00, real=0.09 secs] 
2860.361: [GC (Allocation Failure) [PSYoungGen: 26091651K->635907K(26355712K)] 26740987K->1285787K(29501440K), 0.0914946 secs] [Times: user=4.70 sys=0.00, real=0.09 secs] 
2867.783: [GC (Allocation Failure) [PSYoungGen: 26084355K->641991K(26355712K)] 26734235K->1292511K(29501440K), 0.0969669 secs] [Times: user=4.55 sys=0.00, real=0.10 secs] 
2875.275: [GC (Allocation Failure) [PSYoungGen: 26090439K->620782K(26355712K)] 26740959K->1271894K(29501440K), 0.0927169 secs] [Times: user=4.77 sys=0.01, real=0.09 secs] 
2882.594: [GC (Allocation Failure) [PSYoungGen: 26069230K->633038K(26355712K)] 26720342K->1284814K(29501440K), 0.0926224 secs] [Times: user=4.42 sys=0.01, real=0.10 secs] 
2889.964: [GC (Allocation Failure) [PSYoungGen: 26081486K->666658K(26355712K)] 26733262K->1319138K(29501440K), 0.0974761 secs] [Times: user=4.89 sys=0.00, real=0.10 secs] 
2897.387: [GC (Allocation Failure) [PSYoungGen: 26115106K->629810K(26355712K)] 26767586K->1282938K(29501440K), 0.0928733 secs] [Times: user=4.70 sys=0.00, real=0.09 secs] 
2904.856: [GC (Allocation Failure) [PSYoungGen: 26078258K->648115K(26355712K)] 26731386K->1301923K(29501440K), 0.1016301 secs] [Times: user=4.77 sys=0.00, real=0.10 secs] 
2912.130: [GC (Allocation Failure) [PSYoungGen: 26096563K->644990K(26355712K)] 26750371K->1299430K(29501440K), 0.0994219 secs] [Times: user=4.61 sys=0.00, real=0.10 secs] 
2919.305: [GC (Allocation Failure) [PSYoungGen: 26093438K->628435K(26355712K)] 26747878K->1283491K(29501440K), 0.0999523 secs] [Times: user=4.48 sys=0.01, real=0.11 secs] 
2926.446: [GC (Allocation Failure) [PSYoungGen: 26076883K->634722K(26355712K)] 26731939K->1290571K(29501440K), 0.0920455 secs] [Times: user=4.65 sys=0.01, real=0.09 secs] 
2933.629: [GC (Allocation Failure) [PSYoungGen: 26083170K->646142K(26355712K)] 26739019K->1302526K(29501440K), 0.0942102 secs] [Times: user=4.72 sys=0.01, real=0.09 secs] 
2940.871: [GC (Allocation Failure) [PSYoungGen: 26094590K->650243K(26355712K)] 26750974K->1307267K(29501440K), 0.0949299 secs] [Times: user=4.78 sys=0.00, real=0.10 secs] 
2948.065: [GC (Allocation Failure) [PSYoungGen: 26098691K->656963K(26355712K)] 26755715K->1314675K(29501440K), 0.0946290 secs] [Times: user=4.79 sys=0.01, real=0.09 secs] 
2955.207: [GC (Allocation Failure) [PSYoungGen: 26105411K->623411K(26355712K)] 26763123K->1281771K(29501440K), 0.0922146 secs] [Times: user=4.69 sys=0.00, real=0.09 secs] 
2962.343: [GC (Allocation Failure) [PSYoungGen: 26071859K->679267K(26355712K)] 26730219K->1338259K(29501440K), 0.1054313 secs] [Times: user=4.85 sys=0.00, real=0.11 secs] 
2969.585: [GC (Allocation Failure) [PSYoungGen: 26127715K->640478K(26355712K)] 26786707K->1300046K(29501440K), 0.0978950 secs] [Times: user=4.57 sys=0.00, real=0.10 secs] 
2976.550: [GC (Allocation Failure) [PSYoungGen: 26088926K->652428K(26355712K)] 26748494K->1312596K(29501440K), 0.0949105 secs] [Times: user=4.68 sys=0.01, real=0.09 secs] 
2983.522: [GC (Allocation Failure) [PSYoungGen: 26100876K->636979K(26355712K)] 26761044K->1297692K(29501440K), 0.0975557 secs] [Times: user=4.74 sys=0.01, real=0.10 secs] 
2990.616: [GC (Allocation Failure) [PSYoungGen: 26085427K->660834K(26355712K)] 26746140K->1322115K(29501440K), 0.0927671 secs] [Times: user=4.80 sys=0.01, real=0.09 secs] 
2997.732: [GC (Allocation Failure) [PSYoungGen: 26109282K->645651K(26355712K)] 26770563K->1307515K(29501440K), 0.0955980 secs] [Times: user=4.78 sys=0.00, real=0.10 secs] 
3004.776: [GC (Allocation Failure) [PSYoungGen: 26094099K->652406K(26355712K)] 26755963K->1314846K(29501440K), 0.0977532 secs] [Times: user=4.75 sys=0.00, real=0.09 secs] 
3011.781: [GC (Allocation Failure) [PSYoungGen: 26100854K->668888K(26355712K)] 26763294K->1331944K(29501440K), 0.0984642 secs] [Times: user=4.79 sys=0.00, real=0.10 secs] 
3018.757: [GC (Allocation Failure) [PSYoungGen: 26117336K->667330K(26355712K)] 26780392K->1330970K(29501440K), 0.0986311 secs] [Times: user=4.82 sys=0.00, real=0.10 secs] 
3025.795: [GC (Allocation Failure) [PSYoungGen: 26115778K->671278K(26355712K)] 26779418K->1335591K(29501440K), 0.0958402 secs] [Times: user=4.93 sys=0.00, real=0.10 secs] 
3032.893: [GC (Allocation Failure) [PSYoungGen: 26119726K->659829K(26355712K)] 26784039K->1324709K(29501440K), 0.0960879 secs] [Times: user=4.88 sys=0.00, real=0.10 secs] 
3039.846: [GC (Allocation Failure) [PSYoungGen: 26108277K->655715K(26355712K)] 26773157K->1321259K(29501440K), 0.0978753 secs] [Times: user=4.86 sys=0.02, real=0.09 secs] 
3046.748: [GC (Allocation Failure) [PSYoungGen: 26104163K->646195K(26355712K)] 26769707K->1312276K(29501440K), 0.0948459 secs] [Times: user=4.81 sys=0.00, real=0.09 secs] 
3053.654: [GC (Allocation Failure) [PSYoungGen: 26094643K->654750K(26355712K)] 26760724K->1321391K(29501440K), 0.0962041 secs] [Times: user=4.82 sys=0.01, real=0.10 secs] 
3060.570: [GC (Allocation Failure) [PSYoungGen: 26103198K->649203K(26355712K)] 26769839K->1316467K(29501440K), 0.0966936 secs] [Times: user=4.48 sys=0.01, real=0.10 secs] 
3067.353: [GC (Allocation Failure) [PSYoungGen: 26097497K->639363K(26355712K)] 26764761K->1307195K(29501440K), 0.0934372 secs] [Times: user=4.81 sys=0.02, real=0.10 secs] 
3074.252: [GC (Allocation Failure) [PSYoungGen: 26087811K->628334K(26355712K)] 26755643K->1296758K(29501440K), 0.0917272 secs] [Times: user=4.64 sys=0.00, real=0.09 secs] 
3080.990: [GC (Allocation Failure) [PSYoungGen: 26076782K->664461K(26355712K)] 26745206K->1333446K(29501440K), 0.0955504 secs] [Times: user=4.81 sys=0.00, real=0.10 secs] 
3087.823: [GC (Allocation Failure) [PSYoungGen: 26112909K->667848K(26355712K)] 26781894K->1337433K(29501440K), 0.0927391 secs] [Times: user=4.78 sys=0.00, real=0.10 secs] 
3094.801: [GC (Allocation Failure) [PSYoungGen: 26116296K->655042K(26355712K)] 26785881K->1325395K(29501440K), 0.0929691 secs] [Times: user=4.75 sys=0.01, real=0.09 secs] 
3101.507: [GC (Allocation Failure) [PSYoungGen: 26103490K->648231K(26355712K)] 26773843K->1319184K(29501440K), 0.0967887 secs] [Times: user=4.71 sys=0.01, real=0.09 secs] 
3108.386: [GC (Allocation Failure) [PSYoungGen: 26096679K->651374K(26355712K)] 26767632K->1323247K(29501440K), 0.0917080 secs] [Times: user=4.70 sys=0.01, real=0.09 secs] 
3114.878: [GC (Allocation Failure) [PSYoungGen: 26099822K->663101K(26355712K)] 26771695K->1335478K(29501440K), 0.0940605 secs] [Times: user=4.74 sys=0.01, real=0.09 secs] 
3121.513: [GC (Allocation Failure) [PSYoungGen: 26111549K->641811K(26355712K)] 26783926K->1314852K(29501440K), 0.0925425 secs] [Times: user=4.54 sys=0.00, real=0.10 secs] 
3128.188: [GC (Allocation Failure) [PSYoungGen: 26090259K->644328K(26355712K)] 26763300K->1317897K(29501440K), 0.0944382 secs] [Times: user=4.66 sys=0.01, real=0.09 secs] 
3134.867: [GC (Allocation Failure) [PSYoungGen: 26092776K->673367K(26355712K)] 26766345K->1347560K(29501440K), 0.0986186 secs] [Times: user=4.91 sys=0.01, real=0.10 secs] 
3141.478: [GC (Allocation Failure) [PSYoungGen: 26121815K->643699K(26355712K)] 26796008K->1318476K(29501440K), 0.0934784 secs] [Times: user=4.72 sys=0.00, real=0.09 secs] 
3148.176: [GC (Allocation Failure) [PSYoungGen: 26092147K->634515K(26355712K)] 26766924K->1309835K(29501440K), 0.0900126 secs] [Times: user=4.74 sys=0.01, real=0.09 secs] 
3154.920: [GC (Allocation Failure) [PSYoungGen: 26082963K->680632K(26355712K)] 26758283K->1356560K(29501440K), 0.1016836 secs] [Times: user=4.90 sys=0.01, real=0.10 secs] 
3161.425: [GC (Allocation Failure) [PSYoungGen: 26129080K->661735K(26355712K)] 26805008K->1338215K(29501440K), 0.0930138 secs] [Times: user=4.80 sys=0.01, real=0.10 secs] 
3168.085: [GC (Allocation Failure) [PSYoungGen: 26110183K->648174K(26355712K)] 26786663K->1325383K(29501440K), 0.0921069 secs] [Times: user=4.81 sys=0.00, real=0.09 secs] 
3174.682: [GC (Allocation Failure) [PSYoungGen: 26096622K->643362K(26355712K)] 26773831K->1321139K(29501440K), 0.0972551 secs] [Times: user=4.69 sys=0.01, real=0.10 secs] 
3181.302: [GC (Allocation Failure) [PSYoungGen: 26091810K->658206K(26355712K)] 26769587K->1336518K(29501440K), 0.0943098 secs] [Times: user=4.73 sys=0.00, real=0.10 secs] 
3187.813: [GC (Allocation Failure) [PSYoungGen: 26106654K->660936K(26355712K)] 26784966K->1339841K(29501440K), 0.0973414 secs] [Times: user=4.91 sys=0.01, real=0.10 secs] 
3194.221: [GC (Allocation Failure) [PSYoungGen: 26109384K->634190K(26355712K)] 26788289K->1313623K(29501440K), 0.0929509 secs] [Times: user=4.70 sys=0.01, real=0.09 secs] 
3200.633: [GC (Allocation Failure) [PSYoungGen: 26082638K->686012K(26355712K)] 26762071K->1365997K(29501440K), 0.0994661 secs] [Times: user=4.93 sys=0.00, real=0.10 secs] 
3207.275: [GC (Allocation Failure) [PSYoungGen: 26134460K->654913K(26355712K)] 26814445K->1335434K(29501440K), 0.0947309 secs] [Times: user=4.89 sys=0.00, real=0.10 secs] 
3213.647: [GC (Allocation Failure) [PSYoungGen: 26103361K->665398K(26355712K)] 26783882K->1346567K(29501440K), 0.0935468 secs] [Times: user=4.74 sys=0.01, real=0.09 secs] 
3220.173: [GC (Allocation Failure) [PSYoungGen: 26113846K->643431K(26355712K)] 26795015K->1325167K(29501440K), 0.0912039 secs] [Times: user=4.74 sys=0.00, real=0.09 secs] 
3226.641: [GC (Allocation Failure) [PSYoungGen: 26091879K->663907K(26355712K)] 26773615K->1346212K(29501440K), 0.0968068 secs] [Times: user=4.87 sys=0.01, real=0.10 secs] 
3233.037: [GC (Allocation Failure) [PSYoungGen: 26112355K->661918K(26355712K)] 26794660K->1344831K(29501440K), 0.0970392 secs] [Times: user=4.71 sys=0.00, real=0.09 secs] 
3239.507: [GC (Allocation Failure) [PSYoungGen: 26110366K->671448K(26355712K)] 26793279K->1354921K(29501440K), 0.0942194 secs] [Times: user=4.84 sys=0.01, real=0.09 secs] 
3246.129: [GC (Allocation Failure) [PSYoungGen: 26119896K->661150K(26355712K)] 26803369K->1345215K(29501440K), 0.0962460 secs] [Times: user=4.63 sys=0.00, real=0.10 secs] 
3252.643: [GC (Allocation Failure) [PSYoungGen: 26109598K->663683K(26355712K)] 26793663K->1348252K(29501440K), 0.0970111 secs] [Times: user=4.88 sys=0.01, real=0.10 secs] 
3258.984: [GC (Allocation Failure) [PSYoungGen: 26112131K->652254K(26355712K)] 26796700K->1337479K(29501440K), 0.0947049 secs] [Times: user=4.73 sys=0.00, real=0.10 secs] 
3265.435: [GC (Allocation Failure) [PSYoungGen: 26100702K->632883K(26355712K)] 26785927K->1318636K(29501440K), 0.0963849 secs] [Times: user=4.68 sys=0.00, real=0.09 secs] 
3271.817: [GC (Allocation Failure) [PSYoungGen: 26081331K->659251K(26355712K)] 26767084K->1345619K(29501440K), 0.0943970 secs] [Times: user=4.75 sys=0.00, real=0.09 secs] 
3278.234: [GC (Allocation Failure) [PSYoungGen: 26107699K->651774K(26355712K)] 26794067K->1338679K(29501440K), 0.0984133 secs] [Times: user=4.87 sys=0.00, real=0.10 secs] 
3284.484: [GC (Allocation Failure) [PSYoungGen: 26100222K->659678K(26355712K)] 26787127K->1347238K(29501440K), 0.0966393 secs] [Times: user=4.86 sys=0.01, real=0.10 secs] 
3290.833: [GC (Allocation Failure) [PSYoungGen: 26108126K->662995K(26355712K)] 26795686K->1351116K(29501440K), 0.0953067 secs] [Times: user=4.79 sys=0.01, real=0.10 secs] 
3297.129: [GC (Allocation Failure) [PSYoungGen: 26111443K->672999K(26355712K)] 26799564K->1361744K(29501440K), 0.0987878 secs] [Times: user=4.96 sys=0.00, real=0.10 secs] 
3303.434: [GC (Allocation Failure) [PSYoungGen: 26121447K->661335K(26355712K)] 26810192K->1350640K(29501440K), 0.0955785 secs] [Times: user=4.70 sys=0.00, real=0.10 secs] 
3309.732: [GC (Allocation Failure) [PSYoungGen: 26109783K->658616K(26355712K)] 26799088K->1348673K(29501440K), 0.0924924 secs] [Times: user=4.65 sys=0.00, real=0.09 secs] 
3316.155: [GC (Allocation Failure) [PSYoungGen: 26107064K->630734K(26355712K)] 26797121K->1321415K(29501440K), 0.0915062 secs] [Times: user=4.66 sys=0.01, real=0.09 secs] 
3322.799: [GC (Allocation Failure) [PSYoungGen: 26079182K->673874K(26355712K)] 26769863K->1365219K(29501440K), 0.1004230 secs] [Times: user=4.86 sys=0.01, real=0.10 secs] 
3328.774: [GC (Allocation Failure) [PSYoungGen: 26122322K->655270K(26355712K)] 26813667K->1347167K(29501440K), 0.0965786 secs] [Times: user=4.84 sys=0.01, real=0.10 secs] 
3335.018: [GC (Allocation Failure) [PSYoungGen: 26103718K->706214K(26355712K)] 26795615K->1398935K(29501440K), 0.1014532 secs] [Times: user=5.03 sys=0.01, real=0.10 secs] 
3341.128: [GC (Allocation Failure) [PSYoungGen: 26154662K->662676K(26355712K)] 26847383K->1356061K(29501440K), 0.1003705 secs] [Times: user=4.87 sys=0.01, real=0.10 secs] 
3347.152: [GC (Allocation Failure) [PSYoungGen: 26111124K->649218K(26355712K)] 26804509K->1343147K(29501440K), 0.0936657 secs] [Times: user=4.66 sys=0.00, real=0.10 secs] 
3353.446: [GC (Allocation Failure) [PSYoungGen: 26097666K->658569K(26355712K)] 26791595K->1353018K(29501440K), 0.0926094 secs] [Times: user=4.76 sys=0.01, real=0.09 secs] 
3359.499: [GC (Allocation Failure) [PSYoungGen: 26107017K->673702K(26355712K)] 26801466K->1368775K(29501440K), 0.0948415 secs] [Times: user=4.89 sys=0.00, real=0.09 secs] 
3365.539: [GC (Allocation Failure) [PSYoungGen: 26122150K->646594K(26355712K)] 26817223K->1342211K(29501440K), 0.0940772 secs] [Times: user=4.66 sys=0.00, real=0.09 secs] 
3371.756: [GC (Allocation Failure) [PSYoungGen: 26095042K->685729K(26355712K)] 26790659K->1381930K(29501440K), 0.1005615 secs] [Times: user=4.93 sys=0.00, real=0.10 secs] 
3377.943: [GC (Allocation Failure) [PSYoungGen: 26134177K->699952K(26355712K)] 26830378K->1396697K(29501440K), 0.0972192 secs] [Times: user=4.96 sys=0.00, real=0.10 secs] 
3384.008: [GC (Allocation Failure) [PSYoungGen: 26148400K->664743K(26355712K)] 26845145K->1362152K(29501440K), 0.0980851 secs] [Times: user=4.80 sys=0.00, real=0.10 secs] 
3390.175: [GC (Allocation Failure) [PSYoungGen: 26113191K->643817K(26355712K)] 26810600K->1341754K(29501440K), 0.0955593 secs] [Times: user=4.62 sys=0.00, real=0.10 secs] 
3396.267: [GC (Allocation Failure) [PSYoungGen: 26092265K->649144K(26355712K)] 26790202K->1347745K(29501440K), 0.0970021 secs] [Times: user=4.70 sys=0.01, real=0.09 secs] 
3402.444: [GC (Allocation Failure) [PSYoungGen: 26097592K->645438K(26355712K)] 26796193K->1344567K(29501440K), 0.0903083 secs] [Times: user=4.60 sys=0.01, real=0.10 secs] 
3408.495: [GC (Allocation Failure) [PSYoungGen: 26093886K->674566K(26355712K)] 26793015K->1374311K(29501440K), 0.0987381 secs] [Times: user=4.84 sys=0.01, real=0.09 secs] 
3414.624: [GC (Allocation Failure) [PSYoungGen: 26123014K->699082K(26355712K)] 26822759K->1399419K(29501440K), 0.1012078 secs] [Times: user=4.97 sys=0.00, real=0.11 secs] 
3420.738: [GC (Allocation Failure) [PSYoungGen: 26147530K->727626K(26355712K)] 26847867K->1428635K(29501440K), 0.0985612 secs] [Times: user=5.10 sys=0.00, real=0.10 secs] 
3426.807: [GC (Allocation Failure) [PSYoungGen: 26176074K->763215K(26355712K)] 26877083K->1464744K(29501440K), 0.1036752 secs] [Times: user=5.44 sys=0.00, real=0.10 secs] 
3432.729: [GC (Allocation Failure) [PSYoungGen: 26211663K->698077K(26355712K)] 26913192K->1400262K(29501440K), 0.1018288 secs] [Times: user=5.04 sys=0.00, real=0.10 secs] 
3438.589: [GC (Allocation Failure) [PSYoungGen: 26146525K->653059K(26355712K)] 26848710K->1355764K(29501440K), 0.0940753 secs] [Times: user=4.87 sys=0.01, real=0.09 secs] 
3444.636: [GC (Allocation Failure) [PSYoungGen: 26101507K->652371K(26355712K)] 26804212K->1355748K(29501440K), 0.0941575 secs] [Times: user=4.77 sys=0.01, real=0.09 secs] 
3450.721: [GC (Allocation Failure) [PSYoungGen: 26100819K->692308K(26355712K)] 26804196K->1396229K(29501440K), 0.0972814 secs] [Times: user=4.94 sys=0.01, real=0.10 secs] 
3456.667: [GC (Allocation Failure) [PSYoungGen: 26140756K->669300K(26355712K)] 26844677K->1373861K(29501440K), 0.0949568 secs] [Times: user=4.79 sys=0.00, real=0.09 secs] 
3462.811: [GC (Allocation Failure) [PSYoungGen: 26117748K->711094K(26355712K)] 26822309K->1416175K(29501440K), 0.0993005 secs] [Times: user=5.12 sys=0.01, real=0.10 secs] 
3468.745: [GC (Allocation Failure) [PSYoungGen: 26159542K->647086K(26355712K)] 26864623K->1352759K(29501440K), 0.0953120 secs] [Times: user=4.89 sys=0.00, real=0.09 secs] 
3474.717: [GC (Allocation Failure) [PSYoungGen: 26095534K->658670K(26355712K)] 26801207K->1364863K(29501440K), 0.0990738 secs] [Times: user=4.90 sys=0.01, real=0.10 secs] 
3480.489: [GC (Allocation Failure) [PSYoungGen: 26107118K->652531K(26355712K)] 26813311K->1359276K(29501440K), 0.0945754 secs] [Times: user=4.78 sys=0.00, real=0.09 secs] 
3486.480: [GC (Allocation Failure) [PSYoungGen: 26100979K->679532K(26355712K)] 26807724K->1386877K(29501440K), 0.0982789 secs] [Times: user=4.86 sys=0.01, real=0.10 secs] 
3492.379: [GC (Allocation Failure) [PSYoungGen: 26127980K->657303K(26355712K)] 26835325K->1365232K(29501440K), 0.0965774 secs] [Times: user=4.70 sys=0.00, real=0.10 secs] 
3498.075: [GC (Allocation Failure) [PSYoungGen: 26105751K->747920K(26355712K)] 26813680K->1456425K(29501440K), 0.1024198 secs] [Times: user=5.19 sys=0.00, real=0.10 secs] 
3504.235: [GC (Allocation Failure) [PSYoungGen: 26196368K->687239K(26355712K)] 26904873K->1396392K(29501440K), 0.1041462 secs] [Times: user=4.73 sys=0.01, real=0.10 secs] 
3510.249: [GC (Allocation Failure) [PSYoungGen: 26135687K->667129K(26355712K)] 26844840K->1377210K(29501440K), 0.0986543 secs] [Times: user=4.81 sys=0.01, real=0.10 secs] 
3516.117: [GC (Allocation Failure) [PSYoungGen: 26115577K->692857K(26355712K)] 26825658K->1403594K(29501440K), 0.0945587 secs] [Times: user=4.92 sys=0.01, real=0.09 secs] 
3521.969: [GC (Allocation Failure) [PSYoungGen: 26141305K->707771K(26355712K)] 26852042K->1419124K(29501440K), 0.0965171 secs] [Times: user=5.06 sys=0.00, real=0.10 secs] 
3527.839: [GC (Allocation Failure) [PSYoungGen: 26156219K->668910K(26355712K)] 26867572K->1380815K(29501440K), 0.0920139 secs] [Times: user=4.73 sys=0.01, real=0.09 secs] 
3533.728: [GC (Allocation Failure) [PSYoungGen: 26117358K->650254K(26355712K)] 26829263K->1362711K(29501440K), 0.0937306 secs] [Times: user=4.85 sys=0.01, real=0.09 secs] 
3539.582: [GC (Allocation Failure) [PSYoungGen: 26098702K->682752K(26355712K)] 26811159K->1395794K(29501440K), 0.1063009 secs] [Times: user=4.88 sys=0.00, real=0.11 secs] 
3545.601: [GC (Allocation Failure) [PSYoungGen: 26131200K->716682K(26355712K)] 26844242K->1430307K(29501440K), 0.0986693 secs] [Times: user=5.07 sys=0.00, real=0.10 secs] 
3551.468: [GC (Allocation Failure) [PSYoungGen: 26165130K->635822K(26355712K)] 26878755K->1349991K(29501440K), 0.0943557 secs] [Times: user=4.84 sys=0.01, real=0.09 secs] 
3557.407: [GC (Allocation Failure) [PSYoungGen: 26084270K->697689K(26355712K)] 26798439K->1412370K(29501440K), 0.0999277 secs] [Times: user=5.05 sys=0.01, real=0.10 secs] 
3563.092: [GC (Allocation Failure) [PSYoungGen: 26146137K->697863K(26355712K)] 26860818K->1413152K(29501440K), 0.1050532 secs] [Times: user=4.86 sys=0.01, real=0.11 secs] 
3568.880: [GC (Allocation Failure) [PSYoungGen: 26146311K->671992K(26355712K)] 26861600K->1387818K(29501440K), 0.0981947 secs] [Times: user=4.95 sys=0.01, real=0.10 secs] 
3574.711: [GC (Allocation Failure) [PSYoungGen: 26120440K->719571K(26355712K)] 26836266K->1435948K(29501440K), 0.0999911 secs] [Times: user=5.09 sys=0.01, real=0.10 secs] 
3580.400: [GC (Allocation Failure) [PSYoungGen: 26168019K->652467K(26355712K)] 26884396K->1369452K(29501440K), 0.0954065 secs] [Times: user=4.76 sys=0.00, real=0.10 secs] 
3586.223: [GC (Allocation Failure) [PSYoungGen: 26100915K->667065K(26355712K)] 26817900K->1384666K(29501440K), 0.0937180 secs] [Times: user=4.84 sys=0.00, real=0.10 secs] 
3592.145: [GC (Allocation Failure) [PSYoungGen: 26115513K->667848K(26355712K)] 26833114K->1385986K(29501440K), 0.0958652 secs] [Times: user=4.62 sys=0.00, real=0.09 secs] 
3598.075: [GC (Allocation Failure) [PSYoungGen: 26116296K->704549K(26355712K)] 26834434K->1423254K(29501440K), 0.0983026 secs] [Times: user=5.14 sys=0.00, real=0.10 secs] 
3603.827: [GC (Allocation Failure) [PSYoungGen: 26152997K->690403K(26355712K)] 26871702K->1409596K(29501440K), 0.0965598 secs] [Times: user=5.05 sys=0.00, real=0.09 secs] 
3609.673: [GC (Allocation Failure) [PSYoungGen: 26138851K->683609K(26355712K)] 26858044K->1403418K(29501440K), 0.1033213 secs] [Times: user=4.98 sys=0.00, real=0.11 secs] 
3615.448: [GC (Allocation Failure) [PSYoungGen: 26132057K->704411K(26355712K)] 26851866K->1424796K(29501440K), 0.0992209 secs] [Times: user=5.01 sys=0.00, real=0.10 secs] 
3621.268: [GC (Allocation Failure) [PSYoungGen: 26152859K->639758K(26355712K)] 26873244K->1360671K(29501440K), 0.0986656 secs] [Times: user=4.76 sys=0.01, real=0.10 secs] 
3627.028: [GC (Allocation Failure) [PSYoungGen: 26088206K->702152K(26355712K)] 26809119K->1423801K(29501440K), 0.0997755 secs] [Times: user=4.82 sys=0.01, real=0.10 secs] 
3632.855: [GC (Allocation Failure) [PSYoungGen: 26150600K->687607K(26355712K)] 26872249K->1409784K(29501440K), 0.0964096 secs] [Times: user=4.92 sys=0.00, real=0.09 secs] 
3638.726: [GC (Allocation Failure) [PSYoungGen: 26136055K->681331K(26355712K)] 26858232K->1404316K(29501440K), 0.0983635 secs] [Times: user=4.99 sys=0.01, real=0.10 secs] 
3644.477: [GC (Allocation Failure) [PSYoungGen: 26129779K->674512K(26355712K)] 26852764K->1398057K(29501440K), 0.0994582 secs] [Times: user=4.75 sys=0.01, real=0.10 secs] 
3649.985: [GC (Allocation Failure) [PSYoungGen: 26122960K->684457K(26355712K)] 26846505K->1408626K(29501440K), 0.0974474 secs] [Times: user=4.87 sys=0.01, real=0.10 secs] 
3655.558: [GC (Allocation Failure) [PSYoungGen: 26132905K->665449K(26355712K)] 26857074K->1390138K(29501440K), 0.0958983 secs] [Times: user=4.80 sys=0.00, real=0.09 secs] 
3661.169: [GC (Allocation Failure) [PSYoungGen: 26113897K->702248K(26355712K)] 26838586K->1427761K(29501440K), 0.0982341 secs] [Times: user=5.08 sys=0.00, real=0.10 secs] 
3666.956: [GC (Allocation Failure) [PSYoungGen: 26150696K->700054K(26355712K)] 26876209K->1426183K(29501440K), 0.0994875 secs] [Times: user=5.08 sys=0.00, real=0.10 secs] 
3672.496: [GC (Allocation Failure) [PSYoungGen: 26148502K->675722K(26355712K)] 26874631K->1403044K(29501440K), 0.0968007 secs] [Times: user=5.05 sys=0.00, real=0.09 secs] 
3678.103: [GC (Allocation Failure) [PSYoungGen: 26124170K->676814K(26355712K)] 26851492K->1404807K(29501440K), 0.0960078 secs] [Times: user=4.75 sys=0.01, real=0.10 secs] 
3683.732: [GC (Allocation Failure) [PSYoungGen: 26125262K->686003K(26355712K)] 26853255K->1414565K(29501440K), 0.0986661 secs] [Times: user=4.99 sys=0.01, real=0.10 secs] 
3689.464: [GC (Allocation Failure) [PSYoungGen: 26134451K->693915K(26355712K)] 26863013K->1423029K(29501440K), 0.0987463 secs] [Times: user=4.92 sys=0.01, real=0.10 secs] 
3695.151: [GC (Allocation Failure) [PSYoungGen: 26142363K->693305K(26355712K)] 26871477K->1422978K(29501440K), 0.0960791 secs] [Times: user=4.92 sys=0.01, real=0.10 secs] 
3700.688: [GC (Allocation Failure) [PSYoungGen: 26141753K->671321K(26355712K)] 26871426K->1401586K(29501440K), 0.0927428 secs] [Times: user=4.84 sys=0.01, real=0.09 secs] 
3706.310: [GC (Allocation Failure) [PSYoungGen: 26119769K->695024K(26355712K)] 26850034K->1425873K(29501440K), 0.1001019 secs] [Times: user=4.95 sys=0.01, real=0.10 secs] 
3711.841: [GC (Allocation Failure) [PSYoungGen: 26143472K->684557K(26355712K)] 26874321K->1415934K(29501440K), 0.1105253 secs] [Times: user=5.23 sys=0.00, real=0.11 secs] 
3717.499: [GC (Allocation Failure) [PSYoungGen: 26133005K->687010K(26355712K)] 26864382K->1418956K(29501440K), 0.0987008 secs] [Times: user=4.87 sys=0.01, real=0.10 secs] 
3723.326: [GC (Allocation Failure) [PSYoungGen: 26135301K->698329K(26355712K)] 26867246K->1430818K(29501440K), 0.1005844 secs] [Times: user=4.94 sys=0.01, real=0.10 secs] 
3728.833: [GC (Allocation Failure) [PSYoungGen: 26146777K->677240K(26355712K)] 26879266K->1410306K(29501440K), 0.1003577 secs] [Times: user=4.99 sys=0.00, real=0.10 secs] 
3734.204: [GC (Allocation Failure) [PSYoungGen: 26125688K->699000K(26355712K)] 26858754K->1432681K(29501440K), 0.0954778 secs] [Times: user=5.00 sys=0.01, real=0.10 secs] 
3739.826: [GC (Allocation Failure) [PSYoungGen: 26147448K->724329K(26355712K)] 26881129K->1458611K(29501440K), 0.1010955 secs] [Times: user=5.09 sys=0.01, real=0.10 secs] 
3745.377: [GC (Allocation Failure) [PSYoungGen: 26172777K->810017K(26355712K)] 26907059K->1544874K(29501440K), 0.1071399 secs] [Times: user=5.61 sys=0.00, real=0.10 secs] 
3750.889: [GC (Allocation Failure) [PSYoungGen: 26258465K->703160K(26355712K)] 26993322K->1438609K(29501440K), 0.1017710 secs] [Times: user=4.99 sys=0.01, real=0.10 secs] 
3756.556: [GC (Allocation Failure) [PSYoungGen: 26151608K->717341K(26355712K)] 26887057K->1453367K(29501440K), 0.1035458 secs] [Times: user=5.08 sys=0.00, real=0.10 secs] 
3762.032: [GC (Allocation Failure) [PSYoungGen: 26165789K->690686K(26355712K)] 26901815K->1427383K(29501440K), 0.1017289 secs] [Times: user=4.90 sys=0.00, real=0.10 secs] 
3767.648: [GC (Allocation Failure) [PSYoungGen: 26139134K->682888K(26355712K)] 26875831K->1420106K(29501440K), 0.1015998 secs] [Times: user=4.64 sys=0.01, real=0.10 secs] 
3773.118: [GC (Allocation Failure) [PSYoungGen: 26131336K->743777K(26355712K)] 26868554K->1481643K(29501440K), 0.1061217 secs] [Times: user=5.16 sys=0.00, real=0.10 secs] 
3778.647: [GC (Allocation Failure) [PSYoungGen: 26192225K->657294K(26355712K)] 26930091K->1395808K(29501440K), 0.0965833 secs] [Times: user=4.89 sys=0.00, real=0.09 secs] 
3784.340: [GC (Allocation Failure) [PSYoungGen: 26105742K->723924K(26355712K)] 26844256K->1462997K(29501440K), 0.1008454 secs] [Times: user=5.17 sys=0.01, real=0.10 secs] 
3789.865: [GC (Allocation Failure) [PSYoungGen: 26172372K->727176K(26355712K)] 26911445K->1466826K(29501440K), 0.1019335 secs] [Times: user=5.23 sys=0.00, real=0.10 secs] 
3795.530: [GC (Allocation Failure) [PSYoungGen: 26175624K->815820K(26355712K)] 26915274K->1555982K(29501440K), 0.1087831 secs] [Times: user=5.59 sys=0.01, real=0.11 secs] 
3801.088: [GC (Allocation Failure) [PSYoungGen: 26264268K->722960K(26355712K)] 27004430K->1463690K(29501440K), 0.1016182 secs] [Times: user=5.16 sys=0.00, real=0.10 secs] 
3806.596: [GC (Allocation Failure) [PSYoungGen: 26171408K->687571K(26355712K)] 26912138K->1428861K(29501440K), 0.0971781 secs] [Times: user=5.00 sys=0.01, real=0.09 secs] 
3812.180: [GC (Allocation Failure) [PSYoungGen: 26136019K->702417K(26355712K)] 26877309K->1444211K(29501440K), 0.1075935 secs] [Times: user=5.20 sys=0.01, real=0.11 secs] 
3817.690: [GC (Allocation Failure) [PSYoungGen: 26150865K->716185K(26355712K)] 26892659K->1459314K(29501440K), 0.1007184 secs] [Times: user=5.16 sys=0.00, real=0.10 secs] 
3822.987: [GC (Allocation Failure) [PSYoungGen: 26164633K->699175K(26355712K)] 26907762K->1442873K(29501440K), 0.0952611 secs] [Times: user=5.06 sys=0.00, real=0.09 secs] 
3828.483: [GC (Allocation Failure) [PSYoungGen: 26147623K->687049K(26355712K)] 26891321K->1431266K(29501440K), 0.0940334 secs] [Times: user=4.92 sys=0.00, real=0.10 secs] 
3833.844: [GC (Allocation Failure) [PSYoungGen: 26135497K->747067K(26355712K)] 26879714K->1491861K(29501440K), 0.1056857 secs] [Times: user=5.18 sys=0.01, real=0.11 secs] 
3839.497: [GC (Allocation Failure) [PSYoungGen: 26195515K->732854K(26355712K)] 26940309K->1478288K(29501440K), 0.1015979 secs] [Times: user=5.10 sys=0.00, real=0.10 secs] 
3844.760: [GC (Allocation Failure) [PSYoungGen: 26181302K->721365K(26355712K)] 26926736K->1467335K(29501440K), 0.1024309 secs] [Times: user=5.27 sys=0.01, real=0.10 secs] 
3850.336: [GC (Allocation Failure) [PSYoungGen: 26169813K->711382K(26355712K)] 26915783K->1457872K(29501440K), 0.1003427 secs] [Times: user=5.08 sys=0.00, real=0.10 secs] 
3855.725: [GC (Allocation Failure) [PSYoungGen: 26159830K->739359K(26355712K)] 26906320K->1486441K(29501440K), 0.1065939 secs] [Times: user=5.23 sys=0.01, real=0.10 secs] 
3861.082: [GC (Allocation Failure) [PSYoungGen: 26187807K->693470K(26355712K)] 26934889K->1441864K(29501440K), 0.0965859 secs] [Times: user=4.91 sys=0.00, real=0.10 secs] 
3866.449: [GC (Allocation Failure) [PSYoungGen: 26141918K->665268K(26355712K)] 26890312K->1414190K(29501440K), 0.0954587 secs] [Times: user=4.88 sys=0.01, real=0.10 secs] 
3871.921: [GC (Allocation Failure) [PSYoungGen: 26113716K->741709K(26355712K)] 26862638K->1491255K(29501440K), 0.0998152 secs] [Times: user=5.23 sys=0.01, real=0.10 secs] 
3877.378: [GC (Allocation Failure) [PSYoungGen: 26190157K->693779K(26355712K)] 26939703K->1443876K(29501440K), 0.0984910 secs] [Times: user=5.07 sys=0.01, real=0.10 secs] 
3883.046: [GC (Allocation Failure) [PSYoungGen: 26142227K->795738K(26355712K)] 26892324K->1546419K(29501440K), 0.1097706 secs] [Times: user=5.46 sys=0.01, real=0.11 secs] 
3888.521: [GC (Allocation Failure) [PSYoungGen: 26244186K->698082K(26355712K)] 26994867K->1449300K(29501440K), 0.0962802 secs] [Times: user=5.03 sys=0.00, real=0.10 secs] 
3893.911: [GC (Allocation Failure) [PSYoungGen: 26146530K->687683K(26355712K)] 26897748K->1439428K(29501440K), 0.1001238 secs] [Times: user=5.04 sys=0.01, real=0.10 secs] 
3899.219: [GC (Allocation Failure) [PSYoungGen: 26136095K->692716K(26355712K)] 26887840K->1445013K(29501440K), 0.1043509 secs] [Times: user=5.06 sys=0.01, real=0.10 secs] 
3904.655: [GC (Allocation Failure) [PSYoungGen: 26141164K->691410K(26355712K)] 26893461K->1444220K(29501440K), 0.0968565 secs] [Times: user=4.98 sys=0.00, real=0.10 secs] 
3910.178: [GC (Allocation Failure) [PSYoungGen: 26139858K->709440K(26355712K)] 26892668K->1462833K(29501440K), 0.0963869 secs] [Times: user=5.05 sys=0.01, real=0.10 secs] 
3915.374: [GC (Allocation Failure) [PSYoungGen: 26157888K->729702K(26355712K)] 26911281K->1483632K(29501440K), 0.1063820 secs] [Times: user=5.06 sys=0.01, real=0.11 secs] 
3920.574: [GC (Allocation Failure) [PSYoungGen: 26178150K->690986K(26355712K)] 26932080K->1445475K(29501440K), 0.0983561 secs] [Times: user=4.99 sys=0.00, real=0.10 secs] 
3925.926: [GC (Allocation Failure) [PSYoungGen: 26139434K->734193K(26355712K)] 26893923K->1489234K(29501440K), 0.1064056 secs] [Times: user=5.19 sys=0.01, real=0.10 secs] 
3930.972: [GC (Allocation Failure) [PSYoungGen: 26182641K->697656K(26355712K)] 26937682K->1453266K(29501440K), 0.1046940 secs] [Times: user=5.09 sys=0.01, real=0.11 secs] 
3936.262: [GC (Allocation Failure) [PSYoungGen: 26146104K->676199K(26355712K)] 26901714K->1432336K(29501440K), 0.0958448 secs] [Times: user=4.85 sys=0.00, real=0.10 secs] 
3941.740: [GC (Allocation Failure) [PSYoungGen: 26124647K->702648K(26355712K)] 26880784K->1459346K(29501440K), 0.1018190 secs] [Times: user=5.12 sys=0.00, real=0.10 secs] 
3947.129: [GC (Allocation Failure) [PSYoungGen: 26151096K->723937K(26355712K)] 26907794K->1481243K(29501440K), 0.1026896 secs] [Times: user=5.18 sys=0.01, real=0.10 secs] 
3952.363: [GC (Allocation Failure) [PSYoungGen: 26172385K->688387K(26355712K)] 26929691K->1446204K(29501440K), 0.0958786 secs] [Times: user=5.02 sys=0.00, real=0.10 secs] 
3957.622: [GC (Allocation Failure) [PSYoungGen: 26136835K->680721K(26355712K)] 26894652K->1439218K(29501440K), 0.0970577 secs] [Times: user=5.02 sys=0.01, real=0.10 secs] 
3963.103: [GC (Allocation Failure) [PSYoungGen: 26129169K->807205K(26355712K)] 26887666K->1566207K(29501440K), 0.1092763 secs] [Times: user=5.63 sys=0.00, real=0.11 secs] 
3968.392: [GC (Allocation Failure) [PSYoungGen: 26255653K->707698K(26355712K)] 27014655K->1467275K(29501440K), 0.0994581 secs] [Times: user=5.01 sys=0.01, real=0.10 secs] 
3973.697: [GC (Allocation Failure) [PSYoungGen: 26156146K->665218K(26355712K)] 26915723K->1425299K(29501440K), 0.0973046 secs] [Times: user=5.05 sys=0.01, real=0.09 secs] 
3978.964: [GC (Allocation Failure) [PSYoungGen: 26113666K->731124K(26355712K)] 26873747K->1491741K(29501440K), 0.1043898 secs] [Times: user=5.21 sys=0.00, real=0.11 secs] 
3984.189: [GC (Allocation Failure) [PSYoungGen: 26179572K->683980K(26355712K)] 26940189K->1445134K(29501440K), 0.0938686 secs] [Times: user=4.89 sys=0.00, real=0.09 secs] 
3989.424: [GC (Allocation Failure) [PSYoungGen: 26132428K->701181K(26355712K)] 26893582K->1462918K(29501440K), 0.1014100 secs] [Times: user=5.05 sys=0.01, real=0.11 secs] 
3994.627: [GC (Allocation Failure) [PSYoungGen: 26149629K->726301K(26355712K)] 26911366K->1488606K(29501440K), 0.1004226 secs] [Times: user=5.24 sys=0.01, real=0.10 secs] 
3999.735: [GC (Allocation Failure) [PSYoungGen: 26174749K->758391K(26355712K)] 26937054K->1521216K(29501440K), 0.1024653 secs] [Times: user=5.35 sys=0.00, real=0.11 secs] 
4004.801: [GC (Allocation Failure) [PSYoungGen: 26206839K->682619K(26355712K)] 26969664K->1446061K(29501440K), 0.0972235 secs] [Times: user=5.02 sys=0.02, real=0.10 secs] 
4010.223: [GC (Allocation Failure) [PSYoungGen: 26131067K->761203K(26355712K)] 26894509K->1525196K(29501440K), 0.1068115 secs] [Times: user=5.21 sys=0.00, real=0.11 secs] 
4015.319: [GC (Allocation Failure) [PSYoungGen: 26209651K->681965K(26355712K)] 26973644K->1446486K(29501440K), 0.0992743 secs] [Times: user=4.99 sys=0.01, real=0.10 secs] 
4020.533: [GC (Allocation Failure) [PSYoungGen: 26130413K->669507K(26355712K)] 26894934K->1434709K(29501440K), 0.0991449 secs] [Times: user=4.66 sys=0.00, real=0.10 secs] 
4025.704: [GC (Allocation Failure) [PSYoungGen: 26117955K->714519K(26355712K)] 26883157K->1480289K(29501440K), 0.1004099 secs] [Times: user=5.06 sys=0.00, real=0.10 secs] 
4030.934: [GC (Allocation Failure) [PSYoungGen: 26162967K->803974K(26355712K)] 26928737K->1570319K(29501440K), 0.1085201 secs] [Times: user=5.43 sys=0.02, real=0.11 secs] 
4036.223: [GC (Allocation Failure) [PSYoungGen: 26252422K->687386K(26355712K)] 27018767K->1454308K(29501440K), 0.1035806 secs] [Times: user=4.84 sys=0.02, real=0.11 secs] 
4041.396: [GC (Allocation Failure) [PSYoungGen: 26135834K->665668K(26355712K)] 26902756K->1433205K(29501440K), 0.0966558 secs] [Times: user=4.96 sys=0.01, real=0.09 secs] 
4046.663: [GC (Allocation Failure) [PSYoungGen: 26114116K->704554K(26355712K)] 26881653K->1472667K(29501440K), 0.1026702 secs] [Times: user=5.23 sys=0.01, real=0.11 secs] 
4051.886: [GC (Allocation Failure) [PSYoungGen: 26153002K->754933K(26355712K)] 26921115K->1523727K(29501440K), 0.1077257 secs] [Times: user=5.28 sys=0.00, real=0.10 secs] 
4056.984: [GC (Allocation Failure) [PSYoungGen: 26203381K->708299K(26355712K)] 26972175K->1477741K(29501440K), 0.0976878 secs] [Times: user=5.08 sys=0.01, real=0.10 secs] 
4062.156: [GC (Allocation Failure) [PSYoungGen: 26156747K->676679K(26355712K)] 26926189K->1446673K(29501440K), 0.0971894 secs] [Times: user=4.92 sys=0.01, real=0.09 secs] 
4067.183: [GC (Allocation Failure) [PSYoungGen: 26125127K->688366K(26355712K)] 26895121K->1459039K(29501440K), 0.0969637 secs] [Times: user=4.97 sys=0.01, real=0.10 secs] 
4072.349: [GC (Allocation Failure) [PSYoungGen: 26136814K->682878K(26355712K)] 26907487K->1454095K(29501440K), 0.0953261 secs] [Times: user=5.09 sys=0.00, real=0.09 secs] 
4077.383: [GC (Allocation Failure) [PSYoungGen: 26131326K->705193K(26355712K)] 26902543K->1476938K(29501440K), 0.0989620 secs] [Times: user=5.10 sys=0.00, real=0.10 secs] 
4082.651: [GC (Allocation Failure) [PSYoungGen: 26153641K->750612K(26355712K)] 26925386K->1522949K(29501440K), 0.1074772 secs] [Times: user=5.28 sys=0.00, real=0.11 secs] 
4087.796: [GC (Allocation Failure) [PSYoungGen: 26199060K->758903K(26355712K)] 26971397K->1531944K(29501440K), 0.1040130 secs] [Times: user=5.19 sys=0.00, real=0.10 secs] 
4092.889: [GC (Allocation Failure) [PSYoungGen: 26207351K->660334K(26355712K)] 26980392K->1433983K(29501440K), 0.0961742 secs] [Times: user=4.88 sys=0.01, real=0.10 secs] 
4098.043: [GC (Allocation Failure) [PSYoungGen: 26108782K->751876K(26355712K)] 26882431K->1526086K(29501440K), 0.1064922 secs] [Times: user=5.29 sys=0.00, real=0.11 secs] 
4103.242: [GC (Allocation Failure) [PSYoungGen: 26200324K->716178K(26355712K)] 26974534K->1490947K(29501440K), 0.1003087 secs] [Times: user=5.31 sys=0.00, real=0.10 secs] 
4108.426: [GC (Allocation Failure) [PSYoungGen: 26164626K->689613K(26355712K)] 26939395K->1464991K(29501440K), 0.1012271 secs] [Times: user=4.88 sys=0.01, real=0.10 secs] 
4113.459: [GC (Allocation Failure) [PSYoungGen: 26138061K->732385K(26355712K)] 26913439K->1508339K(29501440K), 0.1020403 secs] [Times: user=5.18 sys=0.01, real=0.10 secs] 
4118.569: [GC (Allocation Failure) [PSYoungGen: 26180833K->668259K(26355712K)] 26956787K->1444820K(29501440K), 0.0964716 secs] [Times: user=4.96 sys=0.01, real=0.10 secs] 
4123.611: [GC (Allocation Failure) [PSYoungGen: 26116707K->743046K(26355712K)] 26893268K->1520160K(29501440K), 0.1012154 secs] [Times: user=5.25 sys=0.01, real=0.10 secs] 
4128.708: [GC (Allocation Failure) [PSYoungGen: 26191494K->778037K(26355712K)] 26968608K->1555670K(29501440K), 0.1079731 secs] [Times: user=5.57 sys=0.00, real=0.11 secs] 
4133.861: [GC (Allocation Failure) [PSYoungGen: 26226485K->765221K(26355712K)] 27004118K->1543374K(29501440K), 0.1043890 secs] [Times: user=5.32 sys=0.00, real=0.11 secs] 
4138.724: [GC (Allocation Failure) [PSYoungGen: 26213669K->718451K(26355712K)] 26991822K->1497220K(29501440K), 0.1020893 secs] [Times: user=4.99 sys=0.01, real=0.11 secs] 
4143.839: [GC (Allocation Failure) [PSYoungGen: 26166899K->707752K(26355712K)] 26945668K->1487041K(29501440K), 0.0992454 secs] [Times: user=5.03 sys=0.01, real=0.10 secs] 
4148.930: [GC (Allocation Failure) [PSYoungGen: 26156200K->807467K(26355712K)] 26935489K->1587317K(29501440K), 0.1076681 secs] [Times: user=5.61 sys=0.01, real=0.11 secs] 
4153.742: [GC (Allocation Failure) [PSYoungGen: 26255915K->690643K(26355712K)] 27035765K->1471052K(29501440K), 0.0991464 secs] [Times: user=5.06 sys=0.01, real=0.10 secs] 
4158.833: [GC (Allocation Failure) [PSYoungGen: 26139091K->738541K(26355712K)] 26919500K->1519543K(29501440K), 0.1020102 secs] [Times: user=5.25 sys=0.00, real=0.11 secs] 
4163.760: [GC (Allocation Failure) [PSYoungGen: 26186989K->784159K(26355712K)] 26967991K->1565745K(29501440K), 0.1076353 secs] [Times: user=5.48 sys=0.01, real=0.11 secs] 
4168.839: [GC (Allocation Failure) [PSYoungGen: 26232607K->704866K(26355712K)] 27014193K->1487020K(29501440K), 0.0990343 secs] [Times: user=4.90 sys=0.01, real=0.10 secs] 
4173.990: [GC (Allocation Failure) [PSYoungGen: 26153314K->783056K(26355712K)] 26935468K->1565786K(29501440K), 0.1035068 secs] [Times: user=5.22 sys=0.01, real=0.10 secs] 
4178.720: [GC (Allocation Failure) [PSYoungGen: 26231504K->751149K(26355712K)] 27014234K->1534662K(29501440K), 0.1105545 secs] [Times: user=5.21 sys=0.01, real=0.11 secs] 
4183.853: [GC (Allocation Failure) [PSYoungGen: 26199597K->780643K(26355712K)] 26983110K->1564644K(29501440K), 0.1111769 secs] [Times: user=5.44 sys=0.01, real=0.11 secs] 
4188.852: [GC (Allocation Failure) [PSYoungGen: 26229091K->831534K(26355712K)] 27013092K->1616112K(29501440K), 0.1092621 secs] [Times: user=5.63 sys=0.00, real=0.11 secs] 
4193.716: [GC (Allocation Failure) [PSYoungGen: 26279982K->674579K(26355712K)] 27064560K->1459996K(29501440K), 0.0975383 secs] [Times: user=4.87 sys=0.01, real=0.09 secs] 
4198.869: [GC (Allocation Failure) [PSYoungGen: 26123027K->681198K(26355712K)] 26908444K->1467136K(29501440K), 0.0999456 secs] [Times: user=4.92 sys=0.00, real=0.10 secs] 
4203.921: [GC (Allocation Failure) [PSYoungGen: 26129646K->739226K(26355712K)] 26915584K->1525779K(29501440K), 0.1003081 secs] [Times: user=5.15 sys=0.00, real=0.10 secs] 
4208.652: [GC (Allocation Failure) [PSYoungGen: 26187674K->724315K(26355712K)] 26974227K->1511693K(29501440K), 0.1039383 secs] [Times: user=5.20 sys=0.01, real=0.11 secs] 
4213.528: [GC (Allocation Failure) [PSYoungGen: 26172763K->804862K(26355712K)] 26960141K->1592856K(29501440K), 0.1095888 secs] [Times: user=5.61 sys=0.01, real=0.11 secs] 
4218.414: [GC (Allocation Failure) [PSYoungGen: 26253310K->756523K(26355712K)] 27041304K->1545052K(29501440K), 0.1024942 secs] [Times: user=5.36 sys=0.02, real=0.11 secs] 
4223.237: [GC (Allocation Failure) [PSYoungGen: 26204971K->735962K(26355712K)] 26993500K->1525107K(29501440K), 0.1061148 secs] [Times: user=5.22 sys=0.01, real=0.10 secs] 
4228.301: [GC (Allocation Failure) [PSYoungGen: 26184410K->769920K(26355712K)] 26973555K->1559601K(29501440K), 0.1059914 secs] [Times: user=5.38 sys=0.01, real=0.11 secs] 
4233.156: [GC (Allocation Failure) [PSYoungGen: 26218368K->672587K(26355712K)] 27008049K->1462877K(29501440K), 0.0966242 secs] [Times: user=5.02 sys=0.00, real=0.09 secs] 
4238.244: [GC (Allocation Failure) [PSYoungGen: 26121035K->808658K(26355712K)] 26911325K->1599492K(29501440K), 0.1094017 secs] [Times: user=5.60 sys=0.00, real=0.11 secs] 
4243.123: [GC (Allocation Failure) [PSYoungGen: 26257106K->751964K(26355712K)] 27047940K->1543357K(29501440K), 0.1024947 secs] [Times: user=5.26 sys=0.01, real=0.11 secs] 
4248.048: [GC (Allocation Failure) [PSYoungGen: 26200412K->737229K(26355712K)] 26991805K->1529159K(29501440K), 0.0993234 secs] [Times: user=5.21 sys=0.00, real=0.10 secs] 
4252.972: [GC (Allocation Failure) [PSYoungGen: 26185677K->774203K(26355712K)] 26977607K->1566709K(29501440K), 0.1070524 secs] [Times: user=5.46 sys=0.01, real=0.11 secs] 
4257.904: [GC (Allocation Failure) [PSYoungGen: 26222651K->704229K(26355712K)] 27015157K->1497334K(29501440K), 0.1005104 secs] [Times: user=5.06 sys=0.00, real=0.11 secs] 
4262.760: [GC (Allocation Failure) [PSYoungGen: 26152677K->721003K(26355712K)] 26945782K->1514660K(29501440K), 0.1011784 secs] [Times: user=5.19 sys=0.01, real=0.10 secs] 
4267.858: [GC (Allocation Failure) [PSYoungGen: 26169451K->681491K(26355712K)] 26963108K->1475685K(29501440K), 0.0961483 secs] [Times: user=4.90 sys=0.01, real=0.09 secs] 
4272.705: [GC (Allocation Failure) [PSYoungGen: 26129939K->730136K(26355712K)] 26924133K->1524937K(29501440K), 0.1039565 secs] [Times: user=5.16 sys=0.00, real=0.10 secs] 
4277.617: [GC (Allocation Failure) [PSYoungGen: 26178584K->696451K(26355712K)] 26973385K->1491781K(29501440K), 0.0985127 secs] [Times: user=5.10 sys=0.01, real=0.10 secs] 
4282.470: [GC (Allocation Failure) [PSYoungGen: 26144899K->682196K(26355712K)] 26940229K->1478045K(29501440K), 0.0975246 secs] [Times: user=4.78 sys=0.01, real=0.10 secs] 
4287.111: [GC (Allocation Failure) [PSYoungGen: 26130644K->747205K(26355712K)] 26926493K->1543622K(29501440K), 0.1040569 secs] [Times: user=5.30 sys=0.00, real=0.10 secs] 
4291.902: [GC (Allocation Failure) [PSYoungGen: 26195653K->725020K(26355712K)] 26992070K->1522037K(29501440K), 0.1029024 secs] [Times: user=5.04 sys=0.00, real=0.11 secs] 
4296.885: [GC (Allocation Failure) [PSYoungGen: 26173468K->777702K(26355712K)] 26970485K->1575312K(29501440K), 0.1048110 secs] [Times: user=5.36 sys=0.01, real=0.10 secs] 
4301.696: [GC (Allocation Failure) [PSYoungGen: 26226150K->839404K(26355712K)] 27023760K->1637565K(29501440K), 0.1111977 secs] [Times: user=5.81 sys=0.00, real=0.11 secs] 
4306.553: [GC (Allocation Failure) [PSYoungGen: 26287852K->745289K(26355712K)] 27086013K->1544050K(29501440K), 0.1056618 secs] [Times: user=5.29 sys=0.01, real=0.11 secs] 
4311.226: [GC (Allocation Failure) [PSYoungGen: 26193737K->683878K(26355712K)] 26992498K->1483208K(29501440K), 0.0983213 secs] [Times: user=4.85 sys=0.01, real=0.09 secs] 
4316.253: [GC (Allocation Failure) [PSYoungGen: 26132326K->747003K(26355712K)] 26931656K->1546901K(29501440K), 0.1017079 secs] [Times: user=5.30 sys=0.00, real=0.10 secs] 
4320.965: [GC (Allocation Failure) [PSYoungGen: 26195451K->749272K(26355712K)] 26995349K->1549714K(29501440K), 0.1039559 secs] [Times: user=5.17 sys=0.01, real=0.10 secs] 
4325.819: [GC (Allocation Failure) [PSYoungGen: 26197720K->791507K(26355712K)] 26998162K->1592589K(29501440K), 0.1066932 secs] [Times: user=5.53 sys=0.01, real=0.11 secs] 
4330.689: [GC (Allocation Failure) [PSYoungGen: 26239955K->714958K(26355712K)] 27041037K->1516560K(29501440K), 0.1028568 secs] [Times: user=5.16 sys=0.02, real=0.10 secs] 
4335.485: [GC (Allocation Failure) [PSYoungGen: 26163406K->713578K(26355712K)] 26965008K->1515756K(29501440K), 0.0997214 secs] [Times: user=5.05 sys=0.00, real=0.10 secs] 
4340.395: [GC (Allocation Failure) [PSYoungGen: 26162026K->699379K(26355712K)] 26964204K->1502124K(29501440K), 0.0952579 secs] [Times: user=5.08 sys=0.01, real=0.10 secs] 
4345.246: [GC (Allocation Failure) [PSYoungGen: 26147827K->743341K(26355712K)] 26950572K->1546615K(29501440K), 0.1010162 secs] [Times: user=5.16 sys=0.01, real=0.10 secs] 
4350.431: [GC (Allocation Failure) [PSYoungGen: 26191789K->791547K(26355712K)] 26995063K->1595413K(29501440K), 0.1049693 secs] [Times: user=5.52 sys=0.00, real=0.11 secs] 
4355.223: [GC (Allocation Failure) [PSYoungGen: 26239995K->745173K(26355712K)] 27043861K->1549599K(29501440K), 0.1014003 secs] [Times: user=5.23 sys=0.01, real=0.10 secs] 
4359.925: [GC (Allocation Failure) [PSYoungGen: 26193621K->743623K(26355712K)] 26998047K->1548568K(29501440K), 0.1069491 secs] [Times: user=5.18 sys=0.01, real=0.11 secs] 
4364.725: [GC (Allocation Failure) [PSYoungGen: 26192071K->777844K(26355712K)] 26997016K->1583397K(29501440K), 0.1089383 secs] [Times: user=5.33 sys=0.01, real=0.10 secs] 
4369.511: [GC (Allocation Failure) [PSYoungGen: 26226292K->822748K(26355712K)] 27031845K->1628878K(29501440K), 0.1099179 secs] [Times: user=5.78 sys=0.00, real=0.11 secs] 
4374.237: [GC (Allocation Failure) [PSYoungGen: 26271196K->697605K(26355712K)] 27077326K->1504319K(29501440K), 0.1002926 secs] [Times: user=5.13 sys=0.01, real=0.10 secs] 
4379.011: [GC (Allocation Failure) [PSYoungGen: 26146053K->738964K(26355712K)] 26952767K->1546214K(29501440K), 0.1000267 secs] [Times: user=5.29 sys=0.00, real=0.10 secs] 
4383.910: [GC (Allocation Failure) [PSYoungGen: 26187412K->766051K(26355712K)] 26994662K->1573892K(29501440K), 0.1059037 secs] [Times: user=5.26 sys=0.01, real=0.11 secs] 
4388.612: [GC (Allocation Failure) [PSYoungGen: 26214499K->767059K(26355712K)] 27022340K->1575468K(29501440K), 0.1091732 secs] [Times: user=5.37 sys=0.01, real=0.11 secs] 
4393.331: [GC (Allocation Failure) [PSYoungGen: 26215507K->678157K(26355712K)] 27023916K->1487087K(29501440K), 0.0971611 secs] [Times: user=5.04 sys=0.01, real=0.10 secs] 
4398.151: [GC (Allocation Failure) [PSYoungGen: 26126605K->701897K(26355712K)] 26935535K->1511378K(29501440K), 0.1032503 secs] [Times: user=5.13 sys=0.01, real=0.10 secs] 
4402.934: [GC (Allocation Failure) [PSYoungGen: 26150345K->786268K(26355712K)] 26959826K->1596478K(29501440K), 0.1066942 secs] [Times: user=5.64 sys=0.00, real=0.11 secs] 
4407.621: [GC (Allocation Failure) [PSYoungGen: 26234716K->737852K(26355712K)] 27044926K->1548629K(29501440K), 0.1004600 secs] [Times: user=5.19 sys=0.01, real=0.10 secs] 
4412.300: [GC (Allocation Failure) [PSYoungGen: 26186300K->707368K(26355712K)] 26997077K->1518697K(29501440K), 0.1001058 secs] [Times: user=5.18 sys=0.01, real=0.10 secs] 
4417.067: [GC (Allocation Failure) [PSYoungGen: 26155816K->718960K(26355712K)] 26967145K->1530882K(29501440K), 0.1019394 secs] [Times: user=5.18 sys=0.01, real=0.10 secs] 
4421.837: [GC (Allocation Failure) [PSYoungGen: 26167408K->748775K(26355712K)] 26979330K->1561217K(29501440K), 0.1071642 secs] [Times: user=5.23 sys=0.00, real=0.10 secs] 
4426.463: [GC (Allocation Failure) [PSYoungGen: 26197223K->704425K(26355712K)] 27009665K->1517483K(29501440K), 0.0987629 secs] [Times: user=5.03 sys=0.01, real=0.10 secs] 
4431.195: [GC (Allocation Failure) [PSYoungGen: 26152873K->795579K(26355712K)] 26965931K->1609180K(29501440K), 0.1089838 secs] [Times: user=5.51 sys=0.00, real=0.11 secs] 
4435.978: [GC (Allocation Failure) [PSYoungGen: 26244027K->705091K(26355712K)] 27057628K->1519244K(29501440K), 0.1044106 secs] [Times: user=5.09 sys=0.00, real=0.10 secs] 
4440.548: [GC (Allocation Failure) [PSYoungGen: 26153539K->728621K(26355712K)] 26967692K->1543415K(29501440K), 0.1066067 secs] [Times: user=5.20 sys=0.00, real=0.11 secs] 
4445.247: [GC (Allocation Failure) [PSYoungGen: 26177069K->827396K(26355712K)] 26991863K->1642742K(29501440K), 0.1109692 secs] [Times: user=5.79 sys=0.00, real=0.11 secs] 
4449.834: [GC (Allocation Failure) [PSYoungGen: 26275844K->719004K(26355712K)] 27091190K->1534909K(29501440K), 0.1019993 secs] [Times: user=5.05 sys=0.01, real=0.11 secs] 
4454.483: [GC (Allocation Failure) [PSYoungGen: 26167452K->757498K(26355712K)] 26983357K->1574068K(29501440K), 0.1029614 secs] [Times: user=5.33 sys=0.01, real=0.11 secs] 
4459.198: [GC (Allocation Failure) [PSYoungGen: 26205946K->907247K(26355712K)] 27022516K->1748713K(29501440K), 0.1236320 secs] [Times: user=6.51 sys=0.00, real=0.12 secs] 
4463.813: [GC (Allocation Failure) [PSYoungGen: 26355695K->718995K(26355712K)] 27197161K->1561021K(29501440K), 0.0981211 secs] [Times: user=5.03 sys=0.01, real=0.10 secs] 
4468.514: [GC (Allocation Failure) [PSYoungGen: 26167443K->737400K(26355712K)] 27009469K->1579986K(29501440K), 0.1017891 secs] [Times: user=5.17 sys=0.01, real=0.11 secs] 
4473.194: [GC (Allocation Failure) [PSYoungGen: 26185848K->865359K(26355712K)] 27028434K->1708465K(29501440K), 0.1165756 secs] [Times: user=5.88 sys=0.01, real=0.12 secs] 
4477.861: [GC (Allocation Failure) [PSYoungGen: 26313807K->759157K(26355712K)] 27156913K->1602878K(29501440K), 0.1050877 secs] [Times: user=5.15 sys=0.01, real=0.11 secs] 
4482.518: [GC (Allocation Failure) [PSYoungGen: 26207605K->746311K(26355712K)] 27051326K->1590568K(29501440K), 0.1035575 secs] [Times: user=5.03 sys=0.00, real=0.10 secs] 
4487.208: [GC (Allocation Failure) [PSYoungGen: 26194759K->810705K(26355712K)] 27039016K->1655515K(29501440K), 0.1126537 secs] [Times: user=5.65 sys=0.01, real=0.11 secs] 
4491.900: [GC (Allocation Failure) [PSYoungGen: 26259153K->722539K(26355712K)] 27103963K->1567893K(29501440K), 0.1006824 secs] [Times: user=5.17 sys=0.00, real=0.10 secs] 
4496.917: [GC (Allocation Failure) [PSYoungGen: 26170987K->807733K(26355712K)] 27016341K->1653646K(29501440K), 0.1088595 secs] [Times: user=5.55 sys=0.01, real=0.11 secs] 
4501.644: [GC (Allocation Failure) [PSYoungGen: 26256181K->725587K(26355712K)] 27102094K->1572260K(29501440K), 0.1064715 secs] [Times: user=5.24 sys=0.01, real=0.11 secs] 
4506.430: [GC (Allocation Failure) [PSYoungGen: 26174035K->782702K(26355712K)] 27020708K->1629928K(29501440K), 0.1036026 secs] [Times: user=5.50 sys=0.00, real=0.10 secs] 
4510.962: [GC (Allocation Failure) [PSYoungGen: 26231150K->768654K(26355712K)] 27078376K->1616480K(29501440K), 0.1049563 secs] [Times: user=5.12 sys=0.02, real=0.11 secs] 
4515.494: [GC (Allocation Failure) [PSYoungGen: 26217102K->724640K(26355712K)] 27064928K->1573065K(29501440K), 0.0999223 secs] [Times: user=5.26 sys=0.00, real=0.10 secs] 
4520.236: [GC (Allocation Failure) [PSYoungGen: 26173088K->782711K(26355712K)] 27021513K->1631617K(29501440K), 0.1084987 secs] [Times: user=5.52 sys=0.01, real=0.11 secs] 
4524.705: [GC (Allocation Failure) [PSYoungGen: 26231159K->727440K(26355712K)] 27080065K->1576938K(29501440K), 0.1051276 secs] [Times: user=5.13 sys=0.01, real=0.11 secs] 
4529.331: [GC (Allocation Failure) [PSYoungGen: 26175888K->719823K(26355712K)] 27025386K->1570289K(29501440K), 0.1083818 secs] [Times: user=5.07 sys=0.01, real=0.11 secs] 
4533.902: [GC (Allocation Failure) [PSYoungGen: 26168271K->800397K(26355712K)] 27018737K->1651383K(29501440K), 0.1102287 secs] [Times: user=5.54 sys=0.01, real=0.11 secs] 
4538.554: [GC (Allocation Failure) [PSYoungGen: 26248845K->732931K(26355712K)] 27099831K->1584452K(29501440K), 0.1029630 secs] [Times: user=5.21 sys=0.00, real=0.11 secs] 
4543.209: [GC (Allocation Failure) [PSYoungGen: 26181379K->772930K(26355712K)] 27032900K->1625035K(29501440K), 0.1050403 secs] [Times: user=5.38 sys=0.00, real=0.10 secs] 
4547.678: [GC (Allocation Failure) [PSYoungGen: 26221378K->799788K(26355712K)] 27073483K->1652789K(29501440K), 0.1128005 secs] [Times: user=5.60 sys=0.01, real=0.11 secs] 
4552.371: [GC (Allocation Failure) [PSYoungGen: 26248236K->693848K(26355712K)] 27101237K->1547450K(29501440K), 0.0991161 secs] [Times: user=4.92 sys=0.00, real=0.10 secs] 
4556.981: [GC (Allocation Failure) [PSYoungGen: 26142296K->759524K(26355712K)] 26995898K->1613678K(29501440K), 0.1406449 secs] [Times: user=6.80 sys=0.01, real=0.14 secs] 
4561.534: [GC (Allocation Failure) [PSYoungGen: 26207972K->769234K(26355712K)] 27062126K->1623963K(29501440K), 0.1047483 secs] [Times: user=5.38 sys=0.00, real=0.11 secs] 
4566.176: [GC (Allocation Failure) [PSYoungGen: 26217682K->732616K(26355712K)] 27072411K->1587889K(29501440K), 0.1009219 secs] [Times: user=5.21 sys=0.01, real=0.10 secs] 
4570.777: [GC (Allocation Failure) [PSYoungGen: 26181064K->777434K(26355712K)] 27036337K->1633308K(29501440K), 0.1081751 secs] [Times: user=5.50 sys=0.01, real=0.11 secs] 
4575.394: [GC (Allocation Failure) [PSYoungGen: 26225882K->838736K(26355712K)] 27081756K->1695202K(29501440K), 0.1185300 secs] [Times: user=5.67 sys=0.01, real=0.12 secs] 
4580.111: [GC (Allocation Failure) [PSYoungGen: 26287184K->816246K(26355712K)] 27143650K->1673232K(29501440K), 0.1135326 secs] [Times: user=5.75 sys=0.01, real=0.11 secs] 
4584.577: [GC (Allocation Failure) [PSYoungGen: 26264694K->746530K(26355712K)] 27121680K->1604260K(29501440K), 0.1036275 secs] [Times: user=5.29 sys=0.01, real=0.10 secs] 
4589.017: [GC (Allocation Failure) [PSYoungGen: 26194978K->804126K(26355712K)] 27052708K->1662432K(29501440K), 0.1116204 secs] [Times: user=5.53 sys=0.01, real=0.11 secs] 
4593.516: [GC (Allocation Failure) [PSYoungGen: 26252574K->757218K(26355712K)] 27110880K->1616180K(29501440K), 0.1056361 secs] [Times: user=5.43 sys=0.01, real=0.10 secs] 
4597.954: [GC (Allocation Failure) [PSYoungGen: 26205666K->762337K(26355712K)] 27064628K->1621875K(29501440K), 0.1039056 secs] [Times: user=5.38 sys=0.00, real=0.11 secs] 
4602.480: [GC (Allocation Failure) [PSYoungGen: 26210785K->752356K(26355712K)] 27070323K->1612406K(29501440K), 0.1041728 secs] [Times: user=5.33 sys=0.01, real=0.10 secs] 
4607.059: [GC (Allocation Failure) [PSYoungGen: 26200804K->774783K(26355712K)] 27060854K->1635577K(29501440K), 0.1044081 secs] [Times: user=5.31 sys=0.00, real=0.10 secs] 
4611.648: [GC (Allocation Failure) [PSYoungGen: 26223231K->775195K(26355712K)] 27084025K->1636532K(29501440K), 0.1071765 secs] [Times: user=5.52 sys=0.01, real=0.11 secs] 
4616.239: [GC (Allocation Failure) [PSYoungGen: 26223643K->779702K(26355712K)] 27084980K->1641583K(29501440K), 0.1093334 secs] [Times: user=5.30 sys=0.00, real=0.11 secs] 
4620.715: [GC (Allocation Failure) [PSYoungGen: 26228150K->724819K(26355712K)] 27090031K->1587284K(29501440K), 0.1070869 secs] [Times: user=4.90 sys=0.00, real=0.10 secs] 
4625.289: [GC (Allocation Failure) [PSYoungGen: 26173267K->760368K(26355712K)] 27035732K->1623370K(29501440K), 0.1037776 secs] [Times: user=5.35 sys=0.00, real=0.10 secs] 
4629.747: [GC (Allocation Failure) [PSYoungGen: 26208816K->775585K(26355712K)] 27071818K->1639122K(29501440K), 0.1058074 secs] [Times: user=5.33 sys=0.01, real=0.10 secs] 
4634.085: [GC (Allocation Failure) [PSYoungGen: 26224033K->795962K(26355712K)] 27087570K->1660164K(29501440K), 0.1102798 secs] [Times: user=5.45 sys=0.00, real=0.11 secs] 
4638.576: [GC (Allocation Failure) [PSYoungGen: 26244410K->744195K(26355712K)] 27108612K->1608957K(29501440K), 0.1025295 secs] [Times: user=5.33 sys=0.01, real=0.10 secs] 
4643.120: [GC (Allocation Failure) [PSYoungGen: 26192643K->757532K(26355712K)] 27057405K->1622862K(29501440K), 0.1048157 secs] [Times: user=5.30 sys=0.01, real=0.11 secs] 
4647.672: [GC (Allocation Failure) [PSYoungGen: 26205980K->758022K(26355712K)] 27071310K->1624255K(29501440K), 0.1052988 secs] [Times: user=5.08 sys=0.01, real=0.11 secs] 
4652.236: [GC (Allocation Failure) [PSYoungGen: 26206470K->732287K(26355712K)] 27072703K->1599112K(29501440K), 0.0990944 secs] [Times: user=5.13 sys=0.01, real=0.10 secs] 
4656.547: [GC (Allocation Failure) [PSYoungGen: 26180735K->734528K(26355712K)] 27047560K->1601874K(29501440K), 0.1037634 secs] [Times: user=5.17 sys=0.00, real=0.10 secs] 
4661.131: [GC (Allocation Failure) [PSYoungGen: 26182976K->753755K(26355712K)] 27050322K->1621716K(29501440K), 0.1056375 secs] [Times: user=5.29 sys=0.00, real=0.11 secs] 
4665.530: [GC (Allocation Failure) [PSYoungGen: 26202203K->705319K(26355712K)] 27070164K->1574121K(29501440K), 0.1018857 secs] [Times: user=5.02 sys=0.01, real=0.10 secs] 
4670.100: [GC (Allocation Failure) [PSYoungGen: 26153767K->729134K(26355712K)] 27022569K->1598520K(29501440K), 0.1050821 secs] [Times: user=5.10 sys=0.00, real=0.11 secs] 
4674.556: [GC (Allocation Failure) [PSYoungGen: 26177582K->773290K(26355712K)] 27046968K->1643227K(29501440K), 0.1104274 secs] [Times: user=5.52 sys=0.00, real=0.11 secs] 
4679.013: [GC (Allocation Failure) [PSYoungGen: 26221738K->811906K(26355712K)] 27091675K->1682595K(29501440K), 0.1124919 secs] [Times: user=5.51 sys=0.00, real=0.12 secs] 
4683.490: [GC (Allocation Failure) [PSYoungGen: 26260354K->753405K(26355712K)] 27131043K->1624679K(29501440K), 0.1028941 secs] [Times: user=5.29 sys=0.00, real=0.10 secs] 
4687.953: [GC (Allocation Failure) [PSYoungGen: 26201853K->757073K(26355712K)] 27073127K->1628971K(29501440K), 0.1038888 secs] [Times: user=5.05 sys=0.01, real=0.11 secs] 
4692.413: [GC (Allocation Failure) [PSYoungGen: 26205521K->845902K(26355712K)] 27077419K->1718392K(29501440K), 0.1145478 secs] [Times: user=5.88 sys=0.00, real=0.12 secs] 
4696.653: [GC (Allocation Failure) [PSYoungGen: 26294350K->744659K(26355712K)] 27166840K->1617749K(29501440K), 0.1035003 secs] [Times: user=5.23 sys=0.01, real=0.11 secs] 
4701.171: [GC (Allocation Failure) [PSYoungGen: 26193107K->800709K(26355712K)] 27066197K->1674303K(29501440K), 0.1063932 secs] [Times: user=5.51 sys=0.00, real=0.11 secs] 
4705.427: [GC (Allocation Failure) [PSYoungGen: 26249157K->756928K(26355712K)] 27122751K->1631090K(29501440K), 0.1063699 secs] [Times: user=5.35 sys=0.01, real=0.10 secs] 
4709.965: [GC (Allocation Failure) [PSYoungGen: 26205376K->718076K(26355712K)] 27079538K->1592782K(29501440K), 0.1032001 secs] [Times: user=5.09 sys=0.00, real=0.11 secs] 
4714.495: [GC (Allocation Failure) [PSYoungGen: 26166228K->838717K(26355712K)] 27040934K->1713911K(29501440K), 0.1145524 secs] [Times: user=5.73 sys=0.01, real=0.11 secs] 
4719.017: [GC (Allocation Failure) [PSYoungGen: 26287165K->805262K(26355712K)] 27162359K->1681031K(29501440K), 0.1113484 secs] [Times: user=5.69 sys=0.01, real=0.11 secs] 
4723.380: [GC (Allocation Failure) [PSYoungGen: 26253710K->791275K(26355712K)] 27129479K->1667637K(29501440K), 0.1047284 secs] [Times: user=5.51 sys=0.01, real=0.11 secs] 
4727.674: [GC (Allocation Failure) [PSYoungGen: 26239723K->799409K(26355712K)] 27116085K->1676306K(29501440K), 0.1110458 secs] [Times: user=5.67 sys=0.01, real=0.12 secs] 
4732.107: [GC (Allocation Failure) [PSYoungGen: 26247857K->854396K(26355712K)] 27124754K->1731846K(29501440K), 0.1145173 secs] [Times: user=5.79 sys=0.00, real=0.11 secs] 
4736.494: [GC (Allocation Failure) [PSYoungGen: 26302844K->780939K(26355712K)] 27180294K->1658997K(29501440K), 0.1065721 secs] [Times: user=5.43 sys=0.00, real=0.11 secs] 
4740.832: [GC (Allocation Failure) [PSYoungGen: 26229387K->793087K(26355712K)] 27107445K->1671704K(29501440K), 0.1083485 secs] [Times: user=5.53 sys=0.01, real=0.11 secs] 
4745.273: [GC (Allocation Failure) [PSYoungGen: 26241535K->836611K(26355712K)] 27120152K->1715764K(29501440K), 0.1120760 secs] [Times: user=5.85 sys=0.01, real=0.12 secs] 
4749.729: [GC (Allocation Failure) [PSYoungGen: 26285059K->795661K(26355712K)] 27164212K->1675430K(29501440K), 0.1110481 secs] [Times: user=5.62 sys=0.01, real=0.11 secs] 
4754.205: [GC (Allocation Failure) [PSYoungGen: 26244109K->796727K(26355712K)] 27123878K->1677081K(29501440K), 0.1111691 secs] [Times: user=5.59 sys=0.01, real=0.11 secs] 
4758.489: [GC (Allocation Failure) [PSYoungGen: 26245175K->814145K(26355712K)] 27125529K->1695026K(29501440K), 0.1121860 secs] [Times: user=5.66 sys=0.00, real=0.11 secs] 
4762.838: [GC (Allocation Failure) [PSYoungGen: 26262593K->792363K(26355712K)] 27143474K->1673789K(29501440K), 0.1138406 secs] [Times: user=5.43 sys=0.01, real=0.11 secs] 
4767.224: [GC (Allocation Failure) [PSYoungGen: 26240811K->730850K(26355712K)] 27122237K->1613027K(29501440K), 0.1059236 secs] [Times: user=5.23 sys=0.01, real=0.11 secs] 
4771.591: [GC (Allocation Failure) [PSYoungGen: 26179298K->880257K(26355712K)] 27061475K->1762979K(29501440K), 0.1181779 secs] [Times: user=6.04 sys=0.01, real=0.12 secs] 
4776.023: [GC (Allocation Failure) [PSYoungGen: 26328705K->744218K(26355712K)] 27211427K->1627459K(29501440K), 0.1027590 secs] [Times: user=5.27 sys=0.01, real=0.11 secs] 
4780.401: [GC (Allocation Failure) [PSYoungGen: 26192666K->776858K(26355712K)] 27075907K->1660947K(29501440K), 0.1072501 secs] [Times: user=5.46 sys=0.00, real=0.11 secs] 
4784.845: [GC (Allocation Failure) [PSYoungGen: 26225306K->764934K(26355712K)] 27109395K->1649575K(29501440K), 0.1080951 secs] [Times: user=5.45 sys=0.00, real=0.10 secs] 
4789.160: [GC (Allocation Failure) [PSYoungGen: 26213382K->729745K(26355712K)] 27098023K->1614906K(29501440K), 0.0985672 secs] [Times: user=5.08 sys=0.00, real=0.10 secs] 
4793.587: [GC (Allocation Failure) [PSYoungGen: 26178193K->796240K(26355712K)] 27063354K->1681969K(29501440K), 0.1096139 secs] [Times: user=5.52 sys=0.00, real=0.11 secs] 
4798.100: [GC (Allocation Failure) [PSYoungGen: 26244688K->777352K(26355712K)] 27130417K->1663713K(29501440K), 0.1115840 secs] [Times: user=5.55 sys=0.00, real=0.11 secs] 
4802.390: [GC (Allocation Failure) [PSYoungGen: 26225800K->761901K(26355712K)] 27112161K->1648943K(29501440K), 0.1035873 secs] [Times: user=5.44 sys=0.00, real=0.10 secs] 
4806.660: [GC (Allocation Failure) [PSYoungGen: 26210349K->762053K(26355712K)] 27097391K->1649599K(29501440K), 0.1054365 secs] [Times: user=5.30 sys=0.01, real=0.11 secs] 
4810.970: [GC (Allocation Failure) [PSYoungGen: 26210501K->793065K(26355712K)] 27098047K->1681178K(29501440K), 0.1077579 secs] [Times: user=5.51 sys=0.01, real=0.11 secs] 
4815.198: [GC (Allocation Failure) [PSYoungGen: 26241513K->742810K(26355712K)] 27129626K->1631620K(29501440K), 0.1080829 secs] [Times: user=5.38 sys=0.01, real=0.11 secs] 
4819.418: [GC (Allocation Failure) [PSYoungGen: 26191258K->713468K(26355712K)] 27080068K->1602845K(29501440K), 0.1017292 secs] [Times: user=5.18 sys=0.00, real=0.10 secs] 
4823.898: [GC (Allocation Failure) [PSYoungGen: 26161916K->771675K(26355712K)] 27051293K->1661653K(29501440K), 0.1042962 secs] [Times: user=5.37 sys=0.01, real=0.10 secs] 
4828.300: [GC (Allocation Failure) [PSYoungGen: 26220123K->844304K(26355712K)] 27110101K->1735009K(29501440K), 0.1120209 secs] [Times: user=5.74 sys=0.00, real=0.11 secs] 
4832.587: [GC (Allocation Failure) [PSYoungGen: 26292752K->711492K(26355712K)] 27183457K->1602797K(29501440K), 0.1001684 secs] [Times: user=5.09 sys=0.00, real=0.10 secs] 
4836.997: [GC (Allocation Failure) [PSYoungGen: 26159940K->785507K(26355712K)] 27051245K->1677389K(29501440K), 0.1082343 secs] [Times: user=5.41 sys=0.00, real=0.11 secs] 
4841.347: [GC (Allocation Failure) [PSYoungGen: 26233955K->827261K(26355712K)] 27125837K->1719695K(29501440K), 0.1118793 secs] [Times: user=5.73 sys=0.00, real=0.11 secs] 
4845.556: [GC (Allocation Failure) [PSYoungGen: 26275709K->728044K(26355712K)] 27168143K->1621069K(29501440K), 0.1054698 secs] [Times: user=5.06 sys=0.01, real=0.10 secs] 
4851.226: [GC (Allocation Failure) [PSYoungGen: 26176492K->764813K(26355712K)] 27069517K->1658479K(29501440K), 0.1195560 secs] [Times: user=6.16 sys=0.00, real=0.12 secs] 
4854.548: [GC (Allocation Failure) [PSYoungGen: 26213261K->867869K(26355712K)] 27106927K->1762079K(29501440K), 0.1156726 secs] [Times: user=6.04 sys=0.00, real=0.11 secs] 
4858.801: [GC (Allocation Failure) [PSYoungGen: 26316317K->794876K(26355712K)] 27210527K->1689582K(29501440K), 0.1055531 secs] [Times: user=5.59 sys=0.00, real=0.11 secs] 
4863.372: [GC (Allocation Failure) [PSYoungGen: 26243324K->907262K(26355712K)] 27138030K->1802703K(29501440K), 0.1167420 secs] [Times: user=6.10 sys=0.00, real=0.12 secs] 
4867.605: [GC (Allocation Failure) [PSYoungGen: 26355710K->809759K(26355712K)] 27251151K->1705753K(29501440K), 0.1122327 secs] [Times: user=5.54 sys=0.01, real=0.12 secs] 
4871.782: [GC (Allocation Failure) [PSYoungGen: 26258207K->787529K(26355712K)] 27154201K->1684067K(29501440K), 0.1095097 secs] [Times: user=5.53 sys=0.00, real=0.11 secs] 
4875.985: [GC (Allocation Failure) [PSYoungGen: 26235977K->758370K(26355712K)] 27132515K->1655459K(29501440K), 0.1002160 secs] [Times: user=5.30 sys=0.00, real=0.11 secs] 
4880.214: [GC (Allocation Failure) [PSYoungGen: 26206818K->822087K(26355712K)] 27103907K->1719736K(29501440K), 0.1134093 secs] [Times: user=5.82 sys=0.01, real=0.12 secs] 
4884.472: [GC (Allocation Failure) [PSYoungGen: 26270535K->842704K(26355712K)] 27168184K->1740953K(29501440K), 0.1119607 secs] [Times: user=5.88 sys=0.01, real=0.11 secs] 
4888.648: [GC (Allocation Failure) [PSYoungGen: 26291152K->773395K(26355712K)] 27189401K->1672220K(29501440K), 0.1076783 secs] [Times: user=5.31 sys=0.00, real=0.11 secs] 
4892.866: [GC (Allocation Failure) [PSYoungGen: 26221843K->754471K(26355712K)] 27120668K->1653848K(29501440K), 0.1046320 secs] [Times: user=5.36 sys=0.01, real=0.10 secs] 
4897.061: [GC (Allocation Failure) [PSYoungGen: 26202919K->784040K(26355712K)] 27102296K->1683969K(29501440K), 0.1095590 secs] [Times: user=5.47 sys=0.00, real=0.11 secs] 
4901.384: [GC (Allocation Failure) [PSYoungGen: 26232488K->768274K(26355712K)] 27132417K->1668748K(29501440K), 0.1078163 secs] [Times: user=5.40 sys=0.01, real=0.11 secs] 
4905.528: [GC (Allocation Failure) [PSYoungGen: 26216722K->775543K(26355712K)] 27117196K->1676561K(29501440K), 0.1048519 secs] [Times: user=5.51 sys=0.00, real=0.10 secs] 
4909.794: [GC (Allocation Failure) [PSYoungGen: 26223991K->813499K(26355712K)] 27125009K->1715077K(29501440K), 0.1126747 secs] [Times: user=5.64 sys=0.00, real=0.12 secs] 
4914.027: [GC (Allocation Failure) [PSYoungGen: 26261947K->765608K(26355712K)] 27163525K->1668346K(29501440K), 0.1061788 secs] [Times: user=5.42 sys=0.00, real=0.10 secs] 
4918.373: [GC (Allocation Failure) [PSYoungGen: 26214056K->721766K(26355712K)] 27116794K->1625055K(29501440K), 0.1027411 secs] [Times: user=5.17 sys=0.00, real=0.11 secs] 
4922.783: [GC (Allocation Failure) [PSYoungGen: 26170214K->799208K(26355712K)] 27073503K->1703042K(29501440K), 0.1081822 secs] [Times: user=5.50 sys=0.01, real=0.11 secs] 
4926.976: [GC (Allocation Failure) [PSYoungGen: 26247656K->765176K(26355712K)] 27151490K->1669626K(29501440K), 0.1051989 secs] [Times: user=5.36 sys=0.01, real=0.10 secs] 
4931.286: [GC (Allocation Failure) [PSYoungGen: 26213624K->864097K(26355712K)] 27118074K->1769059K(29501440K), 0.1129713 secs] [Times: user=5.81 sys=0.01, real=0.11 secs] 
4935.381: [GC (Allocation Failure) [PSYoungGen: 26312545K->802814K(26355712K)] 27217507K->1708280K(29501440K), 0.1082751 secs] [Times: user=5.51 sys=0.01, real=0.11 secs] 
4939.661: [GC (Allocation Failure) [PSYoungGen: 26251262K->737001K(26355712K)] 27156728K->1643051K(29501440K), 0.1047320 secs] [Times: user=5.17 sys=0.01, real=0.11 secs] 
4943.888: [GC (Allocation Failure) [PSYoungGen: 26185449K->798971K(26355712K)] 27091499K->1705861K(29501440K), 0.1090659 secs] [Times: user=5.54 sys=0.01, real=0.11 secs] 
4948.048: [GC (Allocation Failure) [PSYoungGen: 26247419K->783694K(26355712K)] 27154309K->1691143K(29501440K), 0.1072446 secs] [Times: user=5.41 sys=0.01, real=0.11 secs] 
4952.212: [GC (Allocation Failure) [PSYoungGen: 26232142K->784345K(26355712K)] 27139591K->1692435K(29501440K), 0.1091088 secs] [Times: user=5.37 sys=0.01, real=0.11 secs] 
4956.674: [GC (Allocation Failure) [PSYoungGen: 26232793K->713091K(26355712K)] 27140883K->1621724K(29501440K), 0.0986481 secs] [Times: user=5.16 sys=0.00, real=0.10 secs] 
4960.972: [GC (Allocation Failure) [PSYoungGen: 26161539K->744530K(26355712K)] 27070172K->1653747K(29501440K), 0.1048730 secs] [Times: user=5.12 sys=0.00, real=0.11 secs] 
4965.108: [GC (Allocation Failure) [PSYoungGen: 26192978K->853504K(26355712K)] 27102195K->1763386K(29501440K), 0.1101530 secs] [Times: user=5.64 sys=0.01, real=0.11 secs] 
4969.263: [GC (Allocation Failure) [PSYoungGen: 26301952K->843652K(26355712K)] 27211834K->1754173K(29501440K), 0.1125815 secs] [Times: user=5.81 sys=0.00, real=0.12 secs] 
4973.435: [GC (Allocation Failure) [PSYoungGen: 26292100K->770222K(26355712K)] 27202621K->1681384K(29501440K), 0.1061747 secs] [Times: user=5.40 sys=0.00, real=0.11 secs] 
4977.702: [GC (Allocation Failure) [PSYoungGen: 26218670K->805138K(26355712K)] 27129832K->1716803K(29501440K), 0.1084250 secs] [Times: user=5.52 sys=0.00, real=0.11 secs] 
4981.863: [GC (Allocation Failure) [PSYoungGen: 26253586K->798210K(26355712K)] 27165251K->1710459K(29501440K), 0.1108858 secs] [Times: user=5.49 sys=0.01, real=0.11 secs] 
4985.922: [GC (Allocation Failure) [PSYoungGen: 26246658K->770169K(26355712K)] 27158907K->1683171K(29501440K), 0.1068676 secs] [Times: user=5.33 sys=0.01, real=0.11 secs] 
4990.161: [GC (Allocation Failure) [PSYoungGen: 26218617K->868624K(26355712K)] 27131619K->1782129K(29501440K), 0.1161312 secs] [Times: user=6.02 sys=0.01, real=0.12 secs] 
4994.329: [GC (Allocation Failure) [PSYoungGen: 26317072K->780821K(26355712K)] 27230577K->1694871K(29501440K), 0.1075986 secs] [Times: user=5.57 sys=0.01, real=0.11 secs] 
4998.414: [GC (Allocation Failure) [PSYoungGen: 26229269K->765938K(26355712K)] 27143319K->1680556K(29501440K), 0.1032034 secs] [Times: user=5.31 sys=0.01, real=0.11 secs] 
5002.732: [GC (Allocation Failure) [PSYoungGen: 26214386K->860765K(26355712K)] 27129004K->1775983K(29501440K), 0.1205493 secs] [Times: user=5.81 sys=0.01, real=0.12 secs] 
5007.073: [GC (Allocation Failure) [PSYoungGen: 26309213K->854927K(26355712K)] 27224431K->1770609K(29501440K), 0.1129181 secs] [Times: user=5.85 sys=0.01, real=0.12 secs] 
5011.027: [GC (Allocation Failure) [PSYoungGen: 26303375K->801641K(26355712K)] 27219057K->1717874K(29501440K), 0.1137734 secs] [Times: user=5.67 sys=0.01, real=0.11 secs] 
5015.281: [GC (Allocation Failure) [PSYoungGen: 26250089K->907237K(26355712K)] 27166322K->1824558K(29501440K), 0.1172565 secs] [Times: user=6.20 sys=0.00, real=0.12 secs] 
5019.496: [GC (Allocation Failure) [PSYoungGen: 26355685K->785706K(26355712K)] 27273006K->1703540K(29501440K), 0.1091651 secs] [Times: user=5.39 sys=0.00, real=0.11 secs] 
5023.593: [GC (Allocation Failure) [PSYoungGen: 26234154K->762185K(26355712K)] 27151988K->1680571K(29501440K), 0.1043653 secs] [Times: user=5.40 sys=0.01, real=0.11 secs] 
5027.819: [GC (Allocation Failure) [PSYoungGen: 26210633K->854885K(26355712K)] 27129019K->1773847K(29501440K), 0.1131738 secs] [Times: user=5.90 sys=0.01, real=0.11 secs] 
5031.893: [GC (Allocation Failure) [PSYoungGen: 26303333K->902635K(26355712K)] 27222295K->1822221K(29501440K), 0.1190254 secs] [Times: user=6.10 sys=0.00, real=0.12 secs] 
5036.451: [GC (Allocation Failure) [PSYoungGen: 26351083K->907241K(26355712K)] 27270669K->2003363K(29501440K), 0.1564921 secs] [Times: user=8.10 sys=0.00, real=0.16 secs] 
5040.273: [GC (Allocation Failure) [PSYoungGen: 26355689K->791027K(26355712K)] 27451811K->1887677K(29501440K), 0.1093221 secs] [Times: user=5.61 sys=0.00, real=0.11 secs] 
5044.503: [GC (Allocation Failure) [PSYoungGen: 26239475K->769301K(26355712K)] 27336125K->1866470K(29501440K), 0.1036031 secs] [Times: user=5.36 sys=0.01, real=0.11 secs] 
5048.649: [GC (Allocation Failure) [PSYoungGen: 26217749K->814749K(26355712K)] 27314918K->1912455K(29501440K), 0.1087434 secs] [Times: user=5.56 sys=0.00, real=0.11 secs] 
5052.786: [GC (Allocation Failure) [PSYoungGen: 26263197K->907255K(26355712K)] 27360903K->2007489K(29501440K), 0.1188551 secs] [Times: user=6.21 sys=0.01, real=0.12 secs] 
5056.868: [GC (Allocation Failure) [PSYoungGen: 26355703K->840253K(26355712K)] 27455937K->1940999K(29501440K), 0.1085968 secs] [Times: user=5.50 sys=0.01, real=0.11 secs] 
5060.971: [GC (Allocation Failure) [PSYoungGen: 26288701K->831352K(26355712K)] 27389447K->1932610K(29501440K), 0.1082068 secs] [Times: user=5.68 sys=0.01, real=0.11 secs] 
5065.200: [GC (Allocation Failure) [PSYoungGen: 26279800K->882144K(26355712K)] 27381058K->1983985K(29501440K), 0.1140602 secs] [Times: user=6.07 sys=0.01, real=0.11 secs] 
5069.776: [GC (Allocation Failure) [PSYoungGen: 26330592K->907242K(26355712K)] 27432433K->2139988K(29501440K), 0.1431537 secs] [Times: user=7.17 sys=0.01, real=0.14 secs] 
5073.698: [GC (Allocation Failure) [PSYoungGen: 26355690K->831857K(26355712K)] 27588436K->2065155K(29501440K), 0.1077313 secs] [Times: user=5.54 sys=0.01, real=0.11 secs] 
5077.895: [GC (Allocation Failure) [PSYoungGen: 26280305K->907234K(26355712K)] 27513603K->2290356K(29501440K), 0.1634784 secs] [Times: user=8.31 sys=0.00, real=0.17 secs] 
5081.931: [GC (Allocation Failure) [PSYoungGen: 26355682K->846299K(26355712K)] 27738804K->2230093K(29501440K), 0.1111764 secs] [Times: user=5.74 sys=0.00, real=0.11 secs] 
5085.972: [GC (Allocation Failure) [PSYoungGen: 26294747K->886314K(26355712K)] 27678541K->2270732K(29501440K), 0.1189756 secs] [Times: user=5.86 sys=0.00, real=0.12 secs] 
5090.075: [GC (Allocation Failure) [PSYoungGen: 26334762K->772043K(26355712K)] 27719180K->2157021K(29501440K), 0.1058296 secs] [Times: user=5.28 sys=0.00, real=0.10 secs] 
5094.287: [GC (Allocation Failure) [PSYoungGen: 26220491K->767873K(26355712K)] 27605469K->2153379K(29501440K), 0.1051951 secs] [Times: user=5.19 sys=0.00, real=0.10 secs] 
5098.506: [GC (Allocation Failure) [PSYoungGen: 26216321K->743181K(26355712K)] 27601827K->2129631K(29501440K), 0.1033579 secs] [Times: user=5.43 sys=0.00, real=0.10 secs] 
5102.743: [GC (Allocation Failure) [PSYoungGen: 26191629K->875894K(26355712K)] 27578079K->2262976K(29501440K), 0.1144451 secs] [Times: user=5.78 sys=0.01, real=0.12 secs] 
5106.881: [GC (Allocation Failure) [PSYoungGen: 26324342K->782579K(26355712K)] 27711424K->2170173K(29501440K), 0.1070561 secs] [Times: user=5.65 sys=0.02, real=0.11 secs] 
5111.090: [GC (Allocation Failure) [PSYoungGen: 26231027K->895624K(26355712K)] 27618621K->2283770K(29501440K), 0.1164063 secs] [Times: user=6.03 sys=0.01, real=0.12 secs] 
5115.270: [GC (Allocation Failure) [PSYoungGen: 26344072K->901816K(26355712K)] 27732218K->2291002K(29501440K), 0.1335907 secs] [Times: user=7.08 sys=0.01, real=0.13 secs] 
5119.296: [GC (Allocation Failure) [PSYoungGen: 26350264K->848833K(26355712K)] 27739450K->2238555K(29501440K), 0.1120109 secs] [Times: user=5.86 sys=0.01, real=0.11 secs] 
5123.216: [GC (Allocation Failure) [PSYoungGen: 26297281K->887362K(26355712K)] 27687003K->2277604K(29501440K), 0.1214482 secs] [Times: user=6.10 sys=0.01, real=0.12 secs] 
5127.225: [GC (Allocation Failure) [PSYoungGen: 26335810K->907248K(26355712K)] 27726052K->2357306K(29501440K), 0.1430965 secs] [Times: user=7.47 sys=0.00, real=0.15 secs] 
5131.197: [GC (Allocation Failure) [PSYoungGen: 26355696K->841507K(26355712K)] 27805754K->2292413K(29501440K), 0.1073271 secs] [Times: user=5.68 sys=0.00, real=0.10 secs] 
5135.297: [GC (Allocation Failure) [PSYoungGen: 26289955K->865419K(26355712K)] 27740861K->2316901K(29501440K), 0.1126179 secs] [Times: user=5.76 sys=0.00, real=0.11 secs] 
5139.306: [GC (Allocation Failure) [PSYoungGen: 26313867K->838558K(26355712K)] 27765349K->2290744K(29501440K), 0.1088686 secs] [Times: user=5.67 sys=0.00, real=0.11 secs] 
5143.493: [GC (Allocation Failure) [PSYoungGen: 26287006K->794338K(26355712K)] 27739192K->2247172K(29501440K), 0.1059682 secs] [Times: user=5.42 sys=0.00, real=0.11 secs] 
5147.522: [GC (Allocation Failure) [PSYoungGen: 26242786K->812485K(26355712K)] 27695620K->2265951K(29501440K), 0.1130825 secs] [Times: user=5.58 sys=0.01, real=0.12 secs] 
5151.612: [GC (Allocation Failure) [PSYoungGen: 26260933K->806438K(26355712K)] 27714399K->2260384K(29501440K), 0.1063028 secs] [Times: user=5.39 sys=0.00, real=0.11 secs] 
5155.774: [GC (Allocation Failure) [PSYoungGen: 26254886K->831982K(26355712K)] 27708832K->2286512K(29501440K), 0.1120180 secs] [Times: user=5.84 sys=0.00, real=0.12 secs] 
5159.828: [GC (Allocation Failure) [PSYoungGen: 26280430K->831893K(26355712K)] 27734960K->2287038K(29501440K), 0.1144533 secs] [Times: user=5.90 sys=0.02, real=0.11 secs] 
5163.785: [GC (Allocation Failure) [PSYoungGen: 26280341K->768232K(26355712K)] 27735486K->2223914K(29501440K), 0.1074044 secs] [Times: user=5.46 sys=0.00, real=0.10 secs] 
5167.807: [GC (Allocation Failure) [PSYoungGen: 26216680K->713737K(26355712K)] 27672362K->2169979K(29501440K), 0.0981862 secs] [Times: user=5.02 sys=0.00, real=0.10 secs] 
5171.829: [GC (Allocation Failure) [PSYoungGen: 26162185K->757314K(26355712K)] 27618427K->2214108K(29501440K), 0.1017161 secs] [Times: user=5.37 sys=0.01, real=0.10 secs] 
5175.770: [GC (Allocation Failure) [PSYoungGen: 26205762K->768336K(26355712K)] 27662556K->2225626K(29501440K), 0.1095872 secs] [Times: user=5.46 sys=0.01, real=0.11 secs] 
5179.961: [GC (Allocation Failure) [PSYoungGen: 26216784K->777730K(26355712K)] 27674074K->2235620K(29501440K), 0.1066952 secs] [Times: user=5.37 sys=0.01, real=0.11 secs] 
5183.955: [GC (Allocation Failure) [PSYoungGen: 26226178K->799083K(26355712K)] 27684068K->2257701K(29501440K), 0.1135444 secs] [Times: user=5.73 sys=0.01, real=0.12 secs] 
5188.022: [GC (Allocation Failure) [PSYoungGen: 26247531K->842939K(26355712K)] 27706149K->2302285K(29501440K), 0.1114084 secs] [Times: user=5.68 sys=0.00, real=0.11 secs] 
5192.041: [GC (Allocation Failure) [PSYoungGen: 26291387K->858375K(26355712K)] 27750733K->2318265K(29501440K), 0.1127062 secs] [Times: user=6.00 sys=0.01, real=0.11 secs] 
5196.099: [GC (Allocation Failure) [PSYoungGen: 26306823K->797496K(26355712K)] 27766713K->2257994K(29501440K), 0.1099930 secs] [Times: user=5.47 sys=0.01, real=0.11 secs] 
5200.055: [GC (Allocation Failure) [PSYoungGen: 26245944K->850854K(26355712K)] 27706442K->2311904K(29501440K), 0.1114774 secs] [Times: user=5.74 sys=0.00, real=0.11 secs] 
5203.812: [GC (Allocation Failure) [PSYoungGen: 26299302K->840286K(26355712K)] 27760352K->2301872K(29501440K), 0.1112156 secs] [Times: user=5.87 sys=0.00, real=0.11 secs] 
5207.842: [GC (Allocation Failure) [PSYoungGen: 26288734K->852497K(26355712K)] 27750320K->2314667K(29501440K), 0.1126064 secs] [Times: user=5.74 sys=0.00, real=0.12 secs] 
5212.151: [GC (Allocation Failure) [PSYoungGen: 26300945K->871838K(26355712K)] 27763115K->2334592K(29501440K), 0.1144248 secs] [Times: user=5.84 sys=0.01, real=0.12 secs] 
5215.936: [GC (Allocation Failure) [PSYoungGen: 26320286K->871011K(26355712K)] 27783040K->2334309K(29501440K), 0.1143114 secs] [Times: user=5.91 sys=0.01, real=0.11 secs] 
5220.020: [GC (Allocation Failure) [PSYoungGen: 26319459K->889408K(26355712K)] 27782757K->2353282K(29501440K), 0.1162599 secs] [Times: user=6.08 sys=0.00, real=0.12 secs] 
5223.971: [GC (Allocation Failure) [PSYoungGen: 26337856K->848443K(26355712K)] 27801730K->2312821K(29501440K), 0.1130719 secs] [Times: user=5.52 sys=0.01, real=0.11 secs] 
5227.929: [GC (Allocation Failure) [PSYoungGen: 26296891K->796130K(26355712K)] 27761269K->2261180K(29501440K), 0.1059052 secs] [Times: user=5.55 sys=0.01, real=0.11 secs] 
5231.891: [GC (Allocation Failure) [PSYoungGen: 26244578K->775898K(26355712K)] 27709628K->2241492K(29501440K), 0.1075944 secs] [Times: user=5.46 sys=0.01, real=0.11 secs] 
5235.969: [GC (Allocation Failure) [PSYoungGen: 26224346K->759792K(26355712K)] 27689940K->2225914K(29501440K), 0.1038433 secs] [Times: user=5.44 sys=0.01, real=0.10 secs] 
5239.856: [GC (Allocation Failure) [PSYoungGen: 26208240K->785679K(26355712K)] 27674362K->2252361K(29501440K), 0.1105304 secs] [Times: user=5.49 sys=0.00, real=0.11 secs] 
5243.776: [GC (Allocation Failure) [PSYoungGen: 26234127K->750327K(26355712K)] 27700809K->2217577K(29501440K), 0.1039729 secs] [Times: user=5.29 sys=0.00, real=0.10 secs] 
5247.898: [GC (Allocation Failure) [PSYoungGen: 26198775K->764398K(26355712K)] 27666025K->2232160K(29501440K), 0.1035393 secs] [Times: user=5.39 sys=0.00, real=0.10 secs] 
5251.906: [GC (Allocation Failure) [PSYoungGen: 26212846K->777202K(26355712K)] 27680608K->2245676K(29501440K), 0.1060155 secs] [Times: user=5.46 sys=0.00, real=0.10 secs] 
5255.829: [GC (Allocation Failure) [PSYoungGen: 26225650K->774135K(26355712K)] 27694124K->2243185K(29501440K), 0.1051486 secs] [Times: user=5.45 sys=0.00, real=0.10 secs] 
5259.897: [GC (Allocation Failure) [PSYoungGen: 26222583K->757904K(26355712K)] 27691633K->2227490K(29501440K), 0.1040071 secs] [Times: user=5.24 sys=0.00, real=0.10 secs] 
5263.894: [GC (Allocation Failure) [PSYoungGen: 26206352K->804782K(26355712K)] 27675938K->2274952K(29501440K), 0.1071569 secs] [Times: user=5.61 sys=0.00, real=0.11 secs] 
5267.844: [GC (Allocation Failure) [PSYoungGen: 26253230K->783850K(26355712K)] 27723400K->2254580K(29501440K), 0.1063369 secs] [Times: user=5.40 sys=0.00, real=0.11 secs] 
5271.821: [GC (Allocation Failure) [PSYoungGen: 26232298K->781314K(26355712K)] 27703028K->2252572K(29501440K), 0.1060470 secs] [Times: user=5.44 sys=0.00, real=0.11 secs] 
5275.810: [GC (Allocation Failure) [PSYoungGen: 26229762K->793619K(26355712K)] 27701020K->2265389K(29501440K), 0.1071139 secs] [Times: user=5.51 sys=0.00, real=0.11 secs] 
5279.793: [GC (Allocation Failure) [PSYoungGen: 26242067K->782435K(26355712K)] 27713837K->2254837K(29501440K), 0.1044458 secs] [Times: user=5.48 sys=0.00, real=0.11 secs] 
5283.670: [GC (Allocation Failure) [PSYoungGen: 26230883K->778172K(26355712K)] 27703285K->2251246K(29501440K), 0.1081172 secs] [Times: user=5.52 sys=0.00, real=0.11 secs] 
5287.497: [GC (Allocation Failure) [PSYoungGen: 26226620K->768613K(26355712K)] 27699694K->2242263K(29501440K), 0.1041867 secs] [Times: user=5.36 sys=0.00, real=0.10 secs] 
5291.600: [GC (Allocation Failure) [PSYoungGen: 26217061K->726126K(26355712K)] 27690711K->2200288K(29501440K), 0.1004286 secs] [Times: user=5.17 sys=0.01, real=0.10 secs] 
5295.585: [GC (Allocation Failure) [PSYoungGen: 26174574K->773124K(26355712K)] 27648736K->2247870K(29501440K), 0.1062754 secs] [Times: user=5.52 sys=0.01, real=0.11 secs] 
5299.545: [GC (Allocation Failure) [PSYoungGen: 26221572K->859243K(26355712K)] 27696318K->2334621K(29501440K), 0.1135179 secs] [Times: user=5.70 sys=0.00, real=0.12 secs] 
5303.664: [GC (Allocation Failure) [PSYoungGen: 26307691K->907234K(26355712K)] 27783069K->2544708K(29501440K), 0.1487990 secs] [Times: user=7.50 sys=0.01, real=0.15 secs] 
5307.456: [GC (Allocation Failure) [PSYoungGen: 26355682K->838256K(26355712K)] 27993156K->2476258K(29501440K), 0.1128513 secs] [Times: user=5.74 sys=0.00, real=0.11 secs] 
5311.253: [GC (Allocation Failure) [PSYoungGen: 26286704K->817482K(26355712K)] 27924706K->2456100K(29501440K), 0.1080668 secs] [Times: user=5.70 sys=0.01, real=0.11 secs] 
5315.061: [GC (Allocation Failure) [PSYoungGen: 26265930K->907257K(26355712K)] 27904548K->2576523K(29501440K), 0.1206610 secs] [Times: user=6.36 sys=0.00, real=0.12 secs] 
5319.121: [GC (Allocation Failure) [PSYoungGen: 26355705K->907263K(26355712K)] 28024971K->2599753K(29501440K), 0.1183644 secs] [Times: user=6.28 sys=0.00, real=0.12 secs] 
5323.063: [GC (Allocation Failure) [PSYoungGen: 26355711K->846951K(26355712K)] 28048201K->2540009K(29501440K), 0.1115307 secs] [Times: user=5.71 sys=0.00, real=0.11 secs] 
5327.033: [GC (Allocation Failure) [PSYoungGen: 26295399K->906758K(26355712K)] 27988457K->2600336K(29501440K), 0.1159568 secs] [Times: user=6.08 sys=0.00, real=0.12 secs] 
5330.817: [GC (Allocation Failure) [PSYoungGen: 26355206K->846768K(26355712K)] 28048784K->2540834K(29501440K), 0.1104642 secs] [Times: user=5.78 sys=0.00, real=0.11 secs] 
5334.765: [GC (Allocation Failure) [PSYoungGen: 26295216K->760307K(26355712K)] 27989282K->2454909K(29501440K), 0.1031810 secs] [Times: user=5.41 sys=0.01, real=0.11 secs] 
5338.776: [GC (Allocation Failure) [PSYoungGen: 26208755K->794262K(26355712K)] 27903357K->2489480K(29501440K), 0.1091575 secs] [Times: user=5.52 sys=0.01, real=0.11 secs] 
5342.864: [GC (Allocation Failure) [PSYoungGen: 26242710K->780856K(26355712K)] 27937928K->2476578K(29501440K), 0.1112037 secs] [Times: user=5.43 sys=0.01, real=0.12 secs] 
5346.605: [GC (Allocation Failure) [PSYoungGen: 26229304K->815599K(26355712K)] 27925026K->2511809K(29501440K), 0.1102315 secs] [Times: user=5.55 sys=0.01, real=0.12 secs] 
5350.585: [GC (Allocation Failure) [PSYoungGen: 26264047K->795302K(26355712K)] 27960257K->2492048K(29501440K), 0.1064787 secs] [Times: user=5.62 sys=0.01, real=0.11 secs] 
5354.502: [GC (Allocation Failure) [PSYoungGen: 26243750K->872219K(26355712K)] 27940496K->2569589K(29501440K), 0.1190543 secs] [Times: user=6.22 sys=0.00, real=0.12 secs] 
5358.362: [GC (Allocation Failure) [PSYoungGen: 26320667K->809351K(26355712K)] 28018037K->2507193K(29501440K), 0.1115592 secs] [Times: user=5.65 sys=0.00, real=0.11 secs] 
5362.170: [GC (Allocation Failure) [PSYoungGen: 26257799K->757502K(26355712K)] 27955641K->2456208K(29501440K), 0.1080816 secs] [Times: user=5.42 sys=0.01, real=0.11 secs] 
5366.232: [GC (Allocation Failure) [PSYoungGen: 26205950K->789716K(26355712K)] 27904656K->2489110K(29501440K), 0.1093462 secs] [Times: user=5.55 sys=0.01, real=0.11 secs] 
5370.127: [GC (Allocation Failure) [PSYoungGen: 26238164K->907239K(26355712K)] 27937558K->2621457K(29501440K), 0.1193227 secs] [Times: user=6.40 sys=0.00, real=0.12 secs] 
5374.031: [GC (Allocation Failure) [PSYoungGen: 26355687K->814462K(26355712K)] 28069905K->2529456K(29501440K), 0.1106686 secs] [Times: user=5.46 sys=0.00, real=0.11 secs] 
5377.708: [GC (Allocation Failure) [PSYoungGen: 26262910K->806141K(26355712K)] 27977904K->2521952K(29501440K), 0.1076768 secs] [Times: user=5.53 sys=0.01, real=0.11 secs] 
5381.664: [GC (Allocation Failure) [PSYoungGen: 26254589K->870316K(26355712K)] 27970400K->2586702K(29501440K), 0.1126227 secs] [Times: user=5.93 sys=0.00, real=0.12 secs] 
5385.354: [GC (Allocation Failure) [PSYoungGen: 26318764K->892767K(26355712K)] 28035150K->2609633K(29501440K), 0.1183304 secs] [Times: user=5.91 sys=0.00, real=0.12 secs] 
5389.225: [GC (Allocation Failure) [PSYoungGen: 26341215K->826951K(26355712K)] 28058081K->2544361K(29501440K), 0.1129779 secs] [Times: user=5.74 sys=0.01, real=0.11 secs] 
5393.301: [GC (Allocation Failure) [PSYoungGen: 26275399K->866526K(26355712K)] 27992809K->2584608K(29501440K), 0.1197193 secs] [Times: user=6.08 sys=0.00, real=0.12 secs] 
5397.061: [GC (Allocation Failure) [PSYoungGen: 26314974K->790393K(26355712K)] 28033056K->2508987K(29501440K), 0.1051031 secs] [Times: user=5.52 sys=0.01, real=0.11 secs] 
5401.053: [GC (Allocation Failure) [PSYoungGen: 26238841K->779277K(26355712K)] 27957435K->2498375K(29501440K), 0.1089224 secs] [Times: user=5.43 sys=0.01, real=0.11 secs] 
5404.951: [GC (Allocation Failure) [PSYoungGen: 26227725K->819550K(26355712K)] 27946823K->2539232K(29501440K), 0.1137974 secs] [Times: user=5.54 sys=0.01, real=0.11 secs] 
5408.786: [GC (Allocation Failure) [PSYoungGen: 26267998K->805553K(26355712K)] 27987680K->2525739K(29501440K), 0.1114194 secs] [Times: user=5.53 sys=0.01, real=0.11 secs] 
5412.627: [GC (GCLocker Initiated GC) [PSYoungGen: 26254001K->821342K(26355712K)] 27974824K->2542709K(29501440K), 0.1115218 secs] [Times: user=5.71 sys=0.02, real=0.11 secs] 
5416.546: [GC (Allocation Failure) [PSYoungGen: 26269790K->907236K(26355712K)] 27991160K->2659870K(29501440K), 0.1214588 secs] [Times: user=6.42 sys=0.01, real=0.12 secs] 
5420.494: [GC (Allocation Failure) [PSYoungGen: 26355684K->843586K(26355712K)] 28108318K->2596707K(29501440K), 0.1093072 secs] [Times: user=5.67 sys=0.01, real=0.11 secs] 
5424.320: [GC (Allocation Failure) [PSYoungGen: 26292034K->872581K(26355712K)] 28045155K->2626255K(29501440K), 0.1116062 secs] [Times: user=5.73 sys=0.01, real=0.11 secs] 
5428.102: [GC (Allocation Failure) [PSYoungGen: 26321029K->907241K(26355712K)] 28074703K->2712035K(29501440K), 0.1273966 secs] [Times: user=6.54 sys=0.00, real=0.13 secs] 
5431.949: [GC (Allocation Failure) [PSYoungGen: 26355689K->906481K(26355712K)] 28160483K->2711842K(29501440K), 0.1139595 secs] [Times: user=6.10 sys=0.00, real=0.11 secs] 
5435.739: [GC (Allocation Failure) [PSYoungGen: 26354929K->830279K(26355712K)] 28160290K->2636192K(29501440K), 0.1096685 secs] [Times: user=5.72 sys=0.00, real=0.11 secs] 
5439.642: [GC (Allocation Failure) [PSYoungGen: 26278727K->778005K(26355712K)] 28084640K->2584438K(29501440K), 0.1079274 secs] [Times: user=5.32 sys=0.01, real=0.11 secs] 
5443.483: [GC (Allocation Failure) [PSYoungGen: 26226453K->749001K(26355712K)] 28032886K->2555994K(29501440K), 0.1052490 secs] [Times: user=5.15 sys=0.00, real=0.11 secs] 
5447.360: [GC (Allocation Failure) [PSYoungGen: 26197449K->869254K(26355712K)] 28004442K->2676784K(29501440K), 0.1136464 secs] [Times: user=5.92 sys=0.00, real=0.11 secs] 
5451.236: [GC (Allocation Failure) [PSYoungGen: 26317702K->907252K(26355712K)] 28125232K->2749430K(29501440K), 0.1254094 secs] [Times: user=6.52 sys=0.00, real=0.12 secs] 
5455.002: [GC (Allocation Failure) [PSYoungGen: 26355700K->907182K(26355712K)] 28197878K->2749896K(29501440K), 0.1196230 secs] [Times: user=5.84 sys=0.00, real=0.12 secs] 
5458.861: [GC (Allocation Failure) [PSYoungGen: 26355630K->792185K(26355712K)] 28198344K->2635491K(29501440K), 0.1081658 secs] [Times: user=5.34 sys=0.01, real=0.11 secs] 
5462.651: [GC (Allocation Failure) [PSYoungGen: 26240633K->810644K(26355712K)] 28083939K->2654469K(29501440K), 0.1120304 secs] [Times: user=5.58 sys=0.01, real=0.11 secs] 
5466.514: [GC (Allocation Failure) [PSYoungGen: 26259092K->751355K(26355712K)] 28102917K->2595733K(29501440K), 0.1127968 secs] [Times: user=5.32 sys=0.01, real=0.12 secs] 
5470.362: [GC (Allocation Failure) [PSYoungGen: 26199803K->769917K(26355712K)] 28044181K->2618854K(29501440K), 0.1064445 secs] [Times: user=5.40 sys=0.01, real=0.11 secs] 
5474.202: [GC (Allocation Failure) [PSYoungGen: 26218365K->907240K(26355712K)] 28067302K->2803802K(29501440K), 0.1234666 secs] [Times: user=6.60 sys=0.01, real=0.13 secs] 
5478.033: [GC (Allocation Failure) [PSYoungGen: 26355688K->907253K(26355712K)] 28252250K->2843910K(29501440K), 0.1266412 secs] [Times: user=6.39 sys=0.00, real=0.13 secs] 
5481.957: [GC (Allocation Failure) [PSYoungGen: 26355701K->893100K(26355712K)] 28292358K->2830430K(29501440K), 0.1177858 secs] [Times: user=5.97 sys=0.02, real=0.11 secs] 
5485.704: [GC (Allocation Failure) [PSYoungGen: 26341548K->851748K(26355712K)] 28278878K->2789854K(29501440K), 0.1154842 secs] [Times: user=5.79 sys=0.00, real=0.12 secs] 
5489.440: [GC (Allocation Failure) [PSYoungGen: 26300196K->808672K(26355712K)] 28238302K->2747266K(29501440K), 0.1078764 secs] [Times: user=5.53 sys=0.00, real=0.11 secs] 
5493.298: [GC (Allocation Failure) [PSYoungGen: 26257120K->837594K(26355712K)] 28195714K->2776779K(29501440K), 0.1111061 secs] [Times: user=5.52 sys=0.00, real=0.11 secs] 
5497.089: [GC (Allocation Failure) [PSYoungGen: 26286042K->907251K(26355712K)] 28225227K->2858525K(29501440K), 0.1213321 secs] [Times: user=6.13 sys=0.00, real=0.12 secs] 
5500.902: [GC (Allocation Failure) [PSYoungGen: 26355699K->826134K(26355712K)] 28306973K->2777944K(29501440K), 0.1175712 secs] [Times: user=5.60 sys=0.00, real=0.12 secs] 
5504.882: [GC (Allocation Failure) [PSYoungGen: 26274582K->856993K(26355712K)] 28226392K->2809362K(29501440K), 0.1155042 secs] [Times: user=5.63 sys=0.00, real=0.12 secs] 
5508.655: [GC (Allocation Failure) [PSYoungGen: 26305441K->812537K(26355712K)] 28257810K->2765699K(29501440K), 0.1107505 secs] [Times: user=5.51 sys=0.01, real=0.12 secs] 
5512.425: [GC (Allocation Failure) [PSYoungGen: 26260985K->781691K(26355712K)] 28214147K->2735365K(29501440K), 0.1081852 secs] [Times: user=5.29 sys=0.00, real=0.11 secs] 
5516.145: [GC (Allocation Failure) [PSYoungGen: 26230139K->841405K(26355712K)] 28183813K->2795815K(29501440K), 0.1117140 secs] [Times: user=5.61 sys=0.00, real=0.11 secs] 
5519.847: [GC (Allocation Failure) [PSYoungGen: 26289853K->907236K(26355712K)] 28244263K->2896717K(29501440K), 0.1239491 secs] [Times: user=6.61 sys=0.00, real=0.12 secs] 
5523.562: [GC (Allocation Failure) [PSYoungGen: 26355684K->769654K(26355712K)] 28345165K->2759623K(29501440K), 0.1007672 secs] [Times: user=5.40 sys=0.00, real=0.10 secs] 
5527.272: [GC (Allocation Failure) [PSYoungGen: 26218102K->840120K(26355712K)] 28208071K->2830617K(29501440K), 0.1139351 secs] [Times: user=5.49 sys=0.01, real=0.12 secs] 
5530.986: [GC (Allocation Failure) [PSYoungGen: 26288568K->907251K(26355712K)] 28279065K->3035076K(29501440K), 0.1413674 secs] [Times: user=7.57 sys=0.00, real=0.14 secs] 
5534.671: [GC (Allocation Failure) [PSYoungGen: 26355647K->799680K(26355712K)] 28483473K->2928330K(29501440K), 0.1062871 secs] [Times: user=5.40 sys=0.00, real=0.11 secs] 
5538.429: [GC (Allocation Failure) [PSYoungGen: 26248128K->861260K(26355712K)] 28376778K->2990438K(29501440K), 0.1083549 secs] [Times: user=5.79 sys=0.01, real=0.11 secs] 
5542.097: [GC (Allocation Failure) [PSYoungGen: 26309708K->830746K(26355712K)] 28438886K->2960596K(29501440K), 0.1087483 secs] [Times: user=5.52 sys=0.01, real=0.11 secs] 
5545.882: [GC (Allocation Failure) [PSYoungGen: 26279194K->907244K(26355712K)] 28409044K->3097758K(29501440K), 0.1271592 secs] [Times: user=6.63 sys=0.01, real=0.13 secs] 
5549.705: [GC (Allocation Failure) [PSYoungGen: 26355692K->817563K(26355712K)] 28546206K->3008581K(29501440K), 0.1062098 secs] [Times: user=5.55 sys=0.00, real=0.11 secs] 
5553.327: [GC (Allocation Failure) [PSYoungGen: 26266011K->756218K(26355712K)] 28457029K->2948028K(29501440K), 0.1033640 secs] [Times: user=5.20 sys=0.00, real=0.10 secs] 
5557.217: [GC (Allocation Failure) [PSYoungGen: 26204666K->907258K(26355712K)] 28396476K->3246284K(29501440K), 0.1459195 secs] [Times: user=7.49 sys=0.00, real=0.14 secs] 
5560.923: [GC (Allocation Failure) [PSYoungGen: 26355706K->907256K(26355712K)] 28694732K->3248506K(29501440K), 0.1181652 secs] [Times: user=6.13 sys=0.01, real=0.12 secs] 
5564.647: [GC (Allocation Failure) [PSYoungGen: 26355704K->740393K(26355712K)] 28696954K->3082227K(29501440K), 0.1014238 secs] [Times: user=5.34 sys=0.01, real=0.10 secs] 
5568.410: [GC (Allocation Failure) [PSYoungGen: 26188841K->837248K(26355712K)] 28530675K->3179657K(29501440K), 0.1116741 secs] [Times: user=5.78 sys=0.00, real=0.11 secs] 
5572.224: [GC (Allocation Failure) [PSYoungGen: 26285696K->800003K(26355712K)] 28628105K->3142940K(29501440K), 0.1056629 secs] [Times: user=5.53 sys=0.00, real=0.11 secs] 
5576.034: [GC (Allocation Failure) [PSYoungGen: 26248451K->833373K(26355712K)] 28591388K->3177039K(29501440K), 0.1110293 secs] [Times: user=5.62 sys=0.00, real=0.12 secs] 
5579.676: [GC (Allocation Failure) [PSYoungGen: 26281821K->854933K(26355712K)] 28625487K->3199127K(29501440K), 0.1119282 secs] [Times: user=5.86 sys=0.01, real=0.11 secs] 
5583.513: [GC (Allocation Failure) [PSYoungGen: 26303381K->907238K(26355712K)] 28647575K->3484312K(29501440K), 0.1614478 secs] [Times: user=8.56 sys=0.00, real=0.17 secs] 
5587.162: [GC (Allocation Failure) [PSYoungGen: 26355686K->841985K(26355712K)] 28932760K->3419827K(29501440K), 0.1087560 secs] [Times: user=5.77 sys=0.00, real=0.11 secs] 
5590.834: [GC (Allocation Failure) [PSYoungGen: 26290433K->848069K(26355712K)] 28868275K->3426631K(29501440K), 0.1086273 secs] [Times: user=5.74 sys=0.02, real=0.11 secs] 
5594.528: [GC (Allocation Failure) [PSYoungGen: 26296517K->907253K(26355712K)] 28875079K->3493775K(29501440K), 0.1225087 secs] [Times: user=6.27 sys=0.00, real=0.12 secs] 
5598.260: [GC (Allocation Failure) [PSYoungGen: 26355701K->907260K(26355712K)] 28942223K->3586182K(29501440K), 0.1310787 secs] [Times: user=7.02 sys=0.01, real=0.13 secs] 
5601.936: [GC (Allocation Failure) [PSYoungGen: 26355708K->861425K(26355712K)] 29034630K->3541091K(29501440K), 0.1112662 secs] [Times: user=5.75 sys=0.00, real=0.11 secs] 
5605.682: [GC (Allocation Failure) [PSYoungGen: 26309873K->907262K(26355712K)] 28989539K->3593320K(29501440K), 0.1190233 secs] [Times: user=6.05 sys=0.01, real=0.12 secs] 
5609.397: [GC (Allocation Failure) [PSYoungGen: 26355710K->907246K(26355712K)] 29041768K->3632728K(29501440K), 0.1228793 secs] [Times: user=6.51 sys=0.00, real=0.12 secs] 
5613.180: [GC (Allocation Failure) [PSYoungGen: 26355694K->784020K(26355712K)] 29081176K->3510206K(29501440K), 0.1023492 secs] [Times: user=5.38 sys=0.00, real=0.10 secs] 
5616.919: [GC (Allocation Failure) [PSYoungGen: 26232468K->840496K(26355712K)] 28958654K->3567386K(29501440K), 0.1094644 secs] [Times: user=5.64 sys=0.01, real=0.11 secs] 
5620.566: [GC (Allocation Failure) [PSYoungGen: 26288944K->889229K(26355712K)] 29015834K->3616671K(29501440K), 0.1186954 secs] [Times: user=5.97 sys=0.00, real=0.12 secs] 
5624.294: [GC (Allocation Failure) [PSYoungGen: 26337677K->826935K(26355712K)] 29065119K->3554897K(29501440K), 0.1108931 secs] [Times: user=5.80 sys=0.01, real=0.12 secs] 
5627.877: [GC (Allocation Failure) [PSYoungGen: 26275383K->823568K(26355712K)] 29003345K->3552082K(29501440K), 0.1160413 secs] [Times: user=5.62 sys=0.01, real=0.11 secs] 
5631.654: [GC (Allocation Failure) [PSYoungGen: 26272016K->862388K(26355712K)] 29000530K->3591406K(29501440K), 0.1136424 secs] [Times: user=5.91 sys=0.00, real=0.12 secs] 
5635.426: [GC (Allocation Failure) [PSYoungGen: 26310836K->782861K(26355712K)] 29039854K->3512471K(29501440K), 0.1100647 secs] [Times: user=5.43 sys=0.00, real=0.11 secs] 
5639.181: [GC (Allocation Failure) [PSYoungGen: 26231309K->783389K(26355712K)] 28960919K->3513735K(29501440K), 0.1069078 secs] [Times: user=5.57 sys=0.00, real=0.11 secs] 
5642.834: [GC (Allocation Failure) [PSYoungGen: 26231837K->773983K(26355712K)] 28962183K->3504929K(29501440K), 0.1096281 secs] [Times: user=5.38 sys=0.00, real=0.11 secs] 
5646.579: [GC (Allocation Failure) [PSYoungGen: 26222431K->773337K(26355712K)] 28953377K->3504827K(29501440K), 0.1059197 secs] [Times: user=5.40 sys=0.00, real=0.10 secs] 
5650.433: [GC (Allocation Failure) [PSYoungGen: 26221785K->823949K(26355712K)] 28953275K->3556239K(29501440K), 0.1127336 secs] [Times: user=5.80 sys=0.01, real=0.12 secs] 
5654.070: [GC (Allocation Failure) [PSYoungGen: 26272397K->907254K(26355712K)] 29004687K->3799880K(29501440K), 0.1529478 secs] [Times: user=7.53 sys=0.01, real=0.15 secs] 
5657.699: [GC (Allocation Failure) [PSYoungGen: 26355702K->907259K(26355712K)] 29248328K->3851781K(29501440K), 0.1244556 secs] [Times: user=6.42 sys=0.01, real=0.12 secs] 
5661.254: [GC (Allocation Failure) [PSYoungGen: 26355707K->838740K(26355712K)] 29300229K->3783967K(29501440K), 0.1083836 secs] [Times: user=5.73 sys=0.01, real=0.11 secs] 
5664.943: [GC (Allocation Failure) [PSYoungGen: 26287188K->861525K(26355712K)] 29232415K->3807527K(29501440K), 0.1107602 secs] [Times: user=5.90 sys=0.01, real=0.11 secs] 
5668.753: [GC (Allocation Failure) [PSYoungGen: 26309973K->851787K(26355712K)] 29255975K->3798325K(29501440K), 0.1102703 secs] [Times: user=5.63 sys=0.01, real=0.11 secs] 
5672.407: [GC (Allocation Failure) [PSYoungGen: 26300235K->832470K(26355712K)] 29246773K->3779512K(29501440K), 0.1099108 secs] [Times: user=5.70 sys=0.01, real=0.11 secs] 
5676.021: [GC (Allocation Failure) [PSYoungGen: 26280918K->907255K(26355712K)] 29227960K->3911281K(29501440K), 0.1295013 secs] [Times: user=6.42 sys=0.00, real=0.13 secs] 
5679.633: [GC (Allocation Failure) [PSYoungGen: 26355703K->907260K(26355712K)] 29359729K->3930463K(29501440K), 0.1265642 secs] [Times: user=6.12 sys=0.01, real=0.13 secs] 
5683.323: [GC (Allocation Failure) [PSYoungGen: 26355708K->736008K(26355712K)] 29378911K->3759651K(29501440K), 0.1014838 secs] [Times: user=4.92 sys=0.00, real=0.11 secs] 
5686.954: [GC (Allocation Failure) [PSYoungGen: 26184456K->907261K(26355712K)] 29208099K->3991631K(29501440K), 0.1277090 secs] [Times: user=6.59 sys=0.00, real=0.13 secs] 
5687.083: [Full GC (Ergonomics) [PSYoungGen: 907261K->0K(26355712K)] [ParOldGen: 3084370K->1536110K(3145728K)] 3991631K->1536110K(29501440K), [Metaspace: 22613K->22613K(1071104K)], 0.9618359 secs] [Times: user=26.21 sys=0.02, real=0.96 secs] 
5690.768: [GC (Allocation Failure) [PSYoungGen: 25448448K->762938K(26355712K)] 26984558K->2299048K(29501440K), 0.1166911 secs] [Times: user=5.42 sys=0.00, real=0.12 secs] 
5694.299: [GC (Allocation Failure) [PSYoungGen: 26211386K->708711K(26355712K)] 27747496K->2244821K(29501440K), 0.1006642 secs] [Times: user=5.15 sys=0.00, real=0.10 secs] 
5697.993: [GC (Allocation Failure) [PSYoungGen: 26157159K->876994K(26355712K)] 27693269K->2413105K(29501440K), 0.1152037 secs] [Times: user=5.86 sys=0.00, real=0.12 secs] 
5701.689: [GC (Allocation Failure) [PSYoungGen: 26325442K->888122K(26355712K)] 27861553K->2424232K(29501440K), 0.1218887 secs] [Times: user=6.01 sys=0.00, real=0.12 secs] 
5705.384: [GC (Allocation Failure) [PSYoungGen: 26336570K->795304K(26355712K)] 27872680K->2331414K(29501440K), 0.1109883 secs] [Times: user=5.96 sys=0.00, real=0.12 secs] 
5709.099: [GC (Allocation Failure) [PSYoungGen: 26243752K->891786K(26355712K)] 27779862K->2427896K(29501440K), 0.1361679 secs] [Times: user=7.00 sys=0.00, real=0.14 secs] 
5712.814: [GC (Allocation Failure) [PSYoungGen: 26340234K->775438K(26355712K)] 27876344K->2311549K(29501440K), 0.1201660 secs] [Times: user=6.31 sys=0.01, real=0.12 secs] 
5716.269: [GC (Allocation Failure) [PSYoungGen: 26223886K->778195K(26355712K)] 27759997K->2314305K(29501440K), 0.1095355 secs] [Times: user=5.46 sys=0.01, real=0.11 secs] 
5719.953: [GC (Allocation Failure) [PSYoungGen: 26226643K->799663K(26355712K)] 27762753K->2335773K(29501440K), 0.1118937 secs] [Times: user=5.90 sys=0.00, real=0.12 secs] 
5723.655: [GC (Allocation Failure) [PSYoungGen: 26248111K->816239K(26355712K)] 27784221K->2352349K(29501440K), 0.1142544 secs] [Times: user=5.85 sys=0.01, real=0.12 secs] 
5727.368: [GC (Allocation Failure) [PSYoungGen: 26264687K->834318K(26355712K)] 27800797K->2370428K(29501440K), 0.1144123 secs] [Times: user=5.94 sys=0.01, real=0.11 secs] 
5730.979: [GC (Allocation Failure) [PSYoungGen: 26282766K->830953K(26355712K)] 27818876K->2367063K(29501440K), 0.1114546 secs] [Times: user=5.99 sys=0.00, real=0.11 secs] 
5735.093: [GC (Allocation Failure) [PSYoungGen: 26279401K->802423K(26355712K)] 27815511K->2338533K(29501440K), 0.1094517 secs] [Times: user=5.63 sys=0.00, real=0.11 secs] 
5738.056: [GC (Allocation Failure) [PSYoungGen: 26250871K->782078K(26355712K)] 27786981K->2318189K(29501440K), 0.1078148 secs] [Times: user=5.57 sys=0.01, real=0.10 secs] 
5741.685: [GC (Allocation Failure) [PSYoungGen: 26230526K->773315K(26355712K)] 27766637K->2309425K(29501440K), 0.1047973 secs] [Times: user=5.51 sys=0.00, real=0.11 secs] 
5745.152: [GC (Allocation Failure) [PSYoungGen: 26221763K->747257K(26355712K)] 27757873K->2333735K(29501440K), 0.1117224 secs] [Times: user=5.92 sys=0.01, real=0.11 secs] 
5748.826: [GC (Allocation Failure) [PSYoungGen: 26195705K->731022K(26355712K)] 27782183K->2319021K(29501440K), 0.1041115 secs] [Times: user=5.20 sys=0.00, real=0.10 secs] 
5752.549: [GC (Allocation Failure) [PSYoungGen: 26179470K->732931K(26355712K)] 27767469K->2322138K(29501440K), 0.1014526 secs] [Times: user=5.14 sys=0.00, real=0.10 secs] 
5755.823: [GC (Allocation Failure) [PSYoungGen: 26181379K->774959K(26355712K)] 27770586K->2365158K(29501440K), 0.1051603 secs] [Times: user=5.31 sys=0.00, real=0.11 secs] 
5759.653: [GC (Allocation Failure) [PSYoungGen: 26223407K->738827K(26355712K)] 27813606K->2329818K(29501440K), 0.1044157 secs] [Times: user=5.29 sys=0.01, real=0.11 secs] 
5763.324: [GC (Allocation Failure) [PSYoungGen: 26187275K->722681K(26355712K)] 27778266K->2314216K(29501440K), 0.1013624 secs] [Times: user=5.06 sys=0.01, real=0.11 secs] 
5766.756: [GC (Allocation Failure) [PSYoungGen: 26171129K->779197K(26355712K)] 27762664K->2371508K(29501440K), 0.1041983 secs] [Times: user=5.45 sys=0.00, real=0.10 secs] 
5770.285: [GC (Allocation Failure) [PSYoungGen: 26227645K->769962K(26355712K)] 27819956K->2363169K(29501440K), 0.1022112 secs] [Times: user=5.33 sys=0.01, real=0.10 secs] 
5773.944: [GC (Allocation Failure) [PSYoungGen: 26218410K->810421K(26355712K)] 27811617K->2404140K(29501440K), 0.1073444 secs] [Times: user=5.54 sys=0.02, real=0.11 secs] 
5777.534: [GC (Allocation Failure) [PSYoungGen: 26258869K->809644K(26355712K)] 27852588K->2403930K(29501440K), 0.1175974 secs] [Times: user=5.59 sys=0.01, real=0.12 secs] 
5781.383: [GC (Allocation Failure) [PSYoungGen: 26258092K->766101K(26355712K)] 27852378K->2361204K(29501440K), 0.1033489 secs] [Times: user=5.26 sys=0.00, real=0.11 secs] 
5784.801: [GC (Allocation Failure) [PSYoungGen: 26214549K->840724K(26355712K)] 27809652K->2436371K(29501440K), 0.1111201 secs] [Times: user=5.53 sys=0.00, real=0.11 secs] 
5788.431: [GC (Allocation Failure) [PSYoungGen: 26289172K->907245K(26355712K)] 27884819K->2519532K(29501440K), 0.1217738 secs] [Times: user=6.19 sys=0.01, real=0.12 secs] 
5792.581: [GC (Allocation Failure) [PSYoungGen: 26355693K->869800K(26355712K)] 27967980K->2482879K(29501440K), 0.1262789 secs] [Times: user=6.15 sys=0.01, real=0.13 secs] 
5795.916: [GC (Allocation Failure) [PSYoungGen: 26318248K->907237K(26355712K)] 27931327K->2568892K(29501440K), 0.1267229 secs] [Times: user=6.44 sys=0.00, real=0.12 secs] 
5799.391: [GC (Allocation Failure) [PSYoungGen: 26355685K->885472K(26355712K)] 28017340K->2547607K(29501440K), 0.1140532 secs] [Times: user=5.88 sys=0.00, real=0.12 secs] 
5803.310: [GC (Allocation Failure) [PSYoungGen: 26333920K->853778K(26355712K)] 27996055K->2516504K(29501440K), 0.1089429 secs] [Times: user=5.73 sys=0.00, real=0.11 secs] 
5807.482: [GC (Allocation Failure) [PSYoungGen: 26302226K->837594K(26355712K)] 27964952K->2500929K(29501440K), 0.1066691 secs] [Times: user=5.62 sys=0.01, real=0.11 secs] 
5810.211: [GC (Allocation Failure) [PSYoungGen: 26286042K->907252K(26355712K)] 27949377K->2645355K(29501440K), 0.1328002 secs] [Times: user=6.67 sys=0.00, real=0.13 secs] 
5813.603: [GC (Allocation Failure) [PSYoungGen: 26355700K->802952K(26355712K)] 28093803K->2541590K(29501440K), 0.1045034 secs] [Times: user=5.26 sys=0.01, real=0.11 secs] 
5817.062: [GC (Allocation Failure) [PSYoungGen: 26251400K->885226K(26355712K)] 27990038K->2624488K(29501440K), 0.1133957 secs] [Times: user=5.96 sys=0.00, real=0.12 secs] 
5820.573: [GC (Allocation Failure) [PSYoungGen: 26333674K->833877K(26355712K)] 28072936K->2573676K(29501440K), 0.1107017 secs] [Times: user=5.63 sys=0.00, real=0.11 secs] 
5824.053: [GC (Allocation Failure) [PSYoungGen: 26282325K->849027K(26355712K)] 28022124K->2589369K(29501440K), 0.1110531 secs] [Times: user=5.77 sys=0.00, real=0.11 secs] 
5827.649: [GC (Allocation Failure) [PSYoungGen: 26297475K->740989K(26355712K)] 28037817K->2481940K(29501440K), 0.1060011 secs] [Times: user=5.08 sys=0.01, real=0.10 secs] 
5831.455: [GC (Allocation Failure) [PSYoungGen: 26189437K->766903K(26355712K)] 27930388K->2508406K(29501440K), 0.1019383 secs] [Times: user=5.27 sys=0.00, real=0.11 secs] 
5834.860: [GC (Allocation Failure) [PSYoungGen: 26215351K->852664K(26355712K)] 27956854K->2594750K(29501440K), 0.1230059 secs] [Times: user=6.03 sys=0.01, real=0.12 secs] 
5838.440: [GC (Allocation Failure) [PSYoungGen: 26301112K->810110K(26355712K)] 28043198K->2552716K(29501440K), 0.1180695 secs] [Times: user=5.92 sys=0.02, real=0.12 secs] 
5842.026: [GC (Allocation Failure) [PSYoungGen: 26258558K->887304K(26355712K)] 28001164K->2630607K(29501440K), 0.1188176 secs] [Times: user=5.77 sys=0.01, real=0.12 secs] 
5845.555: [GC (Allocation Failure) [PSYoungGen: 26335752K->793716K(26355712K)] 28079055K->2537619K(29501440K), 0.1133141 secs] [Times: user=5.52 sys=0.00, real=0.11 secs] 
5850.295: [GC (Allocation Failure) [PSYoungGen: 26242164K->907260K(26355712K)] 27986067K->2662875K(29501440K), 0.1192218 secs] [Times: user=6.02 sys=0.00, real=0.11 secs] 
5853.163: [GC (Allocation Failure) [PSYoungGen: 26355708K->764757K(26355712K)] 28111323K->2521067K(29501440K), 0.1228550 secs] [Times: user=6.07 sys=0.01, real=0.13 secs] 
5856.307: [GC (Allocation Failure) [PSYoungGen: 26213205K->826593K(26355712K)] 27969515K->2583480K(29501440K), 0.1103250 secs] [Times: user=5.67 sys=0.01, real=0.11 secs] 
5859.912: [GC (Allocation Failure) [PSYoungGen: 26275041K->847368K(26355712K)] 28031928K->2604774K(29501440K), 0.1122526 secs] [Times: user=5.79 sys=0.01, real=0.11 secs] 
5863.548: [GC (Allocation Failure) [PSYoungGen: 26295816K->885458K(26355712K)] 28053222K->2643665K(29501440K), 0.1174283 secs] [Times: user=5.86 sys=0.00, real=0.12 secs] 
5867.035: [GC (Allocation Failure) [PSYoungGen: 26333906K->786958K(26355712K)] 28092113K->2545685K(29501440K), 0.1065450 secs] [Times: user=5.42 sys=0.00, real=0.10 secs] 
5870.572: [GC (Allocation Failure) [PSYoungGen: 26235406K->842653K(26355712K)] 27994133K->2601947K(29501440K), 0.1105861 secs] [Times: user=5.71 sys=0.00, real=0.11 secs] 
5874.128: [GC (Allocation Failure) [PSYoungGen: 26291101K->907254K(26355712K)] 28050395K->2682620K(29501440K), 0.1212136 secs] [Times: user=6.17 sys=0.01, real=0.12 secs] 
5877.775: [GC (Allocation Failure) [PSYoungGen: 26355702K->863897K(26355712K)] 28131068K->2639759K(29501440K), 0.1271166 secs] [Times: user=6.57 sys=0.01, real=0.13 secs] 
5881.301: [GC (Allocation Failure) [PSYoungGen: 26312345K->907262K(26355712K)] 28088207K->2691116K(29501440K), 0.1140191 secs] [Times: user=5.88 sys=0.00, real=0.12 secs] 
5884.799: [GC (Allocation Failure) [PSYoungGen: 26355710K->883521K(26355712K)] 28139564K->2667967K(29501440K), 0.1108615 secs] [Times: user=5.88 sys=0.01, real=0.11 secs] 
5888.343: [GC (Allocation Failure) [PSYoungGen: 26331969K->849104K(26355712K)] 28116415K->2634054K(29501440K), 0.1093864 secs] [Times: user=5.69 sys=0.01, real=0.11 secs] 
5891.988: [GC (Allocation Failure) [PSYoungGen: 26297552K->841975K(26355712K)] 28082502K->2627470K(29501440K), 0.1115724 secs] [Times: user=5.70 sys=0.01, real=0.11 secs] 
5896.091: [GC (Allocation Failure) [PSYoungGen: 26290423K->907244K(26355712K)] 28075918K->2759731K(29501440K), 0.1307478 secs] [Times: user=6.43 sys=0.01, real=0.13 secs] 
5899.320: [GC (Allocation Failure) [PSYoungGen: 26355692K->797717K(26355712K)] 28208179K->2650803K(29501440K), 0.1047588 secs] [Times: user=5.38 sys=0.01, real=0.11 secs] 
5902.507: [GC (Allocation Failure) [PSYoungGen: 26246165K->907238K(26355712K)] 28099251K->2885252K(29501440K), 0.1385787 secs] [Times: user=7.09 sys=0.01, real=0.14 secs] 
5906.189: [GC (Allocation Failure) [PSYoungGen: 26355686K->899072K(26355712K)] 28333700K->2877567K(29501440K), 0.1134588 secs] [Times: user=5.65 sys=0.00, real=0.11 secs] 
5909.712: [GC (Allocation Failure) [PSYoungGen: 26347520K->818444K(26355712K)] 28326015K->2797523K(29501440K), 0.1100919 secs] [Times: user=5.54 sys=0.00, real=0.11 secs] 
5913.041: [GC (Allocation Failure) [PSYoungGen: 26266892K->840868K(26355712K)] 28245971K->2820547K(29501440K), 0.1077220 secs] [Times: user=5.63 sys=0.00, real=0.11 secs] 
5916.566: [GC (Allocation Failure) [PSYoungGen: 26289316K->907254K(26355712K)] 28268995K->2956741K(29501440K), 0.1292707 secs] [Times: user=6.77 sys=0.01, real=0.13 secs] 
5920.179: [GC (Allocation Failure) [PSYoungGen: 26355702K->772717K(26355712K)] 28405189K->2822724K(29501440K), 0.1212072 secs] [Times: user=5.96 sys=0.00, real=0.12 secs] 
5923.704: [GC (Allocation Failure) [PSYoungGen: 26221165K->907244K(26355712K)] 28271172K->3052139K(29501440K), 0.1294772 secs] [Times: user=6.91 sys=0.01, real=0.13 secs] 
5927.246: [GC (Allocation Failure) [PSYoungGen: 26355692K->907242K(26355712K)] 28500587K->3082568K(29501440K), 0.1191241 secs] [Times: user=6.12 sys=0.00, real=0.12 secs] 
5930.578: [GC (Allocation Failure) [PSYoungGen: 26355690K->907240K(26355712K)] 28531016K->3179175K(29501440K), 0.1351409 secs] [Times: user=6.94 sys=0.00, real=0.13 secs] 
5935.043: [GC (Allocation Failure) [PSYoungGen: 26355688K->907248K(26355712K)] 28627623K->3180047K(29501440K), 0.1187522 secs] [Times: user=5.64 sys=0.00, real=0.12 secs] 
5937.733: [GC (Allocation Failure) [PSYoungGen: 26355696K->897220K(26355712K)] 28628495K->3170547K(29501440K), 0.1103231 secs] [Times: user=5.91 sys=0.00, real=0.11 secs] 
5941.332: [GC (Allocation Failure) [PSYoungGen: 26345668K->907242K(26355712K)] 28618995K->3309817K(29501440K), 0.1333195 secs] [Times: user=7.11 sys=0.00, real=0.14 secs] 
5944.672: [GC (Allocation Failure) [PSYoungGen: 26355690K->907233K(26355712K)] 28758265K->3365776K(29501440K), 0.1356215 secs] [Times: user=6.95 sys=0.00, real=0.14 secs] 
5948.187: [GC (Allocation Failure) [PSYoungGen: 26355681K->886133K(26355712K)] 28814224K->3345460K(29501440K), 0.1461769 secs] [Times: user=7.79 sys=0.00, real=0.14 secs] 
5951.710: [GC (Allocation Failure) [PSYoungGen: 26334581K->898417K(26355712K)] 28793908K->3358392K(29501440K), 0.1360416 secs] [Times: user=7.00 sys=0.01, real=0.14 secs] 
5955.238: [GC (Allocation Failure) [PSYoungGen: 26346865K->884143K(26355712K)] 28806840K->3344990K(29501440K), 0.1163593 secs] [Times: user=5.92 sys=0.00, real=0.12 secs] 
5958.672: [GC (Allocation Failure) [PSYoungGen: 26332591K->842439K(26355712K)] 28793438K->3303765K(29501440K), 0.1095332 secs] [Times: user=5.61 sys=0.01, real=0.11 secs] 
5962.212: [GC (Allocation Failure) [PSYoungGen: 26290887K->872826K(26355712K)] 28752213K->3334688K(29501440K), 0.1154846 secs] [Times: user=5.93 sys=0.00, real=0.12 secs] 
5965.818: [GC (Allocation Failure) [PSYoungGen: 26321274K->867034K(26355712K)] 28783136K->3329457K(29501440K), 0.1127685 secs] [Times: user=5.76 sys=0.00, real=0.11 secs] 
5969.332: [GC (Allocation Failure) [PSYoungGen: 26315482K->878608K(26355712K)] 28777905K->3341910K(29501440K), 0.1152284 secs] [Times: user=5.94 sys=0.01, real=0.12 secs] 
5972.897: [GC (Allocation Failure) [PSYoungGen: 26327056K->793231K(26355712K)] 28790358K->3257046K(29501440K), 0.1050241 secs] [Times: user=5.60 sys=0.01, real=0.10 secs] 
5976.488: [GC (Allocation Failure) [PSYoungGen: 26241679K->907240K(26355712K)] 28705494K->3474631K(29501440K), 0.1338026 secs] [Times: user=7.13 sys=0.02, real=0.13 secs] 
5979.957: [GC (Allocation Failure) [PSYoungGen: 26355688K->859512K(26355712K)] 28923079K->3427919K(29501440K), 0.1276586 secs] [Times: user=6.54 sys=0.02, real=0.13 secs] 
5983.551: [GC (Allocation Failure) [PSYoungGen: 26307960K->907252K(26355712K)] 28876367K->3670659K(29501440K), 0.1515146 secs] [Times: user=7.79 sys=0.01, real=0.15 secs] 
5988.189: [GC (Allocation Failure) [PSYoungGen: 26355700K->907257K(26355712K)] 29119107K->3685543K(29501440K), 0.1134483 secs] [Times: user=6.13 sys=0.00, real=0.11 secs] 
5991.282: [GC (Allocation Failure) [PSYoungGen: 26355705K->907235K(26355712K)] 29133991K->3916810K(29501440K), 0.1503103 secs] [Times: user=7.90 sys=0.01, real=0.15 secs] 
5991.433: [Full GC (Ergonomics) [PSYoungGen: 907235K->0K(26355712K)] [ParOldGen: 3009574K->1708605K(3145728K)] 3916810K->1708605K(29501440K), [Metaspace: 22613K->22613K(1071104K)], 1.0772510 secs] [Times: user=36.02 sys=0.01, real=1.08 secs] 
5994.996: [GC (Allocation Failure) [PSYoungGen: 25448448K->907248K(26355712K)] 27157053K->2798734K(29501440K), 0.1708820 secs] [Times: user=9.18 sys=0.00, real=0.17 secs] 
5999.500: [GC (Allocation Failure) [PSYoungGen: 26355696K->887797K(26355712K)] 28247182K->2779282K(29501440K), 0.1278878 secs] [Times: user=6.44 sys=0.00, real=0.13 secs] 
6002.375: [GC (Allocation Failure) [PSYoungGen: 26336245K->907250K(26355712K)] 28227730K->2914367K(29501440K), 0.1360482 secs] [Times: user=7.13 sys=0.00, real=0.13 secs] 
6005.071: [GC (Allocation Failure) [PSYoungGen: 26355698K->907256K(26355712K)] 28362815K->3041597K(29501440K), 0.1429683 secs] [Times: user=7.18 sys=0.01, real=0.14 secs] 
6009.488: [GC (Allocation Failure) [PSYoungGen: 26355704K->907236K(26355712K)] 28490045K->3056209K(29501440K), 0.1196192 secs] [Times: user=6.14 sys=0.00, real=0.12 secs] 
6012.199: [GC (Allocation Failure) [PSYoungGen: 26355684K->907243K(26355712K)] 28504657K->3109992K(29501440K), 0.1303834 secs] [Times: user=6.50 sys=0.00, real=0.13 secs] 
6015.035: [GC (Allocation Failure) [PSYoungGen: 26355691K->867197K(26355712K)] 28558440K->3069947K(29501440K), 0.1279369 secs] [Times: user=6.47 sys=0.00, real=0.12 secs] 
6018.406: [GC (Allocation Failure) [PSYoungGen: 26315645K->823927K(26355712K)] 28518395K->3026676K(29501440K), 0.1114916 secs] [Times: user=5.73 sys=0.00, real=0.11 secs] 
6022.588: [GC (Allocation Failure) [PSYoungGen: 26272375K->907252K(26355712K)] 28475124K->3139769K(29501440K), 0.1222143 secs] [Times: user=6.37 sys=0.01, real=0.12 secs] 
6025.352: [GC (Allocation Failure) [PSYoungGen: 26355700K->846280K(26355712K)] 28588217K->3078798K(29501440K), 0.1312556 secs] [Times: user=6.82 sys=0.01, real=0.13 secs] 
6028.843: [GC (Allocation Failure) [PSYoungGen: 26294728K->907257K(26355712K)] 28527246K->3178390K(29501440K), 0.1300560 secs] [Times: user=7.04 sys=0.00, real=0.13 secs] 
6032.314: [GC (Allocation Failure) [PSYoungGen: 26355705K->907254K(26355712K)] 28626838K->3190491K(29501440K), 0.1323069 secs] [Times: user=6.92 sys=0.02, real=0.14 secs] 
6035.741: [GC (Allocation Failure) [PSYoungGen: 26355702K->907233K(26355712K)] 28638939K->3231078K(29501440K), 0.1256704 secs] [Times: user=6.36 sys=0.01, real=0.13 secs] 
6039.203: [GC (Allocation Failure) [PSYoungGen: 26355681K->838043K(26355712K)] 28679526K->3161888K(29501440K), 0.1095139 secs] [Times: user=5.67 sys=0.01, real=0.11 secs] 
6042.734: [GC (Allocation Failure) [PSYoungGen: 26286491K->907260K(26355712K)] 28610336K->3243529K(29501440K), 0.1197771 secs] [Times: user=6.07 sys=0.00, real=0.12 secs] 
6046.124: [GC (Allocation Failure) [PSYoungGen: 26355708K->830592K(26355712K)] 28691977K->3214142K(29501440K), 0.1145840 secs] [Times: user=5.92 sys=0.00, real=0.12 secs] 
6049.801: [GC (Allocation Failure) [PSYoungGen: 26279040K->907262K(26355712K)] 28662590K->3389244K(29501440K), 0.1330210 secs] [Times: user=7.03 sys=0.00, real=0.13 secs] 
6053.166: [GC (Allocation Failure) [PSYoungGen: 26355710K->853137K(26355712K)] 28837692K->3336727K(29501440K), 0.1124713 secs] [Times: user=5.75 sys=0.01, real=0.11 secs] 
6056.576: [GC (Allocation Failure) [PSYoungGen: 26301585K->863999K(26355712K)] 28785175K->3349085K(29501440K), 0.1128051 secs] [Times: user=5.85 sys=0.01, real=0.11 secs] 
6060.052: [GC (Allocation Failure) [PSYoungGen: 26312447K->907246K(26355712K)] 28797533K->3531500K(29501440K), 0.1409458 secs] [Times: user=7.21 sys=0.01, real=0.14 secs] 
6063.585: [GC (Allocation Failure) [PSYoungGen: 26355694K->907246K(26355712K)] 28979948K->3594908K(29501440K), 0.1243755 secs] [Times: user=6.63 sys=0.00, real=0.13 secs] 
6066.979: [GC (Allocation Failure) [PSYoungGen: 26355694K->907241K(26355712K)] 29043356K->3727671K(29501440K), 0.1399354 secs] [Times: user=7.14 sys=0.00, real=0.14 secs] 
6070.511: [GC (Allocation Failure) [PSYoungGen: 26355689K->790557K(26355712K)] 29176119K->3611803K(29501440K), 0.1095963 secs] [Times: user=5.38 sys=0.01, real=0.11 secs] 
6074.115: [GC (Allocation Failure) [PSYoungGen: 26239005K->848131K(26355712K)] 29060251K->3670377K(29501440K), 0.1087953 secs] [Times: user=5.65 sys=0.00, real=0.10 secs] 
6077.538: [GC (Allocation Failure) [PSYoungGen: 26296579K->897366K(26355712K)] 29118825K->3720268K(29501440K), 0.1195681 secs] [Times: user=6.00 sys=0.01, real=0.12 secs] 
6080.913: [GC (Allocation Failure) [PSYoungGen: 26345814K->907232K(26355712K)] 29168716K->3763470K(29501440K), 0.1231263 secs] [Times: user=6.34 sys=0.00, real=0.13 secs] 
6084.396: [GC (Allocation Failure) [PSYoungGen: 26355680K->761352K(26355712K)] 29211918K->3618430K(29501440K), 0.1044579 secs] [Times: user=5.32 sys=0.01, real=0.10 secs] 
6087.929: [GC (Allocation Failure) [PSYoungGen: 26209800K->907255K(26355712K)] 29066878K->3787037K(29501440K), 0.1184300 secs] [Times: user=6.19 sys=0.01, real=0.12 secs] 
6092.245: [GC (Allocation Failure) --[PSYoungGen: 26355703K->26355703K(26355712K)] 29235485K->29501429K(29501440K), 8.5706915 secs] [Times: user=17.50 sys=0.01, real=8.57 secs] 
6100.817: [Full GC (Ergonomics) [PSYoungGen: 26355703K->0K(26355712K)] [ParOldGen: 3145725K->1795875K(3145728K)] 29501429K->1795875K(29501440K), [Metaspace: 22613K->22613K(1071104K)], 1.5977243 secs] [Times: user=42.83 sys=0.27, real=1.59 secs] 
6105.259: [GC (Allocation Failure) [PSYoungGen: 25448448K->907234K(26355712K)] 27244323K->2928933K(29501440K), 0.2164860 secs] [Times: user=11.24 sys=0.01, real=0.22 secs] 
6108.214: [GC (Allocation Failure) [PSYoungGen: 26355682K->907235K(26355712K)] 28377381K->3391267K(29501440K), 0.2057333 secs] [Times: user=10.83 sys=0.00, real=0.21 secs] 
6112.385: [GC (Allocation Failure) [PSYoungGen: 26355683K->907250K(26355712K)] 28839715K->3742539K(29501440K), 0.2120103 secs] [Times: user=11.31 sys=0.00, real=0.22 secs] 
6112.598: [Full GC (Ergonomics) [PSYoungGen: 907250K->0K(26355712K)] [ParOldGen: 2835288K->1636390K(3145728K)] 3742539K->1636390K(29501440K), [Metaspace: 22613K->22613K(1071104K)], 0.9228729 secs] [Times: user=26.87 sys=0.02, real=0.92 secs] 
6116.236: [GC (Allocation Failure) [PSYoungGen: 25448448K->907249K(26355712K)] 27084838K->2680207K(29501440K), 0.1538372 secs] [Times: user=7.95 sys=0.01, real=0.15 secs] 
6120.706: [GC (Allocation Failure) [PSYoungGen: 26355697K->907247K(26355712K)] 28128655K->2795998K(29501440K), 0.1421477 secs] [Times: user=7.45 sys=0.00, real=0.14 secs] 
6123.459: [GC (Allocation Failure) [PSYoungGen: 26355695K->907256K(26355712K)] 28244446K->3027751K(29501440K), 0.1709127 secs] [Times: user=8.84 sys=0.00, real=0.17 secs] 
6127.637: [GC (Allocation Failure) [PSYoungGen: 26355704K->907243K(26355712K)] 28476199K->3173521K(29501440K), 0.1382478 secs] [Times: user=7.44 sys=0.00, real=0.14 secs] 
6130.803: [GC (Allocation Failure) [PSYoungGen: 26355691K->907263K(26355712K)] 28621969K->3398934K(29501440K), 0.1527402 secs] [Times: user=8.32 sys=0.00, real=0.16 secs] 
6135.457: [GC (Allocation Failure) [PSYoungGen: 26355711K->907263K(26355712K)] 28847382K->3501854K(29501440K), 0.1328338 secs] [Times: user=6.97 sys=0.00, real=0.13 secs] 
6138.509: [GC (Allocation Failure) [PSYoungGen: 26355711K->907262K(26355712K)] 28950302K->3920813K(29501440K), 0.1915918 secs] [Times: user=10.30 sys=0.00, real=0.19 secs] 
6138.701: [Full GC (Ergonomics) [PSYoungGen: 907262K->0K(26355712K)] [ParOldGen: 3013550K->1840217K(3145728K)] 3920813K->1840217K(29501440K), [Metaspace: 22613K->22613K(1071104K)], 1.3910521 secs] [Times: user=48.51 sys=0.02, real=1.39 secs] 
6144.737: [GC (Allocation Failure) [PSYoungGen: 25448448K->907248K(26355712K)] 27288665K->3068025K(29501440K), 0.1838551 secs] [Times: user=9.74 sys=0.02, real=0.18 secs] 
6147.700: [GC (Allocation Failure) [PSYoungGen: 26355696K->907243K(26355712K)] 28516473K->3489140K(29501440K), 0.1962890 secs] [Times: user=10.52 sys=0.00, real=0.20 secs] 
6153.218: [GC (Allocation Failure) [PSYoungGen: 26355691K->907248K(26355712K)] 28937588K->3968166K(29501440K), 0.2115960 secs] [Times: user=11.13 sys=0.01, real=0.21 secs] 
6153.431: [Full GC (Ergonomics) [PSYoungGen: 907248K->0K(26355712K)] [ParOldGen: 3060918K->1922288K(3145728K)] 3968166K->1922288K(29501440K), [Metaspace: 22613K->22613K(1071104K)], 1.5949687 secs] [Times: user=44.50 sys=0.02, real=1.60 secs] 
6160.317: [GC (Allocation Failure) [PSYoungGen: 25448448K->907235K(26355712K)] 27370736K->3310951K(29501440K), 0.2214668 secs] [Times: user=11.60 sys=0.00, real=0.22 secs] 
6164.705: [GC (Allocation Failure) [PSYoungGen: 26355683K->907245K(26355712K)] 28759399K->3831145K(29501440K), 0.2129562 secs] [Times: user=11.45 sys=0.01, real=0.21 secs] 
6164.919: [Full GC (Ergonomics) [PSYoungGen: 907245K->0K(26355712K)] [ParOldGen: 2923900K->1809643K(3145728K)] 3831145K->1809643K(29501440K), [Metaspace: 22613K->22613K(1071104K)], 1.3349170 secs] [Times: user=29.45 sys=0.01, real=1.33 secs] 
6168.820: [GC (Allocation Failure) [PSYoungGen: 25448448K->907262K(26355712K)] 27258091K->3051033K(29501440K), 0.1948274 secs] [Times: user=9.94 sys=0.00, real=0.19 secs] 
6171.651: [GC (Allocation Failure) [PSYoungGen: 26355710K->907261K(26355712K)] 28499481K->3507046K(29501440K), 0.2026647 secs] [Times: user=11.08 sys=0.00, real=0.20 secs] 
6171.855: [Full GC (Ergonomics) [PSYoungGen: 907261K->0K(26355712K)] [ParOldGen: 2599785K->1889092K(3145728K)] 3507046K->1889092K(29501440K), [Metaspace: 22613K->22613K(1071104K)], 1.7011722 secs] [Times: user=43.18 sys=0.03, real=1.71 secs] 
6177.629: [GC (Allocation Failure) [PSYoungGen: 25448448K->907240K(26355712K)] 27337540K->3090284K(29501440K), 0.1822287 secs] [Times: user=9.73 sys=0.01, real=0.18 secs] 
6180.535: [GC (Allocation Failure) [PSYoungGen: 26355688K->907245K(26355712K)] 28538732K->3620375K(29501440K), 0.2258980 secs] [Times: user=11.99 sys=0.00, real=0.23 secs] 
6180.761: [Full GC (Ergonomics) [PSYoungGen: 907245K->0K(26355712K)] [ParOldGen: 2713129K->2009326K(3145728K)] 3620375K->2009326K(29501440K), [Metaspace: 22613K->22613K(1071104K)], 1.6234967 secs] [Times: user=47.87 sys=0.03, real=1.63 secs] 
6187.201: [GC (Allocation Failure) [PSYoungGen: 25448448K->907252K(26355712K)] 27457774K->3253282K(29501440K), 0.1949303 secs] [Times: user=10.14 sys=0.00, real=0.20 secs] 
6191.651: [GC (Allocation Failure) [PSYoungGen: 26355700K->907242K(26355712K)] 28701730K->3758163K(29501440K), 0.2161909 secs] [Times: user=11.65 sys=0.00, real=0.22 secs] 
6191.868: [Full GC (Ergonomics) [PSYoungGen: 907242K->0K(26355712K)] [ParOldGen: 2850920K->1985235K(3145728K)] 3758163K->1985235K(29501440K), [Metaspace: 22613K->22613K(1071104K)], 1.6086883 secs] [Times: user=47.00 sys=0.01, real=1.61 secs] 
6196.236: [GC (Allocation Failure) [PSYoungGen: 25448448K->907233K(26355712K)] 27433683K->3157340K(29501440K), 0.1763730 secs] [Times: user=9.22 sys=0.00, real=0.17 secs] 
6201.967: [GC (Allocation Failure) [PSYoungGen: 26355681K->907233K(26355712K)] 28605788K->3659013K(29501440K), 0.2189253 secs] [Times: user=11.73 sys=0.00, real=0.22 secs] 
6202.187: [Full GC (Ergonomics) [PSYoungGen: 907233K->0K(26355712K)] [ParOldGen: 2751779K->2009538K(3145728K)] 3659013K->2009538K(29501440K), [Metaspace: 22613K->22613K(1071104K)], 1.7564541 secs] [Times: user=61.94 sys=0.01, real=1.75 secs] 
6208.819: [GC (Allocation Failure) [PSYoungGen: 25448448K->907234K(26355712K)] 27457986K->3227044K(29501440K), 0.1841476 secs] [Times: user=9.52 sys=0.00, real=0.18 secs] 
6211.601: [GC (Allocation Failure) [PSYoungGen: 26355682K->907247K(26355712K)] 28675492K->3678473K(29501440K), 0.2078994 secs] [Times: user=11.06 sys=0.00, real=0.21 secs] 
6211.809: [Full GC (Ergonomics) [PSYoungGen: 907247K->0K(26355712K)] [ParOldGen: 2771226K->2304911K(3145728K)] 3678473K->2304911K(29501440K), [Metaspace: 22613K->22613K(1071104K)], 2.6071674 secs] [Times: user=92.05 sys=0.06, real=2.61 secs] 
6219.426: [GC (Allocation Failure) [PSYoungGen: 25448448K->907241K(26355712K)] 27753359K->3745224K(29501440K), 0.2325685 secs] [Times: user=12.11 sys=0.01, real=0.23 secs] 
6219.660: [Full GC (Ergonomics) [PSYoungGen: 907241K->0K(26355712K)] [ParOldGen: 2837983K->2692255K(3145728K)] 3745224K->2692255K(29501440K), [Metaspace: 22613K->22613K(1071104K)], 3.1625551 secs] [Times: user=127.45 sys=0.04, real=3.16 secs] 
6226.508: [Full GC (System.gc()) [PSYoungGen: 14777097K->0K(26355712K)] [ParOldGen: 2692255K->180428K(3145728K)] 17469353K->180428K(29501440K), [Metaspace: 22615K->22615K(1071104K)], 0.2189971 secs] [Times: user=5.52 sys=0.02, real=0.22 secs] 
6267.851: [GC (Allocation Failure) [PSYoungGen: 25448448K->907258K(26355712K)] 25628876K->1107446K(29501440K), 0.0935818 secs] [Times: user=4.66 sys=0.01, real=0.09 secs] 
6280.960: [GC (Allocation Failure) [PSYoungGen: 26355706K->907239K(26355712K)] 26555894K->1128907K(29501440K), 0.0854088 secs] [Times: user=4.18 sys=0.01, real=0.09 secs] 
6291.402: [GC (Allocation Failure) [PSYoungGen: 26355687K->907250K(26355712K)] 26577355K->1157950K(29501440K), 0.0849733 secs] [Times: user=4.13 sys=0.01, real=0.09 secs] 
6299.686: [GC (Allocation Failure) [PSYoungGen: 26355698K->907232K(26355712K)] 26606398K->1166892K(29501440K), 0.0824077 secs] [Times: user=3.95 sys=0.00, real=0.08 secs] 
6307.284: [GC (Allocation Failure) [PSYoungGen: 26355680K->907252K(26355712K)] 26615340K->1207377K(29501440K), 0.0868117 secs] [Times: user=4.37 sys=0.01, real=0.09 secs] 
6314.025: [GC (Allocation Failure) [PSYoungGen: 26355700K->907233K(26355712K)] 26655825K->1226534K(29501440K), 0.0807107 secs] [Times: user=4.09 sys=0.01, real=0.08 secs] 
6320.514: [GC (Allocation Failure) [PSYoungGen: 26355681K->907263K(26355712K)] 26674982K->1349235K(29501440K), 0.1067063 secs] [Times: user=5.35 sys=0.01, real=0.11 secs] 
6326.369: [GC (Allocation Failure) [PSYoungGen: 26355711K->907259K(26355712K)] 26797683K->1475823K(29501440K), 0.1086255 secs] [Times: user=5.64 sys=0.00, real=0.11 secs] 
6331.990: [GC (Allocation Failure) [PSYoungGen: 26355707K->907258K(26355712K)] 26924271K->1535918K(29501440K), 0.0960737 secs] [Times: user=4.71 sys=0.01, real=0.10 secs] 
6337.342: [GC (Allocation Failure) [PSYoungGen: 26355706K->907254K(26355712K)] 26984366K->1624843K(29501440K), 0.1051155 secs] [Times: user=5.10 sys=0.01, real=0.11 secs] 
6342.400: [GC (Allocation Failure) [PSYoungGen: 26355702K->907236K(26355712K)] 27073291K->1747160K(29501440K), 0.1106098 secs] [Times: user=5.63 sys=0.01, real=0.11 secs] 
6347.406: [GC (Allocation Failure) [PSYoungGen: 26355684K->907251K(26355712K)] 27195608K->1877967K(29501440K), 0.1152681 secs] [Times: user=5.79 sys=0.01, real=0.11 secs] 
6352.263: [GC (Allocation Failure) [PSYoungGen: 26355699K->907238K(26355712K)] 27326415K->1977418K(29501440K), 0.1101002 secs] [Times: user=5.42 sys=0.01, real=0.11 secs] 
6356.717: [GC (Allocation Failure) [PSYoungGen: 26355686K->907238K(26355712K)] 27425866K->2052346K(29501440K), 0.1029171 secs] [Times: user=5.27 sys=0.00, real=0.10 secs] 
6361.144: [GC (Allocation Failure) [PSYoungGen: 26355686K->907232K(26355712K)] 27500794K->2197932K(29501440K), 0.1192812 secs] [Times: user=6.21 sys=0.02, real=0.12 secs] 
6365.790: [GC (Allocation Failure) [PSYoungGen: 26355680K->749623K(26355712K)] 27646380K->2299035K(29501440K), 0.1208405 secs] [Times: user=5.93 sys=0.01, real=0.12 secs] 
6370.200: [GC (Allocation Failure) [PSYoungGen: 26198071K->809389K(26355712K)] 27747483K->2367218K(29501440K), 0.1065626 secs] [Times: user=5.38 sys=0.00, real=0.11 secs] 
6374.099: [GC (Allocation Failure) [PSYoungGen: 26257837K->884637K(26355712K)] 27815666K->2446419K(29501440K), 0.1129847 secs] [Times: user=5.86 sys=0.00, real=0.11 secs] 
6378.046: [GC (Allocation Failure) [PSYoungGen: 26333085K->840098K(26355712K)] 27894867K->2408305K(29501440K), 0.1125312 secs] [Times: user=5.71 sys=0.00, real=0.11 secs] 
6381.971: [GC (Allocation Failure) [PSYoungGen: 26288546K->894481K(26355712K)] 27856753K->2469075K(29501440K), 0.1218557 secs] [Times: user=5.88 sys=0.01, real=0.12 secs] 
6385.897: [GC (Allocation Failure) [PSYoungGen: 26342929K->877105K(26355712K)] 27917523K->2453244K(29501440K), 0.1172398 secs] [Times: user=6.11 sys=0.00, real=0.11 secs] 
6389.953: [GC (Allocation Failure) [PSYoungGen: 26325553K->800021K(26355712K)] 27901692K->2377632K(29501440K), 0.1072330 secs] [Times: user=5.36 sys=0.00, real=0.11 secs] 
6393.943: [GC (Allocation Failure) [PSYoungGen: 26248469K->830281K(26355712K)] 27826080K->2409476K(29501440K), 0.1086535 secs] [Times: user=5.83 sys=0.01, real=0.11 secs] 
6397.836: [GC (Allocation Failure) [PSYoungGen: 26278729K->782672K(26355712K)] 27857924K->2362963K(29501440K), 0.1077715 secs] [Times: user=5.24 sys=0.00, real=0.10 secs] 
6401.639: [GC (Allocation Failure) [PSYoungGen: 26231120K->907234K(26355712K)] 27811411K->2546141K(29501440K), 0.1284781 secs] [Times: user=6.67 sys=0.01, real=0.13 secs] 
6405.327: [GC (Allocation Failure) [PSYoungGen: 26355682K->907260K(26355712K)] 27994589K->2653752K(29501440K), 0.1487742 secs] [Times: user=7.63 sys=0.00, real=0.15 secs] 
6408.858: [GC (Allocation Failure) [PSYoungGen: 26355708K->769827K(26355712K)] 28102200K->2517495K(29501440K), 0.1213681 secs] [Times: user=6.10 sys=0.00, real=0.12 secs] 
6412.970: [GC (Allocation Failure) [PSYoungGen: 26218275K->731087K(26355712K)] 27965943K->2479691K(29501440K), 0.1014851 secs] [Times: user=5.00 sys=0.01, real=0.10 secs] 
6415.871: [GC (Allocation Failure) [PSYoungGen: 26179535K->834852K(26355712K)] 27928139K->2584272K(29501440K), 0.1136401 secs] [Times: user=5.59 sys=0.01, real=0.11 secs] 
6419.507: [GC (Allocation Failure) [PSYoungGen: 26283300K->907241K(26355712K)] 28032720K->2763805K(29501440K), 0.1388136 secs] [Times: user=7.09 sys=0.00, real=0.14 secs] 
6432.553: [GC (System.gc()) [PSYoungGen: 3938187K->806307K(26355712K)] 5794751K->2664136K(29501440K), 0.0840443 secs] [Times: user=3.05 sys=0.00, real=0.09 secs] 
6432.638: [Full GC (System.gc()) [PSYoungGen: 806307K->0K(26355712K)] [ParOldGen: 1857828K->290746K(3145728K)] 2664136K->290746K(29501440K), [Metaspace: 22668K->22668K(1071104K)], 0.0933068 secs] [Times: user=1.17 sys=0.01, real=0.09 secs] 
6440.306: [GC (System.gc()) [PSYoungGen: 3434388K->384K(26355712K)] 3725134K->291130K(29501440K), 0.0093709 secs] [Times: user=0.25 sys=0.00, real=0.01 secs] 
6440.315: [Full GC (System.gc()) [PSYoungGen: 384K->0K(26355712K)] [ParOldGen: 290746K->280234K(3145728K)] 291130K->280234K(29501440K), [Metaspace: 22673K->22673K(1071104K)], 0.0737963 secs] [Times: user=1.51 sys=0.00, real=0.07 secs] 
6458.323: [GC (Allocation Failure) [PSYoungGen: 25448448K->907232K(26355712K)] 25728682K->1274931K(29501440K), 0.1046928 secs] [Times: user=5.22 sys=0.02, real=0.11 secs] 
6471.101: [GC (Allocation Failure) [PSYoungGen: 26355680K->879828K(26355712K)] 26723379K->1247527K(29501440K), 0.0764006 secs] [Times: user=3.72 sys=0.00, real=0.08 secs] 
6485.410: [GC (System.gc()) [PSYoungGen: 22070341K->64117K(26355712K)] 22438040K->431816K(29501440K), 0.0133766 secs] [Times: user=0.47 sys=0.00, real=0.01 secs] 
6485.424: [Full GC (System.gc()) [PSYoungGen: 64117K->0K(26355712K)] [ParOldGen: 367698K->288040K(3145728K)] 431816K->288040K(29501440K), [Metaspace: 22746K->22746K(1071104K)], 0.0963475 secs] [Times: user=2.30 sys=0.02, real=0.10 secs] 
6485.739: [GC (System.gc()) [PSYoungGen: 523K->32K(26355712K)] 288563K->288072K(29501440K), 0.0190572 secs] [Times: user=0.27 sys=0.00, real=0.02 secs] 
6485.759: [Full GC (System.gc()) [PSYoungGen: 32K->0K(26355712K)] [ParOldGen: 288040K->288017K(3145728K)] 288072K->288017K(29501440K), [Metaspace: 22749K->22749K(1071104K)], 0.2083656 secs] [Times: user=1.48 sys=0.01, real=0.21 secs] 
6486.192: [GC (System.gc()) [PSYoungGen: 175208K->128K(26355712K)] 463225K->288145K(29501440K), 0.0086805 secs] [Times: user=0.22 sys=0.00, real=0.01 secs] 
6486.202: [Full GC (System.gc()) [PSYoungGen: 128K->0K(26355712K)] [ParOldGen: 288017K->287924K(3145728K)] 288145K->287924K(29501440K), [Metaspace: 22750K->22750K(1071104K)], 0.3289636 secs] [Times: user=7.75 sys=0.02, real=0.33 secs] 
Heap
 PSYoungGen      total 26355712K, used 1187596K [0x0000000140000000, 0x00000007c0000000, 0x00000007c0000000)
  eden space 25448448K, 4% used [0x0000000140000000,0x00000001887c32f8,0x0000000751400000)
  from space 907264K, 0% used [0x0000000788a00000,0x0000000788a00000,0x00000007c0000000)
  to   space 907264K, 0% used [0x0000000751400000,0x0000000751400000,0x0000000788a00000)
 ParOldGen       total 3145728K, used 287924K [0x0000000080000000, 0x0000000140000000, 0x0000000140000000)
  object space 3145728K, 9% used [0x0000000080000000,0x000000009192d158,0x0000000140000000)
 Metaspace       used 22754K, capacity 23632K, committed 23936K, reserved 1071104K
  class space    used 2638K, capacity 2870K, committed 2944K, reserved 1048576K
