Java HotSpot(TM) 64-Bit Server VM (25.40-b25) for linux-amd64 JRE (1.8.0_40-b26), built on Mar  7 2015 15:08:31 by "java_re" with gcc 4.3.0 20080428 (Red Hat 4.3.0-8)
Memory: 4k page, physical 264398780k(141606604k free), swap 4194296k(4194296k free)
CommandLine flags: -XX:InitialHeapSize=2147483648 -XX:MaxHeapSize=32210157568 -XX:+PrintGC -XX:+PrintGCTimeStamps -XX:+UseCompressedClassPointers -XX:+UseCompressedOops -XX:+UseParallelGC 
0.273: [GC (Allocation Failure)  524800K->3818K(2010112K), 0.0080973 secs]
0.291: [GC (Allocation Failure)  528618K->2608K(2534912K), 0.0055288 secs]
1.403: [GC (Allocation Failure)  1052208K->8556K(2534912K), 0.0212854 secs]
25.075: [GC (System.gc())  288809K->26831K(3584512K), 0.0217794 secs]
25.097: [Full GC (System.gc())  26831K->25695K(3584512K), 0.0472865 secs]
111.246: [GC (System.gc())  369400K->27919K(3584512K), 0.0063344 secs]
111.252: [Full GC (System.gc())  27919K->26025K(3584512K), 0.1134092 secs]
340.422: [GC (System.gc())  769231K->27473K(3584512K), 0.0080742 secs]
340.431: [Full GC (System.gc())  27473K->26052K(3584512K), 0.0982071 secs]
446.853: [GC (System.gc())  362017K->27333K(3584512K), 0.0086910 secs]
446.862: [Full GC (System.gc())  27333K->26045K(3584512K), 0.1098257 secs]
659.971: [GC (System.gc())  586991K->27261K(3584512K), 0.0065757 secs]
659.978: [Full GC (System.gc())  27261K->26091K(3584512K), 0.0654731 secs]
743.490: [GC (System.gc())  275670K->27347K(3584512K), 0.0074994 secs]
743.498: [Full GC (System.gc())  27347K->26215K(3584512K), 0.0467021 secs]
749.913: [GC (System.gc())  80023K->27239K(3584512K), 0.0061767 secs]
749.919: [Full GC (System.gc())  27239K->26044K(3584512K), 0.0746824 secs]
1675.083: [GC (Allocation Failure)  2125244K->27752K(3584512K), 0.0061760 secs]
2602.080: [GC (Allocation Failure)  2126952K->27451K(5598208K), 0.0047121 secs]
4470.207: [GC (Allocation Failure)  4225851K->27788K(5666304K), 0.0094940 secs]
6363.628: [GC (Allocation Failure)  4276876K->27178K(9813504K), 0.0105032 secs]
7266.994: [GC (System.gc())  2081428K->28380K(9812992K), 0.0086353 secs]
7267.002: [Full GC (System.gc())  28380K->26311K(9812992K), 0.0810737 secs]
7447.013: [GC (System.gc())  616797K->27623K(9910784K), 0.0075731 secs]
7447.021: [Full GC (System.gc())  27623K->26237K(9910784K), 0.0867213 secs]
7453.318: [GC (System.gc())  239909K->27293K(9897984K), 0.0084371 secs]
7453.326: [Full GC (System.gc())  27293K->26236K(9897984K), 0.0474781 secs]
