Java HotSpot(TM) 64-Bit Server VM (25.40-b25) for linux-amd64 JRE (1.8.0_40-b26), built on Mar  7 2015 15:08:31 by "java_re" with gcc 4.3.0 20080428 (Red Hat 4.3.0-8)
Memory: 4k page, physical 264398780k(140714128k free), swap 4194296k(4194296k free)
CommandLine flags: -XX:+AggressiveOpts -XX:+AlwaysPreTouch -XX:InitialHeapSize=27917287424 -XX:LargePageSizeInBytes=2097152 -XX:MaxHeapSize=27917287424 -XX:MaxNewSize=24696061952 -XX:MaxTenuringThreshold=15 -XX:NewSize=24696061952 -XX:ParallelGCThreads=36 -XX:+PrintGC -XX:+PrintGCDetails -XX:+PrintGCTimeStamps -XX:SurvivorRatio=14 -XX:TargetSurvivorRatio=95 -XX:-UseAdaptiveSizePolicy -XX:-UseBiasedLocking -XX:+UseCompressedClassPointers -XX:+UseCompressedOops -XX:+UseLargePages -XX:+UseParallelOldGC 
10.153: [GC (Allocation Failure) [PSYoungGen: 21102592K->3969K(22609920K)] 21102592K->4056K(25755648K), 0.0053756 secs] [Times: user=0.03 sys=0.01, real=0.00 secs] 
10.164: [GC (Allocation Failure) [PSYoungGen: 21106561K->2480K(22609920K)] 21106648K->2574K(25755648K), 0.0086430 secs] [Times: user=0.24 sys=0.00, real=0.01 secs] 
13.431: [GC (Allocation Failure) [PSYoungGen: 21105072K->722488K(22609920K)] 21105166K->722607K(25755648K), 0.1113954 secs] [Times: user=3.56 sys=0.00, real=0.11 secs] 
14.795: [GC (System.gc()) [PSYoungGen: 2135221K->8199K(22609920K)] 2135340K->8325K(25755648K), 0.0113363 secs] [Times: user=0.14 sys=0.00, real=0.01 secs] 
14.807: [Full GC (System.gc()) [PSYoungGen: 8199K->0K(22609920K)] [ParOldGen: 126K->7556K(3145728K)] 8325K->7556K(25755648K), [Metaspace: 16833K->16833K(1064960K)], 0.0515569 secs] [Times: user=0.61 sys=0.05, real=0.05 secs] 
100.904: [GC (System.gc()) [PSYoungGen: 6013301K->98512K(22609920K)] 6020857K->106084K(25755648K), 0.0236388 secs] [Times: user=0.59 sys=0.00, real=0.02 secs] 
100.928: [Full GC (System.gc()) [PSYoungGen: 98512K->0K(22609920K)] [ParOldGen: 7572K->104980K(3145728K)] 106084K->104980K(25755648K), [Metaspace: 20032K->20028K(1067008K)], 0.0939510 secs] [Times: user=2.15 sys=0.02, real=0.09 secs] 
228.227: [GC (Allocation Failure) [PSYoungGen: 21102592K->884412K(22609920K)] 21207572K->989401K(25755648K), 0.1480513 secs] [Times: user=5.08 sys=0.00, real=0.15 secs] 
248.782: [GC (Allocation Failure) [PSYoungGen: 21987004K->894574K(22609920K)] 22091993K->999570K(25755648K), 0.1368472 secs] [Times: user=4.78 sys=0.00, real=0.14 secs] 
260.110: [GC (Allocation Failure) [PSYoungGen: 21997166K->909597K(22609920K)] 22102162K->1014601K(25755648K), 0.1380391 secs] [Times: user=4.82 sys=0.00, real=0.14 secs] 
267.919: [GC (Allocation Failure) [PSYoungGen: 22012189K->927958K(22609920K)] 22117193K->1032970K(25755648K), 0.1391025 secs] [Times: user=4.88 sys=0.00, real=0.14 secs] 
274.124: [GC (Allocation Failure) [PSYoungGen: 22030550K->916199K(22609920K)] 22135562K->1021220K(25755648K), 0.1404890 secs] [Times: user=4.93 sys=0.00, real=0.14 secs] 
278.956: [GC (Allocation Failure) [PSYoungGen: 22018791K->976061K(22609920K)] 22123812K->1081090K(25755648K), 0.1464599 secs] [Times: user=5.16 sys=0.00, real=0.15 secs] 
283.065: [GC (Allocation Failure) [PSYoungGen: 22078653K->955217K(22609920K)] 22183682K->1060254K(25755648K), 0.1442924 secs] [Times: user=5.07 sys=0.00, real=0.14 secs] 
287.020: [GC (Allocation Failure) [PSYoungGen: 22057809K->978021K(22609920K)] 22162846K->1083057K(25755648K), 0.1489455 secs] [Times: user=5.17 sys=0.00, real=0.15 secs] 
290.575: [GC (Allocation Failure) [PSYoungGen: 22080613K->985572K(22609920K)] 22185649K->1090608K(25755648K), 0.1483036 secs] [Times: user=5.23 sys=0.00, real=0.15 secs] 
293.728: [GC (Allocation Failure) [PSYoungGen: 22088164K->1099987K(22609920K)] 22193200K->1205023K(25755648K), 0.1700651 secs] [Times: user=5.86 sys=0.00, real=0.17 secs] 
296.911: [GC (Allocation Failure) [PSYoungGen: 22202579K->1102344K(22609920K)] 22307615K->1207381K(25755648K), 0.1681124 secs] [Times: user=5.91 sys=0.00, real=0.17 secs] 
300.013: [GC (Allocation Failure) [PSYoungGen: 22204936K->1180487K(22609920K)] 22309973K->1285524K(25755648K), 0.1800416 secs] [Times: user=6.38 sys=0.01, real=0.18 secs] 
303.163: [GC (Allocation Failure) [PSYoungGen: 22283079K->1088394K(22609920K)] 22388116K->1193438K(25755648K), 0.1657680 secs] [Times: user=5.77 sys=0.00, real=0.17 secs] 
306.298: [GC (Allocation Failure) [PSYoungGen: 22190986K->1095095K(22609920K)] 22296030K->1200139K(25755648K), 0.1674555 secs] [Times: user=5.85 sys=0.00, real=0.17 secs] 
309.459: [GC (Allocation Failure) [PSYoungGen: 22197687K->1113623K(22609920K)] 22302731K->1218667K(25755648K), 0.1701611 secs] [Times: user=5.93 sys=0.00, real=0.17 secs] 
312.575: [GC (Allocation Failure) [PSYoungGen: 22216215K->954950K(22609920K)] 22321259K->1389429K(25755648K), 0.2107158 secs] [Times: user=7.48 sys=0.01, real=0.22 secs] 
315.707: [GC (Allocation Failure) [PSYoungGen: 22057542K->686457K(22609920K)] 22492021K->1131081K(25755648K), 0.1228492 secs] [Times: user=4.22 sys=0.00, real=0.12 secs] 
318.733: [GC (Allocation Failure) [PSYoungGen: 21789049K->699343K(22609920K)] 22233673K->1149866K(25755648K), 0.1270460 secs] [Times: user=4.45 sys=0.00, real=0.13 secs] 
321.726: [GC (Allocation Failure) [PSYoungGen: 21801935K->650741K(22609920K)] 22252458K->1102584K(25755648K), 0.1156750 secs] [Times: user=4.06 sys=0.01, real=0.12 secs] 
324.717: [GC (Allocation Failure) [PSYoungGen: 21753333K->645322K(22609920K)] 22205176K->1100829K(25755648K), 0.1150009 secs] [Times: user=4.05 sys=0.01, real=0.12 secs] 
327.776: [GC (Allocation Failure) [PSYoungGen: 21747914K->720697K(22609920K)] 22203421K->1177605K(25755648K), 0.1267522 secs] [Times: user=4.48 sys=0.01, real=0.13 secs] 
329.959: [GC (System.gc()) [PSYoungGen: 13287836K->638204K(22609920K)] 13744743K->1096847K(25755648K), 0.1215580 secs] [Times: user=4.03 sys=0.00, real=0.12 secs] 
330.081: [Full GC (System.gc()) [PSYoungGen: 638204K->0K(22609920K)] [ParOldGen: 458643K->126605K(3145728K)] 1096847K->126605K(25755648K), [Metaspace: 22255K->22247K(1069056K)], 0.1292835 secs] [Times: user=3.11 sys=0.03, real=0.13 secs] 
349.561: [GC (Allocation Failure) [PSYoungGen: 21102592K->922898K(22609920K)] 21229197K->1049511K(25755648K), 0.1490695 secs] [Times: user=5.19 sys=0.00, real=0.14 secs] 
356.557: [GC (Allocation Failure) [PSYoungGen: 22025490K->926278K(22609920K)] 22152103K->1052891K(25755648K), 0.1383509 secs] [Times: user=4.88 sys=0.00, real=0.14 secs] 
361.739: [GC (Allocation Failure) [PSYoungGen: 22028870K->956129K(22609920K)] 22155483K->1082742K(25755648K), 0.1434708 secs] [Times: user=5.05 sys=0.00, real=0.15 secs] 
366.281: [GC (Allocation Failure) [PSYoungGen: 22058721K->967920K(22609920K)] 22185334K->1094533K(25755648K), 0.1454020 secs] [Times: user=5.09 sys=0.00, real=0.15 secs] 
370.411: [GC (Allocation Failure) [PSYoungGen: 22070512K->992211K(22609920K)] 22197125K->1118824K(25755648K), 0.1486836 secs] [Times: user=5.26 sys=0.00, real=0.15 secs] 
374.036: [GC (Allocation Failure) [PSYoungGen: 22094803K->1033274K(22609920K)] 22221416K->1159887K(25755648K), 0.1562980 secs] [Times: user=5.45 sys=0.01, real=0.15 secs] 
377.766: [GC (Allocation Failure) [PSYoungGen: 22135866K->1024810K(22609920K)] 22262479K->1151423K(25755648K), 0.1555091 secs] [Times: user=5.44 sys=0.00, real=0.15 secs] 
381.091: [GC (Allocation Failure) [PSYoungGen: 22127402K->998203K(22609920K)] 22254015K->1124816K(25755648K), 0.1525293 secs] [Times: user=5.34 sys=0.00, real=0.15 secs] 
384.386: [GC (Allocation Failure) [PSYoungGen: 22100795K->1074141K(22609920K)] 22227408K->1200754K(25755648K), 0.1647851 secs] [Times: user=5.76 sys=0.01, real=0.17 secs] 
387.567: [GC (Allocation Failure) [PSYoungGen: 22176733K->1066438K(22609920K)] 22303346K->1193051K(25755648K), 0.1617641 secs] [Times: user=5.73 sys=0.00, real=0.16 secs] 
390.722: [GC (Allocation Failure) [PSYoungGen: 22169030K->1101483K(22609920K)] 22295643K->1228096K(25755648K), 0.1740116 secs] [Times: user=5.85 sys=0.00, real=0.17 secs] 
393.934: [GC (Allocation Failure) [PSYoungGen: 22204075K->1107722K(22609920K)] 22330688K->1234335K(25755648K), 0.1703391 secs] [Times: user=5.98 sys=0.00, real=0.17 secs] 
397.142: [GC (Allocation Failure) [PSYoungGen: 22210314K->1110470K(22609920K)] 22336927K->1237084K(25755648K), 0.1685362 secs] [Times: user=5.97 sys=0.00, real=0.17 secs] 
400.208: [GC (Allocation Failure) [PSYoungGen: 22213062K->1054277K(22609920K)] 22339676K->1180891K(25755648K), 0.1610597 secs] [Times: user=5.69 sys=0.00, real=0.17 secs] 
403.285: [GC (Allocation Failure) [PSYoungGen: 22156869K->1117936K(22609920K)] 22283483K->1244549K(25755648K), 0.1692920 secs] [Times: user=6.00 sys=0.01, real=0.17 secs] 
406.374: [GC (Allocation Failure) [PSYoungGen: 22220528K->779302K(22609920K)] 22347141K->1238711K(25755648K), 0.1745431 secs] [Times: user=6.10 sys=0.01, real=0.17 secs] 
409.440: [GC (Allocation Failure) [PSYoungGen: 21881894K->748755K(22609920K)] 22341303K->1216516K(25755648K), 0.1319650 secs] [Times: user=4.64 sys=0.00, real=0.14 secs] 
412.499: [GC (Allocation Failure) [PSYoungGen: 21851347K->737602K(22609920K)] 22319108K->1207412K(25755648K), 0.1296558 secs] [Times: user=4.58 sys=0.00, real=0.13 secs] 
415.623: [GC (Allocation Failure) [PSYoungGen: 21840194K->729669K(22609920K)] 22310004K->1201023K(25755648K), 0.1283655 secs] [Times: user=4.53 sys=0.00, real=0.13 secs] 
418.671: [GC (Allocation Failure) [PSYoungGen: 21832261K->752139K(22609920K)] 22303615K->1226934K(25755648K), 0.1322275 secs] [Times: user=4.68 sys=0.00, real=0.14 secs] 
421.844: [GC (Allocation Failure) [PSYoungGen: 21854731K->675381K(22609920K)] 22329526K->1151527K(25755648K), 0.1192857 secs] [Times: user=4.22 sys=0.00, real=0.12 secs] 
424.891: [GC (Allocation Failure) [PSYoungGen: 21777973K->694116K(22609920K)] 22254119K->1171343K(25755648K), 0.1233913 secs] [Times: user=4.35 sys=0.00, real=0.13 secs] 
436.415: [GC (System.gc()) [PSYoungGen: 18841089K->814778K(22609920K)] 19318315K->1293085K(25755648K), 0.1258020 secs] [Times: user=4.45 sys=0.00, real=0.12 secs] 
436.541: [Full GC (System.gc()) [PSYoungGen: 814778K->0K(22609920K)] [ParOldGen: 478306K->225696K(3145728K)] 1293085K->225696K(25755648K), [Metaspace: 22318K->22315K(1069056K)], 0.0747674 secs] [Times: user=1.04 sys=0.06, real=0.08 secs] 
457.463: [GC (Allocation Failure) [PSYoungGen: 21102592K->937022K(22609920K)] 21328288K->1162727K(25755648K), 0.1555801 secs] [Times: user=5.48 sys=0.01, real=0.16 secs] 
465.605: [GC (Allocation Failure) [PSYoungGen: 22039614K->952576K(22609920K)] 22265319K->1178280K(25755648K), 0.1429539 secs] [Times: user=5.00 sys=0.00, real=0.14 secs] 
471.367: [GC (Allocation Failure) [PSYoungGen: 22055168K->1014269K(22609920K)] 22280872K->1239974K(25755648K), 0.1529669 secs] [Times: user=5.41 sys=0.01, real=0.16 secs] 
476.073: [GC (Allocation Failure) [PSYoungGen: 22116861K->1039983K(22609920K)] 22342566K->1265688K(25755648K), 0.1580009 secs] [Times: user=5.52 sys=0.00, real=0.16 secs] 
480.292: [GC (Allocation Failure) [PSYoungGen: 22142575K->1052299K(22609920K)] 22368280K->1278004K(25755648K), 0.1588684 secs] [Times: user=5.58 sys=0.00, real=0.16 secs] 
484.078: [GC (Allocation Failure) [PSYoungGen: 22154891K->1037503K(22609920K)] 22380596K->1263208K(25755648K), 0.1550281 secs] [Times: user=5.48 sys=0.01, real=0.16 secs] 
487.644: [GC (Allocation Failure) [PSYoungGen: 22140095K->1017279K(22609920K)] 22365800K->1242984K(25755648K), 0.1527331 secs] [Times: user=5.34 sys=0.00, real=0.15 secs] 
490.933: [GC (Allocation Failure) [PSYoungGen: 22119871K->1108044K(22609920K)] 22345576K->1333749K(25755648K), 0.1675912 secs] [Times: user=5.91 sys=0.01, real=0.16 secs] 
494.137: [GC (Allocation Failure) [PSYoungGen: 22210636K->1064787K(22609920K)] 22436341K->1290492K(25755648K), 0.1611381 secs] [Times: user=5.70 sys=0.00, real=0.16 secs] 
497.323: [GC (Allocation Failure) [PSYoungGen: 22167379K->1129324K(22609920K)] 22393084K->1355029K(25755648K), 0.1711210 secs] [Times: user=6.06 sys=0.00, real=0.17 secs] 
500.499: [GC (Allocation Failure) [PSYoungGen: 22231916K->1166509K(22609920K)] 22457621K->1392214K(25755648K), 0.1789456 secs] [Times: user=6.30 sys=0.01, real=0.18 secs] 
503.678: [GC (Allocation Failure) [PSYoungGen: 22269101K->1110637K(22609920K)] 22494806K->1336342K(25755648K), 0.1670796 secs] [Times: user=5.92 sys=0.00, real=0.17 secs] 
506.791: [GC (Allocation Failure) [PSYoungGen: 22213229K->1109124K(22609920K)] 22438934K->1334829K(25755648K), 0.1698450 secs] [Times: user=6.01 sys=0.00, real=0.17 secs] 
509.926: [GC (Allocation Failure) [PSYoungGen: 22211716K->1134447K(22609920K)] 22437421K->1360152K(25755648K), 0.1718670 secs] [Times: user=6.09 sys=0.01, real=0.17 secs] 
513.081: [GC (Allocation Failure) [PSYoungGen: 22237039K->1120528K(22609920K)] 22462744K->1346233K(25755648K), 0.1720631 secs] [Times: user=5.98 sys=0.00, real=0.17 secs] 
516.191: [GC (Allocation Failure) [PSYoungGen: 22223120K->802144K(22609920K)] 22448825K->1386185K(25755648K), 0.1818726 secs] [Times: user=6.38 sys=0.00, real=0.18 secs] 
519.447: [GC (Allocation Failure) [PSYoungGen: 21904736K->786705K(22609920K)] 22488777K->1372338K(25755648K), 0.1397000 secs] [Times: user=4.91 sys=0.00, real=0.14 secs] 
522.445: [GC (Allocation Failure) [PSYoungGen: 21889297K->760908K(22609920K)] 22474930K->1347885K(25755648K), 0.1356666 secs] [Times: user=4.79 sys=0.00, real=0.14 secs] 
525.512: [GC (Allocation Failure) [PSYoungGen: 21863500K->928443K(22609920K)] 22450477K->1516292K(25755648K), 0.1614465 secs] [Times: user=5.65 sys=0.00, real=0.16 secs] 
528.621: [GC (Allocation Failure) [PSYoungGen: 22031035K->747193K(22609920K)] 22618884K->1336659K(25755648K), 0.1367390 secs] [Times: user=4.77 sys=0.00, real=0.13 secs] 
531.735: [GC (Allocation Failure) [PSYoungGen: 21849785K->733741K(22609920K)] 22439251K->1324039K(25755648K), 0.1329992 secs] [Times: user=4.67 sys=0.00, real=0.14 secs] 
534.813: [GC (Allocation Failure) [PSYoungGen: 21836333K->825618K(22609920K)] 22426631K->1416732K(25755648K), 0.1478339 secs] [Times: user=5.20 sys=0.00, real=0.15 secs] 
537.882: [GC (Allocation Failure) [PSYoungGen: 21928210K->779939K(22609920K)] 22519324K->1371781K(25755648K), 0.1415802 secs] [Times: user=4.97 sys=0.01, real=0.14 secs] 
541.022: [GC (Allocation Failure) [PSYoungGen: 21882531K->776781K(22609920K)] 22474373K->1369319K(25755648K), 0.1422665 secs] [Times: user=4.93 sys=0.00, real=0.14 secs] 
544.105: [GC (Allocation Failure) [PSYoungGen: 21879373K->784652K(22609920K)] 22471911K->1377934K(25755648K), 0.1416349 secs] [Times: user=5.01 sys=0.00, real=0.14 secs] 
547.226: [GC (Allocation Failure) [PSYoungGen: 21887244K->772246K(22609920K)] 22480526K->1366288K(25755648K), 0.1419062 secs] [Times: user=4.85 sys=0.00, real=0.14 secs] 
550.343: [GC (Allocation Failure) [PSYoungGen: 21874838K->810338K(22609920K)] 22468880K->1405052K(25755648K), 0.1467738 secs] [Times: user=5.12 sys=0.01, real=0.14 secs] 
553.479: [GC (Allocation Failure) [PSYoungGen: 21912930K->787196K(22609920K)] 22507644K->1382631K(25755648K), 0.1423241 secs] [Times: user=5.02 sys=0.00, real=0.15 secs] 
556.604: [GC (Allocation Failure) [PSYoungGen: 21889788K->739036K(22609920K)] 22485223K->1335398K(25755648K), 0.1358262 secs] [Times: user=4.79 sys=0.00, real=0.13 secs] 
559.705: [GC (Allocation Failure) [PSYoungGen: 21841628K->770395K(22609920K)] 22437990K->1367693K(25755648K), 0.1407621 secs] [Times: user=4.95 sys=0.00, real=0.14 secs] 
562.869: [GC (Allocation Failure) [PSYoungGen: 21872987K->757572K(22609920K)] 22470285K->1356086K(25755648K), 0.1395572 secs] [Times: user=4.90 sys=0.01, real=0.14 secs] 
565.934: [GC (Allocation Failure) [PSYoungGen: 21860164K->800322K(22609920K)] 22458678K->1400005K(25755648K), 0.1441576 secs] [Times: user=5.09 sys=0.00, real=0.14 secs] 
569.018: [GC (Allocation Failure) [PSYoungGen: 21902914K->781698K(22609920K)] 22502597K->1382476K(25755648K), 0.1430781 secs] [Times: user=4.99 sys=0.00, real=0.14 secs] 
572.142: [GC (Allocation Failure) [PSYoungGen: 21884290K->738576K(22609920K)] 22485068K->1340674K(25755648K), 0.1359163 secs] [Times: user=4.80 sys=0.01, real=0.14 secs] 
575.273: [GC (Allocation Failure) [PSYoungGen: 21841168K->715544K(22609920K)] 22443266K->1318723K(25755648K), 0.1318778 secs] [Times: user=4.65 sys=0.00, real=0.14 secs] 
578.289: [GC (Allocation Failure) [PSYoungGen: 21818136K->747464K(22609920K)] 22421315K->1351635K(25755648K), 0.1361679 secs] [Times: user=4.80 sys=0.01, real=0.14 secs] 
581.333: [GC (Allocation Failure) [PSYoungGen: 21850056K->813823K(22609920K)] 22454227K->1418945K(25755648K), 0.1485824 secs] [Times: user=5.22 sys=0.01, real=0.15 secs] 
584.427: [GC (Allocation Failure) [PSYoungGen: 21916415K->790355K(22609920K)] 22521537K->1396438K(25755648K), 0.1465572 secs] [Times: user=5.09 sys=0.01, real=0.14 secs] 
587.433: [GC (Allocation Failure) [PSYoungGen: 21892947K->875173K(22609920K)] 22499030K->1482192K(25755648K), 0.1575186 secs] [Times: user=5.55 sys=0.00, real=0.16 secs] 
590.513: [GC (Allocation Failure) [PSYoungGen: 21977765K->769802K(22609920K)] 22584784K->1377725K(25755648K), 0.1429085 secs] [Times: user=5.02 sys=0.00, real=0.14 secs] 
593.594: [GC (Allocation Failure) [PSYoungGen: 21872394K->733523K(22609920K)] 22480317K->1342310K(25755648K), 0.1347239 secs] [Times: user=4.71 sys=0.00, real=0.14 secs] 
596.648: [GC (Allocation Failure) [PSYoungGen: 21836115K->739620K(22609920K)] 22444902K->1349287K(25755648K), 0.1361673 secs] [Times: user=4.80 sys=0.00, real=0.14 secs] 
599.681: [GC (Allocation Failure) [PSYoungGen: 21842212K->757611K(22609920K)] 22451879K->1368094K(25755648K), 0.1384083 secs] [Times: user=4.89 sys=0.00, real=0.14 secs] 
602.721: [GC (Allocation Failure) [PSYoungGen: 21860203K->711958K(22609920K)] 22470686K->1323241K(25755648K), 0.1314547 secs] [Times: user=4.65 sys=0.00, real=0.13 secs] 
605.787: [GC (Allocation Failure) [PSYoungGen: 21814550K->713401K(22609920K)] 22425833K->1325428K(25755648K), 0.1302781 secs] [Times: user=4.60 sys=0.00, real=0.13 secs] 
608.785: [GC (Allocation Failure) [PSYoungGen: 21815993K->713659K(22609920K)] 22428020K->1326413K(25755648K), 0.1321596 secs] [Times: user=4.67 sys=0.00, real=0.13 secs] 
611.858: [GC (Allocation Failure) [PSYoungGen: 21816251K->742982K(22609920K)] 22429005K->1356465K(25755648K), 0.1401234 secs] [Times: user=4.76 sys=0.00, real=0.14 secs] 
614.906: [GC (Allocation Failure) [PSYoungGen: 21845574K->742943K(22609920K)] 22459057K->1357210K(25755648K), 0.1372765 secs] [Times: user=4.76 sys=0.00, real=0.14 secs] 
617.940: [GC (Allocation Failure) [PSYoungGen: 21845535K->816067K(22609920K)] 22459802K->1431086K(25755648K), 0.1479553 secs] [Times: user=5.18 sys=0.00, real=0.15 secs] 
621.045: [GC (Allocation Failure) [PSYoungGen: 21918659K->1012714K(22609920K)] 22533678K->1628429K(25755648K), 0.1756669 secs] [Times: user=6.23 sys=0.01, real=0.17 secs] 
624.119: [GC (Allocation Failure) [PSYoungGen: 22115306K->769072K(22609920K)] 22731021K->1385490K(25755648K), 0.1399594 secs] [Times: user=4.92 sys=0.00, real=0.14 secs] 
627.191: [GC (Allocation Failure) [PSYoungGen: 21871664K->760978K(22609920K)] 22488082K->1378069K(25755648K), 0.1387404 secs] [Times: user=4.89 sys=0.00, real=0.14 secs] 
630.267: [GC (Allocation Failure) [PSYoungGen: 21863570K->748698K(22609920K)] 22480661K->1366469K(25755648K), 0.1383518 secs] [Times: user=4.83 sys=0.00, real=0.14 secs] 
633.399: [GC (Allocation Failure) [PSYoungGen: 21851290K->811664K(22609920K)] 22469061K->1430211K(25755648K), 0.1459929 secs] [Times: user=5.16 sys=0.00, real=0.15 secs] 
636.433: [GC (Allocation Failure) [PSYoungGen: 21914256K->832558K(22609920K)] 22532803K->1452033K(25755648K), 0.1499089 secs] [Times: user=5.30 sys=0.00, real=0.15 secs] 
639.550: [GC (Allocation Failure) [PSYoungGen: 21935150K->887024K(22609920K)] 22554625K->1507203K(25755648K), 0.1564866 secs] [Times: user=5.47 sys=0.00, real=0.16 secs] 
642.636: [GC (Allocation Failure) [PSYoungGen: 21989616K->788858K(22609920K)] 22609795K->1409725K(25755648K), 0.1429791 secs] [Times: user=5.06 sys=0.00, real=0.14 secs] 
645.696: [GC (Allocation Failure) [PSYoungGen: 21891450K->791106K(22609920K)] 22512317K->1412637K(25755648K), 0.1418809 secs] [Times: user=5.02 sys=0.00, real=0.14 secs] 
649.199: [GC (Allocation Failure) [PSYoungGen: 21893698K->755631K(22609920K)] 22515229K->1377810K(25755648K), 0.1391285 secs] [Times: user=4.86 sys=0.00, real=0.14 secs] 
649.520: [GC (System.gc()) [PSYoungGen: 1776700K->635492K(22609920K)] 2398879K->1258335K(25755648K), 0.1178327 secs] [Times: user=3.91 sys=0.00, real=0.12 secs] 
649.638: [Full GC (System.gc()) [PSYoungGen: 635492K->0K(22609920K)] [ParOldGen: 622843K->227761K(3145728K)] 1258335K->227761K(25755648K), [Metaspace: 22346K->22346K(1069056K)], 0.1213114 secs] [Times: user=2.95 sys=0.02, real=0.12 secs] 
670.461: [GC (Allocation Failure) [PSYoungGen: 21102592K->936006K(22609920K)] 21330353K->1163775K(25755648K), 0.1523821 secs] [Times: user=5.29 sys=0.00, real=0.15 secs] 
678.244: [GC (Allocation Failure) [PSYoungGen: 22038598K->974486K(22609920K)] 22266367K->1202256K(25755648K), 0.1501999 secs] [Times: user=5.18 sys=0.01, real=0.15 secs] 
683.535: [GC (Allocation Failure) [PSYoungGen: 22077078K->960611K(22609920K)] 22304848K->1188381K(25755648K), 0.1441208 secs] [Times: user=5.04 sys=0.00, real=0.14 secs] 
688.113: [GC (Allocation Failure) [PSYoungGen: 22063203K->1003693K(22609920K)] 22290973K->1231462K(25755648K), 0.1499143 secs] [Times: user=5.27 sys=0.00, real=0.15 secs] 
692.100: [GC (Allocation Failure) [PSYoungGen: 22106285K->1034483K(22609920K)] 22334054K->1262253K(25755648K), 0.1566930 secs] [Times: user=5.51 sys=0.00, real=0.16 secs] 
695.696: [GC (Allocation Failure) [PSYoungGen: 22137075K->985772K(22609920K)] 22364845K->1213542K(25755648K), 0.1487253 secs] [Times: user=5.25 sys=0.01, real=0.15 secs] 
698.859: [GC (Allocation Failure) [PSYoungGen: 22088364K->1018162K(22609920K)] 22316134K->1245932K(25755648K), 0.1558765 secs] [Times: user=5.34 sys=0.00, real=0.16 secs] 
702.034: [GC (Allocation Failure) [PSYoungGen: 22120754K->1102804K(22609920K)] 22348524K->1330574K(25755648K), 0.1672015 secs] [Times: user=5.90 sys=0.00, real=0.17 secs] 
705.209: [GC (Allocation Failure) [PSYoungGen: 22205396K->1018038K(22609920K)] 22433166K->1245808K(25755648K), 0.1542214 secs] [Times: user=5.38 sys=0.01, real=0.15 secs] 
708.374: [GC (Allocation Failure) [PSYoungGen: 22120630K->1022943K(22609920K)] 22348400K->1250713K(25755648K), 0.1535489 secs] [Times: user=5.41 sys=0.01, real=0.16 secs] 
711.525: [GC (Allocation Failure) [PSYoungGen: 22125535K->1022909K(22609920K)] 22353305K->1250679K(25755648K), 0.1523844 secs] [Times: user=5.39 sys=0.00, real=0.16 secs] 
714.664: [GC (Allocation Failure) [PSYoungGen: 22125501K->1056526K(22609920K)] 22353271K->1284295K(25755648K), 0.1583242 secs] [Times: user=5.60 sys=0.01, real=0.16 secs] 
717.820: [GC (Allocation Failure) [PSYoungGen: 22159118K->1121324K(22609920K)] 22386887K->1349093K(25755648K), 0.1692031 secs] [Times: user=6.00 sys=0.00, real=0.17 secs] 
720.967: [GC (Allocation Failure) [PSYoungGen: 22223916K->1122593K(22609920K)] 22451685K->1350362K(25755648K), 0.1698534 secs] [Times: user=5.99 sys=0.01, real=0.17 secs] 
724.103: [GC (Allocation Failure) [PSYoungGen: 22225185K->1151355K(22609920K)] 22452954K->1379125K(25755648K), 0.1749621 secs] [Times: user=6.18 sys=0.00, real=0.18 secs] 
727.283: [GC (Allocation Failure) [PSYoungGen: 22253947K->787276K(22609920K)] 22481717K->1373479K(25755648K), 0.1776390 secs] [Times: user=6.30 sys=0.00, real=0.18 secs] 
730.425: [GC (Allocation Failure) [PSYoungGen: 21889868K->853936K(22609920K)] 22476071K->1441691K(25755648K), 0.1450861 secs] [Times: user=5.14 sys=0.00, real=0.15 secs] 
733.009: [GC (System.gc()) [PSYoungGen: 16905013K->678741K(22609920K)] 17492768K->1267768K(25755648K), 0.1226441 secs] [Times: user=4.34 sys=0.00, real=0.13 secs] 
733.132: [Full GC (System.gc()) [PSYoungGen: 678741K->0K(22609920K)] [ParOldGen: 589027K->227712K(3145728K)] 1267768K->227712K(25755648K), [Metaspace: 22422K->22422K(1069056K)], 0.1448946 secs] [Times: user=3.76 sys=0.02, real=0.14 secs] 
739.491: [GC (System.gc()) [PSYoungGen: 3345802K->544K(22609920K)] 3573514K->228256K(25755648K), 0.0073192 secs] [Times: user=0.07 sys=0.00, real=0.00 secs] 
739.499: [Full GC (System.gc()) [PSYoungGen: 544K->0K(22609920K)] [ParOldGen: 227712K->220159K(3145728K)] 228256K->220159K(25755648K), [Metaspace: 22437K->22437K(1069056K)], 0.1901220 secs] [Times: user=5.34 sys=0.03, real=0.19 secs] 
764.254: [GC (Allocation Failure) [PSYoungGen: 21102592K->942974K(22609920K)] 21322751K->1163142K(25755648K), 0.1561587 secs] [Times: user=5.47 sys=0.00, real=0.15 secs] 
786.536: [GC (Allocation Failure) [PSYoungGen: 22045566K->919030K(22609920K)] 22265734K->1139206K(25755648K), 0.1434917 secs] [Times: user=4.90 sys=0.00, real=0.15 secs] 
808.738: [GC (Allocation Failure) [PSYoungGen: 22021622K->919261K(22609920K)] 22241798K->1139437K(25755648K), 0.1418954 secs] [Times: user=4.94 sys=0.00, real=0.15 secs] 
830.848: [GC (Allocation Failure) [PSYoungGen: 22021853K->920582K(22609920K)] 22242029K->1140758K(25755648K), 0.1419777 secs] [Times: user=4.86 sys=0.00, real=0.14 secs] 
852.981: [GC (Allocation Failure) [PSYoungGen: 22023174K->921318K(22609920K)] 22243350K->1141493K(25755648K), 0.1423900 secs] [Times: user=4.93 sys=0.01, real=0.14 secs] 
875.096: [GC (Allocation Failure) [PSYoungGen: 22023910K->928278K(22609920K)] 22244085K->1148454K(25755648K), 0.1415337 secs] [Times: user=4.98 sys=0.00, real=0.14 secs] 
897.203: [GC (Allocation Failure) [PSYoungGen: 22030870K->922911K(22609920K)] 22251046K->1143087K(25755648K), 0.1412083 secs] [Times: user=4.96 sys=0.00, real=0.15 secs] 
919.278: [GC (Allocation Failure) [PSYoungGen: 22025503K->924557K(22609920K)] 22245679K->1144733K(25755648K), 0.1427507 secs] [Times: user=4.94 sys=0.00, real=0.14 secs] 
1098.823: [GC (Allocation Failure) [PSYoungGen: 22027149K->912878K(22609920K)] 22247325K->1133054K(25755648K), 0.1482258 secs] [Times: user=5.02 sys=0.01, real=0.15 secs] 
1179.430: [GC (Allocation Failure) [PSYoungGen: 22015470K->913021K(22609920K)] 22235646K->1133197K(25755648K), 0.1462587 secs] [Times: user=5.12 sys=0.00, real=0.14 secs] 
1235.832: [GC (Allocation Failure) [PSYoungGen: 22015613K->915367K(22609920K)] 22235789K->1135543K(25755648K), 0.1421382 secs] [Times: user=4.85 sys=0.00, real=0.14 secs] 
1282.729: [GC (Allocation Failure) [PSYoungGen: 22017959K->915950K(22609920K)] 22238135K->1136126K(25755648K), 0.1457558 secs] [Times: user=4.86 sys=0.00, real=0.15 secs] 
1324.666: [GC (Allocation Failure) [PSYoungGen: 22018542K->917863K(22609920K)] 22238718K->1138039K(25755648K), 0.1447150 secs] [Times: user=4.93 sys=0.00, real=0.15 secs] 
1361.362: [GC (Allocation Failure) [PSYoungGen: 22020455K->917071K(22609920K)] 22240631K->1137255K(25755648K), 0.1416010 secs] [Times: user=4.90 sys=0.01, real=0.14 secs] 
1395.243: [GC (Allocation Failure) [PSYoungGen: 22019663K->921486K(22609920K)] 22239847K->1141670K(25755648K), 0.1378889 secs] [Times: user=4.82 sys=0.01, real=0.14 secs] 
1426.792: [GC (Allocation Failure) [PSYoungGen: 22024078K->560917K(22609920K)] 22244262K->1141038K(25755648K), 0.1526889 secs] [Times: user=5.38 sys=0.01, real=0.16 secs] 
1456.284: [GC (Allocation Failure) [PSYoungGen: 21663509K->562485K(22609920K)] 22243630K->1144367K(25755648K), 0.1140762 secs] [Times: user=3.95 sys=0.00, real=0.11 secs] 
1483.800: [GC (Allocation Failure) [PSYoungGen: 21665077K->582207K(22609920K)] 22246959K->1165218K(25755648K), 0.1105800 secs] [Times: user=3.90 sys=0.00, real=0.11 secs] 
1511.063: [GC (Allocation Failure) [PSYoungGen: 21684799K->566164K(22609920K)] 22267810K->1149815K(25755648K), 0.1090541 secs] [Times: user=3.83 sys=0.01, real=0.11 secs] 
1535.467: [GC (Allocation Failure) [PSYoungGen: 21668756K->561749K(22609920K)] 22252407K->1146783K(25755648K), 0.1043102 secs] [Times: user=3.62 sys=0.00, real=0.11 secs] 
1559.920: [GC (Allocation Failure) [PSYoungGen: 21664341K->565993K(22609920K)] 22249375K->1151499K(25755648K), 0.1096640 secs] [Times: user=3.86 sys=0.00, real=0.11 secs] 
1583.303: [GC (Allocation Failure) [PSYoungGen: 21668585K->556388K(22609920K)] 22254091K->1142399K(25755648K), 0.1046922 secs] [Times: user=3.64 sys=0.00, real=0.10 secs] 
1605.319: [GC (Allocation Failure) [PSYoungGen: 21658980K->563476K(22609920K)] 22244991K->1149959K(25755648K), 0.1071214 secs] [Times: user=3.76 sys=0.01, real=0.11 secs] 
1627.318: [GC (Allocation Failure) [PSYoungGen: 21666068K->561732K(22609920K)] 22252551K->1149071K(25755648K), 0.1089373 secs] [Times: user=3.76 sys=0.01, real=0.11 secs] 
1648.543: [GC (Allocation Failure) [PSYoungGen: 21664324K->564985K(22609920K)] 22251663K->1152716K(25755648K), 0.1075686 secs] [Times: user=3.79 sys=0.00, real=0.11 secs] 
1668.495: [GC (Allocation Failure) [PSYoungGen: 21667577K->557924K(22609920K)] 22255308K->1146047K(25755648K), 0.1058563 secs] [Times: user=3.60 sys=0.00, real=0.10 secs] 
1688.552: [GC (Allocation Failure) [PSYoungGen: 21660516K->569385K(22609920K)] 22248639K->1157900K(25755648K), 0.1101892 secs] [Times: user=3.80 sys=0.00, real=0.11 secs] 
1708.276: [GC (Allocation Failure) [PSYoungGen: 21671977K->572612K(22609920K)] 22260492K->1161879K(25755648K), 0.1063217 secs] [Times: user=3.73 sys=0.01, real=0.11 secs] 
1726.637: [GC (Allocation Failure) [PSYoungGen: 21675204K->560436K(22609920K)] 22264471K->1150103K(25755648K), 0.1065849 secs] [Times: user=3.74 sys=0.00, real=0.11 secs] 
1744.919: [GC (Allocation Failure) [PSYoungGen: 21663028K->562372K(22609920K)] 22252695K->1152439K(25755648K), 0.1100763 secs] [Times: user=3.83 sys=0.00, real=0.11 secs] 
1763.259: [GC (Allocation Failure) [PSYoungGen: 21664964K->568068K(22609920K)] 22255031K->1158616K(25755648K), 0.1088876 secs] [Times: user=3.82 sys=0.00, real=0.11 secs] 
1780.814: [GC (Allocation Failure) [PSYoungGen: 21670660K->561668K(22609920K)] 22261208K->1152600K(25755648K), 0.1076112 secs] [Times: user=3.61 sys=0.00, real=0.11 secs] 
1797.742: [GC (Allocation Failure) [PSYoungGen: 21664260K->568728K(22609920K)] 22255192K->1160044K(25755648K), 0.1092211 secs] [Times: user=3.85 sys=0.00, real=0.11 secs] 
1814.647: [GC (Allocation Failure) [PSYoungGen: 21671320K->561284K(22609920K)] 22262636K->1152992K(25755648K), 0.1049980 secs] [Times: user=3.69 sys=0.00, real=0.10 secs] 
1831.529: [GC (Allocation Failure) [PSYoungGen: 21663876K->563652K(22609920K)] 22255584K->1155776K(25755648K), 0.1046414 secs] [Times: user=3.68 sys=0.01, real=0.10 secs] 
1847.611: [GC (Allocation Failure) [PSYoungGen: 21666244K->561668K(22609920K)] 22258368K->1154168K(25755648K), 0.1055809 secs] [Times: user=3.65 sys=0.01, real=0.10 secs] 
1863.417: [GC (Allocation Failure) [PSYoungGen: 21664260K->560100K(22609920K)] 22256760K->1153040K(25755648K), 0.1090773 secs] [Times: user=3.81 sys=0.00, real=0.11 secs] 
1879.304: [GC (Allocation Failure) [PSYoungGen: 21662692K->558756K(22609920K)] 22255632K->1152072K(25755648K), 0.1075258 secs] [Times: user=3.77 sys=0.00, real=0.10 secs] 
1895.125: [GC (Allocation Failure) [PSYoungGen: 21661348K->566788K(22609920K)] 22254664K->1160504K(25755648K), 0.1092033 secs] [Times: user=3.85 sys=0.00, real=0.11 secs] 
1910.397: [GC (Allocation Failure) [PSYoungGen: 21669380K->564420K(22609920K)] 22263096K->1158536K(25755648K), 0.1082095 secs] [Times: user=3.78 sys=0.01, real=0.11 secs] 
1925.403: [GC (Allocation Failure) [PSYoungGen: 21667012K->565156K(22609920K)] 22261128K->1159664K(25755648K), 0.1103631 secs] [Times: user=3.77 sys=0.00, real=0.11 secs] 
1940.284: [GC (Allocation Failure) [PSYoungGen: 21667748K->576788K(22609920K)] 22262256K->1171680K(25755648K), 0.1074371 secs] [Times: user=3.77 sys=0.00, real=0.10 secs] 
1955.257: [GC (Allocation Failure) [PSYoungGen: 21679380K->569620K(22609920K)] 22274272K->1164896K(25755648K), 0.1077043 secs] [Times: user=3.68 sys=0.00, real=0.11 secs] 
1969.877: [GC (Allocation Failure) [PSYoungGen: 21672212K->565940K(22609920K)] 22267488K->1161632K(25755648K), 0.1128522 secs] [Times: user=3.77 sys=0.00, real=0.12 secs] 
1983.984: [GC (Allocation Failure) [PSYoungGen: 21668532K->568836K(22609920K)] 22264224K->1164984K(25755648K), 0.1078436 secs] [Times: user=3.60 sys=0.01, real=0.11 secs] 
1998.133: [GC (Allocation Failure) [PSYoungGen: 21671428K->569844K(22609920K)] 22267576K->1166416K(25755648K), 0.1096349 secs] [Times: user=3.86 sys=0.01, real=0.11 secs] 
2012.259: [GC (Allocation Failure) [PSYoungGen: 21672436K->584996K(22609920K)] 22269008K->1181960K(25755648K), 0.1097462 secs] [Times: user=3.85 sys=0.01, real=0.11 secs] 
2026.307: [GC (Allocation Failure) [PSYoungGen: 21687588K->559972K(22609920K)] 22284552K->1157336K(25755648K), 0.1037780 secs] [Times: user=3.64 sys=0.00, real=0.10 secs] 
2040.106: [GC (Allocation Failure) [PSYoungGen: 21662564K->573540K(22609920K)] 22259928K->1171312K(25755648K), 0.1104204 secs] [Times: user=3.83 sys=0.00, real=0.11 secs] 
2053.599: [GC (Allocation Failure) [PSYoungGen: 21676132K->575556K(22609920K)] 22273904K->1173736K(25755648K), 0.1092719 secs] [Times: user=3.85 sys=0.01, real=0.10 secs] 
2066.978: [GC (Allocation Failure) [PSYoungGen: 21678148K->569060K(22609920K)] 22276328K->1167656K(25755648K), 0.1086958 secs] [Times: user=3.81 sys=0.00, real=0.11 secs] 
2080.364: [GC (Allocation Failure) [PSYoungGen: 21671652K->581284K(22609920K)] 22270248K->1180336K(25755648K), 0.1117464 secs] [Times: user=3.72 sys=0.00, real=0.11 secs] 
2093.643: [GC (Allocation Failure) [PSYoungGen: 21683876K->570617K(22609920K)] 22282928K->1170068K(25755648K), 0.1075267 secs] [Times: user=3.64 sys=0.00, real=0.11 secs] 
2106.702: [GC (Allocation Failure) [PSYoungGen: 21673209K->571192K(22609920K)] 22272660K->1171028K(25755648K), 0.1108111 secs] [Times: user=3.83 sys=0.00, real=0.11 secs] 
2119.420: [GC (Allocation Failure) [PSYoungGen: 21673784K->573433K(22609920K)] 22273620K->1173692K(25755648K), 0.1066863 secs] [Times: user=3.71 sys=0.00, real=0.10 secs] 
2132.183: [GC (Allocation Failure) [PSYoungGen: 21676025K->577956K(22609920K)] 22276284K->1178632K(25755648K), 0.1105731 secs] [Times: user=3.90 sys=0.00, real=0.11 secs] 
2144.893: [GC (Allocation Failure) [PSYoungGen: 21680548K->580548K(22609920K)] 22281224K->1181704K(25755648K), 0.1090252 secs] [Times: user=3.75 sys=0.00, real=0.11 secs] 
2157.582: [GC (Allocation Failure) [PSYoungGen: 21683140K->568964K(22609920K)] 22284296K->1170536K(25755648K), 0.1051881 secs] [Times: user=3.70 sys=0.00, real=0.11 secs] 
2170.306: [GC (Allocation Failure) [PSYoungGen: 21671556K->567668K(22609920K)] 22273128K->1169664K(25755648K), 0.1061834 secs] [Times: user=3.73 sys=0.00, real=0.11 secs] 
2182.567: [GC (Allocation Failure) [PSYoungGen: 21670260K->566244K(22609920K)] 22272256K->1168688K(25755648K), 0.1096175 secs] [Times: user=3.81 sys=0.00, real=0.11 secs] 
2194.662: [GC (Allocation Failure) [PSYoungGen: 21668836K->569188K(22609920K)] 22271280K->1172048K(25755648K), 0.1054376 secs] [Times: user=3.71 sys=0.00, real=0.10 secs] 
2206.862: [GC (Allocation Failure) [PSYoungGen: 21671780K->570212K(22609920K)] 22274640K->1173496K(25755648K), 0.1123997 secs] [Times: user=3.85 sys=0.00, real=0.12 secs] 
2218.970: [GC (Allocation Failure) [PSYoungGen: 21672804K->586395K(22609920K)] 22276088K->1190070K(25755648K), 0.1093895 secs] [Times: user=3.85 sys=0.00, real=0.11 secs] 
2231.207: [GC (Allocation Failure) [PSYoungGen: 21688987K->580452K(22609920K)] 22292662K->1184528K(25755648K), 0.1076875 secs] [Times: user=3.75 sys=0.00, real=0.10 secs] 
2243.131: [GC (Allocation Failure) [PSYoungGen: 21683044K->588249K(22609920K)] 22287120K->1192716K(25755648K), 0.1127514 secs] [Times: user=3.92 sys=0.01, real=0.11 secs] 
2254.745: [GC (Allocation Failure) [PSYoungGen: 21690841K->576420K(22609920K)] 22295308K->1181264K(25755648K), 0.1107256 secs] [Times: user=3.87 sys=0.00, real=0.11 secs] 
2266.134: [GC (Allocation Failure) [PSYoungGen: 21679012K->586606K(22609920K)] 22283856K->1191857K(25755648K), 0.1150905 secs] [Times: user=3.75 sys=0.00, real=0.11 secs] 
2277.594: [GC (Allocation Failure) [PSYoungGen: 21689198K->570980K(22609920K)] 22294449K->1176656K(25755648K), 0.1142032 secs] [Times: user=3.82 sys=0.01, real=0.11 secs] 
2288.947: [GC (Allocation Failure) [PSYoungGen: 21673572K->572644K(22609920K)] 22279248K->1178752K(25755648K), 0.1094273 secs] [Times: user=3.85 sys=0.00, real=0.11 secs] 
2300.581: [GC (Allocation Failure) [PSYoungGen: 21675236K->571428K(22609920K)] 22281344K->1177944K(25755648K), 0.1060038 secs] [Times: user=3.72 sys=0.01, real=0.11 secs] 
2312.023: [GC (Allocation Failure) [PSYoungGen: 21674020K->574756K(22609920K)] 22280536K->1181648K(25755648K), 0.1094809 secs] [Times: user=3.85 sys=0.00, real=0.11 secs] 
2323.091: [GC (Allocation Failure) [PSYoungGen: 21677348K->577412K(22609920K)] 22284240K->1184712K(25755648K), 0.1082964 secs] [Times: user=3.71 sys=0.00, real=0.10 secs] 
2334.258: [GC (Allocation Failure) [PSYoungGen: 21680004K->577412K(22609920K)] 22287304K->1185096K(25755648K), 0.1102051 secs] [Times: user=3.87 sys=0.00, real=0.11 secs] 
2345.374: [GC (Allocation Failure) [PSYoungGen: 21680004K->567588K(22609920K)] 22287688K->1175728K(25755648K), 0.1053111 secs] [Times: user=3.70 sys=0.00, real=0.11 secs] 
2356.313: [GC (Allocation Failure) [PSYoungGen: 21670180K->568004K(22609920K)] 22278320K->1176544K(25755648K), 0.1061811 secs] [Times: user=3.73 sys=0.01, real=0.11 secs] 
2367.360: [GC (Allocation Failure) [PSYoungGen: 21670596K->575305K(22609920K)] 22279136K->1184221K(25755648K), 0.1100438 secs] [Times: user=3.74 sys=0.00, real=0.11 secs] 
2378.201: [GC (Allocation Failure) [PSYoungGen: 21677897K->594281K(22609920K)] 22286813K->1203581K(25755648K), 0.1138421 secs] [Times: user=3.96 sys=0.00, real=0.11 secs] 
2388.826: [GC (Allocation Failure) [PSYoungGen: 21696873K->586601K(22609920K)] 22306173K->1196332K(25755648K), 0.1083523 secs] [Times: user=3.80 sys=0.00, real=0.11 secs] 
2399.455: [GC (Allocation Failure) [PSYoungGen: 21689193K->566788K(22609920K)] 22298924K->1176880K(25755648K), 0.1098934 secs] [Times: user=3.79 sys=0.00, real=0.11 secs] 
2410.064: [GC (Allocation Failure) [PSYoungGen: 21669380K->589812K(22609920K)] 22279472K->1200304K(25755648K), 0.1107116 secs] [Times: user=3.81 sys=0.00, real=0.12 secs] 
2420.772: [GC (Allocation Failure) [PSYoungGen: 21692404K->573924K(22609920K)] 22302896K->1184800K(25755648K), 0.1083443 secs] [Times: user=3.75 sys=0.00, real=0.11 secs] 
2431.214: [GC (Allocation Failure) [PSYoungGen: 21676516K->593105K(22609920K)] 22287392K->1204373K(25755648K), 0.1098337 secs] [Times: user=3.84 sys=0.00, real=0.11 secs] 
2441.521: [GC (Allocation Failure) [PSYoungGen: 21695697K->575257K(22609920K)] 22306965K->1186916K(25755648K), 0.1143207 secs] [Times: user=3.86 sys=0.00, real=0.11 secs] 
2451.704: [GC (Allocation Failure) [PSYoungGen: 21677849K->571748K(22609920K)] 22289508K->1183768K(25755648K), 0.1074504 secs] [Times: user=3.72 sys=0.01, real=0.11 secs] 
2461.956: [GC (Allocation Failure) [PSYoungGen: 21674340K->583236K(22609920K)] 22286360K->1195624K(25755648K), 0.1094674 secs] [Times: user=3.85 sys=0.00, real=0.11 secs] 
2471.990: [GC (Allocation Failure) [PSYoungGen: 21685828K->583625K(22609920K)] 22298216K->1196389K(25755648K), 0.1124334 secs] [Times: user=3.94 sys=0.00, real=0.11 secs] 
2482.339: [GC (Allocation Failure) [PSYoungGen: 21686217K->578036K(22609920K)] 22298981K->1191160K(25755648K), 0.1085796 secs] [Times: user=3.72 sys=0.00, real=0.11 secs] 
2492.425: [GC (Allocation Failure) [PSYoungGen: 21680628K->573396K(22609920K)] 22293752K->1186880K(25755648K), 0.1076032 secs] [Times: user=3.77 sys=0.01, real=0.11 secs] 
2502.467: [GC (Allocation Failure) [PSYoungGen: 21675988K->586046K(22609920K)] 22289472K->1199930K(25755648K), 0.1118901 secs] [Times: user=3.93 sys=0.00, real=0.12 secs] 
2512.533: [GC (Allocation Failure) [PSYoungGen: 21688638K->570628K(22609920K)] 22302522K->1184912K(25755648K), 0.1056043 secs] [Times: user=3.71 sys=0.00, real=0.10 secs] 
2522.324: [GC (Allocation Failure) [PSYoungGen: 21673220K->585389K(22609920K)] 22287504K->1200041K(25755648K), 0.1088725 secs] [Times: user=3.80 sys=0.00, real=0.11 secs] 
2532.118: [GC (Allocation Failure) [PSYoungGen: 21687981K->591220K(22609920K)] 22302633K->1206280K(25755648K), 0.1091965 secs] [Times: user=3.81 sys=0.00, real=0.11 secs] 
2541.881: [GC (Allocation Failure) [PSYoungGen: 21693812K->599715K(22609920K)] 22308872K->1215198K(25755648K), 0.1120697 secs] [Times: user=3.86 sys=0.00, real=0.11 secs] 
2551.446: [GC (Allocation Failure) [PSYoungGen: 21702307K->568292K(22609920K)] 22317790K->1184200K(25755648K), 0.1098808 secs] [Times: user=3.83 sys=0.00, real=0.11 secs] 
2561.124: [GC (Allocation Failure) [PSYoungGen: 21670884K->606073K(22609920K)] 22286792K->1222357K(25755648K), 0.1124729 secs] [Times: user=3.96 sys=0.00, real=0.11 secs] 
2570.843: [GC (Allocation Failure) [PSYoungGen: 21708665K->578712K(22609920K)] 22324949K->1195380K(25755648K), 0.1077732 secs] [Times: user=3.76 sys=0.01, real=0.11 secs] 
2580.608: [GC (Allocation Failure) [PSYoungGen: 21681304K->570660K(22609920K)] 22297972K->1187696K(25755648K), 0.1106623 secs] [Times: user=3.84 sys=0.00, real=0.11 secs] 
2589.938: [GC (Allocation Failure) [PSYoungGen: 21673252K->593576K(22609920K)] 22290288K->1211028K(25755648K), 0.1163502 secs] [Times: user=3.91 sys=0.00, real=0.12 secs] 
2599.394: [GC (Allocation Failure) [PSYoungGen: 21696168K->582135K(22609920K)] 22313620K->1199955K(25755648K), 0.1131529 secs] [Times: user=3.76 sys=0.00, real=0.11 secs] 
2608.872: [GC (Allocation Failure) [PSYoungGen: 21684727K->575300K(22609920K)] 22302547K->1193496K(25755648K), 0.1082351 secs] [Times: user=3.81 sys=0.00, real=0.11 secs] 
2618.271: [GC (Allocation Failure) [PSYoungGen: 21677892K->583620K(22609920K)] 22296088K->1202200K(25755648K), 0.1132241 secs] [Times: user=3.95 sys=0.00, real=0.11 secs] 
2627.891: [GC (Allocation Failure) [PSYoungGen: 21686212K->576868K(22609920K)] 22304792K->1195856K(25755648K), 0.1101461 secs] [Times: user=3.88 sys=0.00, real=0.11 secs] 
2637.365: [GC (Allocation Failure) [PSYoungGen: 21679460K->572260K(22609920K)] 22298448K->1191624K(25755648K), 0.1070442 secs] [Times: user=3.75 sys=0.00, real=0.11 secs] 
2646.779: [GC (Allocation Failure) [PSYoungGen: 21674852K->587652K(22609920K)] 22294216K->1207392K(25755648K), 0.1087488 secs] [Times: user=3.82 sys=0.00, real=0.11 secs] 
2656.061: [GC (Allocation Failure) [PSYoungGen: 21690244K->586362K(22609920K)] 22309984K->1206477K(25755648K), 0.1154007 secs] [Times: user=3.98 sys=0.00, real=0.12 secs] 
2665.166: [GC (Allocation Failure) [PSYoungGen: 21688954K->591225K(22609920K)] 22309069K->1211724K(25755648K), 0.1095493 secs] [Times: user=3.85 sys=0.01, real=0.11 secs] 
2674.332: [GC (Allocation Failure) [PSYoungGen: 21693817K->577816K(22609920K)] 22314316K->1198676K(25755648K), 0.1104243 secs] [Times: user=3.75 sys=0.00, real=0.11 secs] 
2683.358: [GC (Allocation Failure) [PSYoungGen: 21680408K->595102K(22609920K)] 22301268K->1216346K(25755648K), 0.1112817 secs] [Times: user=3.92 sys=0.00, real=0.11 secs] 
2692.470: [GC (Allocation Failure) [PSYoungGen: 21697694K->592736K(22609920K)] 22318938K->1214387K(25755648K), 0.1107037 secs] [Times: user=3.90 sys=0.01, real=0.11 secs] 
2701.564: [GC (Allocation Failure) [PSYoungGen: 21695328K->585913K(22609920K)] 22316979K->1207917K(25755648K), 0.1119086 secs] [Times: user=3.94 sys=0.00, real=0.11 secs] 
2710.716: [GC (Allocation Failure) [PSYoungGen: 21688505K->577252K(22609920K)] 22310509K->1199640K(25755648K), 0.1074597 secs] [Times: user=3.78 sys=0.00, real=0.11 secs] 
2719.774: [GC (Allocation Failure) [PSYoungGen: 21679844K->599177K(22609920K)] 22302232K->1221925K(25755648K), 0.1114397 secs] [Times: user=3.87 sys=0.00, real=0.11 secs] 
2728.704: [GC (Allocation Failure) [PSYoungGen: 21701769K->581291K(22609920K)] 22324517K->1204406K(25755648K), 0.1091112 secs] [Times: user=3.84 sys=0.00, real=0.11 secs] 
2737.445: [GC (Allocation Failure) [PSYoungGen: 21683883K->580548K(22609920K)] 22306998K->1204032K(25755648K), 0.1087477 secs] [Times: user=3.83 sys=0.00, real=0.11 secs] 
2746.222: [GC (Allocation Failure) [PSYoungGen: 21683140K->603275K(22609920K)] 22306624K->1227126K(25755648K), 0.1158355 secs] [Times: user=3.97 sys=0.01, real=0.12 secs] 
2754.890: [GC (Allocation Failure) [PSYoungGen: 21705867K->596964K(22609920K)] 22329718K->1221192K(25755648K), 0.1146126 secs] [Times: user=3.99 sys=0.00, real=0.11 secs] 
2763.658: [GC (Allocation Failure) [PSYoungGen: 21699556K->584681K(22609920K)] 22323784K->1209276K(25755648K), 0.1097685 secs] [Times: user=3.79 sys=0.00, real=0.11 secs] 
2772.219: [GC (Allocation Failure) [PSYoungGen: 21687273K->595578K(22609920K)] 22311868K->1220614K(25755648K), 0.1150745 secs] [Times: user=3.98 sys=0.00, real=0.12 secs] 
2780.934: [GC (Allocation Failure) [PSYoungGen: 21698170K->585220K(22609920K)] 22323206K->1210624K(25755648K), 0.1096558 secs] [Times: user=3.78 sys=0.01, real=0.11 secs] 
2789.732: [GC (Allocation Failure) [PSYoungGen: 21687812K->576836K(22609920K)] 22313216K->1202624K(25755648K), 0.1076890 secs] [Times: user=3.74 sys=0.00, real=0.10 secs] 
2798.456: [GC (Allocation Failure) [PSYoungGen: 21679428K->572484K(22609920K)] 22305216K->1198632K(25755648K), 0.1063779 secs] [Times: user=3.70 sys=0.01, real=0.10 secs] 
2807.049: [GC (Allocation Failure) [PSYoungGen: 21675076K->602441K(22609920K)] 22301224K->1228981K(25755648K), 0.1162261 secs] [Times: user=3.92 sys=0.00, real=0.12 secs] 
2815.800: [GC (Allocation Failure) [PSYoungGen: 21705033K->578916K(22609920K)] 22331573K->1205816K(25755648K), 0.1134988 secs] [Times: user=3.89 sys=0.00, real=0.11 secs] 
2824.240: [GC (Allocation Failure) [PSYoungGen: 21681508K->603385K(22609920K)] 22308408K->1230645K(25755648K), 0.1130444 secs] [Times: user=3.99 sys=0.00, real=0.11 secs] 
2832.612: [GC (Allocation Failure) [PSYoungGen: 21705977K->584857K(22609920K)] 22333237K->1212492K(25755648K), 0.1091251 secs] [Times: user=3.82 sys=0.00, real=0.11 secs] 
2841.112: [GC (Allocation Failure) [PSYoungGen: 21687449K->591108K(22609920K)] 22315084K->1219144K(25755648K), 0.1103169 secs] [Times: user=3.78 sys=0.00, real=0.11 secs] 
2849.541: [GC (Allocation Failure) [PSYoungGen: 21693700K->581924K(22609920K)] 22321736K->1210320K(25755648K), 0.1074464 secs] [Times: user=3.78 sys=0.00, real=0.10 secs] 
2858.041: [GC (Allocation Failure) [PSYoungGen: 21684516K->601234K(22609920K)] 22312912K->1229998K(25755648K), 0.1143926 secs] [Times: user=4.02 sys=0.01, real=0.12 secs] 
2866.390: [GC (Allocation Failure) [PSYoungGen: 21703826K->579748K(22609920K)] 22332590K->1208888K(25755648K), 0.1122917 secs] [Times: user=3.90 sys=0.00, real=0.11 secs] 
2874.756: [GC (Allocation Failure) [PSYoungGen: 21682340K->588132K(22609920K)] 22311480K->1217624K(25755648K), 0.1114475 secs] [Times: user=3.80 sys=0.00, real=0.11 secs] 
2883.041: [GC (Allocation Failure) [PSYoungGen: 21690724K->586916K(22609920K)] 22320216K->1216816K(25755648K), 0.1104903 secs] [Times: user=3.80 sys=0.00, real=0.11 secs] 
2891.281: [GC (Allocation Failure) [PSYoungGen: 21689508K->599433K(22609920K)] 22319408K->1229708K(25755648K), 0.1114940 secs] [Times: user=3.90 sys=0.00, real=0.11 secs] 
2899.549: [GC (Allocation Failure) [PSYoungGen: 21702025K->597428K(22609920K)] 22332300K->1228104K(25755648K), 0.1118896 secs] [Times: user=3.92 sys=0.00, real=0.11 secs] 
2907.862: [GC (Allocation Failure) [PSYoungGen: 21700020K->583044K(22609920K)] 22330696K->1214088K(25755648K), 0.1097387 secs] [Times: user=3.81 sys=0.01, real=0.11 secs] 
2916.077: [GC (Allocation Failure) [PSYoungGen: 21685636K->601929K(22609920K)] 22316680K->1233341K(25755648K), 0.1119011 secs] [Times: user=3.94 sys=0.00, real=0.11 secs] 
2924.175: [GC (Allocation Failure) [PSYoungGen: 21704494K->592708K(22609920K)] 22335906K->1224488K(25755648K), 0.1105684 secs] [Times: user=3.89 sys=0.00, real=0.11 secs] 
2932.398: [GC (Allocation Failure) [PSYoungGen: 21695300K->571364K(22609920K)] 22327080K->1203496K(25755648K), 0.1118196 secs] [Times: user=3.88 sys=0.00, real=0.11 secs] 
2940.475: [GC (Allocation Failure) [PSYoungGen: 21673956K->598910K(22609920K)] 22306088K->1231418K(25755648K), 0.1108624 secs] [Times: user=3.90 sys=0.00, real=0.11 secs] 
2948.651: [GC (Allocation Failure) [PSYoungGen: 21701502K->583940K(22609920K)] 22334010K->1216808K(25755648K), 0.1097448 secs] [Times: user=3.86 sys=0.00, real=0.11 secs] 
2956.622: [GC (Allocation Failure) [PSYoungGen: 21686532K->588857K(22609920K)] 22319400K->1222093K(25755648K), 0.1090734 secs] [Times: user=3.83 sys=0.00, real=0.11 secs] 
2964.581: [GC (Allocation Failure) [PSYoungGen: 21691449K->592109K(22609920K)] 22324685K->1225704K(25755648K), 0.1126964 secs] [Times: user=3.95 sys=0.00, real=0.11 secs] 
2972.544: [GC (Allocation Failure) [PSYoungGen: 21694701K->586004K(22609920K)] 22328296K->1219968K(25755648K), 0.1102173 secs] [Times: user=3.88 sys=0.00, real=0.11 secs] 
2980.507: [GC (Allocation Failure) [PSYoungGen: 21688596K->586420K(22609920K)] 22322560K->1220752K(25755648K), 0.1113937 secs] [Times: user=3.92 sys=0.00, real=0.11 secs] 
2988.423: [GC (Allocation Failure) [PSYoungGen: 21689012K->584878K(22609920K)] 22323344K->1219586K(25755648K), 0.1130851 secs] [Times: user=3.89 sys=0.00, real=0.11 secs] 
2996.364: [GC (Allocation Failure) [PSYoungGen: 21687470K->596575K(22609920K)] 22322178K->1231651K(25755648K), 0.1103586 secs] [Times: user=3.88 sys=0.00, real=0.11 secs] 
3004.321: [GC (Allocation Failure) [PSYoungGen: 21699167K->586660K(22609920K)] 22334243K->1222104K(25755648K), 0.1093696 secs] [Times: user=3.80 sys=0.00, real=0.11 secs] 
3012.172: [GC (Allocation Failure) [PSYoungGen: 21689252K->597529K(22609920K)] 22324696K->1233341K(25755648K), 0.1105367 secs] [Times: user=3.90 sys=0.00, real=0.11 secs] 
3019.994: [GC (Allocation Failure) [PSYoungGen: 21700121K->603124K(22609920K)] 22335933K->1239312K(25755648K), 0.1109808 secs] [Times: user=3.91 sys=0.00, real=0.11 secs] 
3027.765: [GC (Allocation Failure) [PSYoungGen: 21705716K->590596K(22609920K)] 22341904K->1227184K(25755648K), 0.1096196 secs] [Times: user=3.86 sys=0.00, real=0.11 secs] 
3035.548: [GC (Allocation Failure) [PSYoungGen: 21693188K->587753K(22609920K)] 22329776K->1224709K(25755648K), 0.1131478 secs] [Times: user=3.95 sys=0.01, real=0.12 secs] 
3043.248: [GC (Allocation Failure) [PSYoungGen: 21690345K->596020K(22609920K)] 22327301K->1233336K(25755648K), 0.1096237 secs] [Times: user=3.85 sys=0.01, real=0.11 secs] 
3051.006: [GC (Allocation Failure) [PSYoungGen: 21698612K->604836K(22609920K)] 22335928K->1242528K(25755648K), 0.1130411 secs] [Times: user=3.85 sys=0.00, real=0.11 secs] 
3058.728: [GC (Allocation Failure) [PSYoungGen: 21707428K->606175K(22609920K)] 22345120K->1244243K(25755648K), 0.1168695 secs] [Times: user=3.93 sys=0.00, real=0.12 secs] 
3066.590: [GC (Allocation Failure) [PSYoungGen: 21708767K->582868K(22609920K)] 22346835K->1221288K(25755648K), 0.1113296 secs] [Times: user=3.90 sys=0.00, real=0.11 secs] 
3074.426: [GC (Allocation Failure) [PSYoungGen: 21685460K->598371K(22609920K)] 22323880K->1237151K(25755648K), 0.1121957 secs] [Times: user=3.95 sys=0.00, real=0.11 secs] 
3082.092: [GC (Allocation Failure) [PSYoungGen: 21700963K->600942K(22609920K)] 22339743K->1240098K(25755648K), 0.1130636 secs] [Times: user=3.86 sys=0.00, real=0.11 secs] 
3089.658: [GC (Allocation Failure) [PSYoungGen: 21703534K->591134K(22609920K)] 22342690K->1230666K(25755648K), 0.1120159 secs] [Times: user=3.81 sys=0.00, real=0.11 secs] 
3097.241: [GC (Allocation Failure) [PSYoungGen: 21693726K->606826K(22609920K)] 22333258K->1246725K(25755648K), 0.1128623 secs] [Times: user=3.94 sys=0.00, real=0.11 secs] 
3104.733: [GC (Allocation Failure) [PSYoungGen: 21709418K->585098K(22609920K)] 22349317K->1225357K(25755648K), 0.1123219 secs] [Times: user=3.95 sys=0.01, real=0.11 secs] 
3112.316: [GC (Allocation Failure) [PSYoungGen: 21687690K->578212K(22609920K)] 22327949K->1218832K(25755648K), 0.1077205 secs] [Times: user=3.79 sys=0.00, real=0.11 secs] 
3119.825: [GC (Allocation Failure) [PSYoungGen: 21680804K->595572K(22609920K)] 22321424K->1236592K(25755648K), 0.1140139 secs] [Times: user=3.94 sys=0.01, real=0.11 secs] 
3127.289: [GC (Allocation Failure) [PSYoungGen: 21698164K->604089K(22609920K)] 22339184K->1245492K(25755648K), 0.1154366 secs] [Times: user=4.03 sys=0.00, real=0.12 secs] 
3134.752: [GC (Allocation Failure) [PSYoungGen: 21706681K->588841K(22609920K)] 22348084K->1230604K(25755648K), 0.1090839 secs] [Times: user=3.84 sys=0.01, real=0.11 secs] 
3142.101: [GC (Allocation Failure) [PSYoungGen: 21691433K->598404K(22609920K)] 22333196K->1240584K(25755648K), 0.1103036 secs] [Times: user=3.88 sys=0.00, real=0.11 secs] 
3149.565: [GC (Allocation Failure) [PSYoungGen: 21700996K->580836K(22609920K)] 22343176K->1223384K(25755648K), 0.1085266 secs] [Times: user=3.76 sys=0.00, real=0.11 secs] 
3156.894: [GC (Allocation Failure) [PSYoungGen: 21683428K->597204K(22609920K)] 22325976K->1240112K(25755648K), 0.1136589 secs] [Times: user=4.00 sys=0.01, real=0.12 secs] 
3164.141: [GC (Allocation Failure) [PSYoungGen: 21699796K->592388K(22609920K)] 22342704K->1235664K(25755648K), 0.1107889 secs] [Times: user=3.88 sys=0.01, real=0.11 secs] 
3171.396: [GC (Allocation Failure) [PSYoungGen: 21694980K->580553K(22609920K)] 22338256K->1224189K(25755648K), 0.1103387 secs] [Times: user=3.88 sys=0.00, real=0.11 secs] 
3178.570: [GC (Allocation Failure) [PSYoungGen: 21683145K->589417K(22609920K)] 22326781K->1233421K(25755648K), 0.1125297 secs] [Times: user=3.97 sys=0.00, real=0.12 secs] 
3185.842: [GC (Allocation Failure) [PSYoungGen: 21692009K->608655K(22609920K)] 22336013K->1253027K(25755648K), 0.1154200 secs] [Times: user=3.97 sys=0.01, real=0.12 secs] 
3193.180: [GC (Allocation Failure) [PSYoungGen: 21711247K->609502K(22609920K)] 22355619K->1254226K(25755648K), 0.1167878 secs] [Times: user=4.06 sys=0.01, real=0.12 secs] 
3200.400: [GC (Allocation Failure) [PSYoungGen: 21712094K->594551K(22609920K)] 22356818K->1239651K(25755648K), 0.1122753 secs] [Times: user=3.90 sys=0.01, real=0.11 secs] 
3207.598: [GC (Allocation Failure) [PSYoungGen: 21697143K->586707K(22609920K)] 22342243K->1232158K(25755648K), 0.1089202 secs] [Times: user=3.84 sys=0.00, real=0.11 secs] 
3214.898: [GC (Allocation Failure) [PSYoungGen: 21689299K->632655K(22609920K)] 22334750K->1278482K(25755648K), 0.1191263 secs] [Times: user=4.15 sys=0.00, real=0.12 secs] 
3222.248: [GC (Allocation Failure) [PSYoungGen: 21735247K->613481K(22609920K)] 22381074K->1259676K(25755648K), 0.1145305 secs] [Times: user=4.02 sys=0.00, real=0.11 secs] 
3229.401: [GC (Allocation Failure) [PSYoungGen: 21716073K->579652K(22609920K)] 22362268K->1226200K(25755648K), 0.1082458 secs] [Times: user=3.80 sys=0.00, real=0.11 secs] 
3236.306: [GC (Allocation Failure) [PSYoungGen: 21682244K->581316K(22609920K)] 22328792K->1228216K(25755648K), 0.1079460 secs] [Times: user=3.79 sys=0.00, real=0.11 secs] 
3243.351: [GC (Allocation Failure) [PSYoungGen: 21683908K->597541K(22609920K)] 22330808K->1244801K(25755648K), 0.1115092 secs] [Times: user=3.90 sys=0.00, real=0.11 secs] 
3250.404: [GC (Allocation Failure) [PSYoungGen: 21700133K->587529K(22609920K)] 22347393K->1235141K(25755648K), 0.1088794 secs] [Times: user=3.84 sys=0.00, real=0.11 secs] 
3257.452: [GC (Allocation Failure) [PSYoungGen: 21690121K->587428K(22609920K)] 22337733K->1235416K(25755648K), 0.1092675 secs] [Times: user=3.84 sys=0.00, real=0.11 secs] 
3264.449: [GC (Allocation Failure) [PSYoungGen: 21690020K->587609K(22609920K)] 22338008K->1235949K(25755648K), 0.1098232 secs] [Times: user=3.87 sys=0.00, real=0.11 secs] 
3271.537: [GC (Allocation Failure) [PSYoungGen: 21690201K->607117K(22609920K)] 22338541K->1255817K(25755648K), 0.1144162 secs] [Times: user=4.01 sys=0.00, real=0.11 secs] 
3278.667: [GC (Allocation Failure) [PSYoungGen: 21709709K->610882K(22609920K)] 22358409K->1259958K(25755648K), 0.1132740 secs] [Times: user=4.00 sys=0.00, real=0.11 secs] 
3285.822: [GC (Allocation Failure) [PSYoungGen: 21713474K->594969K(22609920K)] 22362550K->1244405K(25755648K), 0.1110339 secs] [Times: user=3.90 sys=0.00, real=0.11 secs] 
3292.917: [GC (Allocation Failure) [PSYoungGen: 21697561K->595636K(22609920K)] 22346997K->1245432K(25755648K), 0.1122217 secs] [Times: user=3.95 sys=0.00, real=0.12 secs] 
3299.883: [GC (Allocation Failure) [PSYoungGen: 21698228K->588696K(22609920K)] 22348024K->1238860K(25755648K), 0.1125201 secs] [Times: user=3.96 sys=0.00, real=0.11 secs] 
3306.768: [GC (Allocation Failure) [PSYoungGen: 21691288K->600718K(22609920K)] 22341452K->1251274K(25755648K), 0.1131490 secs] [Times: user=3.98 sys=0.00, real=0.12 secs] 
3313.552: [GC (Allocation Failure) [PSYoungGen: 21703310K->586185K(22609920K)] 22353866K->1237132K(25755648K), 0.1095955 secs] [Times: user=3.85 sys=0.00, real=0.11 secs] 
3320.470: [GC (Allocation Failure) [PSYoungGen: 21688777K->586788K(22609920K)] 22339724K->1238112K(25755648K), 0.1100095 secs] [Times: user=3.79 sys=0.00, real=0.11 secs] 
3327.388: [GC (Allocation Failure) [PSYoungGen: 21689380K->584164K(22609920K)] 22340704K->1235848K(25755648K), 0.1099259 secs] [Times: user=3.88 sys=0.00, real=0.11 secs] 
3334.297: [GC (Allocation Failure) [PSYoungGen: 21686756K->598724K(22609920K)] 22338440K->1250784K(25755648K), 0.1136192 secs] [Times: user=4.00 sys=0.00, real=0.11 secs] 
3341.159: [GC (Allocation Failure) [PSYoungGen: 21701316K->597700K(22609920K)] 22353376K->1250128K(25755648K), 0.1129684 secs] [Times: user=3.98 sys=0.01, real=0.11 secs] 
3347.990: [GC (Allocation Failure) [PSYoungGen: 21700292K->629885K(22609920K)] 22352720K->1282681K(25755648K), 0.1176114 secs] [Times: user=4.14 sys=0.00, real=0.12 secs] 
3354.806: [GC (Allocation Failure) [PSYoungGen: 21732477K->608516K(22609920K)] 22385273K->1261680K(25755648K), 0.1117232 secs] [Times: user=3.92 sys=0.01, real=0.12 secs] 
3361.870: [GC (Allocation Failure) [PSYoungGen: 21711108K->605357K(22609920K)] 22364272K->1258889K(25755648K), 0.1126873 secs] [Times: user=3.96 sys=0.00, real=0.11 secs] 
3368.701: [GC (Allocation Failure) [PSYoungGen: 21707949K->593652K(22609920K)] 22361481K->1247552K(25755648K), 0.1109630 secs] [Times: user=3.90 sys=0.00, real=0.11 secs] 
3375.159: [GC (Allocation Failure) [PSYoungGen: 21696244K->602746K(22609920K)] 22350144K->1257005K(25755648K), 0.1122124 secs] [Times: user=3.94 sys=0.01, real=0.12 secs] 
3381.770: [GC (Allocation Failure) [PSYoungGen: 21705338K->594665K(22609920K)] 22359597K->1249317K(25755648K), 0.1175637 secs] [Times: user=3.73 sys=0.00, real=0.12 secs] 
3388.531: [GC (Allocation Failure) [PSYoungGen: 21697257K->589950K(22609920K)] 22351909K->1244953K(25755648K), 0.1113460 secs] [Times: user=3.91 sys=0.00, real=0.12 secs] 
3395.088: [GC (Allocation Failure) [PSYoungGen: 21692542K->596996K(22609920K)] 22347545K->1252368K(25755648K), 0.1104337 secs] [Times: user=3.89 sys=0.01, real=0.11 secs] 
3401.740: [GC (Allocation Failure) [PSYoungGen: 21699588K->607868K(22609920K)] 22354960K->1263608K(25755648K), 0.1148085 secs] [Times: user=4.03 sys=0.00, real=0.12 secs] 
3408.426: [GC (Allocation Failure) [PSYoungGen: 21710460K->606595K(22609920K)] 22366200K->1262702K(25755648K), 0.1121353 secs] [Times: user=3.95 sys=0.00, real=0.11 secs] 
3414.990: [GC (Allocation Failure) [PSYoungGen: 21709187K->609849K(22609920K)] 22365294K->1266325K(25755648K), 0.1128519 secs] [Times: user=3.96 sys=0.00, real=0.11 secs] 
3421.704: [GC (Allocation Failure) [PSYoungGen: 21712441K->590164K(22609920K)] 22368917K->1247008K(25755648K), 0.1151272 secs] [Times: user=4.02 sys=0.00, real=0.12 secs] 
3428.312: [GC (Allocation Failure) [PSYoungGen: 21692756K->589529K(22609920K)] 22349600K->1246733K(25755648K), 0.1103591 secs] [Times: user=3.87 sys=0.00, real=0.11 secs] 
3434.967: [GC (Allocation Failure) [PSYoungGen: 21692121K->595620K(22609920K)] 22349325K->1253200K(25755648K), 0.1107270 secs] [Times: user=3.90 sys=0.00, real=0.11 secs] 
3441.656: [GC (Allocation Failure) [PSYoungGen: 21698212K->596076K(22609920K)] 22355792K->1254015K(25755648K), 0.1106123 secs] [Times: user=3.90 sys=0.00, real=0.11 secs] 
3448.339: [GC (Allocation Failure) [PSYoungGen: 21698668K->601023K(22609920K)] 22356607K->1259322K(25755648K), 0.1132134 secs] [Times: user=3.99 sys=0.01, real=0.12 secs] 
3454.900: [GC (Allocation Failure) [PSYoungGen: 21703615K->594836K(22609920K)] 22361914K->1253488K(25755648K), 0.1125947 secs] [Times: user=3.97 sys=0.00, real=0.12 secs] 
3461.372: [GC (Allocation Failure) [PSYoungGen: 21697428K->600821K(22609920K)] 22356080K->1259841K(25755648K), 0.1147589 secs] [Times: user=3.83 sys=0.01, real=0.12 secs] 
3467.793: [GC (Allocation Failure) [PSYoungGen: 21703413K->610649K(22609920K)] 22362433K->1270045K(25755648K), 0.1138798 secs] [Times: user=4.02 sys=0.00, real=0.12 secs] 
3474.283: [GC (Allocation Failure) [PSYoungGen: 21713241K->608158K(22609920K)] 22372637K->1267906K(25755648K), 0.1132083 secs] [Times: user=3.98 sys=0.00, real=0.12 secs] 
3480.714: [GC (Allocation Failure) [PSYoungGen: 21710750K->610628K(22609920K)] 22370498K->1270752K(25755648K), 0.1153245 secs] [Times: user=4.06 sys=0.00, real=0.12 secs] 
3487.329: [GC (Allocation Failure) [PSYoungGen: 21713220K->598924K(22609920K)] 22373344K->1259407K(25755648K), 0.1135909 secs] [Times: user=4.00 sys=0.00, real=0.11 secs] 
3493.802: [GC (Allocation Failure) [PSYoungGen: 21701516K->615395K(22609920K)] 22361999K->1276239K(25755648K), 0.1137707 secs] [Times: user=4.01 sys=0.00, real=0.11 secs] 
3500.457: [GC (Allocation Failure) [PSYoungGen: 21717987K->590889K(22609920K)] 22378831K->1252109K(25755648K), 0.1107467 secs] [Times: user=3.82 sys=0.00, real=0.11 secs] 
3506.931: [GC (Allocation Failure) [PSYoungGen: 21693481K->604836K(22609920K)] 22354701K->1266432K(25755648K), 0.1128183 secs] [Times: user=3.97 sys=0.00, real=0.11 secs] 
3513.305: [GC (Allocation Failure) [PSYoungGen: 21707428K->587856K(22609920K)] 22369024K->1249804K(25755648K), 0.1100235 secs] [Times: user=3.87 sys=0.00, real=0.11 secs] 
3519.850: [GC (Allocation Failure) [PSYoungGen: 21690448K->596525K(22609920K)] 22352396K->1258833K(25755648K), 0.1148587 secs] [Times: user=3.96 sys=0.00, real=0.12 secs] 
3526.220: [GC (Allocation Failure) [PSYoungGen: 21699117K->635954K(22609920K)] 22361425K->1298638K(25755648K), 0.1175253 secs] [Times: user=4.08 sys=0.00, real=0.12 secs] 
3532.593: [GC (Allocation Failure) [PSYoungGen: 21738546K->592740K(22609920K)] 22401230K->1255776K(25755648K), 0.1141869 secs] [Times: user=3.99 sys=0.00, real=0.12 secs] 
3539.033: [GC (Allocation Failure) [PSYoungGen: 21695332K->605113K(22609920K)] 22358368K->1268517K(25755648K), 0.1140092 secs] [Times: user=3.98 sys=0.00, real=0.12 secs] 
3545.319: [GC (Allocation Failure) [PSYoungGen: 21707705K->599743K(22609920K)] 22371109K->1263515K(25755648K), 0.1113437 secs] [Times: user=3.92 sys=0.00, real=0.11 secs] 
3551.699: [GC (Allocation Failure) [PSYoungGen: 21702335K->597807K(22609920K)] 22366107K->1261939K(25755648K), 0.1130536 secs] [Times: user=3.95 sys=0.00, real=0.11 secs] 
3558.001: [GC (Allocation Failure) [PSYoungGen: 21700399K->611872K(22609920K)] 22364531K->1276388K(25755648K), 0.1167920 secs] [Times: user=4.04 sys=0.00, real=0.11 secs] 
3564.389: [GC (Allocation Failure) [PSYoungGen: 21714464K->582489K(22609920K)] 22378980K->1247373K(25755648K), 0.1129355 secs] [Times: user=3.97 sys=0.00, real=0.12 secs] 
3570.847: [GC (Allocation Failure) [PSYoungGen: 21685081K->601385K(22609920K)] 22349965K->1266629K(25755648K), 0.1145597 secs] [Times: user=4.04 sys=0.00, real=0.12 secs] 
3577.228: [GC (Allocation Failure) [PSYoungGen: 21703977K->632595K(22609920K)] 22369221K->1298206K(25755648K), 0.1166159 secs] [Times: user=4.08 sys=0.00, real=0.12 secs] 
3583.531: [GC (Allocation Failure) [PSYoungGen: 21735187K->597181K(22609920K)] 22400798K->1263161K(25755648K), 0.1118377 secs] [Times: user=3.94 sys=0.00, real=0.12 secs] 
3589.865: [GC (Allocation Failure) [PSYoungGen: 21699773K->607491K(22609920K)] 22365753K->1273823K(25755648K), 0.1153533 secs] [Times: user=4.00 sys=0.01, real=0.11 secs] 
3596.213: [GC (Allocation Failure) [PSYoungGen: 21710083K->626765K(22609920K)] 22376415K->1293473K(25755648K), 0.1166648 secs] [Times: user=4.11 sys=0.00, real=0.12 secs] 
3602.421: [GC (Allocation Failure) [PSYoungGen: 21729357K->593876K(22609920K)] 22396065K->1260944K(25755648K), 0.1103039 secs] [Times: user=3.89 sys=0.01, real=0.11 secs] 
3608.638: [GC (Allocation Failure) [PSYoungGen: 21696468K->593044K(22609920K)] 22363536K->1260488K(25755648K), 0.1099767 secs] [Times: user=3.87 sys=0.00, real=0.11 secs] 
3614.941: [GC (Allocation Failure) [PSYoungGen: 21695636K->612420K(22609920K)] 22363080K->1280224K(25755648K), 0.1125920 secs] [Times: user=3.97 sys=0.00, real=0.11 secs] 
3621.106: [GC (Allocation Failure) [PSYoungGen: 21715012K->607795K(22609920K)] 22382816K->1275959K(25755648K), 0.1165676 secs] [Times: user=4.05 sys=0.01, real=0.12 secs] 
3627.328: [GC (Allocation Failure) [PSYoungGen: 21710387K->600729K(22609920K)] 22378551K->1269261K(25755648K), 0.1120110 secs] [Times: user=3.95 sys=0.00, real=0.12 secs] 
3633.475: [GC (Allocation Failure) [PSYoungGen: 21703321K->595513K(22609920K)] 22371853K->1264404K(25755648K), 0.1100605 secs] [Times: user=3.88 sys=0.00, real=0.11 secs] 
3639.796: [GC (Allocation Failure) [PSYoungGen: 21698105K->607891K(22609920K)] 22366996K->1277166K(25755648K), 0.1135533 secs] [Times: user=3.99 sys=0.00, real=0.11 secs] 
3646.026: [GC (Allocation Failure) [PSYoungGen: 21710483K->613017K(22609920K)] 22379758K->1282653K(25755648K), 0.1134360 secs] [Times: user=3.99 sys=0.00, real=0.11 secs] 
3652.133: [GC (Allocation Failure) [PSYoungGen: 21715609K->620480K(22609920K)] 22385245K->1290475K(25755648K), 0.1156543 secs] [Times: user=4.06 sys=0.00, real=0.11 secs] 
3658.287: [GC (Allocation Failure) [PSYoungGen: 21723072K->629360K(22609920K)] 22393067K->1299739K(25755648K), 0.1160978 secs] [Times: user=4.09 sys=0.01, real=0.11 secs] 
3664.498: [GC (Allocation Failure) [PSYoungGen: 21731952K->592841K(22609920K)] 22402331K->1263572K(25755648K), 0.1119571 secs] [Times: user=3.94 sys=0.00, real=0.11 secs] 
3670.768: [GC (Allocation Failure) [PSYoungGen: 21695433K->596073K(22609920K)] 22366164K->1267157K(25755648K), 0.1106749 secs] [Times: user=3.91 sys=0.00, real=0.11 secs] 
3676.938: [GC (Allocation Failure) [PSYoungGen: 21698665K->610430K(22609920K)] 22369749K->1281890K(25755648K), 0.1131995 secs] [Times: user=3.99 sys=0.00, real=0.11 secs] 
3683.222: [GC (Allocation Failure) [PSYoungGen: 21713022K->610537K(22609920K)] 22384482K->1282365K(25755648K), 0.1166729 secs] [Times: user=4.02 sys=0.01, real=0.12 secs] 
3689.457: [GC (Allocation Failure) [PSYoungGen: 21713129K->583028K(22609920K)] 22384957K->1255224K(25755648K), 0.1105874 secs] [Times: user=3.78 sys=0.00, real=0.11 secs] 
3695.549: [GC (Allocation Failure) [PSYoungGen: 21685620K->600564K(22609920K)] 22357816K->1273136K(25755648K), 0.1143718 secs] [Times: user=4.00 sys=0.00, real=0.12 secs] 
3701.604: [GC (Allocation Failure) [PSYoungGen: 21703156K->609477K(22609920K)] 22375728K->1282424K(25755648K), 0.1143964 secs] [Times: user=3.96 sys=0.00, real=0.11 secs] 
3707.680: [GC (Allocation Failure) [PSYoungGen: 21712069K->609569K(22609920K)] 22385016K->1282885K(25755648K), 0.1142872 secs] [Times: user=3.97 sys=0.00, real=0.12 secs] 
3713.716: [GC (Allocation Failure) [PSYoungGen: 21712161K->599033K(22609920K)] 22385477K->1272709K(25755648K), 0.1146238 secs] [Times: user=3.93 sys=0.01, real=0.11 secs] 
3719.764: [GC (Allocation Failure) [PSYoungGen: 21701625K->602063K(22609920K)] 22375301K->1276114K(25755648K), 0.1128252 secs] [Times: user=3.95 sys=0.01, real=0.11 secs] 
3725.869: [GC (Allocation Failure) [PSYoungGen: 21704655K->620105K(22609920K)] 22378706K->1294517K(25755648K), 0.1171552 secs] [Times: user=4.10 sys=0.00, real=0.12 secs] 
3731.871: [GC (Allocation Failure) [PSYoungGen: 21722697K->627416K(22609920K)] 22397109K->1302188K(25755648K), 0.1158243 secs] [Times: user=4.08 sys=0.00, real=0.12 secs] 
3737.852: [GC (Allocation Failure) [PSYoungGen: 21730008K->616030K(22609920K)] 22404780K->1291153K(25755648K), 0.1193218 secs] [Times: user=4.08 sys=0.00, real=0.12 secs] 
3743.877: [GC (Allocation Failure) [PSYoungGen: 21718622K->598839K(22609920K)] 22393745K->1274322K(25755648K), 0.1122482 secs] [Times: user=3.96 sys=0.00, real=0.11 secs] 
3750.000: [GC (Allocation Failure) [PSYoungGen: 21701431K->620990K(22609920K)] 22376914K->1296866K(25755648K), 0.1163425 secs] [Times: user=3.98 sys=0.01, real=0.11 secs] 
3756.054: [GC (Allocation Failure) [PSYoungGen: 21723582K->615405K(22609920K)] 22399458K->1291657K(25755648K), 0.1195051 secs] [Times: user=3.99 sys=0.01, real=0.12 secs] 
3761.907: [GC (Allocation Failure) [PSYoungGen: 21717997K->612761K(22609920K)] 22394249K->1289373K(25755648K), 0.1129214 secs] [Times: user=3.97 sys=0.00, real=0.12 secs] 
3767.793: [GC (Allocation Failure) [PSYoungGen: 21715353K->624873K(22609920K)] 22391965K->1301853K(25755648K), 0.1151542 secs] [Times: user=4.05 sys=0.00, real=0.11 secs] 
3773.695: [GC (Allocation Failure) [PSYoungGen: 21727465K->614595K(22609920K)] 22404445K->1291943K(25755648K), 0.1159234 secs] [Times: user=4.01 sys=0.00, real=0.11 secs] 
3779.695: [GC (Allocation Failure) [PSYoungGen: 21717187K->611885K(22609920K)] 22394535K->1289609K(25755648K), 0.1139599 secs] [Times: user=3.97 sys=0.00, real=0.11 secs] 
3785.694: [GC (Allocation Failure) [PSYoungGen: 21714477K->610553K(22609920K)] 22392201K->1288637K(25755648K), 0.1147098 secs] [Times: user=4.04 sys=0.01, real=0.11 secs] 
3791.786: [GC (Allocation Failure) [PSYoungGen: 21713145K->597513K(22609920K)] 22391229K->1275965K(25755648K), 0.1130729 secs] [Times: user=3.98 sys=0.01, real=0.11 secs] 
3797.624: [GC (Allocation Failure) [PSYoungGen: 21700105K->604393K(22609920K)] 22378557K->1283205K(25755648K), 0.1121865 secs] [Times: user=3.96 sys=0.00, real=0.12 secs] 
3803.628: [GC (Allocation Failure) [PSYoungGen: 21706985K->604596K(22609920K)] 22385797K->1283776K(25755648K), 0.1122058 secs] [Times: user=3.96 sys=0.00, real=0.11 secs] 
3809.382: [GC (Allocation Failure) [PSYoungGen: 21707188K->598526K(22609920K)] 22386368K->1278082K(25755648K), 0.1153369 secs] [Times: user=3.96 sys=0.00, real=0.12 secs] 
3815.399: [GC (Allocation Failure) [PSYoungGen: 21701118K->588756K(22609920K)] 22380674K->1268672K(25755648K), 0.1088759 secs] [Times: user=3.84 sys=0.00, real=0.11 secs] 
3821.202: [GC (Allocation Failure) [PSYoungGen: 21691348K->622212K(22609920K)] 22371264K->1302504K(25755648K), 0.1159037 secs] [Times: user=4.07 sys=0.01, real=0.11 secs] 
3827.056: [GC (Allocation Failure) [PSYoungGen: 21724804K->627758K(22609920K)] 22405096K->1308417K(25755648K), 0.1184436 secs] [Times: user=4.17 sys=0.01, real=0.12 secs] 
3832.920: [GC (Allocation Failure) [PSYoungGen: 21730350K->609044K(22609920K)] 22411009K->1290056K(25755648K), 0.1131189 secs] [Times: user=3.97 sys=0.00, real=0.12 secs] 
3838.611: [GC (Allocation Failure) [PSYoungGen: 21711636K->609470K(22609920K)] 22392648K->1290849K(25755648K), 0.1130074 secs] [Times: user=3.98 sys=0.01, real=0.11 secs] 
3844.482: [GC (Allocation Failure) [PSYoungGen: 21712062K->588132K(22609920K)] 22393441K->1269872K(25755648K), 0.1099778 secs] [Times: user=3.87 sys=0.00, real=0.11 secs] 
3850.245: [GC (Allocation Failure) [PSYoungGen: 21690724K->636947K(22609920K)] 22372464K->1319094K(25755648K), 0.1182407 secs] [Times: user=4.17 sys=0.00, real=0.11 secs] 
3856.113: [GC (Allocation Failure) [PSYoungGen: 21739539K->613929K(22609920K)] 22421686K->1296444K(25755648K), 0.1141034 secs] [Times: user=4.00 sys=0.00, real=0.12 secs] 
3861.901: [GC (Allocation Failure) [PSYoungGen: 21716521K->618425K(22609920K)] 22399036K->1301301K(25755648K), 0.1150147 secs] [Times: user=4.05 sys=0.00, real=0.12 secs] 
3867.671: [GC (Allocation Failure) [PSYoungGen: 21721017K->611641K(22609920K)] 22403893K->1294885K(25755648K), 0.1141909 secs] [Times: user=4.03 sys=0.00, real=0.11 secs] 
3873.482: [GC (Allocation Failure) [PSYoungGen: 21714233K->609129K(22609920K)] 22397477K->1292733K(25755648K), 0.1140917 secs] [Times: user=4.01 sys=0.00, real=0.12 secs] 
3879.270: [GC (Allocation Failure) [PSYoungGen: 21711721K->630717K(22609920K)] 22395325K->1314680K(25755648K), 0.1205160 secs] [Times: user=4.18 sys=0.00, real=0.12 secs] 
3885.120: [GC (Allocation Failure) [PSYoungGen: 21733309K->617971K(22609920K)] 22417272K->1302311K(25755648K), 0.1176630 secs] [Times: user=4.15 sys=0.00, real=0.11 secs] 
3890.882: [GC (Allocation Failure) [PSYoungGen: 21720563K->624616K(22609920K)] 22404903K->1309316K(25755648K), 0.1169527 secs] [Times: user=4.12 sys=0.00, real=0.11 secs] 
3896.581: [GC (Allocation Failure) [PSYoungGen: 21727208K->589972K(22609920K)] 22411908K->1275048K(25755648K), 0.1145893 secs] [Times: user=3.97 sys=0.00, real=0.11 secs] 
3902.336: [GC (Allocation Failure) [PSYoungGen: 21692564K->581412K(22609920K)] 22377640K->1266848K(25755648K), 0.1120807 secs] [Times: user=3.86 sys=0.00, real=0.11 secs] 
3908.002: [GC (Allocation Failure) [PSYoungGen: 21684004K->631619K(22609920K)] 22369440K->1317423K(25755648K), 0.1191978 secs] [Times: user=4.07 sys=0.00, real=0.11 secs] 
3913.651: [GC (Allocation Failure) [PSYoungGen: 21734211K->601609K(22609920K)] 22420015K->1287773K(25755648K), 0.1117635 secs] [Times: user=3.93 sys=0.00, real=0.12 secs] 
3919.321: [GC (Allocation Failure) [PSYoungGen: 21704201K->603705K(22609920K)] 22390365K->1290229K(25755648K), 0.1122374 secs] [Times: user=3.95 sys=0.01, real=0.12 secs] 
3924.913: [GC (Allocation Failure) [PSYoungGen: 21706297K->628393K(22609920K)] 22392821K->1315285K(25755648K), 0.1183875 secs] [Times: user=4.13 sys=0.00, real=0.12 secs] 
3930.550: [GC (Allocation Failure) [PSYoungGen: 21730985K->623462K(22609920K)] 22417877K->1310722K(25755648K), 0.1167599 secs] [Times: user=4.12 sys=0.00, real=0.12 secs] 
3936.171: [GC (Allocation Failure) [PSYoungGen: 21726054K->643939K(22609920K)] 22413314K->1331551K(25755648K), 0.1204820 secs] [Times: user=4.16 sys=0.00, real=0.12 secs] 
3941.693: [GC (Allocation Failure) [PSYoungGen: 21746531K->608388K(22609920K)] 22434143K->1296368K(25755648K), 0.1124199 secs] [Times: user=3.95 sys=0.00, real=0.11 secs] 
3947.364: [GC (Allocation Failure) [PSYoungGen: 21710980K->605977K(22609920K)] 22398960K->1294325K(25755648K), 0.1125328 secs] [Times: user=3.97 sys=0.01, real=0.11 secs] 
3953.017: [GC (Allocation Failure) [PSYoungGen: 21708569K->625298K(22609920K)] 22396917K->1314013K(25755648K), 0.1151199 secs] [Times: user=4.06 sys=0.01, real=0.12 secs] 
3958.725: [GC (Allocation Failure) [PSYoungGen: 21727890K->617695K(22609920K)] 22416605K->1306795K(25755648K), 0.1158765 secs] [Times: user=4.07 sys=0.00, real=0.12 secs] 
3964.413: [GC (Allocation Failure) [PSYoungGen: 21720287K->634460K(22609920K)] 22409387K->1323952K(25755648K), 0.1195136 secs] [Times: user=4.21 sys=0.00, real=0.12 secs] 
3969.998: [GC (Allocation Failure) [PSYoungGen: 21737052K->623673K(22609920K)] 22426544K->1313533K(25755648K), 0.1165084 secs] [Times: user=4.10 sys=0.00, real=0.12 secs] 
3975.564: [GC (Allocation Failure) [PSYoungGen: 21726265K->617901K(22609920K)] 22416125K->1308129K(25755648K), 0.1139558 secs] [Times: user=4.02 sys=0.00, real=0.11 secs] 
3981.108: [GC (Allocation Failure) [PSYoungGen: 21720493K->612228K(22609920K)] 22410721K->1302832K(25755648K), 0.1162991 secs] [Times: user=4.09 sys=0.01, real=0.12 secs] 
3986.599: [GC (Allocation Failure) [PSYoungGen: 21714820K->594281K(22609920K)] 22405424K->1285245K(25755648K), 0.1130412 secs] [Times: user=3.95 sys=0.00, real=0.11 secs] 
3992.121: [GC (Allocation Failure) [PSYoungGen: 21696873K->637970K(22609920K)] 22387837K->1329293K(25755648K), 0.1170267 secs] [Times: user=4.12 sys=0.00, real=0.12 secs] 
3997.485: [GC (Allocation Failure) [PSYoungGen: 21740562K->614249K(22609920K)] 22431885K->1305941K(25755648K), 0.1144947 secs] [Times: user=4.03 sys=0.00, real=0.12 secs] 
4003.082: [GC (Allocation Failure) [PSYoungGen: 21716841K->619795K(22609920K)] 22408533K->1311863K(25755648K), 0.1178929 secs] [Times: user=4.14 sys=0.00, real=0.12 secs] 
4008.588: [GC (Allocation Failure) [PSYoungGen: 21722387K->607965K(22609920K)] 22414455K->1300393K(25755648K), 0.1122153 secs] [Times: user=3.95 sys=0.00, real=0.11 secs] 
4014.068: [GC (GCLocker Initiated GC) [PSYoungGen: 21710557K->636116K(22609920K)] 22403579K->1329514K(25755648K), 0.1222472 secs] [Times: user=4.26 sys=0.01, real=0.12 secs] 
4019.592: [GC (Allocation Failure) [PSYoungGen: 21738708K->600756K(22609920K)] 22432109K->1294509K(25755648K), 0.1118798 secs] [Times: user=3.92 sys=0.00, real=0.11 secs] 
4025.250: [GC (Allocation Failure) [PSYoungGen: 21703348K->636574K(22609920K)] 22397101K->1330703K(25755648K), 0.1184397 secs] [Times: user=4.17 sys=0.00, real=0.11 secs] 
4030.738: [GC (Allocation Failure) [PSYoungGen: 21739166K->616532K(22609920K)] 22433295K->1311037K(25755648K), 0.1133135 secs] [Times: user=3.99 sys=0.00, real=0.12 secs] 
4036.143: [GC (Allocation Failure) [PSYoungGen: 21719124K->641097K(22609920K)] 22413629K->1335954K(25755648K), 0.1191529 secs] [Times: user=4.20 sys=0.00, real=0.12 secs] 
4041.514: [GC (Allocation Failure) [PSYoungGen: 21743689K->611101K(22609920K)] 22438546K->1306333K(25755648K), 0.1149018 secs] [Times: user=4.04 sys=0.00, real=0.11 secs] 
4046.887: [GC (Allocation Failure) [PSYoungGen: 21713693K->627081K(22609920K)] 22408925K->1322690K(25755648K), 0.1156255 secs] [Times: user=4.07 sys=0.01, real=0.12 secs] 
4052.340: [GC (Allocation Failure) [PSYoungGen: 21729673K->601479K(22609920K)] 22425282K->1297440K(25755648K), 0.1135341 secs] [Times: user=3.92 sys=0.00, real=0.12 secs] 
4057.731: [GC (Allocation Failure) [PSYoungGen: 21704071K->628233K(22609920K)] 22400032K->1324570K(25755648K), 0.1186028 secs] [Times: user=4.18 sys=0.00, real=0.12 secs] 
4063.211: [GC (Allocation Failure) [PSYoungGen: 21730825K->619769K(22609920K)] 22427162K->1316458K(25755648K), 0.1152494 secs] [Times: user=4.02 sys=0.00, real=0.12 secs] 
4068.681: [GC (Allocation Failure) [PSYoungGen: 21722361K->606266K(22609920K)] 22419050K->1303330K(25755648K), 0.1127657 secs] [Times: user=3.98 sys=0.00, real=0.11 secs] 
4074.129: [GC (Allocation Failure) [PSYoungGen: 21708858K->634386K(22609920K)] 22405922K->1331819K(25755648K), 0.1194576 secs] [Times: user=4.06 sys=0.00, real=0.12 secs] 
4079.486: [GC (Allocation Failure) [PSYoungGen: 21736978K->592484K(22609920K)] 22434411K->1290285K(25755648K), 0.1106505 secs] [Times: user=3.89 sys=0.00, real=0.11 secs] 
4084.872: [GC (Allocation Failure) [PSYoungGen: 21695076K->610424K(22609920K)] 22392877K->1308577K(25755648K), 0.1138549 secs] [Times: user=4.01 sys=0.00, real=0.11 secs] 
4090.372: [GC (Allocation Failure) [PSYoungGen: 21713016K->598107K(22609920K)] 22411169K->1296627K(25755648K), 0.1115839 secs] [Times: user=3.93 sys=0.00, real=0.11 secs] 
4095.707: [GC (Allocation Failure) [PSYoungGen: 21700698K->611605K(22609920K)] 22399218K->1313022K(25755648K), 0.1135410 secs] [Times: user=4.00 sys=0.01, real=0.12 secs] 
4101.220: [GC (Allocation Failure) [PSYoungGen: 21714197K->635981K(22609920K)] 22415614K->1337781K(25755648K), 0.1181852 secs] [Times: user=4.17 sys=0.00, real=0.12 secs] 
4106.600: [GC (Allocation Failure) [PSYoungGen: 21738573K->619719K(22609920K)] 22440373K->1321872K(25755648K), 0.1157329 secs] [Times: user=4.07 sys=0.01, real=0.12 secs] 
4111.910: [GC (Allocation Failure) [PSYoungGen: 21722311K->621342K(22609920K)] 22424464K->1323870K(25755648K), 0.1155301 secs] [Times: user=4.07 sys=0.00, real=0.12 secs] 
4117.189: [GC (Allocation Failure) [PSYoungGen: 21723934K->623300K(22609920K)] 22426462K->1326189K(25755648K), 0.1159349 secs] [Times: user=4.08 sys=0.01, real=0.12 secs] 
4122.496: [GC (Allocation Failure) [PSYoungGen: 21725892K->617413K(22609920K)] 22428781K->1320670K(25755648K), 0.1171534 secs] [Times: user=4.12 sys=0.00, real=0.11 secs] 
4127.862: [GC (Allocation Failure) [PSYoungGen: 21720005K->617309K(22609920K)] 22423262K->1320925K(25755648K), 0.1143460 secs] [Times: user=4.03 sys=0.00, real=0.12 secs] 
4133.199: [GC (Allocation Failure) [PSYoungGen: 21719901K->649839K(22609920K)] 22423517K->1353832K(25755648K), 0.1228176 secs] [Times: user=4.27 sys=0.00, real=0.12 secs] 
4138.541: [GC (Allocation Failure) [PSYoungGen: 21752431K->620606K(22609920K)] 22456424K->1324967K(25755648K), 0.1176205 secs] [Times: user=4.01 sys=0.00, real=0.12 secs] 
4143.837: [GC (Allocation Failure) [PSYoungGen: 21723198K->623178K(22609920K)] 22427559K->1327898K(25755648K), 0.1153038 secs] [Times: user=4.05 sys=0.00, real=0.12 secs] 
4149.243: [GC (Allocation Failure) [PSYoungGen: 21725770K->638793K(22609920K)] 22430490K->1343890K(25755648K), 0.1178121 secs] [Times: user=4.14 sys=0.00, real=0.12 secs] 
4154.435: [GC (Allocation Failure) [PSYoungGen: 21741385K->607106K(22609920K)] 22446482K->1312555K(25755648K), 0.1123810 secs] [Times: user=3.97 sys=0.01, real=0.11 secs] 
4159.702: [GC (Allocation Failure) [PSYoungGen: 21709698K->611234K(22609920K)] 22415147K->1317050K(25755648K), 0.1131424 secs] [Times: user=3.99 sys=0.00, real=0.11 secs] 
4164.958: [GC (Allocation Failure) [PSYoungGen: 21713826K->608804K(22609920K)] 22419642K->1314973K(25755648K), 0.1156903 secs] [Times: user=4.08 sys=0.01, real=0.12 secs] 
4170.353: [GC (Allocation Failure) [PSYoungGen: 21711396K->594596K(22609920K)] 22417565K->1301133K(25755648K), 0.1104725 secs] [Times: user=3.88 sys=0.00, real=0.11 secs] 
4175.677: [GC (Allocation Failure) [PSYoungGen: 21697188K->604180K(22609920K)] 22403725K->1311069K(25755648K), 0.1122534 secs] [Times: user=3.96 sys=0.00, real=0.11 secs] 
4180.982: [GC (Allocation Failure) [PSYoungGen: 21706772K->611556K(22609920K)] 22413661K->1318805K(25755648K), 0.1139227 secs] [Times: user=3.99 sys=0.00, real=0.12 secs] 
4186.046: [GC (Allocation Failure) [PSYoungGen: 21714148K->637166K(22609920K)] 22421397K->1344831K(25755648K), 0.1172795 secs] [Times: user=4.15 sys=0.00, real=0.11 secs] 
4191.280: [GC (Allocation Failure) [PSYoungGen: 21739758K->625705K(22609920K)] 22447423K->1333730K(25755648K), 0.1164557 secs] [Times: user=4.11 sys=0.00, real=0.12 secs] 
4196.360: [GC (Allocation Failure) [PSYoungGen: 21728297K->612186K(22609920K)] 22436322K->1320571K(25755648K), 0.1131800 secs] [Times: user=3.99 sys=0.00, real=0.11 secs] 
4201.611: [GC (Allocation Failure) [PSYoungGen: 21714778K->600548K(22609920K)] 22423163K->1309317K(25755648K), 0.1120115 secs] [Times: user=3.93 sys=0.01, real=0.11 secs] 
4206.940: [GC (Allocation Failure) [PSYoungGen: 21703140K->640554K(22609920K)] 22411909K->1349691K(25755648K), 0.1188711 secs] [Times: user=4.20 sys=0.00, real=0.12 secs] 
4212.125: [GC (Allocation Failure) [PSYoungGen: 21743146K->624201K(22609920K)] 22452283K->1333690K(25755648K), 0.1173034 secs] [Times: user=4.13 sys=0.01, real=0.12 secs] 
4217.458: [GC (Allocation Failure) [PSYoungGen: 21726793K->610017K(22609920K)] 22436282K->1319882K(25755648K), 0.1138413 secs] [Times: user=3.99 sys=0.00, real=0.12 secs] 
4222.640: [GC (Allocation Failure) [PSYoungGen: 21712609K->632825K(22609920K)] 22422474K->1343066K(25755648K), 0.1167534 secs] [Times: user=4.11 sys=0.00, real=0.11 secs] 
4227.873: [GC (Allocation Failure) [PSYoungGen: 21735417K->649675K(22609920K)] 22445658K->1360276K(25755648K), 0.1204412 secs] [Times: user=4.23 sys=0.00, real=0.12 secs] 
4233.107: [GC (Allocation Failure) [PSYoungGen: 21752267K->650001K(22609920K)] 22462868K->1360985K(25755648K), 0.1199544 secs] [Times: user=4.24 sys=0.00, real=0.12 secs] 
4238.294: [GC (Allocation Failure) [PSYoungGen: 21752593K->587753K(22609920K)] 22463577K->1299098K(25755648K), 0.1140771 secs] [Times: user=3.97 sys=0.00, real=0.11 secs] 
4243.413: [GC (Allocation Failure) [PSYoungGen: 21690345K->621569K(22609920K)] 22401690K->1333297K(25755648K), 0.1152684 secs] [Times: user=4.07 sys=0.00, real=0.11 secs] 
4248.602: [GC (Allocation Failure) [PSYoungGen: 21724161K->642230K(22609920K)] 22435889K->1354343K(25755648K), 0.1190678 secs] [Times: user=4.18 sys=0.01, real=0.12 secs] 
4253.817: [GC (Allocation Failure) [PSYoungGen: 21744822K->635411K(22609920K)] 22456935K->1347892K(25755648K), 0.1168427 secs] [Times: user=4.11 sys=0.00, real=0.11 secs] 
4258.922: [GC (Allocation Failure) [PSYoungGen: 21738003K->648035K(22609920K)] 22450484K->1360876K(25755648K), 0.1224798 secs] [Times: user=4.32 sys=0.00, real=0.12 secs] 
4264.057: [GC (Allocation Failure) [PSYoungGen: 21750627K->646532K(22609920K)] 22463468K->1359741K(25755648K), 0.1193007 secs] [Times: user=4.17 sys=0.01, real=0.12 secs] 
4269.239: [GC (Allocation Failure) [PSYoungGen: 21749124K->626473K(22609920K)] 22462333K->1340034K(25755648K), 0.1159663 secs] [Times: user=4.08 sys=0.00, real=0.11 secs] 
4274.250: [GC (Allocation Failure) [PSYoungGen: 21729065K->631727K(22609920K)] 22442626K->1345663K(25755648K), 0.1167694 secs] [Times: user=4.11 sys=0.00, real=0.11 secs] 
4279.351: [GC (Allocation Failure) [PSYoungGen: 21734319K->646095K(22609920K)] 22448255K->1361167K(25755648K), 0.1201576 secs] [Times: user=4.24 sys=0.00, real=0.12 secs] 
4284.488: [GC (Allocation Failure) [PSYoungGen: 21748687K->618953K(22609920K)] 22463759K->1334386K(25755648K), 0.1145205 secs] [Times: user=4.04 sys=0.00, real=0.12 secs] 
4289.679: [GC (Allocation Failure) [PSYoungGen: 21721545K->598585K(22609920K)] 22436978K->1314370K(25755648K), 0.1127599 secs] [Times: user=3.98 sys=0.00, real=0.12 secs] 
4294.755: [GC (Allocation Failure) [PSYoungGen: 21701177K->633581K(22609920K)] 22416962K->1349750K(25755648K), 0.1203752 secs] [Times: user=4.19 sys=0.00, real=0.12 secs] 
4299.910: [GC (Allocation Failure) [PSYoungGen: 21736173K->642933K(22609920K)] 22452342K->1360230K(25755648K), 0.1190595 secs] [Times: user=4.20 sys=0.00, real=0.12 secs] 
4304.977: [GC (Allocation Failure) [PSYoungGen: 21745525K->623946K(22609920K)] 22462822K->1341610K(25755648K), 0.1164784 secs] [Times: user=4.08 sys=0.00, real=0.12 secs] 
4309.983: [GC (Allocation Failure) [PSYoungGen: 21726538K->632253K(22609920K)] 22444202K->1350286K(25755648K), 0.1199498 secs] [Times: user=4.23 sys=0.01, real=0.12 secs] 
4315.115: [GC (Allocation Failure) [PSYoungGen: 21734845K->644758K(22609920K)] 22452878K->1363174K(25755648K), 0.1211183 secs] [Times: user=4.28 sys=0.01, real=0.12 secs] 
4320.215: [GC (Allocation Failure) [PSYoungGen: 21747350K->617594K(22609920K)] 22465766K->1336371K(25755648K), 0.1168399 secs] [Times: user=4.12 sys=0.00, real=0.11 secs] 
4325.442: [GC (Allocation Failure) [PSYoungGen: 21720186K->615811K(22609920K)] 22438963K->1334940K(25755648K), 0.1152498 secs] [Times: user=4.04 sys=0.00, real=0.12 secs] 
4330.508: [GC (Allocation Failure) [PSYoungGen: 21718403K->615316K(22609920K)] 22437532K->1334813K(25755648K), 0.1174017 secs] [Times: user=4.09 sys=0.00, real=0.11 secs] 
4335.529: [GC (Allocation Failure) [PSYoungGen: 21717908K->603860K(22609920K)] 22437405K->1323717K(25755648K), 0.1119810 secs] [Times: user=3.94 sys=0.00, real=0.11 secs] 
4340.672: [GC (Allocation Failure) [PSYoungGen: 21706452K->626008K(22609920K)] 22426309K->1346233K(25755648K), 0.1181524 secs] [Times: user=4.08 sys=0.00, real=0.12 secs] 
4345.640: [GC (Allocation Failure) [PSYoungGen: 21728600K->598756K(22609920K)] 22448825K->1319341K(25755648K), 0.1115925 secs] [Times: user=3.93 sys=0.00, real=0.11 secs] 
4350.800: [GC (Allocation Failure) [PSYoungGen: 21701348K->626098K(22609920K)] 22421933K->1347051K(25755648K), 0.1160356 secs] [Times: user=4.09 sys=0.00, real=0.11 secs] 
4355.878: [GC (Allocation Failure) [PSYoungGen: 21728690K->600548K(22609920K)] 22449643K->1321877K(25755648K), 0.1110041 secs] [Times: user=3.91 sys=0.00, real=0.11 secs] 
4360.911: [GC (Allocation Failure) [PSYoungGen: 21703140K->629411K(22609920K)] 22424469K->1351100K(25755648K), 0.1186837 secs] [Times: user=4.09 sys=0.00, real=0.11 secs] 
4365.845: [GC (Allocation Failure) [PSYoungGen: 21732003K->622874K(22609920K)] 22453692K->1344922K(25755648K), 0.1153932 secs] [Times: user=4.07 sys=0.00, real=0.11 secs] 
4370.715: [GC (Allocation Failure) [PSYoungGen: 21725466K->609817K(22609920K)] 22447514K->1332226K(25755648K), 0.1134387 secs] [Times: user=4.00 sys=0.00, real=0.11 secs] 
4375.678: [GC (Allocation Failure) [PSYoungGen: 21712409K->606157K(22609920K)] 22434818K->1328926K(25755648K), 0.1126751 secs] [Times: user=3.97 sys=0.01, real=0.11 secs] 
4380.592: [GC (Allocation Failure) [PSYoungGen: 21708749K->608722K(22609920K)] 22431518K->1331851K(25755648K), 0.1175041 secs] [Times: user=4.14 sys=0.00, real=0.12 secs] 
4385.605: [GC (Allocation Failure) [PSYoungGen: 21711314K->631895K(22609920K)] 22434443K->1355408K(25755648K), 0.1191360 secs] [Times: user=4.05 sys=0.00, real=0.12 secs] 
4390.637: [GC (Allocation Failure) [PSYoungGen: 21734444K->614482K(22609920K)] 22457956K->1338355K(25755648K), 0.1160357 secs] [Times: user=4.09 sys=0.00, real=0.11 secs] 
4395.661: [GC (Allocation Failure) [PSYoungGen: 21717074K->606793K(22609920K)] 22440947K->1331026K(25755648K), 0.1130518 secs] [Times: user=3.98 sys=0.00, real=0.11 secs] 
4400.744: [GC (Allocation Failure) [PSYoungGen: 21709385K->612045K(22609920K)] 22433618K->1336654K(25755648K), 0.1160456 secs] [Times: user=4.10 sys=0.00, real=0.12 secs] 
4405.749: [GC (Allocation Failure) [PSYoungGen: 21714637K->623833K(22609920K)] 22439246K->1348810K(25755648K), 0.1152286 secs] [Times: user=4.07 sys=0.00, real=0.11 secs] 
4410.711: [GC (Allocation Failure) [PSYoungGen: 21726425K->631305K(22609920K)] 22451402K->1356650K(25755648K), 0.1161272 secs] [Times: user=4.09 sys=0.00, real=0.11 secs] 
4415.668: [GC (Allocation Failure) [PSYoungGen: 21733897K->616846K(22609920K)] 22459242K->1342551K(25755648K), 0.1166739 secs] [Times: user=4.09 sys=0.00, real=0.11 secs] 
4420.572: [GC (Allocation Failure) [PSYoungGen: 21719438K->617649K(22609920K)] 22445143K->1343730K(25755648K), 0.1168955 secs] [Times: user=4.08 sys=0.00, real=0.11 secs] 
4425.531: [GC (Allocation Failure) [PSYoungGen: 21720241K->603022K(22609920K)] 22446322K->1329463K(25755648K), 0.1124561 secs] [Times: user=3.96 sys=0.00, real=0.11 secs] 
4430.406: [GC (Allocation Failure) [PSYoungGen: 21705614K->589956K(22609920K)] 22432055K->1316821K(25755648K), 0.1147597 secs] [Times: user=3.99 sys=0.00, real=0.11 secs] 
4435.197: [GC (Allocation Failure) [PSYoungGen: 21692548K->645855K(22609920K)] 22419413K->1373088K(25755648K), 0.1196130 secs] [Times: user=4.21 sys=0.00, real=0.12 secs] 
4440.037: [GC (Allocation Failure) [PSYoungGen: 21748447K->632866K(22609920K)] 22475680K->1360475K(25755648K), 0.1182371 secs] [Times: user=4.16 sys=0.00, real=0.12 secs] 
4444.992: [GC (Allocation Failure) [PSYoungGen: 21735458K->638111K(22609920K)] 22463067K->1366095K(25755648K), 0.1200725 secs] [Times: user=4.19 sys=0.01, real=0.12 secs] 
4449.942: [GC (Allocation Failure) [PSYoungGen: 21740703K->613796K(22609920K)] 22468687K->1342141K(25755648K), 0.1141520 secs] [Times: user=4.02 sys=0.00, real=0.12 secs] 
4454.749: [GC (Allocation Failure) [PSYoungGen: 21716388K->609114K(22609920K)] 22444733K->1337826K(25755648K), 0.1173387 secs] [Times: user=4.09 sys=0.00, real=0.12 secs] 
4459.687: [GC (Allocation Failure) [PSYoungGen: 21711706K->625071K(22609920K)] 22440418K->1354152K(25755648K), 0.1162931 secs] [Times: user=4.04 sys=0.00, real=0.11 secs] 
4464.651: [GC (Allocation Failure) [PSYoungGen: 21727663K->609108K(22609920K)] 22456744K->1338565K(25755648K), 0.1133171 secs] [Times: user=3.99 sys=0.00, real=0.11 secs] 
4469.581: [GC (Allocation Failure) [PSYoungGen: 21711700K->616969K(22609920K)] 22441157K->1346778K(25755648K), 0.1152756 secs] [Times: user=4.06 sys=0.01, real=0.11 secs] 
4474.560: [GC (Allocation Failure) [PSYoungGen: 21719561K->625454K(22609920K)] 22449370K->1355631K(25755648K), 0.1166512 secs] [Times: user=4.08 sys=0.00, real=0.11 secs] 
4479.316: [GC (Allocation Failure) [PSYoungGen: 21728046K->607977K(22609920K)] 22458223K->1338514K(25755648K), 0.1159453 secs] [Times: user=4.07 sys=0.01, real=0.12 secs] 
4484.097: [GC (Allocation Failure) [PSYoungGen: 21710569K->637786K(22609920K)] 22441106K->1368690K(25755648K), 0.1176432 secs] [Times: user=4.14 sys=0.00, real=0.12 secs] 
4488.901: [GC (Allocation Failure) [PSYoungGen: 21740378K->635505K(22609920K)] 22471282K->1366778K(25755648K), 0.1178917 secs] [Times: user=4.14 sys=0.00, real=0.11 secs] 
4493.715: [GC (Allocation Failure) [PSYoungGen: 21738097K->611401K(22609920K)] 22469370K->1343042K(25755648K), 0.1156206 secs] [Times: user=3.93 sys=0.01, real=0.12 secs] 
4498.495: [GC (Allocation Failure) [PSYoungGen: 21713993K->620962K(22609920K)] 22445634K->1352963K(25755648K), 0.1153460 secs] [Times: user=4.03 sys=0.00, real=0.11 secs] 
4503.267: [GC (Allocation Failure) [PSYoungGen: 21723554K->634840K(22609920K)] 22455555K->1367209K(25755648K), 0.1172358 secs] [Times: user=4.13 sys=0.00, real=0.12 secs] 
4508.232: [GC (Allocation Failure) [PSYoungGen: 21737432K->632938K(22609920K)] 22469801K->1365699K(25755648K), 0.1180794 secs] [Times: user=4.15 sys=0.00, real=0.12 secs] 
4512.959: [GC (Allocation Failure) [PSYoungGen: 21735530K->624606K(22609920K)] 22468291K->1357727K(25755648K), 0.1165992 secs] [Times: user=4.09 sys=0.01, real=0.12 secs] 
4517.776: [GC (Allocation Failure) [PSYoungGen: 21727198K->627805K(22609920K)] 22460319K->1361294K(25755648K), 0.1168002 secs] [Times: user=4.07 sys=0.01, real=0.11 secs] 
4522.629: [GC (Allocation Failure) [PSYoungGen: 21730397K->623321K(22609920K)] 22463886K->1357177K(25755648K), 0.1163017 secs] [Times: user=4.04 sys=0.00, real=0.12 secs] 
4527.408: [GC (Allocation Failure) [PSYoungGen: 21725913K->634103K(22609920K)] 22459769K->1368328K(25755648K), 0.1194946 secs] [Times: user=4.16 sys=0.00, real=0.12 secs] 
4532.194: [GC (Allocation Failure) [PSYoungGen: 21736695K->634046K(22609920K)] 22470920K->1368639K(25755648K), 0.1169530 secs] [Times: user=4.12 sys=0.01, real=0.12 secs] 
4537.018: [GC (Allocation Failure) [PSYoungGen: 21736638K->650019K(22609920K)] 22471231K->1384980K(25755648K), 0.1198187 secs] [Times: user=4.23 sys=0.00, real=0.12 secs] 
4541.782: [GC (Allocation Failure) [PSYoungGen: 21752611K->611332K(22609920K)] 22487572K->1346661K(25755648K), 0.1169094 secs] [Times: user=4.12 sys=0.00, real=0.12 secs] 
4546.633: [GC (Allocation Failure) [PSYoungGen: 21713924K->606985K(22609920K)] 22449253K->1342674K(25755648K), 0.1155767 secs] [Times: user=3.97 sys=0.01, real=0.12 secs] 
4551.398: [GC (Allocation Failure) [PSYoungGen: 21709577K->622524K(22609920K)] 22445266K->1358580K(25755648K), 0.1151746 secs] [Times: user=4.06 sys=0.00, real=0.12 secs] 
4555.993: [GC (Allocation Failure) [PSYoungGen: 21725116K->663220K(22609920K)] 22461172K->1399629K(25755648K), 0.1214919 secs] [Times: user=4.30 sys=0.00, real=0.12 secs] 
4560.740: [GC (Allocation Failure) [PSYoungGen: 21765812K->610537K(22609920K)] 22502221K->1347314K(25755648K), 0.1132687 secs] [Times: user=3.98 sys=0.00, real=0.12 secs] 
4565.437: [GC (Allocation Failure) [PSYoungGen: 21713129K->619589K(22609920K)] 22449906K->1356742K(25755648K), 0.1164178 secs] [Times: user=4.04 sys=0.00, real=0.12 secs] 
4570.082: [GC (Allocation Failure) [PSYoungGen: 21722181K->648420K(22609920K)] 22459334K->1385957K(25755648K), 0.1210942 secs] [Times: user=4.19 sys=0.00, real=0.12 secs] 
4574.653: [GC (Allocation Failure) [PSYoungGen: 21751012K->626974K(22609920K)] 22488549K->1364862K(25755648K), 0.1160158 secs] [Times: user=4.10 sys=0.00, real=0.12 secs] 
4579.411: [GC (Allocation Failure) [PSYoungGen: 21729566K->619692K(22609920K)] 22467454K->1357949K(25755648K), 0.1150503 secs] [Times: user=4.04 sys=0.00, real=0.12 secs] 
4584.147: [GC (Allocation Failure) [PSYoungGen: 21722284K->646180K(22609920K)] 22460541K->1384813K(25755648K), 0.1205154 secs] [Times: user=4.26 sys=0.00, real=0.12 secs] 
4588.802: [GC (Allocation Failure) [PSYoungGen: 21748772K->633118K(22609920K)] 22487405K->1372127K(25755648K), 0.1199925 secs] [Times: user=4.13 sys=0.00, real=0.12 secs] 
4593.612: [GC (Allocation Failure) [PSYoungGen: 21735710K->620841K(22609920K)] 22474719K->1360218K(25755648K), 0.1164615 secs] [Times: user=4.04 sys=0.00, real=0.12 secs] 
4598.389: [GC (Allocation Failure) [PSYoungGen: 21723433K->612366K(22609920K)] 22462810K->1352103K(25755648K), 0.1167396 secs] [Times: user=4.10 sys=0.00, real=0.11 secs] 
4603.143: [GC (Allocation Failure) [PSYoungGen: 21714958K->629641K(22609920K)] 22454695K->1369730K(25755648K), 0.1174833 secs] [Times: user=4.14 sys=0.00, real=0.12 secs] 
4607.916: [GC (Allocation Failure) [PSYoungGen: 21732233K->625491K(22609920K)] 22472322K->1365956K(25755648K), 0.1186608 secs] [Times: user=4.15 sys=0.00, real=0.12 secs] 
4612.608: [GC (Allocation Failure) [PSYoungGen: 21728083K->639571K(22609920K)] 22468548K->1380412K(25755648K), 0.1185759 secs] [Times: user=4.15 sys=0.01, real=0.12 secs] 
4617.401: [GC (Allocation Failure) [PSYoungGen: 21742163K->624308K(22609920K)] 22483004K->1365509K(25755648K), 0.1176417 secs] [Times: user=4.14 sys=0.00, real=0.11 secs] 
4622.041: [GC (Allocation Failure) [PSYoungGen: 21726900K->633286K(22609920K)] 22468101K->1374854K(25755648K), 0.1181323 secs] [Times: user=4.17 sys=0.00, real=0.11 secs] 
4626.716: [GC (Allocation Failure) [PSYoungGen: 21735878K->622057K(22609920K)] 22477446K->1363986K(25755648K), 0.1153215 secs] [Times: user=4.03 sys=0.00, real=0.12 secs] 
4631.380: [GC (Allocation Failure) [PSYoungGen: 21724649K->601220K(22609920K)] 22466578K->1343517K(25755648K), 0.1119213 secs] [Times: user=3.95 sys=0.00, real=0.12 secs] 
4636.083: [GC (Allocation Failure) [PSYoungGen: 21703812K->658006K(22609920K)] 22446109K->1400679K(25755648K), 0.1211620 secs] [Times: user=4.28 sys=0.00, real=0.12 secs] 
4640.532: [GC (Allocation Failure) [PSYoungGen: 21760598K->609977K(22609920K)] 22503271K->1352994K(25755648K), 0.1136017 secs] [Times: user=4.00 sys=0.00, real=0.12 secs] 
4645.195: [GC (Allocation Failure) [PSYoungGen: 21712569K->651579K(22609920K)] 22455586K->1394964K(25755648K), 0.1205160 secs] [Times: user=4.25 sys=0.00, real=0.12 secs] 
4649.747: [GC (Allocation Failure) [PSYoungGen: 21754171K->618394K(22609920K)] 22497556K->1362146K(25755648K), 0.1151881 secs] [Times: user=4.06 sys=0.00, real=0.11 secs] 
4654.275: [GC (Allocation Failure) [PSYoungGen: 21720986K->655860K(22609920K)] 22464738K->1399973K(25755648K), 0.1215623 secs] [Times: user=4.22 sys=0.00, real=0.13 secs] 
4658.966: [GC (Allocation Failure) [PSYoungGen: 21758452K->659790K(22609920K)] 22502565K->1404287K(25755648K), 0.1234519 secs] [Times: user=4.31 sys=0.00, real=0.12 secs] 
4663.645: [GC (Allocation Failure) [PSYoungGen: 21762382K->639065K(22609920K)] 22506879K->1383930K(25755648K), 0.1186413 secs] [Times: user=4.19 sys=0.00, real=0.12 secs] 
4668.279: [GC (Allocation Failure) [PSYoungGen: 21741657K->632452K(22609920K)] 22486522K->1377693K(25755648K), 0.1172987 secs] [Times: user=4.13 sys=0.00, real=0.11 secs] 
4672.952: [GC (Allocation Failure) [PSYoungGen: 21735044K->634695K(22609920K)] 22480285K->1380287K(25755648K), 0.1189405 secs] [Times: user=4.20 sys=0.00, real=0.12 secs] 
4677.705: [GC (Allocation Failure) [PSYoungGen: 21737287K->618665K(22609920K)] 22482879K->1364626K(25755648K), 0.1160914 secs] [Times: user=4.05 sys=0.00, real=0.12 secs] 
4682.319: [GC (Allocation Failure) [PSYoungGen: 21721257K->617560K(22609920K)] 22467218K->1363889K(25755648K), 0.1148325 secs] [Times: user=4.05 sys=0.00, real=0.12 secs] 
4686.941: [GC (Allocation Failure) [PSYoungGen: 21720152K->619076K(22609920K)] 22466481K->1365765K(25755648K), 0.1158318 secs] [Times: user=4.06 sys=0.00, real=0.11 secs] 
4691.596: [GC (Allocation Failure) [PSYoungGen: 21721668K->632746K(22609920K)] 22468357K->1379802K(25755648K), 0.1173944 secs] [Times: user=4.13 sys=0.00, real=0.12 secs] 
4696.139: [GC (Allocation Failure) [PSYoungGen: 21735338K->650240K(22609920K)] 22482394K->1397673K(25755648K), 0.1213840 secs] [Times: user=4.27 sys=0.00, real=0.12 secs] 
4700.695: [GC (Allocation Failure) [PSYoungGen: 21752832K->637225K(22609920K)] 22500265K->1385034K(25755648K), 0.1181603 secs] [Times: user=4.12 sys=0.00, real=0.12 secs] 
4705.208: [GC (Allocation Failure) [PSYoungGen: 21739817K->638557K(22609920K)] 22487626K->1386718K(25755648K), 0.1219903 secs] [Times: user=4.27 sys=0.00, real=0.12 secs] 
4709.721: [GC (Allocation Failure) [PSYoungGen: 21741149K->646105K(22609920K)] 22489310K->1394649K(25755648K), 0.1220458 secs] [Times: user=4.19 sys=0.00, real=0.13 secs] 
4714.190: [GC (Allocation Failure) [PSYoungGen: 21748697K->647202K(22609920K)] 22497241K->1396107K(25755648K), 0.1200732 secs] [Times: user=4.23 sys=0.00, real=0.12 secs] 
4718.690: [GC (Allocation Failure) [PSYoungGen: 21749794K->638788K(22609920K)] 22498699K->1388077K(25755648K), 0.1194425 secs] [Times: user=4.21 sys=0.00, real=0.12 secs] 
4723.285: [GC (Allocation Failure) [PSYoungGen: 21741380K->647082K(22609920K)] 22490669K->1396723K(25755648K), 0.1213448 secs] [Times: user=4.28 sys=0.00, real=0.13 secs] 
4727.887: [GC (Allocation Failure) [PSYoungGen: 21749674K->637105K(22609920K)] 22499315K->1387114K(25755648K), 0.1174726 secs] [Times: user=4.13 sys=0.00, real=0.11 secs] 
4732.441: [GC (Allocation Failure) [PSYoungGen: 21739697K->664410K(22609920K)] 22489706K->1414795K(25755648K), 0.1225154 secs] [Times: user=4.32 sys=0.00, real=0.12 secs] 
4736.850: [GC (Allocation Failure) [PSYoungGen: 21767002K->620666K(22609920K)] 22517387K->1371402K(25755648K), 0.1157857 secs] [Times: user=4.06 sys=0.00, real=0.11 secs] 
4741.276: [GC (Allocation Failure) [PSYoungGen: 21723258K->642921K(22609920K)] 22473994K->1394025K(25755648K), 0.1194959 secs] [Times: user=4.21 sys=0.00, real=0.12 secs] 
4745.825: [GC (Allocation Failure) [PSYoungGen: 21745513K->616036K(22609920K)] 22496617K->1367509K(25755648K), 0.1158870 secs] [Times: user=4.03 sys=0.00, real=0.12 secs] 
4750.288: [GC (Allocation Failure) [PSYoungGen: 21718628K->632119K(22609920K)] 22470101K->1383967K(25755648K), 0.1169398 secs] [Times: user=4.13 sys=0.01, real=0.12 secs] 
4754.778: [GC (Allocation Failure) [PSYoungGen: 21734711K->623556K(22609920K)] 22486559K->1375757K(25755648K), 0.1156569 secs] [Times: user=4.08 sys=0.01, real=0.12 secs] 
4759.323: [GC (Allocation Failure) [PSYoungGen: 21726148K->611181K(22609920K)] 22478349K->1363758K(25755648K), 0.1155405 secs] [Times: user=4.08 sys=0.00, real=0.11 secs] 
4763.742: [GC (Allocation Failure) [PSYoungGen: 21713773K->620265K(22609920K)] 22466350K->1373194K(25755648K), 0.1160002 secs] [Times: user=4.05 sys=0.00, real=0.11 secs] 
4768.290: [GC (Allocation Failure) [PSYoungGen: 21722857K->621005K(22609920K)] 22475786K->1374318K(25755648K), 0.1197983 secs] [Times: user=4.11 sys=0.00, real=0.12 secs] 
4772.700: [GC (Allocation Failure) [PSYoungGen: 21723597K->628073K(22609920K)] 22476910K->1381746K(25755648K), 0.1163711 secs] [Times: user=4.11 sys=0.00, real=0.12 secs] 
4777.225: [GC (Allocation Failure) [PSYoungGen: 21730665K->636062K(22609920K)] 22484338K->1390118K(25755648K), 0.1180561 secs] [Times: user=4.15 sys=0.00, real=0.12 secs] 
4781.779: [GC (Allocation Failure) [PSYoungGen: 21738654K->631597K(22609920K)] 22492710K->1386014K(25755648K), 0.1177907 secs] [Times: user=4.14 sys=0.00, real=0.12 secs] 
4786.274: [GC (Allocation Failure) [PSYoungGen: 21734189K->641019K(22609920K)] 22488606K->1395812K(25755648K), 0.1195177 secs] [Times: user=4.18 sys=0.00, real=0.12 secs] 
4790.828: [GC (Allocation Failure) [PSYoungGen: 21743611K->653375K(22609920K)] 22498404K->1408520K(25755648K), 0.1213842 secs] [Times: user=4.26 sys=0.00, real=0.12 secs] 
4795.286: [GC (Allocation Failure) [PSYoungGen: 21755967K->616484K(22609920K)] 22511112K->1371997K(25755648K), 0.1155969 secs] [Times: user=3.96 sys=0.00, real=0.11 secs] 
4799.783: [GC (Allocation Failure) [PSYoungGen: 21719076K->634259K(22609920K)] 22474589K->1390140K(25755648K), 0.1179338 secs] [Times: user=4.16 sys=0.00, real=0.12 secs] 
4804.300: [GC (Allocation Failure) [PSYoungGen: 21736851K->609236K(22609920K)] 22492732K->1365477K(25755648K), 0.1151128 secs] [Times: user=3.98 sys=0.00, real=0.11 secs] 
4808.566: [GC (Allocation Failure) [PSYoungGen: 21711828K->647915K(22609920K)] 22468069K->1404516K(25755648K), 0.1192979 secs] [Times: user=4.21 sys=0.00, real=0.12 secs] 
4813.068: [GC (Allocation Failure) [PSYoungGen: 21750507K->676419K(22609920K)] 22507108K->1433388K(25755648K), 0.1313045 secs] [Times: user=4.63 sys=0.00, real=0.13 secs] 
4817.538: [GC (Allocation Failure) [PSYoungGen: 21779011K->605092K(22609920K)] 22535980K->1362445K(25755648K), 0.1131279 secs] [Times: user=3.95 sys=0.00, real=0.12 secs] 
4822.024: [GC (Allocation Failure) [PSYoungGen: 21707684K->640716K(22609920K)] 22465037K->1398429K(25755648K), 0.1187440 secs] [Times: user=4.18 sys=0.00, real=0.12 secs] 
4826.508: [GC (Allocation Failure) [PSYoungGen: 21743308K->633347K(22609920K)] 22501021K->1391444K(25755648K), 0.1178870 secs] [Times: user=4.15 sys=0.01, real=0.12 secs] 
4830.922: [GC (Allocation Failure) [PSYoungGen: 21735939K->641070K(22609920K)] 22494036K->1399527K(25755648K), 0.1199613 secs] [Times: user=4.23 sys=0.00, real=0.12 secs] 
4835.265: [GC (Allocation Failure) [PSYoungGen: 21743662K->656947K(22609920K)] 22502119K->1415771K(25755648K), 0.1211724 secs] [Times: user=4.27 sys=0.01, real=0.12 secs] 
4839.656: [GC (Allocation Failure) [PSYoungGen: 21759539K->610084K(22609920K)] 22518363K->1369285K(25755648K), 0.1141106 secs] [Times: user=3.99 sys=0.00, real=0.11 secs] 
4844.126: [GC (Allocation Failure) [PSYoungGen: 21712676K->662693K(22609920K)] 22471877K->1422245K(25755648K), 0.1244364 secs] [Times: user=4.40 sys=0.00, real=0.12 secs] 
4848.358: [GC (Allocation Failure) [PSYoungGen: 21765285K->636910K(22609920K)] 22524837K->1396831K(25755648K), 0.1182899 secs] [Times: user=4.15 sys=0.00, real=0.12 secs] 
4852.741: [GC (Allocation Failure) [PSYoungGen: 21739502K->631907K(22609920K)] 22499423K->1392180K(25755648K), 0.1192621 secs] [Times: user=4.21 sys=0.00, real=0.12 secs] 
4857.121: [GC (Allocation Failure) [PSYoungGen: 21734499K->630372K(22609920K)] 22494772K->1391021K(25755648K), 0.1175112 secs] [Times: user=4.15 sys=0.00, real=0.12 secs] 
4861.555: [GC (Allocation Failure) [PSYoungGen: 21732964K->621950K(22609920K)] 22493613K->1382959K(25755648K), 0.1172919 secs] [Times: user=4.04 sys=0.01, real=0.12 secs] 
4865.876: [GC (Allocation Failure) [PSYoungGen: 21724542K->626306K(22609920K)] 22485551K->1387690K(25755648K), 0.1194383 secs] [Times: user=4.14 sys=0.00, real=0.12 secs] 
4870.262: [GC (Allocation Failure) [PSYoungGen: 21728898K->660426K(22609920K)] 22490282K->1422187K(25755648K), 0.1216277 secs] [Times: user=4.29 sys=0.00, real=0.12 secs] 
4874.639: [GC (Allocation Failure) [PSYoungGen: 21763018K->635783K(22609920K)] 22524779K->1397904K(25755648K), 0.1178955 secs] [Times: user=4.15 sys=0.01, real=0.11 secs] 
4878.975: [GC (Allocation Failure) [PSYoungGen: 21738375K->647714K(22609920K)] 22500496K->1410187K(25755648K), 0.1213937 secs] [Times: user=4.19 sys=0.00, real=0.12 secs] 
4883.401: [GC (Allocation Failure) [PSYoungGen: 21750306K->626375K(22609920K)] 22512779K->1389231K(25755648K), 0.1203001 secs] [Times: user=4.10 sys=0.00, real=0.12 secs] 
4887.825: [GC (Allocation Failure) [PSYoungGen: 21728967K->630237K(22609920K)] 22491823K->1393454K(25755648K), 0.1177101 secs] [Times: user=4.15 sys=0.00, real=0.12 secs] 
4892.282: [GC (Allocation Failure) [PSYoungGen: 21732829K->661662K(22609920K)] 22496046K->1425262K(25755648K), 0.1220337 secs] [Times: user=4.31 sys=0.00, real=0.12 secs] 
4896.645: [GC (Allocation Failure) [PSYoungGen: 21764254K->629981K(22609920K)] 22527854K->1393942K(25755648K), 0.1165698 secs] [Times: user=4.11 sys=0.00, real=0.11 secs] 
4900.997: [GC (Allocation Failure) [PSYoungGen: 21732573K->642110K(22609920K)] 22496534K->1406430K(25755648K), 0.1187820 secs] [Times: user=4.19 sys=0.00, real=0.12 secs] 
4905.370: [GC (Allocation Failure) [PSYoungGen: 21744702K->607016K(22609920K)] 22509022K->1371713K(25755648K), 0.1137877 secs] [Times: user=4.00 sys=0.00, real=0.12 secs] 
4909.590: [GC (Allocation Failure) [PSYoungGen: 21709608K->616591K(22609920K)] 22474305K->1381647K(25755648K), 0.1172337 secs] [Times: user=4.04 sys=0.00, real=0.12 secs] 
4913.904: [GC (Allocation Failure) [PSYoungGen: 21719183K->653141K(22609920K)] 22484239K->1418581K(25755648K), 0.1212172 secs] [Times: user=4.27 sys=0.00, real=0.13 secs] 
4918.243: [GC (Allocation Failure) [PSYoungGen: 21755733K->649497K(22609920K)] 22521173K->1415298K(25755648K), 0.1207663 secs] [Times: user=4.25 sys=0.00, real=0.12 secs] 
4922.491: [GC (Allocation Failure) [PSYoungGen: 21752089K->618569K(22609920K)] 22517890K->1384738K(25755648K), 0.1151575 secs] [Times: user=4.05 sys=0.01, real=0.11 secs] 
4926.865: [GC (Allocation Failure) [PSYoungGen: 21721161K->642184K(22609920K)] 22487330K->1408737K(25755648K), 0.1207401 secs] [Times: user=4.15 sys=0.00, real=0.12 secs] 
4931.134: [GC (Allocation Failure) [PSYoungGen: 21744776K->665234K(22609920K)] 22511329K->1432147K(25755648K), 0.1223876 secs] [Times: user=4.32 sys=0.00, real=0.12 secs] 
4935.426: [GC (Allocation Failure) [PSYoungGen: 21767826K->640480K(22609920K)] 22534739K->1407753K(25755648K), 0.1189438 secs] [Times: user=4.17 sys=0.00, real=0.12 secs] 
4939.721: [GC (Allocation Failure) [PSYoungGen: 21743072K->633017K(22609920K)] 22510345K->1400698K(25755648K), 0.1178844 secs] [Times: user=4.12 sys=0.00, real=0.12 secs] 
4944.188: [GC (Allocation Failure) [PSYoungGen: 21735609K->641821K(22609920K)] 22503290K->1409862K(25755648K), 0.1185442 secs] [Times: user=4.17 sys=0.00, real=0.12 secs] 
4948.533: [GC (Allocation Failure) [PSYoungGen: 21744413K->639329K(22609920K)] 22512454K->1407746K(25755648K), 0.1207880 secs] [Times: user=4.22 sys=0.01, real=0.12 secs] 
4952.821: [GC (Allocation Failure) [PSYoungGen: 21741921K->646435K(22609920K)] 22510338K->1415211K(25755648K), 0.1204741 secs] [Times: user=4.25 sys=0.00, real=0.12 secs] 
4957.252: [GC (Allocation Failure) [PSYoungGen: 21749027K->652382K(22609920K)] 22517803K->1421510K(25755648K), 0.1223815 secs] [Times: user=4.22 sys=0.00, real=0.12 secs] 
4961.563: [GC (Allocation Failure) [PSYoungGen: 21754974K->623475K(22609920K)] 22524102K->1392972K(25755648K), 0.1173709 secs] [Times: user=4.14 sys=0.00, real=0.11 secs] 
4965.815: [GC (Allocation Failure) [PSYoungGen: 21726067K->650125K(22609920K)] 22495564K->1419982K(25755648K), 0.1221580 secs] [Times: user=4.31 sys=0.00, real=0.12 secs] 
4970.026: [GC (Allocation Failure) [PSYoungGen: 21752717K->634201K(22609920K)] 22522574K->1404442K(25755648K), 0.1180619 secs] [Times: user=4.15 sys=0.01, real=0.12 secs] 
4974.188: [GC (Allocation Failure) [PSYoungGen: 21736793K->639448K(22609920K)] 22507034K->1410057K(25755648K), 0.1235342 secs] [Times: user=4.26 sys=0.00, real=0.12 secs] 
4978.600: [GC (Allocation Failure) [PSYoungGen: 21742040K->602020K(22609920K)] 22512649K->1372989K(25755648K), 0.1153883 secs] [Times: user=3.91 sys=0.00, real=0.12 secs] 
4982.793: [GC (Allocation Failure) [PSYoungGen: 21704612K->633412K(22609920K)] 22475581K->1404741K(25755648K), 0.1187334 secs] [Times: user=4.18 sys=0.00, real=0.12 secs] 
4986.927: [GC (Allocation Failure) [PSYoungGen: 21736004K->635086K(22609920K)] 22507333K->1406799K(25755648K), 0.1172637 secs] [Times: user=4.14 sys=0.00, real=0.11 secs] 
4991.091: [GC (Allocation Failure) [PSYoungGen: 21737678K->645837K(22609920K)] 22509391K->1417918K(25755648K), 0.1194965 secs] [Times: user=4.21 sys=0.00, real=0.12 secs] 
4995.364: [GC (Allocation Failure) [PSYoungGen: 21748429K->612329K(22609920K)] 22520510K->1384770K(25755648K), 0.1160605 secs] [Times: user=4.06 sys=0.00, real=0.12 secs] 
4999.610: [GC (Allocation Failure) [PSYoungGen: 21714921K->615396K(22609920K)] 22487362K->1388205K(25755648K), 0.1151867 secs] [Times: user=4.03 sys=0.00, real=0.11 secs] 
5003.924: [GC (Allocation Failure) [PSYoungGen: 21717988K->656786K(22609920K)] 22490797K->1429955K(25755648K), 0.1214608 secs] [Times: user=4.27 sys=0.00, real=0.12 secs] 
5008.243: [GC (Allocation Failure) [PSYoungGen: 21759378K->652046K(22609920K)] 22532547K->1425575K(25755648K), 0.1250315 secs] [Times: user=4.23 sys=0.00, real=0.12 secs] 
5012.346: [GC (Allocation Failure) [PSYoungGen: 21754638K->640647K(22609920K)] 22528167K->1414551K(25755648K), 0.1197761 secs] [Times: user=4.21 sys=0.00, real=0.12 secs] 
5016.535: [GC (Allocation Failure) [PSYoungGen: 21743239K->642799K(22609920K)] 22517143K->1417072K(25755648K), 0.1214146 secs] [Times: user=4.15 sys=0.00, real=0.12 secs] 
5020.697: [GC (Allocation Failure) [PSYoungGen: 21745391K->633561K(22609920K)] 22519664K->1408193K(25755648K), 0.1169766 secs] [Times: user=4.10 sys=0.00, real=0.12 secs] 
5024.912: [GC (Allocation Failure) [PSYoungGen: 21736153K->637397K(22609920K)] 22510785K->1412414K(25755648K), 0.1188088 secs] [Times: user=4.16 sys=0.00, real=0.12 secs] 
5029.156: [GC (Allocation Failure) [PSYoungGen: 21739989K->653730K(22609920K)] 22515006K->1429107K(25755648K), 0.1211824 secs] [Times: user=4.28 sys=0.00, real=0.12 secs] 
5033.323: [GC (Allocation Failure) [PSYoungGen: 21756322K->630052K(22609920K)] 22531699K->1405797K(25755648K), 0.1186002 secs] [Times: user=4.12 sys=0.00, real=0.11 secs] 
5037.569: [GC (Allocation Failure) [PSYoungGen: 21732644K->646755K(22609920K)] 22508389K->1422860K(25755648K), 0.1194984 secs] [Times: user=4.22 sys=0.00, real=0.12 secs] 
5041.809: [GC (Allocation Failure) [PSYoungGen: 21749347K->655507K(22609920K)] 22525452K->1431996K(25755648K), 0.1209993 secs] [Times: user=4.28 sys=0.00, real=0.12 secs] 
5046.055: [GC (Allocation Failure) [PSYoungGen: 21758099K->652279K(22609920K)] 22534588K->1429128K(25755648K), 0.1212346 secs] [Times: user=4.27 sys=0.01, real=0.12 secs] 
5050.228: [GC (Allocation Failure) [PSYoungGen: 21754871K->672243K(22609920K)] 22531720K->1449460K(25755648K), 0.1243616 secs] [Times: user=4.38 sys=0.00, real=0.12 secs] 
5054.423: [GC (Allocation Failure) [PSYoungGen: 21774835K->634562K(22609920K)] 22552052K->1412139K(25755648K), 0.1198507 secs] [Times: user=4.19 sys=0.00, real=0.12 secs] 
5058.648: [GC (Allocation Failure) [PSYoungGen: 21737154K->647983K(22609920K)] 22514731K->1425944K(25755648K), 0.1194017 secs] [Times: user=4.23 sys=0.00, real=0.12 secs] 
5062.861: [GC (Allocation Failure) [PSYoungGen: 21750575K->646388K(22609920K)] 22528536K->1424741K(25755648K), 0.1194182 secs] [Times: user=4.21 sys=0.00, real=0.12 secs] 
5067.081: [GC (Allocation Failure) [PSYoungGen: 21748980K->647449K(22609920K)] 22527333K->1426162K(25755648K), 0.1201968 secs] [Times: user=4.22 sys=0.00, real=0.12 secs] 
5071.232: [GC (Allocation Failure) [PSYoungGen: 21750041K->650761K(22609920K)] 22528754K->1429826K(25755648K), 0.1207939 secs] [Times: user=4.25 sys=0.00, real=0.12 secs] 
5075.339: [GC (Allocation Failure) [PSYoungGen: 21753353K->622668K(22609920K)] 22532418K->1402101K(25755648K), 0.1163978 secs] [Times: user=4.08 sys=0.00, real=0.11 secs] 
5079.492: [GC (Allocation Failure) [PSYoungGen: 21725260K->624400K(22609920K)] 22504693K->1404185K(25755648K), 0.1185627 secs] [Times: user=4.17 sys=0.01, real=0.12 secs] 
5083.669: [GC (Allocation Failure) [PSYoungGen: 21726992K->643485K(22609920K)] 22506777K->1423629K(25755648K), 0.1198995 secs] [Times: user=4.24 sys=0.01, real=0.12 secs] 
5087.834: [GC (Allocation Failure) [PSYoungGen: 21746077K->620132K(22609920K)] 22526221K->1400629K(25755648K), 0.1173239 secs] [Times: user=4.14 sys=0.01, real=0.12 secs] 
5091.992: [GC (Allocation Failure) [PSYoungGen: 21722724K->646812K(22609920K)] 22503221K->1427669K(25755648K), 0.1201444 secs] [Times: user=4.24 sys=0.00, real=0.12 secs] 
5096.053: [GC (Allocation Failure) [PSYoungGen: 21749404K->656494K(22609920K)] 22530261K->1437735K(25755648K), 0.1225621 secs] [Times: user=4.27 sys=0.01, real=0.12 secs] 
5100.092: [GC (Allocation Failure) [PSYoungGen: 21759086K->654099K(22609920K)] 22540327K->1435700K(25755648K), 0.1220093 secs] [Times: user=4.23 sys=0.00, real=0.13 secs] 
5104.248: [GC (Allocation Failure) [PSYoungGen: 21756691K->649841K(22609920K)] 22538292K->1431801K(25755648K), 0.1222044 secs] [Times: user=4.27 sys=0.01, real=0.12 secs] 
5108.299: [GC (Allocation Failure) [PSYoungGen: 21752433K->619372K(22609920K)] 22534393K->1401692K(25755648K), 0.1153163 secs] [Times: user=4.05 sys=0.00, real=0.12 secs] 
5112.376: [GC (Allocation Failure) [PSYoungGen: 21721964K->646243K(22609920K)] 22504284K->1428924K(25755648K), 0.1204598 secs] [Times: user=4.23 sys=0.00, real=0.12 secs] 
5116.415: [GC (Allocation Failure) [PSYoungGen: 21748835K->616430K(22609920K)] 22531516K->1399502K(25755648K), 0.1164243 secs] [Times: user=4.10 sys=0.00, real=0.11 secs] 
5120.517: [GC (Allocation Failure) [PSYoungGen: 21719022K->644048K(22609920K)] 22502094K->1427488K(25755648K), 0.1189656 secs] [Times: user=4.21 sys=0.00, real=0.12 secs] 
5124.719: [GC (Allocation Failure) [PSYoungGen: 21746640K->650285K(22609920K)] 22530080K->1434094K(25755648K), 0.1208447 secs] [Times: user=4.21 sys=0.00, real=0.12 secs] 
5128.797: [GC (Allocation Failure) [PSYoungGen: 21752877K->645386K(22609920K)] 22536686K->1429562K(25755648K), 0.1198238 secs] [Times: user=4.23 sys=0.01, real=0.12 secs] 
5132.888: [GC (Allocation Failure) [PSYoungGen: 21747978K->617306K(22609920K)] 22532154K->1401851K(25755648K), 0.1175375 secs] [Times: user=4.13 sys=0.01, real=0.11 secs] 
5137.066: [GC (Allocation Failure) [PSYoungGen: 21719898K->638084K(22609920K)] 22504443K->1423021K(25755648K), 0.1181699 secs] [Times: user=4.17 sys=0.00, real=0.12 secs] 
5141.173: [GC (Allocation Failure) [PSYoungGen: 21740676K->692274K(22609920K)] 22525613K->1477579K(25755648K), 0.1284582 secs] [Times: user=4.52 sys=0.00, real=0.13 secs] 
5145.229: [GC (Allocation Failure) [PSYoungGen: 21794866K->670783K(22609920K)] 22580171K->1456455K(25755648K), 0.1259697 secs] [Times: user=4.44 sys=0.01, real=0.12 secs] 
5149.345: [GC (Allocation Failure) [PSYoungGen: 21773375K->599158K(22609920K)] 22559047K->1385191K(25755648K), 0.1121357 secs] [Times: user=3.95 sys=0.00, real=0.11 secs] 
5153.465: [GC (Allocation Failure) [PSYoungGen: 21701750K->651700K(22609920K)] 22487783K->1438093K(25755648K), 0.1212571 secs] [Times: user=4.27 sys=0.00, real=0.12 secs] 
5157.653: [GC (Allocation Failure) [PSYoungGen: 21754292K->627133K(22609920K)] 22540685K->1413894K(25755648K), 0.1163433 secs] [Times: user=4.09 sys=0.00, real=0.11 secs] 
5161.763: [GC (Allocation Failure) [PSYoungGen: 21729725K->635848K(22609920K)] 22516486K->1422977K(25755648K), 0.1185344 secs] [Times: user=4.17 sys=0.00, real=0.11 secs] 
5165.921: [GC (Allocation Failure) [PSYoungGen: 21738440K->643325K(22609920K)] 22525569K->1430814K(25755648K), 0.1196627 secs] [Times: user=4.17 sys=0.00, real=0.12 secs] 
5170.108: [GC (Allocation Failure) [PSYoungGen: 21745917K->672877K(22609920K)] 22533406K->1460750K(25755648K), 0.1242068 secs] [Times: user=4.36 sys=0.01, real=0.12 secs] 
5174.312: [GC (Allocation Failure) [PSYoungGen: 21775469K->671838K(22609920K)] 22563342K->1460079K(25755648K), 0.1247939 secs] [Times: user=4.40 sys=0.00, real=0.13 secs] 
5178.290: [GC (Allocation Failure) [PSYoungGen: 21774430K->615534K(22609920K)] 22562671K->1404167K(25755648K), 0.1192172 secs] [Times: user=4.07 sys=0.00, real=0.12 secs] 
5182.338: [GC (Allocation Failure) [PSYoungGen: 21718126K->620846K(22609920K)] 22506759K->1409839K(25755648K), 0.1163752 secs] [Times: user=4.04 sys=0.00, real=0.11 secs] 
5186.401: [GC (Allocation Failure) [PSYoungGen: 21723438K->637587K(22609920K)] 22512431K->1426940K(25755648K), 0.1179823 secs] [Times: user=4.15 sys=0.00, real=0.12 secs] 
5190.482: [GC (Allocation Failure) [PSYoungGen: 21740179K->643066K(22609920K)] 22529532K->1432786K(25755648K), 0.1191943 secs] [Times: user=4.20 sys=0.00, real=0.12 secs] 
5194.506: [GC (Allocation Failure) [PSYoungGen: 21745658K->659064K(22609920K)] 22535378K->1449153K(25755648K), 0.1225971 secs] [Times: user=4.33 sys=0.00, real=0.13 secs] 
5198.654: [GC (Allocation Failure) [PSYoungGen: 21761656K->640084K(22609920K)] 22551745K->1430541K(25755648K), 0.1197198 secs] [Times: user=4.22 sys=0.00, real=0.12 secs] 
5202.734: [GC (Allocation Failure) [PSYoungGen: 21742676K->648931K(22609920K)] 22533133K->1439756K(25755648K), 0.1226379 secs] [Times: user=4.22 sys=0.00, real=0.12 secs] 
5206.815: [GC (Allocation Failure) [PSYoungGen: 21751523K->641946K(22609920K)] 22542348K->1433131K(25755648K), 0.1221350 secs] [Times: user=4.32 sys=0.00, real=0.12 secs] 
5210.826: [GC (Allocation Failure) [PSYoungGen: 21744538K->638505K(22609920K)] 22535723K->1430074K(25755648K), 0.1184198 secs] [Times: user=4.18 sys=0.00, real=0.12 secs] 
5214.831: [GC (Allocation Failure) [PSYoungGen: 21741097K->619769K(22609920K)] 22532666K->1411697K(25755648K), 0.1178464 secs] [Times: user=4.03 sys=0.00, real=0.11 secs] 
5218.913: [GC (Allocation Failure) [PSYoungGen: 21722361K->694416K(22609920K)] 22514289K->1486705K(25755648K), 0.1279469 secs] [Times: user=4.52 sys=0.00, real=0.12 secs] 
5222.888: [GC (Allocation Failure) [PSYoungGen: 21797008K->667086K(22609920K)] 22589297K->1459743K(25755648K), 0.1232545 secs] [Times: user=4.34 sys=0.00, real=0.12 secs] 
5227.034: [GC (Allocation Failure) [PSYoungGen: 21769678K->654564K(22609920K)] 22562335K->1447589K(25755648K), 0.1215810 secs] [Times: user=4.28 sys=0.00, real=0.12 secs] 
5231.039: [GC (Allocation Failure) [PSYoungGen: 21757156K->652812K(22609920K)] 22550181K->1446229K(25755648K), 0.1204866 secs] [Times: user=4.25 sys=0.00, real=0.12 secs] 
5235.153: [GC (Allocation Failure) [PSYoungGen: 21755404K->677997K(22609920K)] 22548821K->1471806K(25755648K), 0.1249118 secs] [Times: user=4.40 sys=0.01, real=0.13 secs] 
5239.103: [GC (Allocation Failure) [PSYoungGen: 21780589K->698636K(22609920K)] 22574398K->1492829K(25755648K), 0.1291464 secs] [Times: user=4.55 sys=0.00, real=0.13 secs] 
5243.168: [GC (Allocation Failure) [PSYoungGen: 21801228K->670806K(22609920K)] 22595421K->1465366K(25755648K), 0.1243121 secs] [Times: user=4.37 sys=0.01, real=0.12 secs] 
5247.234: [GC (Allocation Failure) [PSYoungGen: 21773398K->655097K(22609920K)] 22567958K->1450026K(25755648K), 0.1225519 secs] [Times: user=4.31 sys=0.00, real=0.13 secs] 
5251.222: [GC (Allocation Failure) [PSYoungGen: 21757689K->671327K(22609920K)] 22552618K->1466624K(25755648K), 0.1246100 secs] [Times: user=4.35 sys=0.00, real=0.13 secs] 
5255.208: [GC (Allocation Failure) [PSYoungGen: 21773919K->666881K(22609920K)] 22569216K->1462554K(25755648K), 0.1230071 secs] [Times: user=4.34 sys=0.01, real=0.12 secs] 
5259.142: [GC (Allocation Failure) [PSYoungGen: 21769473K->672222K(22609920K)] 22565146K->1468263K(25755648K), 0.1229930 secs] [Times: user=4.35 sys=0.00, real=0.12 secs] 
5263.189: [GC (Allocation Failure) [PSYoungGen: 21774814K->674243K(22609920K)] 22570855K->1470644K(25755648K), 0.1240290 secs] [Times: user=4.37 sys=0.00, real=0.12 secs] 
5267.183: [GC (Allocation Failure) [PSYoungGen: 21776835K->657316K(22609920K)] 22573236K->1454085K(25755648K), 0.1224520 secs] [Times: user=4.32 sys=0.00, real=0.12 secs] 
5271.188: [GC (Allocation Failure) [PSYoungGen: 21759908K->654414K(22609920K)] 22556677K->1451551K(25755648K), 0.1255309 secs] [Times: user=4.32 sys=0.00, real=0.13 secs] 
5275.180: [GC (Allocation Failure) [PSYoungGen: 21757006K->650553K(22609920K)] 22554143K->1448050K(25755648K), 0.1228860 secs] [Times: user=4.17 sys=0.01, real=0.12 secs] 
5279.047: [GC (Allocation Failure) [PSYoungGen: 21753145K->649079K(22609920K)] 22550642K->1446944K(25755648K), 0.1224761 secs] [Times: user=4.32 sys=0.00, real=0.12 secs] 
5282.971: [GC (Allocation Failure) [PSYoungGen: 21751671K->670260K(22609920K)] 22549536K->1468501K(25755648K), 0.1251070 secs] [Times: user=4.34 sys=0.00, real=0.12 secs] 
5287.029: [GC (Allocation Failure) [PSYoungGen: 21772852K->657049K(22609920K)] 22571093K->1455658K(25755648K), 0.1218244 secs] [Times: user=4.28 sys=0.00, real=0.12 secs] 
5290.992: [GC (Allocation Failure) [PSYoungGen: 21759641K->631711K(22609920K)] 22558250K->1430688K(25755648K), 0.1182376 secs] [Times: user=4.11 sys=0.01, real=0.11 secs] 
5295.004: [GC (Allocation Failure) [PSYoungGen: 21734303K->670403K(22609920K)] 22533280K->1469748K(25755648K), 0.1244680 secs] [Times: user=4.37 sys=0.00, real=0.12 secs] 
5298.942: [GC (Allocation Failure) [PSYoungGen: 21772995K->690873K(22609920K)] 22572340K->1490586K(25755648K), 0.1274538 secs] [Times: user=4.48 sys=0.01, real=0.13 secs] 
5302.961: [GC (Allocation Failure) [PSYoungGen: 21793465K->649101K(22609920K)] 22593178K->1449182K(25755648K), 0.1203307 secs] [Times: user=4.25 sys=0.00, real=0.12 secs] 
5306.866: [GC (Allocation Failure) [PSYoungGen: 21751693K->661415K(22609920K)] 22551774K->1461856K(25755648K), 0.1228972 secs] [Times: user=4.32 sys=0.00, real=0.12 secs] 
5310.821: [GC (Allocation Failure) [PSYoungGen: 21764007K->651913K(22609920K)] 22564448K->1452730K(25755648K), 0.1212143 secs] [Times: user=4.27 sys=0.00, real=0.12 secs] 
5314.733: [GC (Allocation Failure) [PSYoungGen: 21754505K->641630K(22609920K)] 22555322K->1442815K(25755648K), 0.1192947 secs] [Times: user=4.21 sys=0.00, real=0.12 secs] 
5318.578: [GC (Allocation Failure) [PSYoungGen: 21744222K->622607K(22609920K)] 22545407K->1424151K(25755648K), 0.1195029 secs] [Times: user=4.21 sys=0.00, real=0.12 secs] 
5322.392: [GC (Allocation Failure) [PSYoungGen: 21725199K->630473K(22609920K)] 22526743K->1432386K(25755648K), 0.1175427 secs] [Times: user=4.15 sys=0.00, real=0.12 secs] 
5326.338: [GC (Allocation Failure) [PSYoungGen: 21733065K->625971K(22609920K)] 22534978K->1428251K(25755648K), 0.1163103 secs] [Times: user=4.11 sys=0.00, real=0.11 secs] 
5330.267: [GC (Allocation Failure) [PSYoungGen: 21728563K->668766K(22609920K)] 22530843K->1471407K(25755648K), 0.1230305 secs] [Times: user=4.34 sys=0.00, real=0.12 secs] 
5334.234: [GC (Allocation Failure) [PSYoungGen: 21771358K->664954K(22609920K)] 22573999K->1467962K(25755648K), 0.1219370 secs] [Times: user=4.31 sys=0.00, real=0.12 secs] 
5338.181: [GC (Allocation Failure) [PSYoungGen: 21767546K->648126K(22609920K)] 22570554K->1451511K(25755648K), 0.1212022 secs] [Times: user=4.28 sys=0.00, real=0.12 secs] 
5342.076: [GC (Allocation Failure) [PSYoungGen: 21750718K->648780K(22609920K)] 22554103K->1452533K(25755648K), 0.1203402 secs] [Times: user=4.25 sys=0.00, real=0.12 secs] 
5345.968: [GC (Allocation Failure) [PSYoungGen: 21751372K->652688K(22609920K)] 22555125K->1456809K(25755648K), 0.1233407 secs] [Times: user=4.35 sys=0.00, real=0.13 secs] 
5349.938: [GC (Allocation Failure) [PSYoungGen: 21755280K->676418K(22609920K)] 22559401K->1480915K(25755648K), 0.1256202 secs] [Times: user=4.35 sys=0.00, real=0.13 secs] 
5353.872: [GC (Allocation Failure) [PSYoungGen: 21779010K->670626K(22609920K)] 22583507K->1475491K(25755648K), 0.1255622 secs] [Times: user=4.36 sys=0.00, real=0.12 secs] 
5357.727: [GC (Allocation Failure) [PSYoungGen: 21773218K->635508K(22609920K)] 22578083K->1440733K(25755648K), 0.1179779 secs] [Times: user=4.16 sys=0.00, real=0.12 secs] 
5361.659: [GC (Allocation Failure) [PSYoungGen: 21738100K->639385K(22609920K)] 22543325K->1444978K(25755648K), 0.1217254 secs] [Times: user=4.28 sys=0.00, real=0.12 secs] 
5365.644: [GC (Allocation Failure) [PSYoungGen: 21741977K->656369K(22609920K)] 22547570K->1462338K(25755648K), 0.1215282 secs] [Times: user=4.29 sys=0.00, real=0.12 secs] 
5369.515: [GC (Allocation Failure) [PSYoungGen: 21758961K->626534K(22609920K)] 22564930K->1432871K(25755648K), 0.1174521 secs] [Times: user=4.11 sys=0.00, real=0.11 secs] 
5373.320: [GC (Allocation Failure) [PSYoungGen: 21729126K->629844K(22609920K)] 22535463K->1436549K(25755648K), 0.1172583 secs] [Times: user=4.13 sys=0.01, real=0.12 secs] 
5377.156: [GC (Allocation Failure) [PSYoungGen: 21732436K->676765K(22609920K)] 22539141K->1483846K(25755648K), 0.1265345 secs] [Times: user=4.46 sys=0.00, real=0.12 secs] 
5381.085: [GC (Allocation Failure) [PSYoungGen: 21779357K->654708K(22609920K)] 22586438K->1462165K(25755648K), 0.1217801 secs] [Times: user=4.26 sys=0.00, real=0.12 secs] 
5384.960: [GC (Allocation Failure) [PSYoungGen: 21757300K->660899K(22609920K)] 22564757K->1468724K(25755648K), 0.1221301 secs] [Times: user=4.32 sys=0.00, real=0.12 secs] 
5388.880: [GC (Allocation Failure) [PSYoungGen: 21763491K->677545K(22609920K)] 22571316K->1485722K(25755648K), 0.1246659 secs] [Times: user=4.40 sys=0.01, real=0.12 secs] 
5392.826: [GC (Allocation Failure) [PSYoungGen: 21780137K->651159K(22609920K)] 22588314K->1459704K(25755648K), 0.1209886 secs] [Times: user=4.27 sys=0.00, real=0.13 secs] 
5396.704: [GC (Allocation Failure) [PSYoungGen: 21753751K->615172K(22609920K)] 22562296K->1424077K(25755648K), 0.1150504 secs] [Times: user=4.05 sys=0.00, real=0.12 secs] 
5400.672: [GC (Allocation Failure) [PSYoungGen: 21717764K->648201K(22609920K)] 22526669K->1457473K(25755648K), 0.1207924 secs] [Times: user=4.26 sys=0.01, real=0.12 secs] 
5404.541: [GC (Allocation Failure) [PSYoungGen: 21750793K->646093K(22609920K)] 22560065K->1455734K(25755648K), 0.1199169 secs] [Times: user=4.23 sys=0.01, real=0.12 secs] 
5408.420: [GC (Allocation Failure) [PSYoungGen: 21748685K->624314K(22609920K)] 22558326K->1434323K(25755648K), 0.1168065 secs] [Times: user=4.12 sys=0.00, real=0.11 secs] 
5412.259: [GC (Allocation Failure) [PSYoungGen: 21726906K->688910K(22609920K)] 22536915K->1499295K(25755648K), 0.1264171 secs] [Times: user=4.46 sys=0.00, real=0.13 secs] 
5416.161: [GC (Allocation Failure) [PSYoungGen: 21791502K->680293K(22609920K)] 22601887K->1491053K(25755648K), 0.1268413 secs] [Times: user=4.43 sys=0.01, real=0.13 secs] 
5419.993: [GC (Allocation Failure) [PSYoungGen: 21782885K->659271K(22609920K)] 22593645K->1470400K(25755648K), 0.1226833 secs] [Times: user=4.33 sys=0.00, real=0.12 secs] 
5423.855: [GC (Allocation Failure) [PSYoungGen: 21761863K->668495K(22609920K)] 22572992K->1480000K(25755648K), 0.1262598 secs] [Times: user=4.34 sys=0.00, real=0.12 secs] 
5427.706: [GC (Allocation Failure) [PSYoungGen: 21771087K->637290K(22609920K)] 22582592K->1449163K(25755648K), 0.1206034 secs] [Times: user=4.26 sys=0.00, real=0.12 secs] 
5431.598: [GC (Allocation Failure) [PSYoungGen: 21739882K->656353K(22609920K)] 22551755K->1468594K(25755648K), 0.1225927 secs] [Times: user=4.30 sys=0.01, real=0.12 secs] 
5435.532: [GC (Allocation Failure) [PSYoungGen: 21758945K->631293K(22609920K)] 22571186K->1443878K(25755648K), 0.1179313 secs] [Times: user=4.16 sys=0.00, real=0.12 secs] 
5439.409: [GC (Allocation Failure) [PSYoungGen: 21733885K->631175K(22609920K)] 22546470K->1444135K(25755648K), 0.1178153 secs] [Times: user=4.16 sys=0.01, real=0.12 secs] 
5443.306: [GC (Allocation Failure) [PSYoungGen: 21733767K->639854K(22609920K)] 22546727K->1453183K(25755648K), 0.1187131 secs] [Times: user=4.17 sys=0.00, real=0.12 secs] 
5447.109: [GC (Allocation Failure) [PSYoungGen: 21742446K->669523K(22609920K)] 22555775K->1483220K(25755648K), 0.1244280 secs] [Times: user=4.37 sys=0.00, real=0.12 secs] 
5450.940: [GC (Allocation Failure) [PSYoungGen: 21772112K->654307K(22609920K)] 22585808K->1468372K(25755648K), 0.1224255 secs] [Times: user=4.27 sys=0.01, real=0.12 secs] 
5454.674: [GC (Allocation Failure) [PSYoungGen: 21756899K->630841K(22609920K)] 22570964K->1445274K(25755648K), 0.1180016 secs] [Times: user=4.16 sys=0.00, real=0.12 secs] 
5458.563: [GC (Allocation Failure) [PSYoungGen: 21733433K->630461K(22609920K)] 22547866K->1445262K(25755648K), 0.1181138 secs] [Times: user=4.16 sys=0.00, real=0.12 secs] 
5462.425: [GC (Allocation Failure) [PSYoungGen: 21733053K->643015K(22609920K)] 22547854K->1458192K(25755648K), 0.1202606 secs] [Times: user=4.24 sys=0.01, real=0.12 secs] 
5466.419: [GC (Allocation Failure) [PSYoungGen: 21745607K->646655K(22609920K)] 22560784K->1462208K(25755648K), 0.1204289 secs] [Times: user=4.25 sys=0.00, real=0.12 secs] 
5470.329: [GC (Allocation Failure) [PSYoungGen: 21749247K->635662K(22609920K)] 22564800K->1451567K(25755648K), 0.1177992 secs] [Times: user=4.17 sys=0.00, real=0.12 secs] 
5474.027: [GC (Allocation Failure) [PSYoungGen: 21738254K->678154K(22609920K)] 22554159K->1494426K(25755648K), 0.1252293 secs] [Times: user=4.35 sys=0.00, real=0.13 secs] 
5477.862: [GC (Allocation Failure) [PSYoungGen: 21780746K->636404K(22609920K)] 22597018K->1453045K(25755648K), 0.1198395 secs] [Times: user=4.23 sys=0.00, real=0.12 secs] 
5481.669: [GC (Allocation Failure) [PSYoungGen: 21738996K->660991K(22609920K)] 22555637K->1478000K(25755648K), 0.1221907 secs] [Times: user=4.31 sys=0.01, real=0.13 secs] 
5485.541: [GC (Allocation Failure) [PSYoungGen: 21763583K->650684K(22609920K)] 22580592K->1468060K(25755648K), 0.1203824 secs] [Times: user=4.25 sys=0.00, real=0.13 secs] 
5489.383: [GC (Allocation Failure) [PSYoungGen: 21753276K->626188K(22609920K)] 22570652K->1443933K(25755648K), 0.1177973 secs] [Times: user=4.12 sys=0.00, real=0.11 secs] 
5493.207: [GC (Allocation Failure) [PSYoungGen: 21728780K->672796K(22609920K)] 22546525K->1490917K(25755648K), 0.1263422 secs] [Times: user=4.37 sys=0.00, real=0.13 secs] 
5496.944: [GC (Allocation Failure) [PSYoungGen: 21775388K->679370K(22609920K)] 22593509K->1497859K(25755648K), 0.1260758 secs] [Times: user=4.45 sys=0.01, real=0.12 secs] 
5500.885: [GC (Allocation Failure) [PSYoungGen: 21781962K->656983K(22609920K)] 22600451K->1475840K(25755648K), 0.1214813 secs] [Times: user=4.28 sys=0.00, real=0.12 secs] 
5504.652: [GC (Allocation Failure) [PSYoungGen: 21759575K->633833K(22609920K)] 22578432K->1453034K(25755648K), 0.1225877 secs] [Times: user=4.10 sys=0.01, real=0.13 secs] 
5508.469: [GC (Allocation Failure) [PSYoungGen: 21736425K->641407K(22609920K)] 22555626K->1460968K(25755648K), 0.1193571 secs] [Times: user=4.20 sys=0.00, real=0.12 secs] 
5512.209: [GC (Allocation Failure) [PSYoungGen: 21743999K->679287K(22609920K)] 22563560K->1499224K(25755648K), 0.1254806 secs] [Times: user=4.44 sys=0.00, real=0.12 secs] 
5515.933: [GC (Allocation Failure) [PSYoungGen: 21781879K->671481K(22609920K)] 22601816K->1491786K(25755648K), 0.1255552 secs] [Times: user=4.42 sys=0.01, real=0.13 secs] 
5519.610: [GC (Allocation Failure) [PSYoungGen: 21774073K->643984K(22609920K)] 22594378K->1464657K(25755648K), 0.1199632 secs] [Times: user=4.22 sys=0.00, real=0.12 secs] 
5523.382: [GC (Allocation Failure) [PSYoungGen: 21746576K->636121K(22609920K)] 22567249K->1457162K(25755648K), 0.1194630 secs] [Times: user=4.21 sys=0.00, real=0.12 secs] 
5527.161: [GC (Allocation Failure) [PSYoungGen: 21738713K->656660K(22609920K)] 22559754K->1478069K(25755648K), 0.1213474 secs] [Times: user=4.29 sys=0.00, real=0.12 secs] 
5530.973: [GC (Allocation Failure) [PSYoungGen: 21759252K->664997K(22609920K)] 22580661K->1486758K(25755648K), 0.1237702 secs] [Times: user=4.37 sys=0.00, real=0.12 secs] 
5534.677: [GC (Allocation Failure) [PSYoungGen: 21767589K->669759K(22609920K)] 22589350K->1491895K(25755648K), 0.1258200 secs] [Times: user=4.33 sys=0.00, real=0.13 secs] 
5538.528: [GC (Allocation Failure) [PSYoungGen: 21772351K->657875K(22609920K)] 22594487K->1480380K(25755648K), 0.1211745 secs] [Times: user=4.28 sys=0.00, real=0.12 secs] 
5542.348: [GC (Allocation Failure) [PSYoungGen: 21760467K->650121K(22609920K)] 22582972K->1472994K(25755648K), 0.1215368 secs] [Times: user=4.20 sys=0.00, real=0.12 secs] 
5546.130: [GC (Allocation Failure) [PSYoungGen: 21752713K->685860K(22609920K)] 22575586K->1509109K(25755648K), 0.1284762 secs] [Times: user=4.52 sys=0.00, real=0.13 secs] 
5549.876: [GC (Allocation Failure) [PSYoungGen: 21788452K->657483K(22609920K)] 22611701K->1481068K(25755648K), 0.1237831 secs] [Times: user=4.26 sys=0.00, real=0.12 secs] 
5553.596: [GC (Allocation Failure) [PSYoungGen: 21760075K->650453K(22609920K)] 22583660K->1474414K(25755648K), 0.1221901 secs] [Times: user=4.23 sys=0.01, real=0.12 secs] 
5557.394: [GC (Allocation Failure) [PSYoungGen: 21753045K->625936K(22609920K)] 22577006K->1450272K(25755648K), 0.1201415 secs] [Times: user=4.21 sys=0.01, real=0.12 secs] 
5561.013: [GC (Allocation Failure) [PSYoungGen: 21728528K->665648K(22609920K)] 22552864K->1490361K(25755648K), 0.1232225 secs] [Times: user=4.36 sys=0.00, real=0.12 secs] 
5564.789: [GC (Allocation Failure) [PSYoungGen: 21768240K->674796K(22609920K)] 22592953K->1499892K(25755648K), 0.1262370 secs] [Times: user=4.42 sys=0.01, real=0.13 secs] 
5568.555: [GC (Allocation Failure) [PSYoungGen: 21777388K->643801K(22609920K)] 22602484K->1469250K(25755648K), 0.1207193 secs] [Times: user=4.23 sys=0.00, real=0.12 secs] 
5572.324: [GC (Allocation Failure) [PSYoungGen: 21746393K->656049K(22609920K)] 22571842K->1481873K(25755648K), 0.1222390 secs] [Times: user=4.29 sys=0.00, real=0.13 secs] 
5576.093: [GC (Allocation Failure) [PSYoungGen: 21758641K->669752K(22609920K)] 22584465K->1495953K(25755648K), 0.1263517 secs] [Times: user=4.46 sys=0.00, real=0.13 secs] 
5579.747: [GC (Allocation Failure) [PSYoungGen: 21772344K->673689K(22609920K)] 22598545K->1500265K(25755648K), 0.1238762 secs] [Times: user=4.38 sys=0.00, real=0.12 secs] 
5583.651: [GC (Allocation Failure) [PSYoungGen: 21776281K->637742K(22609920K)] 22602857K->1464671K(25755648K), 0.1235078 secs] [Times: user=4.26 sys=0.00, real=0.12 secs] 
5587.428: [GC (Allocation Failure) [PSYoungGen: 21740334K->621230K(22609920K)] 22567263K->1448535K(25755648K), 0.1157750 secs] [Times: user=4.09 sys=0.00, real=0.11 secs] 
5591.244: [GC (Allocation Failure) [PSYoungGen: 21723822K->694861K(22609920K)] 22551127K->1522534K(25755648K), 0.1280430 secs] [Times: user=4.49 sys=0.00, real=0.13 secs] 
5594.983: [GC (Allocation Failure) [PSYoungGen: 21797453K->639385K(22609920K)] 22625126K->1467426K(25755648K), 0.1190498 secs] [Times: user=4.19 sys=0.00, real=0.12 secs] 
5598.655: [GC (Allocation Failure) [PSYoungGen: 21741977K->635406K(22609920K)] 22570018K->1463823K(25755648K), 0.1184988 secs] [Times: user=4.18 sys=0.00, real=0.12 secs] 
5602.425: [GC (Allocation Failure) [PSYoungGen: 21737998K->649127K(22609920K)] 22566415K->1477896K(25755648K), 0.1230880 secs] [Times: user=4.34 sys=0.00, real=0.12 secs] 
5606.228: [GC (Allocation Failure) [PSYoungGen: 21751719K->659250K(22609920K)] 22580488K->1488403K(25755648K), 0.1213468 secs] [Times: user=4.29 sys=0.00, real=0.13 secs] 
5609.920: [GC (Allocation Failure) [PSYoungGen: 21761842K->646006K(22609920K)] 22590995K->1475534K(25755648K), 0.1203154 secs] [Times: user=4.24 sys=0.00, real=0.13 secs] 
5613.599: [GC (Allocation Failure) [PSYoungGen: 21748598K->669566K(22609920K)] 22578126K->1499471K(25755648K), 0.1236702 secs] [Times: user=4.36 sys=0.00, real=0.13 secs] 
5617.258: [GC (Allocation Failure) [PSYoungGen: 21772158K->670045K(22609920K)] 22602063K->1500302K(25755648K), 0.1232568 secs] [Times: user=4.33 sys=0.00, real=0.13 secs] 
5620.980: [GC (Allocation Failure) [PSYoungGen: 21772637K->676525K(22609920K)] 22602894K->1507158K(25755648K), 0.1252121 secs] [Times: user=4.40 sys=0.00, real=0.13 secs] 
5624.638: [GC (Allocation Failure) [PSYoungGen: 21779117K->659120K(22609920K)] 22609750K->1490128K(25755648K), 0.1226183 secs] [Times: user=4.31 sys=0.00, real=0.12 secs] 
5628.483: [GC (Allocation Failure) [PSYoungGen: 21761712K->651014K(22609920K)] 22592720K->1482407K(25755648K), 0.1205877 secs] [Times: user=4.26 sys=0.00, real=0.13 secs] 
5632.127: [GC (Allocation Failure) [PSYoungGen: 21753606K->687788K(22609920K)] 22584999K->1519532K(25755648K), 0.1263673 secs] [Times: user=4.47 sys=0.00, real=0.13 secs] 
5635.747: [GC (Allocation Failure) [PSYoungGen: 21790380K->644356K(22609920K)] 22622124K->1476477K(25755648K), 0.1195880 secs] [Times: user=4.21 sys=0.01, real=0.12 secs] 
5639.375: [GC (Allocation Failure) [PSYoungGen: 21746948K->669086K(22609920K)] 22579069K->1501583K(25755648K), 0.1253041 secs] [Times: user=4.41 sys=0.00, real=0.12 secs] 
5643.017: [GC (Allocation Failure) [PSYoungGen: 21771678K->670844K(22609920K)] 22604175K->1503717K(25755648K), 0.1250770 secs] [Times: user=4.40 sys=0.00, real=0.12 secs] 
5646.656: [GC (Allocation Failure) [PSYoungGen: 21773436K->634423K(22609920K)] 22606309K->1467639K(25755648K), 0.1188369 secs] [Times: user=4.14 sys=0.00, real=0.11 secs] 
5650.402: [GC (Allocation Failure) [PSYoungGen: 21737015K->669565K(22609920K)] 22570231K->1503158K(25755648K), 0.1232931 secs] [Times: user=4.36 sys=0.00, real=0.12 secs] 
5654.120: [GC (Allocation Failure) [PSYoungGen: 21772157K->664486K(22609920K)] 22605750K->1498454K(25755648K), 0.1229131 secs] [Times: user=4.34 sys=0.01, real=0.12 secs] 
5657.903: [GC (Allocation Failure) [PSYoungGen: 21767078K->670355K(22609920K)] 22601046K->1504700K(25755648K), 0.1245058 secs] [Times: user=4.40 sys=0.00, real=0.13 secs] 
5661.636: [GC (Allocation Failure) [PSYoungGen: 21772947K->641491K(22609920K)] 22607292K->1476187K(25755648K), 0.1188530 secs] [Times: user=4.20 sys=0.00, real=0.12 secs] 
5665.366: [GC (Allocation Failure) [PSYoungGen: 21744083K->642786K(22609920K)] 22578779K->1477859K(25755648K), 0.1207876 secs] [Times: user=4.25 sys=0.00, real=0.12 secs] 
5669.052: [GC (Allocation Failure) [PSYoungGen: 21745378K->653755K(22609920K)] 22580451K->1489195K(25755648K), 0.1227213 secs] [Times: user=4.34 sys=0.01, real=0.12 secs] 
5672.859: [GC (Allocation Failure) [PSYoungGen: 21756347K->673371K(22609920K)] 22591787K->1509156K(25755648K), 0.1246861 secs] [Times: user=4.39 sys=0.00, real=0.13 secs] 
5676.491: [GC (Allocation Failure) [PSYoungGen: 21775963K->646525K(22609920K)] 22611748K->1482686K(25755648K), 0.1196527 secs] [Times: user=4.22 sys=0.00, real=0.12 secs] 
5680.116: [GC (Allocation Failure) [PSYoungGen: 21749117K->662594K(22609920K)] 22585278K->1499130K(25755648K), 0.1228700 secs] [Times: user=4.31 sys=0.01, real=0.12 secs] 
5683.838: [GC (Allocation Failure) [PSYoungGen: 21765186K->679604K(22609920K)] 22601722K->1516517K(25755648K), 0.1253544 secs] [Times: user=4.41 sys=0.00, real=0.13 secs] 
5687.483: [GC (Allocation Failure) [PSYoungGen: 21782196K->642942K(22609920K)] 22619109K->1480199K(25755648K), 0.1210303 secs] [Times: user=4.18 sys=0.00, real=0.12 secs] 
5691.175: [GC (Allocation Failure) [PSYoungGen: 21745534K->680671K(22609920K)] 22582791K->1518311K(25755648K), 0.1259641 secs] [Times: user=4.45 sys=0.01, real=0.12 secs] 
5694.786: [GC (Allocation Failure) [PSYoungGen: 21783263K->693332K(22609920K)] 22620903K->1531349K(25755648K), 0.1287302 secs] [Times: user=4.49 sys=0.01, real=0.13 secs] 
5698.412: [GC (Allocation Failure) [PSYoungGen: 21795924K->662586K(22609920K)] 22633941K->1500963K(25755648K), 0.1241784 secs] [Times: user=4.38 sys=0.00, real=0.13 secs] 
5702.034: [GC (Allocation Failure) [PSYoungGen: 21765178K->704342K(22609920K)] 22603555K->1543103K(25755648K), 0.1311972 secs] [Times: user=4.61 sys=0.01, real=0.14 secs] 
5705.786: [GC (Allocation Failure) [PSYoungGen: 21806934K->665842K(22609920K)] 22645695K->1504979K(25755648K), 0.1236476 secs] [Times: user=4.37 sys=0.00, real=0.12 secs] 
5709.446: [GC (Allocation Failure) [PSYoungGen: 21768434K->635385K(22609920K)] 22607571K->1474873K(25755648K), 0.1195098 secs] [Times: user=4.22 sys=0.00, real=0.12 secs] 
5713.166: [GC (Allocation Failure) [PSYoungGen: 21737977K->678355K(22609920K)] 22577465K->1518220K(25755648K), 0.1258523 secs] [Times: user=4.42 sys=0.00, real=0.12 secs] 
5716.870: [GC (Allocation Failure) [PSYoungGen: 21780947K->663207K(22609920K)] 22620812K->1503447K(25755648K), 0.1244618 secs] [Times: user=4.31 sys=0.00, real=0.12 secs] 
5720.511: [GC (Allocation Failure) [PSYoungGen: 21765799K->641540K(22609920K)] 22606039K->1482148K(25755648K), 0.1214569 secs] [Times: user=4.17 sys=0.00, real=0.12 secs] 
5724.172: [GC (Allocation Failure) [PSYoungGen: 21744132K->649948K(22609920K)] 22584740K->1490901K(25755648K), 0.1208817 secs] [Times: user=4.26 sys=0.01, real=0.12 secs] 
5727.833: [GC (Allocation Failure) [PSYoungGen: 21752540K->682734K(22609920K)] 22593493K->1524055K(25755648K), 0.1255937 secs] [Times: user=4.43 sys=0.00, real=0.13 secs] 
5731.499: [GC (Allocation Failure) [PSYoungGen: 21785326K->631525K(22609920K)] 22626647K->1473229K(25755648K), 0.1208441 secs] [Times: user=4.20 sys=0.01, real=0.12 secs] 
5735.161: [GC (Allocation Failure) [PSYoungGen: 21734117K->695876K(22609920K)] 22575821K->1537941K(25755648K), 0.1290481 secs] [Times: user=4.53 sys=0.01, real=0.13 secs] 
5738.816: [GC (Allocation Failure) [PSYoungGen: 21798468K->642899K(22609920K)] 22640533K->1485340K(25755648K), 0.1196672 secs] [Times: user=4.19 sys=0.00, real=0.12 secs] 
5742.481: [GC (Allocation Failure) [PSYoungGen: 21745491K->643533K(22609920K)] 22587932K->1486350K(25755648K), 0.1197351 secs] [Times: user=4.20 sys=0.00, real=0.12 secs] 
5746.172: [GC (Allocation Failure) [PSYoungGen: 21746125K->663892K(22609920K)] 22588942K->1507060K(25755648K), 0.1252145 secs] [Times: user=4.42 sys=0.00, real=0.12 secs] 
5749.786: [GC (Allocation Failure) [PSYoungGen: 21766484K->662722K(22609920K)] 22609652K->1506275K(25755648K), 0.1226769 secs] [Times: user=4.32 sys=0.01, real=0.12 secs] 
5753.360: [GC (Allocation Failure) [PSYoungGen: 21765314K->632966K(22609920K)] 22608867K->1476895K(25755648K), 0.1181136 secs] [Times: user=4.13 sys=0.00, real=0.12 secs] 
5756.917: [GC (Allocation Failure) [PSYoungGen: 21735558K->702605K(22609920K)] 22579487K->1546886K(25755648K), 0.1291430 secs] [Times: user=4.56 sys=0.00, real=0.13 secs] 
5760.502: [GC (Allocation Failure) [PSYoungGen: 21805197K->662980K(22609920K)] 22649478K->1507628K(25755648K), 0.1260280 secs] [Times: user=4.34 sys=0.00, real=0.13 secs] 
5764.015: [GC (Allocation Failure) [PSYoungGen: 21765572K->693877K(22609920K)] 22610220K->1538909K(25755648K), 0.1273672 secs] [Times: user=4.50 sys=0.00, real=0.12 secs] 
5767.549: [GC (Allocation Failure) [PSYoungGen: 21796469K->662625K(22609920K)] 22641501K->1508010K(25755648K), 0.1232223 secs] [Times: user=4.35 sys=0.00, real=0.12 secs] 
5771.142: [GC (Allocation Failure) [PSYoungGen: 21765217K->675214K(22609920K)] 22610602K->1520983K(25755648K), 0.1245592 secs] [Times: user=4.39 sys=0.00, real=0.13 secs] 
5774.680: [GC (Allocation Failure) [PSYoungGen: 21777806K->710183K(22609920K)] 22623575K->1556328K(25755648K), 0.1311608 secs] [Times: user=4.64 sys=0.01, real=0.13 secs] 
5778.302: [GC (Allocation Failure) [PSYoungGen: 21812775K->654413K(22609920K)] 22658920K->1500918K(25755648K), 0.1212961 secs] [Times: user=4.26 sys=0.01, real=0.12 secs] 
5781.868: [GC (Allocation Failure) [PSYoungGen: 21757005K->676535K(22609920K)] 22603510K->1523416K(25755648K), 0.1245920 secs] [Times: user=4.39 sys=0.01, real=0.12 secs] 
5785.445: [GC (Allocation Failure) [PSYoungGen: 21779127K->619049K(22609920K)] 22626008K->1466314K(25755648K), 0.1165117 secs] [Times: user=4.10 sys=0.00, real=0.12 secs] 
5789.060: [GC (Allocation Failure) [PSYoungGen: 21721641K->677021K(22609920K)] 22568906K->1524638K(25755648K), 0.1245378 secs] [Times: user=4.40 sys=0.00, real=0.12 secs] 
5792.810: [GC (Allocation Failure) [PSYoungGen: 21779613K->675994K(22609920K)] 22627230K->1524123K(25755648K), 0.1261949 secs] [Times: user=4.42 sys=0.00, real=0.12 secs] 
5796.379: [GC (Allocation Failure) [PSYoungGen: 21778586K->635972K(22609920K)] 22626715K->1484477K(25755648K), 0.1195342 secs] [Times: user=4.19 sys=0.00, real=0.12 secs] 
5800.098: [GC (Allocation Failure) [PSYoungGen: 21738564K->671460K(22609920K)] 22587069K->1520317K(25755648K), 0.1244950 secs] [Times: user=4.39 sys=0.00, real=0.13 secs] 
5803.722: [GC (Allocation Failure) [PSYoungGen: 21774052K->655836K(22609920K)] 22622909K->1505068K(25755648K), 0.1222472 secs] [Times: user=4.32 sys=0.00, real=0.12 secs] 
5807.328: [GC (Allocation Failure) [PSYoungGen: 21758428K->663027K(22609920K)] 22607660K->1512636K(25755648K), 0.1227591 secs] [Times: user=4.31 sys=0.00, real=0.13 secs] 
5810.865: [GC (Allocation Failure) [PSYoungGen: 21765619K->686123K(22609920K)] 22615228K->1536092K(25755648K), 0.1280742 secs] [Times: user=4.51 sys=0.01, real=0.13 secs] 
5814.398: [GC (Allocation Failure) [PSYoungGen: 21788715K->646081K(22609920K)] 22638684K->1496426K(25755648K), 0.1206321 secs] [Times: user=4.24 sys=0.00, real=0.12 secs] 
5817.941: [GC (Allocation Failure) [PSYoungGen: 21748673K->698205K(22609920K)] 22599018K->1548902K(25755648K), 0.1288685 secs] [Times: user=4.56 sys=0.00, real=0.13 secs] 
5821.494: [GC (Allocation Failure) [PSYoungGen: 21800797K->706475K(22609920K)] 22651494K->1557556K(25755648K), 0.1326881 secs] [Times: user=4.59 sys=0.00, real=0.13 secs] 
5825.001: [GC (Allocation Failure) [PSYoungGen: 21809067K->681459K(22609920K)] 22660148K->1532892K(25755648K), 0.1256236 secs] [Times: user=4.43 sys=0.01, real=0.13 secs] 
5828.559: [GC (Allocation Failure) [PSYoungGen: 21784051K->641785K(22609920K)] 22635484K->1493594K(25755648K), 0.1193835 secs] [Times: user=4.22 sys=0.00, real=0.12 secs] 
5832.188: [GC (Allocation Failure) [PSYoungGen: 21744377K->685954K(22609920K)] 22596186K->1538139K(25755648K), 0.1259045 secs] [Times: user=4.44 sys=0.01, real=0.12 secs] 
5835.761: [GC (Allocation Failure) [PSYoungGen: 21788546K->712729K(22609920K)] 22640731K->1565266K(25755648K), 0.1311555 secs] [Times: user=4.63 sys=0.00, real=0.13 secs] 
5839.337: [GC (Allocation Failure) [PSYoungGen: 21815321K->652679K(22609920K)] 22667858K->1505592K(25755648K), 0.1222355 secs] [Times: user=4.25 sys=0.01, real=0.12 secs] 
5842.913: [GC (Allocation Failure) [PSYoungGen: 21755271K->666942K(22609920K)] 22608184K->1520214K(25755648K), 0.1239622 secs] [Times: user=4.37 sys=0.00, real=0.13 secs] 
5846.387: [GC (Allocation Failure) [PSYoungGen: 21769534K->686114K(22609920K)] 22622806K->1539763K(25755648K), 0.1286085 secs] [Times: user=4.45 sys=0.00, real=0.12 secs] 
5849.925: [GC (Allocation Failure) [PSYoungGen: 21788706K->632996K(22609920K)] 22642355K->1487021K(25755648K), 0.1182198 secs] [Times: user=4.16 sys=0.01, real=0.12 secs] 
5853.395: [GC (Allocation Failure) [PSYoungGen: 21735588K->642660K(22609920K)] 22589613K->1497037K(25755648K), 0.1200821 secs] [Times: user=4.23 sys=0.00, real=0.12 secs] 
5856.978: [GC (Allocation Failure) [PSYoungGen: 21745252K->679701K(22609920K)] 22599629K->1534454K(25755648K), 0.1265071 secs] [Times: user=4.42 sys=0.00, real=0.12 secs] 
5860.541: [GC (Allocation Failure) [PSYoungGen: 21782293K->655455K(22609920K)] 22637046K->1510584K(25755648K), 0.1214590 secs] [Times: user=4.29 sys=0.00, real=0.12 secs] 
5864.068: [GC (Allocation Failure) [PSYoungGen: 21758047K->680007K(22609920K)] 22613176K->1535488K(25755648K), 0.1255708 secs] [Times: user=4.43 sys=0.00, real=0.13 secs] 
5867.617: [GC (Allocation Failure) [PSYoungGen: 21782599K->661829K(22609920K)] 22638080K->1517694K(25755648K), 0.1226888 secs] [Times: user=4.33 sys=0.01, real=0.13 secs] 
5871.156: [GC (Allocation Failure) [PSYoungGen: 21764421K->710119K(22609920K)] 22620286K->1566336K(25755648K), 0.1309355 secs] [Times: user=4.62 sys=0.00, real=0.13 secs] 
5874.689: [GC (Allocation Failure) [PSYoungGen: 21812711K->664274K(22609920K)] 22668928K->1520867K(25755648K), 0.1233176 secs] [Times: user=4.35 sys=0.01, real=0.13 secs] 
5878.247: [GC (Allocation Failure) [PSYoungGen: 21766866K->712497K(22609920K)] 22623459K->1569442K(25755648K), 0.1310237 secs] [Times: user=4.64 sys=0.00, real=0.13 secs] 
5881.708: [GC (Allocation Failure) [PSYoungGen: 21815089K->659106K(22609920K)] 22672034K->1516442K(25755648K), 0.1226029 secs] [Times: user=4.33 sys=0.00, real=0.12 secs] 
5885.325: [GC (Allocation Failure) [PSYoungGen: 21761698K->676867K(22609920K)] 22619034K->1534555K(25755648K), 0.1253838 secs] [Times: user=4.40 sys=0.01, real=0.12 secs] 
5888.764: [GC (Allocation Failure) [PSYoungGen: 21779459K->649850K(22609920K)] 22637147K->1507915K(25755648K), 0.1208806 secs] [Times: user=4.26 sys=0.00, real=0.12 secs] 
5892.325: [GC (Allocation Failure) [PSYoungGen: 21752442K->642646K(22609920K)] 22610507K->1501087K(25755648K), 0.1204283 secs] [Times: user=4.24 sys=0.01, real=0.12 secs] 
5895.779: [GC (Allocation Failure) [PSYoungGen: 21745238K->656976K(22609920K)] 22603679K->1515769K(25755648K), 0.1223713 secs] [Times: user=4.27 sys=0.00, real=0.12 secs] 
5899.232: [GC (Allocation Failure) [PSYoungGen: 21759568K->725688K(22609920K)] 22618361K->1584865K(25755648K), 0.1330745 secs] [Times: user=4.70 sys=0.00, real=0.14 secs] 
5902.774: [GC (Allocation Failure) [PSYoungGen: 21828280K->688673K(22609920K)] 22687457K->1548210K(25755648K), 0.1270655 secs] [Times: user=4.45 sys=0.01, real=0.13 secs] 
5906.232: [GC (Allocation Failure) [PSYoungGen: 21791265K->682895K(22609920K)] 22650802K->1542808K(25755648K), 0.1264140 secs] [Times: user=4.43 sys=0.00, real=0.13 secs] 
5909.731: [GC (Allocation Failure) [PSYoungGen: 21785487K->661904K(22609920K)] 22645400K->1522169K(25755648K), 0.1224532 secs] [Times: user=4.31 sys=0.00, real=0.12 secs] 
5913.279: [GC (Allocation Failure) [PSYoungGen: 21764496K->714234K(22609920K)] 22624761K->1574883K(25755648K), 0.1315722 secs] [Times: user=4.66 sys=0.00, real=0.13 secs] 
5916.800: [GC (Allocation Failure) [PSYoungGen: 21816826K->698602K(22609920K)] 22677475K->1559602K(25755648K), 0.1299301 secs] [Times: user=4.56 sys=0.00, real=0.13 secs] 
5920.347: [GC (Allocation Failure) [PSYoungGen: 21801194K->620036K(22609920K)] 22662194K->1481405K(25755648K), 0.1154420 secs] [Times: user=4.07 sys=0.00, real=0.11 secs] 
5923.890: [GC (Allocation Failure) [PSYoungGen: 21722628K->700076K(22609920K)] 22583997K->1561804K(25755648K), 0.1296329 secs] [Times: user=4.58 sys=0.00, real=0.13 secs] 
5927.400: [GC (Allocation Failure) [PSYoungGen: 21802668K->637369K(22609920K)] 22664396K->1499466K(25755648K), 0.1190275 secs] [Times: user=4.15 sys=0.01, real=0.12 secs] 
5930.865: [GC (Allocation Failure) [PSYoungGen: 21739961K->662819K(22609920K)] 22602058K->1525275K(25755648K), 0.1230618 secs] [Times: user=4.31 sys=0.00, real=0.12 secs] 
5934.384: [GC (Allocation Failure) [PSYoungGen: 21765411K->695433K(22609920K)] 22627867K->1558274K(25755648K), 0.1288113 secs] [Times: user=4.54 sys=0.00, real=0.13 secs] 
5937.914: [GC (Allocation Failure) [PSYoungGen: 21798025K->702509K(22609920K)] 22660866K->1565726K(25755648K), 0.1292839 secs] [Times: user=4.57 sys=0.00, real=0.13 secs] 
5941.349: [GC (Allocation Failure) [PSYoungGen: 21805101K->633787K(22609920K)] 22668318K->1497364K(25755648K), 0.1186674 secs] [Times: user=4.19 sys=0.00, real=0.12 secs] 
5944.785: [GC (Allocation Failure) [PSYoungGen: 21736379K->654254K(22609920K)] 22599956K->1518207K(25755648K), 0.1219158 secs] [Times: user=4.24 sys=0.00, real=0.12 secs] 
5948.299: [GC (Allocation Failure) [PSYoungGen: 21756846K->646816K(22609920K)] 22620799K->1511121K(25755648K), 0.1209064 secs] [Times: user=4.23 sys=0.00, real=0.12 secs] 
5951.720: [GC (Allocation Failure) [PSYoungGen: 21749408K->692629K(22609920K)] 22613713K->1557294K(25755648K), 0.1274233 secs] [Times: user=4.50 sys=0.00, real=0.13 secs] 
5955.207: [GC (Allocation Failure) [PSYoungGen: 21795221K->692142K(22609920K)] 22659886K->1557183K(25755648K), 0.1285302 secs] [Times: user=4.51 sys=0.00, real=0.13 secs] 
5958.564: [GC (Allocation Failure) [PSYoungGen: 21794734K->653852K(22609920K)] 22659775K->1519253K(25755648K), 0.1234541 secs] [Times: user=4.36 sys=0.00, real=0.12 secs] 
5962.107: [GC (Allocation Failure) [PSYoungGen: 21756444K->701622K(22609920K)] 22621845K->1567407K(25755648K), 0.1287631 secs] [Times: user=4.55 sys=0.00, real=0.13 secs] 
5965.656: [GC (Allocation Failure) [PSYoungGen: 21804214K->692690K(22609920K)] 22669999K->1558826K(25755648K), 0.1287653 secs] [Times: user=4.56 sys=0.00, real=0.13 secs] 
5969.191: [GC (Allocation Failure) [PSYoungGen: 21795282K->682312K(22609920K)] 22661418K->1548833K(25755648K), 0.1283635 secs] [Times: user=4.44 sys=0.00, real=0.13 secs] 
5972.617: [GC (Allocation Failure) [PSYoungGen: 21784904K->716178K(22609920K)] 22651425K->1583082K(25755648K), 0.1335246 secs] [Times: user=4.64 sys=0.00, real=0.13 secs] 
5976.144: [GC (Allocation Failure) [PSYoungGen: 21818770K->698901K(22609920K)] 22685674K->1566158K(25755648K), 0.1286063 secs] [Times: user=4.54 sys=0.00, real=0.13 secs] 
5979.606: [GC (Allocation Failure) [PSYoungGen: 21801493K->654036K(22609920K)] 22668750K->1521677K(25755648K), 0.1227417 secs] [Times: user=4.28 sys=0.00, real=0.13 secs] 
5983.082: [GC (Allocation Failure) [PSYoungGen: 21756628K->687653K(22609920K)] 22624269K->1555654K(25755648K), 0.1272331 secs] [Times: user=4.49 sys=0.00, real=0.13 secs] 
5986.452: [GC (Allocation Failure) [PSYoungGen: 21790245K->663830K(22609920K)] 22658246K->1532223K(25755648K), 0.1239005 secs] [Times: user=4.33 sys=0.00, real=0.12 secs] 
5989.900: [GC (Allocation Failure) [PSYoungGen: 21766422K->667459K(22609920K)] 22634815K->1536212K(25755648K), 0.1249617 secs] [Times: user=4.35 sys=0.00, real=0.12 secs] 
5993.339: [GC (Allocation Failure) [PSYoungGen: 21770051K->665848K(22609920K)] 22638804K->1534977K(25755648K), 0.1233499 secs] [Times: user=4.36 sys=0.00, real=0.12 secs] 
5996.810: [GC (Allocation Failure) [PSYoungGen: 21768440K->700332K(22609920K)] 22637569K->1569821K(25755648K), 0.1291321 secs] [Times: user=4.56 sys=0.00, real=0.13 secs] 
6000.271: [GC (Allocation Failure) [PSYoungGen: 21802924K->706488K(22609920K)] 22672413K->1576344K(25755648K), 0.1327062 secs] [Times: user=4.66 sys=0.00, real=0.13 secs] 
6003.639: [GC (Allocation Failure) [PSYoungGen: 21809080K->683641K(22609920K)] 22678936K->1553866K(25755648K), 0.1275645 secs] [Times: user=4.46 sys=0.01, real=0.13 secs] 
6007.190: [GC (Allocation Failure) [PSYoungGen: 21786233K->705523K(22609920K)] 22656458K->1576108K(25755648K), 0.1304273 secs] [Times: user=4.58 sys=0.00, real=0.13 secs] 
6010.610: [GC (Allocation Failure) [PSYoungGen: 21808115K->700238K(22609920K)] 22678700K->1571207K(25755648K), 0.1303982 secs] [Times: user=4.61 sys=0.00, real=0.13 secs] 
6014.058: [GC (Allocation Failure) [PSYoungGen: 21802830K->701382K(22609920K)] 22673799K->1572711K(25755648K), 0.1297787 secs] [Times: user=4.58 sys=0.00, real=0.13 secs] 
6017.526: [GC (Allocation Failure) [PSYoungGen: 21803974K->655417K(22609920K)] 22675303K->1527122K(25755648K), 0.1222340 secs] [Times: user=4.31 sys=0.00, real=0.12 secs] 
6020.940: [GC (Allocation Failure) [PSYoungGen: 21758009K->664653K(22609920K)] 22629714K->1536709K(25755648K), 0.1232711 secs] [Times: user=4.34 sys=0.00, real=0.13 secs] 
6024.395: [GC (Allocation Failure) [PSYoungGen: 21767245K->659470K(22609920K)] 22639301K->1531903K(25755648K), 0.1246429 secs] [Times: user=4.38 sys=0.00, real=0.12 secs] 
6027.736: [GC (Allocation Failure) [PSYoungGen: 21762062K->675192K(22609920K)] 22634495K->1547985K(25755648K), 0.1260876 secs] [Times: user=4.39 sys=0.00, real=0.12 secs] 
6031.128: [GC (Allocation Failure) [PSYoungGen: 21777784K->650551K(22609920K)] 22650577K->1523728K(25755648K), 0.1200297 secs] [Times: user=4.24 sys=0.00, real=0.12 secs] 
6034.546: [GC (Allocation Failure) [PSYoungGen: 21753143K->643134K(22609920K)] 22626320K->1516663K(25755648K), 0.1196342 secs] [Times: user=4.19 sys=0.00, real=0.12 secs] 
6038.045: [GC (Allocation Failure) [PSYoungGen: 21745726K->649687K(22609920K)] 22619255K->1523600K(25755648K), 0.1211291 secs] [Times: user=4.27 sys=0.00, real=0.13 secs] 
6041.491: [GC (Allocation Failure) [PSYoungGen: 21752279K->657374K(22609920K)] 22626192K->1531655K(25755648K), 0.1216864 secs] [Times: user=4.29 sys=0.00, real=0.12 secs] 
6044.958: [GC (Allocation Failure) [PSYoungGen: 21759966K->661849K(22609920K)] 22634247K->1536514K(25755648K), 0.1247467 secs] [Times: user=4.34 sys=0.00, real=0.12 secs] 
6048.427: [GC (Allocation Failure) [PSYoungGen: 21764441K->678125K(22609920K)] 22639106K->1553149K(25755648K), 0.1264233 secs] [Times: user=4.41 sys=0.00, real=0.13 secs] 
6051.798: [GC (Allocation Failure) [PSYoungGen: 21780717K->684777K(22609920K)] 22655741K->1560162K(25755648K), 0.1270988 secs] [Times: user=4.47 sys=0.01, real=0.12 secs] 
6055.160: [GC (Allocation Failure) [PSYoungGen: 21787369K->690691K(22609920K)] 22662754K->1566460K(25755648K), 0.1275605 secs] [Times: user=4.51 sys=0.00, real=0.12 secs] 
6058.473: [GC (Allocation Failure) [PSYoungGen: 21793283K->680750K(22609920K)] 22669052K->1556871K(25755648K), 0.1254954 secs] [Times: user=4.44 sys=0.00, real=0.13 secs] 
6061.843: [GC (Allocation Failure) [PSYoungGen: 21783342K->698725K(22609920K)] 22659463K->1575230K(25755648K), 0.1293814 secs] [Times: user=4.52 sys=0.01, real=0.13 secs] 
6065.248: [GC (Allocation Failure) [PSYoungGen: 21801317K->675937K(22609920K)] 22677822K->1552794K(25755648K), 0.1270156 secs] [Times: user=4.44 sys=0.00, real=0.13 secs] 
6068.649: [GC (Allocation Failure) [PSYoungGen: 21778529K->673950K(22609920K)] 22655386K->1551190K(25755648K), 0.1249100 secs] [Times: user=4.39 sys=0.00, real=0.13 secs] 
6071.994: [GC (Allocation Failure) [PSYoungGen: 21776542K->686742K(22609920K)] 22653782K->1564343K(25755648K), 0.1277632 secs] [Times: user=4.46 sys=0.00, real=0.13 secs] 
6075.316: [GC (Allocation Failure) [PSYoungGen: 21789334K->699026K(22609920K)] 22666935K->1577011K(25755648K), 0.1284454 secs] [Times: user=4.54 sys=0.00, real=0.13 secs] 
6078.720: [GC (Allocation Failure) [PSYoungGen: 21801618K->703522K(22609920K)] 22679603K->1581859K(25755648K), 0.1298329 secs] [Times: user=4.53 sys=0.00, real=0.13 secs] 
6082.041: [GC (Allocation Failure) [PSYoungGen: 21806114K->720091K(22609920K)] 22684451K->1598796K(25755648K), 0.1326154 secs] [Times: user=4.70 sys=0.00, real=0.14 secs] 
6085.488: [GC (Allocation Failure) [PSYoungGen: 21822683K->659017K(22609920K)] 22701388K->1538106K(25755648K), 0.1236185 secs] [Times: user=4.27 sys=0.00, real=0.13 secs] 
6088.865: [GC (Allocation Failure) [PSYoungGen: 21761609K->667427K(22609920K)] 22640698K->1546875K(25755648K), 0.1245765 secs] [Times: user=4.40 sys=0.00, real=0.12 secs] 
6092.289: [GC (Allocation Failure) [PSYoungGen: 21770019K->719586K(22609920K)] 22649467K->1599427K(25755648K), 0.1320954 secs] [Times: user=4.67 sys=0.01, real=0.13 secs] 
6095.676: [GC (Allocation Failure) [PSYoungGen: 21822178K->717470K(22609920K)] 22702019K->1597670K(25755648K), 0.1319005 secs] [Times: user=4.66 sys=0.00, real=0.13 secs] 
6099.024: [GC (Allocation Failure) [PSYoungGen: 21820062K->691631K(22609920K)] 22700262K->1572208K(25755648K), 0.1279433 secs] [Times: user=4.52 sys=0.01, real=0.12 secs] 
6102.383: [GC (Allocation Failure) [PSYoungGen: 21794223K->647196K(22609920K)] 22674800K->1528133K(25755648K), 0.1218218 secs] [Times: user=4.23 sys=0.00, real=0.13 secs] 
6105.742: [GC (Allocation Failure) [PSYoungGen: 21749788K->659643K(22609920K)] 22630725K->1540948K(25755648K), 0.1226106 secs] [Times: user=4.33 sys=0.00, real=0.12 secs] 
6109.106: [GC (Allocation Failure) [PSYoungGen: 21762235K->680301K(22609920K)] 22643540K->1561990K(25755648K), 0.1246976 secs] [Times: user=4.41 sys=0.01, real=0.13 secs] 
6112.492: [GC (Allocation Failure) [PSYoungGen: 21782893K->649918K(22609920K)] 22664582K->1531966K(25755648K), 0.1231180 secs] [Times: user=4.25 sys=0.00, real=0.12 secs] 
6115.779: [GC (Allocation Failure) [PSYoungGen: 21752510K->683965K(22609920K)] 22634558K->1566382K(25755648K), 0.1274053 secs] [Times: user=4.40 sys=0.01, real=0.12 secs] 
6119.217: [GC (Allocation Failure) [PSYoungGen: 21786557K->673513K(22609920K)] 22668974K->1556306K(25755648K), 0.1245758 secs] [Times: user=4.40 sys=0.00, real=0.13 secs] 
6122.638: [GC (Allocation Failure) [PSYoungGen: 21776105K->687889K(22609920K)] 22658898K->1571042K(25755648K), 0.1278175 secs] [Times: user=4.52 sys=0.00, real=0.13 secs] 
6125.889: [GC (Allocation Failure) [PSYoungGen: 21790481K->688469K(22609920K)] 22673634K->1572006K(25755648K), 0.1278817 secs] [Times: user=4.47 sys=0.00, real=0.12 secs] 
6129.209: [GC (Allocation Failure) [PSYoungGen: 21791061K->686403K(22609920K)] 22674598K->1570300K(25755648K), 0.1266855 secs] [Times: user=4.47 sys=0.01, real=0.12 secs] 
6132.560: [GC (Allocation Failure) [PSYoungGen: 21788995K->658663K(22609920K)] 22672892K->1542920K(25755648K), 0.1240180 secs] [Times: user=4.30 sys=0.01, real=0.12 secs] 
6135.971: [GC (Allocation Failure) [PSYoungGen: 21761255K->688217K(22609920K)] 22645512K->1572922K(25755648K), 0.1268939 secs] [Times: user=4.48 sys=0.00, real=0.12 secs] 
6139.388: [GC (Allocation Failure) [PSYoungGen: 21790809K->686618K(22609920K)] 22675514K->1571682K(25755648K), 0.1275376 secs] [Times: user=4.51 sys=0.00, real=0.13 secs] 
6142.779: [GC (Allocation Failure) [PSYoungGen: 21789210K->713027K(22609920K)] 22674274K->1598452K(25755648K), 0.1325745 secs] [Times: user=4.61 sys=0.00, real=0.14 secs] 
6146.168: [GC (Allocation Failure) [PSYoungGen: 21815619K->714029K(22609920K)] 22701044K->1599846K(25755648K), 0.1311485 secs] [Times: user=4.64 sys=0.00, real=0.13 secs] 
6149.630: [GC (Allocation Failure) [PSYoungGen: 21816621K->679951K(22609920K)] 22702438K->1566128K(25755648K), 0.1262517 secs] [Times: user=4.46 sys=0.00, real=0.13 secs] 
6153.041: [GC (Allocation Failure) [PSYoungGen: 21782543K->665354K(22609920K)] 22668720K->1551906K(25755648K), 0.1226657 secs] [Times: user=4.33 sys=0.00, real=0.13 secs] 
6156.297: [GC (Allocation Failure) [PSYoungGen: 21767933K->733407K(22609920K)] 22654486K->1620320K(25755648K), 0.1340894 secs] [Times: user=4.75 sys=0.00, real=0.13 secs] 
6159.618: [GC (Allocation Failure) [PSYoungGen: 21835999K->690160K(22609920K)] 22722912K->1577425K(25755648K), 0.1276398 secs] [Times: user=4.47 sys=0.01, real=0.13 secs] 
6162.957: [GC (Allocation Failure) [PSYoungGen: 21792752K->685422K(22609920K)] 22680017K->1573071K(25755648K), 0.1261156 secs] [Times: user=4.46 sys=0.01, real=0.12 secs] 
6166.356: [GC (Allocation Failure) [PSYoungGen: 21788014K->648280K(22609920K)] 22675663K->1536289K(25755648K), 0.1204913 secs] [Times: user=4.26 sys=0.00, real=0.12 secs] 
6169.754: [GC (Allocation Failure) [PSYoungGen: 21750872K->662985K(22609920K)] 22638881K->1551354K(25755648K), 0.1234438 secs] [Times: user=4.36 sys=0.00, real=0.13 secs] 
6173.151: [GC (Allocation Failure) [PSYoungGen: 21765577K->715779K(22609920K)] 22653946K->1604532K(25755648K), 0.1320274 secs] [Times: user=4.67 sys=0.00, real=0.13 secs] 
6176.592: [GC (Allocation Failure) [PSYoungGen: 21818371K->692026K(22609920K)] 22707124K->1581139K(25755648K), 0.1302924 secs] [Times: user=4.49 sys=0.00, real=0.13 secs] 
6179.979: [GC (Allocation Failure) [PSYoungGen: 21794618K->687704K(22609920K)] 22683731K->1577177K(25755648K), 0.1272372 secs] [Times: user=4.49 sys=0.00, real=0.12 secs] 
6183.303: [GC (Allocation Failure) [PSYoungGen: 21790296K->659529K(22609920K)] 22679769K->1549378K(25755648K), 0.1224520 secs] [Times: user=4.32 sys=0.00, real=0.12 secs] 
6186.624: [GC (Allocation Failure) [PSYoungGen: 21762121K->676161K(22609920K)] 22651970K->1566378K(25755648K), 0.1256940 secs] [Times: user=4.40 sys=0.00, real=0.13 secs] 
6190.076: [GC (Allocation Failure) [PSYoungGen: 21778753K->671812K(22609920K)] 22668970K->1562421K(25755648K), 0.1249385 secs] [Times: user=4.37 sys=0.00, real=0.13 secs] 
6193.403: [GC (Allocation Failure) [PSYoungGen: 21774404K->642735K(22609920K)] 22665013K->1533703K(25755648K), 0.1195912 secs] [Times: user=4.22 sys=0.00, real=0.12 secs] 
6196.736: [GC (Allocation Failure) [PSYoungGen: 21745327K->689451K(22609920K)] 22636295K->1580788K(25755648K), 0.1273263 secs] [Times: user=4.50 sys=0.00, real=0.13 secs] 
6200.033: [GC (Allocation Failure) [PSYoungGen: 21792043K->719532K(22609920K)] 22683380K->1611261K(25755648K), 0.1336622 secs] [Times: user=4.70 sys=0.00, real=0.13 secs] 
6203.286: [GC (Allocation Failure) [PSYoungGen: 21822124K->764255K(22609920K)] 22713853K->1656352K(25755648K), 0.1399969 secs] [Times: user=4.95 sys=0.00, real=0.14 secs] 
6206.669: [GC (Allocation Failure) [PSYoungGen: 21866847K->665674K(22609920K)] 22758944K->1558131K(25755648K), 0.1257938 secs] [Times: user=4.41 sys=0.00, real=0.13 secs] 
6209.965: [GC (Allocation Failure) [PSYoungGen: 21768266K->703057K(22609920K)] 22660723K->1595898K(25755648K), 0.1309796 secs] [Times: user=4.62 sys=0.01, real=0.13 secs] 
6213.250: [GC (Allocation Failure) [PSYoungGen: 21805649K->758479K(22609920K)] 22698490K->1651672K(25755648K), 0.1405724 secs] [Times: user=4.90 sys=0.00, real=0.14 secs] 
6216.634: [GC (Allocation Failure) [PSYoungGen: 21861071K->712824K(22609920K)] 22754264K->1606401K(25755648K), 0.1307783 secs] [Times: user=4.62 sys=0.00, real=0.13 secs] 
6219.924: [GC (Allocation Failure) [PSYoungGen: 21815416K->723993K(22609920K)] 22708993K->1617938K(25755648K), 0.1327587 secs] [Times: user=4.68 sys=0.01, real=0.13 secs] 
6223.192: [GC (Allocation Failure) [PSYoungGen: 21826585K->747288K(22609920K)] 22720530K->1641593K(25755648K), 0.1380075 secs] [Times: user=4.81 sys=0.00, real=0.14 secs] 
6226.456: [GC (Allocation Failure) [PSYoungGen: 21849880K->712891K(22609920K)] 22744185K->1607580K(25755648K), 0.1315609 secs] [Times: user=4.65 sys=0.00, real=0.13 secs] 
6229.809: [GC (Allocation Failure) [PSYoungGen: 21815483K->678789K(22609920K)] 22710172K->1573829K(25755648K), 0.1272660 secs] [Times: user=4.49 sys=0.00, real=0.13 secs] 
6233.136: [GC (Allocation Failure) [PSYoungGen: 21781381K->688625K(22609920K)] 22676421K->1584058K(25755648K), 0.1271305 secs] [Times: user=4.50 sys=0.00, real=0.12 secs] 
6236.486: [GC (Allocation Failure) [PSYoungGen: 21791217K->745318K(22609920K)] 22686650K->1641111K(25755648K), 0.1373092 secs] [Times: user=4.85 sys=0.00, real=0.13 secs] 
6239.768: [GC (Allocation Failure) [PSYoungGen: 21847910K->682766K(22609920K)] 22743703K->1578911K(25755648K), 0.1259099 secs] [Times: user=4.45 sys=0.00, real=0.12 secs] 
6243.133: [GC (Allocation Failure) [PSYoungGen: 21785358K->703374K(22609920K)] 22681503K->1599910K(25755648K), 0.1298351 secs] [Times: user=4.54 sys=0.01, real=0.13 secs] 
6246.400: [GC (Allocation Failure) [PSYoungGen: 21805966K->724657K(22609920K)] 22702502K->1621554K(25755648K), 0.1335283 secs] [Times: user=4.72 sys=0.00, real=0.13 secs] 
6249.787: [GC (Allocation Failure) [PSYoungGen: 21827249K->686276K(22609920K)] 22724146K->1583541K(25755648K), 0.1287514 secs] [Times: user=4.44 sys=0.00, real=0.13 secs] 
6253.145: [GC (Allocation Failure) [PSYoungGen: 21788868K->694435K(22609920K)] 22686133K->1592060K(25755648K), 0.1285484 secs] [Times: user=4.50 sys=0.00, real=0.13 secs] 
6256.442: [GC (Allocation Failure) [PSYoungGen: 21797027K->704264K(22609920K)] 22694652K->1602272K(25755648K), 0.1311799 secs] [Times: user=4.58 sys=0.00, real=0.13 secs] 
6259.703: [GC (Allocation Failure) [PSYoungGen: 21806856K->685334K(22609920K)] 22704864K->1583711K(25755648K), 0.1280637 secs] [Times: user=4.52 sys=0.00, real=0.13 secs] 
6263.185: [GC (Allocation Failure) [PSYoungGen: 21787926K->683513K(22609920K)] 22686303K->1582250K(25755648K), 0.1257980 secs] [Times: user=4.42 sys=0.00, real=0.13 secs] 
6266.412: [GC (Allocation Failure) [PSYoungGen: 21786105K->693581K(22609920K)] 22684842K->1592710K(25755648K), 0.1312753 secs] [Times: user=4.48 sys=0.00, real=0.13 secs] 
6269.662: [GC (Allocation Failure) [PSYoungGen: 21796173K->634052K(22609920K)] 22695302K->1533549K(25755648K), 0.1182097 secs] [Times: user=4.17 sys=0.00, real=0.12 secs] 
6272.972: [GC (Allocation Failure) [PSYoungGen: 21736644K->671354K(22609920K)] 22636141K->1571211K(25755648K), 0.1244271 secs] [Times: user=4.39 sys=0.00, real=0.12 secs] 
6276.299: [GC (Allocation Failure) [PSYoungGen: 21773946K->620164K(22609920K)] 22673803K->1520405K(25755648K), 0.1171932 secs] [Times: user=4.13 sys=0.00, real=0.12 secs] 
6279.447: [GC (Allocation Failure) [PSYoungGen: 21722756K->685460K(22609920K)] 22622997K->1586069K(25755648K), 0.1262083 secs] [Times: user=4.47 sys=0.00, real=0.13 secs] 
6282.655: [GC (Allocation Failure) [PSYoungGen: 21788052K->722045K(22609920K)] 22688661K->1623014K(25755648K), 0.1333115 secs] [Times: user=4.68 sys=0.01, real=0.13 secs] 
6285.881: [GC (Allocation Failure) [PSYoungGen: 21824637K->730010K(22609920K)] 22725606K->1631363K(25755648K), 0.1364873 secs] [Times: user=4.75 sys=0.00, real=0.14 secs] 
6289.082: [GC (Allocation Failure) [PSYoungGen: 21832602K->779316K(22609920K)] 22733955K->1681037K(25755648K), 0.1433607 secs] [Times: user=5.05 sys=0.00, real=0.15 secs] 
6292.306: [GC (Allocation Failure) [PSYoungGen: 21881908K->723410K(22609920K)] 22783629K->1625491K(25755648K), 0.1331924 secs] [Times: user=4.70 sys=0.00, real=0.13 secs] 
6295.588: [GC (Allocation Failure) [PSYoungGen: 21826002K->687321K(22609920K)] 22728083K->1589786K(25755648K), 0.1269973 secs] [Times: user=4.48 sys=0.00, real=0.13 secs] 
6298.880: [GC (Allocation Failure) [PSYoungGen: 21789913K->665027K(22609920K)] 22692378K->1567852K(25755648K), 0.1241089 secs] [Times: user=4.38 sys=0.00, real=0.12 secs] 
6302.107: [GC (Allocation Failure) [PSYoungGen: 21767619K->757123K(22609920K)] 22670444K->1660308K(25755648K), 0.1385456 secs] [Times: user=4.90 sys=0.00, real=0.14 secs] 
6305.364: [GC (Allocation Failure) [PSYoungGen: 21859715K->686950K(22609920K)] 22762900K->1590526K(25755648K), 0.1275429 secs] [Times: user=4.50 sys=0.00, real=0.13 secs] 
6308.774: [GC (Allocation Failure) [PSYoungGen: 21789542K->693738K(22609920K)] 22693118K->1597682K(25755648K), 0.1284561 secs] [Times: user=4.53 sys=0.00, real=0.13 secs] 
6312.073: [GC (Allocation Failure) [PSYoungGen: 21796330K->684403K(22609920K)] 22700274K->1588708K(25755648K), 0.1257736 secs] [Times: user=4.43 sys=0.00, real=0.13 secs] 
6315.395: [GC (Allocation Failure) [PSYoungGen: 21786995K->654751K(22609920K)] 22691300K->1559472K(25755648K), 0.1217286 secs] [Times: user=4.30 sys=0.00, real=0.13 secs] 
6318.764: [GC (Allocation Failure) [PSYoungGen: 21757343K->667955K(22609920K)] 22662064K->1573076K(25755648K), 0.1244334 secs] [Times: user=4.39 sys=0.00, real=0.12 secs] 
6321.993: [GC (Allocation Failure) [PSYoungGen: 21770547K->725253K(22609920K)] 22675668K->1630742K(25755648K), 0.1338307 secs] [Times: user=4.71 sys=0.00, real=0.13 secs] 
6325.225: [GC (Allocation Failure) [PSYoungGen: 21827845K->735720K(22609920K)] 22733334K->1641585K(25755648K), 0.1364706 secs] [Times: user=4.74 sys=0.00, real=0.14 secs] 
6328.533: [GC (Allocation Failure) [PSYoungGen: 21838312K->690373K(22609920K)] 22744177K->1596614K(25755648K), 0.1294002 secs] [Times: user=4.46 sys=0.00, real=0.13 secs] 
6331.833: [GC (Allocation Failure) [PSYoungGen: 21792965K->670321K(22609920K)] 22699206K->1576930K(25755648K), 0.1247367 secs] [Times: user=4.40 sys=0.00, real=0.12 secs] 
6335.107: [GC (Allocation Failure) [PSYoungGen: 21772913K->715575K(22609920K)] 22679522K->1622552K(25755648K), 0.1319416 secs] [Times: user=4.65 sys=0.01, real=0.13 secs] 
6338.387: [GC (Allocation Failure) [PSYoungGen: 21818167K->724222K(22609920K)] 22725144K->1631614K(25755648K), 0.1351272 secs] [Times: user=4.69 sys=0.00, real=0.14 secs] 
6341.584: [GC (Allocation Failure) [PSYoungGen: 21826814K->729614K(22609920K)] 22734206K->1637375K(25755648K), 0.1343272 secs] [Times: user=4.75 sys=0.00, real=0.13 secs] 
6344.837: [GC (Allocation Failure) [PSYoungGen: 21832206K->727530K(22609920K)] 22739967K->1635675K(25755648K), 0.1337434 secs] [Times: user=4.73 sys=0.00, real=0.13 secs] 
6348.079: [GC (Allocation Failure) [PSYoungGen: 21830122K->756485K(22609920K)] 22738267K->1664998K(25755648K), 0.1383743 secs] [Times: user=4.86 sys=0.00, real=0.14 secs] 
6351.309: [GC (Allocation Failure) [PSYoungGen: 21859077K->685287K(22609920K)] 22767590K->1594160K(25755648K), 0.1268051 secs] [Times: user=4.48 sys=0.00, real=0.13 secs] 
6354.600: [GC (Allocation Failure) [PSYoungGen: 21787879K->739921K(22609920K)] 22696752K->1649186K(25755648K), 0.1385919 secs] [Times: user=4.80 sys=0.00, real=0.14 secs] 
6357.830: [GC (Allocation Failure) [PSYoungGen: 21842513K->753654K(22609920K)] 22751778K->1663279K(25755648K), 0.1386502 secs] [Times: user=4.91 sys=0.00, real=0.14 secs] 
6361.029: [GC (Allocation Failure) [PSYoungGen: 21856246K->753277K(22609920K)] 22765871K->1663270K(25755648K), 0.1388004 secs] [Times: user=4.91 sys=0.00, real=0.14 secs] 
6364.292: [GC (GCLocker Initiated GC) [PSYoungGen: 21855869K->741293K(22609920K)] 22766812K->1652627K(25755648K), 0.1381061 secs] [Times: user=4.88 sys=0.00, real=0.14 secs] 
6367.491: [GC (Allocation Failure) [PSYoungGen: 21843885K->723347K(22609920K)] 22755222K->1635053K(25755648K), 0.1340814 secs] [Times: user=4.69 sys=0.01, real=0.14 secs] 
6370.693: [GC (Allocation Failure) [PSYoungGen: 21825939K->781105K(22609920K)] 22737645K->1693171K(25755648K), 0.1441348 secs] [Times: user=5.03 sys=0.00, real=0.15 secs] 
6373.924: [GC (Allocation Failure) [PSYoungGen: 21883697K->741367K(22609920K)] 22795763K->1653856K(25755648K), 0.1386988 secs] [Times: user=4.83 sys=0.00, real=0.14 secs] 
6377.193: [GC (Allocation Failure) [PSYoungGen: 21843959K->703179K(22609920K)] 22756448K->1616093K(25755648K), 0.1294260 secs] [Times: user=4.57 sys=0.00, real=0.13 secs] 
6380.398: [GC (Allocation Failure) [PSYoungGen: 21805771K->730014K(22609920K)] 22718685K->1643296K(25755648K), 0.1338948 secs] [Times: user=4.73 sys=0.01, real=0.13 secs] 
6383.587: [GC (Allocation Failure) [PSYoungGen: 21832606K->719548K(22609920K)] 22745888K->1633182K(25755648K), 0.1336368 secs] [Times: user=4.65 sys=0.00, real=0.14 secs] 
6386.799: [GC (Allocation Failure) [PSYoungGen: 21822140K->779261K(22609920K)] 22735774K->1693287K(25755648K), 0.1417986 secs] [Times: user=5.02 sys=0.00, real=0.14 secs] 
6390.127: [GC (Allocation Failure) [PSYoungGen: 21881853K->731678K(22609920K)] 22795879K->1646072K(25755648K), 0.1338024 secs] [Times: user=4.72 sys=0.00, real=0.14 secs] 
6393.390: [GC (Allocation Failure) [PSYoungGen: 21834270K->701097K(22609920K)] 22748664K->1615851K(25755648K), 0.1295010 secs] [Times: user=4.55 sys=0.00, real=0.13 secs] 
6396.605: [GC (Allocation Failure) [PSYoungGen: 21803689K->692885K(22609920K)] 22718443K->1607999K(25755648K), 0.1286366 secs] [Times: user=4.55 sys=0.00, real=0.13 secs] 
6399.823: [GC (Allocation Failure) [PSYoungGen: 21795477K->743596K(22609920K)] 22710591K->1659110K(25755648K), 0.1367873 secs] [Times: user=4.79 sys=0.00, real=0.14 secs] 
6403.032: [GC (Allocation Failure) [PSYoungGen: 21846188K->760115K(22609920K)] 22761702K->1675997K(25755648K), 0.1381187 secs] [Times: user=4.89 sys=0.00, real=0.13 secs] 
6406.269: [GC (Allocation Failure) [PSYoungGen: 21862707K->759254K(22609920K)] 22778589K->1675496K(25755648K), 0.1381547 secs] [Times: user=4.89 sys=0.00, real=0.14 secs] 
6409.494: [GC (Allocation Failure) [PSYoungGen: 21861846K->664970K(22609920K)] 22778088K->1581580K(25755648K), 0.1230656 secs] [Times: user=4.32 sys=0.00, real=0.12 secs] 
6412.690: [GC (Allocation Failure) [PSYoungGen: 21767562K->695289K(22609920K)] 22684172K->1613915K(25755648K), 0.1284168 secs] [Times: user=4.54 sys=0.00, real=0.13 secs] 
6415.921: [GC (Allocation Failure) [PSYoungGen: 21797881K->735515K(22609920K)] 22716507K->1654613K(25755648K), 0.1351385 secs] [Times: user=4.79 sys=0.00, real=0.14 secs] 
6419.141: [GC (Allocation Failure) [PSYoungGen: 21838107K->754950K(22609920K)] 22757205K->1674417K(25755648K), 0.1375625 secs] [Times: user=4.88 sys=0.00, real=0.14 secs] 
6422.290: [GC (Allocation Failure) [PSYoungGen: 21857542K->754671K(22609920K)] 22777009K->1674505K(25755648K), 0.1382869 secs] [Times: user=4.90 sys=0.00, real=0.14 secs] 
6425.570: [GC (Allocation Failure) [PSYoungGen: 21857263K->717727K(22609920K)] 22777097K->1637929K(25755648K), 0.1323395 secs] [Times: user=4.68 sys=0.00, real=0.13 secs] 
6428.792: [GC (Allocation Failure) [PSYoungGen: 21820319K->731987K(22609920K)] 22740521K->1652581K(25755648K), 0.1354135 secs] [Times: user=4.75 sys=0.00, real=0.14 secs] 
6432.009: [GC (Allocation Failure) [PSYoungGen: 21834579K->721803K(22609920K)] 22755173K->1642757K(25755648K), 0.1334230 secs] [Times: user=4.69 sys=0.00, real=0.13 secs] 
6435.247: [GC (Allocation Failure) [PSYoungGen: 21824395K->768554K(22609920K)] 22745349K->1689868K(25755648K), 0.1401599 secs] [Times: user=4.95 sys=0.00, real=0.14 secs] 
6438.442: [GC (Allocation Failure) [PSYoungGen: 21871146K->718216K(22609920K)] 22792460K->1639898K(25755648K), 0.1324757 secs] [Times: user=4.68 sys=0.00, real=0.13 secs] 
6441.649: [GC (Allocation Failure) [PSYoungGen: 21820808K->715327K(22609920K)] 22742490K->1637401K(25755648K), 0.1323183 secs] [Times: user=4.67 sys=0.00, real=0.13 secs] 
6444.869: [GC (Allocation Failure) [PSYoungGen: 21817919K->730231K(22609920K)] 22739993K->1652738K(25755648K), 0.1338153 secs] [Times: user=4.74 sys=0.00, real=0.13 secs] 
6448.127: [GC (Allocation Failure) [PSYoungGen: 21832823K->743377K(22609920K)] 22755330K->1666252K(25755648K), 0.1396509 secs] [Times: user=4.77 sys=0.00, real=0.14 secs] 
6451.293: [GC (Allocation Failure) [PSYoungGen: 21845969K->785349K(22609920K)] 22768844K->1708575K(25755648K), 0.1438626 secs] [Times: user=5.04 sys=0.00, real=0.14 secs] 
6454.516: [GC (Allocation Failure) [PSYoungGen: 21887941K->740315K(22609920K)] 22811167K->1663901K(25755648K), 0.1355257 secs] [Times: user=4.80 sys=0.00, real=0.14 secs] 
6457.825: [GC (Allocation Failure) [PSYoungGen: 21842907K->677513K(22609920K)] 22766493K->1601484K(25755648K), 0.1267740 secs] [Times: user=4.47 sys=0.00, real=0.13 secs] 
6461.068: [GC (Allocation Failure) [PSYoungGen: 21780105K->772594K(22609920K)] 22704076K->1696932K(25755648K), 0.1426282 secs] [Times: user=4.97 sys=0.00, real=0.15 secs] 
6464.349: [GC (Allocation Failure) [PSYoungGen: 21875186K->747042K(22609920K)] 22799524K->1671741K(25755648K), 0.1371503 secs] [Times: user=4.86 sys=0.00, real=0.14 secs] 
6467.550: [GC (Allocation Failure) [PSYoungGen: 21849634K->736711K(22609920K)] 22774333K->1661769K(25755648K), 0.1366384 secs] [Times: user=4.78 sys=0.01, real=0.13 secs] 
6470.738: [GC (Allocation Failure) [PSYoungGen: 21839303K->788289K(22609920K)] 22764361K->1713723K(25755648K), 0.1452890 secs] [Times: user=5.06 sys=0.01, real=0.15 secs] 
6473.979: [GC (Allocation Failure) [PSYoungGen: 21890881K->759081K(22609920K)] 22816315K->1684907K(25755648K), 0.1393159 secs] [Times: user=4.92 sys=0.00, real=0.14 secs] 
6477.236: [GC (Allocation Failure) [PSYoungGen: 21861673K->784898K(22609920K)] 22787499K->1711092K(25755648K), 0.1437553 secs] [Times: user=5.09 sys=0.00, real=0.14 secs] 
6480.445: [GC (Allocation Failure) [PSYoungGen: 21887490K->695647K(22609920K)] 22813684K->1622201K(25755648K), 0.1301179 secs] [Times: user=4.59 sys=0.00, real=0.13 secs] 
6483.665: [GC (Allocation Failure) [PSYoungGen: 21798239K->734677K(22609920K)] 22724793K->1661600K(25755648K), 0.1351675 secs] [Times: user=4.79 sys=0.00, real=0.13 secs] 
6486.888: [GC (Allocation Failure) [PSYoungGen: 21837269K->744372K(22609920K)] 22764192K->1671695K(25755648K), 0.1363859 secs] [Times: user=4.82 sys=0.00, real=0.14 secs] 
6490.077: [GC (Allocation Failure) [PSYoungGen: 21846964K->757075K(22609920K)] 22774287K->1684766K(25755648K), 0.1393754 secs] [Times: user=4.90 sys=0.00, real=0.14 secs] 
6493.281: [GC (Allocation Failure) [PSYoungGen: 21859667K->751888K(22609920K)] 22787358K->1679947K(25755648K), 0.1384259 secs] [Times: user=4.89 sys=0.00, real=0.14 secs] 
6496.536: [GC (Allocation Failure) [PSYoungGen: 21854480K->629854K(22609920K)] 22782539K->1558272K(25755648K), 0.1214208 secs] [Times: user=4.23 sys=0.01, real=0.12 secs] 
6499.691: [GC (Allocation Failure) [PSYoungGen: 21732446K->653860K(22609920K)] 22660864K->1582710K(25755648K), 0.1243005 secs] [Times: user=4.32 sys=0.00, real=0.12 secs] 
6502.897: [GC (Allocation Failure) [PSYoungGen: 21756452K->645102K(22609920K)] 22685302K->1574336K(25755648K), 0.1203174 secs] [Times: user=4.24 sys=0.00, real=0.12 secs] 
6506.025: [GC (Allocation Failure) [PSYoungGen: 21747694K->663694K(22609920K)] 22676928K->1593288K(25755648K), 0.1242217 secs] [Times: user=4.38 sys=0.01, real=0.13 secs] 
6509.143: [GC (Allocation Failure) [PSYoungGen: 21766286K->789694K(22609920K)] 22695880K->1719648K(25755648K), 0.1437780 secs] [Times: user=5.10 sys=0.01, real=0.14 secs] 
6512.429: [GC (Allocation Failure) [PSYoungGen: 21892286K->629827K(22609920K)] 22822240K->1560166K(25755648K), 0.1178384 secs] [Times: user=4.15 sys=0.00, real=0.11 secs] 
6515.626: [GC (Allocation Failure) [PSYoungGen: 21732419K->654041K(22609920K)] 22662758K->1584739K(25755648K), 0.1212295 secs] [Times: user=4.26 sys=0.00, real=0.12 secs] 
6518.814: [GC (Allocation Failure) [PSYoungGen: 21756633K->690308K(22609920K)] 22687331K->1621431K(25755648K), 0.1269127 secs] [Times: user=4.43 sys=0.00, real=0.13 secs] 
6521.997: [GC (Allocation Failure) [PSYoungGen: 21792900K->661304K(22609920K)] 22724023K->1592787K(25755648K), 0.1220545 secs] [Times: user=4.29 sys=0.00, real=0.13 secs] 
6525.165: [GC (Allocation Failure) [PSYoungGen: 21763896K->697757K(22609920K)] 22695379K->1629599K(25755648K), 0.1290178 secs] [Times: user=4.56 sys=0.01, real=0.13 secs] 
6528.319: [GC (Allocation Failure) [PSYoungGen: 21800349K->680580K(22609920K)] 22732191K->1612814K(25755648K), 0.1254573 secs] [Times: user=4.41 sys=0.00, real=0.13 secs] 
6531.489: [GC (Allocation Failure) [PSYoungGen: 21783172K->650263K(22609920K)] 22715406K->1582865K(25755648K), 0.1210525 secs] [Times: user=4.27 sys=0.01, real=0.13 secs] 
6534.727: [GC (Allocation Failure) [PSYoungGen: 21752855K->728720K(22609920K)] 22685457K->1661682K(25755648K), 0.1369235 secs] [Times: user=4.70 sys=0.00, real=0.14 secs] 
6537.940: [GC (Allocation Failure) [PSYoungGen: 21831312K->689626K(22609920K)] 22764274K->1622956K(25755648K), 0.1270995 secs] [Times: user=4.49 sys=0.00, real=0.13 secs] 
6541.081: [GC (Allocation Failure) [PSYoungGen: 21792218K->718975K(22609920K)] 22725548K->1652666K(25755648K), 0.1324648 secs] [Times: user=4.63 sys=0.00, real=0.14 secs] 
6544.321: [GC (Allocation Failure) [PSYoungGen: 21821567K->731892K(22609920K)] 22755258K->1665982K(25755648K), 0.1339859 secs] [Times: user=4.72 sys=0.00, real=0.14 secs] 
6547.513: [GC (Allocation Failure) [PSYoungGen: 21834484K->724703K(22609920K)] 22768574K->1659161K(25755648K), 0.1322198 secs] [Times: user=4.68 sys=0.00, real=0.14 secs] 
6550.728: [GC (Allocation Failure) [PSYoungGen: 21827295K->736691K(22609920K)] 22761753K->1671517K(25755648K), 0.1354941 secs] [Times: user=4.79 sys=0.00, real=0.14 secs] 
6553.891: [GC (Allocation Failure) [PSYoungGen: 21839283K->713518K(22609920K)] 22774109K->1648712K(25755648K), 0.1326545 secs] [Times: user=4.66 sys=0.01, real=0.14 secs] 
6557.062: [GC (Allocation Failure) [PSYoungGen: 21816110K->715582K(22609920K)] 22751304K->1651145K(25755648K), 0.1332024 secs] [Times: user=4.70 sys=0.00, real=0.14 secs] 
6560.227: [GC (Allocation Failure) [PSYoungGen: 21818174K->744084K(22609920K)] 22753737K->1680047K(25755648K), 0.1355393 secs] [Times: user=4.80 sys=0.00, real=0.13 secs] 
6563.426: [GC (Allocation Failure) [PSYoungGen: 21846676K->752084K(22609920K)] 22782639K->1688406K(25755648K), 0.1388529 secs] [Times: user=4.89 sys=0.00, real=0.13 secs] 
6566.599: [GC (Allocation Failure) [PSYoungGen: 21854676K->749068K(22609920K)] 22790998K->1685750K(25755648K), 0.1375048 secs] [Times: user=4.87 sys=0.00, real=0.14 secs] 
6569.795: [GC (Allocation Failure) [PSYoungGen: 21851660K->705684K(22609920K)] 22788342K->1642726K(25755648K), 0.1296411 secs] [Times: user=4.59 sys=0.00, real=0.13 secs] 
6572.956: [GC (Allocation Failure) [PSYoungGen: 21808276K->730774K(22609920K)] 22745318K->1668184K(25755648K), 0.1342009 secs] [Times: user=4.70 sys=0.00, real=0.13 secs] 
6576.086: [GC (Allocation Failure) [PSYoungGen: 21833366K->730424K(22609920K)] 22770776K->1668202K(25755648K), 0.1329783 secs] [Times: user=4.68 sys=0.00, real=0.14 secs] 
6579.211: [GC (Allocation Failure) [PSYoungGen: 21833016K->747128K(22609920K)] 22770794K->1685330K(25755648K), 0.1366025 secs] [Times: user=4.83 sys=0.01, real=0.14 secs] 
6582.325: [GC (Allocation Failure) [PSYoungGen: 21849720K->750872K(22609920K)] 22787922K->1689435K(25755648K), 0.1364655 secs] [Times: user=4.84 sys=0.00, real=0.14 secs] 
6585.498: [GC (Allocation Failure) [PSYoungGen: 21853464K->749190K(22609920K)] 22792027K->1688128K(25755648K), 0.1381236 secs] [Times: user=4.86 sys=0.00, real=0.14 secs] 
6588.659: [GC (Allocation Failure) [PSYoungGen: 21851782K->713928K(22609920K)] 22790720K->1653218K(25755648K), 0.1317935 secs] [Times: user=4.64 sys=0.00, real=0.13 secs] 
6591.796: [GC (Allocation Failure) [PSYoungGen: 21816520K->656644K(22609920K)] 22755810K->1596319K(25755648K), 0.1211973 secs] [Times: user=4.28 sys=0.00, real=0.12 secs] 
6594.947: [GC (Allocation Failure) [PSYoungGen: 21759236K->669945K(22609920K)] 22698911K->1610004K(25755648K), 0.1235783 secs] [Times: user=4.36 sys=0.01, real=0.13 secs] 
6598.067: [GC (Allocation Failure) [PSYoungGen: 21772537K->673913K(22609920K)] 22712596K->1614339K(25755648K), 0.1249152 secs] [Times: user=4.40 sys=0.00, real=0.13 secs] 
6601.225: [GC (Allocation Failure) [PSYoungGen: 21776505K->700657K(22609920K)] 22716931K->1641451K(25755648K), 0.1297119 secs] [Times: user=4.58 sys=0.00, real=0.13 secs] 
6604.387: [GC (Allocation Failure) [PSYoungGen: 21803249K->673908K(22609920K)] 22744043K->1615071K(25755648K), 0.1238908 secs] [Times: user=4.37 sys=0.00, real=0.13 secs] 
6607.471: [GC (Allocation Failure) [PSYoungGen: 21776500K->655383K(22609920K)] 22717663K->1596905K(25755648K), 0.1219257 secs] [Times: user=4.31 sys=0.01, real=0.13 secs] 
6610.584: [GC (Allocation Failure) [PSYoungGen: 21757975K->662219K(22609920K)] 22699497K->1604125K(25755648K), 0.1236101 secs] [Times: user=4.36 sys=0.00, real=0.12 secs] 
6613.647: [GC (Allocation Failure) [PSYoungGen: 21764811K->700306K(22609920K)] 22706717K->1642588K(25755648K), 0.1297954 secs] [Times: user=4.52 sys=0.00, real=0.13 secs] 
6616.944: [GC (Allocation Failure) [PSYoungGen: 21802898K->630884K(22609920K)] 22745180K->1573526K(25755648K), 0.1214248 secs] [Times: user=4.28 sys=0.01, real=0.12 secs] 
6619.916: [GC (Allocation Failure) [PSYoungGen: 21733476K->751012K(22609920K)] 22676118K->1694015K(25755648K), 0.1374380 secs] [Times: user=4.86 sys=0.01, real=0.13 secs] 
6623.027: [GC (Allocation Failure) [PSYoungGen: 21853604K->761240K(22609920K)] 22796607K->1704610K(25755648K), 0.1392165 secs] [Times: user=4.93 sys=0.00, real=0.14 secs] 
6626.228: [GC (Allocation Failure) [PSYoungGen: 21863832K->775117K(22609920K)] 22807202K->1718855K(25755648K), 0.1399299 secs] [Times: user=4.95 sys=0.00, real=0.14 secs] 
6629.381: [GC (Allocation Failure) [PSYoungGen: 21877709K->681038K(22609920K)] 22821447K->1625145K(25755648K), 0.1273881 secs] [Times: user=4.50 sys=0.00, real=0.13 secs] 
6632.530: [GC (Allocation Failure) [PSYoungGen: 21783630K->751945K(22609920K)] 22727737K->1696435K(25755648K), 0.1376122 secs] [Times: user=4.86 sys=0.00, real=0.14 secs] 
6635.675: [GC (Allocation Failure) [PSYoungGen: 21854537K->701523K(22609920K)] 22799027K->1646373K(25755648K), 0.1308930 secs] [Times: user=4.57 sys=0.00, real=0.13 secs] 
6638.789: [GC (Allocation Failure) [PSYoungGen: 21804115K->746632K(22609920K)] 22748965K->1691842K(25755648K), 0.1367895 secs] [Times: user=4.84 sys=0.00, real=0.13 secs] 
6641.953: [GC (Allocation Failure) [PSYoungGen: 21849224K->712317K(22609920K)] 22794434K->1657887K(25755648K), 0.1320389 secs] [Times: user=4.56 sys=0.00, real=0.13 secs] 
6645.172: [GC (Allocation Failure) [PSYoungGen: 21814909K->663769K(22609920K)] 22760479K->1609699K(25755648K), 0.1249954 secs] [Times: user=4.41 sys=0.01, real=0.13 secs] 
6648.320: [GC (Allocation Failure) [PSYoungGen: 21766361K->665188K(22609920K)] 22712291K->1611478K(25755648K), 0.1228048 secs] [Times: user=4.33 sys=0.00, real=0.12 secs] 
6651.480: [GC (Allocation Failure) [PSYoungGen: 21767780K->638724K(22609920K)] 22714070K->1585375K(25755648K), 0.1195680 secs] [Times: user=4.21 sys=0.00, real=0.12 secs] 
6654.600: [GC (Allocation Failure) [PSYoungGen: 21741316K->639204K(22609920K)] 22687967K->1586246K(25755648K), 0.1185280 secs] [Times: user=4.18 sys=0.00, real=0.11 secs] 
6657.734: [GC (Allocation Failure) [PSYoungGen: 21741796K->646948K(22609920K)] 22688838K->1594350K(25755648K), 0.1212150 secs] [Times: user=4.28 sys=0.00, real=0.12 secs] 
6660.827: [GC (Allocation Failure) [PSYoungGen: 21749540K->652014K(22609920K)] 22696942K->1599784K(25755648K), 0.1207525 secs] [Times: user=4.27 sys=0.00, real=0.12 secs] 
6663.949: [GC (Allocation Failure) [PSYoungGen: 21754606K->643300K(22609920K)] 22702376K->1591430K(25755648K), 0.1192641 secs] [Times: user=4.21 sys=0.00, real=0.12 secs] 
6667.007: [GC (Allocation Failure) [PSYoungGen: 21745892K->769177K(22609920K)] 22694022K->1717675K(25755648K), 0.1404501 secs] [Times: user=4.97 sys=0.00, real=0.14 secs] 
6670.224: [GC (Allocation Failure) [PSYoungGen: 21871769K->664612K(22609920K)] 22820267K->1613478K(25755648K), 0.1224643 secs] [Times: user=4.33 sys=0.00, real=0.12 secs] 
6673.355: [GC (Allocation Failure) [PSYoungGen: 21767204K->629433K(22609920K)] 22716070K->1578659K(25755648K), 0.1194961 secs] [Times: user=4.18 sys=0.00, real=0.12 secs] 
6676.515: [GC (Allocation Failure) [PSYoungGen: 21732025K->641460K(22609920K)] 22681251K->1591086K(25755648K), 0.1210181 secs] [Times: user=4.16 sys=0.00, real=0.12 secs] 
6679.665: [GC (Allocation Failure) [PSYoungGen: 21744052K->667588K(22609920K)] 22693678K->1617583K(25755648K), 0.1234081 secs] [Times: user=4.34 sys=0.01, real=0.12 secs] 
6682.784: [GC (Allocation Failure) [PSYoungGen: 21770180K->684161K(22609920K)] 22720175K->1634516K(25755648K), 0.1276662 secs] [Times: user=4.43 sys=0.01, real=0.12 secs] 
6685.887: [GC (Allocation Failure) [PSYoungGen: 21786753K->694543K(22609920K)] 22737108K->1645273K(25755648K), 0.1288960 secs] [Times: user=4.54 sys=0.01, real=0.13 secs] 
6688.948: [GC (Allocation Failure) [PSYoungGen: 21797135K->728742K(22609920K)] 22747865K->1679848K(25755648K), 0.1339086 secs] [Times: user=4.73 sys=0.00, real=0.13 secs] 
6692.072: [GC (Allocation Failure) [PSYoungGen: 21831334K->778430K(22609920K)] 22782440K->1729896K(25755648K), 0.1417842 secs] [Times: user=5.02 sys=0.00, real=0.14 secs] 
6695.207: [GC (Allocation Failure) [PSYoungGen: 21881022K->754542K(22609920K)] 22832488K->1706385K(25755648K), 0.1374052 secs] [Times: user=4.86 sys=0.00, real=0.13 secs] 
6698.330: [GC (Allocation Failure) [PSYoungGen: 21857134K->710243K(22609920K)] 22808977K->1662478K(25755648K), 0.1310583 secs] [Times: user=4.60 sys=0.00, real=0.13 secs] 
6701.449: [GC (Allocation Failure) [PSYoungGen: 21812835K->635908K(22609920K)] 22765070K->1588519K(25755648K), 0.1191785 secs] [Times: user=4.17 sys=0.00, real=0.12 secs] 
6704.570: [GC (Allocation Failure) [PSYoungGen: 21738500K->671017K(22609920K)] 22691111K->1623988K(25755648K), 0.1251810 secs] [Times: user=4.38 sys=0.00, real=0.12 secs] 
6707.673: [GC (Allocation Failure) [PSYoungGen: 21773609K->669225K(22609920K)] 22726580K->1622555K(25755648K), 0.1239328 secs] [Times: user=4.37 sys=0.00, real=0.13 secs] 
6710.764: [GC (Allocation Failure) [PSYoungGen: 21771817K->700953K(22609920K)] 22725147K->1654643K(25755648K), 0.1294609 secs] [Times: user=4.57 sys=0.00, real=0.13 secs] 
6713.905: [GC (Allocation Failure) [PSYoungGen: 21803545K->677812K(22609920K)] 22757235K->1631871K(25755648K), 0.1254435 secs] [Times: user=4.42 sys=0.00, real=0.13 secs] 
6716.945: [GC (Allocation Failure) [PSYoungGen: 21780404K->727484K(22609920K)] 22734463K->1681902K(25755648K), 0.1347530 secs] [Times: user=4.73 sys=0.00, real=0.14 secs] 
6719.994: [GC (Allocation Failure) [PSYoungGen: 21830076K->735803K(22609920K)] 22784494K->1690598K(25755648K), 0.1360622 secs] [Times: user=4.82 sys=0.00, real=0.14 secs] 
6723.206: [GC (Allocation Failure) [PSYoungGen: 21838395K->662200K(22609920K)] 22793190K->1617363K(25755648K), 0.1255020 secs] [Times: user=4.42 sys=0.01, real=0.13 secs] 
6726.212: [GC (Allocation Failure) [PSYoungGen: 21764792K->822472K(22609920K)] 22719955K->1778018K(25755648K), 0.1487705 secs] [Times: user=5.27 sys=0.00, real=0.15 secs] 
6729.339: [GC (Allocation Failure) [PSYoungGen: 21925064K->646948K(22609920K)] 22880610K->1602863K(25755648K), 0.1208135 secs] [Times: user=4.22 sys=0.01, real=0.12 secs] 
6732.615: [GC (Allocation Failure) [PSYoungGen: 21749540K->620676K(22609920K)] 22705455K->1576950K(25755648K), 0.1164432 secs] [Times: user=4.08 sys=0.01, real=0.12 secs] 
6735.737: [GC (Allocation Failure) [PSYoungGen: 21723268K->628772K(22609920K)] 22679542K->1585534K(25755648K), 0.1184092 secs] [Times: user=4.14 sys=0.00, real=0.12 secs] 
6738.732: [GC (Allocation Failure) [PSYoungGen: 21731364K->744760K(22609920K)] 22688126K->1701891K(25755648K), 0.1357852 secs] [Times: user=4.81 sys=0.00, real=0.14 secs] 
6741.778: [GC (Allocation Failure) [PSYoungGen: 21847352K->735326K(22609920K)] 22804483K->1692816K(25755648K), 0.1348291 secs] [Times: user=4.74 sys=0.00, real=0.14 secs] 
6744.841: [GC (Allocation Failure) [PSYoungGen: 21837918K->758230K(22609920K)] 22795408K->1716104K(25755648K), 0.1392659 secs] [Times: user=4.94 sys=0.01, real=0.14 secs] 
6747.919: [GC (Allocation Failure) [PSYoungGen: 21860822K->769881K(22609920K)] 22818696K->1728139K(25755648K), 0.1427577 secs] [Times: user=4.94 sys=0.01, real=0.14 secs] 
6751.021: [GC (Allocation Failure) [PSYoungGen: 21872473K->819532K(22609920K)] 22830731K->1778174K(25755648K), 0.1491181 secs] [Times: user=5.28 sys=0.00, real=0.15 secs] 
6754.185: [GC (Allocation Failure) [PSYoungGen: 21922124K->803496K(22609920K)] 22880766K->1762514K(25755648K), 0.1466517 secs] [Times: user=5.16 sys=0.00, real=0.14 secs] 
6757.314: [GC (Allocation Failure) [PSYoungGen: 21906088K->717002K(22609920K)] 22865106K->1676388K(25755648K), 0.1332478 secs] [Times: user=4.63 sys=0.00, real=0.13 secs] 
6760.377: [GC (Allocation Failure) [PSYoungGen: 21819594K->738062K(22609920K)] 22778980K->1697824K(25755648K), 0.1346439 secs] [Times: user=4.76 sys=0.00, real=0.13 secs] 
6763.472: [GC (Allocation Failure) [PSYoungGen: 21840654K->744506K(22609920K)] 22800416K->1704645K(25755648K), 0.1369995 secs] [Times: user=4.84 sys=0.00, real=0.14 secs] 
6766.595: [GC (Allocation Failure) [PSYoungGen: 21847098K->785213K(22609920K)] 22807237K->1745720K(25755648K), 0.1445330 secs] [Times: user=5.11 sys=0.00, real=0.15 secs] 
6769.704: [GC (Allocation Failure) [PSYoungGen: 21887805K->720481K(22609920K)] 22848312K->1681348K(25755648K), 0.1334125 secs] [Times: user=4.69 sys=0.00, real=0.14 secs] 
6772.797: [GC (Allocation Failure) [PSYoungGen: 21823073K->775495K(22609920K)] 22783940K->1736994K(25755648K), 0.1425406 secs] [Times: user=5.04 sys=0.00, real=0.15 secs] 
6775.936: [GC (Allocation Failure) [PSYoungGen: 21878087K->768893K(22609920K)] 22839586K->1730783K(25755648K), 0.1401006 secs] [Times: user=4.95 sys=0.00, real=0.14 secs] 
6779.090: [GC (Allocation Failure) [PSYoungGen: 21871485K->749346K(22609920K)] 22833375K->1711596K(25755648K), 0.1379099 secs] [Times: user=4.88 sys=0.00, real=0.14 secs] 
6782.183: [GC (Allocation Failure) [PSYoungGen: 21851938K->796587K(22609920K)] 22814188K->1759198K(25755648K), 0.1464448 secs] [Times: user=5.11 sys=0.01, real=0.15 secs] 
6785.289: [GC (Allocation Failure) [PSYoungGen: 21899179K->814073K(22609920K)] 22861790K->1777051K(25755648K), 0.1480487 secs] [Times: user=5.24 sys=0.00, real=0.15 secs] 
6788.361: [GC (Allocation Failure) [PSYoungGen: 21916665K->690959K(22609920K)] 22879643K->1654289K(25755648K), 0.1288981 secs] [Times: user=4.51 sys=0.01, real=0.13 secs] 
6791.405: [GC (Allocation Failure) [PSYoungGen: 21793551K->691112K(22609920K)] 22756881K->1654810K(25755648K), 0.1292742 secs] [Times: user=4.53 sys=0.01, real=0.13 secs] 
6794.467: [GC (Allocation Failure) [PSYoungGen: 21793704K->845038K(22609920K)] 22757402K->1809113K(25755648K), 0.1502340 secs] [Times: user=5.33 sys=0.00, real=0.15 secs] 
6797.590: [GC (Allocation Failure) [PSYoungGen: 21947630K->704650K(22609920K)] 22911705K->1669084K(25755648K), 0.1304859 secs] [Times: user=4.62 sys=0.00, real=0.13 secs] 
6800.694: [GC (Allocation Failure) [PSYoungGen: 21807242K->734750K(22609920K)] 22771676K->1699537K(25755648K), 0.1357682 secs] [Times: user=4.81 sys=0.00, real=0.13 secs] 
6803.758: [GC (Allocation Failure) [PSYoungGen: 21837342K->720272K(22609920K)] 22802129K->1685427K(25755648K), 0.1332989 secs] [Times: user=4.65 sys=0.01, real=0.14 secs] 
6806.871: [GC (Allocation Failure) [PSYoungGen: 21822864K->726467K(22609920K)] 22788019K->1692038K(25755648K), 0.1333747 secs] [Times: user=4.72 sys=0.00, real=0.14 secs] 
6809.957: [GC (Allocation Failure) [PSYoungGen: 21829059K->747987K(22609920K)] 22794630K->1714029K(25755648K), 0.1366373 secs] [Times: user=4.84 sys=0.01, real=0.14 secs] 
6813.063: [GC (Allocation Failure) [PSYoungGen: 21850579K->759130K(22609920K)] 22816621K->1725533K(25755648K), 0.1395213 secs] [Times: user=4.93 sys=0.00, real=0.14 secs] 
6816.181: [GC (Allocation Failure) [PSYoungGen: 21861722K->756484K(22609920K)] 22828125K->1723246K(25755648K), 0.1395208 secs] [Times: user=4.93 sys=0.00, real=0.14 secs] 
6819.339: [GC (Allocation Failure) [PSYoungGen: 21859076K->753227K(22609920K)] 22825838K->1720365K(25755648K), 0.1379734 secs] [Times: user=4.84 sys=0.00, real=0.14 secs] 
6822.396: [GC (Allocation Failure) [PSYoungGen: 21855819K->688584K(22609920K)] 22822957K->1656090K(25755648K), 0.1291975 secs] [Times: user=4.52 sys=0.00, real=0.13 secs] 
6825.485: [GC (Allocation Failure) [PSYoungGen: 21791176K->740367K(22609920K)] 22758682K->1708249K(25755648K), 0.1361634 secs] [Times: user=4.76 sys=0.00, real=0.14 secs] 
6828.511: [GC (Allocation Failure) [PSYoungGen: 21842959K->698334K(22609920K)] 22810841K->1666584K(25755648K), 0.1295923 secs] [Times: user=4.57 sys=0.00, real=0.13 secs] 
6831.618: [GC (Allocation Failure) [PSYoungGen: 21800926K->732955K(22609920K)] 22769176K->1701573K(25755648K), 0.1367843 secs] [Times: user=4.76 sys=0.00, real=0.13 secs] 
6834.725: [GC (Allocation Failure) [PSYoungGen: 21835547K->727258K(22609920K)] 22804165K->1696268K(25755648K), 0.1400998 secs] [Times: user=4.81 sys=0.00, real=0.14 secs] 
6837.800: [GC (Allocation Failure) [PSYoungGen: 21829850K->709118K(22609920K)] 22798860K->1678497K(25755648K), 0.1309822 secs] [Times: user=4.60 sys=0.00, real=0.13 secs] 
6840.869: [GC (Allocation Failure) [PSYoungGen: 21811710K->736293K(22609920K)] 22781089K->1706072K(25755648K), 0.1351120 secs] [Times: user=4.78 sys=0.00, real=0.13 secs] 
6843.967: [GC (Allocation Failure) [PSYoungGen: 21838885K->747588K(22609920K)] 22808664K->1717822K(25755648K), 0.1392477 secs] [Times: user=4.82 sys=0.01, real=0.14 secs] 
6847.055: [GC (Allocation Failure) [PSYoungGen: 21850180K->752296K(22609920K)] 22820414K->1722906K(25755648K), 0.1382971 secs] [Times: user=4.89 sys=0.00, real=0.14 secs] 
6850.160: [GC (Allocation Failure) [PSYoungGen: 21854888K->754373K(22609920K)] 22825498K->1725351K(25755648K), 0.1377380 secs] [Times: user=4.87 sys=0.00, real=0.13 secs] 
6853.238: [GC (Allocation Failure) [PSYoungGen: 21856965K->728749K(22609920K)] 22827943K->1700088K(25755648K), 0.1340365 secs] [Times: user=4.74 sys=0.00, real=0.14 secs] 
6856.312: [GC (Allocation Failure) [PSYoungGen: 21831341K->761441K(22609920K)] 22802680K->1733148K(25755648K), 0.1408770 secs] [Times: user=4.98 sys=0.00, real=0.14 secs] 
6859.402: [GC (Allocation Failure) [PSYoungGen: 21864033K->706478K(22609920K)] 22835740K->1678544K(25755648K), 0.1312993 secs] [Times: user=4.61 sys=0.00, real=0.13 secs] 
6862.519: [GC (Allocation Failure) [PSYoungGen: 21809070K->742192K(22609920K)] 22781136K->1714627K(25755648K), 0.1368659 secs] [Times: user=4.79 sys=0.00, real=0.14 secs] 
6865.607: [GC (Allocation Failure) [PSYoungGen: 21844784K->753126K(22609920K)] 22817219K->1725928K(25755648K), 0.1394518 secs] [Times: user=4.92 sys=0.01, real=0.14 secs] 
6868.715: [GC (Allocation Failure) [PSYoungGen: 21855718K->734519K(22609920K)] 22828520K->1707706K(25755648K), 0.1348791 secs] [Times: user=4.75 sys=0.00, real=0.13 secs] 
6871.801: [GC (Allocation Failure) [PSYoungGen: 21837111K->754370K(22609920K)] 22810298K->1727917K(25755648K), 0.1390252 secs] [Times: user=4.91 sys=0.01, real=0.14 secs] 
6874.876: [GC (Allocation Failure) [PSYoungGen: 21856962K->781762K(22609920K)] 22830509K->1755700K(25755648K), 0.1433068 secs] [Times: user=5.03 sys=0.01, real=0.14 secs] 
6877.972: [GC (Allocation Failure) [PSYoungGen: 21884354K->813986K(22609920K)] 22858292K->1788293K(25755648K), 0.1504415 secs] [Times: user=5.18 sys=0.00, real=0.15 secs] 
6881.074: [GC (Allocation Failure) [PSYoungGen: 21916578K->735936K(22609920K)] 22890885K->1710618K(25755648K), 0.1381462 secs] [Times: user=4.71 sys=0.00, real=0.13 secs] 
6884.173: [GC (Allocation Failure) [PSYoungGen: 21838528K->726185K(22609920K)] 22813210K->1701235K(25755648K), 0.1343256 secs] [Times: user=4.73 sys=0.00, real=0.14 secs] 
6887.234: [GC (Allocation Failure) [PSYoungGen: 21828777K->791469K(22609920K)] 22803827K->1766896K(25755648K), 0.1443695 secs] [Times: user=5.11 sys=0.00, real=0.15 secs] 
6890.322: [GC (Allocation Failure) [PSYoungGen: 21894061K->762898K(22609920K)] 22869488K->1738685K(25755648K), 0.1391833 secs] [Times: user=4.92 sys=0.01, real=0.14 secs] 
6893.408: [GC (Allocation Failure) [PSYoungGen: 21865490K->721853K(22609920K)] 22841277K->1698000K(25755648K), 0.1328016 secs] [Times: user=4.70 sys=0.00, real=0.13 secs] 
6896.530: [GC (Allocation Failure) [PSYoungGen: 21824445K->797680K(22609920K)] 22800592K->1774194K(25755648K), 0.1450203 secs] [Times: user=5.13 sys=0.00, real=0.14 secs] 
6899.601: [GC (Allocation Failure) [PSYoungGen: 21900272K->787166K(22609920K)] 22876786K->1764057K(25755648K), 0.1432142 secs] [Times: user=5.07 sys=0.00, real=0.14 secs] 
6902.632: [GC (Allocation Failure) [PSYoungGen: 21889758K->711791K(22609920K)] 22866649K->1689066K(25755648K), 0.1328794 secs] [Times: user=4.60 sys=0.00, real=0.13 secs] 
6905.658: [GC (Allocation Failure) [PSYoungGen: 21814383K->719889K(22609920K)] 22791658K->1697540K(25755648K), 0.1338688 secs] [Times: user=4.63 sys=0.00, real=0.13 secs] 
6908.737: [GC (Allocation Failure) [PSYoungGen: 21822481K->748451K(22609920K)] 22800132K->1726478K(25755648K), 0.1390456 secs] [Times: user=4.75 sys=0.01, real=0.13 secs] 
6911.783: [GC (Allocation Failure) [PSYoungGen: 21851043K->856987K(22609920K)] 22829070K->1835381K(25755648K), 0.1536407 secs] [Times: user=5.44 sys=0.00, real=0.15 secs] 
6914.858: [GC (Allocation Failure) [PSYoungGen: 21959579K->737019K(22609920K)] 22937973K->1715774K(25755648K), 0.1357663 secs] [Times: user=4.78 sys=0.00, real=0.13 secs] 
6917.898: [GC (Allocation Failure) [PSYoungGen: 21839611K->724456K(22609920K)] 22818366K->1703595K(25755648K), 0.1341193 secs] [Times: user=4.73 sys=0.00, real=0.14 secs] 
6921.006: [GC (Allocation Failure) [PSYoungGen: 21827048K->721702K(22609920K)] 22806187K->1701192K(25755648K), 0.1335234 secs] [Times: user=4.71 sys=0.00, real=0.14 secs] 
6924.093: [GC (Allocation Failure) [PSYoungGen: 21824294K->758567K(22609920K)] 22803784K->1738402K(25755648K), 0.1396958 secs] [Times: user=4.95 sys=0.00, real=0.14 secs] 
6927.176: [GC (Allocation Failure) [PSYoungGen: 21861159K->783397K(22609920K)] 22840994K->1763623K(25755648K), 0.1442104 secs] [Times: user=5.11 sys=0.00, real=0.14 secs] 
6930.274: [GC (Allocation Failure) [PSYoungGen: 21885989K->763373K(22609920K)] 22866215K->1743991K(25755648K), 0.1410935 secs] [Times: user=4.93 sys=0.00, real=0.14 secs] 
6933.368: [GC (Allocation Failure) [PSYoungGen: 21865965K->787353K(22609920K)] 22846583K->1768307K(25755648K), 0.1427901 secs] [Times: user=5.06 sys=0.00, real=0.14 secs] 
6936.496: [GC (Allocation Failure) [PSYoungGen: 21889945K->787766K(22609920K)] 22870899K->1769121K(25755648K), 0.1434369 secs] [Times: user=5.01 sys=0.00, real=0.14 secs] 
6939.638: [GC (Allocation Failure) [PSYoungGen: 21890358K->731599K(22609920K)] 22871713K->1713330K(25755648K), 0.1341579 secs] [Times: user=4.74 sys=0.01, real=0.14 secs] 
6942.718: [GC (Allocation Failure) [PSYoungGen: 21834191K->748000K(22609920K)] 22815922K->1730050K(25755648K), 0.1370825 secs] [Times: user=4.80 sys=0.00, real=0.14 secs] 
6945.799: [GC (Allocation Failure) [PSYoungGen: 21850592K->714032K(22609920K)] 22832642K->1696475K(25755648K), 0.1312884 secs] [Times: user=4.64 sys=0.00, real=0.13 secs] 
6948.871: [GC (Allocation Failure) [PSYoungGen: 21816624K->744637K(22609920K)] 22799067K->1727464K(25755648K), 0.1369523 secs] [Times: user=4.84 sys=0.00, real=0.14 secs] 
6951.986: [GC (Allocation Failure) [PSYoungGen: 21847229K->820003K(22609920K)] 22830056K->1803213K(25755648K), 0.1481512 secs] [Times: user=5.24 sys=0.01, real=0.14 secs] 
6955.044: [GC (Allocation Failure) [PSYoungGen: 21922595K->711747K(22609920K)] 22905805K->1695326K(25755648K), 0.1317463 secs] [Times: user=4.66 sys=0.00, real=0.14 secs] 
6958.158: [GC (Allocation Failure) [PSYoungGen: 21814339K->758769K(22609920K)] 22797918K->1742676K(25755648K), 0.1377185 secs] [Times: user=4.86 sys=0.00, real=0.14 secs] 
6961.158: [GC (Allocation Failure) [PSYoungGen: 21861361K->913888K(22609920K)] 22845268K->1898218K(25755648K), 0.1617025 secs] [Times: user=5.73 sys=0.00, real=0.16 secs] 
6964.233: [GC (Allocation Failure) [PSYoungGen: 22016480K->904850K(22609920K)] 23000810K->1889549K(25755648K), 0.1610296 secs] [Times: user=5.67 sys=0.00, real=0.16 secs] 
6967.363: [GC (Allocation Failure) [PSYoungGen: 22007442K->783557K(22609920K)] 22992141K->1768631K(25755648K), 0.1439680 secs] [Times: user=5.10 sys=0.00, real=0.15 secs] 
6970.445: [GC (Allocation Failure) [PSYoungGen: 21886149K->727411K(22609920K)] 22871223K->1712845K(25755648K), 0.1349710 secs] [Times: user=4.77 sys=0.00, real=0.14 secs] 
6973.496: [GC (Allocation Failure) [PSYoungGen: 21830003K->778094K(22609920K)] 22815437K->1763889K(25755648K), 0.1432875 secs] [Times: user=5.06 sys=0.00, real=0.15 secs] 
6976.570: [GC (Allocation Failure) [PSYoungGen: 21880686K->723758K(22609920K)] 22866481K->1709913K(25755648K), 0.1340132 secs] [Times: user=4.73 sys=0.00, real=0.13 secs] 
6979.645: [GC (Allocation Failure) [PSYoungGen: 21826350K->796824K(22609920K)] 22812505K->1783339K(25755648K), 0.1472101 secs] [Times: user=5.03 sys=0.00, real=0.15 secs] 
6982.749: [GC (Allocation Failure) [PSYoungGen: 21899416K->756035K(22609920K)] 22885931K->1742942K(25755648K), 0.1382224 secs] [Times: user=4.87 sys=0.00, real=0.14 secs] 
6985.895: [GC (Allocation Failure) [PSYoungGen: 21858627K->798311K(22609920K)] 22845534K->1785593K(25755648K), 0.1458573 secs] [Times: user=5.11 sys=0.00, real=0.15 secs] 
6988.967: [GC (Allocation Failure) [PSYoungGen: 21900903K->744535K(22609920K)] 22888185K->1732186K(25755648K), 0.1363772 secs] [Times: user=4.81 sys=0.00, real=0.14 secs] 
6991.977: [GC (Allocation Failure) [PSYoungGen: 21847127K->757025K(22609920K)] 22834778K->1745067K(25755648K), 0.1393862 secs] [Times: user=4.88 sys=0.00, real=0.14 secs] 
6994.989: [GC (Allocation Failure) [PSYoungGen: 21859617K->867282K(22609920K)] 22847659K->1855693K(25755648K), 0.1558672 secs] [Times: user=5.49 sys=0.00, real=0.16 secs] 
6998.172: [GC (Allocation Failure) [PSYoungGen: 21969874K->740291K(22609920K)] 22958285K->1729101K(25755648K), 0.1361499 secs] [Times: user=4.81 sys=0.01, real=0.13 secs] 
7001.269: [GC (Allocation Failure) [PSYoungGen: 21842883K->769048K(22609920K)] 22831693K->1758251K(25755648K), 0.1397432 secs] [Times: user=4.95 sys=0.00, real=0.14 secs] 
7004.277: [GC (Allocation Failure) [PSYoungGen: 21871640K->818066K(22609920K)] 22860843K->1807628K(25755648K), 0.1480441 secs] [Times: user=5.24 sys=0.00, real=0.15 secs] 
7007.331: [GC (Allocation Failure) [PSYoungGen: 21920658K->704383K(22609920K)] 22910220K->1694345K(25755648K), 0.1303125 secs] [Times: user=4.60 sys=0.01, real=0.13 secs] 
7010.358: [GC (Allocation Failure) [PSYoungGen: 21806975K->766717K(22609920K)] 22796937K->1757159K(25755648K), 0.1402757 secs] [Times: user=4.96 sys=0.00, real=0.14 secs] 
7013.422: [GC (Allocation Failure) [PSYoungGen: 21869309K->816174K(22609920K)] 22859751K->1807033K(25755648K), 0.1482210 secs] [Times: user=5.25 sys=0.00, real=0.15 secs] 
7016.526: [GC (Allocation Failure) [PSYoungGen: 21918766K->800239K(22609920K)] 22909625K->1791490K(25755648K), 0.1457099 secs] [Times: user=5.16 sys=0.00, real=0.14 secs] 
7019.628: [GC (Allocation Failure) [PSYoungGen: 21902831K->727897K(22609920K)] 22894082K->1719516K(25755648K), 0.1338253 secs] [Times: user=4.73 sys=0.00, real=0.13 secs] 
7022.755: [GC (Allocation Failure) [PSYoungGen: 21830489K->769081K(22609920K)] 22822108K->1761075K(25755648K), 0.1408116 secs] [Times: user=4.94 sys=0.00, real=0.15 secs] 
7025.791: [GC (Allocation Failure) [PSYoungGen: 21871673K->790483K(22609920K)] 22863667K->1782838K(25755648K), 0.1471747 secs] [Times: user=5.06 sys=0.00, real=0.15 secs] 
7028.827: [GC (Allocation Failure) [PSYoungGen: 21893075K->814883K(22609920K)] 22885430K->1807613K(25755648K), 0.1486851 secs] [Times: user=5.28 sys=0.00, real=0.14 secs] 
7031.907: [GC (Allocation Failure) [PSYoungGen: 21917475K->754879K(22609920K)] 22910205K->1747961K(25755648K), 0.1372711 secs] [Times: user=4.86 sys=0.00, real=0.13 secs] 
7034.989: [GC (Allocation Failure) [PSYoungGen: 21857471K->750392K(22609920K)] 22850553K->1743843K(25755648K), 0.1380474 secs] [Times: user=4.88 sys=0.00, real=0.14 secs] 
7038.104: [GC (Allocation Failure) [PSYoungGen: 21852984K->780187K(22609920K)] 22846435K->1774030K(25755648K), 0.1431355 secs] [Times: user=5.02 sys=0.00, real=0.14 secs] 
7041.190: [GC (Allocation Failure) [PSYoungGen: 21882779K->779905K(22609920K)] 22876622K->1774084K(25755648K), 0.1430882 secs] [Times: user=5.07 sys=0.00, real=0.14 secs] 
7044.281: [GC (Allocation Failure) [PSYoungGen: 21882497K->718876K(22609920K)] 22876676K->1713463K(25755648K), 0.1319430 secs] [Times: user=4.65 sys=0.01, real=0.13 secs] 
7047.364: [GC (Allocation Failure) [PSYoungGen: 21821468K->698896K(22609920K)] 22816055K->1693827K(25755648K), 0.1297559 secs] [Times: user=4.58 sys=0.00, real=0.13 secs] 
7050.428: [GC (Allocation Failure) [PSYoungGen: 21801488K->783905K(22609920K)] 22796419K->1779204K(25755648K), 0.1434762 secs] [Times: user=5.07 sys=0.00, real=0.15 secs] 
7053.569: [GC (Allocation Failure) [PSYoungGen: 21886497K->755876K(22609920K)] 22881796K->1751582K(25755648K), 0.1378559 secs] [Times: user=4.88 sys=0.00, real=0.14 secs] 
7056.610: [GC (Allocation Failure) [PSYoungGen: 21858468K->849890K(22609920K)] 22854174K->1845948K(25755648K), 0.1469972 secs] [Times: user=5.20 sys=0.00, real=0.15 secs] 
7059.640: [GC (Allocation Failure) [PSYoungGen: 21952482K->772225K(22609920K)] 22948540K->1768651K(25755648K), 0.1426098 secs] [Times: user=4.98 sys=0.00, real=0.15 secs] 
7062.651: [GC (Allocation Failure) [PSYoungGen: 21874817K->785946K(22609920K)] 22871243K->1782748K(25755648K), 0.1429017 secs] [Times: user=5.06 sys=0.00, real=0.14 secs] 
7065.695: [GC (Allocation Failure) [PSYoungGen: 21888538K->767077K(22609920K)] 22885340K->1764280K(25755648K), 0.1407265 secs] [Times: user=4.94 sys=0.00, real=0.14 secs] 
7068.743: [GC (Allocation Failure) [PSYoungGen: 21869669K->790316K(22609920K)] 22866872K->1787839K(25755648K), 0.1437407 secs] [Times: user=5.09 sys=0.00, real=0.14 secs] 
7071.753: [GC (Allocation Failure) [PSYoungGen: 21892908K->963591K(22609920K)] 22890431K->1961506K(25755648K), 0.1708770 secs] [Times: user=6.01 sys=0.01, real=0.17 secs] 
7074.860: [GC (Allocation Failure) [PSYoungGen: 22066183K->946823K(22609920K)] 23064098K->1945137K(25755648K), 0.1672133 secs] [Times: user=5.93 sys=0.00, real=0.17 secs] 
7078.072: [GC (Allocation Failure) [PSYoungGen: 22049415K->788859K(22609920K)] 23047729K->1787534K(25755648K), 0.1444904 secs] [Times: user=5.11 sys=0.00, real=0.15 secs] 
7081.179: [GC (Allocation Failure) [PSYoungGen: 21891451K->846775K(22609920K)] 22890126K->1845826K(25755648K), 0.1522612 secs] [Times: user=5.36 sys=0.00, real=0.15 secs] 
7084.222: [GC (Allocation Failure) [PSYoungGen: 21949367K->750881K(22609920K)] 22948418K->1750300K(25755648K), 0.1383812 secs] [Times: user=4.90 sys=0.01, real=0.14 secs] 
7087.277: [GC (Allocation Failure) [PSYoungGen: 21853473K->818936K(22609920K)] 22852892K->1818730K(25755648K), 0.1478365 secs] [Times: user=5.23 sys=0.01, real=0.14 secs] 
7090.339: [GC (Allocation Failure) [PSYoungGen: 21921528K->829755K(22609920K)] 22921322K->1829941K(25755648K), 0.1518706 secs] [Times: user=5.34 sys=0.00, real=0.15 secs] 
7093.409: [GC (Allocation Failure) [PSYoungGen: 21932347K->761424K(22609920K)] 22932533K->1761986K(25755648K), 0.1388674 secs] [Times: user=4.91 sys=0.00, real=0.14 secs] 
7096.470: [GC (Allocation Failure) [PSYoungGen: 21864016K->766281K(22609920K)] 22864578K->1767187K(25755648K), 0.1402121 secs] [Times: user=4.95 sys=0.00, real=0.14 secs] 
7099.603: [GC (Allocation Failure) [PSYoungGen: 21868873K->750078K(22609920K)] 22869779K->1751368K(25755648K), 0.1379185 secs] [Times: user=4.88 sys=0.00, real=0.14 secs] 
7102.738: [GC (Allocation Failure) [PSYoungGen: 21852670K->859674K(22609920K)] 22853960K->1861277K(25755648K), 0.1551502 secs] [Times: user=5.46 sys=0.00, real=0.15 secs] 
7105.800: [GC (Allocation Failure) [PSYoungGen: 21962266K->875734K(22609920K)] 22963869K->1877768K(25755648K), 0.1545997 secs] [Times: user=5.44 sys=0.00, real=0.15 secs] 
7108.859: [GC (Allocation Failure) [PSYoungGen: 21978326K->790678K(22609920K)] 22980360K->1793065K(25755648K), 0.1449940 secs] [Times: user=5.08 sys=0.01, real=0.14 secs] 
7111.958: [GC (Allocation Failure) [PSYoungGen: 21893270K->776320K(22609920K)] 22895657K->1779147K(25755648K), 0.1421939 secs] [Times: user=5.01 sys=0.00, real=0.14 secs] 
7115.042: [GC (Allocation Failure) [PSYoungGen: 21878912K->722145K(22609920K)] 22881739K->1725411K(25755648K), 0.1354683 secs] [Times: user=4.60 sys=0.00, real=0.13 secs] 
7118.154: [GC (Allocation Failure) [PSYoungGen: 21824737K->803326K(22609920K)] 22828003K->1807121K(25755648K), 0.1454264 secs] [Times: user=5.15 sys=0.00, real=0.15 secs] 
7121.227: [GC (Allocation Failure) [PSYoungGen: 21905918K->737845K(22609920K)] 22909713K->1742439K(25755648K), 0.1353509 secs] [Times: user=4.79 sys=0.00, real=0.14 secs] 
7124.251: [GC (Allocation Failure) [PSYoungGen: 21840437K->799564K(22609920K)] 22845031K->1804614K(25755648K), 0.1449879 secs] [Times: user=5.12 sys=0.00, real=0.14 secs] 
7127.330: [GC (Allocation Failure) [PSYoungGen: 21902156K->818765K(22609920K)] 22907206K->1824159K(25755648K), 0.1492167 secs] [Times: user=5.22 sys=0.00, real=0.15 secs] 
7130.452: [GC (Allocation Failure) [PSYoungGen: 21921357K->890820K(22609920K)] 22926751K->1896639K(25755648K), 0.1597803 secs] [Times: user=5.67 sys=0.00, real=0.16 secs] 
7133.607: [GC (Allocation Failure) [PSYoungGen: 21993412K->738146K(22609920K)] 22999231K->1744308K(25755648K), 0.1350373 secs] [Times: user=4.78 sys=0.00, real=0.13 secs] 
7136.647: [GC (Allocation Failure) [PSYoungGen: 21840738K->784299K(22609920K)] 22846900K->1790822K(25755648K), 0.1421548 secs] [Times: user=5.03 sys=0.00, real=0.14 secs] 
7139.765: [GC (Allocation Failure) [PSYoungGen: 21886891K->771506K(22609920K)] 22893414K->1778493K(25755648K), 0.1406729 secs] [Times: user=4.98 sys=0.00, real=0.14 secs] 
7142.875: [GC (Allocation Failure) [PSYoungGen: 21874098K->771457K(22609920K)] 22881085K->1778804K(25755648K), 0.1411137 secs] [Times: user=5.00 sys=0.00, real=0.14 secs] 
7145.927: [GC (Allocation Failure) [PSYoungGen: 21874049K->827183K(22609920K)] 22881396K->1834922K(25755648K), 0.1492765 secs] [Times: user=5.26 sys=0.00, real=0.15 secs] 
7149.094: [GC (Allocation Failure) [PSYoungGen: 21929775K->789271K(22609920K)] 22937514K->1797346K(25755648K), 0.1443242 secs] [Times: user=5.12 sys=0.00, real=0.15 secs] 
7152.138: [GC (Allocation Failure) [PSYoungGen: 21891863K->747379K(22609920K)] 22899938K->1755806K(25755648K), 0.1365239 secs] [Times: user=4.84 sys=0.00, real=0.14 secs] 
7155.206: [GC (Allocation Failure) [PSYoungGen: 21849971K->722563K(22609920K)] 22858398K->1731446K(25755648K), 0.1345686 secs] [Times: user=4.75 sys=0.00, real=0.13 secs] 
7158.267: [GC (Allocation Failure) [PSYoungGen: 21825155K->735581K(22609920K)] 22834038K->1744952K(25755648K), 0.1345944 secs] [Times: user=4.76 sys=0.00, real=0.13 secs] 
7161.349: [GC (Allocation Failure) [PSYoungGen: 21838173K->767208K(22609920K)] 22847544K->1776955K(25755648K), 0.1416350 secs] [Times: user=4.95 sys=0.00, real=0.14 secs] 
7164.480: [GC (Allocation Failure) [PSYoungGen: 21869800K->704795K(22609920K)] 22879547K->1714901K(25755648K), 0.1319937 secs] [Times: user=4.62 sys=0.00, real=0.13 secs] 
7167.538: [GC (Allocation Failure) [PSYoungGen: 21807387K->806121K(22609920K)] 22817493K->1816675K(25755648K), 0.1472981 secs] [Times: user=5.17 sys=0.00, real=0.14 secs] 
7170.619: [GC (Allocation Failure) [PSYoungGen: 21908713K->754043K(22609920K)] 22919267K->1764958K(25755648K), 0.1401471 secs] [Times: user=4.90 sys=0.01, real=0.14 secs] 
7173.631: [GC (Allocation Failure) [PSYoungGen: 21856635K->742188K(22609920K)] 22867550K->1753447K(25755648K), 0.1367945 secs] [Times: user=4.83 sys=0.00, real=0.14 secs] 
7176.694: [GC (Allocation Failure) [PSYoungGen: 21844780K->878930K(22609920K)] 22856039K->1890549K(25755648K), 0.1526584 secs] [Times: user=5.36 sys=0.00, real=0.15 secs] 
7179.815: [GC (Allocation Failure) [PSYoungGen: 21981522K->699082K(22609920K)] 22993141K->1711124K(25755648K), 0.1293368 secs] [Times: user=4.57 sys=0.00, real=0.13 secs] 
7182.891: [GC (Allocation Failure) [PSYoungGen: 21801674K->757497K(22609920K)] 22813716K->1770028K(25755648K), 0.1399416 secs] [Times: user=4.88 sys=0.00, real=0.14 secs] 
7185.949: [GC (Allocation Failure) [PSYoungGen: 21860089K->733165K(22609920K)] 22872620K->1746040K(25755648K), 0.1353512 secs] [Times: user=4.75 sys=0.00, real=0.14 secs] 
7189.082: [GC (Allocation Failure) [PSYoungGen: 21835757K->751943K(22609920K)] 22848632K->1765194K(25755648K), 0.1390937 secs] [Times: user=4.92 sys=0.00, real=0.14 secs] 
7192.153: [GC (Allocation Failure) [PSYoungGen: 21854535K->798982K(22609920K)] 22867786K->1812592K(25755648K), 0.1452883 secs] [Times: user=5.14 sys=0.00, real=0.14 secs] 
7195.225: [GC (Allocation Failure) [PSYoungGen: 21901574K->812230K(22609920K)] 22915184K->1826201K(25755648K), 0.1474830 secs] [Times: user=5.23 sys=0.00, real=0.15 secs] 
7198.293: [GC (Allocation Failure) [PSYoungGen: 21914822K->758481K(22609920K)] 22928793K->1772844K(25755648K), 0.1412509 secs] [Times: user=4.86 sys=0.01, real=0.14 secs] 
7201.306: [GC (Allocation Failure) [PSYoungGen: 21861073K->721675K(22609920K)] 22875436K->1736422K(25755648K), 0.1328892 secs] [Times: user=4.69 sys=0.01, real=0.13 secs] 
7204.389: [GC (Allocation Failure) [PSYoungGen: 21824267K->739685K(22609920K)] 22839014K->1754784K(25755648K), 0.1367574 secs] [Times: user=4.83 sys=0.01, real=0.14 secs] 
7207.446: [GC (Allocation Failure) [PSYoungGen: 21842277K->786065K(22609920K)] 22857376K->1801555K(25755648K), 0.1434602 secs] [Times: user=5.04 sys=0.01, real=0.14 secs] 
7210.541: [GC (Allocation Failure) [PSYoungGen: 21888657K->743492K(22609920K)] 22904147K->1759471K(25755648K), 0.1364435 secs] [Times: user=4.82 sys=0.01, real=0.14 secs] 
7213.578: [GC (Allocation Failure) [PSYoungGen: 21846084K->732376K(22609920K)] 22862063K->1748682K(25755648K), 0.1343761 secs] [Times: user=4.75 sys=0.00, real=0.13 secs] 
7216.607: [GC (Allocation Failure) [PSYoungGen: 21834968K->781694K(22609920K)] 22851274K->1798457K(25755648K), 0.1497546 secs] [Times: user=5.01 sys=0.00, real=0.15 secs] 
7219.755: [GC (Allocation Failure) [PSYoungGen: 21884286K->783283K(22609920K)] 22901049K->1800430K(25755648K), 0.1548375 secs] [Times: user=5.33 sys=0.00, real=0.16 secs] 
7222.863: [GC (Allocation Failure) [PSYoungGen: 21885875K->846059K(22609920K)] 22903022K->1863510K(25755648K), 0.1526226 secs] [Times: user=5.41 sys=0.00, real=0.16 secs] 
7225.920: [GC (Allocation Failure) [PSYoungGen: 21948651K->819824K(22609920K)] 22966102K->1837723K(25755648K), 0.1495401 secs] [Times: user=5.29 sys=0.00, real=0.15 secs] 
7228.976: [GC (Allocation Failure) [PSYoungGen: 21922416K->787636K(22609920K)] 22940315K->1806103K(25755648K), 0.1454447 secs] [Times: user=5.07 sys=0.00, real=0.15 secs] 
7232.059: [GC (Allocation Failure) [PSYoungGen: 21890228K->746272K(22609920K)] 22908695K->1765083K(25755648K), 0.1380317 secs] [Times: user=4.82 sys=0.00, real=0.14 secs] 
7235.115: [GC (Allocation Failure) [PSYoungGen: 21848864K->755093K(22609920K)] 22867675K->1774352K(25755648K), 0.1389871 secs] [Times: user=4.91 sys=0.00, real=0.14 secs] 
7238.243: [GC (Allocation Failure) [PSYoungGen: 21857685K->827104K(22609920K)] 22876944K->1846771K(25755648K), 0.1516585 secs] [Times: user=5.36 sys=0.00, real=0.15 secs] 
7241.360: [GC (Allocation Failure) [PSYoungGen: 21929696K->804864K(22609920K)] 22949363K->1825027K(25755648K), 0.1467120 secs] [Times: user=5.19 sys=0.00, real=0.14 secs] 
7244.416: [GC (Allocation Failure) [PSYoungGen: 21907456K->780048K(22609920K)] 22927619K->1800579K(25755648K), 0.1438273 secs] [Times: user=5.02 sys=0.00, real=0.15 secs] 
7247.516: [GC (Allocation Failure) [PSYoungGen: 21882640K->718760K(22609920K)] 22903171K->1739786K(25755648K), 0.1321496 secs] [Times: user=4.67 sys=0.01, real=0.13 secs] 
7250.565: [GC (Allocation Failure) [PSYoungGen: 21821352K->730342K(22609920K)] 22842378K->1751761K(25755648K), 0.1369897 secs] [Times: user=4.73 sys=0.00, real=0.14 secs] 
7253.613: [GC (Allocation Failure) [PSYoungGen: 21832934K->790547K(22609920K)] 22854353K->1812318K(25755648K), 0.1437215 secs] [Times: user=5.08 sys=0.00, real=0.14 secs] 
7256.422: [GC (System.gc()) [PSYoungGen: 17518887K->718469K(22609920K)] 18540658K->1740640K(25755648K), 0.1310197 secs] [Times: user=4.63 sys=0.00, real=0.13 secs] 
7256.554: [Full GC (System.gc()) [PSYoungGen: 718469K->0K(22609920K)] [ParOldGen: 1022170K->228599K(3145728K)] 1740640K->228599K(25755648K), [Metaspace: 22529K->22529K(1071104K)], 0.2260464 secs] [Times: user=6.13 sys=0.05, real=0.22 secs] 
7294.154: [GC (Allocation Failure) [PSYoungGen: 21102592K->949855K(22609920K)] 21331191K->1178454K(25755648K), 0.1544464 secs] [Times: user=5.43 sys=0.00, real=0.16 secs] 
7307.107: [GC (Allocation Failure) [PSYoungGen: 22052447K->934719K(22609920K)] 22281046K->1163318K(25755648K), 0.1460983 secs] [Times: user=4.95 sys=0.01, real=0.15 secs] 
7316.798: [GC (Allocation Failure) [PSYoungGen: 22037311K->931895K(22609920K)] 22265910K->1160495K(25755648K), 0.1441720 secs] [Times: user=5.06 sys=0.01, real=0.15 secs] 
7324.662: [GC (Allocation Failure) [PSYoungGen: 22034487K->939127K(22609920K)] 22263087K->1167726K(25755648K), 0.1443953 secs] [Times: user=4.99 sys=0.00, real=0.14 secs] 
7332.034: [GC (Allocation Failure) [PSYoungGen: 22041719K->1028409K(22609920K)] 22270318K->1257008K(25755648K), 0.1571234 secs] [Times: user=5.40 sys=0.00, real=0.15 secs] 
7338.211: [GC (Allocation Failure) [PSYoungGen: 22131001K->968688K(22609920K)] 22359600K->1197295K(25755648K), 0.1439649 secs] [Times: user=5.08 sys=0.01, real=0.15 secs] 
7344.176: [GC (Allocation Failure) [PSYoungGen: 22071280K->978853K(22609920K)] 22299887K->1207460K(25755648K), 0.1461326 secs] [Times: user=5.16 sys=0.00, real=0.14 secs] 
7349.739: [GC (Allocation Failure) [PSYoungGen: 22081445K->1031173K(22609920K)] 22310052K->1259781K(25755648K), 0.1544629 secs] [Times: user=5.45 sys=0.00, real=0.15 secs] 
7354.702: [GC (Allocation Failure) [PSYoungGen: 22133765K->966757K(22609920K)] 22362373K->1195364K(25755648K), 0.1446854 secs] [Times: user=5.10 sys=0.00, real=0.15 secs] 
7359.794: [GC (Allocation Failure) [PSYoungGen: 22069349K->963512K(22609920K)] 22297956K->1192119K(25755648K), 0.1441187 secs] [Times: user=5.09 sys=0.00, real=0.15 secs] 
7364.489: [GC (Allocation Failure) [PSYoungGen: 22066104K->1031096K(22609920K)] 22294711K->1259703K(25755648K), 0.1537979 secs] [Times: user=5.43 sys=0.00, real=0.15 secs] 
7368.798: [GC (Allocation Failure) [PSYoungGen: 22133688K->994196K(22609920K)] 22362295K->1222803K(25755648K), 0.1502627 secs] [Times: user=5.29 sys=0.00, real=0.15 secs] 
7373.127: [GC (Allocation Failure) [PSYoungGen: 22096788K->1036877K(22609920K)] 22325395K->1265484K(25755648K), 0.1557486 secs] [Times: user=5.50 sys=0.00, real=0.16 secs] 
7377.463: [GC (Allocation Failure) [PSYoungGen: 22139469K->1076861K(22609920K)] 22368076K->1305468K(25755648K), 0.1636304 secs] [Times: user=5.70 sys=0.00, real=0.16 secs] 
7381.446: [GC (Allocation Failure) [PSYoungGen: 22179453K->1058807K(22609920K)] 22408060K->1287414K(25755648K), 0.1601287 secs] [Times: user=5.66 sys=0.00, real=0.16 secs] 
7385.176: [GC (Allocation Failure) [PSYoungGen: 22161399K->722905K(22609920K)] 22390006K->1311215K(25755648K), 0.1683288 secs] [Times: user=5.95 sys=0.00, real=0.17 secs] 
7388.872: [GC (Allocation Failure) [PSYoungGen: 21825497K->700234K(22609920K)] 22413807K->1290192K(25755648K), 0.1263786 secs] [Times: user=4.45 sys=0.01, real=0.12 secs] 
7392.594: [GC (Allocation Failure) [PSYoungGen: 21802826K->736120K(22609920K)] 22392784K->1327135K(25755648K), 0.1307971 secs] [Times: user=4.62 sys=0.00, real=0.13 secs] 
7395.965: [GC (Allocation Failure) [PSYoungGen: 21838712K->709795K(22609920K)] 22429727K->1301683K(25755648K), 0.1267191 secs] [Times: user=4.47 sys=0.00, real=0.13 secs] 
7399.364: [GC (Allocation Failure) [PSYoungGen: 21812387K->715547K(22609920K)] 22404275K->1309066K(25755648K), 0.1286869 secs] [Times: user=4.54 sys=0.01, real=0.13 secs] 
7402.775: [GC (Allocation Failure) [PSYoungGen: 21818139K->724058K(22609920K)] 22411658K->1318313K(25755648K), 0.1289039 secs] [Times: user=4.56 sys=0.00, real=0.13 secs] 
7406.217: [GC (Allocation Failure) [PSYoungGen: 21826650K->708924K(22609920K)] 22420905K->1303796K(25755648K), 0.1272352 secs] [Times: user=4.49 sys=0.00, real=0.13 secs] 
7409.469: [GC (Allocation Failure) [PSYoungGen: 21811516K->787487K(22609920K)] 22406388K->1382958K(25755648K), 0.1406987 secs] [Times: user=4.97 sys=0.00, real=0.14 secs] 
7412.646: [GC (Allocation Failure) [PSYoungGen: 21890079K->750791K(22609920K)] 22485550K->1346895K(25755648K), 0.1354860 secs] [Times: user=4.79 sys=0.00, real=0.13 secs] 
7415.794: [GC (Allocation Failure) [PSYoungGen: 21853383K->743053K(22609920K)] 22449487K->1339708K(25755648K), 0.1332435 secs] [Times: user=4.71 sys=0.00, real=0.14 secs] 
7418.952: [GC (Allocation Failure) [PSYoungGen: 21845645K->741375K(22609920K)] 22442300K->1338614K(25755648K), 0.1346249 secs] [Times: user=4.75 sys=0.01, real=0.14 secs] 
7422.061: [GC (Allocation Failure) [PSYoungGen: 21843967K->769716K(22609920K)] 22441206K->1367611K(25755648K), 0.1391424 secs] [Times: user=4.81 sys=0.01, real=0.14 secs] 
7425.147: [GC (Allocation Failure) [PSYoungGen: 21872308K->774895K(22609920K)] 22470203K->1373414K(25755648K), 0.1373575 secs] [Times: user=4.85 sys=0.00, real=0.13 secs] 
7436.602: [GC (System.gc()) [PSYoungGen: 15071112K->826288K(22609920K)] 15669632K->1425519K(25755648K), 0.1316990 secs] [Times: user=4.66 sys=0.00, real=0.13 secs] 
7436.734: [Full GC (System.gc()) [PSYoungGen: 826288K->0K(22609920K)] [ParOldGen: 599231K->231454K(3145728K)] 1425519K->231454K(25755648K), [Metaspace: 22557K->22557K(1071104K)], 0.0670992 secs] [Times: user=1.11 sys=0.01, real=0.07 secs] 
7443.012: [GC (System.gc()) [PSYoungGen: 3372393K->416K(22609920K)] 3603847K->231870K(25755648K), 0.0079385 secs] [Times: user=0.12 sys=0.01, real=0.01 secs] 
7443.020: [Full GC (System.gc()) [PSYoungGen: 416K->0K(22609920K)] [ParOldGen: 231454K->225558K(3145728K)] 231870K->225558K(25755648K), [Metaspace: 22568K->22568K(1071104K)], 0.0791967 secs] [Times: user=1.68 sys=0.01, real=0.08 secs] 
7457.921: [GC (Allocation Failure) [PSYoungGen: 21102592K->986562K(22609920K)] 21328150K->1212129K(25755648K), 0.1590221 secs] [Times: user=5.61 sys=0.01, real=0.16 secs] 
7468.928: [GC (Allocation Failure) [PSYoungGen: 22089154K->950492K(22609920K)] 22314721K->1176059K(25755648K), 0.1382377 secs] [Times: user=4.85 sys=0.00, real=0.14 secs] 
7479.905: [GC (Allocation Failure) [PSYoungGen: 22053084K->935996K(22609920K)] 22278651K->1161562K(25755648K), 0.1389484 secs] [Times: user=4.89 sys=0.01, real=0.14 secs] 
7487.044: [GC (System.gc()) [PSYoungGen: 7497304K->31986K(22609920K)] 7722870K->257553K(25755648K), 0.0093495 secs] [Times: user=0.19 sys=0.01, real=0.01 secs] 
7487.054: [Full GC (System.gc()) [PSYoungGen: 31986K->0K(22609920K)] [ParOldGen: 225566K->234000K(3145728K)] 257553K->234000K(25755648K), [Metaspace: 22633K->22633K(1071104K)], 0.0843727 secs] [Times: user=1.81 sys=0.00, real=0.09 secs] 
7487.393: [GC (System.gc()) [PSYoungGen: 794K->64K(22609920K)] 234794K->234064K(25755648K), 0.0291535 secs] [Times: user=0.14 sys=0.01, real=0.03 secs] 
7487.422: [Full GC (System.gc()) [PSYoungGen: 64K->0K(22609920K)] [ParOldGen: 234000K->232305K(3145728K)] 234064K->232305K(25755648K), [Metaspace: 22637K->22637K(1071104K)], 0.6030354 secs] [Times: user=7.65 sys=0.06, real=0.60 secs] 
7488.240: [GC (System.gc()) [PSYoungGen: 96404K->96K(22609920K)] 328709K->232401K(25755648K), 0.0196077 secs] [Times: user=0.22 sys=0.00, real=0.02 secs] 
7488.260: [Full GC (System.gc()) [PSYoungGen: 96K->0K(22609920K)] [ParOldGen: 232305K->232212K(3145728K)] 232401K->232212K(25755648K), [Metaspace: 22637K->22637K(1071104K)], 0.3116166 secs] [Times: user=6.96 sys=0.04, real=0.31 secs] 
Heap
 PSYoungGen      total 22609920K, used 804227K [0x0000000200000000, 0x00000007c0000000, 0x00000007c0000000)
  eden space 21102592K, 3% used [0x0000000200000000,0x0000000231160d50,0x0000000708000000)
  from space 1507328K, 0% used [0x0000000764000000,0x0000000764000000,0x00000007c0000000)
  to   space 1507328K, 0% used [0x0000000708000000,0x0000000708000000,0x0000000764000000)
 ParOldGen       total 3145728K, used 232212K [0x0000000140000000, 0x0000000200000000, 0x0000000200000000)
  object space 3145728K, 7% used [0x0000000140000000,0x000000014e2c5318,0x0000000200000000)
 Metaspace       used 22647K, capacity 23516K, committed 23680K, reserved 1071104K
  class space    used 2630K, capacity 2872K, committed 2944K, reserved 1048576K
