Java HotSpot(TM) 64-Bit Server VM (25.40-b25) for linux-amd64 JRE (1.8.0_40-b26), built on Mar  7 2015 15:08:31 by "java_re" with gcc 4.3.0 20080428 (Red Hat 4.3.0-8)
Memory: 4k page, physical 264398780k(140711832k free), swap 4194296k(4194296k free)
CommandLine flags: -XX:+AggressiveOpts -XX:+AlwaysPreTouch -XX:InitialHeapSize=27917287424 -XX:LargePageSizeInBytes=2097152 -XX:MaxHeapSize=27917287424 -XX:MaxNewSize=24696061952 -XX:MaxTenuringThreshold=15 -XX:NewSize=24696061952 -XX:ParallelGCThreads=36 -XX:+PrintGC -XX:+PrintGCDetails -XX:+PrintGCTimeStamps -XX:SurvivorRatio=14 -XX:TargetSurvivorRatio=95 -XX:-UseAdaptiveSizePolicy -XX:-UseBiasedLocking -XX:+UseCompressedClassPointers -XX:+UseCompressedOops -XX:+UseLargePages -XX:+UseParallelOldGC 
10.937: [GC (Allocation Failure) [PSYoungGen: 21102592K->4033K(22609920K)] 21102592K->4120K(25755648K), 0.0060247 secs] [Times: user=0.03 sys=0.02, real=0.00 secs] 
10.945: [GC (Allocation Failure) [PSYoungGen: 21106625K->2980K(22609920K)] 21106712K->3074K(25755648K), 0.0076322 secs] [Times: user=0.21 sys=0.01, real=0.01 secs] 
14.792: [GC (System.gc()) [PSYoungGen: 21057677K->13400K(22609920K)] 21057771K->13510K(25755648K), 0.0146976 secs] [Times: user=0.21 sys=0.00, real=0.01 secs] 
14.807: [Full GC (System.gc()) [PSYoungGen: 13400K->0K(22609920K)] [ParOldGen: 110K->12509K(3145728K)] 13510K->12509K(25755648K), [Metaspace: 16834K->16834K(1064960K)], 0.0462492 secs] [Times: user=0.57 sys=0.03, real=0.05 secs] 
100.902: [GC (System.gc()) [PSYoungGen: 6615740K->98402K(22609920K)] 6628250K->110927K(25755648K), 0.0234487 secs] [Times: user=0.57 sys=0.01, real=0.02 secs] 
100.926: [Full GC (System.gc()) [PSYoungGen: 98402K->0K(22609920K)] [ParOldGen: 12525K->104722K(3145728K)] 110927K->104722K(25755648K), [Metaspace: 20032K->20024K(1067008K)], 0.1036501 secs] [Times: user=2.46 sys=0.01, real=0.10 secs] 
228.632: [GC (Allocation Failure) [PSYoungGen: 21102592K->895012K(22609920K)] 21207314K->999743K(25755648K), 0.1476173 secs] [Times: user=5.20 sys=0.00, real=0.14 secs] 
248.964: [GC (Allocation Failure) [PSYoungGen: 21997604K->885983K(22609920K)] 22102335K->990721K(25755648K), 0.1380974 secs] [Times: user=4.80 sys=0.00, real=0.13 secs] 
260.188: [GC (Allocation Failure) [PSYoungGen: 21988575K->908260K(22609920K)] 22093313K->1013070K(25755648K), 0.1396943 secs] [Times: user=4.83 sys=0.00, real=0.14 secs] 
268.068: [GC (Allocation Failure) [PSYoungGen: 22010852K->897391K(22609920K)] 22115662K->1002209K(25755648K), 0.1384434 secs] [Times: user=4.78 sys=0.00, real=0.14 secs] 
274.416: [GC (Allocation Failure) [PSYoungGen: 21999983K->996489K(22609920K)] 22104801K->1101315K(25755648K), 0.1516275 secs] [Times: user=5.32 sys=0.00, real=0.16 secs] 
279.259: [GC (Allocation Failure) [PSYoungGen: 22099081K->1000050K(22609920K)] 22203907K->1104884K(25755648K), 0.1515131 secs] [Times: user=5.30 sys=0.00, real=0.15 secs] 
283.504: [GC (Allocation Failure) [PSYoungGen: 22102642K->971553K(22609920K)] 22207476K->1076395K(25755648K), 0.1457817 secs] [Times: user=5.13 sys=0.00, real=0.15 secs] 
287.490: [GC (Allocation Failure) [PSYoungGen: 22074145K->1010264K(22609920K)] 22178987K->1115107K(25755648K), 0.1523279 secs] [Times: user=5.37 sys=0.01, real=0.15 secs] 
291.044: [GC (Allocation Failure) [PSYoungGen: 22112856K->1097436K(22609920K)] 22217699K->1202278K(25755648K), 0.1660631 secs] [Times: user=5.84 sys=0.01, real=0.17 secs] 
294.224: [GC (Allocation Failure) [PSYoungGen: 22200028K->1065063K(22609920K)] 22304870K->1169913K(25755648K), 0.1610337 secs] [Times: user=5.68 sys=0.00, real=0.16 secs] 
297.346: [GC (Allocation Failure) [PSYoungGen: 22167655K->1079378K(22609920K)] 22272505K->1184228K(25755648K), 0.1653885 secs] [Times: user=5.81 sys=0.00, real=0.17 secs] 
300.370: [GC (Allocation Failure) [PSYoungGen: 22181970K->1287255K(22609920K)] 22286820K->1392105K(25755648K), 0.1955400 secs] [Times: user=6.89 sys=0.00, real=0.20 secs] 
303.435: [GC (Allocation Failure) [PSYoungGen: 22389847K->1142490K(22609920K)] 22494697K->1247341K(25755648K), 0.1704979 secs] [Times: user=6.02 sys=0.01, real=0.17 secs] 
306.558: [GC (Allocation Failure) [PSYoungGen: 22245082K->1064866K(22609920K)] 22349933K->1169716K(25755648K), 0.1637191 secs] [Times: user=5.69 sys=0.00, real=0.16 secs] 
309.599: [GC (Allocation Failure) [PSYoungGen: 22167458K->1050771K(22609920K)] 22272308K->1155622K(25755648K), 0.1636390 secs] [Times: user=5.71 sys=0.00, real=0.17 secs] 
312.588: [GC (Allocation Failure) [PSYoungGen: 22153363K->728744K(22609920K)] 22258214K->1162323K(25755648K), 0.1620190 secs] [Times: user=5.74 sys=0.00, real=0.16 secs] 
315.602: [GC (Allocation Failure) [PSYoungGen: 21831336K->815758K(22609920K)] 22264915K->1259298K(25755648K), 0.1417455 secs] [Times: user=4.98 sys=0.01, real=0.15 secs] 
318.542: [GC (Allocation Failure) [PSYoungGen: 21918350K->782144K(22609920K)] 22361890K->1230822K(25755648K), 0.1381855 secs] [Times: user=4.88 sys=0.01, real=0.14 secs] 
321.563: [GC (Allocation Failure) [PSYoungGen: 21884736K->739429K(22609920K)] 22333414K->1189971K(25755648K), 0.1331212 secs] [Times: user=4.62 sys=0.00, real=0.14 secs] 
324.548: [GC (Allocation Failure) [PSYoungGen: 21842021K->731553K(22609920K)] 22292563K->1183399K(25755648K), 0.1302061 secs] [Times: user=4.59 sys=0.01, real=0.13 secs] 
327.615: [GC (Allocation Failure) [PSYoungGen: 21834145K->798362K(22609920K)] 22285991K->1253705K(25755648K), 0.1440265 secs] [Times: user=4.91 sys=0.00, real=0.14 secs] 
329.848: [GC (System.gc()) [PSYoungGen: 12491197K->646347K(22609920K)] 12946540K->1102898K(25755648K), 0.1202312 secs] [Times: user=4.24 sys=0.00, real=0.12 secs] 
329.968: [Full GC (System.gc()) [PSYoungGen: 646347K->0K(22609920K)] [ParOldGen: 456550K->123096K(3145728K)] 1102898K->123096K(25755648K), [Metaspace: 22162K->22158K(1069056K)], 0.1413464 secs] [Times: user=3.54 sys=0.07, real=0.14 secs] 
349.518: [GC (Allocation Failure) [PSYoungGen: 21102592K->912935K(22609920K)] 21225688K->1036040K(25755648K), 0.1483205 secs] [Times: user=5.21 sys=0.01, real=0.14 secs] 
356.593: [GC (Allocation Failure) [PSYoungGen: 22015527K->944940K(22609920K)] 22138632K->1068052K(25755648K), 0.1407734 secs] [Times: user=4.96 sys=0.01, real=0.14 secs] 
361.925: [GC (Allocation Failure) [PSYoungGen: 22047532K->956448K(22609920K)] 22170644K->1079560K(25755648K), 0.1433051 secs] [Times: user=5.03 sys=0.00, real=0.14 secs] 
366.307: [GC (Allocation Failure) [PSYoungGen: 22059040K->936962K(22609920K)] 22182152K->1060075K(25755648K), 0.1427571 secs] [Times: user=5.03 sys=0.00, real=0.14 secs] 
370.578: [GC (Allocation Failure) [PSYoungGen: 22039554K->950160K(22609920K)] 22162667K->1073272K(25755648K), 0.1456097 secs] [Times: user=4.99 sys=0.01, real=0.15 secs] 
374.266: [GC (Allocation Failure) [PSYoungGen: 22052752K->962529K(22609920K)] 22175864K->1085642K(25755648K), 0.1442208 secs] [Times: user=5.01 sys=0.00, real=0.14 secs] 
378.011: [GC (Allocation Failure) [PSYoungGen: 22065121K->1017466K(22609920K)] 22188234K->1140579K(25755648K), 0.1519149 secs] [Times: user=5.37 sys=0.00, real=0.16 secs] 
381.379: [GC (Allocation Failure) [PSYoungGen: 22120058K->1006167K(22609920K)] 22243171K->1129280K(25755648K), 0.1502492 secs] [Times: user=5.28 sys=0.00, real=0.15 secs] 
384.662: [GC (Allocation Failure) [PSYoungGen: 22108759K->999865K(22609920K)] 22231872K->1122978K(25755648K), 0.1483408 secs] [Times: user=5.25 sys=0.00, real=0.15 secs] 
387.834: [GC (Allocation Failure) [PSYoungGen: 22102457K->1046584K(22609920K)] 22225570K->1169696K(25755648K), 0.1560213 secs] [Times: user=5.53 sys=0.00, real=0.16 secs] 
390.980: [GC (Allocation Failure) [PSYoungGen: 22149176K->1034661K(22609920K)] 22272288K->1157774K(25755648K), 0.1549908 secs] [Times: user=5.47 sys=0.00, real=0.16 secs] 
394.151: [GC (Allocation Failure) [PSYoungGen: 22137253K->1042873K(22609920K)] 22260366K->1165986K(25755648K), 0.1578470 secs] [Times: user=5.52 sys=0.00, real=0.16 secs] 
397.194: [GC (Allocation Failure) [PSYoungGen: 22145465K->1036801K(22609920K)] 22268578K->1159913K(25755648K), 0.1552206 secs] [Times: user=5.48 sys=0.01, real=0.16 secs] 
400.223: [GC (Allocation Failure) [PSYoungGen: 22139393K->1094907K(22609920K)] 22262505K->1218020K(25755648K), 0.1642303 secs] [Times: user=5.81 sys=0.00, real=0.17 secs] 
403.306: [GC (Allocation Failure) [PSYoungGen: 22197499K->1141753K(22609920K)] 22320612K->1264865K(25755648K), 0.1719913 secs] [Times: user=6.09 sys=0.00, real=0.18 secs] 
406.380: [GC (Allocation Failure) [PSYoungGen: 22244345K->754291K(22609920K)] 22367457K->1209616K(25755648K), 0.1699164 secs] [Times: user=5.91 sys=0.00, real=0.17 secs] 
409.466: [GC (Allocation Failure) [PSYoungGen: 21856883K->754894K(22609920K)] 22312208K->1218347K(25755648K), 0.1320991 secs] [Times: user=4.57 sys=0.00, real=0.13 secs] 
412.532: [GC (Allocation Failure) [PSYoungGen: 21857486K->738289K(22609920K)] 22320939K->1203871K(25755648K), 0.1293801 secs] [Times: user=4.57 sys=0.00, real=0.13 secs] 
415.606: [GC (Allocation Failure) [PSYoungGen: 21840881K->769257K(22609920K)] 22306463K->1236423K(25755648K), 0.1357589 secs] [Times: user=4.79 sys=0.01, real=0.14 secs] 
418.640: [GC (Allocation Failure) [PSYoungGen: 21871849K->742208K(22609920K)] 22339015K->1212854K(25755648K), 0.1303855 secs] [Times: user=4.61 sys=0.00, real=0.13 secs] 
421.679: [GC (Allocation Failure) [PSYoungGen: 21844800K->734798K(22609920K)] 22315446K->1206844K(25755648K), 0.1297938 secs] [Times: user=4.58 sys=0.00, real=0.13 secs] 
424.738: [GC (Allocation Failure) [PSYoungGen: 21837390K->741316K(22609920K)] 22309436K->1214210K(25755648K), 0.1320664 secs] [Times: user=4.63 sys=0.00, real=0.14 secs] 
436.412: [GC (System.gc()) [PSYoungGen: 19285837K->810697K(22609920K)] 19758731K->1284535K(25755648K), 0.1271003 secs] [Times: user=4.49 sys=0.00, real=0.13 secs] 
436.539: [Full GC (System.gc()) [PSYoungGen: 810697K->0K(22609920K)] [ParOldGen: 473838K->222469K(3145728K)] 1284535K->222469K(25755648K), [Metaspace: 22218K->22218K(1069056K)], 0.0991288 secs] [Times: user=2.03 sys=0.04, real=0.10 secs] 
457.432: [GC (Allocation Failure) [PSYoungGen: 21102592K->942013K(22609920K)] 21325061K->1164491K(25755648K), 0.1594058 secs] [Times: user=5.42 sys=0.00, real=0.16 secs] 
465.384: [GC (Allocation Failure) [PSYoungGen: 22044605K->943032K(22609920K)] 22267083K->1165510K(25755648K), 0.1434624 secs] [Times: user=4.95 sys=0.01, real=0.15 secs] 
471.103: [GC (Allocation Failure) [PSYoungGen: 22045624K->991002K(22609920K)] 22268102K->1213479K(25755648K), 0.1486620 secs] [Times: user=5.25 sys=0.00, real=0.15 secs] 
475.765: [GC (Allocation Failure) [PSYoungGen: 22093594K->1019780K(22609920K)] 22316071K->1242258K(25755648K), 0.1534353 secs] [Times: user=5.35 sys=0.00, real=0.16 secs] 
479.969: [GC (Allocation Failure) [PSYoungGen: 22122372K->1016635K(22609920K)] 22344850K->1239113K(25755648K), 0.1568837 secs] [Times: user=5.32 sys=0.00, real=0.15 secs] 
483.811: [GC (Allocation Failure) [PSYoungGen: 22119227K->1016225K(22609920K)] 22341705K->1238703K(25755648K), 0.1523632 secs] [Times: user=5.37 sys=0.00, real=0.15 secs] 
487.398: [GC (Allocation Failure) [PSYoungGen: 22118817K->983736K(22609920K)] 22341295K->1206213K(25755648K), 0.1476967 secs] [Times: user=5.23 sys=0.00, real=0.15 secs] 
490.586: [GC (Allocation Failure) [PSYoungGen: 22086328K->1043027K(22609920K)] 22308805K->1265504K(25755648K), 0.1572935 secs] [Times: user=5.57 sys=0.00, real=0.16 secs] 
493.783: [GC (Allocation Failure) [PSYoungGen: 22145619K->1081308K(22609920K)] 22368096K->1303786K(25755648K), 0.1634504 secs] [Times: user=5.74 sys=0.01, real=0.16 secs] 
496.887: [GC (Allocation Failure) [PSYoungGen: 22183900K->1113581K(22609920K)] 22406378K->1336058K(25755648K), 0.1681856 secs] [Times: user=5.96 sys=0.01, real=0.17 secs] 
500.028: [GC (Allocation Failure) [PSYoungGen: 22216173K->1138029K(22609920K)] 22438650K->1360507K(25755648K), 0.1734998 secs] [Times: user=6.09 sys=0.00, real=0.18 secs] 
503.163: [GC (Allocation Failure) [PSYoungGen: 22240621K->1115320K(22609920K)] 22463099K->1337797K(25755648K), 0.1684519 secs] [Times: user=5.97 sys=0.01, real=0.16 secs] 
506.271: [GC (Allocation Failure) [PSYoungGen: 22217912K->1127356K(22609920K)] 22440389K->1349833K(25755648K), 0.1705296 secs] [Times: user=6.04 sys=0.00, real=0.18 secs] 
509.390: [GC (Allocation Failure) [PSYoungGen: 22229948K->1158731K(22609920K)] 22452425K->1381209K(25755648K), 0.1761579 secs] [Times: user=6.26 sys=0.00, real=0.18 secs] 
512.542: [GC (Allocation Failure) [PSYoungGen: 22261323K->1136475K(22609920K)] 22483801K->1358953K(25755648K), 0.1728697 secs] [Times: user=6.12 sys=0.01, real=0.18 secs] 
515.666: [GC (Allocation Failure) [PSYoungGen: 22239067K->724745K(22609920K)] 22461545K->1305531K(25755648K), 0.1682942 secs] [Times: user=5.91 sys=0.01, real=0.17 secs] 
518.791: [GC (Allocation Failure) [PSYoungGen: 21827337K->727231K(22609920K)] 22408123K->1309593K(25755648K), 0.1301255 secs] [Times: user=4.53 sys=0.00, real=0.13 secs] 
521.845: [GC (Allocation Failure) [PSYoungGen: 21829823K->744655K(22609920K)] 22412185K->1328778K(25755648K), 0.1316019 secs] [Times: user=4.64 sys=0.00, real=0.13 secs] 
524.951: [GC (Allocation Failure) [PSYoungGen: 21847247K->812129K(22609920K)] 22431370K->1397188K(25755648K), 0.1413861 secs] [Times: user=5.00 sys=0.00, real=0.14 secs] 
528.028: [GC (Allocation Failure) [PSYoungGen: 21914721K->750058K(22609920K)] 22499780K->1336717K(25755648K), 0.1330296 secs] [Times: user=4.71 sys=0.00, real=0.13 secs] 
531.139: [GC (Allocation Failure) [PSYoungGen: 21852650K->731100K(22609920K)] 22439309K->1318815K(25755648K), 0.1305291 secs] [Times: user=4.61 sys=0.01, real=0.13 secs] 
534.153: [GC (Allocation Failure) [PSYoungGen: 21833692K->794571K(22609920K)] 22421407K->1383126K(25755648K), 0.1419201 secs] [Times: user=5.03 sys=0.00, real=0.14 secs] 
537.271: [GC (Allocation Failure) [PSYoungGen: 21897163K->786844K(22609920K)] 22485718K->1376223K(25755648K), 0.1397279 secs] [Times: user=4.90 sys=0.00, real=0.14 secs] 
540.378: [GC (Allocation Failure) [PSYoungGen: 21889436K->746334K(22609920K)] 22478815K->1336522K(25755648K), 0.1362953 secs] [Times: user=4.68 sys=0.00, real=0.13 secs] 
543.543: [GC (Allocation Failure) [PSYoungGen: 21848926K->772001K(22609920K)] 22439114K->1363061K(25755648K), 0.1385014 secs] [Times: user=4.90 sys=0.00, real=0.14 secs] 
546.620: [GC (Allocation Failure) [PSYoungGen: 21874593K->734789K(22609920K)] 22465653K->1326817K(25755648K), 0.1315591 secs] [Times: user=4.66 sys=0.00, real=0.13 secs] 
549.684: [GC (Allocation Failure) [PSYoungGen: 21837381K->772568K(22609920K)] 22429409K->1365315K(25755648K), 0.1392635 secs] [Times: user=4.88 sys=0.00, real=0.14 secs] 
552.779: [GC (Allocation Failure) [PSYoungGen: 21875160K->738552K(22609920K)] 22467907K->1332164K(25755648K), 0.1345684 secs] [Times: user=4.66 sys=0.00, real=0.14 secs] 
555.943: [GC (GCLocker Initiated GC) [PSYoungGen: 21841144K->758418K(22609920K)] 22437483K->1355677K(25755648K), 0.1355801 secs] [Times: user=4.79 sys=0.00, real=0.13 secs] 
559.005: [GC (Allocation Failure) [PSYoungGen: 21861010K->733433K(22609920K)] 22458271K->1331774K(25755648K), 0.1332709 secs] [Times: user=4.66 sys=0.00, real=0.13 secs] 
562.075: [GC (Allocation Failure) [PSYoungGen: 21836025K->833361K(22609920K)] 22434366K->1432718K(25755648K), 0.1491810 secs] [Times: user=5.28 sys=0.01, real=0.15 secs] 
565.177: [GC (Allocation Failure) [PSYoungGen: 21935953K->799342K(22609920K)] 22535310K->1399828K(25755648K), 0.1461964 secs] [Times: user=5.05 sys=0.00, real=0.15 secs] 
568.260: [GC (Allocation Failure) [PSYoungGen: 21901934K->851059K(22609920K)] 22502420K->1453305K(25755648K), 0.1524155 secs] [Times: user=5.40 sys=0.00, real=0.16 secs] 
571.345: [GC (Allocation Failure) [PSYoungGen: 21953651K->850892K(22609920K)] 22555897K->1454626K(25755648K), 0.1496781 secs] [Times: user=5.30 sys=0.00, real=0.15 secs] 
574.455: [GC (Allocation Failure) [PSYoungGen: 21953484K->824464K(22609920K)] 22557218K->1429182K(25755648K), 0.1481929 secs] [Times: user=5.17 sys=0.00, real=0.15 secs] 
577.493: [GC (Allocation Failure) [PSYoungGen: 21927056K->743404K(22609920K)] 22531774K->1349050K(25755648K), 0.1347616 secs] [Times: user=4.76 sys=0.00, real=0.14 secs] 
580.543: [GC (Allocation Failure) [PSYoungGen: 21845996K->787878K(22609920K)] 22451642K->1394525K(25755648K), 0.1420315 secs] [Times: user=5.01 sys=0.00, real=0.15 secs] 
583.609: [GC (Allocation Failure) [PSYoungGen: 21890470K->782479K(22609920K)] 22497117K->1390133K(25755648K), 0.1483205 secs] [Times: user=5.10 sys=0.00, real=0.15 secs] 
586.649: [GC (Allocation Failure) [PSYoungGen: 21885071K->773614K(22609920K)] 22492725K->1382205K(25755648K), 0.1382436 secs] [Times: user=4.89 sys=0.00, real=0.14 secs] 
589.660: [GC (Allocation Failure) [PSYoungGen: 21876206K->944481K(22609920K)] 22484797K->1553967K(25755648K), 0.1636767 secs] [Times: user=5.79 sys=0.01, real=0.16 secs] 
592.829: [GC (Allocation Failure) [PSYoungGen: 22047073K->795390K(22609920K)] 22656559K->1405725K(25755648K), 0.1418693 secs] [Times: user=5.03 sys=0.00, real=0.14 secs] 
595.833: [GC (Allocation Failure) [PSYoungGen: 21897982K->771749K(22609920K)] 22508317K->1383091K(25755648K), 0.1394026 secs] [Times: user=4.89 sys=0.00, real=0.14 secs] 
598.933: [GC (Allocation Failure) [PSYoungGen: 21874341K->764707K(22609920K)] 22485683K->1377561K(25755648K), 0.1396129 secs] [Times: user=4.79 sys=0.00, real=0.14 secs] 
602.005: [GC (Allocation Failure) [PSYoungGen: 21867299K->749081K(22609920K)] 22480153K->1370408K(25755648K), 0.1344636 secs] [Times: user=4.76 sys=0.00, real=0.14 secs] 
605.009: [GC (Allocation Failure) [PSYoungGen: 21851673K->768436K(22609920K)] 22473000K->1390867K(25755648K), 0.1405377 secs] [Times: user=4.85 sys=0.00, real=0.14 secs] 
608.037: [GC (Allocation Failure) [PSYoungGen: 21871028K->753678K(22609920K)] 22493459K->1376941K(25755648K), 0.1353444 secs] [Times: user=4.78 sys=0.01, real=0.14 secs] 
611.056: [GC (Allocation Failure) [PSYoungGen: 21856270K->791138K(22609920K)] 22479533K->1415289K(25755648K), 0.1420797 secs] [Times: user=5.03 sys=0.00, real=0.15 secs] 
614.042: [GC (Allocation Failure) [PSYoungGen: 21893730K->737391K(22609920K)] 22517881K->1362453K(25755648K), 0.1339360 secs] [Times: user=4.69 sys=0.01, real=0.13 secs] 
617.081: [GC (Allocation Failure) [PSYoungGen: 21839983K->783565K(22609920K)] 22465045K->1409323K(25755648K), 0.1393340 secs] [Times: user=4.93 sys=0.00, real=0.14 secs] 
620.056: [GC (Allocation Failure) [PSYoungGen: 21886157K->965910K(22609920K)] 22511915K->1592461K(25755648K), 0.1655344 secs] [Times: user=5.88 sys=0.00, real=0.17 secs] 
623.162: [GC (Allocation Failure) [PSYoungGen: 22068502K->788986K(22609920K)] 22695053K->1416489K(25755648K), 0.1406900 secs] [Times: user=4.94 sys=0.00, real=0.14 secs] 
626.222: [GC (Allocation Failure) [PSYoungGen: 21891578K->776199K(22609920K)] 22519081K->1404542K(25755648K), 0.1381857 secs] [Times: user=4.89 sys=0.01, real=0.14 secs] 
629.266: [GC (Allocation Failure) [PSYoungGen: 21878791K->752657K(22609920K)] 22507134K->1381696K(25755648K), 0.1337943 secs] [Times: user=4.73 sys=0.00, real=0.13 secs] 
632.264: [GC (Allocation Failure) [PSYoungGen: 21855249K->800083K(22609920K)] 22484288K->1429786K(25755648K), 0.1442267 secs] [Times: user=5.00 sys=0.00, real=0.14 secs] 
635.359: [GC (Allocation Failure) [PSYoungGen: 21902675K->753698K(22609920K)] 22532378K->1384217K(25755648K), 0.1341782 secs] [Times: user=4.74 sys=0.00, real=0.14 secs] 
638.360: [GC (Allocation Failure) [PSYoungGen: 21856290K->905872K(22609920K)] 22486809K->1537135K(25755648K), 0.1587790 secs] [Times: user=5.63 sys=0.00, real=0.16 secs] 
641.403: [GC (Allocation Failure) [PSYoungGen: 22008464K->807171K(22609920K)] 22639727K->1439186K(25755648K), 0.1438756 secs] [Times: user=5.07 sys=0.00, real=0.15 secs] 
644.587: [GC (Allocation Failure) [PSYoungGen: 21909763K->772352K(22609920K)] 22541778K->1405071K(25755648K), 0.1389338 secs] [Times: user=4.91 sys=0.00, real=0.14 secs] 
647.663: [GC (Allocation Failure) [PSYoungGen: 21874944K->744842K(22609920K)] 22507663K->1378201K(25755648K), 0.1341976 secs] [Times: user=4.67 sys=0.00, real=0.14 secs] 
649.457: [GC (System.gc()) [PSYoungGen: 10891179K->632740K(22609920K)] 11524538K->1266771K(25755648K), 0.1169482 secs] [Times: user=4.09 sys=0.00, real=0.12 secs] 
649.574: [Full GC (System.gc()) [PSYoungGen: 632740K->0K(22609920K)] [ParOldGen: 634031K->225768K(3145728K)] 1266771K->225768K(25755648K), [Metaspace: 22260K->22260K(1069056K)], 0.1139336 secs] [Times: user=2.72 sys=0.03, real=0.11 secs] 
670.430: [GC (Allocation Failure) [PSYoungGen: 21102592K->971570K(22609920K)] 21328360K->1197347K(25755648K), 0.1571010 secs] [Times: user=5.48 sys=0.00, real=0.16 secs] 
678.166: [GC (Allocation Failure) [PSYoungGen: 22074162K->960991K(22609920K)] 22299939K->1186768K(25755648K), 0.1431963 secs] [Times: user=5.05 sys=0.01, real=0.15 secs] 
683.539: [GC (Allocation Failure) [PSYoungGen: 22063583K->947420K(22609920K)] 22289360K->1173197K(25755648K), 0.1419514 secs] [Times: user=4.98 sys=0.01, real=0.14 secs] 
688.145: [GC (Allocation Failure) [PSYoungGen: 22050012K->1005936K(22609920K)] 22275789K->1231713K(25755648K), 0.1503774 secs] [Times: user=5.31 sys=0.01, real=0.15 secs] 
692.099: [GC (Allocation Failure) [PSYoungGen: 22108528K->1004879K(22609920K)] 22334305K->1230655K(25755648K), 0.1493077 secs] [Times: user=5.28 sys=0.01, real=0.15 secs] 
695.585: [GC (Allocation Failure) [PSYoungGen: 22107471K->1025447K(22609920K)] 22333247K->1251224K(25755648K), 0.1574859 secs] [Times: user=5.38 sys=0.00, real=0.16 secs] 
698.783: [GC (Allocation Failure) [PSYoungGen: 22128039K->1078023K(22609920K)] 22353816K->1303800K(25755648K), 0.1636161 secs] [Times: user=5.77 sys=0.00, real=0.16 secs] 
702.000: [GC (Allocation Failure) [PSYoungGen: 22180615K->1136596K(22609920K)] 22406392K->1362372K(25755648K), 0.1720478 secs] [Times: user=6.09 sys=0.01, real=0.17 secs] 
705.107: [GC (Allocation Failure) [PSYoungGen: 22239188K->1093498K(22609920K)] 22464964K->1319274K(25755648K), 0.1669231 secs] [Times: user=5.79 sys=0.00, real=0.17 secs] 
708.175: [GC (Allocation Failure) [PSYoungGen: 22196090K->1135236K(22609920K)] 22421866K->1361012K(25755648K), 0.1715914 secs] [Times: user=6.07 sys=0.00, real=0.17 secs] 
711.271: [GC (Allocation Failure) [PSYoungGen: 22237828K->1103386K(22609920K)] 22463604K->1329163K(25755648K), 0.1666341 secs] [Times: user=5.90 sys=0.00, real=0.17 secs] 
714.394: [GC (Allocation Failure) [PSYoungGen: 22205978K->1220437K(22609920K)] 22431755K->1446214K(25755648K), 0.1911898 secs] [Times: user=6.72 sys=0.00, real=0.20 secs] 
717.486: [GC (Allocation Failure) [PSYoungGen: 22323029K->1059223K(22609920K)] 22548806K->1284999K(25755648K), 0.1591477 secs] [Times: user=5.63 sys=0.00, real=0.16 secs] 
720.604: [GC (Allocation Failure) [PSYoungGen: 22161815K->1134897K(22609920K)] 22387591K->1360674K(25755648K), 0.1723021 secs] [Times: user=6.05 sys=0.00, real=0.18 secs] 
723.741: [GC (Allocation Failure) [PSYoungGen: 22237489K->1098432K(22609920K)] 22463266K->1324209K(25755648K), 0.1646002 secs] [Times: user=5.83 sys=0.00, real=0.17 secs] 
726.834: [GC (Allocation Failure) [PSYoungGen: 22201024K->753905K(22609920K)] 22426801K->1338691K(25755648K), 0.1736755 secs] [Times: user=6.15 sys=0.00, real=0.18 secs] 
729.963: [GC (Allocation Failure) [PSYoungGen: 21856497K->813546K(22609920K)] 22441283K->1399956K(25755648K), 0.1461987 secs] [Times: user=5.06 sys=0.01, real=0.15 secs] 
732.979: [GC (System.gc()) [PSYoungGen: 19434401K->636389K(22609920K)] 20020811K->1224135K(25755648K), 0.1208859 secs] [Times: user=4.27 sys=0.00, real=0.12 secs] 
733.100: [Full GC (System.gc()) [PSYoungGen: 636389K->0K(22609920K)] [ParOldGen: 587746K->223228K(3145728K)] 1224135K->223228K(25755648K), [Metaspace: 22344K->22344K(1069056K)], 0.1016775 secs] [Times: user=2.36 sys=0.01, real=0.10 secs] 
739.490: [GC (System.gc()) [PSYoungGen: 3332541K->544K(22609920K)] 3555770K->223772K(25755648K), 0.0077861 secs] [Times: user=0.09 sys=0.00, real=0.00 secs] 
739.498: [Full GC (System.gc()) [PSYoungGen: 544K->0K(22609920K)] [ParOldGen: 223228K->219653K(3145728K)] 223772K->219653K(25755648K), [Metaspace: 22359K->22359K(1069056K)], 0.1871507 secs] [Times: user=5.36 sys=0.03, real=0.18 secs] 
764.129: [GC (Allocation Failure) [PSYoungGen: 21102592K->944973K(22609920K)] 21322245K->1164634K(25755648K), 0.1592190 secs] [Times: user=5.40 sys=0.00, real=0.16 secs] 
786.442: [GC (Allocation Failure) [PSYoungGen: 22047565K->917662K(22609920K)] 22267226K->1137324K(25755648K), 0.1392623 secs] [Times: user=4.91 sys=0.00, real=0.14 secs] 
808.570: [GC (Allocation Failure) [PSYoungGen: 22020254K->922861K(22609920K)] 22239916K->1142523K(25755648K), 0.1407813 secs] [Times: user=4.82 sys=0.00, real=0.14 secs] 
830.751: [GC (Allocation Failure) [PSYoungGen: 22025453K->918245K(22609920K)] 22245115K->1137915K(25755648K), 0.1403198 secs] [Times: user=4.88 sys=0.00, real=0.14 secs] 
852.788: [GC (Allocation Failure) [PSYoungGen: 22020837K->919086K(22609920K)] 22240507K->1138755K(25755648K), 0.1419147 secs] [Times: user=4.95 sys=0.00, real=0.14 secs] 
874.947: [GC (Allocation Failure) [PSYoungGen: 22021678K->924222K(22609920K)] 22241347K->1143892K(25755648K), 0.1418590 secs] [Times: user=4.98 sys=0.00, real=0.15 secs] 
897.034: [GC (Allocation Failure) [PSYoungGen: 22026814K->924582K(22609920K)] 22246484K->1144251K(25755648K), 0.1395551 secs] [Times: user=4.92 sys=0.00, real=0.14 secs] 
919.126: [GC (Allocation Failure) [PSYoungGen: 22027174K->927925K(22609920K)] 22246843K->1147594K(25755648K), 0.1433482 secs] [Times: user=4.93 sys=0.00, real=0.14 secs] 
1098.028: [GC (Allocation Failure) [PSYoungGen: 22030517K->913854K(22609920K)] 22250186K->1133523K(25755648K), 0.1508251 secs] [Times: user=4.97 sys=0.01, real=0.15 secs] 
1178.798: [GC (Allocation Failure) [PSYoungGen: 22016446K->913302K(22609920K)] 22236115K->1132972K(25755648K), 0.1460765 secs] [Times: user=5.12 sys=0.01, real=0.15 secs] 
1235.600: [GC (Allocation Failure) [PSYoungGen: 22015894K->914574K(22609920K)] 22235564K->1134244K(25755648K), 0.1373676 secs] [Times: user=4.83 sys=0.00, real=0.14 secs] 
1282.427: [GC (Allocation Failure) [PSYoungGen: 22017166K->914157K(22609920K)] 22236836K->1133827K(25755648K), 0.1452102 secs] [Times: user=5.11 sys=0.01, real=0.15 secs] 
1324.352: [GC (Allocation Failure) [PSYoungGen: 22016749K->918886K(22609920K)] 22236419K->1138563K(25755648K), 0.1373225 secs] [Times: user=4.84 sys=0.00, real=0.14 secs] 
1360.964: [GC (Allocation Failure) [PSYoungGen: 22021478K->917910K(22609920K)] 22241155K->1137587K(25755648K), 0.1410989 secs] [Times: user=4.92 sys=0.01, real=0.14 secs] 
1394.997: [GC (Allocation Failure) [PSYoungGen: 22020502K->919215K(22609920K)] 22240179K->1138892K(25755648K), 0.1395042 secs] [Times: user=4.91 sys=0.00, real=0.13 secs] 
1426.414: [GC (Allocation Failure) [PSYoungGen: 22021807K->562597K(22609920K)] 22241484K->1142439K(25755648K), 0.1455952 secs] [Times: user=5.09 sys=0.00, real=0.14 secs] 
1456.017: [GC (Allocation Failure) [PSYoungGen: 21665189K->560101K(22609920K)] 22245031K->1141920K(25755648K), 0.1068505 secs] [Times: user=3.75 sys=0.00, real=0.10 secs] 
1483.498: [GC (Allocation Failure) [PSYoungGen: 21662693K->556357K(22609920K)] 22244512K->1139424K(25755648K), 0.1027816 secs] [Times: user=3.61 sys=0.00, real=0.11 secs] 
1510.779: [GC (Allocation Failure) [PSYoungGen: 21658949K->558484K(22609920K)] 22242016K->1142400K(25755648K), 0.1080699 secs] [Times: user=3.77 sys=0.00, real=0.11 secs] 
1535.247: [GC (Allocation Failure) [PSYoungGen: 21661076K->561765K(22609920K)] 22244992K->1146264K(25755648K), 0.1094713 secs] [Times: user=3.77 sys=0.00, real=0.11 secs] 
1559.703: [GC (Allocation Failure) [PSYoungGen: 21664357K->557604K(22609920K)] 22248856K->1143544K(25755648K), 0.1080746 secs] [Times: user=3.74 sys=0.00, real=0.10 secs] 
1583.159: [GC (Allocation Failure) [PSYoungGen: 21660196K->561492K(22609920K)] 22246136K->1147896K(25755648K), 0.1138110 secs] [Times: user=3.80 sys=0.01, real=0.11 secs] 
1605.165: [GC (Allocation Failure) [PSYoungGen: 21664084K->574656K(22609920K)] 22250488K->1161627K(25755648K), 0.1074313 secs] [Times: user=3.75 sys=0.00, real=0.11 secs] 
1627.131: [GC (Allocation Failure) [PSYoungGen: 21677248K->566004K(22609920K)] 22264219K->1154072K(25755648K), 0.1067773 secs] [Times: user=3.75 sys=0.00, real=0.11 secs] 
1648.299: [GC (Allocation Failure) [PSYoungGen: 21668596K->560452K(22609920K)] 22256664K->1148984K(25755648K), 0.1050108 secs] [Times: user=3.67 sys=0.00, real=0.10 secs] 
1668.311: [GC (Allocation Failure) [PSYoungGen: 21663044K->555220K(22609920K)] 22251576K->1144168K(25755648K), 0.1060454 secs] [Times: user=3.62 sys=0.00, real=0.10 secs] 
1688.257: [GC (Allocation Failure) [PSYoungGen: 21657812K->565332K(22609920K)] 22246760K->1154712K(25755648K), 0.1107068 secs] [Times: user=3.71 sys=0.00, real=0.11 secs] 
1707.951: [GC (Allocation Failure) [PSYoungGen: 21667924K->569908K(22609920K)] 22257304K->1159872K(25755648K), 0.1067549 secs] [Times: user=3.75 sys=0.00, real=0.11 secs] 
1726.311: [GC (Allocation Failure) [PSYoungGen: 21672500K->562522K(22609920K)] 22262464K->1152974K(25755648K), 0.1044223 secs] [Times: user=3.65 sys=0.00, real=0.10 secs] 
1744.701: [GC (Allocation Failure) [PSYoungGen: 21665114K->559748K(22609920K)] 22255566K->1150720K(25755648K), 0.1080704 secs] [Times: user=3.81 sys=0.00, real=0.10 secs] 
1762.993: [GC (Allocation Failure) [PSYoungGen: 21662340K->564772K(22609920K)] 22253312K->1156216K(25755648K), 0.1045212 secs] [Times: user=3.69 sys=0.01, real=0.11 secs] 
1780.523: [GC (Allocation Failure) [PSYoungGen: 21667364K->559028K(22609920K)] 22258808K->1150944K(25755648K), 0.1076948 secs] [Times: user=3.79 sys=0.01, real=0.11 secs] 
1797.424: [GC (Allocation Failure) [PSYoungGen: 21661620K->557748K(22609920K)] 22253536K->1150192K(25755648K), 0.1074111 secs] [Times: user=3.78 sys=0.01, real=0.11 secs] 
1814.323: [GC (Allocation Failure) [PSYoungGen: 21660340K->557300K(22609920K)] 22252784K->1150216K(25755648K), 0.1031791 secs] [Times: user=3.60 sys=0.00, real=0.10 secs] 
1831.246: [GC (Allocation Failure) [PSYoungGen: 21659892K->568484K(22609920K)] 22252808K->1161904K(25755648K), 0.1089462 secs] [Times: user=3.82 sys=0.00, real=0.11 secs] 
1847.338: [GC (Allocation Failure) [PSYoungGen: 21671076K->564840K(22609920K)] 22264496K->1158829K(25755648K), 0.1089698 secs] [Times: user=3.76 sys=0.01, real=0.11 secs] 
1863.225: [GC (Allocation Failure) [PSYoungGen: 21667432K->570756K(22609920K)] 22261421K->1165256K(25755648K), 0.1053679 secs] [Times: user=3.71 sys=0.01, real=0.11 secs] 
1879.038: [GC (Allocation Failure) [PSYoungGen: 21673348K->564740K(22609920K)] 22267848K->1159728K(25755648K), 0.1108842 secs] [Times: user=3.82 sys=0.00, real=0.11 secs] 
1894.891: [GC (Allocation Failure) [PSYoungGen: 21667332K->562724K(22609920K)] 22262320K->1158208K(25755648K), 0.1051234 secs] [Times: user=3.69 sys=0.00, real=0.11 secs] 
1910.094: [GC (Allocation Failure) [PSYoungGen: 21665316K->572665K(22609920K)] 22260800K->1168654K(25755648K), 0.1100413 secs] [Times: user=3.73 sys=0.00, real=0.11 secs] 
1925.028: [GC (Allocation Failure) [PSYoungGen: 21675257K->566660K(22609920K)] 22271246K->1163184K(25755648K), 0.1075065 secs] [Times: user=3.64 sys=0.00, real=0.10 secs] 
1939.859: [GC (Allocation Failure) [PSYoungGen: 21669252K->564356K(22609920K)] 22265776K->1161400K(25755648K), 0.1093383 secs] [Times: user=3.84 sys=0.01, real=0.11 secs] 
1954.818: [GC (Allocation Failure) [PSYoungGen: 21666948K->564132K(22609920K)] 22263992K->1161664K(25755648K), 0.1043425 secs] [Times: user=3.67 sys=0.00, real=0.11 secs] 
1969.405: [GC (Allocation Failure) [PSYoungGen: 21666724K->570569K(22609920K)] 22264256K->1168557K(25755648K), 0.1065575 secs] [Times: user=3.72 sys=0.00, real=0.10 secs] 
1983.468: [GC (Allocation Failure) [PSYoungGen: 21673161K->560820K(22609920K)] 22271149K->1159289K(25755648K), 0.1071945 secs] [Times: user=3.77 sys=0.01, real=0.10 secs] 
1997.516: [GC (Allocation Failure) [PSYoungGen: 21663412K->565764K(22609920K)] 22261881K->1164776K(25755648K), 0.1101357 secs] [Times: user=3.87 sys=0.00, real=0.11 secs] 
2011.688: [GC (Allocation Failure) [PSYoungGen: 21668356K->569812K(22609920K)] 22267368K->1169369K(25755648K), 0.1098795 secs] [Times: user=3.85 sys=0.01, real=0.11 secs] 
2025.792: [GC (Allocation Failure) [PSYoungGen: 21672404K->569700K(22609920K)] 22271961K->1169745K(25755648K), 0.1071348 secs] [Times: user=3.70 sys=0.00, real=0.11 secs] 
2039.537: [GC (Allocation Failure) [PSYoungGen: 21672292K->578844K(22609920K)] 22272337K->1179377K(25755648K), 0.1111741 secs] [Times: user=3.87 sys=0.00, real=0.11 secs] 
2052.808: [GC (Allocation Failure) [PSYoungGen: 21681436K->566244K(22609920K)] 22281969K->1167248K(25755648K), 0.1081475 secs] [Times: user=3.80 sys=0.00, real=0.10 secs] 
2066.155: [GC (Allocation Failure) [PSYoungGen: 21668836K->583230K(22609920K)] 22269840K->1184754K(25755648K), 0.1107619 secs] [Times: user=3.65 sys=0.01, real=0.11 secs] 
2079.368: [GC (Allocation Failure) [PSYoungGen: 21685822K->563812K(22609920K)] 22287346K->1165913K(25755648K), 0.1087184 secs] [Times: user=3.76 sys=0.00, real=0.11 secs] 
2092.909: [GC (Allocation Failure) [PSYoungGen: 21666404K->590569K(22609920K)] 22268505K->1193141K(25755648K), 0.1116456 secs] [Times: user=3.93 sys=0.00, real=0.11 secs] 
2106.253: [GC (Allocation Failure) [PSYoungGen: 21693161K->574020K(22609920K)] 22295733K->1177072K(25755648K), 0.1144375 secs] [Times: user=3.82 sys=0.00, real=0.12 secs] 
2118.950: [GC (Allocation Failure) [PSYoungGen: 21676612K->592402K(22609920K)] 22279664K->1196007K(25755648K), 0.1138918 secs] [Times: user=3.90 sys=0.00, real=0.11 secs] 
2131.519: [GC (Allocation Failure) [PSYoungGen: 21694994K->566724K(22609920K)] 22298599K->1170889K(25755648K), 0.1050144 secs] [Times: user=3.69 sys=0.00, real=0.10 secs] 
2144.275: [GC (Allocation Failure) [PSYoungGen: 21669316K->574500K(22609920K)] 22273481K->1179209K(25755648K), 0.1061499 secs] [Times: user=3.74 sys=0.00, real=0.11 secs] 
2156.963: [GC (Allocation Failure) [PSYoungGen: 21677092K->574212K(22609920K)] 22281801K->1179473K(25755648K), 0.1094612 secs] [Times: user=3.86 sys=0.01, real=0.10 secs] 
2169.726: [GC (Allocation Failure) [PSYoungGen: 21676804K->569972K(22609920K)] 22282065K->1175697K(25755648K), 0.1094218 secs] [Times: user=3.74 sys=0.00, real=0.11 secs] 
2181.869: [GC (Allocation Failure) [PSYoungGen: 21672564K->569252K(22609920K)] 22278289K->1175513K(25755648K), 0.1058759 secs] [Times: user=3.70 sys=0.00, real=0.10 secs] 
2193.872: [GC (Allocation Failure) [PSYoungGen: 21671844K->566340K(22609920K)] 22278105K->1173105K(25755648K), 0.1096976 secs] [Times: user=3.85 sys=0.00, real=0.11 secs] 
2206.089: [GC (Allocation Failure) [PSYoungGen: 21668932K->572068K(22609920K)] 22275697K->1179393K(25755648K), 0.1100766 secs] [Times: user=3.79 sys=0.00, real=0.11 secs] 
2218.075: [GC (Allocation Failure) [PSYoungGen: 21674660K->571460K(22609920K)] 22281985K->1179209K(25755648K), 0.1077766 secs] [Times: user=3.73 sys=0.00, real=0.11 secs] 
2230.161: [GC (Allocation Failure) [PSYoungGen: 21674052K->577652K(22609920K)] 22281801K->1185985K(25755648K), 0.1081365 secs] [Times: user=3.76 sys=0.01, real=0.11 secs] 
2241.936: [GC (Allocation Failure) [PSYoungGen: 21680244K->574743K(22609920K)] 22288577K->1183531K(25755648K), 0.1066919 secs] [Times: user=3.73 sys=0.00, real=0.11 secs] 
2253.605: [GC (Allocation Failure) [PSYoungGen: 21677335K->565444K(22609920K)] 22286123K->1174705K(25755648K), 0.1067774 secs] [Times: user=3.64 sys=0.00, real=0.11 secs] 
2265.063: [GC (Allocation Failure) [PSYoungGen: 21668036K->578391K(22609920K)] 22277297K->1188116K(25755648K), 0.1083875 secs] [Times: user=3.77 sys=0.00, real=0.11 secs] 
2276.681: [GC (Allocation Failure) [PSYoungGen: 21680983K->581753K(22609920K)] 22290708K->1192013K(25755648K), 0.1091465 secs] [Times: user=3.74 sys=0.00, real=0.10 secs] 
2288.233: [GC (Allocation Failure) [PSYoungGen: 21684345K->590228K(22609920K)] 22294605K->1201033K(25755648K), 0.1108964 secs] [Times: user=3.90 sys=0.01, real=0.12 secs] 
2299.764: [GC (Allocation Failure) [PSYoungGen: 21692820K->576724K(22609920K)] 22303625K->1188033K(25755648K), 0.1102104 secs] [Times: user=3.87 sys=0.00, real=0.11 secs] 
2311.074: [GC (Allocation Failure) [PSYoungGen: 21679316K->573220K(22609920K)] 22290625K->1185025K(25755648K), 0.1065606 secs] [Times: user=3.69 sys=0.00, real=0.11 secs] 
2322.032: [GC (Allocation Failure) [PSYoungGen: 21675812K->573828K(22609920K)] 22287617K->1186065K(25755648K), 0.1082732 secs] [Times: user=3.72 sys=0.00, real=0.11 secs] 
2333.044: [GC (Allocation Failure) [PSYoungGen: 21676360K->574404K(22609920K)] 22288597K->1187057K(25755648K), 0.1066987 secs] [Times: user=3.75 sys=0.00, real=0.11 secs] 
2343.929: [GC (Allocation Failure) [PSYoungGen: 21676996K->571428K(22609920K)] 22289649K->1184537K(25755648K), 0.1107143 secs] [Times: user=3.86 sys=0.00, real=0.11 secs] 
2354.847: [GC (Allocation Failure) [PSYoungGen: 21674020K->571300K(22609920K)] 22287129K->1184897K(25755648K), 0.1076342 secs] [Times: user=3.75 sys=0.00, real=0.11 secs] 
2365.829: [GC (Allocation Failure) [PSYoungGen: 21673892K->570468K(22609920K)] 22287489K->1184585K(25755648K), 0.1071971 secs] [Times: user=3.66 sys=0.01, real=0.11 secs] 
2376.629: [GC (Allocation Failure) [PSYoungGen: 21673060K->574233K(22609920K)] 22287177K->1188870K(25755648K), 0.1067865 secs] [Times: user=3.74 sys=0.00, real=0.10 secs] 
2387.308: [GC (Allocation Failure) [PSYoungGen: 21676825K->579102K(22609920K)] 22291462K->1194355K(25755648K), 0.1065952 secs] [Times: user=3.75 sys=0.00, real=0.11 secs] 
2397.997: [GC (Allocation Failure) [PSYoungGen: 21681694K->587465K(22609920K)] 22296947K->1203254K(25755648K), 0.1078586 secs] [Times: user=3.79 sys=0.01, real=0.11 secs] 
2408.373: [GC (Allocation Failure) [PSYoungGen: 21690057K->563588K(22609920K)] 22305846K->1179849K(25755648K), 0.1069154 secs] [Times: user=3.56 sys=0.00, real=0.10 secs] 
2418.895: [GC (Allocation Failure) [PSYoungGen: 21666180K->571588K(22609920K)] 22282441K->1188417K(25755648K), 0.1091586 secs] [Times: user=3.83 sys=0.00, real=0.11 secs] 
2429.526: [GC (Allocation Failure) [PSYoungGen: 21674180K->590340K(22609920K)] 22291009K->1207705K(25755648K), 0.1094495 secs] [Times: user=3.85 sys=0.00, real=0.11 secs] 
2439.980: [GC (Allocation Failure) [PSYoungGen: 21692932K->594749K(22609920K)] 22310297K->1212554K(25755648K), 0.1130200 secs] [Times: user=3.98 sys=0.00, real=0.11 secs] 
2450.159: [GC (Allocation Failure) [PSYoungGen: 21697341K->597945K(22609920K)] 22315146K->1216254K(25755648K), 0.1147735 secs] [Times: user=4.00 sys=0.00, real=0.11 secs] 
2460.239: [GC (Allocation Failure) [PSYoungGen: 21700537K->584148K(22609920K)] 22318846K->1202977K(25755648K), 0.1085951 secs] [Times: user=3.83 sys=0.00, real=0.11 secs] 
2470.323: [GC (Allocation Failure) [PSYoungGen: 21686740K->572073K(22609920K)] 22305569K->1191422K(25755648K), 0.1063067 secs] [Times: user=3.74 sys=0.00, real=0.10 secs] 
2480.620: [GC (Allocation Failure) [PSYoungGen: 21674665K->573529K(22609920K)] 22294014K->1193317K(25755648K), 0.1072104 secs] [Times: user=3.72 sys=0.00, real=0.11 secs] 
2490.607: [GC (Allocation Failure) [PSYoungGen: 21676121K->584962K(22609920K)] 22295909K->1205270K(25755648K), 0.1095360 secs] [Times: user=3.83 sys=0.01, real=0.11 secs] 
2500.820: [GC (Allocation Failure) [PSYoungGen: 21687554K->580119K(22609920K)] 22307862K->1201027K(25755648K), 0.1094199 secs] [Times: user=3.80 sys=0.00, real=0.11 secs] 
2510.799: [GC (Allocation Failure) [PSYoungGen: 21682711K->577828K(22609920K)] 22303619K->1199209K(25755648K), 0.1122555 secs] [Times: user=3.86 sys=0.00, real=0.11 secs] 
2520.527: [GC (Allocation Failure) [PSYoungGen: 21680420K->598216K(22609920K)] 22301801K->1220085K(25755648K), 0.1107639 secs] [Times: user=3.90 sys=0.00, real=0.12 secs] 
2530.222: [GC (Allocation Failure) [PSYoungGen: 21700808K->582052K(22609920K)] 22322677K->1204305K(25755648K), 0.1086563 secs] [Times: user=3.80 sys=0.00, real=0.11 secs] 
2539.978: [GC (Allocation Failure) [PSYoungGen: 21684644K->581257K(22609920K)] 22306897K->1204086K(25755648K), 0.1097247 secs] [Times: user=3.85 sys=0.00, real=0.11 secs] 
2549.628: [GC (Allocation Failure) [PSYoungGen: 21683849K->576980K(22609920K)] 22306678K->1200313K(25755648K), 0.1095067 secs] [Times: user=3.81 sys=0.00, real=0.11 secs] 
2559.310: [GC (Allocation Failure) [PSYoungGen: 21679572K->568804K(22609920K)] 22302905K->1192681K(25755648K), 0.1059764 secs] [Times: user=3.73 sys=0.00, real=0.11 secs] 
2569.005: [GC (Allocation Failure) [PSYoungGen: 21671396K->584057K(22609920K)] 22295273K->1208510K(25755648K), 0.1115558 secs] [Times: user=3.92 sys=0.00, real=0.12 secs] 
2578.966: [GC (Allocation Failure) [PSYoungGen: 21686649K->581828K(22609920K)] 22311102K->1206801K(25755648K), 0.1145866 secs] [Times: user=3.88 sys=0.00, real=0.12 secs] 
2588.541: [GC (Allocation Failure) [PSYoungGen: 21684420K->569956K(22609920K)] 22309393K->1195329K(25755648K), 0.1069973 secs] [Times: user=3.73 sys=0.00, real=0.10 secs] 
2597.928: [GC (Allocation Failure) [PSYoungGen: 21672548K->584356K(22609920K)] 22297921K->1210337K(25755648K), 0.1111322 secs] [Times: user=3.86 sys=0.00, real=0.11 secs] 
2607.464: [GC (Allocation Failure) [PSYoungGen: 21686948K->569156K(22609920K)] 22312929K->1195577K(25755648K), 0.1061083 secs] [Times: user=3.73 sys=0.00, real=0.10 secs] 
2616.719: [GC (Allocation Failure) [PSYoungGen: 21671748K->579044K(22609920K)] 22298169K->1205977K(25755648K), 0.1066126 secs] [Times: user=3.75 sys=0.00, real=0.11 secs] 
2626.152: [GC (Allocation Failure) [PSYoungGen: 21681636K->580644K(22609920K)] 22308569K->1208065K(25755648K), 0.1075619 secs] [Times: user=3.78 sys=0.00, real=0.11 secs] 
2635.620: [GC (Allocation Failure) [PSYoungGen: 21683236K->573828K(22609920K)] 22310657K->1201697K(25755648K), 0.1059642 secs] [Times: user=3.72 sys=0.00, real=0.11 secs] 
2645.168: [GC (Allocation Failure) [PSYoungGen: 21676420K->582012K(22609920K)] 22304289K->1210424K(25755648K), 0.1105964 secs] [Times: user=3.77 sys=0.00, real=0.11 secs] 
2654.637: [GC (Allocation Failure) [PSYoungGen: 21684604K->577977K(22609920K)] 22313016K->1206894K(25755648K), 0.1091524 secs] [Times: user=3.71 sys=0.00, real=0.11 secs] 
2663.705: [GC (Allocation Failure) [PSYoungGen: 21680569K->574148K(22609920K)] 22309486K->1203497K(25755648K), 0.1085555 secs] [Times: user=3.81 sys=0.00, real=0.11 secs] 
2672.764: [GC (Allocation Failure) [PSYoungGen: 21676740K->589097K(22609920K)] 22306089K->1219006K(25755648K), 0.1131086 secs] [Times: user=3.96 sys=0.00, real=0.11 secs] 
2681.814: [GC (Allocation Failure) [PSYoungGen: 21691689K->601449K(22609920K)] 22321598K->1231910K(25755648K), 0.1108328 secs] [Times: user=3.89 sys=0.00, real=0.11 secs] 
2691.082: [GC (Allocation Failure) [PSYoungGen: 21704041K->612574K(22609920K)] 22334502K->1243459K(25755648K), 0.1147201 secs] [Times: user=3.83 sys=0.01, real=0.12 secs] 
2699.973: [GC (Allocation Failure) [PSYoungGen: 21715166K->579844K(22609920K)] 22346051K->1211313K(25755648K), 0.1082110 secs] [Times: user=3.80 sys=0.01, real=0.11 secs] 
2709.034: [GC (Allocation Failure) [PSYoungGen: 21682436K->588612K(22609920K)] 22313905K->1220473K(25755648K), 0.1104672 secs] [Times: user=3.89 sys=0.00, real=0.11 secs] 
2718.079: [GC (Allocation Failure) [PSYoungGen: 21691204K->581860K(22609920K)] 22323065K->1214257K(25755648K), 0.1104042 secs] [Times: user=3.81 sys=0.00, real=0.11 secs] 
2727.233: [GC (Allocation Failure) [PSYoungGen: 21684452K->584964K(22609920K)] 22316849K->1217809K(25755648K), 0.1116427 secs] [Times: user=3.92 sys=0.00, real=0.11 secs] 
2736.079: [GC (Allocation Failure) [PSYoungGen: 21687556K->603977K(22609920K)] 22320401K->1237189K(25755648K), 0.1129714 secs] [Times: user=3.93 sys=0.00, real=0.12 secs] 
2744.881: [GC (Allocation Failure) [PSYoungGen: 21706569K->594105K(22609920K)] 22339781K->1227766K(25755648K), 0.1133698 secs] [Times: user=4.00 sys=0.01, real=0.12 secs] 
2753.697: [GC (Allocation Failure) [PSYoungGen: 21696697K->589241K(22609920K)] 22330358K->1223437K(25755648K), 0.1091179 secs] [Times: user=3.84 sys=0.00, real=0.11 secs] 
2762.364: [GC (Allocation Failure) [PSYoungGen: 21691833K->593895K(22609920K)] 22326029K->1228468K(25755648K), 0.1123586 secs] [Times: user=3.96 sys=0.00, real=0.12 secs] 
2771.133: [GC (Allocation Failure) [PSYoungGen: 21696487K->584868K(22609920K)] 22331060K->1219977K(25755648K), 0.1076832 secs] [Times: user=3.79 sys=0.00, real=0.11 secs] 
2779.679: [GC (Allocation Failure) [PSYoungGen: 21687460K->601742K(22609920K)] 22322569K->1237458K(25755648K), 0.1127258 secs] [Times: user=3.98 sys=0.00, real=0.11 secs] 
2788.299: [GC (Allocation Failure) [PSYoungGen: 21704334K->572196K(22609920K)] 22340050K->1208281K(25755648K), 0.1106814 secs] [Times: user=3.89 sys=0.00, real=0.11 secs] 
2797.245: [GC (Allocation Failure) [PSYoungGen: 21674788K->590052K(22609920K)] 22310873K->1226641K(25755648K), 0.1094095 secs] [Times: user=3.85 sys=0.00, real=0.11 secs] 
2805.846: [GC (Allocation Failure) [PSYoungGen: 21692644K->586102K(22609920K)] 22329233K->1223235K(25755648K), 0.1082768 secs] [Times: user=3.79 sys=0.00, real=0.11 secs] 
2814.239: [GC (Allocation Failure) [PSYoungGen: 21688694K->605108K(22609920K)] 22325827K->1242641K(25755648K), 0.1105626 secs] [Times: user=3.89 sys=0.01, real=0.11 secs] 
2822.711: [GC (Allocation Failure) [PSYoungGen: 21707700K->589156K(22609920K)] 22345233K->1227225K(25755648K), 0.1094925 secs] [Times: user=3.81 sys=0.01, real=0.11 secs] 
2831.260: [GC (Allocation Failure) [PSYoungGen: 21691748K->594308K(22609920K)] 22329817K->1232745K(25755648K), 0.1108713 secs] [Times: user=3.89 sys=0.00, real=0.11 secs] 
2839.886: [GC (Allocation Failure) [PSYoungGen: 21696900K->587773K(22609920K)] 22335337K->1226810K(25755648K), 0.1090999 secs] [Times: user=3.85 sys=0.00, real=0.11 secs] 
2848.330: [GC (Allocation Failure) [PSYoungGen: 21690365K->578436K(22609920K)] 22329402K->1217857K(25755648K), 0.1077127 secs] [Times: user=3.77 sys=0.00, real=0.11 secs] 
2856.754: [GC (Allocation Failure) [PSYoungGen: 21681028K->608265K(22609920K)] 22320449K->1248134K(25755648K), 0.1158908 secs] [Times: user=3.93 sys=0.00, real=0.12 secs] 
2865.281: [GC (Allocation Failure) [PSYoungGen: 21710857K->599300K(22609920K)] 22350726K->1239761K(25755648K), 0.1152247 secs] [Times: user=4.02 sys=0.01, real=0.12 secs] 
2873.662: [GC (Allocation Failure) [PSYoungGen: 21701892K->580292K(22609920K)] 22342353K->1221169K(25755648K), 0.1079956 secs] [Times: user=3.81 sys=0.00, real=0.11 secs] 
2881.945: [GC (Allocation Failure) [PSYoungGen: 21682884K->582692K(22609920K)] 22323761K->1224049K(25755648K), 0.1090336 secs] [Times: user=3.83 sys=0.01, real=0.11 secs] 
2890.106: [GC (Allocation Failure) [PSYoungGen: 21685284K->584388K(22609920K)] 22326641K->1226185K(25755648K), 0.1124781 secs] [Times: user=3.94 sys=0.00, real=0.11 secs] 
2898.407: [GC (Allocation Failure) [PSYoungGen: 21686980K->576185K(22609920K)] 22328777K->1218350K(25755648K), 0.1117220 secs] [Times: user=3.86 sys=0.00, real=0.11 secs] 
2906.489: [GC (Allocation Failure) [PSYoungGen: 21678777K->592723K(22609920K)] 22320942K->1235463K(25755648K), 0.1097542 secs] [Times: user=3.87 sys=0.00, real=0.11 secs] 
2914.577: [GC (Allocation Failure) [PSYoungGen: 21695315K->587316K(22609920K)] 22338055K->1230505K(25755648K), 0.1088567 secs] [Times: user=3.82 sys=0.00, real=0.11 secs] 
2922.769: [GC (Allocation Failure) [PSYoungGen: 21689908K->585700K(22609920K)] 22333097K->1229321K(25755648K), 0.1090692 secs] [Times: user=3.80 sys=0.00, real=0.11 secs] 
2931.035: [GC (Allocation Failure) [PSYoungGen: 21688292K->590868K(22609920K)] 22331913K->1234937K(25755648K), 0.1083620 secs] [Times: user=3.81 sys=0.00, real=0.11 secs] 
2939.146: [GC (Allocation Failure) [PSYoungGen: 21693460K->610291K(22609920K)] 22337529K->1254824K(25755648K), 0.1128347 secs] [Times: user=3.95 sys=0.01, real=0.11 secs] 
2947.241: [GC (Allocation Failure) [PSYoungGen: 21712883K->601108K(22609920K)] 22357416K->1246121K(25755648K), 0.1125835 secs] [Times: user=3.96 sys=0.01, real=0.12 secs] 
2955.251: [GC (Allocation Failure) [PSYoungGen: 21703700K->609337K(22609920K)] 22348713K->1254806K(25755648K), 0.1127737 secs] [Times: user=3.94 sys=0.00, real=0.12 secs] 
2963.109: [GC (Allocation Failure) [PSYoungGen: 21711929K->584244K(22609920K)] 22357398K->1230137K(25755648K), 0.1080113 secs] [Times: user=3.79 sys=0.00, real=0.11 secs] 
2971.059: [GC (Allocation Failure) [PSYoungGen: 21686836K->604857K(22609920K)] 22332729K->1251286K(25755648K), 0.1120099 secs] [Times: user=3.93 sys=0.01, real=0.11 secs] 
2979.027: [GC (Allocation Failure) [PSYoungGen: 21707449K->602265K(22609920K)] 22353878K->1249269K(25755648K), 0.1105739 secs] [Times: user=3.90 sys=0.00, real=0.12 secs] 
2987.129: [GC (Allocation Failure) [PSYoungGen: 21704857K->594665K(22609920K)] 22351861K->1242030K(25755648K), 0.1089735 secs] [Times: user=3.83 sys=0.00, real=0.11 secs] 
2995.047: [GC (Allocation Failure) [PSYoungGen: 21697257K->587012K(22609920K)] 22344622K->1234881K(25755648K), 0.1102363 secs] [Times: user=3.84 sys=0.01, real=0.11 secs] 
3003.200: [GC (Allocation Failure) [PSYoungGen: 21689604K->590884K(22609920K)] 22337473K->1239385K(25755648K), 0.1089719 secs] [Times: user=3.82 sys=0.01, real=0.11 secs] 
3011.152: [GC (Allocation Failure) [PSYoungGen: 21693476K->596553K(22609920K)] 22341977K->1245573K(25755648K), 0.1135364 secs] [Times: user=3.97 sys=0.00, real=0.12 secs] 
3019.011: [GC (Allocation Failure) [PSYoungGen: 21699145K->587044K(22609920K)] 22348165K->1236545K(25755648K), 0.1089108 secs] [Times: user=3.77 sys=0.00, real=0.11 secs] 
3026.729: [GC (Allocation Failure) [PSYoungGen: 21689636K->602879K(22609920K)] 22339137K->1253003K(25755648K), 0.1123568 secs] [Times: user=3.95 sys=0.00, real=0.11 secs] 
3034.475: [GC (Allocation Failure) [PSYoungGen: 21705471K->572132K(22609920K)] 22355595K->1222737K(25755648K), 0.1062240 secs] [Times: user=3.75 sys=0.00, real=0.11 secs] 
3042.082: [GC (Allocation Failure) [PSYoungGen: 21674724K->596532K(22609920K)] 22325329K->1247545K(25755648K), 0.1108577 secs] [Times: user=3.90 sys=0.00, real=0.11 secs] 
3049.709: [GC (Allocation Failure) [PSYoungGen: 21699124K->592440K(22609920K)] 22350137K->1244005K(25755648K), 0.1104636 secs] [Times: user=3.90 sys=0.00, real=0.12 secs] 
3057.291: [GC (Allocation Failure) [PSYoungGen: 21695032K->600708K(22609920K)] 22346597K->1252681K(25755648K), 0.1108433 secs] [Times: user=3.90 sys=0.01, real=0.11 secs] 
3064.926: [GC (Allocation Failure) [PSYoungGen: 21703300K->607092K(22609920K)] 22355273K->1259625K(25755648K), 0.1141456 secs] [Times: user=4.02 sys=0.00, real=0.11 secs] 
3072.703: [GC (Allocation Failure) [PSYoungGen: 21709684K->587785K(22609920K)] 22362217K->1240766K(25755648K), 0.1126880 secs] [Times: user=3.97 sys=0.00, real=0.11 secs] 
3080.354: [GC (Allocation Failure) [PSYoungGen: 21690377K->582116K(22609920K)] 22343358K->1235601K(25755648K), 0.1091772 secs] [Times: user=3.84 sys=0.00, real=0.10 secs] 
3087.909: [GC (Allocation Failure) [PSYoungGen: 21684708K->598796K(22609920K)] 22338193K->1252672K(25755648K), 0.1110844 secs] [Times: user=3.91 sys=0.01, real=0.11 secs] 
3095.308: [GC (Allocation Failure) [PSYoungGen: 21701388K->575012K(22609920K)] 22355264K->1229353K(25755648K), 0.1066970 secs] [Times: user=3.75 sys=0.00, real=0.10 secs] 
3102.868: [GC (Allocation Failure) [PSYoungGen: 21677604K->602757K(22609920K)] 22331945K->1257481K(25755648K), 0.1130286 secs] [Times: user=3.98 sys=0.00, real=0.11 secs] 
3110.430: [GC (Allocation Failure) [PSYoungGen: 21705349K->591273K(22609920K)] 22360073K->1246494K(25755648K), 0.1128088 secs] [Times: user=3.98 sys=0.00, real=0.11 secs] 
3117.896: [GC (Allocation Failure) [PSYoungGen: 21693865K->586564K(22609920K)] 22349086K->1242209K(25755648K), 0.1094045 secs] [Times: user=3.85 sys=0.00, real=0.11 secs] 
3125.361: [GC (Allocation Failure) [PSYoungGen: 21689156K->572708K(22609920K)] 22344801K->1228713K(25755648K), 0.1069345 secs] [Times: user=3.74 sys=0.00, real=0.10 secs] 
3132.890: [GC (Allocation Failure) [PSYoungGen: 21675300K->580324K(22609920K)] 22331305K->1236713K(25755648K), 0.1091052 secs] [Times: user=3.80 sys=0.00, real=0.11 secs] 
3140.413: [GC (Allocation Failure) [PSYoungGen: 21682916K->609193K(22609920K)] 22339305K->1266222K(25755648K), 0.1126437 secs] [Times: user=3.93 sys=0.01, real=0.12 secs] 
3147.957: [GC (Allocation Failure) [PSYoungGen: 21711785K->589684K(22609920K)] 22368814K->1247145K(25755648K), 0.1136492 secs] [Times: user=3.99 sys=0.00, real=0.11 secs] 
3155.398: [GC (Allocation Failure) [PSYoungGen: 21692276K->596580K(22609920K)] 22349737K->1254433K(25755648K), 0.1122223 secs] [Times: user=3.87 sys=0.01, real=0.11 secs] 
3162.600: [GC (Allocation Failure) [PSYoungGen: 21699172K->577304K(22609920K)] 22357025K->1235645K(25755648K), 0.1125811 secs] [Times: user=3.76 sys=0.00, real=0.11 secs] 
3169.851: [GC (Allocation Failure) [PSYoungGen: 21679896K->596772K(22609920K)] 22338237K->1255505K(25755648K), 0.1131095 secs] [Times: user=3.98 sys=0.01, real=0.11 secs] 
3176.979: [GC (Allocation Failure) [PSYoungGen: 21699364K->589668K(22609920K)] 22358097K->1248929K(25755648K), 0.1098096 secs] [Times: user=3.86 sys=0.00, real=0.11 secs] 
3184.288: [GC (Allocation Failure) [PSYoungGen: 21692260K->617237K(22609920K)] 22351521K->1276914K(25755648K), 0.1133947 secs] [Times: user=4.00 sys=0.00, real=0.12 secs] 
3191.497: [GC (Allocation Failure) [PSYoungGen: 21719829K->577156K(22609920K)] 22379506K->1237305K(25755648K), 0.1065636 secs] [Times: user=3.75 sys=0.00, real=0.11 secs] 
3198.742: [GC (Allocation Failure) [PSYoungGen: 21679748K->606857K(22609920K)] 22339897K->1267374K(25755648K), 0.1118880 secs] [Times: user=3.94 sys=0.01, real=0.11 secs] 
3205.986: [GC (Allocation Failure) [PSYoungGen: 21709449K->606078K(22609920K)] 22369966K->1267099K(25755648K), 0.1167054 secs] [Times: user=4.04 sys=0.00, real=0.11 secs] 
3213.411: [GC (Allocation Failure) [PSYoungGen: 21708670K->578516K(22609920K)] 22369691K->1239969K(25755648K), 0.1100953 secs] [Times: user=3.77 sys=0.00, real=0.11 secs] 
3220.741: [GC (Allocation Failure) [PSYoungGen: 21681108K->606195K(22609920K)] 22342561K->1268048K(25755648K), 0.1127569 secs] [Times: user=3.97 sys=0.00, real=0.11 secs] 
3228.059: [GC (Allocation Failure) [PSYoungGen: 21708787K->599690K(22609920K)] 22370640K->1261958K(25755648K), 0.1118252 secs] [Times: user=3.86 sys=0.00, real=0.11 secs] 
3235.132: [GC (Allocation Failure) [PSYoungGen: 21702282K->597690K(22609920K)] 22364550K->1260358K(25755648K), 0.1116314 secs] [Times: user=3.86 sys=0.00, real=0.11 secs] 
3242.196: [GC (Allocation Failure) [PSYoungGen: 21700282K->595204K(22609920K)] 22362950K->1258241K(25755648K), 0.1177552 secs] [Times: user=4.00 sys=0.01, real=0.12 secs] 
3249.389: [GC (Allocation Failure) [PSYoungGen: 21697796K->586921K(22609920K)] 22360833K->1250325K(25755648K), 0.1114450 secs] [Times: user=3.90 sys=0.00, real=0.11 secs] 
3256.418: [GC (Allocation Failure) [PSYoungGen: 21689513K->582548K(22609920K)] 22352917K->1246449K(25755648K), 0.1099723 secs] [Times: user=3.75 sys=0.00, real=0.11 secs] 
3263.499: [GC (Allocation Failure) [PSYoungGen: 21685140K->595364K(22609920K)] 22349041K->1259649K(25755648K), 0.1143778 secs] [Times: user=3.96 sys=0.00, real=0.12 secs] 
3270.596: [GC (Allocation Failure) [PSYoungGen: 21697956K->592041K(22609920K)] 22362241K->1256726K(25755648K), 0.1150404 secs] [Times: user=4.00 sys=0.01, real=0.11 secs] 
3277.628: [GC (Allocation Failure) [PSYoungGen: 21694633K->604429K(22609920K)] 22359318K->1269497K(25755648K), 0.1172661 secs] [Times: user=3.95 sys=0.00, real=0.12 secs] 
3284.778: [GC (Allocation Failure) [PSYoungGen: 21707021K->614174K(22609920K)] 22372089K->1279810K(25755648K), 0.1154261 secs] [Times: user=4.04 sys=0.01, real=0.11 secs] 
3291.618: [GC (Allocation Failure) [PSYoungGen: 21716766K->593594K(22609920K)] 22382402K->1259598K(25755648K), 0.1092290 secs] [Times: user=3.86 sys=0.00, real=0.11 secs] 
3298.517: [GC (Allocation Failure) [PSYoungGen: 21696186K->593641K(22609920K)] 22362190K->1260126K(25755648K), 0.1100642 secs] [Times: user=3.85 sys=0.00, real=0.11 secs] 
3305.468: [GC (Allocation Failure) [PSYoungGen: 21696233K->594447K(22609920K)] 22362718K->1261396K(25755648K), 0.1142422 secs] [Times: user=3.96 sys=0.00, real=0.11 secs] 
3312.329: [GC (Allocation Failure) [PSYoungGen: 21697039K->575556K(22609920K)] 22363988K->1242969K(25755648K), 0.1076911 secs] [Times: user=3.79 sys=0.00, real=0.10 secs] 
3319.378: [GC (Allocation Failure) [PSYoungGen: 21678148K->579625K(22609920K)] 22345561K->1247502K(25755648K), 0.1114958 secs] [Times: user=3.92 sys=0.00, real=0.11 secs] 
3326.210: [GC (Allocation Failure) [PSYoungGen: 21682217K->599492K(22609920K)] 22350094K->1267737K(25755648K), 0.1126460 secs] [Times: user=3.96 sys=0.01, real=0.12 secs] 
3332.988: [GC (Allocation Failure) [PSYoungGen: 21702084K->604985K(22609920K)] 22370329K->1273749K(25755648K), 0.1114412 secs] [Times: user=3.92 sys=0.00, real=0.11 secs] 
3339.941: [GC (Allocation Failure) [PSYoungGen: 21707577K->601641K(22609920K)] 22376341K->1270790K(25755648K), 0.1116746 secs] [Times: user=3.94 sys=0.00, real=0.11 secs] 
3346.650: [GC (Allocation Failure) [PSYoungGen: 21704233K->586932K(22609920K)] 22373382K->1256569K(25755648K), 0.1091868 secs] [Times: user=3.83 sys=0.00, real=0.11 secs] 
3353.595: [GC (Allocation Failure) [PSYoungGen: 21689524K->604718K(22609920K)] 22359161K->1274755K(25755648K), 0.1116783 secs] [Times: user=3.90 sys=0.01, real=0.11 secs] 
3360.319: [GC (Allocation Failure) [PSYoungGen: 21707310K->605705K(22609920K)] 22377347K->1276126K(25755648K), 0.1137215 secs] [Times: user=3.90 sys=0.01, real=0.11 secs] 
3367.269: [GC (Allocation Failure) [PSYoungGen: 21708297K->623705K(22609920K)] 22378718K->1294549K(25755648K), 0.1162573 secs] [Times: user=4.07 sys=0.01, real=0.11 secs] 
3373.841: [GC (Allocation Failure) [PSYoungGen: 21726297K->613487K(22609920K)] 22397141K->1284715K(25755648K), 0.1148516 secs] [Times: user=4.00 sys=0.00, real=0.11 secs] 
3380.521: [GC (Allocation Failure) [PSYoungGen: 21716079K->579478K(22609920K)] 22387307K->1251091K(25755648K), 0.1128239 secs] [Times: user=3.91 sys=0.00, real=0.11 secs] 
3387.149: [GC (Allocation Failure) [PSYoungGen: 21682070K->610084K(22609920K)] 22353683K->1282121K(25755648K), 0.1131724 secs] [Times: user=3.99 sys=0.01, real=0.12 secs] 
3394.099: [GC (Allocation Failure) [PSYoungGen: 21712676K->604569K(22609920K)] 22384713K->1277046K(25755648K), 0.1126106 secs] [Times: user=3.96 sys=0.00, real=0.12 secs] 
3400.813: [GC (Allocation Failure) [PSYoungGen: 21707161K->597321K(22609920K)] 22379638K->1270166K(25755648K), 0.1106351 secs] [Times: user=3.90 sys=0.00, real=0.11 secs] 
3407.350: [GC (Allocation Failure) [PSYoungGen: 21699913K->586793K(22609920K)] 22372758K->1260149K(25755648K), 0.1149635 secs] [Times: user=4.01 sys=0.00, real=0.12 secs] 
3414.211: [GC (Allocation Failure) [PSYoungGen: 21689385K->606932K(22609920K)] 22362741K->1280649K(25755648K), 0.1131570 secs] [Times: user=3.94 sys=0.00, real=0.12 secs] 
3420.831: [GC (Allocation Failure) [PSYoungGen: 21709524K->602188K(22609920K)] 22383241K->1276409K(25755648K), 0.1158768 secs] [Times: user=4.04 sys=0.01, real=0.12 secs] 
3427.392: [GC (Allocation Failure) [PSYoungGen: 21704780K->586761K(22609920K)] 22379001K->1261406K(25755648K), 0.1129812 secs] [Times: user=3.99 sys=0.00, real=0.11 secs] 
3434.108: [GC (Allocation Failure) [PSYoungGen: 21689353K->596900K(22609920K)] 22363998K->1272041K(25755648K), 0.1139000 secs] [Times: user=4.01 sys=0.00, real=0.11 secs] 
3440.839: [GC (Allocation Failure) [PSYoungGen: 21699492K->584164K(22609920K)] 22374633K->1259705K(25755648K), 0.1087620 secs] [Times: user=3.83 sys=0.00, real=0.10 secs] 
3447.404: [GC (Allocation Failure) [PSYoungGen: 21686756K->606414K(22609920K)] 22362297K->1282347K(25755648K), 0.1160290 secs] [Times: user=3.98 sys=0.00, real=0.12 secs] 
3454.057: [GC (Allocation Failure) [PSYoungGen: 21709006K->597688K(22609920K)] 22384939K->1274245K(25755648K), 0.1112179 secs] [Times: user=3.91 sys=0.00, real=0.11 secs] 
3460.610: [GC (Allocation Failure) [PSYoungGen: 21700280K->605826K(22609920K)] 22376837K->1282798K(25755648K), 0.1124638 secs] [Times: user=3.96 sys=0.00, real=0.12 secs] 
3467.294: [GC (Allocation Failure) [PSYoungGen: 21708418K->601495K(22609920K)] 22385390K->1278891K(25755648K), 0.1150870 secs] [Times: user=4.06 sys=0.00, real=0.11 secs] 
3473.731: [GC (Allocation Failure) [PSYoungGen: 21704087K->593492K(22609920K)] 22381483K->1271529K(25755648K), 0.1145959 secs] [Times: user=4.04 sys=0.00, real=0.12 secs] 
3480.323: [GC (Allocation Failure) [PSYoungGen: 21696084K->591886K(22609920K)] 22374121K->1270475K(25755648K), 0.1149901 secs] [Times: user=3.99 sys=0.01, real=0.12 secs] 
3486.852: [GC (Allocation Failure) [PSYoungGen: 21694478K->594297K(22609920K)] 22373067K->1273246K(25755648K), 0.1098938 secs] [Times: user=3.87 sys=0.00, real=0.11 secs] 
3493.383: [GC (Allocation Failure) [PSYoungGen: 21696889K->576836K(22609920K)] 22375838K->1256401K(25755648K), 0.1110441 secs] [Times: user=3.76 sys=0.00, real=0.11 secs] 
3499.920: [GC (Allocation Failure) [PSYoungGen: 21679428K->598216K(22609920K)] 22358993K->1278373K(25755648K), 0.1111142 secs] [Times: user=3.92 sys=0.00, real=0.11 secs] 
3506.476: [GC (Allocation Failure) [PSYoungGen: 21700808K->608976K(22609920K)] 22380965K->1289509K(25755648K), 0.1133717 secs] [Times: user=3.99 sys=0.00, real=0.12 secs] 
3512.929: [GC (Allocation Failure) [PSYoungGen: 21711568K->593816K(22609920K)] 22392101K->1274765K(25755648K), 0.1101475 secs] [Times: user=3.88 sys=0.00, real=0.11 secs] 
3519.409: [GC (Allocation Failure) [PSYoungGen: 21696408K->592345K(22609920K)] 22377357K->1273653K(25755648K), 0.1110015 secs] [Times: user=3.87 sys=0.00, real=0.12 secs] 
3525.860: [GC (Allocation Failure) [PSYoungGen: 21694937K->601368K(22609920K)] 22376245K->1283269K(25755648K), 0.1147810 secs] [Times: user=4.04 sys=0.00, real=0.12 secs] 
3532.226: [GC (Allocation Failure) [PSYoungGen: 21703960K->628680K(22609920K)] 22385861K->1310941K(25755648K), 0.1170767 secs] [Times: user=4.07 sys=0.01, real=0.12 secs] 
3538.702: [GC (Allocation Failure) [PSYoungGen: 21731272K->609935K(22609920K)] 22413533K->1292724K(25755648K), 0.1149179 secs] [Times: user=4.03 sys=0.00, real=0.12 secs] 
3545.055: [GC (Allocation Failure) [PSYoungGen: 21712527K->646185K(22609920K)] 22395316K->1329381K(25755648K), 0.1199816 secs] [Times: user=4.16 sys=0.00, real=0.12 secs] 
3551.326: [GC (Allocation Failure) [PSYoungGen: 21748777K->610698K(22609920K)] 22431973K->1294254K(25755648K), 0.1137645 secs] [Times: user=3.96 sys=0.01, real=0.11 secs] 
3557.761: [GC (Allocation Failure) [PSYoungGen: 21713290K->604574K(22609920K)] 22396846K->1288603K(25755648K), 0.1183259 secs] [Times: user=4.05 sys=0.00, real=0.12 secs] 
3564.058: [GC (Allocation Failure) [PSYoungGen: 21707166K->600900K(22609920K)] 22391195K->1285329K(25755648K), 0.1149150 secs] [Times: user=3.89 sys=0.00, real=0.11 secs] 
3570.562: [GC (Allocation Failure) [PSYoungGen: 21703492K->597108K(22609920K)] 22387921K->1281961K(25755648K), 0.1107514 secs] [Times: user=3.90 sys=0.00, real=0.11 secs] 
3576.847: [GC (Allocation Failure) [PSYoungGen: 21699700K->604276K(22609920K)] 22384553K->1289513K(25755648K), 0.1117641 secs] [Times: user=3.94 sys=0.01, real=0.11 secs] 
3583.210: [GC (Allocation Failure) [PSYoungGen: 21706868K->618335K(22609920K)] 22392105K->1304019K(25755648K), 0.1148138 secs] [Times: user=4.04 sys=0.00, real=0.11 secs] 
3589.517: [GC (Allocation Failure) [PSYoungGen: 21720927K->599294K(22609920K)] 22406611K->1285379K(25755648K), 0.1138352 secs] [Times: user=3.96 sys=0.00, real=0.12 secs] 
3595.906: [GC (Allocation Failure) [PSYoungGen: 21701886K->601700K(22609920K)] 22387971K->1288161K(25755648K), 0.1131652 secs] [Times: user=3.91 sys=0.00, real=0.11 secs] 
3602.181: [GC (Allocation Failure) [PSYoungGen: 21704292K->604612K(22609920K)] 22390753K->1291673K(25755648K), 0.1157335 secs] [Times: user=4.08 sys=0.00, real=0.12 secs] 
3608.381: [GC (Allocation Failure) [PSYoungGen: 21707204K->595266K(22609920K)] 22394265K->1282710K(25755648K), 0.1106148 secs] [Times: user=3.89 sys=0.00, real=0.11 secs] 
3614.776: [GC (Allocation Failure) [PSYoungGen: 21697858K->611870K(22609920K)] 22385302K->1299699K(25755648K), 0.1128998 secs] [Times: user=3.98 sys=0.00, real=0.11 secs] 
3620.940: [GC (Allocation Failure) [PSYoungGen: 21714462K->618228K(22609920K)] 22402291K->1306656K(25755648K), 0.1150702 secs] [Times: user=4.04 sys=0.00, real=0.11 secs] 
3627.090: [GC (Allocation Failure) [PSYoungGen: 21720820K->618969K(22609920K)] 22409248K->1307798K(25755648K), 0.1150441 secs] [Times: user=4.03 sys=0.00, real=0.11 secs] 
3633.199: [GC (Allocation Failure) [PSYoungGen: 21721561K->610793K(22609920K)] 22410390K->1300062K(25755648K), 0.1126472 secs] [Times: user=3.97 sys=0.00, real=0.11 secs] 
3639.404: [GC (Allocation Failure) [PSYoungGen: 21713385K->602098K(22609920K)] 22402654K->1291823K(25755648K), 0.1137813 secs] [Times: user=3.85 sys=0.00, real=0.11 secs] 
3645.578: [GC (Allocation Failure) [PSYoungGen: 21704690K->620526K(22609920K)] 22394415K->1310659K(25755648K), 0.1180926 secs] [Times: user=4.08 sys=0.00, real=0.12 secs] 
3651.755: [GC (Allocation Failure) [PSYoungGen: 21723118K->603823K(22609920K)] 22413251K->1294452K(25755648K), 0.1119520 secs] [Times: user=3.94 sys=0.00, real=0.11 secs] 
3657.991: [GC (Allocation Failure) [PSYoungGen: 21706415K->603556K(22609920K)] 22397044K->1294553K(25755648K), 0.1111418 secs] [Times: user=3.93 sys=0.00, real=0.11 secs] 
3664.109: [GC (Allocation Failure) [PSYoungGen: 21706148K->631227K(22609920K)] 22397145K->1322816K(25755648K), 0.1190045 secs] [Times: user=4.17 sys=0.00, real=0.12 secs] 
3670.335: [GC (Allocation Failure) [PSYoungGen: 21733819K->589738K(22609920K)] 22425408K->1281702K(25755648K), 0.1125237 secs] [Times: user=3.97 sys=0.00, real=0.11 secs] 
3676.596: [GC (Allocation Failure) [PSYoungGen: 21692330K->590212K(22609920K)] 22384294K->1282801K(25755648K), 0.1095852 secs] [Times: user=3.86 sys=0.00, real=0.11 secs] 
3682.792: [GC (Allocation Failure) [PSYoungGen: 21692804K->609833K(22609920K)] 22385393K->1302790K(25755648K), 0.1124498 secs] [Times: user=3.96 sys=0.01, real=0.11 secs] 
3689.070: [GC (Allocation Failure) [PSYoungGen: 21712425K->605976K(22609920K)] 22405382K->1299389K(25755648K), 0.1111469 secs] [Times: user=3.91 sys=0.01, real=0.11 secs] 
3695.088: [GC (Allocation Failure) [PSYoungGen: 21708568K->609727K(22609920K)] 22401981K->1303507K(25755648K), 0.1155642 secs] [Times: user=3.99 sys=0.01, real=0.11 secs] 
3701.051: [GC (Allocation Failure) [PSYoungGen: 21712319K->608457K(22609920K)] 22406099K->1302838K(25755648K), 0.1129068 secs] [Times: user=3.98 sys=0.00, real=0.11 secs] 
3707.080: [GC (Allocation Failure) [PSYoungGen: 21711049K->600388K(22609920K)] 22405430K->1295137K(25755648K), 0.1126044 secs] [Times: user=3.96 sys=0.00, real=0.11 secs] 
3713.200: [GC (Allocation Failure) [PSYoungGen: 21702980K->628095K(22609920K)] 22397729K->1323244K(25755648K), 0.1163882 secs] [Times: user=4.10 sys=0.00, real=0.11 secs] 
3719.313: [GC (Allocation Failure) [PSYoungGen: 21730687K->582244K(22609920K)] 22425836K->1277777K(25755648K), 0.1099208 secs] [Times: user=3.88 sys=0.00, real=0.11 secs] 
3725.315: [GC (Allocation Failure) [PSYoungGen: 21684836K->585593K(22609920K)] 22380369K->1281638K(25755648K), 0.1085764 secs] [Times: user=3.79 sys=0.01, real=0.11 secs] 
3731.337: [GC (Allocation Failure) [PSYoungGen: 21688185K->609104K(22609920K)] 22384230K->1305717K(25755648K), 0.1125123 secs] [Times: user=3.96 sys=0.01, real=0.11 secs] 
3737.292: [GC (Allocation Failure) [PSYoungGen: 21711696K->630519K(22609920K)] 22408309K->1327508K(25755648K), 0.1171596 secs] [Times: user=4.12 sys=0.00, real=0.12 secs] 
3743.476: [GC (Allocation Failure) [PSYoungGen: 21733111K->594308K(22609920K)] 22430100K->1291777K(25755648K), 0.1111132 secs] [Times: user=3.92 sys=0.00, real=0.11 secs] 
3749.581: [GC (Allocation Failure) [PSYoungGen: 21696900K->613081K(22609920K)] 22394369K->1310942K(25755648K), 0.1174192 secs] [Times: user=4.15 sys=0.00, real=0.12 secs] 
3755.568: [GC (Allocation Failure) [PSYoungGen: 21715673K->601133K(22609920K)] 22413534K->1299362K(25755648K), 0.1120557 secs] [Times: user=3.90 sys=0.00, real=0.11 secs] 
3761.522: [GC (Allocation Failure) [PSYoungGen: 21703725K->599119K(22609920K)] 22401954K->1297971K(25755648K), 0.1122708 secs] [Times: user=3.94 sys=0.00, real=0.11 secs] 
3767.437: [GC (Allocation Failure) [PSYoungGen: 21701711K->596265K(22609920K)] 22400563K->1295486K(25755648K), 0.1114533 secs] [Times: user=3.90 sys=0.01, real=0.12 secs] 
3773.297: [GC (Allocation Failure) [PSYoungGen: 21698857K->592260K(22609920K)] 22398078K->1291881K(25755648K), 0.1108222 secs] [Times: user=3.84 sys=0.00, real=0.11 secs] 
3779.182: [GC (Allocation Failure) [PSYoungGen: 21694852K->615012K(22609920K)] 22394473K->1315033K(25755648K), 0.1149563 secs] [Times: user=3.93 sys=0.01, real=0.11 secs] 
3785.094: [GC (Allocation Failure) [PSYoungGen: 21717604K->607673K(22609920K)] 22417625K->1308222K(25755648K), 0.1132038 secs] [Times: user=3.99 sys=0.01, real=0.11 secs] 
3790.808: [GC (Allocation Failure) [PSYoungGen: 21710265K->598473K(22609920K)] 22410814K->1299398K(25755648K), 0.1124477 secs] [Times: user=3.92 sys=0.00, real=0.12 secs] 
3796.644: [GC (Allocation Failure) [PSYoungGen: 21701065K->594840K(22609920K)] 22401990K->1296149K(25755648K), 0.1124935 secs] [Times: user=3.96 sys=0.00, real=0.11 secs] 
3802.490: [GC (Allocation Failure) [PSYoungGen: 21697432K->601156K(22609920K)] 22398741K->1302841K(25755648K), 0.1142626 secs] [Times: user=3.93 sys=0.00, real=0.12 secs] 
3808.431: [GC (Allocation Failure) [PSYoungGen: 21703748K->611769K(22609920K)] 22405433K->1314014K(25755648K), 0.1143768 secs] [Times: user=4.03 sys=0.01, real=0.12 secs] 
3814.322: [GC (Allocation Failure) [PSYoungGen: 21714361K->594617K(22609920K)] 22416606K->1297230K(25755648K), 0.1121697 secs] [Times: user=3.91 sys=0.00, real=0.11 secs] 
3820.123: [GC (Allocation Failure) [PSYoungGen: 21697209K->613460K(22609920K)] 22399822K->1316449K(25755648K), 0.1151186 secs] [Times: user=4.05 sys=0.00, real=0.12 secs] 
3826.006: [GC (Allocation Failure) [PSYoungGen: 21716052K->614473K(22609920K)] 22419041K->1317934K(25755648K), 0.1143953 secs] [Times: user=4.03 sys=0.00, real=0.12 secs] 
3831.690: [GC (Allocation Failure) [PSYoungGen: 21717065K->600932K(22609920K)] 22420526K->1304785K(25755648K), 0.1125803 secs] [Times: user=3.97 sys=0.01, real=0.11 secs] 
3837.433: [GC (Allocation Failure) [PSYoungGen: 21703524K->604355K(22609920K)] 22407377K->1308584K(25755648K), 0.1130077 secs] [Times: user=3.91 sys=0.01, real=0.11 secs] 
3843.228: [GC (Allocation Failure) [PSYoungGen: 21706947K->628713K(22609920K)] 22411176K->1333326K(25755648K), 0.1193020 secs] [Times: user=4.06 sys=0.00, real=0.12 secs] 
3848.995: [GC (Allocation Failure) [PSYoungGen: 21731305K->652130K(22609920K)] 22435918K->1357111K(25755648K), 0.1218306 secs] [Times: user=4.19 sys=0.00, real=0.12 secs] 
3854.827: [GC (Allocation Failure) [PSYoungGen: 21754722K->618521K(22609920K)] 22459703K->1323934K(25755648K), 0.1177803 secs] [Times: user=4.09 sys=0.00, real=0.12 secs] 
3860.590: [GC (Allocation Failure) [PSYoungGen: 21721113K->598089K(22609920K)] 22426526K->1303878K(25755648K), 0.1110935 secs] [Times: user=3.91 sys=0.01, real=0.11 secs] 
3866.273: [GC (Allocation Failure) [PSYoungGen: 21700681K->634626K(22609920K)] 22406470K->1340799K(25755648K), 0.1205780 secs] [Times: user=4.19 sys=0.01, real=0.13 secs] 
3871.960: [GC (Allocation Failure) [PSYoungGen: 21737218K->614883K(22609920K)] 22443391K->1321440K(25755648K), 0.1147856 secs] [Times: user=4.03 sys=0.00, real=0.12 secs] 
3877.738: [GC (Allocation Failure) [PSYoungGen: 21717475K->597476K(22609920K)] 22424032K->1304449K(25755648K), 0.1110537 secs] [Times: user=3.91 sys=0.00, real=0.11 secs] 
3883.477: [GC (Allocation Failure) [PSYoungGen: 21700068K->600360K(22609920K)] 22407041K->1307709K(25755648K), 0.1121167 secs] [Times: user=3.95 sys=0.00, real=0.11 secs] 
3889.295: [GC (Allocation Failure) [PSYoungGen: 21702952K->617353K(22609920K)] 22410301K->1325118K(25755648K), 0.1146264 secs] [Times: user=4.04 sys=0.01, real=0.12 secs] 
3894.927: [GC (Allocation Failure) [PSYoungGen: 21719945K->601668K(22609920K)] 22427710K->1309849K(25755648K), 0.1145494 secs] [Times: user=4.04 sys=0.00, real=0.11 secs] 
3900.658: [GC (Allocation Failure) [PSYoungGen: 21704260K->608958K(22609920K)] 22412441K->1317547K(25755648K), 0.1143273 secs] [Times: user=3.98 sys=0.00, real=0.11 secs] 
3906.228: [GC (Allocation Failure) [PSYoungGen: 21711550K->633614K(22609920K)] 22420139K->1342562K(25755648K), 0.1205867 secs] [Times: user=4.10 sys=0.00, real=0.13 secs] 
3911.795: [GC (Allocation Failure) [PSYoungGen: 21736206K->618229K(22609920K)] 22445154K->1327650K(25755648K), 0.1165934 secs] [Times: user=4.12 sys=0.00, real=0.12 secs] 
3917.521: [GC (Allocation Failure) [PSYoungGen: 21720821K->594820K(22609920K)] 22430242K->1304625K(25755648K), 0.1105441 secs] [Times: user=3.90 sys=0.00, real=0.11 secs] 
3923.120: [GC (Allocation Failure) [PSYoungGen: 21697412K->624014K(22609920K)] 22407217K->1334195K(25755648K), 0.1150495 secs] [Times: user=4.05 sys=0.00, real=0.12 secs] 
3928.873: [GC (Allocation Failure) [PSYoungGen: 21726606K->623250K(22609920K)] 22436787K->1333871K(25755648K), 0.1150853 secs] [Times: user=4.05 sys=0.00, real=0.11 secs] 
3934.478: [GC (Allocation Failure) [PSYoungGen: 21725842K->589540K(22609920K)] 22436463K->1300521K(25755648K), 0.1117721 secs] [Times: user=3.94 sys=0.00, real=0.11 secs] 
3940.137: [GC (Allocation Failure) [PSYoungGen: 21692132K->619321K(22609920K)] 22403113K->1330686K(25755648K), 0.1154070 secs] [Times: user=4.06 sys=0.00, real=0.11 secs] 
3945.792: [GC (Allocation Failure) [PSYoungGen: 21721913K->604249K(22609920K)] 22433278K->1315990K(25755648K), 0.1153772 secs] [Times: user=4.02 sys=0.00, real=0.12 secs] 
3951.396: [GC (Allocation Failure) [PSYoungGen: 21706841K->594622K(22609920K)] 22418582K->1306723K(25755648K), 0.1119234 secs] [Times: user=3.95 sys=0.01, real=0.11 secs] 
3956.995: [GC (Allocation Failure) [PSYoungGen: 21697214K->638866K(22609920K)] 22409315K->1351399K(25755648K), 0.1216464 secs] [Times: user=4.21 sys=0.01, real=0.12 secs] 
3962.715: [GC (Allocation Failure) [PSYoungGen: 21741458K->605920K(22609920K)] 22453991K->1318837K(25755648K), 0.1165104 secs] [Times: user=4.08 sys=0.01, real=0.12 secs] 
3968.396: [GC (Allocation Failure) [PSYoungGen: 21708512K->614210K(22609920K)] 22421429K->1327511K(25755648K), 0.1141690 secs] [Times: user=4.02 sys=0.00, real=0.12 secs] 
3973.823: [GC (Allocation Failure) [PSYoungGen: 21716802K->639372K(22609920K)] 22430103K->1353041K(25755648K), 0.1194757 secs] [Times: user=4.14 sys=0.00, real=0.12 secs] 
3979.538: [GC (Allocation Failure) [PSYoungGen: 21741964K->592421K(22609920K)] 22455633K->1306474K(25755648K), 0.1120204 secs] [Times: user=3.89 sys=0.01, real=0.12 secs] 
3985.211: [GC (Allocation Failure) [PSYoungGen: 21695013K->632264K(22609920K)] 22409066K->1346805K(25755648K), 0.1218374 secs] [Times: user=4.12 sys=0.00, real=0.13 secs] 
3990.649: [GC (Allocation Failure) [PSYoungGen: 21734856K->605372K(22609920K)] 22449397K->1320273K(25755648K), 0.1116918 secs] [Times: user=3.94 sys=0.00, real=0.11 secs] 
3996.195: [GC (Allocation Failure) [PSYoungGen: 21707964K->627661K(22609920K)] 22422865K->1343162K(25755648K), 0.1160666 secs] [Times: user=4.09 sys=0.00, real=0.11 secs] 
4001.762: [GC (Allocation Failure) [PSYoungGen: 21730253K->615218K(22609920K)] 22445754K->1331127K(25755648K), 0.1138980 secs] [Times: user=4.02 sys=0.00, real=0.12 secs] 
4007.267: [GC (Allocation Failure) [PSYoungGen: 21717810K->620752K(22609920K)] 22433719K->1337029K(25755648K), 0.1175011 secs] [Times: user=4.13 sys=0.00, real=0.12 secs] 
4012.717: [GC (Allocation Failure) [PSYoungGen: 21723344K->606705K(22609920K)] 22439621K->1323566K(25755648K), 0.1136747 secs] [Times: user=4.00 sys=0.00, real=0.11 secs] 
4018.215: [GC (Allocation Failure) [PSYoungGen: 21709297K->626620K(22609920K)] 22426158K->1343873K(25755648K), 0.1157286 secs] [Times: user=4.05 sys=0.00, real=0.12 secs] 
4023.779: [GC (Allocation Failure) [PSYoungGen: 21729212K->600580K(22609920K)] 22446465K->1318193K(25755648K), 0.1122013 secs] [Times: user=3.96 sys=0.01, real=0.11 secs] 
4029.168: [GC (Allocation Failure) [PSYoungGen: 21703172K->623401K(22609920K)] 22420785K->1341558K(25755648K), 0.1151364 secs] [Times: user=4.03 sys=0.00, real=0.12 secs] 
4034.635: [GC (Allocation Failure) [PSYoungGen: 21725993K->603161K(22609920K)] 22444150K->1321694K(25755648K), 0.1117663 secs] [Times: user=3.94 sys=0.00, real=0.11 secs] 
4040.063: [GC (Allocation Failure) [PSYoungGen: 21705753K->645747K(22609920K)] 22424286K->1364648K(25755648K), 0.1185509 secs] [Times: user=4.18 sys=0.00, real=0.12 secs] 
4045.318: [GC (Allocation Failure) [PSYoungGen: 21748339K->595801K(22609920K)] 22467240K->1315278K(25755648K), 0.1116494 secs] [Times: user=3.91 sys=0.00, real=0.11 secs] 
4050.880: [GC (Allocation Failure) [PSYoungGen: 21698393K->611412K(22609920K)] 22417870K->1331281K(25755648K), 0.1171077 secs] [Times: user=4.12 sys=0.00, real=0.12 secs] 
4056.460: [GC (Allocation Failure) [PSYoungGen: 21714004K->612510K(22609920K)] 22433873K->1332779K(25755648K), 0.1168108 secs] [Times: user=4.00 sys=0.00, real=0.12 secs] 
4061.966: [GC (Allocation Failure) [PSYoungGen: 21715102K->600340K(22609920K)] 22435371K->1321073K(25755648K), 0.1128917 secs] [Times: user=3.98 sys=0.01, real=0.11 secs] 
4067.384: [GC (Allocation Failure) [PSYoungGen: 21702932K->589930K(22609920K)] 22423665K->1311039K(25755648K), 0.1102647 secs] [Times: user=3.88 sys=0.01, real=0.12 secs] 
4072.711: [GC (Allocation Failure) [PSYoungGen: 21692522K->613044K(22609920K)] 22413631K->1334681K(25755648K), 0.1171620 secs] [Times: user=4.05 sys=0.00, real=0.12 secs] 
4078.119: [GC (Allocation Failure) [PSYoungGen: 21715636K->641627K(22609920K)] 22437273K->1363616K(25755648K), 0.1191398 secs] [Times: user=4.20 sys=0.00, real=0.12 secs] 
4083.515: [GC (Allocation Failure) [PSYoungGen: 21744219K->589908K(22609920K)] 22466208K->1312449K(25755648K), 0.1143786 secs] [Times: user=4.02 sys=0.00, real=0.12 secs] 
4088.919: [GC (Allocation Failure) [PSYoungGen: 21692500K->628638K(22609920K)] 22415041K->1351619K(25755648K), 0.1170986 secs] [Times: user=4.13 sys=0.01, real=0.11 secs] 
4094.326: [GC (Allocation Failure) [PSYoungGen: 21731230K->605965K(22609920K)] 22454211K->1329322K(25755648K), 0.1150911 secs] [Times: user=3.96 sys=0.01, real=0.12 secs] 
4099.911: [GC (Allocation Failure) [PSYoungGen: 21708557K->632925K(22609920K)] 22431914K->1356818K(25755648K), 0.1169809 secs] [Times: user=4.12 sys=0.00, real=0.12 secs] 
4105.270: [GC (Allocation Failure) [PSYoungGen: 21735517K->634121K(22609920K)] 22459410K->1358406K(25755648K), 0.1175317 secs] [Times: user=4.15 sys=0.00, real=0.11 secs] 
4110.626: [GC (Allocation Failure) [PSYoungGen: 21736713K->603060K(22609920K)] 22460998K->1327705K(25755648K), 0.1129474 secs] [Times: user=3.94 sys=0.01, real=0.11 secs] 
4115.941: [GC (Allocation Failure) [PSYoungGen: 21705652K->602436K(22609920K)] 22430297K->1327689K(25755648K), 0.1152329 secs] [Times: user=3.87 sys=0.01, real=0.11 secs] 
4121.216: [GC (Allocation Failure) [PSYoungGen: 21705028K->616612K(22609920K)] 22430281K->1342233K(25755648K), 0.1149061 secs] [Times: user=4.05 sys=0.00, real=0.11 secs] 
4126.584: [GC (Allocation Failure) [PSYoungGen: 21719204K->588900K(22609920K)] 22444825K->1314961K(25755648K), 0.1104618 secs] [Times: user=3.89 sys=0.01, real=0.11 secs] 
4131.833: [GC (Allocation Failure) [PSYoungGen: 21691492K->623230K(22609920K)] 22417553K->1349659K(25755648K), 0.1157732 secs] [Times: user=4.08 sys=0.00, real=0.11 secs] 
4137.102: [GC (Allocation Failure) [PSYoungGen: 21725822K->614889K(22609920K)] 22452251K->1341878K(25755648K), 0.1170044 secs] [Times: user=4.13 sys=0.00, real=0.12 secs] 
4142.434: [GC (Allocation Failure) [PSYoungGen: 21717481K->598116K(22609920K)] 22444470K->1325465K(25755648K), 0.1124634 secs] [Times: user=3.97 sys=0.00, real=0.12 secs] 
4147.714: [GC (Allocation Failure) [PSYoungGen: 21700708K->623613K(22609920K)] 22428057K->1351346K(25755648K), 0.1171592 secs] [Times: user=4.09 sys=0.00, real=0.12 secs] 
4153.070: [GC (Allocation Failure) [PSYoungGen: 21726205K->616057K(22609920K)] 22453938K->1344158K(25755648K), 0.1268652 secs] [Times: user=4.41 sys=0.00, real=0.13 secs] 
4158.418: [GC (Allocation Failure) [PSYoungGen: 21718649K->594265K(22609920K)] 22446750K->1322734K(25755648K), 0.1106252 secs] [Times: user=3.90 sys=0.00, real=0.11 secs] 
4163.739: [GC (Allocation Failure) [PSYoungGen: 21696857K->601625K(22609920K)] 22425326K->1330638K(25755648K), 0.1111228 secs] [Times: user=3.91 sys=0.01, real=0.11 secs] 
4169.032: [GC (Allocation Failure) [PSYoungGen: 21704217K->610569K(22609920K)] 22433230K->1339958K(25755648K), 0.1172147 secs] [Times: user=4.14 sys=0.00, real=0.12 secs] 
4174.420: [GC (Allocation Failure) [PSYoungGen: 21713161K->613310K(22609920K)] 22442550K->1343339K(25755648K), 0.1139788 secs] [Times: user=4.02 sys=0.00, real=0.11 secs] 
4179.751: [GC (Allocation Failure) [PSYoungGen: 21715902K->620265K(22609920K)] 22445931K->1350670K(25755648K), 0.1176210 secs] [Times: user=4.02 sys=0.00, real=0.12 secs] 
4184.824: [GC (Allocation Failure) [PSYoungGen: 21722857K->623561K(22609920K)] 22453262K->1354462K(25755648K), 0.1167996 secs] [Times: user=4.12 sys=0.00, real=0.12 secs] 
4190.053: [GC (Allocation Failure) [PSYoungGen: 21726153K->644773K(22609920K)] 22457054K->1376058K(25755648K), 0.1191038 secs] [Times: user=4.19 sys=0.00, real=0.12 secs] 
4195.272: [GC (Allocation Failure) [PSYoungGen: 21747365K->638307K(22609920K)] 22478650K->1369960K(25755648K), 0.1188606 secs] [Times: user=4.20 sys=0.00, real=0.12 secs] 
4200.420: [GC (Allocation Failure) [PSYoungGen: 21740899K->592644K(22609920K)] 22472552K->1324817K(25755648K), 0.1115087 secs] [Times: user=3.86 sys=0.00, real=0.11 secs] 
4205.653: [GC (Allocation Failure) [PSYoungGen: 21695236K->609784K(22609920K)] 22427409K->1342333K(25755648K), 0.1137341 secs] [Times: user=4.00 sys=0.00, real=0.12 secs] 
4210.709: [GC (Allocation Failure) [PSYoungGen: 21712376K->630845K(22609920K)] 22444925K->1364010K(25755648K), 0.1169337 secs] [Times: user=4.11 sys=0.00, real=0.12 secs] 
4216.008: [GC (Allocation Failure) [PSYoungGen: 21733437K->623596K(22609920K)] 22466602K->1357129K(25755648K), 0.1149345 secs] [Times: user=4.06 sys=0.00, real=0.11 secs] 
4221.155: [GC (Allocation Failure) [PSYoungGen: 21726188K->623412K(22609920K)] 22459721K->1357553K(25755648K), 0.1181202 secs] [Times: user=4.14 sys=0.00, real=0.12 secs] 
4226.192: [GC (Allocation Failure) [PSYoungGen: 21726004K->624829K(22609920K)] 22460145K->1359554K(25755648K), 0.1166288 secs] [Times: user=4.11 sys=0.00, real=0.12 secs] 
4231.391: [GC (Allocation Failure) [PSYoungGen: 21727421K->610783K(22609920K)] 22462146K->1345859K(25755648K), 0.1133487 secs] [Times: user=4.00 sys=0.00, real=0.11 secs] 
4236.641: [GC (Allocation Failure) [PSYoungGen: 21713375K->599972K(22609920K)] 22448451K->1335521K(25755648K), 0.1131059 secs] [Times: user=3.93 sys=0.00, real=0.11 secs] 
4241.830: [GC (Allocation Failure) [PSYoungGen: 21702564K->644611K(22609920K)] 22438113K->1380536K(25755648K), 0.1187463 secs] [Times: user=4.16 sys=0.00, real=0.11 secs] 
4247.007: [GC (Allocation Failure) [PSYoungGen: 21747203K->631785K(22609920K)] 22483128K->1368142K(25755648K), 0.1202357 secs] [Times: user=4.19 sys=0.00, real=0.12 secs] 
4252.159: [GC (Allocation Failure) [PSYoungGen: 21734377K->633017K(22609920K)] 22470734K->1369782K(25755648K), 0.1185614 secs] [Times: user=4.03 sys=0.00, real=0.12 secs] 
4257.326: [GC (Allocation Failure) [PSYoungGen: 21735609K->598404K(22609920K)] 22472374K->1335537K(25755648K), 0.1115430 secs] [Times: user=3.92 sys=0.00, real=0.11 secs] 
4262.526: [GC (Allocation Failure) [PSYoungGen: 21700996K->592220K(22609920K)] 22438129K->1329761K(25755648K), 0.1114595 secs] [Times: user=3.92 sys=0.00, real=0.11 secs] 
4267.675: [GC (Allocation Failure) [PSYoungGen: 21694812K->602052K(22609920K)] 22432353K->1339969K(25755648K), 0.1146692 secs] [Times: user=3.93 sys=0.00, real=0.11 secs] 
4272.759: [GC (Allocation Failure) [PSYoungGen: 21704644K->604969K(22609920K)] 22442561K->1343390K(25755648K), 0.1147782 secs] [Times: user=4.05 sys=0.00, real=0.11 secs] 
4277.786: [GC (Allocation Failure) [PSYoungGen: 21707561K->626734K(22609920K)] 22445982K->1365603K(25755648K), 0.1153004 secs] [Times: user=4.06 sys=0.00, real=0.11 secs] 
4282.904: [GC (Allocation Failure) [PSYoungGen: 21729326K->605975K(22609920K)] 22468195K->1345212K(25755648K), 0.1123532 secs] [Times: user=3.96 sys=0.00, real=0.12 secs] 
4287.986: [GC (Allocation Failure) [PSYoungGen: 21708567K->610852K(22609920K)] 22447804K->1350489K(25755648K), 0.1127560 secs] [Times: user=3.97 sys=0.00, real=0.12 secs] 
4293.097: [GC (Allocation Failure) [PSYoungGen: 21713444K->644985K(22609920K)] 22453081K->1385110K(25755648K), 0.1192258 secs] [Times: user=4.20 sys=0.01, real=0.12 secs] 
4298.221: [GC (Allocation Failure) [PSYoungGen: 21747577K->625241K(22609920K)] 22487702K->1365742K(25755648K), 0.1171672 secs] [Times: user=4.13 sys=0.00, real=0.11 secs] 
4303.323: [GC (Allocation Failure) [PSYoungGen: 21727833K->600100K(22609920K)] 22468334K->1340977K(25755648K), 0.1158176 secs] [Times: user=3.99 sys=0.00, real=0.11 secs] 
4308.449: [GC (Allocation Failure) [PSYoungGen: 21702692K->606884K(22609920K)] 22443569K->1348337K(25755648K), 0.1136009 secs] [Times: user=3.96 sys=0.01, real=0.12 secs] 
4313.516: [GC (Allocation Failure) [PSYoungGen: 21709476K->600968K(22609920K)] 22450929K->1342773K(25755648K), 0.1146580 secs] [Times: user=4.04 sys=0.00, real=0.12 secs] 
4318.633: [GC (Allocation Failure) [PSYoungGen: 21703560K->621210K(22609920K)] 22445365K->1363423K(25755648K), 0.1165610 secs] [Times: user=4.11 sys=0.01, real=0.11 secs] 
4323.799: [GC (Allocation Failure) [PSYoungGen: 21723802K->627945K(22609920K)] 22466015K->1370678K(25755648K), 0.1161540 secs] [Times: user=4.09 sys=0.00, real=0.12 secs] 
4328.823: [GC (Allocation Failure) [PSYoungGen: 21730537K->643427K(22609920K)] 22473270K->1386528K(25755648K), 0.1194121 secs] [Times: user=4.21 sys=0.00, real=0.12 secs] 
4333.900: [GC (Allocation Failure) [PSYoungGen: 21746019K->620471K(22609920K)] 22489120K->1364124K(25755648K), 0.1146061 secs] [Times: user=4.03 sys=0.00, real=0.12 secs] 
4338.996: [GC (Allocation Failure) [PSYoungGen: 21723063K->646823K(22609920K)] 22466716K->1390844K(25755648K), 0.1257735 secs] [Times: user=4.23 sys=0.00, real=0.12 secs] 
4344.003: [GC (Allocation Failure) [PSYoungGen: 21749415K->635181K(22609920K)] 22493436K->1379834K(25755648K), 0.1169533 secs] [Times: user=4.12 sys=0.00, real=0.12 secs] 
4348.985: [GC (Allocation Failure) [PSYoungGen: 21737773K->624489K(22609920K)] 22482426K->1369501K(25755648K), 0.1164479 secs] [Times: user=4.11 sys=0.00, real=0.12 secs] 
4353.959: [GC (Allocation Failure) [PSYoungGen: 21727081K->643390K(22609920K)] 22472093K->1388770K(25755648K), 0.1179707 secs] [Times: user=4.17 sys=0.00, real=0.12 secs] 
4359.091: [GC (Allocation Failure) [PSYoungGen: 21745982K->656448K(22609920K)] 22491362K->1402365K(25755648K), 0.1206605 secs] [Times: user=4.26 sys=0.00, real=0.12 secs] 
4364.155: [GC (Allocation Failure) [PSYoungGen: 21759040K->622768K(22609920K)] 22504957K->1369077K(25755648K), 0.1161332 secs] [Times: user=4.07 sys=0.00, real=0.12 secs] 
4369.233: [GC (Allocation Failure) [PSYoungGen: 21725360K->644912K(22609920K)] 22471669K->1391589K(25755648K), 0.1194993 secs] [Times: user=4.22 sys=0.00, real=0.12 secs] 
4374.230: [GC (Allocation Failure) [PSYoungGen: 21747504K->646767K(22609920K)] 22494181K->1393820K(25755648K), 0.1192084 secs] [Times: user=4.18 sys=0.00, real=0.11 secs] 
4379.298: [GC (Allocation Failure) [PSYoungGen: 21749359K->611699K(22609920K)] 22496412K->1359136K(25755648K), 0.1149216 secs] [Times: user=3.99 sys=0.01, real=0.12 secs] 
4384.292: [GC (Allocation Failure) [PSYoungGen: 21714291K->631044K(22609920K)] 22461728K->1378913K(25755648K), 0.1171440 secs] [Times: user=4.12 sys=0.00, real=0.12 secs] 
4389.312: [GC (Allocation Failure) [PSYoungGen: 21733636K->603791K(22609920K)] 22481505K->1352252K(25755648K), 0.1130624 secs] [Times: user=3.98 sys=0.00, real=0.12 secs] 
4394.320: [GC (Allocation Failure) [PSYoungGen: 21706383K->611906K(22609920K)] 22454844K->1360727K(25755648K), 0.1134525 secs] [Times: user=4.00 sys=0.00, real=0.12 secs] 
4399.262: [GC (Allocation Failure) [PSYoungGen: 21714498K->647151K(22609920K)] 22463319K->1396364K(25755648K), 0.1241315 secs] [Times: user=4.28 sys=0.01, real=0.13 secs] 
4404.184: [GC (Allocation Failure) [PSYoungGen: 21749743K->649118K(22609920K)] 22498956K->1398755K(25755648K), 0.1210161 secs] [Times: user=4.27 sys=0.00, real=0.13 secs] 
4409.002: [GC (Allocation Failure) [PSYoungGen: 21751710K->647724K(22609920K)] 22501347K->1397745K(25755648K), 0.1196643 secs] [Times: user=4.22 sys=0.00, real=0.12 secs] 
4413.871: [GC (Allocation Failure) [PSYoungGen: 21750316K->652472K(22609920K)] 22500337K->1403101K(25755648K), 0.1208563 secs] [Times: user=4.26 sys=0.00, real=0.12 secs] 
4418.595: [GC (Allocation Failure) [PSYoungGen: 21755064K->621010K(22609920K)] 22505693K->1372015K(25755648K), 0.1169689 secs] [Times: user=4.12 sys=0.00, real=0.12 secs] 
4423.531: [GC (Allocation Failure) [PSYoungGen: 21723602K->625711K(22609920K)] 22474607K->1377100K(25755648K), 0.1162144 secs] [Times: user=4.09 sys=0.00, real=0.11 secs] 
4428.326: [GC (Allocation Failure) [PSYoungGen: 21728303K->626509K(22609920K)] 22479692K->1378322K(25755648K), 0.1173325 secs] [Times: user=4.10 sys=0.00, real=0.12 secs] 
4433.215: [GC (Allocation Failure) [PSYoungGen: 21729101K->632228K(22609920K)] 22480914K->1384425K(25755648K), 0.1160123 secs] [Times: user=4.09 sys=0.00, real=0.12 secs] 
4438.194: [GC (Allocation Failure) [PSYoungGen: 21734820K->645054K(22609920K)] 22487017K->1397803K(25755648K), 0.1190038 secs] [Times: user=4.19 sys=0.00, real=0.12 secs] 
4443.050: [GC (Allocation Failure) [PSYoungGen: 21747646K->639133K(22609920K)] 22500395K->1392266K(25755648K), 0.1175567 secs] [Times: user=4.12 sys=0.00, real=0.12 secs] 
4447.828: [GC (Allocation Failure) [PSYoungGen: 21741725K->618700K(22609920K)] 22494858K->1372217K(25755648K), 0.1146112 secs] [Times: user=4.04 sys=0.00, real=0.12 secs] 
4452.571: [GC (Allocation Failure) [PSYoungGen: 21721292K->624270K(22609920K)] 22474809K->1378179K(25755648K), 0.1160055 secs] [Times: user=4.10 sys=0.00, real=0.12 secs] 
4457.547: [GC (Allocation Failure) [PSYoungGen: 21726862K->613491K(22609920K)] 22480771K->1367759K(25755648K), 0.1191092 secs] [Times: user=4.09 sys=0.00, real=0.12 secs] 
4462.379: [GC (Allocation Failure) [PSYoungGen: 21716083K->615697K(22609920K)] 22470351K->1370350K(25755648K), 0.1143759 secs] [Times: user=4.03 sys=0.00, real=0.11 secs] 
4467.347: [GC (Allocation Failure) [PSYoungGen: 21718289K->595289K(22609920K)] 22472942K->1350302K(25755648K), 0.1114488 secs] [Times: user=3.89 sys=0.01, real=0.11 secs] 
4472.323: [GC (Allocation Failure) [PSYoungGen: 21697881K->617289K(22609920K)] 22452894K->1372686K(25755648K), 0.1153851 secs] [Times: user=4.07 sys=0.00, real=0.12 secs] 
4477.092: [GC (Allocation Failure) [PSYoungGen: 21719881K->677561K(22609920K)] 22475278K->1433526K(25755648K), 0.1260471 secs] [Times: user=4.36 sys=0.00, real=0.13 secs] 
4481.914: [GC (Allocation Failure) [PSYoungGen: 21780153K->622392K(22609920K)] 22536118K->1378741K(25755648K), 0.1167133 secs] [Times: user=4.12 sys=0.00, real=0.12 secs] 
4486.796: [GC (Allocation Failure) [PSYoungGen: 21724984K->617417K(22609920K)] 22481333K->1374142K(25755648K), 0.1153004 secs] [Times: user=4.05 sys=0.00, real=0.12 secs] 
4491.555: [GC (Allocation Failure) [PSYoungGen: 21720009K->617440K(22609920K)] 22476734K->1375509K(25755648K), 0.1166647 secs] [Times: user=4.11 sys=0.01, real=0.12 secs] 
4496.330: [GC (Allocation Failure) [PSYoungGen: 21720032K->603000K(22609920K)] 22478101K->1361453K(25755648K), 0.1111097 secs] [Times: user=3.93 sys=0.00, real=0.11 secs] 
4501.176: [GC (Allocation Failure) [PSYoungGen: 21705592K->652851K(22609920K)] 22464045K->1411680K(25755648K), 0.1215411 secs] [Times: user=4.28 sys=0.01, real=0.12 secs] 
4505.906: [GC (Allocation Failure) [PSYoungGen: 21755443K->632926K(22609920K)] 22514272K->1392299K(25755648K), 0.1184386 secs] [Times: user=4.18 sys=0.00, real=0.12 secs] 
4510.779: [GC (Allocation Failure) [PSYoungGen: 21735518K->624073K(22609920K)] 22494891K->1383814K(25755648K), 0.1200503 secs] [Times: user=4.18 sys=0.00, real=0.12 secs] 
4515.579: [GC (Allocation Failure) [PSYoungGen: 21726665K->611470K(22609920K)] 22486406K->1371626K(25755648K), 0.1161260 secs] [Times: user=4.06 sys=0.00, real=0.12 secs] 
4520.467: [GC (Allocation Failure) [PSYoungGen: 21714062K->607945K(22609920K)] 22474218K->1368470K(25755648K), 0.1143384 secs] [Times: user=4.00 sys=0.00, real=0.12 secs] 
4525.210: [GC (Allocation Failure) [PSYoungGen: 21710537K->628205K(22609920K)] 22471062K->1389282K(25755648K), 0.1178249 secs] [Times: user=4.14 sys=0.01, real=0.12 secs] 
4529.928: [GC (Allocation Failure) [PSYoungGen: 21730797K->612954K(22609920K)] 22491874K->1374407K(25755648K), 0.1156581 secs] [Times: user=4.07 sys=0.00, real=0.12 secs] 
4534.673: [GC (Allocation Failure) [PSYoungGen: 21715546K->634503K(22609920K)] 22476999K->1396548K(25755648K), 0.1178898 secs] [Times: user=4.15 sys=0.00, real=0.12 secs] 
4539.507: [GC (Allocation Failure) [PSYoungGen: 21737095K->611459K(22609920K)] 22499140K->1373872K(25755648K), 0.1150354 secs] [Times: user=3.97 sys=0.00, real=0.11 secs] 
4544.380: [GC (Allocation Failure) [PSYoungGen: 21714051K->594804K(22609920K)] 22476464K->1357601K(25755648K), 0.1115890 secs] [Times: user=3.91 sys=0.00, real=0.11 secs] 
4549.183: [GC (Allocation Failure) [PSYoungGen: 21697396K->649266K(22609920K)] 22460193K->1412423K(25755648K), 0.1212526 secs] [Times: user=4.28 sys=0.00, real=0.12 secs] 
4554.039: [GC (Allocation Failure) [PSYoungGen: 21751858K->621321K(22609920K)] 22515015K->1385638K(25755648K), 0.1164961 secs] [Times: user=4.03 sys=0.00, real=0.11 secs] 
4558.838: [GC (Allocation Failure) [PSYoungGen: 21723913K->625650K(22609920K)] 22488230K->1390351K(25755648K), 0.1153231 secs] [Times: user=4.07 sys=0.00, real=0.11 secs] 
4563.540: [GC (Allocation Failure) [PSYoungGen: 21728242K->604217K(22609920K)] 22492943K->1369277K(25755648K), 0.1126752 secs] [Times: user=3.96 sys=0.01, real=0.11 secs] 
4568.301: [GC (Allocation Failure) [PSYoungGen: 21706809K->593220K(22609920K)] 22471869K->1358657K(25755648K), 0.1107943 secs] [Times: user=3.91 sys=0.01, real=0.11 secs] 
4572.938: [GC (Allocation Failure) [PSYoungGen: 21695812K->645113K(22609920K)] 22461249K->1410918K(25755648K), 0.1199446 secs] [Times: user=4.23 sys=0.00, real=0.12 secs] 
4577.784: [GC (Allocation Failure) [PSYoungGen: 21747705K->624147K(22609920K)] 22513510K->1390328K(25755648K), 0.1158343 secs] [Times: user=4.08 sys=0.00, real=0.11 secs] 
4582.384: [GC (Allocation Failure) [PSYoungGen: 21726739K->623578K(22609920K)] 22492920K->1390151K(25755648K), 0.1170652 secs] [Times: user=4.06 sys=0.00, real=0.11 secs] 
4587.109: [GC (Allocation Failure) [PSYoungGen: 21726170K->629647K(22609920K)] 22492743K->1396604K(25755648K), 0.1172297 secs] [Times: user=4.13 sys=0.01, real=0.12 secs] 
4591.779: [GC (Allocation Failure) [PSYoungGen: 21732239K->620148K(22609920K)] 22499196K->1387481K(25755648K), 0.1167212 secs] [Times: user=4.12 sys=0.00, real=0.12 secs] 
4596.368: [GC (Allocation Failure) [PSYoungGen: 21722740K->617091K(22609920K)] 22490073K->1384776K(25755648K), 0.1154293 secs] [Times: user=4.06 sys=0.01, real=0.11 secs] 
4601.138: [GC (Allocation Failure) [PSYoungGen: 21719683K->636106K(22609920K)] 22487368K->1404183K(25755648K), 0.1189264 secs] [Times: user=4.20 sys=0.00, real=0.12 secs] 
4605.777: [GC (Allocation Failure) [PSYoungGen: 21738698K->613081K(22609920K)] 22506775K->1381542K(25755648K), 0.1149632 secs] [Times: user=4.01 sys=0.00, real=0.11 secs] 
4610.417: [GC (Allocation Failure) [PSYoungGen: 21715673K->607310K(22609920K)] 22484134K->1376146K(25755648K), 0.1136069 secs] [Times: user=3.99 sys=0.00, real=0.11 secs] 
4615.180: [GC (Allocation Failure) [PSYoungGen: 21709902K->642388K(22609920K)] 22478738K->1411641K(25755648K), 0.1212399 secs] [Times: user=4.27 sys=0.01, real=0.12 secs] 
4619.853: [GC (Allocation Failure) [PSYoungGen: 21744980K->623363K(22609920K)] 22514233K->1392984K(25755648K), 0.1158364 secs] [Times: user=4.09 sys=0.00, real=0.12 secs] 
4624.499: [GC (Allocation Failure) [PSYoungGen: 21725955K->613534K(22609920K)] 22495576K->1383515K(25755648K), 0.1173330 secs] [Times: user=4.08 sys=0.00, real=0.11 secs] 
4629.047: [GC (Allocation Failure) [PSYoungGen: 21716126K->646691K(22609920K)] 22486107K->1417056K(25755648K), 0.1213074 secs] [Times: user=4.28 sys=0.00, real=0.12 secs] 
4633.784: [GC (Allocation Failure) [PSYoungGen: 21749283K->652394K(22609920K)] 22519648K->1423151K(25755648K), 0.1221710 secs] [Times: user=4.23 sys=0.00, real=0.12 secs] 
4638.275: [GC (Allocation Failure) [PSYoungGen: 21754986K->661175K(22609920K)] 22525743K->1432316K(25755648K), 0.1216646 secs] [Times: user=4.28 sys=0.00, real=0.12 secs] 
4642.845: [GC (Allocation Failure) [PSYoungGen: 21763767K->638394K(22609920K)] 22534908K->1409959K(25755648K), 0.1182481 secs] [Times: user=4.17 sys=0.00, real=0.12 secs] 
4647.407: [GC (Allocation Failure) [PSYoungGen: 21740986K->610713K(22609920K)] 22512551K->1382662K(25755648K), 0.1143371 secs] [Times: user=4.03 sys=0.00, real=0.11 secs] 
4652.027: [GC (Allocation Failure) [PSYoungGen: 21713305K->636260K(22609920K)] 22485254K->1408673K(25755648K), 0.1193106 secs] [Times: user=4.21 sys=0.00, real=0.12 secs] 
4656.616: [GC (Allocation Failure) [PSYoungGen: 21738852K->611572K(22609920K)] 22511265K->1384337K(25755648K), 0.1133149 secs] [Times: user=4.00 sys=0.00, real=0.11 secs] 
4661.211: [GC (Allocation Failure) [PSYoungGen: 21714164K->648585K(22609920K)] 22486929K->1421734K(25755648K), 0.1191415 secs] [Times: user=4.20 sys=0.00, real=0.12 secs] 
4665.912: [GC (Allocation Failure) [PSYoungGen: 21751177K->623113K(22609920K)] 22524326K->1396670K(25755648K), 0.1157747 secs] [Times: user=4.09 sys=0.00, real=0.12 secs] 
4670.647: [GC (Allocation Failure) [PSYoungGen: 21725705K->645618K(22609920K)] 22499262K->1419591K(25755648K), 0.1217850 secs] [Times: user=4.20 sys=0.00, real=0.12 secs] 
4675.199: [GC (Allocation Failure) [PSYoungGen: 21748210K->646569K(22609920K)] 22522183K->1420934K(25755648K), 0.1218390 secs] [Times: user=4.30 sys=0.01, real=0.12 secs] 
4679.998: [GC (Allocation Failure) [PSYoungGen: 21749161K->639923K(22609920K)] 22523526K->1414688K(25755648K), 0.1187655 secs] [Times: user=4.19 sys=0.00, real=0.11 secs] 
4684.581: [GC (Allocation Failure) [PSYoungGen: 21742515K->613117K(22609920K)] 22517280K->1388426K(25755648K), 0.1144349 secs] [Times: user=4.03 sys=0.00, real=0.11 secs] 
4689.167: [GC (Allocation Failure) [PSYoungGen: 21715709K->638169K(22609920K)] 22491018K->1413870K(25755648K), 0.1186155 secs] [Times: user=4.18 sys=0.00, real=0.12 secs] 
4693.752: [GC (Allocation Failure) [PSYoungGen: 21740761K->614921K(22609920K)] 22516462K->1391166K(25755648K), 0.1141228 secs] [Times: user=4.02 sys=0.00, real=0.11 secs] 
4698.220: [GC (Allocation Failure) [PSYoungGen: 21717513K->649832K(22609920K)] 22493758K->1426461K(25755648K), 0.1204465 secs] [Times: user=4.24 sys=0.00, real=0.12 secs] 
4702.799: [GC (Allocation Failure) [PSYoungGen: 21752424K->609508K(22609920K)] 22529053K->1386673K(25755648K), 0.1136448 secs] [Times: user=4.01 sys=0.01, real=0.12 secs] 
4707.280: [GC (Allocation Failure) [PSYoungGen: 21712100K->664712K(22609920K)] 22489265K->1442237K(25755648K), 0.1235402 secs] [Times: user=4.36 sys=0.00, real=0.13 secs] 
4711.929: [GC (Allocation Failure) [PSYoungGen: 21767304K->624564K(22609920K)] 22544829K->1402465K(25755648K), 0.1170082 secs] [Times: user=4.06 sys=0.01, real=0.12 secs] 
4716.455: [GC (Allocation Failure) [PSYoungGen: 21727156K->646662K(22609920K)] 22505057K->1425035K(25755648K), 0.1187738 secs] [Times: user=4.19 sys=0.00, real=0.12 secs] 
4721.025: [GC (Allocation Failure) [PSYoungGen: 21749254K->639056K(22609920K)] 22527627K->1417813K(25755648K), 0.1187015 secs] [Times: user=4.15 sys=0.00, real=0.12 secs] 
4725.587: [GC (Allocation Failure) [PSYoungGen: 21741648K->613001K(22609920K)] 22520405K->1392126K(25755648K), 0.1165743 secs] [Times: user=4.09 sys=0.00, real=0.11 secs] 
4730.208: [GC (Allocation Failure) [PSYoungGen: 21715593K->645092K(22609920K)] 22494718K->1424585K(25755648K), 0.1200517 secs] [Times: user=4.17 sys=0.01, real=0.12 secs] 
4734.736: [GC (Allocation Failure) [PSYoungGen: 21747684K->617737K(22609920K)] 22527177K->1397798K(25755648K), 0.1148567 secs] [Times: user=4.05 sys=0.00, real=0.11 secs] 
4739.249: [GC (Allocation Failure) [PSYoungGen: 21720329K->644960K(22609920K)] 22500390K->1425405K(25755648K), 0.1195223 secs] [Times: user=4.19 sys=0.00, real=0.12 secs] 
4743.799: [GC (Allocation Failure) [PSYoungGen: 21747552K->613273K(22609920K)] 22527997K->1394118K(25755648K), 0.1140081 secs] [Times: user=4.02 sys=0.01, real=0.11 secs] 
4748.352: [GC (Allocation Failure) [PSYoungGen: 21715865K->607369K(22609920K)] 22496710K->1388590K(25755648K), 0.1128009 secs] [Times: user=3.98 sys=0.01, real=0.11 secs] 
4752.917: [GC (Allocation Failure) [PSYoungGen: 21709961K->613412K(22609920K)] 22491182K->1395017K(25755648K), 0.1168429 secs] [Times: user=3.99 sys=0.00, real=0.12 secs] 
4757.530: [GC (Allocation Failure) [PSYoungGen: 21716004K->621965K(22609920K)] 22497609K->1404082K(25755648K), 0.1161503 secs] [Times: user=4.06 sys=0.00, real=0.11 secs] 
4762.113: [GC (Allocation Failure) [PSYoungGen: 21724557K->631204K(22609920K)] 22506674K->1413705K(25755648K), 0.1174538 secs] [Times: user=4.14 sys=0.00, real=0.12 secs] 
4766.660: [GC (Allocation Failure) [PSYoungGen: 21733796K->656046K(22609920K)] 22516297K->1438907K(25755648K), 0.1228182 secs] [Times: user=4.33 sys=0.01, real=0.12 secs] 
4771.208: [GC (Allocation Failure) [PSYoungGen: 21758638K->639945K(22609920K)] 22541499K->1423342K(25755648K), 0.1188568 secs] [Times: user=4.20 sys=0.01, real=0.12 secs] 
4775.631: [GC (Allocation Failure) [PSYoungGen: 21742537K->639409K(22609920K)] 22525934K->1423182K(25755648K), 0.1208269 secs] [Times: user=4.26 sys=0.01, real=0.13 secs] 
4780.086: [GC (Allocation Failure) [PSYoungGen: 21742001K->641945K(22609920K)] 22525774K->1426102K(25755648K), 0.1185839 secs] [Times: user=4.17 sys=0.00, real=0.12 secs] 
4784.468: [GC (Allocation Failure) [PSYoungGen: 21744537K->632749K(22609920K)] 22528694K->1417290K(25755648K), 0.1189535 secs] [Times: user=4.17 sys=0.00, real=0.12 secs] 
4789.014: [GC (Allocation Failure) [PSYoungGen: 21735341K->673206K(22609920K)] 22519882K->1458115K(25755648K), 0.1241364 secs] [Times: user=4.39 sys=0.00, real=0.12 secs] 
4793.499: [GC (Allocation Failure) [PSYoungGen: 21775798K->602588K(22609920K)] 22560707K->1388033K(25755648K), 0.1125154 secs] [Times: user=3.97 sys=0.00, real=0.11 secs] 
4797.917: [GC (Allocation Failure) [PSYoungGen: 21705180K->640850K(22609920K)] 22490625K->1426663K(25755648K), 0.1195709 secs] [Times: user=4.21 sys=0.00, real=0.12 secs] 
4802.370: [GC (Allocation Failure) [PSYoungGen: 21743442K->613129K(22609920K)] 22529255K->1399334K(25755648K), 0.1144594 secs] [Times: user=4.01 sys=0.01, real=0.12 secs] 
4806.841: [GC (Allocation Failure) [PSYoungGen: 21715721K->671286K(22609920K)] 22501926K->1457914K(25755648K), 0.1242083 secs] [Times: user=4.38 sys=0.00, real=0.13 secs] 
4811.283: [GC (Allocation Failure) [PSYoungGen: 21773878K->650174K(22609920K)] 22560506K->1437187K(25755648K), 0.1209084 secs] [Times: user=4.17 sys=0.00, real=0.12 secs] 
4815.723: [GC (Allocation Failure) [PSYoungGen: 21752766K->632067K(22609920K)] 22539779K->1419464K(25755648K), 0.1186853 secs] [Times: user=4.18 sys=0.00, real=0.12 secs] 
4820.099: [GC (Allocation Failure) [PSYoungGen: 21734659K->636430K(22609920K)] 22522056K->1424251K(25755648K), 0.1171822 secs] [Times: user=4.13 sys=0.00, real=0.11 secs] 
4824.568: [GC (Allocation Failure) [PSYoungGen: 21739022K->610420K(22609920K)] 22526843K->1398625K(25755648K), 0.1137182 secs] [Times: user=4.00 sys=0.01, real=0.12 secs] 
4828.954: [GC (Allocation Failure) [PSYoungGen: 21713012K->642098K(22609920K)] 22501217K->1430791K(25755648K), 0.1216553 secs] [Times: user=4.29 sys=0.00, real=0.12 secs] 
4833.328: [GC (Allocation Failure) [PSYoungGen: 21744690K->634943K(22609920K)] 22533383K->1424020K(25755648K), 0.1178358 secs] [Times: user=4.16 sys=0.00, real=0.12 secs] 
4837.799: [GC (Allocation Failure) [PSYoungGen: 21737535K->620040K(22609920K)] 22526612K->1409485K(25755648K), 0.1152329 secs] [Times: user=4.05 sys=0.00, real=0.12 secs] 
4842.102: [GC (Allocation Failure) [PSYoungGen: 21722632K->627076K(22609920K)] 22512077K->1416977K(25755648K), 0.1165085 secs] [Times: user=4.09 sys=0.01, real=0.11 secs] 
4846.440: [GC (Allocation Failure) [PSYoungGen: 21729668K->615827K(22609920K)] 22519569K->1406087K(25755648K), 0.1155944 secs] [Times: user=4.07 sys=0.00, real=0.12 secs] 
4850.754: [GC (Allocation Failure) [PSYoungGen: 21718419K->633049K(22609920K)] 22508679K->1423734K(25755648K), 0.1204969 secs] [Times: user=4.25 sys=0.00, real=0.12 secs] 
4855.134: [GC (Allocation Failure) [PSYoungGen: 21735641K->659442K(22609920K)] 22526326K->1450471K(25755648K), 0.1219652 secs] [Times: user=4.30 sys=0.00, real=0.12 secs] 
4859.585: [GC (Allocation Failure) [PSYoungGen: 21762034K->646228K(22609920K)] 22553063K->1437640K(25755648K), 0.1192646 secs] [Times: user=4.19 sys=0.00, real=0.12 secs] 
4863.970: [GC (Allocation Failure) [PSYoungGen: 21748820K->670295K(22609920K)] 22540232K->1462068K(25755648K), 0.1243270 secs] [Times: user=4.39 sys=0.00, real=0.12 secs] 
4868.639: [GC (Allocation Failure) [PSYoungGen: 21772887K->624542K(22609920K)] 22564660K->1416707K(25755648K), 0.1170874 secs] [Times: user=4.13 sys=0.00, real=0.12 secs] 
4872.979: [GC (Allocation Failure) [PSYoungGen: 21727134K->648119K(22609920K)] 22519299K->1440788K(25755648K), 0.1200905 secs] [Times: user=4.22 sys=0.00, real=0.12 secs] 
4877.231: [GC (Allocation Failure) [PSYoungGen: 21750711K->646612K(22609920K)] 22543380K->1439649K(25755648K), 0.1198107 secs] [Times: user=4.22 sys=0.00, real=0.12 secs] 
4881.572: [GC (Allocation Failure) [PSYoungGen: 21749204K->604324K(22609920K)] 22542241K->1397849K(25755648K), 0.1132254 secs] [Times: user=3.99 sys=0.00, real=0.11 secs] 
4885.937: [GC (Allocation Failure) [PSYoungGen: 21706916K->629438K(22609920K)] 22500441K->1423330K(25755648K), 0.1202248 secs] [Times: user=4.25 sys=0.01, real=0.12 secs] 
4890.367: [GC (Allocation Failure) [PSYoungGen: 21731996K->617689K(22609920K)] 22525889K->1412198K(25755648K), 0.1168386 secs] [Times: user=3.97 sys=0.00, real=0.12 secs] 
4894.740: [GC (Allocation Failure) [PSYoungGen: 21720281K->631262K(22609920K)] 22514790K->1426147K(25755648K), 0.1217675 secs] [Times: user=4.15 sys=0.01, real=0.12 secs] 
4899.135: [GC (Allocation Failure) [PSYoungGen: 21733854K->649629K(22609920K)] 22528739K->1445034K(25755648K), 0.1198016 secs] [Times: user=4.23 sys=0.00, real=0.12 secs] 
4903.429: [GC (Allocation Failure) [PSYoungGen: 21752221K->635358K(22609920K)] 22547626K->1431395K(25755648K), 0.1226565 secs] [Times: user=4.21 sys=0.00, real=0.13 secs] 
4907.713: [GC (Allocation Failure) [PSYoungGen: 21737950K->619940K(22609920K)] 22533987K->1416345K(25755648K), 0.1154078 secs] [Times: user=4.01 sys=0.00, real=0.11 secs] 
4911.967: [GC (Allocation Failure) [PSYoungGen: 21722532K->633401K(22609920K)] 22518937K->1430190K(25755648K), 0.1188630 secs] [Times: user=4.20 sys=0.00, real=0.12 secs] 
4916.119: [GC (Allocation Failure) [PSYoungGen: 21735993K->646949K(22609920K)] 22532782K->1444226K(25755648K), 0.1192755 secs] [Times: user=4.21 sys=0.00, real=0.12 secs] 
4920.489: [GC (Allocation Failure) [PSYoungGen: 21749541K->617306K(22609920K)] 22546818K->1414951K(25755648K), 0.1192275 secs] [Times: user=4.15 sys=0.00, real=0.12 secs] 
4924.801: [GC (Allocation Failure) [PSYoungGen: 21719898K->661094K(22609920K)] 22517543K->1459123K(25755648K), 0.1234731 secs] [Times: user=4.34 sys=0.01, real=0.13 secs] 
4929.245: [GC (Allocation Failure) [PSYoungGen: 21763686K->654889K(22609920K)] 22561715K->1453318K(25755648K), 0.1211754 secs] [Times: user=4.28 sys=0.00, real=0.13 secs] 
4933.575: [GC (Allocation Failure) [PSYoungGen: 21757481K->633587K(22609920K)] 22555910K->1432408K(25755648K), 0.1193648 secs] [Times: user=4.19 sys=0.01, real=0.12 secs] 
4937.935: [GC (Allocation Failure) [PSYoungGen: 21736179K->637026K(22609920K)] 22535000K->1436223K(25755648K), 0.1178826 secs] [Times: user=4.13 sys=0.00, real=0.12 secs] 
4942.288: [GC (Allocation Failure) [PSYoungGen: 21739618K->656670K(22609920K)] 22538815K->1456243K(25755648K), 0.1209430 secs] [Times: user=4.27 sys=0.00, real=0.12 secs] 
4946.678: [GC (Allocation Failure) [PSYoungGen: 21759262K->637636K(22609920K)] 22558835K->1437617K(25755648K), 0.1181636 secs] [Times: user=4.16 sys=0.00, real=0.11 secs] 
4950.910: [GC (Allocation Failure) [PSYoungGen: 21740228K->625291K(22609920K)] 22540209K->1425640K(25755648K), 0.1200857 secs] [Times: user=4.14 sys=0.00, real=0.12 secs] 
4955.253: [GC (Allocation Failure) [PSYoungGen: 21727883K->667905K(22609920K)] 22528232K->1468654K(25755648K), 0.1240572 secs] [Times: user=4.38 sys=0.00, real=0.12 secs] 
4959.629: [GC (Allocation Failure) [PSYoungGen: 21770497K->644941K(22609920K)] 22571246K->1446090K(25755648K), 0.1189182 secs] [Times: user=4.20 sys=0.00, real=0.12 secs] 
4963.945: [GC (Allocation Failure) [PSYoungGen: 21747533K->656051K(22609920K)] 22548682K->1457568K(25755648K), 0.1244267 secs] [Times: user=4.26 sys=0.00, real=0.12 secs] 
4968.222: [GC (Allocation Failure) [PSYoungGen: 21758643K->651470K(22609920K)] 22560160K->1453371K(25755648K), 0.1205514 secs] [Times: user=4.26 sys=0.01, real=0.12 secs] 
4972.422: [GC (Allocation Failure) [PSYoungGen: 21754062K->625340K(22609920K)] 22555963K->1427617K(25755648K), 0.1182304 secs] [Times: user=4.06 sys=0.01, real=0.11 secs] 
4976.590: [GC (Allocation Failure) [PSYoungGen: 21727932K->639938K(22609920K)] 22530209K->1442655K(25755648K), 0.1194700 secs] [Times: user=4.23 sys=0.00, real=0.12 secs] 
4980.834: [GC (Allocation Failure) [PSYoungGen: 21742530K->662687K(22609920K)] 22545247K->1465788K(25755648K), 0.1221451 secs] [Times: user=4.30 sys=0.01, real=0.12 secs] 
4985.007: [GC (Allocation Failure) [PSYoungGen: 21765279K->681962K(22609920K)] 22568380K->1485447K(25755648K), 0.1257814 secs] [Times: user=4.44 sys=0.00, real=0.13 secs] 
4989.270: [GC (Allocation Failure) [PSYoungGen: 21784554K->665867K(22609920K)] 22588039K->1469720K(25755648K), 0.1241371 secs] [Times: user=4.39 sys=0.00, real=0.13 secs] 
4993.582: [GC (Allocation Failure) [PSYoungGen: 21768459K->629158K(22609920K)] 22572312K->1433379K(25755648K), 0.1182303 secs] [Times: user=4.17 sys=0.00, real=0.12 secs] 
4997.817: [GC (Allocation Failure) [PSYoungGen: 21731750K->642302K(22609920K)] 22535971K->1446907K(25755648K), 0.1200129 secs] [Times: user=4.20 sys=0.00, real=0.12 secs] 
5001.969: [GC (Allocation Failure) [PSYoungGen: 21744894K->656321K(22609920K)] 22549499K->1461294K(25755648K), 0.1232504 secs] [Times: user=4.30 sys=0.00, real=0.12 secs] 
5006.169: [GC (Allocation Failure) [PSYoungGen: 21758913K->649785K(22609920K)] 22563886K->1455181K(25755648K), 0.1199758 secs] [Times: user=4.22 sys=0.00, real=0.12 secs] 
5010.437: [GC (Allocation Failure) [PSYoungGen: 21752377K->633401K(22609920K)] 22557773K->1439182K(25755648K), 0.1174278 secs] [Times: user=4.15 sys=0.00, real=0.11 secs] 
5014.616: [GC (Allocation Failure) [PSYoungGen: 21735993K->623356K(22609920K)] 22541774K->1429521K(25755648K), 0.1164235 secs] [Times: user=4.10 sys=0.01, real=0.12 secs] 
5018.848: [GC (Allocation Failure) [PSYoungGen: 21725948K->658391K(22609920K)] 22532113K->1464916K(25755648K), 0.1226372 secs] [Times: user=4.32 sys=0.00, real=0.13 secs] 
5023.017: [GC (Allocation Failure) [PSYoungGen: 21760983K->640609K(22609920K)] 22567508K->1447622K(25755648K), 0.1214788 secs] [Times: user=4.29 sys=0.00, real=0.12 secs] 
5027.293: [GC (Allocation Failure) [PSYoungGen: 21743201K->620478K(22609920K)] 22550214K->1427866K(25755648K), 0.1155110 secs] [Times: user=4.08 sys=0.01, real=0.11 secs] 
5031.530: [GC (Allocation Failure) [PSYoungGen: 21723070K->625272K(22609920K)] 22530458K->1433029K(25755648K), 0.1169249 secs] [Times: user=4.10 sys=0.00, real=0.12 secs] 
5035.835: [GC (Allocation Failure) [PSYoungGen: 21727864K->646969K(22609920K)] 22535621K->1455310K(25755648K), 0.1193144 secs] [Times: user=4.22 sys=0.00, real=0.12 secs] 
5039.982: [GC (Allocation Failure) [PSYoungGen: 21749561K->640948K(22609920K)] 22557902K->1449657K(25755648K), 0.1217784 secs] [Times: user=4.30 sys=0.00, real=0.12 secs] 
5044.223: [GC (Allocation Failure) [PSYoungGen: 21743540K->687593K(22609920K)] 22552249K->1496686K(25755648K), 0.1280699 secs] [Times: user=4.44 sys=0.00, real=0.12 secs] 
5048.336: [GC (Allocation Failure) [PSYoungGen: 21790185K->648285K(22609920K)] 22599278K->1457865K(25755648K), 0.1194537 secs] [Times: user=4.19 sys=0.00, real=0.12 secs] 
5052.501: [GC (Allocation Failure) [PSYoungGen: 21750877K->613193K(22609920K)] 22560457K->1423142K(25755648K), 0.1140187 secs] [Times: user=4.02 sys=0.00, real=0.12 secs] 
5056.648: [GC (Allocation Failure) [PSYoungGen: 21715785K->605828K(22609920K)] 22525734K->1416153K(25755648K), 0.1136601 secs] [Times: user=4.01 sys=0.00, real=0.11 secs] 
5060.721: [GC (Allocation Failure) [PSYoungGen: 21708420K->646905K(22609920K)] 22518745K->1457598K(25755648K), 0.1224729 secs] [Times: user=4.32 sys=0.00, real=0.12 secs] 
5064.975: [GC (GCLocker Initiated GC) [PSYoungGen: 21749497K->635465K(22609920K)] 22561931K->1448275K(25755648K), 0.1177894 secs] [Times: user=4.14 sys=0.00, real=0.11 secs] 
5069.095: [GC (Allocation Failure) [PSYoungGen: 21738057K->747277K(22609920K)] 22550869K->1560456K(25755648K), 0.1349364 secs] [Times: user=4.74 sys=0.01, real=0.14 secs] 
5073.328: [GC (Allocation Failure) [PSYoungGen: 21849869K->672909K(22609920K)] 22663048K->1486505K(25755648K), 0.1231429 secs] [Times: user=4.34 sys=0.01, real=0.12 secs] 
5077.452: [GC (Allocation Failure) [PSYoungGen: 21775501K->709582K(22609920K)] 22589097K->1523537K(25755648K), 0.1286278 secs] [Times: user=4.54 sys=0.00, real=0.13 secs] 
5081.663: [GC (Allocation Failure) [PSYoungGen: 21812174K->688180K(22609920K)] 22626129K->1502512K(25755648K), 0.1303336 secs] [Times: user=4.43 sys=0.00, real=0.13 secs] 
5085.900: [GC (Allocation Failure) [PSYoungGen: 21790772K->702399K(22609920K)] 22605104K->1517114K(25755648K), 0.1278255 secs] [Times: user=4.48 sys=0.00, real=0.13 secs] 
5090.107: [GC (Allocation Failure) [PSYoungGen: 21804991K->719931K(22609920K)] 22619706K->1535094K(25755648K), 0.1307336 secs] [Times: user=4.61 sys=0.00, real=0.13 secs] 
5094.223: [GC (Allocation Failure) [PSYoungGen: 21822523K->685445K(22609920K)] 22637686K->1500992K(25755648K), 0.1238353 secs] [Times: user=4.37 sys=0.00, real=0.12 secs] 
5098.425: [GC (Allocation Failure) [PSYoungGen: 21788037K->683243K(22609920K)] 22603584K->1499151K(25755648K), 0.1229884 secs] [Times: user=4.33 sys=0.00, real=0.12 secs] 
5102.676: [GC (Allocation Failure) [PSYoungGen: 21785835K->684710K(22609920K)] 22601743K->1501017K(25755648K), 0.1236107 secs] [Times: user=4.37 sys=0.01, real=0.12 secs] 
5106.848: [GC (Allocation Failure) [PSYoungGen: 21787302K->688573K(22609920K)] 22603609K->1505265K(25755648K), 0.1252259 secs] [Times: user=4.38 sys=0.00, real=0.13 secs] 
5111.003: [GC (Allocation Failure) [PSYoungGen: 21791165K->711584K(22609920K)] 22607857K->1528668K(25755648K), 0.1293519 secs] [Times: user=4.53 sys=0.01, real=0.13 secs] 
5114.994: [GC (Allocation Failure) [PSYoungGen: 21814176K->708350K(22609920K)] 22631260K->1525809K(25755648K), 0.1276210 secs] [Times: user=4.51 sys=0.00, real=0.12 secs] 
5119.247: [GC (Allocation Failure) [PSYoungGen: 21810942K->697002K(22609920K)] 22628401K->1514885K(25755648K), 0.1274870 secs] [Times: user=4.50 sys=0.01, real=0.13 secs] 
5123.336: [GC (Allocation Failure) [PSYoungGen: 21799594K->673526K(22609920K)] 22617477K->1491778K(25755648K), 0.1237409 secs] [Times: user=4.37 sys=0.00, real=0.12 secs] 
5127.405: [GC (Allocation Failure) [PSYoungGen: 21776118K->621694K(22609920K)] 22594370K->1493563K(25755648K), 0.1224920 secs] [Times: user=4.33 sys=0.01, real=0.12 secs] 
5131.603: [GC (Allocation Failure) [PSYoungGen: 21724286K->655637K(22609920K)] 22596155K->1528098K(25755648K), 0.1227663 secs] [Times: user=4.30 sys=0.00, real=0.13 secs] 
5135.651: [GC (Allocation Failure) [PSYoungGen: 21758229K->626450K(22609920K)] 22630690K->1499318K(25755648K), 0.1207170 secs] [Times: user=4.20 sys=0.01, real=0.12 secs] 
5139.829: [GC (Allocation Failure) [PSYoungGen: 21729042K->657057K(22609920K)] 22601910K->1530301K(25755648K), 0.1220059 secs] [Times: user=4.32 sys=0.00, real=0.12 secs] 
5143.938: [GC (Allocation Failure) [PSYoungGen: 21759649K->667247K(22609920K)] 22632893K->1540891K(25755648K), 0.1234132 secs] [Times: user=4.36 sys=0.01, real=0.12 secs] 
5148.028: [GC (Allocation Failure) [PSYoungGen: 21769839K->665089K(22609920K)] 22643483K->1539102K(25755648K), 0.1226916 secs] [Times: user=4.34 sys=0.00, real=0.13 secs] 
5152.131: [GC (Allocation Failure) [PSYoungGen: 21767681K->634612K(22609920K)] 22641694K->1509000K(25755648K), 0.1178995 secs] [Times: user=4.12 sys=0.00, real=0.12 secs] 
5156.102: [GC (Allocation Failure) [PSYoungGen: 21737204K->677242K(22609920K)] 22611592K->1552054K(25755648K), 0.1252946 secs] [Times: user=4.43 sys=0.00, real=0.12 secs] 
5160.248: [GC (Allocation Failure) [PSYoungGen: 21779834K->655117K(22609920K)] 22654646K->1530458K(25755648K), 0.1220306 secs] [Times: user=4.26 sys=0.00, real=0.13 secs] 
5164.236: [GC (Allocation Failure) [PSYoungGen: 21757709K->651385K(22609920K)] 22633050K->1527102K(25755648K), 0.1208353 secs] [Times: user=4.26 sys=0.01, real=0.12 secs] 
5168.406: [GC (Allocation Failure) [PSYoungGen: 21753977K->625420K(22609920K)] 22629694K->1501529K(25755648K), 0.1160841 secs] [Times: user=4.10 sys=0.00, real=0.12 secs] 
5172.483: [GC (Allocation Failure) [PSYoungGen: 21728012K->629417K(22609920K)] 22604121K->1506158K(25755648K), 0.1178499 secs] [Times: user=4.11 sys=0.00, real=0.11 secs] 
5176.713: [GC (Allocation Failure) [PSYoungGen: 21732009K->654995K(22609920K)] 22608750K->1532103K(25755648K), 0.1234130 secs] [Times: user=4.32 sys=0.01, real=0.12 secs] 
5180.784: [GC (Allocation Failure) [PSYoungGen: 21757587K->648414K(22609920K)] 22634695K->1525890K(25755648K), 0.1201698 secs] [Times: user=4.20 sys=0.01, real=0.12 secs] 
5184.748: [GC (Allocation Failure) [PSYoungGen: 21751006K->643721K(22609920K)] 22628482K->1521782K(25755648K), 0.1229001 secs] [Times: user=4.35 sys=0.00, real=0.12 secs] 
5188.727: [GC (Allocation Failure) [PSYoungGen: 21746313K->642740K(22609920K)] 22624374K->1521424K(25755648K), 0.1196153 secs] [Times: user=4.18 sys=0.00, real=0.12 secs] 
5192.784: [GC (Allocation Failure) [PSYoungGen: 21745332K->629513K(22609920K)] 22624016K->1508605K(25755648K), 0.1163354 secs] [Times: user=4.09 sys=0.00, real=0.12 secs] 
5196.830: [GC (Allocation Failure) [PSYoungGen: 21732105K->634404K(22609920K)] 22611197K->1513864K(25755648K), 0.1178330 secs] [Times: user=4.15 sys=0.00, real=0.12 secs] 
5200.911: [GC (Allocation Failure) [PSYoungGen: 21736996K->629161K(22609920K)] 22616456K->1508989K(25755648K), 0.1171491 secs] [Times: user=4.13 sys=0.00, real=0.12 secs] 
5204.867: [GC (Allocation Failure) [PSYoungGen: 21731753K->659987K(22609920K)] 22611581K->1540215K(25755648K), 0.1236281 secs] [Times: user=4.37 sys=0.00, real=0.12 secs] 
5208.825: [GC (Allocation Failure) [PSYoungGen: 21762579K->666190K(22609920K)] 22642807K->1546787K(25755648K), 0.1230955 secs] [Times: user=4.34 sys=0.00, real=0.13 secs] 
5212.873: [GC (Allocation Failure) [PSYoungGen: 21768782K->678022K(22609920K)] 22649379K->1559010K(25755648K), 0.1273372 secs] [Times: user=4.45 sys=0.00, real=0.13 secs] 
5216.995: [GC (Allocation Failure) [PSYoungGen: 21780614K->678160K(22609920K)] 22661602K->1559708K(25755648K), 0.1246674 secs] [Times: user=4.40 sys=0.00, real=0.13 secs] 
5220.931: [GC (Allocation Failure) [PSYoungGen: 21780752K->670493K(22609920K)] 22662300K->1552409K(25755648K), 0.1248369 secs] [Times: user=4.33 sys=0.00, real=0.12 secs] 
5225.022: [GC (Allocation Failure) [PSYoungGen: 21773085K->634676K(22609920K)] 22655001K->1516968K(25755648K), 0.1191313 secs] [Times: user=4.16 sys=0.00, real=0.12 secs] 
5229.025: [GC (Allocation Failure) [PSYoungGen: 21737268K->626340K(22609920K)] 22619560K->1509168K(25755648K), 0.1167384 secs] [Times: user=4.04 sys=0.00, real=0.12 secs] 
5232.985: [GC (Allocation Failure) [PSYoungGen: 21728932K->660750K(22609920K)] 22611760K->1543954K(25755648K), 0.1224163 secs] [Times: user=4.32 sys=0.00, real=0.12 secs] 
5237.031: [GC (Allocation Failure) [PSYoungGen: 21763342K->659454K(22609920K)] 22646546K->1543034K(25755648K), 0.1232269 secs] [Times: user=4.34 sys=0.00, real=0.12 secs] 
5241.001: [GC (Allocation Failure) [PSYoungGen: 21762046K->674398K(22609920K)] 22645626K->1558378K(25755648K), 0.1248286 secs] [Times: user=4.42 sys=0.00, real=0.13 secs] 
5245.055: [GC (Allocation Failure) [PSYoungGen: 21776990K->665922K(22609920K)] 22660970K->1550286K(25755648K), 0.1246792 secs] [Times: user=4.34 sys=0.00, real=0.12 secs] 
5249.119: [GC (Allocation Failure) [PSYoungGen: 21768514K->665566K(22609920K)] 22652878K->1550306K(25755648K), 0.1237839 secs] [Times: user=4.36 sys=0.00, real=0.12 secs] 
5253.070: [GC (Allocation Failure) [PSYoungGen: 21768158K->695385K(22609920K)] 22652898K->1580493K(25755648K), 0.1293230 secs] [Times: user=4.56 sys=0.00, real=0.13 secs] 
5256.961: [GC (Allocation Failure) [PSYoungGen: 21797977K->653266K(22609920K)] 22683085K->1538750K(25755648K), 0.1214292 secs] [Times: user=4.28 sys=0.00, real=0.12 secs] 
5260.781: [GC (Allocation Failure) [PSYoungGen: 21755858K->659286K(22609920K)] 22641342K->1545178K(25755648K), 0.1237195 secs] [Times: user=4.31 sys=0.01, real=0.12 secs] 
5264.771: [GC (Allocation Failure) [PSYoungGen: 21761878K->626036K(22609920K)] 22647770K->1512304K(25755648K), 0.1167764 secs] [Times: user=4.11 sys=0.01, real=0.12 secs] 
5268.607: [GC (Allocation Failure) [PSYoungGen: 21728628K->650735K(22609920K)] 22614896K->1537379K(25755648K), 0.1212995 secs] [Times: user=4.25 sys=0.00, real=0.12 secs] 
5272.701: [GC (Allocation Failure) [PSYoungGen: 21753327K->617460K(22609920K)] 22639971K->1504496K(25755648K), 0.1164725 secs] [Times: user=4.04 sys=0.00, real=0.12 secs] 
5276.801: [GC (Allocation Failure) [PSYoungGen: 21720052K->645654K(22609920K)] 22607088K->1533074K(25755648K), 0.1227023 secs] [Times: user=4.27 sys=0.00, real=0.12 secs] 
5280.733: [GC (Allocation Failure) [PSYoungGen: 21748246K->663436K(22609920K)] 22635666K->1551256K(25755648K), 0.1235577 secs] [Times: user=4.37 sys=0.00, real=0.12 secs] 
5284.717: [GC (Allocation Failure) [PSYoungGen: 21766028K->669672K(22609920K)] 22653848K->1557884K(25755648K), 0.1251777 secs] [Times: user=4.37 sys=0.00, real=0.13 secs] 
5288.686: [GC (Allocation Failure) [PSYoungGen: 21772264K->642850K(22609920K)] 22660476K->1531439K(25755648K), 0.1220367 secs] [Times: user=4.21 sys=0.00, real=0.12 secs] 
5292.597: [GC (Allocation Failure) [PSYoungGen: 21745442K->614009K(22609920K)] 22634031K->1502974K(25755648K), 0.1169598 secs] [Times: user=4.10 sys=0.01, real=0.12 secs] 
5296.560: [GC (Allocation Failure) [PSYoungGen: 21716601K->672526K(22609920K)] 22605566K->1561978K(25755648K), 0.1269247 secs] [Times: user=4.49 sys=0.00, real=0.12 secs] 
5300.603: [GC (Allocation Failure) [PSYoungGen: 21775118K->642196K(22609920K)] 22664570K->1532128K(25755648K), 0.1204412 secs] [Times: user=4.17 sys=0.00, real=0.12 secs] 
5304.447: [GC (Allocation Failure) [PSYoungGen: 21744788K->640717K(22609920K)] 22634720K->1531025K(25755648K), 0.1187097 secs] [Times: user=4.19 sys=0.00, real=0.12 secs] 
5308.358: [GC (Allocation Failure) [PSYoungGen: 21743309K->653080K(22609920K)] 22633617K->1543764K(25755648K), 0.1220773 secs] [Times: user=4.28 sys=0.00, real=0.12 secs] 
5312.404: [GC (Allocation Failure) [PSYoungGen: 21755672K->639113K(22609920K)] 22646356K->1530398K(25755648K), 0.1193991 secs] [Times: user=4.20 sys=0.00, real=0.12 secs] 
5316.369: [GC (Allocation Failure) [PSYoungGen: 21741705K->655472K(22609920K)] 22632990K->1547132K(25755648K), 0.1212216 secs] [Times: user=4.28 sys=0.01, real=0.12 secs] 
5320.172: [GC (Allocation Failure) [PSYoungGen: 21758064K->669899K(22609920K)] 22649724K->1561935K(25755648K), 0.1255140 secs] [Times: user=4.38 sys=0.01, real=0.13 secs] 
5324.158: [GC (Allocation Failure) [PSYoungGen: 21772491K->667435K(22609920K)] 22664527K->1560063K(25755648K), 0.1248711 secs] [Times: user=4.41 sys=0.00, real=0.12 secs] 
5328.045: [GC (Allocation Failure) [PSYoungGen: 21770027K->649625K(22609920K)] 22662655K->1542621K(25755648K), 0.1205313 secs] [Times: user=4.21 sys=0.00, real=0.13 secs] 
5331.929: [GC (Allocation Failure) [PSYoungGen: 21752217K->653283K(22609920K)] 22645213K->1546687K(25755648K), 0.1230896 secs] [Times: user=4.34 sys=0.00, real=0.12 secs] 
5335.868: [GC (Allocation Failure) [PSYoungGen: 21755875K->694623K(22609920K)] 22649279K->1588667K(25755648K), 0.1286030 secs] [Times: user=4.51 sys=0.01, real=0.13 secs] 
5339.763: [GC (Allocation Failure) [PSYoungGen: 21797215K->648340K(22609920K)] 22691259K->1542768K(25755648K), 0.1207592 secs] [Times: user=4.26 sys=0.00, real=0.12 secs] 
5343.731: [GC (Allocation Failure) [PSYoungGen: 21750932K->631364K(22609920K)] 22645360K->1526160K(25755648K), 0.1171105 secs] [Times: user=4.13 sys=0.00, real=0.12 secs] 
5347.652: [GC (Allocation Failure) [PSYoungGen: 21733956K->649064K(22609920K)] 22628752K->1544308K(25755648K), 0.1210829 secs] [Times: user=4.27 sys=0.01, real=0.12 secs] 
5351.465: [GC (Allocation Failure) [PSYoungGen: 21751656K->638900K(22609920K)] 22646900K->1534529K(25755648K), 0.1186422 secs] [Times: user=4.20 sys=0.00, real=0.12 secs] 
5355.424: [GC (Allocation Failure) [PSYoungGen: 21741492K->614274K(22609920K)] 22637121K->1510279K(25755648K), 0.1177793 secs] [Times: user=4.14 sys=0.00, real=0.12 secs] 
5359.247: [GC (Allocation Failure) [PSYoungGen: 21716866K->687843K(22609920K)] 22612871K->1584223K(25755648K), 0.1270394 secs] [Times: user=4.49 sys=0.01, real=0.13 secs] 
5363.218: [GC (Allocation Failure) [PSYoungGen: 21790435K->644068K(22609920K)] 22686815K->1540824K(25755648K), 0.1195575 secs] [Times: user=4.21 sys=0.01, real=0.12 secs] 
5367.171: [GC (Allocation Failure) [PSYoungGen: 21746660K->680481K(22609920K)] 22643416K->1577614K(25755648K), 0.1264526 secs] [Times: user=4.47 sys=0.00, real=0.12 secs] 
5371.036: [GC (Allocation Failure) [PSYoungGen: 21783073K->697378K(22609920K)] 22680206K->1594894K(25755648K), 0.1312585 secs] [Times: user=4.52 sys=0.00, real=0.13 secs] 
5374.966: [GC (Allocation Failure) [PSYoungGen: 21799970K->635470K(22609920K)] 22697486K->1533450K(25755648K), 0.1196389 secs] [Times: user=4.20 sys=0.00, real=0.12 secs] 
5378.735: [GC (Allocation Failure) [PSYoungGen: 21738062K->669547K(22609920K)] 22636042K->1567888K(25755648K), 0.1240841 secs] [Times: user=4.38 sys=0.00, real=0.12 secs] 
5382.681: [GC (Allocation Failure) [PSYoungGen: 21772139K->648739K(22609920K)] 22670480K->1547455K(25755648K), 0.1217683 secs] [Times: user=4.25 sys=0.00, real=0.12 secs] 
5386.637: [GC (Allocation Failure) [PSYoungGen: 21751331K->658759K(22609920K)] 22650047K->1558107K(25755648K), 0.1227881 secs] [Times: user=4.34 sys=0.00, real=0.12 secs] 
5390.576: [GC (Allocation Failure) [PSYoungGen: 21761351K->650234K(22609920K)] 22660699K->1549959K(25755648K), 0.1230462 secs] [Times: user=4.34 sys=0.01, real=0.12 secs] 
5394.560: [GC (Allocation Failure) [PSYoungGen: 21752826K->617529K(22609920K)] 22652551K->1517621K(25755648K), 0.1172547 secs] [Times: user=4.07 sys=0.01, real=0.12 secs] 
5398.457: [GC (Allocation Failure) [PSYoungGen: 21720121K->625182K(22609920K)] 22620213K->1525666K(25755648K), 0.1180027 secs] [Times: user=4.13 sys=0.00, real=0.11 secs] 
5402.299: [GC (Allocation Failure) [PSYoungGen: 21727774K->632302K(22609920K)] 22628258K->1533154K(25755648K), 0.1183522 secs] [Times: user=4.17 sys=0.00, real=0.12 secs] 
5406.183: [GC (Allocation Failure) [PSYoungGen: 21734894K->668580K(22609920K)] 22635746K->1569896K(25755648K), 0.1253257 secs] [Times: user=4.36 sys=0.01, real=0.13 secs] 
5410.010: [GC (Allocation Failure) [PSYoungGen: 21771172K->652990K(22609920K)] 22672488K->1554682K(25755648K), 0.1226997 secs] [Times: user=4.33 sys=0.01, real=0.12 secs] 
5413.905: [GC (Allocation Failure) [PSYoungGen: 21755582K->658211K(22609920K)] 22657274K->1560335K(25755648K), 0.1230541 secs] [Times: user=4.34 sys=0.00, real=0.13 secs] 
5417.750: [GC (Allocation Failure) [PSYoungGen: 21760803K->639070K(22609920K)] 22662927K->1541546K(25755648K), 0.1209913 secs] [Times: user=4.26 sys=0.00, real=0.12 secs] 
5421.591: [GC (Allocation Failure) [PSYoungGen: 21741662K->633496K(22609920K)] 22644138K->1536340K(25755648K), 0.1178720 secs] [Times: user=4.16 sys=0.00, real=0.12 secs] 
5425.343: [GC (Allocation Failure) [PSYoungGen: 21736088K->645049K(22609920K)] 22638932K->1548270K(25755648K), 0.1190852 secs] [Times: user=4.21 sys=0.00, real=0.12 secs] 
5429.129: [GC (Allocation Failure) [PSYoungGen: 21747641K->662636K(22609920K)] 22650862K->1566497K(25755648K), 0.1258587 secs] [Times: user=4.44 sys=0.00, real=0.13 secs] 
5433.057: [GC (Allocation Failure) [PSYoungGen: 21765228K->673747K(22609920K)] 22669089K->1578239K(25755648K), 0.1249631 secs] [Times: user=4.42 sys=0.00, real=0.13 secs] 
5436.877: [GC (Allocation Failure) [PSYoungGen: 21776339K->640324K(22609920K)] 22680831K->1545192K(25755648K), 0.1194524 secs] [Times: user=4.21 sys=0.00, real=0.12 secs] 
5440.730: [GC (Allocation Failure) [PSYoungGen: 21742916K->631790K(22609920K)] 22647784K->1537034K(25755648K), 0.1191292 secs] [Times: user=4.17 sys=0.00, real=0.12 secs] 
5444.544: [GC (Allocation Failure) [PSYoungGen: 21734382K->680191K(22609920K)] 22639626K->1585947K(25755648K), 0.1254611 secs] [Times: user=4.43 sys=0.00, real=0.12 secs] 
5448.400: [GC (Allocation Failure) [PSYoungGen: 21782783K->630520K(22609920K)] 22688539K->1536900K(25755648K), 0.1194987 secs] [Times: user=4.17 sys=0.00, real=0.12 secs] 
5452.285: [GC (Allocation Failure) [PSYoungGen: 21733112K->686879K(22609920K)] 22639492K->1593643K(25755648K), 0.1282056 secs] [Times: user=4.45 sys=0.00, real=0.12 secs] 
5456.129: [GC (Allocation Failure) [PSYoungGen: 21789471K->669889K(22609920K)] 22696235K->1577037K(25755648K), 0.1266614 secs] [Times: user=4.35 sys=0.00, real=0.13 secs] 
5459.935: [GC (Allocation Failure) [PSYoungGen: 21772481K->675549K(22609920K)] 22679629K->1583234K(25755648K), 0.1247478 secs] [Times: user=4.38 sys=0.01, real=0.13 secs] 
5463.799: [GC (Allocation Failure) [PSYoungGen: 21778141K->669847K(22609920K)] 22685826K->1577883K(25755648K), 0.1236329 secs] [Times: user=4.37 sys=0.01, real=0.12 secs] 
5467.637: [GC (Allocation Failure) [PSYoungGen: 21772439K->639721K(22609920K)] 22680475K->1548309K(25755648K), 0.1197416 secs] [Times: user=4.23 sys=0.00, real=0.12 secs] 
5471.375: [GC (Allocation Failure) [PSYoungGen: 21742313K->641737K(22609920K)] 22650901K->1550701K(25755648K), 0.1200463 secs] [Times: user=4.23 sys=0.00, real=0.12 secs] 
5475.105: [GC (Allocation Failure) [PSYoungGen: 21744329K->683151K(22609920K)] 22653293K->1592499K(25755648K), 0.1261319 secs] [Times: user=4.46 sys=0.00, real=0.13 secs] 
5478.906: [GC (Allocation Failure) [PSYoungGen: 21785743K->655762K(22609920K)] 22695091K->1565534K(25755648K), 0.1222794 secs] [Times: user=4.32 sys=0.00, real=0.13 secs] 
5482.673: [GC (Allocation Failure) [PSYoungGen: 21758354K->694345K(22609920K)] 22668126K->1604493K(25755648K), 0.1285237 secs] [Times: user=4.49 sys=0.01, real=0.13 secs] 
5486.419: [GC (Allocation Failure) [PSYoungGen: 21796937K->633866K(22609920K)] 22707085K->1544374K(25755648K), 0.1211703 secs] [Times: user=4.22 sys=0.00, real=0.13 secs] 
5490.258: [GC (Allocation Failure) [PSYoungGen: 21736458K->684996K(22609920K)] 22646966K->1595912K(25755648K), 0.1259350 secs] [Times: user=4.45 sys=0.01, real=0.13 secs] 
5494.103: [GC (Allocation Failure) [PSYoungGen: 21787588K->700166K(22609920K)] 22698504K->1611474K(25755648K), 0.1288196 secs] [Times: user=4.55 sys=0.00, real=0.13 secs] 
5497.916: [GC (Allocation Failure) [PSYoungGen: 21802758K->677347K(22609920K)] 22714066K->1589039K(25755648K), 0.1247237 secs] [Times: user=4.40 sys=0.00, real=0.12 secs] 
5501.815: [GC (Allocation Failure) [PSYoungGen: 21779939K->678592K(22609920K)] 22691631K->1590660K(25755648K), 0.1248953 secs] [Times: user=4.42 sys=0.00, real=0.12 secs] 
5505.596: [GC (Allocation Failure) [PSYoungGen: 21781184K->645374K(22609920K)] 22693252K->1557898K(25755648K), 0.1201566 secs] [Times: user=4.24 sys=0.00, real=0.12 secs] 
5509.427: [GC (Allocation Failure) [PSYoungGen: 21747966K->643602K(22609920K)] 22660490K->1556519K(25755648K), 0.1210942 secs] [Times: user=4.18 sys=0.00, real=0.12 secs] 
5513.127: [GC (Allocation Failure) [PSYoungGen: 21746194K->656745K(22609920K)] 22659111K->1570029K(25755648K), 0.1223405 secs] [Times: user=4.31 sys=0.00, real=0.12 secs] 
5516.929: [GC (Allocation Failure) [PSYoungGen: 21759337K->689201K(22609920K)] 22672621K->1602878K(25755648K), 0.1301709 secs] [Times: user=4.43 sys=0.00, real=0.13 secs] 
5520.716: [GC (Allocation Failure) [PSYoungGen: 21791793K->685018K(22609920K)] 22705470K->1599206K(25755648K), 0.1257686 secs] [Times: user=4.44 sys=0.00, real=0.12 secs] 
5524.601: [GC (Allocation Failure) [PSYoungGen: 21787610K->643785K(22609920K)] 22701798K->1558341K(25755648K), 0.1202320 secs] [Times: user=4.24 sys=0.00, real=0.12 secs] 
5528.387: [GC (Allocation Failure) [PSYoungGen: 21746377K->632351K(22609920K)] 22660933K->1547379K(25755648K), 0.1184944 secs] [Times: user=4.16 sys=0.00, real=0.11 secs] 
5532.180: [GC (Allocation Failure) [PSYoungGen: 21734943K->671950K(22609920K)] 22649971K->1587322K(25755648K), 0.1242802 secs] [Times: user=4.38 sys=0.00, real=0.12 secs] 
5536.036: [GC (Allocation Failure) [PSYoungGen: 21774542K->674182K(22609920K)] 22689914K->1589930K(25755648K), 0.1256645 secs] [Times: user=4.37 sys=0.00, real=0.13 secs] 
5539.725: [GC (Allocation Failure) [PSYoungGen: 21776774K->646825K(22609920K)] 22692522K->1562957K(25755648K), 0.1201410 secs] [Times: user=4.21 sys=0.00, real=0.12 secs] 
5543.535: [GC (Allocation Failure) [PSYoungGen: 21749417K->652368K(22609920K)] 22665549K->1568925K(25755648K), 0.1219496 secs] [Times: user=4.31 sys=0.00, real=0.12 secs] 
5547.267: [GC (Allocation Failure) [PSYoungGen: 21754960K->689471K(22609920K)] 22671517K->1606379K(25755648K), 0.1268052 secs] [Times: user=4.48 sys=0.00, real=0.13 secs] 
5551.003: [GC (Allocation Failure) [PSYoungGen: 21792063K->657320K(22609920K)] 22708971K->1574613K(25755648K), 0.1216467 secs] [Times: user=4.30 sys=0.00, real=0.12 secs] 
5554.722: [GC (Allocation Failure) [PSYoungGen: 21759912K->653802K(22609920K)] 22677205K->1571478K(25755648K), 0.1245743 secs] [Times: user=4.34 sys=0.00, real=0.12 secs] 
5558.507: [GC (Allocation Failure) [PSYoungGen: 21756394K->637137K(22609920K)] 22674070K->1555205K(25755648K), 0.1207646 secs] [Times: user=4.23 sys=0.00, real=0.12 secs] 
5562.312: [GC (Allocation Failure) [PSYoungGen: 21739729K->620452K(22609920K)] 22657797K->1538912K(25755648K), 0.1152317 secs] [Times: user=4.07 sys=0.00, real=0.11 secs] 
5566.134: [GC (Allocation Failure) [PSYoungGen: 21723044K->681219K(22609920K)] 22641504K->1600063K(25755648K), 0.1268816 secs] [Times: user=4.47 sys=0.01, real=0.13 secs] 
5569.797: [GC (Allocation Failure) [PSYoungGen: 21783811K->642181K(22609920K)] 22702655K->1561554K(25755648K), 0.1203859 secs] [Times: user=4.22 sys=0.00, real=0.12 secs] 
5573.548: [GC (Allocation Failure) [PSYoungGen: 21744773K->625918K(22609920K)] 22664146K->1545890K(25755648K), 0.1193463 secs] [Times: user=4.20 sys=0.00, real=0.12 secs] 
5577.299: [GC (Allocation Failure) [PSYoungGen: 21728510K->652301K(22609920K)] 22648482K->1572649K(25755648K), 0.1206734 secs] [Times: user=4.25 sys=0.00, real=0.12 secs] 
5581.080: [GC (Allocation Failure) [PSYoungGen: 21754893K->679448K(22609920K)] 22675241K->1600188K(25755648K), 0.1257885 secs] [Times: user=4.42 sys=0.00, real=0.13 secs] 
5584.909: [GC (Allocation Failure) [PSYoungGen: 21782040K->641727K(22609920K)] 22702780K->1562931K(25755648K), 0.1198347 secs] [Times: user=4.21 sys=0.00, real=0.12 secs] 
5588.620: [GC (Allocation Failure) [PSYoungGen: 21744319K->635305K(22609920K)] 22665523K->1556869K(25755648K), 0.1177630 secs] [Times: user=4.16 sys=0.00, real=0.12 secs] 
5592.322: [GC (Allocation Failure) [PSYoungGen: 21737897K->642802K(22609920K)] 22659461K->1564735K(25755648K), 0.1197739 secs] [Times: user=4.22 sys=0.00, real=0.12 secs] 
5595.990: [GC (Allocation Failure) [PSYoungGen: 21745394K->680693K(22609920K)] 22667327K->1603137K(25755648K), 0.1259378 secs] [Times: user=4.45 sys=0.00, real=0.13 secs] 
5599.698: [GC (Allocation Failure) [PSYoungGen: 21783285K->652070K(22609920K)] 22705729K->1575115K(25755648K), 0.1211944 secs] [Times: user=4.28 sys=0.00, real=0.12 secs] 
5603.553: [GC (Allocation Failure) [PSYoungGen: 21754662K->648574K(22609920K)] 22677707K->1571986K(25755648K), 0.1212893 secs] [Times: user=4.25 sys=0.00, real=0.12 secs] 
5607.201: [GC (Allocation Failure) [PSYoungGen: 21751166K->672654K(22609920K)] 22674578K->1596442K(25755648K), 0.1237984 secs] [Times: user=4.36 sys=0.00, real=0.12 secs] 
5610.993: [GC (Allocation Failure) [PSYoungGen: 21775246K->669071K(22609920K)] 22699034K->1593251K(25755648K), 0.1247138 secs] [Times: user=4.39 sys=0.01, real=0.13 secs] 
5614.663: [GC (Allocation Failure) [PSYoungGen: 21771663K->642627K(22609920K)] 22695843K->1567183K(25755648K), 0.1207286 secs] [Times: user=4.22 sys=0.00, real=0.12 secs] 
5618.357: [GC (Allocation Failure) [PSYoungGen: 21745219K->633122K(22609920K)] 22669775K->1558070K(25755648K), 0.1203688 secs] [Times: user=4.19 sys=0.00, real=0.12 secs] 
5621.976: [GC (Allocation Failure) [PSYoungGen: 21735714K->708152K(22609920K)] 22660662K->1633469K(25755648K), 0.1310061 secs] [Times: user=4.60 sys=0.00, real=0.13 secs] 
5625.598: [GC (Allocation Failure) [PSYoungGen: 21810744K->639980K(22609920K)] 22736061K->1565673K(25755648K), 0.1189944 secs] [Times: user=4.20 sys=0.01, real=0.12 secs] 
5629.340: [GC (Allocation Failure) [PSYoungGen: 21742572K->648522K(22609920K)] 22668265K->1574590K(25755648K), 0.1204567 secs] [Times: user=4.25 sys=0.00, real=0.12 secs] 
5632.973: [GC (Allocation Failure) [PSYoungGen: 21751114K->668851K(22609920K)] 22677182K->1595351K(25755648K), 0.1270053 secs] [Times: user=4.32 sys=0.01, real=0.12 secs] 
5636.688: [GC (Allocation Failure) [PSYoungGen: 21771443K->638700K(22609920K)] 22697943K->1565688K(25755648K), 0.1205256 secs] [Times: user=4.24 sys=0.00, real=0.12 secs] 
5640.451: [GC (Allocation Failure) [PSYoungGen: 21741292K->670711K(22609920K)] 22668280K->1598259K(25755648K), 0.1242024 secs] [Times: user=4.37 sys=0.00, real=0.13 secs] 
5644.227: [GC (Allocation Failure) [PSYoungGen: 21773303K->680740K(22609920K)] 22700851K->1608665K(25755648K), 0.1256057 secs] [Times: user=4.43 sys=0.00, real=0.13 secs] 
5647.868: [GC (Allocation Failure) [PSYoungGen: 21783332K->658841K(22609920K)] 22711257K->1587141K(25755648K), 0.1238094 secs] [Times: user=4.26 sys=0.00, real=0.12 secs] 
5651.549: [GC (Allocation Failure) [PSYoungGen: 21761433K->630211K(22609920K)] 22689733K->1558871K(25755648K), 0.1184339 secs] [Times: user=4.18 sys=0.00, real=0.12 secs] 
5655.369: [GC (Allocation Failure) [PSYoungGen: 21732803K->650370K(22609920K)] 22661463K->1579414K(25755648K), 0.1213495 secs] [Times: user=4.26 sys=0.00, real=0.12 secs] 
5659.036: [GC (Allocation Failure) [PSYoungGen: 21752962K->680209K(22609920K)] 22682006K->1609629K(25755648K), 0.1253872 secs] [Times: user=4.43 sys=0.00, real=0.12 secs] 
5662.961: [GC (Allocation Failure) [PSYoungGen: 21782801K->668491K(22609920K)] 22712221K->1598279K(25755648K), 0.1245035 secs] [Times: user=4.36 sys=0.01, real=0.12 secs] 
5666.592: [GC (Allocation Failure) [PSYoungGen: 21771083K->669794K(22609920K)] 22700871K->1600126K(25755648K), 0.1233664 secs] [Times: user=4.36 sys=0.00, real=0.12 secs] 
5670.300: [GC (Allocation Failure) [PSYoungGen: 21772386K->620293K(22609920K)] 22702718K->1551009K(25755648K), 0.1166059 secs] [Times: user=4.11 sys=0.01, real=0.12 secs] 
5673.941: [GC (Allocation Failure) [PSYoungGen: 21722885K->659738K(22609920K)] 22653601K->1590846K(25755648K), 0.1237634 secs] [Times: user=4.37 sys=0.00, real=0.12 secs] 
5677.679: [GC (Allocation Failure) [PSYoungGen: 21762330K->638430K(22609920K)] 22693438K->1569954K(25755648K), 0.1201297 secs] [Times: user=4.24 sys=0.01, real=0.12 secs] 
5681.326: [GC (Allocation Failure) [PSYoungGen: 21741022K->621434K(22609920K)] 22672546K->1553342K(25755648K), 0.1164800 secs] [Times: user=4.11 sys=0.00, real=0.12 secs] 
5685.008: [GC (Allocation Failure) [PSYoungGen: 21724026K->660174K(22609920K)] 22655934K->1592451K(25755648K), 0.1245590 secs] [Times: user=4.39 sys=0.00, real=0.13 secs] 
5688.624: [GC (Allocation Failure) [PSYoungGen: 21762766K->664689K(22609920K)] 22695043K->1597365K(25755648K), 0.1246056 secs] [Times: user=4.27 sys=0.00, real=0.12 secs] 
5692.250: [GC (Allocation Failure) [PSYoungGen: 21767281K->679662K(22609920K)] 22699957K->1612858K(25755648K), 0.1254445 secs] [Times: user=4.43 sys=0.00, real=0.13 secs] 
5695.955: [GC (Allocation Failure) [PSYoungGen: 21782254K->692635K(22609920K)] 22715450K->1626223K(25755648K), 0.1285665 secs] [Times: user=4.55 sys=0.00, real=0.13 secs] 
5699.556: [GC (Allocation Failure) [PSYoungGen: 21795227K->648174K(22609920K)] 22728815K->1582122K(25755648K), 0.1204033 secs] [Times: user=4.25 sys=0.00, real=0.12 secs] 
5703.223: [GC (Allocation Failure) [PSYoungGen: 21750766K->697388K(22609920K)] 22684714K->1631728K(25755648K), 0.1284763 secs] [Times: user=4.54 sys=0.00, real=0.12 secs] 
5706.834: [GC (Allocation Failure) [PSYoungGen: 21799980K->683467K(22609920K)] 22734320K->1618223K(25755648K), 0.1286337 secs] [Times: user=4.54 sys=0.01, real=0.12 secs] 
5710.475: [GC (Allocation Failure) [PSYoungGen: 21786059K->630974K(22609920K)] 22720815K->1566115K(25755648K), 0.1168950 secs] [Times: user=4.12 sys=0.00, real=0.11 secs] 
5714.110: [GC (Allocation Failure) [PSYoungGen: 21733566K->669011K(22609920K)] 22668707K->1604504K(25755648K), 0.1232463 secs] [Times: user=4.36 sys=0.00, real=0.12 secs] 
5717.856: [GC (Allocation Failure) [PSYoungGen: 21771603K->668483K(22609920K)] 22707096K->1604383K(25755648K), 0.1273223 secs] [Times: user=4.43 sys=0.01, real=0.12 secs] 
5721.506: [GC (Allocation Failure) [PSYoungGen: 21771075K->690229K(22609920K)] 22706975K->1626513K(25755648K), 0.1275283 secs] [Times: user=4.50 sys=0.00, real=0.12 secs] 
5725.190: [GC (Allocation Failure) [PSYoungGen: 21792821K->679584K(22609920K)] 22729105K->1616245K(25755648K), 0.1268623 secs] [Times: user=4.47 sys=0.01, real=0.13 secs] 
5728.715: [GC (Allocation Failure) [PSYoungGen: 21782176K->663956K(22609920K)] 22718837K->1601008K(25755648K), 0.1232381 secs] [Times: user=4.35 sys=0.00, real=0.13 secs] 
5732.264: [GC (Allocation Failure) [PSYoungGen: 21766548K->715481K(22609920K)] 22703600K->1653077K(25755648K), 0.1326027 secs] [Times: user=4.67 sys=0.00, real=0.13 secs] 
5735.877: [GC (Allocation Failure) [PSYoungGen: 21818073K->672585K(22609920K)] 22755669K->1610566K(25755648K), 0.1240938 secs] [Times: user=4.38 sys=0.00, real=0.12 secs] 
5739.446: [GC (Allocation Failure) [PSYoungGen: 21775177K->680215K(22609920K)] 22713158K->1618555K(25755648K), 0.1267265 secs] [Times: user=4.48 sys=0.00, real=0.13 secs] 
5743.107: [GC (Allocation Failure) [PSYoungGen: 21782807K->690323K(22609920K)] 22721147K->1629047K(25755648K), 0.1289693 secs] [Times: user=4.50 sys=0.00, real=0.13 secs] 
5746.746: [GC (Allocation Failure) [PSYoungGen: 21792915K->660206K(22609920K)] 22731639K->1599354K(25755648K), 0.1245412 secs] [Times: user=4.36 sys=0.00, real=0.13 secs] 
5750.480: [GC (Allocation Failure) [PSYoungGen: 21762798K->665806K(22609920K)] 22701946K->1605338K(25755648K), 0.1240144 secs] [Times: user=4.38 sys=0.00, real=0.12 secs] 
5754.108: [GC (Allocation Failure) [PSYoungGen: 21768398K->681945K(22609920K)] 22707930K->1621870K(25755648K), 0.1253078 secs] [Times: user=4.42 sys=0.00, real=0.13 secs] 
5757.731: [GC (Allocation Failure) [PSYoungGen: 21784537K->681211K(22609920K)] 22724462K->1621600K(25755648K), 0.1268621 secs] [Times: user=4.48 sys=0.01, real=0.12 secs] 
5761.270: [GC (Allocation Failure) [PSYoungGen: 21783803K->708821K(22609920K)] 22724192K->1649882K(25755648K), 0.1377754 secs] [Times: user=4.58 sys=0.00, real=0.14 secs] 
5764.839: [GC (Allocation Failure) [PSYoungGen: 21811413K->654229K(22609920K)] 22752474K->1595681K(25755648K), 0.1202521 secs] [Times: user=4.25 sys=0.00, real=0.12 secs] 
5768.401: [GC (Allocation Failure) [PSYoungGen: 21756821K->616894K(22609920K)] 22698273K->1558714K(25755648K), 0.1176502 secs] [Times: user=4.15 sys=0.00, real=0.12 secs] 
5771.990: [GC (Allocation Failure) [PSYoungGen: 21719486K->656416K(22609920K)] 22661306K->1598629K(25755648K), 0.1224068 secs] [Times: user=4.30 sys=0.00, real=0.12 secs] 
5775.513: [GC (Allocation Failure) [PSYoungGen: 21759008K->640073K(22609920K)] 22701221K->1582669K(25755648K), 0.1205379 secs] [Times: user=4.25 sys=0.00, real=0.12 secs] 
5779.056: [GC (Allocation Failure) [PSYoungGen: 21742665K->688670K(22609920K)] 22685261K->1631618K(25755648K), 0.1273709 secs] [Times: user=4.50 sys=0.01, real=0.12 secs] 
5782.677: [GC (Allocation Failure) [PSYoungGen: 21791262K->650147K(22609920K)] 22734210K->1593496K(25755648K), 0.1215040 secs] [Times: user=4.24 sys=0.00, real=0.12 secs] 
5786.273: [GC (Allocation Failure) [PSYoungGen: 21752739K->676704K(22609920K)] 22696088K->1620620K(25755648K), 0.1254436 secs] [Times: user=4.43 sys=0.00, real=0.13 secs] 
5789.774: [GC (Allocation Failure) [PSYoungGen: 21779296K->683166K(22609920K)] 22723212K->1627474K(25755648K), 0.1280483 secs] [Times: user=4.52 sys=0.00, real=0.13 secs] 
5793.450: [GC (Allocation Failure) [PSYoungGen: 21785758K->654995K(22609920K)] 22730066K->1599695K(25755648K), 0.1214115 secs] [Times: user=4.27 sys=0.00, real=0.12 secs] 
5796.987: [GC (Allocation Failure) [PSYoungGen: 21757587K->650028K(22609920K)] 22702287K->1595184K(25755648K), 0.1203420 secs] [Times: user=4.25 sys=0.00, real=0.12 secs] 
5800.532: [GC (Allocation Failure) [PSYoungGen: 21752620K->659269K(22609920K)] 22697776K->1604833K(25755648K), 0.1213295 secs] [Times: user=4.29 sys=0.00, real=0.12 secs] 
5804.169: [GC (Allocation Failure) [PSYoungGen: 21761861K->679811K(22609920K)] 22707425K->1625759K(25755648K), 0.1271174 secs] [Times: user=4.49 sys=0.00, real=0.12 secs] 
5807.821: [GC (Allocation Failure) [PSYoungGen: 21782403K->716926K(22609920K)] 22728351K->1663250K(25755648K), 0.1324047 secs] [Times: user=4.64 sys=0.00, real=0.13 secs] 
5811.397: [GC (Allocation Failure) [PSYoungGen: 21819518K->642255K(22609920K)] 22765842K->1588963K(25755648K), 0.1190967 secs] [Times: user=4.20 sys=0.00, real=0.12 secs] 
5814.879: [GC (Allocation Failure) [PSYoungGen: 21744847K->673952K(22609920K)] 22691555K->1621021K(25755648K), 0.1251205 secs] [Times: user=4.40 sys=0.00, real=0.13 secs] 
5818.471: [GC (Allocation Failure) [PSYoungGen: 21776544K->702405K(22609920K)] 22723613K->1649874K(25755648K), 0.1309955 secs] [Times: user=4.58 sys=0.00, real=0.13 secs] 
5822.025: [GC (Allocation Failure) [PSYoungGen: 21804997K->700077K(22609920K)] 22752466K->1647938K(25755648K), 0.1305800 secs] [Times: user=4.49 sys=0.00, real=0.13 secs] 
5825.508: [GC (Allocation Failure) [PSYoungGen: 21802669K->703474K(22609920K)] 22750530K->1651694K(25755648K), 0.1292636 secs] [Times: user=4.58 sys=0.00, real=0.13 secs] 
5829.002: [GC (Allocation Failure) [PSYoungGen: 21806066K->721016K(22609920K)] 22754286K->1669685K(25755648K), 0.1355172 secs] [Times: user=4.61 sys=0.00, real=0.13 secs] 
5832.571: [GC (Allocation Failure) [PSYoungGen: 21823608K->711603K(22609920K)] 22772277K->1660640K(25755648K), 0.1318167 secs] [Times: user=4.67 sys=0.00, real=0.14 secs] 
5836.121: [GC (Allocation Failure) [PSYoungGen: 21814195K->750510K(22609920K)] 22763232K->1699938K(25755648K), 0.1362242 secs] [Times: user=4.81 sys=0.00, real=0.14 secs] 
5839.562: [GC (Allocation Failure) [PSYoungGen: 21853102K->644980K(22609920K)] 22802530K->1594769K(25755648K), 0.1190045 secs] [Times: user=4.21 sys=0.00, real=0.12 secs] 
5843.101: [GC (Allocation Failure) [PSYoungGen: 21747572K->666985K(22609920K)] 22697361K->1617189K(25755648K), 0.1246232 secs] [Times: user=4.40 sys=0.00, real=0.13 secs] 
5846.613: [GC (Allocation Failure) [PSYoungGen: 21769577K->658452K(22609920K)] 22719781K->1609041K(25755648K), 0.1213247 secs] [Times: user=4.29 sys=0.00, real=0.13 secs] 
5850.149: [GC (Allocation Failure) [PSYoungGen: 21761044K->692932K(22609920K)] 22711633K->1643873K(25755648K), 0.1274270 secs] [Times: user=4.47 sys=0.00, real=0.13 secs] 
5853.680: [GC (Allocation Failure) [PSYoungGen: 21795524K->687929K(22609920K)] 22746465K->1639269K(25755648K), 0.1271136 secs] [Times: user=4.50 sys=0.00, real=0.13 secs] 
5857.347: [GC (Allocation Failure) [PSYoungGen: 21790521K->681921K(22609920K)] 22741861K->1633653K(25755648K), 0.1260782 secs] [Times: user=4.42 sys=0.00, real=0.12 secs] 
5860.874: [GC (Allocation Failure) [PSYoungGen: 21784513K->714976K(22609920K)] 22736245K->1667093K(25755648K), 0.1316456 secs] [Times: user=4.65 sys=0.00, real=0.13 secs] 
5864.376: [GC (Allocation Failure) [PSYoungGen: 21817568K->714064K(22609920K)] 22769685K->1666564K(25755648K), 0.1307358 secs] [Times: user=4.63 sys=0.00, real=0.14 secs] 
5867.915: [GC (Allocation Failure) [PSYoungGen: 21816656K->685876K(22609920K)] 22769156K->1638761K(25755648K), 0.1260691 secs] [Times: user=4.45 sys=0.00, real=0.13 secs] 
5871.438: [GC (Allocation Failure) [PSYoungGen: 21788468K->656714K(22609920K)] 22741353K->1610046K(25755648K), 0.1216125 secs] [Times: user=4.29 sys=0.00, real=0.12 secs] 
5875.060: [GC (Allocation Failure) [PSYoungGen: 21759306K->749563K(22609920K)] 22712638K->1703263K(25755648K), 0.1401863 secs] [Times: user=4.81 sys=0.00, real=0.14 secs] 
5878.586: [GC (Allocation Failure) [PSYoungGen: 21852155K->734552K(22609920K)] 22805855K->1688652K(25755648K), 0.1339302 secs] [Times: user=4.72 sys=0.01, real=0.14 secs] 
5882.051: [GC (Allocation Failure) [PSYoungGen: 21837144K->687735K(22609920K)] 22791244K->1642427K(25755648K), 0.1275600 secs] [Times: user=4.51 sys=0.00, real=0.12 secs] 
5885.643: [GC (Allocation Failure) [PSYoungGen: 21790327K->672798K(22609920K)] 22745019K->1627978K(25755648K), 0.1245956 secs] [Times: user=4.40 sys=0.00, real=0.12 secs] 
5889.141: [GC (Allocation Failure) [PSYoungGen: 21775390K->731743K(22609920K)] 22730570K->1687291K(25755648K), 0.1341106 secs] [Times: user=4.75 sys=0.00, real=0.13 secs] 
5892.724: [GC (Allocation Failure) [PSYoungGen: 21834335K->680084K(22609920K)] 22789883K->1636024K(25755648K), 0.1265921 secs] [Times: user=4.41 sys=0.01, real=0.12 secs] 
5896.403: [GC (Allocation Failure) [PSYoungGen: 21782676K->720311K(22609920K)] 22738616K->1676684K(25755648K), 0.1328549 secs] [Times: user=4.65 sys=0.00, real=0.13 secs] 
5899.930: [GC (Allocation Failure) [PSYoungGen: 21822903K->673422K(22609920K)] 22779276K->1630195K(25755648K), 0.1245806 secs] [Times: user=4.40 sys=0.01, real=0.13 secs] 
5903.542: [GC (Allocation Failure) [PSYoungGen: 21776014K->685873K(22609920K)] 22732787K->1643006K(25755648K), 0.1282357 secs] [Times: user=4.47 sys=0.00, real=0.13 secs] 
5906.996: [GC (Allocation Failure) [PSYoungGen: 21788465K->771910K(22609920K)] 22745598K->1729442K(25755648K), 0.1411229 secs] [Times: user=4.99 sys=0.00, real=0.14 secs] 
5910.514: [GC (Allocation Failure) [PSYoungGen: 21874502K->663763K(22609920K)] 22832034K->1621856K(25755648K), 0.1236592 secs] [Times: user=4.35 sys=0.00, real=0.12 secs] 
5914.073: [GC (Allocation Failure) [PSYoungGen: 21766355K->651854K(22609920K)] 22724448K->1610314K(25755648K), 0.1216457 secs] [Times: user=4.26 sys=0.01, real=0.13 secs] 
5917.605: [GC (Allocation Failure) [PSYoungGen: 21754446K->688254K(22609920K)] 22712906K->1647090K(25755648K), 0.1280845 secs] [Times: user=4.43 sys=0.00, real=0.12 secs] 
5921.071: [GC (Allocation Failure) [PSYoungGen: 21790846K->672288K(22609920K)] 22749682K->1631492K(25755648K), 0.1272637 secs] [Times: user=4.38 sys=0.01, real=0.13 secs] 
5924.501: [GC (Allocation Failure) [PSYoungGen: 21774880K->673618K(22609920K)] 22734084K->1633246K(25755648K), 0.1259451 secs] [Times: user=4.34 sys=0.01, real=0.13 secs] 
5928.070: [GC (Allocation Failure) [PSYoungGen: 21776210K->684027K(22609920K)] 22735838K->1644023K(25755648K), 0.1282704 secs] [Times: user=4.44 sys=0.00, real=0.13 secs] 
5931.639: [GC (Allocation Failure) [PSYoungGen: 21786619K->650959K(22609920K)] 22746615K->1611339K(25755648K), 0.1207670 secs] [Times: user=4.22 sys=0.00, real=0.12 secs] 
5935.129: [GC (Allocation Failure) [PSYoungGen: 21753551K->695208K(22609920K)] 22713931K->1655940K(25755648K), 0.1285886 secs] [Times: user=4.54 sys=0.00, real=0.13 secs] 
5938.545: [GC (Allocation Failure) [PSYoungGen: 21797800K->675473K(22609920K)] 22758532K->1636653K(25755648K), 0.1252514 secs] [Times: user=4.38 sys=0.00, real=0.13 secs] 
5942.060: [GC (Allocation Failure) [PSYoungGen: 21778065K->676832K(22609920K)] 22739245K->1638420K(25755648K), 0.1261485 secs] [Times: user=4.41 sys=0.00, real=0.12 secs] 
5945.517: [GC (Allocation Failure) [PSYoungGen: 21779424K->669853K(22609920K)] 22741012K->1631842K(25755648K), 0.1242279 secs] [Times: user=4.36 sys=0.00, real=0.13 secs] 
5949.088: [GC (Allocation Failure) [PSYoungGen: 21772445K->680725K(22609920K)] 22734434K->1643090K(25755648K), 0.1269660 secs] [Times: user=4.41 sys=0.00, real=0.13 secs] 
5952.559: [GC (Allocation Failure) [PSYoungGen: 21783317K->662776K(22609920K)] 22745682K->1625516K(25755648K), 0.1233438 secs] [Times: user=4.36 sys=0.01, real=0.13 secs] 
5956.027: [GC (Allocation Failure) [PSYoungGen: 21765368K->690349K(22609920K)] 22728108K->1653554K(25755648K), 0.1289691 secs] [Times: user=4.48 sys=0.00, real=0.13 secs] 
5959.552: [GC (Allocation Failure) [PSYoungGen: 21792941K->659884K(22609920K)] 22756146K->1623456K(25755648K), 0.1250607 secs] [Times: user=4.42 sys=0.00, real=0.12 secs] 
5963.125: [GC (Allocation Failure) [PSYoungGen: 21762476K->656153K(22609920K)] 22726048K->1620102K(25755648K), 0.1217401 secs] [Times: user=4.29 sys=0.00, real=0.12 secs] 
5966.636: [GC (Allocation Failure) [PSYoungGen: 21758745K->680095K(22609920K)] 22722694K->1644467K(25755648K), 0.1260228 secs] [Times: user=4.44 sys=0.01, real=0.13 secs] 
5970.261: [GC (Allocation Failure) [PSYoungGen: 21782687K->704289K(22609920K)] 22747059K->1669077K(25755648K), 0.1304971 secs] [Times: user=4.62 sys=0.01, real=0.13 secs] 
5973.669: [GC (Allocation Failure) [PSYoungGen: 21806881K->717503K(22609920K)] 22771669K->1682652K(25755648K), 0.1322224 secs] [Times: user=4.69 sys=0.00, real=0.13 secs] 
5977.062: [GC (Allocation Failure) [PSYoungGen: 21820095K->717084K(22609920K)] 22785244K->1682656K(25755648K), 0.1334992 secs] [Times: user=4.67 sys=0.00, real=0.14 secs] 
5980.478: [GC (Allocation Failure) [PSYoungGen: 21819676K->647239K(22609920K)] 22785248K->1613164K(25755648K), 0.1201889 secs] [Times: user=4.24 sys=0.01, real=0.12 secs] 
5983.935: [GC (Allocation Failure) [PSYoungGen: 21749831K->731463K(22609920K)] 22715756K->1697771K(25755648K), 0.1345420 secs] [Times: user=4.76 sys=0.00, real=0.14 secs] 
5987.300: [GC (Allocation Failure) [PSYoungGen: 21834055K->770236K(22609920K)] 22800363K->1736904K(25755648K), 0.1412396 secs] [Times: user=5.01 sys=0.00, real=0.14 secs] 
5990.712: [GC (Allocation Failure) [PSYoungGen: 21872828K->687574K(22609920K)] 22839496K->1654634K(25755648K), 0.1275695 secs] [Times: user=4.49 sys=0.00, real=0.13 secs] 
5994.213: [GC (Allocation Failure) [PSYoungGen: 21790166K->687897K(22609920K)] 22757226K->1655317K(25755648K), 0.1283854 secs] [Times: user=4.52 sys=0.00, real=0.13 secs] 
5997.665: [GC (Allocation Failure) [PSYoungGen: 21790489K->664165K(22609920K)] 22757909K->1631985K(25755648K), 0.1247009 secs] [Times: user=4.33 sys=0.00, real=0.13 secs] 
6001.128: [GC (Allocation Failure) [PSYoungGen: 21766757K->707175K(22609920K)] 22734577K->1675371K(25755648K), 0.1332778 secs] [Times: user=4.56 sys=0.00, real=0.13 secs] 
6004.602: [GC (Allocation Failure) [PSYoungGen: 21809767K->689014K(22609920K)] 22777963K->1657602K(25755648K), 0.1280299 secs] [Times: user=4.53 sys=0.00, real=0.13 secs] 
6007.979: [GC (Allocation Failure) [PSYoungGen: 21791606K->753419K(22609920K)] 22760194K->1722367K(25755648K), 0.1385879 secs] [Times: user=4.89 sys=0.00, real=0.13 secs] 
6011.321: [GC (Allocation Failure) [PSYoungGen: 21856011K->687325K(22609920K)] 22824959K->1656658K(25755648K), 0.1289708 secs] [Times: user=4.53 sys=0.01, real=0.13 secs] 
6014.879: [GC (Allocation Failure) [PSYoungGen: 21789917K->682446K(22609920K)] 22759250K->1652146K(25755648K), 0.1267898 secs] [Times: user=4.46 sys=0.00, real=0.13 secs] 
6018.248: [GC (Allocation Failure) [PSYoungGen: 21785038K->700102K(22609920K)] 22754738K->1670187K(25755648K), 0.1289374 secs] [Times: user=4.55 sys=0.00, real=0.13 secs] 
6021.672: [GC (Allocation Failure) [PSYoungGen: 21802694K->653535K(22609920K)] 22772779K->1624019K(25755648K), 0.1216113 secs] [Times: user=4.30 sys=0.00, real=0.12 secs] 
6025.263: [GC (Allocation Failure) [PSYoungGen: 21756127K->699101K(22609920K)] 22726611K->1670097K(25755648K), 0.1300631 secs] [Times: user=4.44 sys=0.00, real=0.13 secs] 
6028.705: [GC (Allocation Failure) [PSYoungGen: 21801693K->688701K(22609920K)] 22772689K->1660065K(25755648K), 0.1279080 secs] [Times: user=4.47 sys=0.00, real=0.13 secs] 
6032.064: [GC (Allocation Failure) [PSYoungGen: 21791293K->700506K(22609920K)] 22762657K->1672278K(25755648K), 0.1285864 secs] [Times: user=4.55 sys=0.00, real=0.13 secs] 
6035.428: [GC (Allocation Failure) [PSYoungGen: 21803098K->654125K(22609920K)] 22774870K->1626361K(25755648K), 0.1211626 secs] [Times: user=4.27 sys=0.00, real=0.12 secs] 
6038.888: [GC (Allocation Failure) [PSYoungGen: 21756717K->732223K(22609920K)] 22728953K->1704835K(25755648K), 0.1347363 secs] [Times: user=4.75 sys=0.01, real=0.14 secs] 
6042.289: [GC (Allocation Failure) [PSYoungGen: 21834815K->712332K(22609920K)] 22807427K->1685328K(25755648K), 0.1327372 secs] [Times: user=4.61 sys=0.00, real=0.13 secs] 
6045.643: [GC (Allocation Failure) [PSYoungGen: 21814924K->760920K(22609920K)] 22787920K->1734421K(25755648K), 0.1405691 secs] [Times: user=4.97 sys=0.00, real=0.14 secs] 
6048.991: [GC (GCLocker Initiated GC) [PSYoungGen: 21863512K->711507K(22609920K)] 22837926K->1686496K(25755648K), 0.1311952 secs] [Times: user=4.64 sys=0.00, real=0.13 secs] 
6052.436: [GC (Allocation Failure) [PSYoungGen: 21814099K->672548K(22609920K)] 22789092K->1647908K(25755648K), 0.1240595 secs] [Times: user=4.38 sys=0.00, real=0.12 secs] 
6055.842: [GC (Allocation Failure) [PSYoungGen: 21775140K->685582K(22609920K)] 22750500K->1661327K(25755648K), 0.1271154 secs] [Times: user=4.46 sys=0.00, real=0.13 secs] 
6059.215: [GC (Allocation Failure) [PSYoungGen: 21788174K->773431K(22609920K)] 22763919K->1749544K(25755648K), 0.1405382 secs] [Times: user=4.98 sys=0.00, real=0.15 secs] 
6062.622: [GC (Allocation Failure) [PSYoungGen: 21876023K->704132K(22609920K)] 22852136K->1680725K(25755648K), 0.1298837 secs] [Times: user=4.60 sys=0.00, real=0.13 secs] 
6066.018: [GC (Allocation Failure) [PSYoungGen: 21806724K->709409K(22609920K)] 22783317K->1686370K(25755648K), 0.1316971 secs] [Times: user=4.61 sys=0.01, real=0.13 secs] 
6069.343: [GC (Allocation Failure) [PSYoungGen: 21812001K->711493K(22609920K)] 22788962K->1688813K(25755648K), 0.1311758 secs] [Times: user=4.61 sys=0.01, real=0.13 secs] 
6072.686: [GC (Allocation Failure) [PSYoungGen: 21814085K->697909K(22609920K)] 22791405K->1675621K(25755648K), 0.1282030 secs] [Times: user=4.49 sys=0.00, real=0.13 secs] 
6076.115: [GC (Allocation Failure) [PSYoungGen: 21800501K->695309K(22609920K)] 22778213K->1673390K(25755648K), 0.1292236 secs] [Times: user=4.54 sys=0.00, real=0.13 secs] 
6079.533: [GC (GCLocker Initiated GC) [PSYoungGen: 21797901K->692343K(22609920K)] 22779243K->1674228K(25755648K), 0.1274763 secs] [Times: user=4.51 sys=0.00, real=0.13 secs] 
6082.922: [GC (Allocation Failure) [PSYoungGen: 21794935K->749562K(22609920K)] 22776822K->1731826K(25755648K), 0.1385932 secs] [Times: user=4.88 sys=0.00, real=0.14 secs] 
6086.453: [GC (Allocation Failure) [PSYoungGen: 21852154K->634346K(22609920K)] 22834418K->1616993K(25755648K), 0.1197505 secs] [Times: user=4.22 sys=0.00, real=0.12 secs] 
6089.896: [GC (Allocation Failure) [PSYoungGen: 21736938K->689057K(22609920K)] 22719585K->1672073K(25755648K), 0.1269993 secs] [Times: user=4.47 sys=0.01, real=0.13 secs] 
6093.297: [GC (Allocation Failure) [PSYoungGen: 21791649K->715915K(22609920K)] 22774665K->1699395K(25755648K), 0.1322799 secs] [Times: user=4.63 sys=0.00, real=0.13 secs] 
6096.784: [GC (Allocation Failure) [PSYoungGen: 21818507K->713961K(22609920K)] 22801987K->1697825K(25755648K), 0.1322043 secs] [Times: user=4.67 sys=0.00, real=0.13 secs] 
6100.295: [GC (Allocation Failure) [PSYoungGen: 21816553K->690323K(22609920K)] 22800417K->1677148K(25755648K), 0.1280235 secs] [Times: user=4.52 sys=0.00, real=0.12 secs] 
6103.726: [GC (Allocation Failure) [PSYoungGen: 21792915K->705289K(22609920K)] 22779740K->1692761K(25755648K), 0.1292288 secs] [Times: user=4.56 sys=0.00, real=0.13 secs] 
6107.127: [GC (Allocation Failure) [PSYoungGen: 21807881K->735168K(22609920K)] 22795353K->1723016K(25755648K), 0.1353040 secs] [Times: user=4.78 sys=0.00, real=0.13 secs] 
6110.622: [GC (Allocation Failure) [PSYoungGen: 21837760K->695573K(22609920K)] 22825608K->1683781K(25755648K), 0.1308602 secs] [Times: user=4.50 sys=0.01, real=0.13 secs] 
6114.009: [GC (Allocation Failure) [PSYoungGen: 21798165K->708008K(22609920K)] 22786373K->1696600K(25755648K), 0.1310716 secs] [Times: user=4.58 sys=0.00, real=0.13 secs] 
6117.307: [GC (Allocation Failure) [PSYoungGen: 21810600K->677447K(22609920K)] 22799192K->1666423K(25755648K), 0.1272032 secs] [Times: user=4.43 sys=0.00, real=0.12 secs] 
6120.688: [GC (Allocation Failure) [PSYoungGen: 21780039K->704093K(22609920K)] 22769015K->1693445K(25755648K), 0.1306728 secs] [Times: user=4.62 sys=0.01, real=0.13 secs] 
6124.081: [GC (Allocation Failure) [PSYoungGen: 21806685K->673397K(22609920K)] 22796037K->1663117K(25755648K), 0.1250665 secs] [Times: user=4.42 sys=0.00, real=0.13 secs] 
6127.460: [GC (Allocation Failure) [PSYoungGen: 21775989K->714920K(22609920K)] 22765709K->1705008K(25755648K), 0.1325328 secs] [Times: user=4.67 sys=0.00, real=0.13 secs] 
6130.871: [GC (Allocation Failure) [PSYoungGen: 21817512K->696636K(22609920K)] 22807600K->1695717K(25755648K), 0.1303409 secs] [Times: user=4.61 sys=0.00, real=0.13 secs] 
6134.218: [GC (Allocation Failure) [PSYoungGen: 21799228K->741882K(22609920K)] 22798309K->1741459K(25755648K), 0.1362413 secs] [Times: user=4.81 sys=0.00, real=0.14 secs] 
6137.549: [GC (Allocation Failure) [PSYoungGen: 21844474K->724022K(22609920K)] 22844051K->1723991K(25755648K), 0.1329889 secs] [Times: user=4.71 sys=0.00, real=0.13 secs] 
6140.852: [GC (Allocation Failure) [PSYoungGen: 21826614K->682678K(22609920K)] 22826583K->1683007K(25755648K), 0.1281886 secs] [Times: user=4.40 sys=0.00, real=0.13 secs] 
6144.200: [GC (Allocation Failure) [PSYoungGen: 21785270K->717667K(22609920K)] 22785599K->1718372K(25755648K), 0.1335919 secs] [Times: user=4.66 sys=0.00, real=0.13 secs] 
6147.492: [GC (Allocation Failure) [PSYoungGen: 21820259K->658964K(22609920K)] 22820964K->1660093K(25755648K), 0.1227862 secs] [Times: user=4.30 sys=0.00, real=0.12 secs] 
6150.764: [GC (Allocation Failure) [PSYoungGen: 21761556K->710137K(22609920K)] 22762685K->1711658K(25755648K), 0.1309312 secs] [Times: user=4.63 sys=0.00, real=0.13 secs] 
6154.087: [GC (Allocation Failure) [PSYoungGen: 21812729K->728506K(22609920K)] 22814250K->1730395K(25755648K), 0.1341611 secs] [Times: user=4.74 sys=0.00, real=0.14 secs] 
6157.386: [GC (Allocation Failure) [PSYoungGen: 21831098K->711838K(22609920K)] 22832987K->1714135K(25755648K), 0.1319831 secs] [Times: user=4.62 sys=0.00, real=0.13 secs] 
6160.656: [GC (Allocation Failure) [PSYoungGen: 21814430K->681649K(22609920K)] 22816727K->1684474K(25755648K), 0.1281790 secs] [Times: user=4.41 sys=0.00, real=0.13 secs] 
6164.034: [GC (Allocation Failure) [PSYoungGen: 21784241K->716755K(22609920K)] 22787066K->1719940K(25755648K), 0.1328967 secs] [Times: user=4.63 sys=0.00, real=0.13 secs] 
6167.370: [GC (Allocation Failure) [PSYoungGen: 21819347K->673955K(22609920K)] 22822532K->1677516K(25755648K), 0.1255054 secs] [Times: user=4.38 sys=0.00, real=0.13 secs] 
6170.689: [GC (Allocation Failure) [PSYoungGen: 21776547K->707598K(22609920K)] 22780108K->1711543K(25755648K), 0.1318742 secs] [Times: user=4.61 sys=0.00, real=0.13 secs] 
6174.064: [GC (Allocation Failure) [PSYoungGen: 21810190K->724863K(22609920K)] 22814135K->1729240K(25755648K), 0.1338926 secs] [Times: user=4.72 sys=0.00, real=0.13 secs] 
6177.391: [GC (Allocation Failure) [PSYoungGen: 21827455K->668402K(22609920K)] 22831832K->1673171K(25755648K), 0.1235565 secs] [Times: user=4.36 sys=0.00, real=0.13 secs] 
6180.701: [GC (Allocation Failure) [PSYoungGen: 21770994K->694929K(22609920K)] 22775763K->1700074K(25755648K), 0.1284932 secs] [Times: user=4.53 sys=0.00, real=0.13 secs] 
6183.981: [GC (Allocation Failure) [PSYoungGen: 21797521K->756367K(22609920K)] 22802666K->1761936K(25755648K), 0.1385909 secs] [Times: user=4.91 sys=0.00, real=0.14 secs] 
6187.297: [GC (Allocation Failure) [PSYoungGen: 21858959K->673155K(22609920K)] 22864528K->1679148K(25755648K), 0.1246658 secs] [Times: user=4.40 sys=0.00, real=0.12 secs] 
6190.623: [GC (Allocation Failure) [PSYoungGen: 21775747K->739032K(22609920K)] 22781740K->1745393K(25755648K), 0.1360135 secs] [Times: user=4.77 sys=0.00, real=0.14 secs] 
6193.920: [GC (Allocation Failure) [PSYoungGen: 21841624K->730728K(22609920K)] 22847985K->1737457K(25755648K), 0.1339083 secs] [Times: user=4.73 sys=0.00, real=0.13 secs] 
6197.207: [GC (Allocation Failure) [PSYoungGen: 21833320K->764281K(22609920K)] 22840049K->1771402K(25755648K), 0.1410148 secs] [Times: user=5.00 sys=0.00, real=0.14 secs] 
6200.493: [GC (Allocation Failure) [PSYoungGen: 21866873K->749215K(22609920K)] 22873994K->1756784K(25755648K), 0.1371175 secs] [Times: user=4.84 sys=0.00, real=0.14 secs] 
6203.871: [GC (Allocation Failure) [PSYoungGen: 21851807K->708291K(22609920K)] 22859376K->1716228K(25755648K), 0.1304285 secs] [Times: user=4.61 sys=0.00, real=0.13 secs] 
6207.157: [GC (Allocation Failure) [PSYoungGen: 21810883K->727621K(22609920K)] 22818820K->1735966K(25755648K), 0.1337438 secs] [Times: user=4.72 sys=0.00, real=0.14 secs] 
6210.521: [GC (Allocation Failure) [PSYoungGen: 21830213K->729880K(22609920K)] 22838558K->1738649K(25755648K), 0.1351422 secs] [Times: user=4.78 sys=0.01, real=0.13 secs] 
6213.860: [GC (Allocation Failure) [PSYoungGen: 21832472K->735625K(22609920K)] 22841241K->1744994K(25755648K), 0.1358513 secs] [Times: user=4.78 sys=0.00, real=0.13 secs] 
6217.113: [GC (Allocation Failure) [PSYoungGen: 21838217K->719662K(22609920K)] 22847586K->1729439K(25755648K), 0.1323892 secs] [Times: user=4.67 sys=0.00, real=0.13 secs] 
6220.460: [GC (Allocation Failure) [PSYoungGen: 21822254K->720189K(22609920K)] 22832031K->1730342K(25755648K), 0.1333116 secs] [Times: user=4.71 sys=0.00, real=0.14 secs] 
6223.733: [GC (Allocation Failure) [PSYoungGen: 21822781K->786399K(22609920K)] 22832934K->1796912K(25755648K), 0.1423215 secs] [Times: user=5.04 sys=0.00, real=0.14 secs] 
6227.006: [GC (Allocation Failure) [PSYoungGen: 21888991K->723872K(22609920K)] 22899504K->1734857K(25755648K), 0.1326282 secs] [Times: user=4.69 sys=0.00, real=0.13 secs] 
6230.335: [GC (Allocation Failure) [PSYoungGen: 21826464K->808408K(22609920K)] 22837449K->1819985K(25755648K), 0.1479728 secs] [Times: user=5.18 sys=0.00, real=0.15 secs] 
6233.598: [GC (Allocation Failure) [PSYoungGen: 21911000K->725760K(22609920K)] 22922577K->1737705K(25755648K), 0.1343481 secs] [Times: user=4.72 sys=0.00, real=0.13 secs] 
6236.934: [GC (Allocation Failure) [PSYoungGen: 21828352K->726235K(22609920K)] 22840297K->1738564K(25755648K), 0.1330168 secs] [Times: user=4.70 sys=0.00, real=0.13 secs] 
6240.190: [GC (Allocation Failure) [PSYoungGen: 21828827K->776134K(22609920K)] 22841156K->1788830K(25755648K), 0.1419408 secs] [Times: user=5.01 sys=0.01, real=0.14 secs] 
6243.450: [GC (Allocation Failure) [PSYoungGen: 21878726K->730164K(22609920K)] 22891422K->1743341K(25755648K), 0.1340170 secs] [Times: user=4.72 sys=0.00, real=0.14 secs] 
6246.693: [GC (Allocation Failure) [PSYoungGen: 21832756K->696084K(22609920K)] 22845933K->1709629K(25755648K), 0.1367958 secs] [Times: user=4.71 sys=0.00, real=0.14 secs] 
6250.035: [GC (Allocation Failure) [PSYoungGen: 21798676K->675833K(22609920K)] 22812221K->1689770K(25755648K), 0.1243347 secs] [Times: user=4.39 sys=0.00, real=0.12 secs] 
6253.308: [GC (Allocation Failure) [PSYoungGen: 21778425K->667241K(22609920K)] 22792362K->1681610K(25755648K), 0.1236534 secs] [Times: user=4.36 sys=0.00, real=0.12 secs] 
6256.522: [GC (Allocation Failure) [PSYoungGen: 21769833K->638191K(22609920K)] 22784202K->1652928K(25755648K), 0.1224911 secs] [Times: user=4.17 sys=0.01, real=0.12 secs] 
6259.693: [GC (Allocation Failure) [PSYoungGen: 21740783K->715941K(22609920K)] 22755520K->1731062K(25755648K), 0.1323841 secs] [Times: user=4.68 sys=0.01, real=0.13 secs] 
6262.966: [GC (Allocation Failure) [PSYoungGen: 21818533K->708572K(22609920K)] 22833654K->1724061K(25755648K), 0.1333460 secs] [Times: user=4.61 sys=0.00, real=0.14 secs] 
6266.216: [GC (Allocation Failure) [PSYoungGen: 21811164K->773284K(22609920K)] 22826653K->1789149K(25755648K), 0.1422768 secs] [Times: user=4.97 sys=0.01, real=0.15 secs] 
6269.463: [GC (Allocation Failure) [PSYoungGen: 21875876K->686911K(22609920K)] 22891741K->1703176K(25755648K), 0.1310172 secs] [Times: user=4.54 sys=0.01, real=0.13 secs] 
6272.753: [GC (Allocation Failure) [PSYoungGen: 21789503K->678211K(22609920K)] 22805768K->1694844K(25755648K), 0.1267475 secs] [Times: user=4.48 sys=0.00, real=0.13 secs] 
6276.119: [GC (Allocation Failure) [PSYoungGen: 21780803K->669545K(22609920K)] 22797436K->1686634K(25755648K), 0.1247345 secs] [Times: user=4.41 sys=0.00, real=0.12 secs] 
6279.450: [GC (Allocation Failure) [PSYoungGen: 21772137K->678118K(22609920K)] 22789226K->1695575K(25755648K), 0.1259721 secs] [Times: user=4.44 sys=0.00, real=0.12 secs] 
6282.691: [GC (Allocation Failure) [PSYoungGen: 21780710K->701443K(22609920K)] 22798167K->1719284K(25755648K), 0.1302098 secs] [Times: user=4.59 sys=0.00, real=0.13 secs] 
6286.045: [GC (Allocation Failure) [PSYoungGen: 21804035K->643684K(22609920K)] 22821876K->1661893K(25755648K), 0.1201020 secs] [Times: user=4.24 sys=0.00, real=0.12 secs] 
6289.277: [GC (Allocation Failure) [PSYoungGen: 21746276K->655556K(22609920K)] 22764485K->1674165K(25755648K), 0.1213056 secs] [Times: user=4.27 sys=0.00, real=0.12 secs] 
6292.541: [GC (Allocation Failure) [PSYoungGen: 21758148K->665859K(22609920K)] 22776757K->1684916K(25755648K), 0.1236366 secs] [Times: user=4.36 sys=0.00, real=0.13 secs] 
6295.811: [GC (Allocation Failure) [PSYoungGen: 21768451K->661654K(22609920K)] 22787508K->1681095K(25755648K), 0.1226185 secs] [Times: user=4.33 sys=0.00, real=0.13 secs] 
6299.117: [GC (Allocation Failure) [PSYoungGen: 21764246K->691177K(22609920K)] 22783687K->1710994K(25755648K), 0.1283977 secs] [Times: user=4.48 sys=0.00, real=0.13 secs] 
6302.396: [GC (Allocation Failure) [PSYoungGen: 21793769K->668229K(22609920K)] 22813586K->1688566K(25755648K), 0.1238982 secs] [Times: user=4.38 sys=0.01, real=0.12 secs] 
6305.647: [GC (Allocation Failure) [PSYoungGen: 21770821K->690548K(22609920K)] 22791158K->1711277K(25755648K), 0.1262831 secs] [Times: user=4.47 sys=0.00, real=0.12 secs] 
6308.989: [GC (Allocation Failure) [PSYoungGen: 21793140K->677702K(22609920K)] 22813869K->1698799K(25755648K), 0.1261423 secs] [Times: user=4.43 sys=0.01, real=0.13 secs] 
6312.260: [GC (Allocation Failure) [PSYoungGen: 21780294K->688863K(22609920K)] 22801391K->1710336K(25755648K), 0.1272901 secs] [Times: user=4.46 sys=0.00, real=0.13 secs] 
6315.541: [GC (Allocation Failure) [PSYoungGen: 21791455K->618718K(22609920K)] 22812928K->1640567K(25755648K), 0.1168872 secs] [Times: user=4.12 sys=0.00, real=0.12 secs] 
6318.754: [GC (Allocation Failure) [PSYoungGen: 21721310K->707909K(22609920K)] 22743159K->1730166K(25755648K), 0.1299477 secs] [Times: user=4.59 sys=0.01, real=0.13 secs] 
6322.141: [GC (Allocation Failure) [PSYoungGen: 21810501K->644932K(22609920K)] 22832758K->1667557K(25755648K), 0.1249943 secs] [Times: user=4.36 sys=0.00, real=0.13 secs] 
6325.442: [GC (Allocation Failure) [PSYoungGen: 21747524K->665567K(22609920K)] 22770149K->1688559K(25755648K), 0.1249113 secs] [Times: user=4.41 sys=0.00, real=0.13 secs] 
6328.712: [GC (Allocation Failure) [PSYoungGen: 21768159K->640633K(22609920K)] 22791151K->1664026K(25755648K), 0.1192483 secs] [Times: user=4.21 sys=0.00, real=0.12 secs] 
6331.980: [GC (Allocation Failure) [PSYoungGen: 21743225K->639674K(22609920K)] 22766618K->1663450K(25755648K), 0.1196326 secs] [Times: user=4.22 sys=0.00, real=0.12 secs] 
6335.258: [GC (Allocation Failure) [PSYoungGen: 21742266K->653316K(22609920K)] 22766042K->1677461K(25755648K), 0.1246407 secs] [Times: user=4.39 sys=0.00, real=0.12 secs] 
6338.395: [GC (Allocation Failure) [PSYoungGen: 21755908K->714401K(22609920K)] 22780053K->1738913K(25755648K), 0.1342591 secs] [Times: user=4.63 sys=0.01, real=0.14 secs] 
6341.736: [GC (Allocation Failure) [PSYoungGen: 21816993K->638457K(22609920K)] 22841505K->1663362K(25755648K), 0.1222055 secs] [Times: user=4.26 sys=0.00, real=0.12 secs] 
6344.987: [GC (Allocation Failure) [PSYoungGen: 21741049K->649945K(22609920K)] 22765954K->1675234K(25755648K), 0.1251303 secs] [Times: user=4.40 sys=0.00, real=0.13 secs] 
6348.236: [GC (Allocation Failure) [PSYoungGen: 21752537K->650404K(22609920K)] 22777826K->1676053K(25755648K), 0.1274407 secs] [Times: user=4.37 sys=0.00, real=0.13 secs] 
6351.466: [GC (Allocation Failure) [PSYoungGen: 21752996K->632938K(22609920K)] 22778645K->1658971K(25755648K), 0.1184687 secs] [Times: user=4.18 sys=0.01, real=0.12 secs] 
6354.752: [GC (Allocation Failure) [PSYoungGen: 21735530K->617476K(22609920K)] 22761563K->1643957K(25755648K), 0.1216806 secs] [Times: user=4.22 sys=0.01, real=0.12 secs] 
6358.015: [GC (Allocation Failure) [PSYoungGen: 21720068K->658009K(22609920K)] 22746549K->1684865K(25755648K), 0.1222948 secs] [Times: user=4.30 sys=0.00, real=0.12 secs] 
6361.234: [GC (Allocation Failure) [PSYoungGen: 21760601K->664804K(22609920K)] 22787457K->1692029K(25755648K), 0.1225129 secs] [Times: user=4.31 sys=0.00, real=0.12 secs] 
6364.476: [GC (Allocation Failure) [PSYoungGen: 21767396K->624996K(22609920K)] 22794621K->1652677K(25755648K), 0.1165684 secs] [Times: user=4.11 sys=0.00, real=0.11 secs] 
6367.687: [GC (Allocation Failure) [PSYoungGen: 21727588K->650308K(22609920K)] 22755269K->1678365K(25755648K), 0.1221632 secs] [Times: user=4.26 sys=0.01, real=0.12 secs] 
6370.913: [GC (Allocation Failure) [PSYoungGen: 21752900K->661741K(22609920K)] 22780957K->1690174K(25755648K), 0.1252199 secs] [Times: user=4.33 sys=0.01, real=0.13 secs] 
6374.035: [GC (Allocation Failure) [PSYoungGen: 21764333K->691348K(22609920K)] 22792766K->1720357K(25755648K), 0.1296624 secs] [Times: user=4.51 sys=0.01, real=0.13 secs] 
6377.200: [GC (Allocation Failure) [PSYoungGen: 21793940K->723912K(22609920K)] 22822949K->1753537K(25755648K), 0.1335431 secs] [Times: user=4.66 sys=0.00, real=0.13 secs] 
6380.458: [GC (Allocation Failure) [PSYoungGen: 21826504K->665462K(22609920K)] 22856129K->1695575K(25755648K), 0.1266044 secs] [Times: user=4.32 sys=0.00, real=0.13 secs] 
6383.766: [GC (Allocation Failure) [PSYoungGen: 21768054K->634676K(22609920K)] 22798167K->1665141K(25755648K), 0.1180385 secs] [Times: user=4.16 sys=0.00, real=0.12 secs] 
6386.969: [GC (Allocation Failure) [PSYoungGen: 21737268K->642788K(22609920K)] 22767733K->1673653K(25755648K), 0.1197134 secs] [Times: user=4.23 sys=0.00, real=0.12 secs] 
6390.145: [GC (Allocation Failure) [PSYoungGen: 21745380K->786104K(22609920K)] 22776245K->1817512K(25755648K), 0.1431171 secs] [Times: user=5.06 sys=0.00, real=0.15 secs] 
6393.408: [GC (Allocation Failure) [PSYoungGen: 21888696K->722447K(22609920K)] 22920104K->1754232K(25755648K), 0.1321557 secs] [Times: user=4.65 sys=0.00, real=0.13 secs] 
6396.657: [GC (Allocation Failure) [PSYoungGen: 21825039K->680823K(22609920K)] 22856824K->1712984K(25755648K), 0.1267528 secs] [Times: user=4.48 sys=0.00, real=0.13 secs] 
6399.925: [GC (Allocation Failure) [PSYoungGen: 21783415K->667684K(22609920K)] 22815576K->1700221K(25755648K), 0.1241967 secs] [Times: user=4.38 sys=0.01, real=0.13 secs] 
6403.151: [GC (Allocation Failure) [PSYoungGen: 21770276K->675779K(22609920K)] 22802813K->1708812K(25755648K), 0.1274145 secs] [Times: user=4.42 sys=0.00, real=0.12 secs] 
6406.323: [GC (Allocation Failure) [PSYoungGen: 21778371K->702995K(22609920K)] 22811404K->1736388K(25755648K), 0.1313408 secs] [Times: user=4.56 sys=0.00, real=0.13 secs] 
6409.637: [GC (Allocation Failure) [PSYoungGen: 21805587K->621156K(22609920K)] 22838980K->1654917K(25755648K), 0.1166677 secs] [Times: user=4.11 sys=0.00, real=0.12 secs] 
6412.845: [GC (Allocation Failure) [PSYoungGen: 21723748K->636164K(22609920K)] 22757509K->1670525K(25755648K), 0.1189546 secs] [Times: user=4.17 sys=0.00, real=0.12 secs] 
6416.074: [GC (Allocation Failure) [PSYoungGen: 21738756K->641188K(22609920K)] 22773117K->1675917K(25755648K), 0.1197191 secs] [Times: user=4.19 sys=0.00, real=0.12 secs] 
6419.259: [GC (Allocation Failure) [PSYoungGen: 21743780K->697017K(22609920K)] 22778509K->1732106K(25755648K), 0.1291239 secs] [Times: user=4.55 sys=0.00, real=0.13 secs] 
6422.506: [GC (Allocation Failure) [PSYoungGen: 21799609K->660932K(22609920K)] 22834698K->1696397K(25755648K), 0.1225103 secs] [Times: user=4.32 sys=0.00, real=0.12 secs] 
6425.791: [GC (Allocation Failure) [PSYoungGen: 21763524K->650356K(22609920K)] 22798989K->1686213K(25755648K), 0.1235536 secs] [Times: user=4.32 sys=0.01, real=0.13 secs] 
6428.966: [GC (Allocation Failure) [PSYoungGen: 21752948K->642852K(22609920K)] 22788805K->1679109K(25755648K), 0.1191881 secs] [Times: user=4.21 sys=0.01, real=0.12 secs] 
6432.209: [GC (Allocation Failure) [PSYoungGen: 21745444K->658953K(22609920K)] 22781701K->1695578K(25755648K), 0.1221841 secs] [Times: user=4.32 sys=0.00, real=0.12 secs] 
6435.414: [GC (Allocation Failure) [PSYoungGen: 21761545K->646761K(22609920K)] 22798170K->1683770K(25755648K), 0.1213666 secs] [Times: user=4.27 sys=0.00, real=0.12 secs] 
6438.619: [GC (Allocation Failure) [PSYoungGen: 21749353K->641572K(22609920K)] 22786362K->1678949K(25755648K), 0.1202403 secs] [Times: user=4.22 sys=0.00, real=0.12 secs] 
6441.812: [GC (Allocation Failure) [PSYoungGen: 21744164K->628900K(22609920K)] 22781541K->1666677K(25755648K), 0.1191539 secs] [Times: user=4.14 sys=0.00, real=0.12 secs] 
6445.032: [GC (Allocation Failure) [PSYoungGen: 21731492K->643428K(22609920K)] 22769269K->1681573K(25755648K), 0.1208330 secs] [Times: user=4.22 sys=0.00, real=0.12 secs] 
6448.228: [GC (Allocation Failure) [PSYoungGen: 21746020K->680062K(22609920K)] 22784165K->1718575K(25755648K), 0.1270892 secs] [Times: user=4.48 sys=0.00, real=0.13 secs] 
6451.468: [GC (Allocation Failure) [PSYoungGen: 21782654K->608804K(22609920K)] 22821167K->1647677K(25755648K), 0.1146756 secs] [Times: user=4.03 sys=0.01, real=0.11 secs] 
6454.696: [GC (Allocation Failure) [PSYoungGen: 21711396K->629780K(22609920K)] 22750269K->1669021K(25755648K), 0.1176210 secs] [Times: user=4.15 sys=0.00, real=0.12 secs] 
6457.964: [GC (Allocation Failure) [PSYoungGen: 21732372K->657092K(22609920K)] 22771613K->1696717K(25755648K), 0.1251447 secs] [Times: user=4.42 sys=0.00, real=0.13 secs] 
6461.242: [GC (Allocation Failure) [PSYoungGen: 21759684K->648228K(22609920K)] 22799309K->1688221K(25755648K), 0.1202742 secs] [Times: user=4.25 sys=0.00, real=0.12 secs] 
6464.424: [GC (Allocation Failure) [PSYoungGen: 21750820K->690109K(22609920K)] 22790813K->1730462K(25755648K), 0.1284033 secs] [Times: user=4.53 sys=0.00, real=0.13 secs] 
6467.780: [GC (Allocation Failure) [PSYoungGen: 21792701K->629188K(22609920K)] 22833054K->1669917K(25755648K), 0.1193086 secs] [Times: user=4.10 sys=0.00, real=0.12 secs] 
6470.959: [GC (Allocation Failure) [PSYoungGen: 21731780K->674325K(22609920K)] 22772509K->1715462K(25755648K), 0.1248535 secs] [Times: user=4.41 sys=0.00, real=0.12 secs] 
6474.175: [GC (Allocation Failure) [PSYoungGen: 21776917K->663492K(22609920K)] 22818054K->1704989K(25755648K), 0.1230870 secs] [Times: user=4.34 sys=0.00, real=0.12 secs] 
6477.444: [GC (Allocation Failure) [PSYoungGen: 21766084K->632004K(22609920K)] 22807581K->1673877K(25755648K), 0.1175286 secs] [Times: user=4.14 sys=0.01, real=0.12 secs] 
6480.615: [GC (Allocation Failure) [PSYoungGen: 21734596K->623716K(22609920K)] 22776469K->1666077K(25755648K), 0.1182587 secs] [Times: user=4.08 sys=0.00, real=0.12 secs] 
6483.870: [GC (Allocation Failure) [PSYoungGen: 21726308K->657562K(22609920K)] 22768669K->1700306K(25755648K), 0.1233339 secs] [Times: user=4.33 sys=0.01, real=0.13 secs] 
6486.891: [GC (Allocation Failure) [PSYoungGen: 21760154K->754640K(22609920K)] 22802898K->1797785K(25755648K), 0.1395083 secs] [Times: user=4.84 sys=0.00, real=0.14 secs] 
6490.086: [GC (Allocation Failure) [PSYoungGen: 21857232K->754003K(22609920K)] 22900377K->1797628K(25755648K), 0.1393056 secs] [Times: user=4.81 sys=0.01, real=0.14 secs] 
6493.252: [GC (Allocation Failure) [PSYoungGen: 21856595K->797258K(22609920K)] 22900220K->1841458K(25755648K), 0.1463071 secs] [Times: user=5.13 sys=0.00, real=0.15 secs] 
6496.384: [GC (Allocation Failure) [PSYoungGen: 21899850K->719486K(22609920K)] 22944050K->1764055K(25755648K), 0.1345823 secs] [Times: user=4.62 sys=0.00, real=0.13 secs] 
6499.573: [GC (Allocation Failure) [PSYoungGen: 21822078K->701881K(22609920K)] 22866647K->1746946K(25755648K), 0.1311304 secs] [Times: user=4.63 sys=0.00, real=0.13 secs] 
6502.736: [GC (Allocation Failure) [PSYoungGen: 21804473K->739734K(22609920K)] 22849538K->1785175K(25755648K), 0.1356615 secs] [Times: user=4.79 sys=0.00, real=0.13 secs] 
6505.937: [GC (Allocation Failure) [PSYoungGen: 21842326K->702440K(22609920K)] 22887767K->1748249K(25755648K), 0.1321686 secs] [Times: user=4.61 sys=0.00, real=0.13 secs] 
6509.150: [GC (Allocation Failure) [PSYoungGen: 21805032K->738865K(22609920K)] 22850841K->1785066K(25755648K), 0.1366522 secs] [Times: user=4.83 sys=0.00, real=0.14 secs] 
6512.260: [GC (Allocation Failure) [PSYoungGen: 21841457K->764509K(22609920K)] 22887658K->1811102K(25755648K), 0.1401438 secs] [Times: user=4.96 sys=0.00, real=0.14 secs] 
6515.438: [GC (Allocation Failure) [PSYoungGen: 21867101K->695676K(22609920K)] 22913694K->1742637K(25755648K), 0.1287438 secs] [Times: user=4.53 sys=0.00, real=0.13 secs] 
6518.577: [GC (Allocation Failure) [PSYoungGen: 21798268K->731190K(22609920K)] 22845229K->1778526K(25755648K), 0.1361831 secs] [Times: user=4.81 sys=0.00, real=0.13 secs] 
6521.795: [GC (Allocation Failure) [PSYoungGen: 21833782K->708819K(22609920K)] 22881118K->1756539K(25755648K), 0.1303351 secs] [Times: user=4.60 sys=0.00, real=0.13 secs] 
6524.956: [GC (Allocation Failure) [PSYoungGen: 21811411K->741844K(22609920K)] 22859131K->1789933K(25755648K), 0.1371969 secs] [Times: user=4.82 sys=0.01, real=0.14 secs] 
6528.088: [GC (Allocation Failure) [PSYoungGen: 21844436K->746287K(22609920K)] 22892525K->1794768K(25755648K), 0.1370051 secs] [Times: user=4.82 sys=0.00, real=0.13 secs] 
6531.269: [GC (Allocation Failure) [PSYoungGen: 21848879K->773042K(22609920K)] 22897360K->1821899K(25755648K), 0.1417512 secs] [Times: user=5.01 sys=0.00, real=0.14 secs] 
6534.448: [GC (Allocation Failure) [PSYoungGen: 21875634K->724076K(22609920K)] 22924491K->1773445K(25755648K), 0.1341963 secs] [Times: user=4.74 sys=0.00, real=0.14 secs] 
6537.631: [GC (Allocation Failure) [PSYoungGen: 21826668K->744337K(22609920K)] 22876037K->1794098K(25755648K), 0.1374468 secs] [Times: user=4.85 sys=0.00, real=0.14 secs] 
6540.799: [GC (Allocation Failure) [PSYoungGen: 21846929K->732048K(22609920K)] 22896690K->1782169K(25755648K), 0.1363957 secs] [Times: user=4.79 sys=0.00, real=0.13 secs] 
6543.986: [GC (Allocation Failure) [PSYoungGen: 21834640K->723509K(22609920K)] 22884761K->1774038K(25755648K), 0.1334199 secs] [Times: user=4.72 sys=0.00, real=0.13 secs] 
6547.155: [GC (Allocation Failure) [PSYoungGen: 21826101K->732729K(22609920K)] 22876630K->1783641K(25755648K), 0.1342189 secs] [Times: user=4.74 sys=0.00, real=0.13 secs] 
6550.302: [GC (Allocation Failure) [PSYoungGen: 21835321K->741723K(22609920K)] 22886233K->1793044K(25755648K), 0.1369658 secs] [Times: user=4.83 sys=0.00, real=0.13 secs] 
6553.488: [GC (Allocation Failure) [PSYoungGen: 21844315K->738337K(22609920K)] 22895636K->1790026K(25755648K), 0.1383655 secs] [Times: user=4.83 sys=0.00, real=0.14 secs] 
6556.637: [GC (Allocation Failure) [PSYoungGen: 21840929K->769261K(22609920K)] 22892618K->1821326K(25755648K), 0.1427741 secs] [Times: user=5.05 sys=0.00, real=0.14 secs] 
6559.814: [GC (Allocation Failure) [PSYoungGen: 21871853K->746690K(22609920K)] 22923918K->1799306K(25755648K), 0.1382534 secs] [Times: user=4.81 sys=0.00, real=0.14 secs] 
6563.010: [GC (Allocation Failure) [PSYoungGen: 21849282K->730980K(22609920K)] 22901898K->1784237K(25755648K), 0.1344615 secs] [Times: user=4.75 sys=0.01, real=0.14 secs] 
6566.197: [GC (Allocation Failure) [PSYoungGen: 21833572K->729740K(22609920K)] 22886829K->1783381K(25755648K), 0.1351142 secs] [Times: user=4.76 sys=0.00, real=0.13 secs] 
6569.395: [GC (Allocation Failure) [PSYoungGen: 21832332K->764092K(22609920K)] 22885973K->1818109K(25755648K), 0.1421135 secs] [Times: user=4.91 sys=0.00, real=0.14 secs] 
6572.566: [GC (Allocation Failure) [PSYoungGen: 21866684K->713843K(22609920K)] 22920701K->1768284K(25755648K), 0.1330050 secs] [Times: user=4.70 sys=0.01, real=0.13 secs] 
6575.723: [GC (Allocation Failure) [PSYoungGen: 21816435K->692514K(22609920K)] 22870876K->1747379K(25755648K), 0.1277766 secs] [Times: user=4.52 sys=0.00, real=0.13 secs] 
6578.859: [GC (Allocation Failure) [PSYoungGen: 21795106K->737413K(22609920K)] 22849971K->1792646K(25755648K), 0.1353825 secs] [Times: user=4.79 sys=0.00, real=0.13 secs] 
6582.020: [GC (Allocation Failure) [PSYoungGen: 21840005K->744140K(22609920K)] 22895238K->1799781K(25755648K), 0.1391073 secs] [Times: user=4.85 sys=0.01, real=0.14 secs] 
6585.188: [GC (Allocation Failure) [PSYoungGen: 21846732K->765502K(22609920K)] 22902373K->1821519K(25755648K), 0.1436357 secs] [Times: user=4.97 sys=0.00, real=0.14 secs] 
6588.357: [GC (Allocation Failure) [PSYoungGen: 21868094K->753330K(22609920K)] 22924111K->1809731K(25755648K), 0.1381750 secs] [Times: user=4.88 sys=0.00, real=0.13 secs] 
6591.549: [GC (Allocation Failure) [PSYoungGen: 21855922K->736933K(22609920K)] 22912323K->1793702K(25755648K), 0.1356297 secs] [Times: user=4.80 sys=0.01, real=0.13 secs] 
6594.713: [GC (Allocation Failure) [PSYoungGen: 21839525K->712293K(22609920K)] 22896294K->1769438K(25755648K), 0.1358312 secs] [Times: user=4.68 sys=0.00, real=0.14 secs] 
6597.867: [GC (Allocation Failure) [PSYoungGen: 21814885K->729397K(22609920K)] 22872030K->1786926K(25755648K), 0.1346751 secs] [Times: user=4.76 sys=0.00, real=0.14 secs] 
6601.014: [GC (Allocation Failure) [PSYoungGen: 21831989K->727761K(22609920K)] 22889518K->1785682K(25755648K), 0.1329082 secs] [Times: user=4.70 sys=0.00, real=0.13 secs] 
6604.197: [GC (Allocation Failure) [PSYoungGen: 21830353K->750566K(22609920K)] 22888274K->1808862K(25755648K), 0.1380530 secs] [Times: user=4.87 sys=0.01, real=0.14 secs] 
6607.368: [GC (Allocation Failure) [PSYoungGen: 21853158K->734738K(22609920K)] 22911454K->1793403K(25755648K), 0.1354789 secs] [Times: user=4.79 sys=0.00, real=0.14 secs] 
6610.518: [GC (Allocation Failure) [PSYoungGen: 21837330K->798786K(22609920K)] 22895995K->1857827K(25755648K), 0.1479304 secs] [Times: user=5.23 sys=0.01, real=0.15 secs] 
6613.651: [GC (Allocation Failure) [PSYoungGen: 21901378K->753433K(22609920K)] 22960419K->1812842K(25755648K), 0.1387240 secs] [Times: user=4.90 sys=0.00, real=0.14 secs] 
6616.735: [GC (Allocation Failure) [PSYoungGen: 21856025K->769611K(22609920K)] 22915434K->1829532K(25755648K), 0.1403345 secs] [Times: user=4.97 sys=0.00, real=0.14 secs] 
6619.887: [GC (Allocation Failure) [PSYoungGen: 21872203K->748584K(22609920K)] 22932124K->1808881K(25755648K), 0.1383516 secs] [Times: user=4.88 sys=0.00, real=0.14 secs] 
6623.041: [GC (Allocation Failure) [PSYoungGen: 21851176K->733243K(22609920K)] 22911473K->1793916K(25755648K), 0.1357981 secs] [Times: user=4.72 sys=0.00, real=0.14 secs] 
6626.195: [GC (Allocation Failure) [PSYoungGen: 21835835K->783813K(22609920K)] 22896508K->1844918K(25755648K), 0.1424453 secs] [Times: user=5.05 sys=0.01, real=0.14 secs] 
6629.329: [GC (Allocation Failure) [PSYoungGen: 21886405K->690835K(22609920K)] 22947510K->1752436K(25755648K), 0.1314709 secs] [Times: user=4.51 sys=0.01, real=0.13 secs] 
6632.485: [GC (Allocation Failure) [PSYoungGen: 21793427K->791527K(22609920K)] 22855028K->1853496K(25755648K), 0.1445692 secs] [Times: user=5.08 sys=0.01, real=0.14 secs] 
6635.666: [GC (Allocation Failure) [PSYoungGen: 21894119K->722700K(22609920K)] 22956088K->1785053K(25755648K), 0.1336025 secs] [Times: user=4.71 sys=0.00, real=0.13 secs] 
6638.774: [GC (Allocation Failure) [PSYoungGen: 21825292K->736148K(22609920K)] 22887645K->1798933K(25755648K), 0.1350091 secs] [Times: user=4.77 sys=0.01, real=0.13 secs] 
6641.890: [GC (Allocation Failure) [PSYoungGen: 21838740K->735480K(22609920K)] 22901525K->1798729K(25755648K), 0.1351387 secs] [Times: user=4.79 sys=0.00, real=0.14 secs] 
6645.039: [GC (Allocation Failure) [PSYoungGen: 21838072K->766295K(22609920K)] 22901321K->1829952K(25755648K), 0.1409937 secs] [Times: user=4.95 sys=0.00, real=0.14 secs] 
6648.137: [GC (Allocation Failure) [PSYoungGen: 21868887K->788291K(22609920K)] 22932544K->1852308K(25755648K), 0.1434303 secs] [Times: user=5.08 sys=0.00, real=0.14 secs] 
6651.273: [GC (Allocation Failure) [PSYoungGen: 21890883K->795353K(22609920K)] 22954900K->1859738K(25755648K), 0.1484196 secs] [Times: user=5.11 sys=0.00, real=0.15 secs] 
6654.396: [GC (Allocation Failure) [PSYoungGen: 21897945K->701881K(22609920K)] 22962330K->1766666K(25755648K), 0.1301280 secs] [Times: user=4.60 sys=0.00, real=0.13 secs] 
6657.529: [GC (Allocation Failure) [PSYoungGen: 21804473K->762097K(22609920K)] 22869258K->1827274K(25755648K), 0.1398838 secs] [Times: user=4.94 sys=0.00, real=0.14 secs] 
6660.660: [GC (Allocation Failure) [PSYoungGen: 21864689K->746091K(22609920K)] 22929866K->1811636K(25755648K), 0.1375188 secs] [Times: user=4.86 sys=0.00, real=0.13 secs] 
6663.772: [GC (Allocation Failure) [PSYoungGen: 21848683K->742456K(22609920K)] 22914228K->1808369K(25755648K), 0.1370526 secs] [Times: user=4.84 sys=0.01, real=0.14 secs] 
6666.937: [GC (Allocation Failure) [PSYoungGen: 21845048K->766819K(22609920K)] 22910961K->1833116K(25755648K), 0.1400454 secs] [Times: user=4.93 sys=0.00, real=0.14 secs] 
6670.037: [GC (Allocation Failure) [PSYoungGen: 21869411K->776877K(22609920K)] 22935708K->1843550K(25755648K), 0.1411673 secs] [Times: user=5.00 sys=0.00, real=0.14 secs] 
6673.188: [GC (Allocation Failure) [PSYoungGen: 21879469K->776151K(22609920K)] 22946142K->1843192K(25755648K), 0.1432759 secs] [Times: user=5.02 sys=0.00, real=0.15 secs] 
6676.274: [GC (Allocation Failure) [PSYoungGen: 21878743K->801331K(22609920K)] 22945784K->1868780K(25755648K), 0.1470336 secs] [Times: user=5.19 sys=0.00, real=0.15 secs] 
6679.404: [GC (Allocation Failure) [PSYoungGen: 21903923K->722269K(22609920K)] 22971372K->1790094K(25755648K), 0.1352832 secs] [Times: user=4.78 sys=0.00, real=0.13 secs] 
6682.522: [GC (Allocation Failure) [PSYoungGen: 21824861K->732586K(22609920K)] 22892686K->1800795K(25755648K), 0.1354783 secs] [Times: user=4.78 sys=0.00, real=0.13 secs] 
6685.577: [GC (Allocation Failure) [PSYoungGen: 21835178K->778772K(22609920K)] 22903387K->1847365K(25755648K), 0.1422533 secs] [Times: user=5.03 sys=0.00, real=0.14 secs] 
6688.660: [GC (Allocation Failure) [PSYoungGen: 21881364K->711722K(22609920K)] 22949957K->1780691K(25755648K), 0.1329526 secs] [Times: user=4.69 sys=0.00, real=0.14 secs] 
6691.763: [GC (Allocation Failure) [PSYoungGen: 21814314K->716879K(22609920K)] 22883283K->1786232K(25755648K), 0.1331766 secs] [Times: user=4.70 sys=0.00, real=0.13 secs] 
6694.895: [GC (Allocation Failure) [PSYoungGen: 21819471K->749803K(22609920K)] 22888824K->1819540K(25755648K), 0.1374544 secs] [Times: user=4.86 sys=0.00, real=0.14 secs] 
6698.022: [GC (Allocation Failure) [PSYoungGen: 21852395K->774036K(22609920K)] 22922132K->1844141K(25755648K), 0.1412623 secs] [Times: user=4.99 sys=0.00, real=0.15 secs] 
6701.193: [GC (Allocation Failure) [PSYoungGen: 21876628K->871853K(22609920K)] 22946733K->1942358K(25755648K), 0.1588303 secs] [Times: user=5.58 sys=0.01, real=0.16 secs] 
6704.307: [GC (Allocation Failure) [PSYoungGen: 21974445K->756075K(22609920K)] 23044950K->1826956K(25755648K), 0.1417791 secs] [Times: user=4.94 sys=0.00, real=0.14 secs] 
6707.411: [GC (Allocation Failure) [PSYoungGen: 21858667K->721645K(22609920K)] 22929548K->1792901K(25755648K), 0.1347325 secs] [Times: user=4.76 sys=0.00, real=0.14 secs] 
6710.526: [GC (Allocation Failure) [PSYoungGen: 21824237K->720302K(22609920K)] 22895493K->1791943K(25755648K), 0.1331125 secs] [Times: user=4.69 sys=0.00, real=0.13 secs] 
6713.679: [GC (Allocation Failure) [PSYoungGen: 21822894K->738319K(22609920K)] 22894535K->1810335K(25755648K), 0.1370909 secs] [Times: user=4.85 sys=0.00, real=0.14 secs] 
6716.872: [GC (Allocation Failure) [PSYoungGen: 21840911K->745026K(22609920K)] 22912927K->1817402K(25755648K), 0.1401484 secs] [Times: user=4.88 sys=0.01, real=0.14 secs] 
6719.962: [GC (Allocation Failure) [PSYoungGen: 21847618K->746862K(22609920K)] 22919994K->1819615K(25755648K), 0.1379735 secs] [Times: user=4.88 sys=0.01, real=0.14 secs] 
6723.054: [GC (Allocation Failure) [PSYoungGen: 21849454K->787378K(22609920K)] 22922207K->1860507K(25755648K), 0.1440466 secs] [Times: user=5.09 sys=0.01, real=0.15 secs] 
6726.212: [GC (Allocation Failure) [PSYoungGen: 21889970K->807004K(22609920K)] 22963099K->1880708K(25755648K), 0.1481147 secs] [Times: user=5.18 sys=0.00, real=0.15 secs] 
6729.327: [GC (Allocation Failure) [PSYoungGen: 21909596K->721859K(22609920K)] 22983300K->1795932K(25755648K), 0.1340783 secs] [Times: user=4.73 sys=0.01, real=0.14 secs] 
6732.441: [GC (Allocation Failure) [PSYoungGen: 21824451K->713168K(22609920K)] 22898524K->1787593K(25755648K), 0.1318676 secs] [Times: user=4.66 sys=0.00, real=0.13 secs] 
6735.583: [GC (Allocation Failure) [PSYoungGen: 21815760K->673220K(22609920K)] 22890185K->1748117K(25755648K), 0.1256219 secs] [Times: user=4.43 sys=0.01, real=0.13 secs] 
6738.695: [GC (Allocation Failure) [PSYoungGen: 21775812K->717756K(22609920K)] 22850709K->1793029K(25755648K), 0.1323166 secs] [Times: user=4.66 sys=0.00, real=0.13 secs] 
6741.817: [GC (Allocation Failure) [PSYoungGen: 21820348K->777763K(22609920K)] 22895621K->1853404K(25755648K), 0.1435962 secs] [Times: user=5.07 sys=0.01, real=0.15 secs] 
6745.064: [GC (Allocation Failure) [PSYoungGen: 21880355K->667780K(22609920K)] 22955996K->1743821K(25755648K), 0.1257242 secs] [Times: user=4.39 sys=0.00, real=0.12 secs] 
6748.241: [GC (Allocation Failure) [PSYoungGen: 21770372K->713324K(22609920K)] 22846413K->1789812K(25755648K), 0.1319546 secs] [Times: user=4.65 sys=0.00, real=0.13 secs] 
6751.324: [GC (Allocation Failure) [PSYoungGen: 21815916K->717153K(22609920K)] 22892404K->1794017K(25755648K), 0.1314977 secs] [Times: user=4.65 sys=0.00, real=0.13 secs] 
6754.458: [GC (Allocation Failure) [PSYoungGen: 21819745K->684765K(22609920K)] 22896609K->1762038K(25755648K), 0.1265228 secs] [Times: user=4.47 sys=0.00, real=0.13 secs] 
6757.569: [GC (Allocation Failure) [PSYoungGen: 21787357K->713305K(22609920K)] 22864630K->1791010K(25755648K), 0.1326289 secs] [Times: user=4.67 sys=0.00, real=0.14 secs] 
6760.705: [GC (Allocation Failure) [PSYoungGen: 21815897K->686301K(22609920K)] 22893602K->1764382K(25755648K), 0.1264360 secs] [Times: user=4.47 sys=0.00, real=0.12 secs] 
6763.759: [GC (Allocation Failure) [PSYoungGen: 21788893K->750495K(22609920K)] 22866974K->1829056K(25755648K), 0.1371961 secs] [Times: user=4.85 sys=0.00, real=0.14 secs] 
6766.888: [GC (Allocation Failure) [PSYoungGen: 21853087K->721504K(22609920K)] 22931648K->1800440K(25755648K), 0.1324060 secs] [Times: user=4.69 sys=0.01, real=0.13 secs] 
6769.966: [GC (Allocation Failure) [PSYoungGen: 21824096K->730165K(22609920K)] 22903032K->1809470K(25755648K), 0.1338734 secs] [Times: user=4.74 sys=0.01, real=0.13 secs] 
6773.119: [GC (Allocation Failure) [PSYoungGen: 21832757K->754627K(22609920K)] 22912062K->1834299K(25755648K), 0.1382041 secs] [Times: user=4.89 sys=0.01, real=0.14 secs] 
6776.225: [GC (Allocation Failure) [PSYoungGen: 21857219K->753116K(22609920K)] 22936891K->1833229K(25755648K), 0.1371223 secs] [Times: user=4.85 sys=0.00, real=0.13 secs] 
6779.456: [GC (Allocation Failure) [PSYoungGen: 21855708K->752653K(22609920K)] 22935821K->1833262K(25755648K), 0.1368314 secs] [Times: user=4.84 sys=0.01, real=0.13 secs] 
6782.515: [GC (Allocation Failure) [PSYoungGen: 21855245K->703432K(22609920K)] 22935854K->1784416K(25755648K), 0.1293734 secs] [Times: user=4.56 sys=0.00, real=0.13 secs] 
6785.623: [GC (Allocation Failure) [PSYoungGen: 21806024K->713056K(22609920K)] 22887008K->1794425K(25755648K), 0.1317393 secs] [Times: user=4.66 sys=0.00, real=0.13 secs] 
6788.745: [GC (Allocation Failure) [PSYoungGen: 21815648K->712473K(22609920K)] 22897017K->1794370K(25755648K), 0.1294826 secs] [Times: user=4.58 sys=0.01, real=0.13 secs] 
6791.810: [GC (Allocation Failure) [PSYoungGen: 21815065K->764598K(22609920K)] 22896962K->1846871K(25755648K), 0.1405626 secs] [Times: user=4.90 sys=0.00, real=0.14 secs] 
6794.906: [GC (Allocation Failure) [PSYoungGen: 21867190K->787597K(22609920K)] 22949463K->1870238K(25755648K), 0.1432823 secs] [Times: user=5.07 sys=0.01, real=0.15 secs] 
6797.995: [GC (Allocation Failure) [PSYoungGen: 21890189K->758348K(22609920K)] 22972830K->1841373K(25755648K), 0.1383338 secs] [Times: user=4.88 sys=0.00, real=0.14 secs] 
6801.061: [GC (Allocation Failure) [PSYoungGen: 21860940K->732603K(22609920K)] 22943965K->1816020K(25755648K), 0.1351647 secs] [Times: user=4.70 sys=0.00, real=0.13 secs] 
6804.176: [GC (Allocation Failure) [PSYoungGen: 21835195K->816061K(22609920K)] 22918612K->1899846K(25755648K), 0.1477119 secs] [Times: user=5.23 sys=0.00, real=0.15 secs] 
6807.297: [GC (Allocation Failure) [PSYoungGen: 21918653K->782659K(22609920K)] 23002438K->1866819K(25755648K), 0.1424483 secs] [Times: user=5.01 sys=0.00, real=0.14 secs] 
6810.391: [GC (Allocation Failure) [PSYoungGen: 21885251K->779037K(22609920K)] 22969411K->1863542K(25755648K), 0.1412167 secs] [Times: user=5.00 sys=0.00, real=0.14 secs] 
6813.459: [GC (Allocation Failure) [PSYoungGen: 21881629K->755588K(22609920K)] 22966134K->1840516K(25755648K), 0.1381073 secs] [Times: user=4.89 sys=0.00, real=0.14 secs] 
6816.598: [GC (Allocation Failure) [PSYoungGen: 21858180K->746879K(22609920K)] 22943108K->1832184K(25755648K), 0.1365200 secs] [Times: user=4.83 sys=0.00, real=0.14 secs] 
6819.693: [GC (Allocation Failure) [PSYoungGen: 21849471K->714114K(22609920K)] 22934776K->1799795K(25755648K), 0.1321105 secs] [Times: user=4.56 sys=0.00, real=0.13 secs] 
6822.785: [GC (Allocation Failure) [PSYoungGen: 21816706K->785307K(22609920K)] 22902387K->1871452K(25755648K), 0.1444120 secs] [Times: user=5.02 sys=0.00, real=0.14 secs] 
6825.881: [GC (Allocation Failure) [PSYoungGen: 21887899K->754435K(22609920K)] 22974044K->1841044K(25755648K), 0.1390737 secs] [Times: user=4.87 sys=0.00, real=0.14 secs] 
6828.913: [GC (Allocation Failure) [PSYoungGen: 21857027K->762790K(22609920K)] 22943636K->1849854K(25755648K), 0.1395165 secs] [Times: user=4.94 sys=0.01, real=0.13 secs] 
6832.041: [GC (Allocation Failure) [PSYoungGen: 21865382K->752969K(22609920K)] 22952446K->1840418K(25755648K), 0.1368855 secs] [Times: user=4.84 sys=0.01, real=0.14 secs] 
6835.097: [GC (Allocation Failure) [PSYoungGen: 21855561K->749463K(22609920K)] 22943010K->1837335K(25755648K), 0.1383028 secs] [Times: user=4.87 sys=0.01, real=0.14 secs] 
6838.191: [GC (Allocation Failure) [PSYoungGen: 21852055K->743020K(22609920K)] 22939927K->1831277K(25755648K), 0.1362145 secs] [Times: user=4.82 sys=0.00, real=0.14 secs] 
6841.244: [GC (Allocation Failure) [PSYoungGen: 21845612K->767619K(22609920K)] 22933869K->1856244K(25755648K), 0.1420565 secs] [Times: user=4.94 sys=0.01, real=0.15 secs] 
6844.297: [GC (Allocation Failure) [PSYoungGen: 21870211K->783151K(22609920K)] 22958836K->1872160K(25755648K), 0.1423271 secs] [Times: user=5.04 sys=0.00, real=0.14 secs] 
6847.393: [GC (Allocation Failure) [PSYoungGen: 21885743K->723322K(22609920K)] 22974752K->1812835K(25755648K), 0.1339172 secs] [Times: user=4.68 sys=0.00, real=0.14 secs] 
6850.461: [GC (Allocation Failure) [PSYoungGen: 21825914K->709789K(22609920K)] 22915427K->1799654K(25755648K), 0.1303349 secs] [Times: user=4.62 sys=0.00, real=0.13 secs] 
6853.553: [GC (Allocation Failure) [PSYoungGen: 21812381K->735037K(22609920K)] 22902246K->1825286K(25755648K), 0.1356286 secs] [Times: user=4.77 sys=0.00, real=0.14 secs] 
6856.659: [GC (Allocation Failure) [PSYoungGen: 21837629K->719821K(22609920K)] 22927878K->1810446K(25755648K), 0.1329220 secs] [Times: user=4.71 sys=0.00, real=0.13 secs] 
6859.703: [GC (Allocation Failure) [PSYoungGen: 21822413K->707054K(22609920K)] 22913038K->1798063K(25755648K), 0.1308083 secs] [Times: user=4.60 sys=0.00, real=0.13 secs] 
6862.813: [GC (Allocation Failure) [PSYoungGen: 21809646K->678548K(22609920K)] 22900655K->1769949K(25755648K), 0.1252571 secs] [Times: user=4.43 sys=0.01, real=0.13 secs] 
6865.904: [GC (Allocation Failure) [PSYoungGen: 21781140K->743796K(22609920K)] 22872541K->1835565K(25755648K), 0.1358297 secs] [Times: user=4.80 sys=0.00, real=0.14 secs] 
6868.959: [GC (Allocation Failure) [PSYoungGen: 21846388K->688532K(22609920K)] 22938157K->1780685K(25755648K), 0.1272215 secs] [Times: user=4.50 sys=0.01, real=0.13 secs] 
6872.057: [GC (Allocation Failure) [PSYoungGen: 21791124K->726190K(22609920K)] 22883277K->1818726K(25755648K), 0.1339824 secs] [Times: user=4.69 sys=0.00, real=0.14 secs] 
6875.157: [GC (Allocation Failure) [PSYoungGen: 21828782K->731336K(22609920K)] 22921318K->1824281K(25755648K), 0.1337313 secs] [Times: user=4.73 sys=0.00, real=0.14 secs] 
6878.266: [GC (Allocation Failure) [PSYoungGen: 21833928K->732238K(22609920K)] 22926873K->1825582K(25755648K), 0.1360523 secs] [Times: user=4.77 sys=0.00, real=0.14 secs] 
6881.367: [GC (Allocation Failure) [PSYoungGen: 21834830K->740473K(22609920K)] 22928174K->1834186K(25755648K), 0.1362378 secs] [Times: user=4.80 sys=0.00, real=0.14 secs] 
6884.461: [GC (Allocation Failure) [PSYoungGen: 21843065K->742629K(22609920K)] 22936778K->1836718K(25755648K), 0.1359426 secs] [Times: user=4.81 sys=0.00, real=0.14 secs] 
6887.583: [GC (Allocation Failure) [PSYoungGen: 21845221K->766526K(22609920K)] 22939310K->1861111K(25755648K), 0.1404931 secs] [Times: user=4.95 sys=0.00, real=0.14 secs] 
6890.665: [GC (Allocation Failure) [PSYoungGen: 21869118K->780574K(22609920K)] 22963703K->1875559K(25755648K), 0.1432874 secs] [Times: user=5.02 sys=0.01, real=0.14 secs] 
6893.737: [GC (Allocation Failure) [PSYoungGen: 21883166K->737176K(22609920K)] 22978151K->1832529K(25755648K), 0.1354917 secs] [Times: user=4.79 sys=0.01, real=0.13 secs] 
6896.874: [GC (Allocation Failure) [PSYoungGen: 21839768K->738300K(22609920K)] 22935121K->1834029K(25755648K), 0.1352887 secs] [Times: user=4.75 sys=0.00, real=0.13 secs] 
6899.958: [GC (Allocation Failure) [PSYoungGen: 21840892K->763999K(22609920K)] 22936621K->1860256K(25755648K), 0.1386655 secs] [Times: user=4.91 sys=0.00, real=0.14 secs] 
6903.104: [GC (Allocation Failure) [PSYoungGen: 21866591K->766719K(22609920K)] 22962848K->1863336K(25755648K), 0.1404677 secs] [Times: user=4.92 sys=0.01, real=0.14 secs] 
6906.141: [GC (Allocation Failure) [PSYoungGen: 21869311K->807621K(22609920K)] 22965928K->1904621K(25755648K), 0.1469263 secs] [Times: user=5.20 sys=0.00, real=0.15 secs] 
6909.222: [GC (Allocation Failure) [PSYoungGen: 21910213K->787137K(22609920K)] 23007213K->1884522K(25755648K), 0.1428646 secs] [Times: user=5.07 sys=0.01, real=0.14 secs] 
6912.293: [GC (Allocation Failure) [PSYoungGen: 21889729K->794807K(22609920K)] 22987114K->1892552K(25755648K), 0.1449637 secs] [Times: user=5.10 sys=0.01, real=0.15 secs] 
6915.381: [GC (Allocation Failure) [PSYoungGen: 21897399K->763281K(22609920K)] 22995144K->1861481K(25755648K), 0.1402452 secs] [Times: user=4.93 sys=0.00, real=0.14 secs] 
6918.470: [GC (Allocation Failure) [PSYoungGen: 21865873K->745271K(22609920K)] 22964073K->1843832K(25755648K), 0.1375880 secs] [Times: user=4.86 sys=0.00, real=0.14 secs] 
6921.549: [GC (Allocation Failure) [PSYoungGen: 21847863K->783047K(22609920K)] 22946424K->1882168K(25755648K), 0.1425935 secs] [Times: user=5.06 sys=0.00, real=0.14 secs] 
6924.678: [GC (Allocation Failure) [PSYoungGen: 21885639K->775867K(22609920K)] 22984760K->1875476K(25755648K), 0.1419256 secs] [Times: user=5.02 sys=0.00, real=0.14 secs] 
6927.853: [GC (Allocation Failure) [PSYoungGen: 21878459K->743580K(22609920K)] 22978068K->1843589K(25755648K), 0.1372194 secs] [Times: user=4.80 sys=0.00, real=0.14 secs] 
6930.916: [GC (Allocation Failure) [PSYoungGen: 21846172K->754179K(22609920K)] 22946181K->1854548K(25755648K), 0.1396317 secs] [Times: user=4.89 sys=0.00, real=0.14 secs] 
6934.008: [GC (Allocation Failure) [PSYoungGen: 21856771K->732066K(22609920K)] 22957140K->1832843K(25755648K), 0.1347681 secs] [Times: user=4.77 sys=0.00, real=0.14 secs] 
6937.185: [GC (Allocation Failure) [PSYoungGen: 21834658K->856696K(22609920K)] 22935435K->1958121K(25755648K), 0.1536452 secs] [Times: user=5.45 sys=0.00, real=0.15 secs] 
6940.279: [GC (Allocation Failure) [PSYoungGen: 21959288K->756462K(22609920K)] 23060713K->1858271K(25755648K), 0.1395410 secs] [Times: user=4.94 sys=0.00, real=0.14 secs] 
6943.286: [GC (Allocation Failure) [PSYoungGen: 21859054K->796805K(22609920K)] 22960863K->1899054K(25755648K), 0.1443090 secs] [Times: user=5.12 sys=0.00, real=0.14 secs] 
6946.365: [GC (Allocation Failure) [PSYoungGen: 21899397K->745131K(22609920K)] 23001646K->1847748K(25755648K), 0.1359687 secs] [Times: user=4.81 sys=0.00, real=0.13 secs] 
6949.519: [GC (Allocation Failure) [PSYoungGen: 21847723K->782831K(22609920K)] 22950340K->1886080K(25755648K), 0.1434034 secs] [Times: user=5.06 sys=0.00, real=0.15 secs] 
6952.601: [GC (Allocation Failure) [PSYoungGen: 21885423K->721425K(22609920K)] 22988672K->1825346K(25755648K), 0.1330020 secs] [Times: user=4.71 sys=0.00, real=0.14 secs] 
6955.727: [GC (Allocation Failure) [PSYoungGen: 21824017K->829277K(22609920K)] 22927938K->1933646K(25755648K), 0.1496932 secs] [Times: user=5.31 sys=0.00, real=0.15 secs] 
6958.757: [GC (Allocation Failure) [PSYoungGen: 21931869K->740214K(22609920K)] 23036238K->1845031K(25755648K), 0.1362363 secs] [Times: user=4.82 sys=0.00, real=0.14 secs] 
6961.790: [GC (Allocation Failure) [PSYoungGen: 21842806K->903739K(22609920K)] 22947623K->2009068K(25755648K), 0.1590516 secs] [Times: user=5.64 sys=0.00, real=0.16 secs] 
6964.916: [GC (Allocation Failure) [PSYoungGen: 22006331K->818867K(22609920K)] 23111660K->1924572K(25755648K), 0.1481415 secs] [Times: user=5.23 sys=0.00, real=0.15 secs] 
6968.015: [GC (Allocation Failure) [PSYoungGen: 21921459K->730412K(22609920K)] 23027164K->1836773K(25755648K), 0.1370921 secs] [Times: user=4.71 sys=0.00, real=0.13 secs] 
6971.077: [GC (Allocation Failure) [PSYoungGen: 21833004K->834268K(22609920K)] 22939365K->1941517K(25755648K), 0.1501665 secs] [Times: user=5.30 sys=0.00, real=0.15 secs] 
6974.127: [GC (Allocation Failure) [PSYoungGen: 21936860K->763683K(22609920K)] 23044109K->1871404K(25755648K), 0.1396164 secs] [Times: user=4.94 sys=0.00, real=0.14 secs] 
6977.178: [GC (Allocation Failure) [PSYoungGen: 21866275K->742474K(22609920K)] 22973996K->1850563K(25755648K), 0.1363733 secs] [Times: user=4.78 sys=0.00, real=0.13 secs] 
6980.216: [GC (Allocation Failure) [PSYoungGen: 21845066K->773622K(22609920K)] 22953155K->1882095K(25755648K), 0.1404184 secs] [Times: user=4.98 sys=0.00, real=0.15 secs] 
6983.296: [GC (Allocation Failure) [PSYoungGen: 21876214K->816451K(22609920K)] 22984687K->1925252K(25755648K), 0.1472344 secs] [Times: user=5.21 sys=0.00, real=0.15 secs] 
6986.387: [GC (Allocation Failure) [PSYoungGen: 21919043K->770183K(22609920K)] 23027844K->1879392K(25755648K), 0.1403574 secs] [Times: user=4.97 sys=0.00, real=0.14 secs] 
6989.523: [GC (Allocation Failure) [PSYoungGen: 21872775K->799289K(22609920K)] 22981984K->1909138K(25755648K), 0.1457323 secs] [Times: user=5.16 sys=0.00, real=0.15 secs] 
6992.650: [GC (Allocation Failure) [PSYoungGen: 21901881K->824644K(22609920K)] 23011730K->1934885K(25755648K), 0.1486687 secs] [Times: user=5.26 sys=0.00, real=0.15 secs] 
6995.766: [GC (Allocation Failure) [PSYoungGen: 21927236K->779459K(22609920K)] 23037477K->1890364K(25755648K), 0.1422549 secs] [Times: user=5.01 sys=0.00, real=0.15 secs] 
6998.768: [GC (Allocation Failure) [PSYoungGen: 21882051K->760171K(22609920K)] 22992956K->1871932K(25755648K), 0.1390241 secs] [Times: user=4.91 sys=0.00, real=0.14 secs] 
7001.850: [GC (Allocation Failure) [PSYoungGen: 21862763K->776400K(22609920K)] 22974524K->1888481K(25755648K), 0.1412957 secs] [Times: user=5.00 sys=0.01, real=0.14 secs] 
7004.916: [GC (Allocation Failure) [PSYoungGen: 21878992K->741442K(22609920K)] 22991073K->1853931K(25755648K), 0.1354567 secs] [Times: user=4.80 sys=0.00, real=0.14 secs] 
7008.028: [GC (Allocation Failure) [PSYoungGen: 21844034K->739755K(22609920K)] 22956523K->1852916K(25755648K), 0.1373900 secs] [Times: user=4.81 sys=0.00, real=0.14 secs] 
7011.073: [GC (Allocation Failure) [PSYoungGen: 21842340K->702663K(22609920K)] 22955501K->1816313K(25755648K), 0.1294804 secs] [Times: user=4.57 sys=0.00, real=0.13 secs] 
7014.132: [GC (Allocation Failure) [PSYoungGen: 21805255K->787162K(22609920K)] 22918905K->1901211K(25755648K), 0.1429140 secs] [Times: user=5.06 sys=0.01, real=0.14 secs] 
7017.249: [GC (Allocation Failure) [PSYoungGen: 21889754K->856973K(22609920K)] 23003803K->1971358K(25755648K), 0.1553601 secs] [Times: user=5.50 sys=0.00, real=0.16 secs] 
7020.377: [GC (Allocation Failure) [PSYoungGen: 21959565K->827403K(22609920K)] 23073950K->1942924K(25755648K), 0.1498533 secs] [Times: user=5.31 sys=0.00, real=0.15 secs] 
7023.466: [GC (Allocation Failure) [PSYoungGen: 21929995K->750545K(22609920K)] 23045516K->1867122K(25755648K), 0.1378236 secs] [Times: user=4.88 sys=0.00, real=0.14 secs] 
7026.589: [GC (Allocation Failure) [PSYoungGen: 21853137K->789675K(22609920K)] 22969714K->1906916K(25755648K), 0.1424886 secs] [Times: user=5.05 sys=0.00, real=0.14 secs] 
7029.664: [GC (Allocation Failure) [PSYoungGen: 21892267K->743078K(22609920K)] 23009508K->1860655K(25755648K), 0.1359434 secs] [Times: user=4.81 sys=0.01, real=0.14 secs] 
7032.795: [GC (Allocation Failure) [PSYoungGen: 21845670K->754484K(22609920K)] 22963247K->1872469K(25755648K), 0.1379322 secs] [Times: user=4.84 sys=0.00, real=0.13 secs] 
7035.880: [GC (Allocation Failure) [PSYoungGen: 21857076K->757026K(22609920K)] 22975061K->1875451K(25755648K), 0.1378925 secs] [Times: user=4.87 sys=0.00, real=0.14 secs] 
7038.952: [GC (Allocation Failure) [PSYoungGen: 21859618K->786028K(22609920K)] 22978043K->1904789K(25755648K), 0.1434224 secs] [Times: user=5.08 sys=0.01, real=0.15 secs] 
7042.052: [GC (Allocation Failure) [PSYoungGen: 21888620K->824076K(22609920K)] 23007381K->1943229K(25755648K), 0.1505671 secs] [Times: user=5.24 sys=0.00, real=0.15 secs] 
7045.153: [GC (Allocation Failure) [PSYoungGen: 21926668K->714366K(22609920K)] 23045821K->1834183K(25755648K), 0.1324735 secs] [Times: user=4.66 sys=0.01, real=0.13 secs] 
7048.247: [GC (Allocation Failure) [PSYoungGen: 21816958K->775757K(22609920K)] 22936775K->1895918K(25755648K), 0.1419073 secs] [Times: user=4.97 sys=0.01, real=0.15 secs] 
7051.357: [GC (Allocation Failure) [PSYoungGen: 21878349K->755913K(22609920K)] 22998510K->1876482K(25755648K), 0.1372083 secs] [Times: user=4.85 sys=0.00, real=0.13 secs] 
7054.434: [GC (Allocation Failure) [PSYoungGen: 21858505K->778699K(22609920K)] 22979074K->1899620K(25755648K), 0.1411115 secs] [Times: user=5.00 sys=0.00, real=0.14 secs] 
7057.573: [GC (Allocation Failure) [PSYoungGen: 21881291K->743287K(22609920K)] 23002212K->1864648K(25755648K), 0.1362244 secs] [Times: user=4.82 sys=0.00, real=0.14 secs] 
7060.669: [GC (Allocation Failure) [PSYoungGen: 21845879K->761672K(22609920K)] 22967240K->1883409K(25755648K), 0.1393508 secs] [Times: user=4.93 sys=0.00, real=0.13 secs] 
7063.747: [GC (Allocation Failure) [PSYoungGen: 21864264K->762746K(22609920K)] 22986001K->1884827K(25755648K), 0.1452870 secs] [Times: user=4.93 sys=0.01, real=0.15 secs] 
7066.809: [GC (Allocation Failure) [PSYoungGen: 21865338K->824504K(22609920K)] 22987419K->1946977K(25755648K), 0.1479726 secs] [Times: user=5.18 sys=0.00, real=0.14 secs] 
7069.873: [GC (Allocation Failure) [PSYoungGen: 21927096K->796960K(22609920K)] 23049569K->1919993K(25755648K), 0.1451044 secs] [Times: user=5.14 sys=0.01, real=0.14 secs] 
7073.002: [GC (Allocation Failure) [PSYoungGen: 21899552K->745062K(22609920K)] 23022585K->1868800K(25755648K), 0.1385156 secs] [Times: user=4.86 sys=0.00, real=0.14 secs] 
7076.099: [GC (Allocation Failure) [PSYoungGen: 21847654K->808696K(22609920K)] 22971392K->1932849K(25755648K), 0.1468867 secs] [Times: user=5.19 sys=0.00, real=0.15 secs] 
7079.140: [GC (Allocation Failure) [PSYoungGen: 21911288K->724421K(22609920K)] 23035441K->1848958K(25755648K), 0.1348574 secs] [Times: user=4.76 sys=0.00, real=0.14 secs] 
7082.209: [GC (Allocation Failure) [PSYoungGen: 21827013K->766091K(22609920K)] 22951550K->1890997K(25755648K), 0.1407106 secs] [Times: user=4.97 sys=0.00, real=0.14 secs] 
7085.297: [GC (Allocation Failure) [PSYoungGen: 21868683K->747454K(22609920K)] 22993589K->1872727K(25755648K), 0.1381994 secs] [Times: user=4.87 sys=0.00, real=0.14 secs] 
7088.440: [GC (Allocation Failure) [PSYoungGen: 21850046K->827590K(22609920K)] 22975319K->1953495K(25755648K), 0.1489901 secs] [Times: user=5.27 sys=0.00, real=0.15 secs] 
7091.544: [GC (Allocation Failure) [PSYoungGen: 21930182K->697049K(22609920K)] 23056087K->1823570K(25755648K), 0.1283716 secs] [Times: user=4.54 sys=0.00, real=0.12 secs] 
7094.605: [GC (Allocation Failure) [PSYoungGen: 21799641K->696381K(22609920K)] 22926162K->1823238K(25755648K), 0.1279715 secs] [Times: user=4.52 sys=0.01, real=0.12 secs] 
7097.620: [GC (Allocation Failure) [PSYoungGen: 21798973K->870225K(22609920K)] 22925830K->1997506K(25755648K), 0.1575375 secs] [Times: user=5.57 sys=0.00, real=0.16 secs] 
7100.726: [GC (Allocation Failure) [PSYoungGen: 21972817K->752725K(22609920K)] 23100098K->1880366K(25755648K), 0.1415087 secs] [Times: user=4.84 sys=0.00, real=0.14 secs] 
7103.898: [GC (Allocation Failure) [PSYoungGen: 21855317K->767936K(22609920K)] 22982958K->1895969K(25755648K), 0.1405725 secs] [Times: user=4.97 sys=0.00, real=0.14 secs] 
7107.019: [GC (Allocation Failure) [PSYoungGen: 21870528K->806801K(22609920K)] 22998561K->1935250K(25755648K), 0.1466946 secs] [Times: user=5.19 sys=0.00, real=0.15 secs] 
7110.100: [GC (Allocation Failure) [PSYoungGen: 21909393K->832397K(22609920K)] 23037842K->1961254K(25755648K), 0.1507313 secs] [Times: user=5.33 sys=0.00, real=0.15 secs] 
7113.228: [GC (Allocation Failure) [PSYoungGen: 21934989K->807667K(22609920K)] 23063846K->1936900K(25755648K), 0.1444113 secs] [Times: user=5.10 sys=0.00, real=0.14 secs] 
7116.324: [GC (Allocation Failure) [PSYoungGen: 21910259K->805434K(22609920K)] 23039492K->1935428K(25755648K), 0.1491980 secs] [Times: user=5.12 sys=0.00, real=0.15 secs] 
7119.427: [GC (Allocation Failure) [PSYoungGen: 21908026K->737033K(22609920K)] 23038020K->1867482K(25755648K), 0.1348067 secs] [Times: user=4.76 sys=0.00, real=0.13 secs] 
7122.516: [GC (Allocation Failure) [PSYoungGen: 21839625K->716941K(22609920K)] 22970074K->1848022K(25755648K), 0.1343689 secs] [Times: user=4.63 sys=0.01, real=0.14 secs] 
7125.622: [GC (Allocation Failure) [PSYoungGen: 21819533K->769407K(22609920K)] 22950614K->1901177K(25755648K), 0.1413098 secs] [Times: user=4.99 sys=0.00, real=0.14 secs] 
7128.647: [GC (Allocation Failure) [PSYoungGen: 21871999K->748791K(22609920K)] 23003769K->1880992K(25755648K), 0.1379364 secs] [Times: user=4.87 sys=0.00, real=0.14 secs] 
7131.787: [GC (Allocation Failure) [PSYoungGen: 21851383K->758927K(22609920K)] 22983584K->1891696K(25755648K), 0.1386314 secs] [Times: user=4.91 sys=0.00, real=0.14 secs] 
7134.877: [GC (Allocation Failure) [PSYoungGen: 21861519K->833288K(22609920K)] 22994288K->1966401K(25755648K), 0.1497691 secs] [Times: user=5.29 sys=0.00, real=0.15 secs] 
7138.017: [GC (Allocation Failure) [PSYoungGen: 21935880K->756313K(22609920K)] 23068993K->1889890K(25755648K), 0.1391235 secs] [Times: user=4.92 sys=0.01, real=0.14 secs] 
7141.057: [GC (Allocation Failure) [PSYoungGen: 21858905K->774356K(22609920K)] 22992482K->1908326K(25755648K), 0.1421775 secs] [Times: user=5.03 sys=0.01, real=0.14 secs] 
7144.146: [GC (Allocation Failure) [PSYoungGen: 21876948K->928023K(22609920K)] 23010918K->2062376K(25755648K), 0.1624460 secs] [Times: user=5.75 sys=0.00, real=0.16 secs] 
7147.193: [GC (Allocation Failure) [PSYoungGen: 22030615K->746996K(22609920K)] 23164968K->1881773K(25755648K), 0.1370948 secs] [Times: user=4.82 sys=0.00, real=0.13 secs] 
7150.332: [GC (Allocation Failure) [PSYoungGen: 21849588K->812355K(22609920K)] 22984365K->1947492K(25755648K), 0.1480325 secs] [Times: user=5.23 sys=0.00, real=0.14 secs] 
7153.462: [GC (Allocation Failure) [PSYoungGen: 21914947K->771547K(22609920K)] 23050084K->1907044K(25755648K), 0.1412415 secs] [Times: user=4.98 sys=0.01, real=0.15 secs] 
7156.619: [GC (Allocation Failure) [PSYoungGen: 21874139K->700048K(22609920K)] 23009636K->1835985K(25755648K), 0.1308693 secs] [Times: user=4.58 sys=0.01, real=0.13 secs] 
7159.735: [GC (Allocation Failure) [PSYoungGen: 21802640K->718097K(22609920K)] 22938577K->1854410K(25755648K), 0.1314168 secs] [Times: user=4.64 sys=0.01, real=0.13 secs] 
7162.736: [GC (Allocation Failure) [PSYoungGen: 21820689K->706635K(22609920K)] 22957002K->1843380K(25755648K), 0.1327418 secs] [Times: user=4.68 sys=0.01, real=0.13 secs] 
7165.774: [GC (Allocation Failure) [PSYoungGen: 21809227K->837135K(22609920K)] 22945972K->1974328K(25755648K), 0.1450334 secs] [Times: user=5.14 sys=0.00, real=0.14 secs] 
7168.830: [GC (Allocation Failure) [PSYoungGen: 21939727K->864107K(22609920K)] 23076920K->2001869K(25755648K), 0.1565048 secs] [Times: user=5.44 sys=0.01, real=0.16 secs] 
7171.979: [GC (Allocation Failure) [PSYoungGen: 21966699K->816071K(22609920K)] 23104461K->1954216K(25755648K), 0.1491942 secs] [Times: user=5.27 sys=0.00, real=0.15 secs] 
7175.108: [GC (Allocation Failure) [PSYoungGen: 21918663K->820561K(22609920K)] 23056808K->1959314K(25755648K), 0.1464275 secs] [Times: user=5.04 sys=0.00, real=0.14 secs] 
7178.255: [GC (Allocation Failure) [PSYoungGen: 21923153K->825746K(22609920K)] 23061906K->1964899K(25755648K), 0.1492040 secs] [Times: user=5.29 sys=0.00, real=0.15 secs] 
7181.311: [GC (Allocation Failure) [PSYoungGen: 21928338K->800613K(22609920K)] 23067491K->1940310K(25755648K), 0.1468873 secs] [Times: user=5.19 sys=0.00, real=0.15 secs] 
7184.436: [GC (Allocation Failure) [PSYoungGen: 21903205K->754024K(22609920K)] 23042902K->1894322K(25755648K), 0.1390511 secs] [Times: user=4.92 sys=0.00, real=0.14 secs] 
7187.524: [GC (Allocation Failure) [PSYoungGen: 21856616K->777365K(22609920K)] 22996914K->1918374K(25755648K), 0.1416103 secs] [Times: user=5.02 sys=0.01, real=0.14 secs] 
7190.552: [GC (Allocation Failure) [PSYoungGen: 21879957K->765663K(22609920K)] 23020966K->1907249K(25755648K), 0.1392748 secs] [Times: user=4.92 sys=0.00, real=0.14 secs] 
7193.682: [GC (Allocation Failure) [PSYoungGen: 21868255K->742340K(22609920K)] 23009841K->1884621K(25755648K), 0.1390322 secs] [Times: user=4.79 sys=0.00, real=0.14 secs] 
7196.751: [GC (Allocation Failure) [PSYoungGen: 21844932K->791876K(22609920K)] 22987213K->1934509K(25755648K), 0.1467085 secs] [Times: user=5.09 sys=0.01, real=0.14 secs] 
7199.811: [GC (Allocation Failure) [PSYoungGen: 21894468K->729200K(22609920K)] 23037101K->1872306K(25755648K), 0.1340886 secs] [Times: user=4.75 sys=0.00, real=0.13 secs] 
7202.887: [GC (Allocation Failure) [PSYoungGen: 21831792K->780135K(22609920K)] 22974898K->1923616K(25755648K), 0.1431845 secs] [Times: user=5.07 sys=0.01, real=0.15 secs] 
7205.945: [GC (Allocation Failure) [PSYoungGen: 21882727K->747793K(22609920K)] 23026208K->1891659K(25755648K), 0.1371214 secs] [Times: user=4.85 sys=0.00, real=0.14 secs] 
7209.013: [GC (Allocation Failure) [PSYoungGen: 21850385K->764474K(22609920K)] 22994251K->1909076K(25755648K), 0.1430489 secs] [Times: user=4.98 sys=0.00, real=0.14 secs] 
7212.047: [GC (Allocation Failure) [PSYoungGen: 21867066K->746596K(22609920K)] 23011668K->1891517K(25755648K), 0.1378578 secs] [Times: user=4.84 sys=0.00, real=0.14 secs] 
7215.128: [GC (Allocation Failure) [PSYoungGen: 21849188K->781045K(22609920K)] 22994109K->1926495K(25755648K), 0.1435427 secs] [Times: user=5.08 sys=0.00, real=0.14 secs] 
7218.249: [GC (Allocation Failure) [PSYoungGen: 21883637K->774347K(22609920K)] 23029087K->1920204K(25755648K), 0.1426380 secs] [Times: user=5.05 sys=0.00, real=0.15 secs] 
7221.371: [GC (Allocation Failure) [PSYoungGen: 21876939K->823853K(22609920K)] 23022796K->1970126K(25755648K), 0.1511448 secs] [Times: user=5.26 sys=0.00, real=0.15 secs] 
7224.518: [GC (Allocation Failure) [PSYoungGen: 21926445K->778691K(22609920K)] 23072718K->1925445K(25755648K), 0.1435196 secs] [Times: user=5.08 sys=0.00, real=0.14 secs] 
7227.606: [GC (Allocation Failure) [PSYoungGen: 21881283K->834447K(22609920K)] 23028037K->1981609K(25755648K), 0.1511816 secs] [Times: user=5.37 sys=0.00, real=0.15 secs] 
7230.702: [GC (Allocation Failure) [PSYoungGen: 21937039K->897677K(22609920K)] 23084201K->2045343K(25755648K), 0.1588064 secs] [Times: user=5.61 sys=0.00, real=0.16 secs] 
7233.749: [GC (Allocation Failure) [PSYoungGen: 22000269K->759732K(22609920K)] 23147935K->1907830K(25755648K), 0.1412874 secs] [Times: user=4.95 sys=0.00, real=0.14 secs] 
7236.737: [GC (Allocation Failure) [PSYoungGen: 21862324K->793189K(22609920K)] 23010422K->1941662K(25755648K), 0.1453441 secs] [Times: user=5.15 sys=0.00, real=0.14 secs] 
7239.878: [GC (Allocation Failure) [PSYoungGen: 21895781K->804460K(22609920K)] 23044254K->1953405K(25755648K), 0.1459105 secs] [Times: user=5.17 sys=0.00, real=0.14 secs] 
7242.979: [GC (Allocation Failure) [PSYoungGen: 21907052K->761082K(22609920K)] 23055997K->1910580K(25755648K), 0.1399075 secs] [Times: user=4.94 sys=0.01, real=0.14 secs] 
7246.068: [GC (Allocation Failure) [PSYoungGen: 21863674K->782063K(22609920K)] 23013172K->1932025K(25755648K), 0.1428482 secs] [Times: user=5.05 sys=0.00, real=0.14 secs] 
7249.118: [GC (Allocation Failure) [PSYoungGen: 21884655K->826661K(22609920K)] 23034617K->1977223K(25755648K), 0.1529344 secs] [Times: user=5.28 sys=0.00, real=0.15 secs] 
7252.318: [GC (Allocation Failure) [PSYoungGen: 21929253K->749569K(22609920K)] 23079815K->1900578K(25755648K), 0.1366525 secs] [Times: user=4.83 sys=0.00, real=0.13 secs] 
7255.547: [GC (Allocation Failure) [PSYoungGen: 21852161K->854227K(22609920K)] 23003170K->2005772K(25755648K), 0.2424554 secs] [Times: user=5.64 sys=0.00, real=0.25 secs] 
7256.425: [GC (System.gc()) [PSYoungGen: 5046698K->703396K(22609920K)] 6198244K->1855478K(25755648K), 0.1254869 secs] [Times: user=4.42 sys=0.00, real=0.13 secs] 
7256.550: [Full GC (System.gc()) [PSYoungGen: 703396K->0K(22609920K)] [ParOldGen: 1152081K->227023K(3145728K)] 1855478K->227023K(25755648K), [Metaspace: 22440K->22440K(1069056K)], 0.2233877 secs] [Times: user=6.17 sys=0.07, real=0.22 secs] 
7294.049: [GC (Allocation Failure) [PSYoungGen: 21102592K->945518K(22609920K)] 21329615K->1172541K(25755648K), 0.1534790 secs] [Times: user=5.36 sys=0.00, real=0.15 secs] 
7307.018: [GC (Allocation Failure) [PSYoungGen: 22048110K->943116K(22609920K)] 22275133K->1170139K(25755648K), 0.1407384 secs] [Times: user=4.94 sys=0.00, real=0.14 secs] 
7316.500: [GC (Allocation Failure) [PSYoungGen: 22045708K->954870K(22609920K)] 22272731K->1181894K(25755648K), 0.1423701 secs] [Times: user=5.02 sys=0.00, real=0.14 secs] 
7324.565: [GC (Allocation Failure) [PSYoungGen: 22057462K->938642K(22609920K)] 22284486K->1165665K(25755648K), 0.1405746 secs] [Times: user=4.92 sys=0.00, real=0.14 secs] 
7331.784: [GC (Allocation Failure) [PSYoungGen: 22041234K->945060K(22609920K)] 22268257K->1172083K(25755648K), 0.1413746 secs] [Times: user=4.95 sys=0.00, real=0.14 secs] 
7338.014: [GC (Allocation Failure) [PSYoungGen: 22047652K->973108K(22609920K)] 22274675K->1200131K(25755648K), 0.1499248 secs] [Times: user=5.12 sys=0.00, real=0.15 secs] 
7343.896: [GC (Allocation Failure) [PSYoungGen: 22075700K->949447K(22609920K)] 22302723K->1176478K(25755648K), 0.1445292 secs] [Times: user=4.94 sys=0.00, real=0.14 secs] 
7349.445: [GC (Allocation Failure) [PSYoungGen: 22052039K->1016317K(22609920K)] 22279070K->1243348K(25755648K), 0.1523209 secs] [Times: user=5.35 sys=0.00, real=0.15 secs] 
7354.341: [GC (Allocation Failure) [PSYoungGen: 22118909K->999682K(22609920K)] 22345940K->1226713K(25755648K), 0.1495663 secs] [Times: user=5.29 sys=0.00, real=0.15 secs] 
7359.397: [GC (Allocation Failure) [PSYoungGen: 22102274K->999112K(22609920K)] 22329305K->1226143K(25755648K), 0.1491590 secs] [Times: user=5.28 sys=0.00, real=0.15 secs] 
7364.220: [GC (Allocation Failure) [PSYoungGen: 22101704K->989012K(22609920K)] 22328735K->1216043K(25755648K), 0.1475954 secs] [Times: user=5.21 sys=0.00, real=0.15 secs] 
7368.512: [GC (Allocation Failure) [PSYoungGen: 22091604K->1015111K(22609920K)] 22318635K->1242143K(25755648K), 0.1536942 secs] [Times: user=5.43 sys=0.00, real=0.16 secs] 
7372.853: [GC (Allocation Failure) [PSYoungGen: 22117703K->990081K(22609920K)] 22344735K->1217112K(25755648K), 0.1473691 secs] [Times: user=5.21 sys=0.00, real=0.15 secs] 
7377.126: [GC (Allocation Failure) [PSYoungGen: 22092673K->1021196K(22609920K)] 22319704K->1248227K(25755648K), 0.1523577 secs] [Times: user=5.38 sys=0.01, real=0.16 secs] 
7380.949: [GC (Allocation Failure) [PSYoungGen: 22123788K->1014768K(22609920K)] 22350819K->1241799K(25755648K), 0.1561275 secs] [Times: user=5.42 sys=0.00, real=0.15 secs] 
7384.665: [GC (Allocation Failure) [PSYoungGen: 22117360K->670009K(22609920K)] 22344391K->1256743K(25755648K), 0.1596818 secs] [Times: user=5.63 sys=0.00, real=0.16 secs] 
7388.426: [GC (Allocation Failure) [PSYoungGen: 21772601K->682324K(22609920K)] 22359335K->1270796K(25755648K), 0.1223840 secs] [Times: user=4.32 sys=0.00, real=0.13 secs] 
7392.271: [GC (Allocation Failure) [PSYoungGen: 21784916K->697917K(22609920K)] 22373388K->1287524K(25755648K), 0.1243543 secs] [Times: user=4.38 sys=0.01, real=0.12 secs] 
7395.557: [GC (Allocation Failure) [PSYoungGen: 21800509K->721581K(22609920K)] 22390116K->1312069K(25755648K), 0.1278968 secs] [Times: user=4.52 sys=0.00, real=0.13 secs] 
7398.926: [GC (Allocation Failure) [PSYoungGen: 21824173K->691447K(22609920K)] 22414661K->1282863K(25755648K), 0.1245376 secs] [Times: user=4.40 sys=0.00, real=0.13 secs] 
7402.277: [GC (Allocation Failure) [PSYoungGen: 21794039K->685061K(22609920K)] 22385455K->1277885K(25755648K), 0.1235914 secs] [Times: user=4.37 sys=0.00, real=0.13 secs] 
7405.689: [GC (Allocation Failure) [PSYoungGen: 21787653K->665542K(22609920K)] 22380477K->1259102K(25755648K), 0.1219579 secs] [Times: user=4.30 sys=0.01, real=0.13 secs] 
7408.911: [GC (Allocation Failure) [PSYoungGen: 21768134K->738073K(22609920K)] 22361694K->1332297K(25755648K), 0.1317490 secs] [Times: user=4.65 sys=0.01, real=0.13 secs] 
7412.064: [GC (Allocation Failure) [PSYoungGen: 21840665K->761669K(22609920K)] 22434889K->1356573K(25755648K), 0.1353947 secs] [Times: user=4.79 sys=0.00, real=0.13 secs] 
7415.204: [GC (Allocation Failure) [PSYoungGen: 21864261K->773248K(22609920K)] 22459165K->1368872K(25755648K), 0.1387266 secs] [Times: user=4.91 sys=0.00, real=0.14 secs] 
7418.282: [GC (Allocation Failure) [PSYoungGen: 21875840K->766538K(22609920K)] 22471464K->1362666K(25755648K), 0.1362431 secs] [Times: user=4.82 sys=0.01, real=0.14 secs] 
7421.404: [GC (Allocation Failure) [PSYoungGen: 21869130K->802943K(22609920K)] 22465258K->1399775K(25755648K), 0.1426071 secs] [Times: user=5.05 sys=0.00, real=0.14 secs] 
7424.548: [GC (Allocation Failure) [PSYoungGen: 21905535K->806269K(22609920K)] 22502367K->1403837K(25755648K), 0.1430251 secs] [Times: user=5.06 sys=0.00, real=0.14 secs] 
7436.600: [GC (System.gc()) [PSYoungGen: 19856112K->851245K(22609920K)] 20453680K->1449534K(25755648K), 0.1368152 secs] [Times: user=4.84 sys=0.00, real=0.14 secs] 
7436.737: [Full GC (System.gc()) [PSYoungGen: 851245K->0K(22609920K)] [ParOldGen: 598288K->236242K(3145728K)] 1449534K->236242K(25755648K), [Metaspace: 22466K->22466K(1071104K)], 0.0616340 secs] [Times: user=0.93 sys=0.01, real=0.06 secs] 
7443.009: [GC (System.gc()) [PSYoungGen: 3426735K->512K(22609920K)] 3662978K->236762K(25755648K), 0.0082384 secs] [Times: user=0.12 sys=0.00, real=0.01 secs] 
7443.017: [Full GC (System.gc()) [PSYoungGen: 512K->0K(22609920K)] [ParOldGen: 236250K->230555K(3145728K)] 236762K->230555K(25755648K), [Metaspace: 22478K->22478K(1071104K)], 0.0837998 secs] [Times: user=1.81 sys=0.02, real=0.08 secs] 
7457.955: [GC (Allocation Failure) [PSYoungGen: 21102592K->990490K(22609920K)] 21333147K->1221053K(25755648K), 0.1583979 secs] [Times: user=5.54 sys=0.01, real=0.16 secs] 
7469.024: [GC (Allocation Failure) [PSYoungGen: 22093027K->962631K(22609920K)] 22323591K->1193202K(25755648K), 0.1407081 secs] [Times: user=4.96 sys=0.00, real=0.14 secs] 
7480.037: [GC (Allocation Failure) [PSYoungGen: 22065223K->941899K(22609920K)] 22295794K->1172470K(25755648K), 0.1403969 secs] [Times: user=4.88 sys=0.00, real=0.14 secs] 
7487.043: [GC (System.gc()) [PSYoungGen: 7178995K->29537K(22609920K)] 7409566K->260109K(25755648K), 0.0105886 secs] [Times: user=0.19 sys=0.00, real=0.01 secs] 
7487.054: [Full GC (System.gc()) [PSYoungGen: 29537K->0K(22609920K)] [ParOldGen: 230571K->237587K(3145728K)] 260109K->237587K(25755648K), [Metaspace: 22546K->22546K(1071104K)], 0.1138893 secs] [Times: user=2.69 sys=0.01, real=0.11 secs] 
7487.390: [GC (System.gc()) [PSYoungGen: 841K->64K(22609920K)] 238428K->237651K(25755648K), 0.0371536 secs] [Times: user=0.04 sys=0.00, real=0.04 secs] 
7487.427: [Full GC (System.gc()) [PSYoungGen: 64K->0K(22609920K)] [ParOldGen: 237587K->237401K(3145728K)] 237651K->237401K(25755648K), [Metaspace: 22550K->22550K(1071104K)], 0.3406622 secs] [Times: user=4.57 sys=0.03, real=0.34 secs] 
7487.986: [GC (System.gc()) [PSYoungGen: 96291K->160K(22609920K)] 333693K->237561K(25755648K), 0.0056378 secs] [Times: user=0.04 sys=0.00, real=0.00 secs] 
7487.992: [Full GC (System.gc()) [PSYoungGen: 160K->0K(22609920K)] [ParOldGen: 237401K->237308K(3145728K)] 237561K->237308K(25755648K), [Metaspace: 22550K->22550K(1071104K)], 0.3963593 secs] [Times: user=4.41 sys=0.04, real=0.40 secs] 
Heap
 PSYoungGen      total 22609920K, used 722308K [0x0000000200000000, 0x00000007c0000000, 0x00000007c0000000)
  eden space 21102592K, 3% used [0x0000000200000000,0x000000022c161208,0x0000000708000000)
  from space 1507328K, 0% used [0x0000000764000000,0x0000000764000000,0x00000007c0000000)
  to   space 1507328K, 0% used [0x0000000708000000,0x0000000708000000,0x0000000764000000)
 ParOldGen       total 3145728K, used 237308K [0x0000000140000000, 0x0000000200000000, 0x0000000200000000)
  object space 3145728K, 7% used [0x0000000140000000,0x000000014e7bf360,0x0000000200000000)
 Metaspace       used 22562K, capacity 23356K, committed 23680K, reserved 1071104K
  class space    used 2627K, capacity 2840K, committed 2944K, reserved 1048576K
