Java HotSpot(TM) 64-Bit Server VM (25.40-b25) for linux-amd64 JRE (1.8.0_40-b26), built on Mar  7 2015 15:08:31 by "java_re" with gcc 4.3.0 20080428 (Red Hat 4.3.0-8)
Memory: 4k page, physical 264398780k(140714128k free), swap 4194296k(4194296k free)
CommandLine flags: -XX:InitialHeapSize=2147483648 -XX:MaxHeapSize=2147483648 -XX:MaxNewSize=1610612736 -XX:NewSize=1610612736 -XX:+PrintGC -XX:+PrintGCDetails -XX:+PrintGCTimeStamps -XX:+UseCompressedClassPointers -XX:+UseCompressedOops -XX:+UseParallelGC 
0.292: [GC (Allocation Failure) [PSYoungGen: 1179648K->3841K(1376256K)] 1179648K->3849K(1900544K), 0.0067885 secs] [Times: user=0.09 sys=0.02, real=0.01 secs] 
0.310: [GC (Allocation Failure) [PSYoungGen: 1183489K->2288K(1376256K)] 1183497K->2304K(1900544K), 0.0051657 secs] [Times: user=0.07 sys=0.03, real=0.00 secs] 
12.684: [GC (Allocation Failure) [PSYoungGen: 1181936K->86560K(1376256K)] 1181952K->86600K(1900544K), 0.0723196 secs] [Times: user=0.85 sys=1.12, real=0.07 secs] 
14.095: [GC (System.gc()) [PSYoungGen: 109188K->83135K(1376256K)] 109228K->83183K(1900544K), 0.0800742 secs] [Times: user=0.67 sys=2.10, real=0.08 secs] 
14.176: [Full GC (System.gc()) [PSYoungGen: 83135K->0K(1376256K)] [ParOldGen: 48K->81715K(524288K)] 83183K->81715K(1900544K), [Metaspace: 16710K->16710K(1064960K)], 0.4028451 secs] [Times: user=8.66 sys=0.08, real=0.41 secs] 
100.259: [GC (System.gc()) [PSYoungGen: 344248K->8585K(1376256K)] 425964K->90381K(1900544K), 0.0147115 secs] [Times: user=0.23 sys=0.00, real=0.02 secs] 
100.274: [Full GC (System.gc()) [PSYoungGen: 8585K->0K(1376256K)] [ParOldGen: 81795K->88946K(524288K)] 90381K->88946K(1900544K), [Metaspace: 20168K->20168K(1067008K)], 0.4097234 secs] [Times: user=12.88 sys=0.02, real=0.41 secs] 
211.917: [GC (Allocation Failure) [PSYoungGen: 1179648K->6065K(1376256K)] 1268594K->95019K(1900544K), 0.0127139 secs] [Times: user=0.17 sys=0.00, real=0.01 secs] 
231.289: [GC (Allocation Failure) [PSYoungGen: 1185713K->8280K(1376256K)] 1274667K->97243K(1900544K), 0.0097355 secs] [Times: user=0.21 sys=0.00, real=0.01 secs] 
242.036: [GC (Allocation Failure) [PSYoungGen: 1187928K->9785K(1476608K)] 1276891K->98755K(2000896K), 0.0105440 secs] [Times: user=0.10 sys=0.16, real=0.01 secs] 
251.005: [GC (Allocation Failure) [PSYoungGen: 1385017K->9721K(1471488K)] 1473987K->98699K(1995776K), 0.0092985 secs] [Times: user=0.18 sys=0.00, real=0.01 secs] 
259.667: [GC (Allocation Failure) [PSYoungGen: 1384953K->7304K(1484800K)] 1473931K->98140K(2009088K), 0.0196571 secs] [Times: user=0.05 sys=0.01, real=0.02 secs] 
268.385: [GC (Allocation Failure) [PSYoungGen: 1400456K->7464K(1481216K)] 1491292K->99085K(2005504K), 0.0082484 secs] [Times: user=0.06 sys=0.00, real=0.01 secs] 
276.901: [GC (Allocation Failure) [PSYoungGen: 1400616K->6920K(1492480K)] 1492237K->98725K(2016768K), 0.0182788 secs] [Times: user=0.19 sys=0.02, real=0.02 secs] 
285.423: [GC (Allocation Failure) [PSYoungGen: 1415432K->6324K(1488896K)] 1507237K->98925K(2013184K), 0.0357130 secs] [Times: user=0.30 sys=0.00, real=0.03 secs] 
300.626: [GC (Allocation Failure) [PSYoungGen: 1414836K->6996K(1500160K)] 1507437K->100321K(2024448K), 0.0634972 secs] [Times: user=0.24 sys=0.01, real=0.06 secs] 
328.143: [GC (System.gc()) [PSYoungGen: 919098K->5236K(1496576K)] 1012423K->99493K(2020864K), 0.0371761 secs] [Times: user=0.19 sys=0.00, real=0.04 secs] 
328.181: [Full GC (System.gc()) [PSYoungGen: 5236K->0K(1496576K)] [ParOldGen: 94256K->89728K(524288K)] 99493K->89728K(2020864K), [Metaspace: 20796K->20796K(1069056K)], 1.2856205 secs] [Times: user=14.23 sys=0.13, real=1.29 secs] 
348.441: [GC (Allocation Failure) [PSYoungGen: 1423872K->8788K(1507840K)] 1513600K->98525K(2032128K), 0.0196706 secs] [Times: user=0.06 sys=0.00, real=0.02 secs] 
357.403: [GC (Allocation Failure) [PSYoungGen: 1447508K->7000K(1503744K)] 1537245K->99767K(2028032K), 0.0070962 secs] [Times: user=0.06 sys=0.00, real=0.00 secs] 
366.147: [GC (Allocation Failure) [PSYoungGen: 1445720K->7432K(1514496K)] 1538487K->100911K(2038784K), 0.0074073 secs] [Times: user=0.10 sys=0.00, real=0.01 secs] 
375.213: [GC (Allocation Failure) [PSYoungGen: 1460488K->6677K(1511424K)] 1553967K->101007K(2035712K), 0.0065602 secs] [Times: user=0.08 sys=0.00, real=0.00 secs] 
384.929: [GC (Allocation Failure) [PSYoungGen: 1459733K->7157K(1521152K)] 1554063K->102127K(2045440K), 0.0319564 secs] [Times: user=0.17 sys=0.01, real=0.03 secs] 
407.118: [GC (Allocation Failure) [PSYoungGen: 1473525K->6453K(1518080K)] 1568495K->102139K(2042368K), 0.0384658 secs] [Times: user=0.23 sys=0.01, real=0.03 secs] 
435.766: [GC (System.gc()) [PSYoungGen: 1096847K->5397K(1526272K)] 1192534K->101779K(2050560K), 0.0094225 secs] [Times: user=0.09 sys=0.02, real=0.01 secs] 
435.775: [Full GC (System.gc()) [PSYoungGen: 5397K->0K(1526272K)] [ParOldGen: 96382K->91747K(524288K)] 101779K->91747K(2050560K), [Metaspace: 20865K->20865K(1069056K)], 0.4285167 secs] [Times: user=14.33 sys=0.00, real=0.43 secs] 
456.252: [GC (Allocation Failure) [PSYoungGen: 1477120K->9535K(1523712K)] 1568867K->101283K(2048000K), 0.0069011 secs] [Times: user=0.14 sys=0.00, real=0.01 secs] 
465.604: [GC (Allocation Failure) [PSYoungGen: 1486655K->6383K(1531904K)] 1578403K->100893K(2056192K), 0.0161729 secs] [Times: user=0.17 sys=0.01, real=0.02 secs] 
474.765: [GC (Allocation Failure) [PSYoungGen: 1495279K->7023K(1529856K)] 1589789K->102205K(2054144K), 0.0106067 secs] [Times: user=0.08 sys=0.00, real=0.01 secs] 
483.766: [GC (Allocation Failure) [PSYoungGen: 1495919K->6895K(1536512K)] 1591101K->102789K(2060800K), 0.0124884 secs] [Times: user=0.09 sys=0.01, real=0.01 secs] 
502.777: [GC (Allocation Failure) [PSYoungGen: 1505007K->6782K(1534464K)] 1600901K->103284K(2058752K), 0.0489858 secs] [Times: user=0.49 sys=0.00, real=0.05 secs] 
534.980: [GC (Allocation Failure) [PSYoungGen: 1504894K->9374K(1541120K)] 1601396K->106484K(2065408K), 0.0413540 secs] [Times: user=0.10 sys=0.01, real=0.04 secs] 
561.623: [GC (Allocation Failure) [PSYoungGen: 1516190K->8638K(1538560K)] 1613300K->106740K(2062848K), 0.0327874 secs] [Times: user=0.09 sys=0.00, real=0.03 secs] 
596.823: [GC (Allocation Failure) [PSYoungGen: 1515454K->7550K(1544704K)] 1613556K->106268K(2068992K), 0.0251352 secs] [Times: user=0.06 sys=0.00, real=0.03 secs] 
645.701: [GC (Allocation Failure) [PSYoungGen: 1522558K->7791K(1543168K)] 1621276K->106797K(2067456K), 0.0339384 secs] [Times: user=0.29 sys=0.00, real=0.04 secs] 
648.033: [GC (System.gc()) [PSYoungGen: 96114K->2479K(1546752K)] 195120K->105165K(2071040K), 0.0167887 secs] [Times: user=0.07 sys=0.01, real=0.02 secs] 
648.050: [Full GC (System.gc()) [PSYoungGen: 2479K->0K(1546752K)] [ParOldGen: 102686K->92923K(524288K)] 105165K->92923K(2071040K), [Metaspace: 20912K->20912K(1069056K)], 0.6719458 secs] [Times: user=6.25 sys=0.06, real=0.67 secs] 
669.488: [GC (Allocation Failure) [PSYoungGen: 1520128K->9710K(1546240K)] 1613051K->102633K(2070528K), 0.0085039 secs] [Times: user=0.16 sys=0.01, real=0.00 secs] 
679.126: [GC (Allocation Failure) [PSYoungGen: 1529838K->6415K(1549312K)] 1622761K->102279K(2073600K), 0.0105259 secs] [Times: user=0.08 sys=0.00, real=0.01 secs] 
688.576: [GC (Allocation Failure) [PSYoungGen: 1531151K->6750K(1548288K)] 1627015K->103293K(2072576K), 0.0473476 secs] [Times: user=0.50 sys=0.00, real=0.05 secs] 
698.505: [GC (Allocation Failure) [PSYoungGen: 1531486K->6671K(1551872K)] 1628029K->103917K(2076160K), 0.0132571 secs] [Times: user=0.06 sys=0.00, real=0.01 secs] 
731.751: [GC (System.gc()) [PSYoungGen: 1463415K->5711K(1550848K)] 1560662K->103700K(2075136K), 0.0285008 secs] [Times: user=0.06 sys=0.00, real=0.03 secs] 
731.780: [Full GC (System.gc()) [PSYoungGen: 5711K->0K(1550848K)] [ParOldGen: 97988K->91156K(524288K)] 103700K->91156K(2075136K), [Metaspace: 20959K->20959K(1069056K)], 0.9125921 secs] [Times: user=9.22 sys=0.08, real=0.91 secs] 
738.924: [GC (System.gc()) [PSYoungGen: 3614K->611K(1551872K)] 94770K->91775K(2076160K), 0.0087164 secs] [Times: user=0.10 sys=0.01, real=0.01 secs] 
738.933: [Full GC (System.gc()) [PSYoungGen: 611K->0K(1551872K)] [ParOldGen: 91164K->88193K(524288K)] 91775K->88193K(2076160K), [Metaspace: 20998K->20998K(1069056K)], 0.3406958 secs] [Times: user=11.31 sys=0.00, real=0.34 secs] 
757.923: [GC (Allocation Failure) [PSYoungGen: 1531904K->7969K(1552384K)] 1620097K->96170K(2076672K), 0.0097826 secs] [Times: user=0.11 sys=0.00, real=0.01 secs] 
770.960: [GC (Allocation Failure) [PSYoungGen: 1539873K->6369K(1554432K)] 1628074K->97432K(2078720K), 0.0051778 secs] [Times: user=0.05 sys=0.01, real=0.01 secs] 
784.034: [GC (Allocation Failure) [PSYoungGen: 1541345K->5825K(1553408K)] 1632408K->97208K(2077696K), 0.0069981 secs] [Times: user=0.10 sys=0.00, real=0.01 secs] 
797.204: [GC (Allocation Failure) [PSYoungGen: 1540801K->6145K(1556480K)] 1632184K->97736K(2080768K), 0.0060096 secs] [Times: user=0.06 sys=0.01, real=0.01 secs] 
810.314: [GC (Allocation Failure) [PSYoungGen: 1545217K->6113K(1555456K)] 1636808K->97832K(2079744K), 0.0033135 secs] [Times: user=0.03 sys=0.00, real=0.00 secs] 
823.524: [GC (Allocation Failure) [PSYoungGen: 1545185K->6209K(1558016K)] 1636904K->98064K(2082304K), 0.0043221 secs] [Times: user=0.06 sys=0.00, real=0.00 secs] 
836.697: [GC (Allocation Failure) [PSYoungGen: 1548353K->6273K(1556992K)] 1640208K->98280K(2081280K), 0.0048161 secs] [Times: user=0.08 sys=0.00, real=0.01 secs] 
849.848: [GC (Allocation Failure) [PSYoungGen: 1548417K->6305K(1559552K)] 1640424K->98424K(2083840K), 0.0041002 secs] [Times: user=0.06 sys=0.00, real=0.00 secs] 
863.059: [GC (Allocation Failure) [PSYoungGen: 1551521K->5921K(1558528K)] 1643640K->98192K(2082816K), 0.0044871 secs] [Times: user=0.04 sys=0.00, real=0.00 secs] 
876.336: [GC (Allocation Failure) [PSYoungGen: 1551137K->6113K(1560576K)] 1643408K->98464K(2084864K), 0.0063572 secs] [Times: user=0.05 sys=0.00, real=0.01 secs] 
889.605: [GC (Allocation Failure) [PSYoungGen: 1553889K->5985K(1560064K)] 1646240K->98456K(2084352K), 0.0066510 secs] [Times: user=0.09 sys=0.00, real=0.01 secs] 
902.857: [GC (Allocation Failure) [PSYoungGen: 1553761K->6305K(1561088K)] 1646232K->98888K(2085376K), 0.0051337 secs] [Times: user=0.06 sys=0.01, real=0.00 secs] 
916.091: [GC (Allocation Failure) [PSYoungGen: 1555617K->6177K(1561088K)] 1648200K->98880K(2085376K), 0.0059254 secs] [Times: user=0.08 sys=0.01, real=0.01 secs] 
1018.071: [GC (Allocation Failure) [PSYoungGen: 1555489K->6063K(1562112K)] 1648192K->98823K(2086400K), 0.0116694 secs] [Times: user=0.25 sys=0.00, real=0.01 secs] 
1099.924: [GC (Allocation Failure) [PSYoungGen: 1556911K->5199K(1561600K)] 1649671K->99239K(2085888K), 0.0116851 secs] [Times: user=0.24 sys=0.00, real=0.01 secs] 
1149.665: [GC (Allocation Failure) [PSYoungGen: 1556047K->5199K(1562624K)] 1650087K->99519K(2086912K), 0.0107567 secs] [Times: user=0.22 sys=0.00, real=0.01 secs] 
1191.073: [GC (Allocation Failure) [PSYoungGen: 1557071K->5391K(1562112K)] 1651391K->99911K(2086400K), 0.0125342 secs] [Times: user=0.27 sys=0.00, real=0.01 secs] 
1223.911: [GC (Allocation Failure) [PSYoungGen: 1557263K->4960K(1563136K)] 1651783K->99959K(2087424K), 0.0099626 secs] [Times: user=0.21 sys=0.00, real=0.01 secs] 
1255.192: [GC (Allocation Failure) [PSYoungGen: 1557856K->4847K(1562624K)] 1652855K->99933K(2086912K), 0.0118083 secs] [Times: user=0.06 sys=0.01, real=0.01 secs] 
1281.526: [GC (Allocation Failure) [PSYoungGen: 1557743K->5216K(1563648K)] 1652829K->100885K(2087936K), 0.0103110 secs] [Times: user=0.23 sys=0.00, real=0.01 secs] 
1307.889: [GC (Allocation Failure) [PSYoungGen: 1559136K->5216K(1563136K)] 1654805K->100989K(2087424K), 0.0090421 secs] [Times: user=0.20 sys=0.01, real=0.01 secs] 
1330.814: [GC (Allocation Failure) [PSYoungGen: 1559136K->5615K(1564160K)] 1654909K->101484K(2088448K), 0.0091201 secs] [Times: user=0.19 sys=0.00, real=0.01 secs] 
1352.775: [GC (Allocation Failure) [PSYoungGen: 1560559K->4896K(1563648K)] 1656428K->101292K(2087936K), 0.0098421 secs] [Times: user=0.07 sys=0.01, real=0.01 secs] 
1374.799: [GC (Allocation Failure) [PSYoungGen: 1559840K->5472K(1564160K)] 1656236K->102028K(2088448K), 0.0076762 secs] [Times: user=0.13 sys=0.01, real=0.01 secs] 
1394.264: [GC (Allocation Failure) [PSYoungGen: 1560928K->5871K(1564160K)] 1657484K->102539K(2088448K), 0.0092709 secs] [Times: user=0.19 sys=0.00, real=0.01 secs] 
1413.183: [GC (Allocation Failure) [PSYoungGen: 1561327K->5056K(1564672K)] 1657995K->102339K(2088960K), 0.0088090 secs] [Times: user=0.17 sys=0.00, real=0.01 secs] 
1432.043: [GC (Allocation Failure) [PSYoungGen: 1561536K->5536K(1564672K)] 1658819K->102923K(2088960K), 0.0093952 secs] [Times: user=0.18 sys=0.00, real=0.01 secs] 
1449.956: [GC (Allocation Failure) [PSYoungGen: 1562016K->5647K(1565184K)] 1659403K->103097K(2089472K), 0.0075098 secs] [Times: user=0.13 sys=0.01, real=0.01 secs] 
1466.534: [GC (Allocation Failure) [PSYoungGen: 1562639K->5280K(1564672K)] 1660089K->103385K(2088960K), 0.0090483 secs] [Times: user=0.15 sys=0.00, real=0.01 secs] 
1483.129: [GC (Allocation Failure) [PSYoungGen: 1562272K->5377K(1565184K)] 1660377K->103569K(2089472K), 0.0087320 secs] [Times: user=0.20 sys=0.00, real=0.01 secs] 
1499.700: [GC (Allocation Failure) [PSYoungGen: 1562881K->5153K(1565184K)] 1661073K->103441K(2089472K), 0.0065608 secs] [Times: user=0.12 sys=0.00, real=0.01 secs] 
1515.450: [GC (Allocation Failure) [PSYoungGen: 1562657K->6159K(1564672K)] 1660945K->104496K(2088960K), 0.0056467 secs] [Times: user=0.08 sys=0.00, real=0.00 secs] 
1530.171: [GC (Allocation Failure) [PSYoungGen: 1563663K->5665K(1565184K)] 1662000K->104792K(2089472K), 0.0092141 secs] [Times: user=0.20 sys=0.00, real=0.01 secs] 
1544.952: [GC (Allocation Failure) [PSYoungGen: 1563169K->5473K(1565696K)] 1662296K->104712K(2089984K), 0.0088431 secs] [Times: user=0.16 sys=0.00, real=0.01 secs] 
1559.820: [GC (Allocation Failure) [PSYoungGen: 1564001K->5601K(1565696K)] 1663240K->104896K(2089984K), 0.0058327 secs] [Times: user=0.09 sys=0.00, real=0.01 secs] 
1574.472: [GC (Allocation Failure) [PSYoungGen: 1564129K->6159K(1565696K)] 1663424K->105606K(2089984K), 0.0091829 secs] [Times: user=0.18 sys=0.00, real=0.01 secs] 
1587.791: [GC (Allocation Failure) [PSYoungGen: 1564687K->5601K(1565696K)] 1664134K->105870K(2089984K), 0.0072708 secs] [Times: user=0.18 sys=0.00, real=0.01 secs] 
1601.079: [GC (Allocation Failure) [PSYoungGen: 1564129K->5569K(1565696K)] 1664398K->105918K(2089984K), 0.0060766 secs] [Times: user=0.09 sys=0.01, real=0.00 secs] 
1614.395: [GC (Allocation Failure) [PSYoungGen: 1564097K->4993K(1565696K)] 1664446K->105422K(2089984K), 0.0107645 secs] [Times: user=0.15 sys=0.00, real=0.01 secs] 
1627.710: [GC (Allocation Failure) [PSYoungGen: 1563521K->5569K(1566208K)] 1663950K->106094K(2090496K), 0.0077350 secs] [Times: user=0.18 sys=0.00, real=0.01 secs] 
1640.883: [GC (Allocation Failure) [PSYoungGen: 1564609K->6255K(1565696K)] 1665134K->106933K(2089984K), 0.0094486 secs] [Times: user=0.19 sys=0.00, real=0.01 secs] 
1653.012: [GC (Allocation Failure) [PSYoungGen: 1565295K->5377K(1565696K)] 1665973K->106789K(2089984K), 0.0476160 secs] [Times: user=0.47 sys=0.00, real=0.05 secs] 
1665.160: [GC (Allocation Failure) [PSYoungGen: 1563905K->5345K(1565696K)] 1665317K->106805K(2089984K), 0.0065657 secs] [Times: user=0.06 sys=0.00, real=0.00 secs] 
1677.281: [GC (Allocation Failure) [PSYoungGen: 1563873K->5537K(1566208K)] 1665333K->107157K(2090496K), 0.0065840 secs] [Times: user=0.14 sys=0.01, real=0.00 secs] 
1689.389: [GC (Allocation Failure) [PSYoungGen: 1565089K->5569K(1566208K)] 1666709K->107221K(2090496K), 0.0079940 secs] [Times: user=0.14 sys=0.00, real=0.01 secs] 
1701.500: [GC (Allocation Failure) [PSYoungGen: 1565121K->5729K(1566208K)] 1666773K->107549K(2090496K), 0.0069264 secs] [Times: user=0.16 sys=0.00, real=0.01 secs] 
1712.960: [GC (Allocation Failure) [PSYoungGen: 1565281K->6319K(1566208K)] 1667101K->108251K(2090496K), 0.0067422 secs] [Times: user=0.16 sys=0.00, real=0.01 secs] 
1724.103: [GC (Allocation Failure) [PSYoungGen: 1565871K->5409K(1566208K)] 1667803K->108283K(2090496K), 0.0066300 secs] [Times: user=0.16 sys=0.00, real=0.01 secs] 
1735.241: [GC (Allocation Failure) [PSYoungGen: 1564961K->5633K(1566208K)] 1667835K->108611K(2090496K), 0.0066905 secs] [Times: user=0.14 sys=0.00, real=0.00 secs] 
1746.402: [GC (Allocation Failure) [PSYoungGen: 1565185K->5697K(1566208K)] 1668163K->108779K(2090496K), 0.0075122 secs] [Times: user=0.09 sys=0.00, real=0.00 secs] 
1757.507: [GC (Allocation Failure) [PSYoungGen: 1565249K->5633K(1566208K)] 1668331K->108835K(2090496K), 0.0077923 secs] [Times: user=0.14 sys=0.01, real=0.01 secs] 
1768.647: [GC (Allocation Failure) [PSYoungGen: 1565185K->5697K(1566208K)] 1668387K->109043K(2090496K), 0.0075434 secs] [Times: user=0.16 sys=0.00, real=0.01 secs] 
1779.080: [GC (Allocation Failure) [PSYoungGen: 1565249K->6319K(1566208K)] 1668595K->109770K(2090496K), 0.0070034 secs] [Times: user=0.16 sys=0.00, real=0.01 secs] 
1789.339: [GC (Allocation Failure) [PSYoungGen: 1565871K->5665K(1566208K)] 1669322K->110058K(2090496K), 0.0063732 secs] [Times: user=0.13 sys=0.00, real=0.00 secs] 
1799.598: [GC (Allocation Failure) [PSYoungGen: 1565217K->5633K(1566208K)] 1669610K->110250K(2090496K), 0.0067756 secs] [Times: user=0.14 sys=0.01, real=0.01 secs] 
1809.850: [GC (Allocation Failure) [PSYoungGen: 1565185K->5729K(1566208K)] 1669802K->110434K(2090496K), 0.0065552 secs] [Times: user=0.15 sys=0.00, real=0.01 secs] 
1820.150: [GC (Allocation Failure) [PSYoungGen: 1565281K->5665K(1566208K)] 1669986K->110418K(2090496K), 0.0053824 secs] [Times: user=0.07 sys=0.00, real=0.01 secs] 
1830.426: [GC (Allocation Failure) [PSYoungGen: 1565217K->5697K(1566208K)] 1669970K->110602K(2090496K), 0.0085659 secs] [Times: user=0.17 sys=0.00, real=0.01 secs] 
1840.568: [GC (Allocation Failure) [PSYoungGen: 1565249K->6415K(1566208K)] 1670154K->111425K(2090496K), 0.0086717 secs] [Times: user=0.18 sys=0.01, real=0.01 secs] 
1850.669: [GC (Allocation Failure) [PSYoungGen: 1565967K->5601K(1566208K)] 1670977K->111505K(2090496K), 0.0066753 secs] [Times: user=0.07 sys=0.01, real=0.00 secs] 
1860.757: [GC (Allocation Failure) [PSYoungGen: 1565153K->5665K(1566208K)] 1671057K->111697K(2090496K), 0.0070177 secs] [Times: user=0.13 sys=0.00, real=0.01 secs] 
1870.893: [GC (Allocation Failure) [PSYoungGen: 1565217K->5569K(1566208K)] 1671249K->111681K(2090496K), 0.0082503 secs] [Times: user=0.10 sys=0.00, real=0.01 secs] 
1880.964: [GC (Allocation Failure) [PSYoungGen: 1565121K->5793K(1566208K)] 1671233K->112001K(2090496K), 0.0060391 secs] [Times: user=0.07 sys=0.01, real=0.00 secs] 
1891.046: [GC (Allocation Failure) [PSYoungGen: 1565345K->5857K(1566208K)] 1671553K->112233K(2090496K), 0.0082898 secs] [Times: user=0.11 sys=0.00, real=0.01 secs] 
1901.141: [GC (Allocation Failure) [PSYoungGen: 1565409K->6639K(1566208K)] 1671785K->113167K(2090496K), 0.0070015 secs] [Times: user=0.16 sys=0.01, real=0.01 secs] 
1911.236: [GC (Allocation Failure) [PSYoungGen: 1566191K->5889K(1566208K)] 1672719K->113495K(2090496K), 0.0084872 secs] [Times: user=0.19 sys=0.00, real=0.01 secs] 
1921.289: [GC (Allocation Failure) [PSYoungGen: 1565441K->5793K(1566208K)] 1673047K->113439K(2090496K), 0.0056257 secs] [Times: user=0.09 sys=0.00, real=0.00 secs] 
1931.347: [GC (Allocation Failure) [PSYoungGen: 1565345K->5985K(1566208K)] 1672991K->113735K(2090496K), 0.0084873 secs] [Times: user=0.18 sys=0.00, real=0.01 secs] 
1941.378: [GC (Allocation Failure) [PSYoungGen: 1565537K->5889K(1566208K)] 1673287K->113719K(2090496K), 0.0071046 secs] [Times: user=0.09 sys=0.00, real=0.01 secs] 
1951.431: [GC (Allocation Failure) [PSYoungGen: 1565441K->5985K(1566208K)] 1673271K->113911K(2090496K), 0.0068198 secs] [Times: user=0.15 sys=0.00, real=0.01 secs] 
1961.442: [GC (Allocation Failure) [PSYoungGen: 1565537K->6049K(1566208K)] 1673463K->114047K(2090496K), 0.0091861 secs] [Times: user=0.19 sys=0.01, real=0.01 secs] 
1971.459: [GC (Allocation Failure) [PSYoungGen: 1565601K->6575K(1566208K)] 1673599K->114638K(2090496K), 0.0057449 secs] [Times: user=0.09 sys=0.01, real=0.00 secs] 
1981.575: [GC (Allocation Failure) [PSYoungGen: 1566127K->5857K(1566208K)] 1674190K->114926K(2090496K), 0.0088782 secs] [Times: user=0.19 sys=0.01, real=0.01 secs] 
1991.709: [GC (Allocation Failure) [PSYoungGen: 1565409K->5793K(1566208K)] 1674478K->114886K(2090496K), 0.0062078 secs] [Times: user=0.06 sys=0.00, real=0.00 secs] 
2001.840: [GC (Allocation Failure) [PSYoungGen: 1565345K->5057K(1566208K)] 1674438K->114174K(2090496K), 0.0394645 secs] [Times: user=0.35 sys=0.00, real=0.04 secs] 
2011.922: [GC (Allocation Failure) [PSYoungGen: 1564579K->5889K(1566208K)] 1673697K->115182K(2090496K), 0.0072882 secs] [Times: user=0.17 sys=0.00, real=0.00 secs] 
2022.040: [GC (Allocation Failure) [PSYoungGen: 1565441K->5985K(1566208K)] 1674734K->115406K(2090496K), 0.0074253 secs] [Times: user=0.16 sys=0.00, real=0.01 secs] 
2032.140: [GC (Allocation Failure) [PSYoungGen: 1565537K->5921K(1566208K)] 1674958K->115510K(2090496K), 0.0067499 secs] [Times: user=0.15 sys=0.00, real=0.01 secs] 
2042.180: [GC (Allocation Failure) [PSYoungGen: 1565473K->5999K(1566208K)] 1675062K->115645K(2090496K), 0.0093114 secs] [Times: user=0.08 sys=0.00, real=0.01 secs] 
2052.213: [GC (Allocation Failure) [PSYoungGen: 1565551K->5889K(1566208K)] 1675197K->116565K(2090496K), 0.0062945 secs] [Times: user=0.13 sys=0.00, real=0.01 secs] 
2062.209: [GC (Allocation Failure) [PSYoungGen: 1565441K->5953K(1566208K)] 1676117K->116741K(2090496K), 0.0073528 secs] [Times: user=0.16 sys=0.01, real=0.01 secs] 
2072.247: [GC (Allocation Failure) [PSYoungGen: 1565505K->5761K(1566208K)] 1676293K->116581K(2090496K), 0.0071089 secs] [Times: user=0.08 sys=0.01, real=0.01 secs] 
2082.282: [GC (Allocation Failure) [PSYoungGen: 1565313K->5953K(1566208K)] 1676133K->116861K(2090496K), 0.0068111 secs] [Times: user=0.13 sys=0.00, real=0.00 secs] 
2092.320: [GC (Allocation Failure) [PSYoungGen: 1565505K->6017K(1566208K)] 1676413K->117093K(2090496K), 0.0073286 secs] [Times: user=0.16 sys=0.00, real=0.01 secs] 
2102.328: [GC (Allocation Failure) [PSYoungGen: 1565569K->5857K(1566208K)] 1676645K->117149K(2090496K), 0.0078404 secs] [Times: user=0.17 sys=0.00, real=0.01 secs] 
2112.324: [GC (Allocation Failure) [PSYoungGen: 1565409K->6639K(1566208K)] 1676701K->118003K(2090496K), 0.0095304 secs] [Times: user=0.21 sys=0.00, real=0.01 secs] 
2122.309: [GC (Allocation Failure) [PSYoungGen: 1566191K->5665K(1566208K)] 1677555K->117899K(2090496K), 0.0070461 secs] [Times: user=0.15 sys=0.00, real=0.00 secs] 
2132.300: [GC (Allocation Failure) [PSYoungGen: 1565217K->5793K(1566208K)] 1677451K->118251K(2090496K), 0.0078941 secs] [Times: user=0.15 sys=0.01, real=0.00 secs] 
2142.311: [GC (Allocation Failure) [PSYoungGen: 1565345K->4897K(1566208K)] 1677803K->117411K(2090496K), 0.0213809 secs] [Times: user=0.27 sys=0.00, real=0.03 secs] 
2152.292: [GC (Allocation Failure) [PSYoungGen: 1564449K->5857K(1566208K)] 1676963K->118515K(2090496K), 0.0065050 secs] [Times: user=0.10 sys=0.00, real=0.01 secs] 
2162.320: [GC (Allocation Failure) [PSYoungGen: 1565409K->4801K(1564672K)] 1678067K->117491K(2088960K), 0.0187436 secs] [Times: user=0.15 sys=0.00, real=0.02 secs] 
2172.340: [GC (Allocation Failure) [PSYoungGen: 1564353K->5985K(1565696K)] 1677043K->118851K(2089984K), 0.0066974 secs] [Times: user=0.14 sys=0.00, real=0.01 secs] 
2182.328: [GC (Allocation Failure) [PSYoungGen: 1564513K->5647K(1565696K)] 1677379K->118570K(2089984K), 0.0215364 secs] [Times: user=0.15 sys=0.00, real=0.02 secs] 
2192.368: [GC (Allocation Failure) [PSYoungGen: 1564175K->5857K(1566208K)] 1677098K->119802K(2090496K), 0.0090068 secs] [Times: user=0.17 sys=0.01, real=0.01 secs] 
2202.366: [GC (Allocation Failure) [PSYoungGen: 1565409K->5409K(1566208K)] 1679354K->119386K(2090496K), 0.0335204 secs] [Times: user=0.36 sys=0.01, real=0.03 secs] 
2212.408: [GC (Allocation Failure) [PSYoungGen: 1564961K->4865K(1566208K)] 1678938K->118866K(2090496K), 0.0716257 secs] [Times: user=0.31 sys=0.00, real=0.07 secs] 
2222.440: [GC (Allocation Failure) [PSYoungGen: 1564417K->5473K(1566208K)] 1678418K->119682K(2090496K), 0.0060085 secs] [Times: user=0.07 sys=0.00, real=0.01 secs] 
2232.455: [GC (Allocation Failure) [PSYoungGen: 1565025K->5953K(1566208K)] 1679234K->120242K(2090496K), 0.0090265 secs] [Times: user=0.17 sys=0.00, real=0.01 secs] 
2242.398: [GC (Allocation Failure) [PSYoungGen: 1565505K->5967K(1566208K)] 1679794K->120424K(2090496K), 0.0108140 secs] [Times: user=0.07 sys=0.01, real=0.01 secs] 
2252.397: [GC (Allocation Failure) [PSYoungGen: 1565519K->5921K(1566208K)] 1679976K->121320K(2090496K), 0.0088075 secs] [Times: user=0.19 sys=0.01, real=0.01 secs] 
2262.366: [GC (Allocation Failure) [PSYoungGen: 1565473K->5921K(1566208K)] 1680872K->121432K(2090496K), 0.0086069 secs] [Times: user=0.18 sys=0.00, real=0.01 secs] 
2272.319: [GC (Allocation Failure) [PSYoungGen: 1565473K->5793K(1566208K)] 1680984K->121336K(2090496K), 0.0073859 secs] [Times: user=0.16 sys=0.01, real=0.01 secs] 
2282.313: [GC (Allocation Failure) [PSYoungGen: 1565345K->6017K(1566208K)] 1680888K->121624K(2090496K), 0.0074528 secs] [Times: user=0.15 sys=0.00, real=0.00 secs] 
2292.279: [GC (Allocation Failure) [PSYoungGen: 1565569K->5921K(1566208K)] 1681176K->121720K(2090496K), 0.0086975 secs] [Times: user=0.20 sys=0.00, real=0.01 secs] 
2302.207: [GC (Allocation Failure) [PSYoungGen: 1565473K->6049K(1566208K)] 1681272K->121952K(2090496K), 0.0073152 secs] [Times: user=0.12 sys=0.00, real=0.00 secs] 
2312.158: [GC (Allocation Failure) [PSYoungGen: 1565601K->5871K(1566208K)] 1681504K->121855K(2090496K), 0.0220642 secs] [Times: user=0.23 sys=0.01, real=0.02 secs] 
2322.175: [GC (Allocation Failure) [PSYoungGen: 1565423K->5857K(1566208K)] 1681407K->122847K(2090496K), 0.0073773 secs] [Times: user=0.13 sys=0.02, real=0.01 secs] 
2332.138: [GC (Allocation Failure) [PSYoungGen: 1565409K->5921K(1566208K)] 1682399K->122999K(2090496K), 0.0080337 secs] [Times: user=0.14 sys=0.01, real=0.01 secs] 
2342.120: [GC (Allocation Failure) [PSYoungGen: 1565473K->5857K(1566208K)] 1682551K->123087K(2090496K), 0.0070134 secs] [Times: user=0.17 sys=0.00, real=0.01 secs] 
2352.113: [GC (Allocation Failure) [PSYoungGen: 1565409K->5889K(1566208K)] 1682639K->123143K(2090496K), 0.0065657 secs] [Times: user=0.12 sys=0.00, real=0.01 secs] 
2362.064: [GC (Allocation Failure) [PSYoungGen: 1565441K->5985K(1566208K)] 1682695K->123359K(2090496K), 0.0080641 secs] [Times: user=0.17 sys=0.01, real=0.01 secs] 
2371.998: [GC (Allocation Failure) [PSYoungGen: 1565537K->6639K(1566208K)] 1682911K->124094K(2090496K), 0.0062473 secs] [Times: user=0.11 sys=0.00, real=0.00 secs] 
2381.949: [GC (Allocation Failure) [PSYoungGen: 1566191K->5985K(1566208K)] 1683646K->124390K(2090496K), 0.0070987 secs] [Times: user=0.17 sys=0.00, real=0.00 secs] 
2391.889: [GC (Allocation Failure) [PSYoungGen: 1565537K->5825K(1566208K)] 1683942K->124390K(2090496K), 0.0071091 secs] [Times: user=0.14 sys=0.00, real=0.01 secs] 
2401.861: [GC (Allocation Failure) [PSYoungGen: 1565377K->5217K(1566208K)] 1683942K->123870K(2090496K), 0.0111684 secs] [Times: user=0.10 sys=0.00, real=0.01 secs] 
2411.849: [GC (Allocation Failure) [PSYoungGen: 1564769K->5985K(1566208K)] 1683422K->124710K(2090496K), 0.0071726 secs] [Times: user=0.15 sys=0.00, real=0.01 secs] 
2421.836: [GC (Allocation Failure) [PSYoungGen: 1565537K->5793K(1566208K)] 1684262K->124566K(2090496K), 0.0065806 secs] [Times: user=0.08 sys=0.00, real=0.00 secs] 
2431.819: [GC (Allocation Failure) [PSYoungGen: 1565345K->5953K(1566208K)] 1684118K->124910K(2090496K), 0.0075643 secs] [Times: user=0.15 sys=0.01, real=0.01 secs] 
2441.757: [GC (Allocation Failure) [PSYoungGen: 1565505K->6639K(1566208K)] 1684462K->125732K(2090496K), 0.0078949 secs] [Times: user=0.13 sys=0.00, real=0.00 secs] 
2451.636: [GC (Allocation Failure) [PSYoungGen: 1566191K->5793K(1566208K)] 1685284K->125980K(2090496K), 0.0075933 secs] [Times: user=0.19 sys=0.00, real=0.01 secs] 
2461.589: [GC (Allocation Failure) [PSYoungGen: 1565345K->5985K(1566208K)] 1685532K->126244K(2090496K), 0.0080262 secs] [Times: user=0.15 sys=0.00, real=0.01 secs] 
2471.467: [GC (Allocation Failure) [PSYoungGen: 1565537K->5953K(1566208K)] 1685796K->126340K(2090496K), 0.0074582 secs] [Times: user=0.15 sys=0.00, real=0.01 secs] 
2481.423: [GC (Allocation Failure) [PSYoungGen: 1565505K->5953K(1566208K)] 1685892K->126420K(2090496K), 0.0057408 secs] [Times: user=0.06 sys=0.00, real=0.00 secs] 
2491.355: [GC (Allocation Failure) [PSYoungGen: 1565505K->5601K(1566208K)] 1685972K->126220K(2090496K), 0.0065581 secs] [Times: user=0.13 sys=0.00, real=0.00 secs] 
2501.245: [GC (Allocation Failure) [PSYoungGen: 1565153K->6113K(1566208K)] 1685772K->126796K(2090496K), 0.0093274 secs] [Times: user=0.15 sys=0.01, real=0.01 secs] 
2511.138: [GC (Allocation Failure) [PSYoungGen: 1565665K->6543K(1565184K)] 1686348K->127419K(2089472K), 0.0084472 secs] [Times: user=0.16 sys=0.01, real=0.00 secs] 
2520.989: [GC (Allocation Failure) [PSYoungGen: 1565071K->5857K(1565696K)] 1685947K->127691K(2089984K), 0.0067350 secs] [Times: user=0.16 sys=0.00, real=0.00 secs] 
2530.926: [GC (Allocation Failure) [PSYoungGen: 1564385K->5889K(1566208K)] 1686219K->127779K(2090496K), 0.0077124 secs] [Times: user=0.11 sys=0.00, real=0.01 secs] 
2540.840: [GC (Allocation Failure) [PSYoungGen: 1565441K->4609K(1564672K)] 1687331K->126587K(2088960K), 0.0243360 secs] [Times: user=0.15 sys=0.00, real=0.03 secs] 
2550.743: [GC (Allocation Failure) [PSYoungGen: 1564161K->5985K(1565696K)] 1686139K->128075K(2089984K), 0.0073875 secs] [Times: user=0.16 sys=0.00, real=0.01 secs] 
2560.637: [GC (Allocation Failure) [PSYoungGen: 1564513K->5953K(1565696K)] 1686603K->128123K(2089984K), 0.0088114 secs] [Times: user=0.20 sys=0.00, real=0.01 secs] 
2570.558: [GC (Allocation Failure) [PSYoungGen: 1564481K->5921K(1566208K)] 1686651K->128227K(2090496K), 0.0078662 secs] [Times: user=0.13 sys=0.00, real=0.00 secs] 
2580.451: [GC (Allocation Failure) [PSYoungGen: 1564961K->6639K(1565696K)] 1687267K->128978K(2089984K), 0.0090184 secs] [Times: user=0.16 sys=0.01, real=0.01 secs] 
2590.345: [GC (Allocation Failure) [PSYoungGen: 1565679K->5153K(1565696K)] 1688018K->128362K(2089984K), 0.0133672 secs] [Times: user=0.09 sys=0.00, real=0.01 secs] 
2600.241: [GC (Allocation Failure) [PSYoungGen: 1563681K->5985K(1565696K)] 1686890K->129266K(2089984K), 0.0058181 secs] [Times: user=0.12 sys=0.00, real=0.00 secs] 
2610.144: [GC (Allocation Failure) [PSYoungGen: 1564513K->5985K(1565696K)] 1687794K->129386K(2089984K), 0.0074291 secs] [Times: user=0.17 sys=0.00, real=0.00 secs] 
2620.064: [GC (Allocation Failure) [PSYoungGen: 1564513K->5889K(1565696K)] 1687914K->129386K(2089984K), 0.0093372 secs] [Times: user=0.20 sys=0.01, real=0.00 secs] 
2629.920: [GC (Allocation Failure) [PSYoungGen: 1564417K->5665K(1566208K)] 1687914K->129186K(2090496K), 0.0069946 secs] [Times: user=0.14 sys=0.00, real=0.01 secs] 
2639.842: [GC (Allocation Failure) [PSYoungGen: 1564705K->6049K(1565696K)] 1688226K->129618K(2089984K), 0.0072850 secs] [Times: user=0.17 sys=0.00, real=0.01 secs] 
2649.780: [GC (Allocation Failure) [PSYoungGen: 1565089K->4865K(1565184K)] 1688658K->128530K(2089472K), 0.0633804 secs] [Times: user=0.80 sys=0.00, real=0.06 secs] 
2659.642: [GC (Allocation Failure) [PSYoungGen: 1563393K->5647K(1565696K)] 1687058K->129328K(2089984K), 0.0472590 secs] [Times: user=0.38 sys=0.01, real=0.04 secs] 
2669.564: [GC (Allocation Failure) [PSYoungGen: 1564175K->5761K(1566208K)] 1687856K->130416K(2090496K), 0.0093484 secs] [Times: user=0.17 sys=0.00, real=0.01 secs] 
2679.387: [GC (Allocation Failure) [PSYoungGen: 1565313K->6017K(1566208K)] 1689968K->130736K(2090496K), 0.0075273 secs] [Times: user=0.16 sys=0.01, real=0.01 secs] 
2689.278: [GC (Allocation Failure) [PSYoungGen: 1565569K->5953K(1566208K)] 1690288K->130744K(2090496K), 0.0074489 secs] [Times: user=0.16 sys=0.00, real=0.01 secs] 
2699.191: [GC (Allocation Failure) [PSYoungGen: 1565505K->4545K(1564160K)] 1690296K->129424K(2088448K), 0.0584772 secs] [Times: user=0.71 sys=0.01, real=0.06 secs] 
2709.167: [GC (Allocation Failure) [PSYoungGen: 1564097K->4897K(1565696K)] 1688976K->129792K(2089984K), 0.0528415 secs] [Times: user=0.35 sys=0.00, real=0.06 secs] 
2718.941: [GC (Allocation Failure) [PSYoungGen: 1563425K->6145K(1565696K)] 1688320K->131112K(2089984K), 0.0087002 secs] [Times: user=0.14 sys=0.01, real=0.01 secs] 
2728.824: [GC (Allocation Failure) [PSYoungGen: 1564621K->6177K(1565696K)] 1689589K->131400K(2089984K), 0.0077054 secs] [Times: user=0.14 sys=0.00, real=0.01 secs] 
2738.611: [GC (Allocation Failure) [PSYoungGen: 1564705K->5935K(1565696K)] 1689928K->131199K(2089984K), 0.0153373 secs] [Times: user=0.10 sys=0.00, real=0.02 secs] 
2748.454: [GC (Allocation Failure) [PSYoungGen: 1564463K->6305K(1565696K)] 1689727K->132551K(2089984K), 0.0088381 secs] [Times: user=0.15 sys=0.00, real=0.00 secs] 
2758.308: [GC (Allocation Failure) [PSYoungGen: 1564833K->6177K(1565696K)] 1691079K->132535K(2089984K), 0.0070815 secs] [Times: user=0.15 sys=0.01, real=0.01 secs] 
2768.125: [GC (Allocation Failure) [PSYoungGen: 1564705K->5537K(1565696K)] 1691063K->131911K(2089984K), 0.0251272 secs] [Times: user=0.30 sys=0.00, real=0.03 secs] 
2777.974: [GC (Allocation Failure) [PSYoungGen: 1564065K->5025K(1565696K)] 1690439K->131487K(2089984K), 0.0123180 secs] [Times: user=0.05 sys=0.00, real=0.01 secs] 
2787.863: [GC (Allocation Failure) [PSYoungGen: 1563553K->6433K(1565696K)] 1690015K->133023K(2089984K), 0.0079701 secs] [Times: user=0.16 sys=0.01, real=0.01 secs] 
2797.699: [GC (Allocation Failure) [PSYoungGen: 1564961K->5697K(1565696K)] 1691551K->132375K(2089984K), 0.0401564 secs] [Times: user=0.46 sys=0.01, real=0.04 secs] 
2807.490: [GC (Allocation Failure) [PSYoungGen: 1564225K->6863K(1564672K)] 1690903K->133669K(2088960K), 0.0063817 secs] [Times: user=0.13 sys=0.01, real=0.01 secs] 
2817.337: [GC (Allocation Failure) [PSYoungGen: 1564367K->6113K(1565184K)] 1691173K->133949K(2089472K), 0.0073053 secs] [Times: user=0.13 sys=0.01, real=0.01 secs] 
2827.131: [GC (Allocation Failure) [PSYoungGen: 1563617K->5473K(1565696K)] 1691453K->133365K(2089984K), 0.0091485 secs] [Times: user=0.08 sys=0.00, real=0.01 secs] 
2837.010: [GC (Allocation Failure) [PSYoungGen: 1563489K->5441K(1565184K)] 1691381K->133381K(2089472K), 0.0083156 secs] [Times: user=0.14 sys=0.00, real=0.01 secs] 
2846.849: [GC (Allocation Failure) [PSYoungGen: 1563457K->6177K(1565696K)] 1691397K->134341K(2089984K), 0.0069422 secs] [Times: user=0.15 sys=0.00, real=0.00 secs] 
2856.695: [GC (Allocation Failure) [PSYoungGen: 1564705K->5569K(1565696K)] 1692869K->133765K(2089984K), 0.0084055 secs] [Times: user=0.08 sys=0.00, real=0.01 secs] 
2866.555: [GC (Allocation Failure) [PSYoungGen: 1564097K->6401K(1565696K)] 1692293K->134622K(2089984K), 0.0076922 secs] [Times: user=0.16 sys=0.01, real=0.01 secs] 
2876.332: [GC (Allocation Failure) [PSYoungGen: 1564929K->6991K(1565696K)] 1693150K->135348K(2089984K), 0.0068112 secs] [Times: user=0.13 sys=0.01, real=0.01 secs] 
2886.199: [GC (Allocation Failure) [PSYoungGen: 1565519K->6273K(1564672K)] 1693876K->135708K(2088960K), 0.0074749 secs] [Times: user=0.14 sys=0.03, real=0.01 secs] 
2896.016: [GC (Allocation Failure) [PSYoungGen: 1563777K->6337K(1565184K)] 1693212K->135868K(2089472K), 0.0087804 secs] [Times: user=0.16 sys=0.00, real=0.00 secs] 
2905.790: [GC (Allocation Failure) [PSYoungGen: 1563841K->5217K(1565184K)] 1693372K->134836K(2089472K), 0.0203767 secs] [Times: user=0.21 sys=0.00, real=0.02 secs] 
2915.608: [GC (Allocation Failure) [PSYoungGen: 1562721K->6241K(1565184K)] 1692340K->135876K(2089472K), 0.0067260 secs] [Times: user=0.10 sys=0.00, real=0.01 secs] 
2925.438: [GC (Allocation Failure) [PSYoungGen: 1563745K->6465K(1565184K)] 1693380K->136188K(2089472K), 0.0083385 secs] [Times: user=0.17 sys=0.00, real=0.01 secs] 
2935.226: [GC (Allocation Failure) [PSYoungGen: 1563969K->6305K(1565184K)] 1693692K->136172K(2089472K), 0.0064676 secs] [Times: user=0.14 sys=0.00, real=0.01 secs] 
2945.028: [GC (Allocation Failure) [PSYoungGen: 1563809K->6433K(1565184K)] 1693676K->136468K(2089472K), 0.0088033 secs] [Times: user=0.18 sys=0.00, real=0.01 secs] 
2954.767: [GC (Allocation Failure) [PSYoungGen: 1563937K->6383K(1565184K)] 1693972K->136467K(2089472K), 0.0216525 secs] [Times: user=0.24 sys=0.00, real=0.02 secs] 
2964.560: [GC (Allocation Failure) [PSYoungGen: 1563887K->6401K(1565184K)] 1693971K->137507K(2089472K), 0.0053523 secs] [Times: user=0.06 sys=0.01, real=0.00 secs] 
2974.329: [GC (Allocation Failure) [PSYoungGen: 1563905K->6401K(1565184K)] 1695011K->137683K(2089472K), 0.0064615 secs] [Times: user=0.12 sys=0.00, real=0.00 secs] 
2984.109: [GC (Allocation Failure) [PSYoungGen: 1563905K->6369K(1565184K)] 1695187K->137699K(2089472K), 0.0074728 secs] [Times: user=0.15 sys=0.00, real=0.01 secs] 
2993.892: [GC (Allocation Failure) [PSYoungGen: 1563873K->6177K(1565184K)] 1695203K->137611K(2089472K), 0.0078250 secs] [Times: user=0.18 sys=0.01, real=0.00 secs] 
3003.658: [GC (Allocation Failure) [PSYoungGen: 1563681K->5409K(1564672K)] 1695115K->136939K(2088960K), 0.0097634 secs] [Times: user=0.06 sys=0.00, real=0.01 secs] 
3013.464: [GC (Allocation Failure) [PSYoungGen: 1562913K->6465K(1565184K)] 1694443K->138043K(2089472K), 0.0068684 secs] [Times: user=0.14 sys=0.00, real=0.00 secs] 
3023.191: [GC (Allocation Failure) [PSYoungGen: 1563969K->6927K(1565184K)] 1695547K->138537K(2089472K), 0.0090101 secs] [Times: user=0.15 sys=0.00, real=0.01 secs] 
3032.984: [GC (Allocation Failure) [PSYoungGen: 1564431K->6241K(1565184K)] 1696041K->138849K(2089472K), 0.0093132 secs] [Times: user=0.20 sys=0.00, real=0.01 secs] 
3042.787: [GC (Allocation Failure) [PSYoungGen: 1563745K->6305K(1565184K)] 1696353K->138961K(2089472K), 0.0071569 secs] [Times: user=0.15 sys=0.00, real=0.01 secs] 
3052.578: [GC (Allocation Failure) [PSYoungGen: 1563809K->5505K(1565184K)] 1696465K->138241K(2089472K), 0.0152380 secs] [Times: user=0.08 sys=0.00, real=0.02 secs] 
3062.377: [GC (Allocation Failure) [PSYoungGen: 1563009K->5921K(1565696K)] 1695745K->138705K(2089984K), 0.0076601 secs] [Times: user=0.13 sys=0.01, real=0.01 secs] 
3072.206: [GC (Allocation Failure) [PSYoungGen: 1563937K->5505K(1565184K)] 1696721K->138321K(2089472K), 0.0203563 secs] [Times: user=0.25 sys=0.00, real=0.02 secs] 
3082.006: [GC (Allocation Failure) [PSYoungGen: 1563521K->6369K(1565696K)] 1696337K->139281K(2089984K), 0.0080879 secs] [Times: user=0.18 sys=0.00, real=0.00 secs] 
3091.680: [GC (Allocation Failure) [PSYoungGen: 1564897K->6991K(1565696K)] 1697809K->139944K(2089984K), 0.0067243 secs] [Times: user=0.10 sys=0.00, real=0.01 secs] 
3101.454: [GC (Allocation Failure) [PSYoungGen: 1565519K->6305K(1564672K)] 1698472K->140152K(2088960K), 0.0076913 secs] [Times: user=0.13 sys=0.01, real=0.01 secs] 
3111.200: [GC (Allocation Failure) [PSYoungGen: 1563809K->6337K(1565184K)] 1697656K->140240K(2089472K), 0.0076618 secs] [Times: user=0.14 sys=0.01, real=0.00 secs] 
3120.971: [GC (Allocation Failure) [PSYoungGen: 1563841K->5633K(1565184K)] 1697744K->139552K(2089472K), 0.0145504 secs] [Times: user=0.07 sys=0.00, real=0.01 secs] 
3130.721: [GC (Allocation Failure) [PSYoungGen: 1563137K->6305K(1565184K)] 1697056K->140328K(2089472K), 0.0070448 secs] [Times: user=0.15 sys=0.00, real=0.01 secs] 
3140.529: [GC (Allocation Failure) [PSYoungGen: 1563809K->6241K(1565696K)] 1697832K->140296K(2089984K), 0.0394362 secs] [Times: user=0.29 sys=0.00, real=0.04 secs] 
3150.177: [GC (Allocation Failure) [PSYoungGen: 1564255K->6305K(1565184K)] 1698310K->140512K(2089472K), 0.0079347 secs] [Times: user=0.12 sys=0.00, real=0.01 secs] 
3159.934: [GC (Allocation Failure) [PSYoungGen: 1564321K->6959K(1564672K)] 1698528K->141263K(2088960K), 0.0085515 secs] [Times: user=0.10 sys=0.00, real=0.01 secs] 
3169.680: [GC (Allocation Failure) [PSYoungGen: 1564463K->6305K(1565184K)] 1698767K->141495K(2089472K), 0.0054838 secs] [Times: user=0.06 sys=0.00, real=0.00 secs] 
3179.545: [GC (Allocation Failure) [PSYoungGen: 1563809K->5441K(1565184K)] 1698999K->140655K(2089472K), 0.0219341 secs] [Times: user=0.20 sys=0.00, real=0.02 secs] 
3189.344: [GC (Allocation Failure) [PSYoungGen: 1562945K->6273K(1565184K)] 1698159K->141727K(2089472K), 0.0098897 secs] [Times: user=0.17 sys=0.00, real=0.01 secs] 
3199.127: [GC (Allocation Failure) [PSYoungGen: 1563777K->6305K(1565696K)] 1699231K->141871K(2089984K), 0.0083606 secs] [Times: user=0.14 sys=0.01, real=0.01 secs] 
3208.921: [GC (Allocation Failure) [PSYoungGen: 1564833K->5889K(1565696K)] 1700399K->141455K(2089984K), 0.0087413 secs] [Times: user=0.09 sys=0.00, real=0.01 secs] 
3218.749: [GC (Allocation Failure) [PSYoungGen: 1564417K->6081K(1565696K)] 1699983K->141879K(2089984K), 0.0077132 secs] [Times: user=0.16 sys=0.00, real=0.01 secs] 
3228.513: [GC (Allocation Failure) [PSYoungGen: 1564609K->7023K(1565696K)] 1700407K->142909K(2089984K), 0.0070505 secs] [Times: user=0.09 sys=0.01, real=0.01 secs] 
3238.274: [GC (Allocation Failure) [PSYoungGen: 1565551K->6305K(1565696K)] 1701437K->143109K(2089984K), 0.0072506 secs] [Times: user=0.16 sys=0.00, real=0.01 secs] 
3248.059: [GC (Allocation Failure) [PSYoungGen: 1564833K->5633K(1565696K)] 1701637K->142501K(2089984K), 0.0201584 secs] [Times: user=0.17 sys=0.00, real=0.02 secs] 
3257.854: [GC (Allocation Failure) [PSYoungGen: 1564161K->6369K(1565696K)] 1701029K->143301K(2089984K), 0.0069527 secs] [Times: user=0.15 sys=0.00, real=0.01 secs] 
3267.657: [GC (Allocation Failure) [PSYoungGen: 1564897K->6177K(1565696K)] 1701829K->143309K(2089984K), 0.0089898 secs] [Times: user=0.16 sys=0.01, real=0.01 secs] 
3277.474: [GC (Allocation Failure) [PSYoungGen: 1564705K->6177K(1565696K)] 1701837K->143429K(2089984K), 0.0072522 secs] [Times: user=0.14 sys=0.00, real=0.00 secs] 
3287.458: [GC (Allocation Failure) [PSYoungGen: 1564705K->5345K(1565696K)] 1701957K->142629K(2089984K), 0.0200829 secs] [Times: user=0.23 sys=0.00, real=0.02 secs] 
3297.251: [GC (Allocation Failure) [PSYoungGen: 1563873K->6305K(1565696K)] 1701157K->143717K(2089984K), 0.0061475 secs] [Times: user=0.13 sys=0.00, real=0.01 secs] 
3306.991: [GC (Allocation Failure) [PSYoungGen: 1564833K->6991K(1565696K)] 1702245K->144508K(2089984K), 0.0097904 secs] [Times: user=0.18 sys=0.00, real=0.01 secs] 
3316.766: [GC (Allocation Failure) [PSYoungGen: 1565519K->6305K(1564672K)] 1703036K->144740K(2088960K), 0.0079654 secs] [Times: user=0.16 sys=0.00, real=0.01 secs] 
3326.574: [GC (Allocation Failure) [PSYoungGen: 1563809K->6241K(1565184K)] 1702244K->144796K(2089472K), 0.0090172 secs] [Times: user=0.15 sys=0.00, real=0.01 secs] 
3336.356: [GC (Allocation Failure) [PSYoungGen: 1563745K->6305K(1565696K)] 1702300K->145012K(2089984K), 0.0067538 secs] [Times: user=0.15 sys=0.00, real=0.01 secs] 
3346.066: [GC (Allocation Failure) [PSYoungGen: 1564833K->6273K(1565696K)] 1703540K->145148K(2089984K), 0.0078249 secs] [Times: user=0.18 sys=0.00, real=0.01 secs] 
3355.809: [GC (Allocation Failure) [PSYoungGen: 1564801K->5217K(1565696K)] 1703676K->144132K(2089984K), 0.0133017 secs] [Times: user=0.07 sys=0.00, real=0.01 secs] 
3365.587: [GC (Allocation Failure) [PSYoungGen: 1563745K->6863K(1565696K)] 1702660K->145858K(2089984K), 0.0081582 secs] [Times: user=0.16 sys=0.00, real=0.01 secs] 
3375.296: [GC (Allocation Failure) [PSYoungGen: 1565391K->5569K(1564672K)] 1704386K->145410K(2088960K), 0.0127795 secs] [Times: user=0.09 sys=0.00, real=0.02 secs] 
3384.942: [GC (Allocation Failure) [PSYoungGen: 1563073K->6273K(1565184K)] 1702914K->146314K(2089472K), 0.0070456 secs] [Times: user=0.15 sys=0.00, real=0.00 secs] 
3394.737: [GC (Allocation Failure) [PSYoungGen: 1563777K->6209K(1565696K)] 1703818K->146298K(2089984K), 0.0087438 secs] [Times: user=0.16 sys=0.00, real=0.01 secs] 
3404.438: [GC (Allocation Failure) [PSYoungGen: 1564225K->6113K(1565184K)] 1704314K->146362K(2089472K), 0.0070623 secs] [Times: user=0.14 sys=0.00, real=0.01 secs] 
3414.168: [GC (Allocation Failure) [PSYoungGen: 1564129K->6209K(1565696K)] 1704378K->146530K(2089984K), 0.0077310 secs] [Times: user=0.16 sys=0.01, real=0.01 secs] 
3423.873: [GC (Allocation Failure) [PSYoungGen: 1564737K->6433K(1565696K)] 1705058K->146866K(2089984K), 0.0088247 secs] [Times: user=0.14 sys=0.01, real=0.01 secs] 
3433.534: [GC (Allocation Failure) [PSYoungGen: 1564961K->5889K(1565696K)] 1705394K->146506K(2089984K), 0.0351986 secs] [Times: user=0.39 sys=0.00, real=0.04 secs] 
3443.320: [GC (Allocation Failure) [PSYoungGen: 1564417K->6465K(1565696K)] 1705034K->147122K(2089984K), 0.0070534 secs] [Times: user=0.15 sys=0.00, real=0.00 secs] 
3452.974: [GC (Allocation Failure) [PSYoungGen: 1564993K->6511K(1565696K)] 1705650K->147249K(2089984K), 0.0163240 secs] [Times: user=0.17 sys=0.00, real=0.02 secs] 
3462.740: [GC (Allocation Failure) [PSYoungGen: 1565039K->6401K(1565696K)] 1705777K->148145K(2089984K), 0.0078445 secs] [Times: user=0.16 sys=0.02, real=0.01 secs] 
3472.480: [GC (Allocation Failure) [PSYoungGen: 1564929K->6401K(1565696K)] 1706673K->148201K(2089984K), 0.0071169 secs] [Times: user=0.15 sys=0.00, real=0.01 secs] 
3482.267: [GC (Allocation Failure) [PSYoungGen: 1564929K->6305K(1565696K)] 1706729K->148321K(2089984K), 0.0071337 secs] [Times: user=0.14 sys=0.00, real=0.00 secs] 
3492.036: [GC (Allocation Failure) [PSYoungGen: 1564833K->6369K(1565696K)] 1706849K->148433K(2089984K), 0.0075151 secs] [Times: user=0.18 sys=0.00, real=0.00 secs] 
3501.893: [GC (Allocation Failure) [PSYoungGen: 1564897K->6273K(1565696K)] 1706961K->148449K(2089984K), 0.0074622 secs] [Times: user=0.16 sys=0.00, real=0.01 secs] 
3511.669: [GC (Allocation Failure) [PSYoungGen: 1564801K->6337K(1565696K)] 1706977K->148665K(2089984K), 0.0067857 secs] [Times: user=0.15 sys=0.00, real=0.01 secs] 
3521.424: [GC (Allocation Failure) [PSYoungGen: 1564865K->6927K(1565696K)] 1707193K->149392K(2089984K), 0.0086474 secs] [Times: user=0.18 sys=0.00, real=0.01 secs] 
3531.081: [GC (Allocation Failure) [PSYoungGen: 1565455K->5313K(1565696K)] 1707920K->148576K(2089984K), 0.0140253 secs] [Times: user=0.14 sys=0.00, real=0.02 secs] 
3540.899: [GC (Allocation Failure) [PSYoungGen: 1563841K->6305K(1565696K)] 1707104K->149616K(2089984K), 0.0062409 secs] [Times: user=0.13 sys=0.00, real=0.01 secs] 
3550.524: [GC (Allocation Failure) [PSYoungGen: 1564833K->6241K(1565696K)] 1708144K->149832K(2089984K), 0.0090970 secs] [Times: user=0.14 sys=0.02, real=0.01 secs] 
3560.281: [GC (Allocation Failure) [PSYoungGen: 1564769K->5409K(1565696K)] 1708360K->149032K(2089984K), 0.0202394 secs] [Times: user=0.18 sys=0.00, real=0.02 secs] 
3569.980: [GC (Allocation Failure) [PSYoungGen: 1563937K->6305K(1565696K)] 1707560K->150112K(2089984K), 0.0071427 secs] [Times: user=0.14 sys=0.00, real=0.00 secs] 
3579.613: [GC (Allocation Failure) [PSYoungGen: 1564833K->6433K(1565696K)] 1708640K->150296K(2089984K), 0.0070530 secs] [Times: user=0.16 sys=0.00, real=0.01 secs] 
3589.305: [GC (Allocation Failure) [PSYoungGen: 1564961K->6305K(1565696K)] 1708824K->150248K(2089984K), 0.0055036 secs] [Times: user=0.06 sys=0.00, real=0.00 secs] 
3598.938: [GC (Allocation Failure) [PSYoungGen: 1564833K->5999K(1565696K)] 1708776K->149966K(2089984K), 0.0170165 secs] [Times: user=0.06 sys=0.00, real=0.02 secs] 
3608.617: [GC (Allocation Failure) [PSYoungGen: 1564527K->6177K(1565696K)] 1708494K->151030K(2089984K), 0.0082360 secs] [Times: user=0.10 sys=0.00, real=0.01 secs] 
3618.275: [GC (Allocation Failure) [PSYoungGen: 1564705K->6081K(1565696K)] 1709558K->151102K(2089984K), 0.0066893 secs] [Times: user=0.16 sys=0.01, real=0.00 secs] 
3628.075: [GC (Allocation Failure) [PSYoungGen: 1564609K->7151K(1565696K)] 1709630K->152325K(2089984K), 0.0124336 secs] [Times: user=0.35 sys=0.00, real=0.01 secs] 
3637.759: [GC (Allocation Failure) [PSYoungGen: 1565630K->6113K(1565696K)] 1710803K->152429K(2089984K), 0.0088810 secs] [Times: user=0.07 sys=0.01, real=0.00 secs] 
3647.402: [GC (Allocation Failure) [PSYoungGen: 1564641K->6337K(1565696K)] 1710957K->152653K(2089984K), 0.0077072 secs] [Times: user=0.15 sys=0.00, real=0.00 secs] 
3657.047: [GC (Allocation Failure) [PSYoungGen: 1564865K->6401K(1565696K)] 1711181K->152829K(2089984K), 0.0074814 secs] [Times: user=0.12 sys=0.00, real=0.01 secs] 
3666.819: [GC (Allocation Failure) [PSYoungGen: 1564929K->6465K(1565696K)] 1711357K->152949K(2089984K), 0.0072841 secs] [Times: user=0.16 sys=0.00, real=0.01 secs] 
3676.492: [GC (Allocation Failure) [PSYoungGen: 1564993K->6369K(1565696K)] 1711477K->152957K(2089984K), 0.0092316 secs] [Times: user=0.19 sys=0.00, real=0.01 secs] 
3686.221: [GC (Allocation Failure) [PSYoungGen: 1564897K->6401K(1565696K)] 1711485K->153117K(2089984K), 0.0090897 secs] [Times: user=0.19 sys=0.01, real=0.01 secs] 
3695.848: [GC (Allocation Failure) [PSYoungGen: 1564929K->7087K(1565696K)] 1711645K->153827K(2089984K), 0.0086158 secs] [Times: user=0.14 sys=0.00, real=0.00 secs] 
3705.498: [GC (Allocation Failure) [PSYoungGen: 1565615K->5889K(1565696K)] 1712355K->153523K(2089984K), 0.0078392 secs] [Times: user=0.09 sys=0.00, real=0.01 secs] 
3715.194: [GC (Allocation Failure) [PSYoungGen: 1564417K->6401K(1565696K)] 1712051K->154068K(2089984K), 0.0065237 secs] [Times: user=0.11 sys=0.01, real=0.01 secs] 
3724.863: [GC (Allocation Failure) [PSYoungGen: 1564929K->6401K(1565696K)] 1712596K->154148K(2089984K), 0.0084520 secs] [Times: user=0.17 sys=0.01, real=0.01 secs] 
3734.551: [GC (Allocation Failure) [PSYoungGen: 1564929K->6337K(1565696K)] 1712676K->154180K(2089984K), 0.0076873 secs] [Times: user=0.13 sys=0.01, real=0.01 secs] 
3744.288: [GC (Allocation Failure) [PSYoungGen: 1564865K->6433K(1565696K)] 1712708K->154308K(2089984K), 0.0080261 secs] [Times: user=0.15 sys=0.00, real=0.01 secs] 
3753.910: [GC (Allocation Failure) [PSYoungGen: 1564961K->6305K(1565696K)] 1712836K->154268K(2089984K), 0.0063183 secs] [Times: user=0.10 sys=0.00, real=0.01 secs] 
3763.540: [GC (Allocation Failure) [PSYoungGen: 1564833K->6831K(1565696K)] 1712796K->154890K(2089984K), 0.0068020 secs] [Times: user=0.15 sys=0.00, real=0.01 secs] 
3773.226: [GC (Allocation Failure) [PSYoungGen: 1565359K->6369K(1565696K)] 1713418K->155402K(2089984K), 0.0065751 secs] [Times: user=0.12 sys=0.01, real=0.01 secs] 
3782.894: [GC (Allocation Failure) [PSYoungGen: 1564897K->6401K(1565696K)] 1713930K->155602K(2089984K), 0.0073717 secs] [Times: user=0.16 sys=0.00, real=0.01 secs] 
3792.510: [GC (Allocation Failure) [PSYoungGen: 1564929K->6145K(1565696K)] 1714130K->155354K(2089984K), 0.0067546 secs] [Times: user=0.12 sys=0.00, real=0.01 secs] 
3802.198: [GC (Allocation Failure) [PSYoungGen: 1564673K->6145K(1565696K)] 1713882K->155426K(2089984K), 0.0152773 secs] [Times: user=0.19 sys=0.00, real=0.01 secs] 
3811.945: [GC (Allocation Failure) [PSYoungGen: 1564673K->6369K(1565696K)] 1713954K->155730K(2089984K), 0.0069254 secs] [Times: user=0.15 sys=0.00, real=0.01 secs] 
3821.576: [GC (Allocation Failure) [PSYoungGen: 1564897K->6497K(1565696K)] 1714258K->155978K(2089984K), 0.0076233 secs] [Times: user=0.14 sys=0.01, real=0.01 secs] 
3831.178: [GC (Allocation Failure) [PSYoungGen: 1565025K->6319K(1565696K)] 1714506K->155841K(2089984K), 0.0087679 secs] [Times: user=0.08 sys=0.01, real=0.01 secs] 
3840.916: [GC (Allocation Failure) [PSYoungGen: 1564847K->5665K(1565696K)] 1714369K->156065K(2089984K), 0.0234737 secs] [Times: user=0.22 sys=0.00, real=0.03 secs] 
3850.549: [GC (Allocation Failure) [PSYoungGen: 1564193K->5441K(1565696K)] 1714593K->155857K(2089984K), 0.0806075 secs] [Times: user=0.67 sys=0.00, real=0.08 secs] 
3860.137: [GC (Allocation Failure) [PSYoungGen: 1563969K->6337K(1565696K)] 1714385K->156849K(2089984K), 0.0073498 secs] [Times: user=0.15 sys=0.00, real=0.01 secs] 
3869.781: [GC (Allocation Failure) [PSYoungGen: 1564865K->5761K(1565696K)] 1715377K->156377K(2089984K), 0.0101358 secs] [Times: user=0.07 sys=0.00, real=0.01 secs] 
3879.446: [GC (Allocation Failure) [PSYoungGen: 1564289K->6241K(1565696K)] 1714905K->156921K(2089984K), 0.0087262 secs] [Times: user=0.12 sys=0.00, real=0.00 secs] 
3889.066: [GC (Allocation Failure) [PSYoungGen: 1564769K->5345K(1565696K)] 1715449K->156129K(2089984K), 0.0155517 secs] [Times: user=0.12 sys=0.00, real=0.02 secs] 
3898.680: [GC (Allocation Failure) [PSYoungGen: 1563873K->5953K(1565696K)] 1714657K->156777K(2089984K), 0.0066747 secs] [Times: user=0.07 sys=0.00, real=0.00 secs] 
3908.313: [GC (Allocation Failure) [PSYoungGen: 1564481K->7023K(1565696K)] 1715305K->158031K(2089984K), 0.0081526 secs] [Times: user=0.16 sys=0.01, real=0.01 secs] 
3917.957: [GC (Allocation Failure) [PSYoungGen: 1565551K->5249K(1564672K)] 1716559K->157055K(2088960K), 0.0319505 secs] [Times: user=0.19 sys=0.00, real=0.03 secs] 
3927.697: [GC (Allocation Failure) [PSYoungGen: 1562753K->6433K(1565184K)] 1714559K->158295K(2089472K), 0.0078174 secs] [Times: user=0.10 sys=0.00, real=0.01 secs] 
3937.370: [GC (Allocation Failure) [PSYoungGen: 1563937K->6273K(1565184K)] 1715799K->158231K(2089472K), 0.0084433 secs] [Times: user=0.14 sys=0.00, real=0.01 secs] 
3947.126: [GC (Allocation Failure) [PSYoungGen: 1563777K->5473K(1565184K)] 1715735K->157463K(2089472K), 0.0337967 secs] [Times: user=0.28 sys=0.00, real=0.03 secs] 
3956.779: [GC (Allocation Failure) [PSYoungGen: 1562977K->6625K(1565184K)] 1714967K->158743K(2089472K), 0.0069612 secs] [Times: user=0.16 sys=0.00, real=0.00 secs] 
3966.452: [GC (Allocation Failure) [PSYoungGen: 1564129K->6991K(1565184K)] 1716247K->159222K(2089472K), 0.0086691 secs] [Times: user=0.15 sys=0.00, real=0.01 secs] 
3976.020: [GC (Allocation Failure) [PSYoungGen: 1564495K->6561K(1565184K)] 1716726K->159702K(2089472K), 0.0085924 secs] [Times: user=0.18 sys=0.01, real=0.01 secs] 
3985.578: [GC (Allocation Failure) [PSYoungGen: 1564065K->6497K(1565184K)] 1717206K->159742K(2089472K), 0.0082278 secs] [Times: user=0.17 sys=0.00, real=0.01 secs] 
3995.109: [GC (Allocation Failure) [PSYoungGen: 1564001K->5761K(1565184K)] 1717246K->159086K(2089472K), 0.0298744 secs] [Times: user=0.11 sys=0.00, real=0.03 secs] 
4004.633: [GC (Allocation Failure) [PSYoungGen: 1563265K->6465K(1565184K)] 1716590K->159798K(2089472K), 0.0083489 secs] [Times: user=0.18 sys=0.00, real=0.01 secs] 
4014.225: [GC (Allocation Failure) [PSYoungGen: 1563969K->6049K(1565184K)] 1717302K->159478K(2089472K), 0.0145601 secs] [Times: user=0.12 sys=0.00, real=0.02 secs] 
4023.730: [GC (Allocation Failure) [PSYoungGen: 1563553K->6657K(1565184K)] 1716982K->160198K(2089472K), 0.0070818 secs] [Times: user=0.14 sys=0.00, real=0.01 secs] 
4033.264: [GC (Allocation Failure) [PSYoungGen: 1564161K->6561K(1565184K)] 1717702K->160318K(2089472K), 0.0108524 secs] [Times: user=0.17 sys=0.01, real=0.01 secs] 
4042.840: [GC (Allocation Failure) [PSYoungGen: 1564065K->7279K(1565184K)] 1717822K->161053K(2089472K), 0.0073031 secs] [Times: user=0.12 sys=0.00, real=0.00 secs] 
4052.506: [GC (Allocation Failure) [PSYoungGen: 1564783K->5729K(1565184K)] 1718557K->160285K(2089472K), 0.0138216 secs] [Times: user=0.06 sys=0.01, real=0.01 secs] 
4062.155: [GC (Allocation Failure) [PSYoungGen: 1563233K->6305K(1565184K)] 1717789K->160989K(2089472K), 0.0141602 secs] [Times: user=0.10 sys=0.00, real=0.01 secs] 
4071.748: [GC (Allocation Failure) [PSYoungGen: 1563809K->6625K(1565184K)] 1718493K->161389K(2089472K), 0.0082060 secs] [Times: user=0.16 sys=0.01, real=0.01 secs] 
4081.392: [GC (Allocation Failure) [PSYoungGen: 1564129K->6433K(1565184K)] 1718893K->161285K(2089472K), 0.0089419 secs] [Times: user=0.14 sys=0.00, real=0.01 secs] 
4090.979: [GC (Allocation Failure) [PSYoungGen: 1563937K->6401K(1565184K)] 1718789K->161341K(2089472K), 0.0078085 secs] [Times: user=0.13 sys=0.00, real=0.00 secs] 
4100.524: [GC (Allocation Failure) [PSYoungGen: 1563905K->7055K(1565184K)] 1718845K->162091K(2089472K), 0.0078675 secs] [Times: user=0.16 sys=0.00, real=0.01 secs] 
4110.123: [GC (Allocation Failure) [PSYoungGen: 1564559K->6625K(1565184K)] 1719595K->162675K(2089472K), 0.0092443 secs] [Times: user=0.15 sys=0.03, real=0.01 secs] 
4119.764: [GC (Allocation Failure) [PSYoungGen: 1564129K->5857K(1565184K)] 1720179K->161979K(2089472K), 0.0223619 secs] [Times: user=0.47 sys=0.00, real=0.02 secs] 
4129.375: [GC (Allocation Failure) [PSYoungGen: 1563361K->6209K(1565184K)] 1719483K->162339K(2089472K), 0.0075907 secs] [Times: user=0.15 sys=0.01, real=0.00 secs] 
4138.949: [GC (Allocation Failure) [PSYoungGen: 1563713K->6657K(1565184K)] 1719843K->162875K(2089472K), 0.0072276 secs] [Times: user=0.15 sys=0.00, real=0.01 secs] 
4148.503: [GC (Allocation Failure) [PSYoungGen: 1564161K->6337K(1565184K)] 1720379K->162683K(2089472K), 0.0077785 secs] [Times: user=0.15 sys=0.00, real=0.01 secs] 
4158.115: [GC (Allocation Failure) [PSYoungGen: 1563841K->6657K(1565184K)] 1720187K->163091K(2089472K), 0.0073123 secs] [Times: user=0.11 sys=0.00, real=0.01 secs] 
4167.731: [GC (Allocation Failure) [PSYoungGen: 1564161K->5441K(1565184K)] 1720595K->162011K(2089472K), 0.0187657 secs] [Times: user=0.14 sys=0.00, real=0.02 secs] 
4177.343: [GC (Allocation Failure) [PSYoungGen: 1562945K->6657K(1565184K)] 1719515K->163307K(2089472K), 0.0080748 secs] [Times: user=0.15 sys=0.00, real=0.01 secs] 
4186.820: [GC (Allocation Failure) [PSYoungGen: 1564161K->7119K(1565184K)] 1720811K->163850K(2089472K), 0.0091342 secs] [Times: user=0.11 sys=0.00, real=0.01 secs] 
4196.302: [GC (Allocation Failure) [PSYoungGen: 1564623K->5889K(1565184K)] 1721354K->163433K(2089472K), 0.0169805 secs] [Times: user=0.19 sys=0.00, real=0.02 secs] 
4205.959: [GC (Allocation Failure) [PSYoungGen: 1563393K->5505K(1565184K)] 1720937K->163057K(2089472K), 0.0356019 secs] [Times: user=0.19 sys=0.00, real=0.03 secs] 
4215.429: [GC (Allocation Failure) [PSYoungGen: 1563009K->6561K(1565184K)] 1720561K->164329K(2089472K), 0.0077786 secs] [Times: user=0.15 sys=0.00, real=0.01 secs] 
4224.927: [GC (Allocation Failure) [PSYoungGen: 1564065K->6593K(1565184K)] 1721833K->164529K(2089472K), 0.0070909 secs] [Times: user=0.17 sys=0.00, real=0.00 secs] 
4234.451: [GC (Allocation Failure) [PSYoungGen: 1564097K->6561K(1565184K)] 1722033K->164681K(2089472K), 0.0078704 secs] [Times: user=0.16 sys=0.01, real=0.01 secs] 
4243.992: [GC (Allocation Failure) [PSYoungGen: 1564065K->6433K(1565184K)] 1722185K->164657K(2089472K), 0.0083526 secs] [Times: user=0.13 sys=0.00, real=0.01 secs] 
4253.555: [GC (Allocation Failure) [PSYoungGen: 1563937K->6703K(1565184K)] 1722161K->164935K(2089472K), 0.0321079 secs] [Times: user=0.32 sys=0.00, real=0.03 secs] 
4263.034: [GC (Allocation Failure) [PSYoungGen: 1564207K->6177K(1565184K)] 1722439K->165319K(2089472K), 0.0134768 secs] [Times: user=0.13 sys=0.00, real=0.01 secs] 
4272.521: [GC (Allocation Failure) [PSYoungGen: 1563637K->5537K(1565184K)] 1722780K->164695K(2089472K), 0.0153116 secs] [Times: user=0.07 sys=0.00, real=0.02 secs] 
4282.024: [GC (Allocation Failure) [PSYoungGen: 1563041K->5473K(1565184K)] 1722199K->164751K(2089472K), 0.0433492 secs] [Times: user=0.38 sys=0.00, real=0.05 secs] 
4291.540: [GC (Allocation Failure) [PSYoungGen: 1562977K->6881K(1565184K)] 1722255K->166167K(2089472K), 0.0087017 secs] [Times: user=0.17 sys=0.01, real=0.01 secs] 
4301.100: [GC (Allocation Failure) [PSYoungGen: 1564385K->6849K(1565184K)] 1723671K->166239K(2089472K), 0.0067472 secs] [Times: user=0.12 sys=0.00, real=0.00 secs] 
4310.637: [GC (Allocation Failure) [PSYoungGen: 1564353K->6209K(1565184K)] 1723743K->165711K(2089472K), 0.0094009 secs] [Times: user=0.08 sys=0.00, real=0.01 secs] 
4320.116: [GC (Allocation Failure) [PSYoungGen: 1563713K->6881K(1565184K)] 1723215K->166479K(2089472K), 0.0088238 secs] [Times: user=0.14 sys=0.00, real=0.01 secs] 
4329.633: [GC (Allocation Failure) [PSYoungGen: 1564332K->6273K(1565184K)] 1723931K->165879K(2089472K), 0.0241163 secs] [Times: user=0.15 sys=0.00, real=0.03 secs] 
4339.198: [GC (Allocation Failure) [PSYoungGen: 1563777K->7151K(1564160K)] 1723383K->166902K(2088448K), 0.0131957 secs] [Times: user=0.12 sys=0.00, real=0.01 secs] 
4348.688: [GC (Allocation Failure) [PSYoungGen: 1563631K->5793K(1564672K)] 1723382K->166350K(2088960K), 0.0613457 secs] [Times: user=0.41 sys=0.00, real=0.06 secs] 
4358.282: [GC (Allocation Failure) [PSYoungGen: 1562273K->6625K(1565184K)] 1722830K->167302K(2089472K), 0.0131198 secs] [Times: user=0.17 sys=0.00, real=0.01 secs] 
4368.046: [GC (Allocation Failure) [PSYoungGen: 1564129K->6849K(1565184K)] 1724806K->167582K(2089472K), 0.0083999 secs] [Times: user=0.14 sys=0.00, real=0.01 secs] 
4377.659: [GC (Allocation Failure) [PSYoungGen: 1564353K->6145K(1565184K)] 1725086K->166918K(2089472K), 0.0206120 secs] [Times: user=0.20 sys=0.00, real=0.02 secs] 
4387.182: [GC (Allocation Failure) [PSYoungGen: 1563649K->6081K(1565184K)] 1724422K->167006K(2089472K), 0.0188773 secs] [Times: user=0.28 sys=0.00, real=0.02 secs] 
4396.748: [GC (Allocation Failure) [PSYoungGen: 1563585K->5921K(1565184K)] 1724510K->166894K(2089472K), 0.0154039 secs] [Times: user=0.09 sys=0.01, real=0.01 secs] 
4406.407: [GC (Allocation Failure) [PSYoungGen: 1563425K->6049K(1565184K)] 1724398K->167206K(2089472K), 0.0216005 secs] [Times: user=0.12 sys=0.01, real=0.02 secs] 
4415.986: [GC (Allocation Failure) [PSYoungGen: 1563553K->7119K(1565184K)] 1724710K->168301K(2089472K), 0.0135416 secs] [Times: user=0.11 sys=0.00, real=0.02 secs] 
4425.579: [GC (Allocation Failure) [PSYoungGen: 1564623K->6881K(1564672K)] 1725805K->169061K(2088960K), 0.0066656 secs] [Times: user=0.14 sys=0.00, real=0.00 secs] 
4435.130: [GC (Allocation Failure) [PSYoungGen: 1564385K->6401K(1565184K)] 1726565K->168725K(2089472K), 0.0076672 secs] [Times: user=0.12 sys=0.00, real=0.00 secs] 
4444.711: [GC (Allocation Failure) [PSYoungGen: 1563393K->5697K(1564672K)] 1725717K->168029K(2088960K), 0.0289642 secs] [Times: user=0.11 sys=0.00, real=0.03 secs] 
4454.329: [GC (Allocation Failure) [PSYoungGen: 1562689K->6369K(1565184K)] 1725021K->168733K(2089472K), 0.0104729 secs] [Times: user=0.06 sys=0.00, real=0.01 secs] 
4463.872: [GC (Allocation Failure) [PSYoungGen: 1563873K->6785K(1565184K)] 1726237K->169309K(2089472K), 0.0080480 secs] [Times: user=0.14 sys=0.00, real=0.01 secs] 
4473.493: [GC (Allocation Failure) [PSYoungGen: 1564289K->6561K(1565184K)] 1726813K->169149K(2089472K), 0.0077537 secs] [Times: user=0.12 sys=0.00, real=0.01 secs] 
4482.932: [GC (Allocation Failure) [PSYoungGen: 1564065K->6895K(1565184K)] 1726653K->169507K(2089472K), 0.0321983 secs] [Times: user=0.31 sys=0.00, real=0.03 secs] 
4492.497: [GC (Allocation Failure) [PSYoungGen: 1564399K->5697K(1565184K)] 1727011K->169171K(2089472K), 0.0520620 secs] [Times: user=0.35 sys=0.00, real=0.06 secs] 
4502.003: [GC (Allocation Failure) [PSYoungGen: 1563201K->6881K(1565184K)] 1726675K->170459K(2089472K), 0.0078522 secs] [Times: user=0.13 sys=0.01, real=0.01 secs] 
4511.534: [GC (Allocation Failure) [PSYoungGen: 1564385K->6849K(1565184K)] 1727963K->170563K(2089472K), 0.0080443 secs] [Times: user=0.15 sys=0.00, real=0.01 secs] 
4521.048: [GC (Allocation Failure) [PSYoungGen: 1564353K->6145K(1565184K)] 1728067K->169915K(2089472K), 0.0097456 secs] [Times: user=0.12 sys=0.00, real=0.01 secs] 
4530.588: [GC (Allocation Failure) [PSYoungGen: 1563649K->6145K(1565184K)] 1727419K->169979K(2089472K), 0.0603570 secs] [Times: user=0.51 sys=0.00, real=0.06 secs] 
4540.179: [GC (Allocation Failure) [PSYoungGen: 1563649K->6049K(1565184K)] 1727483K->169979K(2089472K), 0.0573084 secs] [Times: user=0.60 sys=0.00, real=0.06 secs] 
4549.646: [GC (Allocation Failure) [PSYoungGen: 1563553K->7663K(1564160K)] 1727483K->171642K(2088448K), 0.0077526 secs] [Times: user=0.13 sys=0.00, real=0.01 secs] 
4559.137: [GC (Allocation Failure) [PSYoungGen: 1564143K->6081K(1564672K)] 1728122K->170954K(2088960K), 0.0237449 secs] [Times: user=0.24 sys=0.01, real=0.03 secs] 
4568.680: [GC (Allocation Failure) [PSYoungGen: 1562561K->7009K(1564672K)] 1727434K->171914K(2088960K), 0.0076269 secs] [Times: user=0.12 sys=0.00, real=0.00 secs] 
4578.137: [GC (Allocation Failure) [PSYoungGen: 1563469K->6977K(1564672K)] 1728374K->171946K(2088960K), 0.0080798 secs] [Times: user=0.14 sys=0.00, real=0.01 secs] 
4587.597: [GC (Allocation Failure) [PSYoungGen: 1563457K->7009K(1564672K)] 1728426K->172042K(2088960K), 0.0077438 secs] [Times: user=0.12 sys=0.00, real=0.01 secs] 
4597.088: [GC (Allocation Failure) [PSYoungGen: 1563489K->6977K(1564672K)] 1728522K->172042K(2088960K), 0.0098705 secs] [Times: user=0.10 sys=0.00, real=0.01 secs] 
4606.595: [GC (Allocation Failure) [PSYoungGen: 1563457K->6241K(1564672K)] 1728522K->171386K(2088960K), 0.0155554 secs] [Times: user=0.13 sys=0.01, real=0.02 secs] 
4616.223: [GC (Allocation Failure) [PSYoungGen: 1562721K->7727K(1564672K)] 1727866K->172961K(2088960K), 0.0089317 secs] [Times: user=0.16 sys=0.00, real=0.01 secs] 
4625.765: [GC (Allocation Failure) [PSYoungGen: 1564207K->6209K(1564672K)] 1729441K->172233K(2088960K), 0.0213031 secs] [Times: user=0.17 sys=0.00, real=0.02 secs] 
4635.315: [GC (Allocation Failure) [PSYoungGen: 1562689K->6913K(1564672K)] 1728713K->173065K(2088960K), 0.0070744 secs] [Times: user=0.10 sys=0.00, real=0.01 secs] 
4644.919: [GC (Allocation Failure) [PSYoungGen: 1563393K->6753K(1564672K)] 1729545K->172961K(2088960K), 0.0166690 secs] [Times: user=0.38 sys=0.01, real=0.02 secs] 
4654.558: [GC (Allocation Failure) [PSYoungGen: 1563233K->6849K(1564672K)] 1729441K->173089K(2088960K), 0.0079357 secs] [Times: user=0.12 sys=0.01, real=0.01 secs] 
4664.203: [GC (Allocation Failure) [PSYoungGen: 1563329K->6817K(1564672K)] 1729569K->173153K(2088960K), 0.0077253 secs] [Times: user=0.09 sys=0.01, real=0.01 secs] 
4673.741: [GC (Allocation Failure) [PSYoungGen: 1563297K->6401K(1564672K)] 1729633K->172777K(2088960K), 0.0188789 secs] [Times: user=0.15 sys=0.00, real=0.02 secs] 
4683.319: [GC (Allocation Failure) [PSYoungGen: 1562881K->6881K(1564672K)] 1729257K->173489K(2088960K), 0.0068914 secs] [Times: user=0.13 sys=0.00, real=0.00 secs] 
4692.828: [GC (Allocation Failure) [PSYoungGen: 1563361K->7439K(1564672K)] 1729969K->174095K(2088960K), 0.0099740 secs] [Times: user=0.15 sys=0.00, real=0.01 secs] 
4702.327: [GC (Allocation Failure) [PSYoungGen: 1563919K->7041K(1564672K)] 1730575K->174559K(2088960K), 0.0064790 secs] [Times: user=0.13 sys=0.01, real=0.01 secs] 
4711.836: [GC (Allocation Failure) [PSYoungGen: 1563521K->6945K(1564672K)] 1731039K->174583K(2088960K), 0.0091697 secs] [Times: user=0.19 sys=0.00, real=0.01 secs] 
4721.454: [GC (Allocation Failure) [PSYoungGen: 1563425K->6977K(1564672K)] 1731063K->174703K(2088960K), 0.0076242 secs] [Times: user=0.16 sys=0.00, real=0.00 secs] 
4730.993: [GC (Allocation Failure) [PSYoungGen: 1563457K->5761K(1564672K)] 1731183K->173575K(2088960K), 0.0166847 secs] [Times: user=0.06 sys=0.01, real=0.02 secs] 
4740.533: [GC (Allocation Failure) [PSYoungGen: 1562241K->5857K(1564672K)] 1730055K->173695K(2088960K), 0.0944493 secs] [Times: user=0.46 sys=0.00, real=0.10 secs] 
4750.083: [GC (Allocation Failure) [PSYoungGen: 1562337K->6817K(1564672K)] 1730175K->174735K(2088960K), 0.0119608 secs] [Times: user=0.14 sys=0.00, real=0.01 secs] 
4759.617: [GC (Allocation Failure) [PSYoungGen: 1563297K->6913K(1564672K)] 1731215K->175023K(2088960K), 0.0087103 secs] [Times: user=0.17 sys=0.00, real=0.01 secs] 
4769.094: [GC (Allocation Failure) [PSYoungGen: 1563393K->7535K(1564672K)] 1731503K->175702K(2088960K), 0.0092692 secs] [Times: user=0.18 sys=0.00, real=0.01 secs] 
4778.614: [GC (Allocation Failure) [PSYoungGen: 1564015K->6913K(1564672K)] 1732182K->176054K(2088960K), 0.0080837 secs] [Times: user=0.16 sys=0.00, real=0.00 secs] 
4788.138: [GC (Allocation Failure) [PSYoungGen: 1563393K->6977K(1564672K)] 1732534K->176134K(2088960K), 0.0078631 secs] [Times: user=0.13 sys=0.00, real=0.01 secs] 
4797.575: [GC (Allocation Failure) [PSYoungGen: 1563457K->6977K(1564672K)] 1732614K->176182K(2088960K), 0.0067860 secs] [Times: user=0.10 sys=0.01, real=0.01 secs] 
4807.102: [GC (Allocation Failure) [PSYoungGen: 1563457K->6273K(1564672K)] 1732662K->175566K(2088960K), 0.0189780 secs] [Times: user=0.11 sys=0.00, real=0.02 secs] 
4816.452: [GC (Allocation Failure) [PSYoungGen: 1562753K->6721K(1564672K)] 1732046K->176062K(2088960K), 0.0074372 secs] [Times: user=0.13 sys=0.01, real=0.01 secs] 
4825.939: [GC (Allocation Failure) [PSYoungGen: 1563201K->6913K(1564672K)] 1732542K->176422K(2088960K), 0.0091482 secs] [Times: user=0.18 sys=0.00, real=0.01 secs] 
4835.483: [GC (Allocation Failure) [PSYoungGen: 1563393K->7311K(1564672K)] 1732902K->176860K(2088960K), 0.0086376 secs] [Times: user=0.09 sys=0.00, real=0.01 secs] 
4844.987: [GC (Allocation Failure) [PSYoungGen: 1563791K->6945K(1564672K)] 1733340K->177556K(2088960K), 0.0082437 secs] [Times: user=0.16 sys=0.00, real=0.01 secs] 
4854.429: [GC (Allocation Failure) [PSYoungGen: 1563425K->6401K(1564672K)] 1734036K->177036K(2088960K), 0.0089029 secs] [Times: user=0.08 sys=0.00, real=0.01 secs] 
4863.923: [GC (Allocation Failure) [PSYoungGen: 1562881K->6913K(1564672K)] 1733516K->177596K(2088960K), 0.0079855 secs] [Times: user=0.12 sys=0.01, real=0.01 secs] 
4873.621: [GC (Allocation Failure) [PSYoungGen: 1563393K->6881K(1565184K)] 1734076K->177644K(2089472K), 0.0097400 secs] [Times: user=0.22 sys=0.00, real=0.01 secs] 
4883.199: [GC (Allocation Failure) [PSYoungGen: 1563873K->7073K(1564672K)] 1734636K->177868K(2088960K), 0.0067465 secs] [Times: user=0.12 sys=0.01, real=0.00 secs] 
4892.694: [GC (Allocation Failure) [PSYoungGen: 1564065K->6369K(1565184K)] 1734860K->177292K(2089472K), 0.0088162 secs] [Times: user=0.09 sys=0.00, real=0.01 secs] 
4902.137: [GC (Allocation Failure) [PSYoungGen: 1563873K->7663K(1565184K)] 1734796K->178683K(2089472K), 0.0078215 secs] [Times: user=0.16 sys=0.01, real=0.01 secs] 
4911.650: [GC (Allocation Failure) [PSYoungGen: 1565167K->6529K(1564160K)] 1736187K->178531K(2088448K), 0.0084780 secs] [Times: user=0.11 sys=0.00, real=0.01 secs] 
4921.092: [GC (Allocation Failure) [PSYoungGen: 1563009K->6241K(1564672K)] 1735011K->178267K(2088960K), 0.0373311 secs] [Times: user=0.36 sys=0.00, real=0.04 secs] 
4930.562: [GC (Allocation Failure) [PSYoungGen: 1562721K->7073K(1564672K)] 1734747K->179115K(2088960K), 0.0078987 secs] [Times: user=0.11 sys=0.00, real=0.01 secs] 
4940.043: [GC (Allocation Failure) [PSYoungGen: 1563553K->6305K(1564672K)] 1735595K->178491K(2088960K), 0.0089790 secs] [Times: user=0.08 sys=0.00, real=0.01 secs] 
4949.581: [GC (Allocation Failure) [PSYoungGen: 1562785K->6081K(1564672K)] 1734971K->178275K(2088960K), 0.0187638 secs] [Times: user=0.26 sys=0.00, real=0.02 secs] 
4958.989: [GC (Allocation Failure) [PSYoungGen: 1562561K->6753K(1564672K)] 1734755K->179035K(2088960K), 0.0081922 secs] [Times: user=0.15 sys=0.00, real=0.01 secs] 
4968.526: [GC (Allocation Failure) [PSYoungGen: 1563233K->6863K(1564672K)] 1735515K->179162K(2088960K), 0.0278051 secs] [Times: user=0.26 sys=0.01, real=0.03 secs] 
4977.861: [GC (Allocation Failure) [PSYoungGen: 1563343K->6081K(1564672K)] 1735642K->179250K(2088960K), 0.0121702 secs] [Times: user=0.08 sys=0.00, real=0.02 secs] 
4987.390: [GC (Allocation Failure) [PSYoungGen: 1562561K->5857K(1564672K)] 1735730K->179026K(2088960K), 0.0999477 secs] [Times: user=0.55 sys=0.00, real=0.10 secs] 
4996.828: [GC (Allocation Failure) [PSYoungGen: 1562337K->6945K(1564672K)] 1735506K->180242K(2088960K), 0.0064872 secs] [Times: user=0.10 sys=0.01, real=0.00 secs] 
5006.413: [GC (Allocation Failure) [PSYoungGen: 1563425K->6177K(1564672K)] 1736722K->179490K(2088960K), 0.0517813 secs] [Times: user=0.42 sys=0.00, real=0.05 secs] 
5015.785: [GC (Allocation Failure) [PSYoungGen: 1562657K->6049K(1564672K)] 1735970K->179386K(2088960K), 0.0167535 secs] [Times: user=0.13 sys=0.00, real=0.02 secs] 
5025.300: [GC (Allocation Failure) [PSYoungGen: 1562529K->6913K(1564672K)] 1735866K->180338K(2088960K), 0.0067845 secs] [Times: user=0.12 sys=0.01, real=0.00 secs] 
5034.747: [GC (Allocation Failure) [PSYoungGen: 1563393K->6529K(1564672K)] 1736818K->180066K(2088960K), 0.0234201 secs] [Times: user=0.23 sys=0.00, real=0.02 secs] 
5044.465: [GC (Allocation Failure) [PSYoungGen: 1563009K->7535K(1564160K)] 1736546K->181096K(2088448K), 0.0092757 secs] [Times: user=0.09 sys=0.00, real=0.01 secs] 
5053.736: [GC (Allocation Failure) [PSYoungGen: 1564015K->5857K(1564672K)] 1737576K->180288K(2088960K), 0.0472192 secs] [Times: user=0.44 sys=0.00, real=0.05 secs] 
5063.186: [GC (Allocation Failure) [PSYoungGen: 1562337K->6913K(1564672K)] 1736768K->181392K(2088960K), 0.0253038 secs] [Times: user=0.19 sys=0.00, real=0.02 secs] 
5072.701: [GC (Allocation Failure) [PSYoungGen: 1563393K->6145K(1564672K)] 1737872K->180728K(2088960K), 0.0358773 secs] [Times: user=0.25 sys=0.00, real=0.04 secs] 
5082.158: [GC (Allocation Failure) [PSYoungGen: 1562625K->7105K(1564672K)] 1737208K->181712K(2088960K), 0.0073738 secs] [Times: user=0.12 sys=0.01, real=0.00 secs] 
5091.701: [GC (Allocation Failure) [PSYoungGen: 1563585K->7169K(1564672K)] 1738192K->181848K(2088960K), 0.0079949 secs] [Times: user=0.14 sys=0.00, real=0.00 secs] 
5101.200: [GC (Allocation Failure) [PSYoungGen: 1563649K->6881K(1564672K)] 1738328K->181656K(2088960K), 0.0077456 secs] [Times: user=0.11 sys=0.01, real=0.01 secs] 
5110.673: [GC (Allocation Failure) [PSYoungGen: 1563361K->7823K(1564672K)] 1738136K->182655K(2088960K), 0.0080515 secs] [Times: user=0.13 sys=0.00, real=0.00 secs] 
5120.053: [GC (Allocation Failure) [PSYoungGen: 1564303K->7041K(1564672K)] 1739135K->182871K(2088960K), 0.0084911 secs] [Times: user=0.14 sys=0.00, real=0.01 secs] 
5129.353: [GC (Allocation Failure) [PSYoungGen: 1563521K->7009K(1564672K)] 1739351K->182887K(2088960K), 0.0091024 secs] [Times: user=0.14 sys=0.01, real=0.01 secs] 
5138.780: [GC (Allocation Failure) [PSYoungGen: 1563489K->6849K(1564672K)] 1739367K->182927K(2088960K), 0.0078587 secs] [Times: user=0.16 sys=0.00, real=0.01 secs] 
5148.362: [GC (Allocation Failure) [PSYoungGen: 1563294K->6497K(1564672K)] 1739373K->182575K(2088960K), 0.0129867 secs] [Times: user=0.07 sys=0.01, real=0.01 secs] 
5157.657: [GC (Allocation Failure) [PSYoungGen: 1562977K->6977K(1564672K)] 1739055K->183127K(2088960K), 0.0074885 secs] [Times: user=0.11 sys=0.00, real=0.01 secs] 
5167.020: [GC (Allocation Failure) [PSYoungGen: 1563457K->5985K(1564672K)] 1739607K->182215K(2088960K), 0.0180658 secs] [Times: user=0.12 sys=0.01, real=0.02 secs] 
5176.350: [GC (Allocation Failure) [PSYoungGen: 1562465K->7311K(1564672K)] 1738695K->183598K(2088960K), 0.0265938 secs] [Times: user=0.52 sys=0.00, real=0.03 secs] 
5186.023: [GC (Allocation Failure) [PSYoungGen: 1563791K->6945K(1564672K)] 1740078K->184142K(2088960K), 0.0081626 secs] [Times: user=0.13 sys=0.00, real=0.01 secs] 
5195.672: [GC (Allocation Failure) [PSYoungGen: 1563425K->7169K(1564672K)] 1740622K->184382K(2088960K), 0.0062653 secs] [Times: user=0.08 sys=0.00, real=0.01 secs] 
5205.314: [GC (Allocation Failure) [PSYoungGen: 1563649K->6977K(1564672K)] 1740862K->184214K(2088960K), 0.0099819 secs] [Times: user=0.08 sys=0.00, real=0.01 secs] 
5215.016: [GC (Allocation Failure) [PSYoungGen: 1563457K->6817K(1564672K)] 1740694K->184134K(2088960K), 0.0095210 secs] [Times: user=0.10 sys=0.00, real=0.01 secs] 
5224.539: [GC (Allocation Failure) [PSYoungGen: 1563297K->6881K(1564672K)] 1740614K->184238K(2088960K), 0.0066982 secs] [Times: user=0.10 sys=0.00, real=0.01 secs] 
5233.998: [GC (Allocation Failure) [PSYoungGen: 1563361K->7009K(1564672K)] 1740718K->184494K(2088960K), 0.0076671 secs] [Times: user=0.14 sys=0.01, real=0.01 secs] 
5243.468: [GC (Allocation Failure) [PSYoungGen: 1563489K->6945K(1564672K)] 1740974K->184558K(2088960K), 0.0092337 secs] [Times: user=0.07 sys=0.00, real=0.01 secs] 
5252.816: [GC (Allocation Failure) [PSYoungGen: 1563425K->7023K(1565184K)] 1741038K->184660K(2089472K), 0.0435374 secs] [Times: user=0.33 sys=0.00, real=0.04 secs] 
5262.131: [GC (Allocation Failure) [PSYoungGen: 1564527K->7105K(1565184K)] 1742164K->185732K(2089472K), 0.0082473 secs] [Times: user=0.13 sys=0.00, real=0.01 secs] 
5271.506: [GC (Allocation Failure) [PSYoungGen: 1564609K->6657K(1565184K)] 1743236K->185308K(2089472K), 0.0173107 secs] [Times: user=0.23 sys=0.00, real=0.02 secs] 
5280.997: [GC (Allocation Failure) [PSYoungGen: 1564161K->6881K(1565184K)] 1742812K->185644K(2089472K), 0.0087189 secs] [Times: user=0.10 sys=0.00, real=0.01 secs] 
5290.194: [GC (Allocation Failure) [PSYoungGen: 1564385K->7137K(1565184K)] 1743148K->185948K(2089472K), 0.0066792 secs] [Times: user=0.11 sys=0.00, real=0.01 secs] 
5299.655: [GC (Allocation Failure) [PSYoungGen: 1564591K->6721K(1565184K)] 1743402K->185572K(2089472K), 0.0091019 secs] [Times: user=0.12 sys=0.00, real=0.01 secs] 
5309.173: [GC (Allocation Failure) [PSYoungGen: 1564225K->7073K(1565184K)] 1743076K->186012K(2089472K), 0.0080290 secs] [Times: user=0.15 sys=0.00, real=0.00 secs] 
5318.758: [GC (Allocation Failure) [PSYoungGen: 1564577K->7599K(1565184K)] 1743516K->186539K(2089472K), 0.0130126 secs] [Times: user=0.16 sys=0.00, real=0.01 secs] 
5328.281: [GC (Allocation Failure) [PSYoungGen: 1565103K->6081K(1564160K)] 1744043K->185883K(2088448K), 0.0599658 secs] [Times: user=0.54 sys=0.01, real=0.06 secs] 
5337.500: [GC (Allocation Failure) [PSYoungGen: 1562561K->5953K(1564672K)] 1742363K->185787K(2088960K), 0.0284540 secs] [Times: user=0.11 sys=0.01, real=0.03 secs] 
5346.816: [GC (Allocation Failure) [PSYoungGen: 1562433K->6945K(1564672K)] 1742267K->186851K(2088960K), 0.0114439 secs] [Times: user=0.13 sys=0.00, real=0.01 secs] 
5356.292: [GC (Allocation Failure) [PSYoungGen: 1563425K->7201K(1564672K)] 1743331K->187123K(2088960K), 0.0076892 secs] [Times: user=0.08 sys=0.00, real=0.01 secs] 
5365.664: [GC (Allocation Failure) [PSYoungGen: 1563681K->7041K(1564672K)] 1743603K->186971K(2088960K), 0.0062772 secs] [Times: user=0.08 sys=0.00, real=0.00 secs] 
5375.133: [GC (Allocation Failure) [PSYoungGen: 1563521K->6497K(1564672K)] 1743451K->186507K(2088960K), 0.0273879 secs] [Times: user=0.21 sys=0.01, real=0.02 secs] 
5384.313: [GC (Allocation Failure) [PSYoungGen: 1562977K->6625K(1564672K)] 1742987K->186667K(2088960K), 0.0267963 secs] [Times: user=0.31 sys=0.00, real=0.03 secs] 
5393.622: [GC (Allocation Failure) [PSYoungGen: 1563105K->6817K(1564672K)] 1743147K->187011K(2088960K), 0.0131482 secs] [Times: user=0.08 sys=0.00, real=0.01 secs] 
5403.080: [GC (Allocation Failure) [PSYoungGen: 1563297K->7023K(1565184K)] 1743491K->187265K(2089472K), 0.0275527 secs] [Times: user=0.14 sys=0.01, real=0.03 secs] 
5412.490: [GC (Allocation Failure) [PSYoungGen: 1564527K->6881K(1565184K)] 1744769K->188073K(2089472K), 0.0113794 secs] [Times: user=0.14 sys=0.00, real=0.01 secs] 
5421.884: [GC (Allocation Failure) [PSYoungGen: 1564385K->6273K(1565184K)] 1745577K->187497K(2089472K), 0.0115471 secs] [Times: user=0.09 sys=0.01, real=0.01 secs] 
5431.113: [GC (Allocation Failure) [PSYoungGen: 1563777K->6945K(1565184K)] 1745001K->188305K(2089472K), 0.0090650 secs] [Times: user=0.13 sys=0.00, real=0.01 secs] 
5440.500: [GC (Allocation Failure) [PSYoungGen: 1564449K->6817K(1565184K)] 1745809K->188193K(2089472K), 0.0105441 secs] [Times: user=0.07 sys=0.00, real=0.01 secs] 
5449.985: [GC (Allocation Failure) [PSYoungGen: 1564321K->7201K(1565184K)] 1745697K->188641K(2089472K), 0.0078052 secs] [Times: user=0.13 sys=0.00, real=0.00 secs] 
5459.329: [GC (Allocation Failure) [PSYoungGen: 1564705K->6913K(1565184K)] 1746145K->188481K(2089472K), 0.0088622 secs] [Times: user=0.11 sys=0.00, real=0.01 secs] 
5468.581: [GC (Allocation Failure) [PSYoungGen: 1564417K->7119K(1565184K)] 1745985K->188720K(2089472K), 0.0698741 secs] [Times: user=0.66 sys=0.00, real=0.07 secs] 
5478.127: [GC (Allocation Failure) [PSYoungGen: 1564623K->6593K(1565184K)] 1746224K->189064K(2089472K), 0.0517843 secs] [Times: user=0.26 sys=0.01, real=0.06 secs] 
5487.790: [GC (Allocation Failure) [PSYoungGen: 1564036K->7425K(1565184K)] 1746508K->189976K(2089472K), 0.0109338 secs] [Times: user=0.13 sys=0.00, real=0.01 secs] 
5497.250: [GC (Allocation Failure) [PSYoungGen: 1564929K->6625K(1565184K)] 1747480K->189208K(2089472K), 0.0309659 secs] [Times: user=0.37 sys=0.01, real=0.03 secs] 
5506.927: [GC (Allocation Failure) [PSYoungGen: 1564129K->6977K(1565184K)] 1746712K->189720K(2089472K), 0.0103927 secs] [Times: user=0.11 sys=0.00, real=0.01 secs] 
5516.378: [GC (Allocation Failure) [PSYoungGen: 1564481K->7649K(1564160K)] 1747224K->190584K(2088448K), 0.0084426 secs] [Times: user=0.16 sys=0.00, real=0.01 secs] 
5525.976: [GC (Allocation Failure) [PSYoungGen: 1564129K->7681K(1564672K)] 1747064K->190704K(2088960K), 0.0083856 secs] [Times: user=0.14 sys=0.00, real=0.00 secs] 
5535.417: [GC (Allocation Failure) [PSYoungGen: 1564161K->7329K(1564672K)] 1747184K->190552K(2088960K), 0.0075564 secs] [Times: user=0.10 sys=0.00, real=0.01 secs] 
5544.799: [GC (Allocation Failure) [PSYoungGen: 1563809K->7952K(1564672K)] 1747032K->191231K(2088960K), 0.0124223 secs] [Times: user=0.08 sys=0.00, real=0.01 secs] 
5554.317: [GC (Allocation Failure) [PSYoungGen: 1564432K->7137K(1564672K)] 1747711K->191311K(2088960K), 0.0105574 secs] [Times: user=0.10 sys=0.00, real=0.01 secs] 
5563.641: [GC (Allocation Failure) [PSYoungGen: 1563617K->7617K(1564160K)] 1747791K->191935K(2088448K), 0.0105051 secs] [Times: user=0.16 sys=0.00, real=0.02 secs] 
5573.016: [GC (Allocation Failure) [PSYoungGen: 1564097K->6721K(1564160K)] 1748415K->191087K(2088448K), 0.0155586 secs] [Times: user=0.06 sys=0.01, real=0.01 secs] 
5582.495: [GC (Allocation Failure) [PSYoungGen: 1562177K->7521K(1564160K)] 1746543K->192031K(2088448K), 0.0083912 secs] [Times: user=0.16 sys=0.00, real=0.00 secs] 
5591.875: [GC (Allocation Failure) [PSYoungGen: 1562977K->6977K(1564672K)] 1747487K->191535K(2088960K), 0.0357999 secs] [Times: user=0.36 sys=0.00, real=0.04 secs] 
5601.374: [GC (Allocation Failure) [PSYoungGen: 1562945K->6657K(1564160K)] 1747503K->191247K(2088448K), 0.0722522 secs] [Times: user=0.24 sys=0.00, real=0.07 secs] 
5610.713: [GC (Allocation Failure) [PSYoungGen: 1562625K->7425K(1564672K)] 1747215K->192263K(2088960K), 0.0072278 secs] [Times: user=0.12 sys=0.00, real=0.01 secs] 
5620.221: [GC (Allocation Failure) [PSYoungGen: 1563905K->8176K(1564672K)] 1748743K->193101K(2088960K), 0.0083991 secs] [Times: user=0.16 sys=0.00, real=0.00 secs] 
5629.833: [GC (Allocation Failure) [PSYoungGen: 1564656K->7041K(1563648K)] 1749581K->192837K(2087936K), 0.0126822 secs] [Times: user=0.12 sys=0.00, real=0.01 secs] 
5639.252: [GC (Allocation Failure) [PSYoungGen: 1562497K->7489K(1564160K)] 1748293K->193429K(2088448K), 0.0100648 secs] [Times: user=0.09 sys=0.01, real=0.01 secs] 
5648.795: [GC (Allocation Failure) [PSYoungGen: 1562945K->6785K(1564160K)] 1748885K->192757K(2088448K), 0.0329746 secs] [Times: user=0.28 sys=0.00, real=0.03 secs] 
5658.240: [GC (Allocation Failure) [PSYoungGen: 1562241K->6529K(1564160K)] 1748213K->192589K(2088448K), 0.0593899 secs] [Times: user=0.41 sys=0.00, real=0.06 secs] 
5667.656: [GC (Allocation Failure) [PSYoungGen: 1561985K->6817K(1564160K)] 1748045K->192909K(2088448K), 0.0145524 secs] [Times: user=0.09 sys=0.00, real=0.02 secs] 
5677.116: [GC (Allocation Failure) [PSYoungGen: 1562273K->6657K(1564160K)] 1748365K->192758K(2088448K), 0.0338765 secs] [Times: user=0.14 sys=0.00, real=0.04 secs] 
5686.511: [GC (Allocation Failure) [PSYoungGen: 1562113K->8112K(1564160K)] 1748214K->194284K(2088448K), 0.0088563 secs] [Times: user=0.12 sys=0.00, real=0.00 secs] 
5696.123: [GC (Allocation Failure) [PSYoungGen: 1563568K->6817K(1564160K)] 1749740K->193860K(2088448K), 0.0561938 secs] [Times: user=0.47 sys=0.01, real=0.05 secs] 
5705.424: [GC (Allocation Failure) [PSYoungGen: 1562273K->7681K(1564160K)] 1749316K->194788K(2088448K), 0.0080312 secs] [Times: user=0.14 sys=0.01, real=0.00 secs] 
5714.771: [GC (Allocation Failure) [PSYoungGen: 1563137K->7585K(1564160K)] 1750244K->194868K(2088448K), 0.0088281 secs] [Times: user=0.12 sys=0.00, real=0.01 secs] 
5724.024: [GC (Allocation Failure) [PSYoungGen: 1563041K->7009K(1564160K)] 1750324K->194324K(2088448K), 0.0235006 secs] [Times: user=0.44 sys=0.01, real=0.03 secs] 
5733.570: [GC (Allocation Failure) [PSYoungGen: 1562465K->6945K(1564160K)] 1749780K->194292K(2088448K), 0.0358539 secs] [Times: user=0.33 sys=0.00, real=0.03 secs] 
5742.844: [GC (Allocation Failure) [PSYoungGen: 1562401K->7137K(1564160K)] 1749748K->194612K(2088448K), 0.0089196 secs] [Times: user=0.09 sys=0.00, real=0.01 secs] 
5752.279: [GC (Allocation Failure) [PSYoungGen: 1562593K->8432K(1564160K)] 1750068K->195931K(2088448K), 0.0070261 secs] [Times: user=0.09 sys=0.00, real=0.01 secs] 
5761.881: [GC (Allocation Failure) [PSYoungGen: 1563888K->7009K(1564160K)] 1751387K->195331K(2088448K), 0.0270443 secs] [Times: user=0.16 sys=0.00, real=0.03 secs] 
5771.163: [GC (Allocation Failure) [PSYoungGen: 1562465K->7585K(1564160K)] 1750787K->196091K(2088448K), 0.0086634 secs] [Times: user=0.12 sys=0.01, real=0.00 secs] 
5780.745: [GC (Allocation Failure) [PSYoungGen: 1563041K->7681K(1564160K)] 1751547K->196235K(2088448K), 0.0078850 secs] [Times: user=0.13 sys=0.00, real=0.00 secs] 
5790.222: [GC (Allocation Failure) [PSYoungGen: 1563137K->6625K(1564160K)] 1751691K->195275K(2088448K), 0.0230810 secs] [Times: user=0.20 sys=0.00, real=0.02 secs] 
5799.597: [GC (Allocation Failure) [PSYoungGen: 1562081K->6497K(1564160K)] 1750731K->195163K(2088448K), 0.0263476 secs] [Times: user=0.13 sys=0.00, real=0.02 secs] 
5809.199: [GC (Allocation Failure) [PSYoungGen: 1561953K->7169K(1564160K)] 1750619K->195867K(2088448K), 0.0138210 secs] [Times: user=0.08 sys=0.00, real=0.01 secs] 
5818.687: [GC (Allocation Failure) [PSYoungGen: 1562625K->7504K(1564160K)] 1751323K->196313K(2088448K), 0.0431796 secs] [Times: user=0.30 sys=0.00, real=0.04 secs] 
5828.001: [GC (Allocation Failure) [PSYoungGen: 1562960K->7393K(1564160K)] 1751769K->197121K(2088448K), 0.0091280 secs] [Times: user=0.09 sys=0.00, real=0.01 secs] 
5837.676: [GC (Allocation Failure) [PSYoungGen: 1562849K->7681K(1564160K)] 1752577K->197409K(2088448K), 0.0068443 secs] [Times: user=0.12 sys=0.00, real=0.00 secs] 
5847.430: [GC (Allocation Failure) [PSYoungGen: 1563137K->6657K(1564160K)] 1752865K->196465K(2088448K), 0.0297929 secs] [Times: user=0.17 sys=0.00, real=0.03 secs] 
5856.984: [GC (Allocation Failure) [PSYoungGen: 1562095K->7617K(1564160K)] 1751903K->197537K(2088448K), 0.0070109 secs] [Times: user=0.14 sys=0.00, real=0.01 secs] 
5866.675: [GC (Allocation Failure) [PSYoungGen: 1563073K->7425K(1564160K)] 1752993K->197449K(2088448K), 0.0085472 secs] [Times: user=0.10 sys=0.00, real=0.01 secs] 
5876.322: [GC (Allocation Failure) [PSYoungGen: 1562881K->6945K(1564160K)] 1752905K->196985K(2088448K), 0.0102335 secs] [Times: user=0.06 sys=0.01, real=0.01 secs] 
5885.969: [GC (Allocation Failure) [PSYoungGen: 1562401K->7361K(1564160K)] 1752441K->197489K(2088448K), 0.0110186 secs] [Times: user=0.09 sys=0.00, real=0.01 secs] 
5895.369: [GC (Allocation Failure) [PSYoungGen: 1562817K->7376K(1564160K)] 1752945K->197568K(2088448K), 0.0601877 secs] [Times: user=0.34 sys=0.01, real=0.06 secs] 
5905.000: [GC (Allocation Failure) [PSYoungGen: 1562832K->6657K(1564160K)] 1753024K->197688K(2088448K), 0.0248619 secs] [Times: user=0.22 sys=0.00, real=0.03 secs] 
5914.655: [GC (Allocation Failure) [PSYoungGen: 1562113K->6337K(1564160K)] 1753144K->197464K(2088448K), 0.0191352 secs] [Times: user=0.14 sys=0.00, real=0.01 secs] 
5924.138: [GC (Allocation Failure) [PSYoungGen: 1561793K->7553K(1564160K)] 1752920K->198776K(2088448K), 0.0088946 secs] [Times: user=0.11 sys=0.00, real=0.01 secs] 
5933.614: [GC (Allocation Failure) [PSYoungGen: 1563009K->7361K(1564160K)] 1754232K->198632K(2088448K), 0.0073628 secs] [Times: user=0.08 sys=0.00, real=0.01 secs] 
5943.060: [GC (Allocation Failure) [PSYoungGen: 1562817K->6785K(1564160K)] 1754088K->198184K(2088448K), 0.0205987 secs] [Times: user=0.30 sys=0.00, real=0.02 secs] 
5952.483: [GC (Allocation Failure) [PSYoungGen: 1562241K->7585K(1564160K)] 1753640K->199024K(2088448K), 0.0079624 secs] [Times: user=0.10 sys=0.00, real=0.01 secs] 
5962.034: [GC (Allocation Failure) [PSYoungGen: 1563041K->7201K(1564160K)] 1754480K->198824K(2088448K), 0.0087416 secs] [Times: user=0.10 sys=0.00, real=0.01 secs] 
5971.528: [GC (Allocation Failure) [PSYoungGen: 1562657K->8176K(1563648K)] 1754280K->200175K(2087936K), 0.0302965 secs] [Times: user=0.32 sys=0.00, real=0.03 secs] 
5981.297: [GC (Allocation Failure) [PSYoungGen: 1563632K->6977K(1564160K)] 1755631K->200367K(2088448K), 0.0402829 secs] [Times: user=0.34 sys=0.01, real=0.04 secs] 
5990.877: [GC (Allocation Failure) [PSYoungGen: 1562433K->6657K(1564160K)] 1755823K->200071K(2088448K), 0.0631023 secs] [Times: user=0.35 sys=0.00, real=0.06 secs] 
6000.318: [GC (Allocation Failure) [PSYoungGen: 1562113K->7265K(1564160K)] 1755527K->200703K(2088448K), 0.0077682 secs] [Times: user=0.07 sys=0.00, real=0.00 secs] 
6009.996: [GC (Allocation Failure) [PSYoungGen: 1562721K->7265K(1564160K)] 1756159K->200815K(2088448K), 0.0118867 secs] [Times: user=0.11 sys=0.00, real=0.01 secs] 
6019.605: [GC (Allocation Failure) [PSYoungGen: 1562721K->6721K(1564160K)] 1756271K->200279K(2088448K), 0.0282561 secs] [Times: user=0.13 sys=0.00, real=0.03 secs] 
6029.376: [GC (Allocation Failure) [PSYoungGen: 1562177K->7105K(1564672K)] 1755735K->200671K(2088960K), 0.0251863 secs] [Times: user=0.28 sys=0.00, real=0.02 secs] 
6038.640: [GC (Allocation Failure) [PSYoungGen: 1563073K->7920K(1564160K)] 1756639K->201605K(2088448K), 0.0087288 secs] [Times: user=0.10 sys=0.00, real=0.01 secs] 
6048.849: [GC (Allocation Failure) [PSYoungGen: 1563888K->7329K(1564160K)] 1757573K->201949K(2088448K), 0.0105972 secs] [Times: user=0.10 sys=0.00, real=0.01 secs] 
6058.550: [GC (Allocation Failure) [PSYoungGen: 1562785K->7681K(1564160K)] 1757405K->202325K(2088448K), 0.0083550 secs] [Times: user=0.15 sys=0.00, real=0.01 secs] 
6068.904: [GC (Allocation Failure) [PSYoungGen: 1563137K->6785K(1564160K)] 1757781K->201493K(2088448K), 0.0167041 secs] [Times: user=0.08 sys=0.00, real=0.02 secs] 
6078.611: [GC (Allocation Failure) [PSYoungGen: 1562241K->7329K(1564160K)] 1756949K->202101K(2088448K), 0.0082964 secs] [Times: user=0.12 sys=0.00, real=0.01 secs] 
6088.189: [GC (Allocation Failure) [PSYoungGen: 1562752K->7073K(1564672K)] 1757524K->201957K(2088960K), 0.0088785 secs] [Times: user=0.07 sys=0.00, real=0.01 secs] 
6097.863: [GC (Allocation Failure) [PSYoungGen: 1563041K->7489K(1564160K)] 1757925K->202397K(2088448K), 0.0088919 secs] [Times: user=0.10 sys=0.00, real=0.00 secs] 
6107.529: [GC (Allocation Failure) [PSYoungGen: 1563457K->7009K(1564672K)] 1758365K->201997K(2088960K), 0.0196496 secs] [Times: user=0.19 sys=0.00, real=0.02 secs] 
6117.266: [GC (Allocation Failure) [PSYoungGen: 1563489K->8112K(1564672K)] 1758477K->203172K(2088960K), 0.0098622 secs] [Times: user=0.11 sys=0.00, real=0.01 secs] 
6126.873: [GC (Allocation Failure) [PSYoungGen: 1564592K->7009K(1563648K)] 1759652K->202988K(2087936K), 0.0167022 secs] [Times: user=0.12 sys=0.00, real=0.02 secs] 
6136.598: [GC (Allocation Failure) [PSYoungGen: 1562465K->6817K(1564160K)] 1758444K->202868K(2088448K), 0.0294194 secs] [Times: user=0.28 sys=0.00, real=0.03 secs] 
6146.827: [GC (Allocation Failure) [PSYoungGen: 1562273K->6497K(1564160K)] 1758324K->202564K(2088448K), 0.0622009 secs] [Times: user=0.29 sys=0.00, real=0.06 secs] 
6156.763: [GC (Allocation Failure) [PSYoungGen: 1561953K->6785K(1564160K)] 1758020K->202892K(2088448K), 0.0427870 secs] [Times: user=0.45 sys=0.00, real=0.04 secs] 
6166.703: [GC (Allocation Failure) [PSYoungGen: 1562241K->6785K(1564160K)] 1758348K->202956K(2088448K), 0.0116279 secs] [Times: user=0.07 sys=0.00, real=0.02 secs] 
6176.504: [GC (Allocation Failure) [PSYoungGen: 1562241K->7617K(1564160K)] 1758412K->203796K(2088448K), 0.0072749 secs] [Times: user=0.10 sys=0.01, real=0.01 secs] 
6186.882: [GC (Allocation Failure) [PSYoungGen: 1563073K->7504K(1564160K)] 1759252K->203706K(2088448K), 0.0155177 secs] [Times: user=0.11 sys=0.00, real=0.02 secs] 
6196.965: [GC (Allocation Failure) [PSYoungGen: 1562960K->6529K(1564160K)] 1759162K->203610K(2088448K), 0.0336885 secs] [Times: user=0.18 sys=0.01, real=0.04 secs] 
6207.507: [GC (Allocation Failure) [PSYoungGen: 1561985K->7009K(1564160K)] 1759066K->204091K(2088448K), 0.0250304 secs] [Times: user=0.18 sys=0.00, real=0.03 secs] 
6217.629: [GC (Allocation Failure) [PSYoungGen: 1562465K->6881K(1564160K)] 1759547K->204019K(2088448K), 0.0378336 secs] [Times: user=0.28 sys=0.01, real=0.04 secs] 
6228.165: [GC (Allocation Failure) [PSYoungGen: 1562337K->6433K(1564672K)] 1759475K->203659K(2088960K), 0.0236825 secs] [Times: user=0.11 sys=0.00, real=0.02 secs] 
6239.109: [GC (Allocation Failure) [PSYoungGen: 1562913K->7233K(1564672K)] 1760139K->204459K(2088960K), 0.0532086 secs] [Times: user=0.65 sys=0.01, real=0.05 secs] 
6250.382: [GC (Allocation Failure) [PSYoungGen: 1563713K->7728K(1563648K)] 1760939K->204969K(2087936K), 0.0567643 secs] [Times: user=0.35 sys=0.00, real=0.06 secs] 
6261.586: [GC (Allocation Failure) [PSYoungGen: 1563184K->6433K(1564160K)] 1760425K->204497K(2088448K), 0.0247596 secs] [Times: user=0.21 sys=0.00, real=0.03 secs] 
6272.611: [GC (Allocation Failure) [PSYoungGen: 1561889K->7521K(1564160K)] 1759953K->205657K(2088448K), 0.0084696 secs] [Times: user=0.09 sys=0.00, real=0.01 secs] 
6282.831: [GC (Allocation Failure) [PSYoungGen: 1562977K->6913K(1564160K)] 1761113K->205065K(2088448K), 0.0340134 secs] [Times: user=0.11 sys=0.00, real=0.03 secs] 
6293.731: [GC (Allocation Failure) [PSYoungGen: 1562369K->7361K(1564160K)] 1760521K->205537K(2088448K), 0.0178145 secs] [Times: user=0.17 sys=0.00, real=0.02 secs] 
6304.309: [GC (Allocation Failure) [PSYoungGen: 1562817K->7585K(1564160K)] 1760993K->205865K(2088448K), 0.0126268 secs] [Times: user=0.12 sys=0.00, real=0.01 secs] 
6314.613: [GC (Allocation Failure) [PSYoungGen: 1563018K->6721K(1564160K)] 1761298K->205081K(2088448K), 0.0480442 secs] [Times: user=0.39 sys=0.00, real=0.05 secs] 
6324.696: [GC (Allocation Failure) [PSYoungGen: 1562177K->6753K(1564160K)] 1760537K->205145K(2088448K), 0.0237363 secs] [Times: user=0.14 sys=0.00, real=0.03 secs] 
6335.837: [GC (Allocation Failure) [PSYoungGen: 1562209K->7952K(1563648K)] 1760601K->206448K(2087936K), 0.0302741 secs] [Times: user=0.27 sys=0.00, real=0.03 secs] 
6346.230: [GC (Allocation Failure) [PSYoungGen: 1563408K->6561K(1564160K)] 1761904K->205888K(2088448K), 0.0303320 secs] [Times: user=0.11 sys=0.00, real=0.04 secs] 
6357.291: [GC (Allocation Failure) [PSYoungGen: 1562017K->6657K(1564160K)] 1761344K->205984K(2088448K), 0.0390038 secs] [Times: user=0.29 sys=0.00, real=0.04 secs] 
6370.264: [GC (Allocation Failure) [PSYoungGen: 1562113K->7649K(1564160K)] 1761440K->206984K(2088448K), 0.0236658 secs] [Times: user=0.22 sys=0.00, real=0.03 secs] 
6382.781: [GC (Allocation Failure) [PSYoungGen: 1563105K->6977K(1564160K)] 1762440K->206392K(2088448K), 0.0210533 secs] [Times: user=0.11 sys=0.00, real=0.02 secs] 
6393.831: [GC (Allocation Failure) [PSYoungGen: 1562433K->7137K(1564160K)] 1761848K->206576K(2088448K), 0.0289672 secs] [Times: user=0.21 sys=0.00, real=0.03 secs] 
6404.483: [GC (Allocation Failure) [PSYoungGen: 1562593K->7696K(1564160K)] 1762032K->207142K(2088448K), 0.0236987 secs] [Times: user=0.14 sys=0.00, real=0.02 secs] 
6415.771: [GC (Allocation Failure) [PSYoungGen: 1563152K->7041K(1564160K)] 1762598K->207326K(2088448K), 0.0253613 secs] [Times: user=0.19 sys=0.00, real=0.02 secs] 
6428.158: [GC (Allocation Failure) [PSYoungGen: 1562497K->6785K(1564672K)] 1762782K->207150K(2088960K), 0.0176571 secs] [Times: user=0.07 sys=0.00, real=0.02 secs] 
6439.836: [GC (Allocation Failure) [PSYoungGen: 1562753K->6913K(1564160K)] 1763118K->207310K(2088448K), 0.0345421 secs] [Times: user=0.24 sys=0.00, real=0.03 secs] 
6451.161: [GC (Allocation Failure) [PSYoungGen: 1562881K->6785K(1564672K)] 1763278K->207206K(2088960K), 0.0300448 secs] [Times: user=0.27 sys=0.00, real=0.03 secs] 
6461.818: [GC (Allocation Failure) [PSYoungGen: 1563265K->6689K(1564672K)] 1763686K->207134K(2088960K), 0.0169710 secs] [Times: user=0.07 sys=0.00, real=0.01 secs] 
6473.972: [GC (Allocation Failure) [PSYoungGen: 1563169K->7696K(1564672K)] 1763614K->208181K(2088960K), 0.0262084 secs] [Times: user=0.24 sys=0.00, real=0.02 secs] 
6488.489: [GC (Allocation Failure) [PSYoungGen: 1564176K->6913K(1564672K)] 1764661K->208221K(2088960K), 0.0337948 secs] [Times: user=0.16 sys=0.00, real=0.04 secs] 
6505.207: [GC (Allocation Failure) [PSYoungGen: 1563382K->6817K(1564672K)] 1764690K->208149K(2088960K), 0.0405603 secs] [Times: user=0.25 sys=0.01, real=0.04 secs] 
6523.268: [GC (Allocation Failure) [PSYoungGen: 1563297K->6977K(1564672K)] 1764629K->208333K(2088960K), 0.0251674 secs] [Times: user=0.13 sys=0.00, real=0.02 secs] 
6539.333: [GC (Allocation Failure) [PSYoungGen: 1563457K->7297K(1564672K)] 1764813K->208669K(2088960K), 0.0163979 secs] [Times: user=0.10 sys=0.01, real=0.02 secs] 
6558.369: [GC (Allocation Failure) [PSYoungGen: 1563777K->7585K(1564672K)] 1765149K->208965K(2088960K), 0.0348386 secs] [Times: user=0.30 sys=0.00, real=0.04 secs] 
6572.149: [GC (Allocation Failure) [PSYoungGen: 1564065K->8176K(1563648K)] 1765445K->209882K(2087936K), 0.0172657 secs] [Times: user=0.16 sys=0.00, real=0.02 secs] 
6592.893: [GC (Allocation Failure) [PSYoungGen: 1563632K->7553K(1564160K)] 1765338K->210106K(2088448K), 0.0569917 secs] [Times: user=0.39 sys=0.00, real=0.06 secs] 
6610.699: [GC (Allocation Failure) [PSYoungGen: 1563009K->6881K(1564160K)] 1765562K->209458K(2088448K), 0.0402497 secs] [Times: user=0.09 sys=0.01, real=0.04 secs] 
6626.831: [GC (Allocation Failure) [PSYoungGen: 1562337K->7137K(1564160K)] 1764914K->209722K(2088448K), 0.0490864 secs] [Times: user=0.33 sys=0.00, real=0.05 secs] 
6642.178: [GC (Allocation Failure) [PSYoungGen: 1562593K->7425K(1564160K)] 1765178K->210042K(2088448K), 0.0717649 secs] [Times: user=0.43 sys=0.01, real=0.07 secs] 
6668.127: [GC (Allocation Failure) [PSYoungGen: 1562881K->7600K(1564160K)] 1765498K->210233K(2088448K), 0.0577074 secs] [Times: user=0.27 sys=0.00, real=0.06 secs] 
6703.811: [GC (Allocation Failure) [PSYoungGen: 1563056K->7041K(1564160K)] 1765689K->210386K(2088448K), 0.0300966 secs] [Times: user=0.12 sys=0.00, real=0.03 secs] 
6725.782: [GC (Allocation Failure) [PSYoungGen: 1562497K->7169K(1564160K)] 1765842K->210538K(2088448K), 0.0175442 secs] [Times: user=0.06 sys=0.00, real=0.02 secs] 
6746.671: [GC (Allocation Failure) [PSYoungGen: 1562625K->8016K(1563648K)] 1765994K->211393K(2087936K), 0.0621542 secs] [Times: user=0.39 sys=0.00, real=0.07 secs] 
6791.378: [GC (Allocation Failure) [PSYoungGen: 1563472K->6849K(1564160K)] 1766849K->210938K(2088448K), 0.0519271 secs] [Times: user=0.30 sys=0.00, real=0.06 secs] 
6842.269: [GC (Allocation Failure) [PSYoungGen: 1562305K->7984K(1564160K)] 1766394K->212081K(2088448K), 0.0810406 secs] [Times: user=0.34 sys=0.00, real=0.08 secs] 
6894.538: [GC (Allocation Failure) [PSYoungGen: 1563440K->8176K(1564160K)] 1767537K->212881K(2088448K), 0.0668396 secs] [Times: user=0.34 sys=0.00, real=0.07 secs] 
6950.647: [GC (Allocation Failure) [PSYoungGen: 1563632K->7425K(1564160K)] 1768337K->212850K(2088448K), 0.0507328 secs] [Times: user=0.25 sys=0.00, real=0.05 secs] 
7007.284: [GC (Allocation Failure) [PSYoungGen: 1562881K->7297K(1564160K)] 1768306K->212746K(2088448K), 0.0754538 secs] [Times: user=0.42 sys=0.01, real=0.07 secs] 
7063.046: [GC (Allocation Failure) [PSYoungGen: 1562753K->8176K(1564160K)] 1768202K->213649K(2088448K), 0.1054568 secs] [Times: user=0.53 sys=0.00, real=0.11 secs] 
7119.089: [GC (Allocation Failure) [PSYoungGen: 1563632K->7521K(1564160K)] 1769105K->213738K(2088448K), 0.0513829 secs] [Times: user=0.29 sys=0.00, real=0.05 secs] 
7175.026: [GC (Allocation Failure) [PSYoungGen: 1562977K->8048K(1564160K)] 1769194K->214329K(2088448K), 0.0230092 secs] [Times: user=0.18 sys=0.00, real=0.03 secs] 
7231.517: [GC (Allocation Failure) [PSYoungGen: 1563504K->8702K(1564160K)] 1769785K->215879K(2088448K), 0.0478847 secs] [Times: user=0.28 sys=0.01, real=0.05 secs] 
7254.983: [GC (System.gc()) [PSYoungGen: 694558K->6896K(1562112K)] 901736K->214952K(2086400K), 0.0776275 secs] [Times: user=0.31 sys=0.00, real=0.08 secs] 
7255.061: [Full GC (System.gc()) [PSYoungGen: 6896K->0K(1562112K)] [ParOldGen: 208055K->130577K(524288K)] 214952K->130577K(2086400K), [Metaspace: 21123K->20817K(1069056K)], 0.8214909 secs] [Times: user=8.29 sys=0.08, real=0.82 secs] 
7290.790: [GC (Allocation Failure) [PSYoungGen: 1553408K->9713K(1563136K)] 1683985K->140945K(2087424K), 0.0099015 secs] [Times: user=0.09 sys=0.00, real=0.01 secs] 
7300.734: [GC (Allocation Failure) [PSYoungGen: 1563121K->6673K(1562112K)] 1694353K->140931K(2086400K), 0.0098585 secs] [Times: user=0.07 sys=0.00, real=0.01 secs] 
7310.648: [GC (Allocation Failure) [PSYoungGen: 1559057K->7952K(1562624K)] 1693315K->142682K(2086912K), 0.0077108 secs] [Times: user=0.16 sys=0.00, real=0.00 secs] 
7320.515: [GC (Allocation Failure) [PSYoungGen: 1560336K->7920K(1562624K)] 1695066K->143378K(2086912K), 0.0082063 secs] [Times: user=0.17 sys=0.00, real=0.01 secs] 
7330.272: [GC (Allocation Failure) [PSYoungGen: 1560304K->7681K(1562624K)] 1695762K->144074K(2086912K), 0.0086630 secs] [Times: user=0.20 sys=0.01, real=0.01 secs] 
7340.030: [GC (Allocation Failure) [PSYoungGen: 1560065K->7824K(1563136K)] 1696458K->144328K(2087424K), 0.0108185 secs] [Times: user=0.12 sys=0.00, real=0.01 secs] 
7349.703: [GC (Allocation Failure) [PSYoungGen: 1561232K->7408K(1563136K)] 1697736K->144520K(2087424K), 0.0325110 secs] [Times: user=0.37 sys=0.00, real=0.03 secs] 
7359.231: [GC (Allocation Failure) [PSYoungGen: 1560816K->6561K(1563136K)] 1697928K->144488K(2087424K), 0.0102534 secs] [Times: user=0.06 sys=0.00, real=0.01 secs] 
7369.052: [GC (Allocation Failure) [PSYoungGen: 1559969K->7920K(1563136K)] 1697896K->145887K(2087424K), 0.0284310 secs] [Times: user=0.44 sys=0.00, real=0.03 secs] 
7378.476: [GC (Allocation Failure) [PSYoungGen: 1561328K->8112K(1563136K)] 1699295K->146918K(2087424K), 0.0081794 secs] [Times: user=0.10 sys=0.00, real=0.01 secs] 
7388.035: [GC (Allocation Failure) [PSYoungGen: 1561520K->7585K(1563136K)] 1700326K->147390K(2087424K), 0.0075922 secs] [Times: user=0.13 sys=0.00, real=0.01 secs] 
7397.850: [GC (Allocation Failure) [PSYoungGen: 1560956K->7216K(1563648K)] 1700761K->147036K(2087936K), 0.0171457 secs] [Times: user=0.06 sys=0.00, real=0.02 secs] 
7407.693: [GC (Allocation Failure) [PSYoungGen: 1561648K->7344K(1563648K)] 1701468K->147867K(2087936K), 0.0214965 secs] [Times: user=0.08 sys=0.00, real=0.02 secs] 
7435.932: [GC (System.gc()) [PSYoungGen: 1253179K->6576K(1563648K)] 1393702K->147699K(2087936K), 0.0123870 secs] [Times: user=0.07 sys=0.00, real=0.01 secs] 
7435.944: [Full GC (System.gc()) [PSYoungGen: 6576K->0K(1563648K)] [ParOldGen: 141123K->94191K(524288K)] 147699K->94191K(2087936K), [Metaspace: 20992K->20992K(1069056K)], 0.3880711 secs] [Times: user=11.95 sys=0.00, real=0.39 secs] 
7442.510: [GC (System.gc()) [PSYoungGen: 4364K->483K(1554944K)] 98556K->94683K(2079232K), 0.0080671 secs] [Times: user=0.10 sys=0.00, real=0.01 secs] 
7442.518: [Full GC (System.gc()) [PSYoungGen: 483K->0K(1554944K)] [ParOldGen: 94199K->89271K(524288K)] 94683K->89271K(2079232K), [Metaspace: 20997K->20997K(1069056K)], 0.2387960 secs] [Times: user=7.68 sys=0.00, real=0.23 secs] 
7462.284: [GC (Allocation Failure) [PSYoungGen: 1554432K->9953K(1560576K)] 1643703K->99225K(2084864K), 0.0078431 secs] [Times: user=0.09 sys=0.01, real=0.01 secs] 
7476.019: [GC (Allocation Failure) [PSYoungGen: 1560289K->7809K(1561600K)] 1649561K->100027K(2085888K), 0.0042216 secs] [Times: user=0.05 sys=0.00, real=0.01 secs] 
7486.330: [GC (System.gc()) [PSYoungGen: 842916K->6896K(1562112K)] 935134K->99610K(2086400K), 0.0113277 secs] [Times: user=0.22 sys=0.01, real=0.01 secs] 
7486.342: [Full GC (System.gc()) [PSYoungGen: 6896K->0K(1562112K)] [ParOldGen: 92713K->90078K(524288K)] 99610K->90078K(2086400K), [Metaspace: 21020K->21020K(1069056K)], 0.4034617 secs] [Times: user=12.95 sys=0.00, real=0.41 secs] 
7487.378: [GC (System.gc()) [PSYoungGen: 410K->128K(1551360K)] 90488K->90206K(2075648K), 0.0076208 secs] [Times: user=0.08 sys=0.00, real=0.01 secs] 
7487.386: [Full GC (System.gc()) [PSYoungGen: 128K->0K(1551360K)] [ParOldGen: 90078K->90009K(524288K)] 90206K->90009K(2075648K), [Metaspace: 21023K->21023K(1069056K)], 0.3443963 secs] [Times: user=8.14 sys=0.00, real=0.34 secs] 
7487.941: [GC (System.gc()) [PSYoungGen: 10446K->448K(1560064K)] 100456K->90457K(2084352K), 0.0105817 secs] [Times: user=0.23 sys=0.00, real=0.01 secs] 
7487.952: [Full GC (System.gc()) [PSYoungGen: 448K->0K(1560064K)] [ParOldGen: 90009K->89925K(524288K)] 90457K->89925K(2084352K), [Metaspace: 21032K->21032K(1069056K)], 0.6186043 secs] [Times: user=14.72 sys=0.00, real=0.62 secs] 
Heap
 PSYoungGen      total 1560064K, used 124523K [0x00000000a0000000, 0x0000000100000000, 0x0000000100000000)
  eden space 1548288K, 8% used [0x00000000a0000000,0x00000000a799afc8,0x00000000fe800000)
  from space 11776K, 0% used [0x00000000ff480000,0x00000000ff480000,0x0000000100000000)
  to   space 12288K, 0% used [0x00000000fe800000,0x00000000fe800000,0x00000000ff400000)
 ParOldGen       total 524288K, used 89925K [0x0000000080000000, 0x00000000a0000000, 0x00000000a0000000)
  object space 524288K, 17% used [0x0000000080000000,0x00000000857d14e8,0x00000000a0000000)
 Metaspace       used 21071K, capacity 21574K, committed 22016K, reserved 1069056K
  class space    used 2529K, capacity 2689K, committed 2816K, reserved 1048576K
