Java HotSpot(TM) 64-Bit Server VM (25.40-b25) for linux-amd64 JRE (1.8.0_40-b26), built on Mar  7 2015 15:08:31 by "java_re" with gcc 4.3.0 20080428 (Red Hat 4.3.0-8)
Memory: 4k page, physical 264398780k(140714128k free), swap 4194296k(4194296k free)
CommandLine flags: -XX:InitialHeapSize=2147483648 -XX:MaxHeapSize=2147483648 -XX:MaxNewSize=1610612736 -XX:NewSize=1610612736 -XX:+PrintGC -XX:+PrintGCDetails -XX:+PrintGCTimeStamps -XX:+UseCompressedClassPointers -XX:+UseCompressedOops -XX:+UseParallelGC 
0.299: [GC (Allocation Failure) [PSYoungGen: 1179648K->3753K(1376256K)] 1179648K->3761K(1900544K), 0.0069517 secs] [Times: user=0.10 sys=0.02, real=0.00 secs] 
0.316: [GC (Allocation Failure) [PSYoungGen: 1183401K->2496K(1376256K)] 1183409K->2512K(1900544K), 0.0083854 secs] [Times: user=0.20 sys=0.03, real=0.01 secs] 
1.294: [GC (Allocation Failure) [PSYoungGen: 1182144K->10115K(1376256K)] 1182160K->10139K(1900544K), 0.0090984 secs] [Times: user=0.09 sys=0.02, real=0.01 secs] 
14.097: [GC (System.gc()) [PSYoungGen: 350775K->83735K(1376256K)] 350799K->83775K(1900544K), 0.0632895 secs] [Times: user=0.42 sys=1.68, real=0.07 secs] 
14.161: [Full GC (System.gc()) [PSYoungGen: 83735K->0K(1376256K)] [ParOldGen: 40K->82323K(524288K)] 83775K->82323K(1900544K), [Metaspace: 16716K->16716K(1064960K)], 0.3444898 secs] [Times: user=6.45 sys=0.16, real=0.34 secs] 
100.261: [GC (System.gc()) [PSYoungGen: 340989K->8440K(1376256K)] 423313K->90844K(1900544K), 0.0122604 secs] [Times: user=0.19 sys=0.00, real=0.02 secs] 
100.274: [Full GC (System.gc()) [PSYoungGen: 8440K->0K(1376256K)] [ParOldGen: 82403K->88887K(524288K)] 90844K->88887K(1900544K), [Metaspace: 20175K->20175K(1067008K)], 0.4266673 secs] [Times: user=13.50 sys=0.02, real=0.42 secs] 
212.102: [GC (Allocation Failure) [PSYoungGen: 1179648K->6595K(1376256K)] 1268535K->95490K(1900544K), 0.0105406 secs] [Times: user=0.25 sys=0.00, real=0.01 secs] 
231.288: [GC (Allocation Failure) [PSYoungGen: 1186243K->8696K(1376256K)] 1275138K->97600K(1900544K), 0.0083905 secs] [Times: user=0.19 sys=0.00, real=0.01 secs] 
242.142: [GC (Allocation Failure) [PSYoungGen: 1188344K->9513K(1515520K)] 1277248K->98424K(2039808K), 0.0094269 secs] [Times: user=0.15 sys=0.04, real=0.01 secs] 
251.652: [GC (Allocation Failure) [PSYoungGen: 1464617K->9336K(1512448K)] 1553528K->98256K(2036736K), 0.0133071 secs] [Times: user=0.16 sys=0.01, real=0.01 secs] 
260.809: [GC (Allocation Failure) [PSYoungGen: 1464440K->8296K(1521152K)] 1553360K->99345K(2045440K), 0.0102966 secs] [Times: user=0.12 sys=0.09, real=0.01 secs] 
270.002: [GC (Allocation Failure) [PSYoungGen: 1475176K->7560K(1518592K)] 1566225K->99406K(2042880K), 0.0085612 secs] [Times: user=0.13 sys=0.04, real=0.01 secs] 
278.908: [GC (Allocation Failure) [PSYoungGen: 1474440K->7528K(1525760K)] 1566286K->99534K(2050048K), 0.0212758 secs] [Times: user=0.13 sys=0.01, real=0.02 secs] 
288.053: [GC (Allocation Failure) [PSYoungGen: 1484136K->6325K(1523712K)] 1576142K->99190K(2048000K), 0.0107467 secs] [Times: user=0.07 sys=0.00, real=0.01 secs] 
320.505: [GC (Allocation Failure) [PSYoungGen: 1482933K->7413K(1529856K)] 1575798K->101042K(2054144K), 0.0489411 secs] [Times: user=0.25 sys=0.00, real=0.05 secs] 
328.153: [GC (System.gc()) [PSYoungGen: 278282K->5461K(1527808K)] 371911K->100101K(2052096K), 0.0542771 secs] [Times: user=0.28 sys=0.01, real=0.06 secs] 
328.208: [Full GC (System.gc()) [PSYoungGen: 5461K->0K(1527808K)] [ParOldGen: 94640K->90160K(524288K)] 100101K->90160K(2052096K), [Metaspace: 20812K->20812K(1069056K)], 0.9315812 secs] [Times: user=9.48 sys=0.05, real=0.93 secs] 
348.524: [GC (Allocation Failure) [PSYoungGen: 1484800K->9813K(1534464K)] 1574960K->99981K(2058752K), 0.0081329 secs] [Times: user=0.10 sys=0.01, real=0.01 secs] 
357.827: [GC (Allocation Failure) [PSYoungGen: 1503317K->7336K(1531904K)] 1593485K->100491K(2056192K), 0.0091105 secs] [Times: user=0.10 sys=0.03, real=0.01 secs] 
366.964: [GC (Allocation Failure) [PSYoungGen: 1500840K->6632K(1538048K)] 1593995K->100491K(2062336K), 0.0187147 secs] [Times: user=0.22 sys=0.01, real=0.01 secs] 
376.328: [GC (Allocation Failure) [PSYoungGen: 1508328K->6645K(1536512K)] 1602187K->101243K(2060800K), 0.0095337 secs] [Times: user=0.14 sys=0.01, real=0.01 secs] 
389.493: [GC (Allocation Failure) [PSYoungGen: 1508341K->6933K(1541632K)] 1602939K->102131K(2065920K), 0.0194163 secs] [Times: user=0.07 sys=0.01, real=0.02 secs] 
415.490: [GC (Allocation Failure) [PSYoungGen: 1515797K->6325K(1540096K)] 1610995K->102239K(2064384K), 0.0199860 secs] [Times: user=0.06 sys=0.00, real=0.02 secs] 
435.769: [GC (System.gc()) [PSYoungGen: 789693K->5708K(1544192K)] 885608K->102398K(2068480K), 0.0100242 secs] [Times: user=0.21 sys=0.00, real=0.01 secs] 
435.779: [Full GC (System.gc()) [PSYoungGen: 5708K->0K(1544192K)] [ParOldGen: 96690K->91724K(524288K)] 102398K->91724K(2068480K), [Metaspace: 20916K->20916K(1069056K)], 0.3669342 secs] [Times: user=11.64 sys=0.00, real=0.37 secs] 
456.506: [GC (Allocation Failure) [PSYoungGen: 1514496K->9888K(1543168K)] 1606220K->101612K(2067456K), 0.0065270 secs] [Times: user=0.09 sys=0.01, real=0.01 secs] 
466.149: [GC (Allocation Failure) [PSYoungGen: 1524384K->7151K(1547264K)] 1616108K->101778K(2071552K), 0.0085783 secs] [Times: user=0.11 sys=0.04, real=0.00 secs] 
475.404: [GC (Allocation Failure) [PSYoungGen: 1527735K->7023K(1546240K)] 1622361K->102362K(2070528K), 0.0126331 secs] [Times: user=0.13 sys=0.00, real=0.01 secs] 
484.834: [GC (Allocation Failure) [PSYoungGen: 1527663K->7262K(1549824K)] 1623002K->103368K(2074112K), 0.0109393 secs] [Times: user=0.12 sys=0.01, real=0.01 secs] 
511.372: [GC (Allocation Failure) [PSYoungGen: 1533022K->7390K(1548800K)] 1629128K->104080K(2073088K), 0.0211868 secs] [Times: user=0.07 sys=0.00, real=0.02 secs] 
545.684: [GC (Allocation Failure) [PSYoungGen: 1533150K->9246K(1551872K)] 1629840K->107200K(2076160K), 0.0389942 secs] [Times: user=0.17 sys=0.00, real=0.04 secs] 
572.785: [GC (Allocation Failure) [PSYoungGen: 1539102K->11967K(1550848K)] 1637056K->110545K(2075136K), 0.0525683 secs] [Times: user=0.40 sys=0.01, real=0.05 secs] 
609.661: [GC (Allocation Failure) [PSYoungGen: 1541823K->12063K(1551872K)] 1640401K->111337K(2076160K), 0.0601520 secs] [Times: user=0.37 sys=0.00, real=0.06 secs] 
648.086: [GC (System.gc()) [PSYoungGen: 1272735K->10064K(1551872K)] 1372009K->110073K(2076160K), 0.0613014 secs] [Times: user=0.33 sys=0.01, real=0.07 secs] 
648.148: [Full GC (System.gc()) [PSYoungGen: 10064K->0K(1551872K)] [ParOldGen: 100009K->97503K(524288K)] 110073K->97503K(2076160K), [Metaspace: 20996K->20996K(1069056K)], 1.0742812 secs] [Times: user=12.96 sys=0.02, real=1.07 secs] 
669.557: [GC (Allocation Failure) [PSYoungGen: 1530880K->13455K(1551872K)] 1628383K->110959K(2076160K), 0.0079221 secs] [Times: user=0.09 sys=0.01, real=0.01 secs] 
679.211: [GC (Allocation Failure) [PSYoungGen: 1545359K->10048K(1552384K)] 1642863K->110472K(2076672K), 0.0213119 secs] [Times: user=0.07 sys=0.00, real=0.03 secs] 
688.704: [GC (Allocation Failure) [PSYoungGen: 1541952K->10623K(1553920K)] 1642376K->111943K(2078208K), 0.0095754 secs] [Times: user=0.08 sys=0.00, real=0.01 secs] 
698.791: [GC (Allocation Failure) [PSYoungGen: 1545087K->10256K(1553408K)] 1646407K->112415K(2077696K), 0.0165052 secs] [Times: user=0.08 sys=0.00, real=0.02 secs] 
731.753: [GC (System.gc()) [PSYoungGen: 1331907K->9136K(1555456K)] 1434066K->112006K(2079744K), 0.0290774 secs] [Times: user=0.05 sys=0.00, real=0.03 secs] 
731.782: [Full GC (System.gc()) [PSYoungGen: 9136K->0K(1555456K)] [ParOldGen: 102869K->94708K(524288K)] 112006K->94708K(2079744K), [Metaspace: 21018K->21018K(1069056K)], 0.6403655 secs] [Times: user=5.71 sys=0.02, real=0.64 secs] 
738.925: [GC (System.gc()) [PSYoungGen: 2511K->419K(1538048K)] 97220K->95128K(2062336K), 0.0064846 secs] [Times: user=0.10 sys=0.01, real=0.01 secs] 
738.932: [Full GC (System.gc()) [PSYoungGen: 419K->0K(1538048K)] [ParOldGen: 94708K->91660K(524288K)] 95128K->91660K(2062336K), [Metaspace: 21022K->21022K(1069056K)], 0.2084322 secs] [Times: user=6.67 sys=0.00, real=0.21 secs] 
758.192: [GC (Allocation Failure) [PSYoungGen: 1537536K->11954K(1554432K)] 1629196K->103622K(2078720K), 0.0041770 secs] [Times: user=0.06 sys=0.00, real=0.01 secs] 
771.391: [GC (Allocation Failure) [PSYoungGen: 1547954K->9906K(1554432K)] 1639622K->104428K(2078720K), 0.0062510 secs] [Times: user=0.08 sys=0.00, real=0.01 secs] 
784.448: [GC (Allocation Failure) [PSYoungGen: 1545906K->9697K(1555456K)] 1640428K->104708K(2079744K), 0.0064041 secs] [Times: user=0.08 sys=0.00, real=0.00 secs] 
797.572: [GC (Allocation Failure) [PSYoungGen: 1547233K->9762K(1554944K)] 1642244K->104948K(2079232K), 0.0039019 secs] [Times: user=0.05 sys=0.01, real=0.00 secs] 
810.734: [GC (Allocation Failure) [PSYoungGen: 1547254K->9730K(1556992K)] 1642441K->105076K(2081280K), 0.0065062 secs] [Times: user=0.10 sys=0.00, real=0.00 secs] 
823.911: [GC (Allocation Failure) [PSYoungGen: 1550338K->9634K(1556480K)] 1645684K->105076K(2080768K), 0.0050552 secs] [Times: user=0.05 sys=0.00, real=0.01 secs] 
837.062: [GC (Allocation Failure) [PSYoungGen: 1550242K->9762K(1558016K)] 1645684K->105372K(2082304K), 0.0043376 secs] [Times: user=0.07 sys=0.01, real=0.01 secs] 
850.262: [GC (Allocation Failure) [PSYoungGen: 1552418K->9826K(1557504K)] 1648028K->105564K(2081792K), 0.0034021 secs] [Times: user=0.04 sys=0.01, real=0.00 secs] 
863.465: [GC (Allocation Failure) [PSYoungGen: 1552482K->9601K(1558528K)] 1648220K->105572K(2082816K), 0.0057624 secs] [Times: user=0.08 sys=0.01, real=0.01 secs] 
876.642: [GC (Allocation Failure) [PSYoungGen: 1553281K->9794K(1558016K)] 1649252K->105884K(2082304K), 0.0037685 secs] [Times: user=0.05 sys=0.01, real=0.00 secs] 
889.805: [GC (Allocation Failure) [PSYoungGen: 1553474K->9634K(1559552K)] 1649564K->105876K(2083840K), 0.0043554 secs] [Times: user=0.06 sys=0.00, real=0.00 secs] 
903.003: [GC (Allocation Failure) [PSYoungGen: 1555362K->8930K(1559040K)] 1651604K->105220K(2083328K), 0.0074724 secs] [Times: user=0.04 sys=0.00, real=0.01 secs] 
916.195: [GC (Allocation Failure) [PSYoungGen: 1554658K->9730K(1560064K)] 1650948K->106068K(2084352K), 0.0070989 secs] [Times: user=0.08 sys=0.01, real=0.01 secs] 
1018.992: [GC (Allocation Failure) [PSYoungGen: 1556482K->9712K(1559552K)] 1652820K->106163K(2083840K), 0.0103267 secs] [Times: user=0.21 sys=0.00, real=0.01 secs] 
1100.234: [GC (GCLocker Initiated GC) [PSYoungGen: 1556464K->7920K(1560064K)] 1652918K->106438K(2084352K), 0.0104602 secs] [Times: user=0.23 sys=0.00, real=0.01 secs] 
1149.771: [GC (Allocation Failure) [PSYoungGen: 1555184K->7920K(1560064K)] 1653705K->106849K(2084352K), 0.0115858 secs] [Times: user=0.24 sys=0.00, real=0.02 secs] 
1191.061: [GC (Allocation Failure) [PSYoungGen: 1555184K->7824K(1560064K)] 1654113K->107138K(2084352K), 0.0109684 secs] [Times: user=0.22 sys=0.00, real=0.01 secs] 
1223.621: [GC (Allocation Failure) [PSYoungGen: 1555088K->7681K(1560064K)] 1654402K->107506K(2084352K), 0.0072716 secs] [Times: user=0.14 sys=0.00, real=0.01 secs] 
1254.897: [GC (Allocation Failure) [PSYoungGen: 1554945K->8144K(1560576K)] 1654770K->108120K(2084864K), 0.0074374 secs] [Times: user=0.16 sys=0.00, real=0.01 secs] 
1281.165: [GC (Allocation Failure) [PSYoungGen: 1556432K->7329K(1560576K)] 1656408K->107776K(2084864K), 0.0089854 secs] [Times: user=0.15 sys=0.01, real=0.01 secs] 
1307.409: [GC (Allocation Failure) [PSYoungGen: 1555617K->7777K(1560576K)] 1656064K->108384K(2084864K), 0.0075229 secs] [Times: user=0.16 sys=0.00, real=0.01 secs] 
1330.359: [GC (Allocation Failure) [PSYoungGen: 1556065K->8208K(1560576K)] 1656672K->108919K(2084864K), 0.0096876 secs] [Times: user=0.20 sys=0.00, real=0.01 secs] 
1352.302: [GC (Allocation Failure) [PSYoungGen: 1556496K->7873K(1561088K)] 1657207K->109231K(2085376K), 0.0103465 secs] [Times: user=0.21 sys=0.01, real=0.01 secs] 
1374.331: [GC (Allocation Failure) [PSYoungGen: 1557185K->7745K(1561088K)] 1658543K->109143K(2085376K), 0.0089027 secs] [Times: user=0.09 sys=0.00, real=0.01 secs] 
1393.640: [GC (Allocation Failure) [PSYoungGen: 1557057K->8080K(1561600K)] 1658455K->109581K(2085888K), 0.0072727 secs] [Times: user=0.11 sys=0.00, real=0.00 secs] 
1412.465: [GC (Allocation Failure) [PSYoungGen: 1558416K->7553K(1561600K)] 1659917K->109589K(2085888K), 0.0084421 secs] [Times: user=0.10 sys=0.00, real=0.01 secs] 
1431.273: [GC (Allocation Failure) [PSYoungGen: 1557889K->7841K(1562112K)] 1659925K->110013K(2086400K), 0.0087229 secs] [Times: user=0.18 sys=0.00, real=0.01 secs] 
1449.220: [GC (Allocation Failure) [PSYoungGen: 1558689K->8112K(1561600K)] 1660861K->110380K(2085888K), 0.0081538 secs] [Times: user=0.14 sys=0.00, real=0.01 secs] 
1465.736: [GC (Allocation Failure) [PSYoungGen: 1558960K->7649K(1562112K)] 1661228K->110612K(2086400K), 0.0077516 secs] [Times: user=0.16 sys=0.00, real=0.01 secs] 
1482.271: [GC (Allocation Failure) [PSYoungGen: 1559009K->7841K(1562112K)] 1661972K->110972K(2086400K), 0.0082890 secs] [Times: user=0.20 sys=0.00, real=0.01 secs] 
1498.786: [GC (Allocation Failure) [PSYoungGen: 1559201K->7745K(1562624K)] 1662332K->111004K(2086912K), 0.0073845 secs] [Times: user=0.16 sys=0.01, real=0.00 secs] 
1514.566: [GC (Allocation Failure) [PSYoungGen: 1560129K->8336K(1562624K)] 1663388K->111802K(2086912K), 0.0074936 secs] [Times: user=0.15 sys=0.00, real=0.01 secs] 
1529.270: [GC (Allocation Failure) [PSYoungGen: 1560720K->7713K(1562624K)] 1664186K->111938K(2086912K), 0.0082981 secs] [Times: user=0.17 sys=0.01, real=0.00 secs] 
1543.968: [GC (Allocation Failure) [PSYoungGen: 1560097K->7585K(1562624K)] 1664322K->111994K(2086912K), 0.0060680 secs] [Times: user=0.13 sys=0.00, real=0.01 secs] 
1558.657: [GC (Allocation Failure) [PSYoungGen: 1559969K->7809K(1563136K)] 1664378K->112378K(2087424K), 0.0091650 secs] [Times: user=0.16 sys=0.00, real=0.01 secs] 
1573.368: [GC (Allocation Failure) [PSYoungGen: 1560705K->7809K(1562624K)] 1665274K->112458K(2086912K), 0.0088318 secs] [Times: user=0.16 sys=0.00, real=0.01 secs] 
1586.722: [GC (Allocation Failure) [PSYoungGen: 1560705K->8112K(1563136K)] 1665354K->112857K(2087424K), 0.0076836 secs] [Times: user=0.18 sys=0.00, real=0.01 secs] 
1600.001: [GC (Allocation Failure) [PSYoungGen: 1561520K->7841K(1563136K)] 1666265K->113361K(2087424K), 0.0068659 secs] [Times: user=0.17 sys=0.00, real=0.00 secs] 
1613.423: [GC (Allocation Failure) [PSYoungGen: 1561249K->7809K(1563648K)] 1666769K->113409K(2087936K), 0.0090165 secs] [Times: user=0.20 sys=0.00, real=0.01 secs] 
1626.719: [GC (Allocation Failure) [PSYoungGen: 1561729K->7873K(1563136K)] 1667329K->113593K(2087424K), 0.0069893 secs] [Times: user=0.16 sys=0.01, real=0.01 secs] 
1639.971: [GC (Allocation Failure) [PSYoungGen: 1561793K->7216K(1563648K)] 1667513K->112968K(2087936K), 0.0099182 secs] [Times: user=0.07 sys=0.00, real=0.01 secs] 
1652.063: [GC (Allocation Failure) [PSYoungGen: 1561648K->7489K(1563648K)] 1667400K->113944K(2087936K), 0.0068246 secs] [Times: user=0.07 sys=0.00, real=0.01 secs] 
1664.161: [GC (Allocation Failure) [PSYoungGen: 1561921K->7777K(1563648K)] 1668376K->114296K(2087936K), 0.0079417 secs] [Times: user=0.14 sys=0.01, real=0.00 secs] 
1676.272: [GC (Allocation Failure) [PSYoungGen: 1562209K->7745K(1563648K)] 1668728K->114400K(2087936K), 0.0070869 secs] [Times: user=0.12 sys=0.01, real=0.00 secs] 
1688.362: [GC (Allocation Failure) [PSYoungGen: 1562177K->7873K(1563648K)] 1668832K->114616K(2087936K), 0.0066116 secs] [Times: user=0.15 sys=0.00, real=0.01 secs] 
1700.451: [GC (Allocation Failure) [PSYoungGen: 1562305K->7873K(1563648K)] 1669048K->114728K(2087936K), 0.0073162 secs] [Times: user=0.14 sys=0.00, real=0.01 secs] 
1711.847: [GC (Allocation Failure) [PSYoungGen: 1562305K->8304K(1563136K)] 1669160K->115254K(2087424K), 0.0081995 secs] [Times: user=0.14 sys=0.00, real=0.01 secs] 
1722.931: [GC (Allocation Failure) [PSYoungGen: 1562736K->7713K(1563648K)] 1669686K->115686K(2087936K), 0.0067709 secs] [Times: user=0.16 sys=0.00, real=0.00 secs] 
1734.019: [GC (Allocation Failure) [PSYoungGen: 1562145K->7681K(1564160K)] 1670118K->115670K(2088448K), 0.0060292 secs] [Times: user=0.09 sys=0.00, real=0.01 secs] 
1745.056: [GC (Allocation Failure) [PSYoungGen: 1562625K->7841K(1563648K)] 1670614K->115934K(2087936K), 0.0074321 secs] [Times: user=0.16 sys=0.00, real=0.01 secs] 
1756.200: [GC (Allocation Failure) [PSYoungGen: 1562785K->7649K(1564160K)] 1670878K->115846K(2088448K), 0.0070996 secs] [Times: user=0.08 sys=0.00, real=0.01 secs] 
1767.271: [GC (Allocation Failure) [PSYoungGen: 1563105K->7745K(1564160K)] 1671302K->116062K(2088448K), 0.0080885 secs] [Times: user=0.18 sys=0.00, real=0.01 secs] 
1777.772: [GC (Allocation Failure) [PSYoungGen: 1563201K->8528K(1564160K)] 1671518K->117045K(2088448K), 0.0062173 secs] [Times: user=0.12 sys=0.00, real=0.00 secs] 
1788.013: [GC (Allocation Failure) [PSYoungGen: 1563984K->7777K(1564160K)] 1672501K->117333K(2088448K), 0.0080795 secs] [Times: user=0.15 sys=0.03, real=0.01 secs] 
1798.241: [GC (Allocation Failure) [PSYoungGen: 1563233K->7841K(1564160K)] 1672789K->117517K(2088448K), 0.0070136 secs] [Times: user=0.18 sys=0.00, real=0.01 secs] 
1808.478: [GC (Allocation Failure) [PSYoungGen: 1563297K->7489K(1564160K)] 1672973K->117325K(2088448K), 0.0072406 secs] [Times: user=0.17 sys=0.00, real=0.01 secs] 
1818.720: [GC (Allocation Failure) [PSYoungGen: 1562945K->7681K(1564160K)] 1672781K->117701K(2088448K), 0.0086312 secs] [Times: user=0.20 sys=0.00, real=0.01 secs] 
1829.018: [GC (Allocation Failure) [PSYoungGen: 1563137K->7777K(1564160K)] 1673157K->117941K(2088448K), 0.0087839 secs] [Times: user=0.21 sys=0.00, real=0.01 secs] 
1839.156: [GC (Allocation Failure) [PSYoungGen: 1563233K->8336K(1564160K)] 1673397K->118531K(2088448K), 0.0072245 secs] [Times: user=0.09 sys=0.00, real=0.01 secs] 
1849.252: [GC (Allocation Failure) [PSYoungGen: 1563792K->7809K(1564160K)] 1673987K->119011K(2088448K), 0.0074224 secs] [Times: user=0.18 sys=0.00, real=0.01 secs] 
1859.327: [GC (Allocation Failure) [PSYoungGen: 1563265K->7713K(1564160K)] 1674467K->119123K(2088448K), 0.0068136 secs] [Times: user=0.15 sys=0.00, real=0.01 secs] 
1869.478: [GC (Allocation Failure) [PSYoungGen: 1563169K->7265K(1564160K)] 1674579K->118731K(2088448K), 0.0125890 secs] [Times: user=0.14 sys=0.00, real=0.01 secs] 
1879.537: [GC (Allocation Failure) [PSYoungGen: 1562721K->7681K(1564160K)] 1674187K->119371K(2088448K), 0.0067379 secs] [Times: user=0.17 sys=0.00, real=0.01 secs] 
1889.600: [GC (Allocation Failure) [PSYoungGen: 1563137K->7649K(1564160K)] 1674827K->119467K(2088448K), 0.0065952 secs] [Times: user=0.14 sys=0.00, real=0.01 secs] 
1899.659: [GC (Allocation Failure) [PSYoungGen: 1563105K->7841K(1564160K)] 1674923K->119795K(2088448K), 0.0097116 secs] [Times: user=0.18 sys=0.01, real=0.01 secs] 
1909.624: [GC (Allocation Failure) [PSYoungGen: 1563297K->8304K(1564160K)] 1675251K->120370K(2088448K), 0.0056209 secs] [Times: user=0.05 sys=0.00, real=0.01 secs] 
1919.634: [GC (Allocation Failure) [PSYoungGen: 1563760K->7553K(1564160K)] 1675826K->120514K(2088448K), 0.0080806 secs] [Times: user=0.16 sys=0.00, real=0.01 secs] 
1929.657: [GC (Allocation Failure) [PSYoungGen: 1563009K->7841K(1564160K)] 1675970K->120818K(2088448K), 0.0077444 secs] [Times: user=0.13 sys=0.00, real=0.01 secs] 
1939.663: [GC (Allocation Failure) [PSYoungGen: 1563297K->7617K(1564160K)] 1676274K->120770K(2088448K), 0.0064117 secs] [Times: user=0.13 sys=0.01, real=0.00 secs] 
1949.642: [GC (Allocation Failure) [PSYoungGen: 1563073K->6785K(1564160K)] 1676226K->119962K(2088448K), 0.0166193 secs] [Times: user=0.20 sys=0.00, real=0.02 secs] 
1959.646: [GC (Allocation Failure) [PSYoungGen: 1562241K->7777K(1564160K)] 1675418K->121018K(2088448K), 0.0090522 secs] [Times: user=0.18 sys=0.00, real=0.00 secs] 
1969.640: [GC (Allocation Failure) [PSYoungGen: 1563233K->8432K(1564160K)] 1676474K->121841K(2088448K), 0.0082245 secs] [Times: user=0.16 sys=0.00, real=0.01 secs] 
1979.684: [GC (Allocation Failure) [PSYoungGen: 1563888K->7745K(1564160K)] 1677297K->122169K(2088448K), 0.0104194 secs] [Times: user=0.21 sys=0.01, real=0.01 secs] 
1989.751: [GC (Allocation Failure) [PSYoungGen: 1563201K->6561K(1564160K)] 1677625K->121017K(2088448K), 0.0417436 secs] [Times: user=0.67 sys=0.01, real=0.04 secs] 
1999.802: [GC (Allocation Failure) [PSYoungGen: 1562017K->7745K(1564160K)] 1676473K->122305K(2088448K), 0.0064302 secs] [Times: user=0.14 sys=0.00, real=0.00 secs] 
2009.901: [GC (Allocation Failure) [PSYoungGen: 1563201K->7745K(1564160K)] 1677761K->122345K(2088448K), 0.0073302 secs] [Times: user=0.09 sys=0.00, real=0.01 secs] 
2019.945: [GC (Allocation Failure) [PSYoungGen: 1563201K->7841K(1564160K)] 1677801K->122569K(2088448K), 0.0053184 secs] [Times: user=0.06 sys=0.00, real=0.00 secs] 
2029.971: [GC (Allocation Failure) [PSYoungGen: 1563297K->6945K(1564160K)] 1678025K->121793K(2088448K), 0.0102635 secs] [Times: user=0.11 sys=0.00, real=0.01 secs] 
2039.990: [GC (Allocation Failure) [PSYoungGen: 1562401K->8336K(1563136K)] 1677249K->123311K(2087424K), 0.0082945 secs] [Times: user=0.17 sys=0.00, real=0.01 secs] 
2050.011: [GC (Allocation Failure) [PSYoungGen: 1562768K->7713K(1563648K)] 1677743K->123711K(2087936K), 0.0069555 secs] [Times: user=0.13 sys=0.00, real=0.00 secs] 
2059.996: [GC (Allocation Failure) [PSYoungGen: 1562145K->7201K(1564160K)] 1678143K->123223K(2088448K), 0.0132737 secs] [Times: user=0.08 sys=0.00, real=0.01 secs] 
2070.044: [GC (Allocation Failure) [PSYoungGen: 1562657K->6689K(1564160K)] 1678679K->122807K(2088448K), 0.0216880 secs] [Times: user=0.23 sys=0.00, real=0.02 secs] 
2080.028: [GC (Allocation Failure) [PSYoungGen: 1562145K->7713K(1564160K)] 1678263K->123927K(2088448K), 0.0062282 secs] [Times: user=0.13 sys=0.00, real=0.01 secs] 
2090.074: [GC (Allocation Failure) [PSYoungGen: 1563169K->7809K(1564160K)] 1679383K->124055K(2088448K), 0.0061905 secs] [Times: user=0.05 sys=0.00, real=0.01 secs] 
2100.101: [GC (Allocation Failure) [PSYoungGen: 1563265K->7041K(1564160K)] 1679511K->123463K(2088448K), 0.0401499 secs] [Times: user=0.52 sys=0.01, real=0.04 secs] 
2110.153: [GC (Allocation Failure) [PSYoungGen: 1562497K->8304K(1564160K)] 1678919K->124814K(2088448K), 0.0078677 secs] [Times: user=0.19 sys=0.00, real=0.01 secs] 
2120.138: [GC (Allocation Failure) [PSYoungGen: 1563760K->7777K(1563136K)] 1680270K->125294K(2087424K), 0.0083278 secs] [Times: user=0.17 sys=0.02, real=0.01 secs] 
2130.097: [GC (Allocation Failure) [PSYoungGen: 1562209K->7809K(1563648K)] 1679726K->125462K(2087936K), 0.0075219 secs] [Times: user=0.09 sys=0.00, real=0.01 secs] 
2140.091: [GC (Allocation Failure) [PSYoungGen: 1562241K->7617K(1564160K)] 1679894K->125302K(2088448K), 0.0065027 secs] [Times: user=0.13 sys=0.00, real=0.01 secs] 
2150.078: [GC (Allocation Failure) [PSYoungGen: 1563073K->7745K(1564160K)] 1680758K->125574K(2088448K), 0.0071110 secs] [Times: user=0.09 sys=0.01, real=0.01 secs] 
2160.020: [GC (Allocation Failure) [PSYoungGen: 1563201K->7681K(1564160K)] 1681030K->125566K(2088448K), 0.0081850 secs] [Times: user=0.10 sys=0.00, real=0.01 secs] 
2170.017: [GC (Allocation Failure) [PSYoungGen: 1563137K->7905K(1564160K)] 1681022K->125870K(2088448K), 0.0095555 secs] [Times: user=0.17 sys=0.00, real=0.01 secs] 
2179.948: [GC (Allocation Failure) [PSYoungGen: 1563361K->8400K(1564160K)] 1681326K->126404K(2088448K), 0.0074979 secs] [Times: user=0.16 sys=0.00, real=0.01 secs] 
2189.921: [GC (GCLocker Initiated GC) [PSYoungGen: 1563856K->6945K(1562624K)] 1681862K->125806K(2086912K), 0.0193978 secs] [Times: user=0.15 sys=0.01, real=0.02 secs] 
2199.883: [GC (Allocation Failure) [PSYoungGen: 1562401K->6753K(1563648K)] 1681270K->125646K(2087936K), 0.0098704 secs] [Times: user=0.06 sys=0.01, real=0.01 secs] 
2209.844: [GC (Allocation Failure) [PSYoungGen: 1561185K->7873K(1563648K)] 1680078K->126998K(2087936K), 0.0072903 secs] [Times: user=0.15 sys=0.00, real=0.00 secs] 
2219.840: [GC (Allocation Failure) [PSYoungGen: 1562305K->7745K(1564160K)] 1681430K->127030K(2088448K), 0.0076532 secs] [Times: user=0.17 sys=0.01, real=0.01 secs] 
2229.822: [GC (Allocation Failure) [PSYoungGen: 1562689K->7905K(1563648K)] 1681974K->127286K(2087936K), 0.0073038 secs] [Times: user=0.17 sys=0.01, real=0.01 secs] 
2239.792: [GC (Allocation Failure) [PSYoungGen: 1562849K->7841K(1564160K)] 1682230K->127342K(2088448K), 0.0074510 secs] [Times: user=0.14 sys=0.00, real=0.01 secs] 
2249.685: [GC (Allocation Failure) [PSYoungGen: 1563297K->8272K(1564160K)] 1682798K->127932K(2088448K), 0.0077572 secs] [Times: user=0.19 sys=0.00, real=0.01 secs] 
2259.649: [GC (Allocation Failure) [PSYoungGen: 1563728K->7745K(1564160K)] 1683388K->128404K(2088448K), 0.0068141 secs] [Times: user=0.16 sys=0.00, real=0.01 secs] 
2269.604: [GC (Allocation Failure) [PSYoungGen: 1563201K->7809K(1564160K)] 1683860K->128548K(2088448K), 0.0073860 secs] [Times: user=0.15 sys=0.00, real=0.00 secs] 
2279.563: [GC (Allocation Failure) [PSYoungGen: 1563265K->6689K(1563136K)] 1684004K->127556K(2087424K), 0.0119131 secs] [Times: user=0.10 sys=0.00, real=0.02 secs] 
2289.506: [GC (Allocation Failure) [PSYoungGen: 1561121K->7585K(1563648K)] 1681988K->128476K(2087936K), 0.0078011 secs] [Times: user=0.12 sys=0.00, real=0.00 secs] 
2299.425: [GC (Allocation Failure) [PSYoungGen: 1562017K->7873K(1564160K)] 1682908K->128932K(2088448K), 0.0070155 secs] [Times: user=0.16 sys=0.00, real=0.01 secs] 
2309.361: [GC (Allocation Failure) [PSYoungGen: 1563329K->7312K(1564160K)] 1684388K->128467K(2088448K), 0.0110051 secs] [Times: user=0.07 sys=0.00, real=0.01 secs] 
2319.293: [GC (Allocation Failure) [PSYoungGen: 1562768K->7777K(1564160K)] 1683923K->129867K(2088448K), 0.0070271 secs] [Times: user=0.11 sys=0.00, real=0.00 secs] 
2329.239: [GC (Allocation Failure) [PSYoungGen: 1563233K->7841K(1564160K)] 1685323K->130027K(2088448K), 0.0089919 secs] [Times: user=0.18 sys=0.00, real=0.01 secs] 
2339.202: [GC (Allocation Failure) [PSYoungGen: 1563297K->7649K(1564160K)] 1685483K->129955K(2088448K), 0.0068886 secs] [Times: user=0.16 sys=0.01, real=0.01 secs] 
2349.171: [GC (Allocation Failure) [PSYoungGen: 1563105K->7745K(1564160K)] 1685411K->130083K(2088448K), 0.0074807 secs] [Times: user=0.09 sys=0.00, real=0.01 secs] 
2359.146: [GC (Allocation Failure) [PSYoungGen: 1563201K->7777K(1564160K)] 1685539K->130179K(2088448K), 0.0086308 secs] [Times: user=0.19 sys=0.00, real=0.00 secs] 
2369.193: [GC (Allocation Failure) [PSYoungGen: 1563233K->7073K(1564160K)] 1685635K->129579K(2088448K), 0.0176254 secs] [Times: user=0.13 sys=0.00, real=0.02 secs] 
2379.103: [GC (Allocation Failure) [PSYoungGen: 1562529K->7984K(1564160K)] 1685035K->130586K(2088448K), 0.0077608 secs] [Times: user=0.13 sys=0.00, real=0.01 secs] 
2389.122: [GC (Allocation Failure) [PSYoungGen: 1563440K->6657K(1564160K)] 1686042K->130026K(2088448K), 0.0090377 secs] [Times: user=0.06 sys=0.00, real=0.01 secs] 
2399.082: [GC (Allocation Failure) [PSYoungGen: 1562113K->7649K(1564160K)] 1685482K->131282K(2088448K), 0.0067978 secs] [Times: user=0.15 sys=0.00, real=0.01 secs] 
2409.004: [GC (Allocation Failure) [PSYoungGen: 1563105K->7873K(1564160K)] 1686738K->131554K(2088448K), 0.0068014 secs] [Times: user=0.14 sys=0.00, real=0.00 secs] 
2418.967: [GC (Allocation Failure) [PSYoungGen: 1563329K->7649K(1564160K)] 1687010K->131466K(2088448K), 0.0088881 secs] [Times: user=0.17 sys=0.00, real=0.01 secs] 
2428.923: [GC (Allocation Failure) [PSYoungGen: 1563105K->7777K(1564160K)] 1686922K->131754K(2088448K), 0.0065074 secs] [Times: user=0.16 sys=0.00, real=0.01 secs] 
2438.843: [GC (Allocation Failure) [PSYoungGen: 1563233K->8528K(1564160K)] 1687210K->132536K(2088448K), 0.0071405 secs] [Times: user=0.17 sys=0.00, real=0.01 secs] 
2448.734: [GC (Allocation Failure) [PSYoungGen: 1563984K->6881K(1562624K)] 1687992K->131832K(2086912K), 0.0167260 secs] [Times: user=0.13 sys=0.01, real=0.02 secs] 
2458.624: [GC (Allocation Failure) [PSYoungGen: 1562337K->7713K(1564160K)] 1687288K->132800K(2088448K), 0.0086620 secs] [Times: user=0.17 sys=0.00, real=0.01 secs] 
2468.525: [GC (Allocation Failure) [PSYoungGen: 1562657K->7521K(1563648K)] 1687744K->132688K(2087936K), 0.0079211 secs] [Times: user=0.13 sys=0.01, real=0.01 secs] 
2478.408: [GC (Allocation Failure) [PSYoungGen: 1562465K->7841K(1564160K)] 1687632K->133024K(2088448K), 0.0077624 secs] [Times: user=0.17 sys=0.00, real=0.01 secs] 
2488.291: [GC (Allocation Failure) [PSYoungGen: 1563297K->6625K(1564160K)] 1688480K->131904K(2088448K), 0.0355494 secs] [Times: user=0.39 sys=0.00, real=0.04 secs] 
2498.216: [GC (Allocation Failure) [PSYoungGen: 1562081K->7617K(1564160K)] 1687360K->132968K(2088448K), 0.0082510 secs] [Times: user=0.17 sys=0.00, real=0.01 secs] 
2508.115: [GC (Allocation Failure) [PSYoungGen: 1563073K->8368K(1564160K)] 1688424K->133927K(2088448K), 0.0088689 secs] [Times: user=0.19 sys=0.00, real=0.01 secs] 
2517.957: [GC (Allocation Failure) [PSYoungGen: 1563824K->7809K(1564160K)] 1689383K->134279K(2088448K), 0.0075950 secs] [Times: user=0.15 sys=0.00, real=0.01 secs] 
2527.844: [GC (Allocation Failure) [PSYoungGen: 1563265K->7649K(1564160K)] 1689735K->134263K(2088448K), 0.0085840 secs] [Times: user=0.18 sys=0.01, real=0.01 secs] 
2537.746: [GC (Allocation Failure) [PSYoungGen: 1563105K->7713K(1564160K)] 1689719K->134463K(2088448K), 0.0065347 secs] [Times: user=0.12 sys=0.00, real=0.00 secs] 
2547.656: [GC (Allocation Failure) [PSYoungGen: 1563169K->7809K(1564160K)] 1689919K->134655K(2088448K), 0.0094749 secs] [Times: user=0.17 sys=0.00, real=0.01 secs] 
2557.529: [GC (Allocation Failure) [PSYoungGen: 1563265K->7745K(1564160K)] 1690111K->134767K(2088448K), 0.0080193 secs] [Times: user=0.18 sys=0.01, real=0.01 secs] 
2567.393: [GC (Allocation Failure) [PSYoungGen: 1563201K->6945K(1564160K)] 1690223K->133991K(2088448K), 0.0382987 secs] [Times: user=0.51 sys=0.00, real=0.04 secs] 
2577.314: [GC (Allocation Failure) [PSYoungGen: 1562401K->6689K(1564160K)] 1689447K->133759K(2088448K), 0.0223176 secs] [Times: user=0.21 sys=0.00, real=0.02 secs] 
2587.166: [GC (Allocation Failure) [PSYoungGen: 1562145K->8240K(1564160K)] 1689215K->135438K(2088448K), 0.0080292 secs] [Times: user=0.15 sys=0.00, real=0.01 secs] 
2597.060: [GC (Allocation Failure) [PSYoungGen: 1563696K->7297K(1564160K)] 1690894K->135286K(2088448K), 0.0366922 secs] [Times: user=0.48 sys=0.00, real=0.04 secs] 
2606.902: [GC (Allocation Failure) [PSYoungGen: 1562753K->7425K(1564160K)] 1690742K->135574K(2088448K), 0.0064310 secs] [Times: user=0.10 sys=0.00, real=0.01 secs] 
2616.845: [GC (Allocation Failure) [PSYoungGen: 1562881K->7873K(1564160K)] 1691030K->136054K(2088448K), 0.0081147 secs] [Times: user=0.16 sys=0.00, real=0.00 secs] 
2626.767: [GC (Allocation Failure) [PSYoungGen: 1563329K->6529K(1564160K)] 1691510K->134734K(2088448K), 0.0222024 secs] [Times: user=0.10 sys=0.00, real=0.03 secs] 
2636.702: [GC (Allocation Failure) [PSYoungGen: 1561985K->7777K(1564160K)] 1690190K->136126K(2088448K), 0.0064246 secs] [Times: user=0.13 sys=0.00, real=0.01 secs] 
2646.595: [GC (Allocation Failure) [PSYoungGen: 1563233K->7649K(1564160K)] 1691582K->136182K(2088448K), 0.0083759 secs] [Times: user=0.13 sys=0.00, real=0.01 secs] 
2656.471: [GC (Allocation Failure) [PSYoungGen: 1563105K->7873K(1564160K)] 1691638K->136430K(2088448K), 0.0065517 secs] [Times: user=0.14 sys=0.00, real=0.00 secs] 
2666.209: [GC (Allocation Failure) [PSYoungGen: 1563329K->8464K(1564160K)] 1691886K->137100K(2088448K), 0.0083911 secs] [Times: user=0.16 sys=0.00, real=0.01 secs] 
2676.059: [GC (Allocation Failure) [PSYoungGen: 1563920K->7617K(1563136K)] 1692556K->137260K(2087424K), 0.0083993 secs] [Times: user=0.16 sys=0.01, real=0.01 secs] 
2685.874: [GC (Allocation Failure) [PSYoungGen: 1562049K->7841K(1563648K)] 1691692K->137580K(2087936K), 0.0092891 secs] [Times: user=0.19 sys=0.01, real=0.01 secs] 
2695.692: [GC (Allocation Failure) [PSYoungGen: 1562273K->7777K(1564160K)] 1692012K->137644K(2088448K), 0.0070226 secs] [Times: user=0.17 sys=0.00, real=0.01 secs] 
2705.576: [GC (Allocation Failure) [PSYoungGen: 1563233K->7073K(1564160K)] 1693100K->137052K(2088448K), 0.0083587 secs] [Times: user=0.08 sys=0.00, real=0.01 secs] 
2715.414: [GC (Allocation Failure) [PSYoungGen: 1562529K->7777K(1564160K)] 1692508K->137756K(2088448K), 0.0087774 secs] [Times: user=0.16 sys=0.01, real=0.01 secs] 
2725.217: [GC (Allocation Failure) [PSYoungGen: 1563233K->7745K(1564160K)] 1693212K->138012K(2088448K), 0.0070479 secs] [Times: user=0.15 sys=0.00, real=0.01 secs] 
2735.007: [GC (Allocation Failure) [PSYoungGen: 1563201K->8208K(1564160K)] 1693468K->138515K(2088448K), 0.0073382 secs] [Times: user=0.12 sys=0.00, real=0.01 secs] 
2744.928: [GC (Allocation Failure) [PSYoungGen: 1563664K->7809K(1564160K)] 1693971K->139091K(2088448K), 0.0083646 secs] [Times: user=0.12 sys=0.02, real=0.01 secs] 
2754.757: [GC (Allocation Failure) [PSYoungGen: 1563265K->7649K(1564160K)] 1694547K->139083K(2088448K), 0.0068915 secs] [Times: user=0.13 sys=0.00, real=0.00 secs] 
2764.612: [GC (Allocation Failure) [PSYoungGen: 1563105K->7873K(1564160K)] 1694539K->139339K(2088448K), 0.0074239 secs] [Times: user=0.14 sys=0.01, real=0.01 secs] 
2774.430: [GC (Allocation Failure) [PSYoungGen: 1563329K->6593K(1564160K)] 1694795K->138067K(2088448K), 0.0158075 secs] [Times: user=0.11 sys=0.00, real=0.01 secs] 
2784.282: [GC (Allocation Failure) [PSYoungGen: 1562049K->7649K(1564160K)] 1693523K->139323K(2088448K), 0.0075362 secs] [Times: user=0.13 sys=0.01, real=0.00 secs] 
2794.125: [GC (Allocation Failure) [PSYoungGen: 1563105K->7009K(1564160K)] 1694779K->138707K(2088448K), 0.0162739 secs] [Times: user=0.11 sys=0.00, real=0.01 secs] 
2803.990: [GC (Allocation Failure) [PSYoungGen: 1562465K->7824K(1564160K)] 1694163K->139553K(2088448K), 0.0105591 secs] [Times: user=0.10 sys=0.00, real=0.01 secs] 
2813.899: [GC (Allocation Failure) [PSYoungGen: 1563280K->7777K(1564160K)] 1695009K->140401K(2088448K), 0.0062968 secs] [Times: user=0.11 sys=0.01, real=0.01 secs] 
2823.762: [GC (Allocation Failure) [PSYoungGen: 1563233K->7617K(1564160K)] 1695857K->140305K(2088448K), 0.0068229 secs] [Times: user=0.16 sys=0.00, real=0.01 secs] 
2833.597: [GC (Allocation Failure) [PSYoungGen: 1563073K->7777K(1564160K)] 1695761K->140577K(2088448K), 0.0069645 secs] [Times: user=0.14 sys=0.01, real=0.01 secs] 
2843.527: [GC (Allocation Failure) [PSYoungGen: 1563233K->7809K(1564160K)] 1696033K->140713K(2088448K), 0.0095471 secs] [Times: user=0.18 sys=0.01, real=0.01 secs] 
2853.383: [GC (Allocation Failure) [PSYoungGen: 1563265K->7105K(1564160K)] 1696169K->140097K(2088448K), 0.0096133 secs] [Times: user=0.08 sys=0.00, real=0.01 secs] 
2863.348: [GC (Allocation Failure) [PSYoungGen: 1562561K->6849K(1564160K)] 1695553K->139929K(2088448K), 0.0121214 secs] [Times: user=0.05 sys=0.01, real=0.01 secs] 
2873.174: [GC (Allocation Failure) [PSYoungGen: 1562305K->7745K(1564160K)] 1695385K->140993K(2088448K), 0.0083895 secs] [Times: user=0.14 sys=0.00, real=0.01 secs] 
2882.893: [GC (Allocation Failure) [PSYoungGen: 1563201K->8592K(1564160K)] 1696449K->141912K(2088448K), 0.0068245 secs] [Times: user=0.12 sys=0.00, real=0.01 secs] 
2892.715: [GC (Allocation Failure) [PSYoungGen: 1564048K->7041K(1563136K)] 1697368K->141144K(2087424K), 0.0069453 secs] [Times: user=0.06 sys=0.01, real=0.01 secs] 
2902.547: [GC (Allocation Failure) [PSYoungGen: 1561473K->7745K(1563648K)] 1695576K->142048K(2087936K), 0.0077635 secs] [Times: user=0.15 sys=0.00, real=0.01 secs] 
2912.469: [GC (Allocation Failure) [PSYoungGen: 1562177K->7649K(1564160K)] 1696480K->142024K(2088448K), 0.0072549 secs] [Times: user=0.14 sys=0.00, real=0.01 secs] 
2922.260: [GC (Allocation Failure) [PSYoungGen: 1563105K->7809K(1564160K)] 1697480K->142360K(2088448K), 0.0080762 secs] [Times: user=0.19 sys=0.00, real=0.01 secs] 
2932.009: [GC (Allocation Failure) [PSYoungGen: 1563265K->7841K(1564160K)] 1697816K->142464K(2088448K), 0.0074237 secs] [Times: user=0.14 sys=0.01, real=0.01 secs] 
2941.771: [GC (Allocation Failure) [PSYoungGen: 1563297K->7777K(1564160K)] 1697920K->142472K(2088448K), 0.0071345 secs] [Times: user=0.15 sys=0.00, real=0.01 secs] 
2951.549: [GC (Allocation Failure) [PSYoungGen: 1563233K->7696K(1564160K)] 1697928K->142479K(2088448K), 0.0117778 secs] [Times: user=0.11 sys=0.00, real=0.01 secs] 
2961.305: [GC (Allocation Failure) [PSYoungGen: 1563152K->6689K(1564160K)] 1697935K->142311K(2088448K), 0.0460114 secs] [Times: user=0.55 sys=0.00, real=0.05 secs] 
2971.052: [GC (Allocation Failure) [PSYoungGen: 1562145K->7233K(1564160K)] 1697767K->142887K(2088448K), 0.0088909 secs] [Times: user=0.08 sys=0.00, real=0.01 secs] 
2980.782: [GC (Allocation Failure) [PSYoungGen: 1562689K->7297K(1564160K)] 1698343K->142975K(2088448K), 0.0075427 secs] [Times: user=0.06 sys=0.00, real=0.00 secs] 
2990.486: [GC (Allocation Failure) [PSYoungGen: 1562743K->7169K(1564160K)] 1698421K->142935K(2088448K), 0.0547686 secs] [Times: user=0.52 sys=0.00, real=0.05 secs] 
3000.230: [GC (Allocation Failure) [PSYoungGen: 1562625K->6817K(1564160K)] 1698391K->142615K(2088448K), 0.0089109 secs] [Times: user=0.05 sys=0.00, real=0.01 secs] 
3009.977: [GC (Allocation Failure) [PSYoungGen: 1562273K->7617K(1564160K)] 1698071K->143455K(2088448K), 0.0064297 secs] [Times: user=0.05 sys=0.00, real=0.00 secs] 
3019.639: [GC (Allocation Failure) [PSYoungGen: 1563073K->8400K(1564160K)] 1698911K->144373K(2088448K), 0.0082977 secs] [Times: user=0.17 sys=0.00, real=0.01 secs] 
3029.442: [GC (Allocation Failure) [PSYoungGen: 1563856K->7521K(1564160K)] 1699829K->144349K(2088448K), 0.0091976 secs] [Times: user=0.10 sys=0.00, real=0.01 secs] 
3039.221: [GC (Allocation Failure) [PSYoungGen: 1562977K->7809K(1564160K)] 1699805K->144709K(2088448K), 0.0075408 secs] [Times: user=0.14 sys=0.01, real=0.00 secs] 
3048.982: [GC (Allocation Failure) [PSYoungGen: 1563265K->7713K(1564160K)] 1700165K->144701K(2088448K), 0.0074319 secs] [Times: user=0.14 sys=0.00, real=0.00 secs] 
3058.879: [GC (Allocation Failure) [PSYoungGen: 1563169K->7457K(1564160K)] 1700157K->144557K(2088448K), 0.0077532 secs] [Times: user=0.13 sys=0.00, real=0.01 secs] 
3068.666: [GC (Allocation Failure) [PSYoungGen: 1562913K->6817K(1564160K)] 1700013K->144021K(2088448K), 0.0099935 secs] [Times: user=0.06 sys=0.00, real=0.01 secs] 
3078.406: [GC (Allocation Failure) [PSYoungGen: 1562273K->6689K(1564160K)] 1699477K->143933K(2088448K), 0.0117157 secs] [Times: user=0.06 sys=0.00, real=0.01 secs] 
3088.145: [GC (Allocation Failure) [PSYoungGen: 1562145K->8144K(1564160K)] 1699389K->145436K(2088448K), 0.0063247 secs] [Times: user=0.08 sys=0.00, real=0.01 secs] 
3097.818: [GC (Allocation Failure) [PSYoungGen: 1563600K->7745K(1564160K)] 1700892K->145996K(2088448K), 0.0076114 secs] [Times: user=0.15 sys=0.00, real=0.00 secs] 
3107.530: [GC (Allocation Failure) [PSYoungGen: 1563201K->7841K(1564160K)] 1701452K->146188K(2088448K), 0.0074699 secs] [Times: user=0.17 sys=0.01, real=0.01 secs] 
3117.228: [GC (Allocation Failure) [PSYoungGen: 1563297K->7809K(1564160K)] 1701644K->146268K(2088448K), 0.0090889 secs] [Times: user=0.17 sys=0.00, real=0.01 secs] 
3127.000: [GC (Allocation Failure) [PSYoungGen: 1563265K->7681K(1564160K)] 1701724K->146220K(2088448K), 0.0092031 secs] [Times: user=0.21 sys=0.00, real=0.01 secs] 
3136.715: [GC (Allocation Failure) [PSYoungGen: 1563137K->7841K(1564160K)] 1701676K->146412K(2088448K), 0.0088888 secs] [Times: user=0.18 sys=0.00, real=0.01 secs] 
3146.437: [GC (Allocation Failure) [PSYoungGen: 1563297K->6625K(1564160K)] 1701868K->145284K(2088448K), 0.0141368 secs] [Times: user=0.11 sys=0.00, real=0.01 secs] 
3156.107: [GC (Allocation Failure) [PSYoungGen: 1562081K->7920K(1564160K)] 1700740K->146642K(2088448K), 0.0076340 secs] [Times: user=0.10 sys=0.00, real=0.01 secs] 
3165.934: [GC (Allocation Failure) [PSYoungGen: 1563376K->7137K(1564160K)] 1702098K->146706K(2088448K), 0.0064027 secs] [Times: user=0.06 sys=0.00, real=0.01 secs] 
3175.692: [GC (Allocation Failure) [PSYoungGen: 1562593K->6497K(1564160K)] 1702162K->146170K(2088448K), 0.0122184 secs] [Times: user=0.08 sys=0.01, real=0.01 secs] 
3185.456: [GC (Allocation Failure) [PSYoungGen: 1561953K->7873K(1563136K)] 1701626K->147626K(2087424K), 0.0080699 secs] [Times: user=0.13 sys=0.01, real=0.01 secs] 
3195.302: [GC (Allocation Failure) [PSYoungGen: 1562305K->7777K(1563648K)] 1702058K->147602K(2087936K), 0.0068927 secs] [Times: user=0.15 sys=0.00, real=0.01 secs] 
3205.057: [GC (Allocation Failure) [PSYoungGen: 1562209K->6721K(1563648K)] 1702034K->146674K(2087936K), 0.0147651 secs] [Times: user=0.15 sys=0.00, real=0.01 secs] 
3214.801: [GC (Allocation Failure) [PSYoungGen: 1561153K->6753K(1563648K)] 1701106K->146739K(2087936K), 0.0415444 secs] [Times: user=0.23 sys=0.00, real=0.04 secs] 
3224.586: [GC (Allocation Failure) [PSYoungGen: 1561185K->8528K(1563648K)] 1701171K->148561K(2087936K), 0.0091814 secs] [Times: user=0.17 sys=0.00, real=0.01 secs] 
3234.290: [GC (Allocation Failure) [PSYoungGen: 1562960K->7297K(1563648K)] 1702993K->148249K(2087936K), 0.0077050 secs] [Times: user=0.14 sys=0.00, real=0.00 secs] 
3244.017: [GC (Allocation Failure) [PSYoungGen: 1561729K->6689K(1563648K)] 1702681K->147681K(2087936K), 0.0125745 secs] [Times: user=0.07 sys=0.00, real=0.01 secs] 
3253.762: [GC (Allocation Failure) [PSYoungGen: 1561121K->7713K(1563648K)] 1702113K->148905K(2087936K), 0.0073856 secs] [Times: user=0.17 sys=0.00, real=0.00 secs] 
3263.502: [GC (Allocation Failure) [PSYoungGen: 1562145K->7713K(1563648K)] 1703337K->149041K(2087936K), 0.0072005 secs] [Times: user=0.12 sys=0.00, real=0.01 secs] 
3273.224: [GC (Allocation Failure) [PSYoungGen: 1562145K->7617K(1563648K)] 1703473K->148961K(2087936K), 0.0065311 secs] [Times: user=0.12 sys=0.00, real=0.01 secs] 
3283.044: [GC (Allocation Failure) [PSYoungGen: 1562049K->7809K(1563648K)] 1703393K->149281K(2087936K), 0.0074018 secs] [Times: user=0.11 sys=0.00, real=0.01 secs] 
3292.765: [GC (Allocation Failure) [PSYoungGen: 1562241K->7489K(1563648K)] 1703713K->149089K(2087936K), 0.0061992 secs] [Times: user=0.08 sys=0.00, real=0.01 secs] 
3302.466: [GC (Allocation Failure) [PSYoungGen: 1561921K->8336K(1563136K)] 1703521K->150040K(2087424K), 0.0076453 secs] [Times: user=0.17 sys=0.00, real=0.01 secs] 
3312.166: [GC (Allocation Failure) [PSYoungGen: 1562768K->7809K(1563648K)] 1704472K->150512K(2087936K), 0.0085942 secs] [Times: user=0.20 sys=0.00, real=0.01 secs] 
3321.892: [GC (Allocation Failure) [PSYoungGen: 1562241K->7361K(1563648K)] 1704944K->150144K(2087936K), 0.0075445 secs] [Times: user=0.13 sys=0.01, real=0.01 secs] 
3331.651: [GC (Allocation Failure) [PSYoungGen: 1561793K->6657K(1563648K)] 1704576K->149528K(2087936K), 0.0193181 secs] [Times: user=0.14 sys=0.00, real=0.02 secs] 
3341.423: [GC (Allocation Failure) [PSYoungGen: 1561089K->7745K(1563648K)] 1703960K->150688K(2087936K), 0.0075704 secs] [Times: user=0.14 sys=0.00, real=0.01 secs] 
3351.144: [GC (Allocation Failure) [PSYoungGen: 1562177K->7841K(1563648K)] 1705120K->150920K(2087936K), 0.0076082 secs] [Times: user=0.14 sys=0.00, real=0.01 secs] 
3360.876: [GC (Allocation Failure) [PSYoungGen: 1562273K->6913K(1563648K)] 1705352K->150088K(2087936K), 0.0156820 secs] [Times: user=0.10 sys=0.01, real=0.02 secs] 
3370.537: [GC (Allocation Failure) [PSYoungGen: 1561345K->7696K(1563648K)] 1704520K->150878K(2087936K), 0.1339849 secs] [Times: user=0.75 sys=0.01, real=0.14 secs] 
3380.254: [GC (Allocation Failure) [PSYoungGen: 1562128K->7553K(1564160K)] 1705310K->151670K(2088448K), 0.0079054 secs] [Times: user=0.10 sys=0.02, real=0.01 secs] 
3389.897: [GC (Allocation Failure) [PSYoungGen: 1563009K->6433K(1564160K)] 1707126K->150638K(2088448K), 0.0106842 secs] [Times: user=0.06 sys=0.00, real=0.01 secs] 
3399.637: [GC (Allocation Failure) [PSYoungGen: 1561889K->7873K(1564160K)] 1706094K->152142K(2088448K), 0.0083580 secs] [Times: user=0.20 sys=0.00, real=0.01 secs] 
3409.320: [GC (Allocation Failure) [PSYoungGen: 1563329K->7745K(1564160K)] 1707598K->152126K(2088448K), 0.0071507 secs] [Times: user=0.13 sys=0.00, real=0.01 secs] 
3418.982: [GC (Allocation Failure) [PSYoungGen: 1563201K->7489K(1564160K)] 1707582K->152054K(2088448K), 0.0075117 secs] [Times: user=0.15 sys=0.01, real=0.01 secs] 
3428.672: [GC (Allocation Failure) [PSYoungGen: 1562945K->7777K(1564160K)] 1707510K->152382K(2088448K), 0.0084557 secs] [Times: user=0.08 sys=0.00, real=0.01 secs] 
3438.352: [GC (Allocation Failure) [PSYoungGen: 1563233K->7425K(1564160K)] 1707838K->152150K(2088448K), 0.0066583 secs] [Times: user=0.11 sys=0.00, real=0.00 secs] 
3448.054: [GC (Allocation Failure) [PSYoungGen: 1562881K->7585K(1564160K)] 1707606K->152526K(2088448K), 0.0069573 secs] [Times: user=0.13 sys=0.00, real=0.01 secs] 
3457.751: [GC (Allocation Failure) [PSYoungGen: 1563041K->7792K(1564160K)] 1707982K->152789K(2088448K), 0.0600971 secs] [Times: user=0.65 sys=0.00, real=0.06 secs] 
3467.485: [GC (Allocation Failure) [PSYoungGen: 1563248K->7745K(1564160K)] 1708245K->153733K(2088448K), 0.0083180 secs] [Times: user=0.14 sys=0.00, real=0.00 secs] 
3477.230: [GC (Allocation Failure) [PSYoungGen: 1563201K->7361K(1564160K)] 1709189K->153357K(2088448K), 0.0072926 secs] [Times: user=0.12 sys=0.01, real=0.01 secs] 
3487.004: [GC (Allocation Failure) [PSYoungGen: 1562817K->6881K(1564160K)] 1708813K->152917K(2088448K), 0.0281498 secs] [Times: user=0.20 sys=0.00, real=0.03 secs] 
3496.746: [GC (Allocation Failure) [PSYoungGen: 1562337K->7713K(1564160K)] 1708373K->153885K(2088448K), 0.0084438 secs] [Times: user=0.18 sys=0.00, real=0.01 secs] 
3506.515: [GC (Allocation Failure) [PSYoungGen: 1563169K->7841K(1564160K)] 1709341K->154133K(2088448K), 0.0073356 secs] [Times: user=0.16 sys=0.00, real=0.01 secs] 
3516.277: [GC (Allocation Failure) [PSYoungGen: 1563297K->7489K(1564160K)] 1709589K->153797K(2088448K), 0.0081671 secs] [Times: user=0.08 sys=0.00, real=0.01 secs] 
3525.927: [GC (Allocation Failure) [PSYoungGen: 1562945K->8336K(1564160K)] 1709253K->154756K(2088448K), 0.0077684 secs] [Times: user=0.14 sys=0.00, real=0.01 secs] 
3535.592: [GC (Allocation Failure) [PSYoungGen: 1563792K->7777K(1564160K)] 1710212K->155196K(2088448K), 0.0081575 secs] [Times: user=0.18 sys=0.00, real=0.01 secs] 
3545.255: [GC (Allocation Failure) [PSYoungGen: 1563233K->7777K(1564160K)] 1710652K->155340K(2088448K), 0.0071474 secs] [Times: user=0.11 sys=0.01, real=0.01 secs] 
3554.978: [GC (Allocation Failure) [PSYoungGen: 1563233K->7233K(1564160K)] 1710796K->154820K(2088448K), 0.0330749 secs] [Times: user=0.33 sys=0.01, real=0.03 secs] 
3564.629: [GC (Allocation Failure) [PSYoungGen: 1562689K->7265K(1564160K)] 1710276K->154948K(2088448K), 0.0075016 secs] [Times: user=0.12 sys=0.01, real=0.01 secs] 
3574.288: [GC (Allocation Failure) [PSYoungGen: 1562721K->6625K(1564160K)] 1710404K->154340K(2088448K), 0.0476945 secs] [Times: user=0.58 sys=0.00, real=0.05 secs] 
3583.931: [GC (Allocation Failure) [PSYoungGen: 1562081K->7745K(1564160K)] 1709796K->155612K(2088448K), 0.0066666 secs] [Times: user=0.14 sys=0.00, real=0.01 secs] 
3593.531: [GC (Allocation Failure) [PSYoungGen: 1563201K->7408K(1564160K)] 1711068K->155298K(2088448K), 0.0136475 secs] [Times: user=0.06 sys=0.00, real=0.02 secs] 
3603.187: [GC (Allocation Failure) [PSYoungGen: 1562864K->6913K(1564160K)] 1710754K->155722K(2088448K), 0.0071602 secs] [Times: user=0.12 sys=0.00, real=0.00 secs] 
3612.874: [GC (Allocation Failure) [PSYoungGen: 1562369K->7297K(1564160K)] 1711178K->156250K(2088448K), 0.0077980 secs] [Times: user=0.12 sys=0.01, real=0.01 secs] 
3622.580: [GC (Allocation Failure) [PSYoungGen: 1562753K->7472K(1564160K)] 1711706K->156449K(2088448K), 0.0109780 secs] [Times: user=0.06 sys=0.00, real=0.01 secs] 
3632.237: [GC (Allocation Failure) [PSYoungGen: 1562928K->7745K(1564160K)] 1711905K->158025K(2088448K), 0.0152066 secs] [Times: user=0.34 sys=0.02, real=0.02 secs] 
3641.913: [GC (Allocation Failure) [PSYoungGen: 1563201K->6625K(1564160K)] 1713481K->156945K(2088448K), 0.0549332 secs] [Times: user=0.58 sys=0.00, real=0.05 secs] 
3651.623: [GC (Allocation Failure) [PSYoungGen: 1562081K->7841K(1564160K)] 1712401K->158233K(2088448K), 0.0064977 secs] [Times: user=0.13 sys=0.00, real=0.00 secs] 
3661.380: [GC (Allocation Failure) [PSYoungGen: 1563297K->6497K(1564160K)] 1713689K->156985K(2088448K), 0.0259185 secs] [Times: user=0.26 sys=0.00, real=0.03 secs] 
3671.011: [GC (Allocation Failure) [PSYoungGen: 1561953K->7745K(1564160K)] 1712441K->158321K(2088448K), 0.0073530 secs] [Times: user=0.11 sys=0.00, real=0.01 secs] 
3680.650: [GC (Allocation Failure) [PSYoungGen: 1563201K->7873K(1564160K)] 1713777K->158569K(2088448K), 0.0071748 secs] [Times: user=0.15 sys=0.00, real=0.01 secs] 
3690.300: [GC (Allocation Failure) [PSYoungGen: 1563269K->7280K(1564160K)] 1713965K->158071K(2088448K), 0.0215798 secs] [Times: user=0.14 sys=0.00, real=0.02 secs] 
3699.973: [GC (Allocation Failure) [PSYoungGen: 1562736K->7809K(1564160K)] 1713527K->159599K(2088448K), 0.0084073 secs] [Times: user=0.16 sys=0.02, real=0.01 secs] 
3709.608: [GC (Allocation Failure) [PSYoungGen: 1563265K->7713K(1564160K)] 1715055K->159583K(2088448K), 0.0072881 secs] [Times: user=0.10 sys=0.01, real=0.01 secs] 
3719.268: [GC (Allocation Failure) [PSYoungGen: 1563169K->7649K(1564160K)] 1715039K->159639K(2088448K), 0.0084736 secs] [Times: user=0.15 sys=0.01, real=0.01 secs] 
3728.990: [GC (Allocation Failure) [PSYoungGen: 1563105K->7137K(1564160K)] 1715095K->159223K(2088448K), 0.0084227 secs] [Times: user=0.11 sys=0.00, real=0.01 secs] 
3738.798: [GC (Allocation Failure) [PSYoungGen: 1562593K->7905K(1564160K)] 1714679K->160047K(2088448K), 0.0092077 secs] [Times: user=0.19 sys=0.00, real=0.01 secs] 
3748.557: [GC (Allocation Failure) [PSYoungGen: 1563361K->7841K(1564160K)] 1715503K->160175K(2088448K), 0.0068614 secs] [Times: user=0.15 sys=0.00, real=0.00 secs] 
3758.159: [GC (Allocation Failure) [PSYoungGen: 1563297K->8496K(1564160K)] 1715631K->160926K(2088448K), 0.0078375 secs] [Times: user=0.14 sys=0.00, real=0.01 secs] 
3767.952: [GC (Allocation Failure) [PSYoungGen: 1563952K->6881K(1563136K)] 1716382K->160142K(2087424K), 0.0187868 secs] [Times: user=0.21 sys=0.00, real=0.02 secs] 
3777.544: [GC (Allocation Failure) [PSYoungGen: 1561313K->7393K(1563648K)] 1714574K->160702K(2087936K), 0.0095371 secs] [Times: user=0.12 sys=0.00, real=0.01 secs] 
3787.282: [GC (Allocation Failure) [PSYoungGen: 1561825K->7745K(1564160K)] 1715134K->161174K(2088448K), 0.0069929 secs] [Times: user=0.14 sys=0.01, real=0.01 secs] 
3796.978: [GC (Allocation Failure) [PSYoungGen: 1562689K->7553K(1563648K)] 1716118K->161102K(2087936K), 0.0087225 secs] [Times: user=0.10 sys=0.00, real=0.01 secs] 
3806.625: [GC (Allocation Failure) [PSYoungGen: 1562497K->7329K(1564160K)] 1716046K->160910K(2088448K), 0.0081136 secs] [Times: user=0.09 sys=0.00, real=0.01 secs] 
3816.457: [GC (Allocation Failure) [PSYoungGen: 1562785K->7585K(1564160K)] 1716366K->161270K(2088448K), 0.0067527 secs] [Times: user=0.09 sys=0.01, real=0.01 secs] 
3826.093: [GC (Allocation Failure) [PSYoungGen: 1563041K->8400K(1564160K)] 1716726K->162165K(2088448K), 0.0067536 secs] [Times: user=0.14 sys=0.00, real=0.01 secs] 
3835.708: [GC (Allocation Failure) [PSYoungGen: 1563856K->6529K(1562112K)] 1717621K->161149K(2086400K), 0.0131613 secs] [Times: user=0.06 sys=0.00, real=0.02 secs] 
3845.381: [GC (Allocation Failure) [PSYoungGen: 1561985K->7841K(1563648K)] 1716605K->162509K(2087936K), 0.0070748 secs] [Times: user=0.16 sys=0.01, real=0.01 secs] 
3854.999: [GC (Allocation Failure) [PSYoungGen: 1562273K->7073K(1563648K)] 1716941K->161797K(2087936K), 0.0229649 secs] [Times: user=0.21 sys=0.00, real=0.02 secs] 
3864.614: [GC (Allocation Failure) [PSYoungGen: 1561505K->7777K(1564160K)] 1716229K->162685K(2088448K), 0.0069025 secs] [Times: user=0.15 sys=0.01, real=0.01 secs] 
3874.300: [GC (Allocation Failure) [PSYoungGen: 1563233K->7745K(1564160K)] 1718141K->162661K(2088448K), 0.0065835 secs] [Times: user=0.14 sys=0.00, real=0.01 secs] 
3883.883: [GC (Allocation Failure) [PSYoungGen: 1563201K->6625K(1564160K)] 1718117K->161629K(2088448K), 0.0178245 secs] [Times: user=0.05 sys=0.00, real=0.02 secs] 
3893.504: [GC (Allocation Failure) [PSYoungGen: 1562081K->7841K(1563648K)] 1717085K->163013K(2087936K), 0.0073072 secs] [Times: user=0.16 sys=0.00, real=0.01 secs] 
3903.103: [GC (Allocation Failure) [PSYoungGen: 1563297K->8400K(1563648K)] 1718469K->163587K(2087936K), 0.0069401 secs] [Times: user=0.15 sys=0.00, real=0.00 secs] 
3912.702: [GC (Allocation Failure) [PSYoungGen: 1562832K->7105K(1563648K)] 1718019K->163171K(2087936K), 0.0138713 secs] [Times: user=0.17 sys=0.00, real=0.02 secs] 
3922.352: [GC (Allocation Failure) [PSYoungGen: 1561511K->7777K(1563648K)] 1717577K->163971K(2087936K), 0.0096737 secs] [Times: user=0.17 sys=0.00, real=0.01 secs] 
3931.955: [GC (Allocation Failure) [PSYoungGen: 1562209K->7905K(1563648K)] 1718403K->164227K(2087936K), 0.0072854 secs] [Times: user=0.13 sys=0.01, real=0.01 secs] 
3941.675: [GC (Allocation Failure) [PSYoungGen: 1562337K->7681K(1563648K)] 1718659K->164107K(2087936K), 0.0097794 secs] [Times: user=0.14 sys=0.00, real=0.01 secs] 
3951.277: [GC (Allocation Failure) [PSYoungGen: 1562113K->7841K(1563648K)] 1718539K->164395K(2087936K), 0.0078420 secs] [Times: user=0.16 sys=0.01, real=0.01 secs] 
3960.902: [GC (Allocation Failure) [PSYoungGen: 1562273K->7297K(1564160K)] 1718827K->163875K(2088448K), 0.0391206 secs] [Times: user=0.38 sys=0.00, real=0.04 secs] 
3970.521: [GC (Allocation Failure) [PSYoungGen: 1562241K->8176K(1563648K)] 1718819K->164850K(2087936K), 0.0073585 secs] [Times: user=0.15 sys=0.00, real=0.00 secs] 
3980.080: [GC (Allocation Failure) [PSYoungGen: 1563120K->7809K(1563648K)] 1719794K->165498K(2087936K), 0.0083472 secs] [Times: user=0.15 sys=0.00, real=0.01 secs] 
3989.646: [GC (Allocation Failure) [PSYoungGen: 1562241K->7617K(1563648K)] 1719930K->165338K(2087936K), 0.0064386 secs] [Times: user=0.09 sys=0.00, real=0.00 secs] 
3999.239: [GC (Allocation Failure) [PSYoungGen: 1562049K->7841K(1564160K)] 1719770K->165658K(2088448K), 0.0058017 secs] [Times: user=0.07 sys=0.00, real=0.00 secs] 
4008.782: [GC (Allocation Failure) [PSYoungGen: 1563297K->7297K(1564160K)] 1721114K->165122K(2088448K), 0.0127021 secs] [Times: user=0.10 sys=0.00, real=0.01 secs] 
4018.376: [GC (Allocation Failure) [PSYoungGen: 1562753K->7777K(1564160K)] 1720578K->165658K(2088448K), 0.0077351 secs] [Times: user=0.12 sys=0.01, real=0.01 secs] 
4027.934: [GC (Allocation Failure) [PSYoungGen: 1563233K->7649K(1564160K)] 1721114K->165618K(2088448K), 0.0077564 secs] [Times: user=0.11 sys=0.00, real=0.01 secs] 
4037.441: [GC (Allocation Failure) [PSYoungGen: 1563105K->7600K(1564160K)] 1721074K->165592K(2088448K), 0.0089845 secs] [Times: user=0.06 sys=0.00, real=0.01 secs] 
4047.094: [GC (Allocation Failure) [PSYoungGen: 1563056K->6689K(1564160K)] 1721048K->165528K(2088448K), 0.0146739 secs] [Times: user=0.05 sys=0.00, real=0.01 secs] 
4056.592: [GC (Allocation Failure) [PSYoungGen: 1562145K->6881K(1564160K)] 1720984K->165752K(2088448K), 0.0207176 secs] [Times: user=0.12 sys=0.00, real=0.02 secs] 
4066.213: [GC (Allocation Failure) [PSYoungGen: 1562337K->6689K(1564160K)] 1721208K->165592K(2088448K), 0.0283005 secs] [Times: user=0.17 sys=0.00, real=0.03 secs] 
4075.874: [GC (Allocation Failure) [PSYoungGen: 1562145K->7713K(1564160K)] 1721048K->166768K(2088448K), 0.0053476 secs] [Times: user=0.05 sys=0.00, real=0.01 secs] 
4085.462: [GC (Allocation Failure) [PSYoungGen: 1563169K->6593K(1564160K)] 1722224K->165664K(2088448K), 0.0136854 secs] [Times: user=0.09 sys=0.00, real=0.01 secs] 
4095.047: [GC (Allocation Failure) [PSYoungGen: 1562049K->6657K(1564160K)] 1721120K->165832K(2088448K), 0.0378104 secs] [Times: user=0.25 sys=0.00, real=0.04 secs] 
4104.590: [GC (Allocation Failure) [PSYoungGen: 1562113K->7536K(1564160K)] 1721288K->166735K(2088448K), 0.0398424 secs] [Times: user=0.45 sys=0.00, real=0.04 secs] 
4114.232: [GC (Allocation Failure) [PSYoungGen: 1562992K->6593K(1564160K)] 1722191K->166583K(2088448K), 0.0495549 secs] [Times: user=0.26 sys=0.00, real=0.05 secs] 
4123.886: [GC (Allocation Failure) [PSYoungGen: 1562049K->6689K(1564160K)] 1722039K->166751K(2088448K), 0.0727936 secs] [Times: user=0.43 sys=0.00, real=0.07 secs] 
4133.477: [GC (Allocation Failure) [PSYoungGen: 1562145K->7233K(1564160K)] 1722207K->167311K(2088448K), 0.0341929 secs] [Times: user=0.31 sys=0.00, real=0.03 secs] 
4143.146: [GC (Allocation Failure) [PSYoungGen: 1562689K->6785K(1564160K)] 1722767K->166959K(2088448K), 0.0137107 secs] [Times: user=0.06 sys=0.00, real=0.02 secs] 
4152.733: [GC (Allocation Failure) [PSYoungGen: 1562241K->7745K(1564160K)] 1722415K->168015K(2088448K), 0.0064480 secs] [Times: user=0.08 sys=0.01, real=0.01 secs] 
4162.343: [GC (Allocation Failure) [PSYoungGen: 1563201K->7649K(1564160K)] 1723471K->167943K(2088448K), 0.0076296 secs] [Times: user=0.08 sys=0.00, real=0.01 secs] 
4171.926: [GC (Allocation Failure) [PSYoungGen: 1563105K->7777K(1564160K)] 1723399K->168255K(2088448K), 0.0081557 secs] [Times: user=0.13 sys=0.00, real=0.01 secs] 
4181.450: [GC (Allocation Failure) [PSYoungGen: 1563233K->8528K(1564160K)] 1723711K->169054K(2088448K), 0.0093068 secs] [Times: user=0.19 sys=0.00, real=0.01 secs] 
4190.950: [GC (Allocation Failure) [PSYoungGen: 1563984K->7873K(1563136K)] 1724510K->169316K(2087424K), 0.0072629 secs] [Times: user=0.17 sys=0.00, real=0.01 secs] 
4200.449: [GC (Allocation Failure) [PSYoungGen: 1562305K->7457K(1563648K)] 1723748K->168988K(2087936K), 0.0092430 secs] [Times: user=0.10 sys=0.00, real=0.01 secs] 
4209.953: [GC (Allocation Failure) [PSYoungGen: 1561889K->7841K(1563648K)] 1723420K->169437K(2087936K), 0.0096986 secs] [Times: user=0.19 sys=0.00, real=0.01 secs] 
4219.556: [GC (Allocation Failure) [PSYoungGen: 1562273K->7841K(1563648K)] 1723869K->169445K(2087936K), 0.0079634 secs] [Times: user=0.16 sys=0.00, real=0.01 secs] 
4229.075: [GC (Allocation Failure) [PSYoungGen: 1562273K->7649K(1564160K)] 1723877K->169389K(2088448K), 0.0091023 secs] [Times: user=0.13 sys=0.00, real=0.01 secs] 
4238.550: [GC (Allocation Failure) [PSYoungGen: 1562593K->6849K(1563648K)] 1724333K->168629K(2087936K), 0.0207702 secs] [Times: user=0.16 sys=0.00, real=0.02 secs] 
4248.087: [GC (Allocation Failure) [PSYoungGen: 1561793K->7585K(1564160K)] 1723573K->169581K(2088448K), 0.0108347 secs] [Times: user=0.13 sys=0.00, real=0.01 secs] 
4257.495: [GC (Allocation Failure) [PSYoungGen: 1563041K->7376K(1564160K)] 1725037K->169387K(2088448K), 0.0360773 secs] [Times: user=0.29 sys=0.00, real=0.03 secs] 
4266.953: [GC (Allocation Failure) [PSYoungGen: 1562832K->7745K(1564160K)] 1724843K->170667K(2088448K), 0.0076394 secs] [Times: user=0.16 sys=0.00, real=0.01 secs] 
4276.615: [GC (Allocation Failure) [PSYoungGen: 1563201K->6945K(1564160K)] 1726123K->169955K(2088448K), 0.0130430 secs] [Times: user=0.06 sys=0.00, real=0.02 secs] 
4286.107: [GC (Allocation Failure) [PSYoungGen: 1562401K->6785K(1564160K)] 1725411K->169819K(2088448K), 0.0139943 secs] [Times: user=0.05 sys=0.01, real=0.02 secs] 
4295.572: [GC (Allocation Failure) [PSYoungGen: 1562241K->6945K(1564160K)] 1725275K->170067K(2088448K), 0.0663526 secs] [Times: user=0.41 sys=0.00, real=0.06 secs] 
4305.174: [GC (Allocation Failure) [PSYoungGen: 1562401K->7169K(1564160K)] 1725523K->170331K(2088448K), 0.0116597 secs] [Times: user=0.10 sys=0.00, real=0.01 secs] 
4314.526: [GC (Allocation Failure) [PSYoungGen: 1562625K->6945K(1564160K)] 1725787K->170147K(2088448K), 0.0121088 secs] [Times: user=0.05 sys=0.01, real=0.01 secs] 
4324.093: [GC (Allocation Failure) [PSYoungGen: 1562401K->7809K(1564160K)] 1725603K->171115K(2088448K), 0.0083325 secs] [Times: user=0.13 sys=0.00, real=0.01 secs] 
4333.596: [GC (Allocation Failure) [PSYoungGen: 1563265K->7841K(1564160K)] 1726571K->171251K(2088448K), 0.0079176 secs] [Times: user=0.11 sys=0.00, real=0.01 secs] 
4343.084: [GC (Allocation Failure) [PSYoungGen: 1563297K->8336K(1563136K)] 1726707K->171930K(2087424K), 0.0075630 secs] [Times: user=0.17 sys=0.00, real=0.01 secs] 
4352.628: [GC (Allocation Failure) [PSYoungGen: 1562768K->7713K(1563648K)] 1726362K->172258K(2087936K), 0.0081455 secs] [Times: user=0.12 sys=0.02, real=0.01 secs] 
4362.221: [GC (Allocation Failure) [PSYoungGen: 1562145K->7809K(1564160K)] 1726690K->172458K(2088448K), 0.0060952 secs] [Times: user=0.11 sys=0.01, real=0.00 secs] 
4371.824: [GC (Allocation Failure) [PSYoungGen: 1562753K->7745K(1563648K)] 1727402K->172506K(2087936K), 0.0078049 secs] [Times: user=0.16 sys=0.00, real=0.00 secs] 
4381.378: [GC (Allocation Failure) [PSYoungGen: 1562689K->7777K(1564160K)] 1727450K->172594K(2088448K), 0.0086192 secs] [Times: user=0.13 sys=0.00, real=0.01 secs] 
4390.913: [GC (Allocation Failure) [PSYoungGen: 1563233K->6881K(1564160K)] 1728050K->171818K(2088448K), 0.0147172 secs] [Times: user=0.09 sys=0.00, real=0.02 secs] 
4400.499: [GC (Allocation Failure) [PSYoungGen: 1562337K->6689K(1564160K)] 1727274K->171674K(2088448K), 0.0145782 secs] [Times: user=0.09 sys=0.00, real=0.01 secs] 
4410.026: [GC (Allocation Failure) [PSYoungGen: 1562145K->8432K(1564160K)] 1727130K->173560K(2088448K), 0.0089804 secs] [Times: user=0.18 sys=0.00, real=0.01 secs] 
4419.658: [GC (Allocation Failure) [PSYoungGen: 1563888K->6753K(1563136K)] 1729016K->172752K(2087424K), 0.0141945 secs] [Times: user=0.06 sys=0.00, real=0.02 secs] 
4429.125: [GC (Allocation Failure) [PSYoungGen: 1561185K->7809K(1563648K)] 1727184K->173944K(2087936K), 0.0073650 secs] [Times: user=0.14 sys=0.00, real=0.01 secs] 
4438.600: [GC (Allocation Failure) [PSYoungGen: 1562241K->6689K(1563648K)] 1728376K->172840K(2087936K), 0.0135068 secs] [Times: user=0.10 sys=0.00, real=0.02 secs] 
4448.111: [GC (Allocation Failure) [PSYoungGen: 1561121K->7361K(1563648K)] 1727272K->173624K(2087936K), 0.0127655 secs] [Times: user=0.12 sys=0.00, real=0.02 secs] 
4457.688: [GC (Allocation Failure) [PSYoungGen: 1561793K->6817K(1563648K)] 1728056K->173112K(2087936K), 0.0113722 secs] [Times: user=0.06 sys=0.00, real=0.01 secs] 
4467.126: [GC (Allocation Failure) [PSYoungGen: 1561249K->7745K(1563648K)] 1727544K->174200K(2087936K), 0.0078752 secs] [Times: user=0.15 sys=0.00, real=0.01 secs] 
4476.587: [GC (Allocation Failure) [PSYoungGen: 1562177K->7841K(1563648K)] 1728632K->174456K(2087936K), 0.0081111 secs] [Times: user=0.15 sys=0.00, real=0.01 secs] 
4486.040: [GC (Allocation Failure) [PSYoungGen: 1562273K->8368K(1563648K)] 1728888K->175079K(2087936K), 0.0086247 secs] [Times: user=0.18 sys=0.00, real=0.00 secs] 
4495.572: [GC (Allocation Failure) [PSYoungGen: 1562800K->7137K(1563648K)] 1729511K->174775K(2087936K), 0.0161532 secs] [Times: user=0.10 sys=0.00, real=0.01 secs] 
4505.107: [GC (Allocation Failure) [PSYoungGen: 1561569K->6593K(1563648K)] 1729207K->174255K(2087936K), 0.0850489 secs] [Times: user=0.38 sys=0.00, real=0.09 secs] 
4514.611: [GC (Allocation Failure) [PSYoungGen: 1561025K->7713K(1563648K)] 1728687K->175399K(2087936K), 0.0076053 secs] [Times: user=0.16 sys=0.00, real=0.01 secs] 
4524.233: [GC (Allocation Failure) [PSYoungGen: 1562145K->6529K(1563648K)] 1729831K->174327K(2087936K), 0.0226828 secs] [Times: user=0.06 sys=0.00, real=0.03 secs] 
4533.769: [GC (Allocation Failure) [PSYoungGen: 1560961K->7009K(1563648K)] 1728759K->174823K(2087936K), 0.0112188 secs] [Times: user=0.07 sys=0.00, real=0.01 secs] 
4543.312: [GC (Allocation Failure) [PSYoungGen: 1561441K->7617K(1563648K)] 1729255K->175591K(2087936K), 0.0104731 secs] [Times: user=0.06 sys=0.00, real=0.01 secs] 
4552.844: [GC (Allocation Failure) [PSYoungGen: 1562049K->7504K(1564160K)] 1730023K->175510K(2088448K), 0.0369758 secs] [Times: user=0.37 sys=0.01, real=0.04 secs] 
4562.289: [GC (Allocation Failure) [PSYoungGen: 1562448K->6881K(1563648K)] 1730454K->175686K(2087936K), 0.0319373 secs] [Times: user=0.24 sys=0.00, real=0.03 secs] 
4571.733: [GC (Allocation Failure) [PSYoungGen: 1561825K->6593K(1564160K)] 1730630K->175486K(2088448K), 0.0399039 secs] [Times: user=0.20 sys=0.00, real=0.04 secs] 
4581.240: [GC (Allocation Failure) [PSYoungGen: 1562049K->7425K(1564160K)] 1730942K->176398K(2088448K), 0.0064826 secs] [Times: user=0.08 sys=0.00, real=0.01 secs] 
4590.676: [GC (Allocation Failure) [PSYoungGen: 1562881K->7777K(1564160K)] 1731854K->176942K(2088448K), 0.0076312 secs] [Times: user=0.16 sys=0.00, real=0.00 secs] 
4600.283: [GC (Allocation Failure) [PSYoungGen: 1563233K->6817K(1564160K)] 1732398K->176006K(2088448K), 0.0297565 secs] [Times: user=0.26 sys=0.00, real=0.03 secs] 
4609.728: [GC (Allocation Failure) [PSYoungGen: 1562273K->7649K(1564160K)] 1731462K->176878K(2088448K), 0.0085102 secs] [Times: user=0.13 sys=0.01, real=0.01 secs] 
4619.242: [GC (Allocation Failure) [PSYoungGen: 1563105K->8368K(1564160K)] 1732334K->177732K(2088448K), 0.0080135 secs] [Times: user=0.15 sys=0.00, real=0.01 secs] 
4628.742: [GC (Allocation Failure) [PSYoungGen: 1563824K->7809K(1563136K)] 1733188K->178204K(2087424K), 0.0085049 secs] [Times: user=0.15 sys=0.03, real=0.00 secs] 
4638.210: [GC (Allocation Failure) [PSYoungGen: 1562241K->7841K(1563648K)] 1732636K->178308K(2087936K), 0.0082675 secs] [Times: user=0.17 sys=0.00, real=0.01 secs] 
4647.836: [GC (Allocation Failure) [PSYoungGen: 1562273K->7617K(1563648K)] 1732740K->178260K(2087936K), 0.0079047 secs] [Times: user=0.15 sys=0.00, real=0.00 secs] 
4657.370: [GC (Allocation Failure) [PSYoungGen: 1562049K->7873K(1563648K)] 1732692K->178524K(2087936K), 0.0077085 secs] [Times: user=0.14 sys=0.00, real=0.01 secs] 
4666.893: [GC (Allocation Failure) [PSYoungGen: 1562305K->7745K(1563648K)] 1732956K->178548K(2087936K), 0.0071966 secs] [Times: user=0.15 sys=0.00, real=0.01 secs] 
4676.451: [GC (Allocation Failure) [PSYoungGen: 1562177K->7361K(1563648K)] 1732980K->178228K(2087936K), 0.0076703 secs] [Times: user=0.14 sys=0.00, real=0.01 secs] 
4685.972: [GC (Allocation Failure) [PSYoungGen: 1561793K->7809K(1564160K)] 1732660K->178860K(2088448K), 0.0066480 secs] [Times: user=0.12 sys=0.01, real=0.00 secs] 
4695.431: [GC (Allocation Failure) [PSYoungGen: 1563265K->8048K(1563648K)] 1734316K->179187K(2087936K), 0.0072361 secs] [Times: user=0.11 sys=0.00, real=0.01 secs] 
4704.909: [GC (Allocation Failure) [PSYoungGen: 1563504K->7745K(1564160K)] 1734643K->179859K(2088448K), 0.0078249 secs] [Times: user=0.14 sys=0.01, real=0.01 secs] 
4714.443: [GC (Allocation Failure) [PSYoungGen: 1562689K->6977K(1563648K)] 1734803K->179219K(2087936K), 0.0176603 secs] [Times: user=0.18 sys=0.00, real=0.02 secs] 
4723.968: [GC (Allocation Failure) [PSYoungGen: 1561921K->6625K(1563136K)] 1734163K->178883K(2087424K), 0.0233379 secs] [Times: user=0.07 sys=0.00, real=0.02 secs] 
4733.447: [GC (Allocation Failure) [PSYoungGen: 1561057K->7841K(1563648K)] 1733315K->180179K(2087936K), 0.0080127 secs] [Times: user=0.09 sys=0.00, real=0.01 secs] 
4742.955: [GC (Allocation Failure) [PSYoungGen: 1562273K->6849K(1563648K)] 1734611K->179267K(2087936K), 0.0163305 secs] [Times: user=0.15 sys=0.00, real=0.02 secs] 
4752.436: [GC (Allocation Failure) [PSYoungGen: 1561281K->7105K(1563648K)] 1733699K->179579K(2087936K), 0.0399278 secs] [Times: user=0.68 sys=0.00, real=0.04 secs] 
4761.843: [GC (Allocation Failure) [PSYoungGen: 1561537K->8272K(1563136K)] 1734011K->180873K(2087424K), 0.0080967 secs] [Times: user=0.15 sys=0.01, real=0.01 secs] 
4771.381: [GC (Allocation Failure) [PSYoungGen: 1562704K->7105K(1563648K)] 1735305K->180546K(2087936K), 0.0144308 secs] [Times: user=0.07 sys=0.01, real=0.02 secs] 
4780.862: [GC (Allocation Failure) [PSYoungGen: 1561537K->7681K(1563648K)] 1734978K->181154K(2087936K), 0.0085775 secs] [Times: user=0.14 sys=0.00, real=0.01 secs] 
4790.364: [GC (Allocation Failure) [PSYoungGen: 1562113K->7777K(1563648K)] 1735586K->181362K(2087936K), 0.0090754 secs] [Times: user=0.18 sys=0.00, real=0.01 secs] 
4799.948: [GC (Allocation Failure) [PSYoungGen: 1562209K->7073K(1564160K)] 1735794K->180698K(2088448K), 0.0167237 secs] [Times: user=0.20 sys=0.00, real=0.01 secs] 
4809.253: [GC (Allocation Failure) [PSYoungGen: 1562017K->7745K(1563648K)] 1735642K->181466K(2087936K), 0.0065213 secs] [Times: user=0.15 sys=0.00, real=0.01 secs] 
4818.753: [GC (Allocation Failure) [PSYoungGen: 1562689K->7873K(1564160K)] 1736410K->181666K(2088448K), 0.0061571 secs] [Times: user=0.09 sys=0.00, real=0.00 secs] 
4828.143: [GC (Allocation Failure) [PSYoungGen: 1563329K->7504K(1564160K)] 1737122K->181408K(2088448K), 0.0156513 secs] [Times: user=0.09 sys=0.00, real=0.01 secs] 
4837.671: [GC (Allocation Failure) [PSYoungGen: 1562960K->7841K(1564160K)] 1736864K->182736K(2088448K), 0.0073575 secs] [Times: user=0.15 sys=0.01, real=0.01 secs] 
4847.136: [GC (Allocation Failure) [PSYoungGen: 1563297K->7745K(1564160K)] 1738192K->182752K(2088448K), 0.0068766 secs] [Times: user=0.13 sys=0.00, real=0.00 secs] 
4856.575: [GC (Allocation Failure) [PSYoungGen: 1563201K->7745K(1564160K)] 1738208K->182896K(2088448K), 0.0082771 secs] [Times: user=0.17 sys=0.00, real=0.00 secs] 
4866.126: [GC (Allocation Failure) [PSYoungGen: 1563201K->7041K(1564160K)] 1738352K->182224K(2088448K), 0.0124121 secs] [Times: user=0.09 sys=0.00, real=0.02 secs] 
4875.509: [GC (Allocation Failure) [PSYoungGen: 1562497K->6625K(1564160K)] 1737680K->181824K(2088448K), 0.0470991 secs] [Times: user=0.29 sys=0.00, real=0.04 secs] 
4885.068: [GC (Allocation Failure) [PSYoungGen: 1562081K->6593K(1564160K)] 1737280K->181872K(2088448K), 0.0635283 secs] [Times: user=0.46 sys=0.00, real=0.07 secs] 
4894.561: [GC (Allocation Failure) [PSYoungGen: 1562049K->6561K(1564160K)] 1737328K->181904K(2088448K), 0.0121343 secs] [Times: user=0.06 sys=0.00, real=0.02 secs] 
4904.162: [GC (Allocation Failure) [PSYoungGen: 1562017K->8368K(1564160K)] 1737360K->183767K(2088448K), 0.0076113 secs] [Times: user=0.13 sys=0.00, real=0.01 secs] 
4913.643: [GC (Allocation Failure) [PSYoungGen: 1563824K->7681K(1563136K)] 1739223K->184023K(2087424K), 0.0081175 secs] [Times: user=0.12 sys=0.02, real=0.01 secs] 
4923.108: [GC (Allocation Failure) [PSYoungGen: 1562113K->7777K(1563648K)] 1738455K->184231K(2087936K), 0.0081561 secs] [Times: user=0.13 sys=0.00, real=0.01 secs] 
4932.551: [GC (Allocation Failure) [PSYoungGen: 1562209K->7841K(1563648K)] 1738663K->184335K(2087936K), 0.0069943 secs] [Times: user=0.13 sys=0.00, real=0.01 secs] 
4942.080: [GC (Allocation Failure) [PSYoungGen: 1562273K->6593K(1563648K)] 1738767K->183159K(2087936K), 0.0205436 secs] [Times: user=0.14 sys=0.00, real=0.02 secs] 
4951.590: [GC (Allocation Failure) [PSYoungGen: 1561025K->6689K(1563648K)] 1737591K->183271K(2087936K), 0.0379698 secs] [Times: user=0.26 sys=0.00, real=0.04 secs] 
4961.052: [GC (Allocation Failure) [PSYoungGen: 1561121K->6593K(1563648K)] 1737703K->183263K(2087936K), 0.0704622 secs] [Times: user=0.42 sys=0.00, real=0.07 secs] 
4970.583: [GC (Allocation Failure) [PSYoungGen: 1561025K->8400K(1563648K)] 1737695K->185077K(2087936K), 0.0063840 secs] [Times: user=0.07 sys=0.00, real=0.01 secs] 
4980.038: [GC (Allocation Failure) [PSYoungGen: 1562832K->6977K(1563648K)] 1739509K->184509K(2087936K), 0.0133844 secs] [Times: user=0.06 sys=0.00, real=0.01 secs] 
4989.622: [GC (Allocation Failure) [PSYoungGen: 1561409K->7745K(1563648K)] 1738941K->185317K(2087936K), 0.0106944 secs] [Times: user=0.09 sys=0.00, real=0.01 secs] 
4999.133: [GC (Allocation Failure) [PSYoungGen: 1562177K->6625K(1563648K)] 1739749K->184205K(2087936K), 0.0154059 secs] [Times: user=0.10 sys=0.00, real=0.02 secs] 
5008.600: [GC (Allocation Failure) [PSYoungGen: 1561057K->7297K(1563648K)] 1738637K->184965K(2087936K), 0.0144671 secs] [Times: user=0.09 sys=0.00, real=0.01 secs] 
5018.003: [GC (Allocation Failure) [PSYoungGen: 1561729K->6849K(1563648K)] 1739397K->184565K(2087936K), 0.0263284 secs] [Times: user=0.27 sys=0.00, real=0.02 secs] 
5027.583: [GC (Allocation Failure) [PSYoungGen: 1561281K->7937K(1563136K)] 1738997K->185677K(2087424K), 0.0069857 secs] [Times: user=0.10 sys=0.00, real=0.00 secs] 
5037.055: [GC (Allocation Failure) [PSYoungGen: 1562369K->6657K(1563648K)] 1740109K->184485K(2087936K), 0.0162830 secs] [Times: user=0.06 sys=0.00, real=0.01 secs] 
5046.577: [GC (Allocation Failure) [PSYoungGen: 1561089K->7472K(1564160K)] 1738917K->185324K(2088448K), 0.0156101 secs] [Times: user=0.11 sys=0.00, real=0.01 secs] 
5055.969: [GC (Allocation Failure) [PSYoungGen: 1562416K->6721K(1563648K)] 1740268K->185436K(2087936K), 0.0475218 secs] [Times: user=0.32 sys=0.00, real=0.05 secs] 
5065.496: [GC (Allocation Failure) [PSYoungGen: 1561665K->6625K(1564160K)] 1740380K->185364K(2088448K), 0.0141281 secs] [Times: user=0.05 sys=0.01, real=0.02 secs] 
5074.960: [GC (Allocation Failure) [PSYoungGen: 1562081K->6561K(1564160K)] 1740820K->185316K(2088448K), 0.0210434 secs] [Times: user=0.10 sys=0.00, real=0.02 secs] 
5084.368: [GC (Allocation Failure) [PSYoungGen: 1562017K->7585K(1564160K)] 1740772K->186460K(2088448K), 0.0066589 secs] [Times: user=0.08 sys=0.00, real=0.01 secs] 
5093.873: [GC (Allocation Failure) [PSYoungGen: 1563041K->7937K(1563648K)] 1741916K->186820K(2087936K), 0.0068045 secs] [Times: user=0.08 sys=0.00, real=0.00 secs] 
5103.406: [GC (Allocation Failure) [PSYoungGen: 1563393K->7489K(1564160K)] 1742276K->186564K(2088448K), 0.0069115 secs] [Times: user=0.12 sys=0.00, real=0.00 secs] 
5112.804: [GC (Allocation Failure) [PSYoungGen: 1562433K->7728K(1563648K)] 1741508K->186819K(2087936K), 0.0125445 secs] [Times: user=0.09 sys=0.00, real=0.02 secs] 
5122.112: [GC (Allocation Failure) [PSYoungGen: 1562672K->7393K(1564160K)] 1741763K->187483K(2088448K), 0.0078308 secs] [Times: user=0.11 sys=0.00, real=0.01 secs] 
5131.520: [GC (Allocation Failure) [PSYoungGen: 1562337K->7809K(1563648K)] 1742427K->187931K(2087936K), 0.0075950 secs] [Times: user=0.15 sys=0.00, real=0.01 secs] 
5140.988: [GC (Allocation Failure) [PSYoungGen: 1562753K->7777K(1564160K)] 1742875K->188075K(2088448K), 0.0076248 secs] [Times: user=0.14 sys=0.00, real=0.01 secs] 
5150.301: [GC (Allocation Failure) [PSYoungGen: 1563233K->7649K(1564160K)] 1743531K->187947K(2088448K), 0.0162271 secs] [Times: user=0.21 sys=0.00, real=0.01 secs] 
5159.651: [GC (Allocation Failure) [PSYoungGen: 1563105K->6881K(1564160K)] 1743403K->187219K(2088448K), 0.0201815 secs] [Times: user=0.24 sys=0.00, real=0.02 secs] 
5169.021: [GC (Allocation Failure) [PSYoungGen: 1562337K->7809K(1564160K)] 1742675K->188283K(2088448K), 0.0078660 secs] [Times: user=0.14 sys=0.00, real=0.01 secs] 
5178.504: [GC (Allocation Failure) [PSYoungGen: 1563265K->7536K(1564160K)] 1743739K->188025K(2088448K), 0.0160531 secs] [Times: user=0.07 sys=0.00, real=0.02 secs] 
5187.734: [GC (Allocation Failure) [PSYoungGen: 1562992K->7777K(1564160K)] 1743481K->189297K(2088448K), 0.0079273 secs] [Times: user=0.16 sys=0.00, real=0.01 secs] 
5197.254: [GC (Allocation Failure) [PSYoungGen: 1563218K->7809K(1564160K)] 1744738K->189409K(2088448K), 0.0071407 secs] [Times: user=0.13 sys=0.00, real=0.01 secs] 
5206.751: [GC (Allocation Failure) [PSYoungGen: 1563265K->6625K(1564160K)] 1744865K->188297K(2088448K), 0.0099087 secs] [Times: user=0.07 sys=0.00, real=0.01 secs] 
5216.563: [GC (Allocation Failure) [PSYoungGen: 1562081K->7841K(1564160K)] 1743753K->189545K(2088448K), 0.0082475 secs] [Times: user=0.13 sys=0.00, real=0.01 secs] 
5226.157: [GC (Allocation Failure) [PSYoungGen: 1563297K->7809K(1564160K)] 1745001K->189545K(2088448K), 0.0091245 secs] [Times: user=0.16 sys=0.01, real=0.01 secs] 
5235.553: [GC (Allocation Failure) [PSYoungGen: 1563265K->7361K(1564160K)] 1745001K->189177K(2088448K), 0.0581836 secs] [Times: user=0.71 sys=0.01, real=0.05 secs] 
5244.906: [GC (Allocation Failure) [PSYoungGen: 1562817K->7617K(1564160K)] 1744633K->189553K(2088448K), 0.0076100 secs] [Times: user=0.10 sys=0.00, real=0.00 secs] 
5254.217: [GC (Allocation Failure) [PSYoungGen: 1563073K->7600K(1564160K)] 1745009K->189560K(2088448K), 0.0342669 secs] [Times: user=0.32 sys=0.00, real=0.03 secs] 
5263.603: [GC (Allocation Failure) [PSYoungGen: 1563056K->6721K(1564160K)] 1745016K->189480K(2088448K), 0.0248322 secs] [Times: user=0.14 sys=0.00, real=0.03 secs] 
5272.976: [GC (Allocation Failure) [PSYoungGen: 1562177K->7105K(1564160K)] 1744936K->189952K(2088448K), 0.0106235 secs] [Times: user=0.09 sys=0.00, real=0.01 secs] 
5282.261: [GC (Allocation Failure) [PSYoungGen: 1562561K->7169K(1564160K)] 1745408K->190064K(2088448K), 0.0224484 secs] [Times: user=0.26 sys=0.00, real=0.02 secs] 
5291.592: [GC (Allocation Failure) [PSYoungGen: 1562625K->6881K(1564160K)] 1745520K->189880K(2088448K), 0.0283616 secs] [Times: user=0.24 sys=0.00, real=0.03 secs] 
5301.001: [GC (Allocation Failure) [PSYoungGen: 1562337K->6593K(1564160K)] 1745336K->189624K(2088448K), 0.0693352 secs] [Times: user=0.34 sys=0.00, real=0.07 secs] 
5310.299: [GC (Allocation Failure) [PSYoungGen: 1562049K->7777K(1564160K)] 1745080K->190848K(2088448K), 0.0085438 secs] [Times: user=0.13 sys=0.00, real=0.01 secs] 
5319.678: [GC (Allocation Failure) [PSYoungGen: 1563199K->7504K(1564160K)] 1746270K->190614K(2088448K), 0.0216690 secs] [Times: user=0.28 sys=0.00, real=0.02 secs] 
5329.200: [GC (Allocation Failure) [PSYoungGen: 1562960K->7329K(1564160K)] 1746070K->191398K(2088448K), 0.0085240 secs] [Times: user=0.09 sys=0.00, real=0.01 secs] 
5338.584: [GC (Allocation Failure) [PSYoungGen: 1562785K->6561K(1564160K)] 1746854K->190646K(2088448K), 0.0381383 secs] [Times: user=0.26 sys=0.00, real=0.04 secs] 
5347.869: [GC (Allocation Failure) [PSYoungGen: 1562017K->7073K(1564160K)] 1746102K->191254K(2088448K), 0.0240422 secs] [Times: user=0.23 sys=0.00, real=0.03 secs] 
5357.252: [GC (Allocation Failure) [PSYoungGen: 1562529K->6881K(1564160K)] 1746710K->191150K(2088448K), 0.0189724 secs] [Times: user=0.10 sys=0.00, real=0.02 secs] 
5366.617: [GC (Allocation Failure) [PSYoungGen: 1562337K->7809K(1564160K)] 1746606K->192110K(2088448K), 0.0080443 secs] [Times: user=0.15 sys=0.00, real=0.01 secs] 
5376.028: [GC (Allocation Failure) [PSYoungGen: 1563265K->7169K(1564160K)] 1747566K->191575K(2088448K), 0.0160595 secs] [Times: user=0.23 sys=0.00, real=0.01 secs] 
5385.410: [GC (Allocation Failure) [PSYoungGen: 1562625K->6881K(1564160K)] 1747031K->191311K(2088448K), 0.0291078 secs] [Times: user=0.27 sys=0.01, real=0.03 secs] 
5394.714: [GC (Allocation Failure) [PSYoungGen: 1562337K->7376K(1564160K)] 1746767K->191909K(2088448K), 0.0393352 secs] [Times: user=0.21 sys=0.00, real=0.04 secs] 
5404.148: [GC (Allocation Failure) [PSYoungGen: 1562832K->7329K(1564672K)] 1747365K->192701K(2088960K), 0.0135764 secs] [Times: user=0.13 sys=0.00, real=0.02 secs] 
5413.617: [GC (Allocation Failure) [PSYoungGen: 1563809K->7617K(1564672K)] 1749181K->193101K(2088960K), 0.0077993 secs] [Times: user=0.11 sys=0.00, real=0.01 secs] 
5422.933: [GC (Allocation Failure) [PSYoungGen: 1564097K->7809K(1563648K)] 1749581K->193349K(2087936K), 0.0079074 secs] [Times: user=0.12 sys=0.00, real=0.00 secs] 
5432.367: [GC (Allocation Failure) [PSYoungGen: 1563265K->6657K(1564160K)] 1748805K->192237K(2088448K), 0.0245934 secs] [Times: user=0.17 sys=0.01, real=0.02 secs] 
5441.648: [GC (Allocation Failure) [PSYoungGen: 1562113K->6561K(1564160K)] 1747693K->192229K(2088448K), 0.0639084 secs] [Times: user=0.54 sys=0.00, real=0.06 secs] 
5451.235: [GC (Allocation Failure) [PSYoungGen: 1561962K->6977K(1564160K)] 1747630K->192677K(2088448K), 0.0114777 secs] [Times: user=0.07 sys=0.00, real=0.01 secs] 
5460.597: [GC (Allocation Failure) [PSYoungGen: 1562433K->7873K(1564160K)] 1748133K->193637K(2088448K), 0.0061058 secs] [Times: user=0.08 sys=0.00, real=0.01 secs] 
5469.941: [GC (Allocation Failure) [PSYoungGen: 1563329K->7568K(1564160K)] 1749093K->193436K(2088448K), 0.0161762 secs] [Times: user=0.07 sys=0.00, real=0.01 secs] 
5479.585: [GC (Allocation Failure) [PSYoungGen: 1563024K->7329K(1564160K)] 1748892K->194116K(2088448K), 0.0175974 secs] [Times: user=0.11 sys=0.02, real=0.02 secs] 
5488.968: [GC (Allocation Failure) [PSYoungGen: 1562785K->6593K(1564160K)] 1749572K->193468K(2088448K), 0.0104942 secs] [Times: user=0.07 sys=0.00, real=0.01 secs] 
5498.471: [GC (Allocation Failure) [PSYoungGen: 1562049K->6977K(1564160K)] 1748924K->193884K(2088448K), 0.0590064 secs] [Times: user=0.56 sys=0.00, real=0.06 secs] 
5507.971: [GC (Allocation Failure) [PSYoungGen: 1562433K->7201K(1564160K)] 1749340K->194140K(2088448K), 0.0101265 secs] [Times: user=0.06 sys=0.01, real=0.01 secs] 
5517.573: [GC (Allocation Failure) [PSYoungGen: 1562657K->6625K(1564672K)] 1749596K->193644K(2088960K), 0.0098403 secs] [Times: user=0.07 sys=0.00, real=0.01 secs] 
5526.962: [GC (Allocation Failure) [PSYoungGen: 1563105K->7137K(1564672K)] 1750124K->194260K(2088960K), 0.0153203 secs] [Times: user=0.06 sys=0.00, real=0.01 secs] 
5536.503: [GC (Allocation Failure) [PSYoungGen: 1563617K->7745K(1564672K)] 1750740K->195044K(2088960K), 0.0086947 secs] [Times: user=0.15 sys=0.00, real=0.01 secs] 
5545.796: [GC (Allocation Failure) [PSYoungGen: 1564225K->8176K(1564672K)] 1751524K->195730K(2088960K), 0.0078607 secs] [Times: user=0.12 sys=0.01, real=0.01 secs] 
5555.428: [GC (Allocation Failure) [PSYoungGen: 1564656K->7681K(1563648K)] 1752210K->196242K(2087936K), 0.0080999 secs] [Times: user=0.12 sys=0.01, real=0.01 secs] 
5565.043: [GC (Allocation Failure) [PSYoungGen: 1563137K->6689K(1564160K)] 1751698K->195338K(2088448K), 0.0354187 secs] [Times: user=0.32 sys=0.00, real=0.04 secs] 
5574.285: [GC (Allocation Failure) [PSYoungGen: 1562145K->7841K(1564160K)] 1750794K->196530K(2088448K), 0.0082516 secs] [Times: user=0.16 sys=0.00, real=0.01 secs] 
5583.925: [GC (Allocation Failure) [PSYoungGen: 1563297K->6785K(1564160K)] 1751986K->195506K(2088448K), 0.0243751 secs] [Times: user=0.26 sys=0.00, real=0.03 secs] 
5593.106: [GC (Allocation Failure) [PSYoungGen: 1562241K->7201K(1564160K)] 1750962K->196018K(2088448K), 0.0254504 secs] [Times: user=0.30 sys=0.00, real=0.03 secs] 
5602.684: [GC (Allocation Failure) [PSYoungGen: 1562657K->7457K(1564160K)] 1751474K->196354K(2088448K), 0.0092156 secs] [Times: user=0.09 sys=0.00, real=0.01 secs] 
5611.925: [GC (Allocation Failure) [PSYoungGen: 1562913K->8080K(1564160K)] 1751810K->197073K(2088448K), 0.0122017 secs] [Times: user=0.15 sys=0.01, real=0.01 secs] 
5621.494: [GC (Allocation Failure) [PSYoungGen: 1563536K->6881K(1564160K)] 1752529K->196689K(2088448K), 0.0271393 secs] [Times: user=0.27 sys=0.00, real=0.02 secs] 
5630.826: [GC (Allocation Failure) [PSYoungGen: 1562337K->6593K(1564160K)] 1752145K->196425K(2088448K), 0.0271383 secs] [Times: user=0.07 sys=0.00, real=0.02 secs] 
5640.358: [GC (Allocation Failure) [PSYoungGen: 1562049K->7521K(1564160K)] 1751881K->197449K(2088448K), 0.0108210 secs] [Times: user=0.09 sys=0.00, real=0.01 secs] 
5649.767: [GC (Allocation Failure) [PSYoungGen: 1562977K->7329K(1564160K)] 1752905K->197337K(2088448K), 0.0193114 secs] [Times: user=0.17 sys=0.00, real=0.02 secs] 
5659.290: [GC (Allocation Failure) [PSYoungGen: 1562785K->7681K(1564160K)] 1752793K->197817K(2088448K), 0.0080171 secs] [Times: user=0.09 sys=0.00, real=0.01 secs] 
5668.677: [GC (Allocation Failure) [PSYoungGen: 1563137K->6817K(1564160K)] 1753273K->196985K(2088448K), 0.0151013 secs] [Times: user=0.07 sys=0.00, real=0.02 secs] 
5678.181: [GC (Allocation Failure) [PSYoungGen: 1562273K->6689K(1564160K)] 1752441K->196945K(2088448K), 0.0799878 secs] [Times: user=0.42 sys=0.00, real=0.08 secs] 
5687.733: [GC (Allocation Failure) [PSYoungGen: 1562145K->7600K(1564160K)] 1752401K->197904K(2088448K), 0.0666066 secs] [Times: user=0.48 sys=0.00, real=0.06 secs] 
5697.088: [GC (Allocation Failure) [PSYoungGen: 1563056K->6849K(1564160K)] 1753360K->198048K(2088448K), 0.0130053 secs] [Times: user=0.11 sys=0.00, real=0.01 secs] 
5706.616: [GC (Allocation Failure) [PSYoungGen: 1562305K->7521K(1564160K)] 1753504K->198832K(2088448K), 0.0089279 secs] [Times: user=0.13 sys=0.00, real=0.00 secs] 
5716.005: [GC (Allocation Failure) [PSYoungGen: 1562977K->7777K(1564160K)] 1754288K->199176K(2088448K), 0.0077934 secs] [Times: user=0.15 sys=0.00, real=0.01 secs] 
5725.468: [GC (Allocation Failure) [PSYoungGen: 1563233K->7009K(1564160K)] 1754632K->198536K(2088448K), 0.0107426 secs] [Times: user=0.09 sys=0.00, real=0.01 secs] 
5734.986: [GC (Allocation Failure) [PSYoungGen: 1562465K->7585K(1564160K)] 1753992K->199176K(2088448K), 0.0087956 secs] [Times: user=0.11 sys=0.00, real=0.01 secs] 
5744.465: [GC (Allocation Failure) [PSYoungGen: 1563041K->7361K(1564160K)] 1754632K->199056K(2088448K), 0.0079100 secs] [Times: user=0.11 sys=0.00, real=0.01 secs] 
5753.979: [GC (Allocation Failure) [PSYoungGen: 1562817K->7888K(1564160K)] 1754512K->199614K(2088448K), 0.0148366 secs] [Times: user=0.07 sys=0.00, real=0.02 secs] 
5763.460: [GC (Allocation Failure) [PSYoungGen: 1563344K->7297K(1564160K)] 1755070K->199886K(2088448K), 0.0135754 secs] [Times: user=0.11 sys=0.00, real=0.02 secs] 
5773.104: [GC (Allocation Failure) [PSYoungGen: 1562753K->6657K(1564160K)] 1755342K->199342K(2088448K), 0.0463177 secs] [Times: user=0.37 sys=0.00, real=0.05 secs] 
5782.830: [GC (Allocation Failure) [PSYoungGen: 1562113K->7009K(1564160K)] 1754798K->199734K(2088448K), 0.0257189 secs] [Times: user=0.18 sys=0.00, real=0.02 secs] 
5792.115: [GC (Allocation Failure) [PSYoungGen: 1562465K->6657K(1564160K)] 1755190K->199422K(2088448K), 0.0246686 secs] [Times: user=0.17 sys=0.00, real=0.03 secs] 
5801.757: [GC (Allocation Failure) [PSYoungGen: 1562113K->7041K(1564160K)] 1754878K->199886K(2088448K), 0.0192985 secs] [Times: user=0.26 sys=0.00, real=0.02 secs] 
5811.407: [GC (Allocation Failure) [PSYoungGen: 1562497K->7073K(1564160K)] 1755342K->199942K(2088448K), 0.0140988 secs] [Times: user=0.13 sys=0.00, real=0.02 secs] 
5820.802: [GC (Allocation Failure) [PSYoungGen: 1562529K->7280K(1564672K)] 1755398K->200237K(2088960K), 0.0556194 secs] [Times: user=0.39 sys=0.00, real=0.06 secs] 
5830.177: [GC (Allocation Failure) [PSYoungGen: 1563760K->7809K(1564672K)] 1756717K->201781K(2088960K), 0.0083488 secs] [Times: user=0.15 sys=0.00, real=0.01 secs] 
5840.126: [GC (Allocation Failure) [PSYoungGen: 1564289K->7329K(1564672K)] 1758261K->201317K(2088960K), 0.0109162 secs] [Times: user=0.08 sys=0.00, real=0.01 secs] 
5849.785: [GC (Allocation Failure) [PSYoungGen: 1563809K->6529K(1564672K)] 1757797K->200621K(2088960K), 0.0963437 secs] [Times: user=0.44 sys=0.00, real=0.10 secs] 
5859.871: [GC (Allocation Failure) [PSYoungGen: 1563009K->6561K(1564672K)] 1757101K->200677K(2088960K), 0.0512847 secs] [Times: user=0.25 sys=0.01, real=0.05 secs] 
5869.336: [GC (Allocation Failure) [PSYoungGen: 1563041K->7361K(1564672K)] 1757157K->201485K(2088960K), 0.0110065 secs] [Times: user=0.11 sys=0.00, real=0.01 secs] 
5879.211: [GC (Allocation Failure) [PSYoungGen: 1563841K->7105K(1564672K)] 1757965K->201309K(2088960K), 0.0408655 secs] [Times: user=0.14 sys=0.00, real=0.04 secs] 
5888.524: [GC (Allocation Failure) [PSYoungGen: 1563585K->7713K(1564672K)] 1757789K->202069K(2088960K), 0.0085924 secs] [Times: user=0.12 sys=0.00, real=0.01 secs] 
5898.000: [GC (Allocation Failure) [PSYoungGen: 1564193K->7504K(1563648K)] 1758549K->201979K(2087936K), 0.0209502 secs] [Times: user=0.22 sys=0.00, real=0.02 secs] 
5907.590: [GC (Allocation Failure) [PSYoungGen: 1562960K->7329K(1564160K)] 1757435K->202692K(2088448K), 0.0148520 secs] [Times: user=0.11 sys=0.00, real=0.01 secs] 
5917.327: [GC (Allocation Failure) [PSYoungGen: 1562785K->6849K(1564672K)] 1758148K->202252K(2088960K), 0.0240212 secs] [Times: user=0.15 sys=0.00, real=0.03 secs] 
5926.515: [GC (Allocation Failure) [PSYoungGen: 1563329K->7521K(1564672K)] 1758732K->203092K(2088960K), 0.0083267 secs] [Times: user=0.13 sys=0.00, real=0.01 secs] 
5935.917: [GC (Allocation Failure) [PSYoungGen: 1564001K->7809K(1563648K)] 1759572K->203412K(2087936K), 0.0088562 secs] [Times: user=0.13 sys=0.01, real=0.01 secs] 
5945.293: [GC (Allocation Failure) [PSYoungGen: 1563265K->6977K(1564160K)] 1758868K->202700K(2088448K), 0.0144043 secs] [Times: user=0.10 sys=0.00, real=0.01 secs] 
5954.726: [GC (Allocation Failure) [PSYoungGen: 1562433K->7265K(1564672K)] 1758156K->203036K(2088960K), 0.0202846 secs] [Times: user=0.22 sys=0.00, real=0.02 secs] 
5964.146: [GC (Allocation Failure) [PSYoungGen: 1563233K->7393K(1564160K)] 1759004K->203268K(2088448K), 0.0071524 secs] [Times: user=0.08 sys=0.00, real=0.00 secs] 
5974.045: [GC (Allocation Failure) [PSYoungGen: 1563361K->8176K(1563648K)] 1759236K->204122K(2087936K), 0.0226009 secs] [Times: user=0.24 sys=0.00, real=0.03 secs] 
5983.538: [GC (Allocation Failure) [PSYoungGen: 1563632K->7361K(1564160K)] 1759578K->204730K(2088448K), 0.0209981 secs] [Times: user=0.20 sys=0.00, real=0.02 secs] 
5993.030: [GC (Allocation Failure) [PSYoungGen: 1562764K->7521K(1564160K)] 1760133K->205010K(2088448K), 0.0140173 secs] [Times: user=0.09 sys=0.00, real=0.01 secs] 
6002.774: [GC (Allocation Failure) [PSYoungGen: 1562977K->7521K(1564160K)] 1760466K->205018K(2088448K), 0.0365500 secs] [Times: user=0.46 sys=0.00, real=0.04 secs] 
6012.374: [GC (Allocation Failure) [PSYoungGen: 1562977K->7681K(1563648K)] 1760474K->205194K(2087936K), 0.0132529 secs] [Times: user=0.08 sys=0.01, real=0.01 secs] 
6021.952: [GC (Allocation Failure) [PSYoungGen: 1563137K->6561K(1564160K)] 1760650K->204178K(2088448K), 0.0176564 secs] [Times: user=0.10 sys=0.00, real=0.02 secs] 
6031.516: [GC (Allocation Failure) [PSYoungGen: 1562017K->7009K(1564160K)] 1759634K->204650K(2088448K), 0.0407745 secs] [Times: user=0.35 sys=0.00, real=0.04 secs] 
6040.916: [GC (Allocation Failure) [PSYoungGen: 1562465K->7888K(1564160K)] 1760106K->205601K(2088448K), 0.0170797 secs] [Times: user=0.11 sys=0.00, real=0.01 secs] 
6050.534: [GC (Allocation Failure) [PSYoungGen: 1563344K->6593K(1564160K)] 1761057K->205209K(2088448K), 0.0165760 secs] [Times: user=0.06 sys=0.00, real=0.02 secs] 
6060.293: [GC (Allocation Failure) [PSYoungGen: 1562049K->7137K(1564160K)] 1760665K->205753K(2088448K), 0.0178734 secs] [Times: user=0.11 sys=0.00, real=0.02 secs] 
6070.147: [GC (Allocation Failure) [PSYoungGen: 1562593K->6561K(1564160K)] 1761209K->205257K(2088448K), 0.0155312 secs] [Times: user=0.06 sys=0.00, real=0.02 secs] 
6080.142: [GC (Allocation Failure) [PSYoungGen: 1562017K->6945K(1564160K)] 1760713K->205665K(2088448K), 0.0284549 secs] [Times: user=0.20 sys=0.00, real=0.02 secs] 
6089.778: [GC (Allocation Failure) [PSYoungGen: 1562401K->6817K(1564160K)] 1761121K->205553K(2088448K), 0.0136945 secs] [Times: user=0.07 sys=0.01, real=0.01 secs] 
6099.595: [GC (Allocation Failure) [PSYoungGen: 1562273K->6753K(1564160K)] 1761009K->205569K(2088448K), 0.0193949 secs] [Times: user=0.09 sys=0.00, real=0.02 secs] 
6109.036: [GC (Allocation Failure) [PSYoungGen: 1562209K->6625K(1564672K)] 1761025K->205529K(2088960K), 0.0602579 secs] [Times: user=0.32 sys=0.01, real=0.07 secs] 
6118.970: [GC (Allocation Failure) [PSYoungGen: 1563105K->8144K(1564672K)] 1762009K->207087K(2088960K), 0.0093449 secs] [Times: user=0.11 sys=0.00, real=0.01 secs] 
6128.860: [GC (Allocation Failure) [PSYoungGen: 1564624K->7041K(1563648K)] 1763567K->206871K(2087936K), 0.0129327 secs] [Times: user=0.13 sys=0.01, real=0.01 secs] 
6138.355: [GC (Allocation Failure) [PSYoungGen: 1562497K->6977K(1564160K)] 1762327K->206895K(2088448K), 0.0326301 secs] [Times: user=0.62 sys=0.00, real=0.03 secs] 
6147.995: [GC (Allocation Failure) [PSYoungGen: 1562433K->7585K(1564160K)] 1762351K->207535K(2088448K), 0.0088330 secs] [Times: user=0.11 sys=0.00, real=0.01 secs] 
6157.922: [GC (Allocation Failure) [PSYoungGen: 1563010K->7073K(1564160K)] 1762960K->207031K(2088448K), 0.0141166 secs] [Times: user=0.10 sys=0.01, real=0.02 secs] 
6167.738: [GC (Allocation Failure) [PSYoungGen: 1562529K->7169K(1564672K)] 1762487K->207231K(2088960K), 0.0261617 secs] [Times: user=0.16 sys=0.00, real=0.02 secs] 
6177.379: [GC (Allocation Failure) [PSYoungGen: 1563137K->7696K(1564160K)] 1763199K->207830K(2088448K), 0.0242037 secs] [Times: user=0.25 sys=0.00, real=0.02 secs] 
6187.299: [GC (Allocation Failure) [PSYoungGen: 1563664K->7073K(1564672K)] 1763798K->208038K(2088960K), 0.0293405 secs] [Times: user=0.30 sys=0.00, real=0.03 secs] 
6197.054: [GC (Allocation Failure) [PSYoungGen: 1563041K->6881K(1564160K)] 1764006K->207862K(2088448K), 0.0384144 secs] [Times: user=0.37 sys=0.00, real=0.04 secs] 
6207.599: [GC (Allocation Failure) [PSYoungGen: 1562849K->7073K(1564672K)] 1763830K->208126K(2088960K), 0.0221987 secs] [Times: user=0.10 sys=0.00, real=0.02 secs] 
6217.664: [GC (Allocation Failure) [PSYoungGen: 1563553K->6977K(1564672K)] 1764606K->208046K(2088960K), 0.0850075 secs] [Times: user=0.71 sys=0.00, real=0.08 secs] 
6228.639: [GC (Allocation Failure) [PSYoungGen: 1563457K->6849K(1564672K)] 1764526K->207950K(2088960K), 0.0426914 secs] [Times: user=0.43 sys=0.00, real=0.04 secs] 
6238.511: [GC (Allocation Failure) [PSYoungGen: 1563329K->6881K(1564672K)] 1764430K->208102K(2088960K), 0.0296414 secs] [Times: user=0.20 sys=0.00, real=0.03 secs] 
6248.538: [GC (Allocation Failure) [PSYoungGen: 1563361K->8176K(1563648K)] 1764582K->209517K(2087936K), 0.0087009 secs] [Times: user=0.14 sys=0.00, real=0.00 secs] 
6258.917: [GC (Allocation Failure) [PSYoungGen: 1563632K->6721K(1564160K)] 1764973K->208941K(2088448K), 0.0247125 secs] [Times: user=0.19 sys=0.00, real=0.03 secs] 
6269.288: [GC (Allocation Failure) [PSYoungGen: 1562177K->7169K(1564672K)] 1764397K->209413K(2088960K), 0.0099923 secs] [Times: user=0.09 sys=0.00, real=0.01 secs] 
6280.048: [GC (Allocation Failure) [PSYoungGen: 1563649K->7361K(1564672K)] 1765893K->209629K(2088960K), 0.0124254 secs] [Times: user=0.06 sys=0.00, real=0.01 secs] 
6293.162: [GC (Allocation Failure) [PSYoungGen: 1563841K->6881K(1564672K)] 1766109K->209157K(2088960K), 0.0205115 secs] [Times: user=0.08 sys=0.00, real=0.02 secs] 
6304.159: [GC (Allocation Failure) [PSYoungGen: 1563361K->7009K(1564672K)] 1765637K->209381K(2088960K), 0.0422234 secs] [Times: user=0.16 sys=0.00, real=0.04 secs] 
6314.417: [GC (Allocation Failure) [PSYoungGen: 1563489K->6657K(1564672K)] 1765861K->209101K(2088960K), 0.0211251 secs] [Times: user=0.08 sys=0.00, real=0.02 secs] 
6324.753: [GC (Allocation Failure) [PSYoungGen: 1563137K->6785K(1564672K)] 1765581K->209253K(2088960K), 0.0393472 secs] [Times: user=0.31 sys=0.00, real=0.04 secs] 
6336.216: [GC (Allocation Failure) [PSYoungGen: 1563265K->7568K(1564672K)] 1765733K->210123K(2088960K), 0.1209010 secs] [Times: user=0.54 sys=0.01, real=0.12 secs] 
6347.638: [GC (Allocation Failure) [PSYoungGen: 1564048K->7169K(1564672K)] 1766603K->210603K(2088960K), 0.0333709 secs] [Times: user=0.32 sys=0.01, real=0.03 secs] 
6359.111: [GC (Allocation Failure) [PSYoungGen: 1563649K->7009K(1564672K)] 1767083K->210467K(2088960K), 0.0200976 secs] [Times: user=0.13 sys=0.00, real=0.02 secs] 
6372.873: [GC (Allocation Failure) [PSYoungGen: 1563489K->7041K(1564672K)] 1766947K->210515K(2088960K), 0.0230532 secs] [Times: user=0.06 sys=0.00, real=0.02 secs] 
6384.227: [GC (Allocation Failure) [PSYoungGen: 1563521K->7105K(1564672K)] 1766995K->210651K(2088960K), 0.0298341 secs] [Times: user=0.19 sys=0.00, real=0.03 secs] 
6395.326: [GC (Allocation Failure) [PSYoungGen: 1563585K->6785K(1564672K)] 1767131K->210443K(2088960K), 0.0131015 secs] [Times: user=0.06 sys=0.00, real=0.02 secs] 
6406.679: [GC (Allocation Failure) [PSYoungGen: 1563265K->7568K(1564672K)] 1766923K->211250K(2088960K), 0.0520270 secs] [Times: user=0.29 sys=0.00, real=0.06 secs] 
6418.767: [GC (Allocation Failure) [PSYoungGen: 1564048K->6785K(1564672K)] 1767730K->211314K(2088960K), 0.0369977 secs] [Times: user=0.50 sys=0.00, real=0.04 secs] 
6431.324: [GC (Allocation Failure) [PSYoungGen: 1563265K->7329K(1564672K)] 1767794K->211858K(2088960K), 0.0107429 secs] [Times: user=0.06 sys=0.01, real=0.01 secs] 
6445.684: [GC (Allocation Failure) [PSYoungGen: 1563809K->6849K(1564672K)] 1768338K->211402K(2088960K), 0.0332676 secs] [Times: user=0.20 sys=0.00, real=0.03 secs] 
6456.857: [GC (Allocation Failure) [PSYoungGen: 1563329K->6721K(1564672K)] 1767882K->211354K(2088960K), 0.0231534 secs] [Times: user=0.09 sys=0.00, real=0.03 secs] 
6469.795: [GC (Allocation Failure) [PSYoungGen: 1563201K->6881K(1564672K)] 1767834K->211554K(2088960K), 0.0316765 secs] [Times: user=0.10 sys=0.00, real=0.03 secs] 
6482.453: [GC (Allocation Failure) [PSYoungGen: 1563361K->7952K(1564672K)] 1768034K->212632K(2088960K), 0.0358737 secs] [Times: user=0.20 sys=0.00, real=0.04 secs] 
6494.825: [GC (Allocation Failure) [PSYoungGen: 1564432K->6785K(1564672K)] 1769112K->212288K(2088960K), 0.0331468 secs] [Times: user=0.16 sys=0.00, real=0.03 secs] 
6508.437: [GC (Allocation Failure) [PSYoungGen: 1563265K->6817K(1564672K)] 1768768K->212344K(2088960K), 0.0229454 secs] [Times: user=0.11 sys=0.01, real=0.03 secs] 
6523.380: [GC (Allocation Failure) [PSYoungGen: 1563297K->7201K(1564672K)] 1768824K->212728K(2088960K), 0.0665396 secs] [Times: user=0.43 sys=0.00, real=0.06 secs] 
6538.446: [GC (Allocation Failure) [PSYoungGen: 1563681K->7617K(1564672K)] 1769208K->213152K(2088960K), 0.0156873 secs] [Times: user=0.10 sys=0.00, real=0.02 secs] 
6554.391: [GC (Allocation Failure) [PSYoungGen: 1564097K->7201K(1564672K)] 1769632K->212760K(2088960K), 0.0188860 secs] [Times: user=0.05 sys=0.00, real=0.02 secs] 
6572.184: [GC (Allocation Failure) [PSYoungGen: 1563681K->7856K(1564672K)] 1769240K->213423K(2088960K), 0.0492883 secs] [Times: user=0.31 sys=0.00, real=0.05 secs] 
6595.244: [GC (Allocation Failure) [PSYoungGen: 1564336K->7137K(1564672K)] 1769903K->213543K(2088960K), 0.0255067 secs] [Times: user=0.10 sys=0.00, real=0.02 secs] 
6615.859: [GC (Allocation Failure) [PSYoungGen: 1563617K->6881K(1564672K)] 1770023K->213319K(2088960K), 0.0226204 secs] [Times: user=0.11 sys=0.00, real=0.02 secs] 
6633.131: [GC (Allocation Failure) [PSYoungGen: 1563361K->7201K(1564672K)] 1769799K->213647K(2088960K), 0.0678004 secs] [Times: user=0.34 sys=0.01, real=0.07 secs] 
6650.891: [GC (Allocation Failure) [PSYoungGen: 1563681K->7984K(1564672K)] 1770127K->214430K(2088960K), 0.0404083 secs] [Times: user=0.19 sys=0.00, real=0.04 secs] 
6672.590: [GC (Allocation Failure) [PSYoungGen: 1564464K->6977K(1564672K)] 1770910K->214286K(2088960K), 0.0219395 secs] [Times: user=0.10 sys=0.01, real=0.02 secs] 
6697.978: [GC (Allocation Failure) [PSYoungGen: 1563457K->7585K(1564672K)] 1770766K->214902K(2088960K), 0.0511715 secs] [Times: user=0.40 sys=0.00, real=0.05 secs] 
6728.020: [GC (Allocation Failure) [PSYoungGen: 1564065K->7472K(1564672K)] 1771382K->214796K(2088960K), 0.0475711 secs] [Times: user=0.25 sys=0.00, real=0.05 secs] 
6757.219: [GC (Allocation Failure) [PSYoungGen: 1563952K->6913K(1564672K)] 1771276K->215108K(2088960K), 0.0201128 secs] [Times: user=0.05 sys=0.01, real=0.02 secs] 
6794.189: [GC (Allocation Failure) [PSYoungGen: 1563393K->6913K(1564672K)] 1771588K->215108K(2088960K), 0.1077866 secs] [Times: user=0.80 sys=0.01, real=0.11 secs] 
6834.321: [GC (Allocation Failure) [PSYoungGen: 1563393K->7920K(1563648K)] 1771588K->216139K(2087936K), 0.0647691 secs] [Times: user=0.35 sys=0.01, real=0.06 secs] 
6884.888: [GC (Allocation Failure) [PSYoungGen: 1563376K->7105K(1564160K)] 1771595K->216044K(2088448K), 0.0395952 secs] [Times: user=0.17 sys=0.00, real=0.04 secs] 
6939.952: [GC (Allocation Failure) [PSYoungGen: 1562561K->8176K(1564160K)] 1771500K->217131K(2088448K), 0.0787577 secs] [Times: user=0.33 sys=0.01, real=0.08 secs] 
6997.144: [GC (Allocation Failure) [PSYoungGen: 1563632K->7137K(1564160K)] 1772587K->216820K(2088448K), 0.0276220 secs] [Times: user=0.12 sys=0.01, real=0.03 secs] 
7054.710: [GC (Allocation Failure) [PSYoungGen: 1562593K->8240K(1564160K)] 1772276K->217947K(2088448K), 0.0724457 secs] [Times: user=0.24 sys=0.00, real=0.08 secs] 
7112.785: [GC (Allocation Failure) [PSYoungGen: 1563642K->7649K(1564160K)] 1773349K->218068K(2088448K), 0.0363418 secs] [Times: user=0.15 sys=0.01, real=0.04 secs] 
7170.869: [GC (Allocation Failure) [PSYoungGen: 1563105K->8464K(1563136K)] 1773524K->218915K(2087424K), 0.0227662 secs] [Times: user=0.06 sys=0.00, real=0.02 secs] 
7227.343: [GC (Allocation Failure) [PSYoungGen: 1562896K->8766K(1563648K)] 1773347K->219833K(2087936K), 0.0403813 secs] [Times: user=0.20 sys=0.00, real=0.04 secs] 
7254.944: [GC (System.gc()) [PSYoungGen: 792194K->6800K(1563648K)] 1003261K->218625K(2087936K), 0.0329615 secs] [Times: user=0.08 sys=0.01, real=0.03 secs] 
7254.977: [Full GC (System.gc()) [PSYoungGen: 6800K->0K(1563648K)] [ParOldGen: 211825K->130840K(524288K)] 218625K->130840K(2087936K), [Metaspace: 21127K->20821K(1069056K)], 1.1440174 secs] [Times: user=12.49 sys=0.04, real=1.15 secs] 
7290.754: [GC (Allocation Failure) [PSYoungGen: 1554432K->9201K(1563648K)] 1685272K->140960K(2087936K), 0.0368820 secs] [Times: user=0.18 sys=0.00, real=0.04 secs] 
7300.739: [GC (Allocation Failure) [PSYoungGen: 1563633K->7953K(1561600K)] 1695392K->142934K(2085888K), 0.0082987 secs] [Times: user=0.18 sys=0.00, real=0.00 secs] 
7310.643: [GC (Allocation Failure) [PSYoungGen: 1560337K->8080K(1562624K)] 1695318K->143445K(2086912K), 0.0062312 secs] [Times: user=0.05 sys=0.00, real=0.01 secs] 
7320.537: [GC (Allocation Failure) [PSYoungGen: 1560464K->8208K(1563136K)] 1695829K->144445K(2087424K), 0.0092190 secs] [Times: user=0.20 sys=0.00, real=0.01 secs] 
7330.280: [GC (Allocation Failure) [PSYoungGen: 1561616K->7553K(1563136K)] 1697853K->144685K(2087424K), 0.0078538 secs] [Times: user=0.15 sys=0.00, real=0.01 secs] 
7340.026: [GC (Allocation Failure) [PSYoungGen: 1560961K->8144K(1563136K)] 1698093K->145427K(2087424K), 0.0078350 secs] [Times: user=0.15 sys=0.00, real=0.01 secs] 
7349.916: [GC (Allocation Failure) [PSYoungGen: 1561552K->7504K(1563136K)] 1698835K->145403K(2087424K), 0.0266089 secs] [Times: user=0.12 sys=0.00, real=0.02 secs] 
7359.329: [GC (Allocation Failure) [PSYoungGen: 1560912K->6913K(1563136K)] 1698811K->145619K(2087424K), 0.0112634 secs] [Times: user=0.09 sys=0.00, real=0.01 secs] 
7369.152: [GC (Allocation Failure) [PSYoungGen: 1560321K->7760K(1563136K)] 1699027K->146490K(2087424K), 0.0465326 secs] [Times: user=0.28 sys=0.00, real=0.05 secs] 
7378.695: [GC (Allocation Failure) [PSYoungGen: 1561168K->8400K(1562624K)] 1699898K->147952K(2086912K), 0.0065236 secs] [Times: user=0.12 sys=0.00, real=0.01 secs] 
7388.345: [GC (Allocation Failure) [PSYoungGen: 1561808K->7713K(1563136K)] 1701360K->148240K(2087424K), 0.0082445 secs] [Times: user=0.15 sys=0.00, real=0.01 secs] 
7397.903: [GC (Allocation Failure) [PSYoungGen: 1561121K->7664K(1563648K)] 1701648K->148223K(2087936K), 0.0188381 secs] [Times: user=0.06 sys=0.00, real=0.01 secs] 
7407.879: [GC (Allocation Failure) [PSYoungGen: 1562096K->8016K(1563648K)] 1702655K->149349K(2087936K), 0.0129590 secs] [Times: user=0.10 sys=0.00, real=0.01 secs] 
7435.934: [GC (System.gc()) [PSYoungGen: 1521539K->7120K(1563648K)] 1662873K->149093K(2087936K), 0.0075912 secs] [Times: user=0.10 sys=0.00, real=0.01 secs] 
7435.942: [Full GC (System.gc()) [PSYoungGen: 7120K->0K(1563648K)] [ParOldGen: 141973K->94518K(524288K)] 149093K->94518K(2087936K), [Metaspace: 21015K->21015K(1069056K)], 0.4439489 secs] [Times: user=13.69 sys=0.00, real=0.44 secs] 
7442.508: [GC (System.gc()) [PSYoungGen: 3398K->387K(1554944K)] 97917K->94914K(2079232K), 0.0074038 secs] [Times: user=0.09 sys=0.00, real=0.01 secs] 
7442.516: [Full GC (System.gc()) [PSYoungGen: 387K->0K(1554944K)] [ParOldGen: 94526K->89464K(524288K)] 94914K->89464K(2079232K), [Metaspace: 21019K->21019K(1069056K)], 0.2787994 secs] [Times: user=9.14 sys=0.00, real=0.28 secs] 
7462.336: [GC (Allocation Failure) [PSYoungGen: 1554432K->10209K(1560576K)] 1643896K->99930K(2084864K), 0.0048399 secs] [Times: user=0.05 sys=0.01, real=0.00 secs] 
7475.986: [GC (Allocation Failure) [PSYoungGen: 1560534K->7825K(1561600K)] 1650255K->100347K(2085888K), 0.0077425 secs] [Times: user=0.10 sys=0.01, real=0.00 secs] 
7486.308: [GC (System.gc()) [PSYoungGen: 846298K->7504K(1562112K)] 938820K->100474K(2086400K), 0.0115988 secs] [Times: user=0.27 sys=0.00, real=0.01 secs] 
7486.320: [Full GC (System.gc()) [PSYoungGen: 7504K->0K(1562112K)] [ParOldGen: 92970K->90187K(524288K)] 100474K->90187K(2086400K), [Metaspace: 21041K->21041K(1069056K)], 0.4982201 secs] [Times: user=16.25 sys=0.00, real=0.50 secs] 
7487.380: [GC (System.gc()) [PSYoungGen: 402K->224K(1551360K)] 90589K->90411K(2075648K), 0.0081055 secs] [Times: user=0.09 sys=0.00, real=0.01 secs] 
7487.388: [Full GC (System.gc()) [PSYoungGen: 224K->0K(1551360K)] [ParOldGen: 90187K->90120K(524288K)] 90411K->90120K(2075648K), [Metaspace: 21045K->21045K(1069056K)], 0.2818075 secs] [Times: user=7.57 sys=0.00, real=0.28 secs] 
7487.881: [GC (System.gc()) [PSYoungGen: 8823K->224K(1560064K)] 98944K->90344K(2084352K), 0.0167789 secs] [Times: user=0.26 sys=0.00, real=0.02 secs] 
7487.898: [Full GC (System.gc()) [PSYoungGen: 224K->0K(1560064K)] [ParOldGen: 90120K->90034K(524288K)] 90344K->90034K(2084352K), [Metaspace: 21054K->21054K(1069056K)], 0.4684444 secs] [Times: user=11.63 sys=0.00, real=0.47 secs] 
Heap
 PSYoungGen      total 1560064K, used 119220K [0x00000000a0000000, 0x0000000100000000, 0x0000000100000000)
  eden space 1548288K, 7% used [0x00000000a0000000,0x00000000a746d028,0x00000000fe800000)
  from space 11776K, 0% used [0x00000000ff480000,0x00000000ff480000,0x0000000100000000)
  to   space 12288K, 0% used [0x00000000fe800000,0x00000000fe800000,0x00000000ff400000)
 ParOldGen       total 524288K, used 90034K [0x0000000080000000, 0x00000000a0000000, 0x00000000a0000000)
  object space 524288K, 17% used [0x0000000080000000,0x00000000857ec858,0x00000000a0000000)
 Metaspace       used 21080K, capacity 21580K, committed 22016K, reserved 1069056K
  class space    used 2531K, capacity 2690K, committed 2816K, reserved 1048576K
