Java HotSpot(TM) 64-Bit Server VM (25.40-b25) for linux-amd64 JRE (1.8.0_40-b26), built on Mar  7 2015 15:08:31 by "java_re" with gcc 4.3.0 20080428 (Red Hat 4.3.0-8)
Memory: 4k page, physical 264398780k(141379920k free), swap 4194296k(4194296k free)
CommandLine flags: -XX:InitialHeapSize=2147483648 -XX:MaxHeapSize=32210157568 -XX:+PrintGC -XX:+PrintGCTimeStamps -XX:+UseCompressedClassPointers -XX:+UseCompressedOops -XX:+UseParallelGC 
0.283: [GC (Allocation Failure)  524800K->3734K(2010112K), 0.0073187 secs]
0.300: [GC (Allocation Failure)  528534K->2688K(2534912K), 0.0065850 secs]
1.429: [GC (Allocation Failure)  1052288K->9230K(2534912K), 0.0176022 secs]
25.044: [GC (System.gc())  276845K->26591K(3584512K), 0.0194248 secs]
25.063: [Full GC (System.gc())  26591K->25603K(3584512K), 0.0418174 secs]
111.180: [GC (System.gc())  369306K->27379K(3584512K), 0.0068405 secs]
111.187: [Full GC (System.gc())  27379K->25961K(3584512K), 0.1158889 secs]
338.065: [GC (System.gc())  768016K->27718K(3584512K), 0.0056651 secs]
338.071: [Full GC (System.gc())  27718K->26074K(3584512K), 0.0835157 secs]
442.926: [GC (System.gc())  358475K->27066K(3584512K), 0.0069371 secs]
442.933: [Full GC (System.gc())  27066K->25988K(3584512K), 0.0799174 secs]
675.821: [GC (System.gc())  650665K->27052K(3584512K), 0.0060353 secs]
675.827: [Full GC (System.gc())  27052K->26025K(3584512K), 0.0622073 secs]
757.558: [GC (System.gc())  299765K->27249K(3584512K), 0.0072775 secs]
757.565: [Full GC (System.gc())  27249K->25998K(3584512K), 0.0779823 secs]
764.160: [GC (System.gc())  80866K->26958K(3584512K), 0.0060366 secs]
764.166: [Full GC (System.gc())  26958K->25924K(3584512K), 0.0911348 secs]
1680.166: [GC (Allocation Failure)  2125124K->27666K(3584512K), 0.0057676 secs]
2598.912: [GC (Allocation Failure)  2126866K->27404K(5598208K), 0.0049789 secs]
4444.734: [GC (Allocation Failure)  4225804K->27885K(5666304K), 0.0122369 secs]
6320.262: [GC (Allocation Failure)  4276973K->27148K(9813504K), 0.0108583 secs]
7301.375: [GC (System.gc())  2265101K->27356K(9812992K), 0.0068768 secs]
7301.382: [Full GC (System.gc())  27356K->26297K(9812992K), 0.0767243 secs]
7485.531: [GC (System.gc())  575986K->27385K(9910784K), 0.0071951 secs]
7485.538: [Full GC (System.gc())  27385K->26082K(9910784K), 0.0645401 secs]
7491.749: [GC (System.gc())  240356K->27106K(9897984K), 0.0080661 secs]
7491.757: [Full GC (System.gc())  27106K->26257K(9897984K), 0.0423668 secs]
