Java HotSpot(TM) 64-Bit Server VM (25.40-b25) for linux-amd64 JRE (1.8.0_40-b26), built on Mar  7 2015 15:08:31 by "java_re" with gcc 4.3.0 20080428 (Red Hat 4.3.0-8)
Memory: 4k page, physical 264398780k(140512084k free), swap 4194296k(4194296k free)
CommandLine flags: -XX:InitialHeapSize=2147483648 -XX:MaxHeapSize=2147483648 -XX:MaxNewSize=1610612736 -XX:NewSize=1610612736 -XX:+PrintGC -XX:+PrintGCDetails -XX:+PrintGCTimeStamps -XX:+UseCompressedClassPointers -XX:+UseCompressedOops -XX:+UseParallelGC 
0.297: [GC (Allocation Failure) [PSYoungGen: 1179648K->4001K(1376256K)] 1179648K->4009K(1900544K), 0.0068657 secs] [Times: user=0.09 sys=0.01, real=0.01 secs] 
0.314: [GC (Allocation Failure) [PSYoungGen: 1183649K->2480K(1376256K)] 1183657K->2496K(1900544K), 0.0075231 secs] [Times: user=0.14 sys=0.04, real=0.00 secs] 
1.294: [GC (Allocation Failure) [PSYoungGen: 1182128K->10037K(1376256K)] 1182144K->10061K(1900544K), 0.0103648 secs] [Times: user=0.13 sys=0.04, real=0.01 secs] 
14.124: [GC (System.gc()) [PSYoungGen: 360233K->83799K(1376256K)] 360257K->83839K(1900544K), 0.0758074 secs] [Times: user=0.69 sys=1.91, real=0.08 secs] 
14.200: [Full GC (System.gc()) [PSYoungGen: 83799K->0K(1376256K)] [ParOldGen: 40K->82280K(524288K)] 83839K->82280K(1900544K), [Metaspace: 16716K->16716K(1064960K)], 0.3481233 secs] [Times: user=6.71 sys=0.19, real=0.35 secs] 
100.193: [GC (System.gc()) [PSYoungGen: 343540K->8034K(1376256K)] 425820K->90386K(1900544K), 0.0125517 secs] [Times: user=0.14 sys=0.00, real=0.01 secs] 
100.206: [Full GC (System.gc()) [PSYoungGen: 8034K->0K(1376256K)] [ParOldGen: 82352K->88896K(524288K)] 90386K->88896K(1900544K), [Metaspace: 20170K->20170K(1067008K)], 0.4178135 secs] [Times: user=13.24 sys=0.04, real=0.42 secs] 
210.849: [GC (Allocation Failure) [PSYoungGen: 1179648K->6003K(1376256K)] 1268544K->94907K(1900544K), 0.0103749 secs] [Times: user=0.20 sys=0.01, real=0.01 secs] 
230.026: [GC (Allocation Failure) [PSYoungGen: 1185651K->8520K(1376256K)] 1274555K->97433K(1900544K), 0.0070145 secs] [Times: user=0.16 sys=0.00, real=0.01 secs] 
240.322: [GC (Allocation Failure) [PSYoungGen: 1188168K->9064K(1515520K)] 1277081K->97985K(2039808K), 0.0060834 secs] [Times: user=0.06 sys=0.01, real=0.00 secs] 
249.710: [GC (Allocation Failure) [PSYoungGen: 1463656K->9753K(1511936K)] 1552577K->98681K(2036224K), 0.0100354 secs] [Times: user=0.15 sys=0.06, real=0.01 secs] 
258.986: [GC (Allocation Failure) [PSYoungGen: 1464345K->8440K(1521152K)] 1553273K->99466K(2045440K), 0.0074835 secs] [Times: user=0.08 sys=0.05, real=0.01 secs] 
268.062: [GC (Allocation Failure) [PSYoungGen: 1475320K->7144K(1518592K)] 1566346K->98923K(2042880K), 0.0213741 secs] [Times: user=0.15 sys=0.01, real=0.02 secs] 
277.060: [GC (Allocation Failure) [PSYoungGen: 1474024K->7464K(1525760K)] 1565803K->99427K(2050048K), 0.0213021 secs] [Times: user=0.11 sys=0.01, real=0.02 secs] 
286.977: [GC (Allocation Failure) [PSYoungGen: 1484072K->7029K(1523712K)] 1576035K->99851K(2048000K), 0.0316096 secs] [Times: user=0.17 sys=0.01, real=0.03 secs] 
325.509: [GC (System.gc()) [PSYoungGen: 1447736K->6517K(1529856K)] 1540558K->99939K(2054144K), 0.0528500 secs] [Times: user=0.22 sys=0.01, real=0.05 secs] 
325.562: [Full GC (System.gc()) [PSYoungGen: 6517K->0K(1529856K)] [ParOldGen: 93422K->90066K(524288K)] 99939K->90066K(2054144K), [Metaspace: 20795K->20795K(1069056K)], 1.5636806 secs] [Times: user=16.24 sys=0.08, real=1.57 secs] 
346.354: [GC (Allocation Failure) [PSYoungGen: 1484800K->9669K(1527808K)] 1574866K->99743K(2052096K), 0.0068680 secs] [Times: user=0.08 sys=0.04, real=0.01 secs] 
355.627: [GC (Allocation Failure) [PSYoungGen: 1494430K->7592K(1534464K)] 1584504K->100713K(2058752K), 0.0096569 secs] [Times: user=0.13 sys=0.07, real=0.01 secs] 
364.741: [GC (Allocation Failure) [PSYoungGen: 1501608K->7560K(1532416K)] 1594729K->101441K(2056704K), 0.0085395 secs] [Times: user=0.14 sys=0.05, real=0.01 secs] 
374.418: [GC (Allocation Failure) [PSYoungGen: 1501576K->7592K(1538560K)] 1595457K->102161K(2062848K), 0.0347811 secs] [Times: user=0.57 sys=0.01, real=0.04 secs] 
399.689: [GC (Allocation Failure) [PSYoungGen: 1509800K->6837K(1536512K)] 1604369K->102137K(2060800K), 0.0325784 secs] [Times: user=0.27 sys=0.00, real=0.03 secs] 
431.856: [GC (System.gc()) [PSYoungGen: 816801K->6280K(1541632K)] 912101K->102436K(2065920K), 0.0091059 secs] [Times: user=0.19 sys=0.03, real=0.01 secs] 
431.865: [Full GC (System.gc()) [PSYoungGen: 6280K->0K(1541632K)] [ParOldGen: 96156K->91409K(524288K)] 102436K->91409K(2065920K), [Metaspace: 20842K->20842K(1069056K)], 0.3893647 secs] [Times: user=13.02 sys=0.00, real=0.39 secs] 
452.643: [GC (Allocation Failure) [PSYoungGen: 1508864K->10032K(1540096K)] 1600273K->101441K(2064384K), 0.0068768 secs] [Times: user=0.09 sys=0.01, real=0.00 secs] 
462.125: [GC (Allocation Failure) [PSYoungGen: 1518896K->6943K(1545216K)] 1610305K->101162K(2069504K), 0.0257298 secs] [Times: user=0.23 sys=0.01, real=0.02 secs] 
471.641: [GC (Allocation Failure) [PSYoungGen: 1522975K->6095K(1543680K)] 1617194K->100978K(2067968K), 0.0294927 secs] [Times: user=0.18 sys=0.00, real=0.03 secs] 
480.897: [GC (Allocation Failure) [PSYoungGen: 1522127K->7375K(1547776K)] 1617010K->102930K(2072064K), 0.0089982 secs] [Times: user=0.10 sys=0.01, real=0.01 secs] 
511.383: [GC (Allocation Failure) [PSYoungGen: 1528503K->8862K(1546240K)] 1624057K->105008K(2070528K), 0.0456867 secs] [Times: user=0.35 sys=0.01, real=0.04 secs] 
543.923: [GC (Allocation Failure) [PSYoungGen: 1530014K->9118K(1550336K)] 1626160K->106608K(2074624K), 0.0394447 secs] [Times: user=0.25 sys=0.01, real=0.04 secs] 
584.456: [GC (Allocation Failure) [PSYoungGen: 1535902K->9374K(1549312K)] 1633392K->107464K(2073600K), 0.0782656 secs] [Times: user=0.56 sys=0.00, real=0.08 secs] 
634.547: [GC (Allocation Failure) [PSYoungGen: 1536158K->8702K(1552896K)] 1634248K->107904K(2077184K), 0.0247902 secs] [Times: user=0.16 sys=0.00, real=0.03 secs] 
663.695: [GC (System.gc()) [PSYoungGen: 851302K->5807K(1551872K)] 950504K->105800K(2076160K), 0.0275423 secs] [Times: user=0.07 sys=0.01, real=0.02 secs] 
663.722: [Full GC (System.gc()) [PSYoungGen: 5807K->0K(1551872K)] [ParOldGen: 99993K->92921K(524288K)] 105800K->92921K(2076160K), [Metaspace: 20886K->20886K(1069056K)], 0.7408909 secs] [Times: user=7.05 sys=0.05, real=0.74 secs] 
685.775: [GC (Allocation Failure) [PSYoungGen: 1531904K->9983K(1553920K)] 1624825K->102905K(2078208K), 0.0062602 secs] [Times: user=0.08 sys=0.01, real=0.01 secs] 
695.448: [GC (Allocation Failure) [PSYoungGen: 1544447K->7087K(1553408K)] 1637369K->103117K(2077696K), 0.0120642 secs] [Times: user=0.11 sys=0.00, real=0.02 secs] 
704.761: [GC (Allocation Failure) [PSYoungGen: 1541551K->7215K(1555456K)] 1637581K->104004K(2079744K), 0.0598137 secs] [Times: user=0.64 sys=0.01, real=0.06 secs] 
716.246: [GC (Allocation Failure) [PSYoungGen: 1544239K->8542K(1554432K)] 1641028K->105923K(2078720K), 0.0401141 secs] [Times: user=0.40 sys=0.00, real=0.04 secs] 
745.780: [GC (System.gc()) [PSYoungGen: 932793K->6095K(1556480K)] 1030173K->104299K(2080768K), 0.0311232 secs] [Times: user=0.19 sys=0.00, real=0.03 secs] 
745.811: [Full GC (System.gc()) [PSYoungGen: 6095K->0K(1556480K)] [ParOldGen: 98203K->91377K(524288K)] 104299K->91377K(2080768K), [Metaspace: 20906K->20906K(1069056K)], 0.9341223 secs] [Times: user=9.85 sys=0.09, real=0.93 secs] 
753.044: [GC (System.gc()) [PSYoungGen: 2994K->384K(1555968K)] 94371K->91761K(2080256K), 0.0087964 secs] [Times: user=0.10 sys=0.00, real=0.01 secs] 
753.053: [Full GC (System.gc()) [PSYoungGen: 384K->0K(1555968K)] [ParOldGen: 91377K->89015K(524288K)] 91761K->89015K(2080256K), [Metaspace: 20910K->20910K(1069056K)], 0.2393992 secs] [Times: user=7.74 sys=0.00, real=0.24 secs] 
772.466: [GC (Allocation Failure) [PSYoungGen: 1539584K->8833K(1556480K)] 1628599K->97857K(2080768K), 0.0091317 secs] [Times: user=0.09 sys=0.00, real=0.01 secs] 
785.568: [GC (Allocation Failure) [PSYoungGen: 1548417K->6417K(1555968K)] 1637441K->98111K(2080256K), 0.0128074 secs] [Times: user=0.13 sys=0.01, real=0.01 secs] 
798.719: [GC (Allocation Failure) [PSYoungGen: 1546001K->7105K(1558016K)] 1637695K->99119K(2082304K), 0.0065633 secs] [Times: user=0.09 sys=0.00, real=0.01 secs] 
811.853: [GC (Allocation Failure) [PSYoungGen: 1549249K->7009K(1556992K)] 1641263K->99119K(2081280K), 0.0035778 secs] [Times: user=0.04 sys=0.00, real=0.00 secs] 
825.050: [GC (Allocation Failure) [PSYoungGen: 1549153K->6977K(1559040K)] 1641263K->99183K(2083328K), 0.0069197 secs] [Times: user=0.05 sys=0.00, real=0.00 secs] 
838.256: [GC (Allocation Failure) [PSYoungGen: 1551681K->7073K(1558528K)] 1643887K->99391K(2082816K), 0.0039344 secs] [Times: user=0.05 sys=0.01, real=0.00 secs] 
851.541: [GC (Allocation Failure) [PSYoungGen: 1551777K->7169K(1560064K)] 1644095K->99551K(2084352K), 0.0035173 secs] [Times: user=0.04 sys=0.01, real=0.01 secs] 
864.738: [GC (Allocation Failure) [PSYoungGen: 1553921K->5921K(1559552K)] 1646303K->98335K(2083840K), 0.0064613 secs] [Times: user=0.05 sys=0.00, real=0.00 secs] 
878.030: [GC (Allocation Failure) [PSYoungGen: 1552673K->7105K(1561088K)] 1645087K->99727K(2085376K), 0.0059334 secs] [Times: user=0.08 sys=0.02, real=0.00 secs] 
891.308: [GC (Allocation Failure) [PSYoungGen: 1555862K->7137K(1560576K)] 1648484K->99927K(2084864K), 0.0053705 secs] [Times: user=0.09 sys=0.00, real=0.01 secs] 
904.537: [GC (Allocation Failure) [PSYoungGen: 1555937K->7041K(1561600K)] 1648727K->99855K(2085888K), 0.0053086 secs] [Times: user=0.04 sys=0.00, real=0.01 secs] 
917.797: [GC (Allocation Failure) [PSYoungGen: 1556865K->7169K(1561088K)] 1649679K->100079K(2085376K), 0.0062363 secs] [Times: user=0.08 sys=0.00, real=0.01 secs] 
931.013: [GC (Allocation Failure) [PSYoungGen: 1556993K->7105K(1562624K)] 1649903K->100279K(2086912K), 0.0036001 secs] [Times: user=0.05 sys=0.00, real=0.01 secs] 
1038.859: [GC (Allocation Failure) [PSYoungGen: 1558977K->7055K(1562112K)] 1652151K->100389K(2086400K), 0.0118644 secs] [Times: user=0.22 sys=0.01, real=0.02 secs] 
1117.559: [GC (Allocation Failure) [PSYoungGen: 1558927K->4911K(1562624K)] 1652261K->100773K(2086912K), 0.0125544 secs] [Times: user=0.26 sys=0.00, real=0.01 secs] 
1167.852: [GC (Allocation Failure) [PSYoungGen: 1557295K->4751K(1562624K)] 1653157K->100853K(2086912K), 0.0110991 secs] [Times: user=0.24 sys=0.00, real=0.01 secs] 
1209.444: [GC (Allocation Failure) [PSYoungGen: 1557135K->4751K(1562624K)] 1653237K->101101K(2086912K), 0.0088503 secs] [Times: user=0.17 sys=0.00, real=0.01 secs] 
1242.178: [GC (Allocation Failure) [PSYoungGen: 1557135K->4736K(1562624K)] 1653485K->101541K(2086912K), 0.0064576 secs] [Times: user=0.08 sys=0.00, real=0.01 secs] 
1273.612: [GC (Allocation Failure) [PSYoungGen: 1557120K->4911K(1562624K)] 1653925K->101836K(2086912K), 0.0075869 secs] [Times: user=0.18 sys=0.00, real=0.01 secs] 
1299.975: [GC (Allocation Failure) [PSYoungGen: 1557295K->4640K(1562624K)] 1654220K->102116K(2086912K), 0.0065153 secs] [Times: user=0.09 sys=0.01, real=0.01 secs] 
1326.260: [GC (Allocation Failure) [PSYoungGen: 1557024K->4992K(1563136K)] 1654500K->102604K(2087424K), 0.0064401 secs] [Times: user=0.09 sys=0.00, real=0.01 secs] 
1349.316: [GC (Allocation Failure) [PSYoungGen: 1557888K->5199K(1562624K)] 1655500K->102963K(2086912K), 0.0083124 secs] [Times: user=0.19 sys=0.00, real=0.01 secs] 
1371.265: [GC (Allocation Failure) [PSYoungGen: 1558095K->5088K(1563648K)] 1655859K->103459K(2087936K), 0.0056234 secs] [Times: user=0.09 sys=0.00, real=0.00 secs] 
1393.242: [GC (Allocation Failure) [PSYoungGen: 1559008K->4992K(1563136K)] 1657379K->103467K(2087424K), 0.0048237 secs] [Times: user=0.06 sys=0.00, real=0.01 secs] 
1412.726: [GC (Allocation Failure) [PSYoungGen: 1558912K->5391K(1564160K)] 1657387K->103961K(2088448K), 0.0091959 secs] [Times: user=0.20 sys=0.00, real=0.01 secs] 
1431.590: [GC (Allocation Failure) [PSYoungGen: 1560335K->5344K(1563648K)] 1658905K->104537K(2087936K), 0.0078164 secs] [Times: user=0.10 sys=0.01, real=0.01 secs] 
1450.471: [GC (Allocation Failure) [PSYoungGen: 1560288K->4896K(1564160K)] 1659481K->104145K(2088448K), 0.0090087 secs] [Times: user=0.09 sys=0.00, real=0.01 secs] 
1468.629: [GC (Allocation Failure) [PSYoungGen: 1560352K->5935K(1564160K)] 1659601K->105288K(2088448K), 0.0075802 secs] [Times: user=0.18 sys=0.00, real=0.01 secs] 
1485.178: [GC (Allocation Failure) [PSYoungGen: 1561391K->5185K(1564672K)] 1660744K->105168K(2088960K), 0.0060785 secs] [Times: user=0.04 sys=0.01, real=0.01 secs] 
1501.750: [GC (Allocation Failure) [PSYoungGen: 1561665K->5505K(1564672K)] 1661648K->105520K(2088960K), 0.0075680 secs] [Times: user=0.07 sys=0.01, real=0.01 secs] 
1518.322: [GC (Allocation Failure) [PSYoungGen: 1561985K->5473K(1565184K)] 1662000K->105640K(2089472K), 0.0035549 secs] [Times: user=0.04 sys=0.01, real=0.01 secs] 
1534.149: [GC (Allocation Failure) [PSYoungGen: 1562465K->6063K(1564672K)] 1662632K->106287K(2088960K), 0.0083526 secs] [Times: user=0.18 sys=0.00, real=0.01 secs] 
1548.917: [GC (Allocation Failure) [PSYoungGen: 1563055K->5537K(1565184K)] 1663279K->106575K(2089472K), 0.0076212 secs] [Times: user=0.11 sys=0.01, real=0.01 secs] 
1563.737: [GC (Allocation Failure) [PSYoungGen: 1563041K->5633K(1565184K)] 1664079K->106767K(2089472K), 0.0065918 secs] [Times: user=0.10 sys=0.00, real=0.01 secs] 
1578.473: [GC (Allocation Failure) [PSYoungGen: 1563137K->5473K(1565696K)] 1664271K->106663K(2089984K), 0.0058172 secs] [Times: user=0.05 sys=0.00, real=0.00 secs] 
1593.117: [GC (Allocation Failure) [PSYoungGen: 1563489K->5999K(1565184K)] 1664679K->107293K(2089472K), 0.0081773 secs] [Times: user=0.19 sys=0.00, real=0.00 secs] 
1606.424: [GC (Allocation Failure) [PSYoungGen: 1563967K->5505K(1565696K)] 1665261K->107605K(2089984K), 0.0038895 secs] [Times: user=0.04 sys=0.01, real=0.01 secs] 
1619.759: [GC (Allocation Failure) [PSYoungGen: 1564033K->5665K(1565696K)] 1666133K->107893K(2089984K), 0.0065741 secs] [Times: user=0.09 sys=0.00, real=0.01 secs] 
1633.055: [GC (Allocation Failure) [PSYoungGen: 1564193K->5729K(1565696K)] 1666421K->108077K(2089984K), 0.0061251 secs] [Times: user=0.09 sys=0.01, real=0.01 secs] 
1646.370: [GC (Allocation Failure) [PSYoungGen: 1564257K->5665K(1565696K)] 1666605K->108213K(2089984K), 0.0042972 secs] [Times: user=0.04 sys=0.03, real=0.01 secs] 
1659.400: [GC (Allocation Failure) [PSYoungGen: 1564193K->6095K(1565184K)] 1666741K->108772K(2089472K), 0.0068282 secs] [Times: user=0.16 sys=0.01, real=0.01 secs] 
1671.570: [GC (Allocation Failure) [PSYoungGen: 1564623K->5569K(1565696K)] 1667300K->109092K(2089984K), 0.0036679 secs] [Times: user=0.05 sys=0.00, real=0.00 secs] 
1683.724: [GC (Allocation Failure) [PSYoungGen: 1564097K->5729K(1566208K)] 1667620K->109404K(2090496K), 0.0035509 secs] [Times: user=0.04 sys=0.00, real=0.00 secs] 
1695.911: [GC (Allocation Failure) [PSYoungGen: 1565281K->5601K(1566208K)] 1668956K->109404K(2090496K), 0.0041622 secs] [Times: user=0.05 sys=0.00, real=0.00 secs] 
1708.080: [GC (Allocation Failure) [PSYoungGen: 1565153K->5793K(1566208K)] 1668956K->109804K(2090496K), 0.0033817 secs] [Times: user=0.04 sys=0.00, real=0.01 secs] 
1720.233: [GC (Allocation Failure) [PSYoungGen: 1565345K->5697K(1566208K)] 1669356K->109868K(2090496K), 0.0035558 secs] [Times: user=0.05 sys=0.00, real=0.01 secs] 
1731.511: [GC (Allocation Failure) [PSYoungGen: 1565249K->6351K(1566208K)] 1669420K->110642K(2090496K), 0.0082730 secs] [Times: user=0.18 sys=0.00, real=0.01 secs] 
1742.613: [GC (Allocation Failure) [PSYoungGen: 1565903K->5025K(1566208K)] 1670194K->110138K(2090496K), 0.0098873 secs] [Times: user=0.08 sys=0.01, real=0.01 secs] 
1753.712: [GC (Allocation Failure) [PSYoungGen: 1564577K->5857K(1566208K)] 1669690K->111074K(2090496K), 0.0051714 secs] [Times: user=0.07 sys=0.01, real=0.00 secs] 
1764.845: [GC (Allocation Failure) [PSYoungGen: 1565409K->5761K(1566208K)] 1670626K->111154K(2090496K), 0.0035040 secs] [Times: user=0.04 sys=0.00, real=0.00 secs] 
1775.955: [GC (Allocation Failure) [PSYoungGen: 1565313K->5569K(1566208K)] 1670706K->111050K(2090496K), 0.0077906 secs] [Times: user=0.09 sys=0.01, real=0.00 secs] 
1787.117: [GC (Allocation Failure) [PSYoungGen: 1565121K->6255K(1566208K)] 1670602K->111929K(2090496K), 0.0064593 secs] [Times: user=0.13 sys=0.00, real=0.00 secs] 
1797.422: [GC (Allocation Failure) [PSYoungGen: 1565749K->5793K(1566208K)] 1671423K->112489K(2090496K), 0.0050913 secs] [Times: user=0.07 sys=0.02, real=0.01 secs] 
1807.698: [GC (Allocation Failure) [PSYoungGen: 1565345K->5569K(1566208K)] 1672041K->112433K(2090496K), 0.0142840 secs] [Times: user=0.18 sys=0.00, real=0.02 secs] 
1817.993: [GC (Allocation Failure) [PSYoungGen: 1565121K->4641K(1566208K)] 1671985K->111593K(2090496K), 0.0097559 secs] [Times: user=0.05 sys=0.00, real=0.01 secs] 
1828.281: [GC (Allocation Failure) [PSYoungGen: 1564193K->5729K(1566208K)] 1671145K->112777K(2090496K), 0.0053371 secs] [Times: user=0.06 sys=0.00, real=0.01 secs] 
1838.535: [GC (Allocation Failure) [PSYoungGen: 1565281K->5697K(1566208K)] 1672329K->112857K(2090496K), 0.0064344 secs] [Times: user=0.07 sys=0.01, real=0.00 secs] 
1848.852: [GC (Allocation Failure) [PSYoungGen: 1565249K->5537K(1566208K)] 1672409K->112897K(2090496K), 0.0034563 secs] [Times: user=0.04 sys=0.00, real=0.01 secs] 
1858.911: [GC (Allocation Failure) [PSYoungGen: 1565089K->6095K(1566208K)] 1672449K->113584K(2090496K), 0.0069898 secs] [Times: user=0.13 sys=0.00, real=0.01 secs] 
1869.013: [GC (Allocation Failure) [PSYoungGen: 1565647K->5825K(1566208K)] 1673136K->114312K(2090496K), 0.0045588 secs] [Times: user=0.07 sys=0.01, real=0.01 secs] 
1879.102: [GC (Allocation Failure) [PSYoungGen: 1565377K->4513K(1566208K)] 1673864K->113128K(2090496K), 0.0065338 secs] [Times: user=0.05 sys=0.01, real=0.00 secs] 
1889.282: [GC (Allocation Failure) [PSYoungGen: 1564065K->5569K(1566208K)] 1672680K->114272K(2090496K), 0.0043945 secs] [Times: user=0.04 sys=0.01, real=0.00 secs] 
1899.369: [GC (Allocation Failure) [PSYoungGen: 1565121K->5697K(1566208K)] 1673824K->114504K(2090496K), 0.0056871 secs] [Times: user=0.06 sys=0.01, real=0.01 secs] 
1909.466: [GC (Allocation Failure) [PSYoungGen: 1565249K->5569K(1566208K)] 1674056K->114560K(2090496K), 0.0039289 secs] [Times: user=0.03 sys=0.00, real=0.00 secs] 
1919.502: [GC (Allocation Failure) [PSYoungGen: 1565121K->5135K(1566208K)] 1674112K->114214K(2090496K), 0.0109322 secs] [Times: user=0.06 sys=0.00, real=0.01 secs] 
1929.560: [GC (Allocation Failure) [PSYoungGen: 1564687K->5793K(1566208K)] 1673766K->115790K(2090496K), 0.0057650 secs] [Times: user=0.08 sys=0.00, real=0.01 secs] 
1939.635: [GC (Allocation Failure) [PSYoungGen: 1565345K->5089K(1566208K)] 1675342K->115166K(2090496K), 0.0062415 secs] [Times: user=0.05 sys=0.01, real=0.01 secs] 
1949.769: [GC (Allocation Failure) [PSYoungGen: 1564641K->5793K(1566208K)] 1674718K->116014K(2090496K), 0.0056680 secs] [Times: user=0.08 sys=0.00, real=0.01 secs] 
1959.766: [GC (Allocation Failure) [PSYoungGen: 1565345K->4705K(1566208K)] 1675566K->114982K(2090496K), 0.0072249 secs] [Times: user=0.04 sys=0.00, real=0.01 secs] 
1969.813: [GC (Allocation Failure) [PSYoungGen: 1564257K->5505K(1566208K)] 1674534K->115854K(2090496K), 0.0068709 secs] [Times: user=0.08 sys=0.01, real=0.01 secs] 
1979.854: [GC (Allocation Failure) [PSYoungGen: 1565057K->5697K(1566208K)] 1675406K->116230K(2090496K), 0.0039375 secs] [Times: user=0.04 sys=0.00, real=0.01 secs] 
1989.870: [GC (Allocation Failure) [PSYoungGen: 1565249K->6351K(1566208K)] 1675782K->117013K(2090496K), 0.0090673 secs] [Times: user=0.19 sys=0.00, real=0.01 secs] 
1999.923: [GC (Allocation Failure) [PSYoungGen: 1565903K->5793K(1566208K)] 1676565K->117461K(2090496K), 0.0034535 secs] [Times: user=0.04 sys=0.00, real=0.00 secs] 
2009.960: [GC (Allocation Failure) [PSYoungGen: 1565345K->5761K(1566208K)] 1677013K->117573K(2090496K), 0.0060099 secs] [Times: user=0.09 sys=0.00, real=0.00 secs] 
2020.035: [GC (Allocation Failure) [PSYoungGen: 1565313K->5217K(1566208K)] 1677125K->117053K(2090496K), 0.0066585 secs] [Times: user=0.04 sys=0.00, real=0.01 secs] 
2030.119: [GC (Allocation Failure) [PSYoungGen: 1564769K->5793K(1566208K)] 1676605K->117709K(2090496K), 0.0041178 secs] [Times: user=0.05 sys=0.00, real=0.01 secs] 
2040.221: [GC (Allocation Failure) [PSYoungGen: 1565345K->5985K(1566208K)] 1677261K->118045K(2090496K), 0.0048766 secs] [Times: user=0.08 sys=0.00, real=0.01 secs] 
2050.318: [GC (Allocation Failure) [PSYoungGen: 1565537K->6447K(1566208K)] 1677597K->118643K(2090496K), 0.0065000 secs] [Times: user=0.16 sys=0.00, real=0.00 secs] 
2060.351: [GC (Allocation Failure) [PSYoungGen: 1565999K->4769K(1565184K)] 1678195K->117755K(2089472K), 0.0171793 secs] [Times: user=0.16 sys=0.00, real=0.02 secs] 
2070.346: [GC (Allocation Failure) [PSYoungGen: 1563297K->5921K(1565696K)] 1676283K->119011K(2089984K), 0.0048189 secs] [Times: user=0.06 sys=0.00, real=0.01 secs] 
2080.359: [GC (Allocation Failure) [PSYoungGen: 1564449K->5857K(1565696K)] 1677539K->119171K(2089984K), 0.0062014 secs] [Times: user=0.09 sys=0.00, real=0.01 secs] 
2090.366: [GC (Allocation Failure) [PSYoungGen: 1564385K->5889K(1565696K)] 1677699K->119299K(2089984K), 0.0037569 secs] [Times: user=0.04 sys=0.00, real=0.00 secs] 
2100.402: [GC (Allocation Failure) [PSYoungGen: 1564417K->5921K(1565696K)] 1677827K->119419K(2089984K), 0.0043449 secs] [Times: user=0.05 sys=0.00, real=0.01 secs] 
2110.392: [GC (Allocation Failure) [PSYoungGen: 1564449K->5921K(1565696K)] 1677947K->119547K(2089984K), 0.0043025 secs] [Times: user=0.05 sys=0.01, real=0.01 secs] 
2120.327: [GC (Allocation Failure) [PSYoungGen: 1564449K->5871K(1566208K)] 1678075K->119546K(2090496K), 0.0124390 secs] [Times: user=0.05 sys=0.00, real=0.01 secs] 
2130.320: [GC (Allocation Failure) [PSYoungGen: 1564911K->5697K(1565696K)] 1678586K->120378K(2089984K), 0.0048773 secs] [Times: user=0.06 sys=0.00, real=0.00 secs] 
2140.334: [GC (Allocation Failure) [PSYoungGen: 1564737K->5857K(1566208K)] 1679418K->120586K(2090496K), 0.0042719 secs] [Times: user=0.05 sys=0.01, real=0.01 secs] 
2150.451: [GC (Allocation Failure) [PSYoungGen: 1565409K->5665K(1566208K)] 1680138K->120450K(2090496K), 0.0047025 secs] [Times: user=0.05 sys=0.00, real=0.00 secs] 
2160.458: [GC (Allocation Failure) [PSYoungGen: 1565217K->5441K(1566208K)] 1680002K->120346K(2090496K), 0.0046115 secs] [Times: user=0.04 sys=0.00, real=0.01 secs] 
2170.486: [GC (Allocation Failure) [PSYoungGen: 1564993K->5921K(1566208K)] 1679898K->120954K(2090496K), 0.0058489 secs] [Times: user=0.09 sys=0.00, real=0.00 secs] 
2180.469: [GC (Allocation Failure) [PSYoungGen: 1565473K->6351K(1566208K)] 1680506K->121425K(2090496K), 0.0064531 secs] [Times: user=0.12 sys=0.00, real=0.01 secs] 
2190.480: [GC (Allocation Failure) [PSYoungGen: 1565903K->5825K(1566208K)] 1680977K->121857K(2090496K), 0.0074260 secs] [Times: user=0.09 sys=0.00, real=0.01 secs] 
2200.480: [GC (Allocation Failure) [PSYoungGen: 1565377K->5921K(1566208K)] 1681409K->122089K(2090496K), 0.0053859 secs] [Times: user=0.06 sys=0.00, real=0.00 secs] 
2210.505: [GC (Allocation Failure) [PSYoungGen: 1565473K->5825K(1566208K)] 1681641K->122129K(2090496K), 0.0074648 secs] [Times: user=0.09 sys=0.00, real=0.01 secs] 
2220.517: [GC (Allocation Failure) [PSYoungGen: 1565377K->5921K(1566208K)] 1681681K->122393K(2090496K), 0.0061125 secs] [Times: user=0.08 sys=0.01, real=0.01 secs] 
2230.528: [GC (Allocation Failure) [PSYoungGen: 1565473K->5921K(1566208K)] 1681945K->122473K(2090496K), 0.0039941 secs] [Times: user=0.05 sys=0.01, real=0.01 secs] 
2240.593: [GC (Allocation Failure) [PSYoungGen: 1565473K->5889K(1566208K)] 1682025K->122577K(2090496K), 0.0041135 secs] [Times: user=0.05 sys=0.00, real=0.01 secs] 
2250.588: [GC (Allocation Failure) [PSYoungGen: 1565441K->5953K(1566208K)] 1682129K->122729K(2090496K), 0.0184432 secs] [Times: user=0.35 sys=0.00, real=0.02 secs] 
2260.512: [GC (Allocation Failure) [PSYoungGen: 1565505K->6511K(1566208K)] 1682281K->123431K(2090496K), 0.0068992 secs] [Times: user=0.14 sys=0.00, real=0.01 secs] 
2270.468: [GC (Allocation Failure) [PSYoungGen: 1566063K->4833K(1564672K)] 1682983K->122519K(2088960K), 0.0078464 secs] [Times: user=0.05 sys=0.00, real=0.01 secs] 
2280.443: [GC (Allocation Failure) [PSYoungGen: 1564385K->5921K(1566208K)] 1682071K->123663K(2090496K), 0.0066892 secs] [Times: user=0.08 sys=0.01, real=0.00 secs] 
2290.415: [GC (Allocation Failure) [PSYoungGen: 1564961K->5857K(1565696K)] 1682703K->123751K(2089984K), 0.0034950 secs] [Times: user=0.04 sys=0.00, real=0.00 secs] 
2300.364: [GC (Allocation Failure) [PSYoungGen: 1564897K->5793K(1566208K)] 1682791K->123711K(2090496K), 0.0067635 secs] [Times: user=0.07 sys=0.00, real=0.00 secs] 
2310.298: [GC (Allocation Failure) [PSYoungGen: 1565345K->5697K(1566208K)] 1683263K->123695K(2090496K), 0.0046528 secs] [Times: user=0.03 sys=0.00, real=0.00 secs] 
2320.268: [GC (Allocation Failure) [PSYoungGen: 1565249K->5985K(1566208K)] 1683247K->124055K(2090496K), 0.0034749 secs] [Times: user=0.04 sys=0.00, real=0.00 secs] 
2330.223: [GC (Allocation Failure) [PSYoungGen: 1565537K->5455K(1566208K)] 1683607K->123574K(2090496K), 0.0192150 secs] [Times: user=0.06 sys=0.00, real=0.02 secs] 
2340.170: [GC (Allocation Failure) [PSYoungGen: 1565007K->5761K(1566208K)] 1683126K->124902K(2090496K), 0.0044005 secs] [Times: user=0.03 sys=0.01, real=0.00 secs] 
2350.142: [GC (Allocation Failure) [PSYoungGen: 1565313K->5921K(1566208K)] 1684454K->125214K(2090496K), 0.0044417 secs] [Times: user=0.07 sys=0.00, real=0.00 secs] 
2360.141: [GC (Allocation Failure) [PSYoungGen: 1565473K->5025K(1566208K)] 1684766K->124390K(2090496K), 0.0130826 secs] [Times: user=0.09 sys=0.00, real=0.02 secs] 
2370.171: [GC (Allocation Failure) [PSYoungGen: 1564577K->6177K(1566208K)] 1683942K->125566K(2090496K), 0.0054450 secs] [Times: user=0.04 sys=0.00, real=0.01 secs] 
2380.060: [GC (Allocation Failure) [PSYoungGen: 1565729K->5953K(1566208K)] 1685118K->125422K(2090496K), 0.0059271 secs] [Times: user=0.07 sys=0.00, real=0.01 secs] 
2390.014: [GC (Allocation Failure) [PSYoungGen: 1565505K->6049K(1566208K)] 1684974K->125582K(2090496K), 0.0039646 secs] [Times: user=0.05 sys=0.01, real=0.01 secs] 
2399.963: [GC (Allocation Failure) [PSYoungGen: 1565601K->6607K(1565184K)] 1685134K->126220K(2089472K), 0.0070297 secs] [Times: user=0.16 sys=0.01, real=0.01 secs] 
2409.898: [GC (Allocation Failure) [PSYoungGen: 1565135K->6049K(1565696K)] 1684748K->126612K(2089984K), 0.0066361 secs] [Times: user=0.08 sys=0.00, real=0.01 secs] 
2419.856: [GC (Allocation Failure) [PSYoungGen: 1564577K->5953K(1565696K)] 1685140K->126612K(2089984K), 0.0043271 secs] [Times: user=0.05 sys=0.00, real=0.00 secs] 
2429.826: [GC (Allocation Failure) [PSYoungGen: 1564481K->4641K(1565696K)] 1685140K->125317K(2089984K), 0.0145435 secs] [Times: user=0.06 sys=0.00, real=0.01 secs] 
2439.847: [GC (Allocation Failure) [PSYoungGen: 1563169K->5857K(1565696K)] 1683845K->126565K(2089984K), 0.0085643 secs] [Times: user=0.09 sys=0.00, real=0.01 secs] 
2449.826: [GC (Allocation Failure) [PSYoungGen: 1564385K->5985K(1565696K)] 1685093K->126789K(2089984K), 0.0058575 secs] [Times: user=0.07 sys=0.00, real=0.00 secs] 
2459.723: [GC (Allocation Failure) [PSYoungGen: 1564513K->6543K(1565696K)] 1685317K->127603K(2089984K), 0.0074399 secs] [Times: user=0.16 sys=0.00, real=0.01 secs] 
2469.634: [GC (Allocation Failure) [PSYoungGen: 1565071K->5889K(1565696K)] 1686131K->128051K(2089984K), 0.0070953 secs] [Times: user=0.14 sys=0.01, real=0.01 secs] 
2479.585: [GC (Allocation Failure) [PSYoungGen: 1564417K->5985K(1565696K)] 1686579K->128267K(2089984K), 0.0057993 secs] [Times: user=0.07 sys=0.00, real=0.01 secs] 
2489.576: [GC (Allocation Failure) [PSYoungGen: 1564513K->6049K(1565696K)] 1686795K->128427K(2089984K), 0.0047378 secs] [Times: user=0.05 sys=0.00, real=0.00 secs] 
2499.512: [GC (Allocation Failure) [PSYoungGen: 1564577K->5665K(1565696K)] 1686955K->128059K(2089984K), 0.0101706 secs] [Times: user=0.06 sys=0.00, real=0.01 secs] 
2509.412: [GC (Allocation Failure) [PSYoungGen: 1564193K->5953K(1565696K)] 1686587K->128435K(2089984K), 0.0048467 secs] [Times: user=0.03 sys=0.00, real=0.01 secs] 
2519.313: [GC (Allocation Failure) [PSYoungGen: 1564481K->6017K(1566208K)] 1686963K->128531K(2090496K), 0.0038258 secs] [Times: user=0.04 sys=0.01, real=0.01 secs] 
2529.224: [GC (Allocation Failure) [PSYoungGen: 1565569K->6049K(1566208K)] 1688083K->128755K(2090496K), 0.0037846 secs] [Times: user=0.04 sys=0.00, real=0.00 secs] 
2539.039: [GC (Allocation Failure) [PSYoungGen: 1565601K->6447K(1565184K)] 1688307K->129266K(2089472K), 0.0088538 secs] [Times: user=0.21 sys=0.00, real=0.00 secs] 
2548.911: [GC (Allocation Failure) [PSYoungGen: 1564975K->5953K(1565696K)] 1687794K->129762K(2089984K), 0.0042653 secs] [Times: user=0.03 sys=0.01, real=0.00 secs] 
2558.768: [GC (Allocation Failure) [PSYoungGen: 1564481K->5505K(1566208K)] 1688290K->129370K(2090496K), 0.0132542 secs] [Times: user=0.05 sys=0.00, real=0.01 secs] 
2568.717: [GC (Allocation Failure) [PSYoungGen: 1565057K->5793K(1566208K)] 1688922K->129754K(2090496K), 0.0038590 secs] [Times: user=0.04 sys=0.00, real=0.00 secs] 
2578.568: [GC (Allocation Failure) [PSYoungGen: 1565345K->6017K(1566208K)] 1689306K->130122K(2090496K), 0.0051280 secs] [Times: user=0.08 sys=0.00, real=0.00 secs] 
2588.464: [GC (Allocation Failure) [PSYoungGen: 1565569K->6113K(1566208K)] 1689674K->130274K(2090496K), 0.0070977 secs] [Times: user=0.08 sys=0.00, real=0.01 secs] 
2598.318: [GC (Allocation Failure) [PSYoungGen: 1565665K->6095K(1566208K)] 1689826K->130368K(2090496K), 0.0087249 secs] [Times: user=0.12 sys=0.00, real=0.01 secs] 
2608.222: [GC (Allocation Failure) [PSYoungGen: 1565647K->6049K(1566208K)] 1689920K->131328K(2090496K), 0.0046702 secs] [Times: user=0.04 sys=0.01, real=0.00 secs] 
2618.106: [GC (Allocation Failure) [PSYoungGen: 1565601K->5153K(1566208K)] 1690880K->130512K(2090496K), 0.0314194 secs] [Times: user=0.43 sys=0.00, real=0.03 secs] 
2627.996: [GC (Allocation Failure) [PSYoungGen: 1564705K->5217K(1565184K)] 1690064K->130616K(2089472K), 0.0160520 secs] [Times: user=0.14 sys=0.00, real=0.01 secs] 
2637.962: [GC (Allocation Failure) [PSYoungGen: 1564769K->6145K(1565696K)] 1690168K->131632K(2089984K), 0.0042982 secs] [Times: user=0.05 sys=0.00, real=0.01 secs] 
2647.870: [GC (Allocation Failure) [PSYoungGen: 1564673K->5985K(1565696K)] 1690160K->131648K(2089984K), 0.0060818 secs] [Times: user=0.08 sys=0.00, real=0.00 secs] 
2657.788: [GC (Allocation Failure) [PSYoungGen: 1564513K->5985K(1566208K)] 1690176K->131704K(2090496K), 0.0035264 secs] [Times: user=0.04 sys=0.00, real=0.00 secs] 
2667.721: [GC (Allocation Failure) [PSYoungGen: 1565025K->5697K(1565696K)] 1690744K->131480K(2089984K), 0.0071854 secs] [Times: user=0.05 sys=0.01, real=0.00 secs] 
2677.628: [GC (Allocation Failure) [PSYoungGen: 1564737K->6145K(1566208K)] 1690520K->132128K(2090496K), 0.0043645 secs] [Times: user=0.05 sys=0.00, real=0.01 secs] 
2687.500: [GC (Allocation Failure) [PSYoungGen: 1565697K->6639K(1566208K)] 1691680K->132863K(2090496K), 0.0087365 secs] [Times: user=0.18 sys=0.00, real=0.01 secs] 
2697.392: [GC (Allocation Failure) [PSYoungGen: 1566191K->6145K(1565184K)] 1692415K->133391K(2089472K), 0.0055045 secs] [Times: user=0.06 sys=0.04, real=0.01 secs] 
2707.288: [GC (Allocation Failure) [PSYoungGen: 1564643K->6081K(1565696K)] 1691889K->133423K(2089984K), 0.0048442 secs] [Times: user=0.08 sys=0.00, real=0.00 secs] 
2717.176: [GC (Allocation Failure) [PSYoungGen: 1564609K->5281K(1565696K)] 1691951K->132671K(2089984K), 0.0124038 secs] [Times: user=0.15 sys=0.00, real=0.01 secs] 
2727.054: [GC (Allocation Failure) [PSYoungGen: 1563809K->5249K(1565696K)] 1691199K->132783K(2089984K), 0.0059545 secs] [Times: user=0.05 sys=0.00, real=0.01 secs] 
2736.929: [GC (Allocation Failure) [PSYoungGen: 1563777K->4865K(1565696K)] 1691311K->132415K(2089984K), 0.0191684 secs] [Times: user=0.06 sys=0.00, real=0.02 secs] 
2746.789: [GC (Allocation Failure) [PSYoungGen: 1563393K->6209K(1565696K)] 1690943K->133807K(2089984K), 0.0052393 secs] [Times: user=0.07 sys=0.00, real=0.01 secs] 
2756.701: [GC (Allocation Failure) [PSYoungGen: 1564737K->5889K(1565696K)] 1692335K->133655K(2089984K), 0.0051882 secs] [Times: user=0.08 sys=0.00, real=0.01 secs] 
2766.522: [GC (Allocation Failure) [PSYoungGen: 1564417K->6735K(1565696K)] 1692183K->134606K(2089984K), 0.0071961 secs] [Times: user=0.17 sys=0.00, real=0.01 secs] 
2776.462: [GC (Allocation Failure) [PSYoungGen: 1565263K->5889K(1565696K)] 1693134K->134726K(2089984K), 0.0044779 secs] [Times: user=0.05 sys=0.00, real=0.01 secs] 
2786.284: [GC (Allocation Failure) [PSYoungGen: 1564417K->5025K(1565696K)] 1693254K->133942K(2089984K), 0.0110518 secs] [Times: user=0.11 sys=0.00, real=0.01 secs] 
2796.135: [GC (Allocation Failure) [PSYoungGen: 1563553K->5857K(1565696K)] 1692470K->134790K(2089984K), 0.0038963 secs] [Times: user=0.05 sys=0.00, real=0.01 secs] 
2806.013: [GC (Allocation Failure) [PSYoungGen: 1564385K->6017K(1565696K)] 1693318K->135006K(2089984K), 0.0044333 secs] [Times: user=0.04 sys=0.00, real=0.00 secs] 
2815.854: [GC (Allocation Failure) [PSYoungGen: 1564545K->6113K(1565696K)] 1693534K->135294K(2089984K), 0.0045896 secs] [Times: user=0.04 sys=0.01, real=0.00 secs] 
2825.672: [GC (Allocation Failure) [PSYoungGen: 1564641K->6671K(1565696K)] 1693822K->135892K(2089984K), 0.0074136 secs] [Times: user=0.14 sys=0.00, real=0.01 secs] 
2835.504: [GC (Allocation Failure) [PSYoungGen: 1565199K->5953K(1565696K)] 1694420K->136180K(2089984K), 0.0038125 secs] [Times: user=0.04 sys=0.00, real=0.01 secs] 
2845.357: [GC (Allocation Failure) [PSYoungGen: 1564481K->6177K(1565696K)] 1694708K->136468K(2089984K), 0.0066899 secs] [Times: user=0.10 sys=0.01, real=0.00 secs] 
2855.212: [GC (Allocation Failure) [PSYoungGen: 1564705K->5665K(1565696K)] 1694996K->135980K(2089984K), 0.0098956 secs] [Times: user=0.07 sys=0.00, real=0.01 secs] 
2865.071: [GC (Allocation Failure) [PSYoungGen: 1564193K->6113K(1565696K)] 1694508K->136500K(2089984K), 0.0037588 secs] [Times: user=0.05 sys=0.01, real=0.00 secs] 
2874.932: [GC (Allocation Failure) [PSYoungGen: 1564641K->6177K(1565696K)] 1695028K->136620K(2089984K), 0.0038875 secs] [Times: user=0.05 sys=0.00, real=0.00 secs] 
2884.802: [GC (Allocation Failure) [PSYoungGen: 1564705K->6209K(1565696K)] 1695148K->136756K(2089984K), 0.0053479 secs] [Times: user=0.04 sys=0.00, real=0.01 secs] 
2894.565: [GC (Allocation Failure) [PSYoungGen: 1564737K->6735K(1565696K)] 1695284K->137395K(2089984K), 0.0067611 secs] [Times: user=0.12 sys=0.00, real=0.00 secs] 
2904.420: [GC (Allocation Failure) [PSYoungGen: 1565263K->5985K(1565696K)] 1695923K->137507K(2089984K), 0.0046440 secs] [Times: user=0.04 sys=0.00, real=0.01 secs] 
2914.254: [GC (Allocation Failure) [PSYoungGen: 1564513K->5857K(1565696K)] 1696035K->137403K(2089984K), 0.0071980 secs] [Times: user=0.07 sys=0.01, real=0.01 secs] 
2924.078: [GC (Allocation Failure) [PSYoungGen: 1564385K->6049K(1565696K)] 1695931K->137755K(2089984K), 0.0038256 secs] [Times: user=0.05 sys=0.00, real=0.00 secs] 
2933.907: [GC (Allocation Failure) [PSYoungGen: 1564577K->6177K(1565696K)] 1696283K->137987K(2089984K), 0.0050514 secs] [Times: user=0.08 sys=0.00, real=0.01 secs] 
2943.705: [GC (Allocation Failure) [PSYoungGen: 1564705K->5665K(1565696K)] 1696515K->137499K(2089984K), 0.0113056 secs] [Times: user=0.11 sys=0.00, real=0.01 secs] 
2953.554: [GC (Allocation Failure) [PSYoungGen: 1564177K->6273K(1565696K)] 1696012K->138187K(2089984K), 0.0078086 secs] [Times: user=0.04 sys=0.00, real=0.00 secs] 
2963.371: [GC (Allocation Failure) [PSYoungGen: 1564801K->6575K(1565696K)] 1696715K->138586K(2089984K), 0.0089828 secs] [Times: user=0.20 sys=0.00, real=0.01 secs] 
2973.121: [GC (Allocation Failure) [PSYoungGen: 1565103K->6241K(1565696K)] 1697114K->139290K(2089984K), 0.0044809 secs] [Times: user=0.05 sys=0.00, real=0.01 secs] 
2982.911: [GC (Allocation Failure) [PSYoungGen: 1564769K->6305K(1565696K)] 1697818K->139482K(2089984K), 0.0067991 secs] [Times: user=0.08 sys=0.00, real=0.01 secs] 
2992.700: [GC (Allocation Failure) [PSYoungGen: 1564833K->6305K(1565696K)] 1698010K->139570K(2089984K), 0.0069316 secs] [Times: user=0.10 sys=0.00, real=0.00 secs] 
3002.463: [GC (Allocation Failure) [PSYoungGen: 1564833K->6241K(1565696K)] 1698098K->139658K(2089984K), 0.0037717 secs] [Times: user=0.05 sys=0.00, real=0.00 secs] 
3012.208: [GC (Allocation Failure) [PSYoungGen: 1564769K->5121K(1565696K)] 1698186K->138578K(2089984K), 0.0233409 secs] [Times: user=0.30 sys=0.00, real=0.03 secs] 
3021.972: [GC (Allocation Failure) [PSYoungGen: 1563649K->6273K(1565696K)] 1697106K->139770K(2089984K), 0.0039495 secs] [Times: user=0.04 sys=0.00, real=0.01 secs] 
3031.686: [GC (Allocation Failure) [PSYoungGen: 1564801K->6767K(1565696K)] 1698298K->140400K(2089984K), 0.0063670 secs] [Times: user=0.13 sys=0.00, real=0.00 secs] 
3041.496: [GC (Allocation Failure) [PSYoungGen: 1565295K->6273K(1565696K)] 1698928K->140920K(2089984K), 0.0051413 secs] [Times: user=0.05 sys=0.01, real=0.00 secs] 
3051.276: [GC (Allocation Failure) [PSYoungGen: 1564801K->6177K(1565696K)] 1699448K->140968K(2089984K), 0.0065205 secs] [Times: user=0.09 sys=0.00, real=0.01 secs] 
3061.052: [GC (Allocation Failure) [PSYoungGen: 1564705K->6145K(1565696K)] 1699496K->141008K(2089984K), 0.0035827 secs] [Times: user=0.04 sys=0.00, real=0.00 secs] 
3070.854: [GC (Allocation Failure) [PSYoungGen: 1564673K->6273K(1565696K)] 1699536K->141200K(2089984K), 0.0041728 secs] [Times: user=0.05 sys=0.01, real=0.00 secs] 
3080.715: [GC (Allocation Failure) [PSYoungGen: 1564801K->6017K(1565696K)] 1699728K->141040K(2089984K), 0.0064788 secs] [Times: user=0.08 sys=0.00, real=0.01 secs] 
3090.493: [GC (Allocation Failure) [PSYoungGen: 1564545K->5281K(1565696K)] 1699568K->140384K(2089984K), 0.0162703 secs] [Times: user=0.10 sys=0.00, real=0.02 secs] 
3100.305: [GC (Allocation Failure) [PSYoungGen: 1563809K->5473K(1565696K)] 1698912K->140576K(2089984K), 0.0092072 secs] [Times: user=0.07 sys=0.00, real=0.01 secs] 
3110.057: [GC (Allocation Failure) [PSYoungGen: 1564001K->6863K(1565696K)] 1699104K->142087K(2089984K), 0.0089565 secs] [Times: user=0.17 sys=0.00, real=0.01 secs] 
3119.813: [GC (Allocation Failure) [PSYoungGen: 1565391K->6273K(1565696K)] 1700615K->142439K(2089984K), 0.0038777 secs] [Times: user=0.04 sys=0.00, real=0.00 secs] 
3129.546: [GC (Allocation Failure) [PSYoungGen: 1564801K->6241K(1565696K)] 1700967K->142559K(2089984K), 0.0045292 secs] [Times: user=0.06 sys=0.00, real=0.01 secs] 
3139.348: [GC (Allocation Failure) [PSYoungGen: 1564761K->5985K(1565696K)] 1701079K->142351K(2089984K), 0.0054888 secs] [Times: user=0.04 sys=0.01, real=0.01 secs] 
3149.064: [GC (Allocation Failure) [PSYoungGen: 1564513K->6273K(1565696K)] 1700879K->142663K(2089984K), 0.0033433 secs] [Times: user=0.05 sys=0.00, real=0.00 secs] 
3158.843: [GC (Allocation Failure) [PSYoungGen: 1564801K->6241K(1565696K)] 1701191K->142823K(2089984K), 0.0044244 secs] [Times: user=0.04 sys=0.01, real=0.00 secs] 
3168.593: [GC (Allocation Failure) [PSYoungGen: 1564769K->6177K(1565696K)] 1701351K->142823K(2089984K), 0.0054864 secs] [Times: user=0.03 sys=0.00, real=0.01 secs] 
3178.310: [GC (Allocation Failure) [PSYoungGen: 1564705K->5839K(1565696K)] 1701351K->142501K(2089984K), 0.0411482 secs] [Times: user=0.60 sys=0.00, real=0.04 secs] 
3188.094: [GC (Allocation Failure) [PSYoungGen: 1564367K->6337K(1565696K)] 1701029K->144061K(2089984K), 0.0050361 secs] [Times: user=0.04 sys=0.01, real=0.01 secs] 
3197.849: [GC (Allocation Failure) [PSYoungGen: 1564865K->5889K(1565696K)] 1702589K->143685K(2089984K), 0.0112420 secs] [Times: user=0.12 sys=0.00, real=0.02 secs] 
3207.670: [GC (Allocation Failure) [PSYoungGen: 1564417K->6369K(1565696K)] 1702213K->144373K(2089984K), 0.0052024 secs] [Times: user=0.07 sys=0.00, real=0.01 secs] 
3217.442: [GC (Allocation Failure) [PSYoungGen: 1564897K->5985K(1565696K)] 1702901K->144053K(2089984K), 0.0100344 secs] [Times: user=0.05 sys=0.00, real=0.01 secs] 
3227.399: [GC (Allocation Failure) [PSYoungGen: 1564513K->5121K(1565696K)] 1702581K->143197K(2089984K), 0.0189577 secs] [Times: user=0.03 sys=0.00, real=0.02 secs] 
3237.123: [GC (Allocation Failure) [PSYoungGen: 1563649K->5409K(1565696K)] 1701725K->143597K(2089984K), 0.0160509 secs] [Times: user=0.09 sys=0.00, real=0.02 secs] 
3246.881: [GC (Allocation Failure) [PSYoungGen: 1563937K->6433K(1565696K)] 1702125K->144797K(2089984K), 0.0044131 secs] [Times: user=0.06 sys=0.00, real=0.00 secs] 
3256.629: [GC (Allocation Failure) [PSYoungGen: 1564961K->6991K(1565696K)] 1703325K->145380K(2089984K), 0.0071493 secs] [Times: user=0.15 sys=0.00, real=0.00 secs] 
3266.384: [GC (Allocation Failure) [PSYoungGen: 1565519K->5473K(1564672K)] 1703908K->144748K(2088960K), 0.0264269 secs] [Times: user=0.22 sys=0.00, real=0.03 secs] 
3276.141: [GC (Allocation Failure) [PSYoungGen: 1562977K->5153K(1565184K)] 1702252K->144444K(2089472K), 0.0134544 secs] [Times: user=0.04 sys=0.00, real=0.01 secs] 
3285.921: [GC (Allocation Failure) [PSYoungGen: 1562657K->6273K(1565184K)] 1701948K->145668K(2089472K), 0.0050580 secs] [Times: user=0.04 sys=0.00, real=0.01 secs] 
3295.657: [GC (Allocation Failure) [PSYoungGen: 1563777K->6369K(1565184K)] 1703172K->145868K(2089472K), 0.0052487 secs] [Times: user=0.06 sys=0.00, real=0.00 secs] 
3305.530: [GC (Allocation Failure) [PSYoungGen: 1563873K->5249K(1565184K)] 1703372K->144780K(2089472K), 0.0078680 secs] [Times: user=0.05 sys=0.00, real=0.01 secs] 
3315.204: [GC (Allocation Failure) [PSYoungGen: 1562753K->6273K(1565184K)] 1702284K->145932K(2089472K), 0.0054689 secs] [Times: user=0.05 sys=0.00, real=0.01 secs] 
3324.904: [GC (Allocation Failure) [PSYoungGen: 1563777K->6959K(1565184K)] 1703436K->146739K(2089472K), 0.0067222 secs] [Times: user=0.09 sys=0.01, real=0.01 secs] 
3334.737: [GC (Allocation Failure) [PSYoungGen: 1564463K->6433K(1565184K)] 1704243K->147155K(2089472K), 0.0059505 secs] [Times: user=0.08 sys=0.01, real=0.01 secs] 
3344.558: [GC (Allocation Failure) [PSYoungGen: 1563937K->6145K(1565184K)] 1704659K->146987K(2089472K), 0.0047899 secs] [Times: user=0.05 sys=0.01, real=0.01 secs] 
3354.348: [GC (Allocation Failure) [PSYoungGen: 1563649K->6369K(1565184K)] 1704491K->147315K(2089472K), 0.0040317 secs] [Times: user=0.05 sys=0.00, real=0.00 secs] 
3364.119: [GC (Allocation Failure) [PSYoungGen: 1563873K->6337K(1565184K)] 1704819K->147355K(2089472K), 0.0045262 secs] [Times: user=0.05 sys=0.00, real=0.01 secs] 
3373.951: [GC (Allocation Failure) [PSYoungGen: 1563841K->5793K(1565184K)] 1704859K->146851K(2089472K), 0.0307512 secs] [Times: user=0.28 sys=0.00, real=0.03 secs] 
3383.733: [GC (Allocation Failure) [PSYoungGen: 1563297K->6209K(1565696K)] 1704355K->147411K(2089984K), 0.0057405 secs] [Times: user=0.04 sys=0.00, real=0.01 secs] 
3393.474: [GC (Allocation Failure) [PSYoungGen: 1564225K->6447K(1565184K)] 1705427K->147753K(2089472K), 0.0094305 secs] [Times: user=0.09 sys=0.00, real=0.01 secs] 
3403.167: [GC (Allocation Failure) [PSYoungGen: 1564463K->6145K(1565696K)] 1705769K->148433K(2089984K), 0.0062813 secs] [Times: user=0.09 sys=0.01, real=0.01 secs] 
3412.847: [GC (Allocation Failure) [PSYoungGen: 1564161K->6369K(1565184K)] 1706449K->148777K(2089472K), 0.0047726 secs] [Times: user=0.06 sys=0.00, real=0.00 secs] 
3422.584: [GC (Allocation Failure) [PSYoungGen: 1564385K->6433K(1565696K)] 1706793K->148913K(2089984K), 0.0046801 secs] [Times: user=0.04 sys=0.01, real=0.00 secs] 
3432.309: [GC (Allocation Failure) [PSYoungGen: 1564961K->6113K(1565696K)] 1707441K->148761K(2089984K), 0.0049030 secs] [Times: user=0.04 sys=0.01, real=0.00 secs] 
3442.004: [GC (Allocation Failure) [PSYoungGen: 1564641K->5697K(1565696K)] 1707289K->148377K(2089984K), 0.0145794 secs] [Times: user=0.11 sys=0.00, real=0.02 secs] 
3451.732: [GC (Allocation Failure) [PSYoungGen: 1564225K->6465K(1565696K)] 1706905K->149321K(2089984K), 0.0036772 secs] [Times: user=0.05 sys=0.00, real=0.00 secs] 
3461.495: [GC (Allocation Failure) [PSYoungGen: 1564993K->6241K(1565696K)] 1707849K->149329K(2089984K), 0.0037777 secs] [Times: user=0.04 sys=0.00, real=0.01 secs] 
3471.213: [GC (Allocation Failure) [PSYoungGen: 1564769K->5871K(1565696K)] 1707857K->148984K(2089984K), 0.0114218 secs] [Times: user=0.07 sys=0.00, real=0.01 secs] 
3480.960: [GC (Allocation Failure) [PSYoungGen: 1564399K->5953K(1565696K)] 1707512K->149976K(2089984K), 0.0054475 secs] [Times: user=0.05 sys=0.01, real=0.01 secs] 
3490.748: [GC (Allocation Failure) [PSYoungGen: 1564481K->6081K(1565696K)] 1708504K->150264K(2089984K), 0.0044092 secs] [Times: user=0.06 sys=0.00, real=0.00 secs] 
3500.541: [GC (Allocation Failure) [PSYoungGen: 1564609K->6369K(1565696K)] 1708792K->150584K(2089984K), 0.0040882 secs] [Times: user=0.05 sys=0.01, real=0.01 secs] 
3510.318: [GC (Allocation Failure) [PSYoungGen: 1564897K->6369K(1565696K)] 1709112K->150632K(2089984K), 0.0053402 secs] [Times: user=0.07 sys=0.00, real=0.00 secs] 
3520.173: [GC (Allocation Failure) [PSYoungGen: 1564897K->5569K(1565696K)] 1709160K->149904K(2089984K), 0.0196409 secs] [Times: user=0.15 sys=0.01, real=0.02 secs] 
3530.014: [GC (Allocation Failure) [PSYoungGen: 1564097K->6465K(1565696K)] 1708432K->150952K(2089984K), 0.0048234 secs] [Times: user=0.05 sys=0.00, real=0.00 secs] 
3539.643: [GC (Allocation Failure) [PSYoungGen: 1564993K->6895K(1565696K)] 1709480K->151423K(2089984K), 0.0075341 secs] [Times: user=0.14 sys=0.00, real=0.00 secs] 
3549.255: [GC (Allocation Failure) [PSYoungGen: 1565423K->6369K(1565696K)] 1709951K->151975K(2089984K), 0.0060377 secs] [Times: user=0.06 sys=0.00, real=0.00 secs] 
3559.017: [GC (Allocation Failure) [PSYoungGen: 1564897K->5057K(1564672K)] 1710503K->150679K(2088960K), 0.0096775 secs] [Times: user=0.06 sys=0.00, real=0.01 secs] 
3568.685: [GC (Allocation Failure) [PSYoungGen: 1562561K->6049K(1565184K)] 1708183K->151767K(2089472K), 0.0056269 secs] [Times: user=0.04 sys=0.00, real=0.01 secs] 
3578.374: [GC (Allocation Failure) [PSYoungGen: 1563553K->6433K(1565696K)] 1709271K->152255K(2089984K), 0.0044704 secs] [Times: user=0.07 sys=0.00, real=0.01 secs] 
3588.054: [GC (Allocation Failure) [PSYoungGen: 1564961K->5857K(1565696K)] 1710783K->151719K(2089984K), 0.0078222 secs] [Times: user=0.06 sys=0.00, real=0.01 secs] 
3597.815: [GC (Allocation Failure) [PSYoungGen: 1564385K->5761K(1565696K)] 1710247K->151775K(2089984K), 0.0086095 secs] [Times: user=0.06 sys=0.00, real=0.01 secs] 
3607.517: [GC (Allocation Failure) [PSYoungGen: 1564289K->6959K(1565696K)] 1710303K->153029K(2089984K), 0.0084523 secs] [Times: user=0.09 sys=0.00, real=0.01 secs] 
3617.192: [GC (Allocation Failure) [PSYoungGen: 1565487K->5569K(1564672K)] 1711557K->152509K(2088960K), 0.0140912 secs] [Times: user=0.12 sys=0.00, real=0.02 secs] 
3626.824: [GC (Allocation Failure) [PSYoungGen: 1563073K->6433K(1565184K)] 1710013K->153461K(2089472K), 0.0035450 secs] [Times: user=0.05 sys=0.00, real=0.00 secs] 
3636.541: [GC (Allocation Failure) [PSYoungGen: 1563937K->5953K(1565184K)] 1710965K->153045K(2089472K), 0.0090947 secs] [Times: user=0.07 sys=0.00, real=0.01 secs] 
3646.290: [GC (Allocation Failure) [PSYoungGen: 1563457K->6049K(1565184K)] 1710549K->153253K(2089472K), 0.0056844 secs] [Times: user=0.06 sys=0.00, real=0.00 secs] 
3655.948: [GC (Allocation Failure) [PSYoungGen: 1563553K->5409K(1565696K)] 1710757K->152629K(2089984K), 0.0141901 secs] [Times: user=0.16 sys=0.00, real=0.02 secs] 
3665.604: [GC (Allocation Failure) [PSYoungGen: 1563937K->6305K(1565696K)] 1711157K->153741K(2089984K), 0.0041496 secs] [Times: user=0.05 sys=0.00, real=0.00 secs] 
3675.300: [GC (Allocation Failure) [PSYoungGen: 1564833K->6447K(1565696K)] 1712269K->153908K(2089984K), 0.0217454 secs] [Times: user=0.15 sys=0.00, real=0.02 secs] 
3685.144: [GC (Allocation Failure) [PSYoungGen: 1564975K->6593K(1565184K)] 1712436K->155316K(2089472K), 0.0119933 secs] [Times: user=0.25 sys=0.01, real=0.01 secs] 
3694.850: [GC (Allocation Failure) [PSYoungGen: 1565121K->6561K(1565184K)] 1713844K->155420K(2089472K), 0.0056547 secs] [Times: user=0.08 sys=0.00, real=0.01 secs] 
3704.560: [GC (Allocation Failure) [PSYoungGen: 1564065K->6593K(1565184K)] 1712924K->155484K(2089472K), 0.0039049 secs] [Times: user=0.05 sys=0.00, real=0.00 secs] 
3714.224: [GC (Allocation Failure) [PSYoungGen: 1564097K->6337K(1565184K)] 1712988K->155404K(2089472K), 0.0043973 secs] [Times: user=0.05 sys=0.00, real=0.01 secs] 
3723.867: [GC (Allocation Failure) [PSYoungGen: 1563841K->5793K(1565184K)] 1712908K->154892K(2089472K), 0.0093654 secs] [Times: user=0.05 sys=0.00, real=0.01 secs] 
3733.565: [GC (Allocation Failure) [PSYoungGen: 1563297K->5281K(1565184K)] 1712396K->154468K(2089472K), 0.0140679 secs] [Times: user=0.10 sys=0.00, real=0.01 secs] 
3743.212: [GC (Allocation Failure) [PSYoungGen: 1562785K->6575K(1565184K)] 1711972K->155882K(2089472K), 0.0203639 secs] [Times: user=0.21 sys=0.00, real=0.02 secs] 
3752.947: [GC (Allocation Failure) [PSYoungGen: 1564079K->5505K(1565184K)] 1713386K->155610K(2089472K), 0.0107059 secs] [Times: user=0.04 sys=0.01, real=0.01 secs] 
3762.623: [GC (Allocation Failure) [PSYoungGen: 1563009K->5665K(1565184K)] 1713114K->155850K(2089472K), 0.0071834 secs] [Times: user=0.04 sys=0.00, real=0.01 secs] 
3772.289: [GC (Allocation Failure) [PSYoungGen: 1563169K->5185K(1565184K)] 1713354K->155458K(2089472K), 0.0096102 secs] [Times: user=0.03 sys=0.00, real=0.01 secs] 
3781.940: [GC (Allocation Failure) [PSYoungGen: 1562689K->5697K(1565184K)] 1712962K->156011K(2089472K), 0.0130556 secs] [Times: user=0.06 sys=0.00, real=0.01 secs] 
3791.620: [GC (Allocation Failure) [PSYoungGen: 1563201K->6209K(1565184K)] 1713515K->156579K(2089472K), 0.0048770 secs] [Times: user=0.04 sys=0.00, real=0.00 secs] 
3801.342: [GC (Allocation Failure) [PSYoungGen: 1563713K->5537K(1565184K)] 1714083K->156035K(2089472K), 0.0205710 secs] [Times: user=0.16 sys=0.00, real=0.02 secs] 
3811.037: [GC (Allocation Failure) [PSYoungGen: 1563041K->7055K(1564672K)] 1713539K->157593K(2088960K), 0.0083171 secs] [Times: user=0.15 sys=0.00, real=0.01 secs] 
3820.623: [GC (Allocation Failure) [PSYoungGen: 1564559K->6241K(1565184K)] 1715097K->157729K(2089472K), 0.0049528 secs] [Times: user=0.05 sys=0.00, real=0.01 secs] 
3830.233: [GC (Allocation Failure) [PSYoungGen: 1563745K->6625K(1565184K)] 1715233K->158169K(2089472K), 0.0050738 secs] [Times: user=0.06 sys=0.01, real=0.01 secs] 
3839.953: [GC (Allocation Failure) [PSYoungGen: 1564129K->6561K(1565184K)] 1715673K->158257K(2089472K), 0.0070133 secs] [Times: user=0.09 sys=0.01, real=0.01 secs] 
3849.627: [GC (Allocation Failure) [PSYoungGen: 1564065K->6465K(1565184K)] 1715761K->158161K(2089472K), 0.0060347 secs] [Times: user=0.05 sys=0.00, real=0.01 secs] 
3859.196: [GC (Allocation Failure) [PSYoungGen: 1563969K->5985K(1565184K)] 1715665K->157721K(2089472K), 0.0089450 secs] [Times: user=0.06 sys=0.00, real=0.01 secs] 
3868.819: [GC (Allocation Failure) [PSYoungGen: 1563489K->6305K(1565184K)] 1715225K->158217K(2089472K), 0.0042759 secs] [Times: user=0.05 sys=0.01, real=0.01 secs] 
3878.486: [GC (Allocation Failure) [PSYoungGen: 1563809K->5889K(1565184K)] 1715721K->157889K(2089472K), 0.0163133 secs] [Times: user=0.10 sys=0.00, real=0.01 secs] 
3888.180: [GC (Allocation Failure) [PSYoungGen: 1563393K->6689K(1565184K)] 1715393K->158801K(2089472K), 0.0055975 secs] [Times: user=0.06 sys=0.00, real=0.01 secs] 
3897.754: [GC (Allocation Failure) [PSYoungGen: 1564132K->7183K(1565184K)] 1716244K->159352K(2089472K), 0.0079936 secs] [Times: user=0.15 sys=0.00, real=0.01 secs] 
3907.423: [GC (Allocation Failure) [PSYoungGen: 1564687K->5185K(1565184K)] 1716856K->158223K(2089472K), 0.0098675 secs] [Times: user=0.05 sys=0.00, real=0.01 secs] 
3917.067: [GC (Allocation Failure) [PSYoungGen: 1562689K->5458K(1565184K)] 1715727K->158520K(2089472K), 0.0356342 secs] [Times: user=0.24 sys=0.01, real=0.04 secs] 
3926.762: [GC (Allocation Failure) [PSYoungGen: 1562962K->6593K(1565184K)] 1716024K->159759K(2089472K), 0.0052163 secs] [Times: user=0.06 sys=0.01, real=0.00 secs] 
3936.420: [GC (Allocation Failure) [PSYoungGen: 1564097K->6657K(1565184K)] 1717263K->159919K(2089472K), 0.0051533 secs] [Times: user=0.07 sys=0.00, real=0.01 secs] 
3946.176: [GC (Allocation Failure) [PSYoungGen: 1564161K->6497K(1565184K)] 1717423K->159791K(2089472K), 0.0038773 secs] [Times: user=0.05 sys=0.00, real=0.00 secs] 
3955.833: [GC (Allocation Failure) [PSYoungGen: 1564001K->5697K(1565184K)] 1717295K->159103K(2089472K), 0.0080380 secs] [Times: user=0.05 sys=0.00, real=0.01 secs] 
3965.406: [GC (Allocation Failure) [PSYoungGen: 1563201K->6927K(1564160K)] 1716607K->160389K(2088448K), 0.0096926 secs] [Times: user=0.11 sys=0.00, real=0.01 secs] 
3975.040: [GC (Allocation Failure) [PSYoungGen: 1563407K->6497K(1564672K)] 1716869K->161029K(2088960K), 0.0061542 secs] [Times: user=0.08 sys=0.03, real=0.00 secs] 
3984.548: [GC (Allocation Failure) [PSYoungGen: 1562977K->6241K(1565184K)] 1717509K->160877K(2089472K), 0.0071522 secs] [Times: user=0.05 sys=0.00, real=0.01 secs] 
3994.216: [GC (Allocation Failure) [PSYoungGen: 1563745K->5601K(1565184K)] 1718381K->160333K(2089472K), 0.0223974 secs] [Times: user=0.17 sys=0.00, real=0.02 secs] 
4003.606: [GC (Allocation Failure) [PSYoungGen: 1563105K->5921K(1565184K)] 1717837K->160693K(2089472K), 0.0190600 secs] [Times: user=0.10 sys=0.01, real=0.02 secs] 
4013.159: [GC (Allocation Failure) [PSYoungGen: 1563425K->5889K(1565184K)] 1718197K->160693K(2089472K), 0.0131172 secs] [Times: user=0.05 sys=0.00, real=0.01 secs] 
4022.768: [GC (Allocation Failure) [PSYoungGen: 1563393K->5793K(1565184K)] 1718197K->160685K(2089472K), 0.0159480 secs] [Times: user=0.04 sys=0.00, real=0.01 secs] 
4032.347: [GC (Allocation Failure) [PSYoungGen: 1563297K->7073K(1565184K)] 1718189K->162125K(2089472K), 0.0086984 secs] [Times: user=0.04 sys=0.01, real=0.00 secs] 
4041.926: [GC (Allocation Failure) [PSYoungGen: 1564577K->7567K(1564160K)] 1719629K->162636K(2088448K), 0.0081449 secs] [Times: user=0.16 sys=0.00, real=0.01 secs] 
4051.535: [GC (Allocation Failure) [PSYoungGen: 1564047K->6273K(1564672K)] 1719116K->162244K(2088960K), 0.0105767 secs] [Times: user=0.11 sys=0.00, real=0.01 secs] 
4061.132: [GC (Allocation Failure) [PSYoungGen: 1562753K->6593K(1564672K)] 1718724K->162596K(2088960K), 0.0093651 secs] [Times: user=0.06 sys=0.00, real=0.01 secs] 
4070.818: [GC (Allocation Failure) [PSYoungGen: 1563073K->6945K(1564672K)] 1719076K->163132K(2088960K), 0.0066026 secs] [Times: user=0.05 sys=0.00, real=0.01 secs] 
4080.377: [GC (Allocation Failure) [PSYoungGen: 1563425K->7137K(1564672K)] 1719612K->163372K(2088960K), 0.0061892 secs] [Times: user=0.08 sys=0.00, real=0.01 secs] 
4090.072: [GC (Allocation Failure) [PSYoungGen: 1563617K->6241K(1564672K)] 1719852K->162500K(2088960K), 0.0110518 secs] [Times: user=0.06 sys=0.00, real=0.01 secs] 
4099.692: [GC (Allocation Failure) [PSYoungGen: 1562721K->7137K(1564672K)] 1718980K->163484K(2088960K), 0.0044471 secs] [Times: user=0.06 sys=0.00, real=0.01 secs] 
4109.245: [GC (Allocation Failure) [PSYoungGen: 1563617K->7311K(1564672K)] 1719964K->163699K(2088960K), 0.0061048 secs] [Times: user=0.05 sys=0.01, real=0.01 secs] 
4118.889: [GC (Allocation Failure) [PSYoungGen: 1563791K->6049K(1564672K)] 1720179K->163331K(2088960K), 0.0130799 secs] [Times: user=0.11 sys=0.00, real=0.02 secs] 
4128.528: [GC (Allocation Failure) [PSYoungGen: 1562529K->7009K(1564672K)] 1719811K->164331K(2088960K), 0.0044357 secs] [Times: user=0.05 sys=0.00, real=0.01 secs] 
4138.137: [GC (Allocation Failure) [PSYoungGen: 1563489K->7105K(1564672K)] 1720811K->164459K(2088960K), 0.0064545 secs] [Times: user=0.07 sys=0.01, real=0.01 secs] 
4147.813: [GC (Allocation Failure) [PSYoungGen: 1563585K->6561K(1564672K)] 1720939K->164035K(2088960K), 0.0108705 secs] [Times: user=0.07 sys=0.00, real=0.01 secs] 
4157.405: [GC (Allocation Failure) [PSYoungGen: 1563041K->7073K(1564672K)] 1720515K->164563K(2088960K), 0.0056910 secs] [Times: user=0.08 sys=0.00, real=0.01 secs] 
4167.083: [GC (Allocation Failure) [PSYoungGen: 1563553K->6017K(1564672K)] 1721043K->163579K(2088960K), 0.0192170 secs] [Times: user=0.11 sys=0.00, real=0.02 secs] 
4176.517: [GC (Allocation Failure) [PSYoungGen: 1562497K->7695K(1563648K)] 1720059K->165409K(2087936K), 0.0053070 secs] [Times: user=0.07 sys=0.00, real=0.01 secs] 
4186.078: [GC (Allocation Failure) [PSYoungGen: 1563151K->7105K(1564160K)] 1720865K->165817K(2088448K), 0.0045866 secs] [Times: user=0.06 sys=0.00, real=0.01 secs] 
4195.618: [GC (Allocation Failure) [PSYoungGen: 1562561K->7041K(1564672K)] 1721273K->165833K(2088960K), 0.0055197 secs] [Times: user=0.06 sys=0.00, real=0.01 secs] 
4205.085: [GC (Allocation Failure) [PSYoungGen: 1563009K->5953K(1564160K)] 1721801K->164753K(2088448K), 0.0104784 secs] [Times: user=0.05 sys=0.00, real=0.01 secs] 
4214.672: [GC (Allocation Failure) [PSYoungGen: 1561921K->7137K(1563648K)] 1720721K->165993K(2087936K), 0.0048174 secs] [Times: user=0.05 sys=0.00, real=0.01 secs] 
4224.158: [GC (Allocation Failure) [PSYoungGen: 1562593K->6561K(1564160K)] 1721449K->165529K(2088448K), 0.0105183 secs] [Times: user=0.04 sys=0.00, real=0.01 secs] 
4233.759: [GC (Allocation Failure) [PSYoungGen: 1562017K->5825K(1564672K)] 1720985K->164881K(2088960K), 0.0216048 secs] [Times: user=0.09 sys=0.00, real=0.02 secs] 
4243.061: [GC (Allocation Failure) [PSYoungGen: 1562305K->7567K(1564160K)] 1721361K->166744K(2088448K), 0.0063844 secs] [Times: user=0.09 sys=0.00, real=0.00 secs] 
4252.735: [GC (Allocation Failure) [PSYoungGen: 1564047K->6657K(1564672K)] 1723224K->166744K(2088960K), 0.0068434 secs] [Times: user=0.08 sys=0.00, real=0.01 secs] 
4262.344: [GC (Allocation Failure) [PSYoungGen: 1562625K->7137K(1564160K)] 1722712K->167272K(2088448K), 0.0063594 secs] [Times: user=0.07 sys=0.01, real=0.00 secs] 
4271.808: [GC (Allocation Failure) [PSYoungGen: 1563105K->6593K(1564672K)] 1723240K->166824K(2088960K), 0.0125137 secs] [Times: user=0.08 sys=0.00, real=0.01 secs] 
4281.305: [GC (Allocation Failure) [PSYoungGen: 1563073K->7105K(1564672K)] 1723304K->167440K(2088960K), 0.0042800 secs] [Times: user=0.05 sys=0.01, real=0.00 secs] 
4290.758: [GC (Allocation Failure) [PSYoungGen: 1563585K->6177K(1564672K)] 1723920K->166592K(2088960K), 0.0103812 secs] [Times: user=0.04 sys=0.00, real=0.01 secs] 
4300.252: [GC (Allocation Failure) [PSYoungGen: 1562657K->7297K(1564672K)] 1723072K->167736K(2088960K), 0.0042150 secs] [Times: user=0.03 sys=0.01, real=0.00 secs] 
4309.865: [GC (Allocation Failure) [PSYoungGen: 1563741K->6113K(1564672K)] 1724180K->166648K(2088960K), 0.0173062 secs] [Times: user=0.07 sys=0.00, real=0.02 secs] 
4319.208: [GC (Allocation Failure) [PSYoungGen: 1562593K->7791K(1564672K)] 1723128K->168382K(2088960K), 0.0076765 secs] [Times: user=0.16 sys=0.01, real=0.01 secs] 
4328.777: [GC (Allocation Failure) [PSYoungGen: 1564271K->7169K(1563648K)] 1724862K->168718K(2087936K), 0.0053868 secs] [Times: user=0.05 sys=0.00, real=0.01 secs] 
4338.494: [GC (Allocation Failure) [PSYoungGen: 1562625K->6945K(1564160K)] 1724174K->168638K(2088448K), 0.0042485 secs] [Times: user=0.05 sys=0.00, real=0.00 secs] 
4348.126: [GC (Allocation Failure) [PSYoungGen: 1562401K->5953K(1564160K)] 1724094K->167670K(2088448K), 0.0105059 secs] [Times: user=0.05 sys=0.00, real=0.01 secs] 
4357.755: [GC (Allocation Failure) [PSYoungGen: 1561409K->7105K(1564160K)] 1723126K->168926K(2088448K), 0.0055740 secs] [Times: user=0.05 sys=0.01, real=0.00 secs] 
4367.457: [GC (Allocation Failure) [PSYoungGen: 1562561K->7137K(1564160K)] 1724382K->169118K(2088448K), 0.0043498 secs] [Times: user=0.06 sys=0.00, real=0.01 secs] 
4377.095: [GC (Allocation Failure) [PSYoungGen: 1562593K->6913K(1564160K)] 1724574K->169014K(2088448K), 0.0069681 secs] [Times: user=0.04 sys=0.01, real=0.01 secs] 
4386.719: [GC (Allocation Failure) [PSYoungGen: 1562369K->7137K(1564672K)] 1724470K->169350K(2088960K), 0.0041346 secs] [Times: user=0.05 sys=0.00, real=0.01 secs] 
4396.411: [GC (Allocation Failure) [PSYoungGen: 1563617K->7663K(1564160K)] 1725830K->169997K(2088448K), 0.0080920 secs] [Times: user=0.15 sys=0.00, real=0.00 secs] 
4405.932: [GC (Allocation Failure) [PSYoungGen: 1564143K->7105K(1564672K)] 1726477K->170405K(2088960K), 0.0052048 secs] [Times: user=0.06 sys=0.00, real=0.01 secs] 
4415.479: [GC (Allocation Failure) [PSYoungGen: 1563073K->6273K(1564160K)] 1726373K->169733K(2088448K), 0.0110449 secs] [Times: user=0.15 sys=0.00, real=0.01 secs] 
4425.099: [GC (Allocation Failure) [PSYoungGen: 1562241K->6113K(1564672K)] 1725701K->169605K(2088960K), 0.0330469 secs] [Times: user=0.27 sys=0.00, real=0.03 secs] 
4434.637: [GC (Allocation Failure) [PSYoungGen: 1562593K->7265K(1564160K)] 1726085K->170917K(2088448K), 0.0053897 secs] [Times: user=0.06 sys=0.00, real=0.01 secs] 
4444.110: [GC (Allocation Failure) [PSYoungGen: 1563745K->7297K(1564160K)] 1727397K->171093K(2088448K), 0.0040259 secs] [Times: user=0.05 sys=0.00, real=0.00 secs] 
4453.693: [GC (Allocation Failure) [PSYoungGen: 1562753K->7393K(1564160K)] 1726549K->171245K(2088448K), 0.0040294 secs] [Times: user=0.06 sys=0.00, real=0.00 secs] 
4463.250: [GC (Allocation Failure) [PSYoungGen: 1562849K->7855K(1564160K)] 1726701K->171868K(2088448K), 0.0089339 secs] [Times: user=0.15 sys=0.00, real=0.01 secs] 
4472.918: [GC (Allocation Failure) [PSYoungGen: 1563311K->7041K(1564160K)] 1727324K->171964K(2088448K), 0.0070703 secs] [Times: user=0.08 sys=0.00, real=0.01 secs] 
4482.424: [GC (Allocation Failure) [PSYoungGen: 1562497K->7329K(1564160K)] 1727420K->172292K(2088448K), 0.0039377 secs] [Times: user=0.04 sys=0.00, real=0.01 secs] 
4492.008: [GC (Allocation Failure) [PSYoungGen: 1562785K->7265K(1564160K)] 1727748K->172364K(2088448K), 0.0045961 secs] [Times: user=0.05 sys=0.01, real=0.00 secs] 
4501.485: [GC (Allocation Failure) [PSYoungGen: 1562721K->7073K(1564672K)] 1727820K->172220K(2088960K), 0.0069436 secs] [Times: user=0.06 sys=0.00, real=0.01 secs] 
4511.067: [GC (Allocation Failure) [PSYoungGen: 1563041K->6657K(1564160K)] 1728188K->171892K(2088448K), 0.0098241 secs] [Times: user=0.05 sys=0.00, real=0.01 secs] 
4520.552: [GC (Allocation Failure) [PSYoungGen: 1562625K->6689K(1564672K)] 1727860K->171956K(2088960K), 0.0064721 secs] [Times: user=0.06 sys=0.00, real=0.00 secs] 
4530.058: [GC (Allocation Failure) [PSYoungGen: 1563169K->6593K(1564672K)] 1728436K->172012K(2088960K), 0.0103231 secs] [Times: user=0.10 sys=0.00, real=0.01 secs] 
4539.520: [GC (Allocation Failure) [PSYoungGen: 1563073K->6735K(1564672K)] 1728492K->172234K(2088960K), 0.0165220 secs] [Times: user=0.05 sys=0.00, real=0.02 secs] 
4549.023: [GC (Allocation Failure) [PSYoungGen: 1563215K->6017K(1564672K)] 1728714K->172322K(2088960K), 0.0176258 secs] [Times: user=0.09 sys=0.00, real=0.02 secs] 
4558.530: [GC (Allocation Failure) [PSYoungGen: 1562497K->7329K(1564672K)] 1728802K->173738K(2088960K), 0.0046372 secs] [Times: user=0.05 sys=0.00, real=0.00 secs] 
4567.996: [GC (Allocation Failure) [PSYoungGen: 1563809K->6689K(1564672K)] 1730218K->173218K(2088960K), 0.0212890 secs] [Times: user=0.17 sys=0.00, real=0.02 secs] 
4577.478: [GC (Allocation Failure) [PSYoungGen: 1563169K->6945K(1564672K)] 1729698K->173570K(2088960K), 0.0063517 secs] [Times: user=0.05 sys=0.00, real=0.01 secs] 
4587.032: [GC (Allocation Failure) [PSYoungGen: 1563425K->7041K(1564672K)] 1730050K->173794K(2088960K), 0.0047574 secs] [Times: user=0.05 sys=0.00, real=0.00 secs] 
4596.469: [GC (Allocation Failure) [PSYoungGen: 1563521K->7137K(1564672K)] 1730274K->173954K(2088960K), 0.0046201 secs] [Times: user=0.05 sys=0.00, real=0.01 secs] 
4605.970: [GC (Allocation Failure) [PSYoungGen: 1563617K->7855K(1564672K)] 1730434K->174729K(2088960K), 0.0096267 secs] [Times: user=0.06 sys=0.00, real=0.01 secs] 
4615.572: [GC (Allocation Failure) [PSYoungGen: 1564335K->6977K(1564672K)] 1731209K->174793K(2088960K), 0.0084671 secs] [Times: user=0.14 sys=0.00, real=0.01 secs] 
4625.113: [GC (Allocation Failure) [PSYoungGen: 1563457K->7233K(1564672K)] 1731273K->175065K(2088960K), 0.0061629 secs] [Times: user=0.07 sys=0.00, real=0.01 secs] 
4634.646: [GC (Allocation Failure) [PSYoungGen: 1563713K->7297K(1564672K)] 1731545K->175209K(2088960K), 0.0058054 secs] [Times: user=0.07 sys=0.00, real=0.01 secs] 
4644.177: [GC (Allocation Failure) [PSYoungGen: 1563777K->7233K(1564672K)] 1731689K->175265K(2088960K), 0.0064245 secs] [Times: user=0.07 sys=0.02, real=0.01 secs] 
4653.715: [GC (Allocation Failure) [PSYoungGen: 1563713K->7297K(1564672K)] 1731745K->175393K(2088960K), 0.0040640 secs] [Times: user=0.06 sys=0.00, real=0.00 secs] 
4663.245: [GC (Allocation Failure) [PSYoungGen: 1563777K->6369K(1564672K)] 1731873K->174561K(2088960K), 0.0068744 secs] [Times: user=0.05 sys=0.00, real=0.01 secs] 
4672.781: [GC (Allocation Failure) [PSYoungGen: 1562849K->7951K(1563648K)] 1731041K->176200K(2087936K), 0.0083815 secs] [Times: user=0.12 sys=0.00, real=0.01 secs] 
4682.272: [GC (Allocation Failure) [PSYoungGen: 1563407K->7201K(1564160K)] 1731656K->176432K(2088448K), 0.0062723 secs] [Times: user=0.09 sys=0.00, real=0.01 secs] 
4691.801: [GC (Allocation Failure) [PSYoungGen: 1562657K->7265K(1564672K)] 1731888K->176592K(2088960K), 0.0053803 secs] [Times: user=0.05 sys=0.00, real=0.01 secs] 
4701.293: [GC (Allocation Failure) [PSYoungGen: 1563745K->6049K(1562624K)] 1733072K->175408K(2086912K), 0.0094258 secs] [Times: user=0.05 sys=0.00, real=0.01 secs] 
4710.892: [GC (Allocation Failure) [PSYoungGen: 1562529K->6049K(1564160K)] 1731888K->175480K(2088448K), 0.0121999 secs] [Times: user=0.04 sys=0.00, real=0.01 secs] 
4720.490: [GC (Allocation Failure) [PSYoungGen: 1561505K->7009K(1564160K)] 1730936K->176480K(2088448K), 0.0061164 secs] [Times: user=0.08 sys=0.00, real=0.01 secs] 
4730.098: [GC (Allocation Failure) [PSYoungGen: 1562465K->6465K(1564672K)] 1731936K->175968K(2088960K), 0.0110554 secs] [Times: user=0.06 sys=0.00, real=0.01 secs] 
4739.542: [GC (Allocation Failure) [PSYoungGen: 1562945K->7855K(1564672K)] 1732448K->177470K(2088960K), 0.0070988 secs] [Times: user=0.12 sys=0.00, real=0.01 secs] 
4748.952: [GC (Allocation Failure) [PSYoungGen: 1564335K->7297K(1563648K)] 1733950K->177886K(2087936K), 0.0042003 secs] [Times: user=0.06 sys=0.01, real=0.01 secs] 
4758.565: [GC (Allocation Failure) [PSYoungGen: 1562753K->6017K(1564160K)] 1733342K->176694K(2088448K), 0.0102152 secs] [Times: user=0.09 sys=0.00, real=0.01 secs] 
4768.190: [GC (Allocation Failure) [PSYoungGen: 1561473K->6337K(1564160K)] 1732150K->177038K(2088448K), 0.0147892 secs] [Times: user=0.09 sys=0.00, real=0.01 secs] 
4777.586: [GC (Allocation Failure) [PSYoungGen: 1561729K->7329K(1564160K)] 1732431K->178126K(2088448K), 0.0055387 secs] [Times: user=0.07 sys=0.00, real=0.01 secs] 
4787.081: [GC (Allocation Failure) [PSYoungGen: 1562785K->6273K(1564160K)] 1733582K->177190K(2088448K), 0.0076193 secs] [Times: user=0.05 sys=0.00, real=0.00 secs] 
4796.523: [GC (Allocation Failure) [PSYoungGen: 1561729K->6017K(1564160K)] 1732646K->176950K(2088448K), 0.0503112 secs] [Times: user=0.41 sys=0.00, real=0.05 secs] 
4805.994: [GC (Allocation Failure) [PSYoungGen: 1561473K->7265K(1564160K)] 1732406K->178390K(2088448K), 0.0048132 secs] [Times: user=0.05 sys=0.00, real=0.00 secs] 
4815.389: [GC (Allocation Failure) [PSYoungGen: 1562721K->7823K(1564160K)] 1733846K->178989K(2088448K), 0.0111178 secs] [Times: user=0.07 sys=0.00, real=0.01 secs] 
4824.891: [GC (Allocation Failure) [PSYoungGen: 1563279K->7265K(1564160K)] 1734445K->179405K(2088448K), 0.0051817 secs] [Times: user=0.07 sys=0.00, real=0.00 secs] 
4834.425: [GC (Allocation Failure) [PSYoungGen: 1562721K->6881K(1564160K)] 1734861K->179189K(2088448K), 0.0078332 secs] [Times: user=0.08 sys=0.00, real=0.01 secs] 
4843.841: [GC (Allocation Failure) [PSYoungGen: 1562337K->6945K(1564160K)] 1734645K->179277K(2088448K), 0.0072210 secs] [Times: user=0.05 sys=0.00, real=0.00 secs] 
4853.281: [GC (Allocation Failure) [PSYoungGen: 1562401K->6017K(1564160K)] 1734733K->178429K(2088448K), 0.0172317 secs] [Times: user=0.07 sys=0.00, real=0.01 secs] 
4862.750: [GC (Allocation Failure) [PSYoungGen: 1561473K->6177K(1564160K)] 1733885K->178629K(2088448K), 0.0166066 secs] [Times: user=0.10 sys=0.01, real=0.02 secs] 
4872.218: [GC (Allocation Failure) [PSYoungGen: 1561633K->6913K(1564160K)] 1734085K->179389K(2088448K), 0.0062433 secs] [Times: user=0.05 sys=0.00, real=0.01 secs] 
4881.696: [GC (Allocation Failure) [PSYoungGen: 1562369K->7471K(1563648K)] 1734845K->179955K(2087936K), 0.0084623 secs] [Times: user=0.12 sys=0.00, real=0.00 secs] 
4891.331: [GC (Allocation Failure) [PSYoungGen: 1562927K->6049K(1564160K)] 1735411K->179411K(2088448K), 0.0276080 secs] [Times: user=0.23 sys=0.00, real=0.03 secs] 
4900.788: [GC (Allocation Failure) [PSYoungGen: 1561505K->6401K(1564672K)] 1734867K->179803K(2088960K), 0.0126966 secs] [Times: user=0.10 sys=0.00, real=0.02 secs] 
4910.301: [GC (Allocation Failure) [PSYoungGen: 1562369K->7201K(1564160K)] 1735771K->180779K(2088448K), 0.0054488 secs] [Times: user=0.06 sys=0.00, real=0.00 secs] 
4919.847: [GC (Allocation Failure) [PSYoungGen: 1563169K->7361K(1564160K)] 1736747K->180963K(2088448K), 0.0053187 secs] [Times: user=0.04 sys=0.01, real=0.01 secs] 
4929.356: [GC (Allocation Failure) [PSYoungGen: 1562817K->7073K(1564160K)] 1736419K->180699K(2088448K), 0.0092491 secs] [Times: user=0.10 sys=0.00, real=0.01 secs] 
4938.930: [GC (Allocation Failure) [PSYoungGen: 1562529K->6209K(1564672K)] 1736155K->179923K(2088960K), 0.0141615 secs] [Times: user=0.06 sys=0.00, real=0.01 secs] 
4948.498: [GC (Allocation Failure) [PSYoungGen: 1562177K->7297K(1564160K)] 1735891K->181139K(2088448K), 0.0040900 secs] [Times: user=0.05 sys=0.00, real=0.00 secs] 
4957.943: [GC (Allocation Failure) [PSYoungGen: 1563265K->7791K(1564160K)] 1737107K->181642K(2088448K), 0.0083974 secs] [Times: user=0.15 sys=0.00, real=0.01 secs] 
4967.417: [GC (Allocation Failure) [PSYoungGen: 1563247K->7233K(1564160K)] 1737098K->182034K(2088448K), 0.0050309 secs] [Times: user=0.06 sys=0.02, real=0.01 secs] 
4976.892: [GC (Allocation Failure) [PSYoungGen: 1562689K->7265K(1564160K)] 1737490K->182162K(2088448K), 0.0045062 secs] [Times: user=0.04 sys=0.00, real=0.00 secs] 
4986.550: [GC (Allocation Failure) [PSYoungGen: 1562661K->6721K(1564160K)] 1737559K->181642K(2088448K), 0.0231930 secs] [Times: user=0.20 sys=0.00, real=0.03 secs] 
4995.977: [GC (Allocation Failure) [PSYoungGen: 1562177K->7009K(1564672K)] 1737098K->181970K(2088960K), 0.0111449 secs] [Times: user=0.17 sys=0.00, real=0.01 secs] 
5005.478: [GC (Allocation Failure) [PSYoungGen: 1562977K->6593K(1564160K)] 1737938K->181642K(2088448K), 0.0098154 secs] [Times: user=0.05 sys=0.01, real=0.01 secs] 
5014.947: [GC (Allocation Failure) [PSYoungGen: 1562561K->6497K(1564672K)] 1737610K->181570K(2088960K), 0.0156813 secs] [Times: user=0.11 sys=0.00, real=0.01 secs] 
5024.485: [GC (Allocation Failure) [PSYoungGen: 1562977K->5985K(1564672K)] 1738050K->181210K(2088960K), 0.0127722 secs] [Times: user=0.05 sys=0.00, real=0.02 secs] 
5033.930: [GC (Allocation Failure) [PSYoungGen: 1562465K->7983K(1563648K)] 1737690K->183257K(2087936K), 0.0080760 secs] [Times: user=0.16 sys=0.00, real=0.01 secs] 
5043.359: [GC (Allocation Failure) [PSYoungGen: 1563439K->6945K(1564160K)] 1738713K->183073K(2088448K), 0.0086709 secs] [Times: user=0.05 sys=0.00, real=0.01 secs] 
5052.982: [GC (Allocation Failure) [PSYoungGen: 1562401K->7201K(1564160K)] 1738529K->183433K(2088448K), 0.0065000 secs] [Times: user=0.06 sys=0.00, real=0.00 secs] 
5062.472: [GC (Allocation Failure) [PSYoungGen: 1562657K->6849K(1564160K)] 1738889K->183113K(2088448K), 0.0092151 secs] [Times: user=0.06 sys=0.00, real=0.01 secs] 
5071.932: [GC (Allocation Failure) [PSYoungGen: 1562305K->5953K(1564672K)] 1738569K->182289K(2088960K), 0.0189357 secs] [Times: user=0.11 sys=0.00, real=0.02 secs] 
5081.493: [GC (Allocation Failure) [PSYoungGen: 1562433K->6945K(1564672K)] 1738769K->183313K(2088960K), 0.0107037 secs] [Times: user=0.07 sys=0.00, real=0.01 secs] 
5090.916: [GC (Allocation Failure) [PSYoungGen: 1563425K->6241K(1564672K)] 1739793K->182625K(2088960K), 0.0214402 secs] [Times: user=0.09 sys=0.00, real=0.03 secs] 
5100.280: [GC (Allocation Failure) [PSYoungGen: 1562721K->7727K(1564672K)] 1739105K->184175K(2088960K), 0.0088309 secs] [Times: user=0.09 sys=0.01, real=0.01 secs] 
5109.652: [GC (Allocation Failure) [PSYoungGen: 1564207K->7105K(1563648K)] 1740655K->184599K(2087936K), 0.0057642 secs] [Times: user=0.07 sys=0.00, real=0.00 secs] 
5119.052: [GC (Allocation Failure) [PSYoungGen: 1562561K->6241K(1564160K)] 1740055K->183767K(2088448K), 0.0099135 secs] [Times: user=0.05 sys=0.00, real=0.01 secs] 
5128.441: [GC (Allocation Failure) [PSYoungGen: 1561697K->5985K(1564160K)] 1739223K->183607K(2088448K), 0.0287630 secs] [Times: user=0.37 sys=0.00, real=0.03 secs] 
5137.932: [GC (Allocation Failure) [PSYoungGen: 1561441K->7265K(1564160K)] 1739063K->184927K(2088448K), 0.0093608 secs] [Times: user=0.05 sys=0.00, real=0.01 secs] 
5147.398: [GC (Allocation Failure) [PSYoungGen: 1562721K->7073K(1564160K)] 1740383K->184751K(2088448K), 0.0073381 secs] [Times: user=0.06 sys=0.00, real=0.00 secs] 
5156.821: [GC (Allocation Failure) [PSYoungGen: 1562529K->6017K(1564160K)] 1740207K->183783K(2088448K), 0.0119644 secs] [Times: user=0.08 sys=0.00, real=0.01 secs] 
5166.143: [GC (Allocation Failure) [PSYoungGen: 1561473K->6895K(1564672K)] 1739239K->184694K(2088960K), 0.0292937 secs] [Times: user=0.36 sys=0.00, real=0.03 secs] 
5175.498: [GC (Allocation Failure) [PSYoungGen: 1562863K->6433K(1564160K)] 1740662K->185150K(2088448K), 0.0140647 secs] [Times: user=0.13 sys=0.00, real=0.02 secs] 
5184.858: [GC (Allocation Failure) [PSYoungGen: 1562401K->7297K(1564672K)] 1741118K->186054K(2088960K), 0.0188803 secs] [Times: user=0.38 sys=0.00, real=0.02 secs] 
5194.237: [GC (Allocation Failure) [PSYoungGen: 1563777K->7329K(1564672K)] 1742534K->186182K(2088960K), 0.0055554 secs] [Times: user=0.06 sys=0.00, real=0.00 secs] 
5203.630: [GC (Allocation Failure) [PSYoungGen: 1563809K->6625K(1564672K)] 1742662K->185574K(2088960K), 0.0088344 secs] [Times: user=0.07 sys=0.00, real=0.01 secs] 
5213.036: [GC (Allocation Failure) [PSYoungGen: 1563105K->6945K(1564672K)] 1742054K->185902K(2088960K), 0.0054619 secs] [Times: user=0.05 sys=0.00, real=0.00 secs] 
5222.426: [GC (Allocation Failure) [PSYoungGen: 1563425K->7329K(1564672K)] 1742382K->186438K(2088960K), 0.0076599 secs] [Times: user=0.10 sys=0.00, real=0.01 secs] 
5231.807: [GC (Allocation Failure) [PSYoungGen: 1563809K->7265K(1564672K)] 1742918K->186486K(2088960K), 0.0059568 secs] [Times: user=0.07 sys=0.00, real=0.01 secs] 
5241.112: [GC (Allocation Failure) [PSYoungGen: 1563745K->7759K(1563648K)] 1742966K->187077K(2087936K), 0.0068353 secs] [Times: user=0.10 sys=0.00, real=0.00 secs] 
5250.414: [GC (Allocation Failure) [PSYoungGen: 1563215K->6945K(1564160K)] 1742533K->187173K(2088448K), 0.0096337 secs] [Times: user=0.07 sys=0.00, real=0.01 secs] 
5259.997: [GC (Allocation Failure) [PSYoungGen: 1562401K->7265K(1564672K)] 1742629K->187573K(2088960K), 0.0066065 secs] [Times: user=0.08 sys=0.00, real=0.01 secs] 
5269.685: [GC (Allocation Failure) [PSYoungGen: 1563745K->6785K(1564672K)] 1744053K->187093K(2088960K), 0.0128755 secs] [Times: user=0.06 sys=0.00, real=0.01 secs] 
5279.058: [GC (Allocation Failure) [PSYoungGen: 1563265K->6241K(1564672K)] 1743573K->186557K(2088960K), 0.0112160 secs] [Times: user=0.05 sys=0.00, real=0.01 secs] 
5288.313: [GC (Allocation Failure) [PSYoungGen: 1562721K->5985K(1564672K)] 1743037K->186389K(2088960K), 0.0397865 secs] [Times: user=0.18 sys=0.00, real=0.04 secs] 
5297.649: [GC (Allocation Failure) [PSYoungGen: 1562465K->7393K(1563648K)] 1742869K->187813K(2087936K), 0.0039135 secs] [Times: user=0.04 sys=0.01, real=0.00 secs] 
5307.033: [GC (Allocation Failure) [PSYoungGen: 1562849K->7663K(1564160K)] 1743269K->188275K(2088448K), 0.0089651 secs] [Times: user=0.11 sys=0.00, real=0.01 secs] 
5316.445: [GC (Allocation Failure) [PSYoungGen: 1563119K->7233K(1564160K)] 1743731K->188763K(2088448K), 0.0050328 secs] [Times: user=0.05 sys=0.01, real=0.00 secs] 
5326.118: [GC (Allocation Failure) [PSYoungGen: 1562689K->6529K(1564160K)] 1744219K->188091K(2088448K), 0.0132838 secs] [Times: user=0.15 sys=0.00, real=0.01 secs] 
5335.480: [GC (Allocation Failure) [PSYoungGen: 1561985K->7265K(1564160K)] 1743547K->188931K(2088448K), 0.0054225 secs] [Times: user=0.05 sys=0.00, real=0.01 secs] 
5344.904: [GC (Allocation Failure) [PSYoungGen: 1562721K->7393K(1564160K)] 1744387K->189059K(2088448K), 0.0063622 secs] [Times: user=0.07 sys=0.00, real=0.01 secs] 
5354.378: [GC (Allocation Failure) [PSYoungGen: 1562849K->7233K(1564160K)] 1744515K->189051K(2088448K), 0.0053415 secs] [Times: user=0.07 sys=0.00, real=0.00 secs] 
5363.746: [GC (Allocation Failure) [PSYoungGen: 1562689K->6337K(1564160K)] 1744507K->188163K(2088448K), 0.0157162 secs] [Times: user=0.07 sys=0.00, real=0.02 secs] 
5373.085: [GC (Allocation Failure) [PSYoungGen: 1561793K->6113K(1564160K)] 1743619K->188019K(2088448K), 0.0874511 secs] [Times: user=0.36 sys=0.01, real=0.09 secs] 
5382.526: [GC (Allocation Failure) [PSYoungGen: 1561569K->7727K(1564160K)] 1743475K->189666K(2088448K), 0.0115003 secs] [Times: user=0.08 sys=0.00, real=0.01 secs] 
5391.880: [GC (Allocation Failure) [PSYoungGen: 1563183K->7137K(1564160K)] 1745122K->189970K(2088448K), 0.0101869 secs] [Times: user=0.09 sys=0.00, real=0.01 secs] 
5401.094: [GC (Allocation Failure) [PSYoungGen: 1562593K->7297K(1564160K)] 1745426K->190234K(2088448K), 0.0046974 secs] [Times: user=0.05 sys=0.01, real=0.00 secs] 
5410.489: [GC (Allocation Failure) [PSYoungGen: 1562753K->7105K(1564160K)] 1745690K->190066K(2088448K), 0.0077061 secs] [Times: user=0.05 sys=0.00, real=0.01 secs] 
5419.813: [GC (Allocation Failure) [PSYoungGen: 1562561K->6145K(1564160K)] 1745522K->189114K(2088448K), 0.0598745 secs] [Times: user=0.51 sys=0.00, real=0.06 secs] 
5429.080: [GC (Allocation Failure) [PSYoungGen: 1561601K->6785K(1564672K)] 1744570K->189850K(2088960K), 0.0097568 secs] [Times: user=0.05 sys=0.01, real=0.01 secs] 
5438.578: [GC (Allocation Failure) [PSYoungGen: 1562753K->7457K(1564160K)] 1745818K->190570K(2088448K), 0.0053720 secs] [Times: user=0.07 sys=0.00, real=0.01 secs] 
5447.821: [GC (Allocation Failure) [PSYoungGen: 1563425K->6017K(1564160K)] 1746538K->189274K(2088448K), 0.0218012 secs] [Times: user=0.14 sys=0.00, real=0.03 secs] 
5457.341: [GC (Allocation Failure) [PSYoungGen: 1561473K->8015K(1564160K)] 1744730K->191312K(2088448K), 0.0097075 secs] [Times: user=0.11 sys=0.00, real=0.01 secs] 
5466.975: [GC (Allocation Failure) [PSYoungGen: 1563471K->7009K(1564160K)] 1746768K->191344K(2088448K), 0.0059150 secs] [Times: user=0.06 sys=0.00, real=0.00 secs] 
5476.616: [GC (Allocation Failure) [PSYoungGen: 1562465K->6241K(1564160K)] 1746800K->190608K(2088448K), 0.0091404 secs] [Times: user=0.04 sys=0.00, real=0.01 secs] 
5486.013: [GC (Allocation Failure) [PSYoungGen: 1561697K->7233K(1564160K)] 1746064K->191736K(2088448K), 0.0081035 secs] [Times: user=0.06 sys=0.00, real=0.01 secs] 
5495.775: [GC (Allocation Failure) [PSYoungGen: 1562689K->6593K(1564160K)] 1747192K->191208K(2088448K), 0.0085923 secs] [Times: user=0.05 sys=0.00, real=0.01 secs] 
5505.218: [GC (Allocation Failure) [PSYoungGen: 1562049K->7073K(1564160K)] 1746664K->191752K(2088448K), 0.0045800 secs] [Times: user=0.04 sys=0.01, real=0.01 secs] 
5514.704: [GC (Allocation Failure) [PSYoungGen: 1562529K->6017K(1564160K)] 1747208K->190768K(2088448K), 0.0328275 secs] [Times: user=0.22 sys=0.00, real=0.03 secs] 
5524.218: [GC (Allocation Failure) [PSYoungGen: 1561473K->7361K(1564160K)] 1746224K->192224K(2088448K), 0.0063219 secs] [Times: user=0.08 sys=0.00, real=0.01 secs] 
5533.650: [GC (Allocation Failure) [PSYoungGen: 1562817K->7119K(1564160K)] 1747680K->192055K(2088448K), 0.0199060 secs] [Times: user=0.17 sys=0.00, real=0.02 secs] 
5543.001: [GC (Allocation Failure) [PSYoungGen: 1562575K->6721K(1564672K)] 1747511K->192503K(2088960K), 0.0258941 secs] [Times: user=0.17 sys=0.00, real=0.03 secs] 
5552.552: [GC (Allocation Failure) [PSYoungGen: 1562689K->8161K(1564160K)] 1748471K->194295K(2088448K), 0.0048852 secs] [Times: user=0.05 sys=0.00, real=0.00 secs] 
5561.916: [GC (Allocation Failure) [PSYoungGen: 1564129K->8193K(1563136K)] 1750263K->194559K(2087424K), 0.0046846 secs] [Times: user=0.05 sys=0.00, real=0.01 secs] 
5571.401: [GC (Allocation Failure) [PSYoungGen: 1562625K->7457K(1563648K)] 1748991K->193847K(2087936K), 0.0106207 secs] [Times: user=0.08 sys=0.00, real=0.01 secs] 
5580.864: [GC (Allocation Failure) [PSYoungGen: 1561889K->7105K(1564160K)] 1748279K->193527K(2088448K), 0.0757762 secs] [Times: user=0.35 sys=0.01, real=0.07 secs] 
5590.343: [GC (Allocation Failure) [PSYoungGen: 1562049K->7425K(1563648K)] 1748471K->193951K(2087936K), 0.0179800 secs] [Times: user=0.11 sys=0.01, real=0.01 secs] 
5599.749: [GC (Allocation Failure) [PSYoungGen: 1562369K->7169K(1564160K)] 1748895K->193799K(2088448K), 0.0096721 secs] [Times: user=0.05 sys=0.00, real=0.01 secs] 
5609.204: [GC (Allocation Failure) [PSYoungGen: 1562625K->7169K(1564160K)] 1749255K->193895K(2088448K), 0.0358885 secs] [Times: user=0.17 sys=0.00, real=0.04 secs] 
5618.653: [GC (Allocation Failure) [PSYoungGen: 1562625K->8688K(1563136K)] 1749351K->195702K(2087424K), 0.0090595 secs] [Times: user=0.11 sys=0.00, real=0.01 secs] 
5628.068: [GC (Allocation Failure) [PSYoungGen: 1563120K->7617K(1563648K)] 1750134K->195558K(2087936K), 0.0120963 secs] [Times: user=0.05 sys=0.00, real=0.02 secs] 
5637.755: [GC (Allocation Failure) [PSYoungGen: 1562049K->7169K(1564160K)] 1749990K->195126K(2088448K), 0.0145390 secs] [Times: user=0.04 sys=0.00, real=0.01 secs] 
5647.003: [GC (Allocation Failure) [PSYoungGen: 1562113K->7265K(1563648K)] 1750070K->195246K(2087936K), 0.0136031 secs] [Times: user=0.06 sys=0.00, real=0.01 secs] 
5656.504: [GC (Allocation Failure) [PSYoungGen: 1562209K->8289K(1563136K)] 1750190K->196430K(2087424K), 0.0051761 secs] [Times: user=0.05 sys=0.00, real=0.00 secs] 
5666.023: [GC (Allocation Failure) [PSYoungGen: 1562721K->8321K(1563648K)] 1750862K->196566K(2087936K), 0.0072470 secs] [Times: user=0.08 sys=0.00, real=0.01 secs] 
5675.457: [GC (Allocation Failure) [PSYoungGen: 1562753K->7425K(1563648K)] 1750998K->195766K(2087936K), 0.0093270 secs] [Times: user=0.06 sys=0.00, real=0.01 secs] 
5684.962: [GC (Allocation Failure) [PSYoungGen: 1561857K->7681K(1563648K)] 1750198K->196118K(2087936K), 0.0209052 secs] [Times: user=0.24 sys=0.00, real=0.02 secs] 
5694.323: [GC (Allocation Failure) [PSYoungGen: 1562113K->8336K(1563648K)] 1750550K->196813K(2087936K), 0.0254720 secs] [Times: user=0.55 sys=0.00, real=0.02 secs] 
5703.722: [GC (Allocation Failure) [PSYoungGen: 1562768K->7201K(1563648K)] 1751245K->196525K(2087936K), 0.0102505 secs] [Times: user=0.06 sys=0.00, real=0.01 secs] 
5713.149: [GC (Allocation Failure) [PSYoungGen: 1561633K->8257K(1563648K)] 1750957K->197733K(2087936K), 0.0044639 secs] [Times: user=0.05 sys=0.00, real=0.01 secs] 
5722.606: [GC (Allocation Failure) [PSYoungGen: 1562689K->7457K(1563648K)] 1752165K->196973K(2087936K), 0.0067186 secs] [Times: user=0.05 sys=0.01, real=0.01 secs] 
5731.894: [GC (Allocation Failure) [PSYoungGen: 1561889K->8257K(1563648K)] 1751405K->197925K(2087936K), 0.0058319 secs] [Times: user=0.06 sys=0.00, real=0.01 secs] 
5741.369: [GC (Allocation Failure) [PSYoungGen: 1562689K->8161K(1563648K)] 1752357K->197909K(2087936K), 0.0065401 secs] [Times: user=0.08 sys=0.00, real=0.00 secs] 
5750.892: [GC (Allocation Failure) [PSYoungGen: 1562593K->7521K(1563648K)] 1752341K->197309K(2087936K), 0.0099127 secs] [Times: user=0.04 sys=0.00, real=0.01 secs] 
5760.169: [GC (Allocation Failure) [PSYoungGen: 1561953K->7568K(1563648K)] 1751741K->197435K(2087936K), 0.0127251 secs] [Times: user=0.07 sys=0.00, real=0.01 secs] 
5769.567: [GC (Allocation Failure) [PSYoungGen: 1562000K->7713K(1563648K)] 1751867K->197715K(2087936K), 0.0140714 secs] [Times: user=0.05 sys=0.00, real=0.02 secs] 
5778.948: [GC (Allocation Failure) [PSYoungGen: 1562145K->7041K(1563648K)] 1752147K->197819K(2087936K), 0.0153674 secs] [Times: user=0.07 sys=0.00, real=0.02 secs] 
5788.398: [GC (Allocation Failure) [PSYoungGen: 1561473K->8321K(1563648K)] 1752251K->199179K(2087936K), 0.0040679 secs] [Times: user=0.04 sys=0.00, real=0.00 secs] 
5798.032: [GC (Allocation Failure) [PSYoungGen: 1562753K->7329K(1563648K)] 1753611K->198211K(2087936K), 0.0099337 secs] [Times: user=0.09 sys=0.00, real=0.01 secs] 
5807.445: [GC (Allocation Failure) [PSYoungGen: 1561761K->7009K(1563648K)] 1752643K->197979K(2087936K), 0.0474702 secs] [Times: user=0.26 sys=0.00, real=0.05 secs] 
5816.960: [GC (Allocation Failure) [PSYoungGen: 1561441K->7265K(1563648K)] 1752411K->198283K(2087936K), 0.0108978 secs] [Times: user=0.06 sys=0.01, real=0.01 secs] 
5826.635: [GC (Allocation Failure) [PSYoungGen: 1561697K->7457K(1564160K)] 1752715K->198619K(2088448K), 0.0274236 secs] [Times: user=0.21 sys=0.00, real=0.03 secs] 
5836.033: [GC (Allocation Failure) [PSYoungGen: 1562401K->8688K(1563648K)] 1753563K->200082K(2087936K), 0.0108561 secs] [Times: user=0.12 sys=0.00, real=0.01 secs] 
5845.426: [GC (Allocation Failure) [PSYoungGen: 1563632K->8257K(1563648K)] 1755026K->200618K(2087936K), 0.0064681 secs] [Times: user=0.07 sys=0.00, real=0.01 secs] 
5854.908: [GC (Allocation Failure) [PSYoungGen: 1562689K->7233K(1563648K)] 1755050K->199626K(2087936K), 0.0250424 secs] [Times: user=0.23 sys=0.01, real=0.02 secs] 
5864.400: [GC (Allocation Failure) [PSYoungGen: 1561665K->8353K(1563648K)] 1754058K->200794K(2087936K), 0.0063238 secs] [Times: user=0.07 sys=0.00, real=0.01 secs] 
5873.974: [GC (Allocation Failure) [PSYoungGen: 1562785K->7041K(1563648K)] 1755226K->199586K(2087936K), 0.0081759 secs] [Times: user=0.06 sys=0.00, real=0.01 secs] 
5883.552: [GC (Allocation Failure) [PSYoungGen: 1561473K->7073K(1563648K)] 1754018K->199642K(2087936K), 0.0088526 secs] [Times: user=0.05 sys=0.00, real=0.01 secs] 
5893.256: [GC (Allocation Failure) [PSYoungGen: 1561505K->7169K(1563648K)] 1754074K->199802K(2087936K), 0.0370355 secs] [Times: user=0.31 sys=0.00, real=0.04 secs] 
5902.623: [GC (Allocation Failure) [PSYoungGen: 1561601K->8848K(1562624K)] 1754234K->201561K(2086912K), 0.0085163 secs] [Times: user=0.15 sys=0.01, real=0.01 secs] 
5912.010: [GC (Allocation Failure) [PSYoungGen: 1562256K->8193K(1563136K)] 1754969K->201913K(2087424K), 0.0079300 secs] [Times: user=0.06 sys=0.00, real=0.01 secs] 
5921.311: [GC (Allocation Failure) [PSYoungGen: 1561601K->7041K(1563136K)] 1755321K->200873K(2087424K), 0.0123071 secs] [Times: user=0.05 sys=0.00, real=0.02 secs] 
5930.780: [GC (Allocation Failure) [PSYoungGen: 1560449K->8321K(1563136K)] 1754281K->202161K(2087424K), 0.0049511 secs] [Times: user=0.06 sys=0.01, real=0.00 secs] 
5940.416: [GC (Allocation Failure) [PSYoungGen: 1561729K->7457K(1563136K)] 1755569K->201409K(2087424K), 0.0264829 secs] [Times: user=0.24 sys=0.01, real=0.03 secs] 
5950.179: [GC (Allocation Failure) [PSYoungGen: 1560865K->7233K(1563136K)] 1754817K->201209K(2087424K), 0.0463552 secs] [Times: user=0.49 sys=0.00, real=0.04 secs] 
5959.782: [GC (Allocation Failure) [PSYoungGen: 1560641K->7425K(1563648K)] 1754617K->201449K(2087936K), 0.0131790 secs] [Times: user=0.10 sys=0.01, real=0.01 secs] 
5969.211: [GC (Allocation Failure) [PSYoungGen: 1561857K->8944K(1563648K)] 1755881K->203055K(2087936K), 0.0079064 secs] [Times: user=0.15 sys=0.00, real=0.00 secs] 
5978.862: [GC (Allocation Failure) [PSYoungGen: 1563376K->8257K(1562624K)] 1757487K->203495K(2086912K), 0.0049309 secs] [Times: user=0.06 sys=0.01, real=0.01 secs] 
5988.527: [GC (Allocation Failure) [PSYoungGen: 1561665K->8353K(1563136K)] 1756903K->203719K(2087424K), 0.0053866 secs] [Times: user=0.05 sys=0.00, real=0.00 secs] 
5997.988: [GC (Allocation Failure) [PSYoungGen: 1561761K->7009K(1563136K)] 1757127K->202471K(2087424K), 0.0134313 secs] [Times: user=0.11 sys=0.00, real=0.01 secs] 
6007.809: [GC (Allocation Failure) [PSYoungGen: 1560417K->7169K(1563136K)] 1755879K->202647K(2087424K), 0.0181963 secs] [Times: user=0.05 sys=0.00, real=0.02 secs] 
6017.228: [GC (Allocation Failure) [PSYoungGen: 1560577K->8193K(1563136K)] 1756055K->203703K(2087424K), 0.0092661 secs] [Times: user=0.10 sys=0.00, real=0.01 secs] 
6026.809: [GC (Allocation Failure) [PSYoungGen: 1561601K->8097K(1563136K)] 1757111K->203703K(2087424K), 0.0063537 secs] [Times: user=0.05 sys=0.00, real=0.01 secs] 
6036.638: [GC (Allocation Failure) [PSYoungGen: 1561505K->8752K(1563136K)] 1757111K->204374K(2087424K), 0.0226049 secs] [Times: user=0.12 sys=0.00, real=0.02 secs] 
6046.278: [GC (Allocation Failure) [PSYoungGen: 1562160K->8001K(1563136K)] 1757782K->204990K(2087424K), 0.0150235 secs] [Times: user=0.11 sys=0.00, real=0.02 secs] 
6055.736: [GC (Allocation Failure) [PSYoungGen: 1561409K->7457K(1563136K)] 1758398K->204534K(2087424K), 0.0205904 secs] [Times: user=0.13 sys=0.00, real=0.02 secs] 
6065.146: [GC (Allocation Failure) [PSYoungGen: 1560865K->8353K(1563136K)] 1757942K->205462K(2087424K), 0.0059043 secs] [Times: user=0.05 sys=0.00, real=0.00 secs] 
6074.965: [GC (Allocation Failure) [PSYoungGen: 1561761K->7809K(1563136K)] 1758870K->205006K(2087424K), 0.0145451 secs] [Times: user=0.10 sys=0.00, real=0.02 secs] 
6084.560: [GC (Allocation Failure) [PSYoungGen: 1561217K->7649K(1563136K)] 1758414K->204878K(2087424K), 0.0081773 secs] [Times: user=0.05 sys=0.00, real=0.01 secs] 
6094.246: [GC (Allocation Failure) [PSYoungGen: 1561057K->7393K(1563648K)] 1758286K->204654K(2087936K), 0.0297703 secs] [Times: user=0.09 sys=0.00, real=0.03 secs] 
6103.588: [GC (Allocation Failure) [PSYoungGen: 1561806K->8880K(1563648K)] 1759066K->206228K(2087936K), 0.0089836 secs] [Times: user=0.09 sys=0.00, real=0.01 secs] 
6113.565: [GC (Allocation Failure) [PSYoungGen: 1563312K->7393K(1562624K)] 1760660K->205556K(2086912K), 0.0129115 secs] [Times: user=0.06 sys=0.01, real=0.01 secs] 
6123.457: [GC (Allocation Failure) [PSYoungGen: 1560801K->8097K(1563136K)] 1758964K->206260K(2087424K), 0.0135622 secs] [Times: user=0.12 sys=0.01, real=0.01 secs] 
6133.253: [GC (Allocation Failure) [PSYoungGen: 1561505K->7393K(1563648K)] 1759668K->205628K(2087936K), 0.0140471 secs] [Times: user=0.05 sys=0.00, real=0.02 secs] 
6142.805: [GC (Allocation Failure) [PSYoungGen: 1561313K->7041K(1563136K)] 1759548K->205300K(2087424K), 0.0225968 secs] [Times: user=0.12 sys=0.00, real=0.03 secs] 
6152.555: [GC (Allocation Failure) [PSYoungGen: 1560961K->6945K(1563648K)] 1759220K->205284K(2087936K), 0.0724451 secs] [Times: user=0.43 sys=0.00, real=0.07 secs] 
6162.097: [GC (Allocation Failure) [PSYoungGen: 1561377K->7777K(1563648K)] 1759716K->206124K(2087936K), 0.0124341 secs] [Times: user=0.06 sys=0.00, real=0.01 secs] 
6171.853: [GC (Allocation Failure) [PSYoungGen: 1562209K->7297K(1563648K)] 1760556K->205756K(2087936K), 0.0132145 secs] [Times: user=0.12 sys=0.00, real=0.01 secs] 
6182.100: [GC (Allocation Failure) [PSYoungGen: 1561729K->8336K(1563648K)] 1760188K->206819K(2087936K), 0.0425331 secs] [Times: user=0.40 sys=0.00, real=0.04 secs] 
6192.346: [GC (Allocation Failure) [PSYoungGen: 1562768K->7457K(1563648K)] 1761251K->206787K(2087936K), 0.0249663 secs] [Times: user=0.20 sys=0.00, real=0.02 secs] 
6202.319: [GC (Allocation Failure) [PSYoungGen: 1561889K->8353K(1563648K)] 1761219K->207747K(2087936K), 0.0068375 secs] [Times: user=0.07 sys=0.01, real=0.00 secs] 
6212.335: [GC (Allocation Failure) [PSYoungGen: 1562785K->7489K(1563648K)] 1762179K->206891K(2087936K), 0.0094193 secs] [Times: user=0.05 sys=0.00, real=0.01 secs] 
6222.000: [GC (Allocation Failure) [PSYoungGen: 1561921K->7041K(1563648K)] 1761323K->206459K(2087936K), 0.0195344 secs] [Times: user=0.06 sys=0.00, real=0.02 secs] 
6231.641: [GC (Allocation Failure) [PSYoungGen: 1561473K->7169K(1563648K)] 1760891K->206659K(2087936K), 0.0354379 secs] [Times: user=0.13 sys=0.00, real=0.03 secs] 
6241.464: [GC (Allocation Failure) [PSYoungGen: 1561601K->7169K(1563648K)] 1761091K->206739K(2087936K), 0.0167825 secs] [Times: user=0.05 sys=0.00, real=0.01 secs] 
6250.969: [GC (Allocation Failure) [PSYoungGen: 1561601K->8528K(1563648K)] 1761171K->208170K(2087936K), 0.0379074 secs] [Times: user=0.53 sys=0.00, real=0.04 secs] 
6262.634: [GC (Allocation Failure) [PSYoungGen: 1562960K->7329K(1563648K)] 1762602K->207802K(2087936K), 0.0120205 secs] [Times: user=0.05 sys=0.00, real=0.02 secs] 
6273.092: [GC (Allocation Failure) [PSYoungGen: 1561761K->7073K(1563648K)] 1762234K->207554K(2087936K), 0.0255864 secs] [Times: user=0.13 sys=0.01, real=0.03 secs] 
6284.632: [GC (Allocation Failure) [PSYoungGen: 1561505K->7841K(1563648K)] 1761986K->208354K(2087936K), 0.0294128 secs] [Times: user=0.31 sys=0.00, real=0.03 secs] 
6296.036: [GC (Allocation Failure) [PSYoungGen: 1562273K->7169K(1563648K)] 1762786K->207770K(2087936K), 0.0250912 secs] [Times: user=0.13 sys=0.00, real=0.03 secs] 
6306.562: [GC (Allocation Failure) [PSYoungGen: 1561601K->7329K(1563648K)] 1762202K->207938K(2087936K), 0.0509338 secs] [Times: user=0.30 sys=0.00, real=0.05 secs] 
6317.124: [GC (Allocation Failure) [PSYoungGen: 1561761K->8784K(1563648K)] 1762370K->209424K(2087936K), 0.0196603 secs] [Times: user=0.12 sys=0.00, real=0.02 secs] 
6328.491: [GC (Allocation Failure) [PSYoungGen: 1563216K->7617K(1563648K)] 1763856K->209080K(2087936K), 0.0212660 secs] [Times: user=0.16 sys=0.01, real=0.02 secs] 
6340.820: [GC (Allocation Failure) [PSYoungGen: 1562049K->7649K(1563648K)] 1763512K->209176K(2087936K), 0.0158003 secs] [Times: user=0.08 sys=0.00, real=0.01 secs] 
6352.060: [GC (Allocation Failure) [PSYoungGen: 1562081K->7617K(1563648K)] 1763608K->209176K(2087936K), 0.0280749 secs] [Times: user=0.14 sys=0.00, real=0.02 secs] 
6364.905: [GC (Allocation Failure) [PSYoungGen: 1562049K->7169K(1563648K)] 1763608K->208728K(2087936K), 0.0664351 secs] [Times: user=0.37 sys=0.01, real=0.07 secs] 
6377.549: [GC (Allocation Failure) [PSYoungGen: 1561601K->7841K(1563648K)] 1763160K->209448K(2087936K), 0.0118448 secs] [Times: user=0.07 sys=0.01, real=0.01 secs] 
6387.539: [GC (Allocation Failure) [PSYoungGen: 1562273K->7920K(1564160K)] 1763880K->209607K(2088448K), 0.0149846 secs] [Times: user=0.07 sys=0.00, real=0.01 secs] 
6399.858: [GC (Allocation Failure) [PSYoungGen: 1563376K->7553K(1564160K)] 1765063K->210103K(2088448K), 0.0343266 secs] [Times: user=0.21 sys=0.00, real=0.03 secs] 
6412.643: [GC (Allocation Failure) [PSYoungGen: 1563009K->7713K(1564160K)] 1765559K->210295K(2088448K), 0.0125524 secs] [Times: user=0.07 sys=0.01, real=0.01 secs] 
6425.009: [GC (Allocation Failure) [PSYoungGen: 1563169K->8240K(1564160K)] 1765751K->210845K(2088448K), 0.0355662 secs] [Times: user=0.20 sys=0.01, real=0.04 secs] 
6438.445: [GC (Allocation Failure) [PSYoungGen: 1563696K->7393K(1564160K)] 1766301K->210853K(2088448K), 0.0158820 secs] [Times: user=0.08 sys=0.00, real=0.01 secs] 
6452.403: [GC (Allocation Failure) [PSYoungGen: 1562849K->7201K(1564160K)] 1766309K->210693K(2088448K), 0.0332177 secs] [Times: user=0.16 sys=0.00, real=0.04 secs] 
6465.432: [GC (Allocation Failure) [PSYoungGen: 1562657K->7201K(1564160K)] 1766149K->210733K(2088448K), 0.0197281 secs] [Times: user=0.07 sys=0.00, real=0.02 secs] 
6479.996: [GC (Allocation Failure) [PSYoungGen: 1562657K->7201K(1564160K)] 1766189K->210757K(2088448K), 0.0279544 secs] [Times: user=0.14 sys=0.00, real=0.03 secs] 
6491.127: [GC (Allocation Failure) [PSYoungGen: 1562657K->7233K(1564160K)] 1766213K->210821K(2088448K), 0.0161028 secs] [Times: user=0.04 sys=0.00, real=0.02 secs] 
6501.599: [GC (Allocation Failure) [PSYoungGen: 1562689K->7169K(1564160K)] 1766277K->210901K(2088448K), 0.0239923 secs] [Times: user=0.10 sys=0.00, real=0.03 secs] 
6512.924: [GC (Allocation Failure) [PSYoungGen: 1562625K->8240K(1564160K)] 1766357K->212028K(2088448K), 0.0326383 secs] [Times: user=0.39 sys=0.00, real=0.03 secs] 
6526.209: [GC (Allocation Failure) [PSYoungGen: 1563696K->7777K(1564160K)] 1767484K->212388K(2088448K), 0.0197811 secs] [Times: user=0.17 sys=0.00, real=0.02 secs] 
6546.203: [GC (Allocation Failure) [PSYoungGen: 1563233K->7553K(1564160K)] 1767844K->212172K(2088448K), 0.0294756 secs] [Times: user=0.17 sys=0.00, real=0.03 secs] 
6560.760: [GC (Allocation Failure) [PSYoungGen: 1563009K->7233K(1564160K)] 1767628K->211860K(2088448K), 0.0518632 secs] [Times: user=0.28 sys=0.00, real=0.06 secs] 
6579.439: [GC (Allocation Failure) [PSYoungGen: 1562689K->8688K(1563136K)] 1767316K->213523K(2087424K), 0.0259125 secs] [Times: user=0.21 sys=0.00, real=0.03 secs] 
6599.541: [GC (Allocation Failure) [PSYoungGen: 1563120K->7329K(1563648K)] 1767955K->212995K(2087936K), 0.0215762 secs] [Times: user=0.09 sys=0.00, real=0.02 secs] 
6616.383: [GC (Allocation Failure) [PSYoungGen: 1561761K->7745K(1563648K)] 1767427K->213443K(2087936K), 0.0316025 secs] [Times: user=0.14 sys=0.01, real=0.03 secs] 
6633.383: [GC (Allocation Failure) [PSYoungGen: 1562177K->7521K(1563648K)] 1767875K->213227K(2087936K), 0.0384249 secs] [Times: user=0.17 sys=0.00, real=0.04 secs] 
6652.202: [GC (Allocation Failure) [PSYoungGen: 1561953K->8304K(1563136K)] 1767659K->214041K(2087424K), 0.0427839 secs] [Times: user=0.25 sys=0.00, real=0.05 secs] 
6678.256: [GC (Allocation Failure) [PSYoungGen: 1562736K->7681K(1563648K)] 1768473K->214257K(2087936K), 0.0669429 secs] [Times: user=0.37 sys=0.00, real=0.07 secs] 
6703.397: [GC (Allocation Failure) [PSYoungGen: 1562113K->7489K(1564160K)] 1768689K->214065K(2088448K), 0.0213828 secs] [Times: user=0.06 sys=0.00, real=0.02 secs] 
6730.019: [GC (Allocation Failure) [PSYoungGen: 1562945K->8208K(1564160K)] 1769521K->214800K(2088448K), 0.1285138 secs] [Times: user=0.69 sys=0.00, real=0.13 secs] 
6764.504: [GC (Allocation Failure) [PSYoungGen: 1563664K->7553K(1564160K)] 1770256K->214984K(2088448K), 0.0260409 secs] [Times: user=0.14 sys=0.00, real=0.02 secs] 
6794.705: [GC (Allocation Failure) [PSYoungGen: 1563009K->7553K(1564160K)] 1770440K->214992K(2088448K), 0.0762485 secs] [Times: user=0.30 sys=0.00, real=0.08 secs] 
6839.488: [GC (Allocation Failure) [PSYoungGen: 1563009K->8176K(1564160K)] 1770448K->215622K(2088448K), 0.0367027 secs] [Times: user=0.14 sys=0.01, real=0.04 secs] 
6887.921: [GC (Allocation Failure) [PSYoungGen: 1563632K->7905K(1564160K)] 1771078K->216088K(2088448K), 0.0318974 secs] [Times: user=0.04 sys=0.00, real=0.03 secs] 
6941.003: [GC (Allocation Failure) [PSYoungGen: 1563361K->8688K(1563136K)] 1771544K->217062K(2087424K), 0.0594868 secs] [Times: user=0.24 sys=0.00, real=0.06 secs] 
6996.494: [GC (Allocation Failure) [PSYoungGen: 1563120K->8001K(1563648K)] 1771494K->217112K(2087936K), 0.0431333 secs] [Times: user=0.15 sys=0.00, real=0.05 secs] 
7052.852: [GC (Allocation Failure) [PSYoungGen: 1562433K->7841K(1563648K)] 1771544K->216976K(2087936K), 0.0551938 secs] [Times: user=0.20 sys=0.00, real=0.06 secs] 
7109.170: [GC (Allocation Failure) [PSYoungGen: 1562273K->8816K(1563648K)] 1771408K->217998K(2087936K), 0.0589942 secs] [Times: user=0.37 sys=0.00, real=0.06 secs] 
7165.276: [GC (Allocation Failure) [PSYoungGen: 1563248K->8801K(1562624K)] 1772430K->218847K(2086912K), 0.0140170 secs] [Times: user=0.11 sys=0.00, real=0.01 secs] 
7221.757: [GC (Allocation Failure) [PSYoungGen: 1562209K->8641K(1563136K)] 1772255K->218751K(2087424K), 0.0336640 secs] [Times: user=0.27 sys=0.00, real=0.03 secs] 
7277.560: [GC (Allocation Failure) [PSYoungGen: 1562049K->9726K(1562112K)] 1772159K->220124K(2086400K), 0.0575183 secs] [Times: user=0.45 sys=0.00, real=0.05 secs] 
7288.962: [GC (System.gc()) [PSYoungGen: 346637K->7120K(1562624K)] 557035K->218260K(2086912K), 0.0393751 secs] [Times: user=0.21 sys=0.00, real=0.04 secs] 
7289.002: [Full GC (System.gc()) [PSYoungGen: 7120K->0K(1562624K)] [ParOldGen: 211139K->130642K(524288K)] 218260K->130642K(2086912K), [Metaspace: 21020K->20717K(1069056K)], 1.3777060 secs] [Times: user=11.52 sys=0.09, real=1.37 secs] 
7325.088: [GC (Allocation Failure) [PSYoungGen: 1552384K->10224K(1560576K)] 1683026K->141538K(2084864K), 0.0344039 secs] [Times: user=0.21 sys=0.00, real=0.03 secs] 
7335.044: [GC (Allocation Failure) [PSYoungGen: 1560560K->7553K(1561600K)] 1691874K->142156K(2085888K), 0.0175380 secs] [Times: user=0.17 sys=0.00, real=0.02 secs] 
7345.009: [GC (Allocation Failure) [PSYoungGen: 1557889K->8848K(1562112K)] 1692492K->143835K(2086400K), 0.0086657 secs] [Times: user=0.13 sys=0.01, real=0.01 secs] 
7354.863: [GC (Allocation Failure) [PSYoungGen: 1560208K->8624K(1562112K)] 1695195K->144425K(2086400K), 0.0065541 secs] [Times: user=0.16 sys=0.00, real=0.00 secs] 
7364.594: [GC (Allocation Failure) [PSYoungGen: 1559984K->8225K(1562112K)] 1695785K->145025K(2086400K), 0.0040665 secs] [Times: user=0.06 sys=0.01, real=0.00 secs] 
7374.491: [GC (Allocation Failure) [PSYoungGen: 1559585K->8624K(1562112K)] 1696385K->145696K(2086400K), 0.0075245 secs] [Times: user=0.14 sys=0.01, real=0.01 secs] 
7384.371: [GC (Allocation Failure) [PSYoungGen: 1559984K->7521K(1562624K)] 1697056K->145432K(2086912K), 0.0076091 secs] [Times: user=0.06 sys=0.00, real=0.01 secs] 
7393.823: [GC (Allocation Failure) [PSYoungGen: 1559905K->8816K(1562624K)] 1697816K->146846K(2086912K), 0.0074048 secs] [Times: user=0.14 sys=0.00, real=0.01 secs] 
7403.988: [GC (Allocation Failure) [PSYoungGen: 1561200K->8336K(1562624K)] 1699230K->147061K(2086912K), 0.0107346 secs] [Times: user=0.07 sys=0.00, real=0.01 secs] 
7413.255: [GC (Allocation Failure) [PSYoungGen: 1560720K->8225K(1562624K)] 1699445K->148029K(2086912K), 0.0060565 secs] [Times: user=0.09 sys=0.00, real=0.01 secs] 
7423.001: [GC (Allocation Failure) [PSYoungGen: 1560609K->8976K(1562624K)] 1700413K->148820K(2086912K), 0.0098989 secs] [Times: user=0.11 sys=0.00, real=0.01 secs] 
7432.953: [GC (Allocation Failure) [PSYoungGen: 1561360K->8464K(1562624K)] 1701204K->149034K(2086912K), 0.0226511 secs] [Times: user=0.20 sys=0.00, real=0.02 secs] 
7442.750: [GC (Allocation Failure) [PSYoungGen: 1560848K->7137K(1562624K)] 1701418K->148562K(2086912K), 0.0169178 secs] [Times: user=0.05 sys=0.00, real=0.02 secs] 
7456.301: [GC (Allocation Failure) [PSYoungGen: 1559521K->8528K(1562624K)] 1700946K->149961K(2086912K), 0.0439459 secs] [Times: user=0.30 sys=0.00, real=0.04 secs] 
7474.403: [GC (System.gc()) [PSYoungGen: 684433K->7902K(1562624K)] 825866K->150055K(2086912K), 0.0069929 secs] [Times: user=0.13 sys=0.00, real=0.01 secs] 
7474.410: [Full GC (System.gc()) [PSYoungGen: 7902K->0K(1562624K)] [ParOldGen: 142153K->94738K(524288K)] 150055K->94738K(2086912K), [Metaspace: 20925K->20925K(1069056K)], 0.4761417 secs] [Times: user=15.05 sys=0.00, real=0.47 secs] 
7480.951: [GC (System.gc()) [PSYoungGen: 3694K->416K(1552896K)] 98433K->95162K(2077184K), 0.0077614 secs] [Times: user=0.10 sys=0.00, real=0.00 secs] 
7480.959: [Full GC (System.gc()) [PSYoungGen: 416K->0K(1552896K)] [ParOldGen: 94746K->89894K(524288K)] 95162K->89894K(2077184K), [Metaspace: 20930K->20930K(1069056K)], 0.2590596 secs] [Times: user=8.41 sys=0.00, real=0.26 secs] 
7500.629: [GC (Allocation Failure) [PSYoungGen: 1552384K->10689K(1560576K)] 1642278K->100584K(2084864K), 0.0063702 secs] [Times: user=0.09 sys=0.00, real=0.01 secs] 
7514.243: [GC (Allocation Failure) [PSYoungGen: 1560001K->8337K(1561088K)] 1649896K->101254K(2085376K), 0.0045154 secs] [Times: user=0.05 sys=0.00, real=0.01 secs] 
7524.505: [GC (System.gc()) [PSYoungGen: 837467K->7920K(1561600K)] 930384K->101349K(2085888K), 0.0107824 secs] [Times: user=0.25 sys=0.01, real=0.01 secs] 
7524.516: [Full GC (System.gc()) [PSYoungGen: 7920K->0K(1561600K)] [ParOldGen: 93428K->90746K(524288K)] 101349K->90746K(2085888K), [Metaspace: 20945K->20945K(1069056K)], 0.4217881 secs] [Times: user=13.54 sys=0.00, real=0.43 secs] 
7525.488: [GC (System.gc()) [PSYoungGen: 383K->192K(1550336K)] 91130K->90938K(2074624K), 0.0080217 secs] [Times: user=0.09 sys=0.00, real=0.00 secs] 
7525.497: [Full GC (System.gc()) [PSYoungGen: 192K->0K(1550336K)] [ParOldGen: 90746K->90680K(524288K)] 90938K->90680K(2074624K), [Metaspace: 20949K->20949K(1069056K)], 0.2638007 secs] [Times: user=7.49 sys=0.00, real=0.27 secs] 
7525.972: [GC (System.gc()) [PSYoungGen: 8705K->416K(1558528K)] 99386K->91096K(2082816K), 0.0095960 secs] [Times: user=0.26 sys=0.00, real=0.01 secs] 
7525.982: [Full GC (System.gc()) [PSYoungGen: 416K->0K(1558528K)] [ParOldGen: 90680K->90594K(524288K)] 91096K->90594K(2082816K), [Metaspace: 20957K->20957K(1069056K)], 0.5362438 secs] [Times: user=12.50 sys=0.00, real=0.54 secs] 
Heap
 PSYoungGen      total 1558528K, used 146077K [0x00000000a0000000, 0x0000000100000000, 0x0000000100000000)
  eden space 1546240K, 9% used [0x00000000a0000000,0x00000000a8ea7418,0x00000000fe600000)
  from space 12288K, 0% used [0x00000000ff400000,0x00000000ff400000,0x0000000100000000)
  to   space 13312K, 0% used [0x00000000fe600000,0x00000000fe600000,0x00000000ff300000)
 ParOldGen       total 524288K, used 90594K [0x0000000080000000, 0x00000000a0000000, 0x00000000a0000000)
  object space 524288K, 17% used [0x0000000080000000,0x00000000858788c0,0x00000000a0000000)
 Metaspace       used 21102K, capacity 21574K, committed 22016K, reserved 1069056K
  class space    used 2530K, capacity 2689K, committed 2816K, reserved 1048576K
