Java HotSpot(TM) 64-Bit Server VM (25.40-b25) for linux-amd64 JRE (1.8.0_40-b26), built on Mar  7 2015 15:08:31 by "java_re" with gcc 4.3.0 20080428 (Red Hat 4.3.0-8)
Memory: 4k page, physical 264398780k(140512084k free), swap 4194296k(4194296k free)
CommandLine flags: -XX:+AggressiveOpts -XX:+AlwaysPreTouch -XX:InitialHeapSize=27917287424 -XX:LargePageSizeInBytes=2097152 -XX:MaxHeapSize=27917287424 -XX:MaxNewSize=24696061952 -XX:MaxTenuringThreshold=15 -XX:NewSize=24696061952 -XX:ParallelGCThreads=36 -XX:+PrintGC -XX:+PrintGCDetails -XX:+PrintGCTimeStamps -XX:SurvivorRatio=14 -XX:TargetSurvivorRatio=95 -XX:-UseAdaptiveSizePolicy -XX:-UseBiasedLocking -XX:+UseCompressedClassPointers -XX:+UseCompressedOops -XX:+UseLargePages -XX:+UseParallelOldGC 
10.440: [GC (Allocation Failure) [PSYoungGen: 21102592K->3640K(22609920K)] 21102592K->3726K(25755648K), 0.0051850 secs] [Times: user=0.06 sys=0.00, real=0.00 secs] 
10.449: [GC (Allocation Failure) [PSYoungGen: 21106232K->2512K(22609920K)] 21106318K->2606K(25755648K), 0.0082742 secs] [Times: user=0.23 sys=0.00, real=0.01 secs] 
13.333: [GC (Allocation Failure) [PSYoungGen: 21105104K->675974K(22609920K)] 21105198K->676092K(25755648K), 0.1059401 secs] [Times: user=3.31 sys=0.01, real=0.11 secs] 
14.764: [GC (System.gc()) [PSYoungGen: 1960174K->8103K(22609920K)] 1960292K->8229K(25755648K), 0.0100536 secs] [Times: user=0.13 sys=0.01, real=0.01 secs] 
14.775: [Full GC (System.gc()) [PSYoungGen: 8103K->0K(22609920K)] [ParOldGen: 126K->7555K(3145728K)] 8229K->7555K(25755648K), [Metaspace: 16837K->16837K(1064960K)], 0.0432628 secs] [Times: user=0.48 sys=0.04, real=0.05 secs] 
100.840: [GC (System.gc()) [PSYoungGen: 5750524K->98541K(22609920K)] 5758079K->106104K(25755648K), 0.0234821 secs] [Times: user=0.57 sys=0.00, real=0.02 secs] 
100.864: [Full GC (System.gc()) [PSYoungGen: 98541K->0K(22609920K)] [ParOldGen: 7563K->104796K(3145728K)] 106104K->104796K(25755648K), [Metaspace: 20033K->20029K(1067008K)], 0.1019036 secs] [Times: user=2.41 sys=0.03, real=0.10 secs] 
227.183: [GC (Allocation Failure) [PSYoungGen: 21102592K->884830K(22609920K)] 21207388K->989634K(25755648K), 0.1522394 secs] [Times: user=5.31 sys=0.00, real=0.15 secs] 
247.003: [GC (Allocation Failure) [PSYoungGen: 21987422K->887398K(22609920K)] 22092226K->992274K(25755648K), 0.1351570 secs] [Times: user=4.74 sys=0.00, real=0.13 secs] 
258.021: [GC (Allocation Failure) [PSYoungGen: 21989990K->903847K(22609920K)] 22094866K->1008732K(25755648K), 0.1395190 secs] [Times: user=4.81 sys=0.00, real=0.14 secs] 
265.626: [GC (Allocation Failure) [PSYoungGen: 22006439K->935251K(22609920K)] 22111324K->1040144K(25755648K), 0.1433143 secs] [Times: user=5.03 sys=0.00, real=0.14 secs] 
271.562: [GC (Allocation Failure) [PSYoungGen: 22037843K->947718K(22609920K)] 22142736K->1052619K(25755648K), 0.1425619 secs] [Times: user=4.96 sys=0.00, real=0.15 secs] 
276.335: [GC (Allocation Failure) [PSYoungGen: 22050310K->967637K(22609920K)] 22155211K->1072545K(25755648K), 0.1466363 secs] [Times: user=5.17 sys=0.00, real=0.15 secs] 
280.354: [GC (Allocation Failure) [PSYoungGen: 22070229K->985283K(22609920K)] 22175137K->1090200K(25755648K), 0.1471656 secs] [Times: user=5.17 sys=0.01, real=0.15 secs] 
283.905: [GC (Allocation Failure) [PSYoungGen: 22087875K->1000759K(22609920K)] 22192792K->1105675K(25755648K), 0.1514294 secs] [Times: user=5.31 sys=0.00, real=0.16 secs] 
287.034: [GC (Allocation Failure) [PSYoungGen: 22103351K->1042164K(22609920K)] 22208267K->1147088K(25755648K), 0.1574170 secs] [Times: user=5.58 sys=0.00, real=0.16 secs] 
290.231: [GC (Allocation Failure) [PSYoungGen: 22144756K->1076577K(22609920K)] 22249680K->1181502K(25755648K), 0.1636231 secs] [Times: user=5.72 sys=0.01, real=0.16 secs] 
293.385: [GC (Allocation Failure) [PSYoungGen: 22179169K->1104271K(22609920K)] 22284094K->1209203K(25755648K), 0.1672689 secs] [Times: user=5.92 sys=0.00, real=0.17 secs] 
296.391: [GC (Allocation Failure) [PSYoungGen: 22206863K->1075642K(22609920K)] 22311795K->1180574K(25755648K), 0.1624899 secs] [Times: user=5.76 sys=0.00, real=0.16 secs] 
299.444: [GC (Allocation Failure) [PSYoungGen: 22178234K->1107824K(22609920K)] 22283166K->1212757K(25755648K), 0.1678536 secs] [Times: user=5.89 sys=0.00, real=0.17 secs] 
302.504: [GC (Allocation Failure) [PSYoungGen: 22210416K->1131138K(22609920K)] 22315349K->1236071K(25755648K), 0.1725812 secs] [Times: user=5.99 sys=0.00, real=0.17 secs] 
305.507: [GC (Allocation Failure) [PSYoungGen: 22233730K->1146906K(22609920K)] 22338663K->1251839K(25755648K), 0.1734631 secs] [Times: user=6.13 sys=0.00, real=0.18 secs] 
308.582: [GC (Allocation Failure) [PSYoungGen: 22249498K->826261K(22609920K)] 22354431K->1260013K(25755648K), 0.1834595 secs] [Times: user=6.50 sys=0.00, real=0.18 secs] 
311.681: [GC (Allocation Failure) [PSYoungGen: 21928853K->782960K(22609920K)] 22362605K->1227419K(25755648K), 0.1358604 secs] [Times: user=4.79 sys=0.01, real=0.13 secs] 
314.713: [GC (Allocation Failure) [PSYoungGen: 21885552K->805544K(22609920K)] 22330011K->1253708K(25755648K), 0.1410671 secs] [Times: user=4.99 sys=0.00, real=0.14 secs] 
317.798: [GC (Allocation Failure) [PSYoungGen: 21908136K->743168K(22609920K)] 22356300K->1194037K(25755648K), 0.1301298 secs] [Times: user=4.60 sys=0.01, real=0.13 secs] 
320.805: [GC (Allocation Failure) [PSYoungGen: 21845760K->749455K(22609920K)] 22296629K->1201540K(25755648K), 0.1320081 secs] [Times: user=4.67 sys=0.00, real=0.13 secs] 
323.822: [GC (Allocation Failure) [PSYoungGen: 21852047K->790270K(22609920K)] 22304132K->1245659K(25755648K), 0.1380875 secs] [Times: user=4.88 sys=0.00, real=0.14 secs] 
327.282: [GC (Allocation Failure) [PSYoungGen: 21892862K->696825K(22609920K)] 22348251K->1153174K(25755648K), 0.1243778 secs] [Times: user=4.38 sys=0.00, real=0.13 secs] 
327.589: [GC (System.gc()) [PSYoungGen: 1508714K->620885K(22609920K)] 1965063K->1078106K(25755648K), 0.1096312 secs] [Times: user=3.69 sys=0.00, real=0.11 secs] 
327.699: [Full GC (System.gc()) [PSYoungGen: 620885K->0K(22609920K)] [ParOldGen: 457220K->126111K(3145728K)] 1078106K->126111K(25755648K), [Metaspace: 22245K->22241K(1069056K)], 0.1541649 secs] [Times: user=3.89 sys=0.07, real=0.16 secs] 
346.999: [GC (Allocation Failure) [PSYoungGen: 21102592K->919988K(22609920K)] 21228703K->1046100K(25755648K), 0.1474120 secs] [Times: user=5.17 sys=0.01, real=0.15 secs] 
354.033: [GC (Allocation Failure) [PSYoungGen: 22022580K->952526K(22609920K)] 22148692K->1078646K(25755648K), 0.1467406 secs] [Times: user=5.18 sys=0.00, real=0.15 secs] 
359.407: [GC (Allocation Failure) [PSYoungGen: 22055118K->960092K(22609920K)] 22181238K->1086211K(25755648K), 0.1440836 secs] [Times: user=5.10 sys=0.00, real=0.15 secs] 
363.759: [GC (Allocation Failure) [PSYoungGen: 22062684K->959908K(22609920K)] 22188803K->1086027K(25755648K), 0.1446563 secs] [Times: user=5.10 sys=0.00, real=0.14 secs] 
367.714: [GC (Allocation Failure) [PSYoungGen: 22062500K->995517K(22609920K)] 22188619K->1121637K(25755648K), 0.1494688 secs] [Times: user=5.29 sys=0.00, real=0.15 secs] 
371.440: [GC (Allocation Failure) [PSYoungGen: 22098109K->1032955K(22609920K)] 22224229K->1159075K(25755648K), 0.1565174 secs] [Times: user=5.47 sys=0.00, real=0.15 secs] 
374.779: [GC (Allocation Failure) [PSYoungGen: 22135547K->1013544K(22609920K)] 22261667K->1139663K(25755648K), 0.1520030 secs] [Times: user=5.38 sys=0.00, real=0.16 secs] 
378.059: [GC (Allocation Failure) [PSYoungGen: 22116136K->1059509K(22609920K)] 22242255K->1185628K(25755648K), 0.1594378 secs] [Times: user=5.64 sys=0.01, real=0.16 secs] 
381.146: [GC (Allocation Failure) [PSYoungGen: 22162101K->1120051K(22609920K)] 22288220K->1246170K(25755648K), 0.1694326 secs] [Times: user=5.96 sys=0.00, real=0.17 secs] 
384.375: [GC (Allocation Failure) [PSYoungGen: 22222643K->1066619K(22609920K)] 22348762K->1192739K(25755648K), 0.1672896 secs] [Times: user=5.67 sys=0.01, real=0.17 secs] 
387.514: [GC (Allocation Failure) [PSYoungGen: 22169211K->1196047K(22609920K)] 22295331K->1322166K(25755648K), 0.1832394 secs] [Times: user=6.50 sys=0.00, real=0.18 secs] 
390.713: [GC (Allocation Failure) [PSYoungGen: 22298639K->1067038K(22609920K)] 22424758K->1193157K(25755648K), 0.1609217 secs] [Times: user=5.68 sys=0.01, real=0.16 secs] 
393.818: [GC (Allocation Failure) [PSYoungGen: 22169630K->1164462K(22609920K)] 22295749K->1290581K(25755648K), 0.1787205 secs] [Times: user=6.30 sys=0.00, real=0.18 secs] 
396.984: [GC (Allocation Failure) [PSYoungGen: 22267054K->1046102K(22609920K)] 22393173K->1172221K(25755648K), 0.1582306 secs] [Times: user=5.52 sys=0.00, real=0.15 secs] 
400.078: [GC (Allocation Failure) [PSYoungGen: 22148694K->1096651K(22609920K)] 22274813K->1222771K(25755648K), 0.1649451 secs] [Times: user=5.83 sys=0.00, real=0.16 secs] 
403.222: [GC (Allocation Failure) [PSYoungGen: 22199243K->771713K(22609920K)] 22325363K->1230329K(25755648K), 0.1704801 secs] [Times: user=6.02 sys=0.00, real=0.17 secs] 
406.377: [GC (Allocation Failure) [PSYoungGen: 21874305K->774166K(22609920K)] 22332921K->1241183K(25755648K), 0.1368107 secs] [Times: user=4.83 sys=0.00, real=0.13 secs] 
409.471: [GC (Allocation Failure) [PSYoungGen: 21876758K->768063K(22609920K)] 22343775K->1237353K(25755648K), 0.1352532 secs] [Times: user=4.78 sys=0.00, real=0.14 secs] 
412.527: [GC (Allocation Failure) [PSYoungGen: 21870655K->837478K(22609920K)] 22339945K->1308279K(25755648K), 0.1486983 secs] [Times: user=5.20 sys=0.00, real=0.14 secs] 
415.534: [GC (Allocation Failure) [PSYoungGen: 21940070K->775151K(22609920K)] 22410871K->1249337K(25755648K), 0.1382956 secs] [Times: user=4.84 sys=0.01, real=0.14 secs] 
418.573: [GC (Allocation Failure) [PSYoungGen: 21877743K->757970K(22609920K)] 22351929K->1233188K(25755648K), 0.1362397 secs] [Times: user=4.74 sys=0.00, real=0.14 secs] 
421.678: [GC (Allocation Failure) [PSYoungGen: 21860562K->721885K(22609920K)] 22335780K->1198215K(25755648K), 0.1284542 secs] [Times: user=4.52 sys=0.00, real=0.12 secs] 
432.488: [GC (System.gc()) [PSYoungGen: 13501510K->846459K(22609920K)] 13977840K->1323621K(25755648K), 0.1275765 secs] [Times: user=4.50 sys=0.00, real=0.13 secs] 
432.616: [Full GC (System.gc()) [PSYoungGen: 846459K->0K(22609920K)] [ParOldGen: 477162K->233471K(3145728K)] 1323621K->233471K(25755648K), [Metaspace: 22326K->22326K(1069056K)], 0.0929231 secs] [Times: user=1.59 sys=0.04, real=0.10 secs] 
453.415: [GC (Allocation Failure) [PSYoungGen: 21102592K->954574K(22609920K)] 21336063K->1188053K(25755648K), 0.1593315 secs] [Times: user=5.49 sys=0.00, real=0.16 secs] 
460.183: [GC (Allocation Failure) [PSYoungGen: 22057166K->968143K(22609920K)] 22290645K->1201622K(25755648K), 0.1458668 secs] [Times: user=5.11 sys=0.00, real=0.15 secs] 
465.619: [GC (Allocation Failure) [PSYoungGen: 22070735K->952902K(22609920K)] 22304214K->1186381K(25755648K), 0.1453994 secs] [Times: user=5.03 sys=0.00, real=0.15 secs] 
470.338: [GC (Allocation Failure) [PSYoungGen: 22055494K->998902K(22609920K)] 22288973K->1232381K(25755648K), 0.1492575 secs] [Times: user=5.22 sys=0.00, real=0.15 secs] 
474.447: [GC (Allocation Failure) [PSYoungGen: 22101494K->989511K(22609920K)] 22334973K->1222991K(25755648K), 0.1490005 secs] [Times: user=5.24 sys=0.00, real=0.15 secs] 
478.036: [GC (Allocation Failure) [PSYoungGen: 22092103K->995167K(22609920K)] 22325583K->1228646K(25755648K), 0.1476016 secs] [Times: user=5.22 sys=0.00, real=0.15 secs] 
481.549: [GC (Allocation Failure) [PSYoungGen: 22097759K->1027979K(22609920K)] 22331238K->1261459K(25755648K), 0.1574726 secs] [Times: user=5.56 sys=0.01, real=0.16 secs] 
484.798: [GC (Allocation Failure) [PSYoungGen: 22130571K->974526K(22609920K)] 22364051K->1208005K(25755648K), 0.1471663 secs] [Times: user=5.15 sys=0.01, real=0.14 secs] 
487.968: [GC (Allocation Failure) [PSYoungGen: 22077118K->990140K(22609920K)] 22310597K->1223619K(25755648K), 0.1470194 secs] [Times: user=5.15 sys=0.00, real=0.14 secs] 
490.980: [GC (Allocation Failure) [PSYoungGen: 22092732K->1054295K(22609920K)] 22326211K->1287774K(25755648K), 0.1589573 secs] [Times: user=5.62 sys=0.00, real=0.16 secs] 
494.237: [GC (Allocation Failure) [PSYoungGen: 22156887K->1031367K(22609920K)] 22390366K->1264846K(25755648K), 0.1535678 secs] [Times: user=5.42 sys=0.00, real=0.16 secs] 
497.338: [GC (Allocation Failure) [PSYoungGen: 22133959K->1051342K(22609920K)] 22367438K->1284821K(25755648K), 0.1566612 secs] [Times: user=5.54 sys=0.00, real=0.16 secs] 
500.487: [GC (Allocation Failure) [PSYoungGen: 22153934K->1053560K(22609920K)] 22387413K->1287039K(25755648K), 0.1571056 secs] [Times: user=5.56 sys=0.00, real=0.16 secs] 
503.646: [GC (Allocation Failure) [PSYoungGen: 22156152K->1053920K(22609920K)] 22389631K->1287399K(25755648K), 0.1592776 secs] [Times: user=5.57 sys=0.00, real=0.16 secs] 
506.770: [GC (Allocation Failure) [PSYoungGen: 22156512K->1045873K(22609920K)] 22389991K->1279352K(25755648K), 0.1583207 secs] [Times: user=5.51 sys=0.00, real=0.15 secs] 
509.753: [GC (Allocation Failure) [PSYoungGen: 22148465K->745943K(22609920K)] 22381944K->1337480K(25755648K), 0.1708104 secs] [Times: user=6.00 sys=0.01, real=0.17 secs] 
512.809: [GC (Allocation Failure) [PSYoungGen: 21848535K->766340K(22609920K)] 22440072K->1359380K(25755648K), 0.1359794 secs] [Times: user=4.81 sys=0.00, real=0.14 secs] 
515.887: [GC (Allocation Failure) [PSYoungGen: 21868932K->713864K(22609920K)] 22461972K->1308065K(25755648K), 0.1279691 secs] [Times: user=4.51 sys=0.00, real=0.13 secs] 
519.027: [GC (Allocation Failure) [PSYoungGen: 21816456K->667818K(22609920K)] 22410657K->1262939K(25755648K), 0.1198319 secs] [Times: user=4.22 sys=0.00, real=0.12 secs] 
522.062: [GC (Allocation Failure) [PSYoungGen: 21770410K->650149K(22609920K)] 22365531K->1246838K(25755648K), 0.1176840 secs] [Times: user=4.12 sys=0.01, real=0.12 secs] 
525.154: [GC (Allocation Failure) [PSYoungGen: 21752741K->657285K(22609920K)] 22349430K->1254734K(25755648K), 0.1186673 secs] [Times: user=4.19 sys=0.00, real=0.12 secs] 
528.270: [GC (Allocation Failure) [PSYoungGen: 21759877K->710335K(22609920K)] 22357326K->1308520K(25755648K), 0.1269021 secs] [Times: user=4.47 sys=0.00, real=0.13 secs] 
531.329: [GC (Allocation Failure) [PSYoungGen: 21812927K->692806K(22609920K)] 22411112K->1291759K(25755648K), 0.1237199 secs] [Times: user=4.37 sys=0.00, real=0.12 secs] 
534.468: [GC (Allocation Failure) [PSYoungGen: 21795398K->682917K(22609920K)] 22394351K->1282718K(25755648K), 0.1233443 secs] [Times: user=4.34 sys=0.00, real=0.12 secs] 
537.583: [GC (Allocation Failure) [PSYoungGen: 21785509K->634101K(22609920K)] 22385310K->1234854K(25755648K), 0.1149120 secs] [Times: user=4.05 sys=0.00, real=0.12 secs] 
540.677: [GC (Allocation Failure) [PSYoungGen: 21736693K->725504K(22609920K)] 22337446K->1327121K(25755648K), 0.1288567 secs] [Times: user=4.54 sys=0.00, real=0.13 secs] 
543.761: [GC (Allocation Failure) [PSYoungGen: 21828096K->696253K(22609920K)] 22429713K->1298566K(25755648K), 0.1252547 secs] [Times: user=4.41 sys=0.00, real=0.13 secs] 
546.808: [GC (Allocation Failure) [PSYoungGen: 21798845K->701049K(22609920K)] 22401158K->1304083K(25755648K), 0.1265800 secs] [Times: user=4.40 sys=0.00, real=0.12 secs] 
549.886: [GC (Allocation Failure) [PSYoungGen: 21803641K->686581K(22609920K)] 22406675K->1290486K(25755648K), 0.1246237 secs] [Times: user=4.38 sys=0.00, real=0.13 secs] 
552.975: [GC (Allocation Failure) [PSYoungGen: 21789173K->750698K(22609920K)] 22393078K->1355547K(25755648K), 0.1343085 secs] [Times: user=4.74 sys=0.01, real=0.14 secs] 
556.053: [GC (Allocation Failure) [PSYoungGen: 21853290K->704264K(22609920K)] 22458139K->1310178K(25755648K), 0.1269677 secs] [Times: user=4.48 sys=0.00, real=0.13 secs] 
559.138: [GC (Allocation Failure) [PSYoungGen: 21806856K->714456K(22609920K)] 22412770K->1321458K(25755648K), 0.1286391 secs] [Times: user=4.55 sys=0.00, real=0.12 secs] 
562.211: [GC (Allocation Failure) [PSYoungGen: 21817048K->729585K(22609920K)] 22424050K->1337683K(25755648K), 0.1309446 secs] [Times: user=4.62 sys=0.00, real=0.13 secs] 
565.263: [GC (Allocation Failure) [PSYoungGen: 21832177K->689519K(22609920K)] 22440275K->1298625K(25755648K), 0.1268717 secs] [Times: user=4.47 sys=0.01, real=0.13 secs] 
568.341: [GC (Allocation Failure) [PSYoungGen: 21792111K->773810K(22609920K)] 22401217K->1383940K(25755648K), 0.1375687 secs] [Times: user=4.87 sys=0.01, real=0.13 secs] 
571.410: [GC (Allocation Failure) [PSYoungGen: 21876402K->758895K(22609920K)] 22486532K->1370033K(25755648K), 0.1363827 secs] [Times: user=4.80 sys=0.00, real=0.13 secs] 
574.449: [GC (Allocation Failure) [PSYoungGen: 21861487K->718054K(22609920K)] 22472625K->1330088K(25755648K), 0.1334395 secs] [Times: user=4.50 sys=0.00, real=0.14 secs] 
577.529: [GC (Allocation Failure) [PSYoungGen: 21820646K->774101K(22609920K)] 22432680K->1387031K(25755648K), 0.1395589 secs] [Times: user=4.87 sys=0.00, real=0.14 secs] 
580.635: [GC (Allocation Failure) [PSYoungGen: 21876693K->767813K(22609920K)] 22489623K->1381631K(25755648K), 0.1378458 secs] [Times: user=4.84 sys=0.01, real=0.14 secs] 
583.664: [GC (Allocation Failure) [PSYoungGen: 21870405K->753935K(22609920K)] 22484223K->1368689K(25755648K), 0.1343356 secs] [Times: user=4.73 sys=0.00, real=0.13 secs] 
586.694: [GC (Allocation Failure) [PSYoungGen: 21856527K->744513K(22609920K)] 22471281K->1360091K(25755648K), 0.1333085 secs] [Times: user=4.72 sys=0.00, real=0.13 secs] 
589.782: [GC (Allocation Failure) [PSYoungGen: 21847105K->731195K(22609920K)] 22462683K->1347573K(25755648K), 0.1317385 secs] [Times: user=4.65 sys=0.00, real=0.14 secs] 
592.784: [GC (Allocation Failure) [PSYoungGen: 21833787K->717818K(22609920K)] 22450165K->1335020K(25755648K), 0.1288016 secs] [Times: user=4.55 sys=0.00, real=0.13 secs] 
595.873: [GC (Allocation Failure) [PSYoungGen: 21820410K->740918K(22609920K)] 22437612K->1358921K(25755648K), 0.1341025 secs] [Times: user=4.74 sys=0.00, real=0.14 secs] 
598.919: [GC (Allocation Failure) [PSYoungGen: 21843510K->758950K(22609920K)] 22461513K->1377712K(25755648K), 0.1354481 secs] [Times: user=4.79 sys=0.00, real=0.14 secs] 
601.938: [GC (Allocation Failure) [PSYoungGen: 21861542K->832814K(22609920K)] 22480304K->1452336K(25755648K), 0.1482530 secs] [Times: user=5.20 sys=0.01, real=0.15 secs] 
605.006: [GC (Allocation Failure) [PSYoungGen: 21935406K->757006K(22609920K)] 22554928K->1377256K(25755648K), 0.1363005 secs] [Times: user=4.75 sys=0.00, real=0.13 secs] 
608.130: [GC (Allocation Failure) [PSYoungGen: 21859598K->828179K(22609920K)] 22479848K->1449165K(25755648K), 0.1494920 secs] [Times: user=5.19 sys=0.00, real=0.15 secs] 
611.181: [GC (Allocation Failure) [PSYoungGen: 21930771K->791036K(22609920K)] 22551757K->1412726K(25755648K), 0.1419068 secs] [Times: user=5.01 sys=0.00, real=0.14 secs] 
614.283: [GC (Allocation Failure) [PSYoungGen: 21893628K->804311K(22609920K)] 22515318K->1427009K(25755648K), 0.1434634 secs] [Times: user=5.04 sys=0.00, real=0.14 secs] 
617.350: [GC (Allocation Failure) [PSYoungGen: 21906903K->838002K(22609920K)] 22529601K->1461372K(25755648K), 0.1489354 secs] [Times: user=5.21 sys=0.00, real=0.15 secs] 
620.428: [GC (Allocation Failure) [PSYoungGen: 21940594K->894607K(22609920K)] 22563964K->1518665K(25755648K), 0.1556287 secs] [Times: user=5.52 sys=0.00, real=0.15 secs] 
623.561: [GC (Allocation Failure) [PSYoungGen: 21997199K->787525K(22609920K)] 22621257K->1412255K(25755648K), 0.1406940 secs] [Times: user=4.98 sys=0.01, real=0.14 secs] 
626.693: [GC (Allocation Failure) [PSYoungGen: 21890117K->739154K(22609920K)] 22514847K->1364540K(25755648K), 0.1323016 secs] [Times: user=4.68 sys=0.00, real=0.13 secs] 
629.723: [GC (Allocation Failure) [PSYoungGen: 21841746K->739504K(22609920K)] 22467132K->1365642K(25755648K), 0.1334657 secs] [Times: user=4.72 sys=0.00, real=0.13 secs] 
632.736: [GC (Allocation Failure) [PSYoungGen: 21842096K->898778K(22609920K)] 22468234K->1525564K(25755648K), 0.1528882 secs] [Times: user=5.41 sys=0.00, real=0.15 secs] 
635.799: [GC (Allocation Failure) [PSYoungGen: 22001370K->719281K(22609920K)] 22628156K->1346787K(25755648K), 0.1295452 secs] [Times: user=4.54 sys=0.00, real=0.13 secs] 
638.860: [GC (Allocation Failure) [PSYoungGen: 21821873K->804355K(22609920K)] 22449379K->1432509K(25755648K), 0.1431702 secs] [Times: user=5.07 sys=0.00, real=0.15 secs] 
641.942: [GC (Allocation Failure) [PSYoungGen: 21906947K->714972K(22609920K)] 22535101K->1343903K(25755648K), 0.1292761 secs] [Times: user=4.56 sys=0.00, real=0.13 secs] 
644.943: [GC (Allocation Failure) [PSYoungGen: 21817564K->824602K(22609920K)] 22446495K->1454148K(25755648K), 0.1457444 secs] [Times: user=5.17 sys=0.00, real=0.14 secs] 
648.006: [GC (Allocation Failure) [PSYoungGen: 21927194K->779398K(22609920K)] 22556740K->1409536K(25755648K), 0.1412026 secs] [Times: user=4.83 sys=0.00, real=0.14 secs] 
651.091: [GC (Allocation Failure) [PSYoungGen: 21881990K->766527K(22609920K)] 22512128K->1397257K(25755648K), 0.1374228 secs] [Times: user=4.82 sys=0.00, real=0.14 secs] 
654.128: [GC (Allocation Failure) [PSYoungGen: 21869119K->815773K(22609920K)] 22499849K->1447120K(25755648K), 0.1435863 secs] [Times: user=5.09 sys=0.00, real=0.14 secs] 
657.178: [GC (Allocation Failure) [PSYoungGen: 21918365K->766304K(22609920K)] 22549712K->1398242K(25755648K), 0.1370747 secs] [Times: user=4.86 sys=0.00, real=0.14 secs] 
660.211: [GC (Allocation Failure) [PSYoungGen: 21868896K->767233K(22609920K)] 22500834K->1399660K(25755648K), 0.1376580 secs] [Times: user=4.83 sys=0.00, real=0.14 secs] 
663.316: [GC (Allocation Failure) [PSYoungGen: 21869825K->902079K(22609920K)] 22502252K->1535018K(25755648K), 0.1597330 secs] [Times: user=5.57 sys=0.00, real=0.16 secs] 
665.371: [GC (System.gc()) [PSYoungGen: 13019576K->654148K(22609920K)] 13652514K->1287711K(25755648K), 0.1225984 secs] [Times: user=4.27 sys=0.00, real=0.13 secs] 
665.494: [Full GC (System.gc()) [PSYoungGen: 654148K->0K(22609920K)] [ParOldGen: 633562K->234105K(3145728K)] 1287711K->234105K(25755648K), [Metaspace: 22364K->22364K(1069056K)], 0.1064121 secs] [Times: user=2.50 sys=0.01, real=0.10 secs] 
686.178: [GC (Allocation Failure) [PSYoungGen: 21102592K->963274K(22609920K)] 21336697K->1197388K(25755648K), 0.1582668 secs] [Times: user=5.53 sys=0.00, real=0.15 secs] 
692.719: [GC (Allocation Failure) [PSYoungGen: 22065866K->999919K(22609920K)] 22299980K->1234032K(25755648K), 0.1498123 secs] [Times: user=5.24 sys=0.01, real=0.15 secs] 
698.012: [GC (Allocation Failure) [PSYoungGen: 22102511K->965508K(22609920K)] 22336624K->1199621K(25755648K), 0.1439749 secs] [Times: user=5.08 sys=0.00, real=0.14 secs] 
702.444: [GC (Allocation Failure) [PSYoungGen: 22068100K->1014774K(22609920K)] 22302213K->1248888K(25755648K), 0.1511544 secs] [Times: user=5.35 sys=0.01, real=0.15 secs] 
706.453: [GC (Allocation Failure) [PSYoungGen: 22117366K->1007694K(22609920K)] 22351480K->1241808K(25755648K), 0.1503413 secs] [Times: user=5.31 sys=0.00, real=0.15 secs] 
710.101: [GC (Allocation Failure) [PSYoungGen: 22110286K->973391K(22609920K)] 22344400K->1207505K(25755648K), 0.1443478 secs] [Times: user=5.09 sys=0.01, real=0.14 secs] 
713.343: [GC (Allocation Failure) [PSYoungGen: 22075983K->999907K(22609920K)] 22310097K->1234020K(25755648K), 0.1485303 secs] [Times: user=5.23 sys=0.00, real=0.14 secs] 
716.594: [GC (Allocation Failure) [PSYoungGen: 22102499K->1058135K(22609920K)] 22336612K->1292249K(25755648K), 0.1586811 secs] [Times: user=5.61 sys=0.00, real=0.16 secs] 
719.795: [GC (Allocation Failure) [PSYoungGen: 22160727K->1064000K(22609920K)] 22394841K->1298113K(25755648K), 0.1591830 secs] [Times: user=5.63 sys=0.00, real=0.16 secs] 
722.914: [GC (Allocation Failure) [PSYoungGen: 22166592K->1106885K(22609920K)] 22400705K->1340998K(25755648K), 0.1663886 secs] [Times: user=5.90 sys=0.01, real=0.16 secs] 
726.112: [GC (Allocation Failure) [PSYoungGen: 22209477K->1091679K(22609920K)] 22443590K->1325793K(25755648K), 0.1647925 secs] [Times: user=5.84 sys=0.00, real=0.17 secs] 
729.290: [GC (Allocation Failure) [PSYoungGen: 22194271K->1142226K(22609920K)] 22428385K->1376340K(25755648K), 0.1736712 secs] [Times: user=6.03 sys=0.00, real=0.18 secs] 
732.397: [GC (Allocation Failure) [PSYoungGen: 22244818K->1103175K(22609920K)] 22478932K->1337289K(25755648K), 0.1657067 secs] [Times: user=5.87 sys=0.00, real=0.16 secs] 
735.445: [GC (Allocation Failure) [PSYoungGen: 22205767K->1103391K(22609920K)] 22439881K->1337505K(25755648K), 0.1657788 secs] [Times: user=5.82 sys=0.00, real=0.17 secs] 
738.606: [GC (Allocation Failure) [PSYoungGen: 22205983K->1148417K(22609920K)] 22440097K->1382530K(25755648K), 0.1749435 secs] [Times: user=6.18 sys=0.00, real=0.17 secs] 
741.687: [GC (Allocation Failure) [PSYoungGen: 22251009K->802766K(22609920K)] 22485122K->1395064K(25755648K), 0.1836571 secs] [Times: user=6.44 sys=0.01, real=0.18 secs] 
744.772: [GC (Allocation Failure) [PSYoungGen: 21905358K->778949K(22609920K)] 22497656K->1372768K(25755648K), 0.1394278 secs] [Times: user=4.86 sys=0.00, real=0.14 secs] 
747.063: [GC (System.gc()) [PSYoungGen: 13913404K->737717K(22609920K)] 14507223K->1332768K(25755648K), 0.1285333 secs] [Times: user=4.55 sys=0.01, real=0.13 secs] 
747.192: [Full GC (System.gc()) [PSYoungGen: 737717K->0K(22609920K)] [ParOldGen: 595051K->233936K(3145728K)] 1332768K->233936K(25755648K), [Metaspace: 22405K->22405K(1069056K)], 0.1521843 secs] [Times: user=4.15 sys=0.01, real=0.15 secs] 
753.722: [GC (System.gc()) [PSYoungGen: 3407937K->608K(22609920K)] 3641874K->234544K(25755648K), 0.0079606 secs] [Times: user=0.09 sys=0.00, real=0.01 secs] 
753.731: [Full GC (System.gc()) [PSYoungGen: 608K->0K(22609920K)] [ParOldGen: 233936K->228277K(3145728K)] 234544K->228277K(25755648K), [Metaspace: 22420K->22420K(1069056K)], 0.2076042 secs] [Times: user=5.90 sys=0.04, real=0.21 secs] 
778.287: [GC (Allocation Failure) [PSYoungGen: 21102592K->948515K(22609920K)] 21330869K->1176800K(25755648K), 0.1536429 secs] [Times: user=5.44 sys=0.01, real=0.15 secs] 
800.422: [GC (Allocation Failure) [PSYoungGen: 22051107K->924622K(22609920K)] 22279392K->1152916K(25755648K), 0.1380225 secs] [Times: user=4.84 sys=0.01, real=0.14 secs] 
822.537: [GC (Allocation Failure) [PSYoungGen: 22027214K->923679K(22609920K)] 22255508K->1151972K(25755648K), 0.1397310 secs] [Times: user=4.93 sys=0.00, real=0.14 secs] 
844.584: [GC (Allocation Failure) [PSYoungGen: 22026271K->924149K(22609920K)] 22254564K->1152442K(25755648K), 0.1424691 secs] [Times: user=4.85 sys=0.01, real=0.14 secs] 
866.661: [GC (Allocation Failure) [PSYoungGen: 22026741K->930189K(22609920K)] 22255034K->1158482K(25755648K), 0.1401800 secs] [Times: user=4.93 sys=0.00, real=0.14 secs] 
888.697: [GC (Allocation Failure) [PSYoungGen: 22032781K->922022K(22609920K)] 22261074K->1150315K(25755648K), 0.1399130 secs] [Times: user=4.91 sys=0.00, real=0.14 secs] 
910.782: [GC (Allocation Failure) [PSYoungGen: 22024614K->919413K(22609920K)] 22252907K->1147706K(25755648K), 0.1397513 secs] [Times: user=4.91 sys=0.00, real=0.14 secs] 
932.737: [GC (Allocation Failure) [PSYoungGen: 22022005K->923285K(22609920K)] 22250298K->1151579K(25755648K), 0.1416618 secs] [Times: user=4.95 sys=0.00, real=0.14 secs] 
1108.837: [GC (Allocation Failure) [PSYoungGen: 22025877K->913582K(22609920K)] 22254171K->1141875K(25755648K), 0.1475448 secs] [Times: user=4.93 sys=0.00, real=0.15 secs] 
1192.163: [GC (Allocation Failure) [PSYoungGen: 22016174K->914798K(22609920K)] 22244467K->1143092K(25755648K), 0.1393967 secs] [Times: user=4.91 sys=0.00, real=0.14 secs] 
1250.172: [GC (Allocation Failure) [PSYoungGen: 22017390K->916149K(22609920K)] 22245684K->1144442K(25755648K), 0.1398006 secs] [Times: user=4.91 sys=0.00, real=0.14 secs] 
1297.854: [GC (Allocation Failure) [PSYoungGen: 22018741K->917206K(22609920K)] 22247034K->1145500K(25755648K), 0.1426222 secs] [Times: user=4.87 sys=0.00, real=0.14 secs] 
1340.276: [GC (Allocation Failure) [PSYoungGen: 22019798K->924939K(22609920K)] 22248092K->1153232K(25755648K), 0.1421232 secs] [Times: user=4.95 sys=0.00, real=0.15 secs] 
1376.938: [GC (Allocation Failure) [PSYoungGen: 22027531K->918663K(22609920K)] 22255824K->1146956K(25755648K), 0.1388191 secs] [Times: user=4.89 sys=0.00, real=0.14 secs] 
1411.264: [GC (Allocation Failure) [PSYoungGen: 22021255K->920839K(22609920K)] 22249548K->1149132K(25755648K), 0.1384117 secs] [Times: user=4.77 sys=0.00, real=0.14 secs] 
1442.638: [GC (Allocation Failure) [PSYoungGen: 22023431K->559397K(22609920K)] 22251724K->1148612K(25755648K), 0.1458540 secs] [Times: user=5.06 sys=0.00, real=0.15 secs] 
1472.728: [GC (Allocation Failure) [PSYoungGen: 21661989K->561541K(22609920K)] 22251204K->1152469K(25755648K), 0.1052963 secs] [Times: user=3.69 sys=0.00, real=0.10 secs] 
1500.170: [GC (Allocation Failure) [PSYoungGen: 21664133K->560517K(22609920K)] 22255061K->1152581K(25755648K), 0.1081645 secs] [Times: user=3.80 sys=0.01, real=0.11 secs] 
1527.601: [GC (Allocation Failure) [PSYoungGen: 21663109K->570122K(22609920K)] 22255173K->1162826K(25755648K), 0.1049804 secs] [Times: user=3.69 sys=0.00, real=0.11 secs] 
1552.031: [GC (Allocation Failure) [PSYoungGen: 21672714K->565493K(22609920K)] 22265418K->1158757K(25755648K), 0.1062773 secs] [Times: user=3.73 sys=0.00, real=0.10 secs] 
1576.412: [GC (Allocation Failure) [PSYoungGen: 21668085K->561893K(22609920K)] 22261349K->1156469K(25755648K), 0.1087213 secs] [Times: user=3.77 sys=0.00, real=0.11 secs] 
1599.982: [GC (Allocation Failure) [PSYoungGen: 21664485K->559765K(22609920K)] 22259061K->1154781K(25755648K), 0.1057263 secs] [Times: user=3.65 sys=0.00, real=0.11 secs] 
1621.910: [GC (Allocation Failure) [PSYoungGen: 21662357K->559733K(22609920K)] 22257373K->1155205K(25755648K), 0.1093363 secs] [Times: user=3.79 sys=0.00, real=0.11 secs] 
1643.877: [GC (Allocation Failure) [PSYoungGen: 21662325K->565161K(22609920K)] 22257797K->1161634K(25755648K), 0.1085618 secs] [Times: user=3.74 sys=0.00, real=0.11 secs] 
1665.020: [GC (Allocation Failure) [PSYoungGen: 21667753K->559828K(22609920K)] 22264226K->1156717K(25755648K), 0.1082308 secs] [Times: user=3.77 sys=0.00, real=0.11 secs] 
1684.961: [GC (Allocation Failure) [PSYoungGen: 21662420K->566873K(22609920K)] 22259309K->1164161K(25755648K), 0.1051590 secs] [Times: user=3.70 sys=0.00, real=0.10 secs] 
1704.942: [GC (Allocation Failure) [PSYoungGen: 21669465K->560628K(22609920K)] 22266753K->1158301K(25755648K), 0.1065529 secs] [Times: user=3.74 sys=0.01, real=0.10 secs] 
1724.675: [GC (Allocation Failure) [PSYoungGen: 21663220K->561972K(22609920K)] 22260893K->1160037K(25755648K), 0.1045555 secs] [Times: user=3.68 sys=0.00, real=0.11 secs] 
1742.963: [GC (Allocation Failure) [PSYoungGen: 21664564K->563289K(22609920K)] 22262629K->1162122K(25755648K), 0.1088078 secs] [Times: user=3.81 sys=0.00, real=0.11 secs] 
1761.212: [GC (Allocation Failure) [PSYoungGen: 21665881K->563652K(22609920K)] 22264714K->1162869K(25755648K), 0.1073009 secs] [Times: user=3.76 sys=0.00, real=0.10 secs] 
1779.539: [GC (Allocation Failure) [PSYoungGen: 21666244K->572170K(22609920K)] 22265461K->1171803K(25755648K), 0.1110556 secs] [Times: user=3.80 sys=0.00, real=0.11 secs] 
1797.024: [GC (Allocation Failure) [PSYoungGen: 21674762K->562356K(22609920K)] 22274395K->1162405K(25755648K), 0.1049032 secs] [Times: user=3.69 sys=0.00, real=0.11 secs] 
1813.873: [GC (Allocation Failure) [PSYoungGen: 21664948K->560996K(22609920K)] 22264997K->1161437K(25755648K), 0.1095719 secs] [Times: user=3.81 sys=0.00, real=0.11 secs] 
1830.712: [GC (Allocation Failure) [PSYoungGen: 21663588K->559620K(22609920K)] 22264029K->1160477K(25755648K), 0.1073408 secs] [Times: user=3.60 sys=0.00, real=0.10 secs] 
1847.585: [GC (Allocation Failure) [PSYoungGen: 21662212K->577076K(22609920K)] 22263069K->1178318K(25755648K), 0.1061075 secs] [Times: user=3.73 sys=0.00, real=0.10 secs] 
1863.666: [GC (Allocation Failure) [PSYoungGen: 21679668K->570900K(22609920K)] 22280910K->1172518K(25755648K), 0.1088264 secs] [Times: user=3.81 sys=0.00, real=0.11 secs] 
1879.483: [GC (Allocation Failure) [PSYoungGen: 21673492K->573814K(22609920K)] 22275110K->1175831K(25755648K), 0.1059803 secs] [Times: user=3.70 sys=0.00, real=0.11 secs] 
1895.310: [GC (Allocation Failure) [PSYoungGen: 21676406K->572233K(22609920K)] 22278423K->1174674K(25755648K), 0.1048755 secs] [Times: user=3.70 sys=0.00, real=0.11 secs] 
1911.026: [GC (Allocation Failure) [PSYoungGen: 21674825K->564420K(22609920K)] 22277266K->1167246K(25755648K), 0.1086519 secs] [Times: user=3.82 sys=0.00, real=0.11 secs] 
1926.173: [GC (Allocation Failure) [PSYoungGen: 21667012K->570180K(22609920K)] 22269838K->1173406K(25755648K), 0.1073570 secs] [Times: user=3.74 sys=0.00, real=0.11 secs] 
1941.014: [GC (Allocation Failure) [PSYoungGen: 21672772K->590119K(22609920K)] 22275998K->1193744K(25755648K), 0.1105280 secs] [Times: user=3.74 sys=0.00, real=0.11 secs] 
1955.921: [GC (Allocation Failure) [PSYoungGen: 21692711K->563908K(22609920K)] 22296336K->1167918K(25755648K), 0.1081939 secs] [Times: user=3.77 sys=0.00, real=0.10 secs] 
1970.713: [GC (Allocation Failure) [PSYoungGen: 21666500K->561732K(22609920K)] 22270510K->1166134K(25755648K), 0.1085117 secs] [Times: user=3.67 sys=0.00, real=0.10 secs] 
1985.350: [GC (Allocation Failure) [PSYoungGen: 21664324K->574276K(22609920K)] 22268726K->1179102K(25755648K), 0.1070537 secs] [Times: user=3.77 sys=0.00, real=0.11 secs] 
1999.266: [GC (Allocation Failure) [PSYoungGen: 21676868K->575268K(22609920K)] 22281694K->1180486K(25755648K), 0.1099127 secs] [Times: user=3.87 sys=0.00, real=0.11 secs] 
2013.298: [GC (Allocation Failure) [PSYoungGen: 21677860K->575322K(22609920K)] 22283078K->1180979K(25755648K), 0.1091531 secs] [Times: user=3.84 sys=0.00, real=0.11 secs] 
2027.363: [GC (Allocation Failure) [PSYoungGen: 21677914K->578585K(22609920K)] 22283571K->1184642K(25755648K), 0.1077419 secs] [Times: user=3.77 sys=0.00, real=0.11 secs] 
2041.465: [GC (Allocation Failure) [PSYoungGen: 21681177K->575716K(22609920K)] 22287234K->1182182K(25755648K), 0.1063405 secs] [Times: user=3.73 sys=0.00, real=0.10 secs] 
2055.026: [GC (Allocation Failure) [PSYoungGen: 21678308K->569124K(22609920K)] 22284774K->1175974K(25755648K), 0.1096753 secs] [Times: user=3.75 sys=0.01, real=0.10 secs] 
2068.304: [GC (Allocation Failure) [PSYoungGen: 21671716K->569732K(22609920K)] 22278566K->1176966K(25755648K), 0.1093191 secs] [Times: user=3.85 sys=0.00, real=0.11 secs] 
2081.629: [GC (Allocation Failure) [PSYoungGen: 21672324K->563044K(22609920K)] 22279558K->1170702K(25755648K), 0.1039752 secs] [Times: user=3.66 sys=0.00, real=0.11 secs] 
2094.818: [GC (Allocation Failure) [PSYoungGen: 21665636K->566457K(22609920K)] 22273294K->1174554K(25755648K), 0.1083626 secs] [Times: user=3.79 sys=0.00, real=0.11 secs] 
2108.203: [GC (Allocation Failure) [PSYoungGen: 21669049K->571684K(22609920K)] 22277146K->1180206K(25755648K), 0.1096544 secs] [Times: user=3.87 sys=0.00, real=0.11 secs] 
2121.121: [GC (Allocation Failure) [PSYoungGen: 21674276K->573524K(22609920K)] 22282798K->1182462K(25755648K), 0.1078252 secs] [Times: user=3.79 sys=0.00, real=0.11 secs] 
2133.742: [GC (Allocation Failure) [PSYoungGen: 21676116K->569668K(22609920K)] 22285054K->1179006K(25755648K), 0.1079584 secs] [Times: user=3.78 sys=0.00, real=0.11 secs] 
2146.562: [GC (Allocation Failure) [PSYoungGen: 21672260K->586841K(22609920K)] 22281598K->1196570K(25755648K), 0.1107764 secs] [Times: user=3.89 sys=0.01, real=0.11 secs] 
2159.222: [GC (Allocation Failure) [PSYoungGen: 21689433K->569668K(22609920K)] 22299162K->1179790K(25755648K), 0.1097249 secs] [Times: user=3.85 sys=0.01, real=0.11 secs] 
2171.853: [GC (Allocation Failure) [PSYoungGen: 21672260K->576900K(22609920K)] 22282382K->1187446K(25755648K), 0.1085452 secs] [Times: user=3.69 sys=0.00, real=0.10 secs] 
2184.389: [GC (Allocation Failure) [PSYoungGen: 21679492K->578932K(22609920K)] 22290038K->1189870K(25755648K), 0.1081974 secs] [Times: user=3.78 sys=0.01, real=0.11 secs] 
2196.562: [GC (Allocation Failure) [PSYoungGen: 21681524K->586809K(22609920K)] 22292462K->1198195K(25755648K), 0.1104246 secs] [Times: user=3.79 sys=0.00, real=0.11 secs] 
2208.665: [GC (Allocation Failure) [PSYoungGen: 21689401K->564100K(22609920K)] 22300787K->1175878K(25755648K), 0.1066274 secs] [Times: user=3.66 sys=0.00, real=0.11 secs] 
2220.793: [GC (Allocation Failure) [PSYoungGen: 21666692K->565892K(22609920K)] 22278470K->1178070K(25755648K), 0.1068584 secs] [Times: user=3.65 sys=0.01, real=0.10 secs] 
2233.025: [GC (Allocation Failure) [PSYoungGen: 21668484K->576548K(22609920K)] 22280662K->1189142K(25755648K), 0.1061102 secs] [Times: user=3.73 sys=0.00, real=0.10 secs] 
2244.880: [GC (Allocation Failure) [PSYoungGen: 21679140K->579616K(22609920K)] 22291734K->1192625K(25755648K), 0.1099076 secs] [Times: user=3.87 sys=0.00, real=0.11 secs] 
2256.783: [GC (Allocation Failure) [PSYoungGen: 21682208K->565732K(22609920K)] 22295217K->1179190K(25755648K), 0.1055779 secs] [Times: user=3.63 sys=0.00, real=0.11 secs] 
2268.229: [GC (Allocation Failure) [PSYoungGen: 21668324K->576260K(22609920K)] 22281782K->1190118K(25755648K), 0.1067732 secs] [Times: user=3.75 sys=0.00, real=0.10 secs] 
2279.783: [GC (Allocation Failure) [PSYoungGen: 21678852K->566068K(22609920K)] 22292710K->1180302K(25755648K), 0.1062053 secs] [Times: user=3.71 sys=0.00, real=0.10 secs] 
2291.416: [GC (Allocation Failure) [PSYoungGen: 21668660K->580233K(22609920K)] 22282894K->1194834K(25755648K), 0.1072025 secs] [Times: user=3.73 sys=0.00, real=0.11 secs] 
2302.821: [GC (Allocation Failure) [PSYoungGen: 21682825K->584794K(22609920K)] 22297426K->1199787K(25755648K), 0.1130976 secs] [Times: user=3.92 sys=0.00, real=0.12 secs] 
2314.302: [GC (Allocation Failure) [PSYoungGen: 21687386K->587897K(22609920K)] 22302379K->1203307K(25755648K), 0.1088717 secs] [Times: user=3.80 sys=0.00, real=0.11 secs] 
2325.787: [GC (Allocation Failure) [PSYoungGen: 21690489K->570980K(22609920K)] 22305899K->1186782K(25755648K), 0.1079329 secs] [Times: user=3.79 sys=0.00, real=0.10 secs] 
2336.884: [GC (Allocation Failure) [PSYoungGen: 21673572K->580212K(22609920K)] 22289374K->1196422K(25755648K), 0.1084952 secs] [Times: user=3.80 sys=0.01, real=0.11 secs] 
2347.960: [GC (Allocation Failure) [PSYoungGen: 21682804K->579290K(22609920K)] 22299014K->1195883K(25755648K), 0.1070235 secs] [Times: user=3.77 sys=0.00, real=0.10 secs] 
2359.037: [GC (Allocation Failure) [PSYoungGen: 21681882K->570436K(22609920K)] 22298475K->1187422K(25755648K), 0.1091694 secs] [Times: user=3.83 sys=0.00, real=0.11 secs] 
2370.056: [GC (Allocation Failure) [PSYoungGen: 21673028K->573956K(22609920K)] 22290014K->1191318K(25755648K), 0.1051196 secs] [Times: user=3.70 sys=0.00, real=0.10 secs] 
2381.037: [GC (Allocation Failure) [PSYoungGen: 21676548K->583033K(22609920K)] 22293910K->1200843K(25755648K), 0.1105658 secs] [Times: user=3.87 sys=0.00, real=0.11 secs] 
2392.081: [GC (Allocation Failure) [PSYoungGen: 21685625K->576132K(22609920K)] 22303435K->1194326K(25755648K), 0.1088752 secs] [Times: user=3.83 sys=0.00, real=0.11 secs] 
2402.760: [GC (Allocation Failure) [PSYoungGen: 21678724K->576169K(22609920K)] 22296918K->1194739K(25755648K), 0.1105411 secs] [Times: user=3.89 sys=0.00, real=0.11 secs] 
2413.361: [GC (Allocation Failure) [PSYoungGen: 21678761K->599822K(22609920K)] 22297331K->1218767K(25755648K), 0.1108746 secs] [Times: user=3.90 sys=0.00, real=0.11 secs] 
2423.847: [GC (Allocation Failure) [PSYoungGen: 21702414K->571172K(22609920K)] 22321359K->1190526K(25755648K), 0.1051857 secs] [Times: user=3.69 sys=0.00, real=0.11 secs] 
2434.366: [GC (Allocation Failure) [PSYoungGen: 21673764K->581412K(22609920K)] 22293118K->1201190K(25755648K), 0.1079227 secs] [Times: user=3.79 sys=0.01, real=0.11 secs] 
2444.988: [GC (Allocation Failure) [PSYoungGen: 21684004K->571076K(22609920K)] 22303782K->1191246K(25755648K), 0.1063949 secs] [Times: user=3.70 sys=0.01, real=0.10 secs] 
2455.574: [GC (Allocation Failure) [PSYoungGen: 21673668K->598100K(22609920K)] 22293838K->1218670K(25755648K), 0.1119554 secs] [Times: user=3.79 sys=0.00, real=0.11 secs] 
2465.656: [GC (Allocation Failure) [PSYoungGen: 21700692K->564964K(22609920K)] 22321262K->1185974K(25755648K), 0.1100984 secs] [Times: user=3.67 sys=0.00, real=0.11 secs] 
2475.750: [GC (Allocation Failure) [PSYoungGen: 21667556K->576356K(22609920K)] 22288566K->1197734K(25755648K), 0.1071651 secs] [Times: user=3.78 sys=0.00, real=0.10 secs] 
2485.852: [GC (Allocation Failure) [PSYoungGen: 21678948K->573764K(22609920K)] 22300326K->1195526K(25755648K), 0.1100350 secs] [Times: user=3.72 sys=0.00, real=0.11 secs] 
2496.202: [GC (Allocation Failure) [PSYoungGen: 21676356K->591630K(22609920K)] 22298118K->1213807K(25755648K), 0.1121996 secs] [Times: user=3.80 sys=0.00, real=0.12 secs] 
2506.214: [GC (Allocation Failure) [PSYoungGen: 21694222K->586729K(22609920K)] 22316399K->1209275K(25755648K), 0.1138248 secs] [Times: user=3.86 sys=0.01, real=0.12 secs] 
2516.352: [GC (Allocation Failure) [PSYoungGen: 21689321K->577348K(22609920K)] 22311867K->1200294K(25755648K), 0.1065857 secs] [Times: user=3.75 sys=0.01, real=0.11 secs] 
2526.547: [GC (Allocation Failure) [PSYoungGen: 21679940K->579876K(22609920K)] 22302886K->1203230K(25755648K), 0.1076366 secs] [Times: user=3.74 sys=0.00, real=0.11 secs] 
2536.187: [GC (Allocation Failure) [PSYoungGen: 21682468K->579172K(22609920K)] 22305822K->1202894K(25755648K), 0.1105255 secs] [Times: user=3.88 sys=0.01, real=0.11 secs] 
2545.993: [GC (Allocation Failure) [PSYoungGen: 21681764K->573476K(22609920K)] 22305486K->1197582K(25755648K), 0.1081828 secs] [Times: user=3.77 sys=0.00, real=0.11 secs] 
2555.736: [GC (Allocation Failure) [PSYoungGen: 21676068K->567812K(22609920K)] 22300174K->1192286K(25755648K), 0.1065003 secs] [Times: user=3.67 sys=0.00, real=0.11 secs] 
2565.451: [GC (GCLocker Initiated GC) [PSYoungGen: 21670404K->581412K(22609920K)] 22294956K->1206332K(25755648K), 0.1097644 secs] [Times: user=3.86 sys=0.00, real=0.11 secs] 
2575.103: [GC (Allocation Failure) [PSYoungGen: 21684004K->575332K(22609920K)] 22308928K->1200616K(25755648K), 0.1069339 secs] [Times: user=3.76 sys=0.00, real=0.11 secs] 
2584.777: [GC (Allocation Failure) [PSYoungGen: 21677924K->570340K(22609920K)] 22303208K->1195992K(25755648K), 0.1061961 secs] [Times: user=3.73 sys=0.01, real=0.10 secs] 
2594.512: [GC (Allocation Failure) [PSYoungGen: 21672932K->601801K(22609920K)] 22298584K->1227829K(25755648K), 0.1099446 secs] [Times: user=3.86 sys=0.00, real=0.11 secs] 
2603.923: [GC (Allocation Failure) [PSYoungGen: 21704393K->573764K(22609920K)] 22330421K->1200144K(25755648K), 0.1074640 secs] [Times: user=3.77 sys=0.00, real=0.11 secs] 
2613.213: [GC (Allocation Failure) [PSYoungGen: 21676356K->583817K(22609920K)] 22302736K->1210653K(25755648K), 0.1118261 secs] [Times: user=3.95 sys=0.01, real=0.11 secs] 
2622.607: [GC (Allocation Failure) [PSYoungGen: 21686409K->573572K(22609920K)] 22313245K->1200776K(25755648K), 0.1056532 secs] [Times: user=3.73 sys=0.00, real=0.11 secs] 
2632.056: [GC (Allocation Failure) [PSYoungGen: 21676164K->581188K(22609920K)] 22303368K->1208792K(25755648K), 0.1069163 secs] [Times: user=3.73 sys=0.00, real=0.10 secs] 
2641.307: [GC (Allocation Failure) [PSYoungGen: 21683780K->608756K(22609920K)] 22311384K->1236728K(25755648K), 0.1115666 secs] [Times: user=3.92 sys=0.00, real=0.11 secs] 
2650.812: [GC (Allocation Failure) [PSYoungGen: 21711348K->571044K(22609920K)] 22339320K->1199392K(25755648K), 0.1075964 secs] [Times: user=3.80 sys=0.00, real=0.11 secs] 
2660.236: [GC (Allocation Failure) [PSYoungGen: 21673636K->593966K(22609920K)] 22301984K->1222706K(25755648K), 0.1135406 secs] [Times: user=3.96 sys=0.00, real=0.12 secs] 
2669.743: [GC (Allocation Failure) [PSYoungGen: 21696558K->574506K(22609920K)] 22325298K->1203638K(25755648K), 0.1071219 secs] [Times: user=3.73 sys=0.00, real=0.11 secs] 
2679.136: [GC (Allocation Failure) [PSYoungGen: 21677098K->575812K(22609920K)] 22306230K->1205336K(25755648K), 0.1074133 secs] [Times: user=3.78 sys=0.00, real=0.11 secs] 
2688.448: [GC (Allocation Failure) [PSYoungGen: 21678404K->617639K(22609920K)] 22307928K->1247587K(25755648K), 0.1145394 secs] [Times: user=4.00 sys=0.01, real=0.12 secs] 
2697.471: [GC (Allocation Failure) [PSYoungGen: 21720231K->594746K(22609920K)] 22350179K->1225086K(25755648K), 0.1135158 secs] [Times: user=3.96 sys=0.01, real=0.12 secs] 
2706.615: [GC (Allocation Failure) [PSYoungGen: 21697338K->578900K(22609920K)] 22327678K->1209760K(25755648K), 0.1066967 secs] [Times: user=3.76 sys=0.00, real=0.11 secs] 
2715.718: [GC (Allocation Failure) [PSYoungGen: 21681492K->583897K(22609920K)] 22312352K->1215204K(25755648K), 0.1129138 secs] [Times: user=3.77 sys=0.00, real=0.11 secs] 
2724.674: [GC (Allocation Failure) [PSYoungGen: 21686489K->569188K(22609920K)] 22317796K->1200856K(25755648K), 0.1061401 secs] [Times: user=3.73 sys=0.00, real=0.11 secs] 
2733.571: [GC (Allocation Failure) [PSYoungGen: 21671780K->597534K(22609920K)] 22303448K->1229570K(25755648K), 0.1118841 secs] [Times: user=3.90 sys=0.00, real=0.11 secs] 
2742.617: [GC (Allocation Failure) [PSYoungGen: 21700126K->570212K(22609920K)] 22332162K->1202632K(25755648K), 0.1075548 secs] [Times: user=3.71 sys=0.01, real=0.11 secs] 
2751.985: [GC (Allocation Failure) [PSYoungGen: 21672804K->591583K(22609920K)] 22305224K->1224387K(25755648K), 0.1109218 secs] [Times: user=3.79 sys=0.00, real=0.11 secs] 
2760.885: [GC (Allocation Failure) [PSYoungGen: 21694175K->592590K(22609920K)] 22326979K->1225794K(25755648K), 0.1088858 secs] [Times: user=3.83 sys=0.00, real=0.11 secs] 
2769.542: [GC (Allocation Failure) [PSYoungGen: 21695182K->588694K(22609920K)] 22328386K->1222250K(25755648K), 0.1083647 secs] [Times: user=3.81 sys=0.00, real=0.11 secs] 
2778.232: [GC (Allocation Failure) [PSYoungGen: 21691286K->591546K(22609920K)] 22324842K->1225462K(25755648K), 0.1122815 secs] [Times: user=3.93 sys=0.00, real=0.11 secs] 
2787.103: [GC (Allocation Failure) [PSYoungGen: 21694138K->585465K(22609920K)] 22328054K->1219765K(25755648K), 0.1094838 secs] [Times: user=3.86 sys=0.00, real=0.11 secs] 
2795.941: [GC (Allocation Failure) [PSYoungGen: 21688057K->593023K(22609920K)] 22322357K->1227699K(25755648K), 0.1123646 secs] [Times: user=3.78 sys=0.00, real=0.11 secs] 
2804.606: [GC (Allocation Failure) [PSYoungGen: 21695615K->592740K(22609920K)] 22330291K->1227776K(25755648K), 0.1095604 secs] [Times: user=3.85 sys=0.01, real=0.11 secs] 
2813.134: [GC (Allocation Failure) [PSYoungGen: 21695332K->592366K(22609920K)] 22330368K->1227754K(25755648K), 0.1093686 secs] [Times: user=3.85 sys=0.00, real=0.11 secs] 
2821.906: [GC (Allocation Failure) [PSYoungGen: 21694958K->578340K(22609920K)] 22330346K->1214088K(25755648K), 0.1061936 secs] [Times: user=3.74 sys=0.00, real=0.10 secs] 
2830.417: [GC (Allocation Failure) [PSYoungGen: 21680932K->590522K(22609920K)] 22316680K->1226637K(25755648K), 0.1128465 secs] [Times: user=3.98 sys=0.00, real=0.11 secs] 
2838.867: [GC (Allocation Failure) [PSYoungGen: 21693114K->596889K(22609920K)] 22329229K->1233397K(25755648K), 0.1125489 secs] [Times: user=3.96 sys=0.00, real=0.11 secs] 
2847.224: [GC (Allocation Failure) [PSYoungGen: 21699481K->589898K(22609920K)] 22335989K->1226782K(25755648K), 0.1127466 secs] [Times: user=3.92 sys=0.00, real=0.12 secs] 
2855.647: [GC (Allocation Failure) [PSYoungGen: 21692490K->593342K(22609920K)] 22329374K->1230594K(25755648K), 0.1097034 secs] [Times: user=3.81 sys=0.00, real=0.11 secs] 
2864.075: [GC (Allocation Failure) [PSYoungGen: 21695934K->589716K(22609920K)] 22333186K->1227320K(25755648K), 0.1085831 secs] [Times: user=3.81 sys=0.00, real=0.11 secs] 
2872.465: [GC (Allocation Failure) [PSYoungGen: 21692308K->592740K(22609920K)] 22329912K->1230712K(25755648K), 0.1087684 secs] [Times: user=3.82 sys=0.00, real=0.11 secs] 
2880.850: [GC (Allocation Failure) [PSYoungGen: 21695332K->590254K(22609920K)] 22333304K->1228586K(25755648K), 0.1089830 secs] [Times: user=3.82 sys=0.00, real=0.11 secs] 
2889.395: [GC (Allocation Failure) [PSYoungGen: 21692846K->596580K(22609920K)] 22331178K->1235272K(25755648K), 0.1103127 secs] [Times: user=3.86 sys=0.00, real=0.11 secs] 
2897.593: [GC (Allocation Failure) [PSYoungGen: 21699172K->601660K(22609920K)] 22337864K->1240728K(25755648K), 0.1117259 secs] [Times: user=3.90 sys=0.00, real=0.12 secs] 
2905.945: [GC (Allocation Failure) [PSYoungGen: 21704252K->581705K(22609920K)] 22343320K->1221173K(25755648K), 0.1116188 secs] [Times: user=3.88 sys=0.00, real=0.12 secs] 
2913.983: [GC (Allocation Failure) [PSYoungGen: 21684297K->577620K(22609920K)] 22323765K->1217448K(25755648K), 0.1070039 secs] [Times: user=3.77 sys=0.00, real=0.11 secs] 
2922.080: [GC (Allocation Failure) [PSYoungGen: 21680212K->582404K(22609920K)] 22320040K->1222592K(25755648K), 0.1115657 secs] [Times: user=3.74 sys=0.01, real=0.11 secs] 
2930.344: [GC (Allocation Failure) [PSYoungGen: 21684996K->590297K(22609920K)] 22325184K->1230877K(25755648K), 0.1129040 secs] [Times: user=3.81 sys=0.00, real=0.11 secs] 
2938.499: [GC (Allocation Failure) [PSYoungGen: 21692889K->593417K(22609920K)] 22333469K->1234381K(25755648K), 0.1126953 secs] [Times: user=3.96 sys=0.01, real=0.12 secs] 
2946.662: [GC (Allocation Failure) [PSYoungGen: 21696009K->574756K(22609920K)] 22336973K->1216096K(25755648K), 0.1086923 secs] [Times: user=3.83 sys=0.00, real=0.11 secs] 
2954.725: [GC (Allocation Failure) [PSYoungGen: 21677348K->580996K(22609920K)] 22318688K->1222704K(25755648K), 0.1077285 secs] [Times: user=3.79 sys=0.01, real=0.11 secs] 
2962.675: [GC (Allocation Failure) [PSYoungGen: 21683588K->570596K(22609920K)] 22325296K->1212688K(25755648K), 0.1071973 secs] [Times: user=3.77 sys=0.00, real=0.10 secs] 
2970.493: [GC (Allocation Failure) [PSYoungGen: 21673188K->596121K(22609920K)] 22315280K->1238597K(25755648K), 0.1100531 secs] [Times: user=3.85 sys=0.00, real=0.11 secs] 
2978.579: [GC (Allocation Failure) [PSYoungGen: 21698713K->607001K(22609920K)] 22341189K->1249845K(25755648K), 0.1156565 secs] [Times: user=4.07 sys=0.00, real=0.11 secs] 
2986.525: [GC (Allocation Failure) [PSYoungGen: 21709593K->600052K(22609920K)] 22352437K->1243272K(25755648K), 0.1103013 secs] [Times: user=3.88 sys=0.00, real=0.11 secs] 
2994.411: [GC (Allocation Failure) [PSYoungGen: 21702644K->590884K(22609920K)] 22345864K->1234472K(25755648K), 0.1117635 secs] [Times: user=3.93 sys=0.01, real=0.11 secs] 
3002.093: [GC (Allocation Failure) [PSYoungGen: 21693476K->598793K(22609920K)] 22337064K->1242757K(25755648K), 0.1107440 secs] [Times: user=3.88 sys=0.00, real=0.11 secs] 
3009.956: [GC (Allocation Failure) [PSYoungGen: 21701385K->586916K(22609920K)] 22345349K->1231232K(25755648K), 0.1072264 secs] [Times: user=3.77 sys=0.01, real=0.11 secs] 
3017.823: [GC (Allocation Failure) [PSYoungGen: 21689508K->586793K(22609920K)] 22333824K->1231485K(25755648K), 0.1087841 secs] [Times: user=3.79 sys=0.00, real=0.10 secs] 
3025.836: [GC (Allocation Failure) [PSYoungGen: 21689385K->575332K(22609920K)] 22334077K->1220408K(25755648K), 0.1064378 secs] [Times: user=3.68 sys=0.00, real=0.10 secs] 
3033.481: [GC (Allocation Failure) [PSYoungGen: 21677924K->595428K(22609920K)] 22323000K->1240856K(25755648K), 0.1095815 secs] [Times: user=3.85 sys=0.00, real=0.11 secs] 
3041.149: [GC (Allocation Failure) [PSYoungGen: 21698020K->587524K(22609920K)] 22343448K->1233344K(25755648K), 0.1096027 secs] [Times: user=3.80 sys=0.01, real=0.11 secs] 
3048.817: [GC (Allocation Failure) [PSYoungGen: 21690116K->597513K(22609920K)] 22335936K->1243693K(25755648K), 0.1097662 secs] [Times: user=3.87 sys=0.00, real=0.11 secs] 
3056.338: [GC (Allocation Failure) [PSYoungGen: 21700105K->596136K(22609920K)] 22346285K->1242684K(25755648K), 0.1111018 secs] [Times: user=3.89 sys=0.00, real=0.12 secs] 
3063.974: [GC (Allocation Failure) [PSYoungGen: 21698728K->591652K(22609920K)] 22345276K->1238576K(25755648K), 0.1084180 secs] [Times: user=3.81 sys=0.00, real=0.11 secs] 
3071.699: [GC (Allocation Failure) [PSYoungGen: 21694244K->593613K(22609920K)] 22341168K->1240897K(25755648K), 0.1094834 secs] [Times: user=3.86 sys=0.00, real=0.11 secs] 
3079.130: [GC (Allocation Failure) [PSYoungGen: 21696205K->595669K(22609920K)] 22343489K->1243321K(25755648K), 0.1122991 secs] [Times: user=3.96 sys=0.00, real=0.12 secs] 
3086.904: [GC (Allocation Failure) [PSYoungGen: 21698261K->594670K(22609920K)] 22345913K->1242682K(25755648K), 0.1130791 secs] [Times: user=3.86 sys=0.00, real=0.11 secs] 
3094.429: [GC (Allocation Failure) [PSYoungGen: 21697262K->601679K(22609920K)] 22345274K->1250051K(25755648K), 0.1125298 secs] [Times: user=3.96 sys=0.01, real=0.11 secs] 
3102.417: [GC (Allocation Failure) [PSYoungGen: 21704271K->592420K(22609920K)] 22352643K->1241152K(25755648K), 0.1092449 secs] [Times: user=3.83 sys=0.00, real=0.11 secs] 
3109.669: [GC (Allocation Failure) [PSYoungGen: 21695012K->582212K(22609920K)] 22343744K->1231352K(25755648K), 0.1087440 secs] [Times: user=3.80 sys=0.00, real=0.11 secs] 
3117.132: [GC (Allocation Failure) [PSYoungGen: 21684804K->583236K(22609920K)] 22333944K->1232736K(25755648K), 0.1115418 secs] [Times: user=3.74 sys=0.00, real=0.11 secs] 
3124.575: [GC (Allocation Failure) [PSYoungGen: 21685828K->608436K(22609920K)] 22335328K->1258296K(25755648K), 0.1120992 secs] [Times: user=3.95 sys=0.00, real=0.11 secs] 
3132.048: [GC (Allocation Failure) [PSYoungGen: 21711028K->607277K(22609920K)] 22360888K->1257505K(25755648K), 0.1115520 secs] [Times: user=3.88 sys=0.00, real=0.12 secs] 
3139.459: [GC (Allocation Failure) [PSYoungGen: 21709869K->603593K(22609920K)] 22360097K->1254181K(25755648K), 0.1110623 secs] [Times: user=3.90 sys=0.00, real=0.12 secs] 
3146.912: [GC (Allocation Failure) [PSYoungGen: 21706185K->603661K(22609920K)] 22356773K->1254609K(25755648K), 0.1120241 secs] [Times: user=3.90 sys=0.00, real=0.11 secs] 
3154.415: [GC (GCLocker Initiated GC) [PSYoungGen: 21706253K->590020K(22609920K)] 22357361K->1241496K(25755648K), 0.1130401 secs] [Times: user=3.95 sys=0.00, real=0.11 secs] 
3161.810: [GC (Allocation Failure) [PSYoungGen: 21692612K->574564K(22609920K)] 22344093K->1226421K(25755648K), 0.1067356 secs] [Times: user=3.76 sys=0.00, real=0.11 secs] 
3169.306: [GC (Allocation Failure) [PSYoungGen: 21677156K->604045K(22609920K)] 22329013K->1256254K(25755648K), 0.1140724 secs] [Times: user=4.02 sys=0.00, real=0.11 secs] 
3176.639: [GC (Allocation Failure) [PSYoungGen: 21706637K->584250K(22609920K)] 22358846K->1236827K(25755648K), 0.1105278 secs] [Times: user=3.86 sys=0.00, real=0.11 secs] 
3183.774: [GC (Allocation Failure) [PSYoungGen: 21686842K->620491K(22609920K)] 22339419K->1273435K(25755648K), 0.1138468 secs] [Times: user=3.97 sys=0.00, real=0.12 secs] 
3190.963: [GC (Allocation Failure) [PSYoungGen: 21723083K->594202K(22609920K)] 22376027K->1247530K(25755648K), 0.1119529 secs] [Times: user=3.94 sys=0.00, real=0.11 secs] 
3198.161: [GC (Allocation Failure) [PSYoungGen: 21696794K->610599K(22609920K)] 22350122K->1264360K(25755648K), 0.1140133 secs] [Times: user=4.02 sys=0.00, real=0.11 secs] 
3205.567: [GC (Allocation Failure) [PSYoungGen: 21713191K->597748K(22609920K)] 22366952K->1251869K(25755648K), 0.1102693 secs] [Times: user=3.88 sys=0.00, real=0.11 secs] 
3212.724: [GC (Allocation Failure) [PSYoungGen: 21700340K->580372K(22609920K)] 22354461K->1234845K(25755648K), 0.1074440 secs] [Times: user=3.79 sys=0.00, real=0.11 secs] 
3219.862: [GC (Allocation Failure) [PSYoungGen: 21682964K->585364K(22609920K)] 22337437K->1240229K(25755648K), 0.1078114 secs] [Times: user=3.75 sys=0.01, real=0.11 secs] 
3227.237: [GC (Allocation Failure) [PSYoungGen: 21687956K->605162K(22609920K)] 22342821K->1260402K(25755648K), 0.1123239 secs] [Times: user=3.89 sys=0.01, real=0.11 secs] 
3234.501: [GC (Allocation Failure) [PSYoungGen: 21707754K->592996K(22609920K)] 22362994K->1248605K(25755648K), 0.1133167 secs] [Times: user=3.94 sys=0.00, real=0.11 secs] 
3241.742: [GC (Allocation Failure) [PSYoungGen: 21695588K->583285K(22609920K)] 22351197K->1239261K(25755648K), 0.1097048 secs] [Times: user=3.86 sys=0.01, real=0.11 secs] 
3249.007: [GC (Allocation Failure) [PSYoungGen: 21685877K->591481K(22609920K)] 22341853K->1247810K(25755648K), 0.1101237 secs] [Times: user=3.86 sys=0.00, real=0.11 secs] 
3256.238: [GC (Allocation Failure) [PSYoungGen: 21694073K->601838K(22609920K)] 22350402K->1258543K(25755648K), 0.1102215 secs] [Times: user=3.87 sys=0.00, real=0.11 secs] 
3263.282: [GC (Allocation Failure) [PSYoungGen: 21704430K->610910K(22609920K)] 22361135K->1268263K(25755648K), 0.1122820 secs] [Times: user=3.95 sys=0.00, real=0.11 secs] 
3270.226: [GC (Allocation Failure) [PSYoungGen: 21713502K->593684K(22609920K)] 22370855K->1251421K(25755648K), 0.1109979 secs] [Times: user=3.87 sys=0.00, real=0.11 secs] 
3277.192: [GC (Allocation Failure) [PSYoungGen: 21696276K->594532K(22609920K)] 22354013K->1252629K(25755648K), 0.1117682 secs] [Times: user=3.94 sys=0.00, real=0.11 secs] 
3284.248: [GC (Allocation Failure) [PSYoungGen: 21697124K->594023K(22609920K)] 22355221K->1252503K(25755648K), 0.1115458 secs] [Times: user=3.94 sys=0.00, real=0.11 secs] 
3291.321: [GC (Allocation Failure) [PSYoungGen: 21696615K->596516K(22609920K)] 22355095K->1255357K(25755648K), 0.1105524 secs] [Times: user=3.89 sys=0.00, real=0.11 secs] 
3298.370: [GC (Allocation Failure) [PSYoungGen: 21699108K->610180K(22609920K)] 22357949K->1269420K(25755648K), 0.1142579 secs] [Times: user=4.04 sys=0.00, real=0.12 secs] 
3305.369: [GC (Allocation Failure) [PSYoungGen: 21712772K->603822K(22609920K)] 22372012K->1263430K(25755648K), 0.1146036 secs] [Times: user=3.98 sys=0.00, real=0.11 secs] 
3312.461: [GC (Allocation Failure) [PSYoungGen: 21706414K->597940K(22609920K)] 22366022K->1257901K(25755648K), 0.1137430 secs] [Times: user=4.01 sys=0.00, real=0.11 secs] 
3319.498: [GC (Allocation Failure) [PSYoungGen: 21700532K->597732K(22609920K)] 22360493K->1258069K(25755648K), 0.1104904 secs] [Times: user=3.90 sys=0.00, real=0.12 secs] 
3326.259: [GC (Allocation Failure) [PSYoungGen: 21700324K->599193K(22609920K)] 22360661K->1259890K(25755648K), 0.1120891 secs] [Times: user=3.95 sys=0.00, real=0.12 secs] 
3333.196: [GC (Allocation Failure) [PSYoungGen: 21701785K->589924K(22609920K)] 22362482K->1250989K(25755648K), 0.1134941 secs] [Times: user=3.77 sys=0.00, real=0.11 secs] 
3339.932: [GC (Allocation Failure) [PSYoungGen: 21692516K->587114K(22609920K)] 22353581K->1248530K(25755648K), 0.1096931 secs] [Times: user=3.76 sys=0.00, real=0.11 secs] 
3346.826: [GC (Allocation Failure) [PSYoungGen: 21689706K->607534K(22609920K)] 22351122K->1269326K(25755648K), 0.1119826 secs] [Times: user=3.95 sys=0.01, real=0.11 secs] 
3353.663: [GC (Allocation Failure) [PSYoungGen: 21710126K->587268K(22609920K)] 22371918K->1249421K(25755648K), 0.1086691 secs] [Times: user=3.80 sys=0.00, real=0.11 secs] 
3360.547: [GC (Allocation Failure) [PSYoungGen: 21689860K->597508K(22609920K)] 22352013K->1260021K(25755648K), 0.1109946 secs] [Times: user=3.84 sys=0.00, real=0.11 secs] 
3367.320: [GC (Allocation Failure) [PSYoungGen: 21700100K->590372K(22609920K)] 22362613K->1253245K(25755648K), 0.1095245 secs] [Times: user=3.85 sys=0.00, real=0.11 secs] 
3374.162: [GC (Allocation Failure) [PSYoungGen: 21692964K->590180K(22609920K)] 22355837K->1253437K(25755648K), 0.1092620 secs] [Times: user=3.84 sys=0.01, real=0.11 secs] 
3380.987: [GC (Allocation Failure) [PSYoungGen: 21692772K->587220K(22609920K)] 22356029K->1250837K(25755648K), 0.1116678 secs] [Times: user=3.92 sys=0.00, real=0.11 secs] 
3387.882: [GC (Allocation Failure) [PSYoungGen: 21689812K->597065K(22609920K)] 22353429K->1261049K(25755648K), 0.1094391 secs] [Times: user=3.85 sys=0.00, real=0.11 secs] 
3394.847: [GC (Allocation Failure) [PSYoungGen: 21699657K->587481K(22609920K)] 22363641K->1251825K(25755648K), 0.1114002 secs] [Times: user=3.84 sys=0.01, real=0.11 secs] 
3401.454: [GC (Allocation Failure) [PSYoungGen: 21690073K->608644K(22609920K)] 22354417K->1273349K(25755648K), 0.1112781 secs] [Times: user=3.92 sys=0.00, real=0.11 secs] 
3408.249: [GC (Allocation Failure) [PSYoungGen: 21711236K->616616K(22609920K)] 22375941K->1281688K(25755648K), 0.1153694 secs] [Times: user=3.99 sys=0.00, real=0.12 secs] 
3414.832: [GC (Allocation Failure) [PSYoungGen: 21719208K->598372K(22609920K)] 22384280K->1263821K(25755648K), 0.1151591 secs] [Times: user=3.96 sys=0.00, real=0.12 secs] 
3421.473: [GC (Allocation Failure) [PSYoungGen: 21700964K->614574K(22609920K)] 22366413K->1280382K(25755648K), 0.1147973 secs] [Times: user=3.95 sys=0.00, real=0.12 secs] 
3428.242: [GC (Allocation Failure) [PSYoungGen: 21717166K->605226K(22609920K)] 22382974K->1271394K(25755648K), 0.1121940 secs] [Times: user=3.94 sys=0.00, real=0.12 secs] 
3434.807: [GC (Allocation Failure) [PSYoungGen: 21707818K->597854K(22609920K)] 22373986K->1264415K(25755648K), 0.1100431 secs] [Times: user=3.88 sys=0.00, real=0.11 secs] 
3441.487: [GC (Allocation Failure) [PSYoungGen: 21700446K->606989K(22609920K)] 22367007K->1273918K(25755648K), 0.1146820 secs] [Times: user=4.03 sys=0.01, real=0.11 secs] 
3448.150: [GC (Allocation Failure) [PSYoungGen: 21709581K->611709K(22609920K)] 22376510K->1278998K(25755648K), 0.1151783 secs] [Times: user=4.06 sys=0.00, real=0.11 secs] 
3454.913: [GC (Allocation Failure) [PSYoungGen: 21714301K->595095K(22609920K)] 22381590K->1262751K(25755648K), 0.1113777 secs] [Times: user=3.92 sys=0.01, real=0.11 secs] 
3461.523: [GC (Allocation Failure) [PSYoungGen: 21697687K->607449K(22609920K)] 22365343K->1275457K(25755648K), 0.1114532 secs] [Times: user=3.92 sys=0.00, real=0.11 secs] 
3468.210: [GC (Allocation Failure) [PSYoungGen: 21710041K->614660K(22609920K)] 22378049K->1283044K(25755648K), 0.1162750 secs] [Times: user=4.10 sys=0.00, real=0.12 secs] 
3474.658: [GC (Allocation Failure) [PSYoungGen: 21717252K->595278K(22609920K)] 22385636K->1264023K(25755648K), 0.1091869 secs] [Times: user=3.84 sys=0.00, real=0.11 secs] 
3481.203: [GC (Allocation Failure) [PSYoungGen: 21697870K->597028K(22609920K)] 22366615K->1266125K(25755648K), 0.1104036 secs] [Times: user=3.84 sys=0.01, real=0.11 secs] 
3487.710: [GC (Allocation Failure) [PSYoungGen: 21699620K->590394K(22609920K)] 22368717K->1259850K(25755648K), 0.1115063 secs] [Times: user=3.92 sys=0.00, real=0.11 secs] 
3494.334: [GC (Allocation Failure) [PSYoungGen: 21692986K->603780K(22609920K)] 22362442K->1273605K(25755648K), 0.1120159 secs] [Times: user=3.88 sys=0.00, real=0.12 secs] 
3500.747: [GC (Allocation Failure) [PSYoungGen: 21706372K->601374K(22609920K)] 22376197K->1271543K(25755648K), 0.1114480 secs] [Times: user=3.93 sys=0.00, real=0.11 secs] 
3507.235: [GC (Allocation Failure) [PSYoungGen: 21703966K->591044K(22609920K)] 22374135K->1261581K(25755648K), 0.1145144 secs] [Times: user=3.94 sys=0.00, real=0.12 secs] 
3513.817: [GC (Allocation Failure) [PSYoungGen: 21693636K->603604K(22609920K)] 22364173K->1274509K(25755648K), 0.1140824 secs] [Times: user=4.02 sys=0.01, real=0.11 secs] 
3520.349: [GC (Allocation Failure) [PSYoungGen: 21706196K->612340K(22609920K)] 22377101K->1283605K(25755648K), 0.1143011 secs] [Times: user=4.03 sys=0.01, real=0.11 secs] 
3526.893: [GC (Allocation Failure) [PSYoungGen: 21714932K->610234K(22609920K)] 22386197K->1281867K(25755648K), 0.1135664 secs] [Times: user=4.00 sys=0.00, real=0.11 secs] 
3533.495: [GC (Allocation Failure) [PSYoungGen: 21712826K->604596K(22609920K)] 22384459K->1276605K(25755648K), 0.1152077 secs] [Times: user=4.06 sys=0.01, real=0.12 secs] 
3539.710: [GC (Allocation Failure) [PSYoungGen: 21707188K->590468K(22609920K)] 22379197K->1262837K(25755648K), 0.1129617 secs] [Times: user=3.96 sys=0.00, real=0.12 secs] 
3546.072: [GC (Allocation Failure) [PSYoungGen: 21693060K->590052K(22609920K)] 22365429K->1262781K(25755648K), 0.1100890 secs] [Times: user=3.80 sys=0.01, real=0.12 secs] 
3552.373: [GC (Allocation Failure) [PSYoungGen: 21692644K->621412K(22609920K)] 22365373K->1294509K(25755648K), 0.1143704 secs] [Times: user=4.04 sys=0.00, real=0.12 secs] 
3558.756: [GC (Allocation Failure) [PSYoungGen: 21724004K->585225K(22609920K)] 22397101K->1258673K(25755648K), 0.1122358 secs] [Times: user=3.94 sys=0.00, real=0.11 secs] 
3565.106: [GC (Allocation Failure) [PSYoungGen: 21687817K->607167K(22609920K)] 22361265K->1280991K(25755648K), 0.1138170 secs] [Times: user=3.88 sys=0.00, real=0.11 secs] 
3571.420: [GC (Allocation Failure) [PSYoungGen: 21709759K->616249K(22609920K)] 22383583K->1290449K(25755648K), 0.1151417 secs] [Times: user=4.03 sys=0.00, real=0.11 secs] 
3577.732: [GC (Allocation Failure) [PSYoungGen: 21718841K->618798K(22609920K)] 22393041K->1293359K(25755648K), 0.1136460 secs] [Times: user=4.00 sys=0.00, real=0.11 secs] 
3584.008: [GC (Allocation Failure) [PSYoungGen: 21721390K->621782K(22609920K)] 22395951K->1296718K(25755648K), 0.1137839 secs] [Times: user=4.01 sys=0.00, real=0.11 secs] 
3590.368: [GC (Allocation Failure) [PSYoungGen: 21724374K->610846K(22609920K)] 22399310K->1286134K(25755648K), 0.1142108 secs] [Times: user=3.99 sys=0.00, real=0.12 secs] 
3596.843: [GC (Allocation Failure) [PSYoungGen: 21713438K->607363K(22609920K)] 22388726K->1283019K(25755648K), 0.1116980 secs] [Times: user=3.92 sys=0.00, real=0.11 secs] 
3603.034: [GC (Allocation Failure) [PSYoungGen: 21709955K->601433K(22609920K)] 22385611K->1277450K(25755648K), 0.1151660 secs] [Times: user=4.00 sys=0.00, real=0.11 secs] 
3609.179: [GC (Allocation Failure) [PSYoungGen: 21704025K->624739K(22609920K)] 22380042K->1301147K(25755648K), 0.1163304 secs] [Times: user=4.03 sys=0.00, real=0.12 secs] 
3615.307: [GC (Allocation Failure) [PSYoungGen: 21727331K->609748K(22609920K)] 22403739K->1286509K(25755648K), 0.1122044 secs] [Times: user=3.91 sys=0.00, real=0.11 secs] 
3621.408: [GC (Allocation Failure) [PSYoungGen: 21712340K->621728K(22609920K)] 22389101K->1298856K(25755648K), 0.1151033 secs] [Times: user=4.00 sys=0.01, real=0.11 secs] 
3627.672: [GC (Allocation Failure) [PSYoungGen: 21724320K->580996K(22609920K)] 22401448K->1258469K(25755648K), 0.1098472 secs] [Times: user=3.85 sys=0.00, real=0.11 secs] 
3633.819: [GC (Allocation Failure) [PSYoungGen: 21683588K->652210K(22609920K)] 22361061K->1330058K(25755648K), 0.1200389 secs] [Times: user=4.25 sys=0.00, real=0.12 secs] 
3640.070: [GC (Allocation Failure) [PSYoungGen: 21754802K->604569K(22609920K)] 22432650K->1282769K(25755648K), 0.1112888 secs] [Times: user=3.92 sys=0.01, real=0.11 secs] 
3646.380: [GC (Allocation Failure) [PSYoungGen: 21707161K->634137K(22609920K)] 22385361K->1312705K(25755648K), 0.1161638 secs] [Times: user=4.07 sys=0.00, real=0.11 secs] 
3652.582: [GC (Allocation Failure) [PSYoungGen: 21736729K->611620K(22609920K)] 22415297K->1290573K(25755648K), 0.1125717 secs] [Times: user=3.97 sys=0.00, real=0.11 secs] 
3658.690: [GC (Allocation Failure) [PSYoungGen: 21714212K->580708K(22609920K)] 22393165K->1260005K(25755648K), 0.1102921 secs] [Times: user=3.89 sys=0.00, real=0.11 secs] 
3664.821: [GC (Allocation Failure) [PSYoungGen: 21683300K->591256K(22609920K)] 22362597K->1270905K(25755648K), 0.1099699 secs] [Times: user=3.84 sys=0.00, real=0.11 secs] 
3670.956: [GC (Allocation Failure) [PSYoungGen: 21693848K->622869K(22609920K)] 22373497K->1302885K(25755648K), 0.1171921 secs] [Times: user=4.13 sys=0.00, real=0.12 secs] 
3676.949: [GC (Allocation Failure) [PSYoungGen: 21725461K->602164K(22609920K)] 22405477K->1282541K(25755648K), 0.1132945 secs] [Times: user=3.93 sys=0.00, real=0.12 secs] 
3683.104: [GC (Allocation Failure) [PSYoungGen: 21704756K->611359K(22609920K)] 22385133K->1292087K(25755648K), 0.1166293 secs] [Times: user=4.12 sys=0.00, real=0.11 secs] 
3689.078: [GC (GCLocker Initiated GC) [PSYoungGen: 21713951K->616985K(22609920K)] 22395426K->1298837K(25755648K), 0.1164114 secs] [Times: user=4.10 sys=0.01, real=0.12 secs] 
3695.133: [GC (Allocation Failure) [PSYoungGen: 21719577K->598421K(22609920K)] 22401432K->1280651K(25755648K), 0.1115020 secs] [Times: user=3.89 sys=0.00, real=0.11 secs] 
3701.175: [GC (Allocation Failure) [PSYoungGen: 21701013K->629086K(22609920K)] 22383243K->1311676K(25755648K), 0.1170291 secs] [Times: user=4.11 sys=0.00, real=0.12 secs] 
3707.225: [GC (Allocation Failure) [PSYoungGen: 21731678K->602629K(22609920K)] 22414268K->1285571K(25755648K), 0.1117620 secs] [Times: user=3.94 sys=0.00, real=0.12 secs] 
3713.162: [GC (Allocation Failure) [PSYoungGen: 21705221K->614175K(22609920K)] 22388163K->1297477K(25755648K), 0.1133754 secs] [Times: user=4.00 sys=0.00, real=0.11 secs] 
3719.181: [GC (Allocation Failure) [PSYoungGen: 21716767K->610149K(22609920K)] 22400069K->1293835K(25755648K), 0.1132823 secs] [Times: user=3.99 sys=0.00, real=0.11 secs] 
3725.136: [GC (Allocation Failure) [PSYoungGen: 21712741K->601721K(22609920K)] 22396427K->1285768K(25755648K), 0.1143979 secs] [Times: user=3.94 sys=0.01, real=0.12 secs] 
3731.142: [GC (Allocation Failure) [PSYoungGen: 21704313K->610346K(22609920K)] 22388360K->1294776K(25755648K), 0.1128417 secs] [Times: user=3.97 sys=0.00, real=0.11 secs] 
3737.156: [GC (Allocation Failure) [PSYoungGen: 21712938K->614590K(22609920K)] 22397368K->1299373K(25755648K), 0.1137247 secs] [Times: user=3.99 sys=0.00, real=0.11 secs] 
3742.998: [GC (Allocation Failure) [PSYoungGen: 21717182K->621807K(22609920K)] 22401965K->1306941K(25755648K), 0.1144883 secs] [Times: user=3.99 sys=0.00, real=0.12 secs] 
3748.861: [GC (Allocation Failure) [PSYoungGen: 21724399K->606255K(22609920K)] 22409533K->1291765K(25755648K), 0.1118994 secs] [Times: user=3.94 sys=0.00, real=0.12 secs] 
3754.786: [GC (Allocation Failure) [PSYoungGen: 21708847K->603587K(22609920K)] 22394357K->1289473K(25755648K), 0.1126713 secs] [Times: user=3.88 sys=0.01, real=0.11 secs] 
3760.710: [GC (Allocation Failure) [PSYoungGen: 21706179K->595086K(22609920K)] 22392065K->1281332K(25755648K), 0.1125129 secs] [Times: user=3.81 sys=0.00, real=0.11 secs] 
3766.620: [GC (Allocation Failure) [PSYoungGen: 21697678K->588891K(22609920K)] 22383924K->1275505K(25755648K), 0.1091184 secs] [Times: user=3.82 sys=0.00, real=0.11 secs] 
3772.603: [GC (Allocation Failure) [PSYoungGen: 21691483K->599353K(22609920K)] 22378097K->1286319K(25755648K), 0.1121978 secs] [Times: user=3.89 sys=0.01, real=0.11 secs] 
3778.463: [GC (Allocation Failure) [PSYoungGen: 21701945K->618036K(22609920K)] 22388911K->1306747K(25755648K), 0.1138170 secs] [Times: user=4.00 sys=0.01, real=0.11 secs] 
3784.259: [GC (Allocation Failure) [PSYoungGen: 21720628K->633827K(22609920K)] 22409339K->1322922K(25755648K), 0.1167771 secs] [Times: user=4.06 sys=0.00, real=0.11 secs] 
3790.197: [GC (Allocation Failure) [PSYoungGen: 21736419K->595172K(22609920K)] 22425514K->1284635K(25755648K), 0.1098712 secs] [Times: user=3.87 sys=0.00, real=0.11 secs] 
3796.011: [GC (Allocation Failure) [PSYoungGen: 21697764K->620718K(22609920K)] 22387227K->1310540K(25755648K), 0.1154784 secs] [Times: user=4.06 sys=0.00, real=0.11 secs] 
3801.901: [GC (Allocation Failure) [PSYoungGen: 21723310K->609544K(22609920K)] 22413132K->1299743K(25755648K), 0.1120832 secs] [Times: user=3.95 sys=0.00, real=0.11 secs] 
3807.770: [GC (Allocation Failure) [PSYoungGen: 21712136K->609129K(22609920K)] 22402335K->1299688K(25755648K), 0.1122918 secs] [Times: user=3.96 sys=0.00, real=0.11 secs] 
3813.469: [GC (Allocation Failure) [PSYoungGen: 21711721K->620638K(22609920K)] 22402280K->1311564K(25755648K), 0.1148745 secs] [Times: user=4.04 sys=0.01, real=0.12 secs] 
3819.145: [GC (Allocation Failure) [PSYoungGen: 21723230K->624138K(22609920K)] 22414156K->1315432K(25755648K), 0.1144156 secs] [Times: user=4.05 sys=0.00, real=0.11 secs] 
3824.876: [GC (Allocation Failure) [PSYoungGen: 21726730K->591370K(22609920K)] 22418024K->1283024K(25755648K), 0.1102625 secs] [Times: user=3.87 sys=0.00, real=0.11 secs] 
3830.627: [GC (Allocation Failure) [PSYoungGen: 21693962K->602333K(22609920K)] 22385616K->1294348K(25755648K), 0.1144709 secs] [Times: user=3.99 sys=0.01, real=0.11 secs] 
3836.410: [GC (Allocation Failure) [PSYoungGen: 21704925K->632866K(22609920K)] 22396940K->1325248K(25755648K), 0.1184548 secs] [Times: user=4.17 sys=0.00, real=0.12 secs] 
3842.167: [GC (Allocation Failure) [PSYoungGen: 21735458K->611866K(22609920K)] 22427840K->1304608K(25755648K), 0.1154527 secs] [Times: user=4.07 sys=0.00, real=0.12 secs] 
3847.770: [GC (Allocation Failure) [PSYoungGen: 21714458K->612362K(22609920K)] 22407200K->1305480K(25755648K), 0.1155905 secs] [Times: user=3.93 sys=0.01, real=0.11 secs] 
3853.489: [GC (Allocation Failure) [PSYoungGen: 21714954K->615980K(22609920K)] 22408072K->1309467K(25755648K), 0.1161141 secs] [Times: user=4.08 sys=0.00, real=0.11 secs] 
3859.279: [GC (Allocation Failure) [PSYoungGen: 21718572K->630739K(22609920K)] 22412059K->1324585K(25755648K), 0.1172530 secs] [Times: user=4.12 sys=0.00, real=0.12 secs] 
3864.933: [GC (Allocation Failure) [PSYoungGen: 21733331K->610362K(22609920K)] 22427177K->1304560K(25755648K), 0.1132578 secs] [Times: user=3.99 sys=0.00, real=0.11 secs] 
3870.764: [GC (Allocation Failure) [PSYoungGen: 21712954K->596489K(22609920K)] 22407152K->1291055K(25755648K), 0.1111243 secs] [Times: user=3.91 sys=0.00, real=0.11 secs] 
3876.499: [GC (Allocation Failure) [PSYoungGen: 21699081K->618990K(22609920K)] 22393647K->1313924K(25755648K), 0.1175540 secs] [Times: user=4.14 sys=0.00, real=0.12 secs] 
3882.243: [GC (Allocation Failure) [PSYoungGen: 21721582K->608666K(22609920K)] 22416516K->1303960K(25755648K), 0.1128430 secs] [Times: user=3.93 sys=0.00, real=0.11 secs] 
3888.012: [GC (Allocation Failure) [PSYoungGen: 21711258K->611727K(22609920K)] 22406552K->1307374K(25755648K), 0.1119486 secs] [Times: user=3.94 sys=0.00, real=0.12 secs] 
3893.804: [GC (Allocation Failure) [PSYoungGen: 21714319K->611977K(22609920K)] 22409966K->1307984K(25755648K), 0.1132556 secs] [Times: user=3.98 sys=0.00, real=0.12 secs] 
3899.449: [GC (Allocation Failure) [PSYoungGen: 21714569K->642722K(22609920K)] 22410576K->1339080K(25755648K), 0.1209647 secs] [Times: user=4.27 sys=0.00, real=0.12 secs] 
3905.146: [GC (Allocation Failure) [PSYoungGen: 21745314K->609161K(22609920K)] 22441672K->1305896K(25755648K), 0.1175451 secs] [Times: user=3.91 sys=0.00, real=0.12 secs] 
3910.728: [GC (Allocation Failure) [PSYoungGen: 21711753K->590052K(22609920K)] 22408488K->1287171K(25755648K), 0.1113966 secs] [Times: user=3.87 sys=0.00, real=0.12 secs] 
3916.332: [GC (Allocation Failure) [PSYoungGen: 21692644K->622044K(22609920K)] 22389763K->1319522K(25755648K), 0.1149624 secs] [Times: user=4.04 sys=0.01, real=0.11 secs] 
3921.948: [GC (Allocation Failure) [PSYoungGen: 21724636K->612041K(22609920K)] 22422114K->1309880K(25755648K), 0.1132324 secs] [Times: user=3.99 sys=0.00, real=0.12 secs] 
3927.547: [GC (Allocation Failure) [PSYoungGen: 21714633K->612388K(22609920K)] 22412472K->1310595K(25755648K), 0.1122194 secs] [Times: user=3.95 sys=0.00, real=0.11 secs] 
3933.319: [GC (Allocation Failure) [PSYoungGen: 21714980K->611898K(22609920K)] 22413187K->1310472K(25755648K), 0.1137406 secs] [Times: user=3.92 sys=0.00, real=0.12 secs] 
3938.829: [GC (Allocation Failure) [PSYoungGen: 21714490K->592836K(22609920K)] 22413064K->1291763K(25755648K), 0.1109428 secs] [Times: user=3.90 sys=0.01, real=0.11 secs] 
3944.406: [GC (Allocation Failure) [PSYoungGen: 21695428K->624154K(22609920K)] 22394355K->1323449K(25755648K), 0.1182005 secs] [Times: user=4.16 sys=0.00, real=0.12 secs] 
3950.120: [GC (Allocation Failure) [PSYoungGen: 21726746K->619471K(22609920K)] 22426041K->1319134K(25755648K), 0.1136933 secs] [Times: user=4.01 sys=0.00, real=0.11 secs] 
3955.643: [GC (Allocation Failure) [PSYoungGen: 21722063K->599795K(22609920K)] 22421726K->1299817K(25755648K), 0.1133276 secs] [Times: user=3.99 sys=0.00, real=0.12 secs] 
3961.333: [GC (Allocation Failure) [PSYoungGen: 21702387K->602628K(22609920K)] 22402409K->1303003K(25755648K), 0.1115362 secs] [Times: user=3.91 sys=0.01, real=0.11 secs] 
3966.811: [GC (Allocation Failure) [PSYoungGen: 21705220K->602457K(22609920K)] 22405595K->1303191K(25755648K), 0.1114297 secs] [Times: user=3.89 sys=0.00, real=0.11 secs] 
3972.279: [GC (Allocation Failure) [PSYoungGen: 21705049K->620244K(22609920K)] 22405783K->1321347K(25755648K), 0.1162471 secs] [Times: user=4.04 sys=0.01, real=0.11 secs] 
3977.713: [GC (Allocation Failure) [PSYoungGen: 21722836K->599754K(22609920K)] 22423939K->1301216K(25755648K), 0.1158788 secs] [Times: user=3.94 sys=0.00, real=0.12 secs] 
3983.070: [GC (Allocation Failure) [PSYoungGen: 21702346K->611541K(22609920K)] 22403808K->1313355K(25755648K), 0.1161668 secs] [Times: user=4.00 sys=0.01, real=0.11 secs] 
3988.574: [GC (Allocation Failure) [PSYoungGen: 21714133K->636222K(22609920K)] 22415947K->1338413K(25755648K), 0.1176899 secs] [Times: user=4.14 sys=0.00, real=0.12 secs] 
3994.071: [GC (Allocation Failure) [PSYoungGen: 21738814K->619837K(22609920K)] 22441005K->1322395K(25755648K), 0.1169326 secs] [Times: user=4.04 sys=0.00, real=0.11 secs] 
3999.464: [GC (Allocation Failure) [PSYoungGen: 21722429K->643198K(22609920K)] 22424987K->1346109K(25755648K), 0.1186408 secs] [Times: user=4.14 sys=0.00, real=0.12 secs] 
4004.951: [GC (Allocation Failure) [PSYoungGen: 21745790K->613409K(22609920K)] 22448701K->1316687K(25755648K), 0.1142021 secs] [Times: user=4.02 sys=0.00, real=0.12 secs] 
4010.367: [GC (Allocation Failure) [PSYoungGen: 21716001K->614490K(22609920K)] 22419279K->1318120K(25755648K), 0.1149128 secs] [Times: user=4.05 sys=0.00, real=0.11 secs] 
4015.862: [GC (Allocation Failure) [PSYoungGen: 21717082K->606050K(22609920K)] 22420712K->1310049K(25755648K), 0.1119798 secs] [Times: user=3.94 sys=0.00, real=0.11 secs] 
4021.611: [GC (Allocation Failure) [PSYoungGen: 21708642K->581732K(22609920K)] 22412641K->1286099K(25755648K), 0.1092782 secs] [Times: user=3.81 sys=0.00, real=0.11 secs] 
4027.113: [GC (Allocation Failure) [PSYoungGen: 21684324K->623924K(22609920K)] 22388691K->1328642K(25755648K), 0.1147616 secs] [Times: user=4.05 sys=0.00, real=0.12 secs] 
4032.615: [GC (Allocation Failure) [PSYoungGen: 21726516K->612942K(22609920K)] 22431234K->1318029K(25755648K), 0.1134516 secs] [Times: user=4.00 sys=0.01, real=0.12 secs] 
4038.075: [GC (Allocation Failure) [PSYoungGen: 21715534K->600260K(22609920K)] 22420621K->1305715K(25755648K), 0.1134117 secs] [Times: user=4.00 sys=0.01, real=0.12 secs] 
4043.462: [GC (Allocation Failure) [PSYoungGen: 21702852K->617572K(22609920K)] 22408307K->1323387K(25755648K), 0.1161225 secs] [Times: user=4.09 sys=0.00, real=0.12 secs] 
4048.962: [GC (Allocation Failure) [PSYoungGen: 21720164K->597236K(22609920K)] 22425979K->1303427K(25755648K), 0.1117403 secs] [Times: user=3.92 sys=0.00, real=0.11 secs] 
4054.336: [GC (Allocation Failure) [PSYoungGen: 21699828K->624121K(22609920K)] 22406019K->1330672K(25755648K), 0.1153309 secs] [Times: user=4.07 sys=0.01, real=0.12 secs] 
4059.750: [GC (Allocation Failure) [PSYoungGen: 21726713K->598697K(22609920K)] 22433264K->1305631K(25755648K), 0.1127062 secs] [Times: user=3.96 sys=0.00, real=0.12 secs] 
4065.225: [GC (Allocation Failure) [PSYoungGen: 21701289K->620448K(22609920K)] 22408223K->1327734K(25755648K), 0.1158378 secs] [Times: user=4.01 sys=0.00, real=0.12 secs] 
4070.634: [GC (Allocation Failure) [PSYoungGen: 21723040K->613284K(22609920K)] 22430326K->1320923K(25755648K), 0.1133890 secs] [Times: user=4.00 sys=0.00, real=0.11 secs] 
4076.080: [GC (Allocation Failure) [PSYoungGen: 21715876K->611596K(22609920K)] 22423515K->1319602K(25755648K), 0.1152782 secs] [Times: user=4.07 sys=0.00, real=0.12 secs] 
4081.623: [GC (Allocation Failure) [PSYoungGen: 21714188K->582948K(22609920K)] 22422194K->1291347K(25755648K), 0.1109650 secs] [Times: user=3.75 sys=0.00, real=0.11 secs] 
4087.169: [GC (Allocation Failure) [PSYoungGen: 21685540K->633978K(22609920K)] 22393939K->1342752K(25755648K), 0.1183531 secs] [Times: user=4.17 sys=0.00, real=0.12 secs] 
4092.557: [GC (Allocation Failure) [PSYoungGen: 21736570K->643165K(22609920K)] 22445344K->1352292K(25755648K), 0.1185322 secs] [Times: user=4.17 sys=0.01, real=0.12 secs] 
4097.983: [GC (Allocation Failure) [PSYoungGen: 21745757K->618153K(22609920K)] 22454884K->1327648K(25755648K), 0.1166301 secs] [Times: user=4.08 sys=0.01, real=0.12 secs] 
4103.294: [GC (Allocation Failure) [PSYoungGen: 21720745K->602212K(22609920K)] 22430240K->1312075K(25755648K), 0.1163246 secs] [Times: user=4.09 sys=0.00, real=0.12 secs] 
4108.619: [GC (Allocation Failure) [PSYoungGen: 21704804K->593812K(22609920K)] 22414667K->1304027K(25755648K), 0.1100776 secs] [Times: user=3.88 sys=0.00, real=0.11 secs] 
4113.787: [GC (Allocation Failure) [PSYoungGen: 21696404K->592708K(22609920K)] 22406619K->1303291K(25755648K), 0.1122381 secs] [Times: user=3.88 sys=0.00, real=0.12 secs] 
4119.026: [GC (Allocation Failure) [PSYoungGen: 21695300K->632501K(22609920K)] 22405883K->1343435K(25755648K), 0.1167902 secs] [Times: user=4.13 sys=0.00, real=0.12 secs] 
4124.302: [GC (Allocation Failure) [PSYoungGen: 21735093K->617493K(22609920K)] 22446027K->1328787K(25755648K), 0.1149611 secs] [Times: user=4.05 sys=0.00, real=0.11 secs] 
4129.701: [GC (Allocation Failure) [PSYoungGen: 21720085K->604240K(22609920K)] 22431379K->1315911K(25755648K), 0.1155094 secs] [Times: user=3.94 sys=0.01, real=0.11 secs] 
4134.873: [GC (Allocation Failure) [PSYoungGen: 21706832K->624018K(22609920K)] 22418503K->1336049K(25755648K), 0.1155869 secs] [Times: user=4.07 sys=0.00, real=0.11 secs] 
4139.886: [GC (Allocation Failure) [PSYoungGen: 21726610K->611149K(22609920K)] 22438641K->1323556K(25755648K), 0.1151897 secs] [Times: user=3.99 sys=0.01, real=0.11 secs] 
4145.294: [GC (Allocation Failure) [PSYoungGen: 21713741K->616058K(22609920K)] 22426148K->1328816K(25755648K), 0.1144469 secs] [Times: user=4.01 sys=0.00, real=0.11 secs] 
4150.566: [GC (Allocation Failure) [PSYoungGen: 21718650K->621812K(22609920K)] 22431408K->1334955K(25755648K), 0.1137193 secs] [Times: user=4.00 sys=0.00, real=0.11 secs] 
4155.824: [GC (Allocation Failure) [PSYoungGen: 21724404K->603908K(22609920K)] 22437547K->1317403K(25755648K), 0.1124739 secs] [Times: user=3.88 sys=0.00, real=0.12 secs] 
4161.219: [GC (Allocation Failure) [PSYoungGen: 21706500K->613273K(22609920K)] 22419995K->1327152K(25755648K), 0.1153541 secs] [Times: user=4.05 sys=0.00, real=0.11 secs] 
4166.573: [GC (Allocation Failure) [PSYoungGen: 21715865K->647034K(22609920K)] 22429744K->1361264K(25755648K), 0.1209231 secs] [Times: user=4.18 sys=0.01, real=0.12 secs] 
4171.649: [GC (Allocation Failure) [PSYoungGen: 21749626K->591977K(22609920K)] 22463856K->1306568K(25755648K), 0.1136110 secs] [Times: user=3.97 sys=0.00, real=0.11 secs] 
4176.752: [GC (Allocation Failure) [PSYoungGen: 21694569K->612382K(22609920K)] 22409160K->1327348K(25755648K), 0.1140624 secs] [Times: user=4.02 sys=0.00, real=0.11 secs] 
4182.055: [GC (Allocation Failure) [PSYoungGen: 21714974K->614298K(22609920K)] 22429940K->1329624K(25755648K), 0.1132848 secs] [Times: user=3.96 sys=0.00, real=0.11 secs] 
4187.137: [GC (Allocation Failure) [PSYoungGen: 21716890K->611161K(22609920K)] 22432216K->1326856K(25755648K), 0.1134858 secs] [Times: user=3.99 sys=0.00, real=0.12 secs] 
4192.308: [GC (Allocation Failure) [PSYoungGen: 21713753K->644660K(22609920K)] 22429448K->1360731K(25755648K), 0.1273848 secs] [Times: user=4.21 sys=0.00, real=0.13 secs] 
4197.509: [GC (Allocation Failure) [PSYoungGen: 21747252K->625289K(22609920K)] 22463323K->1341727K(25755648K), 0.1189264 secs] [Times: user=4.11 sys=0.00, real=0.12 secs] 
4202.699: [GC (Allocation Failure) [PSYoungGen: 21727881K->606297K(22609920K)] 22444319K->1323095K(25755648K), 0.1131964 secs] [Times: user=4.00 sys=0.00, real=0.11 secs] 
4207.964: [GC (Allocation Failure) [PSYoungGen: 21708889K->606127K(22609920K)] 22425687K->1323309K(25755648K), 0.1143246 secs] [Times: user=3.94 sys=0.00, real=0.11 secs] 
4213.079: [GC (Allocation Failure) [PSYoungGen: 21708719K->619666K(22609920K)] 22425901K->1337208K(25755648K), 0.1165244 secs] [Times: user=4.11 sys=0.00, real=0.12 secs] 
4218.327: [GC (Allocation Failure) [PSYoungGen: 21722258K->636093K(22609920K)] 22439800K->1354003K(25755648K), 0.1173646 secs] [Times: user=4.15 sys=0.00, real=0.12 secs] 
4223.344: [GC (Allocation Failure) [PSYoungGen: 21738685K->628349K(22609920K)] 22456595K->1346611K(25755648K), 0.1154941 secs] [Times: user=4.06 sys=0.01, real=0.12 secs] 
4228.589: [GC (Allocation Failure) [PSYoungGen: 21730941K->636569K(22609920K)] 22449203K->1355192K(25755648K), 0.1176615 secs] [Times: user=4.10 sys=0.00, real=0.12 secs] 
4233.644: [GC (Allocation Failure) [PSYoungGen: 21739161K->599741K(22609920K)] 22457784K->1318724K(25755648K), 0.1115364 secs] [Times: user=3.93 sys=0.00, real=0.11 secs] 
4238.829: [GC (Allocation Failure) [PSYoungGen: 21702333K->619667K(22609920K)] 22421316K->1339009K(25755648K), 0.1147120 secs] [Times: user=4.04 sys=0.00, real=0.11 secs] 
4243.995: [GC (Allocation Failure) [PSYoungGen: 21722259K->622097K(22609920K)] 22441601K->1341800K(25755648K), 0.1172132 secs] [Times: user=4.13 sys=0.00, real=0.12 secs] 
4249.032: [GC (Allocation Failure) [PSYoungGen: 21724689K->623342K(22609920K)] 22444392K->1343429K(25755648K), 0.1158128 secs] [Times: user=4.05 sys=0.01, real=0.11 secs] 
4254.078: [GC (Allocation Failure) [PSYoungGen: 21725934K->623470K(22609920K)] 22446021K->1343925K(25755648K), 0.1174709 secs] [Times: user=4.14 sys=0.00, real=0.12 secs] 
4259.179: [GC (Allocation Failure) [PSYoungGen: 21726062K->645683K(22609920K)] 22446517K->1366498K(25755648K), 0.1230197 secs] [Times: user=4.20 sys=0.00, real=0.13 secs] 
4264.211: [GC (Allocation Failure) [PSYoungGen: 21748275K->607669K(22609920K)] 22469090K->1328843K(25755648K), 0.1125469 secs] [Times: user=3.96 sys=0.01, real=0.12 secs] 
4269.298: [GC (Allocation Failure) [PSYoungGen: 21710261K->658215K(22609920K)] 22431435K->1379750K(25755648K), 0.1202319 secs] [Times: user=4.23 sys=0.00, real=0.12 secs] 
4274.348: [GC (Allocation Failure) [PSYoungGen: 21760807K->636819K(22609920K)] 22482342K->1358706K(25755648K), 0.1195224 secs] [Times: user=4.21 sys=0.01, real=0.12 secs] 
4279.446: [GC (Allocation Failure) [PSYoungGen: 21739411K->619620K(22609920K)] 22461298K->1341883K(25755648K), 0.1148851 secs] [Times: user=4.03 sys=0.00, real=0.11 secs] 
4284.406: [GC (Allocation Failure) [PSYoungGen: 21722212K->642190K(22609920K)] 22444475K->1364804K(25755648K), 0.1203056 secs] [Times: user=4.23 sys=0.00, real=0.12 secs] 
4289.475: [GC (Allocation Failure) [PSYoungGen: 21744782K->636258K(22609920K)] 22467396K->1359256K(25755648K), 0.1193715 secs] [Times: user=4.12 sys=0.01, real=0.12 secs] 
4294.591: [GC (Allocation Failure) [PSYoungGen: 21738850K->629140K(22609920K)] 22461848K->1352483K(25755648K), 0.1172724 secs] [Times: user=4.08 sys=0.00, real=0.12 secs] 
4299.588: [GC (Allocation Failure) [PSYoungGen: 21731732K->650597K(22609920K)] 22455075K->1374308K(25755648K), 0.1195662 secs] [Times: user=4.20 sys=0.00, real=0.12 secs] 
4304.642: [GC (Allocation Failure) [PSYoungGen: 21753189K->594745K(22609920K)] 22476900K->1318808K(25755648K), 0.1098844 secs] [Times: user=3.86 sys=0.00, real=0.11 secs] 
4309.719: [GC (Allocation Failure) [PSYoungGen: 21697337K->602180K(22609920K)] 22421400K->1326635K(25755648K), 0.1155596 secs] [Times: user=4.01 sys=0.00, real=0.11 secs] 
4314.507: [GC (Allocation Failure) [PSYoungGen: 21704772K->630021K(22609920K)] 22429227K->1354835K(25755648K), 0.1161980 secs] [Times: user=4.10 sys=0.00, real=0.12 secs] 
4319.411: [GC (Allocation Failure) [PSYoungGen: 21732613K->636347K(22609920K)] 22457427K->1361521K(25755648K), 0.1169843 secs] [Times: user=4.13 sys=0.00, real=0.11 secs] 
4324.355: [GC (Allocation Failure) [PSYoungGen: 21738939K->624681K(22609920K)] 22464113K->1350224K(25755648K), 0.1174061 secs] [Times: user=4.08 sys=0.00, real=0.12 secs] 
4329.288: [GC (Allocation Failure) [PSYoungGen: 21727273K->613604K(22609920K)] 22452816K->1339515K(25755648K), 0.1129042 secs] [Times: user=3.97 sys=0.01, real=0.11 secs] 
4334.226: [GC (Allocation Failure) [PSYoungGen: 21716196K->640199K(22609920K)] 22442107K->1366470K(25755648K), 0.1184884 secs] [Times: user=4.18 sys=0.00, real=0.12 secs] 
4339.180: [GC (Allocation Failure) [PSYoungGen: 21742791K->632081K(22609920K)] 22469062K->1358719K(25755648K), 0.1162473 secs] [Times: user=4.08 sys=0.00, real=0.12 secs] 
4344.194: [GC (Allocation Failure) [PSYoungGen: 21734673K->621182K(22609920K)] 22461311K->1348181K(25755648K), 0.1151269 secs] [Times: user=4.05 sys=0.01, real=0.11 secs] 
4349.176: [GC (Allocation Failure) [PSYoungGen: 21723774K->627703K(22609920K)] 22450773K->1355070K(25755648K), 0.1179008 secs] [Times: user=4.08 sys=0.00, real=0.12 secs] 
4354.171: [GC (Allocation Failure) [PSYoungGen: 21730295K->626896K(22609920K)] 22457662K->1354622K(25755648K), 0.1158999 secs] [Times: user=4.07 sys=0.01, real=0.12 secs] 
4359.122: [GC (Allocation Failure) [PSYoungGen: 21729488K->615129K(22609920K)] 22457214K->1343224K(25755648K), 0.1135548 secs] [Times: user=3.99 sys=0.00, real=0.11 secs] 
4364.279: [GC (Allocation Failure) [PSYoungGen: 21717721K->617956K(22609920K)] 22445816K->1346419K(25755648K), 0.1151657 secs] [Times: user=3.96 sys=0.01, real=0.11 secs] 
4369.344: [GC (Allocation Failure) [PSYoungGen: 21720548K->613501K(22609920K)] 22449011K->1342331K(25755648K), 0.1143482 secs] [Times: user=3.96 sys=0.01, real=0.12 secs] 
4374.202: [GC (Allocation Failure) [PSYoungGen: 21716093K->645535K(22609920K)] 22444923K->1374726K(25755648K), 0.1196768 secs] [Times: user=4.21 sys=0.01, real=0.12 secs] 
4379.149: [GC (Allocation Failure) [PSYoungGen: 21748127K->622462K(22609920K)] 22477318K->1352053K(25755648K), 0.1186720 secs] [Times: user=3.97 sys=0.00, real=0.12 secs] 
4384.184: [GC (Allocation Failure) [PSYoungGen: 21725054K->623052K(22609920K)] 22454645K->1353011K(25755648K), 0.1176837 secs] [Times: user=4.15 sys=0.00, real=0.12 secs] 
4389.271: [GC (Allocation Failure) [PSYoungGen: 21725644K->612986K(22609920K)] 22455603K->1343297K(25755648K), 0.1159698 secs] [Times: user=4.08 sys=0.00, real=0.11 secs] 
4394.190: [GC (Allocation Failure) [PSYoungGen: 21715578K->628057K(22609920K)] 22445889K->1358735K(25755648K), 0.1157911 secs] [Times: user=4.08 sys=0.00, real=0.12 secs] 
4399.079: [GC (Allocation Failure) [PSYoungGen: 21730649K->631859K(22609920K)] 22461327K->1362898K(25755648K), 0.1170659 secs] [Times: user=4.13 sys=0.01, real=0.12 secs] 
4403.960: [GC (Allocation Failure) [PSYoungGen: 21734451K->623519K(22609920K)] 22465490K->1354918K(25755648K), 0.1164905 secs] [Times: user=4.10 sys=0.01, real=0.12 secs] 
4408.829: [GC (Allocation Failure) [PSYoungGen: 21726111K->610005K(22609920K)] 22457510K->1341763K(25755648K), 0.1154950 secs] [Times: user=4.03 sys=0.00, real=0.12 secs] 
4413.601: [GC (Allocation Failure) [PSYoungGen: 21712597K->622836K(22609920K)] 22444355K->1354971K(25755648K), 0.1218616 secs] [Times: user=4.19 sys=0.01, real=0.12 secs] 
4418.331: [GC (Allocation Failure) [PSYoungGen: 21725428K->624100K(22609920K)] 22457563K->1356603K(25755648K), 0.1144456 secs] [Times: user=4.04 sys=0.00, real=0.12 secs] 
4423.205: [GC (Allocation Failure) [PSYoungGen: 21726692K->651515K(22609920K)] 22459195K->1384377K(25755648K), 0.1202378 secs] [Times: user=4.15 sys=0.01, real=0.12 secs] 
4428.054: [GC (Allocation Failure) [PSYoungGen: 21754107K->626255K(22609920K)] 22486969K->1359485K(25755648K), 0.1155337 secs] [Times: user=4.07 sys=0.00, real=0.12 secs] 
4432.985: [GC (Allocation Failure) [PSYoungGen: 21728847K->622141K(22609920K)] 22462077K->1355732K(25755648K), 0.1162972 secs] [Times: user=4.02 sys=0.00, real=0.12 secs] 
4437.825: [GC (Allocation Failure) [PSYoungGen: 21724733K->608534K(22609920K)] 22458324K->1342517K(25755648K), 0.1127506 secs] [Times: user=3.95 sys=0.00, real=0.11 secs] 
4442.578: [GC (Allocation Failure) [PSYoungGen: 21711126K->633508K(22609920K)] 22445109K->1367851K(25755648K), 0.1168064 secs] [Times: user=4.10 sys=0.00, real=0.12 secs] 
4447.531: [GC (Allocation Failure) [PSYoungGen: 21736100K->647178K(22609920K)] 22470443K->1381888K(25755648K), 0.1205730 secs] [Times: user=4.18 sys=0.01, real=0.12 secs] 
4452.450: [GC (Allocation Failure) [PSYoungGen: 21749770K->658352K(22609920K)] 22484480K->1393431K(25755648K), 0.1200966 secs] [Times: user=4.22 sys=0.00, real=0.12 secs] 
4457.235: [GC (Allocation Failure) [PSYoungGen: 21760944K->622377K(22609920K)] 22496023K->1357824K(25755648K), 0.1163953 secs] [Times: user=4.07 sys=0.00, real=0.12 secs] 
4462.164: [GC (Allocation Failure) [PSYoungGen: 21724969K->614010K(22609920K)] 22460416K->1349816K(25755648K), 0.1143960 secs] [Times: user=4.03 sys=0.00, real=0.11 secs] 
4466.922: [GC (Allocation Failure) [PSYoungGen: 21716602K->626709K(22609920K)] 22452408K->1362876K(25755648K), 0.1154386 secs] [Times: user=4.07 sys=0.00, real=0.12 secs] 
4471.675: [GC (Allocation Failure) [PSYoungGen: 21729301K->624116K(22609920K)] 22465468K->1360651K(25755648K), 0.1157579 secs] [Times: user=4.09 sys=0.01, real=0.11 secs] 
4476.589: [GC (Allocation Failure) [PSYoungGen: 21726708K->627114K(22609920K)] 22463243K->1364016K(25755648K), 0.1185012 secs] [Times: user=4.14 sys=0.00, real=0.12 secs] 
4481.288: [GC (Allocation Failure) [PSYoungGen: 21729706K->640990K(22609920K)] 22466608K->1378245K(25755648K), 0.1170192 secs] [Times: user=4.13 sys=0.00, real=0.12 secs] 
4486.084: [GC (Allocation Failure) [PSYoungGen: 21743582K->641097K(22609920K)] 22480837K->1378703K(25755648K), 0.1198629 secs] [Times: user=4.18 sys=0.00, real=0.12 secs] 
4490.913: [GC (Allocation Failure) [PSYoungGen: 21743689K->629839K(22609920K)] 22481295K->1367813K(25755648K), 0.1163650 secs] [Times: user=4.06 sys=0.00, real=0.12 secs] 
4495.774: [GC (Allocation Failure) [PSYoungGen: 21732431K->612285K(22609920K)] 22470405K->1350628K(25755648K), 0.1157245 secs] [Times: user=4.07 sys=0.00, real=0.12 secs] 
4500.582: [GC (Allocation Failure) [PSYoungGen: 21714877K->637946K(22609920K)] 22453220K->1376656K(25755648K), 0.1193248 secs] [Times: user=4.20 sys=0.00, real=0.12 secs] 
4505.309: [GC (Allocation Failure) [PSYoungGen: 21740538K->654739K(22609920K)] 22479248K->1393817K(25755648K), 0.1213718 secs] [Times: user=4.28 sys=0.00, real=0.12 secs] 
4509.994: [GC (Allocation Failure) [PSYoungGen: 21757331K->623434K(22609920K)] 22496409K->1362872K(25755648K), 0.1150623 secs] [Times: user=4.06 sys=0.00, real=0.12 secs] 
4514.775: [GC (Allocation Failure) [PSYoungGen: 21726026K->620239K(22609920K)] 22465464K->1360022K(25755648K), 0.1139114 secs] [Times: user=4.02 sys=0.00, real=0.12 secs] 
4519.515: [GC (Allocation Failure) [PSYoungGen: 21722831K->626756K(22609920K)] 22462614K->1366899K(25755648K), 0.1172865 secs] [Times: user=4.12 sys=0.00, real=0.12 secs] 
4524.339: [GC (Allocation Failure) [PSYoungGen: 21729348K->626910K(22609920K)] 22469491K->1367412K(25755648K), 0.1154698 secs] [Times: user=4.08 sys=0.00, real=0.12 secs] 
4529.192: [GC (Allocation Failure) [PSYoungGen: 21729502K->621364K(22609920K)] 22470004K->1363011K(25755648K), 0.1148361 secs] [Times: user=4.05 sys=0.00, real=0.11 secs] 
4533.956: [GC (Allocation Failure) [PSYoungGen: 21723956K->612904K(22609920K)] 22465603K->1354910K(25755648K), 0.1127361 secs] [Times: user=3.97 sys=0.00, real=0.11 secs] 
4538.594: [GC (Allocation Failure) [PSYoungGen: 21715496K->647662K(22609920K)] 22457502K->1390037K(25755648K), 0.1191776 secs] [Times: user=4.20 sys=0.01, real=0.12 secs] 
4543.259: [GC (Allocation Failure) [PSYoungGen: 21750254K->631508K(22609920K)] 22492629K->1374258K(25755648K), 0.1182601 secs] [Times: user=4.08 sys=0.01, real=0.12 secs] 
4547.873: [GC (Allocation Failure) [PSYoungGen: 21734100K->625046K(22609920K)] 22476850K->1368149K(25755648K), 0.1156732 secs] [Times: user=4.07 sys=0.00, real=0.12 secs] 
4552.536: [GC (Allocation Failure) [PSYoungGen: 21727638K->663211K(22609920K)] 22470741K->1406673K(25755648K), 0.1223449 secs] [Times: user=4.30 sys=0.00, real=0.12 secs] 
4557.214: [GC (Allocation Failure) [PSYoungGen: 21765803K->624394K(22609920K)] 22509265K->1368217K(25755648K), 0.1156955 secs] [Times: user=4.08 sys=0.00, real=0.12 secs] 
4561.889: [GC (Allocation Failure) [PSYoungGen: 21726986K->610530K(22609920K)] 22470809K->1354728K(25755648K), 0.1162132 secs] [Times: user=4.10 sys=0.00, real=0.11 secs] 
4566.577: [GC (Allocation Failure) [PSYoungGen: 21713122K->676834K(22609920K)] 22457320K->1421400K(25755648K), 0.1243912 secs] [Times: user=4.38 sys=0.00, real=0.13 secs] 
4571.329: [GC (Allocation Failure) [PSYoungGen: 21779426K->643567K(22609920K)] 22523992K->1388486K(25755648K), 0.1185508 secs] [Times: user=4.15 sys=0.00, real=0.11 secs] 
4576.033: [GC (Allocation Failure) [PSYoungGen: 21746159K->608310K(22609920K)] 22491078K->1353589K(25755648K), 0.1130466 secs] [Times: user=3.99 sys=0.00, real=0.11 secs] 
4580.744: [GC (Allocation Failure) [PSYoungGen: 21710902K->611276K(22609920K)] 22456181K->1356931K(25755648K), 0.1135616 secs] [Times: user=4.01 sys=0.00, real=0.11 secs] 
4585.399: [GC (Allocation Failure) [PSYoungGen: 21713868K->673379K(22609920K)] 22459523K->1419409K(25755648K), 0.1234857 secs] [Times: user=4.34 sys=0.00, real=0.13 secs] 
4589.948: [GC (Allocation Failure) [PSYoungGen: 21775971K->641079K(22609920K)] 22522001K->1387470K(25755648K), 0.1197839 secs] [Times: user=4.04 sys=0.00, real=0.12 secs] 
4594.555: [GC (Allocation Failure) [PSYoungGen: 21743671K->628084K(22609920K)] 22490062K->1375603K(25755648K), 0.1162326 secs] [Times: user=4.09 sys=0.00, real=0.11 secs] 
4599.324: [GC (Allocation Failure) [PSYoungGen: 21730676K->625130K(22609920K)] 22478195K->1373017K(25755648K), 0.1152441 secs] [Times: user=4.06 sys=0.00, real=0.11 secs] 
4603.861: [GC (Allocation Failure) [PSYoungGen: 21727722K->623040K(22609920K)] 22475609K->1371287K(25755648K), 0.1142489 secs] [Times: user=4.03 sys=0.00, real=0.12 secs] 
4608.459: [GC (Allocation Failure) [PSYoungGen: 21725632K->658480K(22609920K)] 22473879K->1407079K(25755648K), 0.1204354 secs] [Times: user=4.22 sys=0.00, real=0.12 secs] 
4612.971: [GC (Allocation Failure) [PSYoungGen: 21761072K->626302K(22609920K)] 22509671K->1375252K(25755648K), 0.1210185 secs] [Times: user=4.19 sys=0.00, real=0.12 secs] 
4617.754: [GC (Allocation Failure) [PSYoungGen: 21728894K->594825K(22609920K)] 22477844K->1344144K(25755648K), 0.1140577 secs] [Times: user=3.97 sys=0.00, real=0.12 secs] 
4622.428: [GC (Allocation Failure) [PSYoungGen: 21697417K->644682K(22609920K)] 22446736K->1394352K(25755648K), 0.1197157 secs] [Times: user=4.22 sys=0.00, real=0.12 secs] 
4626.963: [GC (Allocation Failure) [PSYoungGen: 21747274K->640058K(22609920K)] 22496944K->1390096K(25755648K), 0.1182598 secs] [Times: user=4.14 sys=0.00, real=0.12 secs] 
4631.455: [GC (Allocation Failure) [PSYoungGen: 21742650K->660009K(22609920K)] 22492688K->1410423K(25755648K), 0.1213146 secs] [Times: user=4.26 sys=0.00, real=0.12 secs] 
4636.171: [GC (Allocation Failure) [PSYoungGen: 21762601K->634393K(22609920K)] 22513015K->1385152K(25755648K), 0.1175666 secs] [Times: user=4.14 sys=0.01, real=0.12 secs] 
4640.778: [GC (Allocation Failure) [PSYoungGen: 21736985K->622350K(22609920K)] 22487744K->1373476K(25755648K), 0.1146655 secs] [Times: user=4.05 sys=0.00, real=0.12 secs] 
4645.480: [GC (Allocation Failure) [PSYoungGen: 21724942K->646531K(22609920K)] 22476068K->1398042K(25755648K), 0.1189939 secs] [Times: user=4.20 sys=0.00, real=0.11 secs] 
4650.129: [GC (Allocation Failure) [PSYoungGen: 21749123K->641439K(22609920K)] 22500634K->1393318K(25755648K), 0.1187387 secs] [Times: user=4.16 sys=0.01, real=0.12 secs] 
4654.742: [GC (Allocation Failure) [PSYoungGen: 21744031K->641019K(22609920K)] 22495910K->1393250K(25755648K), 0.1179980 secs] [Times: user=4.16 sys=0.00, real=0.11 secs] 
4659.340: [GC (Allocation Failure) [PSYoungGen: 21743611K->641571K(22609920K)] 22495842K->1394177K(25755648K), 0.1188490 secs] [Times: user=4.16 sys=0.01, real=0.12 secs] 
4663.992: [GC (Allocation Failure) [PSYoungGen: 21744163K->628849K(22609920K)] 22496769K->1381816K(25755648K), 0.1189407 secs] [Times: user=4.09 sys=0.01, real=0.11 secs] 
4668.665: [GC (Allocation Failure) [PSYoungGen: 21731441K->638940K(22609920K)] 22484408K->1392266K(25755648K), 0.1183259 secs] [Times: user=4.17 sys=0.00, real=0.12 secs] 
4673.233: [GC (Allocation Failure) [PSYoungGen: 21741532K->654116K(22609920K)] 22494858K->1407819K(25755648K), 0.1206302 secs] [Times: user=4.26 sys=0.00, real=0.13 secs] 
4677.859: [GC (Allocation Failure) [PSYoungGen: 21756708K->616565K(22609920K)] 22510411K->1370627K(25755648K), 0.1162198 secs] [Times: user=4.04 sys=0.01, real=0.12 secs] 
4682.446: [GC (Allocation Failure) [PSYoungGen: 21719157K->623191K(22609920K)] 22473219K->1377621K(25755648K), 0.1173927 secs] [Times: user=4.15 sys=0.00, real=0.11 secs] 
4687.045: [GC (Allocation Failure) [PSYoungGen: 21725783K->662488K(22609920K)] 22480213K->1417295K(25755648K), 0.1226733 secs] [Times: user=4.32 sys=0.00, real=0.13 secs] 
4691.473: [GC (Allocation Failure) [PSYoungGen: 21765080K->627557K(22609920K)] 22519887K->1382707K(25755648K), 0.1160838 secs] [Times: user=4.07 sys=0.00, real=0.12 secs] 
4695.952: [GC (Allocation Failure) [PSYoungGen: 21730149K->640305K(22609920K)] 22485299K->1395832K(25755648K), 0.1180762 secs] [Times: user=4.14 sys=0.00, real=0.12 secs] 
4700.441: [GC (Allocation Failure) [PSYoungGen: 21742897K->638538K(22609920K)] 22498424K->1394424K(25755648K), 0.1200550 secs] [Times: user=4.17 sys=0.00, real=0.12 secs] 
4704.978: [GC (Allocation Failure) [PSYoungGen: 21741130K->655713K(22609920K)] 22497016K->1411976K(25755648K), 0.1205234 secs] [Times: user=4.26 sys=0.00, real=0.12 secs] 
4709.555: [GC (Allocation Failure) [PSYoungGen: 21758305K->658834K(22609920K)] 22514568K->1415456K(25755648K), 0.1207592 secs] [Times: user=4.27 sys=0.00, real=0.12 secs] 
4713.970: [GC (Allocation Failure) [PSYoungGen: 21761426K->638020K(22609920K)] 22518048K->1394986K(25755648K), 0.1176637 secs] [Times: user=4.15 sys=0.00, real=0.12 secs] 
4718.575: [GC (Allocation Failure) [PSYoungGen: 21740612K->681463K(22609920K)] 22497578K->1438805K(25755648K), 0.1237949 secs] [Times: user=4.37 sys=0.00, real=0.12 secs] 
4723.065: [GC (Allocation Failure) [PSYoungGen: 21784055K->659371K(22609920K)] 22541397K->1417074K(25755648K), 0.1225708 secs] [Times: user=4.30 sys=0.00, real=0.12 secs] 
4727.595: [GC (Allocation Failure) [PSYoungGen: 21761963K->665988K(22609920K)] 22519666K->1424042K(25755648K), 0.1235665 secs] [Times: user=4.36 sys=0.00, real=0.12 secs] 
4732.146: [GC (Allocation Failure) [PSYoungGen: 21768580K->623577K(22609920K)] 22526634K->1382016K(25755648K), 0.1180009 secs] [Times: user=4.11 sys=0.00, real=0.12 secs] 
4736.695: [GC (Allocation Failure) [PSYoungGen: 21726169K->625305K(22609920K)] 22484608K->1384112K(25755648K), 0.1174120 secs] [Times: user=4.09 sys=0.00, real=0.11 secs] 
4741.181: [GC (Allocation Failure) [PSYoungGen: 21727897K->636249K(22609920K)] 22486704K->1395415K(25755648K), 0.1189588 secs] [Times: user=4.12 sys=0.01, real=0.12 secs] 
4745.583: [GC (Allocation Failure) [PSYoungGen: 21738841K->662167K(22609920K)] 22498007K->1421902K(25755648K), 0.1218368 secs] [Times: user=4.30 sys=0.00, real=0.13 secs] 
4749.902: [GC (Allocation Failure) [PSYoungGen: 21764759K->660072K(22609920K)] 22524494K->1420159K(25755648K), 0.1230652 secs] [Times: user=4.35 sys=0.00, real=0.13 secs] 
4754.485: [GC (Allocation Failure) [PSYoungGen: 21762664K->663608K(22609920K)] 22522751K->1424055K(25755648K), 0.1221284 secs] [Times: user=4.31 sys=0.00, real=0.13 secs] 
4758.949: [GC (Allocation Failure) [PSYoungGen: 21766200K->657446K(22609920K)] 22526647K->1418245K(25755648K), 0.1225109 secs] [Times: user=4.26 sys=0.00, real=0.12 secs] 
4763.491: [GC (Allocation Failure) [PSYoungGen: 21760038K->638176K(22609920K)] 22520837K->1399343K(25755648K), 0.1188133 secs] [Times: user=4.16 sys=0.00, real=0.12 secs] 
4767.965: [GC (Allocation Failure) [PSYoungGen: 21740768K->625575K(22609920K)] 22501935K->1387093K(25755648K), 0.1170949 secs] [Times: user=4.12 sys=0.00, real=0.12 secs] 
4772.380: [GC (Allocation Failure) [PSYoungGen: 21728167K->656251K(22609920K)] 22489685K->1418130K(25755648K), 0.1198291 secs] [Times: user=4.23 sys=0.00, real=0.12 secs] 
4776.763: [GC (Allocation Failure) [PSYoungGen: 21758843K->631033K(22609920K)] 22520722K->1393272K(25755648K), 0.1164779 secs] [Times: user=4.11 sys=0.00, real=0.12 secs] 
4781.304: [GC (Allocation Failure) [PSYoungGen: 21733625K->649822K(22609920K)] 22495864K->1412429K(25755648K), 0.1194300 secs] [Times: user=4.20 sys=0.01, real=0.12 secs] 
4785.819: [GC (Allocation Failure) [PSYoungGen: 21752414K->601604K(22609920K)] 22515021K->1364563K(25755648K), 0.1135457 secs] [Times: user=3.87 sys=0.01, real=0.12 secs] 
4790.283: [GC (Allocation Failure) [PSYoungGen: 21704196K->713817K(22609920K)] 22467155K->1477152K(25755648K), 0.1294663 secs] [Times: user=4.57 sys=0.00, real=0.13 secs] 
4794.806: [GC (Allocation Failure) [PSYoungGen: 21816409K->614538K(22609920K)] 22579744K->1378225K(25755648K), 0.1139119 secs] [Times: user=4.01 sys=0.00, real=0.11 secs] 
4799.273: [GC (Allocation Failure) [PSYoungGen: 21717130K->630281K(22609920K)] 22480817K->1394344K(25755648K), 0.1159237 secs] [Times: user=4.10 sys=0.00, real=0.11 secs] 
4803.815: [GC (Allocation Failure) [PSYoungGen: 21732873K->640612K(22609920K)] 22496936K->1405043K(25755648K), 0.1206879 secs] [Times: user=4.26 sys=0.00, real=0.12 secs] 
4808.238: [GC (Allocation Failure) [PSYoungGen: 21743204K->683436K(22609920K)] 22507635K->1448219K(25755648K), 0.1239958 secs] [Times: user=4.38 sys=0.00, real=0.12 secs] 
4812.709: [GC (Allocation Failure) [PSYoungGen: 21786028K->610208K(22609920K)] 22550811K->1375342K(25755648K), 0.1157178 secs] [Times: user=4.07 sys=0.00, real=0.11 secs] 
4817.114: [GC (Allocation Failure) [PSYoungGen: 21712800K->626138K(22609920K)] 22477934K->1391649K(25755648K), 0.1211255 secs] [Times: user=4.25 sys=0.00, real=0.12 secs] 
4821.543: [GC (Allocation Failure) [PSYoungGen: 21728730K->684269K(22609920K)] 22494241K->1450131K(25755648K), 0.1243738 secs] [Times: user=4.39 sys=0.00, real=0.13 secs] 
4825.913: [GC (Allocation Failure) [PSYoungGen: 21786861K->635702K(22609920K)] 22552723K->1401941K(25755648K), 0.1230277 secs] [Times: user=4.21 sys=0.01, real=0.12 secs] 
4830.253: [GC (Allocation Failure) [PSYoungGen: 21738294K->686271K(22609920K)] 22504533K->1452878K(25755648K), 0.1253945 secs] [Times: user=4.44 sys=0.00, real=0.13 secs] 
4834.634: [GC (Allocation Failure) [PSYoungGen: 21788863K->622465K(22609920K)] 22555470K->1389432K(25755648K), 0.1159073 secs] [Times: user=4.08 sys=0.00, real=0.12 secs] 
4839.045: [GC (Allocation Failure) [PSYoungGen: 21725057K->683400K(22609920K)] 22492024K->1450743K(25755648K), 0.1261742 secs] [Times: user=4.43 sys=0.00, real=0.13 secs] 
4843.493: [GC (Allocation Failure) [PSYoungGen: 21785992K->655838K(22609920K)] 22553335K->1423556K(25755648K), 0.1199488 secs] [Times: user=4.23 sys=0.00, real=0.12 secs] 
4847.796: [GC (Allocation Failure) [PSYoungGen: 21758430K->643146K(22609920K)] 22526148K->1411216K(25755648K), 0.1183726 secs] [Times: user=4.18 sys=0.00, real=0.12 secs] 
4852.031: [GC (Allocation Failure) [PSYoungGen: 21745738K->711387K(22609920K)] 22513808K->1479834K(25755648K), 0.1295403 secs] [Times: user=4.57 sys=0.00, real=0.13 secs] 
4856.409: [GC (Allocation Failure) [PSYoungGen: 21813979K->669003K(22609920K)] 22582426K->1437802K(25755648K), 0.1238689 secs] [Times: user=4.34 sys=0.00, real=0.13 secs] 
4860.758: [GC (Allocation Failure) [PSYoungGen: 21771595K->641478K(22609920K)] 22540394K->1410661K(25755648K), 0.1222601 secs] [Times: user=4.16 sys=0.00, real=0.12 secs] 
4865.060: [GC (Allocation Failure) [PSYoungGen: 21744070K->630596K(22609920K)] 22513253K->1400123K(25755648K), 0.1171668 secs] [Times: user=4.06 sys=0.00, real=0.12 secs] 
4869.397: [GC (Allocation Failure) [PSYoungGen: 21733188K->639940K(22609920K)] 22502715K->1409842K(25755648K), 0.1192849 secs] [Times: user=4.20 sys=0.00, real=0.12 secs] 
4873.947: [GC (Allocation Failure) [PSYoungGen: 21742532K->645721K(22609920K)] 22512434K->1415976K(25755648K), 0.1188350 secs] [Times: user=4.19 sys=0.01, real=0.12 secs] 
4878.271: [GC (Allocation Failure) [PSYoungGen: 21748313K->655463K(22609920K)] 22518568K->1426094K(25755648K), 0.1242485 secs] [Times: user=4.29 sys=0.01, real=0.13 secs] 
4882.509: [GC (Allocation Failure) [PSYoungGen: 21758055K->654590K(22609920K)] 22528686K->1425581K(25755648K), 0.1247119 secs] [Times: user=4.31 sys=0.00, real=0.12 secs] 
4886.739: [GC (Allocation Failure) [PSYoungGen: 21757182K->645976K(22609920K)] 22528173K->1417318K(25755648K), 0.1223589 secs] [Times: user=4.24 sys=0.00, real=0.12 secs] 
4890.929: [GC (Allocation Failure) [PSYoungGen: 21748568K->626169K(22609920K)] 22519910K->1397871K(25755648K), 0.1159987 secs] [Times: user=4.09 sys=0.00, real=0.11 secs] 
4895.277: [GC (Allocation Failure) [PSYoungGen: 21728761K->639695K(22609920K)] 22500463K->1411749K(25755648K), 0.1202026 secs] [Times: user=4.13 sys=0.01, real=0.12 secs] 
4899.597: [GC (Allocation Failure) [PSYoungGen: 21742287K->654508K(22609920K)] 22514341K->1426939K(25755648K), 0.1229343 secs] [Times: user=4.33 sys=0.00, real=0.13 secs] 
4903.894: [GC (Allocation Failure) [PSYoungGen: 21757100K->621161K(22609920K)] 22529531K->1393944K(25755648K), 0.1167558 secs] [Times: user=4.00 sys=0.00, real=0.12 secs] 
4908.141: [GC (Allocation Failure) [PSYoungGen: 21723753K->672247K(22609920K)] 22496536K->1445397K(25755648K), 0.1236910 secs] [Times: user=4.33 sys=0.01, real=0.12 secs] 
4912.490: [GC (Allocation Failure) [PSYoungGen: 21774839K->651052K(22609920K)] 22547989K->1424579K(25755648K), 0.1250181 secs] [Times: user=4.26 sys=0.00, real=0.13 secs] 
4916.830: [GC (Allocation Failure) [PSYoungGen: 21753644K->625337K(22609920K)] 22527171K->1399240K(25755648K), 0.1167571 secs] [Times: user=4.07 sys=0.00, real=0.12 secs] 
4921.186: [GC (Allocation Failure) [PSYoungGen: 21727929K->644408K(22609920K)] 22501832K->1418663K(25755648K), 0.1196900 secs] [Times: user=4.22 sys=0.00, real=0.12 secs] 
4925.516: [GC (Allocation Failure) [PSYoungGen: 21747000K->654239K(22609920K)] 22521255K->1428878K(25755648K), 0.1209463 secs] [Times: user=4.24 sys=0.00, real=0.12 secs] 
4929.765: [GC (Allocation Failure) [PSYoungGen: 21756831K->622269K(22609920K)] 22531470K->1397267K(25755648K), 0.1173959 secs] [Times: user=4.13 sys=0.00, real=0.12 secs] 
4934.131: [GC (Allocation Failure) [PSYoungGen: 21724861K->619097K(22609920K)] 22499859K->1394448K(25755648K), 0.1139699 secs] [Times: user=4.01 sys=0.00, real=0.12 secs] 
4938.395: [GC (Allocation Failure) [PSYoungGen: 21721689K->646225K(22609920K)] 22497040K->1421951K(25755648K), 0.1200885 secs] [Times: user=4.21 sys=0.00, real=0.12 secs] 
4942.650: [GC (Allocation Failure) [PSYoungGen: 21748817K->624655K(22609920K)] 22524543K->1400742K(25755648K), 0.1158607 secs] [Times: user=4.06 sys=0.01, real=0.12 secs] 
4946.963: [GC (Allocation Failure) [PSYoungGen: 21727247K->640402K(22609920K)] 22503334K->1416841K(25755648K), 0.1180328 secs] [Times: user=4.16 sys=0.00, real=0.12 secs] 
4951.233: [GC (Allocation Failure) [PSYoungGen: 21742994K->664135K(22609920K)] 22519433K->1440949K(25755648K), 0.1218513 secs] [Times: user=4.30 sys=0.00, real=0.12 secs] 
4955.525: [GC (Allocation Failure) [PSYoungGen: 21766727K->658539K(22609920K)] 22543541K->1435714K(25755648K), 0.1208848 secs] [Times: user=4.26 sys=0.00, real=0.12 secs] 
4959.756: [GC (Allocation Failure) [PSYoungGen: 21761131K->665091K(22609920K)] 22538306K->1442625K(25755648K), 0.1234112 secs] [Times: user=4.33 sys=0.00, real=0.13 secs] 
4963.861: [GC (Allocation Failure) [PSYoungGen: 21767683K->645129K(22609920K)] 22545217K->1423024K(25755648K), 0.1184121 secs] [Times: user=4.18 sys=0.00, real=0.12 secs] 
4968.007: [GC (Allocation Failure) [PSYoungGen: 21747721K->635075K(22609920K)] 22525616K->1413330K(25755648K), 0.1178352 secs] [Times: user=4.14 sys=0.00, real=0.12 secs] 
4972.165: [GC (Allocation Failure) [PSYoungGen: 21737667K->638646K(22609920K)] 22515922K->1417252K(25755648K), 0.1192292 secs] [Times: user=4.18 sys=0.01, real=0.12 secs] 
4976.339: [GC (Allocation Failure) [PSYoungGen: 21741238K->663470K(22609920K)] 22519844K->1442436K(25755648K), 0.1240994 secs] [Times: user=4.33 sys=0.01, real=0.13 secs] 
4980.570: [GC (Allocation Failure) [PSYoungGen: 21766062K->658973K(22609920K)] 22545028K->1438308K(25755648K), 0.1220936 secs] [Times: user=4.31 sys=0.00, real=0.13 secs] 
4984.717: [GC (Allocation Failure) [PSYoungGen: 21761565K->641544K(22609920K)] 22540900K->1421231K(25755648K), 0.1191675 secs] [Times: user=4.19 sys=0.00, real=0.12 secs] 
4988.884: [GC (Allocation Failure) [PSYoungGen: 21744136K->627566K(22609920K)] 22523823K->1407612K(25755648K), 0.1163531 secs] [Times: user=4.10 sys=0.00, real=0.11 secs] 
4993.066: [GC (Allocation Failure) [PSYoungGen: 21730158K->640542K(22609920K)] 22510204K->1420956K(25755648K), 0.1183095 secs] [Times: user=4.17 sys=0.00, real=0.12 secs] 
4997.317: [GC (Allocation Failure) [PSYoungGen: 21743134K->637043K(22609920K)] 22523548K->1417817K(25755648K), 0.1230536 secs] [Times: user=4.17 sys=0.00, real=0.12 secs] 
5001.502: [GC (Allocation Failure) [PSYoungGen: 21739635K->647854K(22609920K)] 22520409K->1428989K(25755648K), 0.1187788 secs] [Times: user=4.18 sys=0.00, real=0.12 secs] 
5005.792: [GC (Allocation Failure) [PSYoungGen: 21750446K->648717K(22609920K)] 22531581K->1430228K(25755648K), 0.1213864 secs] [Times: user=4.27 sys=0.00, real=0.12 secs] 
5009.961: [GC (Allocation Failure) [PSYoungGen: 21751309K->643000K(22609920K)] 22532820K->1424871K(25755648K), 0.1193299 secs] [Times: user=4.21 sys=0.00, real=0.12 secs] 
5014.061: [GC (Allocation Failure) [PSYoungGen: 21745592K->647711K(22609920K)] 22527463K->1429934K(25755648K), 0.1194169 secs] [Times: user=4.21 sys=0.00, real=0.12 secs] 
5018.443: [GC (Allocation Failure) [PSYoungGen: 21750303K->634457K(22609920K)] 22532526K->1417048K(25755648K), 0.1201248 secs] [Times: user=4.19 sys=0.00, real=0.12 secs] 
5022.608: [GC (Allocation Failure) [PSYoungGen: 21737049K->661909K(22609920K)] 22519640K->1444876K(25755648K), 0.1215786 secs] [Times: user=4.29 sys=0.00, real=0.12 secs] 
5026.901: [GC (Allocation Failure) [PSYoungGen: 21764501K->618201K(22609920K)] 22547468K->1401528K(25755648K), 0.1165404 secs] [Times: user=4.05 sys=0.00, real=0.12 secs] 
5031.191: [GC (Allocation Failure) [PSYoungGen: 21720793K->622953K(22609920K)] 22504120K->1406640K(25755648K), 0.1158071 secs] [Times: user=4.04 sys=0.00, real=0.11 secs] 
5035.305: [GC (Allocation Failure) [PSYoungGen: 21725545K->634430K(22609920K)] 22509232K->1418485K(25755648K), 0.1168144 secs] [Times: user=4.11 sys=0.00, real=0.12 secs] 
5039.542: [GC (Allocation Failure) [PSYoungGen: 21737022K->664673K(22609920K)] 22521077K->1449088K(25755648K), 0.1222032 secs] [Times: user=4.30 sys=0.00, real=0.12 secs] 
5043.718: [GC (Allocation Failure) [PSYoungGen: 21767265K->641134K(22609920K)] 22551680K->1425909K(25755648K), 0.1196102 secs] [Times: user=4.14 sys=0.00, real=0.12 secs] 
5047.853: [GC (Allocation Failure) [PSYoungGen: 21743726K->643906K(22609920K)] 22528501K->1429073K(25755648K), 0.1202491 secs] [Times: user=4.21 sys=0.00, real=0.12 secs] 
5052.050: [GC (Allocation Failure) [PSYoungGen: 21746498K->647123K(22609920K)] 22531665K->1432657K(25755648K), 0.1205028 secs] [Times: user=4.26 sys=0.01, real=0.12 secs] 
5056.018: [GC (Allocation Failure) [PSYoungGen: 21749715K->636291K(22609920K)] 22535249K->1422186K(25755648K), 0.1189776 secs] [Times: user=4.20 sys=0.00, real=0.12 secs] 
5060.151: [GC (Allocation Failure) [PSYoungGen: 21738883K->669174K(22609920K)] 22524778K->1455453K(25755648K), 0.1241667 secs] [Times: user=4.38 sys=0.01, real=0.13 secs] 
5064.384: [GC (Allocation Failure) [PSYoungGen: 21771766K->663201K(22609920K)] 22558045K->1449847K(25755648K), 0.1231884 secs] [Times: user=4.34 sys=0.00, real=0.12 secs] 
5068.504: [GC (Allocation Failure) [PSYoungGen: 21765793K->641898K(22609920K)] 22552439K->1428936K(25755648K), 0.1234300 secs] [Times: user=4.25 sys=0.00, real=0.12 secs] 
5072.752: [GC (Allocation Failure) [PSYoungGen: 21744490K->648099K(22609920K)] 22531528K->1435498K(25755648K), 0.1200213 secs] [Times: user=4.22 sys=0.00, real=0.12 secs] 
5076.981: [GC (Allocation Failure) [PSYoungGen: 21750691K->625378K(22609920K)] 22538090K->1413136K(25755648K), 0.1196066 secs] [Times: user=4.15 sys=0.00, real=0.12 secs] 
5081.126: [GC (Allocation Failure) [PSYoungGen: 21727970K->633525K(22609920K)] 22515728K->1421636K(25755648K), 0.1206747 secs] [Times: user=4.07 sys=0.00, real=0.12 secs] 
5085.271: [GC (Allocation Failure) [PSYoungGen: 21736117K->648069K(22609920K)] 22524228K->1436539K(25755648K), 0.1192190 secs] [Times: user=4.21 sys=0.00, real=0.12 secs] 
5089.521: [GC (Allocation Failure) [PSYoungGen: 21750661K->652302K(22609920K)] 22539131K->1441157K(25755648K), 0.1230738 secs] [Times: user=4.26 sys=0.00, real=0.12 secs] 
5093.616: [GC (Allocation Failure) [PSYoungGen: 21754894K->600628K(22609920K)] 22543749K->1389843K(25755648K), 0.1126960 secs] [Times: user=3.97 sys=0.00, real=0.12 secs] 
5097.768: [GC (Allocation Failure) [PSYoungGen: 21703220K->629297K(22609920K)] 22492435K->1418872K(25755648K), 0.1172188 secs] [Times: user=4.13 sys=0.01, real=0.11 secs] 
5101.883: [GC (Allocation Failure) [PSYoungGen: 21731889K->619637K(22609920K)] 22521464K->1409571K(25755648K), 0.1163776 secs] [Times: user=4.10 sys=0.01, real=0.12 secs] 
5105.913: [GC (Allocation Failure) [PSYoungGen: 21722229K->644168K(22609920K)] 22512163K->1434486K(25755648K), 0.1193948 secs] [Times: user=4.19 sys=0.00, real=0.12 secs] 
5109.947: [GC (Allocation Failure) [PSYoungGen: 21746760K->652991K(22609920K)] 22537078K->1443670K(25755648K), 0.1211036 secs] [Times: user=4.27 sys=0.00, real=0.12 secs] 
5114.197: [GC (Allocation Failure) [PSYoungGen: 21755583K->650895K(22609920K)] 22546262K->1441941K(25755648K), 0.1203795 secs] [Times: user=4.25 sys=0.00, real=0.12 secs] 
5118.257: [GC (Allocation Failure) [PSYoungGen: 21753487K->626811K(22609920K)] 22544533K->1418218K(25755648K), 0.1154778 secs] [Times: user=4.07 sys=0.00, real=0.12 secs] 
5122.303: [GC (Allocation Failure) [PSYoungGen: 21729403K->653817K(22609920K)] 22520810K->1445592K(25755648K), 0.1201733 secs] [Times: user=4.24 sys=0.01, real=0.12 secs] 
5126.367: [GC (Allocation Failure) [PSYoungGen: 21756409K->652360K(22609920K)] 22548184K->1444495K(25755648K), 0.1202193 secs] [Times: user=4.24 sys=0.01, real=0.12 secs] 
5130.376: [GC (Allocation Failure) [PSYoungGen: 21754952K->653401K(22609920K)] 22547087K->1445903K(25755648K), 0.1196032 secs] [Times: user=4.22 sys=0.00, real=0.12 secs] 
5134.483: [GC (Allocation Failure) [PSYoungGen: 21755993K->652462K(22609920K)] 22548495K->1445348K(25755648K), 0.1210308 secs] [Times: user=4.23 sys=0.00, real=0.13 secs] 
5138.588: [GC (Allocation Failure) [PSYoungGen: 21755054K->677475K(22609920K)] 22547940K->1470722K(25755648K), 0.1267309 secs] [Times: user=4.42 sys=0.00, real=0.13 secs] 
5142.666: [GC (Allocation Failure) [PSYoungGen: 21780067K->628051K(22609920K)] 22573314K->1421649K(25755648K), 0.1196900 secs] [Times: user=4.14 sys=0.00, real=0.12 secs] 
5146.657: [GC (Allocation Failure) [PSYoungGen: 21730643K->622503K(22609920K)] 22524241K->1416462K(25755648K), 0.1164168 secs] [Times: user=4.04 sys=0.00, real=0.11 secs] 
5150.720: [GC (Allocation Failure) [PSYoungGen: 21725095K->611583K(22609920K)] 22519054K->1405894K(25755648K), 0.1139543 secs] [Times: user=4.01 sys=0.00, real=0.11 secs] 
5154.868: [GC (Allocation Failure) [PSYoungGen: 21714175K->633983K(22609920K)] 22508486K->1428677K(25755648K), 0.1174382 secs] [Times: user=4.14 sys=0.01, real=0.11 secs] 
5158.927: [GC (Allocation Failure) [PSYoungGen: 21736575K->649924K(22609920K)] 22531269K->1444979K(25755648K), 0.1196621 secs] [Times: user=4.22 sys=0.00, real=0.12 secs] 
5162.995: [GC (Allocation Failure) [PSYoungGen: 21752516K->625386K(22609920K)] 22547571K->1420784K(25755648K), 0.1162277 secs] [Times: user=4.08 sys=0.00, real=0.12 secs] 
5166.966: [GC (Allocation Failure) [PSYoungGen: 21727978K->656753K(22609920K)] 22523376K->1452512K(25755648K), 0.1215058 secs] [Times: user=4.29 sys=0.00, real=0.12 secs] 
5170.891: [GC (Allocation Failure) [PSYoungGen: 21759345K->629487K(22609920K)] 22555104K->1425613K(25755648K), 0.1172391 secs] [Times: user=4.10 sys=0.00, real=0.11 secs] 
5174.890: [GC (Allocation Failure) [PSYoungGen: 21732079K->635588K(22609920K)] 22528205K->1432074K(25755648K), 0.1164320 secs] [Times: user=4.11 sys=0.00, real=0.12 secs] 
5178.961: [GC (Allocation Failure) [PSYoungGen: 21738180K->631726K(22609920K)] 22534666K->1428572K(25755648K), 0.1192415 secs] [Times: user=4.17 sys=0.00, real=0.12 secs] 
5182.993: [GC (Allocation Failure) [PSYoungGen: 21734318K->637753K(22609920K)] 22531164K->1434952K(25755648K), 0.1188043 secs] [Times: user=4.18 sys=0.00, real=0.12 secs] 
5187.014: [GC (Allocation Failure) [PSYoungGen: 21740345K->625561K(22609920K)] 22537544K->1423128K(25755648K), 0.1191891 secs] [Times: user=4.21 sys=0.00, real=0.12 secs] 
5191.001: [GC (Allocation Failure) [PSYoungGen: 21728153K->652148K(22609920K)] 22525720K->1450083K(25755648K), 0.1215549 secs] [Times: user=4.20 sys=0.00, real=0.13 secs] 
5195.006: [GC (Allocation Failure) [PSYoungGen: 21754740K->643603K(22609920K)] 22552675K->1441898K(25755648K), 0.1187229 secs] [Times: user=4.20 sys=0.01, real=0.12 secs] 
5198.980: [GC (Allocation Failure) [PSYoungGen: 21746195K->650873K(22609920K)] 22544490K->1449519K(25755648K), 0.1199724 secs] [Times: user=4.23 sys=0.00, real=0.12 secs] 
5202.960: [GC (Allocation Failure) [PSYoungGen: 21753465K->631454K(22609920K)] 22552111K->1430476K(25755648K), 0.1169829 secs] [Times: user=4.12 sys=0.00, real=0.12 secs] 
5206.932: [GC (Allocation Failure) [PSYoungGen: 21734046K->662081K(22609920K)] 22533068K->1461472K(25755648K), 0.1219695 secs] [Times: user=4.31 sys=0.00, real=0.12 secs] 
5210.989: [GC (Allocation Failure) [PSYoungGen: 21764673K->656105K(22609920K)] 22564064K->1455856K(25755648K), 0.1208831 secs] [Times: user=4.26 sys=0.00, real=0.12 secs] 
5215.071: [GC (Allocation Failure) [PSYoungGen: 21758697K->662414K(22609920K)] 22558448K->1462525K(25755648K), 0.1222926 secs] [Times: user=4.30 sys=0.01, real=0.12 secs] 
5219.062: [GC (Allocation Failure) [PSYoungGen: 21765006K->638008K(22609920K)] 22565117K->1438471K(25755648K), 0.1178105 secs] [Times: user=4.16 sys=0.00, real=0.12 secs] 
5223.100: [GC (Allocation Failure) [PSYoungGen: 21740600K->656035K(22609920K)] 22541063K->1456866K(25755648K), 0.1214710 secs] [Times: user=4.29 sys=0.00, real=0.12 secs] 
5227.197: [GC (Allocation Failure) [PSYoungGen: 21758627K->635900K(22609920K)] 22559458K->1437083K(25755648K), 0.1224010 secs] [Times: user=4.22 sys=0.00, real=0.13 secs] 
5231.209: [GC (Allocation Failure) [PSYoungGen: 21738492K->659158K(22609920K)] 22539675K->1460708K(25755648K), 0.1225374 secs] [Times: user=4.33 sys=0.01, real=0.12 secs] 
5235.280: [GC (Allocation Failure) [PSYoungGen: 21761750K->664292K(22609920K)] 22563300K->1466210K(25755648K), 0.1217800 secs] [Times: user=4.25 sys=0.00, real=0.12 secs] 
5239.144: [GC (Allocation Failure) [PSYoungGen: 21766884K->662231K(22609920K)] 22568802K->1464510K(25755648K), 0.1219822 secs] [Times: user=4.31 sys=0.00, real=0.12 secs] 
5243.204: [GC (Allocation Failure) [PSYoungGen: 21764823K->639726K(22609920K)] 22567102K->1442372K(25755648K), 0.1194672 secs] [Times: user=4.18 sys=0.01, real=0.12 secs] 
5247.175: [GC (Allocation Failure) [PSYoungGen: 21742318K->648346K(22609920K)] 22544964K->1451352K(25755648K), 0.1209994 secs] [Times: user=4.19 sys=0.00, real=0.12 secs] 
5251.093: [GC (Allocation Failure) [PSYoungGen: 21750938K->667956K(22609920K)] 22553944K->1471315K(25755648K), 0.1230420 secs] [Times: user=4.35 sys=0.00, real=0.12 secs] 
5254.970: [GC (Allocation Failure) [PSYoungGen: 21770548K->665741K(22609920K)] 22573907K->1469468K(25755648K), 0.1237393 secs] [Times: user=4.26 sys=0.01, real=0.13 secs] 
5258.978: [GC (Allocation Failure) [PSYoungGen: 21768333K->649268K(22609920K)] 22572060K->1453354K(25755648K), 0.1197732 secs] [Times: user=4.22 sys=0.00, real=0.12 secs] 
5262.928: [GC (Allocation Failure) [PSYoungGen: 21751860K->629013K(22609920K)] 22555946K->1433451K(25755648K), 0.1168527 secs] [Times: user=4.12 sys=0.00, real=0.12 secs] 
5267.022: [GC (Allocation Failure) [PSYoungGen: 21731605K->642691K(22609920K)] 22536043K->1447498K(25755648K), 0.1183049 secs] [Times: user=4.18 sys=0.01, real=0.12 secs] 
5270.938: [GC (Allocation Failure) [PSYoungGen: 21745283K->641018K(22609920K)] 22550090K->1446184K(25755648K), 0.1207937 secs] [Times: user=4.14 sys=0.01, real=0.12 secs] 
5274.821: [GC (Allocation Failure) [PSYoungGen: 21743610K->631556K(22609920K)] 22548776K->1437083K(25755648K), 0.1216039 secs] [Times: user=4.15 sys=0.00, real=0.12 secs] 
5278.751: [GC (Allocation Failure) [PSYoungGen: 21734148K->645541K(22609920K)] 22539675K->1451427K(25755648K), 0.1195586 secs] [Times: user=4.22 sys=0.00, real=0.12 secs] 
5282.662: [GC (Allocation Failure) [PSYoungGen: 21748133K->609470K(22609920K)] 22554019K->1415717K(25755648K), 0.1133818 secs] [Times: user=3.97 sys=0.00, real=0.11 secs] 
5286.617: [GC (Allocation Failure) [PSYoungGen: 21712062K->635080K(22609920K)] 22518309K->1441703K(25755648K), 0.1170918 secs] [Times: user=4.10 sys=0.00, real=0.11 secs] 
5290.502: [GC (Allocation Failure) [PSYoungGen: 21737672K->655543K(22609920K)] 22544295K->1462542K(25755648K), 0.1203826 secs] [Times: user=4.24 sys=0.00, real=0.12 secs] 
5294.518: [GC (Allocation Failure) [PSYoungGen: 21758135K->679661K(22609920K)] 22565134K->1487020K(25755648K), 0.1240975 secs] [Times: user=4.39 sys=0.00, real=0.13 secs] 
5298.459: [GC (Allocation Failure) [PSYoungGen: 21782253K->667652K(22609920K)] 22589612K->1475378K(25755648K), 0.1243084 secs] [Times: user=4.38 sys=0.01, real=0.12 secs] 
5302.445: [GC (Allocation Failure) [PSYoungGen: 21770244K->656222K(22609920K)] 22577970K->1464301K(25755648K), 0.1210378 secs] [Times: user=4.27 sys=0.00, real=0.12 secs] 
5306.408: [GC (Allocation Failure) [PSYoungGen: 21758814K->650009K(22609920K)] 22566893K->1458456K(25755648K), 0.1225646 secs] [Times: user=4.28 sys=0.00, real=0.13 secs] 
5310.245: [GC (Allocation Failure) [PSYoungGen: 21752601K->662014K(22609920K)] 22561048K->1470837K(25755648K), 0.1230231 secs] [Times: user=4.27 sys=0.00, real=0.12 secs] 
5314.111: [GC (Allocation Failure) [PSYoungGen: 21764606K->661362K(22609920K)] 22573429K->1470553K(25755648K), 0.1225826 secs] [Times: user=4.29 sys=0.01, real=0.12 secs] 
5318.023: [GC (Allocation Failure) [PSYoungGen: 21763954K->649982K(22609920K)] 22573145K->1459532K(25755648K), 0.1211196 secs] [Times: user=4.21 sys=0.00, real=0.12 secs] 
5321.950: [GC (Allocation Failure) [PSYoungGen: 21752574K->655498K(22609920K)] 22562124K->1465409K(25755648K), 0.1221906 secs] [Times: user=4.28 sys=0.00, real=0.13 secs] 
5325.853: [GC (Allocation Failure) [PSYoungGen: 21758090K->647951K(22609920K)] 22568001K->1458222K(25755648K), 0.1198591 secs] [Times: user=4.22 sys=0.00, real=0.12 secs] 
5329.889: [GC (Allocation Failure) [PSYoungGen: 21750543K->618085K(22609920K)] 22560814K->1428707K(25755648K), 0.1138164 secs] [Times: user=4.01 sys=0.00, real=0.12 secs] 
5333.808: [GC (Allocation Failure) [PSYoungGen: 21720677K->633940K(22609920K)] 22531299K->1444939K(25755648K), 0.1199862 secs] [Times: user=4.11 sys=0.00, real=0.12 secs] 
5337.655: [GC (Allocation Failure) [PSYoungGen: 21736532K->636391K(22609920K)] 22547531K->1447757K(25755648K), 0.1177324 secs] [Times: user=4.16 sys=0.00, real=0.11 secs] 
5341.571: [GC (Allocation Failure) [PSYoungGen: 21738983K->665790K(22609920K)] 22550349K->1477517K(25755648K), 0.1225914 secs] [Times: user=4.32 sys=0.00, real=0.12 secs] 
5345.451: [GC (Allocation Failure) [PSYoungGen: 21768382K->668363K(22609920K)] 22580109K->1480442K(25755648K), 0.1246048 secs] [Times: user=4.39 sys=0.00, real=0.12 secs] 
5349.378: [GC (Allocation Failure) [PSYoungGen: 21770955K->677219K(22609920K)] 22583034K->1489650K(25755648K), 0.1262314 secs] [Times: user=4.35 sys=0.00, real=0.12 secs] 
5353.454: [GC (Allocation Failure) [PSYoungGen: 21779811K->667592K(22609920K)] 22592242K->1480391K(25755648K), 0.1223846 secs] [Times: user=4.33 sys=0.00, real=0.12 secs] 
5357.464: [GC (Allocation Failure) [PSYoungGen: 21770184K->656852K(22609920K)] 22582983K->1470011K(25755648K), 0.1213758 secs] [Times: user=4.28 sys=0.00, real=0.12 secs] 
5361.452: [GC (Allocation Failure) [PSYoungGen: 21759444K->663097K(22609920K)] 22572603K->1476615K(25755648K), 0.1226273 secs] [Times: user=4.33 sys=0.01, real=0.12 secs] 
5365.309: [GC (Allocation Failure) [PSYoungGen: 21765689K->660802K(22609920K)] 22579207K->1474689K(25755648K), 0.1214288 secs] [Times: user=4.26 sys=0.01, real=0.13 secs] 
5369.316: [GC (Allocation Failure) [PSYoungGen: 21763394K->666937K(22609920K)] 22577281K->1481192K(25755648K), 0.1244419 secs] [Times: user=4.39 sys=0.01, real=0.13 secs] 
5373.315: [GC (Allocation Failure) [PSYoungGen: 21769529K->695573K(22609920K)] 22583784K->1510196K(25755648K), 0.1282398 secs] [Times: user=4.49 sys=0.01, real=0.13 secs] 
5377.133: [GC (Allocation Failure) [PSYoungGen: 21798165K->650005K(22609920K)] 22612788K->1464988K(25755648K), 0.1203886 secs] [Times: user=4.24 sys=0.00, real=0.12 secs] 
5381.090: [GC (Allocation Failure) [PSYoungGen: 21752597K->689973K(22609920K)] 22567580K->1505308K(25755648K), 0.1269278 secs] [Times: user=4.46 sys=0.00, real=0.13 secs] 
5385.037: [GC (Allocation Failure) [PSYoungGen: 21792565K->648414K(22609920K)] 22607900K->1464117K(25755648K), 0.1195863 secs] [Times: user=4.22 sys=0.00, real=0.12 secs] 
5388.891: [GC (Allocation Failure) [PSYoungGen: 21751006K->643987K(22609920K)] 22566709K->1460058K(25755648K), 0.1191241 secs] [Times: user=4.21 sys=0.01, real=0.12 secs] 
5392.689: [GC (Allocation Failure) [PSYoungGen: 21746579K->636887K(22609920K)] 22562650K->1453318K(25755648K), 0.1173155 secs] [Times: user=4.14 sys=0.01, real=0.12 secs] 
5396.571: [GC (Allocation Failure) [PSYoungGen: 21739479K->653945K(22609920K)] 22555910K->1470744K(25755648K), 0.1216666 secs] [Times: user=4.27 sys=0.00, real=0.13 secs] 
5400.332: [GC (Allocation Failure) [PSYoungGen: 21756537K->652701K(22609920K)] 22573336K->1469844K(25755648K), 0.1213472 secs] [Times: user=4.24 sys=0.00, real=0.12 secs] 
5404.174: [GC (Allocation Failure) [PSYoungGen: 21755293K->693532K(22609920K)] 22572436K->1511035K(25755648K), 0.1283710 secs] [Times: user=4.42 sys=0.01, real=0.13 secs] 
5407.982: [GC (Allocation Failure) [PSYoungGen: 21796124K->627070K(22609920K)] 22613627K->1444925K(25755648K), 0.1164394 secs] [Times: user=4.07 sys=0.00, real=0.12 secs] 
5411.877: [GC (Allocation Failure) [PSYoungGen: 21729662K->643342K(22609920K)] 22547517K->1461549K(25755648K), 0.1222807 secs] [Times: user=4.21 sys=0.00, real=0.12 secs] 
5415.683: [GC (Allocation Failure) [PSYoungGen: 21745934K->627801K(22609920K)] 22564141K->1446368K(25755648K), 0.1168349 secs] [Times: user=4.12 sys=0.00, real=0.12 secs] 
5419.480: [GC (Allocation Failure) [PSYoungGen: 21730393K->670362K(22609920K)] 22548960K->1489304K(25755648K), 0.1263766 secs] [Times: user=4.37 sys=0.00, real=0.12 secs] 
5423.298: [GC (Allocation Failure) [PSYoungGen: 21772954K->668084K(22609920K)] 22591896K->1487387K(25755648K), 0.1218686 secs] [Times: user=4.30 sys=0.01, real=0.12 secs] 
5427.190: [GC (Allocation Failure) [PSYoungGen: 21770676K->645515K(22609920K)] 22589979K->1465193K(25755648K), 0.1193492 secs] [Times: user=4.20 sys=0.01, real=0.12 secs] 
5430.973: [GC (Allocation Failure) [PSYoungGen: 21748107K->663571K(22609920K)] 22567785K->1483609K(25755648K), 0.1228125 secs] [Times: user=4.34 sys=0.00, real=0.12 secs] 
5434.839: [GC (Allocation Failure) [PSYoungGen: 21766163K->678827K(22609920K)] 22586201K->1499234K(25755648K), 0.1251055 secs] [Times: user=4.37 sys=0.00, real=0.13 secs] 
5438.704: [GC (Allocation Failure) [PSYoungGen: 21781419K->634349K(22609920K)] 22601826K->1455124K(25755648K), 0.1223733 secs] [Times: user=4.20 sys=0.01, real=0.12 secs] 
5442.444: [GC (Allocation Failure) [PSYoungGen: 21736941K->694931K(22609920K)] 22557716K->1516082K(25755648K), 0.1268780 secs] [Times: user=4.48 sys=0.00, real=0.13 secs] 
5446.270: [GC (Allocation Failure) [PSYoungGen: 21797523K->661896K(22609920K)] 22618674K->1483422K(25755648K), 0.1219329 secs] [Times: user=4.30 sys=0.00, real=0.13 secs] 
5450.073: [GC (Allocation Failure) [PSYoungGen: 21764488K->662974K(22609920K)] 22586014K->1484877K(25755648K), 0.1234668 secs] [Times: user=4.25 sys=0.01, real=0.12 secs] 
5453.827: [GC (Allocation Failure) [PSYoungGen: 21765566K->663214K(22609920K)] 22587469K->1485468K(25755648K), 0.1216702 secs] [Times: user=4.29 sys=0.00, real=0.12 secs] 
5457.550: [GC (Allocation Failure) [PSYoungGen: 21765806K->732985K(22609920K)] 22588060K->1555608K(25755648K), 0.1338326 secs] [Times: user=4.73 sys=0.00, real=0.14 secs] 
5461.270: [GC (Allocation Failure) [PSYoungGen: 21835577K->682024K(22609920K)] 22658200K->1505014K(25755648K), 0.1248767 secs] [Times: user=4.40 sys=0.00, real=0.13 secs] 
5464.884: [GC (Allocation Failure) [PSYoungGen: 21784616K->736988K(22609920K)] 22607606K->1560354K(25755648K), 0.1335348 secs] [Times: user=4.71 sys=0.00, real=0.13 secs] 
5468.752: [GC (Allocation Failure) [PSYoungGen: 21839580K->641157K(22609920K)] 22662946K->1464875K(25755648K), 0.1175266 secs] [Times: user=4.15 sys=0.00, real=0.12 secs] 
5472.563: [GC (Allocation Failure) [PSYoungGen: 21743749K->713465K(22609920K)] 22567467K->1537552K(25755648K), 0.1299949 secs] [Times: user=4.59 sys=0.00, real=0.13 secs] 
5476.322: [GC (Allocation Failure) [PSYoungGen: 21816057K->677191K(22609920K)] 22640144K->1501629K(25755648K), 0.1252948 secs] [Times: user=4.39 sys=0.01, real=0.13 secs] 
5480.214: [GC (Allocation Failure) [PSYoungGen: 21779783K->668159K(22609920K)] 22604221K->1492965K(25755648K), 0.1244694 secs] [Times: user=4.39 sys=0.01, real=0.13 secs] 
5483.994: [GC (Allocation Failure) [PSYoungGen: 21770751K->679397K(22609920K)] 22595557K->1504572K(25755648K), 0.1263258 secs] [Times: user=4.46 sys=0.00, real=0.13 secs] 
5487.839: [GC (Allocation Failure) [PSYoungGen: 21781989K->686347K(22609920K)] 22607164K->1511898K(25755648K), 0.1246523 secs] [Times: user=4.41 sys=0.00, real=0.12 secs] 
5491.675: [GC (Allocation Failure) [PSYoungGen: 21788939K->630126K(22609920K)] 22614490K->1456029K(25755648K), 0.1171025 secs] [Times: user=4.13 sys=0.00, real=0.12 secs] 
5495.390: [GC (Allocation Failure) [PSYoungGen: 21732718K->693901K(22609920K)] 22558621K->1520163K(25755648K), 0.1273159 secs] [Times: user=4.50 sys=0.00, real=0.12 secs] 
5499.134: [GC (Allocation Failure) [PSYoungGen: 21796493K->657869K(22609920K)] 22622755K->1484475K(25755648K), 0.1221471 secs] [Times: user=4.31 sys=0.00, real=0.12 secs] 
5502.960: [GC (Allocation Failure) [PSYoungGen: 21760461K->670979K(22609920K)] 22587067K->1497953K(25755648K), 0.1235417 secs] [Times: user=4.36 sys=0.00, real=0.12 secs] 
5506.667: [GC (Allocation Failure) [PSYoungGen: 21773571K->672867K(22609920K)] 22600545K->1500210K(25755648K), 0.1232124 secs] [Times: user=4.35 sys=0.00, real=0.13 secs] 
5510.497: [GC (Allocation Failure) [PSYoungGen: 21775459K->733939K(22609920K)] 22602802K->1561657K(25755648K), 0.1345135 secs] [Times: user=4.75 sys=0.00, real=0.14 secs] 
5514.221: [GC (Allocation Failure) [PSYoungGen: 21836531K->661302K(22609920K)] 22664249K->1489357K(25755648K), 0.1220671 secs] [Times: user=4.27 sys=0.00, real=0.12 secs] 
5517.995: [GC (Allocation Failure) [PSYoungGen: 21763894K->687319K(22609920K)] 22591949K->1515742K(25755648K), 0.1261508 secs] [Times: user=4.44 sys=0.00, real=0.12 secs] 
5521.729: [GC (Allocation Failure) [PSYoungGen: 21789911K->686829K(22609920K)] 22618334K->1515620K(25755648K), 0.1245113 secs] [Times: user=4.40 sys=0.00, real=0.13 secs] 
5525.507: [GC (Allocation Failure) [PSYoungGen: 21789421K->689433K(22609920K)] 22618212K->1518583K(25755648K), 0.1267698 secs] [Times: user=4.48 sys=0.00, real=0.13 secs] 
5529.390: [GC (Allocation Failure) [PSYoungGen: 21792025K->670309K(22609920K)] 22621175K->1499803K(25755648K), 0.1222573 secs] [Times: user=4.31 sys=0.00, real=0.12 secs] 
5533.049: [GC (Allocation Failure) [PSYoungGen: 21772901K->669710K(22609920K)] 22602395K->1499581K(25755648K), 0.1227188 secs] [Times: user=4.32 sys=0.00, real=0.12 secs] 
5536.804: [GC (Allocation Failure) [PSYoungGen: 21772302K->638326K(22609920K)] 22602173K->1468565K(25755648K), 0.1184324 secs] [Times: user=4.18 sys=0.00, real=0.12 secs] 
5540.445: [GC (Allocation Failure) [PSYoungGen: 21740918K->718797K(22609920K)] 22571157K->1549403K(25755648K), 0.1317102 secs] [Times: user=4.65 sys=0.00, real=0.13 secs] 
5544.097: [GC (Allocation Failure) [PSYoungGen: 21821389K->683015K(22609920K)] 22651995K->1513973K(25755648K), 0.1247476 secs] [Times: user=4.42 sys=0.00, real=0.12 secs] 
5547.805: [GC (Allocation Failure) [PSYoungGen: 21785607K->643092K(22609920K)] 22616565K->1474410K(25755648K), 0.1190216 secs] [Times: user=4.19 sys=0.00, real=0.12 secs] 
5551.556: [GC (Allocation Failure) [PSYoungGen: 21745684K->687056K(22609920K)] 22577002K->1518718K(25755648K), 0.1261676 secs] [Times: user=4.43 sys=0.00, real=0.13 secs] 
5555.402: [GC (Allocation Failure) [PSYoungGen: 21789648K->678082K(22609920K)] 22621310K->1510104K(25755648K), 0.1273678 secs] [Times: user=4.42 sys=0.00, real=0.13 secs] 
5559.250: [GC (Allocation Failure) [PSYoungGen: 21780674K->680167K(22609920K)] 22612696K->1512558K(25755648K), 0.1263154 secs] [Times: user=4.45 sys=0.00, real=0.12 secs] 
5563.012: [GC (Allocation Failure) [PSYoungGen: 21782759K->665822K(22609920K)] 22615150K->1498588K(25755648K), 0.1223232 secs] [Times: user=4.32 sys=0.00, real=0.12 secs] 
5566.746: [GC (Allocation Failure) [PSYoungGen: 21768414K->715913K(22609920K)] 22601180K->1549040K(25755648K), 0.1304290 secs] [Times: user=4.60 sys=0.00, real=0.13 secs] 
5570.598: [GC (Allocation Failure) [PSYoungGen: 21818505K->693480K(22609920K)] 22651632K->1526974K(25755648K), 0.1260476 secs] [Times: user=4.44 sys=0.00, real=0.13 secs] 
5574.427: [GC (Allocation Failure) [PSYoungGen: 21796072K->688679K(22609920K)] 22629566K->1522542K(25755648K), 0.1263769 secs] [Times: user=4.47 sys=0.00, real=0.13 secs] 
5578.101: [GC (Allocation Failure) [PSYoungGen: 21791271K->704338K(22609920K)] 22625134K->1538560K(25755648K), 0.1283737 secs] [Times: user=4.49 sys=0.01, real=0.12 secs] 
5581.750: [GC (Allocation Failure) [PSYoungGen: 21806930K->682185K(22609920K)] 22641152K->1516888K(25755648K), 0.1263016 secs] [Times: user=4.46 sys=0.00, real=0.13 secs] 
5585.534: [GC (Allocation Failure) [PSYoungGen: 21784777K->698221K(22609920K)] 22619480K->1533292K(25755648K), 0.1287031 secs] [Times: user=4.54 sys=0.00, real=0.13 secs] 
5589.264: [GC (Allocation Failure) [PSYoungGen: 21800813K->712942K(22609920K)] 22635884K->1548389K(25755648K), 0.1304068 secs] [Times: user=4.60 sys=0.01, real=0.13 secs] 
5593.013: [GC (Allocation Failure) [PSYoungGen: 21815534K->673162K(22609920K)] 22650981K->1508976K(25755648K), 0.1227588 secs] [Times: user=4.33 sys=0.01, real=0.13 secs] 
5596.821: [GC (Allocation Failure) [PSYoungGen: 21775754K->676041K(22609920K)] 22611568K->1512208K(25755648K), 0.1244407 secs] [Times: user=4.41 sys=0.00, real=0.13 secs] 
5600.619: [GC (Allocation Failure) [PSYoungGen: 21778633K->663247K(22609920K)] 22614800K->1499781K(25755648K), 0.1230183 secs] [Times: user=4.27 sys=0.00, real=0.12 secs] 
5604.291: [GC (Allocation Failure) [PSYoungGen: 21765839K->663598K(22609920K)] 22602373K->1500493K(25755648K), 0.1226613 secs] [Times: user=4.33 sys=0.00, real=0.12 secs] 
5607.958: [GC (Allocation Failure) [PSYoungGen: 21766190K->662152K(22609920K)] 22603085K->1499391K(25755648K), 0.1218195 secs] [Times: user=4.30 sys=0.00, real=0.12 secs] 
5611.737: [GC (Allocation Failure) [PSYoungGen: 21764744K->669482K(22609920K)] 22601983K->1507112K(25755648K), 0.1224517 secs] [Times: user=4.33 sys=0.00, real=0.12 secs] 
5615.441: [GC (Allocation Failure) [PSYoungGen: 21772074K->679886K(22609920K)] 22609704K->1517877K(25755648K), 0.1236384 secs] [Times: user=4.37 sys=0.00, real=0.12 secs] 
5619.085: [GC (Allocation Failure) [PSYoungGen: 21782478K->672037K(22609920K)] 22620469K->1510403K(25755648K), 0.1226780 secs] [Times: user=4.32 sys=0.00, real=0.13 secs] 
5622.821: [GC (Allocation Failure) [PSYoungGen: 21774629K->667318K(22609920K)] 22612995K->1506052K(25755648K), 0.1225443 secs] [Times: user=4.33 sys=0.01, real=0.12 secs] 
5626.468: [GC (Allocation Failure) [PSYoungGen: 21769910K->711621K(22609920K)] 22608644K->1550691K(25755648K), 0.1289424 secs] [Times: user=4.55 sys=0.00, real=0.13 secs] 
5630.099: [GC (Allocation Failure) [PSYoungGen: 21814213K->645477K(22609920K)] 22653283K->1484907K(25755648K), 0.1187377 secs] [Times: user=4.19 sys=0.00, real=0.11 secs] 
5633.839: [GC (Allocation Failure) [PSYoungGen: 21748069K->631353K(22609920K)] 22587499K->1471136K(25755648K), 0.1172130 secs] [Times: user=4.14 sys=0.00, real=0.11 secs] 
5637.512: [GC (Allocation Failure) [PSYoungGen: 21733945K->661621K(22609920K)] 22573728K->1501779K(25755648K), 0.1213982 secs] [Times: user=4.29 sys=0.01, real=0.12 secs] 
5641.144: [GC (Allocation Failure) [PSYoungGen: 21764213K->644773K(22609920K)] 22604371K->1485283K(25755648K), 0.1187530 secs] [Times: user=4.19 sys=0.00, real=0.12 secs] 
5644.782: [GC (Allocation Failure) [PSYoungGen: 21747365K->624085K(22609920K)] 22587875K->1464947K(25755648K), 0.1167137 secs] [Times: user=4.12 sys=0.00, real=0.11 secs] 
5648.335: [GC (Allocation Failure) [PSYoungGen: 21726677K->692526K(22609920K)] 22567539K->1533756K(25755648K), 0.1281697 secs] [Times: user=4.53 sys=0.00, real=0.13 secs] 
5651.887: [GC (Allocation Failure) [PSYoungGen: 21795118K->693561K(22609920K)] 22636348K->1535168K(25755648K), 0.1274039 secs] [Times: user=4.51 sys=0.00, real=0.13 secs] 
5655.490: [GC (Allocation Failure) [PSYoungGen: 21796153K->657486K(22609920K)] 22637760K->1499445K(25755648K), 0.1210203 secs] [Times: user=4.27 sys=0.00, real=0.12 secs] 
5659.216: [GC (Allocation Failure) [PSYoungGen: 21760078K->645695K(22609920K)] 22602037K->1488005K(25755648K), 0.1215087 secs] [Times: user=4.27 sys=0.00, real=0.12 secs] 
5662.892: [GC (Allocation Failure) [PSYoungGen: 21748287K->628386K(22609920K)] 22590597K->1471065K(25755648K), 0.1167581 secs] [Times: user=4.12 sys=0.00, real=0.12 secs] 
5666.577: [GC (Allocation Failure) [PSYoungGen: 21730978K->684595K(22609920K)] 22573657K->1527634K(25755648K), 0.1259932 secs] [Times: user=4.45 sys=0.00, real=0.12 secs] 
5670.084: [GC (Allocation Failure) [PSYoungGen: 21787187K->687029K(22609920K)] 22630226K->1530427K(25755648K), 0.1250931 secs] [Times: user=4.43 sys=0.01, real=0.13 secs] 
5673.717: [GC (Allocation Failure) [PSYoungGen: 21789621K->630915K(22609920K)] 22633019K->1474689K(25755648K), 0.1167279 secs] [Times: user=4.11 sys=0.00, real=0.11 secs] 
5677.337: [GC (Allocation Failure) [PSYoungGen: 21733507K->690422K(22609920K)] 22577281K->1534573K(25755648K), 0.1267011 secs] [Times: user=4.43 sys=0.01, real=0.12 secs] 
5681.039: [GC (Allocation Failure) [PSYoungGen: 21793014K->663219K(22609920K)] 22637165K->1507705K(25755648K), 0.1234248 secs] [Times: user=4.36 sys=0.00, real=0.12 secs] 
5684.617: [GC (Allocation Failure) [PSYoungGen: 21765811K->653609K(22609920K)] 22610297K->1498472K(25755648K), 0.1239435 secs] [Times: user=4.23 sys=0.00, real=0.12 secs] 
5688.367: [GC (Allocation Failure) [PSYoungGen: 21756201K->691398K(22609920K)] 22601064K->1536636K(25755648K), 0.1269832 secs] [Times: user=4.49 sys=0.00, real=0.13 secs] 
5692.186: [GC (Allocation Failure) [PSYoungGen: 21793990K->652286K(22609920K)] 22639228K->1497876K(25755648K), 0.1243696 secs] [Times: user=4.29 sys=0.00, real=0.13 secs] 
5695.780: [GC (Allocation Failure) [PSYoungGen: 21754878K->653310K(22609920K)] 22600468K->1499277K(25755648K), 0.1222383 secs] [Times: user=4.28 sys=0.01, real=0.12 secs] 
5699.473: [GC (Allocation Failure) [PSYoungGen: 21755902K->662394K(22609920K)] 22601869K->1508744K(25755648K), 0.1221454 secs] [Times: user=4.31 sys=0.00, real=0.12 secs] 
5703.155: [GC (Allocation Failure) [PSYoungGen: 21764986K->668425K(22609920K)] 22611336K->1515120K(25755648K), 0.1228257 secs] [Times: user=4.33 sys=0.00, real=0.12 secs] 
5706.651: [GC (Allocation Failure) [PSYoungGen: 21771017K->638501K(22609920K)] 22617712K->1485563K(25755648K), 0.1173679 secs] [Times: user=4.14 sys=0.00, real=0.12 secs] 
5710.243: [GC (Allocation Failure) [PSYoungGen: 21741093K->670180K(22609920K)] 22588155K->1517595K(25755648K), 0.1261391 secs] [Times: user=4.31 sys=0.01, real=0.12 secs] 
5713.885: [GC (Allocation Failure) [PSYoungGen: 21772772K->675617K(22609920K)] 22620187K->1523400K(25755648K), 0.1245018 secs] [Times: user=4.36 sys=0.00, real=0.12 secs] 
5717.472: [GC (Allocation Failure) [PSYoungGen: 21778209K->660389K(22609920K)] 22625992K->1508547K(25755648K), 0.1219066 secs] [Times: user=4.25 sys=0.00, real=0.13 secs] 
5721.189: [GC (Allocation Failure) [PSYoungGen: 21762981K->672239K(22609920K)] 22611139K->1520742K(25755648K), 0.1241029 secs] [Times: user=4.34 sys=0.00, real=0.13 secs] 
5724.839: [GC (Allocation Failure) [PSYoungGen: 21774831K->661748K(22609920K)] 22623334K->1510618K(25755648K), 0.1224281 secs] [Times: user=4.33 sys=0.00, real=0.12 secs] 
5728.440: [GC (Allocation Failure) [PSYoungGen: 21764340K->697563K(22609920K)] 22613210K->1546818K(25755648K), 0.1273855 secs] [Times: user=4.51 sys=0.00, real=0.13 secs] 
5732.066: [GC (Allocation Failure) [PSYoungGen: 21800155K->656129K(22609920K)] 22649410K->1505735K(25755648K), 0.1221494 secs] [Times: user=4.30 sys=0.00, real=0.12 secs] 
5735.784: [GC (Allocation Failure) [PSYoungGen: 21758721K->650863K(22609920K)] 22608327K->1500846K(25755648K), 0.1232254 secs] [Times: user=4.21 sys=0.01, real=0.13 secs] 
5739.542: [GC (Allocation Failure) [PSYoungGen: 21753455K->704285K(22609920K)] 22603438K->1554636K(25755648K), 0.1286968 secs] [Times: user=4.55 sys=0.00, real=0.13 secs] 
5743.072: [GC (Allocation Failure) [PSYoungGen: 21806877K->658524K(22609920K)] 22657228K->1509219K(25755648K), 0.1233348 secs] [Times: user=4.35 sys=0.00, real=0.12 secs] 
5746.695: [GC (Allocation Failure) [PSYoungGen: 21761116K->652707K(22609920K)] 22611811K->1503762K(25755648K), 0.1219955 secs] [Times: user=4.30 sys=0.00, real=0.13 secs] 
5750.419: [GC (Allocation Failure) [PSYoungGen: 21755299K->689567K(22609920K)] 22606354K->1541006K(25755648K), 0.1276296 secs] [Times: user=4.50 sys=0.00, real=0.12 secs] 
5754.075: [GC (Allocation Failure) [PSYoungGen: 21792159K->656876K(22609920K)] 22643598K->1508666K(25755648K), 0.1207943 secs] [Times: user=4.26 sys=0.00, real=0.12 secs] 
5757.678: [GC (Allocation Failure) [PSYoungGen: 21759468K->634667K(22609920K)] 22611258K->1486826K(25755648K), 0.1200222 secs] [Times: user=4.16 sys=0.00, real=0.12 secs] 
5761.270: [GC (Allocation Failure) [PSYoungGen: 21737259K->674275K(22609920K)] 22589418K->1526810K(25755648K), 0.1233406 secs] [Times: user=4.35 sys=0.00, real=0.12 secs] 
5764.830: [GC (Allocation Failure) [PSYoungGen: 21776867K->664494K(22609920K)] 22629402K->1517372K(25755648K), 0.1229511 secs] [Times: user=4.33 sys=0.00, real=0.12 secs] 
5768.423: [GC (Allocation Failure) [PSYoungGen: 21767086K->676804K(22609920K)] 22619964K->1530059K(25755648K), 0.1248333 secs] [Times: user=4.41 sys=0.00, real=0.12 secs] 
5771.976: [GC (Allocation Failure) [PSYoungGen: 21779396K->669722K(22609920K)] 22632651K->1523320K(25755648K), 0.1250890 secs] [Times: user=4.35 sys=0.00, real=0.13 secs] 
5775.569: [GC (Allocation Failure) [PSYoungGen: 21772314K->709430K(22609920K)] 22625912K->1563397K(25755648K), 0.1287272 secs] [Times: user=4.55 sys=0.00, real=0.13 secs] 
5779.131: [GC (Allocation Failure) [PSYoungGen: 21812022K->727934K(22609920K)] 22665989K->1582285K(25755648K), 0.1329245 secs] [Times: user=4.70 sys=0.01, real=0.14 secs] 
5782.772: [GC (Allocation Failure) [PSYoungGen: 21830526K->638183K(22609920K)] 22684877K->1492885K(25755648K), 0.1176444 secs] [Times: user=4.15 sys=0.01, real=0.12 secs] 
5786.337: [GC (Allocation Failure) [PSYoungGen: 21740775K->676064K(22609920K)] 22595477K->1531142K(25755648K), 0.1254691 secs] [Times: user=4.44 sys=0.00, real=0.12 secs] 
5789.883: [GC (Allocation Failure) [PSYoungGen: 21778656K->645365K(22609920K)] 22633734K->1500812K(25755648K), 0.1194616 secs] [Times: user=4.22 sys=0.00, real=0.11 secs] 
5793.343: [GC (Allocation Failure) [PSYoungGen: 21747957K->660491K(22609920K)] 22603404K->1516282K(25755648K), 0.1233491 secs] [Times: user=4.31 sys=0.01, real=0.13 secs] 
5796.874: [GC (Allocation Failure) [PSYoungGen: 21763083K->682699K(22609920K)] 22618874K->1538866K(25755648K), 0.1260503 secs] [Times: user=4.41 sys=0.00, real=0.12 secs] 
5800.483: [GC (Allocation Failure) [PSYoungGen: 21785291K->671685K(22609920K)] 22641458K->1528211K(25755648K), 0.1266250 secs] [Times: user=4.48 sys=0.01, real=0.13 secs] 
5804.097: [GC (Allocation Failure) [PSYoungGen: 21774277K->641157K(22609920K)] 22630803K->1498027K(25755648K), 0.1178236 secs] [Times: user=4.16 sys=0.00, real=0.11 secs] 
5807.754: [GC (Allocation Failure) [PSYoungGen: 21743749K->646677K(22609920K)] 22600619K->1503924K(25755648K), 0.1187612 secs] [Times: user=4.19 sys=0.00, real=0.12 secs] 
5811.371: [GC (Allocation Failure) [PSYoungGen: 21749269K->700841K(22609920K)] 22606516K->1558472K(25755648K), 0.1287639 secs] [Times: user=4.55 sys=0.00, real=0.13 secs] 
5815.003: [GC (Allocation Failure) [PSYoungGen: 21803433K->628745K(22609920K)] 22661064K->1486720K(25755648K), 0.1165510 secs] [Times: user=4.12 sys=0.00, real=0.12 secs] 
5818.611: [GC (Allocation Failure) [PSYoungGen: 21731337K->711479K(22609920K)] 22589312K->1569837K(25755648K), 0.1296618 secs] [Times: user=4.59 sys=0.01, real=0.13 secs] 
5822.133: [GC (Allocation Failure) [PSYoungGen: 21814071K->667806K(22609920K)] 22672429K->1526501K(25755648K), 0.1224406 secs] [Times: user=4.33 sys=0.00, real=0.12 secs] 
5825.783: [GC (Allocation Failure) [PSYoungGen: 21770398K->674225K(22609920K)] 22629093K->1533296K(25755648K), 0.1257359 secs] [Times: user=4.44 sys=0.00, real=0.13 secs] 
5829.381: [GC (Allocation Failure) [PSYoungGen: 21776817K->666305K(22609920K)] 22635888K->1525728K(25755648K), 0.1234680 secs] [Times: user=4.35 sys=0.01, real=0.12 secs] 
5832.946: [GC (Allocation Failure) [PSYoungGen: 21768897K->664285K(22609920K)] 22628320K->1524092K(25755648K), 0.1217372 secs] [Times: user=4.31 sys=0.00, real=0.12 secs] 
5836.430: [GC (Allocation Failure) [PSYoungGen: 21766877K->670163K(22609920K)] 22626684K->1530346K(25755648K), 0.1237886 secs] [Times: user=4.38 sys=0.00, real=0.13 secs] 
5839.924: [GC (Allocation Failure) [PSYoungGen: 21772755K->681555K(22609920K)] 22632938K->1542082K(25755648K), 0.1259523 secs] [Times: user=4.43 sys=0.00, real=0.12 secs] 
5843.425: [GC (Allocation Failure) [PSYoungGen: 21784147K->687038K(22609920K)] 22644674K->1547957K(25755648K), 0.1263019 secs] [Times: user=4.44 sys=0.01, real=0.13 secs] 
5846.944: [GC (Allocation Failure) [PSYoungGen: 21789630K->678056K(22609920K)] 22650549K->1539327K(25755648K), 0.1263247 secs] [Times: user=4.39 sys=0.00, real=0.12 secs] 
5850.428: [GC (Allocation Failure) [PSYoungGen: 21780648K->672179K(22609920K)] 22641919K->1533818K(25755648K), 0.1252606 secs] [Times: user=4.41 sys=0.00, real=0.13 secs] 
5854.036: [GC (Allocation Failure) [PSYoungGen: 21774771K->664368K(22609920K)] 22636410K->1526358K(25755648K), 0.1228321 secs] [Times: user=4.33 sys=0.00, real=0.12 secs] 
5857.598: [GC (Allocation Failure) [PSYoungGen: 21766960K->690948K(22609920K)] 22628950K->1553314K(25755648K), 0.1281197 secs] [Times: user=4.52 sys=0.00, real=0.13 secs] 
5861.102: [GC (Allocation Failure) [PSYoungGen: 21793540K->681478K(22609920K)] 22655906K->1544220K(25755648K), 0.1278539 secs] [Times: user=4.43 sys=0.00, real=0.13 secs] 
5864.626: [GC (Allocation Failure) [PSYoungGen: 21784070K->646489K(22609920K)] 22646812K->1509575K(25755648K), 0.1192760 secs] [Times: user=4.20 sys=0.00, real=0.12 secs] 
5868.094: [GC (Allocation Failure) [PSYoungGen: 21749081K->713555K(22609920K)] 22612167K->1577018K(25755648K), 0.1297784 secs] [Times: user=4.59 sys=0.01, real=0.13 secs] 
5871.567: [GC (Allocation Failure) [PSYoungGen: 21816147K->717253K(22609920K)] 22679610K->1581076K(25755648K), 0.1301530 secs] [Times: user=4.60 sys=0.00, real=0.13 secs] 
5875.121: [GC (Allocation Failure) [PSYoungGen: 21819845K->678608K(22609920K)] 22683668K->1542783K(25755648K), 0.1244706 secs] [Times: user=4.39 sys=0.00, real=0.12 secs] 
5878.639: [GC (Allocation Failure) [PSYoungGen: 21781200K->650961K(22609920K)] 22645375K->1515512K(25755648K), 0.1210354 secs] [Times: user=4.24 sys=0.00, real=0.12 secs] 
5882.212: [GC (Allocation Failure) [PSYoungGen: 21753553K->689513K(22609920K)] 22618104K->1554416K(25755648K), 0.1291157 secs] [Times: user=4.52 sys=0.00, real=0.13 secs] 
5885.767: [GC (Allocation Failure) [PSYoungGen: 21792105K->647397K(22609920K)] 22657008K->1512667K(25755648K), 0.1216453 secs] [Times: user=4.23 sys=0.00, real=0.13 secs] 
5889.231: [GC (Allocation Failure) [PSYoungGen: 21749989K->695468K(22609920K)] 22615259K->1561099K(25755648K), 0.1277666 secs] [Times: user=4.50 sys=0.00, real=0.13 secs] 
5892.772: [GC (Allocation Failure) [PSYoungGen: 21798060K->687010K(22609920K)] 22663691K->1553017K(25755648K), 0.1259234 secs] [Times: user=4.45 sys=0.00, real=0.12 secs] 
5896.270: [GC (Allocation Failure) [PSYoungGen: 21789602K->689048K(22609920K)] 22655609K->1555407K(25755648K), 0.1261153 secs] [Times: user=4.45 sys=0.01, real=0.12 secs] 
5899.795: [GC (Allocation Failure) [PSYoungGen: 21791640K->668828K(22609920K)] 22657999K->1535563K(25755648K), 0.1235590 secs] [Times: user=4.36 sys=0.00, real=0.12 secs] 
5903.276: [GC (Allocation Failure) [PSYoungGen: 21771420K->681189K(22609920K)] 22638155K->1548284K(25755648K), 0.1248632 secs] [Times: user=4.41 sys=0.01, real=0.13 secs] 
5906.798: [GC (Allocation Failure) [PSYoungGen: 21783781K->663751K(22609920K)] 22650876K->1531206K(25755648K), 0.1236665 secs] [Times: user=4.33 sys=0.00, real=0.13 secs] 
5910.298: [GC (Allocation Failure) [PSYoungGen: 21766343K->697678K(22609920K)] 22633798K->1565493K(25755648K), 0.1275689 secs] [Times: user=4.51 sys=0.01, real=0.13 secs] 
5913.778: [GC (Allocation Failure) [PSYoungGen: 21800270K->640966K(22609920K)] 22668085K->1509141K(25755648K), 0.1203291 secs] [Times: user=4.24 sys=0.00, real=0.12 secs] 
5917.345: [GC (Allocation Failure) [PSYoungGen: 21743558K->673635K(22609920K)] 22611733K->1542194K(25755648K), 0.1265075 secs] [Times: user=4.37 sys=0.00, real=0.12 secs] 
5920.719: [GC (Allocation Failure) [PSYoungGen: 21776227K->647487K(22609920K)] 22644786K->1516398K(25755648K), 0.1208987 secs] [Times: user=4.24 sys=0.00, real=0.12 secs] 
5924.188: [GC (Allocation Failure) [PSYoungGen: 21750079K->654396K(22609920K)] 22618990K->1523658K(25755648K), 0.1214136 secs] [Times: user=4.28 sys=0.00, real=0.12 secs] 
5927.623: [GC (Allocation Failure) [PSYoungGen: 21756988K->680497K(22609920K)] 22626250K->1550136K(25755648K), 0.1260108 secs] [Times: user=4.45 sys=0.00, real=0.13 secs] 
5931.226: [GC (Allocation Failure) [PSYoungGen: 21783089K->673338K(22609920K)] 22652728K->1543345K(25755648K), 0.1243338 secs] [Times: user=4.39 sys=0.00, real=0.12 secs] 
5934.641: [GC (Allocation Failure) [PSYoungGen: 21775930K->654860K(22609920K)] 22645937K->1525218K(25755648K), 0.1229132 secs] [Times: user=4.26 sys=0.00, real=0.12 secs] 
5938.108: [GC (Allocation Failure) [PSYoungGen: 21757452K->704343K(22609920K)] 22627810K->1575077K(25755648K), 0.1303626 secs] [Times: user=4.53 sys=0.00, real=0.13 secs] 
5941.601: [GC (Allocation Failure) [PSYoungGen: 21806935K->678931K(22609920K)] 22677669K->1550010K(25755648K), 0.1248138 secs] [Times: user=4.40 sys=0.00, real=0.12 secs] 
5945.174: [GC (Allocation Failure) [PSYoungGen: 21781523K->662705K(22609920K)] 22652602K->1534152K(25755648K), 0.1225396 secs] [Times: user=4.33 sys=0.00, real=0.12 secs] 
5948.701: [GC (Allocation Failure) [PSYoungGen: 21765297K->656769K(22609920K)] 22636744K->1528551K(25755648K), 0.1217465 secs] [Times: user=4.30 sys=0.00, real=0.12 secs] 
5952.091: [GC (Allocation Failure) [PSYoungGen: 21759361K->655171K(22609920K)] 22631143K->1527338K(25755648K), 0.1243011 secs] [Times: user=4.34 sys=0.00, real=0.12 secs] 
5955.539: [GC (Allocation Failure) [PSYoungGen: 21757763K->691969K(22609920K)] 22629930K->1564496K(25755648K), 0.1274244 secs] [Times: user=4.49 sys=0.00, real=0.12 secs] 
5959.019: [GC (Allocation Failure) [PSYoungGen: 21794561K->689788K(22609920K)] 22667088K->1562691K(25755648K), 0.1261680 secs] [Times: user=4.46 sys=0.00, real=0.13 secs] 
5962.570: [GC (Allocation Failure) [PSYoungGen: 21792380K->672761K(22609920K)] 22665283K->1546015K(25755648K), 0.1239320 secs] [Times: user=4.35 sys=0.00, real=0.12 secs] 
5966.105: [GC (Allocation Failure) [PSYoungGen: 21775353K->721086K(22609920K)] 22648607K->1594725K(25755648K), 0.1328327 secs] [Times: user=4.70 sys=0.00, real=0.13 secs] 
5969.689: [GC (Allocation Failure) [PSYoungGen: 21823678K->676161K(22609920K)] 22697317K->1550151K(25755648K), 0.1235468 secs] [Times: user=4.37 sys=0.00, real=0.13 secs] 
5973.088: [GC (Allocation Failure) [PSYoungGen: 21778753K->669908K(22609920K)] 22652743K->1544274K(25755648K), 0.1227002 secs] [Times: user=4.33 sys=0.00, real=0.12 secs] 
5976.579: [GC (Allocation Failure) [PSYoungGen: 21772500K->677922K(22609920K)] 22646866K->1552633K(25755648K), 0.1238660 secs] [Times: user=4.37 sys=0.00, real=0.13 secs] 
5980.020: [GC (Allocation Failure) [PSYoungGen: 21780514K->717287K(22609920K)] 22655225K->1592373K(25755648K), 0.1320464 secs] [Times: user=4.66 sys=0.00, real=0.13 secs] 
5983.437: [GC (Allocation Failure) [PSYoungGen: 21819879K->700590K(22609920K)] 22694965K->1576029K(25755648K), 0.1289519 secs] [Times: user=4.54 sys=0.00, real=0.13 secs] 
5986.891: [GC (Allocation Failure) [PSYoungGen: 21803182K->631520K(22609920K)] 22678621K->1507335K(25755648K), 0.1182707 secs] [Times: user=4.16 sys=0.00, real=0.12 secs] 
5990.362: [GC (Allocation Failure) [PSYoungGen: 21734112K->669840K(22609920K)] 22609927K->1546015K(25755648K), 0.1239563 secs] [Times: user=4.35 sys=0.00, real=0.13 secs] 
5993.799: [GC (Allocation Failure) [PSYoungGen: 21772432K->647919K(22609920K)] 22648607K->1524454K(25755648K), 0.1194110 secs] [Times: user=4.21 sys=0.00, real=0.12 secs] 
5997.254: [GC (Allocation Failure) [PSYoungGen: 21750511K->675107K(22609920K)] 22627046K->1552018K(25755648K), 0.1261984 secs] [Times: user=4.42 sys=0.00, real=0.13 secs] 
6000.634: [GC (Allocation Failure) [PSYoungGen: 21777699K->674697K(22609920K)] 22654610K->1551976K(25755648K), 0.1259779 secs] [Times: user=4.39 sys=0.00, real=0.13 secs] 
6004.033: [GC (Allocation Failure) [PSYoungGen: 21777289K->685212K(22609920K)] 22654568K->1562851K(25755648K), 0.1268250 secs] [Times: user=4.45 sys=0.00, real=0.13 secs] 
6007.460: [GC (Allocation Failure) [PSYoungGen: 21787804K->708276K(22609920K)] 22665443K->1586266K(25755648K), 0.1296901 secs] [Times: user=4.59 sys=0.00, real=0.13 secs] 
6010.965: [GC (Allocation Failure) [PSYoungGen: 21810868K->641425K(22609920K)] 22688858K->1519792K(25755648K), 0.1184878 secs] [Times: user=4.18 sys=0.00, real=0.12 secs] 
6014.378: [GC (Allocation Failure) [PSYoungGen: 21744017K->696450K(22609920K)] 22622384K->1575161K(25755648K), 0.1293241 secs] [Times: user=4.50 sys=0.00, real=0.13 secs] 
6017.814: [GC (Allocation Failure) [PSYoungGen: 21799042K->658494K(22609920K)] 22677753K->1537580K(25755648K), 0.1221505 secs] [Times: user=4.31 sys=0.00, real=0.12 secs] 
6021.181: [GC (Allocation Failure) [PSYoungGen: 21761086K->713779K(22609920K)] 22640172K->1593242K(25755648K), 0.1310174 secs] [Times: user=4.63 sys=0.00, real=0.13 secs] 
6024.589: [GC (Allocation Failure) [PSYoungGen: 21816371K->733160K(22609920K)] 22695834K->1612974K(25755648K), 0.1337033 secs] [Times: user=4.72 sys=0.00, real=0.13 secs] 
6028.061: [GC (Allocation Failure) [PSYoungGen: 21835752K->701610K(22609920K)] 22715566K->1581777K(25755648K), 0.1288106 secs] [Times: user=4.55 sys=0.00, real=0.13 secs] 
6031.474: [GC (Allocation Failure) [PSYoungGen: 21804202K->753229K(22609920K)] 22684369K->1633780K(25755648K), 0.1370185 secs] [Times: user=4.84 sys=0.00, real=0.14 secs] 
6034.880: [GC (Allocation Failure) [PSYoungGen: 21855821K->694705K(22609920K)] 22736372K->1575608K(25755648K), 0.1285928 secs] [Times: user=4.53 sys=0.00, real=0.13 secs] 
6038.415: [GC (Allocation Failure) [PSYoungGen: 21797297K->713499K(22609920K)] 22678200K->1594786K(25755648K), 0.1319010 secs] [Times: user=4.65 sys=0.01, real=0.13 secs] 
6041.835: [GC (Allocation Failure) [PSYoungGen: 21816091K->683567K(22609920K)] 22697378K->1565213K(25755648K), 0.1260640 secs] [Times: user=4.46 sys=0.00, real=0.13 secs] 
6045.315: [GC (Allocation Failure) [PSYoungGen: 21786159K->700304K(22609920K)] 22667805K->1582319K(25755648K), 0.1288662 secs] [Times: user=4.55 sys=0.00, real=0.13 secs] 
6048.624: [GC (Allocation Failure) [PSYoungGen: 21802896K->706054K(22609920K)] 22684911K->1588428K(25755648K), 0.1338736 secs] [Times: user=4.55 sys=0.01, real=0.13 secs] 
6052.004: [GC (Allocation Failure) [PSYoungGen: 21808646K->697689K(22609920K)] 22691020K->1580456K(25755648K), 0.1299282 secs] [Times: user=4.59 sys=0.00, real=0.13 secs] 
6055.410: [GC (Allocation Failure) [PSYoungGen: 21800281K->680786K(22609920K)] 22683048K->1563905K(25755648K), 0.1243621 secs] [Times: user=4.40 sys=0.00, real=0.13 secs] 
6058.824: [GC (Allocation Failure) [PSYoungGen: 21783378K->677196K(22609920K)] 22666497K->1560666K(25755648K), 0.1265827 secs] [Times: user=4.44 sys=0.00, real=0.13 secs] 
6062.192: [GC (Allocation Failure) [PSYoungGen: 21779788K->701550K(22609920K)] 22663258K->1585389K(25755648K), 0.1295507 secs] [Times: user=4.56 sys=0.01, real=0.13 secs] 
6065.599: [GC (Allocation Failure) [PSYoungGen: 21804142K->687717K(22609920K)] 22687981K->1571899K(25755648K), 0.1264805 secs] [Times: user=4.45 sys=0.00, real=0.13 secs] 
6068.896: [GC (Allocation Failure) [PSYoungGen: 21790309K->694203K(22609920K)] 22674491K->1578777K(25755648K), 0.1282660 secs] [Times: user=4.52 sys=0.00, real=0.12 secs] 
6072.226: [GC (Allocation Failure) [PSYoungGen: 21796795K->661223K(22609920K)] 22681369K->1546158K(25755648K), 0.1224180 secs] [Times: user=4.30 sys=0.00, real=0.12 secs] 
6075.574: [GC (Allocation Failure) [PSYoungGen: 21763815K->750777K(22609920K)] 22648750K->1636072K(25755648K), 0.1370810 secs] [Times: user=4.85 sys=0.00, real=0.14 secs] 
6078.902: [GC (Allocation Failure) [PSYoungGen: 21853369K->698705K(22609920K)] 22738664K->1584375K(25755648K), 0.1289569 secs] [Times: user=4.55 sys=0.00, real=0.13 secs] 
6082.206: [GC (Allocation Failure) [PSYoungGen: 21801297K->696186K(22609920K)] 22686967K->1582209K(25755648K), 0.1286829 secs] [Times: user=4.53 sys=0.00, real=0.13 secs] 
6085.652: [GC (Allocation Failure) [PSYoungGen: 21798778K->687930K(22609920K)] 22684801K->1574337K(25755648K), 0.1261204 secs] [Times: user=4.46 sys=0.01, real=0.13 secs] 
6089.038: [GC (Allocation Failure) [PSYoungGen: 21790522K->650988K(22609920K)] 22676929K->1537747K(25755648K), 0.1226135 secs] [Times: user=4.31 sys=0.00, real=0.13 secs] 
6092.406: [GC (Allocation Failure) [PSYoungGen: 21753580K->711890K(22609920K)] 22640339K->1599033K(25755648K), 0.1309252 secs] [Times: user=4.64 sys=0.00, real=0.13 secs] 
6095.762: [GC (Allocation Failure) [PSYoungGen: 21814482K->696370K(22609920K)] 22701625K->1583872K(25755648K), 0.1282244 secs] [Times: user=4.48 sys=0.00, real=0.13 secs] 
6099.102: [GC (Allocation Failure) [PSYoungGen: 21798962K->714051K(22609920K)] 22686464K->1601946K(25755648K), 0.1301785 secs] [Times: user=4.60 sys=0.00, real=0.13 secs] 
6102.525: [GC (Allocation Failure) [PSYoungGen: 21816643K->695895K(22609920K)] 22704538K->1584157K(25755648K), 0.1291225 secs] [Times: user=4.55 sys=0.00, real=0.13 secs] 
6106.064: [GC (Allocation Failure) [PSYoungGen: 21798487K->673354K(22609920K)] 22686749K->1561977K(25755648K), 0.1247682 secs] [Times: user=4.41 sys=0.01, real=0.12 secs] 
6109.413: [GC (Allocation Failure) [PSYoungGen: 21775946K->716605K(22609920K)] 22664569K->1605603K(25755648K), 0.1323347 secs] [Times: user=4.67 sys=0.00, real=0.13 secs] 
6112.742: [GC (Allocation Failure) [PSYoungGen: 21819197K->677598K(22609920K)] 22708195K->1566941K(25755648K), 0.1258947 secs] [Times: user=4.42 sys=0.01, real=0.12 secs] 
6116.088: [GC (Allocation Failure) [PSYoungGen: 21780190K->693294K(22609920K)] 22669533K->1582989K(25755648K), 0.1283918 secs] [Times: user=4.47 sys=0.00, real=0.13 secs] 
6119.440: [GC (Allocation Failure) [PSYoungGen: 21795886K->714854K(22609920K)] 22685581K->1604933K(25755648K), 0.1337520 secs] [Times: user=4.61 sys=0.00, real=0.14 secs] 
6122.828: [GC (Allocation Failure) [PSYoungGen: 21817446K->658245K(22609920K)] 22707525K->1548675K(25755648K), 0.1218586 secs] [Times: user=4.27 sys=0.00, real=0.12 secs] 
6126.153: [GC (Allocation Failure) [PSYoungGen: 21760837K->731149K(22609920K)] 22651267K->1621932K(25755648K), 0.1350146 secs] [Times: user=4.74 sys=0.00, real=0.14 secs] 
6129.481: [GC (Allocation Failure) [PSYoungGen: 21833741K->683469K(22609920K)] 22724524K->1574644K(25755648K), 0.1280259 secs] [Times: user=4.39 sys=0.00, real=0.13 secs] 
6132.859: [GC (Allocation Failure) [PSYoungGen: 21786061K->669466K(22609920K)] 22677236K->1561001K(25755648K), 0.1233391 secs] [Times: user=4.35 sys=0.00, real=0.12 secs] 
6136.235: [GC (Allocation Failure) [PSYoungGen: 21772058K->717768K(22609920K)] 22663593K->1609686K(25755648K), 0.1325194 secs] [Times: user=4.69 sys=0.00, real=0.14 secs] 
6139.603: [GC (Allocation Failure) [PSYoungGen: 21820360K->691344K(22609920K)] 22712278K->1583615K(25755648K), 0.1281489 secs] [Times: user=4.48 sys=0.00, real=0.13 secs] 
6142.954: [GC (Allocation Failure) [PSYoungGen: 21793936K->710692K(22609920K)] 22686207K->1603323K(25755648K), 0.1308920 secs] [Times: user=4.60 sys=0.00, real=0.13 secs] 
6146.334: [GC (Allocation Failure) [PSYoungGen: 21813284K->737297K(22609920K)] 22705915K->1630312K(25755648K), 0.1355221 secs] [Times: user=4.77 sys=0.00, real=0.14 secs] 
6149.732: [GC (Allocation Failure) [PSYoungGen: 21839889K->653611K(22609920K)] 22732904K->1546969K(25755648K), 0.1208168 secs] [Times: user=4.26 sys=0.01, real=0.12 secs] 
6153.142: [GC (Allocation Failure) [PSYoungGen: 21756203K->698472K(22609920K)] 22649561K->1592183K(25755648K), 0.1290234 secs] [Times: user=4.51 sys=0.00, real=0.13 secs] 
6156.538: [GC (Allocation Failure) [PSYoungGen: 21801064K->727108K(22609920K)] 22694775K->1621203K(25755648K), 0.1320632 secs] [Times: user=4.68 sys=0.00, real=0.14 secs] 
6159.963: [GC (Allocation Failure) [PSYoungGen: 21829700K->710485K(22609920K)] 22723795K->1604931K(25755648K), 0.1317243 secs] [Times: user=4.66 sys=0.00, real=0.13 secs] 
6163.329: [GC (Allocation Failure) [PSYoungGen: 21813077K->710497K(22609920K)] 22707523K->1605328K(25755648K), 0.1302568 secs] [Times: user=4.60 sys=0.00, real=0.13 secs] 
6166.713: [GC (Allocation Failure) [PSYoungGen: 21813089K->694887K(22609920K)] 22707920K->1590078K(25755648K), 0.1291027 secs] [Times: user=4.53 sys=0.00, real=0.13 secs] 
6170.055: [GC (Allocation Failure) [PSYoungGen: 21797479K->707310K(22609920K)] 22692670K->1602853K(25755648K), 0.1298563 secs] [Times: user=4.56 sys=0.00, real=0.13 secs] 
6173.451: [GC (Allocation Failure) [PSYoungGen: 21809902K->707143K(22609920K)] 22705445K->1603061K(25755648K), 0.1292939 secs] [Times: user=4.55 sys=0.00, real=0.13 secs] 
6176.796: [GC (Allocation Failure) [PSYoungGen: 21809735K->700377K(22609920K)] 22705653K->1596656K(25755648K), 0.1292053 secs] [Times: user=4.58 sys=0.00, real=0.13 secs] 
6180.063: [GC (Allocation Failure) [PSYoungGen: 21802969K->715852K(22609920K)] 22699248K->1612483K(25755648K), 0.1319556 secs] [Times: user=4.60 sys=0.00, real=0.13 secs] 
6183.434: [GC (Allocation Failure) [PSYoungGen: 21818444K->677517K(22609920K)] 22715075K->1574524K(25755648K), 0.1263661 secs] [Times: user=4.38 sys=0.01, real=0.12 secs] 
6186.660: [GC (Allocation Failure) [PSYoungGen: 21780109K->679100K(22609920K)] 22677116K->1576467K(25755648K), 0.1259726 secs] [Times: user=4.45 sys=0.01, real=0.13 secs] 
6189.908: [GC (Allocation Failure) [PSYoungGen: 21781692K->739189K(22609920K)] 22679059K->1636916K(25755648K), 0.1356621 secs] [Times: user=4.80 sys=0.00, real=0.13 secs] 
6193.168: [GC (Allocation Failure) [PSYoungGen: 21841781K->744795K(22609920K)] 22739508K->1642898K(25755648K), 0.1357221 secs] [Times: user=4.76 sys=0.00, real=0.13 secs] 
6196.436: [GC (Allocation Failure) [PSYoungGen: 21847387K->705547K(22609920K)] 22745490K->1604009K(25755648K), 0.1300604 secs] [Times: user=4.59 sys=0.00, real=0.13 secs] 
6199.783: [GC (Allocation Failure) [PSYoungGen: 21808139K->674710K(22609920K)] 22706601K->1573541K(25755648K), 0.1241101 secs] [Times: user=4.39 sys=0.00, real=0.13 secs] 
6203.097: [GC (Allocation Failure) [PSYoungGen: 21777302K->715998K(22609920K)] 22676133K->1615189K(25755648K), 0.1314455 secs] [Times: user=4.62 sys=0.00, real=0.13 secs] 
6206.327: [GC (Allocation Failure) [PSYoungGen: 21818590K->681258K(22609920K)] 22717781K->1580800K(25755648K), 0.1260329 secs] [Times: user=4.44 sys=0.00, real=0.12 secs] 
6209.568: [GC (Allocation Failure) [PSYoungGen: 21783850K->735167K(22609920K)] 22683392K->1635093K(25755648K), 0.1340610 secs] [Times: user=4.74 sys=0.00, real=0.13 secs] 
6212.852: [GC (Allocation Failure) [PSYoungGen: 21837759K->736319K(22609920K)] 22737685K->1636598K(25755648K), 0.1355438 secs] [Times: user=4.79 sys=0.00, real=0.14 secs] 
6216.134: [GC (Allocation Failure) [PSYoungGen: 21838911K->652797K(22609920K)] 22739190K->1553467K(25755648K), 0.1232816 secs] [Times: user=4.24 sys=0.00, real=0.12 secs] 
6219.436: [GC (Allocation Failure) [PSYoungGen: 21755389K->691434K(22609920K)] 22656059K->1592465K(25755648K), 0.1281488 secs] [Times: user=4.53 sys=0.00, real=0.13 secs] 
6222.761: [GC (Allocation Failure) [PSYoungGen: 21794026K->693989K(22609920K)] 22695057K->1595364K(25755648K), 0.1271930 secs] [Times: user=4.49 sys=0.01, real=0.12 secs] 
6226.107: [GC (Allocation Failure) [PSYoungGen: 21796581K->700293K(22609920K)] 22697956K->1602051K(25755648K), 0.1288802 secs] [Times: user=4.56 sys=0.00, real=0.13 secs] 
6229.454: [GC (Allocation Failure) [PSYoungGen: 21802885K->682809K(22609920K)] 22704643K->1584920K(25755648K), 0.1260582 secs] [Times: user=4.45 sys=0.00, real=0.13 secs] 
6232.729: [GC (Allocation Failure) [PSYoungGen: 21785401K->710680K(22609920K)] 22687512K->1613151K(25755648K), 0.1309606 secs] [Times: user=4.62 sys=0.00, real=0.13 secs] 
6236.006: [GC (Allocation Failure) [PSYoungGen: 21813272K->680220K(22609920K)] 22715743K->1583075K(25755648K), 0.1264304 secs] [Times: user=4.44 sys=0.00, real=0.13 secs] 
6239.396: [GC (Allocation Failure) [PSYoungGen: 21782812K->699724K(22609920K)] 22685667K->1602939K(25755648K), 0.1321310 secs] [Times: user=4.52 sys=0.00, real=0.13 secs] 
6242.707: [GC (Allocation Failure) [PSYoungGen: 21802316K->675099K(22609920K)] 22705531K->1578674K(25755648K), 0.1252595 secs] [Times: user=4.42 sys=0.00, real=0.13 secs] 
6246.034: [GC (Allocation Failure) [PSYoungGen: 21777691K->680344K(22609920K)] 22681266K->1584271K(25755648K), 0.1267989 secs] [Times: user=4.43 sys=0.00, real=0.12 secs] 
6249.365: [GC (Allocation Failure) [PSYoungGen: 21782936K->682690K(22609920K)] 22686863K->1586993K(25755648K), 0.1267001 secs] [Times: user=4.41 sys=0.00, real=0.12 secs] 
6252.598: [GC (Allocation Failure) [PSYoungGen: 21785282K->762542K(22609920K)] 22689585K->1667205K(25755648K), 0.1381207 secs] [Times: user=4.87 sys=0.00, real=0.14 secs] 
6255.905: [GC (Allocation Failure) [PSYoungGen: 21865134K->751758K(22609920K)] 22769797K->1656788K(25755648K), 0.1386553 secs] [Times: user=4.91 sys=0.00, real=0.13 secs] 
6259.109: [GC (Allocation Failure) [PSYoungGen: 21854350K->736299K(22609920K)] 22759380K->1641690K(25755648K), 0.1336917 secs] [Times: user=4.73 sys=0.00, real=0.13 secs] 
6262.311: [GC (Allocation Failure) [PSYoungGen: 21838891K->756826K(22609920K)] 22744282K->1662601K(25755648K), 0.1374863 secs] [Times: user=4.84 sys=0.01, real=0.14 secs] 
6265.535: [GC (Allocation Failure) [PSYoungGen: 21859418K->770083K(22609920K)] 22765193K->1676218K(25755648K), 0.1404953 secs] [Times: user=4.97 sys=0.00, real=0.14 secs] 
6268.782: [GC (Allocation Failure) [PSYoungGen: 21872675K->709982K(22609920K)] 22778810K->1616485K(25755648K), 0.1314751 secs] [Times: user=4.60 sys=0.00, real=0.13 secs] 
6271.991: [GC (Allocation Failure) [PSYoungGen: 21812574K->666217K(22609920K)] 22719077K->1573104K(25755648K), 0.1244417 secs] [Times: user=4.39 sys=0.00, real=0.12 secs] 
6275.372: [GC (Allocation Failure) [PSYoungGen: 21768809K->727182K(22609920K)] 22675696K->1634429K(25755648K), 0.1337760 secs] [Times: user=4.68 sys=0.00, real=0.13 secs] 
6278.605: [GC (Allocation Failure) [PSYoungGen: 21829774K->752919K(22609920K)] 22737021K->1660518K(25755648K), 0.1380652 secs] [Times: user=4.85 sys=0.00, real=0.14 secs] 
6281.825: [GC (Allocation Failure) [PSYoungGen: 21855511K->718888K(22609920K)] 22763110K->1626863K(25755648K), 0.1324721 secs] [Times: user=4.64 sys=0.00, real=0.13 secs] 
6285.042: [GC (Allocation Failure) [PSYoungGen: 21821480K->745334K(22609920K)] 22729455K->1653669K(25755648K), 0.1367126 secs] [Times: user=4.84 sys=0.00, real=0.14 secs] 
6288.296: [GC (Allocation Failure) [PSYoungGen: 21847926K->756024K(22609920K)] 22756261K->1664711K(25755648K), 0.1414753 secs] [Times: user=4.86 sys=0.00, real=0.14 secs] 
6291.554: [GC (Allocation Failure) [PSYoungGen: 21858616K->758323K(22609920K)] 22767303K->1667394K(25755648K), 0.1391128 secs] [Times: user=4.87 sys=0.00, real=0.14 secs] 
6294.782: [GC (Allocation Failure) [PSYoungGen: 21860915K->673045K(22609920K)] 22769986K->1582484K(25755648K), 0.1241028 secs] [Times: user=4.39 sys=0.00, real=0.12 secs] 
6298.018: [GC (Allocation Failure) [PSYoungGen: 21775637K->731635K(22609920K)] 22685076K->1641434K(25755648K), 0.1346294 secs] [Times: user=4.68 sys=0.01, real=0.14 secs] 
6301.279: [GC (Allocation Failure) [PSYoungGen: 21834227K->727997K(22609920K)] 22744026K->1638156K(25755648K), 0.1341137 secs] [Times: user=4.73 sys=0.00, real=0.14 secs] 
6304.546: [GC (Allocation Failure) [PSYoungGen: 21830589K->792966K(22609920K)] 22740748K->1703509K(25755648K), 0.1456840 secs] [Times: user=5.09 sys=0.00, real=0.15 secs] 
6307.775: [GC (Allocation Failure) [PSYoungGen: 21895558K->720301K(22609920K)] 22806101K->1631203K(25755648K), 0.1325669 secs] [Times: user=4.69 sys=0.00, real=0.13 secs] 
6311.061: [GC (Allocation Failure) [PSYoungGen: 21822893K->790456K(22609920K)] 22733795K->1701718K(25755648K), 0.1434074 secs] [Times: user=5.08 sys=0.01, real=0.15 secs] 
6314.312: [GC (Allocation Failure) [PSYoungGen: 21893048K->764324K(22609920K)] 22804310K->1675947K(25755648K), 0.1394140 secs] [Times: user=4.91 sys=0.00, real=0.14 secs] 
6317.611: [GC (Allocation Failure) [PSYoungGen: 21866916K->700904K(22609920K)] 22778539K->1612902K(25755648K), 0.1301438 secs] [Times: user=4.60 sys=0.00, real=0.13 secs] 
6320.901: [GC (Allocation Failure) [PSYoungGen: 21803496K->734980K(22609920K)] 22715494K->1647338K(25755648K), 0.1345227 secs] [Times: user=4.75 sys=0.01, real=0.14 secs] 
6324.144: [GC (Allocation Failure) [PSYoungGen: 21837572K->760635K(22609920K)] 22749930K->1673337K(25755648K), 0.1386212 secs] [Times: user=4.91 sys=0.00, real=0.14 secs] 
6327.327: [GC (Allocation Failure) [PSYoungGen: 21863227K->738065K(22609920K)] 22775929K->1651136K(25755648K), 0.1354878 secs] [Times: user=4.77 sys=0.00, real=0.13 secs] 
6330.561: [GC (Allocation Failure) [PSYoungGen: 21840657K->760442K(22609920K)] 22753728K->1673896K(25755648K), 0.1378466 secs] [Times: user=4.87 sys=0.00, real=0.14 secs] 
6333.769: [GC (Allocation Failure) [PSYoungGen: 21863034K->768431K(22609920K)] 22776488K->1682245K(25755648K), 0.1392348 secs] [Times: user=4.93 sys=0.00, real=0.14 secs] 
6336.993: [GC (Allocation Failure) [PSYoungGen: 21871023K->801349K(22609920K)] 22784837K->1715516K(25755648K), 0.1453741 secs] [Times: user=5.10 sys=0.00, real=0.15 secs] 
6340.254: [GC (Allocation Failure) [PSYoungGen: 21903941K->744516K(22609920K)] 22818108K->1659043K(25755648K), 0.1368894 secs] [Times: user=4.80 sys=0.01, real=0.14 secs] 
6343.429: [GC (Allocation Failure) [PSYoungGen: 21847108K->721388K(22609920K)] 22761635K->1636306K(25755648K), 0.1335333 secs] [Times: user=4.62 sys=0.00, real=0.13 secs] 
6346.671: [GC (Allocation Failure) [PSYoungGen: 21823980K->695202K(22609920K)] 22738898K->1610488K(25755648K), 0.1285291 secs] [Times: user=4.54 sys=0.01, real=0.13 secs] 
6349.912: [GC (Allocation Failure) [PSYoungGen: 21797794K->700358K(22609920K)] 22713080K->1615989K(25755648K), 0.1288010 secs] [Times: user=4.55 sys=0.00, real=0.13 secs] 
6353.151: [GC (Allocation Failure) [PSYoungGen: 21802950K->766712K(22609920K)] 22718581K->1682710K(25755648K), 0.1405028 secs] [Times: user=4.96 sys=0.00, real=0.14 secs] 
6356.418: [GC (Allocation Failure) [PSYoungGen: 21869304K->705429K(22609920K)] 22785302K->1621812K(25755648K), 0.1293669 secs] [Times: user=4.57 sys=0.00, real=0.13 secs] 
6359.621: [GC (Allocation Failure) [PSYoungGen: 21808021K->780182K(22609920K)] 22724404K->1696925K(25755648K), 0.1414081 secs] [Times: user=5.00 sys=0.00, real=0.14 secs] 
6362.793: [GC (Allocation Failure) [PSYoungGen: 21882774K->764310K(22609920K)] 22799517K->1681421K(25755648K), 0.1385015 secs] [Times: user=4.89 sys=0.01, real=0.14 secs] 
6366.031: [GC (Allocation Failure) [PSYoungGen: 21866902K->793327K(22609920K)] 22784013K->1710806K(25755648K), 0.1439517 secs] [Times: user=5.05 sys=0.00, real=0.15 secs] 
6369.267: [GC (Allocation Failure) [PSYoungGen: 21895919K->742175K(22609920K)] 22813398K->1660030K(25755648K), 0.1362790 secs] [Times: user=4.81 sys=0.00, real=0.14 secs] 
6372.531: [GC (Allocation Failure) [PSYoungGen: 21844767K->778509K(22609920K)] 22762622K->1696724K(25755648K), 0.1416165 secs] [Times: user=4.98 sys=0.00, real=0.15 secs] 
6375.790: [GC (Allocation Failure) [PSYoungGen: 21881101K->765402K(22609920K)] 22799316K->1683977K(25755648K), 0.1399209 secs] [Times: user=4.91 sys=0.00, real=0.14 secs] 
6379.005: [GC (Allocation Failure) [PSYoungGen: 21867994K->766556K(22609920K)] 22786569K->1685499K(25755648K), 0.1400448 secs] [Times: user=4.93 sys=0.00, real=0.14 secs] 
6382.265: [GC (Allocation Failure) [PSYoungGen: 21869148K->735729K(22609920K)] 22788091K->1655063K(25755648K), 0.1355855 secs] [Times: user=4.80 sys=0.00, real=0.13 secs] 
6385.499: [GC (Allocation Failure) [PSYoungGen: 21838321K->779252K(22609920K)] 22757655K->1698947K(25755648K), 0.1444938 secs] [Times: user=4.95 sys=0.00, real=0.14 secs] 
6388.834: [GC (Allocation Failure) [PSYoungGen: 21881844K->725584K(22609920K)] 22801539K->1645639K(25755648K), 0.1339730 secs] [Times: user=4.74 sys=0.00, real=0.13 secs] 
6392.060: [GC (Allocation Failure) [PSYoungGen: 21828176K->765363K(22609920K)] 22748231K->1685778K(25755648K), 0.1395317 secs] [Times: user=4.93 sys=0.01, real=0.14 secs] 
6395.286: [GC (Allocation Failure) [PSYoungGen: 21867955K->766125K(22609920K)] 22788370K->1686931K(25755648K), 0.1397682 secs] [Times: user=4.94 sys=0.00, real=0.14 secs] 
6398.478: [GC (Allocation Failure) [PSYoungGen: 21868717K->778133K(22609920K)] 22789523K->1699299K(25755648K), 0.1406553 secs] [Times: user=4.97 sys=0.00, real=0.14 secs] 
6401.724: [GC (Allocation Failure) [PSYoungGen: 21880725K->751306K(22609920K)] 22801891K->1672841K(25755648K), 0.1366927 secs] [Times: user=4.80 sys=0.00, real=0.14 secs] 
6404.934: [GC (Allocation Failure) [PSYoungGen: 21853898K->708106K(22609920K)] 22775433K->1630001K(25755648K), 0.1309413 secs] [Times: user=4.63 sys=0.00, real=0.13 secs] 
6408.114: [GC (Allocation Failure) [PSYoungGen: 21810698K->728649K(22609920K)] 22732593K->1650896K(25755648K), 0.1349129 secs] [Times: user=4.67 sys=0.00, real=0.14 secs] 
6411.341: [GC (Allocation Failure) [PSYoungGen: 21831241K->709597K(22609920K)] 22753488K->1632228K(25755648K), 0.1329369 secs] [Times: user=4.54 sys=0.00, real=0.13 secs] 
6414.571: [GC (Allocation Failure) [PSYoungGen: 21812189K->779076K(22609920K)] 22734820K->1702067K(25755648K), 0.1413554 secs] [Times: user=4.99 sys=0.00, real=0.14 secs] 
6417.757: [GC (Allocation Failure) [PSYoungGen: 21881668K->703315K(22609920K)] 22804659K->1626665K(25755648K), 0.1296775 secs] [Times: user=4.59 sys=0.00, real=0.13 secs] 
6420.960: [GC (Allocation Failure) [PSYoungGen: 21805907K->700156K(22609920K)] 22729257K->1623858K(25755648K), 0.1281548 secs] [Times: user=4.52 sys=0.00, real=0.12 secs] 
6424.149: [GC (Allocation Failure) [PSYoungGen: 21802748K->670494K(22609920K)] 22726450K->1594564K(25755648K), 0.1239887 secs] [Times: user=4.30 sys=0.01, real=0.13 secs] 
6427.435: [GC (Allocation Failure) [PSYoungGen: 21773086K->697530K(22609920K)] 22697156K->1621969K(25755648K), 0.1286791 secs] [Times: user=4.53 sys=0.00, real=0.13 secs] 
6430.593: [GC (Allocation Failure) [PSYoungGen: 21800122K->711129K(22609920K)] 22724561K->1635912K(25755648K), 0.1306412 secs] [Times: user=4.55 sys=0.00, real=0.13 secs] 
6433.776: [GC (Allocation Failure) [PSYoungGen: 21813721K->733037K(22609920K)] 22738504K->1658179K(25755648K), 0.1347926 secs] [Times: user=4.75 sys=0.00, real=0.13 secs] 
6437.075: [GC (Allocation Failure) [PSYoungGen: 21835629K->705792K(22609920K)] 22760771K->1631311K(25755648K), 0.1300381 secs] [Times: user=4.59 sys=0.00, real=0.13 secs] 
6440.236: [GC (Allocation Failure) [PSYoungGen: 21808384K->705987K(22609920K)] 22733903K->1631849K(25755648K), 0.1292803 secs] [Times: user=4.57 sys=0.00, real=0.13 secs] 
6443.425: [GC (Allocation Failure) [PSYoungGen: 21808579K->739271K(22609920K)] 22734441K->1665502K(25755648K), 0.1352334 secs] [Times: user=4.78 sys=0.00, real=0.13 secs] 
6446.599: [GC (Allocation Failure) [PSYoungGen: 21841863K->732137K(22609920K)] 22768094K->1658728K(25755648K), 0.1329909 secs] [Times: user=4.67 sys=0.00, real=0.13 secs] 
6449.820: [GC (Allocation Failure) [PSYoungGen: 21834729K->668376K(22609920K)] 22761320K->1595335K(25755648K), 0.1227367 secs] [Times: user=4.33 sys=0.00, real=0.12 secs] 
6453.014: [GC (Allocation Failure) [PSYoungGen: 21770968K->672745K(22609920K)] 22697927K->1600064K(25755648K), 0.1242669 secs] [Times: user=4.36 sys=0.00, real=0.13 secs] 
6456.226: [GC (Allocation Failure) [PSYoungGen: 21775337K->670719K(22609920K)] 22702656K->1598398K(25755648K), 0.1225995 secs] [Times: user=4.33 sys=0.00, real=0.12 secs] 
6459.455: [GC (Allocation Failure) [PSYoungGen: 21773311K->668101K(22609920K)] 22700990K->1596139K(25755648K), 0.1236611 secs] [Times: user=4.36 sys=0.01, real=0.12 secs] 
6462.650: [GC (Allocation Failure) [PSYoungGen: 21770693K->674366K(22609920K)] 22698731K->1602765K(25755648K), 0.1253590 secs] [Times: user=4.38 sys=0.00, real=0.13 secs] 
6465.853: [GC (Allocation Failure) [PSYoungGen: 21776958K->644889K(22609920K)] 22705357K->1573664K(25755648K), 0.1197138 secs] [Times: user=4.22 sys=0.00, real=0.12 secs] 
6469.088: [GC (Allocation Failure) [PSYoungGen: 21747481K->637125K(22609920K)] 22676256K->1566259K(25755648K), 0.1186400 secs] [Times: user=4.18 sys=0.00, real=0.12 secs] 
6472.244: [GC (Allocation Failure) [PSYoungGen: 21739717K->663186K(22609920K)] 22668851K->1592681K(25755648K), 0.1216718 secs] [Times: user=4.30 sys=0.00, real=0.12 secs] 
6475.411: [GC (Allocation Failure) [PSYoungGen: 21765778K->650276K(22609920K)] 22695273K->1580115K(25755648K), 0.1241872 secs] [Times: user=4.39 sys=0.00, real=0.12 secs] 
6478.587: [GC (Allocation Failure) [PSYoungGen: 21752868K->659876K(22609920K)] 22682707K->1590067K(25755648K), 0.1218111 secs] [Times: user=4.30 sys=0.00, real=0.13 secs] 
6481.713: [GC (Allocation Failure) [PSYoungGen: 21762468K->678847K(22609920K)] 22692659K->1609406K(25755648K), 0.1273077 secs] [Times: user=4.46 sys=0.00, real=0.13 secs] 
6484.903: [GC (Allocation Failure) [PSYoungGen: 21781439K->646618K(22609920K)] 22711998K->1577528K(25755648K), 0.1212271 secs] [Times: user=4.27 sys=0.00, real=0.12 secs] 
6488.112: [GC (Allocation Failure) [PSYoungGen: 21749210K->630788K(22609920K)] 22680120K->1562059K(25755648K), 0.1198511 secs] [Times: user=4.22 sys=0.00, real=0.12 secs] 
6491.238: [GC (Allocation Failure) [PSYoungGen: 21733380K->755394K(22609920K)] 22664651K->1687025K(25755648K), 0.1373682 secs] [Times: user=4.86 sys=0.00, real=0.14 secs] 
6494.442: [GC (Allocation Failure) [PSYoungGen: 21857986K->717761K(22609920K)] 22789617K->1649759K(25755648K), 0.1311357 secs] [Times: user=4.64 sys=0.00, real=0.13 secs] 
6497.723: [GC (Allocation Failure) [PSYoungGen: 21820353K->666836K(22609920K)] 22752351K->1599234K(25755648K), 0.1250792 secs] [Times: user=4.35 sys=0.01, real=0.12 secs] 
6500.951: [GC (Allocation Failure) [PSYoungGen: 21769428K->694731K(22609920K)] 22701826K->1627489K(25755648K), 0.1297867 secs] [Times: user=4.58 sys=0.01, real=0.13 secs] 
6504.286: [GC (Allocation Failure) [PSYoungGen: 21797323K->639429K(22609920K)] 22730081K->1572523K(25755648K), 0.1189193 secs] [Times: user=4.19 sys=0.00, real=0.12 secs] 
6507.429: [GC (Allocation Failure) [PSYoungGen: 21742021K->740174K(22609920K)] 22675115K->1673621K(25755648K), 0.1338197 secs] [Times: user=4.74 sys=0.00, real=0.14 secs] 
6510.580: [GC (Allocation Failure) [PSYoungGen: 21842766K->739368K(22609920K)] 22776213K->1673183K(25755648K), 0.1341550 secs] [Times: user=4.74 sys=0.00, real=0.14 secs] 
6513.747: [GC (Allocation Failure) [PSYoungGen: 21841960K->702696K(22609920K)] 22775775K->1636887K(25755648K), 0.1292178 secs] [Times: user=4.58 sys=0.00, real=0.13 secs] 
6516.921: [GC (Allocation Failure) [PSYoungGen: 21805288K->735295K(22609920K)] 22739479K->1669845K(25755648K), 0.1353832 secs] [Times: user=4.79 sys=0.00, real=0.14 secs] 
6520.084: [GC (Allocation Failure) [PSYoungGen: 21837887K->692989K(22609920K)] 22772437K->1627891K(25755648K), 0.1281145 secs] [Times: user=4.51 sys=0.01, real=0.13 secs] 
6523.258: [GC (Allocation Failure) [PSYoungGen: 21795581K->759264K(22609920K)] 22730483K->1694527K(25755648K), 0.1386130 secs] [Times: user=4.87 sys=0.00, real=0.14 secs] 
6526.372: [GC (Allocation Failure) [PSYoungGen: 21861856K->769935K(22609920K)] 22797119K->1705558K(25755648K), 0.1410824 secs] [Times: user=4.94 sys=0.00, real=0.14 secs] 
6529.510: [GC (Allocation Failure) [PSYoungGen: 21872527K->836000K(22609920K)] 22808150K->1772022K(25755648K), 0.1519250 secs] [Times: user=5.37 sys=0.00, real=0.15 secs] 
6532.720: [GC (Allocation Failure) [PSYoungGen: 21938592K->699687K(22609920K)] 22874614K->1636077K(25755648K), 0.1289769 secs] [Times: user=4.55 sys=0.00, real=0.13 secs] 
6535.882: [GC (Allocation Failure) [PSYoungGen: 21802279K->728112K(22609920K)] 22738669K->1664863K(25755648K), 0.1331065 secs] [Times: user=4.71 sys=0.00, real=0.13 secs] 
6539.054: [GC (Allocation Failure) [PSYoungGen: 21830704K->735999K(22609920K)] 22767455K->1673110K(25755648K), 0.1346689 secs] [Times: user=4.76 sys=0.00, real=0.14 secs] 
6542.196: [GC (Allocation Failure) [PSYoungGen: 21838591K->728231K(22609920K)] 22775702K->1665710K(25755648K), 0.1332324 secs] [Times: user=4.71 sys=0.00, real=0.14 secs] 
6545.406: [GC (Allocation Failure) [PSYoungGen: 21830823K->773989K(22609920K)] 22768302K->1711844K(25755648K), 0.1409380 secs] [Times: user=4.98 sys=0.01, real=0.14 secs] 
6548.610: [GC (Allocation Failure) [PSYoungGen: 21876581K->800901K(22609920K)] 22814436K->1739124K(25755648K), 0.1452306 secs] [Times: user=5.14 sys=0.00, real=0.14 secs] 
6551.777: [GC (Allocation Failure) [PSYoungGen: 21903493K->752998K(22609920K)] 22841716K->1691581K(25755648K), 0.1380703 secs] [Times: user=4.84 sys=0.00, real=0.14 secs] 
6555.012: [GC (Allocation Failure) [PSYoungGen: 21855590K->727467K(22609920K)] 22794173K->1666401K(25755648K), 0.1334630 secs] [Times: user=4.72 sys=0.00, real=0.13 secs] 
6558.199: [GC (Allocation Failure) [PSYoungGen: 21830059K->742175K(22609920K)] 22768993K->1681477K(25755648K), 0.1346427 secs] [Times: user=4.76 sys=0.00, real=0.14 secs] 
6561.370: [GC (Allocation Failure) [PSYoungGen: 21844767K->740548K(22609920K)] 22784069K->1680234K(25755648K), 0.1358747 secs] [Times: user=4.80 sys=0.01, real=0.14 secs] 
6564.538: [GC (Allocation Failure) [PSYoungGen: 21843140K->820466K(22609920K)] 22782826K->1760504K(25755648K), 0.1506382 secs] [Times: user=5.28 sys=0.00, real=0.15 secs] 
6567.721: [GC (Allocation Failure) [PSYoungGen: 21923058K->739180K(22609920K)] 22863096K->1679578K(25755648K), 0.1364119 secs] [Times: user=4.78 sys=0.00, real=0.14 secs] 
6570.842: [GC (Allocation Failure) [PSYoungGen: 21841772K->743968K(22609920K)] 22782170K->1684719K(25755648K), 0.1358321 secs] [Times: user=4.80 sys=0.00, real=0.13 secs] 
6573.974: [GC (Allocation Failure) [PSYoungGen: 21846560K->726749K(22609920K)] 22787311K->1667860K(25755648K), 0.1325655 secs] [Times: user=4.69 sys=0.00, real=0.13 secs] 
6577.119: [GC (Allocation Failure) [PSYoungGen: 21829341K->744816K(22609920K)] 22770452K->1686287K(25755648K), 0.1363229 secs] [Times: user=4.82 sys=0.00, real=0.14 secs] 
6580.308: [GC (Allocation Failure) [PSYoungGen: 21847408K->757960K(22609920K)] 22788879K->1699815K(25755648K), 0.1381428 secs] [Times: user=4.88 sys=0.00, real=0.14 secs] 
6583.447: [GC (Allocation Failure) [PSYoungGen: 21860552K->791153K(22609920K)] 22802407K->1733376K(25755648K), 0.1439188 secs] [Times: user=5.09 sys=0.00, real=0.14 secs] 
6586.631: [GC (Allocation Failure) [PSYoungGen: 21893745K->793512K(22609920K)] 22835968K->1736094K(25755648K), 0.1462253 secs] [Times: user=5.11 sys=0.00, real=0.15 secs] 
6589.761: [GC (Allocation Failure) [PSYoungGen: 21896104K->715479K(22609920K)] 22838686K->1658422K(25755648K), 0.1309966 secs] [Times: user=4.63 sys=0.00, real=0.13 secs] 
6592.833: [GC (Allocation Failure) [PSYoungGen: 21818071K->691168K(22609920K)] 22761014K->1634470K(25755648K), 0.1264409 secs] [Times: user=4.47 sys=0.00, real=0.13 secs] 
6595.967: [GC (Allocation Failure) [PSYoungGen: 21793760K->765457K(22609920K)] 22737062K->1709119K(25755648K), 0.1400041 secs] [Times: user=4.95 sys=0.00, real=0.14 secs] 
6599.140: [GC (Allocation Failure) [PSYoungGen: 21868049K->744148K(22609920K)] 22811711K->1688203K(25755648K), 0.1353686 secs] [Times: user=4.79 sys=0.00, real=0.13 secs] 
6602.328: [GC (Allocation Failure) [PSYoungGen: 21846740K->787229K(22609920K)] 22790795K->1731644K(25755648K), 0.1445572 secs] [Times: user=5.12 sys=0.00, real=0.14 secs] 
6605.502: [GC (Allocation Failure) [PSYoungGen: 21889821K->759567K(22609920K)] 22834236K->1704342K(25755648K), 0.1393382 secs] [Times: user=4.90 sys=0.00, real=0.14 secs] 
6608.721: [GC (Allocation Failure) [PSYoungGen: 21862159K->816122K(22609920K)] 22806934K->1761265K(25755648K), 0.1491394 secs] [Times: user=5.24 sys=0.00, real=0.15 secs] 
6611.905: [GC (Allocation Failure) [PSYoungGen: 21918714K->708173K(22609920K)] 22863857K->1653676K(25755648K), 0.1308114 secs] [Times: user=4.62 sys=0.00, real=0.13 secs] 
6614.998: [GC (Allocation Failure) [PSYoungGen: 21810765K->757242K(22609920K)] 22756268K->1703144K(25755648K), 0.1386136 secs] [Times: user=4.90 sys=0.00, real=0.14 secs] 
6618.106: [GC (Allocation Failure) [PSYoungGen: 21859834K->739053K(22609920K)] 22805736K->1685308K(25755648K), 0.1352747 secs] [Times: user=4.78 sys=0.00, real=0.14 secs] 
6621.255: [GC (Allocation Failure) [PSYoungGen: 21841645K->737724K(22609920K)] 22787900K->1684339K(25755648K), 0.1352967 secs] [Times: user=4.77 sys=0.00, real=0.14 secs] 
6624.422: [GC (Allocation Failure) [PSYoungGen: 21840316K->783664K(22609920K)] 22786931K->1730647K(25755648K), 0.1437632 secs] [Times: user=4.99 sys=0.01, real=0.14 secs] 
6627.598: [GC (Allocation Failure) [PSYoungGen: 21886256K->805561K(22609920K)] 22833239K->1752912K(25755648K), 0.1449428 secs] [Times: user=5.13 sys=0.01, real=0.15 secs] 
6630.751: [GC (Allocation Failure) [PSYoungGen: 21908153K->708225K(22609920K)] 22855504K->1655920K(25755648K), 0.1297330 secs] [Times: user=4.59 sys=0.00, real=0.13 secs] 
6633.937: [GC (Allocation Failure) [PSYoungGen: 21810817K->712739K(22609920K)] 22758512K->1660818K(25755648K), 0.1313148 secs] [Times: user=4.61 sys=0.00, real=0.13 secs] 
6637.077: [GC (Allocation Failure) [PSYoungGen: 21815331K->716556K(22609920K)] 22763410K->1665003K(25755648K), 0.1312603 secs] [Times: user=4.64 sys=0.01, real=0.13 secs] 
6640.191: [GC (Allocation Failure) [PSYoungGen: 21819148K->742326K(22609920K)] 22767595K->1691197K(25755648K), 0.1360049 secs] [Times: user=4.78 sys=0.00, real=0.14 secs] 
6643.371: [GC (Allocation Failure) [PSYoungGen: 21844918K->753741K(22609920K)] 22793789K->1702980K(25755648K), 0.1368223 secs] [Times: user=4.81 sys=0.01, real=0.14 secs] 
6646.460: [GC (Allocation Failure) [PSYoungGen: 21856333K->833438K(22609920K)] 22805572K->1783045K(25755648K), 0.1509135 secs] [Times: user=5.33 sys=0.00, real=0.15 secs] 
6649.612: [GC (Allocation Failure) [PSYoungGen: 21936030K->770339K(22609920K)] 22885637K->1720306K(25755648K), 0.1412423 secs] [Times: user=5.00 sys=0.00, real=0.14 secs] 
6652.714: [GC (Allocation Failure) [PSYoungGen: 21872931K->716477K(22609920K)] 22822898K->1666811K(25755648K), 0.1313909 secs] [Times: user=4.65 sys=0.01, real=0.13 secs] 
6655.831: [GC (Allocation Failure) [PSYoungGen: 21819069K->779423K(22609920K)] 22769403K->1730125K(25755648K), 0.1419520 secs] [Times: user=5.02 sys=0.00, real=0.14 secs] 
6658.925: [GC (Allocation Failure) [PSYoungGen: 21882015K->724402K(22609920K)] 22832717K->1675481K(25755648K), 0.1332925 secs] [Times: user=4.71 sys=0.00, real=0.14 secs] 
6662.033: [GC (Allocation Failure) [PSYoungGen: 21826994K->748159K(22609920K)] 22778073K->1699598K(25755648K), 0.1370872 secs] [Times: user=4.85 sys=0.00, real=0.14 secs] 
6665.168: [GC (Allocation Failure) [PSYoungGen: 21850751K->746809K(22609920K)] 22802190K->1698607K(25755648K), 0.1372581 secs] [Times: user=4.82 sys=0.00, real=0.13 secs] 
6668.262: [GC (Allocation Failure) [PSYoungGen: 21849401K->759335K(22609920K)] 22801199K->1711494K(25755648K), 0.1386681 secs] [Times: user=4.90 sys=0.00, real=0.14 secs] 
6671.419: [GC (Allocation Failure) [PSYoungGen: 21861927K->808399K(22609920K)] 22814086K->1760918K(25755648K), 0.1460638 secs] [Times: user=5.18 sys=0.00, real=0.14 secs] 
6674.617: [GC (Allocation Failure) [PSYoungGen: 21910991K->763597K(22609920K)] 22863510K->1716484K(25755648K), 0.1382787 secs] [Times: user=4.89 sys=0.00, real=0.14 secs] 
6677.758: [GC (Allocation Failure) [PSYoungGen: 21866189K->720504K(22609920K)] 22819076K->1673767K(25755648K), 0.1327291 secs] [Times: user=4.68 sys=0.00, real=0.13 secs] 
6680.887: [GC (Allocation Failure) [PSYoungGen: 21823096K->739140K(22609920K)] 22776359K->1692763K(25755648K), 0.1360308 secs] [Times: user=4.78 sys=0.01, real=0.14 secs] 
6684.005: [GC (Allocation Failure) [PSYoungGen: 21841732K->722044K(22609920K)] 22795355K->1676026K(25755648K), 0.1324790 secs] [Times: user=4.68 sys=0.00, real=0.13 secs] 
6687.132: [GC (Allocation Failure) [PSYoungGen: 21824636K->752074K(22609920K)] 22778618K->1706424K(25755648K), 0.1378064 secs] [Times: user=4.84 sys=0.00, real=0.14 secs] 
6690.257: [GC (Allocation Failure) [PSYoungGen: 21854666K->762713K(22609920K)] 22809016K->1717431K(25755648K), 0.1389575 secs] [Times: user=4.90 sys=0.00, real=0.14 secs] 
6693.397: [GC (Allocation Failure) [PSYoungGen: 21865305K->755601K(22609920K)] 22820023K->1710680K(25755648K), 0.1378767 secs] [Times: user=4.87 sys=0.00, real=0.14 secs] 
6696.481: [GC (Allocation Failure) [PSYoungGen: 21858193K->791997K(22609920K)] 22813272K->1747467K(25755648K), 0.1444694 secs] [Times: user=5.11 sys=0.00, real=0.15 secs] 
6699.671: [GC (Allocation Failure) [PSYoungGen: 21894589K->716234K(22609920K)] 22850059K->1672081K(25755648K), 0.1319863 secs] [Times: user=4.67 sys=0.00, real=0.13 secs] 
6702.821: [GC (Allocation Failure) [PSYoungGen: 21818826K->714748K(22609920K)] 22774673K->1670931K(25755648K), 0.1317744 secs] [Times: user=4.63 sys=0.00, real=0.14 secs] 
6705.919: [GC (Allocation Failure) [PSYoungGen: 21817340K->679086K(22609920K)] 22773523K->1635653K(25755648K), 0.1250116 secs] [Times: user=4.42 sys=0.01, real=0.13 secs] 
6709.019: [GC (Allocation Failure) [PSYoungGen: 21781678K->723885K(22609920K)] 22738245K->1680811K(25755648K), 0.1338550 secs] [Times: user=4.64 sys=0.01, real=0.13 secs] 
6712.112: [GC (Allocation Failure) [PSYoungGen: 21826477K->720566K(22609920K)] 22783403K->1677852K(25755648K), 0.1339197 secs] [Times: user=4.70 sys=0.01, real=0.14 secs] 
6715.236: [GC (Allocation Failure) [PSYoungGen: 21823158K->713479K(22609920K)] 22780444K->1671134K(25755648K), 0.1305089 secs] [Times: user=4.62 sys=0.01, real=0.13 secs] 
6718.348: [GC (Allocation Failure) [PSYoungGen: 21816071K->790467K(22609920K)] 22773726K->1748490K(25755648K), 0.1438523 secs] [Times: user=5.09 sys=0.00, real=0.14 secs] 
6721.476: [GC (Allocation Failure) [PSYoungGen: 21893059K->722899K(22609920K)] 22851082K->1681282K(25755648K), 0.1327641 secs] [Times: user=4.67 sys=0.00, real=0.13 secs] 
6724.605: [GC (Allocation Failure) [PSYoungGen: 21825491K->747606K(22609920K)] 22783874K->1706373K(25755648K), 0.1374218 secs] [Times: user=4.82 sys=0.01, real=0.14 secs] 
6727.710: [GC (Allocation Failure) [PSYoungGen: 21850198K->748407K(22609920K)] 22808965K->1707534K(25755648K), 0.1369995 secs] [Times: user=4.83 sys=0.01, real=0.14 secs] 
6730.869: [GC (Allocation Failure) [PSYoungGen: 21850999K->747939K(22609920K)] 22810126K->1707434K(25755648K), 0.1371689 secs] [Times: user=4.81 sys=0.00, real=0.14 secs] 
6733.955: [GC (Allocation Failure) [PSYoungGen: 21850531K->789704K(22609920K)] 22810026K->1749567K(25755648K), 0.1430159 secs] [Times: user=5.06 sys=0.00, real=0.15 secs] 
6737.042: [GC (Allocation Failure) [PSYoungGen: 21892296K->754675K(22609920K)] 22852159K->1714898K(25755648K), 0.1393893 secs] [Times: user=4.87 sys=0.01, real=0.14 secs] 
6740.189: [GC (Allocation Failure) [PSYoungGen: 21857267K->745965K(22609920K)] 22817490K->1706548K(25755648K), 0.1365522 secs] [Times: user=4.81 sys=0.00, real=0.13 secs] 
6743.297: [GC (Allocation Failure) [PSYoungGen: 21848557K->785937K(22609920K)] 22809140K->1746888K(25755648K), 0.1426842 secs] [Times: user=5.01 sys=0.00, real=0.15 secs] 
6746.412: [GC (Allocation Failure) [PSYoungGen: 21888529K->808547K(22609920K)] 22849480K->1769882K(25755648K), 0.1481626 secs] [Times: user=5.18 sys=0.00, real=0.15 secs] 
6749.554: [GC (Allocation Failure) [PSYoungGen: 21911139K->781395K(22609920K)] 22872474K->1743082K(25755648K), 0.1431514 secs] [Times: user=5.04 sys=0.00, real=0.14 secs] 
6752.619: [GC (Allocation Failure) [PSYoungGen: 21883987K->720610K(22609920K)] 22845674K->1682649K(25755648K), 0.1325296 secs] [Times: user=4.68 sys=0.00, real=0.14 secs] 
6755.717: [GC (Allocation Failure) [PSYoungGen: 21823202K->774949K(22609920K)] 22785241K->1737356K(25755648K), 0.1417254 secs] [Times: user=4.95 sys=0.01, real=0.14 secs] 
6758.838: [GC (Allocation Failure) [PSYoungGen: 21877541K->771408K(22609920K)] 22839948K->1734175K(25755648K), 0.1414765 secs] [Times: user=4.99 sys=0.00, real=0.14 secs] 
6761.946: [GC (Allocation Failure) [PSYoungGen: 21874000K->702292K(22609920K)] 22836767K->1665410K(25755648K), 0.1297168 secs] [Times: user=4.59 sys=0.00, real=0.13 secs] 
6765.033: [GC (Allocation Failure) [PSYoungGen: 21804884K->775387K(22609920K)] 22768002K->1738865K(25755648K), 0.1411589 secs] [Times: user=4.99 sys=0.01, real=0.14 secs] 
6768.107: [GC (Allocation Failure) [PSYoungGen: 21877979K->775311K(22609920K)] 22841457K->1739158K(25755648K), 0.1413314 secs] [Times: user=4.96 sys=0.00, real=0.14 secs] 
6771.185: [GC (Allocation Failure) [PSYoungGen: 21877903K->724489K(22609920K)] 22841750K->1688687K(25755648K), 0.1338966 secs] [Times: user=4.73 sys=0.00, real=0.13 secs] 
6774.319: [GC (Allocation Failure) [PSYoungGen: 21827081K->744519K(22609920K)] 22791279K->1709109K(25755648K), 0.1357846 secs] [Times: user=4.81 sys=0.00, real=0.14 secs] 
6777.417: [GC (Allocation Failure) [PSYoungGen: 21847111K->762571K(22609920K)] 22811701K->1727530K(25755648K), 0.1400316 secs] [Times: user=4.86 sys=0.00, real=0.14 secs] 
6780.492: [GC (Allocation Failure) [PSYoungGen: 21865163K->774285K(22609920K)] 22830122K->1739588K(25755648K), 0.1409869 secs] [Times: user=4.98 sys=0.01, real=0.14 secs] 
6783.607: [GC (Allocation Failure) [PSYoungGen: 21876877K->768630K(22609920K)] 22842180K->1734317K(25755648K), 0.1412352 secs] [Times: user=4.95 sys=0.00, real=0.14 secs] 
6786.725: [GC (Allocation Failure) [PSYoungGen: 21871222K->737788K(22609920K)] 22836909K->1703835K(25755648K), 0.1374791 secs] [Times: user=4.80 sys=0.00, real=0.13 secs] 
6789.830: [GC (Allocation Failure) [PSYoungGen: 21840380K->772636K(22609920K)] 22806427K->1739043K(25755648K), 0.1410406 secs] [Times: user=5.00 sys=0.01, real=0.14 secs] 
6792.992: [GC (Allocation Failure) [PSYoungGen: 21875228K->700955K(22609920K)] 22841635K->1667730K(25755648K), 0.1288963 secs] [Times: user=4.55 sys=0.00, real=0.13 secs] 
6796.090: [GC (Allocation Failure) [PSYoungGen: 21803547K->728416K(22609920K)] 22770322K->1695551K(25755648K), 0.1330849 secs] [Times: user=4.70 sys=0.00, real=0.13 secs] 
6799.209: [GC (Allocation Failure) [PSYoungGen: 21831008K->735438K(22609920K)] 22798143K->1702956K(25755648K), 0.1344244 secs] [Times: user=4.76 sys=0.00, real=0.13 secs] 
6802.310: [GC (Allocation Failure) [PSYoungGen: 21838030K->759399K(22609920K)] 22805548K->1727262K(25755648K), 0.1386255 secs] [Times: user=4.89 sys=0.00, real=0.14 secs] 
6805.466: [GC (Allocation Failure) [PSYoungGen: 21861991K->779228K(22609920K)] 22829854K->1747474K(25755648K), 0.1414309 secs] [Times: user=4.99 sys=0.00, real=0.14 secs] 
6808.600: [GC (Allocation Failure) [PSYoungGen: 21881820K->747376K(22609920K)] 22850066K->1715982K(25755648K), 0.1392335 secs] [Times: user=4.78 sys=0.00, real=0.14 secs] 
6811.727: [GC (Allocation Failure) [PSYoungGen: 21849968K->741877K(22609920K)] 22818574K->1710859K(25755648K), 0.1359798 secs] [Times: user=4.76 sys=0.00, real=0.14 secs] 
6814.790: [GC (Allocation Failure) [PSYoungGen: 21844469K->688711K(22609920K)] 22813451K->1658062K(25755648K), 0.1279895 secs] [Times: user=4.52 sys=0.01, real=0.12 secs] 
6817.887: [GC (Allocation Failure) [PSYoungGen: 21791303K->764516K(22609920K)] 22760654K->1734235K(25755648K), 0.1406862 secs] [Times: user=4.89 sys=0.00, real=0.14 secs] 
6820.976: [GC (Allocation Failure) [PSYoungGen: 21867108K->766621K(22609920K)] 22836827K->1736700K(25755648K), 0.1395807 secs] [Times: user=4.93 sys=0.00, real=0.14 secs] 
6824.024: [GC (Allocation Failure) [PSYoungGen: 21869213K->707185K(22609920K)] 22839292K->1677624K(25755648K), 0.1316627 secs] [Times: user=4.64 sys=0.01, real=0.13 secs] 
6827.100: [GC (Allocation Failure) [PSYoungGen: 21809777K->739216K(22609920K)] 22780216K->1710023K(25755648K), 0.1352521 secs] [Times: user=4.79 sys=0.00, real=0.14 secs] 
6830.130: [GC (Allocation Failure) [PSYoungGen: 21841808K->721384K(22609920K)] 22812615K->1692559K(25755648K), 0.1337636 secs] [Times: user=4.70 sys=0.00, real=0.14 secs] 
6833.158: [GC (Allocation Failure) [PSYoungGen: 21823976K->732330K(22609920K)] 22795151K->1703905K(25755648K), 0.1354220 secs] [Times: user=4.73 sys=0.00, real=0.14 secs] 
6836.212: [GC (Allocation Failure) [PSYoungGen: 21834922K->743454K(22609920K)] 22806497K->1715397K(25755648K), 0.1363853 secs] [Times: user=4.78 sys=0.01, real=0.14 secs] 
6839.260: [GC (Allocation Failure) [PSYoungGen: 21846046K->718859K(22609920K)] 22817989K->1691154K(25755648K), 0.1325483 secs] [Times: user=4.67 sys=0.00, real=0.13 secs] 
6842.363: [GC (Allocation Failure) [PSYoungGen: 21821451K->792808K(22609920K)] 22793746K->1765462K(25755648K), 0.1439092 secs] [Times: user=5.09 sys=0.00, real=0.15 secs] 
6845.471: [GC (Allocation Failure) [PSYoungGen: 21895400K->753656K(22609920K)] 22868054K->1726663K(25755648K), 0.1384892 secs] [Times: user=4.90 sys=0.00, real=0.14 secs] 
6848.602: [GC (Allocation Failure) [PSYoungGen: 21856248K->808695K(22609920K)] 22829255K->1782070K(25755648K), 0.1458822 secs] [Times: user=5.15 sys=0.00, real=0.15 secs] 
6851.701: [GC (Allocation Failure) [PSYoungGen: 21911287K->714163K(22609920K)] 22884662K->1687890K(25755648K), 0.1316346 secs] [Times: user=4.66 sys=0.00, real=0.13 secs] 
6854.806: [GC (Allocation Failure) [PSYoungGen: 21816755K->780685K(22609920K)] 22790482K->1754780K(25755648K), 0.1417730 secs] [Times: user=5.01 sys=0.00, real=0.14 secs] 
6857.910: [GC (Allocation Failure) [PSYoungGen: 21883277K->722866K(22609920K)] 22857372K->1697329K(25755648K), 0.1340843 secs] [Times: user=4.69 sys=0.01, real=0.13 secs] 
6860.941: [GC (Allocation Failure) [PSYoungGen: 21825458K->756945K(22609920K)] 22799921K->1731768K(25755648K), 0.1395096 secs] [Times: user=4.94 sys=0.00, real=0.14 secs] 
6864.057: [GC (Allocation Failure) [PSYoungGen: 21859537K->707558K(22609920K)] 22834360K->1682733K(25755648K), 0.1298603 secs] [Times: user=4.59 sys=0.00, real=0.13 secs] 
6867.135: [GC (Allocation Failure) [PSYoungGen: 21810150K->751614K(22609920K)] 22785325K->1727165K(25755648K), 0.1378771 secs] [Times: user=4.88 sys=0.00, real=0.14 secs] 
6870.158: [GC (Allocation Failure) [PSYoungGen: 21854206K->758113K(22609920K)] 22829757K->1734040K(25755648K), 0.1389061 secs] [Times: user=4.88 sys=0.01, real=0.13 secs] 
6873.250: [GC (Allocation Failure) [PSYoungGen: 21860705K->727753K(22609920K)] 22836632K->1704048K(25755648K), 0.1327150 secs] [Times: user=4.69 sys=0.00, real=0.13 secs] 
6876.270: [GC (Allocation Failure) [PSYoungGen: 21830345K->711494K(22609920K)] 22806640K->1688157K(25755648K), 0.1314352 secs] [Times: user=4.64 sys=0.00, real=0.13 secs] 
6879.332: [GC (Allocation Failure) [PSYoungGen: 21814086K->771668K(22609920K)] 22790749K->1748683K(25755648K), 0.1407083 secs] [Times: user=4.97 sys=0.00, real=0.14 secs] 
6882.410: [GC (Allocation Failure) [PSYoungGen: 21874260K->761846K(22609920K)] 22851275K->1739244K(25755648K), 0.1393371 secs] [Times: user=4.85 sys=0.00, real=0.14 secs] 
6885.486: [GC (Allocation Failure) [PSYoungGen: 21864438K->755507K(22609920K)] 22841836K->1733265K(25755648K), 0.1390553 secs] [Times: user=4.92 sys=0.00, real=0.14 secs] 
6888.581: [GC (Allocation Failure) [PSYoungGen: 21858099K->814801K(22609920K)] 22835857K->1792920K(25755648K), 0.1482673 secs] [Times: user=5.24 sys=0.00, real=0.14 secs] 
6891.610: [GC (Allocation Failure) [PSYoungGen: 21917393K->790442K(22609920K)] 22895512K->1768928K(25755648K), 0.1460343 secs] [Times: user=5.05 sys=0.00, real=0.15 secs] 
6894.691: [GC (Allocation Failure) [PSYoungGen: 21893034K->752032K(22609920K)] 22871520K->1730879K(25755648K), 0.1377535 secs] [Times: user=4.86 sys=0.00, real=0.14 secs] 
6897.737: [GC (Allocation Failure) [PSYoungGen: 21854624K->722682K(22609920K)] 22833471K->1701912K(25755648K), 0.1329294 secs] [Times: user=4.70 sys=0.00, real=0.13 secs] 
6900.792: [GC (Allocation Failure) [PSYoungGen: 21825274K->699094K(22609920K)] 22804504K->1678653K(25755648K), 0.1287070 secs] [Times: user=4.55 sys=0.00, real=0.13 secs] 
6903.850: [GC (Allocation Failure) [PSYoungGen: 21801686K->767373K(22609920K)] 22781245K->1747324K(25755648K), 0.1412803 secs] [Times: user=4.97 sys=0.00, real=0.14 secs] 
6906.971: [GC (Allocation Failure) [PSYoungGen: 21869965K->792752K(22609920K)] 22849916K->1773063K(25755648K), 0.1467128 secs] [Times: user=5.08 sys=0.00, real=0.15 secs] 
6910.086: [GC (Allocation Failure) [PSYoungGen: 21895344K->795287K(22609920K)] 22875655K->1775966K(25755648K), 0.1445687 secs] [Times: user=5.12 sys=0.00, real=0.14 secs] 
6913.161: [GC (Allocation Failure) [PSYoungGen: 21897879K->739845K(22609920K)] 22878558K->1720884K(25755648K), 0.1354122 secs] [Times: user=4.79 sys=0.01, real=0.14 secs] 
6916.221: [GC (Allocation Failure) [PSYoungGen: 21842437K->846380K(22609920K)] 22823476K->1827794K(25755648K), 0.1483725 secs] [Times: user=5.25 sys=0.00, real=0.15 secs] 
6919.398: [GC (Allocation Failure) [PSYoungGen: 21948972K->800628K(22609920K)] 22930386K->1782410K(25755648K), 0.1469949 secs] [Times: user=5.16 sys=0.01, real=0.15 secs] 
6922.486: [GC (Allocation Failure) [PSYoungGen: 21903220K->754370K(22609920K)] 22885002K->1736521K(25755648K), 0.1376582 secs] [Times: user=4.86 sys=0.00, real=0.13 secs] 
6925.519: [GC (Allocation Failure) [PSYoungGen: 21856962K->801446K(22609920K)] 22839113K->1783964K(25755648K), 0.1455771 secs] [Times: user=5.11 sys=0.00, real=0.14 secs] 
6928.588: [GC (Allocation Failure) [PSYoungGen: 21904038K->717102K(22609920K)] 22886556K->1699981K(25755648K), 0.1320369 secs] [Times: user=4.64 sys=0.00, real=0.13 secs] 
6931.635: [GC (Allocation Failure) [PSYoungGen: 21819694K->779518K(22609920K)] 22802573K->1762757K(25755648K), 0.1426154 secs] [Times: user=5.05 sys=0.00, real=0.15 secs] 
6934.714: [GC (Allocation Failure) [PSYoungGen: 21882110K->882019K(22609920K)] 22865349K->1865866K(25755648K), 0.1544958 secs] [Times: user=5.44 sys=0.00, real=0.16 secs] 
6937.754: [GC (Allocation Failure) [PSYoungGen: 21984611K->740354K(22609920K)] 22968458K->1724576K(25755648K), 0.1389122 secs] [Times: user=4.76 sys=0.00, real=0.14 secs] 
6940.866: [GC (Allocation Failure) [PSYoungGen: 21842946K->716692K(22609920K)] 22827168K->1701315K(25755648K), 0.1320023 secs] [Times: user=4.62 sys=0.00, real=0.13 secs] 
6943.918: [GC (Allocation Failure) [PSYoungGen: 21819284K->732813K(22609920K)] 22803907K->1717812K(25755648K), 0.1345046 secs] [Times: user=4.75 sys=0.00, real=0.14 secs] 
6946.971: [GC (Allocation Failure) [PSYoungGen: 21835405K->783152K(22609920K)] 22820404K->1768511K(25755648K), 0.1443404 secs] [Times: user=5.02 sys=0.00, real=0.14 secs] 
6950.097: [GC (Allocation Failure) [PSYoungGen: 21885744K->744838K(22609920K)] 22871103K->1730549K(25755648K), 0.1364786 secs] [Times: user=4.82 sys=0.00, real=0.14 secs] 
6953.149: [GC (Allocation Failure) [PSYoungGen: 21847430K->817626K(22609920K)] 22833141K->1803681K(25755648K), 0.1466941 secs] [Times: user=5.19 sys=0.00, real=0.15 secs] 
6956.311: [GC (Allocation Failure) [PSYoungGen: 21920218K->789837K(22609920K)] 22906273K->1776252K(25755648K), 0.1442658 secs] [Times: user=5.04 sys=0.00, real=0.14 secs] 
6959.378: [GC (Allocation Failure) [PSYoungGen: 21892429K->855711K(22609920K)] 22878844K->1842526K(25755648K), 0.1515153 secs] [Times: user=5.36 sys=0.00, real=0.15 secs] 
6962.475: [GC (Allocation Failure) [PSYoungGen: 21958303K->802753K(22609920K)] 22945118K->1789895K(25755648K), 0.1475374 secs] [Times: user=5.22 sys=0.00, real=0.15 secs] 
6965.585: [GC (Allocation Failure) [PSYoungGen: 21905345K->751415K(22609920K)] 22892487K->1738958K(25755648K), 0.1367087 secs] [Times: user=4.83 sys=0.00, real=0.13 secs] 
6968.637: [GC (Allocation Failure) [PSYoungGen: 21854007K->764393K(22609920K)] 22841550K->1752320K(25755648K), 0.1402322 secs] [Times: user=4.94 sys=0.01, real=0.14 secs] 
6971.790: [GC (Allocation Failure) [PSYoungGen: 21866985K->731219K(22609920K)] 22854912K->1719498K(25755648K), 0.1356716 secs] [Times: user=4.77 sys=0.00, real=0.14 secs] 
6974.870: [GC (Allocation Failure) [PSYoungGen: 21833811K->754487K(22609920K)] 22822090K->1743134K(25755648K), 0.1377556 secs] [Times: user=4.86 sys=0.01, real=0.14 secs] 
6977.922: [GC (Allocation Failure) [PSYoungGen: 21857079K->858857K(22609920K)] 22845726K->1847872K(25755648K), 0.1516531 secs] [Times: user=5.36 sys=0.00, real=0.15 secs] 
6981.041: [GC (Allocation Failure) [PSYoungGen: 21961449K->735998K(22609920K)] 22950464K->1725332K(25755648K), 0.1413368 secs] [Times: user=4.68 sys=0.00, real=0.14 secs] 
6984.109: [GC (Allocation Failure) [PSYoungGen: 21838590K->907070K(22609920K)] 22827924K->1896853K(25755648K), 0.1583383 secs] [Times: user=5.56 sys=0.00, real=0.16 secs] 
6987.166: [GC (Allocation Failure) [PSYoungGen: 22009662K->786060K(22609920K)] 22999445K->1776211K(25755648K), 0.1436890 secs] [Times: user=5.04 sys=0.00, real=0.14 secs] 
6990.195: [GC (Allocation Failure) [PSYoungGen: 21888652K->754277K(22609920K)] 22878803K->1744788K(25755648K), 0.1399879 secs] [Times: user=4.81 sys=0.00, real=0.14 secs] 
6993.294: [GC (Allocation Failure) [PSYoungGen: 21856869K->749514K(22609920K)] 22847380K->1740401K(25755648K), 0.1383016 secs] [Times: user=4.88 sys=0.00, real=0.14 secs] 
6996.340: [GC (Allocation Failure) [PSYoungGen: 21852106K->760981K(22609920K)] 22842993K->1752236K(25755648K), 0.1377549 secs] [Times: user=4.88 sys=0.00, real=0.14 secs] 
6999.400: [GC (Allocation Failure) [PSYoungGen: 21863573K->788370K(22609920K)] 22854828K->1779953K(25755648K), 0.1453209 secs] [Times: user=5.01 sys=0.00, real=0.14 secs] 
7002.460: [GC (Allocation Failure) [PSYoungGen: 21890962K->844687K(22609920K)] 22882545K->1836645K(25755648K), 0.1528771 secs] [Times: user=5.42 sys=0.01, real=0.15 secs] 
7005.533: [GC (Allocation Failure) [PSYoungGen: 21947279K->704349K(22609920K)] 22939237K->1696644K(25755648K), 0.1323419 secs] [Times: user=4.53 sys=0.00, real=0.13 secs] 
7008.600: [GC (Allocation Failure) [PSYoungGen: 21806941K->721381K(22609920K)] 22799236K->1714052K(25755648K), 0.1323776 secs] [Times: user=4.67 sys=0.01, real=0.13 secs] 
7011.663: [GC (Allocation Failure) [PSYoungGen: 21823973K->847357K(22609920K)] 22816644K->1840428K(25755648K), 0.1532180 secs] [Times: user=5.38 sys=0.00, real=0.15 secs] 
7014.742: [GC (Allocation Failure) [PSYoungGen: 21949949K->746036K(22609920K)] 22943020K->1739483K(25755648K), 0.1355723 secs] [Times: user=4.80 sys=0.01, real=0.13 secs] 
7017.796: [GC (Allocation Failure) [PSYoungGen: 21848628K->824415K(22609920K)] 22842075K->1818222K(25755648K), 0.1485990 secs] [Times: user=5.27 sys=0.00, real=0.15 secs] 
7020.907: [GC (Allocation Failure) [PSYoungGen: 21927007K->770805K(22609920K)] 22920814K->1764980K(25755648K), 0.1395812 secs] [Times: user=4.95 sys=0.00, real=0.14 secs] 
7023.979: [GC (Allocation Failure) [PSYoungGen: 21873397K->856189K(22609920K)] 22867572K->1850683K(25755648K), 0.1538485 secs] [Times: user=5.44 sys=0.01, real=0.16 secs] 
7027.055: [GC (Allocation Failure) [PSYoungGen: 21958781K->747841K(22609920K)] 22953275K->1742743K(25755648K), 0.1374760 secs] [Times: user=4.80 sys=0.00, real=0.14 secs] 
7030.191: [GC (Allocation Failure) [PSYoungGen: 21850433K->872645K(22609920K)] 22845335K->1867860K(25755648K), 0.1517337 secs] [Times: user=5.35 sys=0.01, real=0.16 secs] 
7033.308: [GC (Allocation Failure) [PSYoungGen: 21975237K->731402K(22609920K)] 22970452K->1727033K(25755648K), 0.1327623 secs] [Times: user=4.69 sys=0.00, real=0.13 secs] 
7036.364: [GC (Allocation Failure) [PSYoungGen: 21833994K->846042K(22609920K)] 22829625K->1842057K(25755648K), 0.1492630 secs] [Times: user=5.17 sys=0.01, real=0.15 secs] 
7039.432: [GC (Allocation Failure) [PSYoungGen: 21948634K->830088K(22609920K)] 22944649K->1826455K(25755648K), 0.1489647 secs] [Times: user=5.28 sys=0.00, real=0.15 secs] 
7042.489: [GC (Allocation Failure) [PSYoungGen: 21932680K->768405K(22609920K)] 22929047K->1765124K(25755648K), 0.1397378 secs] [Times: user=4.94 sys=0.00, real=0.14 secs] 
7045.553: [GC (Allocation Failure) [PSYoungGen: 21870997K->842310K(22609920K)] 22867716K->1839404K(25755648K), 0.1519037 secs] [Times: user=5.38 sys=0.00, real=0.16 secs] 
7048.715: [GC (Allocation Failure) [PSYoungGen: 21944902K->778881K(22609920K)] 22941996K->1776328K(25755648K), 0.1411706 secs] [Times: user=5.01 sys=0.00, real=0.15 secs] 
7051.784: [GC (Allocation Failure) [PSYoungGen: 21881473K->745564K(22609920K)] 22878920K->1743394K(25755648K), 0.1371584 secs] [Times: user=4.85 sys=0.00, real=0.14 secs] 
7054.900: [GC (Allocation Failure) [PSYoungGen: 21848156K->770765K(22609920K)] 22845986K->1768948K(25755648K), 0.1408182 secs] [Times: user=4.85 sys=0.00, real=0.14 secs] 
7057.951: [GC (Allocation Failure) [PSYoungGen: 21873357K->765111K(22609920K)] 22871540K->1763614K(25755648K), 0.1386075 secs] [Times: user=4.90 sys=0.01, real=0.14 secs] 
7061.024: [GC (Allocation Failure) [PSYoungGen: 21867703K->783077K(22609920K)] 22866206K->1782060K(25755648K), 0.1409659 secs] [Times: user=4.98 sys=0.00, real=0.14 secs] 
7064.123: [GC (Allocation Failure) [PSYoungGen: 21885669K->776563K(22609920K)] 22884652K->1775922K(25755648K), 0.1412525 secs] [Times: user=4.99 sys=0.00, real=0.14 secs] 
7067.145: [GC (Allocation Failure) [PSYoungGen: 21879155K->766395K(22609920K)] 22878514K->1766113K(25755648K), 0.1398066 secs] [Times: user=4.95 sys=0.00, real=0.14 secs] 
7070.215: [GC (Allocation Failure) [PSYoungGen: 21868987K->769539K(22609920K)] 22868705K->1769594K(25755648K), 0.1397587 secs] [Times: user=4.95 sys=0.00, real=0.14 secs] 
7073.306: [GC (Allocation Failure) [PSYoungGen: 21872131K->850899K(22609920K)] 22872186K->1851338K(25755648K), 0.1527495 secs] [Times: user=5.41 sys=0.00, real=0.16 secs] 
7076.395: [GC (Allocation Failure) [PSYoungGen: 21953491K->746904K(22609920K)] 22953930K->1747646K(25755648K), 0.1357379 secs] [Times: user=4.81 sys=0.00, real=0.14 secs] 
7079.398: [GC (Allocation Failure) [PSYoungGen: 21849496K->829022K(22609920K)] 22850238K->1830245K(25755648K), 0.1504011 secs] [Times: user=5.27 sys=0.00, real=0.15 secs] 
7082.573: [GC (Allocation Failure) [PSYoungGen: 21931614K->790137K(22609920K)] 22932837K->1791664K(25755648K), 0.1429872 secs] [Times: user=5.07 sys=0.00, real=0.14 secs] 
7085.654: [GC (Allocation Failure) [PSYoungGen: 21892729K->735766K(22609920K)] 22894256K->1737669K(25755648K), 0.1344815 secs] [Times: user=4.73 sys=0.00, real=0.13 secs] 
7088.709: [GC (Allocation Failure) [PSYoungGen: 21838358K->882519K(22609920K)] 22840261K->1884830K(25755648K), 0.1527032 secs] [Times: user=5.35 sys=0.00, real=0.16 secs] 
7091.808: [GC (Allocation Failure) [PSYoungGen: 21985111K->796740K(22609920K)] 22987422K->1799427K(25755648K), 0.1453237 secs] [Times: user=5.09 sys=0.00, real=0.15 secs] 
7094.883: [GC (Allocation Failure) [PSYoungGen: 21899332K->799971K(22609920K)] 22902019K->1803058K(25755648K), 0.1455983 secs] [Times: user=5.15 sys=0.00, real=0.14 secs] 
7098.006: [GC (Allocation Failure) [PSYoungGen: 21902563K->830157K(22609920K)] 22905650K->1833660K(25755648K), 0.1483673 secs] [Times: user=5.26 sys=0.01, real=0.15 secs] 
7101.047: [GC (Allocation Failure) [PSYoungGen: 21932749K->855354K(22609920K)] 22936252K->1859209K(25755648K), 0.1533470 secs] [Times: user=5.43 sys=0.00, real=0.15 secs] 
7104.096: [GC (Allocation Failure) [PSYoungGen: 21957946K->760423K(22609920K)] 22961801K->1764742K(25755648K), 0.1391701 secs] [Times: user=4.92 sys=0.00, real=0.14 secs] 
7107.207: [GC (Allocation Failure) [PSYoungGen: 21863015K->768849K(22609920K)] 22867334K->1773504K(25755648K), 0.1393846 secs] [Times: user=4.94 sys=0.00, real=0.14 secs] 
7110.294: [GC (Allocation Failure) [PSYoungGen: 21871441K->804870K(22609920K)] 22876096K->1809916K(25755648K), 0.1447447 secs] [Times: user=5.12 sys=0.00, real=0.15 secs] 
7113.283: [GC (Allocation Failure) [PSYoungGen: 21907462K->770494K(22609920K)] 22912508K->1775917K(25755648K), 0.1402821 secs] [Times: user=4.96 sys=0.01, real=0.14 secs] 
7116.332: [GC (Allocation Failure) [PSYoungGen: 21873086K->850133K(22609920K)] 22878509K->1855932K(25755648K), 0.1501353 secs] [Times: user=5.32 sys=0.00, real=0.15 secs] 
7119.401: [GC (Allocation Failure) [PSYoungGen: 21952725K->740816K(22609920K)] 22958524K->1746950K(25755648K), 0.1372016 secs] [Times: user=4.74 sys=0.00, real=0.14 secs] 
7122.467: [GC (Allocation Failure) [PSYoungGen: 21843408K->770701K(22609920K)] 22849542K->1777212K(25755648K), 0.1401511 secs] [Times: user=4.96 sys=0.00, real=0.14 secs] 
7125.475: [GC (Allocation Failure) [PSYoungGen: 21873293K->829516K(22609920K)] 22879804K->1836371K(25755648K), 0.1484359 secs] [Times: user=5.26 sys=0.00, real=0.15 secs] 
7128.553: [GC (Allocation Failure) [PSYoungGen: 21932108K->840608K(22609920K)] 22938963K->1847871K(25755648K), 0.1497553 secs] [Times: user=5.26 sys=0.00, real=0.15 secs] 
7131.603: [GC (Allocation Failure) [PSYoungGen: 21943200K->739114K(22609920K)] 22950463K->1746745K(25755648K), 0.1352083 secs] [Times: user=4.76 sys=0.00, real=0.14 secs] 
7134.660: [GC (Allocation Failure) [PSYoungGen: 21841706K->847460K(22609920K)] 22849337K->1855467K(25755648K), 0.1462277 secs] [Times: user=5.18 sys=0.00, real=0.14 secs] 
7137.718: [GC (Allocation Failure) [PSYoungGen: 21950052K->734894K(22609920K)] 22958059K->1743317K(25755648K), 0.1338342 secs] [Times: user=4.72 sys=0.00, real=0.13 secs] 
7140.750: [GC (Allocation Failure) [PSYoungGen: 21837486K->804596K(22609920K)] 22845909K->1813371K(25755648K), 0.1445089 secs] [Times: user=5.11 sys=0.00, real=0.14 secs] 
7143.815: [GC (Allocation Failure) [PSYoungGen: 21907188K->778126K(22609920K)] 22915963K->1787309K(25755648K), 0.1434523 secs] [Times: user=4.96 sys=0.00, real=0.14 secs] 
7146.950: [GC (Allocation Failure) [PSYoungGen: 21880718K->743624K(22609920K)] 22889901K->1753735K(25755648K), 0.1367972 secs] [Times: user=4.82 sys=0.00, real=0.13 secs] 
7150.003: [GC (Allocation Failure) [PSYoungGen: 21846216K->746529K(22609920K)] 22856327K->1757031K(25755648K), 0.1353723 secs] [Times: user=4.75 sys=0.00, real=0.13 secs] 
7153.026: [GC (Allocation Failure) [PSYoungGen: 21849121K->761506K(22609920K)] 22859623K->1772377K(25755648K), 0.1351938 secs] [Times: user=4.79 sys=0.00, real=0.14 secs] 
7156.061: [GC (Allocation Failure) [PSYoungGen: 21864098K->697477K(22609920K)] 22874969K->1708732K(25755648K), 0.1285310 secs] [Times: user=4.52 sys=0.00, real=0.12 secs] 
7159.121: [GC (Allocation Failure) [PSYoungGen: 21800069K->799669K(22609920K)] 22811324K->1811300K(25755648K), 0.1439109 secs] [Times: user=5.03 sys=0.01, real=0.15 secs] 
7162.188: [GC (Allocation Failure) [PSYoungGen: 21902261K->692970K(22609920K)] 22913892K->1704937K(25755648K), 0.1265361 secs] [Times: user=4.47 sys=0.00, real=0.13 secs] 
7165.295: [GC (Allocation Failure) [PSYoungGen: 21795562K->766267K(22609920K)] 22807529K->1778650K(25755648K), 0.1384855 secs] [Times: user=4.90 sys=0.00, real=0.14 secs] 
7168.226: [GC (Allocation Failure) [PSYoungGen: 21868859K->763736K(22609920K)] 22881242K->1776527K(25755648K), 0.1396619 secs] [Times: user=4.94 sys=0.00, real=0.14 secs] 
7171.242: [GC (Allocation Failure) [PSYoungGen: 21866328K->817273K(22609920K)] 22879119K->1830400K(25755648K), 0.1466273 secs] [Times: user=5.19 sys=0.00, real=0.15 secs] 
7174.318: [GC (Allocation Failure) [PSYoungGen: 21919865K->934259K(22609920K)] 22932992K->1947754K(25755648K), 0.1649088 secs] [Times: user=5.84 sys=0.00, real=0.16 secs] 
7177.504: [GC (Allocation Failure) [PSYoungGen: 22036851K->706489K(22609920K)] 23050346K->1720448K(25755648K), 0.1314993 secs] [Times: user=4.65 sys=0.00, real=0.14 secs] 
7180.538: [GC (Allocation Failure) [PSYoungGen: 21809081K->664682K(22609920K)] 22823040K->1678929K(25755648K), 0.1250807 secs] [Times: user=4.40 sys=0.00, real=0.12 secs] 
7183.491: [GC (Allocation Failure) [PSYoungGen: 21767274K->750296K(22609920K)] 22781521K->1764967K(25755648K), 0.1377482 secs] [Times: user=4.85 sys=0.00, real=0.14 secs] 
7186.511: [GC (Allocation Failure) [PSYoungGen: 21852888K->777853K(22609920K)] 22867559K->1792932K(25755648K), 0.1422379 secs] [Times: user=5.00 sys=0.00, real=0.14 secs] 
7189.506: [GC (Allocation Failure) [PSYoungGen: 21880445K->799858K(22609920K)] 22895524K->1815321K(25755648K), 0.1441559 secs] [Times: user=5.11 sys=0.00, real=0.15 secs] 
7192.734: [GC (Allocation Failure) [PSYoungGen: 21902450K->678869K(22609920K)] 22917913K->1694820K(25755648K), 0.1251275 secs] [Times: user=4.36 sys=0.00, real=0.13 secs] 
7195.643: [GC (Allocation Failure) [PSYoungGen: 21781461K->769626K(22609920K)] 22797412K->1786001K(25755648K), 0.1422618 secs] [Times: user=5.00 sys=0.00, real=0.14 secs] 
7198.603: [GC (Allocation Failure) [PSYoungGen: 21872218K->853255K(22609920K)] 22888593K->1870030K(25755648K), 0.1546705 secs] [Times: user=5.45 sys=0.00, real=0.16 secs] 
7201.686: [GC (Allocation Failure) [PSYoungGen: 21955847K->744772K(22609920K)] 22972622K->1761939K(25755648K), 0.1352865 secs] [Times: user=4.79 sys=0.00, real=0.14 secs] 
7204.791: [GC (Allocation Failure) [PSYoungGen: 21847364K->748421K(22609920K)] 22864531K->1765924K(25755648K), 0.1369987 secs] [Times: user=4.84 sys=0.00, real=0.14 secs] 
7207.752: [GC (Allocation Failure) [PSYoungGen: 21851013K->727315K(22609920K)] 22868516K->1745218K(25755648K), 0.1341389 secs] [Times: user=4.75 sys=0.00, real=0.13 secs] 
7210.785: [GC (Allocation Failure) [PSYoungGen: 21829907K->757805K(22609920K)] 22847810K->1776036K(25755648K), 0.1388188 secs] [Times: user=4.91 sys=0.00, real=0.14 secs] 
7213.885: [GC (Allocation Failure) [PSYoungGen: 21860397K->750574K(22609920K)] 22878628K->1769261K(25755648K), 0.1390240 secs] [Times: user=4.82 sys=0.01, real=0.14 secs] 
7216.864: [GC (Allocation Failure) [PSYoungGen: 21853166K->804814K(22609920K)] 22871853K->1823917K(25755648K), 0.1461141 secs] [Times: user=5.17 sys=0.00, real=0.14 secs] 
7219.957: [GC (Allocation Failure) [PSYoungGen: 21907406K->763462K(22609920K)] 22926509K->1782933K(25755648K), 0.1409856 secs] [Times: user=4.89 sys=0.00, real=0.14 secs] 
7222.928: [GC (Allocation Failure) [PSYoungGen: 21866054K->722707K(22609920K)] 22885525K->1742666K(25755648K), 0.1318554 secs] [Times: user=4.67 sys=0.00, real=0.13 secs] 
7225.957: [GC (Allocation Failure) [PSYoungGen: 21825299K->882307K(22609920K)] 22845258K->1902666K(25755648K), 0.1518734 secs] [Times: user=5.38 sys=0.00, real=0.15 secs] 
7229.027: [GC (Allocation Failure) [PSYoungGen: 21984899K->804005K(22609920K)] 23005258K->1824828K(25755648K), 0.1404656 secs] [Times: user=4.97 sys=0.00, real=0.14 secs] 
7232.105: [GC (Allocation Failure) [PSYoungGen: 21906597K->744132K(22609920K)] 22927420K->1765444K(25755648K), 0.1354145 secs] [Times: user=4.80 sys=0.00, real=0.13 secs] 
7235.083: [GC (Allocation Failure) [PSYoungGen: 21846724K->803608K(22609920K)] 22868036K->1825407K(25755648K), 0.1466234 secs] [Times: user=5.19 sys=0.00, real=0.14 secs] 
7238.225: [GC (Allocation Failure) [PSYoungGen: 21906200K->739469K(22609920K)] 22927999K->1761612K(25755648K), 0.1372521 secs] [Times: user=4.82 sys=0.00, real=0.13 secs] 
7241.254: [GC (Allocation Failure) [PSYoungGen: 21842061K->783790K(22609920K)] 22864204K->1806429K(25755648K), 0.1422297 secs] [Times: user=5.02 sys=0.00, real=0.15 secs] 
7244.341: [GC (Allocation Failure) [PSYoungGen: 21886382K->742219K(22609920K)] 22909021K->1765338K(25755648K), 0.1359627 secs] [Times: user=4.80 sys=0.01, real=0.14 secs] 
7247.402: [GC (Allocation Failure) [PSYoungGen: 21844811K->802624K(22609920K)] 22867930K->1826176K(25755648K), 0.1451338 secs] [Times: user=5.14 sys=0.00, real=0.15 secs] 
7250.446: [GC (Allocation Failure) [PSYoungGen: 21905216K->721026K(22609920K)] 22928768K->1745017K(25755648K), 0.1327123 secs] [Times: user=4.68 sys=0.00, real=0.13 secs] 
7253.453: [GC (Allocation Failure) [PSYoungGen: 21823618K->882940K(22609920K)] 22847609K->1907339K(25755648K), 0.1526002 secs] [Times: user=5.40 sys=0.00, real=0.15 secs] 
7256.564: [GC (Allocation Failure) [PSYoungGen: 21985532K->751480K(22609920K)] 23009931K->1776231K(25755648K), 0.1417632 secs] [Times: user=4.88 sys=0.00, real=0.15 secs] 
7259.690: [GC (Allocation Failure) [PSYoungGen: 21854072K->816340K(22609920K)] 22878823K->1841523K(25755648K), 0.1469908 secs] [Times: user=5.21 sys=0.00, real=0.15 secs] 
7262.752: [GC (Allocation Failure) [PSYoungGen: 21918932K->792668K(22609920K)] 22944115K->1818180K(25755648K), 0.1445917 secs] [Times: user=5.13 sys=0.00, real=0.14 secs] 
7265.818: [GC (Allocation Failure) [PSYoungGen: 21895260K->816256K(22609920K)] 22920772K->1842160K(25755648K), 0.1472032 secs] [Times: user=5.21 sys=0.00, real=0.14 secs] 
7268.856: [GC (Allocation Failure) [PSYoungGen: 21918848K->806050K(22609920K)] 22944752K->1832466K(25755648K), 0.1488657 secs] [Times: user=5.10 sys=0.00, real=0.15 secs] 
7271.915: [GC (Allocation Failure) [PSYoungGen: 21908642K->735473K(22609920K)] 22935058K->1762193K(25755648K), 0.1365147 secs] [Times: user=4.71 sys=0.01, real=0.14 secs] 
7274.995: [GC (Allocation Failure) [PSYoungGen: 21838065K->884720K(22609920K)] 22864785K->1911888K(25755648K), 0.1579857 secs] [Times: user=5.60 sys=0.00, real=0.16 secs] 
7278.102: [GC (Allocation Failure) [PSYoungGen: 21987312K->775326K(22609920K)] 23014480K->1803038K(25755648K), 0.1415416 secs] [Times: user=5.01 sys=0.00, real=0.14 secs] 
7281.231: [GC (Allocation Failure) [PSYoungGen: 21877918K->857196K(22609920K)] 22905630K->1885243K(25755648K), 0.1534956 secs] [Times: user=5.43 sys=0.00, real=0.15 secs] 
7284.355: [GC (Allocation Failure) [PSYoungGen: 21959788K->810986K(22609920K)] 22987835K->1839497K(25755648K), 0.1460610 secs] [Times: user=5.17 sys=0.00, real=0.15 secs] 
7287.428: [GC (Allocation Failure) [PSYoungGen: 21913578K->707080K(22609920K)] 22942089K->1736063K(25755648K), 0.1298090 secs] [Times: user=4.59 sys=0.00, real=0.13 secs] 
7290.804: [GC (System.gc()) [PSYoungGen: 20915147K->669093K(22609920K)] 21944130K->1698516K(25755648K), 0.1310899 secs] [Times: user=4.46 sys=0.00, real=0.13 secs] 
7290.935: [Full GC (System.gc()) [PSYoungGen: 669093K->0K(22609920K)] [ParOldGen: 1029423K->235242K(3145728K)] 1698516K->235242K(25755648K), [Metaspace: 22512K->22512K(1071104K)], 0.2261257 secs] [Times: user=6.27 sys=0.07, real=0.23 secs] 
7328.409: [GC (Allocation Failure) [PSYoungGen: 21102592K->945439K(22609920K)] 21337834K->1180681K(25755648K), 0.1582997 secs] [Times: user=5.40 sys=0.01, real=0.16 secs] 
7340.852: [GC (Allocation Failure) [PSYoungGen: 22048031K->957468K(22609920K)] 22283273K->1192711K(25755648K), 0.1423064 secs] [Times: user=5.02 sys=0.00, real=0.14 secs] 
7350.374: [GC (Allocation Failure) [PSYoungGen: 22060060K->940150K(22609920K)] 22295303K->1175393K(25755648K), 0.1418319 secs] [Times: user=4.93 sys=0.01, real=0.14 secs] 
7358.482: [GC (Allocation Failure) [PSYoungGen: 22042742K->948006K(22609920K)] 22277985K->1183248K(25755648K), 0.1432727 secs] [Times: user=5.03 sys=0.00, real=0.15 secs] 
7365.699: [GC (Allocation Failure) [PSYoungGen: 22050598K->964916K(22609920K)] 22285840K->1200158K(25755648K), 0.1436182 secs] [Times: user=5.06 sys=0.00, real=0.14 secs] 
7372.111: [GC (Allocation Failure) [PSYoungGen: 22067508K->955664K(22609920K)] 22302750K->1190906K(25755648K), 0.1439100 secs] [Times: user=5.03 sys=0.00, real=0.15 secs] 
7377.897: [GC (Allocation Failure) [PSYoungGen: 22058256K->1000099K(22609920K)] 22293498K->1235349K(25755648K), 0.1510846 secs] [Times: user=5.26 sys=0.00, real=0.15 secs] 
7383.941: [GC (Allocation Failure) [PSYoungGen: 22102691K->961157K(22609920K)] 22337941K->1196407K(25755648K), 0.1445169 secs] [Times: user=5.09 sys=0.00, real=0.15 secs] 
7389.138: [GC (Allocation Failure) [PSYoungGen: 22063749K->961670K(22609920K)] 22298999K->1196921K(25755648K), 0.1454536 secs] [Times: user=5.12 sys=0.00, real=0.14 secs] 
7394.250: [GC (Allocation Failure) [PSYoungGen: 22064262K->1010958K(22609920K)] 22299513K->1246209K(25755648K), 0.1510053 secs] [Times: user=5.33 sys=0.00, real=0.15 secs] 
7399.262: [GC (Allocation Failure) [PSYoungGen: 22113550K->968803K(22609920K)] 22348801K->1204054K(25755648K), 0.1449654 secs] [Times: user=5.11 sys=0.00, real=0.14 secs] 
7403.732: [GC (Allocation Failure) [PSYoungGen: 22071395K->1010459K(22609920K)] 22306646K->1245709K(25755648K), 0.1536406 secs] [Times: user=5.25 sys=0.00, real=0.15 secs] 
7407.982: [GC (Allocation Failure) [PSYoungGen: 22113051K->1011486K(22609920K)] 22348301K->1246736K(25755648K), 0.1535681 secs] [Times: user=5.27 sys=0.00, real=0.15 secs] 
7412.312: [GC (Allocation Failure) [PSYoungGen: 22114078K->1007925K(22609920K)] 22349328K->1243176K(25755648K), 0.1531516 secs] [Times: user=5.38 sys=0.00, real=0.15 secs] 
7416.625: [GC (Allocation Failure) [PSYoungGen: 22110517K->1019632K(22609920K)] 22345768K->1254882K(25755648K), 0.1521786 secs] [Times: user=5.38 sys=0.00, real=0.15 secs] 
7420.493: [GC (Allocation Failure) [PSYoungGen: 22122224K->651526K(22609920K)] 22357474K->1246254K(25755648K), 0.1576003 secs] [Times: user=5.43 sys=0.00, real=0.16 secs] 
7424.288: [GC (Allocation Failure) [PSYoungGen: 21754118K->623509K(22609920K)] 22348846K->1220166K(25755648K), 0.1164972 secs] [Times: user=4.08 sys=0.00, real=0.12 secs] 
7427.871: [GC (Allocation Failure) [PSYoungGen: 21726101K->692995K(22609920K)] 22322758K->1290668K(25755648K), 0.1246991 secs] [Times: user=4.39 sys=0.00, real=0.13 secs] 
7431.822: [GC (Allocation Failure) [PSYoungGen: 21795587K->649941K(22609920K)] 22393260K->1248383K(25755648K), 0.1161278 secs] [Times: user=4.10 sys=0.00, real=0.12 secs] 
7435.200: [GC (Allocation Failure) [PSYoungGen: 21752533K->631957K(22609920K)] 22350975K->1231943K(25755648K), 0.1145915 secs] [Times: user=4.03 sys=0.00, real=0.12 secs] 
7438.587: [GC (Allocation Failure) [PSYoungGen: 21734549K->642773K(22609920K)] 22334535K->1243503K(25755648K), 0.1175710 secs] [Times: user=4.07 sys=0.01, real=0.12 secs] 
7441.934: [GC (Allocation Failure) [PSYoungGen: 21745365K->661829K(22609920K)] 22346095K->1263111K(25755648K), 0.1201328 secs] [Times: user=4.20 sys=0.00, real=0.12 secs] 
7445.318: [GC (Allocation Failure) [PSYoungGen: 21764421K->642533K(22609920K)] 22365703K->1244431K(25755648K), 0.1177454 secs] [Times: user=4.04 sys=0.00, real=0.12 secs] 
7448.438: [GC (Allocation Failure) [PSYoungGen: 21745125K->756127K(22609920K)] 22347023K->1358521K(25755648K), 0.1348921 secs] [Times: user=4.77 sys=0.00, real=0.13 secs] 
7451.539: [GC (Allocation Failure) [PSYoungGen: 21858719K->765658K(22609920K)] 22461113K->1368620K(25755648K), 0.1376008 secs] [Times: user=4.82 sys=0.00, real=0.14 secs] 
7454.547: [GC (Allocation Failure) [PSYoungGen: 21868250K->739805K(22609920K)] 22471212K->1343359K(25755648K), 0.1316627 secs] [Times: user=4.61 sys=0.01, real=0.13 secs] 
7457.695: [GC (Allocation Failure) [PSYoungGen: 21842397K->828289K(22609920K)] 22445951K->1432419K(25755648K), 0.1471798 secs] [Times: user=5.20 sys=0.00, real=0.15 secs] 
7460.865: [GC (Allocation Failure) [PSYoungGen: 21930881K->798781K(22609920K)] 22535011K->1403656K(25755648K), 0.1457435 secs] [Times: user=4.96 sys=0.01, real=0.15 secs] 
7464.042: [GC (Allocation Failure) [PSYoungGen: 21901373K->708710K(22609920K)] 22506248K->1314248K(25755648K), 0.1271592 secs] [Times: user=4.48 sys=0.00, real=0.13 secs] 
7475.113: [GC (System.gc()) [PSYoungGen: 12334427K->849885K(22609920K)] 12939965K->1456352K(25755648K), 0.1318864 secs] [Times: user=4.65 sys=0.00, real=0.13 secs] 
7475.245: [Full GC (System.gc()) [PSYoungGen: 849885K->0K(22609920K)] [ParOldGen: 606466K->236553K(3145728K)] 1456352K->236553K(25755648K), [Metaspace: 22549K->22549K(1071104K)], 0.0641812 secs] [Times: user=1.06 sys=0.00, real=0.07 secs] 
7481.434: [GC (System.gc()) [PSYoungGen: 3428719K->736K(22609920K)] 3665272K->237289K(25755648K), 0.0074560 secs] [Times: user=0.11 sys=0.00, real=0.01 secs] 
7481.442: [Full GC (System.gc()) [PSYoungGen: 736K->0K(22609920K)] [ParOldGen: 236553K->230782K(3145728K)] 237289K->230782K(25755648K), [Metaspace: 22560K->22560K(1071104K)], 0.0924806 secs] [Times: user=1.70 sys=0.01, real=0.09 secs] 
7496.281: [GC (Allocation Failure) [PSYoungGen: 21102592K->986683K(22609920K)] 21333374K->1217473K(25755648K), 0.1567005 secs] [Times: user=5.48 sys=0.00, real=0.16 secs] 
7507.325: [GC (Allocation Failure) [PSYoungGen: 22089275K->956382K(22609920K)] 22320065K->1187173K(25755648K), 0.1425646 secs] [Times: user=4.95 sys=0.01, real=0.14 secs] 
7518.224: [GC (Allocation Failure) [PSYoungGen: 22058974K->935426K(22609920K)] 22289765K->1166225K(25755648K), 0.1401764 secs] [Times: user=4.91 sys=0.00, real=0.14 secs] 
7525.167: [GC (System.gc()) [PSYoungGen: 7270828K->32249K(22609920K)] 7501626K->263047K(25755648K), 0.0098349 secs] [Times: user=0.18 sys=0.00, real=0.01 secs] 
7525.177: [Full GC (System.gc()) [PSYoungGen: 32249K->0K(22609920K)] [ParOldGen: 230798K->239454K(3145728K)] 263047K->239454K(25755648K), [Metaspace: 22631K->22631K(1071104K)], 0.1009214 secs] [Times: user=2.23 sys=0.01, real=0.10 secs] 
7525.501: [GC (System.gc()) [PSYoungGen: 933K->128K(22609920K)] 240387K->239582K(25755648K), 0.0393547 secs] [Times: user=0.20 sys=0.00, real=0.04 secs] 
7525.540: [Full GC (System.gc()) [PSYoungGen: 128K->0K(22609920K)] [ParOldGen: 239454K->237365K(3145728K)] 239582K->237365K(25755648K), [Metaspace: 22635K->22635K(1071104K)], 0.3423809 secs] [Times: user=3.22 sys=0.04, real=0.34 secs] 
7526.097: [GC (System.gc()) [PSYoungGen: 96540K->96K(22609920K)] 333906K->237461K(25755648K), 0.0080217 secs] [Times: user=0.07 sys=0.00, real=0.01 secs] 
7526.105: [Full GC (System.gc()) [PSYoungGen: 96K->0K(22609920K)] [ParOldGen: 237365K->237272K(3145728K)] 237461K->237272K(25755648K), [Metaspace: 22636K->22636K(1071104K)], 0.3246208 secs] [Times: user=4.91 sys=0.04, real=0.33 secs] 
Heap
 PSYoungGen      total 22609920K, used 807434K [0x0000000200000000, 0x00000007c0000000, 0x00000007c0000000)
  eden space 21102592K, 3% used [0x0000000200000000,0x0000000231482af0,0x0000000708000000)
  from space 1507328K, 0% used [0x0000000708000000,0x0000000708000000,0x0000000764000000)
  to   space 1507328K, 0% used [0x0000000764000000,0x0000000764000000,0x00000007c0000000)
 ParOldGen       total 3145728K, used 237272K [0x0000000140000000, 0x0000000200000000, 0x0000000200000000)
  object space 3145728K, 7% used [0x0000000140000000,0x000000014e7b6130,0x0000000200000000)
 Metaspace       used 22646K, capacity 23516K, committed 23680K, reserved 1071104K
  class space    used 2630K, capacity 2872K, committed 2944K, reserved 1048576K
