Java HotSpot(TM) 64-Bit Server VM (25.40-b25) for linux-amd64 JRE (1.8.0_40-b26), built on Mar  7 2015 15:08:31 by "java_re" with gcc 4.3.0 20080428 (Red Hat 4.3.0-8)
Memory: 4k page, physical 264398780k(140515000k free), swap 4194296k(4194296k free)
CommandLine flags: -XX:+AggressiveOpts -XX:+AlwaysPreTouch -XX:InitialHeapSize=27917287424 -XX:LargePageSizeInBytes=2097152 -XX:MaxHeapSize=27917287424 -XX:MaxNewSize=24696061952 -XX:MaxTenuringThreshold=15 -XX:NewSize=24696061952 -XX:ParallelGCThreads=36 -XX:+PrintGC -XX:+PrintGCDetails -XX:+PrintGCTimeStamps -XX:SurvivorRatio=14 -XX:TargetSurvivorRatio=95 -XX:-UseAdaptiveSizePolicy -XX:-UseBiasedLocking -XX:+UseCompressedClassPointers -XX:+UseCompressedOops -XX:+UseLargePages -XX:+UseParallelOldGC 
10.846: [GC (Allocation Failure) [PSYoungGen: 21102592K->3969K(22609920K)] 21102592K->4055K(25755648K), 0.0060833 secs] [Times: user=0.05 sys=0.00, real=0.01 secs] 
10.858: [GC (Allocation Failure) [PSYoungGen: 21106561K->2528K(22609920K)] 21106647K->2622K(25755648K), 0.0081750 secs] [Times: user=0.21 sys=0.00, real=0.01 secs] 
13.346: [GC (Allocation Failure) [PSYoungGen: 21105120K->687993K(22609920K)] 21105214K->688111K(25755648K), 0.1110002 secs] [Times: user=3.54 sys=0.00, real=0.11 secs] 
14.767: [GC (System.gc()) [PSYoungGen: 2084315K->8183K(22609920K)] 2084433K->8309K(25755648K), 0.0102487 secs] [Times: user=0.16 sys=0.00, real=0.01 secs] 
14.777: [Full GC (System.gc()) [PSYoungGen: 8183K->0K(22609920K)] [ParOldGen: 126K->7555K(3145728K)] 8309K->7555K(25755648K), [Metaspace: 16829K->16829K(1064960K)], 0.0530255 secs] [Times: user=0.74 sys=0.03, real=0.06 secs] 
100.845: [GC (System.gc()) [PSYoungGen: 5755249K->98581K(22609920K)] 5762804K->106145K(25755648K), 0.0236240 secs] [Times: user=0.58 sys=0.00, real=0.02 secs] 
100.869: [Full GC (System.gc()) [PSYoungGen: 98581K->0K(22609920K)] [ParOldGen: 7563K->105036K(3145728K)] 106145K->105036K(25755648K), [Metaspace: 20034K->20027K(1067008K)], 0.0958172 secs] [Times: user=2.49 sys=0.01, real=0.10 secs] 
226.997: [GC (Allocation Failure) [PSYoungGen: 21102592K->883654K(22609920K)] 21207628K->988763K(25755648K), 0.1465079 secs] [Times: user=4.86 sys=0.00, real=0.15 secs] 
247.037: [GC (GCLocker Initiated GC) [PSYoungGen: 21986246K->887231K(22609920K)] 22091356K->992349K(25755648K), 0.1379221 secs] [Times: user=4.69 sys=0.00, real=0.13 secs] 
258.157: [GC (Allocation Failure) [PSYoungGen: 21989823K->922607K(22609920K)] 22094944K->1027736K(25755648K), 0.1413406 secs] [Times: user=4.97 sys=0.00, real=0.14 secs] 
265.869: [GC (Allocation Failure) [PSYoungGen: 22025199K->907041K(22609920K)] 22130328K->1012243K(25755648K), 0.1367522 secs] [Times: user=4.78 sys=0.01, real=0.13 secs] 
271.739: [GC (Allocation Failure) [PSYoungGen: 22009633K->948675K(22609920K)] 22114835K->1053876K(25755648K), 0.1420781 secs] [Times: user=4.98 sys=0.00, real=0.14 secs] 
276.349: [GC (Allocation Failure) [PSYoungGen: 22051267K->962476K(22609920K)] 22156468K->1067685K(25755648K), 0.1459556 secs] [Times: user=5.09 sys=0.00, real=0.15 secs] 
280.322: [GC (Allocation Failure) [PSYoungGen: 22065068K->967766K(22609920K)] 22170277K->1072983K(25755648K), 0.1443233 secs] [Times: user=5.08 sys=0.00, real=0.14 secs] 
283.963: [GC (Allocation Failure) [PSYoungGen: 22070358K->996439K(22609920K)] 22175575K->1101657K(25755648K), 0.1517959 secs] [Times: user=5.25 sys=0.01, real=0.15 secs] 
287.215: [GC (Allocation Failure) [PSYoungGen: 22099031K->961273K(22609920K)] 22204249K->1066490K(25755648K), 0.1426344 secs] [Times: user=5.03 sys=0.00, real=0.14 secs] 
290.430: [GC (Allocation Failure) [PSYoungGen: 22063865K->994385K(22609920K)] 22169082K->1099603K(25755648K), 0.1481749 secs] [Times: user=5.24 sys=0.00, real=0.15 secs] 
293.474: [GC (Allocation Failure) [PSYoungGen: 22096977K->1017143K(22609920K)] 22202195K->1122361K(25755648K), 0.1524090 secs] [Times: user=5.31 sys=0.00, real=0.15 secs] 
296.583: [GC (Allocation Failure) [PSYoungGen: 22119735K->1004675K(22609920K)] 22224953K->1109893K(25755648K), 0.1491225 secs] [Times: user=5.25 sys=0.00, real=0.15 secs] 
299.579: [GC (Allocation Failure) [PSYoungGen: 22107267K->1051626K(22609920K)] 22212485K->1156843K(25755648K), 0.1624774 secs] [Times: user=5.52 sys=0.00, real=0.16 secs] 
302.611: [GC (Allocation Failure) [PSYoungGen: 22154218K->1055640K(22609920K)] 22259435K->1160858K(25755648K), 0.1590710 secs] [Times: user=5.55 sys=0.00, real=0.16 secs] 
305.737: [GC (Allocation Failure) [PSYoungGen: 22158232K->1074491K(22609920K)] 22263450K->1179716K(25755648K), 0.1638567 secs] [Times: user=5.76 sys=0.01, real=0.16 secs] 
308.809: [GC (Allocation Failure) [PSYoungGen: 22177083K->733495K(22609920K)] 22282308K->1168146K(25755648K), 0.1666161 secs] [Times: user=5.81 sys=0.00, real=0.17 secs] 
311.832: [GC (Allocation Failure) [PSYoungGen: 21836087K->668219K(22609920K)] 22270738K->1113375K(25755648K), 0.1188829 secs] [Times: user=4.19 sys=0.01, real=0.12 secs] 
314.874: [GC (Allocation Failure) [PSYoungGen: 21770811K->716878K(22609920K)] 22215967K->1167012K(25755648K), 0.1275387 secs] [Times: user=4.36 sys=0.01, real=0.13 secs] 
317.973: [GC (Allocation Failure) [PSYoungGen: 21819470K->656768K(22609920K)] 22269604K->1108743K(25755648K), 0.1161888 secs] [Times: user=4.10 sys=0.00, real=0.12 secs] 
320.956: [GC (Allocation Failure) [PSYoungGen: 21759360K->651253K(22609920K)] 22211335K->1106660K(25755648K), 0.1157532 secs] [Times: user=4.08 sys=0.00, real=0.12 secs] 
324.033: [GC (Allocation Failure) [PSYoungGen: 21753845K->689925K(22609920K)] 22209252K->1146404K(25755648K), 0.1201568 secs] [Times: user=4.25 sys=0.01, real=0.12 secs] 
327.534: [GC (System.gc()) [PSYoungGen: 21617012K->678620K(22609920K)] 22073491K->1135971K(25755648K), 0.1258534 secs] [Times: user=4.40 sys=0.00, real=0.13 secs] 
327.660: [Full GC (System.gc()) [PSYoungGen: 678620K->0K(22609920K)] [ParOldGen: 457350K->128633K(3145728K)] 1135971K->128633K(25755648K), [Metaspace: 22214K->22210K(1069056K)], 0.1376726 secs] [Times: user=3.39 sys=0.07, real=0.14 secs] 
347.188: [GC (Allocation Failure) [PSYoungGen: 21102592K->927235K(22609920K)] 21231225K->1055876K(25755648K), 0.1491582 secs] [Times: user=5.17 sys=0.00, real=0.15 secs] 
354.156: [GC (Allocation Failure) [PSYoungGen: 22029827K->923993K(22609920K)] 22158468K->1052643K(25755648K), 0.1423853 secs] [Times: user=5.00 sys=0.00, real=0.14 secs] 
359.352: [GC (Allocation Failure) [PSYoungGen: 22026585K->979659K(22609920K)] 22155235K->1108308K(25755648K), 0.1463786 secs] [Times: user=5.13 sys=0.01, real=0.15 secs] 
363.865: [GC (Allocation Failure) [PSYoungGen: 22082251K->939793K(22609920K)] 22210900K->1068442K(25755648K), 0.1452520 secs] [Times: user=5.00 sys=0.01, real=0.14 secs] 
367.807: [GC (Allocation Failure) [PSYoungGen: 22042385K->947206K(22609920K)] 22171034K->1075855K(25755648K), 0.1433824 secs] [Times: user=5.05 sys=0.00, real=0.14 secs] 
371.665: [GC (Allocation Failure) [PSYoungGen: 22049798K->987402K(22609920K)] 22178447K->1116051K(25755648K), 0.1477608 secs] [Times: user=5.21 sys=0.00, real=0.14 secs] 
375.026: [GC (Allocation Failure) [PSYoungGen: 22089994K->987372K(22609920K)] 22218643K->1116022K(25755648K), 0.1490557 secs] [Times: user=5.22 sys=0.00, real=0.15 secs] 
378.359: [GC (Allocation Failure) [PSYoungGen: 22089964K->1013710K(22609920K)] 22218614K->1142359K(25755648K), 0.1520738 secs] [Times: user=5.34 sys=0.00, real=0.15 secs] 
381.463: [GC (Allocation Failure) [PSYoungGen: 22116302K->1115634K(22609920K)] 22244951K->1244283K(25755648K), 0.1694327 secs] [Times: user=5.92 sys=0.00, real=0.17 secs] 
384.687: [GC (Allocation Failure) [PSYoungGen: 22218226K->1121268K(22609920K)] 22346875K->1249917K(25755648K), 0.1743412 secs] [Times: user=5.98 sys=0.00, real=0.17 secs] 
387.933: [GC (Allocation Failure) [PSYoungGen: 22223860K->1089332K(22609920K)] 22352509K->1217981K(25755648K), 0.1629538 secs] [Times: user=5.76 sys=0.00, real=0.16 secs] 
391.088: [GC (Allocation Failure) [PSYoungGen: 22191924K->1084269K(22609920K)] 22320573K->1212918K(25755648K), 0.1628295 secs] [Times: user=5.73 sys=0.01, real=0.16 secs] 
394.178: [GC (Allocation Failure) [PSYoungGen: 22186861K->1067447K(22609920K)] 22315510K->1196097K(25755648K), 0.1606976 secs] [Times: user=5.67 sys=0.00, real=0.16 secs] 
397.281: [GC (Allocation Failure) [PSYoungGen: 22170039K->1042260K(22609920K)] 22298689K->1170909K(25755648K), 0.1566550 secs] [Times: user=5.47 sys=0.00, real=0.15 secs] 
400.405: [GC (Allocation Failure) [PSYoungGen: 22144852K->1052969K(22609920K)] 22273501K->1181619K(25755648K), 0.1572757 secs] [Times: user=5.55 sys=0.01, real=0.16 secs] 
403.514: [GC (Allocation Failure) [PSYoungGen: 22155561K->721645K(22609920K)] 22284211K->1183363K(25755648K), 0.1629227 secs] [Times: user=5.76 sys=0.01, real=0.16 secs] 
406.574: [GC (Allocation Failure) [PSYoungGen: 21824237K->702762K(22609920K)] 22285955K->1172633K(25755648K), 0.1220704 secs] [Times: user=4.31 sys=0.00, real=0.12 secs] 
409.638: [GC (Allocation Failure) [PSYoungGen: 21805354K->672613K(22609920K)] 22275225K->1144572K(25755648K), 0.1201116 secs] [Times: user=4.24 sys=0.00, real=0.12 secs] 
412.730: [GC (Allocation Failure) [PSYoungGen: 21775205K->634437K(22609920K)] 22247164K->1107836K(25755648K), 0.1132651 secs] [Times: user=3.99 sys=0.00, real=0.12 secs] 
415.768: [GC (Allocation Failure) [PSYoungGen: 21737029K->666053K(22609920K)] 22210428K->1142980K(25755648K), 0.1193396 secs] [Times: user=4.21 sys=0.00, real=0.12 secs] 
418.816: [GC (Allocation Failure) [PSYoungGen: 21768645K->668677K(22609920K)] 22245572K->1146780K(25755648K), 0.1191162 secs] [Times: user=4.21 sys=0.00, real=0.12 secs] 
421.765: [GC (Allocation Failure) [PSYoungGen: 21771269K->670073K(22609920K)] 22249372K->1149240K(25755648K), 0.1258088 secs] [Times: user=4.17 sys=0.00, real=0.12 secs] 
432.494: [GC (System.gc()) [PSYoungGen: 12226531K->852553K(22609920K)] 12705699K->1332736K(25755648K), 0.1288634 secs] [Times: user=4.55 sys=0.01, real=0.12 secs] 
432.623: [Full GC (System.gc()) [PSYoungGen: 852553K->0K(22609920K)] [ParOldGen: 480183K->233809K(3145728K)] 1332736K->233809K(25755648K), [Metaspace: 22280K->22280K(1069056K)], 0.0955731 secs] [Times: user=1.74 sys=0.04, real=0.10 secs] 
453.320: [GC (Allocation Failure) [PSYoungGen: 21102592K->950679K(22609920K)] 21336401K->1184496K(25755648K), 0.1574600 secs] [Times: user=5.36 sys=0.00, real=0.16 secs] 
460.230: [GC (Allocation Failure) [PSYoungGen: 22053271K->963928K(22609920K)] 22287088K->1197745K(25755648K), 0.1444271 secs] [Times: user=5.09 sys=0.00, real=0.14 secs] 
465.431: [GC (Allocation Failure) [PSYoungGen: 22066520K->975046K(22609920K)] 22300337K->1208864K(25755648K), 0.1459275 secs] [Times: user=5.14 sys=0.00, real=0.14 secs] 
470.116: [GC (Allocation Failure) [PSYoungGen: 22077638K->1015168K(22609920K)] 22311456K->1248986K(25755648K), 0.1545709 secs] [Times: user=5.45 sys=0.01, real=0.16 secs] 
474.276: [GC (Allocation Failure) [PSYoungGen: 22117760K->1019683K(22609920K)] 22351578K->1253501K(25755648K), 0.1525612 secs] [Times: user=5.36 sys=0.01, real=0.15 secs] 
478.062: [GC (Allocation Failure) [PSYoungGen: 22122275K->1029274K(22609920K)] 22356093K->1263091K(25755648K), 0.1535466 secs] [Times: user=5.42 sys=0.00, real=0.15 secs] 
481.446: [GC (Allocation Failure) [PSYoungGen: 22131866K->1080146K(22609920K)] 22365683K->1313963K(25755648K), 0.1625375 secs] [Times: user=5.75 sys=0.00, real=0.16 secs] 
484.619: [GC (Allocation Failure) [PSYoungGen: 22182738K->1091770K(22609920K)] 22416555K->1325587K(25755648K), 0.1663476 secs] [Times: user=5.81 sys=0.00, real=0.17 secs] 
487.782: [GC (Allocation Failure) [PSYoungGen: 22194362K->1043873K(22609920K)] 22428179K->1277690K(25755648K), 0.1568035 secs] [Times: user=5.54 sys=0.00, real=0.15 secs] 
490.916: [GC (Allocation Failure) [PSYoungGen: 22146465K->1117057K(22609920K)] 22380282K->1350874K(25755648K), 0.1706019 secs] [Times: user=6.04 sys=0.00, real=0.17 secs] 
493.979: [GC (Allocation Failure) [PSYoungGen: 22219649K->1076273K(22609920K)] 22453466K->1310090K(25755648K), 0.1620438 secs] [Times: user=5.70 sys=0.00, real=0.16 secs] 
497.084: [GC (Allocation Failure) [PSYoungGen: 22178865K->1093112K(22609920K)] 22412682K->1326929K(25755648K), 0.1653326 secs] [Times: user=5.79 sys=0.00, real=0.16 secs] 
500.242: [GC (Allocation Failure) [PSYoungGen: 22195704K->1073411K(22609920K)] 22429521K->1307229K(25755648K), 0.1616262 secs] [Times: user=5.71 sys=0.00, real=0.17 secs] 
503.379: [GC (Allocation Failure) [PSYoungGen: 22176003K->1135439K(22609920K)] 22409821K->1369257K(25755648K), 0.1723901 secs] [Times: user=6.09 sys=0.01, real=0.17 secs] 
506.543: [GC (Allocation Failure) [PSYoungGen: 22238031K->1139991K(22609920K)] 22471849K->1373808K(25755648K), 0.1727954 secs] [Times: user=6.11 sys=0.00, real=0.18 secs] 
509.740: [GC (Allocation Failure) [PSYoungGen: 22242583K->704734K(22609920K)] 22476400K->1296606K(25755648K), 0.1634270 secs] [Times: user=5.78 sys=0.00, real=0.16 secs] 
512.808: [GC (Allocation Failure) [PSYoungGen: 21807326K->747380K(22609920K)] 22399198K->1340980K(25755648K), 0.1307503 secs] [Times: user=4.63 sys=0.00, real=0.13 secs] 
515.829: [GC (Allocation Failure) [PSYoungGen: 21849972K->719560K(22609920K)] 22443572K->1314280K(25755648K), 0.1291284 secs] [Times: user=4.46 sys=0.00, real=0.13 secs] 
518.828: [GC (Allocation Failure) [PSYoungGen: 21822152K->758165K(22609920K)] 22416872K->1353854K(25755648K), 0.1344941 secs] [Times: user=4.72 sys=0.01, real=0.13 secs] 
521.897: [GC (Allocation Failure) [PSYoungGen: 21860757K->780003K(22609920K)] 22456446K->1377355K(25755648K), 0.1374874 secs] [Times: user=4.83 sys=0.01, real=0.13 secs] 
524.989: [GC (Allocation Failure) [PSYoungGen: 21882595K->737812K(22609920K)] 22479947K->1336156K(25755648K), 0.1302361 secs] [Times: user=4.59 sys=0.01, real=0.13 secs] 
528.019: [GC (Allocation Failure) [PSYoungGen: 21840404K->805158K(22609920K)] 22438748K->1404270K(25755648K), 0.1435139 secs] [Times: user=4.98 sys=0.01, real=0.14 secs] 
531.137: [GC (Allocation Failure) [PSYoungGen: 21907750K->737902K(22609920K)] 22506862K->1337847K(25755648K), 0.1310597 secs] [Times: user=4.63 sys=0.00, real=0.13 secs] 
534.286: [GC (Allocation Failure) [PSYoungGen: 21840494K->766208K(22609920K)] 22440439K->1366945K(25755648K), 0.1375609 secs] [Times: user=4.80 sys=0.00, real=0.14 secs] 
537.382: [GC (Allocation Failure) [PSYoungGen: 21868566K->774387K(22609920K)] 22469302K->1376045K(25755648K), 0.1362618 secs] [Times: user=4.82 sys=0.00, real=0.13 secs] 
540.422: [GC (Allocation Failure) [PSYoungGen: 21876979K->755965K(22609920K)] 22478637K->1358334K(25755648K), 0.1340733 secs] [Times: user=4.75 sys=0.00, real=0.13 secs] 
543.481: [GC (Allocation Failure) [PSYoungGen: 21858557K->802677K(22609920K)] 22460926K->1405822K(25755648K), 0.1438448 secs] [Times: user=4.95 sys=0.00, real=0.14 secs] 
546.546: [GC (Allocation Failure) [PSYoungGen: 21905269K->739695K(22609920K)] 22508414K->1343568K(25755648K), 0.1330176 secs] [Times: user=4.68 sys=0.00, real=0.13 secs] 
549.624: [GC (Allocation Failure) [PSYoungGen: 21842287K->718716K(22609920K)] 22446160K->1323421K(25755648K), 0.1289394 secs] [Times: user=4.55 sys=0.00, real=0.13 secs] 
552.670: [GC (Allocation Failure) [PSYoungGen: 21821308K->703808K(22609920K)] 22426013K->1309338K(25755648K), 0.1262665 secs] [Times: user=4.47 sys=0.00, real=0.13 secs] 
555.780: [GC (Allocation Failure) [PSYoungGen: 21806400K->743649K(22609920K)] 22411930K->1350226K(25755648K), 0.1331936 secs] [Times: user=4.72 sys=0.00, real=0.14 secs] 
558.838: [GC (Allocation Failure) [PSYoungGen: 21846241K->793705K(22609920K)] 22452818K->1401338K(25755648K), 0.1409085 secs] [Times: user=5.00 sys=0.00, real=0.14 secs] 
561.947: [GC (Allocation Failure) [PSYoungGen: 21896297K->730741K(22609920K)] 22503930K->1339446K(25755648K), 0.1305693 secs] [Times: user=4.62 sys=0.00, real=0.13 secs] 
565.037: [GC (Allocation Failure) [PSYoungGen: 21833333K->735731K(22609920K)] 22442038K->1345460K(25755648K), 0.1319383 secs] [Times: user=4.67 sys=0.00, real=0.13 secs] 
568.057: [GC (Allocation Failure) [PSYoungGen: 21838323K->746377K(22609920K)] 22448052K->1357098K(25755648K), 0.1330042 secs] [Times: user=4.71 sys=0.01, real=0.13 secs] 
571.138: [GC (Allocation Failure) [PSYoungGen: 21848969K->719584K(22609920K)] 22459690K->1331362K(25755648K), 0.1303954 secs] [Times: user=4.57 sys=0.00, real=0.13 secs] 
574.129: [GC (Allocation Failure) [PSYoungGen: 21822176K->738280K(22609920K)] 22433954K->1351361K(25755648K), 0.1350562 secs] [Times: user=4.65 sys=0.01, real=0.13 secs] 
577.149: [GC (Allocation Failure) [PSYoungGen: 21840872K->745881K(22609920K)] 22453953K->1359915K(25755648K), 0.1331276 secs] [Times: user=4.71 sys=0.00, real=0.13 secs] 
580.193: [GC (Allocation Failure) [PSYoungGen: 21848473K->755508K(22609920K)] 22462507K->1370510K(25755648K), 0.1352338 secs] [Times: user=4.77 sys=0.01, real=0.14 secs] 
583.217: [GC (Allocation Failure) [PSYoungGen: 21858100K->749771K(22609920K)] 22473102K->1365693K(25755648K), 0.1350475 secs] [Times: user=4.73 sys=0.00, real=0.13 secs] 
586.215: [GC (Allocation Failure) [PSYoungGen: 21852363K->775532K(22609920K)] 22468285K->1392358K(25755648K), 0.1416053 secs] [Times: user=4.79 sys=0.00, real=0.14 secs] 
589.269: [GC (Allocation Failure) [PSYoungGen: 21878124K->727082K(22609920K)] 22494950K->1344780K(25755648K), 0.1321068 secs] [Times: user=4.60 sys=0.00, real=0.13 secs] 
592.304: [GC (Allocation Failure) [PSYoungGen: 21829674K->780877K(22609920K)] 22447372K->1399495K(25755648K), 0.1398724 secs] [Times: user=4.95 sys=0.01, real=0.14 secs] 
595.329: [GC (Allocation Failure) [PSYoungGen: 21883469K->767504K(22609920K)] 22502087K->1386986K(25755648K), 0.1376825 secs] [Times: user=4.88 sys=0.00, real=0.13 secs] 
598.433: [GC (Allocation Failure) [PSYoungGen: 21870096K->782491K(22609920K)] 22489578K->1402757K(25755648K), 0.1410055 secs] [Times: user=4.99 sys=0.00, real=0.14 secs] 
601.403: [GC (Allocation Failure) [PSYoungGen: 21885083K->836988K(22609920K)] 22505349K->1458014K(25755648K), 0.1479560 secs] [Times: user=5.23 sys=0.00, real=0.15 secs] 
604.534: [GC (Allocation Failure) [PSYoungGen: 21939580K->735856K(22609920K)] 22560606K->1357610K(25755648K), 0.1321992 secs] [Times: user=4.67 sys=0.01, real=0.13 secs] 
607.602: [GC (Allocation Failure) [PSYoungGen: 21838448K->707667K(22609920K)] 22460202K->1330173K(25755648K), 0.1268278 secs] [Times: user=4.49 sys=0.00, real=0.12 secs] 
610.608: [GC (Allocation Failure) [PSYoungGen: 21810259K->806742K(22609920K)] 22432765K->1429927K(25755648K), 0.1425259 secs] [Times: user=5.04 sys=0.00, real=0.15 secs] 
613.684: [GC (Allocation Failure) [PSYoungGen: 21909334K->722814K(22609920K)] 22532519K->1346664K(25755648K), 0.1307485 secs] [Times: user=4.61 sys=0.00, real=0.13 secs] 
616.705: [GC (Allocation Failure) [PSYoungGen: 21825406K->736380K(22609920K)] 22449256K->1360950K(25755648K), 0.1323719 secs] [Times: user=4.64 sys=0.00, real=0.13 secs] 
619.656: [GC (Allocation Failure) [PSYoungGen: 21838972K->930063K(22609920K)] 22463542K->1555312K(25755648K), 0.1598490 secs] [Times: user=5.67 sys=0.00, real=0.16 secs] 
622.683: [GC (Allocation Failure) [PSYoungGen: 22032655K->819277K(22609920K)] 22657904K->1445255K(25755648K), 0.1485374 secs] [Times: user=5.11 sys=0.00, real=0.14 secs] 
625.738: [GC (Allocation Failure) [PSYoungGen: 21921869K->729955K(22609920K)] 22547847K->1356645K(25755648K), 0.1305043 secs] [Times: user=4.60 sys=0.01, real=0.13 secs] 
628.744: [GC (Allocation Failure) [PSYoungGen: 21832547K->789069K(22609920K)] 22459237K->1416479K(25755648K), 0.1413922 secs] [Times: user=4.97 sys=0.00, real=0.14 secs] 
631.793: [GC (Allocation Failure) [PSYoungGen: 21891661K->716777K(22609920K)] 22519071K->1344923K(25755648K), 0.1290825 secs] [Times: user=4.56 sys=0.00, real=0.13 secs] 
634.830: [GC (Allocation Failure) [PSYoungGen: 21819369K->741374K(22609920K)] 22447515K->1370216K(25755648K), 0.1334738 secs] [Times: user=4.69 sys=0.00, real=0.13 secs] 
637.928: [GC (Allocation Failure) [PSYoungGen: 21843966K->742372K(22609920K)] 22472808K->1371862K(25755648K), 0.1332055 secs] [Times: user=4.71 sys=0.01, real=0.13 secs] 
640.931: [GC (Allocation Failure) [PSYoungGen: 21844964K->890028K(22609920K)] 22474454K->1520181K(25755648K), 0.1522605 secs] [Times: user=5.40 sys=0.00, real=0.15 secs] 
643.999: [GC (Allocation Failure) [PSYoungGen: 21992620K->729913K(22609920K)] 22622773K->1360747K(25755648K), 0.1319695 secs] [Times: user=4.59 sys=0.00, real=0.13 secs] 
647.122: [GC (Allocation Failure) [PSYoungGen: 21832505K->756319K(22609920K)] 22463339K->1387961K(25755648K), 0.1362284 secs] [Times: user=4.79 sys=0.00, real=0.14 secs] 
650.199: [GC (Allocation Failure) [PSYoungGen: 21858911K->842642K(22609920K)] 22490553K->1474916K(25755648K), 0.1488885 secs] [Times: user=5.27 sys=0.00, real=0.15 secs] 
653.186: [GC (Allocation Failure) [PSYoungGen: 21945234K->743121K(22609920K)] 22577508K->1376043K(25755648K), 0.1328043 secs] [Times: user=4.69 sys=0.00, real=0.14 secs] 
656.229: [GC (Allocation Failure) [PSYoungGen: 21845713K->806474K(22609920K)] 22478635K->1440036K(25755648K), 0.1417049 secs] [Times: user=5.02 sys=0.00, real=0.14 secs] 
659.275: [GC (Allocation Failure) [PSYoungGen: 21909066K->756636K(22609920K)] 22542628K->1390846K(25755648K), 0.1360745 secs] [Times: user=4.75 sys=0.00, real=0.14 secs] 
662.345: [GC (Allocation Failure) [PSYoungGen: 21859228K->759054K(22609920K)] 22493438K->1393904K(25755648K), 0.1360879 secs] [Times: user=4.81 sys=0.00, real=0.14 secs] 
665.375: [GC (System.gc()) [PSYoungGen: 18582248K->672197K(22609920K)] 19217098K->1307903K(25755648K), 0.1244391 secs] [Times: user=4.40 sys=0.01, real=0.13 secs] 
665.499: [Full GC (System.gc()) [PSYoungGen: 672197K->0K(22609920K)] [ParOldGen: 635706K->235370K(3145728K)] 1307903K->235370K(25755648K), [Metaspace: 22318K->22318K(1069056K)], 0.1123965 secs] [Times: user=2.60 sys=0.01, real=0.11 secs] 
686.186: [GC (Allocation Failure) [PSYoungGen: 21102592K->957407K(22609920K)] 21337962K->1192785K(25755648K), 0.1561140 secs] [Times: user=5.51 sys=0.00, real=0.16 secs] 
692.799: [GC (Allocation Failure) [PSYoungGen: 22059999K->939499K(22609920K)] 22295377K->1174877K(25755648K), 0.1456362 secs] [Times: user=5.01 sys=0.01, real=0.15 secs] 
698.047: [GC (Allocation Failure) [PSYoungGen: 22042091K->974512K(22609920K)] 22277469K->1209890K(25755648K), 0.1500742 secs] [Times: user=5.22 sys=0.00, real=0.15 secs] 
702.519: [GC (Allocation Failure) [PSYoungGen: 22077104K->1010713K(22609920K)] 22312482K->1246091K(25755648K), 0.1549152 secs] [Times: user=5.36 sys=0.01, real=0.15 secs] 
706.433: [GC (Allocation Failure) [PSYoungGen: 22113305K->1011908K(22609920K)] 22348683K->1247286K(25755648K), 0.1516874 secs] [Times: user=5.32 sys=0.00, real=0.15 secs] 
709.925: [GC (Allocation Failure) [PSYoungGen: 22114500K->1041986K(22609920K)] 22349878K->1277364K(25755648K), 0.1564847 secs] [Times: user=5.55 sys=0.00, real=0.16 secs] 
713.138: [GC (Allocation Failure) [PSYoungGen: 22144578K->1072762K(22609920K)] 22379956K->1308140K(25755648K), 0.1619127 secs] [Times: user=5.73 sys=0.00, real=0.16 secs] 
716.312: [GC (Allocation Failure) [PSYoungGen: 22175354K->1146977K(22609920K)] 22410732K->1382355K(25755648K), 0.1737018 secs] [Times: user=6.16 sys=0.00, real=0.17 secs] 
719.467: [GC (Allocation Failure) [PSYoungGen: 22249569K->1151030K(22609920K)] 22484947K->1386408K(25755648K), 0.1759205 secs] [Times: user=6.15 sys=0.01, real=0.17 secs] 
722.549: [GC (Allocation Failure) [PSYoungGen: 22253622K->1119884K(22609920K)] 22489000K->1355262K(25755648K), 0.1704661 secs] [Times: user=6.02 sys=0.00, real=0.17 secs] 
725.726: [GC (Allocation Failure) [PSYoungGen: 22222476K->1130491K(22609920K)] 22457854K->1365869K(25755648K), 0.1721562 secs] [Times: user=6.04 sys=0.00, real=0.18 secs] 
728.862: [GC (Allocation Failure) [PSYoungGen: 22233083K->1081097K(22609920K)] 22468461K->1316475K(25755648K), 0.1625573 secs] [Times: user=5.75 sys=0.00, real=0.16 secs] 
731.969: [GC (Allocation Failure) [PSYoungGen: 22183689K->1227372K(22609920K)] 22419067K->1462750K(25755648K), 0.1976244 secs] [Times: user=6.88 sys=0.00, real=0.19 secs] 
735.088: [GC (Allocation Failure) [PSYoungGen: 22329964K->1068413K(22609920K)] 22565342K->1303791K(25755648K), 0.1613414 secs] [Times: user=5.69 sys=0.01, real=0.17 secs] 
738.203: [GC (Allocation Failure) [PSYoungGen: 22171005K->1133791K(22609920K)] 22406383K->1369169K(25755648K), 0.1708187 secs] [Times: user=6.05 sys=0.00, real=0.17 secs] 
741.357: [GC (Allocation Failure) [PSYoungGen: 22236383K->753308K(22609920K)] 22471761K->1347071K(25755648K), 0.1723905 secs] [Times: user=6.07 sys=0.00, real=0.17 secs] 
744.481: [GC (Allocation Failure) [PSYoungGen: 21855900K->781498K(22609920K)] 22449663K->1376846K(25755648K), 0.1359142 secs] [Times: user=4.80 sys=0.00, real=0.13 secs] 
747.041: [GC (System.gc()) [PSYoungGen: 16124757K->662597K(22609920K)] 16720105K->1259161K(25755648K), 0.1188104 secs] [Times: user=4.20 sys=0.00, real=0.11 secs] 
747.161: [Full GC (System.gc()) [PSYoungGen: 662597K->0K(22609920K)] [ParOldGen: 596564K->236644K(3145728K)] 1259161K->236644K(25755648K), [Metaspace: 22386K->22386K(1069056K)], 0.1457683 secs] [Times: user=3.88 sys=0.02, real=0.15 secs] 
753.727: [GC (System.gc()) [PSYoungGen: 3403949K->608K(22609920K)] 3640594K->237252K(25755648K), 0.0070579 secs] [Times: user=0.08 sys=0.00, real=0.01 secs] 
753.734: [Full GC (System.gc()) [PSYoungGen: 608K->0K(22609920K)] [ParOldGen: 236644K->228647K(3145728K)] 237252K->228647K(25755648K), [Metaspace: 22401K->22401K(1069056K)], 0.2014691 secs] [Times: user=5.62 sys=0.04, real=0.20 secs] 
778.376: [GC (Allocation Failure) [PSYoungGen: 21102592K->947959K(22609920K)] 21331239K->1176615K(25755648K), 0.1555876 secs] [Times: user=5.48 sys=0.00, real=0.15 secs] 
800.630: [GC (Allocation Failure) [PSYoungGen: 22050551K->927815K(22609920K)] 22279207K->1156470K(25755648K), 0.1413190 secs] [Times: user=4.95 sys=0.00, real=0.15 secs] 
822.738: [GC (Allocation Failure) [PSYoungGen: 22030407K->921855K(22609920K)] 22259062K->1150511K(25755648K), 0.1415954 secs] [Times: user=4.94 sys=0.00, real=0.14 secs] 
844.928: [GC (Allocation Failure) [PSYoungGen: 22024447K->920526K(22609920K)] 22253103K->1149182K(25755648K), 0.1389408 secs] [Times: user=4.76 sys=0.00, real=0.14 secs] 
867.034: [GC (Allocation Failure) [PSYoungGen: 22023118K->927158K(22609920K)] 22251774K->1155813K(25755648K), 0.1415814 secs] [Times: user=4.97 sys=0.01, real=0.14 secs] 
889.135: [GC (Allocation Failure) [PSYoungGen: 22029750K->927295K(22609920K)] 22258405K->1155951K(25755648K), 0.1413327 secs] [Times: user=4.98 sys=0.00, real=0.14 secs] 
911.185: [GC (Allocation Failure) [PSYoungGen: 22029887K->928860K(22609920K)] 22258543K->1157515K(25755648K), 0.1379232 secs] [Times: user=4.86 sys=0.00, real=0.14 secs] 
933.293: [GC (Allocation Failure) [PSYoungGen: 22031452K->925489K(22609920K)] 22260107K->1154144K(25755648K), 0.1389855 secs] [Times: user=4.89 sys=0.00, real=0.14 secs] 
1112.038: [GC (Allocation Failure) [PSYoungGen: 22028081K->926509K(22609920K)] 22256736K->1155164K(25755648K), 0.1450559 secs] [Times: user=5.09 sys=0.01, real=0.14 secs] 
1194.717: [GC (Allocation Failure) [PSYoungGen: 22029101K->915062K(22609920K)] 22257756K->1143717K(25755648K), 0.1498320 secs] [Times: user=5.13 sys=0.01, real=0.15 secs] 
1252.087: [GC (Allocation Failure) [PSYoungGen: 22017654K->919366K(22609920K)] 22246309K->1148022K(25755648K), 0.1464418 secs] [Times: user=5.08 sys=0.00, real=0.15 secs] 
1299.638: [GC (Allocation Failure) [PSYoungGen: 22021958K->917934K(22609920K)] 22250614K->1146590K(25755648K), 0.1454074 secs] [Times: user=4.97 sys=0.00, real=0.14 secs] 
1341.953: [GC (Allocation Failure) [PSYoungGen: 22020526K->918631K(22609920K)] 22249182K->1147287K(25755648K), 0.1415479 secs] [Times: user=4.97 sys=0.00, real=0.14 secs] 
1378.593: [GC (Allocation Failure) [PSYoungGen: 22021223K->922733K(22609920K)] 22249879K->1151396K(25755648K), 0.1408755 secs] [Times: user=4.95 sys=0.01, real=0.14 secs] 
1412.880: [GC (Allocation Failure) [PSYoungGen: 22025325K->919663K(22609920K)] 22253988K->1148326K(25755648K), 0.1378925 secs] [Times: user=4.85 sys=0.00, real=0.14 secs] 
1444.333: [GC (Allocation Failure) [PSYoungGen: 22022255K->568677K(22609920K)] 22250918K->1157265K(25755648K), 0.1466122 secs] [Times: user=5.11 sys=0.00, real=0.15 secs] 
1474.161: [GC (Allocation Failure) [PSYoungGen: 21671269K->562629K(22609920K)] 22259857K->1152930K(25755648K), 0.1094205 secs] [Times: user=3.77 sys=0.00, real=0.11 secs] 
1501.714: [GC (Allocation Failure) [PSYoungGen: 21665221K->564965K(22609920K)] 22255522K->1156338K(25755648K), 0.1079826 secs] [Times: user=3.80 sys=0.00, real=0.11 secs] 
1529.091: [GC (Allocation Failure) [PSYoungGen: 21667557K->561397K(22609920K)] 22258930K->1153570K(25755648K), 0.1094833 secs] [Times: user=3.76 sys=0.00, real=0.11 secs] 
1553.603: [GC (Allocation Failure) [PSYoungGen: 21663989K->569365K(22609920K)] 22256162K->1162890K(25755648K), 0.1113157 secs] [Times: user=3.80 sys=0.00, real=0.12 secs] 
1578.005: [GC (Allocation Failure) [PSYoungGen: 21671957K->560853K(22609920K)] 22265482K->1154898K(25755648K), 0.1085815 secs] [Times: user=3.80 sys=0.00, real=0.11 secs] 
1601.438: [GC (Allocation Failure) [PSYoungGen: 21663445K->563877K(22609920K)] 22257490K->1158442K(25755648K), 0.1083332 secs] [Times: user=3.79 sys=0.00, real=0.11 secs] 
1623.412: [GC (Allocation Failure) [PSYoungGen: 21666469K->565653K(22609920K)] 22261034K->1160810K(25755648K), 0.1115286 secs] [Times: user=3.84 sys=0.00, real=0.11 secs] 
1645.433: [GC (Allocation Failure) [PSYoungGen: 21668245K->563525K(22609920K)] 22263402K->1159650K(25755648K), 0.1089666 secs] [Times: user=3.76 sys=0.00, real=0.11 secs] 
1666.557: [GC (Allocation Failure) [PSYoungGen: 21666117K->568917K(22609920K)] 22262242K->1165490K(25755648K), 0.1104538 secs] [Times: user=3.82 sys=0.00, real=0.11 secs] 
1686.589: [GC (Allocation Failure) [PSYoungGen: 21671509K->566325K(22609920K)] 22268082K->1163306K(25755648K), 0.1070105 secs] [Times: user=3.70 sys=0.00, real=0.11 secs] 
1706.539: [GC (Allocation Failure) [PSYoungGen: 21668917K->566309K(22609920K)] 22265898K->1163714K(25755648K), 0.1078846 secs] [Times: user=3.68 sys=0.00, real=0.11 secs] 
1726.211: [GC (Allocation Failure) [PSYoungGen: 21668901K->565925K(22609920K)] 22266306K->1164130K(25755648K), 0.1073860 secs] [Times: user=3.76 sys=0.01, real=0.10 secs] 
1744.482: [GC (Allocation Failure) [PSYoungGen: 21668517K->572793K(22609920K)] 22266722K->1171399K(25755648K), 0.1078223 secs] [Times: user=3.79 sys=0.00, real=0.10 secs] 
1762.831: [GC (Allocation Failure) [PSYoungGen: 21675385K->566517K(22609920K)] 22273991K->1165515K(25755648K), 0.1062508 secs] [Times: user=3.71 sys=0.00, real=0.11 secs] 
1781.149: [GC (Allocation Failure) [PSYoungGen: 21669109K->568453K(22609920K)] 22268107K->1167818K(25755648K), 0.1066532 secs] [Times: user=3.69 sys=0.00, real=0.10 secs] 
1798.505: [GC (Allocation Failure) [PSYoungGen: 21671045K->568261K(22609920K)] 22270410K->1168035K(25755648K), 0.1121435 secs] [Times: user=3.85 sys=0.00, real=0.11 secs] 
1815.378: [GC (Allocation Failure) [PSYoungGen: 21670853K->566757K(22609920K)] 22270627K->1166907K(25755648K), 0.1060038 secs] [Times: user=3.72 sys=0.00, real=0.11 secs] 
1832.351: [GC (Allocation Failure) [PSYoungGen: 21669349K->571896K(22609920K)] 22269499K->1172422K(25755648K), 0.1057847 secs] [Times: user=3.72 sys=0.00, real=0.11 secs] 
1849.241: [GC (Allocation Failure) [PSYoungGen: 21674488K->569733K(22609920K)] 22275014K->1170635K(25755648K), 0.1065298 secs] [Times: user=3.75 sys=0.01, real=0.10 secs] 
1865.230: [GC (Allocation Failure) [PSYoungGen: 21672325K->565861K(22609920K)] 22273227K->1167147K(25755648K), 0.1091718 secs] [Times: user=3.84 sys=0.00, real=0.11 secs] 
1881.017: [GC (Allocation Failure) [PSYoungGen: 21668453K->571077K(22609920K)] 22269739K->1172747K(25755648K), 0.1113505 secs] [Times: user=3.62 sys=0.00, real=0.11 secs] 
1896.855: [GC (Allocation Failure) [PSYoungGen: 21673669K->564421K(22609920K)] 22275339K->1166507K(25755648K), 0.1057126 secs] [Times: user=3.72 sys=0.00, real=0.11 secs] 
1912.683: [GC (Allocation Failure) [PSYoungGen: 21667013K->565557K(22609920K)] 22269099K->1168139K(25755648K), 0.1067538 secs] [Times: user=3.75 sys=0.00, real=0.11 secs] 
1927.796: [GC (Allocation Failure) [PSYoungGen: 21668149K->566584K(22609920K)] 22270731K->1169614K(25755648K), 0.1069511 secs] [Times: user=3.73 sys=0.00, real=0.11 secs] 
1942.750: [GC (Allocation Failure) [PSYoungGen: 21669176K->562373K(22609920K)] 22272206K->1165835K(25755648K), 0.1050096 secs] [Times: user=3.67 sys=0.00, real=0.11 secs] 
1957.755: [GC (Allocation Failure) [PSYoungGen: 21664965K->571801K(22609920K)] 22268427K->1175655K(25755648K), 0.1102849 secs] [Times: user=3.86 sys=0.00, real=0.12 secs] 
1972.657: [GC (Allocation Failure) [PSYoungGen: 21674393K->569498K(22609920K)] 22278247K->1173759K(25755648K), 0.1084989 secs] [Times: user=3.81 sys=0.00, real=0.11 secs] 
1987.199: [GC (Allocation Failure) [PSYoungGen: 21672090K->578857K(22609920K)] 22276351K->1183527K(25755648K), 0.1073498 secs] [Times: user=3.78 sys=0.01, real=0.10 secs] 
2001.294: [GC (Allocation Failure) [PSYoungGen: 21681449K->573733K(22609920K)] 22286119K->1178835K(25755648K), 0.1088626 secs] [Times: user=3.70 sys=0.00, real=0.11 secs] 
2015.337: [GC (Allocation Failure) [PSYoungGen: 21676325K->578085K(22609920K)] 22281427K->1183603K(25755648K), 0.1088113 secs] [Times: user=3.83 sys=0.01, real=0.11 secs] 
2029.327: [GC (Allocation Failure) [PSYoungGen: 21680677K->587294K(22609920K)] 22286195K->1193292K(25755648K), 0.1098835 secs] [Times: user=3.81 sys=0.00, real=0.11 secs] 
2043.407: [GC (Allocation Failure) [PSYoungGen: 21689886K->570757K(22609920K)] 22295884K->1177163K(25755648K), 0.1091848 secs] [Times: user=3.83 sys=0.00, real=0.11 secs] 
2056.815: [GC (Allocation Failure) [PSYoungGen: 21673349K->581727K(22609920K)] 22279755K->1188557K(25755648K), 0.1109065 secs] [Times: user=3.77 sys=0.00, real=0.11 secs] 
2070.134: [GC (Allocation Failure) [PSYoungGen: 21684319K->581347K(22609920K)] 22291149K->1188569K(25755648K), 0.1123014 secs] [Times: user=3.93 sys=0.00, real=0.11 secs] 
2083.404: [GC (Allocation Failure) [PSYoungGen: 21683939K->581718K(22609920K)] 22291161K->1189324K(25755648K), 0.1084797 secs] [Times: user=3.79 sys=0.00, real=0.11 secs] 
2096.719: [GC (Allocation Failure) [PSYoungGen: 21684310K->563877K(22609920K)] 22291916K->1171883K(25755648K), 0.1047729 secs] [Times: user=3.68 sys=0.01, real=0.10 secs] 
2110.116: [GC (Allocation Failure) [PSYoungGen: 21666469K->571429K(22609920K)] 22274475K->1179867K(25755648K), 0.1098073 secs] [Times: user=3.76 sys=0.00, real=0.11 secs] 
2122.887: [GC (Allocation Failure) [PSYoungGen: 21674021K->568005K(22609920K)] 22282459K->1176875K(25755648K), 0.1074333 secs] [Times: user=3.71 sys=0.00, real=0.11 secs] 
2135.525: [GC (Allocation Failure) [PSYoungGen: 21670597K->586677K(22609920K)] 22279467K->1195971K(25755648K), 0.1075869 secs] [Times: user=3.79 sys=0.00, real=0.11 secs] 
2148.307: [GC (Allocation Failure) [PSYoungGen: 21689269K->570725K(22609920K)] 22298563K->1180435K(25755648K), 0.1091799 secs] [Times: user=3.71 sys=0.01, real=0.11 secs] 
2160.940: [GC (Allocation Failure) [PSYoungGen: 21673317K->570821K(22609920K)] 22283027K->1180971K(25755648K), 0.1089521 secs] [Times: user=3.83 sys=0.00, real=0.11 secs] 
2173.662: [GC (Allocation Failure) [PSYoungGen: 21673413K->565013K(22609920K)] 22283563K->1175611K(25755648K), 0.1055732 secs] [Times: user=3.65 sys=0.00, real=0.10 secs] 
2186.218: [GC (Allocation Failure) [PSYoungGen: 21667605K->579929K(22609920K)] 22278203K->1190935K(25755648K), 0.1084262 secs] [Times: user=3.74 sys=0.00, real=0.11 secs] 
2198.221: [GC (Allocation Failure) [PSYoungGen: 21682521K->582421K(22609920K)] 22293527K->1193899K(25755648K), 0.1127817 secs] [Times: user=3.90 sys=0.00, real=0.12 secs] 
2210.378: [GC (Allocation Failure) [PSYoungGen: 21685013K->586634K(22609920K)] 22296491K->1198528K(25755648K), 0.1093469 secs] [Times: user=3.84 sys=0.00, real=0.11 secs] 
2222.510: [GC (Allocation Failure) [PSYoungGen: 21689226K->576069K(22609920K)] 22301120K->1188411K(25755648K), 0.1117997 secs] [Times: user=3.91 sys=0.00, real=0.11 secs] 
2234.505: [GC (Allocation Failure) [PSYoungGen: 21678661K->580453K(22609920K)] 22291003K->1193187K(25755648K), 0.1114088 secs] [Times: user=3.92 sys=0.00, real=0.11 secs] 
2246.456: [GC (Allocation Failure) [PSYoungGen: 21683045K->584341K(22609920K)] 22295779K->1197475K(25755648K), 0.1117019 secs] [Times: user=3.90 sys=0.01, real=0.11 secs] 
2258.809: [GC (Allocation Failure) [PSYoungGen: 21686933K->564677K(22609920K)] 22300067K->1178227K(25755648K), 0.1099624 secs] [Times: user=3.86 sys=0.00, real=0.11 secs] 
2270.265: [GC (Allocation Failure) [PSYoungGen: 21667269K->573797K(22609920K)] 22280819K->1187803K(25755648K), 0.1075112 secs] [Times: user=3.78 sys=0.00, real=0.11 secs] 
2281.697: [GC (Allocation Failure) [PSYoungGen: 21676389K->586030K(22609920K)] 22290395K->1200460K(25755648K), 0.1118907 secs] [Times: user=3.95 sys=0.00, real=0.11 secs] 
2293.368: [GC (Allocation Failure) [PSYoungGen: 21688622K->580181K(22609920K)] 22303052K->1195027K(25755648K), 0.1085770 secs] [Times: user=3.82 sys=0.00, real=0.11 secs] 
2305.000: [GC (Allocation Failure) [PSYoungGen: 21682773K->584122K(22609920K)] 22297619K->1199368K(25755648K), 0.1086966 secs] [Times: user=3.82 sys=0.00, real=0.11 secs] 
2316.546: [GC (Allocation Failure) [PSYoungGen: 21686714K->585477K(22609920K)] 22301960K->1201155K(25755648K), 0.1108913 secs] [Times: user=3.74 sys=0.01, real=0.11 secs] 
2327.847: [GC (Allocation Failure) [PSYoungGen: 21688069K->575609K(22609920K)] 22303747K->1191703K(25755648K), 0.1082063 secs] [Times: user=3.78 sys=0.00, real=0.11 secs] 
2338.755: [GC (Allocation Failure) [PSYoungGen: 21678201K->587743K(22609920K)] 22294295K->1204237K(25755648K), 0.1091155 secs] [Times: user=3.84 sys=0.00, real=0.11 secs] 
2349.862: [GC (Allocation Failure) [PSYoungGen: 21690335K->569797K(22609920K)] 22306829K->1186699K(25755648K), 0.1100414 secs] [Times: user=3.86 sys=0.01, real=0.11 secs] 
2360.823: [GC (Allocation Failure) [PSYoungGen: 21672389K->577029K(22609920K)] 22289291K->1194315K(25755648K), 0.1079137 secs] [Times: user=3.79 sys=0.00, real=0.11 secs] 
2371.716: [GC (Allocation Failure) [PSYoungGen: 21679621K->570869K(22609920K)] 22296907K->1188547K(25755648K), 0.1083097 secs] [Times: user=3.82 sys=0.00, real=0.11 secs] 
2382.739: [GC (Allocation Failure) [PSYoungGen: 21673461K->577317K(22609920K)] 22291139K->1195435K(25755648K), 0.1085288 secs] [Times: user=3.73 sys=0.01, real=0.10 secs] 
2393.857: [GC (Allocation Failure) [PSYoungGen: 21679909K->581241K(22609920K)] 22298027K->1199720K(25755648K), 0.1081294 secs] [Times: user=3.79 sys=0.00, real=0.11 secs] 
2404.487: [GC (Allocation Failure) [PSYoungGen: 21683833K->580037K(22609920K)] 22302312K->1198915K(25755648K), 0.1104932 secs] [Times: user=3.78 sys=0.00, real=0.11 secs] 
2414.927: [GC (Allocation Failure) [PSYoungGen: 21682629K->572037K(22609920K)] 22301507K->1191315K(25755648K), 0.1072284 secs] [Times: user=3.75 sys=0.01, real=0.11 secs] 
2425.446: [GC (Allocation Failure) [PSYoungGen: 21674629K->579525K(22609920K)] 22293907K->1199219K(25755648K), 0.1093186 secs] [Times: user=3.85 sys=0.00, real=0.11 secs] 
2435.925: [GC (Allocation Failure) [PSYoungGen: 21682117K->577253K(22609920K)] 22301811K->1197379K(25755648K), 0.1119217 secs] [Times: user=3.94 sys=0.00, real=0.12 secs] 
2446.529: [GC (Allocation Failure) [PSYoungGen: 21679845K->581797K(22609920K)] 22299971K->1202395K(25755648K), 0.1101309 secs] [Times: user=3.73 sys=0.00, real=0.11 secs] 
2457.120: [GC (Allocation Failure) [PSYoungGen: 21684389K->573797K(22609920K)] 22304987K->1194795K(25755648K), 0.1088562 secs] [Times: user=3.79 sys=0.01, real=0.11 secs] 
2467.444: [GC (Allocation Failure) [PSYoungGen: 21676389K->579429K(22609920K)] 22297387K->1200819K(25755648K), 0.1077721 secs] [Times: user=3.78 sys=0.00, real=0.10 secs] 
2477.556: [GC (Allocation Failure) [PSYoungGen: 21682021K->597976K(22609920K)] 22303411K->1219759K(25755648K), 0.1139418 secs] [Times: user=3.86 sys=0.00, real=0.11 secs] 
2487.731: [GC (Allocation Failure) [PSYoungGen: 21700568K->566789K(22609920K)] 22322351K->1188987K(25755648K), 0.1079592 secs] [Times: user=3.71 sys=0.00, real=0.11 secs] 
2497.846: [GC (Allocation Failure) [PSYoungGen: 21669381K->569893K(22609920K)] 22291579K->1192483K(25755648K), 0.1076496 secs] [Times: user=3.78 sys=0.01, real=0.11 secs] 
2507.883: [GC (Allocation Failure) [PSYoungGen: 21672485K->576810K(22609920K)] 22295075K->1199784K(25755648K), 0.1072138 secs] [Times: user=3.77 sys=0.01, real=0.11 secs] 
2518.014: [GC (Allocation Failure) [PSYoungGen: 21679402K->575237K(22609920K)] 22302376K->1198635K(25755648K), 0.1131013 secs] [Times: user=3.90 sys=0.01, real=0.11 secs] 
2528.044: [GC (Allocation Failure) [PSYoungGen: 21677829K->581157K(22609920K)] 22301227K->1204939K(25755648K), 0.1089688 secs] [Times: user=3.81 sys=0.00, real=0.11 secs] 
2537.803: [GC (Allocation Failure) [PSYoungGen: 21683749K->577033K(22609920K)] 22307531K->1201223K(25755648K), 0.1116644 secs] [Times: user=3.89 sys=0.00, real=0.12 secs] 
2547.725: [GC (Allocation Failure) [PSYoungGen: 21679625K->574298K(22609920K)] 22303815K->1198888K(25755648K), 0.1076971 secs] [Times: user=3.78 sys=0.00, real=0.10 secs] 
2557.476: [GC (Allocation Failure) [PSYoungGen: 21676890K->599994K(22609920K)] 22301480K->1225008K(25755648K), 0.1115764 secs] [Times: user=3.89 sys=0.00, real=0.12 secs] 
2567.364: [GC (Allocation Failure) [PSYoungGen: 21702586K->579749K(22609920K)] 22327600K->1205163K(25755648K), 0.1107527 secs] [Times: user=3.89 sys=0.00, real=0.11 secs] 
2576.932: [GC (Allocation Failure) [PSYoungGen: 21682341K->576965K(22609920K)] 22307755K->1202755K(25755648K), 0.1104116 secs] [Times: user=3.89 sys=0.01, real=0.11 secs] 
2586.748: [GC (Allocation Failure) [PSYoungGen: 21679557K->590798K(22609920K)] 22305347K->1216980K(25755648K), 0.1108459 secs] [Times: user=3.89 sys=0.01, real=0.11 secs] 
2596.317: [GC (Allocation Failure) [PSYoungGen: 21693390K->594713K(22609920K)] 22319572K->1221256K(25755648K), 0.1103773 secs] [Times: user=3.82 sys=0.00, real=0.11 secs] 
2605.594: [GC (Allocation Failure) [PSYoungGen: 21697305K->606612K(22609920K)] 22323848K->1233554K(25755648K), 0.1124117 secs] [Times: user=3.96 sys=0.01, real=0.11 secs] 
2614.886: [GC (Allocation Failure) [PSYoungGen: 21709204K->588553K(22609920K)] 22336146K->1215856K(25755648K), 0.1101951 secs] [Times: user=3.87 sys=0.00, real=0.11 secs] 
2624.251: [GC (Allocation Failure) [PSYoungGen: 21691145K->596105K(22609920K)] 22318448K->1223783K(25755648K), 0.1115650 secs] [Times: user=3.86 sys=0.00, real=0.11 secs] 
2633.758: [GC (Allocation Failure) [PSYoungGen: 21698697K->583757K(22609920K)] 22326375K->1211843K(25755648K), 0.1096669 secs] [Times: user=3.86 sys=0.00, real=0.11 secs] 
2643.347: [GC (Allocation Failure) [PSYoungGen: 21686349K->585733K(22609920K)] 22314435K->1214211K(25755648K), 0.1104030 secs] [Times: user=3.75 sys=0.01, real=0.11 secs] 
2652.768: [GC (Allocation Failure) [PSYoungGen: 21688325K->576698K(22609920K)] 22316803K->1205560K(25755648K), 0.1112595 secs] [Times: user=3.86 sys=0.00, real=0.11 secs] 
2662.217: [GC (Allocation Failure) [PSYoungGen: 21679290K->590777K(22609920K)] 22308152K->1220015K(25755648K), 0.1099313 secs] [Times: user=3.87 sys=0.00, real=0.11 secs] 
2671.461: [GC (Allocation Failure) [PSYoungGen: 21693369K->590266K(22609920K)] 22322607K->1219904K(25755648K), 0.1088400 secs] [Times: user=3.83 sys=0.01, real=0.11 secs] 
2680.928: [GC (Allocation Failure) [PSYoungGen: 21692858K->574469K(22609920K)] 22322496K->1204507K(25755648K), 0.1072047 secs] [Times: user=3.77 sys=0.01, real=0.11 secs] 
2689.932: [GC (Allocation Failure) [PSYoungGen: 21677061K->578469K(22609920K)] 22307099K->1208883K(25755648K), 0.1114482 secs] [Times: user=3.91 sys=0.01, real=0.11 secs] 
2699.251: [GC (Allocation Failure) [PSYoungGen: 21681061K->595937K(22609920K)] 22311475K->1226727K(25755648K), 0.1112615 secs] [Times: user=3.88 sys=0.00, real=0.11 secs] 
2708.412: [GC (Allocation Failure) [PSYoungGen: 21698529K->593333K(22609920K)] 22329319K->1224507K(25755648K), 0.1128813 secs] [Times: user=3.97 sys=0.00, real=0.11 secs] 
2717.424: [GC (Allocation Failure) [PSYoungGen: 21695925K->592377K(22609920K)] 22327099K->1223952K(25755648K), 0.1102324 secs] [Times: user=3.85 sys=0.00, real=0.11 secs] 
2726.517: [GC (Allocation Failure) [PSYoungGen: 21694969K->603263K(22609920K)] 22326544K->1235261K(25755648K), 0.1124702 secs] [Times: user=3.88 sys=0.00, real=0.11 secs] 
2735.629: [GC (Allocation Failure) [PSYoungGen: 21705855K->585577K(22609920K)] 22337853K->1217959K(25755648K), 0.1098296 secs] [Times: user=3.87 sys=0.00, real=0.11 secs] 
2744.836: [GC (Allocation Failure) [PSYoungGen: 21688169K->582122K(22609920K)] 22320551K->1214873K(25755648K), 0.1087576 secs] [Times: user=3.82 sys=0.00, real=0.11 secs] 
2753.886: [GC (Allocation Failure) [PSYoungGen: 21684714K->573605K(22609920K)] 22317465K->1206771K(25755648K), 0.1112218 secs] [Times: user=3.71 sys=0.00, real=0.12 secs] 
2762.707: [GC (Allocation Failure) [PSYoungGen: 21676197K->577098K(22609920K)] 22309363K->1210632K(25755648K), 0.1093427 secs] [Times: user=3.73 sys=0.00, real=0.11 secs] 
2771.427: [GC (Allocation Failure) [PSYoungGen: 21679690K->611598K(22609920K)] 22313224K->1245516K(25755648K), 0.1134963 secs] [Times: user=4.00 sys=0.01, real=0.12 secs] 
2780.246: [GC (Allocation Failure) [PSYoungGen: 21714190K->586186K(22609920K)] 22348108K->1220472K(25755648K), 0.1110190 secs] [Times: user=3.92 sys=0.00, real=0.11 secs] 
2788.962: [GC (Allocation Failure) [PSYoungGen: 21688778K->592074K(22609920K)] 22323064K->1226768K(25755648K), 0.1148710 secs] [Times: user=3.86 sys=0.00, real=0.11 secs] 
2797.751: [GC (Allocation Failure) [PSYoungGen: 21694666K->590133K(22609920K)] 22329360K->1225187K(25755648K), 0.1132176 secs] [Times: user=3.94 sys=0.01, real=0.12 secs] 
2806.496: [GC (Allocation Failure) [PSYoungGen: 21692725K->598841K(22609920K)] 22327779K->1234271K(25755648K), 0.1143763 secs] [Times: user=4.02 sys=0.01, real=0.11 secs] 
2815.357: [GC (Allocation Failure) [PSYoungGen: 21701433K->583925K(22609920K)] 22336863K->1219755K(25755648K), 0.1104108 secs] [Times: user=3.81 sys=0.00, real=0.11 secs] 
2824.048: [GC (Allocation Failure) [PSYoungGen: 21686517K->589709K(22609920K)] 22322347K->1225939K(25755648K), 0.1129228 secs] [Times: user=3.78 sys=0.00, real=0.11 secs] 
2832.674: [GC (Allocation Failure) [PSYoungGen: 21692301K->603556K(22609920K)] 22328531K->1240146K(25755648K), 0.1143176 secs] [Times: user=4.00 sys=0.00, real=0.12 secs] 
2841.304: [GC (Allocation Failure) [PSYoungGen: 21706148K->583877K(22609920K)] 22342738K->1220827K(25755648K), 0.1087240 secs] [Times: user=3.80 sys=0.00, real=0.11 secs] 
2849.587: [GC (Allocation Failure) [PSYoungGen: 21686469K->606261K(22609920K)] 22323419K->1243611K(25755648K), 0.1124474 secs] [Times: user=3.95 sys=0.00, real=0.11 secs] 
2857.998: [GC (Allocation Failure) [PSYoungGen: 21708853K->584585K(22609920K)] 22346203K->1222335K(25755648K), 0.1119326 secs] [Times: user=3.74 sys=0.00, real=0.11 secs] 
2866.601: [GC (Allocation Failure) [PSYoungGen: 21687177K->591973K(22609920K)] 22324927K->1230123K(25755648K), 0.1103659 secs] [Times: user=3.87 sys=0.00, real=0.11 secs] 
2874.990: [GC (Allocation Failure) [PSYoungGen: 21694565K->583877K(22609920K)] 22332715K->1222395K(25755648K), 0.1127803 secs] [Times: user=3.89 sys=0.00, real=0.11 secs] 
2883.518: [GC (Allocation Failure) [PSYoungGen: 21686469K->601994K(22609920K)] 22324987K->1240888K(25755648K), 0.1112115 secs] [Times: user=3.92 sys=0.00, real=0.11 secs] 
2891.983: [GC (Allocation Failure) [PSYoungGen: 21704586K->578277K(22609920K)] 22343480K->1217539K(25755648K), 0.1128620 secs] [Times: user=3.93 sys=0.00, real=0.11 secs] 
2900.230: [GC (Allocation Failure) [PSYoungGen: 21680869K->586825K(22609920K)] 22320131K->1226480K(25755648K), 0.1109908 secs] [Times: user=3.82 sys=0.00, real=0.11 secs] 
2908.412: [GC (Allocation Failure) [PSYoungGen: 21689417K->588869K(22609920K)] 22329072K->1228899K(25755648K), 0.1128603 secs] [Times: user=3.98 sys=0.00, real=0.11 secs] 
2916.557: [GC (Allocation Failure) [PSYoungGen: 21691461K->600025K(22609920K)] 22331491K->1240423K(25755648K), 0.1116039 secs] [Times: user=3.92 sys=0.00, real=0.11 secs] 
2924.799: [GC (Allocation Failure) [PSYoungGen: 21702617K->573733K(22609920K)] 22343015K->1214507K(25755648K), 0.1085922 secs] [Times: user=3.71 sys=0.00, real=0.11 secs] 
2933.245: [GC (Allocation Failure) [PSYoungGen: 21676325K->609779K(22609920K)] 22317099K->1250969K(25755648K), 0.1117502 secs] [Times: user=3.94 sys=0.00, real=0.11 secs] 
2941.470: [GC (Allocation Failure) [PSYoungGen: 21712371K->608687K(22609920K)] 22353561K->1250253K(25755648K), 0.1150496 secs] [Times: user=4.04 sys=0.00, real=0.12 secs] 
2949.576: [GC (Allocation Failure) [PSYoungGen: 21711279K->598101K(22609920K)] 22352845K->1240043K(25755648K), 0.1109605 secs] [Times: user=3.89 sys=0.00, real=0.11 secs] 
2957.658: [GC (Allocation Failure) [PSYoungGen: 21700693K->589263K(22609920K)] 22342635K->1231590K(25755648K), 0.1118337 secs] [Times: user=3.85 sys=0.00, real=0.11 secs] 
2965.628: [GC (Allocation Failure) [PSYoungGen: 21691855K->589337K(22609920K)] 22334182K->1232023K(25755648K), 0.1132043 secs] [Times: user=3.80 sys=0.00, real=0.11 secs] 
2973.616: [GC (Allocation Failure) [PSYoungGen: 21691929K->584169K(22609920K)] 22334615K->1227247K(25755648K), 0.1121672 secs] [Times: user=3.95 sys=0.00, real=0.11 secs] 
2981.595: [GC (Allocation Failure) [PSYoungGen: 21686761K->612286K(22609920K)] 22329839K->1255756K(25755648K), 0.1139277 secs] [Times: user=3.95 sys=0.00, real=0.11 secs] 
2989.549: [GC (Allocation Failure) [PSYoungGen: 21714878K->605674K(22609920K)] 22358348K->1249536K(25755648K), 0.1114480 secs] [Times: user=3.92 sys=0.00, real=0.11 secs] 
2997.508: [GC (Allocation Failure) [PSYoungGen: 21708266K->606693K(22609920K)] 22352128K->1250947K(25755648K), 0.1123592 secs] [Times: user=3.96 sys=0.00, real=0.11 secs] 
3005.447: [GC (Allocation Failure) [PSYoungGen: 21709285K->589381K(22609920K)] 22353539K->1233995K(25755648K), 0.1107190 secs] [Times: user=3.87 sys=0.00, real=0.11 secs] 
3013.513: [GC (Allocation Failure) [PSYoungGen: 21691973K->612566K(22609920K)] 22336587K->1257556K(25755648K), 0.1153705 secs] [Times: user=3.93 sys=0.00, real=0.12 secs] 
3021.491: [GC (Allocation Failure) [PSYoungGen: 21715158K->597082K(22609920K)] 22360148K->1242440K(25755648K), 0.1110577 secs] [Times: user=3.91 sys=0.00, real=0.11 secs] 
3029.208: [GC (Allocation Failure) [PSYoungGen: 21699674K->593241K(22609920K)] 22345032K->1238975K(25755648K), 0.1114200 secs] [Times: user=3.92 sys=0.00, real=0.12 secs] 
3036.917: [GC (Allocation Failure) [PSYoungGen: 21695833K->592009K(22609920K)] 22341567K->1238119K(25755648K), 0.1129346 secs] [Times: user=3.80 sys=0.00, real=0.12 secs] 
3044.574: [GC (Allocation Failure) [PSYoungGen: 21694601K->620314K(22609920K)] 22340711K->1266808K(25755648K), 0.1166863 secs] [Times: user=4.11 sys=0.00, real=0.12 secs] 
3052.212: [GC (Allocation Failure) [PSYoungGen: 21722906K->582597K(22609920K)] 22369400K->1229443K(25755648K), 0.1083648 secs] [Times: user=3.81 sys=0.01, real=0.10 secs] 
3059.813: [GC (Allocation Failure) [PSYoungGen: 21685189K->588773K(22609920K)] 22332035K->1235979K(25755648K), 0.1123087 secs] [Times: user=3.91 sys=0.00, real=0.11 secs] 
3067.528: [GC (Allocation Failure) [PSYoungGen: 21691365K->601477K(22609920K)] 22338571K->1249059K(25755648K), 0.1145308 secs] [Times: user=3.89 sys=0.00, real=0.11 secs] 
3075.318: [GC (Allocation Failure) [PSYoungGen: 21704069K->603182K(22609920K)] 22351651K->1251124K(25755648K), 0.1128437 secs] [Times: user=3.90 sys=0.00, real=0.11 secs] 
3083.059: [GC (Allocation Failure) [PSYoungGen: 21705774K->609883K(22609920K)] 22353716K->1258194K(25755648K), 0.1129770 secs] [Times: user=3.97 sys=0.00, real=0.11 secs] 
3090.714: [GC (Allocation Failure) [PSYoungGen: 21712475K->573285K(22609920K)] 22360786K->1221947K(25755648K), 0.1096303 secs] [Times: user=3.86 sys=0.00, real=0.11 secs] 
3098.445: [GC (Allocation Failure) [PSYoungGen: 21675877K->617301K(22609920K)] 22324539K->1266307K(25755648K), 0.1174009 secs] [Times: user=4.10 sys=0.00, real=0.12 secs] 
3106.161: [GC (Allocation Failure) [PSYoungGen: 21719893K->599258K(22609920K)] 22368899K->1248632K(25755648K), 0.1151445 secs] [Times: user=4.00 sys=0.00, real=0.11 secs] 
3113.805: [GC (Allocation Failure) [PSYoungGen: 21701850K->591358K(22609920K)] 22351224K->1241100K(25755648K), 0.1167851 secs] [Times: user=3.93 sys=0.00, real=0.12 secs] 
3121.258: [GC (Allocation Failure) [PSYoungGen: 21693950K->601821K(22609920K)] 22343692K->1251923K(25755648K), 0.1123487 secs] [Times: user=3.95 sys=0.00, real=0.11 secs] 
3128.635: [GC (Allocation Failure) [PSYoungGen: 21704413K->584885K(22609920K)] 22354515K->1235339K(25755648K), 0.1112110 secs] [Times: user=3.90 sys=0.00, real=0.11 secs] 
3135.943: [GC (Allocation Failure) [PSYoungGen: 21687477K->585733K(22609920K)] 22337931K->1236579K(25755648K), 0.1131361 secs] [Times: user=3.86 sys=0.00, real=0.12 secs] 
3143.475: [GC (Allocation Failure) [PSYoungGen: 21688325K->595685K(22609920K)] 22339171K->1246923K(25755648K), 0.1102246 secs] [Times: user=3.83 sys=0.00, real=0.12 secs] 
3150.930: [GC (Allocation Failure) [PSYoungGen: 21698277K->596719K(22609920K)] 22349515K->1248325K(25755648K), 0.1135194 secs] [Times: user=3.89 sys=0.00, real=0.11 secs] 
3158.400: [GC (Allocation Failure) [PSYoungGen: 21699311K->602649K(22609920K)] 22350917K->1254647K(25755648K), 0.1139037 secs] [Times: user=3.84 sys=0.00, real=0.11 secs] 
3165.916: [GC (Allocation Failure) [PSYoungGen: 21705241K->580197K(22609920K)] 22357239K->1232579K(25755648K), 0.1086319 secs] [Times: user=3.82 sys=0.01, real=0.11 secs] 
3173.345: [GC (Allocation Failure) [PSYoungGen: 21682789K->602073K(22609920K)] 22335171K->1254831K(25755648K), 0.1115944 secs] [Times: user=3.93 sys=0.00, real=0.11 secs] 
3180.648: [GC (Allocation Failure) [PSYoungGen: 21704665K->594447K(22609920K)] 22357423K->1247565K(25755648K), 0.1109376 secs] [Times: user=3.91 sys=0.00, real=0.11 secs] 
3187.978: [GC (Allocation Failure) [PSYoungGen: 21697039K->597182K(22609920K)] 22350157K->1250660K(25755648K), 0.1113615 secs] [Times: user=3.93 sys=0.00, real=0.11 secs] 
3195.327: [GC (Allocation Failure) [PSYoungGen: 21699774K->630112K(22609920K)] 22353252K->1283950K(25755648K), 0.1176321 secs] [Times: user=4.06 sys=0.00, real=0.12 secs] 
3202.700: [GC (Allocation Failure) [PSYoungGen: 21732704K->601237K(22609920K)] 22386542K->1255443K(25755648K), 0.1113169 secs] [Times: user=3.92 sys=0.01, real=0.11 secs] 
3209.840: [GC (Allocation Failure) [PSYoungGen: 21703829K->591831K(22609920K)] 22358035K->1246422K(25755648K), 0.1102794 secs] [Times: user=3.85 sys=0.00, real=0.11 secs] 
3217.045: [GC (Allocation Failure) [PSYoungGen: 21694423K->596613K(22609920K)] 22349014K->1251563K(25755648K), 0.1112014 secs] [Times: user=3.92 sys=0.00, real=0.12 secs] 
3224.234: [GC (Allocation Failure) [PSYoungGen: 21699205K->622995K(22609920K)] 22354155K->1278313K(25755648K), 0.1182013 secs] [Times: user=4.08 sys=0.00, real=0.12 secs] 
3231.480: [GC (Allocation Failure) [PSYoungGen: 21725587K->619290K(22609920K)] 22380905K->1274968K(25755648K), 0.1169689 secs] [Times: user=4.12 sys=0.00, real=0.11 secs] 
3238.776: [GC (Allocation Failure) [PSYoungGen: 21721882K->582970K(22609920K)] 22377560K->1239024K(25755648K), 0.1138674 secs] [Times: user=3.74 sys=0.01, real=0.12 secs] 
3245.886: [GC (Allocation Failure) [PSYoungGen: 21685562K->580645K(22609920K)] 22341616K->1237067K(25755648K), 0.1139432 secs] [Times: user=3.97 sys=0.00, real=0.11 secs] 
3253.217: [GC (Allocation Failure) [PSYoungGen: 21683237K->589477K(22609920K)] 22339659K->1246267K(25755648K), 0.1098752 secs] [Times: user=3.82 sys=0.00, real=0.11 secs] 
3260.416: [GC (Allocation Failure) [PSYoungGen: 21692069K->605157K(22609920K)] 22348859K->1262339K(25755648K), 0.1134002 secs] [Times: user=3.90 sys=0.00, real=0.11 secs] 
3267.497: [GC (Allocation Failure) [PSYoungGen: 21707749K->602505K(22609920K)] 22364931K->1260047K(25755648K), 0.1150519 secs] [Times: user=4.05 sys=0.00, real=0.11 secs] 
3274.668: [GC (Allocation Failure) [PSYoungGen: 21705097K->590746K(22609920K)] 22362639K->1248648K(25755648K), 0.1116362 secs] [Times: user=3.91 sys=0.00, real=0.11 secs] 
3281.639: [GC (Allocation Failure) [PSYoungGen: 21693338K->588213K(22609920K)] 22351240K->1246491K(25755648K), 0.1109811 secs] [Times: user=3.80 sys=0.01, real=0.11 secs] 
3288.686: [GC (Allocation Failure) [PSYoungGen: 21690805K->591561K(22609920K)] 22349083K->1250247K(25755648K), 0.1116993 secs] [Times: user=3.92 sys=0.01, real=0.12 secs] 
3295.655: [GC (Allocation Failure) [PSYoungGen: 21694153K->584885K(22609920K)] 22352839K->1243939K(25755648K), 0.1102038 secs] [Times: user=3.87 sys=0.00, real=0.11 secs] 
3302.890: [GC (Allocation Failure) [PSYoungGen: 21687477K->589198K(22609920K)] 22346531K->1248613K(25755648K), 0.1131076 secs] [Times: user=3.99 sys=0.00, real=0.11 secs] 
3310.026: [GC (Allocation Failure) [PSYoungGen: 21691790K->595416K(22609920K)] 22351205K->1255199K(25755648K), 0.1128091 secs] [Times: user=3.85 sys=0.00, real=0.11 secs] 
3317.060: [GC (Allocation Failure) [PSYoungGen: 21698008K->602524K(22609920K)] 22357791K->1262707K(25755648K), 0.1120941 secs] [Times: user=3.91 sys=0.00, real=0.12 secs] 
3323.910: [GC (Allocation Failure) [PSYoungGen: 21705116K->586629K(22609920K)] 22365299K->1247187K(25755648K), 0.1112402 secs] [Times: user=3.91 sys=0.01, real=0.11 secs] 
3330.855: [GC (Allocation Failure) [PSYoungGen: 21689221K->608857K(22609920K)] 22349779K->1269775K(25755648K), 0.1133103 secs] [Times: user=3.98 sys=0.00, real=0.11 secs] 
3337.938: [GC (Allocation Failure) [PSYoungGen: 21711449K->594250K(22609920K)] 22372367K->1255560K(25755648K), 0.1118199 secs] [Times: user=3.94 sys=0.01, real=0.11 secs] 
3344.907: [GC (Allocation Failure) [PSYoungGen: 21696842K->582840K(22609920K)] 22358152K->1244518K(25755648K), 0.1100771 secs] [Times: user=3.88 sys=0.00, real=0.11 secs] 
3351.822: [GC (Allocation Failure) [PSYoungGen: 21685432K->595519K(22609920K)] 22347110K->1257557K(25755648K), 0.1100659 secs] [Times: user=3.88 sys=0.00, real=0.11 secs] 
3358.639: [GC (Allocation Failure) [PSYoungGen: 21698111K->582101K(22609920K)] 22360149K->1244507K(25755648K), 0.1091543 secs] [Times: user=3.84 sys=0.00, real=0.10 secs] 
3365.471: [GC (Allocation Failure) [PSYoungGen: 21684693K->610538K(22609920K)] 22347099K->1273320K(25755648K), 0.1140255 secs] [Times: user=3.95 sys=0.01, real=0.11 secs] 
3372.430: [GC (Allocation Failure) [PSYoungGen: 21713130K->626179K(22609920K)] 22375912K->1289330K(25755648K), 0.1178729 secs] [Times: user=4.03 sys=0.00, real=0.12 secs] 
3379.404: [GC (Allocation Failure) [PSYoungGen: 21728771K->597541K(22609920K)] 22391922K->1261075K(25755648K), 0.1142530 secs] [Times: user=4.03 sys=0.00, real=0.11 secs] 
3386.319: [GC (Allocation Failure) [PSYoungGen: 21700133K->609770K(22609920K)] 22363667K->1273689K(25755648K), 0.1133702 secs] [Times: user=3.99 sys=0.01, real=0.12 secs] 
3393.222: [GC (Allocation Failure) [PSYoungGen: 21712362K->612058K(22609920K)] 22376281K->1276336K(25755648K), 0.1137036 secs] [Times: user=4.01 sys=0.01, real=0.12 secs] 
3400.033: [GC (Allocation Failure) [PSYoungGen: 21714650K->600474K(22609920K)] 22378928K->1265120K(25755648K), 0.1146438 secs] [Times: user=4.02 sys=0.00, real=0.12 secs] 
3406.573: [GC (Allocation Failure) [PSYoungGen: 21703066K->618389K(22609920K)] 22367712K->1283403K(25755648K), 0.1139124 secs] [Times: user=4.02 sys=0.00, real=0.12 secs] 
3413.359: [GC (Allocation Failure) [PSYoungGen: 21720981K->607434K(22609920K)] 22385995K->1272808K(25755648K), 0.1142544 secs] [Times: user=4.02 sys=0.00, real=0.11 secs] 
3420.050: [GC (Allocation Failure) [PSYoungGen: 21710026K->589349K(22609920K)] 22375400K->1255091K(25755648K), 0.1090390 secs] [Times: user=3.83 sys=0.00, real=0.11 secs] 
3426.904: [GC (Allocation Failure) [PSYoungGen: 21691941K->598537K(22609920K)] 22357683K->1264647K(25755648K), 0.1143701 secs] [Times: user=3.97 sys=0.00, real=0.11 secs] 
3433.661: [GC (Allocation Failure) [PSYoungGen: 21701129K->576229K(22609920K)] 22367239K->1242707K(25755648K), 0.1111717 secs] [Times: user=3.92 sys=0.01, real=0.11 secs] 
3440.383: [GC (Allocation Failure) [PSYoungGen: 21678821K->610171K(22609920K)] 22345299K->1277057K(25755648K), 0.1149194 secs] [Times: user=3.91 sys=0.00, real=0.11 secs] 
3447.040: [GC (Allocation Failure) [PSYoungGen: 21712763K->603481K(22609920K)] 22379649K->1270727K(25755648K), 0.1118829 secs] [Times: user=3.92 sys=0.00, real=0.12 secs] 
3453.736: [GC (Allocation Failure) [PSYoungGen: 21706073K->589162K(22609920K)] 22373319K->1256776K(25755648K), 0.1101189 secs] [Times: user=3.87 sys=0.00, real=0.11 secs] 
3460.402: [GC (Allocation Failure) [PSYoungGen: 21691754K->614373K(22609920K)] 22359368K->1282355K(25755648K), 0.1138914 secs] [Times: user=3.92 sys=0.00, real=0.12 secs] 
3467.151: [GC (Allocation Failure) [PSYoungGen: 21716965K->608778K(22609920K)] 22384947K->1277112K(25755648K), 0.1155077 secs] [Times: user=4.07 sys=0.00, real=0.12 secs] 
3473.673: [GC (Allocation Failure) [PSYoungGen: 21711370K->599301K(22609920K)] 22379704K->1268003K(25755648K), 0.1153700 secs] [Times: user=3.87 sys=0.01, real=0.12 secs] 
3480.184: [GC (Allocation Failure) [PSYoungGen: 21701893K->611725K(22609920K)] 22370595K->1280795K(25755648K), 0.1136326 secs] [Times: user=4.01 sys=0.01, real=0.12 secs] 
3486.641: [GC (Allocation Failure) [PSYoungGen: 21714317K->603210K(22609920K)] 22383387K->1272632K(25755648K), 0.1117566 secs] [Times: user=3.91 sys=0.01, real=0.11 secs] 
3493.087: [GC (Allocation Failure) [PSYoungGen: 21705802K->598645K(22609920K)] 22375224K->1268443K(25755648K), 0.1116616 secs] [Times: user=3.93 sys=0.00, real=0.12 secs] 
3499.630: [GC (Allocation Failure) [PSYoungGen: 21701237K->600234K(22609920K)] 22371035K->1270400K(25755648K), 0.1123410 secs] [Times: user=3.91 sys=0.00, real=0.11 secs] 
3506.170: [GC (Allocation Failure) [PSYoungGen: 21702826K->602853K(22609920K)] 22372992K->1273379K(25755648K), 0.1130587 secs] [Times: user=3.94 sys=0.01, real=0.12 secs] 
3512.634: [GC (Allocation Failure) [PSYoungGen: 21705445K->593066K(22609920K)] 22375971K->1263969K(25755648K), 0.1129215 secs] [Times: user=3.98 sys=0.00, real=0.11 secs] 
3519.323: [GC (Allocation Failure) [PSYoungGen: 21695658K->602949K(22609920K)] 22366561K->1274227K(25755648K), 0.1130935 secs] [Times: user=3.98 sys=0.00, real=0.11 secs] 
3525.939: [GC (Allocation Failure) [PSYoungGen: 21705541K->595836K(22609920K)] 22376819K->1267626K(25755648K), 0.1121330 secs] [Times: user=3.95 sys=0.00, real=0.11 secs] 
3532.678: [GC (Allocation Failure) [PSYoungGen: 21698428K->597877K(22609920K)] 22370218K->1270035K(25755648K), 0.1122717 secs] [Times: user=3.96 sys=0.00, real=0.11 secs] 
3539.005: [GC (Allocation Failure) [PSYoungGen: 21700469K->609726K(22609920K)] 22372627K->1282244K(25755648K), 0.1147158 secs] [Times: user=4.04 sys=0.00, real=0.12 secs] 
3545.468: [GC (Allocation Failure) [PSYoungGen: 21712318K->632079K(22609920K)] 22384836K->1304973K(25755648K), 0.1182294 secs] [Times: user=4.15 sys=0.00, real=0.11 secs] 
3551.777: [GC (Allocation Failure) [PSYoungGen: 21734671K->597646K(22609920K)] 22407565K->1270908K(25755648K), 0.1115601 secs] [Times: user=3.94 sys=0.00, real=0.12 secs] 
3558.005: [GC (Allocation Failure) [PSYoungGen: 21700238K->620730K(22609920K)] 22373500K->1294344K(25755648K), 0.1170395 secs] [Times: user=4.13 sys=0.00, real=0.12 secs] 
3564.375: [GC (Allocation Failure) [PSYoungGen: 21723322K->619784K(22609920K)] 22396936K->1293766K(25755648K), 0.1143805 secs] [Times: user=4.02 sys=0.01, real=0.11 secs] 
3570.878: [GC (Allocation Failure) [PSYoungGen: 21722376K->594393K(22609920K)] 22396358K->1268743K(25755648K), 0.1104917 secs] [Times: user=3.90 sys=0.00, real=0.11 secs] 
3577.180: [GC (Allocation Failure) [PSYoungGen: 21696985K->592901K(22609920K)] 22371335K->1267603K(25755648K), 0.1106934 secs] [Times: user=3.90 sys=0.00, real=0.11 secs] 
3583.495: [GC (Allocation Failure) [PSYoungGen: 21695493K->628218K(22609920K)] 22370195K->1303328K(25755648K), 0.1159850 secs] [Times: user=4.09 sys=0.00, real=0.11 secs] 
3590.021: [GC (Allocation Failure) [PSYoungGen: 21730810K->624306K(22609920K)] 22405920K->1299776K(25755648K), 0.1167080 secs] [Times: user=4.12 sys=0.00, real=0.12 secs] 
3596.228: [GC (Allocation Failure) [PSYoungGen: 21726898K->611582K(22609920K)] 22402368K->1287429K(25755648K), 0.1136166 secs] [Times: user=4.00 sys=0.00, real=0.11 secs] 
3602.496: [GC (Allocation Failure) [PSYoungGen: 21714174K->621134K(22609920K)] 22390021K->1297348K(25755648K), 0.1156080 secs] [Times: user=4.07 sys=0.00, real=0.11 secs] 
3608.700: [GC (Allocation Failure) [PSYoungGen: 21723726K->588693K(22609920K)] 22399940K->1265275K(25755648K), 0.1103715 secs] [Times: user=3.83 sys=0.00, real=0.11 secs] 
3615.006: [GC (Allocation Failure) [PSYoungGen: 21691285K->607030K(22609920K)] 22367867K->1283965K(25755648K), 0.1132921 secs] [Times: user=4.00 sys=0.00, real=0.12 secs] 
3621.146: [GC (Allocation Failure) [PSYoungGen: 21709622K->598136K(22609920K)] 22386557K->1275438K(25755648K), 0.1117349 secs] [Times: user=3.93 sys=0.00, real=0.11 secs] 
3627.467: [GC (Allocation Failure) [PSYoungGen: 21700728K->619122K(22609920K)] 22378030K->1296792K(25755648K), 0.1150976 secs] [Times: user=4.04 sys=0.00, real=0.12 secs] 
3633.583: [GC (Allocation Failure) [PSYoungGen: 21721714K->608773K(22609920K)] 22399384K->1286811K(25755648K), 0.1133442 secs] [Times: user=3.99 sys=0.00, real=0.11 secs] 
3639.748: [GC (Allocation Failure) [PSYoungGen: 21711365K->620873K(22609920K)] 22389403K->1299271K(25755648K), 0.1149398 secs] [Times: user=4.05 sys=0.00, real=0.12 secs] 
3646.087: [GC (Allocation Failure) [PSYoungGen: 21723429K->614665K(22609920K)] 22401827K->1293431K(25755648K), 0.1143669 secs] [Times: user=4.01 sys=0.00, real=0.12 secs] 
3652.314: [GC (Allocation Failure) [PSYoungGen: 21717257K->606373K(22609920K)] 22396023K->1285507K(25755648K), 0.1129735 secs] [Times: user=3.98 sys=0.00, real=0.11 secs] 
3658.547: [GC (Allocation Failure) [PSYoungGen: 21708965K->624542K(22609920K)] 22388099K->1304037K(25755648K), 0.1202991 secs] [Times: user=4.23 sys=0.00, real=0.12 secs] 
3664.786: [GC (Allocation Failure) [PSYoungGen: 21727134K->586041K(22609920K)] 22406629K->1265951K(25755648K), 0.1163724 secs] [Times: user=3.87 sys=0.00, real=0.11 secs] 
3670.929: [GC (Allocation Failure) [PSYoungGen: 21688633K->590053K(22609920K)] 22368543K->1270331K(25755648K), 0.1105759 secs] [Times: user=3.89 sys=0.00, real=0.11 secs] 
3677.093: [GC (Allocation Failure) [PSYoungGen: 21692645K->592069K(22609920K)] 22372923K->1272707K(25755648K), 0.1106163 secs] [Times: user=3.89 sys=0.00, real=0.11 secs] 
3683.274: [GC (Allocation Failure) [PSYoungGen: 21694661K->621125K(22609920K)] 22375299K->1302131K(25755648K), 0.1145151 secs] [Times: user=4.04 sys=0.00, real=0.12 secs] 
3689.234: [GC (Allocation Failure) [PSYoungGen: 21723717K->598085K(22609920K)] 22404723K->1279451K(25755648K), 0.1111950 secs] [Times: user=3.91 sys=0.00, real=0.11 secs] 
3695.229: [GC (Allocation Failure) [PSYoungGen: 21700664K->615418K(22609920K)] 22382030K->1297152K(25755648K), 0.1154765 secs] [Times: user=4.07 sys=0.00, real=0.12 secs] 
3701.328: [GC (Allocation Failure) [PSYoungGen: 21718010K->606565K(22609920K)] 22399744K->1288683K(25755648K), 0.1149343 secs] [Times: user=3.94 sys=0.00, real=0.12 secs] 
3707.309: [GC (Allocation Failure) [PSYoungGen: 21709157K->613497K(22609920K)] 22391275K->1295984K(25755648K), 0.1157403 secs] [Times: user=4.07 sys=0.01, real=0.12 secs] 
3713.377: [GC (Allocation Failure) [PSYoungGen: 21716089K->619209K(22609920K)] 22398576K->1302055K(25755648K), 0.1146631 secs] [Times: user=4.04 sys=0.00, real=0.11 secs] 
3719.468: [GC (Allocation Failure) [PSYoungGen: 21721801K->649507K(22609920K)] 22404647K->1332714K(25755648K), 0.1212711 secs] [Times: user=4.19 sys=0.00, real=0.12 secs] 
3725.498: [GC (Allocation Failure) [PSYoungGen: 21752099K->626693K(22609920K)] 22435306K->1310267K(25755648K), 0.1184675 secs] [Times: user=4.18 sys=0.00, real=0.12 secs] 
3731.692: [GC (Allocation Failure) [PSYoungGen: 21729285K->594302K(22609920K)] 22412859K->1278244K(25755648K), 0.1111459 secs] [Times: user=3.92 sys=0.00, real=0.11 secs] 
3737.817: [GC (Allocation Failure) [PSYoungGen: 21696894K->607385K(22609920K)] 22380836K->1291720K(25755648K), 0.1140707 secs] [Times: user=4.02 sys=0.01, real=0.11 secs] 
3743.742: [GC (Allocation Failure) [PSYoungGen: 21709977K->607207K(22609920K)] 22394312K->1291902K(25755648K), 0.1138782 secs] [Times: user=4.01 sys=0.00, real=0.12 secs] 
3749.724: [GC (Allocation Failure) [PSYoungGen: 21709799K->612469K(22609920K)] 22394494K->1297523K(25755648K), 0.1158877 secs] [Times: user=4.09 sys=0.00, real=0.12 secs] 
3755.685: [GC (Allocation Failure) [PSYoungGen: 21715061K->585751K(22609920K)] 22400115K->1271173K(25755648K), 0.1090007 secs] [Times: user=3.82 sys=0.00, real=0.11 secs] 
3761.655: [GC (Allocation Failure) [PSYoungGen: 21688343K->587301K(22609920K)] 22373765K->1273083K(25755648K), 0.1088796 secs] [Times: user=3.83 sys=0.00, real=0.11 secs] 
3767.540: [GC (Allocation Failure) [PSYoungGen: 21689893K->620522K(22609920K)] 22375675K->1306672K(25755648K), 0.1183178 secs] [Times: user=4.16 sys=0.00, real=0.12 secs] 
3773.571: [GC (Allocation Failure) [PSYoungGen: 21723114K->636271K(22609920K)] 22409264K->1322789K(25755648K), 0.1194252 secs] [Times: user=4.21 sys=0.00, real=0.12 secs] 
3779.653: [GC (Allocation Failure) [PSYoungGen: 21738863K->609247K(22609920K)] 22425381K->1296141K(25755648K), 0.1131376 secs] [Times: user=3.99 sys=0.00, real=0.11 secs] 
3785.455: [GC (Allocation Failure) [PSYoungGen: 21711839K->602885K(22609920K)] 22398733K->1290147K(25755648K), 0.1146109 secs] [Times: user=4.04 sys=0.00, real=0.11 secs] 
3791.377: [GC (Allocation Failure) [PSYoungGen: 21705477K->637790K(22609920K)] 22392739K->1325420K(25755648K), 0.1169387 secs] [Times: user=4.12 sys=0.00, real=0.12 secs] 
3797.256: [GC (Allocation Failure) [PSYoungGen: 21740382K->599749K(22609920K)] 22428012K->1287739K(25755648K), 0.1167971 secs] [Times: user=4.01 sys=0.00, real=0.11 secs] 
3803.208: [GC (Allocation Failure) [PSYoungGen: 21702341K->605421K(22609920K)] 22390331K->1293772K(25755648K), 0.1134347 secs] [Times: user=4.00 sys=0.00, real=0.11 secs] 
3808.969: [GC (Allocation Failure) [PSYoungGen: 21708013K->610202K(22609920K)] 22396364K->1298928K(25755648K), 0.1137606 secs] [Times: user=3.97 sys=0.01, real=0.11 secs] 
3814.769: [GC (Allocation Failure) [PSYoungGen: 21712794K->605257K(22609920K)] 22401520K->1294352K(25755648K), 0.1125353 secs] [Times: user=3.97 sys=0.00, real=0.11 secs] 
3820.410: [GC (Allocation Failure) [PSYoungGen: 21707849K->621343K(22609920K)] 22396944K->1310813K(25755648K), 0.1152144 secs] [Times: user=4.06 sys=0.01, real=0.11 secs] 
3826.095: [GC (Allocation Failure) [PSYoungGen: 21723935K->627711K(22609920K)] 22413405K->1317541K(25755648K), 0.1172619 secs] [Times: user=4.13 sys=0.00, real=0.12 secs] 
3831.977: [GC (Allocation Failure) [PSYoungGen: 21730303K->625251K(22609920K)] 22420133K->1315450K(25755648K), 0.1160303 secs] [Times: user=4.09 sys=0.01, real=0.12 secs] 
3837.836: [GC (Allocation Failure) [PSYoungGen: 21727843K->594101K(22609920K)] 22418042K->1284659K(25755648K), 0.1139190 secs] [Times: user=3.99 sys=0.00, real=0.11 secs] 
3843.572: [GC (Allocation Failure) [PSYoungGen: 21696693K->633166K(22609920K)] 22387251K->1324100K(25755648K), 0.1179608 secs] [Times: user=4.12 sys=0.00, real=0.11 secs] 
3849.485: [GC (Allocation Failure) [PSYoungGen: 21735758K->634784K(22609920K)] 22426692K->1326086K(25755648K), 0.1186435 secs] [Times: user=4.19 sys=0.00, real=0.12 secs] 
3855.237: [GC (Allocation Failure) [PSYoungGen: 21737376K->640724K(22609920K)] 22428678K->1332379K(25755648K), 0.1189441 secs] [Times: user=4.17 sys=0.00, real=0.12 secs] 
3861.064: [GC (Allocation Failure) [PSYoungGen: 21743316K->622291K(22609920K)] 22434971K->1314313K(25755648K), 0.1163643 secs] [Times: user=4.08 sys=0.00, real=0.12 secs] 
3866.884: [GC (Allocation Failure) [PSYoungGen: 21724883K->610531K(22609920K)] 22416905K->1302929K(25755648K), 0.1159520 secs] [Times: user=4.09 sys=0.00, real=0.12 secs] 
3872.536: [GC (Allocation Failure) [PSYoungGen: 21713123K->609573K(22609920K)] 22405521K->1302323K(25755648K), 0.1139161 secs] [Times: user=4.01 sys=0.00, real=0.12 secs] 
3878.341: [GC (Allocation Failure) [PSYoungGen: 21712165K->625389K(22609920K)] 22404915K->1318507K(25755648K), 0.1153207 secs] [Times: user=4.07 sys=0.01, real=0.11 secs] 
3884.219: [GC (Allocation Failure) [PSYoungGen: 21727981K->621147K(22609920K)] 22421099K->1314625K(25755648K), 0.1174259 secs] [Times: user=3.99 sys=0.00, real=0.11 secs] 
3890.054: [GC (Allocation Failure) [PSYoungGen: 21723739K->608366K(22609920K)] 22417217K->1302212K(25755648K), 0.1158571 secs] [Times: user=4.07 sys=0.01, real=0.12 secs] 
3895.749: [GC (Allocation Failure) [PSYoungGen: 21710958K->632968K(22609920K)] 22404804K->1327182K(25755648K), 0.1177479 secs] [Times: user=4.15 sys=0.00, real=0.12 secs] 
3901.436: [GC (Allocation Failure) [PSYoungGen: 21735560K->621130K(22609920K)] 22429774K->1315720K(25755648K), 0.1158211 secs] [Times: user=4.05 sys=0.01, real=0.12 secs] 
3907.101: [GC (Allocation Failure) [PSYoungGen: 21723722K->606885K(22609920K)] 22418312K->1301819K(25755648K), 0.1172984 secs] [Times: user=3.94 sys=0.00, real=0.12 secs] 
3912.905: [GC (Allocation Failure) [PSYoungGen: 21709477K->610793K(22609920K)] 22404411K->1306095K(25755648K), 0.1138856 secs] [Times: user=4.01 sys=0.01, real=0.11 secs] 
3918.405: [GC (Allocation Failure) [PSYoungGen: 21713385K->642975K(22609920K)] 22408687K->1338653K(25755648K), 0.1226070 secs] [Times: user=4.27 sys=0.00, real=0.12 secs] 
3924.046: [GC (Allocation Failure) [PSYoungGen: 21745567K->610895K(22609920K)] 22441245K->1306942K(25755648K), 0.1137913 secs] [Times: user=4.00 sys=0.00, real=0.11 secs] 
3929.627: [GC (Allocation Failure) [PSYoungGen: 21713487K->599033K(22609920K)] 22409534K->1295432K(25755648K), 0.1130594 secs] [Times: user=3.98 sys=0.00, real=0.11 secs] 
3935.227: [GC (Allocation Failure) [PSYoungGen: 21701625K->617469K(22609920K)] 22398024K->1314235K(25755648K), 0.1183456 secs] [Times: user=4.13 sys=0.00, real=0.12 secs] 
3940.786: [GC (Allocation Failure) [PSYoungGen: 21720061K->594629K(22609920K)] 22416827K->1291771K(25755648K), 0.1121440 secs] [Times: user=3.89 sys=0.00, real=0.12 secs] 
3946.390: [GC (Allocation Failure) [PSYoungGen: 21697221K->624190K(22609920K)] 22394363K->1321700K(25755648K), 0.1183335 secs] [Times: user=4.17 sys=0.00, real=0.12 secs] 
3952.106: [GC (Allocation Failure) [PSYoungGen: 21726782K->627711K(22609920K)] 22424292K->1325597K(25755648K), 0.1165358 secs] [Times: user=4.11 sys=0.00, real=0.12 secs] 
3957.600: [GC (Allocation Failure) [PSYoungGen: 21730303K->602105K(22609920K)] 22428189K->1300351K(25755648K), 0.1129360 secs] [Times: user=3.98 sys=0.00, real=0.11 secs] 
3963.218: [GC (Allocation Failure) [PSYoungGen: 21704697K->616865K(22609920K)] 22402943K->1315471K(25755648K), 0.1151567 secs] [Times: user=4.06 sys=0.00, real=0.12 secs] 
3968.869: [GC (Allocation Failure) [PSYoungGen: 21719457K->601385K(22609920K)] 22418063K->1300368K(25755648K), 0.1155243 secs] [Times: user=4.06 sys=0.00, real=0.12 secs] 
3974.405: [GC (Allocation Failure) [PSYoungGen: 21703977K->622338K(22609920K)] 22402960K->1321688K(25755648K), 0.1154523 secs] [Times: user=4.07 sys=0.00, real=0.11 secs] 
3979.907: [GC (Allocation Failure) [PSYoungGen: 21724930K->608997K(22609920K)] 22424280K->1308715K(25755648K), 0.1141039 secs] [Times: user=4.02 sys=0.00, real=0.11 secs] 
3985.344: [GC (Allocation Failure) [PSYoungGen: 21711589K->631761K(22609920K)] 22411307K->1331831K(25755648K), 0.1181204 secs] [Times: user=4.17 sys=0.00, real=0.11 secs] 
3990.960: [GC (Allocation Failure) [PSYoungGen: 21734353K->623353K(22609920K)] 22434423K->1323783K(25755648K), 0.1163432 secs] [Times: user=4.06 sys=0.00, real=0.12 secs] 
3996.450: [GC (Allocation Failure) [PSYoungGen: 21725945K->614757K(22609920K)] 22426375K->1315555K(25755648K), 0.1145946 secs] [Times: user=4.03 sys=0.00, real=0.11 secs] 
4001.947: [GC (Allocation Failure) [PSYoungGen: 21717349K->615938K(22609920K)] 22418147K->1317088K(25755648K), 0.1151147 secs] [Times: user=4.06 sys=0.00, real=0.11 secs] 
4007.511: [GC (Allocation Failure) [PSYoungGen: 21718530K->641551K(22609920K)] 22419680K->1343069K(25755648K), 0.1189399 secs] [Times: user=4.17 sys=0.00, real=0.12 secs] 
4012.918: [GC (Allocation Failure) [PSYoungGen: 21744143K->605513K(22609920K)] 22445661K->1307400K(25755648K), 0.1156902 secs] [Times: user=3.95 sys=0.00, real=0.11 secs] 
4018.406: [GC (Allocation Failure) [PSYoungGen: 21708105K->616991K(22609920K)] 22409992K->1319237K(25755648K), 0.1147889 secs] [Times: user=4.05 sys=0.00, real=0.12 secs] 
4023.896: [GC (Allocation Failure) [PSYoungGen: 21719583K->599050K(22609920K)] 22421829K->1301665K(25755648K), 0.1154721 secs] [Times: user=4.04 sys=0.01, real=0.12 secs] 
4029.527: [GC (Allocation Failure) [PSYoungGen: 21701642K->624981K(22609920K)] 22404257K->1327947K(25755648K), 0.1172379 secs] [Times: user=4.05 sys=0.00, real=0.12 secs] 
4035.151: [GC (Allocation Failure) [PSYoungGen: 21727573K->606426K(22609920K)] 22430539K->1309760K(25755648K), 0.1138351 secs] [Times: user=4.00 sys=0.00, real=0.11 secs] 
4040.563: [GC (Allocation Failure) [PSYoungGen: 21709018K->644518K(22609920K)] 22412352K->1348228K(25755648K), 0.1192830 secs] [Times: user=4.20 sys=0.00, real=0.12 secs] 
4045.869: [GC (Allocation Failure) [PSYoungGen: 21747110K->593157K(22609920K)] 22450820K->1297219K(25755648K), 0.1111781 secs] [Times: user=3.91 sys=0.00, real=0.11 secs] 
4051.283: [GC (Allocation Failure) [PSYoungGen: 21695749K->621445K(22609920K)] 22399811K->1325875K(25755648K), 0.1142897 secs] [Times: user=4.03 sys=0.01, real=0.12 secs] 
4056.666: [GC (Allocation Failure) [PSYoungGen: 21724037K->611844K(22609920K)] 22428467K->1316626K(25755648K), 0.1157319 secs] [Times: user=4.03 sys=0.00, real=0.11 secs] 
4062.064: [GC (Allocation Failure) [PSYoungGen: 21714436K->615243K(22609920K)] 22419218K->1320394K(25755648K), 0.1149700 secs] [Times: user=4.06 sys=0.00, real=0.12 secs] 
4067.413: [GC (Allocation Failure) [PSYoungGen: 21717835K->616345K(22609920K)] 22422986K->1321855K(25755648K), 0.1154782 secs] [Times: user=4.00 sys=0.01, real=0.12 secs] 
4072.787: [GC (Allocation Failure) [PSYoungGen: 21718937K->605069K(22609920K)] 22424447K->1310947K(25755648K), 0.1157822 secs] [Times: user=4.05 sys=0.00, real=0.11 secs] 
4078.113: [GC (Allocation Failure) [PSYoungGen: 21707661K->638921K(22609920K)] 22413539K->1345159K(25755648K), 0.1192736 secs] [Times: user=4.21 sys=0.00, real=0.12 secs] 
4083.583: [GC (Allocation Failure) [PSYoungGen: 21741513K->633797K(22609920K)] 22447751K->1340411K(25755648K), 0.1177350 secs] [Times: user=4.15 sys=0.00, real=0.12 secs] 
4088.934: [GC (Allocation Failure) [PSYoungGen: 21736389K->635663K(22609920K)] 22443003K->1342629K(25755648K), 0.1193391 secs] [Times: user=4.18 sys=0.00, real=0.12 secs] 
4094.297: [GC (Allocation Failure) [PSYoungGen: 21738255K->617705K(22609920K)] 22445221K->1325112K(25755648K), 0.1153836 secs] [Times: user=4.07 sys=0.00, real=0.12 secs] 
4099.707: [GC (Allocation Failure) [PSYoungGen: 21720297K->627427K(22609920K)] 22427704K->1335193K(25755648K), 0.1161316 secs] [Times: user=4.10 sys=0.00, real=0.12 secs] 
4105.127: [GC (Allocation Failure) [PSYoungGen: 21730019K->623160K(22609920K)] 22437785K->1331302K(25755648K), 0.1172073 secs] [Times: user=4.12 sys=0.00, real=0.12 secs] 
4110.382: [GC (Allocation Failure) [PSYoungGen: 21725752K->628542K(22609920K)] 22433894K->1337036K(25755648K), 0.1174630 secs] [Times: user=4.15 sys=0.00, real=0.12 secs] 
4115.611: [GC (Allocation Failure) [PSYoungGen: 21731134K->602706K(22609920K)] 22439628K->1311568K(25755648K), 0.1146335 secs] [Times: user=4.05 sys=0.00, real=0.12 secs] 
4120.862: [GC (Allocation Failure) [PSYoungGen: 21705298K->622328K(22609920K)] 22414160K->1331550K(25755648K), 0.1159164 secs] [Times: user=4.07 sys=0.00, real=0.12 secs] 
4126.061: [GC (Allocation Failure) [PSYoungGen: 21724920K->606437K(22609920K)] 22434142K->1316035K(25755648K), 0.1153200 secs] [Times: user=4.04 sys=0.00, real=0.12 secs] 
4131.232: [GC (Allocation Failure) [PSYoungGen: 21709029K->610759K(22609920K)] 22418627K->1320717K(25755648K), 0.1152149 secs] [Times: user=4.06 sys=0.00, real=0.12 secs] 
4136.550: [GC (Allocation Failure) [PSYoungGen: 21713351K->623599K(22609920K)] 22423309K->1333925K(25755648K), 0.1190987 secs] [Times: user=4.16 sys=0.00, real=0.12 secs] 
4141.787: [GC (Allocation Failure) [PSYoungGen: 21726191K->617262K(22609920K)] 22436517K->1327948K(25755648K), 0.1146024 secs] [Times: user=4.04 sys=0.01, real=0.12 secs] 
4147.098: [GC (Allocation Failure) [PSYoungGen: 21719854K->611461K(22609920K)] 22430540K->1322507K(25755648K), 0.1139954 secs] [Times: user=4.01 sys=0.00, real=0.11 secs] 
4152.456: [GC (Allocation Failure) [PSYoungGen: 21714053K->632105K(22609920K)] 22425099K->1343592K(25755648K), 0.1215482 secs] [Times: user=4.07 sys=0.01, real=0.12 secs] 
4157.812: [GC (Allocation Failure) [PSYoungGen: 21734697K->593461K(22609920K)] 22446184K->1305307K(25755648K), 0.1106585 secs] [Times: user=3.89 sys=0.00, real=0.11 secs] 
4163.102: [GC (Allocation Failure) [PSYoungGen: 21696053K->637711K(22609920K)] 22407899K->1349909K(25755648K), 0.1196729 secs] [Times: user=4.14 sys=0.00, real=0.12 secs] 
4168.284: [GC (Allocation Failure) [PSYoungGen: 21740303K->609029K(22609920K)] 22452501K->1321603K(25755648K), 0.1156152 secs] [Times: user=4.03 sys=0.01, real=0.11 secs] 
4173.451: [GC (Allocation Failure) [PSYoungGen: 21711621K->643076K(22609920K)] 22424195K->1356010K(25755648K), 0.1192701 secs] [Times: user=4.20 sys=0.00, real=0.11 secs] 
4178.663: [GC (Allocation Failure) [PSYoungGen: 21745668K->605199K(22609920K)] 22458602K->1318509K(25755648K), 0.1125598 secs] [Times: user=3.95 sys=0.01, real=0.11 secs] 
4183.734: [GC (Allocation Failure) [PSYoungGen: 21707791K->627016K(22609920K)] 22421101K->1340686K(25755648K), 0.1201503 secs] [Times: user=4.16 sys=0.00, real=0.12 secs] 
4188.919: [GC (Allocation Failure) [PSYoungGen: 21729608K->623670K(22609920K)] 22443278K->1337700K(25755648K), 0.1162707 secs] [Times: user=4.10 sys=0.00, real=0.12 secs] 
4194.107: [GC (Allocation Failure) [PSYoungGen: 21726262K->614693K(22609920K)] 22440292K->1329099K(25755648K), 0.1146259 secs] [Times: user=4.04 sys=0.00, real=0.11 secs] 
4199.245: [GC (Allocation Failure) [PSYoungGen: 21717285K->608453K(22609920K)] 22431691K->1323219K(25755648K), 0.1127731 secs] [Times: user=3.98 sys=0.00, real=0.12 secs] 
4204.457: [GC (Allocation Failure) [PSYoungGen: 21711045K->649208K(22609920K)] 22425811K->1364342K(25755648K), 0.1226883 secs] [Times: user=4.25 sys=0.00, real=0.12 secs] 
4209.668: [GC (Allocation Failure) [PSYoungGen: 21751800K->598810K(22609920K)] 22466934K->1314304K(25755648K), 0.1123218 secs] [Times: user=3.95 sys=0.00, real=0.11 secs] 
4214.883: [GC (Allocation Failure) [PSYoungGen: 21701402K->625763K(22609920K)] 22416896K->1341609K(25755648K), 0.1163101 secs] [Times: user=4.10 sys=0.00, real=0.12 secs] 
4220.011: [GC (Allocation Failure) [PSYoungGen: 21728355K->613285K(22609920K)] 22444201K->1329499K(25755648K), 0.1144973 secs] [Times: user=4.03 sys=0.00, real=0.11 secs] 
4225.217: [GC (Allocation Failure) [PSYoungGen: 21715877K->618937K(22609920K)] 22432091K->1335503K(25755648K), 0.1187723 secs] [Times: user=4.09 sys=0.00, real=0.12 secs] 
4230.335: [GC (Allocation Failure) [PSYoungGen: 21721529K->640041K(22609920K)] 22438095K->1356967K(25755648K), 0.1180967 secs] [Times: user=4.17 sys=0.00, real=0.12 secs] 
4235.480: [GC (Allocation Failure) [PSYoungGen: 21742633K->669283K(22609920K)] 22459559K->1386585K(25755648K), 0.1230946 secs] [Times: user=4.34 sys=0.00, real=0.13 secs] 
4240.682: [GC (Allocation Failure) [PSYoungGen: 21771875K->609342K(22609920K)] 22489177K->1327005K(25755648K), 0.1145116 secs] [Times: user=4.03 sys=0.00, real=0.12 secs] 
4245.791: [GC (Allocation Failure) [PSYoungGen: 21711934K->636953K(22609920K)] 22429597K->1354975K(25755648K), 0.1195629 secs] [Times: user=4.18 sys=0.00, real=0.12 secs] 
4250.918: [GC (Allocation Failure) [PSYoungGen: 21739545K->611301K(22609920K)] 22457567K->1329683K(25755648K), 0.1132207 secs] [Times: user=3.99 sys=0.00, real=0.11 secs] 
4256.033: [GC (Allocation Failure) [PSYoungGen: 21713893K->622884K(22609920K)] 22432275K->1341650K(25755648K), 0.1158152 secs] [Times: user=4.09 sys=0.00, real=0.12 secs] 
4261.194: [GC (Allocation Failure) [PSYoungGen: 21725476K->638637K(22609920K)] 22444242K->1357771K(25755648K), 0.1180918 secs] [Times: user=4.18 sys=0.00, real=0.12 secs] 
4266.111: [GC (Allocation Failure) [PSYoungGen: 21741229K->646734K(22609920K)] 22460363K->1366237K(25755648K), 0.1195382 secs] [Times: user=4.22 sys=0.00, real=0.12 secs] 
4271.242: [GC (Allocation Failure) [PSYoungGen: 21749326K->648931K(22609920K)] 22468829K->1368801K(25755648K), 0.1236419 secs] [Times: user=4.23 sys=0.00, real=0.12 secs] 
4276.406: [GC (Allocation Failure) [PSYoungGen: 21751523K->631168K(22609920K)] 22471393K->1351398K(25755648K), 0.1172621 secs] [Times: user=4.13 sys=0.00, real=0.12 secs] 
4281.524: [GC (Allocation Failure) [PSYoungGen: 21733760K->644271K(22609920K)] 22453990K->1364869K(25755648K), 0.1204141 secs] [Times: user=4.22 sys=0.00, real=0.12 secs] 
4286.620: [GC (Allocation Failure) [PSYoungGen: 21746863K->618138K(22609920K)] 22467461K->1339120K(25755648K), 0.1193277 secs] [Times: user=4.09 sys=0.01, real=0.11 secs] 
4291.726: [GC (Allocation Failure) [PSYoungGen: 21720730K->598074K(22609920K)] 22441712K->1319416K(25755648K), 0.1135092 secs] [Times: user=3.99 sys=0.00, real=0.12 secs] 
4296.837: [GC (Allocation Failure) [PSYoungGen: 21700666K->595093K(22609920K)] 22422008K->1317563K(25755648K), 0.1141803 secs] [Times: user=3.93 sys=0.01, real=0.12 secs] 
4301.989: [GC (Allocation Failure) [PSYoungGen: 21697685K->628746K(22609920K)] 22420155K->1352352K(25755648K), 0.1174743 secs] [Times: user=4.09 sys=0.00, real=0.12 secs] 
4307.153: [GC (Allocation Failure) [PSYoungGen: 21731338K->633162K(22609920K)] 22454944K->1357128K(25755648K), 0.1172956 secs] [Times: user=4.11 sys=0.01, real=0.11 secs] 
4312.379: [GC (Allocation Failure) [PSYoungGen: 21735754K->635944K(22609920K)] 22459720K->1360278K(25755648K), 0.1210465 secs] [Times: user=4.27 sys=0.00, real=0.12 secs] 
4317.409: [GC (Allocation Failure) [PSYoungGen: 21738536K->641907K(22609920K)] 22462870K->1366625K(25755648K), 0.1206202 secs] [Times: user=4.25 sys=0.01, real=0.12 secs] 
4322.389: [GC (Allocation Failure) [PSYoungGen: 21744499K->618841K(22609920K)] 22469217K->1343936K(25755648K), 0.1167095 secs] [Times: user=4.06 sys=0.00, real=0.12 secs] 
4327.402: [GC (Allocation Failure) [PSYoungGen: 21721433K->641811K(22609920K)] 22446528K->1367273K(25755648K), 0.1199340 secs] [Times: user=4.23 sys=0.01, real=0.12 secs] 
4332.407: [GC (Allocation Failure) [PSYoungGen: 21744403K->647641K(22609920K)] 22469865K->1373471K(25755648K), 0.1191060 secs] [Times: user=4.19 sys=0.00, real=0.12 secs] 
4337.478: [GC (Allocation Failure) [PSYoungGen: 21750233K->638427K(22609920K)] 22476063K->1364642K(25755648K), 0.1191165 secs] [Times: user=4.18 sys=0.01, real=0.12 secs] 
4342.539: [GC (Allocation Failure) [PSYoungGen: 21741019K->647645K(22609920K)] 22467234K->1374235K(25755648K), 0.1211338 secs] [Times: user=4.28 sys=0.00, real=0.12 secs] 
4347.592: [GC (Allocation Failure) [PSYoungGen: 21750237K->652891K(22609920K)] 22476827K->1379849K(25755648K), 0.1219882 secs] [Times: user=4.30 sys=0.00, real=0.12 secs] 
4352.616: [GC (Allocation Failure) [PSYoungGen: 21755483K->622373K(22609920K)] 22482441K->1349707K(25755648K), 0.1167727 secs] [Times: user=4.11 sys=0.00, real=0.12 secs] 
4357.480: [GC (Allocation Failure) [PSYoungGen: 21724965K->647520K(22609920K)] 22452299K->1375222K(25755648K), 0.1202943 secs] [Times: user=4.24 sys=0.00, real=0.12 secs] 
4362.366: [GC (Allocation Failure) [PSYoungGen: 21750112K->625721K(22609920K)] 22477814K->1353800K(25755648K), 0.1184125 secs] [Times: user=4.06 sys=0.00, real=0.12 secs] 
4367.507: [GC (Allocation Failure) [PSYoungGen: 21728313K->648475K(22609920K)] 22456392K->1376922K(25755648K), 0.1208637 secs] [Times: user=4.25 sys=0.01, real=0.12 secs] 
4372.628: [GC (Allocation Failure) [PSYoungGen: 21751067K->604469K(22609920K)] 22479514K->1333283K(25755648K), 0.1139048 secs] [Times: user=4.01 sys=0.00, real=0.11 secs] 
4377.497: [GC (Allocation Failure) [PSYoungGen: 21707061K->632607K(22609920K)] 22435875K->1361781K(25755648K), 0.1184628 secs] [Times: user=4.10 sys=0.01, real=0.12 secs] 
4382.421: [GC (Allocation Failure) [PSYoungGen: 21735199K->636981K(22609920K)] 22464373K->1366515K(25755648K), 0.1216686 secs] [Times: user=4.25 sys=0.00, real=0.12 secs] 
4387.495: [GC (Allocation Failure) [PSYoungGen: 21739573K->634026K(22609920K)] 22469107K->1363920K(25755648K), 0.1179907 secs] [Times: user=4.15 sys=0.00, real=0.11 secs] 
4392.483: [GC (Allocation Failure) [PSYoungGen: 21736618K->645154K(22609920K)] 22466512K->1375417K(25755648K), 0.1207268 secs] [Times: user=4.26 sys=0.00, real=0.12 secs] 
4397.432: [GC (Allocation Failure) [PSYoungGen: 21747746K->625808K(22609920K)] 22478009K->1356438K(25755648K), 0.1161822 secs] [Times: user=4.10 sys=0.00, real=0.12 secs] 
4402.363: [GC (Allocation Failure) [PSYoungGen: 21728400K->621929K(22609920K)] 22459030K->1352927K(25755648K), 0.1165026 secs] [Times: user=4.08 sys=0.00, real=0.12 secs] 
4407.315: [GC (Allocation Failure) [PSYoungGen: 21724521K->629082K(22609920K)] 22455519K->1360448K(25755648K), 0.1188353 secs] [Times: user=4.19 sys=0.00, real=0.12 secs] 
4412.226: [GC (Allocation Failure) [PSYoungGen: 21731674K->652120K(22609920K)] 22463040K->1383854K(25755648K), 0.1207204 secs] [Times: user=4.26 sys=0.01, real=0.12 secs] 
4417.022: [GC (Allocation Failure) [PSYoungGen: 21754712K->649215K(22609920K)] 22486446K->1381309K(25755648K), 0.1205645 secs] [Times: user=4.26 sys=0.00, real=0.12 secs] 
4421.887: [GC (Allocation Failure) [PSYoungGen: 21751807K->654953K(22609920K)] 22483901K->1387407K(25755648K), 0.1212828 secs] [Times: user=4.27 sys=0.00, real=0.12 secs] 
4426.701: [GC (Allocation Failure) [PSYoungGen: 21757545K->618797K(22609920K)] 22489999K->1351620K(25755648K), 0.1153715 secs] [Times: user=4.07 sys=0.01, real=0.11 secs] 
4431.584: [GC (Allocation Failure) [PSYoungGen: 21721389K->655647K(22609920K)] 22454212K->1388830K(25755648K), 0.1208011 secs] [Times: user=4.26 sys=0.00, real=0.12 secs] 
4436.432: [GC (Allocation Failure) [PSYoungGen: 21758239K->629626K(22609920K)] 22491422K->1363168K(25755648K), 0.1165184 secs] [Times: user=4.11 sys=0.00, real=0.11 secs] 
4441.351: [GC (Allocation Failure) [PSYoungGen: 21732218K->636127K(22609920K)] 22465760K->1370037K(25755648K), 0.1184289 secs] [Times: user=4.15 sys=0.00, real=0.12 secs] 
4446.329: [GC (Allocation Failure) [PSYoungGen: 21738719K->644849K(22609920K)] 22472629K->1379144K(25755648K), 0.1217444 secs] [Times: user=4.29 sys=0.00, real=0.12 secs] 
4451.271: [GC (Allocation Failure) [PSYoungGen: 21747441K->635706K(22609920K)] 22481736K->1370344K(25755648K), 0.1181441 secs] [Times: user=4.14 sys=0.00, real=0.12 secs] 
4456.116: [GC (Allocation Failure) [PSYoungGen: 21738298K->617209K(22609920K)] 22472936K->1352191K(25755648K), 0.1165225 secs] [Times: user=4.03 sys=0.00, real=0.11 secs] 
4461.128: [GC (Allocation Failure) [PSYoungGen: 21719801K->614842K(22609920K)] 22454783K->1350184K(25755648K), 0.1152950 secs] [Times: user=4.06 sys=0.00, real=0.11 secs] 
4466.006: [GC (Allocation Failure) [PSYoungGen: 21717434K->620124K(22609920K)] 22452776K->1355834K(25755648K), 0.1172085 secs] [Times: user=4.13 sys=0.00, real=0.12 secs] 
4470.713: [GC (Allocation Failure) [PSYoungGen: 21722716K->599549K(22609920K)] 22458426K->1335619K(25755648K), 0.1139207 secs] [Times: user=4.01 sys=0.00, real=0.11 secs] 
4475.369: [GC (Allocation Failure) [PSYoungGen: 21702141K->656931K(22609920K)] 22438211K->1393369K(25755648K), 0.1219059 secs] [Times: user=4.29 sys=0.00, real=0.12 secs] 
4480.088: [GC (Allocation Failure) [PSYoungGen: 21759523K->630437K(22609920K)] 22495961K->1367236K(25755648K), 0.1206996 secs] [Times: user=4.22 sys=0.00, real=0.13 secs] 
4484.997: [GC (Allocation Failure) [PSYoungGen: 21733029K->638722K(22609920K)] 22469828K->1375897K(25755648K), 0.1210417 secs] [Times: user=4.23 sys=0.00, real=0.12 secs] 
4489.709: [GC (Allocation Failure) [PSYoungGen: 21741314K->619422K(22609920K)] 22478489K->1356964K(25755648K), 0.1146268 secs] [Times: user=4.04 sys=0.00, real=0.12 secs] 
4494.520: [GC (Allocation Failure) [PSYoungGen: 21722014K->654497K(22609920K)] 22459556K->1392423K(25755648K), 0.1229875 secs] [Times: user=4.30 sys=0.01, real=0.13 secs] 
4499.207: [GC (Allocation Failure) [PSYoungGen: 21757089K->629567K(22609920K)] 22495015K->1367862K(25755648K), 0.1221977 secs] [Times: user=4.13 sys=0.00, real=0.12 secs] 
4504.072: [GC (Allocation Failure) [PSYoungGen: 21732159K->613705K(22609920K)] 22470454K->1352352K(25755648K), 0.1147289 secs] [Times: user=4.04 sys=0.00, real=0.12 secs] 
4509.047: [GC (Allocation Failure) [PSYoungGen: 21716297K->625625K(22609920K)] 22454944K->1364639K(25755648K), 0.1181170 secs] [Times: user=4.16 sys=0.00, real=0.12 secs] 
4513.791: [GC (Allocation Failure) [PSYoungGen: 21728217K->621529K(22609920K)] 22467231K->1360903K(25755648K), 0.1179170 secs] [Times: user=4.17 sys=0.00, real=0.12 secs] 
4518.540: [GC (Allocation Failure) [PSYoungGen: 21724121K->638842K(22609920K)] 22463495K->1378600K(25755648K), 0.1195012 secs] [Times: user=4.21 sys=0.00, real=0.12 secs] 
4523.356: [GC (Allocation Failure) [PSYoungGen: 21741434K->619930K(22609920K)] 22481192K->1360056K(25755648K), 0.1164787 secs] [Times: user=4.09 sys=0.00, real=0.11 secs] 
4528.130: [GC (Allocation Failure) [PSYoungGen: 21722522K->627450K(22609920K)] 22462648K->1367944K(25755648K), 0.1199364 secs] [Times: user=4.16 sys=0.00, real=0.12 secs] 
4532.996: [GC (Allocation Failure) [PSYoungGen: 21730042K->620304K(22609920K)] 22470536K->1361159K(25755648K), 0.1156978 secs] [Times: user=4.08 sys=0.00, real=0.12 secs] 
4537.701: [GC (Allocation Failure) [PSYoungGen: 21722896K->624871K(22609920K)] 22463751K->1366094K(25755648K), 0.1187138 secs] [Times: user=4.18 sys=0.00, real=0.12 secs] 
4542.422: [GC (Allocation Failure) [PSYoungGen: 21727463K->645742K(22609920K)] 22468686K->1387332K(25755648K), 0.1216931 secs] [Times: user=4.18 sys=0.00, real=0.12 secs] 
4547.165: [GC (Allocation Failure) [PSYoungGen: 21748334K->649490K(22609920K)] 22489924K->1391432K(25755648K), 0.1227776 secs] [Times: user=4.28 sys=0.00, real=0.12 secs] 
4551.744: [GC (Allocation Failure) [PSYoungGen: 21752082K->626283K(22609920K)] 22494024K->1368593K(25755648K), 0.1169136 secs] [Times: user=4.07 sys=0.00, real=0.12 secs] 
4556.380: [GC (Allocation Failure) [PSYoungGen: 21728875K->632623K(22609920K)] 22471185K->1375301K(25755648K), 0.1179536 secs] [Times: user=4.12 sys=0.00, real=0.12 secs] 
4561.043: [GC (Allocation Failure) [PSYoungGen: 21735215K->639229K(22609920K)] 22477893K->1382275K(25755648K), 0.1191965 secs] [Times: user=4.17 sys=0.00, real=0.12 secs] 
4565.958: [GC (Allocation Failure) [PSYoungGen: 21741821K->598341K(22609920K)] 22484867K->1341731K(25755648K), 0.1131920 secs] [Times: user=3.99 sys=0.00, real=0.11 secs] 
4570.570: [GC (Allocation Failure) [PSYoungGen: 21700933K->638201K(22609920K)] 22444323K->1381968K(25755648K), 0.1191379 secs] [Times: user=4.20 sys=0.01, real=0.12 secs] 
4575.291: [GC (Allocation Failure) [PSYoungGen: 21740793K->653486K(22609920K)] 22484560K->1397628K(25755648K), 0.1214965 secs] [Times: user=4.29 sys=0.00, real=0.12 secs] 
4580.012: [GC (Allocation Failure) [PSYoungGen: 21756078K->615962K(22609920K)] 22500220K->1360472K(25755648K), 0.1173410 secs] [Times: user=4.13 sys=0.00, real=0.12 secs] 
4584.723: [GC (Allocation Failure) [PSYoungGen: 21718554K->618910K(22609920K)] 22463064K->1363797K(25755648K), 0.1167616 secs] [Times: user=4.12 sys=0.00, real=0.12 secs] 
4589.340: [GC (Allocation Failure) [PSYoungGen: 21721502K->651257K(22609920K)] 22466389K->1396495K(25755648K), 0.1215662 secs] [Times: user=4.28 sys=0.00, real=0.12 secs] 
4594.057: [GC (Allocation Failure) [PSYoungGen: 21753849K->622607K(22609920K)] 22499087K->1368221K(25755648K), 0.1163121 secs] [Times: user=4.09 sys=0.00, real=0.11 secs] 
4598.748: [GC (Allocation Failure) [PSYoungGen: 21725199K->598741K(22609920K)] 22470813K->1344723K(25755648K), 0.1133899 secs] [Times: user=3.99 sys=0.00, real=0.11 secs] 
4603.404: [GC (Allocation Failure) [PSYoungGen: 21701333K->655689K(22609920K)] 22447315K->1402039K(25755648K), 0.1213728 secs] [Times: user=4.28 sys=0.00, real=0.12 secs] 
4608.037: [GC (Allocation Failure) [PSYoungGen: 21758281K->635229K(22609920K)] 22504631K->1381947K(25755648K), 0.1179289 secs] [Times: user=4.16 sys=0.00, real=0.12 secs] 
4612.622: [GC (Allocation Failure) [PSYoungGen: 21737821K->628277K(22609920K)] 22484539K->1375340K(25755648K), 0.1176176 secs] [Times: user=4.14 sys=0.00, real=0.12 secs] 
4617.309: [GC (Allocation Failure) [PSYoungGen: 21730869K->640030K(22609920K)] 22477932K->1387469K(25755648K), 0.1189115 secs] [Times: user=4.19 sys=0.00, real=0.12 secs] 
4621.815: [GC (Allocation Failure) [PSYoungGen: 21742622K->626613K(22609920K)] 22490061K->1374419K(25755648K), 0.1175606 secs] [Times: user=4.14 sys=0.01, real=0.12 secs] 
4626.414: [GC (Allocation Failure) [PSYoungGen: 21729205K->641481K(22609920K)] 22477011K->1389648K(25755648K), 0.1199019 secs] [Times: user=4.24 sys=0.00, real=0.12 secs] 
4630.964: [GC (Allocation Failure) [PSYoungGen: 21744073K->655822K(22609920K)] 22492240K->1404364K(25755648K), 0.1215728 secs] [Times: user=4.29 sys=0.00, real=0.12 secs] 
4635.600: [GC (Allocation Failure) [PSYoungGen: 21758414K->637722K(22609920K)] 22506956K->1386632K(25755648K), 0.1180791 secs] [Times: user=4.17 sys=0.00, real=0.12 secs] 
4640.295: [GC (Allocation Failure) [PSYoungGen: 21740314K->634553K(22609920K)] 22489224K->1383823K(25755648K), 0.1176764 secs] [Times: user=4.15 sys=0.00, real=0.12 secs] 
4644.935: [GC (Allocation Failure) [PSYoungGen: 21737145K->638102K(22609920K)] 22486415K->1387741K(25755648K), 0.1191121 secs] [Times: user=4.19 sys=0.00, real=0.12 secs] 
4649.609: [GC (Allocation Failure) [PSYoungGen: 21740694K->601001K(22609920K)] 22490333K->1351007K(25755648K), 0.1133207 secs] [Times: user=3.97 sys=0.01, real=0.11 secs] 
4654.212: [GC (Allocation Failure) [PSYoungGen: 21703593K->644851K(22609920K)] 22453599K->1395226K(25755648K), 0.1202701 secs] [Times: user=4.23 sys=0.01, real=0.12 secs] 
4658.796: [GC (Allocation Failure) [PSYoungGen: 21747443K->638017K(22609920K)] 22497818K->1388744K(25755648K), 0.1186859 secs] [Times: user=4.19 sys=0.00, real=0.11 secs] 
4663.429: [GC (Allocation Failure) [PSYoungGen: 21740609K->644665K(22609920K)] 22491336K->1395760K(25755648K), 0.1193826 secs] [Times: user=4.21 sys=0.00, real=0.12 secs] 
4668.029: [GC (Allocation Failure) [PSYoungGen: 21747257K->623658K(22609920K)] 22498352K->1375128K(25755648K), 0.1158879 secs] [Times: user=4.09 sys=0.00, real=0.11 secs] 
4672.561: [GC (Allocation Failure) [PSYoungGen: 21726250K->648586K(22609920K)] 22477720K->1400408K(25755648K), 0.1203577 secs] [Times: user=4.22 sys=0.01, real=0.12 secs] 
4677.173: [GC (Allocation Failure) [PSYoungGen: 21751178K->632977K(22609920K)] 22503000K->1385191K(25755648K), 0.1203113 secs] [Times: user=4.11 sys=0.00, real=0.12 secs] 
4681.786: [GC (Allocation Failure) [PSYoungGen: 21735569K->626218K(22609920K)] 22487783K->1378816K(25755648K), 0.1197912 secs] [Times: user=4.10 sys=0.00, real=0.12 secs] 
4686.237: [GC (Allocation Failure) [PSYoungGen: 21728810K->626723K(22609920K)] 22481408K->1379658K(25755648K), 0.1171789 secs] [Times: user=4.08 sys=0.00, real=0.12 secs] 
4690.806: [GC (Allocation Failure) [PSYoungGen: 21729315K->625061K(22609920K)] 22482250K->1378363K(25755648K), 0.1179328 secs] [Times: user=4.11 sys=0.00, real=0.12 secs] 
4695.373: [GC (Allocation Failure) [PSYoungGen: 21727653K->682851K(22609920K)] 22480955K->1436521K(25755648K), 0.1275525 secs] [Times: user=4.49 sys=0.01, real=0.12 secs] 
4699.919: [GC (Allocation Failure) [PSYoungGen: 21785443K->618693K(22609920K)] 22539113K->1372739K(25755648K), 0.1169533 secs] [Times: user=4.08 sys=0.00, real=0.12 secs] 
4704.537: [GC (Allocation Failure) [PSYoungGen: 21721285K->634314K(22609920K)] 22475331K->1388712K(25755648K), 0.1211948 secs] [Times: user=4.23 sys=0.01, real=0.12 secs] 
4709.145: [GC (Allocation Failure) [PSYoungGen: 21736906K->634451K(22609920K)] 22491304K->1389209K(25755648K), 0.1203984 secs] [Times: user=4.17 sys=0.01, real=0.12 secs] 
4713.641: [GC (Allocation Failure) [PSYoungGen: 21737043K->613790K(22609920K)] 22491801K->1368917K(25755648K), 0.1164772 secs] [Times: user=4.06 sys=0.00, real=0.12 secs] 
4718.054: [GC (Allocation Failure) [PSYoungGen: 21716382K->647300K(22609920K)] 22471509K->1402802K(25755648K), 0.1196192 secs] [Times: user=4.22 sys=0.00, real=0.12 secs] 
4722.629: [GC (Allocation Failure) [PSYoungGen: 21749892K->631474K(22609920K)] 22505394K->1387337K(25755648K), 0.1180575 secs] [Times: user=4.12 sys=0.00, real=0.12 secs] 
4727.257: [GC (Allocation Failure) [PSYoungGen: 21734066K->643725K(22609920K)] 22489929K->1399971K(25755648K), 0.1195395 secs] [Times: user=4.22 sys=0.01, real=0.12 secs] 
4731.822: [GC (Allocation Failure) [PSYoungGen: 21746317K->631048K(22609920K)] 22502563K->1387654K(25755648K), 0.1167632 secs] [Times: user=4.12 sys=0.01, real=0.12 secs] 
4736.310: [GC (Allocation Failure) [PSYoungGen: 21733640K->654836K(22609920K)] 22490246K->1411826K(25755648K), 0.1221898 secs] [Times: user=4.31 sys=0.00, real=0.12 secs] 
4740.886: [GC (Allocation Failure) [PSYoungGen: 21757428K->606970K(22609920K)] 22514418K->1364296K(25755648K), 0.1140874 secs] [Times: user=3.96 sys=0.01, real=0.12 secs] 
4745.316: [GC (Allocation Failure) [PSYoungGen: 21709562K->652366K(22609920K)] 22466888K->1410069K(25755648K), 0.1211535 secs] [Times: user=4.27 sys=0.00, real=0.12 secs] 
4749.684: [GC (Allocation Failure) [PSYoungGen: 21754958K->616900K(22609920K)] 22512661K->1374987K(25755648K), 0.1171863 secs] [Times: user=4.13 sys=0.00, real=0.12 secs] 
4754.210: [GC (Allocation Failure) [PSYoungGen: 21719492K->634313K(22609920K)] 22477579K->1392759K(25755648K), 0.1203059 secs] [Times: user=4.25 sys=0.00, real=0.12 secs] 
4758.648: [GC (Allocation Failure) [PSYoungGen: 21736905K->608101K(22609920K)] 22495351K->1366915K(25755648K), 0.1143211 secs] [Times: user=3.99 sys=0.00, real=0.12 secs] 
4763.080: [GC (Allocation Failure) [PSYoungGen: 21710693K->625962K(22609920K)] 22469507K->1385128K(25755648K), 0.1199005 secs] [Times: user=4.08 sys=0.01, real=0.12 secs] 
4767.633: [GC (Allocation Failure) [PSYoungGen: 21728554K->597477K(22609920K)] 22487720K->1357019K(25755648K), 0.1125040 secs] [Times: user=3.97 sys=0.01, real=0.11 secs] 
4772.106: [GC (Allocation Failure) [PSYoungGen: 21700069K->641180K(22609920K)] 22459611K->1401074K(25755648K), 0.1197881 secs] [Times: user=4.22 sys=0.00, real=0.12 secs] 
4776.398: [GC (Allocation Failure) [PSYoungGen: 21743772K->651881K(22609920K)] 22503666K->1412152K(25755648K), 0.1214152 secs] [Times: user=4.29 sys=0.00, real=0.12 secs] 
4780.874: [GC (Allocation Failure) [PSYoungGen: 21754473K->607894K(22609920K)] 22514744K->1368541K(25755648K), 0.1141415 secs] [Times: user=4.01 sys=0.01, real=0.11 secs] 
4785.434: [GC (Allocation Failure) [PSYoungGen: 21710486K->638858K(22609920K)] 22471133K->1399864K(25755648K), 0.1215807 secs] [Times: user=4.28 sys=0.00, real=0.13 secs] 
4789.925: [GC (Allocation Failure) [PSYoungGen: 21741450K->641468K(22609920K)] 22502456K->1402850K(25755648K), 0.1200825 secs] [Times: user=4.23 sys=0.01, real=0.13 secs] 
4794.386: [GC (Allocation Failure) [PSYoungGen: 21744060K->628789K(22609920K)] 22505442K->1390523K(25755648K), 0.1172865 secs] [Times: user=4.14 sys=0.00, real=0.12 secs] 
4798.865: [GC (Allocation Failure) [PSYoungGen: 21731381K->621198K(22609920K)] 22493115K->1383301K(25755648K), 0.1171366 secs] [Times: user=4.06 sys=0.00, real=0.12 secs] 
4803.323: [GC (Allocation Failure) [PSYoungGen: 21723790K->645754K(22609920K)] 22485893K->1408208K(25755648K), 0.1198274 secs] [Times: user=4.24 sys=0.00, real=0.12 secs] 
4807.838: [GC (Allocation Failure) [PSYoungGen: 21748346K->638612K(22609920K)] 22510800K->1401434K(25755648K), 0.1211288 secs] [Times: user=4.23 sys=0.00, real=0.13 secs] 
4812.292: [GC (Allocation Failure) [PSYoungGen: 21741204K->640079K(22609920K)] 22504026K->1403262K(25755648K), 0.1179045 secs] [Times: user=4.16 sys=0.00, real=0.12 secs] 
4816.615: [GC (Allocation Failure) [PSYoungGen: 21742671K->631300K(22609920K)] 22505854K->1394859K(25755648K), 0.1176250 secs] [Times: user=4.11 sys=0.00, real=0.12 secs] 
4821.096: [GC (Allocation Failure) [PSYoungGen: 21733892K->628478K(22609920K)] 22497451K->1392388K(25755648K), 0.1206813 secs] [Times: user=4.20 sys=0.00, real=0.12 secs] 
4825.331: [GC (Allocation Failure) [PSYoungGen: 21731070K->659556K(22609920K)] 22494980K->1423843K(25755648K), 0.1244000 secs] [Times: user=4.32 sys=0.00, real=0.13 secs] 
4829.755: [GC (Allocation Failure) [PSYoungGen: 21762148K->618201K(22609920K)] 22526435K->1382840K(25755648K), 0.1167483 secs] [Times: user=4.10 sys=0.00, real=0.12 secs] 
4834.145: [GC (Allocation Failure) [PSYoungGen: 21720793K->621253K(22609920K)] 22485432K->1386267K(25755648K), 0.1164272 secs] [Times: user=4.08 sys=0.00, real=0.11 secs] 
4838.676: [GC (Allocation Failure) [PSYoungGen: 21723845K->596741K(22609920K)] 22488859K->1362107K(25755648K), 0.1119544 secs] [Times: user=3.95 sys=0.00, real=0.11 secs] 
4843.052: [GC (Allocation Failure) [PSYoungGen: 21699333K->620321K(22609920K)] 22464699K->1386048K(25755648K), 0.1162591 secs] [Times: user=4.09 sys=0.01, real=0.12 secs] 
4847.403: [GC (Allocation Failure) [PSYoungGen: 21722913K->659385K(22609920K)] 22488640K->1425488K(25755648K), 0.1228951 secs] [Times: user=4.34 sys=0.01, real=0.13 secs] 
4851.709: [GC (Allocation Failure) [PSYoungGen: 21761977K->616117K(22609920K)] 22528080K->1382579K(25755648K), 0.1165326 secs] [Times: user=4.10 sys=0.01, real=0.11 secs] 
4856.024: [GC (Allocation Failure) [PSYoungGen: 21718709K->639800K(22609920K)] 22485171K->1406638K(25755648K), 0.1186608 secs] [Times: user=4.19 sys=0.00, real=0.12 secs] 
4860.506: [GC (Allocation Failure) [PSYoungGen: 21742392K->652762K(22609920K)] 22509230K->1419977K(25755648K), 0.1211270 secs] [Times: user=4.27 sys=0.00, real=0.13 secs] 
4864.871: [GC (Allocation Failure) [PSYoungGen: 21755354K->646302K(22609920K)] 22522569K->1413892K(25755648K), 0.1217537 secs] [Times: user=4.20 sys=0.00, real=0.12 secs] 
4869.356: [GC (Allocation Failure) [PSYoungGen: 21748894K->653572K(22609920K)] 22516484K->1421522K(25755648K), 0.1213008 secs] [Times: user=4.28 sys=0.00, real=0.13 secs] 
4873.742: [GC (Allocation Failure) [PSYoungGen: 21756164K->657400K(22609920K)] 22524114K->1425734K(25755648K), 0.1243279 secs] [Times: user=4.34 sys=0.00, real=0.12 secs] 
4878.201: [GC (Allocation Failure) [PSYoungGen: 21759992K->636458K(22609920K)] 22528326K->1405153K(25755648K), 0.1183626 secs] [Times: user=4.17 sys=0.00, real=0.11 secs] 
4882.466: [GC (Allocation Failure) [PSYoungGen: 21739050K->680502K(22609920K)] 22507745K->1449580K(25755648K), 0.1255311 secs] [Times: user=4.41 sys=0.01, real=0.13 secs] 
4886.784: [GC (Allocation Failure) [PSYoungGen: 21783094K->628617K(22609920K)] 22552172K->1398047K(25755648K), 0.1179501 secs] [Times: user=4.15 sys=0.00, real=0.12 secs] 
4891.188: [GC (Allocation Failure) [PSYoungGen: 21731209K->639364K(22609920K)] 22500639K->1409154K(25755648K), 0.1194887 secs] [Times: user=4.18 sys=0.01, real=0.12 secs] 
4895.465: [GC (Allocation Failure) [PSYoungGen: 21741956K->655813K(22609920K)] 22511746K->1425979K(25755648K), 0.1219371 secs] [Times: user=4.30 sys=0.00, real=0.12 secs] 
4899.755: [GC (Allocation Failure) [PSYoungGen: 21758405K->599877K(22609920K)] 22528571K->1370403K(25755648K), 0.1140687 secs] [Times: user=3.98 sys=0.00, real=0.11 secs] 
4904.103: [GC (Allocation Failure) [PSYoungGen: 21702469K->651333K(22609920K)] 22472995K->1422235K(25755648K), 0.1206885 secs] [Times: user=4.24 sys=0.00, real=0.13 secs] 
4908.359: [GC (Allocation Failure) [PSYoungGen: 21753925K->655120K(22609920K)] 22524827K->1426382K(25755648K), 0.1206339 secs] [Times: user=4.26 sys=0.00, real=0.12 secs] 
4912.669: [GC (Allocation Failure) [PSYoungGen: 21757712K->625381K(22609920K)] 22528974K->1397011K(25755648K), 0.1164784 secs] [Times: user=4.11 sys=0.00, real=0.12 secs] 
4917.022: [GC (Allocation Failure) [PSYoungGen: 21727973K->641978K(22609920K)] 22499603K->1413992K(25755648K), 0.1189073 secs] [Times: user=4.19 sys=0.00, real=0.12 secs] 
4921.392: [GC (Allocation Failure) [PSYoungGen: 21744570K->644805K(22609920K)] 22516584K->1417179K(25755648K), 0.1188863 secs] [Times: user=4.19 sys=0.00, real=0.12 secs] 
4925.715: [GC (Allocation Failure) [PSYoungGen: 21747397K->627033K(22609920K)] 22519771K->1399759K(25755648K), 0.1181625 secs] [Times: user=4.10 sys=0.01, real=0.12 secs] 
4930.038: [GC (Allocation Failure) [PSYoungGen: 21729625K->643218K(22609920K)] 22502351K->1416329K(25755648K), 0.1208481 secs] [Times: user=4.25 sys=0.00, real=0.12 secs] 
4934.318: [GC (Allocation Failure) [PSYoungGen: 21745810K->643589K(22609920K)] 22518921K->1417051K(25755648K), 0.1202408 secs] [Times: user=4.24 sys=0.00, real=0.12 secs] 
4938.672: [GC (Allocation Failure) [PSYoungGen: 21746181K->665089K(22609920K)] 22519643K->1438935K(25755648K), 0.1238109 secs] [Times: user=4.31 sys=0.01, real=0.12 secs] 
4942.968: [GC (Allocation Failure) [PSYoungGen: 21767681K->625235K(22609920K)] 22541527K->1399433K(25755648K), 0.1181835 secs] [Times: user=4.09 sys=0.01, real=0.12 secs] 
4947.350: [GC (Allocation Failure) [PSYoungGen: 21727827K->649998K(22609920K)] 22502025K->1424557K(25755648K), 0.1215306 secs] [Times: user=4.24 sys=0.00, real=0.12 secs] 
4951.771: [GC (Allocation Failure) [PSYoungGen: 21752590K->594261K(22609920K)] 22527149K->1369195K(25755648K), 0.1168608 secs] [Times: user=4.00 sys=0.00, real=0.11 secs] 
4956.289: [GC (Allocation Failure) [PSYoungGen: 21696853K->641566K(22609920K)] 22471787K->1416860K(25755648K), 0.1197194 secs] [Times: user=4.22 sys=0.00, real=0.12 secs] 
4960.489: [GC (Allocation Failure) [PSYoungGen: 21744158K->666280K(22609920K)] 22519452K->1441943K(25755648K), 0.1241828 secs] [Times: user=4.38 sys=0.00, real=0.13 secs] 
4964.749: [GC (Allocation Failure) [PSYoungGen: 21768872K->647429K(22609920K)] 22544535K->1423475K(25755648K), 0.1220402 secs] [Times: user=4.24 sys=0.00, real=0.12 secs] 
4968.976: [GC (Allocation Failure) [PSYoungGen: 21750021K->634271K(22609920K)] 22526067K->1410686K(25755648K), 0.1199743 secs] [Times: user=4.15 sys=0.00, real=0.12 secs] 
4973.126: [GC (Allocation Failure) [PSYoungGen: 21736863K->627081K(22609920K)] 22513278K->1403863K(25755648K), 0.1183971 secs] [Times: user=4.14 sys=0.01, real=0.12 secs] 
4977.350: [GC (Allocation Failure) [PSYoungGen: 21729673K->685449K(22609920K)] 22506455K->1462600K(25755648K), 0.1273557 secs] [Times: user=4.50 sys=0.00, real=0.13 secs] 
4981.417: [GC (Allocation Failure) [PSYoungGen: 21788041K->648666K(22609920K)] 22565192K->1426185K(25755648K), 0.1234953 secs] [Times: user=4.31 sys=0.01, real=0.12 secs] 
4985.648: [GC (Allocation Failure) [PSYoungGen: 21751258K->607646K(22609920K)] 22528777K->1385516K(25755648K), 0.1168223 secs] [Times: user=4.12 sys=0.00, real=0.11 secs] 
4989.920: [GC (Allocation Failure) [PSYoungGen: 21710238K->628739K(22609920K)] 22488108K->1407001K(25755648K), 0.1177910 secs] [Times: user=4.16 sys=0.00, real=0.12 secs] 
4994.233: [GC (Allocation Failure) [PSYoungGen: 21731331K->638841K(22609920K)] 22509593K->1417456K(25755648K), 0.1230637 secs] [Times: user=4.25 sys=0.00, real=0.12 secs] 
4998.517: [GC (Allocation Failure) [PSYoungGen: 21741433K->671130K(22609920K)] 22520048K->1450104K(25755648K), 0.1251596 secs] [Times: user=4.42 sys=0.00, real=0.13 secs] 
5002.726: [GC (Allocation Failure) [PSYoungGen: 21773722K->648093K(22609920K)] 22552696K->1427451K(25755648K), 0.1206534 secs] [Times: user=4.25 sys=0.00, real=0.12 secs] 
5006.955: [GC (Allocation Failure) [PSYoungGen: 21750685K->639534K(22609920K)] 22530043K->1419252K(25755648K), 0.1206554 secs] [Times: user=4.25 sys=0.00, real=0.12 secs] 
5011.268: [GC (Allocation Failure) [PSYoungGen: 21742126K->656233K(22609920K)] 22521844K->1436304K(25755648K), 0.1211166 secs] [Times: user=4.26 sys=0.00, real=0.12 secs] 
5015.521: [GC (Allocation Failure) [PSYoungGen: 21758825K->684104K(22609920K)] 22538896K->1464558K(25755648K), 0.1286955 secs] [Times: user=4.54 sys=0.00, real=0.13 secs] 
5019.734: [GC (Allocation Failure) [PSYoungGen: 21786696K->631493K(22609920K)] 22567150K->1412307K(25755648K), 0.1182691 secs] [Times: user=4.15 sys=0.01, real=0.12 secs] 
5023.951: [GC (Allocation Failure) [PSYoungGen: 21734085K->617401K(22609920K)] 22514899K->1398576K(25755648K), 0.1148245 secs] [Times: user=4.05 sys=0.00, real=0.12 secs] 
5028.194: [GC (Allocation Failure) [PSYoungGen: 21719993K->635067K(22609920K)] 22501168K->1416625K(25755648K), 0.1189139 secs] [Times: user=4.17 sys=0.00, real=0.12 secs] 
5032.359: [GC (Allocation Failure) [PSYoungGen: 21737659K->654703K(22609920K)] 22519217K->1436629K(25755648K), 0.1226793 secs] [Times: user=4.32 sys=0.00, real=0.12 secs] 
5036.610: [GC (Allocation Failure) [PSYoungGen: 21757295K->659455K(22609920K)] 22539221K->1441741K(25755648K), 0.1226624 secs] [Times: user=4.28 sys=0.00, real=0.12 secs] 
5040.805: [GC (Allocation Failure) [PSYoungGen: 21762047K->634674K(22609920K)] 22544333K->1417329K(25755648K), 0.1199238 secs] [Times: user=4.17 sys=0.00, real=0.12 secs] 
5044.972: [GC (Allocation Failure) [PSYoungGen: 21737266K->633552K(22609920K)] 22519921K->1416574K(25755648K), 0.1187296 secs] [Times: user=4.16 sys=0.00, real=0.12 secs] 
5049.213: [GC (Allocation Failure) [PSYoungGen: 21736144K->660618K(22609920K)] 22519166K->1444024K(25755648K), 0.1230149 secs] [Times: user=4.32 sys=0.00, real=0.13 secs] 
5053.348: [GC (Allocation Failure) [PSYoungGen: 21763210K->656208K(22609920K)] 22546616K->1439983K(25755648K), 0.1227510 secs] [Times: user=4.31 sys=0.01, real=0.12 secs] 
5057.504: [GC (Allocation Failure) [PSYoungGen: 21758800K->681666K(22609920K)] 22542575K->1465800K(25755648K), 0.1273151 secs] [Times: user=4.47 sys=0.00, real=0.13 secs] 
5061.662: [GC (Allocation Failure) [PSYoungGen: 21784258K->625295K(22609920K)] 22568392K->1409789K(25755648K), 0.1166006 secs] [Times: user=4.12 sys=0.00, real=0.12 secs] 
5065.703: [GC (Allocation Failure) [PSYoungGen: 21727887K->631787K(22609920K)] 22512381K->1416657K(25755648K), 0.1196102 secs] [Times: user=4.10 sys=0.00, real=0.12 secs] 
5069.883: [GC (Allocation Failure) [PSYoungGen: 21734379K->638750K(22609920K)] 22519249K->1423989K(25755648K), 0.1189806 secs] [Times: user=4.20 sys=0.00, real=0.12 secs] 
5073.962: [GC (Allocation Failure) [PSYoungGen: 21741342K->648072K(22609920K)] 22526581K->1433679K(25755648K), 0.1204497 secs] [Times: user=4.25 sys=0.01, real=0.12 secs] 
5078.206: [GC (Allocation Failure) [PSYoungGen: 21750664K->658069K(22609920K)] 22536271K->1444035K(25755648K), 0.1217121 secs] [Times: user=4.29 sys=0.00, real=0.12 secs] 
5082.462: [GC (Allocation Failure) [PSYoungGen: 21760661K->681778K(22609920K)] 22546627K->1468129K(25755648K), 0.1285248 secs] [Times: user=4.49 sys=0.00, real=0.13 secs] 
5086.600: [GC (Allocation Failure) [PSYoungGen: 21784370K->669236K(22609920K)] 22570721K->1455946K(25755648K), 0.1237000 secs] [Times: user=4.36 sys=0.00, real=0.13 secs] 
5090.691: [GC (Allocation Failure) [PSYoungGen: 21771828K->636046K(22609920K)] 22558538K->1423117K(25755648K), 0.1182725 secs] [Times: user=4.17 sys=0.00, real=0.12 secs] 
5094.841: [GC (Allocation Failure) [PSYoungGen: 21738638K->637226K(22609920K)] 22525709K->1424664K(25755648K), 0.1212758 secs] [Times: user=4.28 sys=0.01, real=0.12 secs] 
5099.042: [GC (Allocation Failure) [PSYoungGen: 21739818K->652012K(22609920K)] 22527256K->1439819K(25755648K), 0.1218301 secs] [Times: user=4.30 sys=0.00, real=0.13 secs] 
5103.136: [GC (Allocation Failure) [PSYoungGen: 21754604K->666680K(22609920K)] 22542411K->1454879K(25755648K), 0.1231662 secs] [Times: user=4.35 sys=0.00, real=0.12 secs] 
5107.220: [GC (Allocation Failure) [PSYoungGen: 21769272K->642565K(22609920K)] 22557471K->1431123K(25755648K), 0.1205417 secs] [Times: user=4.24 sys=0.00, real=0.12 secs] 
5111.471: [GC (Allocation Failure) [PSYoungGen: 21745157K->665535K(22609920K)] 22533715K->1454453K(25755648K), 0.1240442 secs] [Times: user=4.38 sys=0.00, real=0.13 secs] 
5115.569: [GC (Allocation Failure) [PSYoungGen: 21768127K->677962K(22609920K)] 22557045K->1467256K(25755648K), 0.1272858 secs] [Times: user=4.49 sys=0.00, real=0.13 secs] 
5119.728: [GC (Allocation Failure) [PSYoungGen: 21780554K->635887K(22609920K)] 22569848K->1425541K(25755648K), 0.1195078 secs] [Times: user=4.19 sys=0.00, real=0.12 secs] 
5123.808: [GC (Allocation Failure) [PSYoungGen: 21738479K->611881K(22609920K)] 22528133K->1401911K(25755648K), 0.1175836 secs] [Times: user=4.09 sys=0.00, real=0.11 secs] 
5127.840: [GC (Allocation Failure) [PSYoungGen: 21714473K->660089K(22609920K)] 22504503K->1450495K(25755648K), 0.1233715 secs] [Times: user=4.36 sys=0.01, real=0.12 secs] 
5131.945: [GC (Allocation Failure) [PSYoungGen: 21762681K->642120K(22609920K)] 22553087K->1432895K(25755648K), 0.1235797 secs] [Times: user=4.24 sys=0.00, real=0.13 secs] 
5136.027: [GC (Allocation Failure) [PSYoungGen: 21744712K->642896K(22609920K)] 22535487K->1434038K(25755648K), 0.1210349 secs] [Times: user=4.26 sys=0.00, real=0.12 secs] 
5140.103: [GC (Allocation Failure) [PSYoungGen: 21745488K->669116K(22609920K)] 22536630K->1460626K(25755648K), 0.1247915 secs] [Times: user=4.38 sys=0.00, real=0.12 secs] 
5144.272: [GC (Allocation Failure) [PSYoungGen: 21771708K->650608K(22609920K)] 22563218K->1442478K(25755648K), 0.1219427 secs] [Times: user=4.28 sys=0.01, real=0.12 secs] 
5148.368: [GC (Allocation Failure) [PSYoungGen: 21753200K->653282K(22609920K)] 22545070K->1445521K(25755648K), 0.1215219 secs] [Times: user=4.29 sys=0.00, real=0.12 secs] 
5152.447: [GC (Allocation Failure) [PSYoungGen: 21755874K->638186K(22609920K)] 22548113K->1430808K(25755648K), 0.1187799 secs] [Times: user=4.18 sys=0.01, real=0.12 secs] 
5156.633: [GC (Allocation Failure) [PSYoungGen: 21740778K->649107K(22609920K)] 22533400K->1442097K(25755648K), 0.1219365 secs] [Times: user=4.20 sys=0.00, real=0.12 secs] 
5160.830: [GC (Allocation Failure) [PSYoungGen: 21751699K->621385K(22609920K)] 22544689K->1414736K(25755648K), 0.1160489 secs] [Times: user=4.10 sys=0.00, real=0.12 secs] 
5164.853: [GC (Allocation Failure) [PSYoungGen: 21723977K->660622K(22609920K)] 22517328K->1454340K(25755648K), 0.1237838 secs] [Times: user=4.38 sys=0.01, real=0.12 secs] 
5168.828: [GC (Allocation Failure) [PSYoungGen: 21763214K->675823K(22609920K)] 22556932K->1469902K(25755648K), 0.1241350 secs] [Times: user=4.39 sys=0.00, real=0.12 secs] 
5172.921: [GC (Allocation Failure) [PSYoungGen: 21778415K->676351K(22609920K)] 22572494K->1470805K(25755648K), 0.1299907 secs] [Times: user=4.36 sys=0.00, real=0.13 secs] 
5176.964: [GC (Allocation Failure) [PSYoungGen: 21778943K->643946K(22609920K)] 22573397K->1438768K(25755648K), 0.1223796 secs] [Times: user=4.30 sys=0.01, real=0.12 secs] 
5180.952: [GC (Allocation Failure) [PSYoungGen: 21746538K->660018K(22609920K)] 22541360K->1455240K(25755648K), 0.1235851 secs] [Times: user=4.31 sys=0.01, real=0.13 secs] 
5185.066: [GC (Allocation Failure) [PSYoungGen: 21762610K->674621K(22609920K)] 22557832K->1470211K(25755648K), 0.1253714 secs] [Times: user=4.42 sys=0.00, real=0.12 secs] 
5189.093: [GC (Allocation Failure) [PSYoungGen: 21777213K->643993K(22609920K)] 22572803K->1439951K(25755648K), 0.1191840 secs] [Times: user=4.21 sys=0.00, real=0.12 secs] 
5193.225: [GC (Allocation Failure) [PSYoungGen: 21746585K->664084K(22609920K)] 22542543K->1460410K(25755648K), 0.1231876 secs] [Times: user=4.34 sys=0.01, real=0.13 secs] 
5197.266: [GC (Allocation Failure) [PSYoungGen: 21766676K->658737K(22609920K)] 22563002K->1455440K(25755648K), 0.1231777 secs] [Times: user=4.32 sys=0.00, real=0.13 secs] 
5201.338: [GC (Allocation Failure) [PSYoungGen: 21761329K->662149K(22609920K)] 22558032K->1459212K(25755648K), 0.1236888 secs] [Times: user=4.35 sys=0.00, real=0.13 secs] 
5205.412: [GC (Allocation Failure) [PSYoungGen: 21764741K->647665K(22609920K)] 22561804K->1445088K(25755648K), 0.1206696 secs] [Times: user=4.23 sys=0.00, real=0.12 secs] 
5209.401: [GC (Allocation Failure) [PSYoungGen: 21750257K->642479K(22609920K)] 22547680K->1440261K(25755648K), 0.1194102 secs] [Times: user=4.21 sys=0.00, real=0.12 secs] 
5213.498: [GC (Allocation Failure) [PSYoungGen: 21745071K->679036K(22609920K)] 22542853K->1477187K(25755648K), 0.1264201 secs] [Times: user=4.46 sys=0.00, real=0.13 secs] 
5217.557: [GC (Allocation Failure) [PSYoungGen: 21781628K->666355K(22609920K)] 22579779K->1464873K(25755648K), 0.1255450 secs] [Times: user=4.36 sys=0.00, real=0.13 secs] 
5221.564: [GC (Allocation Failure) [PSYoungGen: 21768947K->668942K(22609920K)] 22567465K->1467829K(25755648K), 0.1235008 secs] [Times: user=4.36 sys=0.00, real=0.12 secs] 
5225.601: [GC (Allocation Failure) [PSYoungGen: 21771534K->691641K(22609920K)] 22570421K->1490895K(25755648K), 0.1283647 secs] [Times: user=4.53 sys=0.00, real=0.13 secs] 
5229.542: [GC (Allocation Failure) [PSYoungGen: 21794233K->695886K(22609920K)] 22593487K->1495516K(25755648K), 0.1294606 secs] [Times: user=4.56 sys=0.00, real=0.13 secs] 
5233.677: [GC (Allocation Failure) [PSYoungGen: 21798478K->619013K(22609920K)] 22598108K->1419003K(25755648K), 0.1162916 secs] [Times: user=4.07 sys=0.00, real=0.12 secs] 
5237.632: [GC (Allocation Failure) [PSYoungGen: 21721605K->621807K(22609920K)] 22521595K->1422157K(25755648K), 0.1163371 secs] [Times: user=4.10 sys=0.00, real=0.12 secs] 
5241.631: [GC (Allocation Failure) [PSYoungGen: 21724399K->627690K(22609920K)] 22524749K->1428408K(25755648K), 0.1186543 secs] [Times: user=4.18 sys=0.01, real=0.12 secs] 
5245.595: [GC (Allocation Failure) [PSYoungGen: 21730282K->677018K(22609920K)] 22531000K->1478104K(25755648K), 0.1250826 secs] [Times: user=4.41 sys=0.00, real=0.12 secs] 
5249.627: [GC (Allocation Failure) [PSYoungGen: 21779610K->606853K(22609920K)] 22580696K->1408299K(25755648K), 0.1151609 secs] [Times: user=3.99 sys=0.00, real=0.11 secs] 
5253.606: [GC (Allocation Failure) [PSYoungGen: 21709445K->620799K(22609920K)] 22510891K->1422605K(25755648K), 0.1160002 secs] [Times: user=4.10 sys=0.00, real=0.12 secs] 
5257.612: [GC (Allocation Failure) [PSYoungGen: 21723391K->636548K(22609920K)] 22525197K->1438714K(25755648K), 0.1189033 secs] [Times: user=4.20 sys=0.00, real=0.12 secs] 
5261.638: [GC (Allocation Failure) [PSYoungGen: 21739140K->643793K(22609920K)] 22541306K->1446328K(25755648K), 0.1199732 secs] [Times: user=4.20 sys=0.00, real=0.12 secs] 
5265.517: [GC (Allocation Failure) [PSYoungGen: 21746385K->694524K(22609920K)] 22548920K->1497427K(25755648K), 0.1284279 secs] [Times: user=4.54 sys=0.00, real=0.13 secs] 
5269.453: [GC (Allocation Failure) [PSYoungGen: 21797116K->660970K(22609920K)] 22600019K->1464240K(25755648K), 0.1227645 secs] [Times: user=4.32 sys=0.01, real=0.12 secs] 
5273.435: [GC (Allocation Failure) [PSYoungGen: 21763562K->680881K(22609920K)] 22566832K->1484519K(25755648K), 0.1284548 secs] [Times: user=4.47 sys=0.00, real=0.13 secs] 
5277.487: [GC (Allocation Failure) [PSYoungGen: 21783473K->660591K(22609920K)] 22587111K->1464589K(25755648K), 0.1233460 secs] [Times: user=4.27 sys=0.01, real=0.13 secs] 
5281.406: [GC (Allocation Failure) [PSYoungGen: 21763183K->662950K(22609920K)] 22567181K->1467332K(25755648K), 0.1239307 secs] [Times: user=4.38 sys=0.00, real=0.12 secs] 
5285.236: [GC (Allocation Failure) [PSYoungGen: 21765542K->653434K(22609920K)] 22569924K->1458176K(25755648K), 0.1219411 secs] [Times: user=4.26 sys=0.00, real=0.12 secs] 
5289.163: [GC (Allocation Failure) [PSYoungGen: 21756026K->649156K(22609920K)] 22560768K->1454274K(25755648K), 0.1222949 secs] [Times: user=4.32 sys=0.00, real=0.12 secs] 
5293.078: [GC (Allocation Failure) [PSYoungGen: 21751748K->658229K(22609920K)] 22556866K->1463748K(25755648K), 0.1220541 secs] [Times: user=4.31 sys=0.00, real=0.12 secs] 
5297.052: [GC (Allocation Failure) [PSYoungGen: 21760821K->619717K(22609920K)] 22566340K->1425603K(25755648K), 0.1156125 secs] [Times: user=4.06 sys=0.00, real=0.12 secs] 
5301.004: [GC (Allocation Failure) [PSYoungGen: 21722309K->654326K(22609920K)] 22528195K->1460581K(25755648K), 0.1226219 secs] [Times: user=4.33 sys=0.00, real=0.12 secs] 
5305.079: [GC (Allocation Failure) [PSYoungGen: 21756918K->645993K(22609920K)] 22563173K->1452591K(25755648K), 0.1217106 secs] [Times: user=4.29 sys=0.00, real=0.12 secs] 
5308.944: [GC (Allocation Failure) [PSYoungGen: 21748585K->647294K(22609920K)] 22555183K->1454284K(25755648K), 0.1213778 secs] [Times: user=4.28 sys=0.00, real=0.12 secs] 
5312.833: [GC (Allocation Failure) [PSYoungGen: 21749886K->645744K(22609920K)] 22556876K->1453094K(25755648K), 0.1201933 secs] [Times: user=4.24 sys=0.00, real=0.12 secs] 
5316.671: [GC (Allocation Failure) [PSYoungGen: 21748336K->621775K(22609920K)] 22555686K->1429494K(25755648K), 0.1177891 secs] [Times: user=4.16 sys=0.00, real=0.12 secs] 
5320.551: [GC (Allocation Failure) [PSYoungGen: 21724367K->676564K(22609920K)] 22532086K->1484650K(25755648K), 0.1273381 secs] [Times: user=4.39 sys=0.00, real=0.13 secs] 
5324.513: [GC (Allocation Failure) [PSYoungGen: 21779156K->700286K(22609920K)] 22587242K->1508716K(25755648K), 0.1292887 secs] [Times: user=4.56 sys=0.00, real=0.13 secs] 
5328.366: [GC (Allocation Failure) [PSYoungGen: 21802878K->660456K(22609920K)] 22611308K->1469262K(25755648K), 0.1223326 secs] [Times: user=4.32 sys=0.01, real=0.13 secs] 
5332.263: [GC (Allocation Failure) [PSYoungGen: 21763048K->671838K(22609920K)] 22571854K->1481020K(25755648K), 0.1251089 secs] [Times: user=4.37 sys=0.00, real=0.13 secs] 
5336.262: [GC (Allocation Failure) [PSYoungGen: 21774430K->649696K(22609920K)] 22583612K->1459238K(25755648K), 0.1232668 secs] [Times: user=4.30 sys=0.00, real=0.12 secs] 
5340.089: [GC (Allocation Failure) [PSYoungGen: 21752288K->637310K(22609920K)] 22561830K->1447213K(25755648K), 0.1188682 secs] [Times: user=4.19 sys=0.00, real=0.12 secs] 
5344.087: [GC (Allocation Failure) [PSYoungGen: 21739902K->672869K(22609920K)] 22549805K->1483139K(25755648K), 0.1272310 secs] [Times: user=4.41 sys=0.00, real=0.13 secs] 
5348.045: [GC (Allocation Failure) [PSYoungGen: 21775461K->642469K(22609920K)] 22585731K->1453107K(25755648K), 0.1204616 secs] [Times: user=4.25 sys=0.00, real=0.12 secs] 
5352.060: [GC (Allocation Failure) [PSYoungGen: 21745061K->658581K(22609920K)] 22555699K->1469595K(25755648K), 0.1281399 secs] [Times: user=4.30 sys=0.01, real=0.13 secs] 
5355.985: [GC (Allocation Failure) [PSYoungGen: 21761173K->636010K(22609920K)] 22572187K->1447392K(25755648K), 0.1201844 secs] [Times: user=4.16 sys=0.00, real=0.12 secs] 
5359.952: [GC (Allocation Failure) [PSYoungGen: 21738602K->662862K(22609920K)] 22549984K->1474612K(25755648K), 0.1241620 secs] [Times: user=4.38 sys=0.00, real=0.13 secs] 
5363.869: [GC (Allocation Failure) [PSYoungGen: 21765454K->636606K(22609920K)] 22577204K->1448708K(25755648K), 0.1206364 secs] [Times: user=4.17 sys=0.00, real=0.12 secs] 
5367.778: [GC (Allocation Failure) [PSYoungGen: 21739198K->645102K(22609920K)] 22551300K->1457580K(25755648K), 0.1193832 secs] [Times: user=4.21 sys=0.00, real=0.12 secs] 
5371.815: [GC (Allocation Failure) [PSYoungGen: 21747694K->634805K(22609920K)] 22560172K->1447659K(25755648K), 0.1187583 secs] [Times: user=4.19 sys=0.00, real=0.11 secs] 
5375.769: [GC (Allocation Failure) [PSYoungGen: 21737397K->630511K(22609920K)] 22550251K->1443733K(25755648K), 0.1206277 secs] [Times: user=4.18 sys=0.00, real=0.12 secs] 
5379.729: [GC (Allocation Failure) [PSYoungGen: 21733103K->648819K(22609920K)] 22546325K->1462385K(25755648K), 0.1249217 secs] [Times: user=4.32 sys=0.00, real=0.12 secs] 
5383.591: [GC (Allocation Failure) [PSYoungGen: 21751411K->667470K(22609920K)] 22564977K->1481396K(25755648K), 0.1252570 secs] [Times: user=4.33 sys=0.00, real=0.13 secs] 
5387.400: [GC (Allocation Failure) [PSYoungGen: 21770062K->646650K(22609920K)] 22583988K->1460944K(25755648K), 0.1208623 secs] [Times: user=4.27 sys=0.00, real=0.12 secs] 
5391.417: [GC (Allocation Failure) [PSYoungGen: 21749242K->671819K(22609920K)] 22563536K->1486481K(25755648K), 0.1247290 secs] [Times: user=4.39 sys=0.00, real=0.13 secs] 
5395.142: [GC (Allocation Failure) [PSYoungGen: 21774411K->662965K(22609920K)] 22589073K->1478003K(25755648K), 0.1232217 secs] [Times: user=4.35 sys=0.00, real=0.12 secs] 
5399.125: [GC (Allocation Failure) [PSYoungGen: 21765557K->641734K(22609920K)] 22580595K->1457157K(25755648K), 0.1201346 secs] [Times: user=4.23 sys=0.00, real=0.12 secs] 
5403.033: [GC (Allocation Failure) [PSYoungGen: 21744326K->662671K(22609920K)] 22559749K->1478469K(25755648K), 0.1248931 secs] [Times: user=4.34 sys=0.00, real=0.12 secs] 
5406.921: [GC (Allocation Failure) [PSYoungGen: 21765263K->637247K(22609920K)] 22581061K->1453414K(25755648K), 0.1188297 secs] [Times: user=4.19 sys=0.00, real=0.12 secs] 
5410.669: [GC (Allocation Failure) [PSYoungGen: 21739839K->634044K(22609920K)] 22556006K->1450579K(25755648K), 0.1207329 secs] [Times: user=4.26 sys=0.00, real=0.12 secs] 
5414.476: [GC (Allocation Failure) [PSYoungGen: 21736636K->703198K(22609920K)] 22553171K->1520100K(25755648K), 0.1290831 secs] [Times: user=4.55 sys=0.00, real=0.13 secs] 
5418.343: [GC (Allocation Failure) [PSYoungGen: 21805790K->661364K(22609920K)] 22622692K->1478634K(25755648K), 0.1244838 secs] [Times: user=4.35 sys=0.00, real=0.12 secs] 
5422.161: [GC (Allocation Failure) [PSYoungGen: 21763956K->644639K(22609920K)] 22581226K->1462277K(25755648K), 0.1201885 secs] [Times: user=4.22 sys=0.00, real=0.13 secs] 
5426.044: [GC (Allocation Failure) [PSYoungGen: 21747231K->672612K(22609920K)] 22564869K->1490618K(25755648K), 0.1249115 secs] [Times: user=4.41 sys=0.01, real=0.12 secs] 
5429.803: [GC (Allocation Failure) [PSYoungGen: 21775204K->656643K(22609920K)] 22593210K->1475017K(25755648K), 0.1213629 secs] [Times: user=4.29 sys=0.01, real=0.12 secs] 
5433.659: [GC (Allocation Failure) [PSYoungGen: 21759235K->628617K(22609920K)] 22577609K->1447360K(25755648K), 0.1175722 secs] [Times: user=4.15 sys=0.00, real=0.12 secs] 
5437.529: [GC (Allocation Failure) [PSYoungGen: 21731209K->685795K(22609920K)] 22549952K->1504905K(25755648K), 0.1267515 secs] [Times: user=4.47 sys=0.00, real=0.13 secs] 
5441.418: [GC (Allocation Failure) [PSYoungGen: 21788387K->659466K(22609920K)] 22607497K->1478920K(25755648K), 0.1232369 secs] [Times: user=4.33 sys=0.00, real=0.12 secs] 
5445.460: [GC (Allocation Failure) [PSYoungGen: 21762058K->697450K(22609920K)] 22581512K->1517281K(25755648K), 0.1298877 secs] [Times: user=4.55 sys=0.00, real=0.13 secs] 
5449.322: [GC (Allocation Failure) [PSYoungGen: 21800042K->649014K(22609920K)] 22619873K->1469212K(25755648K), 0.1213220 secs] [Times: user=4.26 sys=0.00, real=0.12 secs] 
5453.201: [GC (Allocation Failure) [PSYoungGen: 21751606K->652693K(22609920K)] 22571804K->1473267K(25755648K), 0.1215073 secs] [Times: user=4.28 sys=0.01, real=0.12 secs] 
5457.044: [GC (Allocation Failure) [PSYoungGen: 21755285K->673813K(22609920K)] 22575859K->1494764K(25755648K), 0.1259353 secs] [Times: user=4.44 sys=0.00, real=0.13 secs] 
5460.777: [GC (Allocation Failure) [PSYoungGen: 21776405K->627127K(22609920K)] 22597356K->1448453K(25755648K), 0.1178515 secs] [Times: user=4.16 sys=0.00, real=0.12 secs] 
5464.483: [GC (Allocation Failure) [PSYoungGen: 21729719K->695348K(22609920K)] 22551045K->1517050K(25755648K), 0.1280357 secs] [Times: user=4.52 sys=0.01, real=0.13 secs] 
5468.312: [GC (Allocation Failure) [PSYoungGen: 21797940K->642681K(22609920K)] 22619642K->1464744K(25755648K), 0.1207653 secs] [Times: user=4.17 sys=0.00, real=0.12 secs] 
5472.277: [GC (Allocation Failure) [PSYoungGen: 21745273K->692062K(22609920K)] 22567336K->1514476K(25755648K), 0.1281644 secs] [Times: user=4.54 sys=0.01, real=0.13 secs] 
5476.011: [GC (Allocation Failure) [PSYoungGen: 21794654K->659457K(22609920K)] 22617068K->1482239K(25755648K), 0.1244590 secs] [Times: user=4.39 sys=0.00, real=0.12 secs] 
5479.759: [GC (Allocation Failure) [PSYoungGen: 21762049K->623866K(22609920K)] 22584831K->1447016K(25755648K), 0.1189413 secs] [Times: user=4.19 sys=0.00, real=0.12 secs] 
5483.589: [GC (Allocation Failure) [PSYoungGen: 21726458K->694404K(22609920K)] 22549608K->1517922K(25755648K), 0.1297242 secs] [Times: user=4.52 sys=0.00, real=0.13 secs] 
5487.350: [GC (Allocation Failure) [PSYoungGen: 21796996K->681848K(22609920K)] 22620514K->1505742K(25755648K), 0.1272724 secs] [Times: user=4.44 sys=0.00, real=0.13 secs] 
5491.138: [GC (Allocation Failure) [PSYoungGen: 21784440K->653424K(22609920K)] 22608334K->1477695K(25755648K), 0.1237423 secs] [Times: user=4.33 sys=0.01, real=0.12 secs] 
5494.922: [GC (Allocation Failure) [PSYoungGen: 21756016K->663141K(22609920K)] 22580287K->1487763K(25755648K), 0.1230389 secs] [Times: user=4.34 sys=0.01, real=0.13 secs] 
5498.650: [GC (Allocation Failure) [PSYoungGen: 21765733K->660290K(22609920K)] 22590355K->1485288K(25755648K), 0.1231296 secs] [Times: user=4.31 sys=0.00, real=0.13 secs] 
5502.423: [GC (Allocation Failure) [PSYoungGen: 21762882K->667532K(22609920K)] 22587880K->1492898K(25755648K), 0.1246444 secs] [Times: user=4.32 sys=0.00, real=0.13 secs] 
5506.280: [GC (Allocation Failure) [PSYoungGen: 21770124K->700264K(22609920K)] 22595490K->1525999K(25755648K), 0.1326854 secs] [Times: user=4.57 sys=0.00, real=0.13 secs] 
5510.010: [GC (Allocation Failure) [PSYoungGen: 21802856K->643274K(22609920K)] 22628591K->1469377K(25755648K), 0.1196803 secs] [Times: user=4.22 sys=0.01, real=0.12 secs] 
5513.827: [GC (Allocation Failure) [PSYoungGen: 21745866K->656928K(22609920K)] 22571969K->1483414K(25755648K), 0.1219859 secs] [Times: user=4.30 sys=0.00, real=0.12 secs] 
5517.663: [GC (Allocation Failure) [PSYoungGen: 21759520K->618871K(22609920K)] 22586006K->1445733K(25755648K), 0.1175081 secs] [Times: user=4.15 sys=0.00, real=0.12 secs] 
5521.421: [GC (Allocation Failure) [PSYoungGen: 21721463K->684430K(22609920K)] 22548325K->1511668K(25755648K), 0.1271382 secs] [Times: user=4.45 sys=0.01, real=0.13 secs] 
5525.154: [GC (Allocation Failure) [PSYoungGen: 21787022K->638606K(22609920K)] 22614260K->1466220K(25755648K), 0.1185882 secs] [Times: user=4.19 sys=0.01, real=0.12 secs] 
5528.782: [GC (Allocation Failure) [PSYoungGen: 21741198K->649804K(22609920K)] 22568812K->1477787K(25755648K), 0.1214961 secs] [Times: user=4.23 sys=0.01, real=0.12 secs] 
5532.513: [GC (Allocation Failure) [PSYoungGen: 21752396K->679016K(22609920K)] 22580379K->1507374K(25755648K), 0.1264188 secs] [Times: user=4.47 sys=0.01, real=0.13 secs] 
5536.261: [GC (Allocation Failure) [PSYoungGen: 21781608K->679459K(22609920K)] 22609966K->1508201K(25755648K), 0.1254904 secs] [Times: user=4.43 sys=0.00, real=0.12 secs] 
5539.917: [GC (Allocation Failure) [PSYoungGen: 21782051K->662804K(22609920K)] 22610793K->1491899K(25755648K), 0.1227456 secs] [Times: user=4.34 sys=0.00, real=0.13 secs] 
5543.608: [GC (Allocation Failure) [PSYoungGen: 21765396K->628430K(22609920K)] 22594491K->1457884K(25755648K), 0.1182602 secs] [Times: user=4.17 sys=0.01, real=0.12 secs] 
5547.362: [GC (Allocation Failure) [PSYoungGen: 21731022K->650485K(22609920K)] 22560476K->1480307K(25755648K), 0.1227846 secs] [Times: user=4.33 sys=0.00, real=0.12 secs] 
5551.122: [GC (Allocation Failure) [PSYoungGen: 21753077K->661235K(22609920K)] 22582899K->1491425K(25755648K), 0.1230516 secs] [Times: user=4.35 sys=0.00, real=0.12 secs] 
5554.968: [GC (Allocation Failure) [PSYoungGen: 21763827K->644383K(22609920K)] 22594017K->1474957K(25755648K), 0.1193115 secs] [Times: user=4.21 sys=0.00, real=0.12 secs] 
5558.818: [GC (Allocation Failure) [PSYoungGen: 21746975K->655599K(22609920K)] 22577549K->1486526K(25755648K), 0.1229914 secs] [Times: user=4.33 sys=0.00, real=0.12 secs] 
5562.553: [GC (Allocation Failure) [PSYoungGen: 21758191K->677818K(22609920K)] 22589118K->1509120K(25755648K), 0.1265572 secs] [Times: user=4.41 sys=0.00, real=0.13 secs] 
5566.364: [GC (Allocation Failure) [PSYoungGen: 21780410K->664120K(22609920K)] 22611712K->1495806K(25755648K), 0.1225508 secs] [Times: user=4.33 sys=0.00, real=0.12 secs] 
5570.198: [GC (Allocation Failure) [PSYoungGen: 21766712K->647497K(22609920K)] 22598398K->1479536K(25755648K), 0.1214837 secs] [Times: user=4.23 sys=0.00, real=0.12 secs] 
5573.882: [GC (Allocation Failure) [PSYoungGen: 21750089K->685615K(22609920K)] 22582128K->1518021K(25755648K), 0.1269739 secs] [Times: user=4.43 sys=0.00, real=0.13 secs] 
5577.619: [GC (Allocation Failure) [PSYoungGen: 21788207K->626601K(22609920K)] 22620613K->1459360K(25755648K), 0.1182967 secs] [Times: user=4.16 sys=0.01, real=0.12 secs] 
5581.395: [GC (Allocation Failure) [PSYoungGen: 21729193K->670397K(22609920K)] 22561952K->1503531K(25755648K), 0.1256062 secs] [Times: user=4.43 sys=0.00, real=0.13 secs] 
5585.169: [GC (Allocation Failure) [PSYoungGen: 21772989K->649246K(22609920K)] 22606123K->1482756K(25755648K), 0.1206139 secs] [Times: user=4.26 sys=0.00, real=0.12 secs] 
5588.962: [GC (Allocation Failure) [PSYoungGen: 21751838K->661714K(22609920K)] 22585348K->1495577K(25755648K), 0.1229394 secs] [Times: user=4.34 sys=0.00, real=0.12 secs] 
5592.742: [GC (Allocation Failure) [PSYoungGen: 21764306K->646660K(22609920K)] 22598169K->1480899K(25755648K), 0.1204906 secs] [Times: user=4.25 sys=0.00, real=0.12 secs] 
5596.380: [GC (Allocation Failure) [PSYoungGen: 21749252K->687617K(22609920K)] 22583491K->1522240K(25755648K), 0.1263946 secs] [Times: user=4.46 sys=0.00, real=0.12 secs] 
5600.131: [GC (Allocation Failure) [PSYoungGen: 21790209K->650791K(22609920K)] 22624832K->1485797K(25755648K), 0.1243479 secs] [Times: user=4.39 sys=0.00, real=0.12 secs] 
5603.865: [GC (Allocation Failure) [PSYoungGen: 21753383K->654174K(22609920K)] 22588389K->1489532K(25755648K), 0.1217294 secs] [Times: user=4.30 sys=0.00, real=0.12 secs] 
5607.693: [GC (Allocation Failure) [PSYoungGen: 21756766K->622510K(22609920K)] 22592124K->1458236K(25755648K), 0.1160307 secs] [Times: user=4.10 sys=0.00, real=0.11 secs] 
5611.423: [GC (Allocation Failure) [PSYoungGen: 21725102K->659209K(22609920K)] 22560828K->1495304K(25755648K), 0.1259298 secs] [Times: user=4.37 sys=0.00, real=0.12 secs] 
5615.244: [GC (Allocation Failure) [PSYoungGen: 21761801K->645055K(22609920K)] 22597896K->1481517K(25755648K), 0.1202399 secs] [Times: user=4.23 sys=0.00, real=0.12 secs] 
5618.834: [GC (Allocation Failure) [PSYoungGen: 21747647K->675590K(22609920K)] 22584109K->1512404K(25755648K), 0.1251922 secs] [Times: user=4.42 sys=0.00, real=0.12 secs] 
5622.572: [GC (Allocation Failure) [PSYoungGen: 21778182K->671391K(22609920K)] 22614996K->1508581K(25755648K), 0.1255839 secs] [Times: user=4.43 sys=0.01, real=0.13 secs] 
5626.191: [GC (Allocation Failure) [PSYoungGen: 21773983K->685556K(22609920K)] 22611173K->1523115K(25755648K), 0.1292145 secs] [Times: user=4.47 sys=0.00, real=0.13 secs] 
5629.913: [GC (Allocation Failure) [PSYoungGen: 21788148K->653460K(22609920K)] 22625707K->1491395K(25755648K), 0.1216252 secs] [Times: user=4.29 sys=0.00, real=0.12 secs] 
5633.653: [GC (Allocation Failure) [PSYoungGen: 21756052K->658813K(22609920K)] 22593987K->1497116K(25755648K), 0.1225377 secs] [Times: user=4.32 sys=0.00, real=0.13 secs] 
5637.332: [GC (Allocation Failure) [PSYoungGen: 21761405K->671129K(22609920K)] 22599708K->1509783K(25755648K), 0.1239108 secs] [Times: user=4.38 sys=0.00, real=0.13 secs] 
5640.948: [GC (Allocation Failure) [PSYoungGen: 21773721K->654039K(22609920K)] 22612375K->1493069K(25755648K), 0.1220060 secs] [Times: user=4.30 sys=0.01, real=0.12 secs] 
5644.597: [GC (Allocation Failure) [PSYoungGen: 21756631K->696783K(22609920K)] 22595661K->1536197K(25755648K), 0.1283024 secs] [Times: user=4.53 sys=0.00, real=0.13 secs] 
5648.306: [GC (Allocation Failure) [PSYoungGen: 21799375K->646569K(22609920K)] 22638789K->1486352K(25755648K), 0.1210715 secs] [Times: user=4.26 sys=0.00, real=0.13 secs] 
5651.939: [GC (Allocation Failure) [PSYoungGen: 21749161K->666100K(22609920K)] 22588944K->1506226K(25755648K), 0.1256338 secs] [Times: user=4.31 sys=0.00, real=0.12 secs] 
5655.587: [GC (Allocation Failure) [PSYoungGen: 21768692K->669925K(22609920K)] 22608818K->1510427K(25755648K), 0.1281634 secs] [Times: user=4.49 sys=0.00, real=0.13 secs] 
5659.378: [GC (Allocation Failure) [PSYoungGen: 21772517K->636037K(22609920K)] 22613019K->1476915K(25755648K), 0.1189728 secs] [Times: user=4.20 sys=0.00, real=0.12 secs] 
5663.081: [GC (Allocation Failure) [PSYoungGen: 21738629K->646005K(22609920K)] 22579507K->1487259K(25755648K), 0.1193892 secs] [Times: user=4.20 sys=0.00, real=0.12 secs] 
5666.784: [GC (Allocation Failure) [PSYoungGen: 21748597K->636522K(22609920K)] 22589851K->1478128K(25755648K), 0.1180297 secs] [Times: user=4.16 sys=0.00, real=0.12 secs] 
5670.645: [GC (Allocation Failure) [PSYoungGen: 21739114K->655836K(22609920K)] 22580720K->1497818K(25755648K), 0.1232283 secs] [Times: user=4.29 sys=0.00, real=0.12 secs] 
5674.482: [GC (Allocation Failure) [PSYoungGen: 21758428K->654628K(22609920K)] 22600410K->1497115K(25755648K), 0.1235878 secs] [Times: user=4.36 sys=0.01, real=0.12 secs] 
5678.155: [GC (Allocation Failure) [PSYoungGen: 21757220K->686259K(22609920K)] 22599707K->1529098K(25755648K), 0.1263629 secs] [Times: user=4.47 sys=0.00, real=0.13 secs] 
5681.859: [GC (Allocation Failure) [PSYoungGen: 21788851K->663158K(22609920K)] 22631690K->1506380K(25755648K), 0.1231273 secs] [Times: user=4.30 sys=0.00, real=0.13 secs] 
5685.709: [GC (Allocation Failure) [PSYoungGen: 21765750K->657930K(22609920K)] 22608972K->1501528K(25755648K), 0.1236180 secs] [Times: user=4.37 sys=0.00, real=0.13 secs] 
5689.398: [GC (Allocation Failure) [PSYoungGen: 21760522K->675866K(22609920K)] 22604120K->1519840K(25755648K), 0.1248614 secs] [Times: user=4.41 sys=0.00, real=0.13 secs] 
5693.103: [GC (Allocation Failure) [PSYoungGen: 21778458K->665191K(22609920K)] 22622432K->1509509K(25755648K), 0.1241437 secs] [Times: user=4.38 sys=0.00, real=0.12 secs] 
5696.834: [GC (Allocation Failure) [PSYoungGen: 21767783K->646474K(22609920K)] 22612101K->1491168K(25755648K), 0.1203857 secs] [Times: user=4.25 sys=0.01, real=0.12 secs] 
5700.461: [GC (Allocation Failure) [PSYoungGen: 21749066K->674307K(22609920K)] 22593760K->1519345K(25755648K), 0.1250905 secs] [Times: user=4.42 sys=0.00, real=0.13 secs] 
5704.113: [GC (Allocation Failure) [PSYoungGen: 21776899K->652948K(22609920K)] 22621937K->1498362K(25755648K), 0.1227714 secs] [Times: user=4.32 sys=0.00, real=0.13 secs] 
5707.778: [GC (Allocation Failure) [PSYoungGen: 21755540K->654627K(22609920K)] 22600954K->1500410K(25755648K), 0.1235388 secs] [Times: user=4.36 sys=0.00, real=0.12 secs] 
5711.289: [GC (Allocation Failure) [PSYoungGen: 21757219K->661638K(22609920K)] 22603002K->1507781K(25755648K), 0.1230794 secs] [Times: user=4.35 sys=0.00, real=0.12 secs] 
5714.899: [GC (Allocation Failure) [PSYoungGen: 21764230K->699081K(22609920K)] 22610373K->1545599K(25755648K), 0.1293694 secs] [Times: user=4.57 sys=0.00, real=0.13 secs] 
5718.471: [GC (Allocation Failure) [PSYoungGen: 21801673K->659433K(22609920K)] 22648191K->1506327K(25755648K), 0.1250037 secs] [Times: user=4.40 sys=0.01, real=0.12 secs] 
5722.182: [GC (Allocation Failure) [PSYoungGen: 21762025K->659844K(22609920K)] 22608919K->1507106K(25755648K), 0.1231541 secs] [Times: user=4.34 sys=0.00, real=0.12 secs] 
5725.776: [GC (Allocation Failure) [PSYoungGen: 21762436K->680149K(22609920K)] 22609698K->1527780K(25755648K), 0.1261181 secs] [Times: user=4.43 sys=0.00, real=0.13 secs] 
5729.439: [GC (Allocation Failure) [PSYoungGen: 21782741K->664143K(22609920K)] 22630372K->1512126K(25755648K), 0.1265442 secs] [Times: user=4.45 sys=0.00, real=0.12 secs] 
5733.073: [GC (Allocation Failure) [PSYoungGen: 21766735K->687969K(22609920K)] 22614718K->1536327K(25755648K), 0.1273467 secs] [Times: user=4.50 sys=0.00, real=0.13 secs] 
5736.788: [GC (Allocation Failure) [PSYoungGen: 21790561K->650615K(22609920K)] 22638919K->1499350K(25755648K), 0.1222000 secs] [Times: user=4.32 sys=0.00, real=0.13 secs] 
5740.476: [GC (Allocation Failure) [PSYoungGen: 21753207K->697477K(22609920K)] 22601942K->1546587K(25755648K), 0.1292269 secs] [Times: user=4.52 sys=0.00, real=0.13 secs] 
5744.093: [GC (Allocation Failure) [PSYoungGen: 21800069K->672062K(22609920K)] 22649179K->1521532K(25755648K), 0.1253607 secs] [Times: user=4.43 sys=0.00, real=0.12 secs] 
5747.771: [GC (Allocation Failure) [PSYoungGen: 21774654K->668665K(22609920K)] 22624124K->1518511K(25755648K), 0.1243947 secs] [Times: user=4.38 sys=0.00, real=0.13 secs] 
5751.367: [GC (Allocation Failure) [PSYoungGen: 21771257K->693689K(22609920K)] 22621103K->1543927K(25755648K), 0.1280634 secs] [Times: user=4.52 sys=0.00, real=0.13 secs] 
5754.955: [GC (Allocation Failure) [PSYoungGen: 21796281K->670666K(22609920K)] 22646519K->1521256K(25755648K), 0.1249895 secs] [Times: user=4.41 sys=0.00, real=0.12 secs] 
5758.595: [GC (Allocation Failure) [PSYoungGen: 21773258K->681855K(22609920K)] 22623848K->1532821K(25755648K), 0.1272595 secs] [Times: user=4.43 sys=0.00, real=0.12 secs] 
5762.164: [GC (Allocation Failure) [PSYoungGen: 21784447K->670528K(22609920K)] 22635413K->1521878K(25755648K), 0.1247337 secs] [Times: user=4.40 sys=0.00, real=0.12 secs] 
5765.738: [GC (Allocation Failure) [PSYoungGen: 21773120K->669601K(22609920K)] 22624470K->1521303K(25755648K), 0.1263526 secs] [Times: user=4.36 sys=0.00, real=0.12 secs] 
5769.302: [GC (Allocation Failure) [PSYoungGen: 21772193K->722940K(22609920K)] 22623895K->1575027K(25755648K), 0.1345362 secs] [Times: user=4.75 sys=0.00, real=0.14 secs] 
5772.918: [GC (Allocation Failure) [PSYoungGen: 21825532K->633194K(22609920K)] 22677619K->1485632K(25755648K), 0.1187017 secs] [Times: user=4.19 sys=0.00, real=0.12 secs] 
5776.374: [GC (Allocation Failure) [PSYoungGen: 21735786K->717257K(22609920K)] 22588224K->1570071K(25755648K), 0.1339385 secs] [Times: user=4.63 sys=0.00, real=0.14 secs] 
5779.942: [GC (Allocation Failure) [PSYoungGen: 21819849K->656436K(22609920K)] 22672663K->1509635K(25755648K), 0.1225744 secs] [Times: user=4.33 sys=0.00, real=0.12 secs] 
5783.423: [GC (Allocation Failure) [PSYoungGen: 21759028K->710888K(22609920K)] 22612227K->1564438K(25755648K), 0.1335497 secs] [Times: user=4.67 sys=0.00, real=0.14 secs] 
5786.894: [GC (Allocation Failure) [PSYoungGen: 21813480K->732435K(22609920K)] 22667030K->1586370K(25755648K), 0.1344201 secs] [Times: user=4.74 sys=0.00, real=0.14 secs] 
5790.468: [GC (Allocation Failure) [PSYoungGen: 21835027K->704907K(22609920K)] 22688962K->1559218K(25755648K), 0.1298556 secs] [Times: user=4.59 sys=0.00, real=0.13 secs] 
5794.155: [GC (Allocation Failure) [PSYoungGen: 21807499K->670433K(22609920K)] 22661810K->1525096K(25755648K), 0.1260421 secs] [Times: user=4.36 sys=0.01, real=0.13 secs] 
5797.779: [GC (Allocation Failure) [PSYoungGen: 21773025K->658027K(22609920K)] 22627688K->1513073K(25755648K), 0.1226606 secs] [Times: user=4.33 sys=0.00, real=0.12 secs] 
5801.477: [GC (Allocation Failure) [PSYoungGen: 21760619K->729597K(22609920K)] 22615665K->1585019K(25755648K), 0.1337734 secs] [Times: user=4.72 sys=0.01, real=0.14 secs] 
5804.967: [GC (Allocation Failure) [PSYoungGen: 21832189K->675829K(22609920K)] 22687611K->1531596K(25755648K), 0.1258008 secs] [Times: user=4.44 sys=0.01, real=0.13 secs] 
5808.494: [GC (Allocation Failure) [PSYoungGen: 21778421K->707655K(22609920K)] 22634188K->1563805K(25755648K), 0.1327339 secs] [Times: user=4.69 sys=0.00, real=0.13 secs] 
5812.085: [GC (Allocation Failure) [PSYoungGen: 21810247K->648093K(22609920K)] 22666397K->1504596K(25755648K), 0.1211049 secs] [Times: user=4.28 sys=0.00, real=0.12 secs] 
5815.667: [GC (Allocation Failure) [PSYoungGen: 21750685K->669990K(22609920K)] 22607188K->1526876K(25755648K), 0.1254780 secs] [Times: user=4.42 sys=0.00, real=0.13 secs] 
5819.130: [GC (Allocation Failure) [PSYoungGen: 21772582K->656477K(22609920K)] 22629468K->1513747K(25755648K), 0.1236266 secs] [Times: user=4.37 sys=0.00, real=0.13 secs] 
5822.694: [GC (Allocation Failure) [PSYoungGen: 21759069K->636243K(22609920K)] 22616339K->1493857K(25755648K), 0.1210661 secs] [Times: user=4.27 sys=0.00, real=0.12 secs] 
5826.334: [GC (Allocation Failure) [PSYoungGen: 21738835K->729699K(22609920K)] 22596449K->1587697K(25755648K), 0.1344726 secs] [Times: user=4.75 sys=0.00, real=0.13 secs] 
5829.884: [GC (Allocation Failure) [PSYoungGen: 21832291K->738425K(22609920K)] 22690289K->1596792K(25755648K), 0.1365100 secs] [Times: user=4.76 sys=0.00, real=0.13 secs] 
5833.459: [GC (Allocation Failure) [PSYoungGen: 21841017K->696442K(22609920K)] 22699384K->1555184K(25755648K), 0.1297411 secs] [Times: user=4.55 sys=0.01, real=0.13 secs] 
5836.921: [GC (Allocation Failure) [PSYoungGen: 21799034K->667957K(22609920K)] 22657776K->1527051K(25755648K), 0.1237461 secs] [Times: user=4.37 sys=0.00, real=0.13 secs] 
5840.521: [GC (Allocation Failure) [PSYoungGen: 21770549K->717119K(22609920K)] 22629643K->1576598K(25755648K), 0.1314444 secs] [Times: user=4.64 sys=0.00, real=0.13 secs] 
5844.067: [GC (Allocation Failure) [PSYoungGen: 21819711K->687282K(22609920K)] 22679190K->1547112K(25755648K), 0.1298323 secs] [Times: user=4.50 sys=0.00, real=0.13 secs] 
5847.536: [GC (Allocation Failure) [PSYoungGen: 21789874K->718522K(22609920K)] 22649704K->1578737K(25755648K), 0.1322338 secs] [Times: user=4.67 sys=0.00, real=0.14 secs] 
5851.041: [GC (Allocation Failure) [PSYoungGen: 21821114K->686039K(22609920K)] 22681329K->1546638K(25755648K), 0.1275615 secs] [Times: user=4.51 sys=0.01, real=0.13 secs] 
5854.655: [GC (Allocation Failure) [PSYoungGen: 21788631K->661368K(22609920K)] 22649230K->1522310K(25755648K), 0.1239608 secs] [Times: user=4.37 sys=0.00, real=0.13 secs] 
5858.250: [GC (Allocation Failure) [PSYoungGen: 21763960K->680235K(22609920K)] 22624902K->1541553K(25755648K), 0.1258395 secs] [Times: user=4.38 sys=0.01, real=0.12 secs] 
5861.776: [GC (Allocation Failure) [PSYoungGen: 21782827K->645545K(22609920K)] 22644145K->1507215K(25755648K), 0.1203080 secs] [Times: user=4.24 sys=0.00, real=0.12 secs] 
5865.318: [GC (Allocation Failure) [PSYoungGen: 21748137K->721416K(22609920K)] 22609807K->1583470K(25755648K), 0.1341615 secs] [Times: user=4.69 sys=0.00, real=0.14 secs] 
5868.855: [GC (Allocation Failure) [PSYoungGen: 21824008K->674928K(22609920K)] 22686062K->1537359K(25755648K), 0.1256904 secs] [Times: user=4.44 sys=0.01, real=0.13 secs] 
5872.416: [GC (Allocation Failure) [PSYoungGen: 21777520K->682454K(22609920K)] 22639951K->1545237K(25755648K), 0.1271914 secs] [Times: user=4.43 sys=0.00, real=0.13 secs] 
5875.835: [GC (Allocation Failure) [PSYoungGen: 21785046K->654480K(22609920K)] 22647829K->1517655K(25755648K), 0.1219844 secs] [Times: user=4.31 sys=0.00, real=0.12 secs] 
5879.264: [GC (Allocation Failure) [PSYoungGen: 21757072K->671245K(22609920K)] 22620247K->1534772K(25755648K), 0.1241770 secs] [Times: user=4.37 sys=0.00, real=0.12 secs] 
5882.847: [GC (Allocation Failure) [PSYoungGen: 21773837K->642988K(22609920K)] 22637364K->1506890K(25755648K), 0.1257267 secs] [Times: user=4.18 sys=0.00, real=0.13 secs] 
5886.470: [GC (Allocation Failure) [PSYoungGen: 21745580K->687711K(22609920K)] 22609482K->1551965K(25755648K), 0.1282996 secs] [Times: user=4.53 sys=0.00, real=0.13 secs] 
5890.159: [GC (Allocation Failure) [PSYoungGen: 21790303K->686703K(22609920K)] 22654557K->1551341K(25755648K), 0.1274932 secs] [Times: user=4.48 sys=0.00, real=0.13 secs] 
5893.724: [GC (Allocation Failure) [PSYoungGen: 21789295K->681804K(22609920K)] 22653933K->1546802K(25755648K), 0.1261159 secs] [Times: user=4.46 sys=0.00, real=0.12 secs] 
5897.233: [GC (Allocation Failure) [PSYoungGen: 21784396K->662695K(22609920K)] 22649394K->1528062K(25755648K), 0.1263745 secs] [Times: user=4.29 sys=0.00, real=0.13 secs] 
5900.761: [GC (Allocation Failure) [PSYoungGen: 21765287K->680292K(22609920K)] 22630654K->1546010K(25755648K), 0.1257819 secs] [Times: user=4.45 sys=0.00, real=0.13 secs] 
5904.293: [GC (Allocation Failure) [PSYoungGen: 21782884K->700553K(22609920K)] 22648602K->1566655K(25755648K), 0.1296147 secs] [Times: user=4.58 sys=0.00, real=0.13 secs] 
5907.692: [GC (Allocation Failure) [PSYoungGen: 21803145K->655203K(22609920K)] 22669247K->1521698K(25755648K), 0.1218160 secs] [Times: user=4.31 sys=0.00, real=0.12 secs] 
5911.239: [GC (Allocation Failure) [PSYoungGen: 21757795K->660290K(22609920K)] 22624290K->1527145K(25755648K), 0.1258009 secs] [Times: user=4.41 sys=0.00, real=0.12 secs] 
5914.710: [GC (Allocation Failure) [PSYoungGen: 21762882K->699555K(22609920K)] 22629737K->1566785K(25755648K), 0.1299819 secs] [Times: user=4.54 sys=0.00, real=0.13 secs] 
5918.239: [GC (Allocation Failure) [PSYoungGen: 21802147K->696355K(22609920K)] 22669377K->1563938K(25755648K), 0.1298609 secs] [Times: user=4.48 sys=0.00, real=0.13 secs] 
5921.717: [GC (Allocation Failure) [PSYoungGen: 21798947K->676318K(22609920K)] 22666530K->1544284K(25755648K), 0.1260436 secs] [Times: user=4.45 sys=0.00, real=0.13 secs] 
5925.243: [GC (Allocation Failure) [PSYoungGen: 21778910K->714401K(22609920K)] 22646876K->1582728K(25755648K), 0.1313049 secs] [Times: user=4.65 sys=0.01, real=0.13 secs] 
5928.765: [GC (Allocation Failure) [PSYoungGen: 21816993K->659930K(22609920K)] 22685320K->1528632K(25755648K), 0.1246785 secs] [Times: user=4.34 sys=0.00, real=0.13 secs] 
5932.294: [GC (Allocation Failure) [PSYoungGen: 21762522K->654325K(22609920K)] 22631224K->1523379K(25755648K), 0.1231842 secs] [Times: user=4.35 sys=0.00, real=0.12 secs] 
5935.809: [GC (Allocation Failure) [PSYoungGen: 21756917K->640927K(22609920K)] 22625971K->1510357K(25755648K), 0.1198409 secs] [Times: user=4.19 sys=0.00, real=0.12 secs] 
5939.271: [GC (Allocation Failure) [PSYoungGen: 21743519K->672945K(22609920K)] 22612949K->1542727K(25755648K), 0.1242297 secs] [Times: user=4.36 sys=0.00, real=0.12 secs] 
5942.827: [GC (Allocation Failure) [PSYoungGen: 21775537K->671659K(22609920K)] 22645319K->1541826K(25755648K), 0.1254167 secs] [Times: user=4.43 sys=0.01, real=0.13 secs] 
5946.298: [GC (Allocation Failure) [PSYoungGen: 21774251K->659369K(22609920K)] 22644418K->1529911K(25755648K), 0.1219643 secs] [Times: user=4.30 sys=0.00, real=0.12 secs] 
5949.728: [GC (Allocation Failure) [PSYoungGen: 21761961K->646183K(22609920K)] 22632503K->1517078K(25755648K), 0.1214689 secs] [Times: user=4.28 sys=0.00, real=0.12 secs] 
5953.211: [GC (Allocation Failure) [PSYoungGen: 21748775K->679628K(22609920K)] 22619670K->1550906K(25755648K), 0.1273620 secs] [Times: user=4.50 sys=0.00, real=0.13 secs] 
5956.652: [GC (Allocation Failure) [PSYoungGen: 21782220K->668831K(22609920K)] 22653498K->1540461K(25755648K), 0.1256176 secs] [Times: user=4.39 sys=0.01, real=0.13 secs] 
5960.280: [GC (Allocation Failure) [PSYoungGen: 21771423K->651109K(22609920K)] 22643053K->1523131K(25755648K), 0.1210855 secs] [Times: user=4.27 sys=0.00, real=0.12 secs] 
5963.750: [GC (Allocation Failure) [PSYoungGen: 21753701K->701382K(22609920K)] 22625723K->1573756K(25755648K), 0.1297989 secs] [Times: user=4.59 sys=0.00, real=0.13 secs] 
5967.248: [GC (Allocation Failure) [PSYoungGen: 21803974K->654868K(22609920K)] 22676348K->1527626K(25755648K), 0.1225307 secs] [Times: user=4.29 sys=0.00, real=0.12 secs] 
5970.768: [GC (Allocation Failure) [PSYoungGen: 21757460K->698943K(22609920K)] 22630218K->1572053K(25755648K), 0.1301197 secs] [Times: user=4.61 sys=0.00, real=0.13 secs] 
5974.330: [GC (Allocation Failure) [PSYoungGen: 21801535K->694783K(22609920K)] 22674645K->1568277K(25755648K), 0.1293776 secs] [Times: user=4.51 sys=0.01, real=0.13 secs] 
5977.708: [GC (Allocation Failure) [PSYoungGen: 21797375K->664434K(22609920K)] 22670869K->1538280K(25755648K), 0.1250238 secs] [Times: user=4.37 sys=0.00, real=0.12 secs] 
5981.198: [GC (Allocation Failure) [PSYoungGen: 21767026K->698060K(22609920K)] 22640872K->1572282K(25755648K), 0.1294507 secs] [Times: user=4.54 sys=0.01, real=0.13 secs] 
5984.654: [GC (Allocation Failure) [PSYoungGen: 21800652K->699755K(22609920K)] 22674874K->1574330K(25755648K), 0.1307797 secs] [Times: user=4.58 sys=0.00, real=0.13 secs] 
5988.007: [GC (Allocation Failure) [PSYoungGen: 21802347K->695750K(22609920K)] 22676922K->1570717K(25755648K), 0.1288210 secs] [Times: user=4.56 sys=0.00, real=0.13 secs] 
5991.450: [GC (Allocation Failure) [PSYoungGen: 21798342K->719847K(22609920K)] 22673309K->1595173K(25755648K), 0.1344779 secs] [Times: user=4.75 sys=0.00, real=0.13 secs] 
5994.992: [GC (Allocation Failure) [PSYoungGen: 21822439K->654757K(22609920K)] 22697765K->1530483K(25755648K), 0.1207976 secs] [Times: user=4.26 sys=0.00, real=0.12 secs] 
5998.426: [GC (Allocation Failure) [PSYoungGen: 21757349K->709281K(22609920K)] 22633075K->1585367K(25755648K), 0.1309346 secs] [Times: user=4.63 sys=0.00, real=0.13 secs] 
6001.961: [GC (Allocation Failure) [PSYoungGen: 21811873K->648447K(22609920K)] 22687959K->1524917K(25755648K), 0.1219871 secs] [Times: user=4.31 sys=0.01, real=0.12 secs] 
6005.432: [GC (Allocation Failure) [PSYoungGen: 21751039K->717827K(22609920K)] 22627509K->1594657K(25755648K), 0.1334777 secs] [Times: user=4.70 sys=0.01, real=0.13 secs] 
6008.745: [GC (Allocation Failure) [PSYoungGen: 21820419K->674990K(22609920K)] 22697249K->1552205K(25755648K), 0.1254325 secs] [Times: user=4.43 sys=0.00, real=0.13 secs] 
6012.185: [GC (Allocation Failure) [PSYoungGen: 21777582K->682487K(22609920K)] 22654797K->1560053K(25755648K), 0.1271584 secs] [Times: user=4.49 sys=0.00, real=0.13 secs] 
6015.502: [GC (Allocation Failure) [PSYoungGen: 21785079K->749372K(22609920K)] 22662645K->1627314K(25755648K), 0.1373686 secs] [Times: user=4.80 sys=0.00, real=0.13 secs] 
6018.953: [GC (Allocation Failure) [PSYoungGen: 21851964K->727096K(22609920K)] 22729906K->1605406K(25755648K), 0.1336980 secs] [Times: user=4.70 sys=0.01, real=0.13 secs] 
6022.353: [GC (Allocation Failure) [PSYoungGen: 21829688K->702435K(22609920K)] 22707998K->1581138K(25755648K), 0.1288151 secs] [Times: user=4.54 sys=0.00, real=0.13 secs] 
6025.780: [GC (Allocation Failure) [PSYoungGen: 21805027K->688915K(22609920K)] 22683730K->1567977K(25755648K), 0.1281733 secs] [Times: user=4.54 sys=0.01, real=0.13 secs] 
6029.343: [GC (Allocation Failure) [PSYoungGen: 21791507K->684231K(22609920K)] 22670569K->1563686K(25755648K), 0.1269449 secs] [Times: user=4.48 sys=0.00, real=0.13 secs] 
6032.861: [GC (Allocation Failure) [PSYoungGen: 21786823K->670262K(22609920K)] 22666278K->1550076K(25755648K), 0.1239214 secs] [Times: user=4.38 sys=0.00, real=0.13 secs] 
6036.329: [GC (Allocation Failure) [PSYoungGen: 21772854K->690508K(22609920K)] 22652668K->1570690K(25755648K), 0.1308250 secs] [Times: user=4.48 sys=0.00, real=0.13 secs] 
6039.823: [GC (Allocation Failure) [PSYoungGen: 21793100K->680070K(22609920K)] 22673282K->1560612K(25755648K), 0.1275033 secs] [Times: user=4.43 sys=0.00, real=0.13 secs] 
6043.172: [GC (Allocation Failure) [PSYoungGen: 21782662K->691669K(22609920K)] 22663204K->1572572K(25755648K), 0.1283749 secs] [Times: user=4.53 sys=0.00, real=0.13 secs] 
6046.615: [GC (Allocation Failure) [PSYoungGen: 21794261K->642342K(22609920K)] 22675164K->1523620K(25755648K), 0.1200229 secs] [Times: user=4.20 sys=0.00, real=0.12 secs] 
6050.042: [GC (Allocation Failure) [PSYoungGen: 21744934K->666169K(22609920K)] 22626212K->1547799K(25755648K), 0.1239955 secs] [Times: user=4.38 sys=0.01, real=0.12 secs] 
6053.474: [GC (Allocation Failure) [PSYoungGen: 21768761K->721344K(22609920K)] 22650391K->1603366K(25755648K), 0.1330372 secs] [Times: user=4.67 sys=0.00, real=0.13 secs] 
6056.823: [GC (Allocation Failure) [PSYoungGen: 21823936K->654047K(22609920K)] 22705958K->1536429K(25755648K), 0.1247486 secs] [Times: user=4.30 sys=0.00, real=0.12 secs] 
6060.155: [GC (Allocation Failure) [PSYoungGen: 21756639K->726068K(22609920K)] 22639021K->1608834K(25755648K), 0.1350620 secs] [Times: user=4.71 sys=0.00, real=0.14 secs] 
6063.473: [GC (Allocation Failure) [PSYoungGen: 21828660K->721331K(22609920K)] 22711426K->1604457K(25755648K), 0.1328624 secs] [Times: user=4.70 sys=0.00, real=0.13 secs] 
6066.837: [GC (Allocation Failure) [PSYoungGen: 21823923K->680766K(22609920K)] 22707049K->1564252K(25755648K), 0.1269981 secs] [Times: user=4.49 sys=0.00, real=0.13 secs] 
6070.232: [GC (Allocation Failure) [PSYoungGen: 21783358K->763067K(22609920K)] 22666844K->1646945K(25755648K), 0.1394938 secs] [Times: user=4.94 sys=0.01, real=0.14 secs] 
6073.604: [GC (Allocation Failure) [PSYoungGen: 21865659K->695993K(22609920K)] 22749537K->1580232K(25755648K), 0.1298342 secs] [Times: user=4.51 sys=0.00, real=0.13 secs] 
6076.948: [GC (Allocation Failure) [PSYoungGen: 21798585K->690453K(22609920K)] 22682824K->1575076K(25755648K), 0.1284426 secs] [Times: user=4.53 sys=0.00, real=0.13 secs] 
6080.392: [GC (Allocation Failure) [PSYoungGen: 21793045K->683587K(22609920K)] 22677668K->1568561K(25755648K), 0.1256702 secs] [Times: user=4.45 sys=0.00, real=0.12 secs] 
6083.746: [GC (Allocation Failure) [PSYoungGen: 21786179K->690235K(22609920K)] 22671153K->1575594K(25755648K), 0.1274513 secs] [Times: user=4.51 sys=0.00, real=0.13 secs] 
6087.269: [GC (Allocation Failure) [PSYoungGen: 21792827K->674163K(22609920K)] 22678186K->1559874K(25755648K), 0.1258509 secs] [Times: user=4.45 sys=0.00, real=0.13 secs] 
6090.621: [GC (Allocation Failure) [PSYoungGen: 21776755K->659304K(22609920K)] 22662466K->1545399K(25755648K), 0.1230295 secs] [Times: user=4.33 sys=0.01, real=0.13 secs] 
6094.114: [GC (Allocation Failure) [PSYoungGen: 21761896K->689725K(22609920K)] 22647991K->1576179K(25755648K), 0.1283723 secs] [Times: user=4.52 sys=0.00, real=0.12 secs] 
6097.518: [GC (Allocation Failure) [PSYoungGen: 21792317K->679720K(22609920K)] 22678771K->1566566K(25755648K), 0.1284391 secs] [Times: user=4.50 sys=0.01, real=0.13 secs] 
6100.906: [GC (Allocation Failure) [PSYoungGen: 21782312K->720336K(22609920K)] 22669158K->1607535K(25755648K), 0.1333092 secs] [Times: user=4.71 sys=0.01, real=0.13 secs] 
6104.349: [GC (Allocation Failure) [PSYoungGen: 21822928K->718149K(22609920K)] 22710127K->1605708K(25755648K), 0.1349041 secs] [Times: user=4.72 sys=0.00, real=0.13 secs] 
6107.691: [GC (Allocation Failure) [PSYoungGen: 21820741K->653369K(22609920K)] 22708300K->1541311K(25755648K), 0.1226304 secs] [Times: user=4.33 sys=0.00, real=0.12 secs] 
6111.101: [GC (Allocation Failure) [PSYoungGen: 21755961K->671902K(22609920K)] 22643903K->1560205K(25755648K), 0.1252932 secs] [Times: user=4.43 sys=0.00, real=0.12 secs] 
6114.385: [GC (Allocation Failure) [PSYoungGen: 21774494K->748757K(22609920K)] 22662797K->1637411K(25755648K), 0.1375693 secs] [Times: user=4.85 sys=0.00, real=0.14 secs] 
6117.755: [GC (Allocation Failure) [PSYoungGen: 21851349K->655003K(22609920K)] 22740003K->1544042K(25755648K), 0.1229930 secs] [Times: user=4.35 sys=0.01, real=0.13 secs] 
6121.062: [GC (Allocation Failure) [PSYoungGen: 21757595K->715348K(22609920K)] 22646634K->1604738K(25755648K), 0.1322112 secs] [Times: user=4.68 sys=0.00, real=0.13 secs] 
6124.426: [GC (Allocation Failure) [PSYoungGen: 21817940K->719719K(22609920K)] 22707330K->1609461K(25755648K), 0.1325298 secs] [Times: user=4.68 sys=0.00, real=0.13 secs] 
6127.848: [GC (Allocation Failure) [PSYoungGen: 21822311K->655762K(22609920K)] 22712053K->1545888K(25755648K), 0.1225567 secs] [Times: user=4.30 sys=0.00, real=0.13 secs] 
6131.244: [GC (Allocation Failure) [PSYoungGen: 21758354K->723897K(22609920K)] 22648480K->1614391K(25755648K), 0.1342627 secs] [Times: user=4.74 sys=0.00, real=0.13 secs] 
6134.515: [GC (Allocation Failure) [PSYoungGen: 21826489K->752052K(22609920K)] 22716983K->1642930K(25755648K), 0.1376814 secs] [Times: user=4.87 sys=0.00, real=0.14 secs] 
6137.849: [GC (Allocation Failure) [PSYoungGen: 21854644K->673369K(22609920K)] 22745522K->1564600K(25755648K), 0.1262471 secs] [Times: user=4.44 sys=0.00, real=0.13 secs] 
6141.169: [GC (Allocation Failure) [PSYoungGen: 21775961K->734923K(22609920K)] 22667192K->1626538K(25755648K), 0.1368699 secs] [Times: user=4.84 sys=0.00, real=0.14 secs] 
6144.570: [GC (Allocation Failure) [PSYoungGen: 21837515K->707597K(22609920K)] 22729130K->1599564K(25755648K), 0.1316563 secs] [Times: user=4.62 sys=0.01, real=0.14 secs] 
6147.919: [GC (Allocation Failure) [PSYoungGen: 21810189K->719112K(22609920K)] 22702156K->1611439K(25755648K), 0.1340364 secs] [Times: user=4.73 sys=0.01, real=0.14 secs] 
6151.318: [GC (Allocation Failure) [PSYoungGen: 21821704K->696355K(22609920K)] 22714031K->1589065K(25755648K), 0.1299279 secs] [Times: user=4.54 sys=0.00, real=0.13 secs] 
6154.698: [GC (Allocation Failure) [PSYoungGen: 21798947K->666706K(22609920K)] 22691657K->1559776K(25755648K), 0.1247497 secs] [Times: user=4.39 sys=0.00, real=0.12 secs] 
6158.087: [GC (Allocation Failure) [PSYoungGen: 21769298K->707227K(22609920K)] 22662368K->1600690K(25755648K), 0.1303414 secs] [Times: user=4.61 sys=0.00, real=0.13 secs] 
6161.450: [GC (Allocation Failure) [PSYoungGen: 21809819K->668074K(22609920K)] 22703282K->1561888K(25755648K), 0.1254072 secs] [Times: user=4.35 sys=0.00, real=0.13 secs] 
6164.833: [GC (Allocation Failure) [PSYoungGen: 21770666K->709828K(22609920K)] 22664480K->1604002K(25755648K), 0.1315185 secs] [Times: user=4.63 sys=0.00, real=0.14 secs] 
6168.150: [GC (Allocation Failure) [PSYoungGen: 21812420K->678146K(22609920K)] 22706594K->1572705K(25755648K), 0.1249833 secs] [Times: user=4.41 sys=0.00, real=0.12 secs] 
6171.463: [GC (Allocation Failure) [PSYoungGen: 21780738K->729614K(22609920K)] 22675297K->1624533K(25755648K), 0.1348189 secs] [Times: user=4.71 sys=0.00, real=0.14 secs] 
6174.868: [GC (Allocation Failure) [PSYoungGen: 21832206K->682697K(22609920K)] 22727125K->1577984K(25755648K), 0.1264111 secs] [Times: user=4.46 sys=0.00, real=0.12 secs] 
6178.203: [GC (Allocation Failure) [PSYoungGen: 21785289K->676811K(22609920K)] 22680576K->1572482K(25755648K), 0.1248720 secs] [Times: user=4.41 sys=0.00, real=0.13 secs] 
6181.526: [GC (Allocation Failure) [PSYoungGen: 21779403K->737402K(22609920K)] 22675074K->1633432K(25755648K), 0.1361120 secs] [Times: user=4.81 sys=0.00, real=0.14 secs] 
6184.820: [GC (Allocation Failure) [PSYoungGen: 21839994K->704943K(22609920K)] 22736024K->1601333K(25755648K), 0.1307204 secs] [Times: user=4.59 sys=0.01, real=0.13 secs] 
6188.099: [GC (Allocation Failure) [PSYoungGen: 21807535K->738618K(22609920K)] 22703925K->1635417K(25755648K), 0.1367458 secs] [Times: user=4.83 sys=0.00, real=0.13 secs] 
6191.480: [GC (Allocation Failure) [PSYoungGen: 21841210K->700554K(22609920K)] 22738009K->1597720K(25755648K), 0.1299847 secs] [Times: user=4.58 sys=0.01, real=0.13 secs] 
6194.793: [GC (Allocation Failure) [PSYoungGen: 21803146K->722857K(22609920K)] 22700312K->1620384K(25755648K), 0.1328463 secs] [Times: user=4.70 sys=0.00, real=0.13 secs] 
6198.100: [GC (Allocation Failure) [PSYoungGen: 21825449K->660009K(22609920K)] 22722976K->1557920K(25755648K), 0.1233081 secs] [Times: user=4.35 sys=0.00, real=0.12 secs] 
6201.458: [GC (Allocation Failure) [PSYoungGen: 21762601K->706460K(22609920K)] 22660512K->1604730K(25755648K), 0.1294322 secs] [Times: user=4.55 sys=0.00, real=0.13 secs] 
6204.775: [GC (Allocation Failure) [PSYoungGen: 21809052K->728643K(22609920K)] 22707322K->1627306K(25755648K), 0.1358736 secs] [Times: user=4.75 sys=0.00, real=0.14 secs] 
6208.061: [GC (Allocation Failure) [PSYoungGen: 21831235K->713781K(22609920K)] 22729898K->1612796K(25755648K), 0.1334895 secs] [Times: user=4.72 sys=0.00, real=0.14 secs] 
6211.425: [GC (Allocation Failure) [PSYoungGen: 21816373K->755279K(22609920K)] 22715388K->1654654K(25755648K), 0.1385778 secs] [Times: user=4.89 sys=0.00, real=0.14 secs] 
6214.749: [GC (Allocation Failure) [PSYoungGen: 21857871K->675807K(22609920K)] 22757246K->1575573K(25755648K), 0.1254211 secs] [Times: user=4.43 sys=0.00, real=0.13 secs] 
6218.032: [GC (Allocation Failure) [PSYoungGen: 21778399K->729677K(22609920K)] 22678165K->1629803K(25755648K), 0.1349827 secs] [Times: user=4.77 sys=0.00, real=0.14 secs] 
6221.338: [GC (Allocation Failure) [PSYoungGen: 21832269K->755969K(22609920K)] 22732395K->1656455K(25755648K), 0.1408875 secs] [Times: user=4.91 sys=0.00, real=0.14 secs] 
6224.682: [GC (Allocation Failure) [PSYoungGen: 21858561K->681340K(22609920K)] 22759047K->1582210K(25755648K), 0.1276025 secs] [Times: user=4.50 sys=0.00, real=0.13 secs] 
6228.057: [GC (Allocation Failure) [PSYoungGen: 21783932K->718572K(22609920K)] 22684802K->1619810K(25755648K), 0.1339867 secs] [Times: user=4.74 sys=0.01, real=0.13 secs] 
6231.354: [GC (Allocation Failure) [PSYoungGen: 21821164K->757269K(22609920K)] 22722402K->1658867K(25755648K), 0.1391362 secs] [Times: user=4.88 sys=0.00, real=0.14 secs] 
6234.609: [GC (Allocation Failure) [PSYoungGen: 21859861K->727974K(22609920K)] 22761459K->1629980K(25755648K), 0.1346619 secs] [Times: user=4.76 sys=0.00, real=0.13 secs] 
6237.891: [GC (Allocation Failure) [PSYoungGen: 21830566K->739407K(22609920K)] 22732572K->1641774K(25755648K), 0.1370763 secs] [Times: user=4.85 sys=0.00, real=0.14 secs] 
6241.162: [GC (Allocation Failure) [PSYoungGen: 21841999K->748355K(22609920K)] 22744366K->1651089K(25755648K), 0.1389930 secs] [Times: user=4.81 sys=0.00, real=0.14 secs] 
6244.485: [GC (Allocation Failure) [PSYoungGen: 21850947K->781067K(22609920K)] 22753681K->1684194K(25755648K), 0.1430729 secs] [Times: user=5.06 sys=0.01, real=0.15 secs] 
6247.834: [GC (Allocation Failure) [PSYoungGen: 21883659K->687099K(22609920K)] 22786786K->1590585K(25755648K), 0.1277532 secs] [Times: user=4.49 sys=0.00, real=0.13 secs] 
6251.276: [GC (Allocation Failure) [PSYoungGen: 21789691K->707162K(22609920K)] 22693177K->1611000K(25755648K), 0.1319089 secs] [Times: user=4.64 sys=0.01, real=0.14 secs] 
6254.539: [GC (Allocation Failure) [PSYoungGen: 21809754K->750371K(22609920K)] 22713592K->1654601K(25755648K), 0.1373378 secs] [Times: user=4.86 sys=0.00, real=0.13 secs] 
6257.811: [GC (Allocation Failure) [PSYoungGen: 21852963K->688308K(22609920K)] 22757193K->1592898K(25755648K), 0.1285112 secs] [Times: user=4.55 sys=0.01, real=0.13 secs] 
6261.149: [GC (Allocation Failure) [PSYoungGen: 21790900K->703396K(22609920K)] 22695490K->1608338K(25755648K), 0.1302517 secs] [Times: user=4.61 sys=0.00, real=0.14 secs] 
6264.497: [GC (Allocation Failure) [PSYoungGen: 21805988K->713817K(22609920K)] 22710930K->1619152K(25755648K), 0.1324271 secs] [Times: user=4.68 sys=0.00, real=0.13 secs] 
6267.758: [GC (Allocation Failure) [PSYoungGen: 21816409K->710355K(22609920K)] 22721744K->1616049K(25755648K), 0.1325516 secs] [Times: user=4.63 sys=0.01, real=0.13 secs] 
6271.009: [GC (Allocation Failure) [PSYoungGen: 21812947K->701105K(22609920K)] 22718641K->1607160K(25755648K), 0.1307732 secs] [Times: user=4.63 sys=0.01, real=0.13 secs] 
6274.255: [GC (Allocation Failure) [PSYoungGen: 21803697K->769436K(22609920K)] 22709752K->1675874K(25755648K), 0.1401901 secs] [Times: user=4.97 sys=0.00, real=0.14 secs] 
6277.528: [GC (Allocation Failure) [PSYoungGen: 21872028K->698959K(22609920K)] 22778466K->1605765K(25755648K), 0.1291967 secs] [Times: user=4.56 sys=0.00, real=0.13 secs] 
6280.811: [GC (Allocation Failure) [PSYoungGen: 21801551K->700750K(22609920K)] 22708357K->1607924K(25755648K), 0.1291704 secs] [Times: user=4.57 sys=0.00, real=0.13 secs] 
6284.080: [GC (Allocation Failure) [PSYoungGen: 21803342K->678646K(22609920K)] 22710516K->1586197K(25755648K), 0.1269843 secs] [Times: user=4.49 sys=0.00, real=0.13 secs] 
6287.309: [GC (Allocation Failure) [PSYoungGen: 21781238K->769330K(22609920K)] 22688789K->1677264K(25755648K), 0.1429522 secs] [Times: user=5.00 sys=0.00, real=0.14 secs] 
6290.623: [GC (Allocation Failure) [PSYoungGen: 21871922K->666121K(22609920K)] 22779856K->1574423K(25755648K), 0.1249286 secs] [Times: user=4.38 sys=0.00, real=0.13 secs] 
6293.885: [GC (Allocation Failure) [PSYoungGen: 21768713K->756708K(22609920K)] 22677015K->1665371K(25755648K), 0.1432765 secs] [Times: user=4.88 sys=0.00, real=0.14 secs] 
6297.178: [GC (Allocation Failure) [PSYoungGen: 21859300K->694567K(22609920K)] 22767963K->1603622K(25755648K), 0.1278489 secs] [Times: user=4.52 sys=0.00, real=0.13 secs] 
6300.475: [GC (Allocation Failure) [PSYoungGen: 21797159K->715676K(22609920K)] 22706214K->1625090K(25755648K), 0.1311714 secs] [Times: user=4.64 sys=0.00, real=0.13 secs] 
6303.745: [GC (Allocation Failure) [PSYoungGen: 21818268K->735639K(22609920K)] 22727682K->1645406K(25755648K), 0.1362567 secs] [Times: user=4.81 sys=0.01, real=0.14 secs] 
6306.985: [GC (Allocation Failure) [PSYoungGen: 21838231K->745588K(22609920K)] 22747998K->1655754K(25755648K), 0.1381708 secs] [Times: user=4.82 sys=0.01, real=0.14 secs] 
6310.244: [GC (Allocation Failure) [PSYoungGen: 21848180K->695999K(22609920K)] 22758346K->1606534K(25755648K), 0.1304146 secs] [Times: user=4.51 sys=0.00, real=0.13 secs] 
6313.605: [GC (Allocation Failure) [PSYoungGen: 21798591K->715376K(22609920K)] 22709126K->1626271K(25755648K), 0.1319871 secs] [Times: user=4.67 sys=0.00, real=0.13 secs] 
6316.935: [GC (Allocation Failure) [PSYoungGen: 21817968K->697800K(22609920K)] 22728863K->1609086K(25755648K), 0.1297284 secs] [Times: user=4.59 sys=0.00, real=0.13 secs] 
6320.151: [GC (Allocation Failure) [PSYoungGen: 21800392K->726463K(22609920K)] 22711678K->1638117K(25755648K), 0.1346847 secs] [Times: user=4.76 sys=0.01, real=0.13 secs] 
6323.347: [GC (Allocation Failure) [PSYoungGen: 21829055K->768756K(22609920K)] 22740709K->1680763K(25755648K), 0.1418084 secs] [Times: user=5.02 sys=0.00, real=0.15 secs] 
6326.537: [GC (Allocation Failure) [PSYoungGen: 21871348K->728596K(22609920K)] 22783355K->1640971K(25755648K), 0.1347319 secs] [Times: user=4.76 sys=0.00, real=0.14 secs] 
6329.752: [GC (Allocation Failure) [PSYoungGen: 21831188K->734774K(22609920K)] 22743563K->1647532K(25755648K), 0.1361447 secs] [Times: user=4.82 sys=0.00, real=0.13 secs] 
6333.056: [GC (Allocation Failure) [PSYoungGen: 21837366K->700959K(22609920K)] 22750124K->1614077K(25755648K), 0.1315325 secs] [Times: user=4.58 sys=0.00, real=0.13 secs] 
6336.270: [GC (Allocation Failure) [PSYoungGen: 21803551K->726152K(22609920K)] 22716669K->1639630K(25755648K), 0.1346537 secs] [Times: user=4.73 sys=0.00, real=0.14 secs] 
6339.535: [GC (Allocation Failure) [PSYoungGen: 21828744K->782819K(22609920K)] 22742222K->1696690K(25755648K), 0.1429942 secs] [Times: user=5.06 sys=0.00, real=0.14 secs] 
6342.767: [GC (Allocation Failure) [PSYoungGen: 21885411K->688973K(22609920K)] 22799282K->1603204K(25755648K), 0.1317715 secs] [Times: user=4.47 sys=0.01, real=0.13 secs] 
6346.007: [GC (Allocation Failure) [PSYoungGen: 21791565K->739227K(22609920K)] 22705796K->1653818K(25755648K), 0.1400048 secs] [Times: user=4.83 sys=0.00, real=0.14 secs] 
6349.233: [GC (Allocation Failure) [PSYoungGen: 21841819K->758463K(22609920K)] 22756410K->1673421K(25755648K), 0.1384203 secs] [Times: user=4.90 sys=0.00, real=0.13 secs] 
6352.461: [GC (Allocation Failure) [PSYoungGen: 21861055K->739598K(22609920K)] 22776013K->1654940K(25755648K), 0.1363895 secs] [Times: user=4.81 sys=0.00, real=0.14 secs] 
6355.663: [GC (Allocation Failure) [PSYoungGen: 21842190K->718316K(22609920K)] 22757532K->1634011K(25755648K), 0.1353792 secs] [Times: user=4.70 sys=0.00, real=0.14 secs] 
6358.945: [GC (Allocation Failure) [PSYoungGen: 21820908K->753719K(22609920K)] 22736603K->1669774K(25755648K), 0.1379475 secs] [Times: user=4.88 sys=0.01, real=0.13 secs] 
6362.183: [GC (Allocation Failure) [PSYoungGen: 21856311K->688979K(22609920K)] 22772366K->1605401K(25755648K), 0.1278730 secs] [Times: user=4.53 sys=0.00, real=0.13 secs] 
6365.407: [GC (Allocation Failure) [PSYoungGen: 21791571K->745908K(22609920K)] 22707993K->1662722K(25755648K), 0.1369984 secs] [Times: user=4.84 sys=0.00, real=0.13 secs] 
6368.660: [GC (Allocation Failure) [PSYoungGen: 21848500K->711744K(22609920K)] 22765314K->1628918K(25755648K), 0.1316620 secs] [Times: user=4.66 sys=0.00, real=0.13 secs] 
6371.988: [GC (Allocation Failure) [PSYoungGen: 21814336K->744617K(22609920K)] 22731510K->1662151K(25755648K), 0.1370575 secs] [Times: user=4.85 sys=0.00, real=0.13 secs] 
6375.292: [GC (Allocation Failure) [PSYoungGen: 21847209K->784630K(22609920K)] 22764743K->1702533K(25755648K), 0.1443981 secs] [Times: user=5.11 sys=0.00, real=0.14 secs] 
6378.513: [GC (Allocation Failure) [PSYoungGen: 21887222K->752456K(22609920K)] 22805125K->1670759K(25755648K), 0.1381683 secs] [Times: user=4.84 sys=0.00, real=0.14 secs] 
6381.699: [GC (Allocation Failure) [PSYoungGen: 21855048K->709524K(22609920K)] 22773351K->1628194K(25755648K), 0.1308143 secs] [Times: user=4.62 sys=0.00, real=0.13 secs] 
6384.925: [GC (Allocation Failure) [PSYoungGen: 21812116K->703973K(22609920K)] 22730786K->1623011K(25755648K), 0.1327021 secs] [Times: user=4.54 sys=0.00, real=0.13 secs] 
6388.210: [GC (Allocation Failure) [PSYoungGen: 21806565K->722941K(22609920K)] 22725603K->1642339K(25755648K), 0.1325542 secs] [Times: user=4.69 sys=0.00, real=0.13 secs] 
6391.425: [GC (Allocation Failure) [PSYoungGen: 21825533K->738521K(22609920K)] 22744931K->1658303K(25755648K), 0.1352600 secs] [Times: user=4.76 sys=0.00, real=0.14 secs] 
6394.647: [GC (Allocation Failure) [PSYoungGen: 21841113K->718143K(22609920K)] 22760895K->1638293K(25755648K), 0.1336307 secs] [Times: user=4.73 sys=0.00, real=0.14 secs] 
6397.912: [GC (Allocation Failure) [PSYoungGen: 21820735K->739344K(22609920K)] 22740885K->1659862K(25755648K), 0.1367197 secs] [Times: user=4.84 sys=0.00, real=0.13 secs] 
6401.162: [GC (Allocation Failure) [PSYoungGen: 21841936K->757416K(22609920K)] 22762454K->1678294K(25755648K), 0.1401646 secs] [Times: user=4.92 sys=0.00, real=0.14 secs] 
6404.427: [GC (Allocation Failure) [PSYoungGen: 21860008K->769345K(22609920K)] 22780886K->1690623K(25755648K), 0.1413658 secs] [Times: user=5.00 sys=0.00, real=0.14 secs] 
6407.661: [GC (Allocation Failure) [PSYoungGen: 21871937K->719318K(22609920K)] 22793215K->1641052K(25755648K), 0.1341867 secs] [Times: user=4.74 sys=0.01, real=0.13 secs] 
6410.893: [GC (Allocation Failure) [PSYoungGen: 21821910K->708294K(22609920K)] 22743644K->1630397K(25755648K), 0.1307568 secs] [Times: user=4.63 sys=0.00, real=0.13 secs] 
6414.131: [GC (Allocation Failure) [PSYoungGen: 21810886K->703234K(22609920K)] 22732989K->1625953K(25755648K), 0.1313093 secs] [Times: user=4.60 sys=0.00, real=0.14 secs] 
6417.343: [GC (Allocation Failure) [PSYoungGen: 21805826K->755911K(22609920K)] 22728545K->1679037K(25755648K), 0.1380228 secs] [Times: user=4.88 sys=0.00, real=0.14 secs] 
6420.644: [GC (Allocation Failure) [PSYoungGen: 21858503K->690424K(22609920K)] 22781629K->1613911K(25755648K), 0.1281995 secs] [Times: user=4.53 sys=0.01, real=0.12 secs] 
6423.879: [GC (Allocation Failure) [PSYoungGen: 21793016K->720859K(22609920K)] 22716503K->1644705K(25755648K), 0.1338974 secs] [Times: user=4.73 sys=0.00, real=0.13 secs] 
6427.093: [GC (Allocation Failure) [PSYoungGen: 21823451K->732259K(22609920K)] 22747297K->1656465K(25755648K), 0.1360537 secs] [Times: user=4.73 sys=0.01, real=0.14 secs] 
6430.276: [GC (Allocation Failure) [PSYoungGen: 21834851K->769688K(22609920K)] 22759057K->1694294K(25755648K), 0.1426880 secs] [Times: user=4.99 sys=0.00, real=0.14 secs] 
6433.489: [GC (Allocation Failure) [PSYoungGen: 21872280K->764539K(22609920K)] 22796886K->1689514K(25755648K), 0.1408376 secs] [Times: user=4.98 sys=0.00, real=0.14 secs] 
6436.696: [GC (Allocation Failure) [PSYoungGen: 21867131K->722066K(22609920K)] 22792106K->1647393K(25755648K), 0.1344165 secs] [Times: user=4.73 sys=0.00, real=0.13 secs] 
6439.872: [GC (Allocation Failure) [PSYoungGen: 21824658K->743315K(22609920K)] 22749985K->1669010K(25755648K), 0.1392182 secs] [Times: user=4.82 sys=0.00, real=0.14 secs] 
6443.085: [GC (Allocation Failure) [PSYoungGen: 21845907K->737071K(22609920K)] 22771602K->1663157K(25755648K), 0.1371356 secs] [Times: user=4.77 sys=0.01, real=0.14 secs] 
6446.322: [GC (Allocation Failure) [PSYoungGen: 21839663K->726893K(22609920K)] 22765749K->1653339K(25755648K), 0.1335575 secs] [Times: user=4.72 sys=0.00, real=0.13 secs] 
6449.576: [GC (Allocation Failure) [PSYoungGen: 21829485K->787661K(22609920K)] 22755931K->1714475K(25755648K), 0.1440330 secs] [Times: user=5.07 sys=0.00, real=0.15 secs] 
6452.771: [GC (Allocation Failure) [PSYoungGen: 21890253K->738112K(22609920K)] 22817067K->1665287K(25755648K), 0.1357733 secs] [Times: user=4.79 sys=0.00, real=0.13 secs] 
6455.999: [GC (Allocation Failure) [PSYoungGen: 21840704K->698708K(22609920K)] 22767879K->1626275K(25755648K), 0.1298563 secs] [Times: user=4.58 sys=0.01, real=0.13 secs] 
6459.173: [GC (Allocation Failure) [PSYoungGen: 21801300K->759135K(22609920K)] 22728867K->1687062K(25755648K), 0.1392652 secs] [Times: user=4.91 sys=0.00, real=0.14 secs] 
6462.438: [GC (Allocation Failure) [PSYoungGen: 21861727K->788590K(22609920K)] 22789654K->1716892K(25755648K), 0.1442411 secs] [Times: user=5.10 sys=0.01, real=0.15 secs] 
6465.663: [GC (Allocation Failure) [PSYoungGen: 21891182K->721177K(22609920K)] 22819484K->1649840K(25755648K), 0.1333588 secs] [Times: user=4.71 sys=0.01, real=0.13 secs] 
6468.869: [GC (Allocation Failure) [PSYoungGen: 21823769K->778947K(22609920K)] 22752432K->1708001K(25755648K), 0.1437664 secs] [Times: user=5.09 sys=0.01, real=0.15 secs] 
6472.073: [GC (Allocation Failure) [PSYoungGen: 21881539K->704549K(22609920K)] 22810593K->1633963K(25755648K), 0.1304968 secs] [Times: user=4.61 sys=0.00, real=0.13 secs] 
6475.263: [GC (Allocation Failure) [PSYoungGen: 21807141K->752952K(22609920K)] 22736555K->1682726K(25755648K), 0.1369275 secs] [Times: user=4.84 sys=0.00, real=0.13 secs] 
6478.410: [GC (Allocation Failure) [PSYoungGen: 21855544K->745658K(22609920K)] 22785318K->1675793K(25755648K), 0.1379949 secs] [Times: user=4.89 sys=0.00, real=0.14 secs] 
6481.641: [GC (Allocation Failure) [PSYoungGen: 21848250K->751767K(22609920K)] 22778385K->1682262K(25755648K), 0.1387049 secs] [Times: user=4.90 sys=0.01, real=0.14 secs] 
6484.836: [GC (Allocation Failure) [PSYoungGen: 21854359K->722294K(22609920K)] 22784854K->1653181K(25755648K), 0.1330973 secs] [Times: user=4.71 sys=0.00, real=0.13 secs] 
6488.025: [GC (Allocation Failure) [PSYoungGen: 21824886K->738944K(22609920K)] 22755773K->1670199K(25755648K), 0.1370023 secs] [Times: user=4.82 sys=0.01, real=0.13 secs] 
6491.271: [GC (Allocation Failure) [PSYoungGen: 21841536K->769795K(22609920K)] 22772791K->1701417K(25755648K), 0.1416182 secs] [Times: user=5.00 sys=0.00, real=0.14 secs] 
6494.461: [GC (Allocation Failure) [PSYoungGen: 21872387K->770299K(22609920K)] 22804009K->1702289K(25755648K), 0.1403940 secs] [Times: user=4.94 sys=0.01, real=0.14 secs] 
6497.696: [GC (Allocation Failure) [PSYoungGen: 21872891K->724454K(22609920K)] 22804881K->1656805K(25755648K), 0.1343502 secs] [Times: user=4.72 sys=0.00, real=0.13 secs] 
6500.917: [GC (Allocation Failure) [PSYoungGen: 21827046K->720889K(22609920K)] 22759397K->1653632K(25755648K), 0.1324799 secs] [Times: user=4.69 sys=0.00, real=0.13 secs] 
6504.123: [GC (Allocation Failure) [PSYoungGen: 21823481K->750865K(22609920K)] 22756224K->1683967K(25755648K), 0.1391932 secs] [Times: user=4.90 sys=0.01, real=0.14 secs] 
6507.449: [GC (Allocation Failure) [PSYoungGen: 21853457K->677471K(22609920K)] 22786559K->1610933K(25755648K), 0.1281796 secs] [Times: user=4.40 sys=0.00, real=0.13 secs] 
6510.630: [GC (Allocation Failure) [PSYoungGen: 21780063K->729151K(22609920K)] 22713525K->1662973K(25755648K), 0.1345407 secs] [Times: user=4.75 sys=0.00, real=0.13 secs] 
6513.867: [GC (Allocation Failure) [PSYoungGen: 21831743K->644149K(22609920K)] 22765565K->1578363K(25755648K), 0.1221846 secs] [Times: user=4.31 sys=0.00, real=0.12 secs] 
6516.959: [GC (Allocation Failure) [PSYoungGen: 21746741K->735372K(22609920K)] 22680955K->1669946K(25755648K), 0.1356300 secs] [Times: user=4.79 sys=0.00, real=0.13 secs] 
6520.167: [GC (Allocation Failure) [PSYoungGen: 21837964K->676306K(22609920K)] 22772538K->1611249K(25755648K), 0.1261523 secs] [Times: user=4.45 sys=0.00, real=0.13 secs] 
6523.321: [GC (Allocation Failure) [PSYoungGen: 21778898K->728464K(22609920K)] 22713841K->1663838K(25755648K), 0.1356996 secs] [Times: user=4.71 sys=0.00, real=0.13 secs] 
6526.553: [GC (Allocation Failure) [PSYoungGen: 21831056K->672293K(22609920K)] 22766430K->1608027K(25755648K), 0.1247089 secs] [Times: user=4.39 sys=0.00, real=0.12 secs] 
6529.730: [GC (Allocation Failure) [PSYoungGen: 21774885K->681893K(22609920K)] 22710619K->1618011K(25755648K), 0.1269832 secs] [Times: user=4.48 sys=0.00, real=0.12 secs] 
6532.892: [GC (Allocation Failure) [PSYoungGen: 21784485K->629669K(22609920K)] 22720603K->1566163K(25755648K), 0.1178529 secs] [Times: user=4.15 sys=0.00, real=0.11 secs] 
6536.070: [GC (Allocation Failure) [PSYoungGen: 21732261K->651225K(22609920K)] 22668755K->1588072K(25755648K), 0.1223797 secs] [Times: user=4.26 sys=0.00, real=0.13 secs] 
6539.300: [GC (Allocation Failure) [PSYoungGen: 21753817K->654922K(22609920K)] 22690664K->1592145K(25755648K), 0.1228611 secs] [Times: user=4.26 sys=0.01, real=0.13 secs] 
6542.454: [GC (Allocation Failure) [PSYoungGen: 21757514K->733115K(22609920K)] 22694737K->1670705K(25755648K), 0.1335709 secs] [Times: user=4.72 sys=0.00, real=0.13 secs] 
6545.685: [GC (Allocation Failure) [PSYoungGen: 21835707K->680958K(22609920K)] 22773297K->1618940K(25755648K), 0.1273122 secs] [Times: user=4.46 sys=0.00, real=0.13 secs] 
6548.909: [GC (Allocation Failure) [PSYoungGen: 21783550K->686527K(22609920K)] 22721532K->1624861K(25755648K), 0.1280859 secs] [Times: user=4.46 sys=0.00, real=0.13 secs] 
6552.074: [GC (Allocation Failure) [PSYoungGen: 21789119K->693582K(22609920K)] 22727453K->1632276K(25755648K), 0.1296998 secs] [Times: user=4.47 sys=0.00, real=0.13 secs] 
6555.265: [GC (Allocation Failure) [PSYoungGen: 21796174K->701597K(22609920K)] 22734868K->1640652K(25755648K), 0.1283237 secs] [Times: user=4.53 sys=0.00, real=0.12 secs] 
6558.499: [GC (Allocation Failure) [PSYoungGen: 21804189K->736546K(22609920K)] 22743244K->1675968K(25755648K), 0.1350553 secs] [Times: user=4.77 sys=0.00, real=0.14 secs] 
6561.689: [GC (Allocation Failure) [PSYoungGen: 21839138K->697684K(22609920K)] 22778560K->1637474K(25755648K), 0.1302798 secs] [Times: user=4.52 sys=0.00, real=0.13 secs] 
6564.913: [GC (Allocation Failure) [PSYoungGen: 21800276K->684526K(22609920K)] 22740066K->1624676K(25755648K), 0.1263904 secs] [Times: user=4.47 sys=0.00, real=0.13 secs] 
6568.079: [GC (Allocation Failure) [PSYoungGen: 21787118K->722541K(22609920K)] 22727268K->1663052K(25755648K), 0.1330576 secs] [Times: user=4.70 sys=0.00, real=0.13 secs] 
6571.308: [GC (Allocation Failure) [PSYoungGen: 21825133K->764687K(22609920K)] 22765644K->1705566K(25755648K), 0.1399338 secs] [Times: user=4.94 sys=0.00, real=0.14 secs] 
6574.543: [GC (Allocation Failure) [PSYoungGen: 21867279K->795078K(22609920K)] 22808158K->1736324K(25755648K), 0.1460416 secs] [Times: user=5.16 sys=0.00, real=0.15 secs] 
6577.746: [GC (Allocation Failure) [PSYoungGen: 21897670K->695341K(22609920K)] 22838916K->1636948K(25755648K), 0.1307367 secs] [Times: user=4.62 sys=0.00, real=0.13 secs] 
6580.908: [GC (Allocation Failure) [PSYoungGen: 21797933K->690628K(22609920K)] 22739540K->1632643K(25755648K), 0.1283410 secs] [Times: user=4.53 sys=0.00, real=0.12 secs] 
6584.061: [GC (Allocation Failure) [PSYoungGen: 21793220K->739252K(22609920K)] 22735235K->1681627K(25755648K), 0.1375424 secs] [Times: user=4.83 sys=0.01, real=0.14 secs] 
6587.255: [GC (Allocation Failure) [PSYoungGen: 21841844K->738840K(22609920K)] 22784219K->1681583K(25755648K), 0.1349226 secs] [Times: user=4.77 sys=0.00, real=0.14 secs] 
6590.374: [GC (Allocation Failure) [PSYoungGen: 21841432K->781646K(22609920K)] 22784175K->1724748K(25755648K), 0.1412984 secs] [Times: user=5.00 sys=0.01, real=0.14 secs] 
6593.515: [GC (Allocation Failure) [PSYoungGen: 21884238K->793535K(22609920K)] 22827340K->1737029K(25755648K), 0.1441046 secs] [Times: user=5.09 sys=0.00, real=0.14 secs] 
6596.766: [GC (Allocation Failure) [PSYoungGen: 21896127K->742987K(22609920K)] 22839621K->1686857K(25755648K), 0.1365775 secs] [Times: user=4.82 sys=0.01, real=0.14 secs] 
6599.940: [GC (Allocation Failure) [PSYoungGen: 21845579K->727112K(22609920K)] 22789449K->1671343K(25755648K), 0.1363370 secs] [Times: user=4.74 sys=0.00, real=0.14 secs] 
6603.051: [GC (Allocation Failure) [PSYoungGen: 21829704K->730333K(22609920K)] 22773935K->1674931K(25755648K), 0.1344804 secs] [Times: user=4.76 sys=0.00, real=0.14 secs] 
6606.165: [GC (Allocation Failure) [PSYoungGen: 21832925K->748322K(22609920K)] 22777523K->1693297K(25755648K), 0.1359779 secs] [Times: user=4.81 sys=0.00, real=0.14 secs] 
6609.380: [GC (Allocation Failure) [PSYoungGen: 21850914K->800451K(22609920K)] 22795889K->1745818K(25755648K), 0.1457520 secs] [Times: user=5.15 sys=0.01, real=0.15 secs] 
6612.547: [GC (Allocation Failure) [PSYoungGen: 21903043K->781334K(22609920K)] 22848410K->1727069K(25755648K), 0.1421766 secs] [Times: user=4.99 sys=0.00, real=0.14 secs] 
6615.740: [GC (Allocation Failure) [PSYoungGen: 21883926K->828811K(22609920K)] 22829661K->1774905K(25755648K), 0.1519667 secs] [Times: user=5.39 sys=0.00, real=0.15 secs] 
6618.893: [GC (Allocation Failure) [PSYoungGen: 21931403K->690584K(22609920K)] 22877497K->1637038K(25755648K), 0.1278898 secs] [Times: user=4.50 sys=0.01, real=0.13 secs] 
6622.030: [GC (Allocation Failure) [PSYoungGen: 21793176K->731368K(22609920K)] 22739630K->1678182K(25755648K), 0.1339770 secs] [Times: user=4.73 sys=0.00, real=0.13 secs] 
6625.161: [GC (Allocation Failure) [PSYoungGen: 21833960K->743940K(22609920K)] 22780774K->1691138K(25755648K), 0.1372741 secs] [Times: user=4.85 sys=0.00, real=0.14 secs] 
6628.318: [GC (Allocation Failure) [PSYoungGen: 21846532K->747480K(22609920K)] 22793730K->1695046K(25755648K), 0.1362472 secs] [Times: user=4.83 sys=0.00, real=0.13 secs] 
6631.470: [GC (Allocation Failure) [PSYoungGen: 21850072K->743901K(22609920K)] 22797638K->1691836K(25755648K), 0.1372135 secs] [Times: user=4.82 sys=0.00, real=0.14 secs] 
6634.614: [GC (Allocation Failure) [PSYoungGen: 21846493K->842981K(22609920K)] 22794428K->1791276K(25755648K), 0.1529597 secs] [Times: user=5.42 sys=0.01, real=0.16 secs] 
6637.794: [GC (Allocation Failure) [PSYoungGen: 21945573K->767950K(22609920K)] 22893868K->1716605K(25755648K), 0.1436818 secs] [Times: user=5.02 sys=0.00, real=0.15 secs] 
6640.944: [GC (Allocation Failure) [PSYoungGen: 21870542K->784444K(22609920K)] 22819197K->1733531K(25755648K), 0.1439174 secs] [Times: user=5.08 sys=0.00, real=0.15 secs] 
6644.142: [GC (Allocation Failure) [PSYoungGen: 21887036K->758808K(22609920K)] 22836123K->1708279K(25755648K), 0.1407970 secs] [Times: user=4.97 sys=0.00, real=0.14 secs] 
6647.311: [GC (Allocation Failure) [PSYoungGen: 21861400K->745757K(22609920K)] 22810871K->1695596K(25755648K), 0.1370827 secs] [Times: user=4.84 sys=0.00, real=0.13 secs] 
6650.414: [GC (Allocation Failure) [PSYoungGen: 21848349K->768439K(22609920K)] 22798188K->1718645K(25755648K), 0.1397752 secs] [Times: user=4.94 sys=0.00, real=0.14 secs] 
6653.567: [GC (Allocation Failure) [PSYoungGen: 21871031K->801235K(22609920K)] 22821237K->1751809K(25755648K), 0.1476625 secs] [Times: user=5.13 sys=0.00, real=0.15 secs] 
6656.682: [GC (Allocation Failure) [PSYoungGen: 21903827K->739340K(22609920K)] 22854401K->1690266K(25755648K), 0.1365529 secs] [Times: user=4.77 sys=0.01, real=0.13 secs] 
6659.793: [GC (Allocation Failure) [PSYoungGen: 21841932K->776752K(22609920K)] 22792858K->1728038K(25755648K), 0.1421290 secs] [Times: user=5.03 sys=0.00, real=0.14 secs] 
6662.976: [GC (Allocation Failure) [PSYoungGen: 21879344K->741078K(22609920K)] 22830630K->1692757K(25755648K), 0.1367473 secs] [Times: user=4.84 sys=0.00, real=0.14 secs] 
6666.063: [GC (Allocation Failure) [PSYoungGen: 21843670K->735931K(22609920K)] 22795349K->1688001K(25755648K), 0.1366730 secs] [Times: user=4.82 sys=0.00, real=0.13 secs] 
6669.191: [GC (Allocation Failure) [PSYoungGen: 21838523K->729300K(22609920K)] 22790593K->1681739K(25755648K), 0.1343165 secs] [Times: user=4.74 sys=0.01, real=0.14 secs] 
6672.315: [GC (Allocation Failure) [PSYoungGen: 21831892K->805761K(22609920K)] 22784331K->1758568K(25755648K), 0.1475783 secs] [Times: user=5.22 sys=0.00, real=0.15 secs] 
6675.498: [GC (Allocation Failure) [PSYoungGen: 21908353K->851729K(22609920K)] 22861160K->1804911K(25755648K), 0.1545246 secs] [Times: user=5.48 sys=0.00, real=0.16 secs] 
6678.662: [GC (Allocation Failure) [PSYoungGen: 21954321K->785275K(22609920K)] 22907503K->1738809K(25755648K), 0.1448624 secs] [Times: user=4.98 sys=0.00, real=0.15 secs] 
6681.772: [GC (Allocation Failure) [PSYoungGen: 21887867K->706386K(22609920K)] 22841401K->1660280K(25755648K), 0.1309157 secs] [Times: user=4.62 sys=0.00, real=0.13 secs] 
6684.902: [GC (Allocation Failure) [PSYoungGen: 21808978K->704737K(22609920K)] 22762872K->1659023K(25755648K), 0.1304102 secs] [Times: user=4.60 sys=0.00, real=0.13 secs] 
6688.015: [GC (Allocation Failure) [PSYoungGen: 21807329K->729193K(22609920K)] 22761615K->1683848K(25755648K), 0.1343764 secs] [Times: user=4.75 sys=0.00, real=0.13 secs] 
6691.165: [GC (Allocation Failure) [PSYoungGen: 21831785K->749125K(22609920K)] 22786440K->1704139K(25755648K), 0.1384581 secs] [Times: user=4.90 sys=0.00, real=0.13 secs] 
6694.279: [GC (Allocation Failure) [PSYoungGen: 21851717K->744990K(22609920K)] 22806731K->1700373K(25755648K), 0.1380188 secs] [Times: user=4.83 sys=0.01, real=0.14 secs] 
6697.407: [GC (Allocation Failure) [PSYoungGen: 21847582K->749427K(22609920K)] 22802965K->1705169K(25755648K), 0.1387442 secs] [Times: user=4.91 sys=0.00, real=0.14 secs] 
6700.514: [GC (Allocation Failure) [PSYoungGen: 21852019K->846436K(22609920K)] 22807761K->1802554K(25755648K), 0.1546101 secs] [Times: user=5.47 sys=0.00, real=0.16 secs] 
6703.646: [GC (Allocation Failure) [PSYoungGen: 21949028K->725558K(22609920K)] 22905146K->1682060K(25755648K), 0.1350495 secs] [Times: user=4.75 sys=0.00, real=0.14 secs] 
6706.774: [GC (Allocation Failure) [PSYoungGen: 21828150K->705189K(22609920K)] 22784652K->1662067K(25755648K), 0.1299965 secs] [Times: user=4.59 sys=0.00, real=0.13 secs] 
6709.924: [GC (Allocation Failure) [PSYoungGen: 21807781K->696671K(22609920K)] 22764659K->1653917K(25755648K), 0.1290673 secs] [Times: user=4.56 sys=0.00, real=0.13 secs] 
6713.061: [GC (Allocation Failure) [PSYoungGen: 21799263K->733165K(22609920K)] 22756509K->1690787K(25755648K), 0.1352018 secs] [Times: user=4.76 sys=0.00, real=0.13 secs] 
6716.263: [GC (Allocation Failure) [PSYoungGen: 21835757K->755992K(22609920K)] 22793379K->1713974K(25755648K), 0.1382588 secs] [Times: user=4.89 sys=0.00, real=0.14 secs] 
6719.391: [GC (Allocation Failure) [PSYoungGen: 21858584K->743416K(22609920K)] 22816566K->1701767K(25755648K), 0.1363667 secs] [Times: user=4.83 sys=0.00, real=0.13 secs] 
6722.539: [GC (Allocation Failure) [PSYoungGen: 21846008K->752397K(22609920K)] 22804359K->1711115K(25755648K), 0.1378985 secs] [Times: user=4.87 sys=0.00, real=0.14 secs] 
6725.602: [GC (Allocation Failure) [PSYoungGen: 21854989K->714980K(22609920K)] 22813707K->1674067K(25755648K), 0.1339331 secs] [Times: user=4.61 sys=0.00, real=0.13 secs] 
6728.670: [GC (Allocation Failure) [PSYoungGen: 21817572K->732470K(22609920K)] 22776659K->1691941K(25755648K), 0.1348890 secs] [Times: user=4.76 sys=0.00, real=0.14 secs] 
6731.825: [GC (Allocation Failure) [PSYoungGen: 21835062K->771983K(22609920K)] 22794533K->1731814K(25755648K), 0.1423673 secs] [Times: user=5.03 sys=0.00, real=0.14 secs] 
6734.959: [GC (Allocation Failure) [PSYoungGen: 21874575K->794437K(22609920K)] 22834406K->1754643K(25755648K), 0.1469019 secs] [Times: user=5.17 sys=0.00, real=0.15 secs] 
6738.119: [GC (Allocation Failure) [PSYoungGen: 21897029K->728002K(22609920K)] 22857235K->1688576K(25755648K), 0.1349872 secs] [Times: user=4.76 sys=0.00, real=0.14 secs] 
6741.192: [GC (Allocation Failure) [PSYoungGen: 21830594K->721840K(22609920K)] 22791168K->1682782K(25755648K), 0.1326218 secs] [Times: user=4.69 sys=0.00, real=0.14 secs] 
6744.300: [GC (Allocation Failure) [PSYoungGen: 21824432K->746543K(22609920K)] 22785374K->1707853K(25755648K), 0.1370776 secs] [Times: user=4.85 sys=0.00, real=0.14 secs] 
6747.435: [GC (Allocation Failure) [PSYoungGen: 21849135K->789420K(22609920K)] 22810445K->1751090K(25755648K), 0.1447714 secs] [Times: user=5.07 sys=0.01, real=0.14 secs] 
6750.538: [GC (Allocation Failure) [PSYoungGen: 21892012K->766362K(22609920K)] 22853682K->1728433K(25755648K), 0.1407196 secs] [Times: user=4.92 sys=0.00, real=0.14 secs] 
6753.625: [GC (Allocation Failure) [PSYoungGen: 21868954K->784794K(22609920K)] 22831025K->1747232K(25755648K), 0.1434203 secs] [Times: user=5.08 sys=0.00, real=0.14 secs] 
6756.707: [GC (Allocation Failure) [PSYoungGen: 21887386K->712974K(22609920K)] 22849824K->1675773K(25755648K), 0.1320324 secs] [Times: user=4.66 sys=0.00, real=0.13 secs] 
6759.821: [GC (Allocation Failure) [PSYoungGen: 21815566K->800911K(22609920K)] 22778365K->1764078K(25755648K), 0.1472121 secs] [Times: user=5.22 sys=0.00, real=0.15 secs] 
6762.889: [GC (Allocation Failure) [PSYoungGen: 21903503K->741747K(22609920K)] 22866670K->1705281K(25755648K), 0.1375522 secs] [Times: user=4.81 sys=0.00, real=0.14 secs] 
6765.965: [GC (Allocation Failure) [PSYoungGen: 21844339K->726851K(22609920K)] 22807873K->1690746K(25755648K), 0.1371234 secs] [Times: user=4.74 sys=0.00, real=0.14 secs] 
6769.122: [GC (Allocation Failure) [PSYoungGen: 21829443K->703743K(22609920K)] 22793338K->1668005K(25755648K), 0.1317836 secs] [Times: user=4.53 sys=0.01, real=0.13 secs] 
6772.278: [GC (Allocation Failure) [PSYoungGen: 21806335K->717425K(22609920K)] 22770597K->1682047K(25755648K), 0.1326415 secs] [Times: user=4.68 sys=0.00, real=0.13 secs] 
6775.442: [GC (Allocation Failure) [PSYoungGen: 21820017K->770777K(22609920K)] 22784639K->1735768K(25755648K), 0.1405612 secs] [Times: user=4.96 sys=0.00, real=0.14 secs] 
6778.545: [GC (Allocation Failure) [PSYoungGen: 21873369K->758675K(22609920K)] 22838360K->1724066K(25755648K), 0.1392213 secs] [Times: user=4.92 sys=0.00, real=0.14 secs] 
6781.571: [GC (Allocation Failure) [PSYoungGen: 21861267K->782756K(22609920K)] 22826658K->1748514K(25755648K), 0.1442908 secs] [Times: user=5.08 sys=0.00, real=0.14 secs] 
6784.703: [GC (Allocation Failure) [PSYoungGen: 21885348K->734066K(22609920K)] 22851106K->1700192K(25755648K), 0.1356304 secs] [Times: user=4.78 sys=0.00, real=0.14 secs] 
6787.799: [GC (Allocation Failure) [PSYoungGen: 21836658K->792295K(22609920K)] 22802784K->1758781K(25755648K), 0.1477539 secs] [Times: user=5.14 sys=0.00, real=0.15 secs] 
6790.947: [GC (Allocation Failure) [PSYoungGen: 21894887K->734006K(22609920K)] 22861373K->1700869K(25755648K), 0.1371287 secs] [Times: user=4.84 sys=0.00, real=0.14 secs] 
6794.013: [GC (Allocation Failure) [PSYoungGen: 21836598K->762668K(22609920K)] 22803461K->1729890K(25755648K), 0.1412808 secs] [Times: user=4.98 sys=0.00, real=0.14 secs] 
6797.136: [GC (Allocation Failure) [PSYoungGen: 21865260K->756692K(22609920K)] 22832482K->1724274K(25755648K), 0.1401509 secs] [Times: user=4.92 sys=0.01, real=0.14 secs] 
6800.213: [GC (Allocation Failure) [PSYoungGen: 21859284K->739317K(22609920K)] 22826866K->1707252K(25755648K), 0.1383599 secs] [Times: user=4.78 sys=0.01, real=0.14 secs] 
6803.280: [GC (Allocation Failure) [PSYoungGen: 21841909K->761258K(22609920K)] 22809844K->1729576K(25755648K), 0.1403192 secs] [Times: user=4.93 sys=0.00, real=0.14 secs] 
6806.409: [GC (Allocation Failure) [PSYoungGen: 21863850K->734524K(22609920K)] 22832168K->1703226K(25755648K), 0.1372296 secs] [Times: user=4.85 sys=0.00, real=0.14 secs] 
6809.540: [GC (Allocation Failure) [PSYoungGen: 21837116K->766373K(22609920K)] 22805818K->1735444K(25755648K), 0.1410797 secs] [Times: user=4.99 sys=0.00, real=0.14 secs] 
6812.655: [GC (Allocation Failure) [PSYoungGen: 21868965K->779975K(22609920K)] 22838036K->1749422K(25755648K), 0.1439075 secs] [Times: user=5.06 sys=0.00, real=0.14 secs] 
6815.794: [GC (Allocation Failure) [PSYoungGen: 21882567K->754130K(22609920K)] 22852014K->1723945K(25755648K), 0.1387621 secs] [Times: user=4.91 sys=0.00, real=0.13 secs] 
6818.851: [GC (Allocation Failure) [PSYoungGen: 21856722K->709023K(22609920K)] 22826537K->1679206K(25755648K), 0.1322188 secs] [Times: user=4.59 sys=0.00, real=0.13 secs] 
6821.956: [GC (Allocation Failure) [PSYoungGen: 21811615K->723827K(22609920K)] 22781798K->1694370K(25755648K), 0.1372882 secs] [Times: user=4.77 sys=0.00, real=0.13 secs] 
6825.017: [GC (Allocation Failure) [PSYoungGen: 21826419K->700193K(22609920K)] 22796962K->1671119K(25755648K), 0.1310223 secs] [Times: user=4.63 sys=0.01, real=0.13 secs] 
6828.127: [GC (Allocation Failure) [PSYoungGen: 21802785K->789557K(22609920K)] 22773711K->1760843K(25755648K), 0.1460218 secs] [Times: user=5.09 sys=0.00, real=0.14 secs] 
6831.303: [GC (Allocation Failure) [PSYoungGen: 21892149K->777010K(22609920K)] 22863435K->1748689K(25755648K), 0.1426370 secs] [Times: user=5.05 sys=0.00, real=0.15 secs] 
6834.395: [GC (Allocation Failure) [PSYoungGen: 21879602K->784466K(22609920K)] 22851281K->1756512K(25755648K), 0.1440902 secs] [Times: user=5.10 sys=0.00, real=0.15 secs] 
6837.429: [GC (Allocation Failure) [PSYoungGen: 21887058K->704579K(22609920K)] 22859104K->1676986K(25755648K), 0.1324292 secs] [Times: user=4.64 sys=0.00, real=0.13 secs] 
6840.486: [GC (Allocation Failure) [PSYoungGen: 21807171K->749402K(22609920K)] 22779578K->1722176K(25755648K), 0.1376178 secs] [Times: user=4.87 sys=0.01, real=0.14 secs] 
6843.606: [GC (Allocation Failure) [PSYoungGen: 21851994K->798680K(22609920K)] 22824768K->1771831K(25755648K), 0.1464246 secs] [Times: user=5.16 sys=0.00, real=0.15 secs] 
6846.715: [GC (Allocation Failure) [PSYoungGen: 21901272K->728927K(22609920K)] 22874423K->1702453K(25755648K), 0.1349765 secs] [Times: user=4.75 sys=0.00, real=0.14 secs] 
6849.790: [GC (Allocation Failure) [PSYoungGen: 21831519K->738588K(22609920K)] 22805045K->1712483K(25755648K), 0.1364402 secs] [Times: user=4.77 sys=0.00, real=0.13 secs] 
6852.885: [GC (Allocation Failure) [PSYoungGen: 21841180K->815667K(22609920K)] 22815075K->1789938K(25755648K), 0.1479575 secs] [Times: user=5.24 sys=0.00, real=0.15 secs] 
6855.976: [GC (Allocation Failure) [PSYoungGen: 21918259K->739422K(22609920K)] 22892530K->1714060K(25755648K), 0.1375985 secs] [Times: user=4.82 sys=0.00, real=0.14 secs] 
6859.125: [GC (Allocation Failure) [PSYoungGen: 21842014K->750624K(22609920K)] 22816652K->1725638K(25755648K), 0.1370266 secs] [Times: user=4.85 sys=0.01, real=0.14 secs] 
6862.151: [GC (Allocation Failure) [PSYoungGen: 21853216K->773278K(22609920K)] 22828230K->1748668K(25755648K), 0.1429558 secs] [Times: user=5.02 sys=0.00, real=0.14 secs] 
6865.260: [GC (Allocation Failure) [PSYoungGen: 21875870K->796417K(22609920K)] 22851260K->1772200K(25755648K), 0.1449558 secs] [Times: user=5.13 sys=0.01, real=0.15 secs] 
6868.370: [GC (Allocation Failure) [PSYoungGen: 21899009K->780921K(22609920K)] 22874792K->1757072K(25755648K), 0.1416576 secs] [Times: user=5.02 sys=0.00, real=0.15 secs] 
6871.482: [GC (Allocation Failure) [PSYoungGen: 21883513K->738956K(22609920K)] 22859664K->1715475K(25755648K), 0.1367170 secs] [Times: user=4.83 sys=0.00, real=0.14 secs] 
6874.574: [GC (Allocation Failure) [PSYoungGen: 21841548K->769915K(22609920K)] 22818067K->1746770K(25755648K), 0.1403773 secs] [Times: user=4.97 sys=0.00, real=0.14 secs] 
6877.636: [GC (Allocation Failure) [PSYoungGen: 21872507K->829606K(22609920K)] 22849362K->1806869K(25755648K), 0.1518466 secs] [Times: user=5.36 sys=0.00, real=0.15 secs] 
6880.790: [GC (Allocation Failure) [PSYoungGen: 21932198K->721314K(22609920K)] 22909461K->1698921K(25755648K), 0.1333875 secs] [Times: user=4.73 sys=0.00, real=0.14 secs] 
6883.865: [GC (Allocation Failure) [PSYoungGen: 21823906K->720577K(22609920K)] 22801513K->1698560K(25755648K), 0.1340953 secs] [Times: user=4.68 sys=0.00, real=0.13 secs] 
6886.955: [GC (Allocation Failure) [PSYoungGen: 21823169K->813145K(22609920K)] 22801152K->1791487K(25755648K), 0.1469215 secs] [Times: user=5.22 sys=0.00, real=0.14 secs] 
6890.042: [GC (Allocation Failure) [PSYoungGen: 21915737K->722296K(22609920K)] 22894079K->1700991K(25755648K), 0.1332188 secs] [Times: user=4.71 sys=0.00, real=0.14 secs] 
6893.104: [GC (Allocation Failure) [PSYoungGen: 21824888K->717586K(22609920K)] 22803583K->1696680K(25755648K), 0.1348116 secs] [Times: user=4.67 sys=0.00, real=0.14 secs] 
6896.226: [GC (Allocation Failure) [PSYoungGen: 21820178K->776389K(22609920K)] 22799272K->1755851K(25755648K), 0.1425842 secs] [Times: user=5.01 sys=0.01, real=0.14 secs] 
6899.353: [GC (Allocation Failure) [PSYoungGen: 21878981K->797793K(22609920K)] 22858443K->1777591K(25755648K), 0.1446564 secs] [Times: user=5.13 sys=0.00, real=0.15 secs] 
6902.441: [GC (Allocation Failure) [PSYoungGen: 21900385K->737837K(22609920K)] 22880183K->1718043K(25755648K), 0.1360585 secs] [Times: user=4.81 sys=0.00, real=0.14 secs] 
6905.455: [GC (Allocation Failure) [PSYoungGen: 21840429K->791098K(22609920K)] 22820635K->1771656K(25755648K), 0.1455685 secs] [Times: user=5.06 sys=0.00, real=0.15 secs] 
6908.558: [GC (Allocation Failure) [PSYoungGen: 21893690K->741242K(22609920K)] 22874248K->1722201K(25755648K), 0.1368889 secs] [Times: user=4.82 sys=0.01, real=0.13 secs] 
6911.696: [GC (Allocation Failure) [PSYoungGen: 21843834K->772659K(22609920K)] 22824793K->1753977K(25755648K), 0.1448417 secs] [Times: user=4.91 sys=0.00, real=0.15 secs] 
6914.825: [GC (Allocation Failure) [PSYoungGen: 21875251K->782137K(22609920K)] 22856569K->1763839K(25755648K), 0.1433260 secs] [Times: user=5.08 sys=0.00, real=0.14 secs] 
6917.934: [GC (Allocation Failure) [PSYoungGen: 21884729K->774015K(22609920K)] 22866431K->1756125K(25755648K), 0.1436659 secs] [Times: user=5.03 sys=0.01, real=0.14 secs] 
6921.009: [GC (Allocation Failure) [PSYoungGen: 21876607K->802905K(22609920K)] 22858717K->1785384K(25755648K), 0.1463906 secs] [Times: user=5.18 sys=0.00, real=0.15 secs] 
6924.098: [GC (Allocation Failure) [PSYoungGen: 21905497K->877323K(22609920K)] 22887976K->1860170K(25755648K), 0.1577478 secs] [Times: user=5.58 sys=0.00, real=0.16 secs] 
6927.199: [GC (Allocation Failure) [PSYoungGen: 21979915K->762770K(22609920K)] 22962762K->1746008K(25755648K), 0.1393433 secs] [Times: user=4.93 sys=0.00, real=0.14 secs] 
6930.222: [GC (Allocation Failure) [PSYoungGen: 21865362K->730455K(22609920K)] 22848600K->1714061K(25755648K), 0.1360988 secs] [Times: user=4.75 sys=0.00, real=0.13 secs] 
6933.320: [GC (Allocation Failure) [PSYoungGen: 21833047K->796766K(22609920K)] 22816653K->1780701K(25755648K), 0.1463526 secs] [Times: user=5.19 sys=0.00, real=0.15 secs] 
6936.454: [GC (Allocation Failure) [PSYoungGen: 21899358K->786515K(22609920K)] 22883293K->1770858K(25755648K), 0.1435907 secs] [Times: user=5.08 sys=0.00, real=0.14 secs] 
6939.532: [GC (Allocation Failure) [PSYoungGen: 21889107K->752690K(22609920K)] 22873450K->1737408K(25755648K), 0.1385737 secs] [Times: user=4.91 sys=0.00, real=0.14 secs] 
6942.638: [GC (Allocation Failure) [PSYoungGen: 21855282K->769876K(22609920K)] 22840000K->1754954K(25755648K), 0.1420313 secs] [Times: user=5.03 sys=0.01, real=0.14 secs] 
6945.697: [GC (Allocation Failure) [PSYoungGen: 21872468K->834328K(22609920K)] 22857546K->1819751K(25755648K), 0.1523095 secs] [Times: user=5.39 sys=0.00, real=0.15 secs] 
6948.746: [GC (Allocation Failure) [PSYoungGen: 21936920K->836056K(22609920K)] 22922343K->1821879K(25755648K), 0.1514725 secs] [Times: user=5.38 sys=0.01, real=0.15 secs] 
6951.919: [GC (Allocation Failure) [PSYoungGen: 21938648K->790163K(22609920K)] 22924471K->1776354K(25755648K), 0.1459498 secs] [Times: user=5.12 sys=0.01, real=0.15 secs] 
6955.067: [GC (Allocation Failure) [PSYoungGen: 21892755K->832369K(22609920K)] 22878946K->1818927K(25755648K), 0.1519289 secs] [Times: user=5.39 sys=0.00, real=0.15 secs] 
6958.144: [GC (Allocation Failure) [PSYoungGen: 21934961K->787647K(22609920K)] 22921519K->1774574K(25755648K), 0.1446542 secs] [Times: user=5.08 sys=0.00, real=0.15 secs] 
6961.254: [GC (Allocation Failure) [PSYoungGen: 21890239K->725149K(22609920K)] 22877166K->1712427K(25755648K), 0.1336483 secs] [Times: user=4.73 sys=0.00, real=0.14 secs] 
6964.336: [GC (Allocation Failure) [PSYoungGen: 21827741K->831228K(22609920K)] 22815019K->1818915K(25755648K), 0.1521940 secs] [Times: user=5.39 sys=0.00, real=0.16 secs] 
6967.393: [GC (Allocation Failure) [PSYoungGen: 21933820K->887121K(22609920K)] 22921507K->1875159K(25755648K), 0.1576702 secs] [Times: user=5.58 sys=0.00, real=0.16 secs] 
6970.515: [GC (Allocation Failure) [PSYoungGen: 21989713K->843712K(22609920K)] 22977751K->1832094K(25755648K), 0.1481761 secs] [Times: user=5.25 sys=0.00, real=0.15 secs] 
6973.622: [GC (Allocation Failure) [PSYoungGen: 21946304K->815903K(22609920K)] 22934686K->1804694K(25755648K), 0.1494229 secs] [Times: user=5.28 sys=0.01, real=0.15 secs] 
6976.709: [GC (Allocation Failure) [PSYoungGen: 21918495K->728948K(22609920K)] 22907286K->1718106K(25755648K), 0.1355201 secs] [Times: user=4.69 sys=0.00, real=0.13 secs] 
6979.808: [GC (Allocation Failure) [PSYoungGen: 21831540K->751553K(22609920K)] 22820698K->1741072K(25755648K), 0.1390209 secs] [Times: user=4.92 sys=0.00, real=0.14 secs] 
6982.896: [GC (Allocation Failure) [PSYoungGen: 21854145K->777232K(22609920K)] 22843664K->1767103K(25755648K), 0.1427727 secs] [Times: user=5.06 sys=0.00, real=0.14 secs] 
6986.015: [GC (Allocation Failure) [PSYoungGen: 21879824K->735245K(22609920K)] 22869695K->1725515K(25755648K), 0.1353292 secs] [Times: user=4.79 sys=0.01, real=0.14 secs] 
6989.037: [GC (Allocation Failure) [PSYoungGen: 21837837K->743886K(22609920K)] 22828107K->1734516K(25755648K), 0.1390892 secs] [Times: user=4.83 sys=0.00, real=0.14 secs] 
6992.188: [GC (Allocation Failure) [PSYoungGen: 21846478K->776141K(22609920K)] 22837108K->1767123K(25755648K), 0.1418508 secs] [Times: user=5.02 sys=0.01, real=0.14 secs] 
6995.259: [GC (Allocation Failure) [PSYoungGen: 21878733K->721621K(22609920K)] 22869715K->1712988K(25755648K), 0.1336356 secs] [Times: user=4.71 sys=0.01, real=0.14 secs] 
6998.378: [GC (Allocation Failure) [PSYoungGen: 21824213K->756339K(22609920K)] 22815580K->1748082K(25755648K), 0.1391573 secs] [Times: user=4.92 sys=0.00, real=0.14 secs] 
7001.510: [GC (Allocation Failure) [PSYoungGen: 21858931K->784517K(22609920K)] 22850674K->1776604K(25755648K), 0.1441336 secs] [Times: user=5.10 sys=0.00, real=0.15 secs] 
7004.564: [GC (Allocation Failure) [PSYoungGen: 21887109K->817911K(22609920K)] 22879196K->1810349K(25755648K), 0.1497633 secs] [Times: user=5.25 sys=0.00, real=0.15 secs] 
7007.632: [GC (Allocation Failure) [PSYoungGen: 21920503K->759959K(22609920K)] 22912941K->1752797K(25755648K), 0.1395410 secs] [Times: user=4.92 sys=0.00, real=0.14 secs] 
7010.697: [GC (Allocation Failure) [PSYoungGen: 21862551K->750155K(22609920K)] 22855389K->1743337K(25755648K), 0.1385566 secs] [Times: user=4.90 sys=0.01, real=0.14 secs] 
7013.847: [GC (Allocation Failure) [PSYoungGen: 21852747K->822853K(22609920K)] 22845929K->1816364K(25755648K), 0.1518728 secs] [Times: user=5.34 sys=0.00, real=0.15 secs] 
7016.959: [GC (Allocation Failure) [PSYoungGen: 21925445K->782067K(22609920K)] 22918956K->1775953K(25755648K), 0.1424410 secs] [Times: user=5.04 sys=0.00, real=0.14 secs] 
7020.022: [GC (Allocation Failure) [PSYoungGen: 21884659K->775588K(22609920K)] 22878545K->1769890K(25755648K), 0.1409372 secs] [Times: user=4.99 sys=0.00, real=0.14 secs] 
7023.130: [GC (Allocation Failure) [PSYoungGen: 21878180K->707020K(22609920K)] 22872482K->1701698K(25755648K), 0.1315851 secs] [Times: user=4.62 sys=0.00, real=0.13 secs] 
7026.203: [GC (Allocation Failure) [PSYoungGen: 21809612K->746379K(22609920K)] 22804290K->1741433K(25755648K), 0.1369795 secs] [Times: user=4.84 sys=0.00, real=0.14 secs] 
7029.325: [GC (Allocation Failure) [PSYoungGen: 21848971K->834480K(22609920K)] 22844025K->1829902K(25755648K), 0.1545529 secs] [Times: user=5.44 sys=0.01, real=0.16 secs] 
7032.489: [GC (Allocation Failure) [PSYoungGen: 21937072K->847457K(22609920K)] 22932494K->1843232K(25755648K), 0.1542704 secs] [Times: user=5.42 sys=0.00, real=0.15 secs] 
7035.563: [GC (Allocation Failure) [PSYoungGen: 21950049K->726316K(22609920K)] 22945824K->1722483K(25755648K), 0.1342359 secs] [Times: user=4.75 sys=0.00, real=0.13 secs] 
7038.628: [GC (Allocation Failure) [PSYoungGen: 21828908K->750805K(22609920K)] 22825075K->1747331K(25755648K), 0.1397576 secs] [Times: user=4.94 sys=0.00, real=0.14 secs] 
7041.710: [GC (Allocation Failure) [PSYoungGen: 21853397K->758509K(22609920K)] 22849923K->1755420K(25755648K), 0.1394516 secs] [Times: user=4.92 sys=0.01, real=0.14 secs] 
7044.816: [GC (Allocation Failure) [PSYoungGen: 21861101K->845510K(22609920K)] 22858012K->1842788K(25755648K), 0.1478009 secs] [Times: user=5.19 sys=0.00, real=0.15 secs] 
7047.895: [GC (Allocation Failure) [PSYoungGen: 21948102K->748116K(22609920K)] 22945380K->1745746K(25755648K), 0.1382527 secs] [Times: user=4.89 sys=0.01, real=0.14 secs] 
7050.879: [GC (Allocation Failure) [PSYoungGen: 21850708K->731887K(22609920K)] 22848338K->1729853K(25755648K), 0.1373426 secs] [Times: user=4.79 sys=0.00, real=0.14 secs] 
7053.983: [GC (Allocation Failure) [PSYoungGen: 21834479K->746213K(22609920K)] 22832445K->1744643K(25755648K), 0.1401169 secs] [Times: user=4.78 sys=0.00, real=0.14 secs] 
7057.059: [GC (Allocation Failure) [PSYoungGen: 21848805K->815385K(22609920K)] 22847235K->1814216K(25755648K), 0.1483062 secs] [Times: user=5.20 sys=0.01, real=0.15 secs] 
7060.155: [GC (Allocation Failure) [PSYoungGen: 21917977K->749349K(22609920K)] 22916808K->1748532K(25755648K), 0.1388791 secs] [Times: user=4.85 sys=0.00, real=0.14 secs] 
7063.232: [GC (Allocation Failure) [PSYoungGen: 21851941K->743162K(22609920K)] 22851124K->1742680K(25755648K), 0.1372945 secs] [Times: user=4.85 sys=0.01, real=0.13 secs] 
7066.306: [GC (Allocation Failure) [PSYoungGen: 21845754K->737906K(22609920K)] 22845272K->1737808K(25755648K), 0.1368528 secs] [Times: user=4.84 sys=0.00, real=0.14 secs] 
7069.394: [GC (Allocation Failure) [PSYoungGen: 21840498K->755374K(22609920K)] 22840400K->1755677K(25755648K), 0.1399957 secs] [Times: user=4.86 sys=0.00, real=0.14 secs] 
7072.542: [GC (Allocation Failure) [PSYoungGen: 21857966K->784959K(22609920K)] 22858269K->1785694K(25755648K), 0.1446142 secs] [Times: user=5.00 sys=0.00, real=0.15 secs] 
7075.629: [GC (Allocation Failure) [PSYoungGen: 21887551K->732293K(22609920K)] 22888286K->1733348K(25755648K), 0.1358046 secs] [Times: user=4.76 sys=0.01, real=0.14 secs] 
7078.679: [GC (Allocation Failure) [PSYoungGen: 21834885K->748297K(22609920K)] 22835940K->1749704K(25755648K), 0.1383160 secs] [Times: user=4.89 sys=0.00, real=0.14 secs] 
7081.821: [GC (Allocation Failure) [PSYoungGen: 21850889K->839223K(22609920K)] 22852296K->1841046K(25755648K), 0.1520903 secs] [Times: user=5.33 sys=0.01, real=0.15 secs] 
7084.991: [GC (GCLocker Initiated GC) [PSYoungGen: 21941815K->768547K(22609920K)] 22946689K->1773789K(25755648K), 0.1426098 secs] [Times: user=4.92 sys=0.00, real=0.14 secs] 
7088.104: [GC (Allocation Failure) [PSYoungGen: 21871139K->755046K(22609920K)] 22876384K->1760659K(25755648K), 0.1391744 secs] [Times: user=4.91 sys=0.00, real=0.14 secs] 
7091.161: [GC (Allocation Failure) [PSYoungGen: 21857638K->884056K(22609920K)] 22863251K->1889981K(25755648K), 0.1627096 secs] [Times: user=5.61 sys=0.00, real=0.16 secs] 
7094.247: [GC (Allocation Failure) [PSYoungGen: 21986648K->758740K(22609920K)] 22992573K->1765089K(25755648K), 0.1389673 secs] [Times: user=4.92 sys=0.00, real=0.14 secs] 
7097.329: [GC (Allocation Failure) [PSYoungGen: 21861332K->772976K(22609920K)] 22867681K->1779701K(25755648K), 0.1416704 secs] [Times: user=5.01 sys=0.01, real=0.14 secs] 
7100.349: [GC (Allocation Failure) [PSYoungGen: 21875568K->723263K(22609920K)] 22882293K->1730364K(25755648K), 0.1336149 secs] [Times: user=4.72 sys=0.00, real=0.13 secs] 
7103.396: [GC (Allocation Failure) [PSYoungGen: 21825855K->752889K(22609920K)] 22832956K->1760325K(25755648K), 0.1381688 secs] [Times: user=4.88 sys=0.00, real=0.14 secs] 
7106.452: [GC (Allocation Failure) [PSYoungGen: 21855481K->757440K(22609920K)] 22862917K->1765269K(25755648K), 0.1391999 secs] [Times: user=4.93 sys=0.00, real=0.14 secs] 
7109.515: [GC (Allocation Failure) [PSYoungGen: 21860032K->825614K(22609920K)] 22867861K->1833819K(25755648K), 0.1505228 secs] [Times: user=5.31 sys=0.00, real=0.15 secs] 
7112.615: [GC (Allocation Failure) [PSYoungGen: 21928206K->837135K(22609920K)] 22936411K->1845723K(25755648K), 0.1515302 secs] [Times: user=5.36 sys=0.00, real=0.15 secs] 
7115.807: [GC (Allocation Failure) [PSYoungGen: 21939727K->807858K(22609920K)] 22948315K->1816863K(25755648K), 0.1469663 secs] [Times: user=5.21 sys=0.00, real=0.15 secs] 
7118.911: [GC (Allocation Failure) [PSYoungGen: 21910450K->785319K(22609920K)] 22919455K->1794676K(25755648K), 0.1438140 secs] [Times: user=5.05 sys=0.00, real=0.14 secs] 
7122.034: [GC (Allocation Failure) [PSYoungGen: 21887911K->738602K(22609920K)] 22897268K->1748479K(25755648K), 0.1365773 secs] [Times: user=4.76 sys=0.00, real=0.14 secs] 
7125.041: [GC (Allocation Failure) [PSYoungGen: 21841194K->886633K(22609920K)] 22851071K->1897006K(25755648K), 0.1526396 secs] [Times: user=5.37 sys=0.00, real=0.15 secs] 
7128.112: [GC (Allocation Failure) [PSYoungGen: 21989225K->727887K(22609920K)] 22999598K->1738668K(25755648K), 0.1346780 secs] [Times: user=4.76 sys=0.00, real=0.13 secs] 
7131.204: [GC (Allocation Failure) [PSYoungGen: 21830479K->739756K(22609920K)] 22841260K->1757849K(25755648K), 0.1371770 secs] [Times: user=4.86 sys=0.00, real=0.13 secs] 
7134.299: [GC (Allocation Failure) [PSYoungGen: 21842348K->737674K(22609920K)] 22860441K->1757616K(25755648K), 0.1366901 secs] [Times: user=4.83 sys=0.00, real=0.14 secs] 
7137.382: [GC (Allocation Failure) [PSYoungGen: 21840266K->760555K(22609920K)] 22860208K->1780872K(25755648K), 0.1393737 secs] [Times: user=4.93 sys=0.00, real=0.14 secs] 
7140.424: [GC (Allocation Failure) [PSYoungGen: 21863147K->780210K(22609920K)] 22883464K->1800943K(25755648K), 0.1432455 secs] [Times: user=5.08 sys=0.00, real=0.14 secs] 
7143.460: [GC (Allocation Failure) [PSYoungGen: 21882802K->739322K(22609920K)] 22903535K->1760432K(25755648K), 0.1375832 secs] [Times: user=4.83 sys=0.00, real=0.14 secs] 
7146.585: [GC (Allocation Failure) [PSYoungGen: 21841914K->801284K(22609920K)] 22863024K->1822778K(25755648K), 0.1461306 secs] [Times: user=5.17 sys=0.00, real=0.14 secs] 
7149.698: [GC (Allocation Failure) [PSYoungGen: 21903876K->742203K(22609920K)] 22925370K->1764073K(25755648K), 0.1376119 secs] [Times: user=4.79 sys=0.00, real=0.14 secs] 
7152.788: [GC (Allocation Failure) [PSYoungGen: 21844795K->746351K(22609920K)] 22866665K->1768620K(25755648K), 0.1395771 secs] [Times: user=4.84 sys=0.00, real=0.14 secs] 
7155.825: [GC (Allocation Failure) [PSYoungGen: 21848943K->711316K(22609920K)] 22871212K->1733986K(25755648K), 0.1343320 secs] [Times: user=4.60 sys=0.01, real=0.14 secs] 
7158.888: [GC (Allocation Failure) [PSYoungGen: 21813908K->879093K(22609920K)] 22836578K->1902243K(25755648K), 0.1539626 secs] [Times: user=5.45 sys=0.00, real=0.15 secs] 
7161.983: [GC (Allocation Failure) [PSYoungGen: 21981685K->735517K(22609920K)] 23004835K->1759107K(25755648K), 0.1368082 secs] [Times: user=4.77 sys=0.00, real=0.14 secs] 
7165.064: [GC (Allocation Failure) [PSYoungGen: 21838109K->784591K(22609920K)] 22861699K->1808645K(25755648K), 0.1442357 secs] [Times: user=5.09 sys=0.00, real=0.15 secs] 
7168.235: [GC (Allocation Failure) [PSYoungGen: 21887183K->797780K(22609920K)] 22911237K->1822218K(25755648K), 0.1451870 secs] [Times: user=5.11 sys=0.00, real=0.15 secs] 
7171.232: [GC (Allocation Failure) [PSYoungGen: 21900372K->832042K(22609920K)] 22924810K->1856792K(25755648K), 0.1512879 secs] [Times: user=5.33 sys=0.00, real=0.15 secs] 
7174.326: [GC (Allocation Failure) [PSYoungGen: 21934634K->760572K(22609920K)] 22959384K->1785777K(25755648K), 0.1392446 secs] [Times: user=4.92 sys=0.00, real=0.14 secs] 
7177.330: [GC (Allocation Failure) [PSYoungGen: 21863164K->842856K(22609920K)] 22888369K->1868437K(25755648K), 0.1525900 secs] [Times: user=5.40 sys=0.00, real=0.15 secs] 
7180.450: [GC (Allocation Failure) [PSYoungGen: 21945448K->793486K(22609920K)] 22971029K->1819508K(25755648K), 0.1456972 secs] [Times: user=5.16 sys=0.00, real=0.14 secs] 
7183.555: [GC (Allocation Failure) [PSYoungGen: 21896078K->693330K(22609920K)] 22922100K->1719775K(25755648K), 0.1307074 secs] [Times: user=4.61 sys=0.01, real=0.13 secs] 
7186.514: [GC (Allocation Failure) [PSYoungGen: 21795922K->814469K(22609920K)] 22822367K->1841339K(25755648K), 0.1488410 secs] [Times: user=5.27 sys=0.00, real=0.15 secs] 
7189.547: [GC (Allocation Failure) [PSYoungGen: 21917061K->776953K(22609920K)] 22943931K->1804255K(25755648K), 0.1416554 secs] [Times: user=5.01 sys=0.00, real=0.14 secs] 
7192.570: [GC (Allocation Failure) [PSYoungGen: 21879545K->761405K(22609920K)] 22906847K->1789043K(25755648K), 0.1434389 secs] [Times: user=4.84 sys=0.00, real=0.15 secs] 
7195.658: [GC (Allocation Failure) [PSYoungGen: 21863997K->780368K(22609920K)] 22891635K->1808430K(25755648K), 0.1431619 secs] [Times: user=5.05 sys=0.00, real=0.15 secs] 
7198.782: [GC (Allocation Failure) [PSYoungGen: 21882960K->705765K(22609920K)] 22911022K->1734187K(25755648K), 0.1315121 secs] [Times: user=4.64 sys=0.00, real=0.13 secs] 
7201.842: [GC (Allocation Failure) [PSYoungGen: 21808357K->696858K(22609920K)] 22836779K->1725712K(25755648K), 0.1324902 secs] [Times: user=4.62 sys=0.00, real=0.14 secs] 
7204.846: [GC (Allocation Failure) [PSYoungGen: 21799450K->745986K(22609920K)] 22828304K->1775143K(25755648K), 0.1374196 secs] [Times: user=4.86 sys=0.00, real=0.14 secs] 
7207.947: [GC (Allocation Failure) [PSYoungGen: 21848578K->682485K(22609920K)] 22877735K->1712075K(25755648K), 0.1255368 secs] [Times: user=4.43 sys=0.00, real=0.12 secs] 
7210.999: [GC (Allocation Failure) [PSYoungGen: 21785077K->684773K(22609920K)] 22814667K->1714691K(25755648K), 0.1273201 secs] [Times: user=4.45 sys=0.00, real=0.13 secs] 
7213.937: [GC (Allocation Failure) [PSYoungGen: 21787365K->717418K(22609920K)] 22817283K->1747759K(25755648K), 0.1333390 secs] [Times: user=4.71 sys=0.01, real=0.13 secs] 
7217.003: [GC (Allocation Failure) [PSYoungGen: 21820010K->650527K(22609920K)] 22850351K->1681365K(25755648K), 0.1234464 secs] [Times: user=4.30 sys=0.00, real=0.13 secs] 
7219.925: [GC (Allocation Failure) [PSYoungGen: 21753119K->783262K(22609920K)] 22783957K->1814620K(25755648K), 0.1431139 secs] [Times: user=5.02 sys=0.01, real=0.15 secs] 
7222.953: [GC (Allocation Failure) [PSYoungGen: 21885854K->788738K(22609920K)] 22917212K->1820424K(25755648K), 0.1433813 secs] [Times: user=4.99 sys=0.00, real=0.15 secs] 
7226.152: [GC (Allocation Failure) [PSYoungGen: 21891330K->652741K(22609920K)] 22923016K->1684819K(25755648K), 0.1208878 secs] [Times: user=4.26 sys=0.00, real=0.12 secs] 
7229.195: [GC (Allocation Failure) [PSYoungGen: 21755333K->671781K(22609920K)] 22787411K->1704259K(25755648K), 0.1250949 secs] [Times: user=4.38 sys=0.01, real=0.13 secs] 
7232.149: [GC (Allocation Failure) [PSYoungGen: 21774373K->725595K(22609920K)] 22806851K->1758520K(25755648K), 0.1354566 secs] [Times: user=4.70 sys=0.00, real=0.13 secs] 
7235.310: [GC (Allocation Failure) [PSYoungGen: 21828187K->668613K(22609920K)] 22861112K->1701931K(25755648K), 0.1238984 secs] [Times: user=4.37 sys=0.00, real=0.12 secs] 
7238.396: [GC (Allocation Failure) [PSYoungGen: 21771205K->780021K(22609920K)] 22804523K->1813995K(25755648K), 0.1356740 secs] [Times: user=4.80 sys=0.00, real=0.14 secs] 
7241.508: [GC (Allocation Failure) [PSYoungGen: 21882613K->668138K(22609920K)] 22916587K->1702480K(25755648K), 0.1249129 secs] [Times: user=4.41 sys=0.00, real=0.13 secs] 
7244.533: [GC (Allocation Failure) [PSYoungGen: 21770730K->682346K(22609920K)] 22805072K->1717032K(25755648K), 0.1261884 secs] [Times: user=4.39 sys=0.01, real=0.13 secs] 
7247.620: [GC (Allocation Failure) [PSYoungGen: 21784938K->677514K(22609920K)] 22819624K->1712576K(25755648K), 0.1254321 secs] [Times: user=4.42 sys=0.00, real=0.12 secs] 
7250.700: [GC (Allocation Failure) [PSYoungGen: 21780106K->796428K(22609920K)] 22815168K->1831930K(25755648K), 0.1398527 secs] [Times: user=4.96 sys=0.00, real=0.14 secs] 
7253.788: [GC (Allocation Failure) [PSYoungGen: 21899020K->726886K(22609920K)] 22934522K->1762867K(25755648K), 0.1337827 secs] [Times: user=4.73 sys=0.01, real=0.14 secs] 
7256.867: [GC (Allocation Failure) [PSYoungGen: 21829478K->715124K(22609920K)] 22865459K->1751482K(25755648K), 0.1323461 secs] [Times: user=4.68 sys=0.00, real=0.13 secs] 
7259.931: [GC (Allocation Failure) [PSYoungGen: 21817716K->730017K(22609920K)] 22854074K->1766815K(25755648K), 0.1356586 secs] [Times: user=4.80 sys=0.00, real=0.14 secs] 
7262.985: [GC (Allocation Failure) [PSYoungGen: 21832609K->704830K(22609920K)] 22869407K->1742012K(25755648K), 0.1300959 secs] [Times: user=4.60 sys=0.00, real=0.13 secs] 
7266.064: [GC (Allocation Failure) [PSYoungGen: 21807422K->719444K(22609920K)] 22844604K->1757106K(25755648K), 0.1322185 secs] [Times: user=4.67 sys=0.00, real=0.13 secs] 
7269.140: [GC (Allocation Failure) [PSYoungGen: 21822036K->704741K(22609920K)] 22859698K->1742771K(25755648K), 0.1306467 secs] [Times: user=4.62 sys=0.00, real=0.13 secs] 
7272.242: [GC (Allocation Failure) [PSYoungGen: 21807333K->783199K(22609920K)] 22845363K->1821677K(25755648K), 0.1417537 secs] [Times: user=4.99 sys=0.00, real=0.15 secs] 
7275.366: [GC (Allocation Failure) [PSYoungGen: 21885791K->790121K(22609920K)] 22924269K->1829031K(25755648K), 0.1431632 secs] [Times: user=5.06 sys=0.00, real=0.14 secs] 
7278.444: [GC (Allocation Failure) [PSYoungGen: 21892713K->743246K(22609920K)] 22931623K->1782652K(25755648K), 0.1364565 secs] [Times: user=4.82 sys=0.01, real=0.13 secs] 
7281.497: [GC (Allocation Failure) [PSYoungGen: 21845838K->757010K(22609920K)] 22885244K->1796840K(25755648K), 0.1390761 secs] [Times: user=4.91 sys=0.00, real=0.14 secs] 
7284.600: [GC (Allocation Failure) [PSYoungGen: 21859602K->752853K(22609920K)] 22899432K->1793011K(25755648K), 0.1372379 secs] [Times: user=4.85 sys=0.00, real=0.14 secs] 
7287.632: [GC (Allocation Failure) [PSYoungGen: 21855445K->738405K(22609920K)] 22895603K->1779003K(25755648K), 0.1352588 secs] [Times: user=4.74 sys=0.00, real=0.14 secs] 
7290.805: [GC (System.gc()) [PSYoungGen: 20870573K->674501K(22609920K)] 21911171K->1715515K(25755648K), 0.1289787 secs] [Times: user=4.57 sys=0.00, real=0.13 secs] 
7290.934: [Full GC (System.gc()) [PSYoungGen: 674501K->0K(22609920K)] [ParOldGen: 1041013K->236460K(3145728K)] 1715515K->236460K(25755648K), [Metaspace: 22497K->22497K(1071104K)], 0.2237673 secs] [Times: user=6.19 sys=0.05, real=0.23 secs] 
7328.520: [GC (Allocation Failure) [PSYoungGen: 21102592K->956315K(22609920K)] 21339052K->1192775K(25755648K), 0.1580342 secs] [Times: user=5.53 sys=0.01, real=0.16 secs] 
7341.066: [GC (Allocation Failure) [PSYoungGen: 22058907K->935621K(22609920K)] 22295367K->1172082K(25755648K), 0.1430837 secs] [Times: user=5.00 sys=0.01, real=0.14 secs] 
7350.704: [GC (Allocation Failure) [PSYoungGen: 22038213K->949400K(22609920K)] 22274674K->1185861K(25755648K), 0.1452117 secs] [Times: user=4.95 sys=0.00, real=0.15 secs] 
7358.567: [GC (Allocation Failure) [PSYoungGen: 22051992K->949456K(22609920K)] 22288453K->1185917K(25755648K), 0.1415022 secs] [Times: user=4.97 sys=0.01, real=0.14 secs] 
7365.987: [GC (Allocation Failure) [PSYoungGen: 22052048K->954909K(22609920K)] 22288509K->1191369K(25755648K), 0.1455960 secs] [Times: user=4.98 sys=0.00, real=0.15 secs] 
7372.290: [GC (Allocation Failure) [PSYoungGen: 22057501K->959735K(22609920K)] 22293961K->1196196K(25755648K), 0.1433725 secs] [Times: user=5.02 sys=0.00, real=0.14 secs] 
7378.237: [GC (Allocation Failure) [PSYoungGen: 22062327K->957716K(22609920K)] 22298788K->1194177K(25755648K), 0.1431649 secs] [Times: user=5.02 sys=0.01, real=0.15 secs] 
7384.129: [GC (Allocation Failure) [PSYoungGen: 22060308K->974127K(22609920K)] 22296769K->1210588K(25755648K), 0.1442694 secs] [Times: user=5.10 sys=0.00, real=0.15 secs] 
7389.379: [GC (Allocation Failure) [PSYoungGen: 22076719K->1006032K(22609920K)] 22313180K->1242493K(25755648K), 0.1526053 secs] [Times: user=5.30 sys=0.00, real=0.16 secs] 
7394.434: [GC (Allocation Failure) [PSYoungGen: 22108624K->975792K(22609920K)] 22345085K->1212253K(25755648K), 0.1449739 secs] [Times: user=5.10 sys=0.00, real=0.14 secs] 
7399.429: [GC (Allocation Failure) [PSYoungGen: 22078384K->974733K(22609920K)] 22314845K->1211194K(25755648K), 0.1481144 secs] [Times: user=5.15 sys=0.01, real=0.15 secs] 
7403.738: [GC (Allocation Failure) [PSYoungGen: 22077325K->1000036K(22609920K)] 22313786K->1236497K(25755648K), 0.1503846 secs] [Times: user=5.22 sys=0.01, real=0.15 secs] 
7407.988: [GC (Allocation Failure) [PSYoungGen: 22102628K->984071K(22609920K)] 22339089K->1220532K(25755648K), 0.1471269 secs] [Times: user=5.16 sys=0.00, real=0.15 secs] 
7412.244: [GC (Allocation Failure) [PSYoungGen: 22086663K->1003118K(22609920K)] 22323124K->1239579K(25755648K), 0.1493127 secs] [Times: user=5.28 sys=0.00, real=0.15 secs] 
7416.354: [GC (Allocation Failure) [PSYoungGen: 22105710K->1036279K(22609920K)] 22342171K->1272740K(25755648K), 0.1560040 secs] [Times: user=5.46 sys=0.00, real=0.16 secs] 
7420.237: [GC (Allocation Failure) [PSYoungGen: 22138871K->689548K(22609920K)] 22375332K->1285699K(25755648K), 0.1612111 secs] [Times: user=5.71 sys=0.00, real=0.16 secs] 
7424.155: [GC (Allocation Failure) [PSYoungGen: 21792140K->650709K(22609920K)] 22388291K->1248620K(25755648K), 0.1189332 secs] [Times: user=4.18 sys=0.01, real=0.12 secs] 
7427.875: [GC (Allocation Failure) [PSYoungGen: 21753301K->690065K(22609920K)] 22351212K->1289272K(25755648K), 0.1240677 secs] [Times: user=4.38 sys=0.00, real=0.13 secs] 
7431.637: [GC (Allocation Failure) [PSYoungGen: 21792657K->686725K(22609920K)] 22391864K->1286836K(25755648K), 0.1250663 secs] [Times: user=4.40 sys=0.00, real=0.13 secs] 
7434.988: [GC (Allocation Failure) [PSYoungGen: 21789317K->681610K(22609920K)] 22389428K->1283234K(25755648K), 0.1241143 secs] [Times: user=4.39 sys=0.01, real=0.12 secs] 
7438.435: [GC (Allocation Failure) [PSYoungGen: 21784202K->687508K(22609920K)] 22385826K->1289828K(25755648K), 0.1248114 secs] [Times: user=4.41 sys=0.00, real=0.13 secs] 
7441.759: [GC (Allocation Failure) [PSYoungGen: 21790100K->715253K(22609920K)] 22392420K->1318245K(25755648K), 0.1295086 secs] [Times: user=4.58 sys=0.00, real=0.13 secs] 
7445.144: [GC (Allocation Failure) [PSYoungGen: 21817845K->670991K(22609920K)] 22420837K->1274575K(25755648K), 0.1212917 secs] [Times: user=4.29 sys=0.00, real=0.12 secs] 
7448.418: [GC (Allocation Failure) [PSYoungGen: 21773583K->790957K(22609920K)] 22377167K->1395165K(25755648K), 0.1412436 secs] [Times: user=4.99 sys=0.00, real=0.14 secs] 
7451.551: [GC (Allocation Failure) [PSYoungGen: 21893549K->726481K(22609920K)] 22497757K->1331257K(25755648K), 0.1330035 secs] [Times: user=4.62 sys=0.00, real=0.13 secs] 
7454.769: [GC (Allocation Failure) [PSYoungGen: 21829073K->708469K(22609920K)] 22433849K->1313774K(25755648K), 0.1273172 secs] [Times: user=4.50 sys=0.00, real=0.13 secs] 
7457.870: [GC (Allocation Failure) [PSYoungGen: 21811061K->680046K(22609920K)] 22416366K->1285950K(25755648K), 0.1239672 secs] [Times: user=4.38 sys=0.00, real=0.13 secs] 
7461.033: [GC (Allocation Failure) [PSYoungGen: 21782638K->664741K(22609920K)] 22388542K->1271310K(25755648K), 0.1256034 secs] [Times: user=4.37 sys=0.00, real=0.12 secs] 
7464.005: [GC (Allocation Failure) [PSYoungGen: 21767333K->800311K(22609920K)] 22373902K->1407583K(25755648K), 0.1449206 secs] [Times: user=5.13 sys=0.00, real=0.14 secs] 
7475.117: [GC (System.gc()) [PSYoungGen: 12963409K->842349K(22609920K)] 13570682K->1450494K(25755648K), 0.1333854 secs] [Times: user=4.72 sys=0.00, real=0.13 secs] 
7475.251: [Full GC (System.gc()) [PSYoungGen: 842349K->0K(22609920K)] [ParOldGen: 608144K->234007K(3145728K)] 1450494K->234007K(25755648K), [Metaspace: 22520K->22520K(1071104K)], 0.0713698 secs] [Times: user=1.29 sys=0.00, real=0.07 secs] 
7481.439: [GC (System.gc()) [PSYoungGen: 3391155K->800K(22609920K)] 3625163K->234807K(25755648K), 0.0068438 secs] [Times: user=0.11 sys=0.01, real=0.01 secs] 
7481.446: [Full GC (System.gc()) [PSYoungGen: 800K->0K(22609920K)] [ParOldGen: 234007K->228327K(3145728K)] 234807K->228327K(25755648K), [Metaspace: 22532K->22532K(1071104K)], 0.0808593 secs] [Times: user=1.66 sys=0.00, real=0.08 secs] 
7495.984: [GC (Allocation Failure) [PSYoungGen: 21102592K->992966K(22609920K)] 21330919K->1221302K(25755648K), 0.1611556 secs] [Times: user=5.66 sys=0.00, real=0.16 secs] 
7507.097: [GC (Allocation Failure) [PSYoungGen: 22095558K->962115K(22609920K)] 22323894K->1190459K(25755648K), 0.1444436 secs] [Times: user=4.95 sys=0.00, real=0.15 secs] 
7517.993: [GC (Allocation Failure) [PSYoungGen: 22064707K->942470K(22609920K)] 22293051K->1170814K(25755648K), 0.1400254 secs] [Times: user=4.90 sys=0.00, real=0.14 secs] 
7525.170: [GC (System.gc()) [PSYoungGen: 7815759K->33289K(22609920K)] 8044103K->261633K(25755648K), 0.0095002 secs] [Times: user=0.16 sys=0.01, real=0.01 secs] 
7525.180: [Full GC (System.gc()) [PSYoungGen: 33289K->0K(22609920K)] [ParOldGen: 228343K->236602K(3145728K)] 261633K->236602K(25755648K), [Metaspace: 22600K->22600K(1071104K)], 0.0944021 secs] [Times: user=2.08 sys=0.01, real=0.10 secs] 
7525.505: [GC (System.gc()) [PSYoungGen: 821K->160K(22609920K)] 237424K->236762K(25755648K), 0.0311533 secs] [Times: user=0.08 sys=0.00, real=0.03 secs] 
7525.537: [Full GC (System.gc()) [PSYoungGen: 160K->0K(22609920K)] [ParOldGen: 236602K->235169K(3145728K)] 236762K->235169K(25755648K), [Metaspace: 22603K->22603K(1071104K)], 0.3842910 secs] [Times: user=6.45 sys=0.05, real=0.38 secs] 
7526.136: [GC (System.gc()) [PSYoungGen: 96526K->480K(22609920K)] 331696K->235649K(25755648K), 0.0293955 secs] [Times: user=0.31 sys=0.01, real=0.03 secs] 
7526.166: [Full GC (System.gc()) [PSYoungGen: 480K->0K(22609920K)] [ParOldGen: 235169K->235076K(3145728K)] 235649K->235076K(25755648K), [Metaspace: 22604K->22604K(1071104K)], 0.5176058 secs] [Times: user=7.12 sys=0.05, real=0.52 secs] 
Heap
 PSYoungGen      total 22609920K, used 809949K [0x0000000200000000, 0x00000007c0000000, 0x00000007c0000000)
  eden space 21102592K, 3% used [0x0000000200000000,0x00000002316f7428,0x0000000708000000)
  from space 1507328K, 0% used [0x0000000708000000,0x0000000708000000,0x0000000764000000)
  to   space 1507328K, 0% used [0x0000000764000000,0x0000000764000000,0x00000007c0000000)
 ParOldGen       total 3145728K, used 235076K [0x0000000140000000, 0x0000000200000000, 0x0000000200000000)
  object space 3145728K, 7% used [0x0000000140000000,0x000000014e5911e8,0x0000000200000000)
 Metaspace       used 22615K, capacity 23516K, committed 23680K, reserved 1071104K
  class space    used 2628K, capacity 2872K, committed 2944K, reserved 1048576K
