Java HotSpot(TM) 64-Bit Server VM (25.40-b25) for linux-amd64 JRE (1.8.0_40-b26), built on Mar  7 2015 15:08:31 by "java_re" with gcc 4.3.0 20080428 (Red Hat 4.3.0-8)
Memory: 4k page, physical 264398780k(140515620k free), swap 4194296k(4194296k free)
CommandLine flags: -XX:InitialHeapSize=2147483648 -XX:MaxHeapSize=2147483648 -XX:MaxNewSize=1610612736 -XX:NewSize=1610612736 -XX:+PrintGC -XX:+PrintGCDetails -XX:+PrintGCTimeStamps -XX:+UseCompressedClassPointers -XX:+UseCompressedOops -XX:+UseParallelGC 
0.294: [GC (Allocation Failure) [PSYoungGen: 1179648K->3999K(1376256K)] 1179648K->4007K(1900544K), 0.0093037 secs] [Times: user=0.17 sys=0.03, real=0.01 secs] 
0.314: [GC (Allocation Failure) [PSYoungGen: 1183647K->2112K(1376256K)] 1183655K->2128K(1900544K), 0.0062795 secs] [Times: user=0.08 sys=0.05, real=0.01 secs] 
1.298: [GC (Allocation Failure) [PSYoungGen: 1181760K->10115K(1376256K)] 1181776K->10139K(1900544K), 0.0204374 secs] [Times: user=0.46 sys=0.03, real=0.02 secs] 
14.131: [GC (System.gc()) [PSYoungGen: 334443K->83688K(1376256K)] 334467K->83728K(1900544K), 0.0728888 secs] [Times: user=0.49 sys=1.89, real=0.07 secs] 
14.204: [Full GC (System.gc()) [PSYoungGen: 83688K->0K(1376256K)] [ParOldGen: 40K->82290K(524288K)] 83728K->82290K(1900544K), [Metaspace: 16710K->16710K(1064960K)], 0.3403245 secs] [Times: user=6.68 sys=0.13, real=0.34 secs] 
100.197: [GC (System.gc()) [PSYoungGen: 365067K->8404K(1376256K)] 447358K->90775K(1900544K), 0.0134095 secs] [Times: user=0.21 sys=0.01, real=0.01 secs] 
100.211: [Full GC (System.gc()) [PSYoungGen: 8404K->0K(1376256K)] [ParOldGen: 82370K->88869K(524288K)] 90775K->88869K(1900544K), [Metaspace: 20168K->20168K(1067008K)], 0.4296970 secs] [Times: user=13.70 sys=0.04, real=0.43 secs] 
211.095: [GC (Allocation Failure) [PSYoungGen: 1179648K->6563K(1376256K)] 1268517K->95440K(1900544K), 0.0114390 secs] [Times: user=0.25 sys=0.00, real=0.01 secs] 
230.175: [GC (Allocation Failure) [PSYoungGen: 1186211K->7816K(1376256K)] 1275088K->96702K(1900544K), 0.0118444 secs] [Times: user=0.07 sys=0.00, real=0.01 secs] 
240.351: [GC (Allocation Failure) [PSYoungGen: 1187464K->9001K(1515520K)] 1276350K->97894K(2039808K), 0.0151841 secs] [Times: user=0.17 sys=0.12, real=0.02 secs] 
249.738: [GC (Allocation Failure) [PSYoungGen: 1463593K->9576K(1511936K)] 1552486K->98478K(2036224K), 0.0066216 secs] [Times: user=0.07 sys=0.00, real=0.00 secs] 
258.967: [GC (Allocation Failure) [PSYoungGen: 1464168K->8328K(1521152K)] 1553070K->99215K(2045440K), 0.0087129 secs] [Times: user=0.11 sys=0.04, real=0.00 secs] 
268.024: [GC (Allocation Failure) [PSYoungGen: 1475208K->7288K(1518592K)] 1566095K->99124K(2042880K), 0.0093999 secs] [Times: user=0.14 sys=0.03, real=0.01 secs] 
276.972: [GC (Allocation Failure) [PSYoungGen: 1474168K->7432K(1525760K)] 1566004K->99572K(2050048K), 0.0086140 secs] [Times: user=0.12 sys=0.04, real=0.01 secs] 
286.618: [GC (Allocation Failure) [PSYoungGen: 1484040K->6708K(1523712K)] 1576180K->99700K(2048000K), 0.0296981 secs] [Times: user=0.37 sys=0.02, real=0.03 secs] 
325.544: [GC (System.gc()) [PSYoungGen: 1417077K->6088K(1529856K)] 1510069K->99704K(2054144K), 0.0798034 secs] [Times: user=0.56 sys=0.01, real=0.08 secs] 
325.624: [Full GC (System.gc()) [PSYoungGen: 6088K->0K(1529856K)] [ParOldGen: 93615K->89856K(524288K)] 99704K->89856K(2054144K), [Metaspace: 20797K->20797K(1069056K)], 1.2700053 secs] [Times: user=13.88 sys=0.12, real=1.27 secs] 
346.437: [GC (Allocation Failure) [PSYoungGen: 1484800K->9557K(1527808K)] 1574656K->99422K(2052096K), 0.0065422 secs] [Times: user=0.06 sys=0.01, real=0.01 secs] 
355.671: [GC (Allocation Failure) [PSYoungGen: 1494357K->7368K(1534464K)] 1584222K->100195K(2058752K), 0.0089918 secs] [Times: user=0.16 sys=0.01, real=0.01 secs] 
364.780: [GC (Allocation Failure) [PSYoungGen: 1501384K->7080K(1532416K)] 1594211K->100723K(2056704K), 0.0095617 secs] [Times: user=0.10 sys=0.02, real=0.01 secs] 
374.081: [GC (Allocation Failure) [PSYoungGen: 1501096K->6600K(1538048K)] 1594739K->100891K(2062336K), 0.0151569 secs] [Times: user=0.15 sys=0.01, real=0.02 secs] 
402.282: [GC (Allocation Failure) [PSYoungGen: 1508296K->6996K(1536512K)] 1602587K->102043K(2060800K), 0.0606554 secs] [Times: user=0.37 sys=0.01, real=0.06 secs] 
431.861: [GC (System.gc()) [PSYoungGen: 825382K->5760K(1541632K)] 920429K->101638K(2065920K), 0.0090357 secs] [Times: user=0.16 sys=0.01, real=0.01 secs] 
431.870: [Full GC (System.gc()) [PSYoungGen: 5760K->0K(1541632K)] [ParOldGen: 95878K->91142K(524288K)] 101638K->91142K(2065920K), [Metaspace: 20897K->20897K(1069056K)], 0.4115228 secs] [Times: user=13.20 sys=0.00, real=0.41 secs] 
452.620: [GC (Allocation Failure) [PSYoungGen: 1508864K->9640K(1540096K)] 1600006K->100790K(2064384K), 0.0247957 secs] [Times: user=0.55 sys=0.01, real=0.02 secs] 
462.009: [GC (Allocation Failure) [PSYoungGen: 1518504K->7071K(1545216K)] 1609654K->101114K(2069504K), 0.0114262 secs] [Times: user=0.09 sys=0.00, real=0.01 secs] 
471.554: [GC (Allocation Failure) [PSYoungGen: 1523103K->6607K(1543680K)] 1617146K->101354K(2067968K), 0.0106474 secs] [Times: user=0.14 sys=0.01, real=0.01 secs] 
480.791: [GC (Allocation Failure) [PSYoungGen: 1522639K->6863K(1547776K)] 1617386K->102234K(2072064K), 0.0093311 secs] [Times: user=0.12 sys=0.01, real=0.00 secs] 
514.614: [GC (Allocation Failure) [PSYoungGen: 1528015K->9022K(1546240K)] 1623386K->105017K(2070528K), 0.0516000 secs] [Times: user=0.40 sys=0.00, real=0.06 secs] 
551.673: [GC (Allocation Failure) [PSYoungGen: 1530174K->8446K(1550336K)] 1626169K->105777K(2074624K), 0.0346261 secs] [Times: user=0.19 sys=0.00, real=0.03 secs] 
586.702: [GC (Allocation Failure) [PSYoungGen: 1535230K->9790K(1549312K)] 1632561K->107729K(2073600K), 0.0143652 secs] [Times: user=0.07 sys=0.00, real=0.02 secs] 
633.753: [GC (Allocation Failure) [PSYoungGen: 1536574K->8094K(1552384K)] 1634513K->106753K(2076672K), 0.0353356 secs] [Times: user=0.13 sys=0.00, real=0.04 secs] 
663.695: [GC (System.gc()) [PSYoungGen: 889640K->5167K(1551360K)] 988299K->104593K(2075648K), 0.0528761 secs] [Times: user=0.30 sys=0.00, real=0.06 secs] 
663.748: [Full GC (System.gc()) [PSYoungGen: 5167K->0K(1551360K)] [ParOldGen: 99425K->92695K(524288K)] 104593K->92695K(2075648K), [Metaspace: 20982K->20982K(1069056K)], 1.3249991 secs] [Times: user=14.37 sys=0.07, real=1.32 secs] 
685.812: [GC (Allocation Failure) [PSYoungGen: 1530880K->9775K(1553920K)] 1623575K->102471K(2078208K), 0.0107110 secs] [Times: user=0.18 sys=0.04, real=0.01 secs] 
695.415: [GC (Allocation Failure) [PSYoungGen: 1543727K->7247K(1552896K)] 1636423K->103056K(2077184K), 0.0082810 secs] [Times: user=0.17 sys=0.00, real=0.00 secs] 
704.757: [GC (Allocation Failure) [PSYoungGen: 1541199K->7151K(1555456K)] 1637008K->103910K(2079744K), 0.0118408 secs] [Times: user=0.17 sys=0.00, real=0.01 secs] 
717.825: [GC (Allocation Failure) [PSYoungGen: 1544175K->7774K(1554432K)] 1640934K->105125K(2078720K), 0.0412822 secs] [Times: user=0.28 sys=0.00, real=0.05 secs] 
745.851: [GC (System.gc()) [PSYoungGen: 878310K->5519K(1556480K)] 975661K->103701K(2080768K), 0.0252686 secs] [Times: user=0.14 sys=0.00, real=0.02 secs] 
745.877: [Full GC (System.gc()) [PSYoungGen: 5519K->0K(1556480K)] [ParOldGen: 98181K->90448K(524288K)] 103701K->90448K(2080768K), [Metaspace: 20998K->20998K(1069056K)], 0.6153786 secs] [Times: user=5.95 sys=0.04, real=0.62 secs] 
753.045: [GC (System.gc()) [PSYoungGen: 3468K->291K(1555968K)] 93916K->90739K(2080256K), 0.0096043 secs] [Times: user=0.10 sys=0.00, real=0.01 secs] 
753.054: [Full GC (System.gc()) [PSYoungGen: 291K->0K(1555968K)] [ParOldGen: 90448K->88043K(524288K)] 90739K->88043K(2080256K), [Metaspace: 21001K->21001K(1069056K)], 0.4487175 secs] [Times: user=14.44 sys=0.00, real=0.45 secs] 
772.337: [GC (Allocation Failure) [PSYoungGen: 1539584K->8449K(1556480K)] 1627627K->96493K(2080768K), 0.0038154 secs] [Times: user=0.04 sys=0.01, real=0.00 secs] 
785.513: [GC (Allocation Failure) [PSYoungGen: 1548033K->6113K(1555968K)] 1636077K->97054K(2080256K), 0.0062951 secs] [Times: user=0.10 sys=0.01, real=0.01 secs] 
798.604: [GC (Allocation Failure) [PSYoungGen: 1545697K->6049K(1557504K)] 1636638K->97207K(2081792K), 0.0049244 secs] [Times: user=0.07 sys=0.01, real=0.01 secs] 
811.816: [GC (Allocation Failure) [PSYoungGen: 1547681K->6081K(1556992K)] 1638839K->97383K(2081280K), 0.0052377 secs] [Times: user=0.09 sys=0.00, real=0.00 secs] 
824.949: [GC (Allocation Failure) [PSYoungGen: 1547713K->6241K(1559040K)] 1639015K->97647K(2083328K), 0.0046531 secs] [Times: user=0.04 sys=0.00, real=0.01 secs] 
838.122: [GC (Allocation Failure) [PSYoungGen: 1550433K->6145K(1558016K)] 1641839K->97671K(2082304K), 0.0060898 secs] [Times: user=0.08 sys=0.00, real=0.01 secs] 
851.314: [GC (Allocation Failure) [PSYoungGen: 1550337K->5985K(1560064K)] 1641863K->97647K(2084352K), 0.0058385 secs] [Times: user=0.07 sys=0.01, real=0.01 secs] 
864.547: [GC (Allocation Failure) [PSYoungGen: 1552737K->6145K(1559552K)] 1644399K->98023K(2083840K), 0.0042856 secs] [Times: user=0.05 sys=0.00, real=0.01 secs] 
877.802: [GC (Allocation Failure) [PSYoungGen: 1552897K->6049K(1560576K)] 1644775K->98111K(2084864K), 0.0063147 secs] [Times: user=0.10 sys=0.00, real=0.00 secs] 
891.006: [GC (Allocation Failure) [PSYoungGen: 1554337K->6241K(1560576K)] 1646399K->98399K(2084864K), 0.0041997 secs] [Times: user=0.04 sys=0.01, real=0.00 secs] 
904.240: [GC (Allocation Failure) [PSYoungGen: 1554529K->6241K(1561600K)] 1646687K->98583K(2085888K), 0.0039060 secs] [Times: user=0.04 sys=0.00, real=0.00 secs] 
917.489: [GC (Allocation Failure) [PSYoungGen: 1556065K->6081K(1561088K)] 1648407K->98503K(2085376K), 0.0069795 secs] [Times: user=0.08 sys=0.00, real=0.00 secs] 
930.740: [GC (Allocation Failure) [PSYoungGen: 1555905K->6017K(1562112K)] 1648327K->98591K(2086400K), 0.0060407 secs] [Times: user=0.09 sys=0.00, real=0.00 secs] 
1035.681: [GC (Allocation Failure) [PSYoungGen: 1557377K->5935K(1562112K)] 1649951K->98605K(2086400K), 0.0145695 secs] [Times: user=0.34 sys=0.01, real=0.02 secs] 
1115.918: [GC (Allocation Failure) [PSYoungGen: 1557295K->4495K(1562624K)] 1649965K->99029K(2086912K), 0.0122701 secs] [Times: user=0.30 sys=0.00, real=0.01 secs] 
1166.739: [GC (Allocation Failure) [PSYoungGen: 1556879K->4559K(1562624K)] 1651413K->99349K(2086912K), 0.0139311 secs] [Times: user=0.32 sys=0.00, real=0.01 secs] 
1208.610: [GC (Allocation Failure) [PSYoungGen: 1556943K->5231K(1563136K)] 1651733K->100245K(2087424K), 0.0096785 secs] [Times: user=0.19 sys=0.00, real=0.01 secs] 
1241.439: [GC (Allocation Failure) [PSYoungGen: 1558127K->4928K(1562624K)] 1653141K->100429K(2086912K), 0.0066145 secs] [Times: user=0.14 sys=0.00, real=0.00 secs] 
1273.024: [GC (Allocation Failure) [PSYoungGen: 1557824K->5359K(1563648K)] 1653325K->100964K(2087936K), 0.0118951 secs] [Times: user=0.23 sys=0.00, real=0.01 secs] 
1299.444: [GC (Allocation Failure) [PSYoungGen: 1559279K->4896K(1563136K)] 1654884K->101052K(2087424K), 0.0106110 secs] [Times: user=0.22 sys=0.00, real=0.01 secs] 
1325.809: [GC (Allocation Failure) [PSYoungGen: 1558816K->5056K(1563648K)] 1654972K->101284K(2087936K), 0.0089503 secs] [Times: user=0.19 sys=0.00, real=0.01 secs] 
1348.995: [GC (Allocation Failure) [PSYoungGen: 1559488K->5391K(1563648K)] 1655716K->101715K(2087936K), 0.0098675 secs] [Times: user=0.20 sys=0.00, real=0.01 secs] 
1371.006: [GC (Allocation Failure) [PSYoungGen: 1559823K->5280K(1564160K)] 1656147K->102203K(2088448K), 0.0066820 secs] [Times: user=0.16 sys=0.00, real=0.01 secs] 
1393.007: [GC (Allocation Failure) [PSYoungGen: 1560704K->5376K(1564160K)] 1657626K->102491K(2088448K), 0.0073164 secs] [Times: user=0.13 sys=0.00, real=0.01 secs] 
1412.511: [GC (Allocation Failure) [PSYoungGen: 1560832K->6223K(1564672K)] 1657947K->103489K(2088960K), 0.0101476 secs] [Times: user=0.21 sys=0.01, real=0.01 secs] 
1431.429: [GC (Allocation Failure) [PSYoungGen: 1562703K->5825K(1564672K)] 1659969K->103753K(2088960K), 0.0092351 secs] [Times: user=0.18 sys=0.00, real=0.01 secs] 
1450.367: [GC (Allocation Failure) [PSYoungGen: 1562305K->5857K(1564672K)] 1660233K->103913K(2088960K), 0.0071202 secs] [Times: user=0.16 sys=0.00, real=0.01 secs] 
1468.526: [GC (Allocation Failure) [PSYoungGen: 1562337K->6031K(1564672K)] 1660393K->104200K(2088960K), 0.0072013 secs] [Times: user=0.12 sys=0.00, real=0.01 secs] 
1485.120: [GC (Allocation Failure) [PSYoungGen: 1562511K->5921K(1565184K)] 1660680K->104744K(2089472K), 0.0090634 secs] [Times: user=0.18 sys=0.00, real=0.01 secs] 
1501.828: [GC (Allocation Failure) [PSYoungGen: 1563376K->5665K(1565184K)] 1662199K->104592K(2089472K), 0.0071644 secs] [Times: user=0.17 sys=0.00, real=0.00 secs] 
1518.293: [GC (Allocation Failure) [PSYoungGen: 1563169K->5729K(1565184K)] 1662096K->104752K(2089472K), 0.0079335 secs] [Times: user=0.18 sys=0.01, real=0.01 secs] 
1534.086: [GC (Allocation Failure) [PSYoungGen: 1563233K->6223K(1565184K)] 1662256K->105358K(2089472K), 0.0090457 secs] [Times: user=0.18 sys=0.01, real=0.01 secs] 
1548.789: [GC (Allocation Failure) [PSYoungGen: 1563727K->5825K(1565696K)] 1662862K->105862K(2089984K), 0.0072356 secs] [Times: user=0.17 sys=0.01, real=0.01 secs] 
1563.576: [GC (Allocation Failure) [PSYoungGen: 1563841K->5857K(1565184K)] 1663878K->105990K(2089472K), 0.0063505 secs] [Times: user=0.14 sys=0.00, real=0.00 secs] 
1578.362: [GC (Allocation Failure) [PSYoungGen: 1563873K->5921K(1565696K)] 1664006K->106198K(2089984K), 0.0083882 secs] [Times: user=0.18 sys=0.00, real=0.01 secs] 
1593.059: [GC (Allocation Failure) [PSYoungGen: 1564449K->6415K(1565696K)] 1664726K->106805K(2089984K), 0.0083811 secs] [Times: user=0.20 sys=0.00, real=0.01 secs] 
1606.389: [GC (Allocation Failure) [PSYoungGen: 1564943K->5921K(1565696K)] 1665333K->107037K(2089984K), 0.0075917 secs] [Times: user=0.17 sys=0.01, real=0.01 secs] 
1619.741: [GC (Allocation Failure) [PSYoungGen: 1564449K->5889K(1565696K)] 1665565K->107117K(2089984K), 0.0085049 secs] [Times: user=0.18 sys=0.00, real=0.01 secs] 
1633.117: [GC (Allocation Failure) [PSYoungGen: 1564417K->5249K(1565696K)] 1665645K->106501K(2089984K), 0.0069711 secs] [Times: user=0.06 sys=0.00, real=0.00 secs] 
1646.474: [GC (Allocation Failure) [PSYoungGen: 1563777K->5761K(1565696K)] 1665029K->107125K(2089984K), 0.0083568 secs] [Times: user=0.17 sys=0.00, real=0.01 secs] 
1659.563: [GC (Allocation Failure) [PSYoungGen: 1564289K->6479K(1565696K)] 1665653K->108020K(2089984K), 0.0082131 secs] [Times: user=0.20 sys=0.00, real=0.01 secs] 
1671.652: [GC (Allocation Failure) [PSYoungGen: 1565007K->4897K(1565696K)] 1666548K->107116K(2089984K), 0.0118460 secs] [Times: user=0.11 sys=0.00, real=0.01 secs] 
1683.793: [GC (Allocation Failure) [PSYoungGen: 1563425K->5825K(1565696K)] 1665644K->108132K(2089984K), 0.0060832 secs] [Times: user=0.14 sys=0.00, real=0.01 secs] 
1695.897: [GC (Allocation Failure) [PSYoungGen: 1564353K->5505K(1565696K)] 1666660K->107876K(2089984K), 0.0052003 secs] [Times: user=0.06 sys=0.00, real=0.00 secs] 
1707.985: [GC (Allocation Failure) [PSYoungGen: 1564033K->5793K(1565696K)] 1666404K->108356K(2089984K), 0.0076894 secs] [Times: user=0.13 sys=0.01, real=0.01 secs] 
1720.107: [GC (Allocation Failure) [PSYoungGen: 1564321K->5921K(1565696K)] 1666884K->108588K(2089984K), 0.0065330 secs] [Times: user=0.15 sys=0.00, real=0.01 secs] 
1731.361: [GC (Allocation Failure) [PSYoungGen: 1564449K->5999K(1565696K)] 1667116K->108802K(2089984K), 0.0084030 secs] [Times: user=0.18 sys=0.01, real=0.00 secs] 
1742.532: [GC (Allocation Failure) [PSYoungGen: 1564527K->5761K(1565696K)] 1667330K->109458K(2089984K), 0.0076322 secs] [Times: user=0.12 sys=0.00, real=0.00 secs] 
1753.695: [GC (Allocation Failure) [PSYoungGen: 1564289K->5697K(1566208K)] 1667986K->109490K(2090496K), 0.0084220 secs] [Times: user=0.18 sys=0.00, real=0.00 secs] 
1764.766: [GC (Allocation Failure) [PSYoungGen: 1565249K->5857K(1566208K)] 1669042K->109722K(2090496K), 0.0084707 secs] [Times: user=0.18 sys=0.00, real=0.00 secs] 
1775.866: [GC (Allocation Failure) [PSYoungGen: 1565409K->4737K(1566208K)] 1669274K->108682K(2090496K), 0.0095499 secs] [Times: user=0.07 sys=0.00, real=0.01 secs] 
1786.983: [GC (Allocation Failure) [PSYoungGen: 1564289K->5985K(1566208K)] 1668234K->110018K(2090496K), 0.0077717 secs] [Times: user=0.19 sys=0.00, real=0.01 secs] 
1797.219: [GC (Allocation Failure) [PSYoungGen: 1565537K->6511K(1565184K)] 1669570K->110657K(2089472K), 0.0074334 secs] [Times: user=0.17 sys=0.00, real=0.01 secs] 
1807.511: [GC (Allocation Failure) [PSYoungGen: 1565039K->5505K(1565696K)] 1669185K->110473K(2089984K), 0.0060345 secs] [Times: user=0.08 sys=0.01, real=0.01 secs] 
1817.792: [GC (Allocation Failure) [PSYoungGen: 1564033K->5697K(1565696K)] 1669001K->110881K(2089984K), 0.0073097 secs] [Times: user=0.14 sys=0.00, real=0.01 secs] 
1828.043: [GC (Allocation Failure) [PSYoungGen: 1564225K->5825K(1565696K)] 1669409K->111073K(2089984K), 0.0059963 secs] [Times: user=0.13 sys=0.00, real=0.01 secs] 
1838.327: [GC (Allocation Failure) [PSYoungGen: 1564353K->5633K(1566208K)] 1669601K->111065K(2090496K), 0.0064238 secs] [Times: user=0.15 sys=0.00, real=0.01 secs] 
1848.619: [GC (Allocation Failure) [PSYoungGen: 1565185K->5345K(1566208K)] 1670617K->110817K(2090496K), 0.0178167 secs] [Times: user=0.20 sys=0.00, real=0.01 secs] 
1858.766: [GC (Allocation Failure) [PSYoungGen: 1564897K->6255K(1565184K)] 1670369K->111839K(2089472K), 0.0060878 secs] [Times: user=0.11 sys=0.00, real=0.01 secs] 
1868.852: [GC (Allocation Failure) [PSYoungGen: 1564783K->5441K(1565696K)] 1670367K->111871K(2089984K), 0.0093181 secs] [Times: user=0.15 sys=0.00, real=0.01 secs] 
1878.971: [GC (Allocation Failure) [PSYoungGen: 1563969K->5793K(1566208K)] 1670399K->112479K(2090496K), 0.0070296 secs] [Times: user=0.14 sys=0.00, real=0.01 secs] 
1889.061: [GC (Allocation Failure) [PSYoungGen: 1565345K->5857K(1566208K)] 1672031K->112671K(2090496K), 0.0077808 secs] [Times: user=0.18 sys=0.00, real=0.01 secs] 
1899.157: [GC (Allocation Failure) [PSYoungGen: 1565409K->5985K(1566208K)] 1672223K->112831K(2090496K), 0.0049674 secs] [Times: user=0.04 sys=0.01, real=0.00 secs] 
1909.246: [GC (Allocation Failure) [PSYoungGen: 1565537K->5793K(1566208K)] 1672383K->112879K(2090496K), 0.0065586 secs] [Times: user=0.15 sys=0.00, real=0.01 secs] 
1919.257: [GC (Allocation Failure) [PSYoungGen: 1565345K->6543K(1565184K)] 1672431K->113814K(2089472K), 0.0080797 secs] [Times: user=0.20 sys=0.01, real=0.01 secs] 
1929.273: [GC (Allocation Failure) [PSYoungGen: 1565071K->5761K(1565696K)] 1672342K->113934K(2089984K), 0.0083762 secs] [Times: user=0.16 sys=0.00, real=0.01 secs] 
1939.288: [GC (Allocation Failure) [PSYoungGen: 1564289K->5921K(1566208K)] 1672462K->114222K(2090496K), 0.0069194 secs] [Times: user=0.15 sys=0.00, real=0.01 secs] 
1949.327: [GC (Allocation Failure) [PSYoungGen: 1565473K->5633K(1566208K)] 1673774K->114062K(2090496K), 0.0061319 secs] [Times: user=0.12 sys=0.00, real=0.00 secs] 
1959.385: [GC (Allocation Failure) [PSYoungGen: 1565185K->5921K(1566208K)] 1673614K->114398K(2090496K), 0.0083532 secs] [Times: user=0.17 sys=0.00, real=0.00 secs] 
1969.457: [GC (Allocation Failure) [PSYoungGen: 1565473K->5793K(1566208K)] 1673950K->114414K(2090496K), 0.0067131 secs] [Times: user=0.15 sys=0.00, real=0.00 secs] 
1979.514: [GC (Allocation Failure) [PSYoungGen: 1565345K->5889K(1566208K)] 1673966K->114646K(2090496K), 0.0077057 secs] [Times: user=0.17 sys=0.00, real=0.01 secs] 
1989.574: [GC (Allocation Failure) [PSYoungGen: 1565441K->6287K(1566208K)] 1674198K->115101K(2090496K), 0.0096012 secs] [Times: user=0.21 sys=0.00, real=0.01 secs] 
1999.666: [GC (Allocation Failure) [PSYoungGen: 1565839K->4769K(1566208K)] 1674653K->114397K(2090496K), 0.0270307 secs] [Times: user=0.17 sys=0.00, real=0.03 secs] 
2009.711: [GC (Allocation Failure) [PSYoungGen: 1564321K->5921K(1566208K)] 1673949K->115613K(2090496K), 0.0061145 secs] [Times: user=0.09 sys=0.00, real=0.01 secs] 
2019.789: [GC (Allocation Failure) [PSYoungGen: 1565473K->5633K(1566208K)] 1675165K->115421K(2090496K), 0.0084341 secs] [Times: user=0.17 sys=0.01, real=0.01 secs] 
2029.869: [GC (Allocation Failure) [PSYoungGen: 1565185K->5857K(1566208K)] 1674973K->115781K(2090496K), 0.0069374 secs] [Times: user=0.15 sys=0.01, real=0.00 secs] 
2039.941: [GC (Allocation Failure) [PSYoungGen: 1565409K->5121K(1566208K)] 1675333K->115093K(2090496K), 0.0125268 secs] [Times: user=0.12 sys=0.00, real=0.01 secs] 
2049.966: [GC (Allocation Failure) [PSYoungGen: 1564673K->6447K(1566208K)] 1674645K->116539K(2090496K), 0.0071476 secs] [Times: user=0.17 sys=0.00, real=0.01 secs] 
2059.995: [GC (Allocation Failure) [PSYoungGen: 1565999K->5857K(1565184K)] 1676091K->116891K(2089472K), 0.0058033 secs] [Times: user=0.10 sys=0.00, real=0.01 secs] 
2070.047: [GC (Allocation Failure) [PSYoungGen: 1564385K->5729K(1565696K)] 1675419K->116867K(2089984K), 0.0065290 secs] [Times: user=0.15 sys=0.00, real=0.01 secs] 
2080.055: [GC (Allocation Failure) [PSYoungGen: 1564257K->5729K(1566208K)] 1675395K->117011K(2090496K), 0.0068697 secs] [Times: user=0.15 sys=0.00, real=0.00 secs] 
2090.071: [GC (Allocation Failure) [PSYoungGen: 1565281K->5825K(1566208K)] 1676563K->117299K(2090496K), 0.0094829 secs] [Times: user=0.20 sys=0.00, real=0.01 secs] 
2100.105: [GC (Allocation Failure) [PSYoungGen: 1565377K->5665K(1566208K)] 1676851K->117267K(2090496K), 0.0079165 secs] [Times: user=0.15 sys=0.00, real=0.01 secs] 
2110.238: [GC (Allocation Failure) [PSYoungGen: 1565217K->5921K(1566208K)] 1676819K->117619K(2090496K), 0.0065273 secs] [Times: user=0.09 sys=0.01, real=0.01 secs] 
2120.113: [GC (Allocation Failure) [PSYoungGen: 1565473K->6607K(1566208K)] 1677171K->118402K(2090496K), 0.0094938 secs] [Times: user=0.22 sys=0.00, real=0.01 secs] 
2130.127: [GC (Allocation Failure) [PSYoungGen: 1566159K->5153K(1565184K)] 1677954K->117834K(2089472K), 0.0072024 secs] [Times: user=0.12 sys=0.00, real=0.01 secs] 
2140.166: [GC (Allocation Failure) [PSYoungGen: 1564705K->5057K(1565696K)] 1677386K->117770K(2089984K), 0.0102334 secs] [Times: user=0.04 sys=0.00, real=0.01 secs] 
2150.152: [GC (Allocation Failure) [PSYoungGen: 1563585K->5921K(1565696K)] 1676298K->118722K(2089984K), 0.0086815 secs] [Times: user=0.18 sys=0.00, real=0.01 secs] 
2160.145: [GC (Allocation Failure) [PSYoungGen: 1564449K->5857K(1566208K)] 1677250K->118834K(2090496K), 0.0075855 secs] [Times: user=0.16 sys=0.00, real=0.01 secs] 
2170.120: [GC (Allocation Failure) [PSYoungGen: 1564897K->5889K(1565696K)] 1677874K->118930K(2089984K), 0.0113689 secs] [Times: user=0.15 sys=0.00, real=0.01 secs] 
2180.090: [GC (Allocation Failure) [PSYoungGen: 1564929K->5761K(1566208K)] 1677970K->118970K(2090496K), 0.0070176 secs] [Times: user=0.14 sys=0.00, real=0.00 secs] 
2190.107: [GC (Allocation Failure) [PSYoungGen: 1565313K->5583K(1566208K)] 1678522K->118904K(2090496K), 0.0171969 secs] [Times: user=0.08 sys=0.00, real=0.02 secs] 
2200.132: [GC (Allocation Failure) [PSYoungGen: 1565113K->4865K(1566208K)] 1678434K->118977K(2090496K), 0.0114124 secs] [Times: user=0.08 sys=0.00, real=0.02 secs] 
2210.145: [GC (Allocation Failure) [PSYoungGen: 1564417K->5825K(1566208K)] 1678529K->120065K(2090496K), 0.0061345 secs] [Times: user=0.10 sys=0.00, real=0.00 secs] 
2220.181: [GC (Allocation Failure) [PSYoungGen: 1565377K->5921K(1566208K)] 1679617K->120265K(2090496K), 0.0077751 secs] [Times: user=0.16 sys=0.00, real=0.01 secs] 
2230.219: [GC (Allocation Failure) [PSYoungGen: 1565473K->5889K(1566208K)] 1679817K->120321K(2090496K), 0.0080345 secs] [Times: user=0.20 sys=0.00, real=0.01 secs] 
2240.230: [GC (Allocation Failure) [PSYoungGen: 1565441K->5889K(1566208K)] 1679873K->120425K(2090496K), 0.0074786 secs] [Times: user=0.16 sys=0.00, real=0.00 secs] 
2250.282: [GC (Allocation Failure) [PSYoungGen: 1565441K->5473K(1566208K)] 1679977K->120161K(2090496K), 0.0062104 secs] [Times: user=0.06 sys=0.01, real=0.00 secs] 
2260.241: [GC (Allocation Failure) [PSYoungGen: 1565025K->6319K(1566208K)] 1679713K->121103K(2090496K), 0.0090351 secs] [Times: user=0.15 sys=0.02, real=0.01 secs] 
2270.198: [GC (Allocation Failure) [PSYoungGen: 1565871K->5729K(1566208K)] 1680655K->121431K(2090496K), 0.0072394 secs] [Times: user=0.13 sys=0.01, real=0.01 secs] 
2280.151: [GC (Allocation Failure) [PSYoungGen: 1565281K->4865K(1566208K)] 1680983K->120655K(2090496K), 0.0227668 secs] [Times: user=0.33 sys=0.00, real=0.02 secs] 
2290.166: [GC (Allocation Failure) [PSYoungGen: 1564417K->5889K(1566208K)] 1680207K->121767K(2090496K), 0.0060571 secs] [Times: user=0.11 sys=0.01, real=0.00 secs] 
2300.143: [GC (Allocation Failure) [PSYoungGen: 1565441K->5793K(1566208K)] 1681319K->121711K(2090496K), 0.0069574 secs] [Times: user=0.12 sys=0.00, real=0.01 secs] 
2310.192: [GC (Allocation Failure) [PSYoungGen: 1565345K->5025K(1566208K)] 1681263K->121047K(2090496K), 0.0149940 secs] [Times: user=0.23 sys=0.00, real=0.01 secs] 
2320.158: [GC (Allocation Failure) [PSYoungGen: 1564577K->5985K(1566208K)] 1680599K->122087K(2090496K), 0.0088972 secs] [Times: user=0.18 sys=0.01, real=0.01 secs] 
2330.072: [GC (Allocation Failure) [PSYoungGen: 1565537K->6511K(1566208K)] 1681639K->122654K(2090496K), 0.0090310 secs] [Times: user=0.22 sys=0.00, real=0.01 secs] 
2340.024: [GC (Allocation Failure) [PSYoungGen: 1566063K->5825K(1565184K)] 1682206K->122958K(2089472K), 0.0082091 secs] [Times: user=0.17 sys=0.00, real=0.00 secs] 
2350.020: [GC (Allocation Failure) [PSYoungGen: 1564353K->5377K(1565696K)] 1681486K->122550K(2089984K), 0.0126206 secs] [Times: user=0.09 sys=0.00, real=0.01 secs] 
2359.957: [GC (Allocation Failure) [PSYoungGen: 1563905K->5889K(1565696K)] 1681078K->123278K(2089984K), 0.0078595 secs] [Times: user=0.10 sys=0.00, real=0.00 secs] 
2369.911: [GC (Allocation Failure) [PSYoungGen: 1564417K->5857K(1565696K)] 1681806K->123286K(2089984K), 0.0081826 secs] [Times: user=0.15 sys=0.00, real=0.01 secs] 
2379.881: [GC (Allocation Failure) [PSYoungGen: 1564385K->5857K(1566208K)] 1681814K->123342K(2090496K), 0.0095850 secs] [Times: user=0.18 sys=0.01, real=0.01 secs] 
2389.857: [GC (Allocation Failure) [PSYoungGen: 1565409K->4897K(1566208K)] 1682894K->122486K(2090496K), 0.0255602 secs] [Times: user=0.22 sys=0.01, real=0.03 secs] 
2399.827: [GC (Allocation Failure) [PSYoungGen: 1564449K->5807K(1566208K)] 1682038K->123428K(2090496K), 0.0386833 secs] [Times: user=0.25 sys=0.00, real=0.04 secs] 
2409.774: [GC (Allocation Failure) [PSYoungGen: 1565359K->5697K(1566208K)] 1682980K->124244K(2090496K), 0.0068472 secs] [Times: user=0.10 sys=0.00, real=0.00 secs] 
2419.703: [GC (Allocation Failure) [PSYoungGen: 1565249K->5889K(1566208K)] 1683796K->124620K(2090496K), 0.0080872 secs] [Times: user=0.12 sys=0.01, real=0.01 secs] 
2429.678: [GC (Allocation Failure) [PSYoungGen: 1565441K->5921K(1566208K)] 1684172K->124796K(2090496K), 0.0064049 secs] [Times: user=0.09 sys=0.00, real=0.00 secs] 
2439.678: [GC (Allocation Failure) [PSYoungGen: 1565473K->5761K(1566208K)] 1684348K->124668K(2090496K), 0.0079554 secs] [Times: user=0.16 sys=0.00, real=0.01 secs] 
2449.601: [GC (Allocation Failure) [PSYoungGen: 1565313K->5761K(1566208K)] 1684220K->124772K(2090496K), 0.0076675 secs] [Times: user=0.16 sys=0.00, real=0.00 secs] 
2459.534: [GC (Allocation Failure) [PSYoungGen: 1565313K->6479K(1566208K)] 1684324K->125659K(2090496K), 0.0100509 secs] [Times: user=0.24 sys=0.00, real=0.01 secs] 
2469.458: [GC (Allocation Failure) [PSYoungGen: 1566031K->4769K(1564672K)] 1685211K->124843K(2088960K), 0.0153356 secs] [Times: user=0.14 sys=0.00, real=0.02 secs] 
2479.348: [GC (Allocation Failure) [PSYoungGen: 1564321K->5921K(1565696K)] 1684395K->126147K(2089984K), 0.0065884 secs] [Times: user=0.15 sys=0.00, real=0.01 secs] 
2489.221: [GC (Allocation Failure) [PSYoungGen: 1564449K->4801K(1565696K)] 1684675K->125075K(2089984K), 0.0095620 secs] [Times: user=0.06 sys=0.00, real=0.01 secs] 
2499.176: [GC (Allocation Failure) [PSYoungGen: 1563329K->5217K(1565696K)] 1683603K->125515K(2089984K), 0.0510802 secs] [Times: user=0.57 sys=0.00, real=0.05 secs] 
2509.122: [GC (Allocation Failure) [PSYoungGen: 1563745K->6113K(1565696K)] 1684043K->126515K(2089984K), 0.0072108 secs] [Times: user=0.16 sys=0.00, real=0.00 secs] 
2518.995: [GC (Allocation Failure) [PSYoungGen: 1564641K->6145K(1565696K)] 1685043K->126595K(2089984K), 0.0056982 secs] [Times: user=0.10 sys=0.01, real=0.01 secs] 
2528.885: [GC (Allocation Failure) [PSYoungGen: 1564673K->6145K(1565696K)] 1685123K->126763K(2089984K), 0.0078946 secs] [Times: user=0.15 sys=0.01, real=0.01 secs] 
2538.702: [GC (Allocation Failure) [PSYoungGen: 1564673K->6095K(1565696K)] 1685291K->126866K(2089984K), 0.0084303 secs] [Times: user=0.15 sys=0.00, real=0.01 secs] 
2548.629: [GC (Allocation Failure) [PSYoungGen: 1564623K->6049K(1565696K)] 1685394K->127762K(2089984K), 0.0082575 secs] [Times: user=0.15 sys=0.00, real=0.01 secs] 
2558.538: [GC (Allocation Failure) [PSYoungGen: 1564577K->4929K(1565696K)] 1686290K->126674K(2089984K), 0.0093565 secs] [Times: user=0.05 sys=0.00, real=0.01 secs] 
2568.431: [GC (Allocation Failure) [PSYoungGen: 1563457K->6113K(1565696K)] 1685202K->127994K(2089984K), 0.0073090 secs] [Times: user=0.15 sys=0.00, real=0.00 secs] 
2578.265: [GC (Allocation Failure) [PSYoungGen: 1564641K->6081K(1565696K)] 1686522K->127986K(2089984K), 0.0076044 secs] [Times: user=0.08 sys=0.00, real=0.01 secs] 
2588.159: [GC (Allocation Failure) [PSYoungGen: 1564609K->6273K(1565696K)] 1686514K->128194K(2089984K), 0.0066238 secs] [Times: user=0.13 sys=0.00, real=0.01 secs] 
2597.967: [GC (Allocation Failure) [PSYoungGen: 1564801K->6927K(1564672K)] 1686722K->128928K(2088960K), 0.0063937 secs] [Times: user=0.10 sys=0.00, real=0.01 secs] 
2607.872: [GC (Allocation Failure) [PSYoungGen: 1564431K->5377K(1565184K)] 1686432K->128192K(2089472K), 0.0153217 secs] [Times: user=0.09 sys=0.00, real=0.02 secs] 
2617.784: [GC (Allocation Failure) [PSYoungGen: 1562881K->6113K(1565184K)] 1685696K->129072K(2089472K), 0.0070481 secs] [Times: user=0.15 sys=0.00, real=0.01 secs] 
2627.692: [GC (Allocation Failure) [PSYoungGen: 1563617K->6177K(1565184K)] 1686576K->129216K(2089472K), 0.0090797 secs] [Times: user=0.17 sys=0.00, real=0.01 secs] 
2637.609: [GC (Allocation Failure) [PSYoungGen: 1563681K->6145K(1565696K)] 1686720K->129224K(2089984K), 0.0066680 secs] [Times: user=0.07 sys=0.00, real=0.00 secs] 
2647.496: [GC (Allocation Failure) [PSYoungGen: 1564161K->6017K(1565184K)] 1687240K->129232K(2089472K), 0.0064605 secs] [Times: user=0.13 sys=0.01, real=0.01 secs] 
2657.399: [GC (Allocation Failure) [PSYoungGen: 1564033K->6241K(1565696K)] 1687248K->129504K(2089984K), 0.0086678 secs] [Times: user=0.18 sys=0.00, real=0.01 secs] 
2667.314: [GC (Allocation Failure) [PSYoungGen: 1564769K->6049K(1565696K)] 1688032K->129440K(2089984K), 0.0069732 secs] [Times: user=0.13 sys=0.00, real=0.00 secs] 
2677.228: [GC (Allocation Failure) [PSYoungGen: 1564577K->6305K(1565696K)] 1687968K->129776K(2089984K), 0.0058096 secs] [Times: user=0.05 sys=0.00, real=0.01 secs] 
2687.125: [GC (Allocation Failure) [PSYoungGen: 1564833K->6415K(1565696K)] 1688304K->129911K(2089984K), 0.0407803 secs] [Times: user=0.49 sys=0.00, real=0.04 secs] 
2696.993: [GC (Allocation Failure) [PSYoungGen: 1564943K->6177K(1565696K)] 1688439K->130615K(2089984K), 0.0090186 secs] [Times: user=0.19 sys=0.00, real=0.01 secs] 
2706.889: [GC (Allocation Failure) [PSYoungGen: 1564705K->6081K(1565696K)] 1689143K->130687K(2089984K), 0.0065081 secs] [Times: user=0.14 sys=0.00, real=0.01 secs] 
2716.787: [GC (Allocation Failure) [PSYoungGen: 1564609K->5281K(1565696K)] 1689215K->129935K(2089984K), 0.0283729 secs] [Times: user=0.18 sys=0.00, real=0.03 secs] 
2726.676: [GC (Allocation Failure) [PSYoungGen: 1563809K->6113K(1565696K)] 1688463K->130895K(2089984K), 0.0081763 secs] [Times: user=0.12 sys=0.00, real=0.01 secs] 
2736.490: [GC (Allocation Failure) [PSYoungGen: 1564641K->6177K(1565696K)] 1689423K->131071K(2089984K), 0.0063796 secs] [Times: user=0.13 sys=0.00, real=0.01 secs] 
2746.446: [GC (Allocation Failure) [PSYoungGen: 1564705K->6081K(1565696K)] 1689599K->131079K(2089984K), 0.0068114 secs] [Times: user=0.13 sys=0.00, real=0.00 secs] 
2756.398: [GC (Allocation Failure) [PSYoungGen: 1564609K->6113K(1565696K)] 1689607K->131279K(2089984K), 0.0067613 secs] [Times: user=0.15 sys=0.00, real=0.00 secs] 
2766.177: [GC (Allocation Failure) [PSYoungGen: 1564641K->5775K(1565696K)] 1689807K->130982K(2089984K), 0.0192997 secs] [Times: user=0.17 sys=0.00, real=0.02 secs] 
2776.016: [GC (Allocation Failure) [PSYoungGen: 1564303K->6177K(1565696K)] 1689510K->132358K(2089984K), 0.0059712 secs] [Times: user=0.10 sys=0.00, real=0.01 secs] 
2785.898: [GC (Allocation Failure) [PSYoungGen: 1564705K->5601K(1565696K)] 1690886K->131862K(2089984K), 0.0120108 secs] [Times: user=0.04 sys=0.00, real=0.01 secs] 
2795.769: [GC (Allocation Failure) [PSYoungGen: 1564129K->6177K(1565696K)] 1690390K->132518K(2089984K), 0.0064186 secs] [Times: user=0.13 sys=0.00, real=0.01 secs] 
2805.577: [GC (Allocation Failure) [PSYoungGen: 1564705K->6177K(1565696K)] 1691046K->132590K(2089984K), 0.0063320 secs] [Times: user=0.14 sys=0.01, real=0.00 secs] 
2815.554: [GC (Allocation Failure) [PSYoungGen: 1564705K->6497K(1565696K)] 1691118K->133038K(2089984K), 0.0082908 secs] [Times: user=0.12 sys=0.00, real=0.01 secs] 
2825.438: [GC (Allocation Failure) [PSYoungGen: 1565025K->7119K(1565696K)] 1691566K->133892K(2089984K), 0.0102084 secs] [Times: user=0.22 sys=0.00, real=0.01 secs] 
2835.292: [GC (Allocation Failure) [PSYoungGen: 1565647K->6337K(1565696K)] 1692420K->134044K(2089984K), 0.0085943 secs] [Times: user=0.14 sys=0.00, real=0.01 secs] 
2845.085: [GC (Allocation Failure) [PSYoungGen: 1564865K->5601K(1565696K)] 1692572K->133340K(2089984K), 0.0308052 secs] [Times: user=0.37 sys=0.00, real=0.03 secs] 
2854.877: [GC (Allocation Failure) [PSYoungGen: 1564129K->6561K(1565696K)] 1691868K->134396K(2089984K), 0.0058287 secs] [Times: user=0.05 sys=0.00, real=0.01 secs] 
2864.707: [GC (Allocation Failure) [PSYoungGen: 1565089K->6337K(1565696K)] 1692924K->134276K(2089984K), 0.0072781 secs] [Times: user=0.15 sys=0.01, real=0.01 secs] 
2874.545: [GC (Allocation Failure) [PSYoungGen: 1564865K->6625K(1564672K)] 1692804K->134636K(2088960K), 0.0084479 secs] [Times: user=0.18 sys=0.00, real=0.00 secs] 
2884.360: [GC (Allocation Failure) [PSYoungGen: 1564129K->6401K(1565184K)] 1692140K->134620K(2089472K), 0.0094972 secs] [Times: user=0.17 sys=0.00, real=0.01 secs] 
2894.120: [GC (Allocation Failure) [PSYoungGen: 1563905K->7023K(1564672K)] 1692124K->135339K(2088960K), 0.0085724 secs] [Times: user=0.17 sys=0.01, real=0.01 secs] 
2903.947: [GC (Allocation Failure) [PSYoungGen: 1564527K->6497K(1565184K)] 1692843K->135811K(2089472K), 0.0079401 secs] [Times: user=0.11 sys=0.02, real=0.01 secs] 
2913.747: [GC (Allocation Failure) [PSYoungGen: 1564001K->6561K(1565184K)] 1693315K->135947K(2089472K), 0.0067982 secs] [Times: user=0.14 sys=0.00, real=0.01 secs] 
2923.557: [GC (Allocation Failure) [PSYoungGen: 1564065K->5473K(1565184K)] 1693451K->134931K(2089472K), 0.0246447 secs] [Times: user=0.26 sys=0.00, real=0.02 secs] 
2933.412: [GC (Allocation Failure) [PSYoungGen: 1562977K->6401K(1565184K)] 1692435K->135891K(2089472K), 0.0080545 secs] [Times: user=0.09 sys=0.00, real=0.01 secs] 
2943.197: [GC (Allocation Failure) [PSYoungGen: 1563905K->6561K(1565184K)] 1693395K->136075K(2089472K), 0.0075791 secs] [Times: user=0.12 sys=0.00, real=0.01 secs] 
2952.970: [GC (Allocation Failure) [PSYoungGen: 1564065K->6561K(1565184K)] 1693579K->136211K(2089472K), 0.0076034 secs] [Times: user=0.15 sys=0.00, real=0.01 secs] 
2962.739: [GC (Allocation Failure) [PSYoungGen: 1564065K->7151K(1565184K)] 1693715K->136921K(2089472K), 0.0077027 secs] [Times: user=0.17 sys=0.00, real=0.01 secs] 
2972.485: [GC (Allocation Failure) [PSYoungGen: 1564655K->5537K(1565184K)] 1694425K->136153K(2089472K), 0.0396504 secs] [Times: user=0.33 sys=0.01, real=0.04 secs] 
2982.244: [GC (Allocation Failure) [PSYoungGen: 1563041K->6689K(1565184K)] 1693657K->137386K(2089472K), 0.0080350 secs] [Times: user=0.17 sys=0.00, real=0.01 secs] 
2992.046: [GC (Allocation Failure) [PSYoungGen: 1564193K->5729K(1565184K)] 1694890K->136466K(2089472K), 0.0496125 secs] [Times: user=0.63 sys=0.00, real=0.05 secs] 
3001.842: [GC (Allocation Failure) [PSYoungGen: 1563233K->6529K(1565184K)] 1693970K->137370K(2089472K), 0.0069323 secs] [Times: user=0.13 sys=0.00, real=0.01 secs] 
3011.649: [GC (Allocation Failure) [PSYoungGen: 1564033K->6657K(1565184K)] 1694874K->137522K(2089472K), 0.0065001 secs] [Times: user=0.11 sys=0.00, real=0.01 secs] 
3021.438: [GC (Allocation Failure) [PSYoungGen: 1564161K->6593K(1565184K)] 1695026K->137562K(2089472K), 0.0071349 secs] [Times: user=0.15 sys=0.00, real=0.00 secs] 
3031.146: [GC (Allocation Failure) [PSYoungGen: 1564097K->7311K(1564160K)] 1695066K->138344K(2088448K), 0.0082705 secs] [Times: user=0.18 sys=0.00, real=0.01 secs] 
3040.961: [GC (Allocation Failure) [PSYoungGen: 1563791K->6049K(1564672K)] 1694824K->137944K(2088960K), 0.0382958 secs] [Times: user=0.50 sys=0.00, real=0.03 secs] 
3050.729: [GC (Allocation Failure) [PSYoungGen: 1562529K->6561K(1565184K)] 1694424K->138552K(2089472K), 0.0092693 secs] [Times: user=0.17 sys=0.01, real=0.01 secs] 
3060.524: [GC (Allocation Failure) [PSYoungGen: 1564065K->6465K(1565184K)] 1696056K->138528K(2089472K), 0.0074120 secs] [Times: user=0.14 sys=0.00, real=0.00 secs] 
3070.373: [GC (Allocation Failure) [PSYoungGen: 1563969K->6689K(1565184K)] 1696032K->138768K(2089472K), 0.0054671 secs] [Times: user=0.06 sys=0.00, real=0.01 secs] 
3080.176: [GC (Allocation Failure) [PSYoungGen: 1564193K->6593K(1565184K)] 1696272K->138760K(2089472K), 0.0072414 secs] [Times: user=0.17 sys=0.01, real=0.00 secs] 
3090.101: [GC (Allocation Failure) [PSYoungGen: 1564097K->6817K(1565184K)] 1696264K->139000K(2089472K), 0.0066593 secs] [Times: user=0.10 sys=0.00, real=0.01 secs] 
3099.915: [GC (Allocation Failure) [PSYoungGen: 1564321K->6689K(1565184K)] 1696504K->138936K(2089472K), 0.0057132 secs] [Times: user=0.08 sys=0.00, real=0.01 secs] 
3109.658: [GC (Allocation Failure) [PSYoungGen: 1564193K->7183K(1565184K)] 1696440K->139543K(2089472K), 0.0077991 secs] [Times: user=0.18 sys=0.01, real=0.01 secs] 
3119.389: [GC (Allocation Failure) [PSYoungGen: 1564687K->6657K(1565184K)] 1697047K->140103K(2089472K), 0.0081183 secs] [Times: user=0.14 sys=0.04, real=0.01 secs] 
3129.147: [GC (Allocation Failure) [PSYoungGen: 1564161K->5313K(1565184K)] 1697607K->138839K(2089472K), 0.0190074 secs] [Times: user=0.21 sys=0.00, real=0.02 secs] 
3138.861: [GC (Allocation Failure) [PSYoungGen: 1562817K->5409K(1563136K)] 1696343K->138967K(2087424K), 0.0651402 secs] [Times: user=0.39 sys=0.00, real=0.07 secs] 
3148.618: [GC (Allocation Failure) [PSYoungGen: 1562913K->6529K(1565184K)] 1696471K->140183K(2089472K), 0.0066833 secs] [Times: user=0.13 sys=0.00, real=0.00 secs] 
3158.387: [GC (Allocation Failure) [PSYoungGen: 1563521K->6657K(1564672K)] 1697175K->140447K(2088960K), 0.0059550 secs] [Times: user=0.11 sys=0.00, real=0.01 secs] 
3168.103: [GC (Allocation Failure) [PSYoungGen: 1563649K->6753K(1565184K)] 1697439K->140559K(2089472K), 0.0091445 secs] [Times: user=0.16 sys=0.00, real=0.01 secs] 
3177.830: [GC (Allocation Failure) [PSYoungGen: 1564257K->7247K(1565184K)] 1698063K->141117K(2089472K), 0.0103009 secs] [Times: user=0.20 sys=0.00, real=0.02 secs] 
3187.607: [GC (Allocation Failure) [PSYoungGen: 1564751K->5313K(1564160K)] 1698621K->140021K(2088448K), 0.0119221 secs] [Times: user=0.07 sys=0.00, real=0.01 secs] 
3197.400: [GC (Allocation Failure) [PSYoungGen: 1561793K->5537K(1564672K)] 1696501K->140285K(2088960K), 0.0508034 secs] [Times: user=0.65 sys=0.00, real=0.05 secs] 
3207.194: [GC (Allocation Failure) [PSYoungGen: 1562017K->6401K(1564672K)] 1696765K->141301K(2088960K), 0.0076549 secs] [Times: user=0.12 sys=0.00, real=0.01 secs] 
3217.179: [GC (Allocation Failure) [PSYoungGen: 1562881K->6177K(1564672K)] 1697781K->141117K(2088960K), 0.0114341 secs] [Times: user=0.06 sys=0.00, real=0.01 secs] 
3226.817: [GC (Allocation Failure) [PSYoungGen: 1562657K->6593K(1565184K)] 1697597K->141621K(2089472K), 0.0064964 secs] [Times: user=0.13 sys=0.00, real=0.01 secs] 
3236.600: [GC (Allocation Failure) [PSYoungGen: 1564097K->6625K(1565184K)] 1699125K->141797K(2089472K), 0.0060395 secs] [Times: user=0.11 sys=0.00, real=0.00 secs] 
3246.517: [GC (Allocation Failure) [PSYoungGen: 1564129K->6273K(1565184K)] 1699301K->141565K(2089472K), 0.0076484 secs] [Times: user=0.08 sys=0.01, real=0.01 secs] 
3256.267: [GC (Allocation Failure) [PSYoungGen: 1563777K->7023K(1565184K)] 1699069K->142380K(2089472K), 0.0081507 secs] [Times: user=0.17 sys=0.00, real=0.01 secs] 
3266.057: [GC (Allocation Failure) [PSYoungGen: 1564527K->6593K(1565184K)] 1699884K->142924K(2089472K), 0.0088746 secs] [Times: user=0.18 sys=0.01, real=0.01 secs] 
3275.912: [GC (Allocation Failure) [PSYoungGen: 1564097K->6465K(1565184K)] 1700428K->142828K(2089472K), 0.0072770 secs] [Times: user=0.13 sys=0.00, real=0.01 secs] 
3285.732: [GC (Allocation Failure) [PSYoungGen: 1563969K->6529K(1565184K)] 1700332K->143108K(2089472K), 0.0088682 secs] [Times: user=0.18 sys=0.00, real=0.01 secs] 
3295.557: [GC (Allocation Failure) [PSYoungGen: 1564033K->6465K(1565184K)] 1700612K->143132K(2089472K), 0.0069142 secs] [Times: user=0.12 sys=0.01, real=0.01 secs] 
3305.408: [GC (Allocation Failure) [PSYoungGen: 1563969K->6369K(1565184K)] 1700636K->143044K(2089472K), 0.0083608 secs] [Times: user=0.08 sys=0.00, real=0.01 secs] 
3315.215: [GC (Allocation Failure) [PSYoungGen: 1563873K->6689K(1565184K)] 1700548K->143500K(2089472K), 0.0073769 secs] [Times: user=0.15 sys=0.00, real=0.01 secs] 
3324.936: [GC (Allocation Failure) [PSYoungGen: 1564193K->7055K(1565184K)] 1701004K->143939K(2089472K), 0.0093177 secs] [Times: user=0.15 sys=0.00, real=0.01 secs] 
3334.718: [GC (Allocation Failure) [PSYoungGen: 1564559K->5825K(1565184K)] 1701443K->143579K(2089472K), 0.0146775 secs] [Times: user=0.14 sys=0.00, real=0.01 secs] 
3344.509: [GC (Allocation Failure) [PSYoungGen: 1563329K->6689K(1565184K)] 1701083K->144507K(2089472K), 0.0063928 secs] [Times: user=0.12 sys=0.01, real=0.00 secs] 
3354.256: [GC (Allocation Failure) [PSYoungGen: 1564193K->5537K(1565184K)] 1702011K->143443K(2089472K), 0.0194370 secs] [Times: user=0.19 sys=0.00, real=0.02 secs] 
3364.023: [GC (Allocation Failure) [PSYoungGen: 1563041K->6657K(1565184K)] 1700947K->144635K(2089472K), 0.0060119 secs] [Times: user=0.13 sys=0.00, real=0.01 secs] 
3373.762: [GC (Allocation Failure) [PSYoungGen: 1564161K->6689K(1565184K)] 1702139K->144771K(2089472K), 0.0068716 secs] [Times: user=0.14 sys=0.01, real=0.00 secs] 
3383.559: [GC (Allocation Failure) [PSYoungGen: 1564193K->5633K(1565184K)] 1702275K->143803K(2089472K), 0.0174058 secs] [Times: user=0.15 sys=0.00, real=0.02 secs] 
3393.388: [GC (Allocation Failure) [PSYoungGen: 1563137K->6223K(1565184K)] 1701307K->144409K(2089472K), 0.0487660 secs] [Times: user=0.19 sys=0.00, real=0.05 secs] 
3402.996: [GC (Allocation Failure) [PSYoungGen: 1563727K->5441K(1565184K)] 1701913K->144457K(2089472K), 0.0410420 secs] [Times: user=0.40 sys=0.00, real=0.04 secs] 
3412.724: [GC (Allocation Failure) [PSYoungGen: 1562945K->6657K(1565184K)] 1701961K->145753K(2089472K), 0.0082847 secs] [Times: user=0.13 sys=0.00, real=0.01 secs] 
3422.412: [GC (Allocation Failure) [PSYoungGen: 1564161K->6529K(1565184K)] 1703257K->145673K(2089472K), 0.0115821 secs] [Times: user=0.08 sys=0.00, real=0.01 secs] 
3432.195: [GC (Allocation Failure) [PSYoungGen: 1564033K->6625K(1565184K)] 1703177K->146009K(2089472K), 0.0079652 secs] [Times: user=0.14 sys=0.01, real=0.01 secs] 
3441.870: [GC (Allocation Failure) [PSYoungGen: 1564129K->6689K(1565184K)] 1703513K->146121K(2089472K), 0.0097084 secs] [Times: user=0.19 sys=0.00, real=0.01 secs] 
3451.592: [GC (Allocation Failure) [PSYoungGen: 1564193K->6689K(1565184K)] 1703625K->146273K(2089472K), 0.0078661 secs] [Times: user=0.15 sys=0.01, real=0.00 secs] 
3461.297: [GC (Allocation Failure) [PSYoungGen: 1564193K->6689K(1565184K)] 1703777K->146393K(2089472K), 0.0086180 secs] [Times: user=0.15 sys=0.01, real=0.01 secs] 
3471.002: [GC (Allocation Failure) [PSYoungGen: 1564193K->6127K(1565184K)] 1703897K->145856K(2089472K), 0.0189577 secs] [Times: user=0.19 sys=0.00, real=0.02 secs] 
3480.763: [GC (Allocation Failure) [PSYoungGen: 1563631K->6465K(1565184K)] 1703360K->147144K(2089472K), 0.0073444 secs] [Times: user=0.13 sys=0.01, real=0.01 secs] 
3490.568: [GC (Allocation Failure) [PSYoungGen: 1563969K->5313K(1565184K)] 1704648K->146072K(2089472K), 0.0262176 secs] [Times: user=0.24 sys=0.00, real=0.03 secs] 
3500.334: [GC (Allocation Failure) [PSYoungGen: 1562817K->6465K(1565184K)] 1703576K->147272K(2089472K), 0.0060763 secs] [Times: user=0.09 sys=0.00, real=0.01 secs] 
3510.157: [GC (Allocation Failure) [PSYoungGen: 1563969K->6689K(1565184K)] 1704776K->147576K(2089472K), 0.0070850 secs] [Times: user=0.15 sys=0.00, real=0.01 secs] 
3519.929: [GC (Allocation Failure) [PSYoungGen: 1564193K->6369K(1565184K)] 1705080K->147344K(2089472K), 0.0077254 secs] [Times: user=0.07 sys=0.01, real=0.01 secs] 
3529.757: [GC (Allocation Failure) [PSYoungGen: 1563873K->6753K(1565184K)] 1704848K->147784K(2089472K), 0.0080387 secs] [Times: user=0.12 sys=0.00, real=0.01 secs] 
3539.448: [GC (Allocation Failure) [PSYoungGen: 1564257K->7215K(1565184K)] 1705288K->148326K(2089472K), 0.0101694 secs] [Times: user=0.23 sys=0.00, real=0.01 secs] 
3549.176: [GC (Allocation Failure) [PSYoungGen: 1564719K->6593K(1565184K)] 1705830K->148806K(2089472K), 0.0068815 secs] [Times: user=0.13 sys=0.02, real=0.01 secs] 
3558.903: [GC (Allocation Failure) [PSYoungGen: 1564097K->6113K(1565184K)] 1706310K->148334K(2089472K), 0.0434283 secs] [Times: user=0.29 sys=0.00, real=0.04 secs] 
3568.681: [GC (Allocation Failure) [PSYoungGen: 1563617K->6529K(1565184K)] 1705838K->148886K(2089472K), 0.0061511 secs] [Times: user=0.11 sys=0.00, real=0.00 secs] 
3578.352: [GC (Allocation Failure) [PSYoungGen: 1564033K->6625K(1565184K)] 1706390K->149054K(2089472K), 0.0066016 secs] [Times: user=0.14 sys=0.01, real=0.00 secs] 
3588.046: [GC (Allocation Failure) [PSYoungGen: 1564129K->5633K(1565184K)] 1706558K->148102K(2089472K), 0.0305020 secs] [Times: user=0.21 sys=0.00, real=0.03 secs] 
3597.725: [GC (Allocation Failure) [PSYoungGen: 1563137K->6177K(1565184K)] 1705606K->148806K(2089472K), 0.0074572 secs] [Times: user=0.12 sys=0.01, real=0.00 secs] 
3607.390: [GC (Allocation Failure) [PSYoungGen: 1563681K->7279K(1565184K)] 1706310K->149997K(2089472K), 0.0094782 secs] [Times: user=0.19 sys=0.00, real=0.01 secs] 
3617.203: [GC (Allocation Failure) [PSYoungGen: 1564783K->6241K(1565184K)] 1707501K->149965K(2089472K), 0.0075319 secs] [Times: user=0.10 sys=0.00, real=0.01 secs] 
3626.883: [GC (Allocation Failure) [PSYoungGen: 1563745K->6689K(1565184K)] 1707469K->150573K(2089472K), 0.0065314 secs] [Times: user=0.14 sys=0.00, real=0.01 secs] 
3636.605: [GC (Allocation Failure) [PSYoungGen: 1564193K->6625K(1565184K)] 1708077K->150509K(2089472K), 0.0078667 secs] [Times: user=0.15 sys=0.00, real=0.01 secs] 
3646.363: [GC (Allocation Failure) [PSYoungGen: 1564129K->5505K(1565184K)] 1708013K->149485K(2089472K), 0.0232254 secs] [Times: user=0.15 sys=0.00, real=0.02 secs] 
3656.055: [GC (Allocation Failure) [PSYoungGen: 1563009K->5505K(1565184K)] 1706989K->149525K(2089472K), 0.0118011 secs] [Times: user=0.05 sys=0.00, real=0.01 secs] 
3665.746: [GC (Allocation Failure) [PSYoungGen: 1563009K->5409K(1565184K)] 1707029K->149573K(2089472K), 0.0694138 secs] [Times: user=0.31 sys=0.00, real=0.07 secs] 
3675.378: [GC (Allocation Failure) [PSYoungGen: 1562913K->6479K(1565184K)] 1707077K->150684K(2089472K), 0.0183085 secs] [Times: user=0.07 sys=0.00, real=0.02 secs] 
3685.126: [GC (Allocation Failure) [PSYoungGen: 1563983K->5441K(1565184K)] 1708188K->150668K(2089472K), 0.0905466 secs] [Times: user=0.35 sys=0.01, real=0.09 secs] 
3694.799: [GC (Allocation Failure) [PSYoungGen: 1562945K->5409K(1565184K)] 1708172K->150708K(2089472K), 0.0675227 secs] [Times: user=0.30 sys=0.00, real=0.07 secs] 
3704.471: [GC (Allocation Failure) [PSYoungGen: 1562913K->6593K(1565184K)] 1708212K->151956K(2089472K), 0.0076647 secs] [Times: user=0.15 sys=0.00, real=0.00 secs] 
3714.135: [GC (Allocation Failure) [PSYoungGen: 1564091K->5601K(1565184K)] 1709454K->151060K(2089472K), 0.0210958 secs] [Times: user=0.27 sys=0.00, real=0.02 secs] 
3723.809: [GC (Allocation Failure) [PSYoungGen: 1563105K->5505K(1565184K)] 1708564K->150972K(2089472K), 0.0429034 secs] [Times: user=0.20 sys=0.00, real=0.04 secs] 
3733.511: [GC (Allocation Failure) [PSYoungGen: 1563009K->6497K(1565184K)] 1708476K->152092K(2089472K), 0.0075255 secs] [Times: user=0.16 sys=0.00, real=0.01 secs] 
3743.172: [GC (Allocation Failure) [PSYoungGen: 1564001K->6895K(1565184K)] 1709596K->152682K(2089472K), 0.0089249 secs] [Times: user=0.18 sys=0.00, real=0.01 secs] 
3752.866: [GC (Allocation Failure) [PSYoungGen: 1564399K->6689K(1564160K)] 1710186K->153450K(2088448K), 0.0068389 secs] [Times: user=0.15 sys=0.00, real=0.01 secs] 
3762.563: [GC (Allocation Failure) [PSYoungGen: 1563169K->5377K(1564672K)] 1709930K->152170K(2088960K), 0.0112838 secs] [Times: user=0.06 sys=0.00, real=0.01 secs] 
3772.262: [GC (Allocation Failure) [PSYoungGen: 1561857K->6625K(1564672K)] 1708650K->153498K(2088960K), 0.0077308 secs] [Times: user=0.16 sys=0.00, real=0.00 secs] 
3781.935: [GC (Allocation Failure) [PSYoungGen: 1563105K->5953K(1564672K)] 1709978K->152850K(2088960K), 0.0280835 secs] [Times: user=0.17 sys=0.00, real=0.03 secs] 
3791.607: [GC (Allocation Failure) [PSYoungGen: 1562433K->6145K(1565184K)] 1709330K->153058K(2089472K), 0.0119687 secs] [Times: user=0.10 sys=0.00, real=0.01 secs] 
3801.283: [GC (Allocation Failure) [PSYoungGen: 1563649K->6113K(1565184K)] 1710562K->153154K(2089472K), 0.0168352 secs] [Times: user=0.17 sys=0.01, real=0.02 secs] 
3810.903: [GC (Allocation Failure) [PSYoungGen: 1563617K->6255K(1565184K)] 1710658K->153313K(2089472K), 0.0099901 secs] [Times: user=0.05 sys=0.01, real=0.01 secs] 
3820.612: [GC (Allocation Failure) [PSYoungGen: 1563759K->6049K(1565184K)] 1710817K->154033K(2089472K), 0.0096432 secs] [Times: user=0.09 sys=0.00, real=0.01 secs] 
3830.236: [GC (Allocation Failure) [PSYoungGen: 1563553K->6625K(1565184K)] 1711537K->154721K(2089472K), 0.0079259 secs] [Times: user=0.14 sys=0.00, real=0.01 secs] 
3839.911: [GC (Allocation Failure) [PSYoungGen: 1564129K->6625K(1565184K)] 1712225K->154817K(2089472K), 0.0069694 secs] [Times: user=0.15 sys=0.00, real=0.01 secs] 
3849.657: [GC (Allocation Failure) [PSYoungGen: 1564129K->5921K(1565184K)] 1712321K->154169K(2089472K), 0.0097190 secs] [Times: user=0.11 sys=0.01, real=0.01 secs] 
3859.221: [GC (Allocation Failure) [PSYoungGen: 1563425K->5761K(1565184K)] 1711673K->154081K(2089472K), 0.0147823 secs] [Times: user=0.08 sys=0.00, real=0.02 secs] 
3868.860: [GC (Allocation Failure) [PSYoungGen: 1563265K->6625K(1565184K)] 1711585K->155025K(2089472K), 0.0083979 secs] [Times: user=0.13 sys=0.00, real=0.01 secs] 
3878.548: [GC (Allocation Failure) [PSYoungGen: 1564129K->5665K(1565184K)] 1712529K->154169K(2089472K), 0.0179490 secs] [Times: user=0.05 sys=0.00, real=0.01 secs] 
3888.154: [GC (Allocation Failure) [PSYoungGen: 1563169K->6689K(1565184K)] 1711673K->155329K(2089472K), 0.0083793 secs] [Times: user=0.12 sys=0.01, real=0.01 secs] 
3897.849: [GC (Allocation Failure) [PSYoungGen: 1564193K->7119K(1565184K)] 1712833K->155800K(2089472K), 0.0095149 secs] [Times: user=0.15 sys=0.00, real=0.01 secs] 
3907.455: [GC (Allocation Failure) [PSYoungGen: 1564623K->5345K(1565184K)] 1713304K->154870K(2089472K), 0.0114777 secs] [Times: user=0.06 sys=0.00, real=0.01 secs] 
3917.089: [GC (Allocation Failure) [PSYoungGen: 1562849K->5473K(1565184K)] 1712374K->155046K(2089472K), 0.0766613 secs] [Times: user=0.51 sys=0.00, real=0.08 secs] 
3926.686: [GC (Allocation Failure) [PSYoungGen: 1562977K->6625K(1565184K)] 1712550K->156342K(2089472K), 0.0074890 secs] [Times: user=0.14 sys=0.00, real=0.00 secs] 
3936.325: [GC (Allocation Failure) [PSYoungGen: 1564129K->5953K(1565184K)] 1713846K->155694K(2089472K), 0.0396960 secs] [Times: user=0.36 sys=0.00, real=0.04 secs] 
3946.072: [GC (Allocation Failure) [PSYoungGen: 1563457K->6561K(1565184K)] 1713198K->156390K(2089472K), 0.0075281 secs] [Times: user=0.13 sys=0.00, real=0.01 secs] 
3955.681: [GC (Allocation Failure) [PSYoungGen: 1564065K->6625K(1565184K)] 1713894K->156574K(2089472K), 0.0067180 secs] [Times: user=0.10 sys=0.01, real=0.00 secs] 
3965.257: [GC (Allocation Failure) [PSYoungGen: 1564129K->6447K(1565184K)] 1714078K->156461K(2089472K), 0.0172177 secs] [Times: user=0.09 sys=0.00, real=0.02 secs] 
3974.888: [GC (Allocation Failure) [PSYoungGen: 1563951K->6561K(1565184K)] 1713965K->157541K(2089472K), 0.0076023 secs] [Times: user=0.18 sys=0.00, real=0.01 secs] 
3984.536: [GC (Allocation Failure) [PSYoungGen: 1564065K->5441K(1565184K)] 1715045K->156453K(2089472K), 0.0101222 secs] [Times: user=0.06 sys=0.00, real=0.01 secs] 
3994.136: [GC (Allocation Failure) [PSYoungGen: 1562905K->6625K(1565184K)] 1713917K->157741K(2089472K), 0.0074914 secs] [Times: user=0.13 sys=0.01, real=0.00 secs] 
4003.747: [GC (Allocation Failure) [PSYoungGen: 1564129K->6753K(1565184K)] 1715245K->157893K(2089472K), 0.0077312 secs] [Times: user=0.10 sys=0.01, real=0.00 secs] 
4013.353: [GC (Allocation Failure) [PSYoungGen: 1564257K->7649K(1565184K)] 1715397K->160142K(2089472K), 0.0092904 secs] [Times: user=0.16 sys=0.02, real=0.01 secs] 
4022.936: [GC (Allocation Failure) [PSYoungGen: 1565153K->7649K(1563136K)] 1717646K->161606K(2087424K), 0.0070320 secs] [Times: user=0.14 sys=0.00, real=0.01 secs] 
4032.536: [GC (Allocation Failure) [PSYoungGen: 1563105K->8673K(1564160K)] 1717062K->162894K(2088448K), 0.0064187 secs] [Times: user=0.05 sys=0.00, real=0.01 secs] 
4042.199: [GC (Allocation Failure) [PSYoungGen: 1564129K->8688K(1562112K)] 1718350K->163629K(2086400K), 0.0096560 secs] [Times: user=0.17 sys=0.01, real=0.01 secs] 
4051.784: [GC (Allocation Failure) [PSYoungGen: 1562096K->8449K(1562112K)] 1717037K->164405K(2086400K), 0.0066648 secs] [Times: user=0.09 sys=0.00, real=0.00 secs] 
4061.426: [GC (Allocation Failure) [PSYoungGen: 1561839K->8097K(1562624K)] 1717795K->164093K(2086912K), 0.0119387 secs] [Times: user=0.06 sys=0.01, real=0.01 secs] 
4071.006: [GC (Allocation Failure) [PSYoungGen: 1560481K->7745K(1562624K)] 1716477K->163845K(2086912K), 0.0676915 secs] [Times: user=0.42 sys=0.00, real=0.07 secs] 
4080.562: [GC (Allocation Failure) [PSYoungGen: 1560129K->8769K(1562624K)] 1716229K->164909K(2086912K), 0.0084287 secs] [Times: user=0.14 sys=0.01, real=0.01 secs] 
4090.181: [GC (Allocation Failure) [PSYoungGen: 1561153K->8641K(1561088K)] 1717293K->164853K(2085376K), 0.0074911 secs] [Times: user=0.13 sys=0.00, real=0.00 secs] 
4099.889: [GC (Allocation Failure) [PSYoungGen: 1561025K->8129K(1562112K)] 1717237K->164429K(2086400K), 0.0089116 secs] [Times: user=0.07 sys=0.00, real=0.01 secs] 
4109.391: [GC (Allocation Failure) [PSYoungGen: 1559489K->9520K(1562112K)] 1715789K->165900K(2086400K), 0.0078765 secs] [Times: user=0.14 sys=0.00, real=0.01 secs] 
4118.904: [GC (Allocation Failure) [PSYoungGen: 1560880K->8641K(1562112K)] 1717260K->166036K(2086400K), 0.0064068 secs] [Times: user=0.09 sys=0.00, real=0.00 secs] 
4128.420: [GC (Allocation Failure) [PSYoungGen: 1560001K->7681K(1562112K)] 1717396K->165108K(2086400K), 0.0124466 secs] [Times: user=0.08 sys=0.00, real=0.01 secs] 
4138.046: [GC (Allocation Failure) [PSYoungGen: 1559041K->8865K(1562112K)] 1716468K->166316K(2086400K), 0.0076851 secs] [Times: user=0.15 sys=0.00, real=0.01 secs] 
4147.598: [GC (Allocation Failure) [PSYoungGen: 1560225K->8609K(1562112K)] 1717676K->166196K(2086400K), 0.0070224 secs] [Times: user=0.12 sys=0.01, real=0.01 secs] 
4157.169: [GC (Allocation Failure) [PSYoungGen: 1559969K->8097K(1562112K)] 1717556K->165724K(2086400K), 0.0096939 secs] [Times: user=0.06 sys=0.00, real=0.01 secs] 
4166.760: [GC (Allocation Failure) [PSYoungGen: 1559457K->7745K(1562112K)] 1717084K->165380K(2086400K), 0.0128034 secs] [Times: user=0.06 sys=0.00, real=0.02 secs] 
4176.132: [GC (Allocation Failure) [PSYoungGen: 1559105K->9392K(1561600K)] 1716740K->167074K(2085888K), 0.0099005 secs] [Times: user=0.20 sys=0.00, real=0.01 secs] 
4185.577: [GC (Allocation Failure) [PSYoungGen: 1560752K->8417K(1562112K)] 1718434K->167146K(2086400K), 0.0058460 secs] [Times: user=0.07 sys=0.01, real=0.00 secs] 
4195.125: [GC (Allocation Failure) [PSYoungGen: 1559777K->8417K(1562624K)] 1718506K->167250K(2086912K), 0.0101316 secs] [Times: user=0.16 sys=0.00, real=0.01 secs] 
4204.685: [GC (Allocation Failure) [PSYoungGen: 1560289K->8769K(1562112K)] 1719122K->167682K(2086400K), 0.0154005 secs] [Times: user=0.15 sys=0.00, real=0.02 secs] 
4214.119: [GC (Allocation Failure) [PSYoungGen: 1560641K->7649K(1562624K)] 1719554K->166594K(2086912K), 0.0280204 secs] [Times: user=0.20 sys=0.00, real=0.02 secs] 
4223.668: [GC (Allocation Failure) [PSYoungGen: 1560033K->8641K(1562624K)] 1718978K->167586K(2086912K), 0.0067671 secs] [Times: user=0.14 sys=0.00, real=0.01 secs] 
4233.139: [GC (Allocation Failure) [PSYoungGen: 1561025K->8577K(1562624K)] 1719970K->167626K(2086912K), 0.0096554 secs] [Times: user=0.12 sys=0.00, real=0.01 secs] 
4242.568: [GC (Allocation Failure) [PSYoungGen: 1560961K->9392K(1562112K)] 1720010K->168481K(2086400K), 0.0090007 secs] [Times: user=0.18 sys=0.00, real=0.01 secs] 
4252.045: [GC (Allocation Failure) [PSYoungGen: 1561776K->8705K(1562624K)] 1720865K->168801K(2086912K), 0.0070380 secs] [Times: user=0.09 sys=0.00, real=0.00 secs] 
4261.742: [GC (Allocation Failure) [PSYoungGen: 1560577K->8097K(1562112K)] 1720673K->168209K(2086400K), 0.0358322 secs] [Times: user=0.30 sys=0.00, real=0.04 secs] 
4271.419: [GC (Allocation Failure) [PSYoungGen: 1559969K->7713K(1562624K)] 1720081K->167841K(2086912K), 0.0131098 secs] [Times: user=0.08 sys=0.01, real=0.01 secs] 
4280.767: [GC (Allocation Failure) [PSYoungGen: 1560097K->7777K(1562624K)] 1720225K->167977K(2086912K), 0.0383696 secs] [Times: user=0.39 sys=0.00, real=0.04 secs] 
4290.247: [GC (Allocation Failure) [PSYoungGen: 1560161K->8737K(1562624K)] 1720361K->169009K(2086912K), 0.0066865 secs] [Times: user=0.12 sys=0.00, real=0.01 secs] 
4299.756: [GC (Allocation Failure) [PSYoungGen: 1561121K->8641K(1562624K)] 1721393K->169041K(2086912K), 0.0104685 secs] [Times: user=0.08 sys=0.00, real=0.01 secs] 
4309.283: [GC (Allocation Failure) [PSYoungGen: 1561025K->7681K(1562624K)] 1721425K->168161K(2086912K), 0.0124519 secs] [Times: user=0.06 sys=0.00, real=0.01 secs] 
4318.757: [GC (Allocation Failure) [PSYoungGen: 1560065K->8368K(1562624K)] 1720545K->168879K(2086912K), 0.0161322 secs] [Times: user=0.09 sys=0.00, real=0.01 secs] 
4328.287: [GC (Allocation Failure) [PSYoungGen: 1560752K->7585K(1563136K)] 1721263K->168887K(2087424K), 0.0146042 secs] [Times: user=0.06 sys=0.00, real=0.01 secs] 
4337.924: [GC (Allocation Failure) [PSYoungGen: 1560481K->8769K(1562624K)] 1721783K->170215K(2086912K), 0.0070448 secs] [Times: user=0.14 sys=0.00, real=0.01 secs] 
4347.502: [GC (Allocation Failure) [PSYoungGen: 1561665K->8929K(1562624K)] 1723111K->170511K(2086912K), 0.0081221 secs] [Times: user=0.14 sys=0.00, real=0.01 secs] 
4357.059: [GC (Allocation Failure) [PSYoungGen: 1561313K->8129K(1562624K)] 1722895K->169799K(2086912K), 0.0140038 secs] [Times: user=0.23 sys=0.00, real=0.02 secs] 
4366.623: [GC (Allocation Failure) [PSYoungGen: 1560513K->7873K(1563136K)] 1722183K->169567K(2087424K), 0.0233057 secs] [Times: user=0.06 sys=0.00, real=0.02 secs] 
4376.199: [GC (Allocation Failure) [PSYoungGen: 1560769K->8929K(1562624K)] 1722463K->170799K(2086912K), 0.0086420 secs] [Times: user=0.07 sys=0.01, real=0.01 secs] 
4385.772: [GC (Allocation Failure) [PSYoungGen: 1561825K->8097K(1563136K)] 1723695K->170087K(2087424K), 0.0108521 secs] [Times: user=0.06 sys=0.00, real=0.01 secs] 
4395.346: [GC (Allocation Failure) [PSYoungGen: 1560993K->8129K(1562624K)] 1722983K->170231K(2086912K), 0.0092646 secs] [Times: user=0.06 sys=0.00, real=0.01 secs] 
4404.835: [GC (Allocation Failure) [PSYoungGen: 1561025K->9040K(1563136K)] 1723127K->171302K(2087424K), 0.0096429 secs] [Times: user=0.18 sys=0.00, real=0.01 secs] 
4414.436: [GC (Allocation Failure) [PSYoungGen: 1562448K->8833K(1562624K)] 1724710K->171998K(2086912K), 0.0104092 secs] [Times: user=0.20 sys=0.00, real=0.01 secs] 
4423.972: [GC (Allocation Failure) [PSYoungGen: 1562241K->8897K(1562624K)] 1725406K->172078K(2086912K), 0.0074376 secs] [Times: user=0.09 sys=0.01, real=0.00 secs] 
4433.444: [GC (Allocation Failure) [PSYoungGen: 1561281K->7745K(1562624K)] 1724462K->171022K(2086912K), 0.0125575 secs] [Times: user=0.11 sys=0.00, real=0.01 secs] 
4442.988: [GC (Allocation Failure) [PSYoungGen: 1560129K->7681K(1562624K)] 1723406K->170974K(2086912K), 0.0520701 secs] [Times: user=0.23 sys=0.00, real=0.05 secs] 
4452.628: [GC (Allocation Failure) [PSYoungGen: 1560065K->8257K(1562624K)] 1723358K->171590K(2086912K), 0.0153877 secs] [Times: user=0.16 sys=0.01, real=0.01 secs] 
4462.116: [GC (Allocation Failure) [PSYoungGen: 1560641K->9488K(1562112K)] 1723974K->172933K(2086400K), 0.0096037 secs] [Times: user=0.17 sys=0.00, real=0.01 secs] 
4471.756: [GC (Allocation Failure) [PSYoungGen: 1561872K->8609K(1562624K)] 1725317K->172997K(2086912K), 0.0074091 secs] [Times: user=0.09 sys=0.00, real=0.01 secs] 
4481.204: [GC (Allocation Failure) [PSYoungGen: 1560993K->8129K(1562624K)] 1725381K->172613K(2086912K), 0.0088313 secs] [Times: user=0.06 sys=0.00, real=0.01 secs] 
4490.755: [GC (Allocation Failure) [PSYoungGen: 1560513K->8289K(1562624K)] 1724997K->172805K(2086912K), 0.0313164 secs] [Times: user=0.29 sys=0.00, real=0.03 secs] 
4500.249: [GC (Allocation Failure) [PSYoungGen: 1560673K->8193K(1563136K)] 1725189K->172741K(2087424K), 0.0209476 secs] [Times: user=0.25 sys=0.01, real=0.02 secs] 
4509.828: [GC (Allocation Failure) [PSYoungGen: 1561601K->8801K(1563136K)] 1726149K->173501K(2087424K), 0.0076868 secs] [Times: user=0.13 sys=0.00, real=0.01 secs] 
4519.338: [GC (Allocation Failure) [PSYoungGen: 1562209K->8929K(1563136K)] 1726909K->173757K(2087424K), 0.0069667 secs] [Times: user=0.14 sys=0.00, real=0.01 secs] 
4528.789: [GC (Allocation Failure) [PSYoungGen: 1562337K->7873K(1563136K)] 1727165K->172805K(2087424K), 0.0285790 secs] [Times: user=0.18 sys=0.00, real=0.03 secs] 
4538.280: [GC (Allocation Failure) [PSYoungGen: 1561281K->8304K(1563136K)] 1726213K->173315K(2087424K), 0.0814674 secs] [Times: user=0.37 sys=0.00, real=0.08 secs] 
4547.757: [GC (Allocation Failure) [PSYoungGen: 1561712K->7969K(1563136K)] 1726723K->173843K(2087424K), 0.0092406 secs] [Times: user=0.07 sys=0.00, real=0.01 secs] 
4557.369: [GC (Allocation Failure) [PSYoungGen: 1561377K->8737K(1563136K)] 1727251K->174763K(2087424K), 0.0080136 secs] [Times: user=0.11 sys=0.01, real=0.01 secs] 
4566.801: [GC (Allocation Failure) [PSYoungGen: 1562145K->8577K(1563136K)] 1728171K->174667K(2087424K), 0.0083705 secs] [Times: user=0.09 sys=0.00, real=0.00 secs] 
4576.224: [GC (Allocation Failure) [PSYoungGen: 1561985K->7649K(1563136K)] 1728075K->173763K(2087424K), 0.0514503 secs] [Times: user=0.31 sys=0.00, real=0.05 secs] 
4585.728: [GC (Allocation Failure) [PSYoungGen: 1561057K->8129K(1563136K)] 1727171K->174379K(2087424K), 0.0083032 secs] [Times: user=0.11 sys=0.00, real=0.01 secs] 
4595.201: [GC (Allocation Failure) [PSYoungGen: 1561537K->8929K(1563136K)] 1727787K->175219K(2087424K), 0.0075471 secs] [Times: user=0.14 sys=0.00, real=0.01 secs] 
4604.627: [GC (Allocation Failure) [PSYoungGen: 1562337K->8368K(1563136K)] 1728627K->174682K(2087424K), 0.0108113 secs] [Times: user=0.06 sys=0.00, real=0.01 secs] 
4614.172: [GC (Allocation Failure) [PSYoungGen: 1561776K->8385K(1563136K)] 1728090K->175586K(2087424K), 0.0116516 secs] [Times: user=0.06 sys=0.00, real=0.01 secs] 
4623.629: [GC (Allocation Failure) [PSYoungGen: 1561793K->8865K(1563136K)] 1728994K->176098K(2087424K), 0.0090630 secs] [Times: user=0.10 sys=0.00, real=0.01 secs] 
4633.100: [GC (Allocation Failure) [PSYoungGen: 1562273K->8801K(1563136K)] 1729506K->176154K(2087424K), 0.0085165 secs] [Times: user=0.14 sys=0.00, real=0.01 secs] 
4642.666: [GC (Allocation Failure) [PSYoungGen: 1562209K->8897K(1563136K)] 1729562K->176290K(2087424K), 0.0072344 secs] [Times: user=0.13 sys=0.01, real=0.01 secs] 
4652.205: [GC (Allocation Failure) [PSYoungGen: 1562305K->8865K(1563136K)] 1729698K->176378K(2087424K), 0.0073267 secs] [Times: user=0.14 sys=0.01, real=0.00 secs] 
4661.652: [GC (Allocation Failure) [PSYoungGen: 1562273K->8865K(1563136K)] 1729786K->176450K(2087424K), 0.0087778 secs] [Times: user=0.13 sys=0.00, real=0.01 secs] 
4671.080: [GC (Allocation Failure) [PSYoungGen: 1562273K->8432K(1563136K)] 1729858K->176057K(2087424K), 0.0275340 secs] [Times: user=0.13 sys=0.00, real=0.03 secs] 
4680.642: [GC (Allocation Failure) [PSYoungGen: 1561840K->8673K(1563136K)] 1729465K->177233K(2087424K), 0.0141627 secs] [Times: user=0.12 sys=0.00, real=0.01 secs] 
4690.141: [GC (Allocation Failure) [PSYoungGen: 1562081K->8641K(1563136K)] 1730641K->177225K(2087424K), 0.0087073 secs] [Times: user=0.09 sys=0.00, real=0.00 secs] 
4699.644: [GC (Allocation Failure) [PSYoungGen: 1562049K->7585K(1563136K)] 1730633K->176193K(2087424K), 0.0122893 secs] [Times: user=0.06 sys=0.00, real=0.01 secs] 
4709.349: [GC (Allocation Failure) [PSYoungGen: 1560993K->8257K(1563136K)] 1729601K->176961K(2087424K), 0.0241916 secs] [Times: user=0.28 sys=0.00, real=0.03 secs] 
4718.818: [GC (Allocation Failure) [PSYoungGen: 1561665K->8385K(1563136K)] 1730369K->177121K(2087424K), 0.0123426 secs] [Times: user=0.06 sys=0.00, real=0.01 secs] 
4728.481: [GC (Allocation Failure) [PSYoungGen: 1561793K->7617K(1563136K)] 1730529K->176465K(2087424K), 0.0136511 secs] [Times: user=0.16 sys=0.00, real=0.01 secs] 
4737.903: [GC (Allocation Failure) [PSYoungGen: 1561025K->9456K(1563136K)] 1729873K->178327K(2087424K), 0.0094957 secs] [Times: user=0.15 sys=0.00, real=0.01 secs] 
4747.334: [GC (Allocation Failure) [PSYoungGen: 1562864K->8833K(1563136K)] 1731735K->178711K(2087424K), 0.0074290 secs] [Times: user=0.15 sys=0.01, real=0.01 secs] 
4756.812: [GC (Allocation Failure) [PSYoungGen: 1562241K->8801K(1563136K)] 1732119K->178831K(2087424K), 0.0078647 secs] [Times: user=0.14 sys=0.02, real=0.01 secs] 
4766.266: [GC (Allocation Failure) [PSYoungGen: 1562209K->8641K(1563136K)] 1732239K->178687K(2087424K), 0.0063499 secs] [Times: user=0.11 sys=0.00, real=0.01 secs] 
4775.713: [GC (Allocation Failure) [PSYoungGen: 1562049K->8801K(1563136K)] 1732095K->178959K(2087424K), 0.0083944 secs] [Times: user=0.14 sys=0.00, real=0.01 secs] 
4785.229: [GC (Allocation Failure) [PSYoungGen: 1562209K->7809K(1563136K)] 1732367K->178023K(2087424K), 0.0478033 secs] [Times: user=0.41 sys=0.01, real=0.05 secs] 
4794.757: [GC (Allocation Failure) [PSYoungGen: 1561217K->7745K(1563136K)] 1731431K->177975K(2087424K), 0.0264532 secs] [Times: user=0.04 sys=0.00, real=0.02 secs] 
4804.208: [GC (Allocation Failure) [PSYoungGen: 1561153K->8801K(1563136K)] 1731383K->179247K(2087424K), 0.0073827 secs] [Times: user=0.13 sys=0.00, real=0.00 secs] 
4813.596: [GC (Allocation Failure) [PSYoungGen: 1562209K->9520K(1563136K)] 1732655K->180038K(2087424K), 0.0111277 secs] [Times: user=0.14 sys=0.00, real=0.01 secs] 
4822.967: [GC (Allocation Failure) [PSYoungGen: 1562928K->8897K(1562112K)] 1733446K->180358K(2086400K), 0.0074995 secs] [Times: user=0.11 sys=0.00, real=0.01 secs] 
4832.420: [GC (Allocation Failure) [PSYoungGen: 1561281K->7649K(1562624K)] 1732742K->179206K(2086912K), 0.0106160 secs] [Times: user=0.08 sys=0.01, real=0.01 secs] 
4841.783: [GC (Allocation Failure) [PSYoungGen: 1560033K->8865K(1562624K)] 1731590K->180454K(2086912K), 0.0082984 secs] [Times: user=0.11 sys=0.00, real=0.01 secs] 
4851.164: [GC (Allocation Failure) [PSYoungGen: 1561249K->7777K(1562624K)] 1732838K->179486K(2086912K), 0.0280404 secs] [Times: user=0.27 sys=0.00, real=0.02 secs] 
4860.699: [GC (Allocation Failure) [PSYoungGen: 1560161K->7681K(1562624K)] 1731870K->179398K(2086912K), 0.0419357 secs] [Times: user=0.51 sys=0.00, real=0.04 secs] 
4869.991: [GC (Allocation Failure) [PSYoungGen: 1560065K->7585K(1562624K)] 1731782K->179398K(2086912K), 0.0258419 secs] [Times: user=0.25 sys=0.00, real=0.02 secs] 
4879.357: [GC (Allocation Failure) [PSYoungGen: 1559969K->9328K(1562624K)] 1731782K->181236K(2086912K), 0.0119585 secs] [Times: user=0.13 sys=0.00, real=0.01 secs] 
4888.785: [GC (Allocation Failure) [PSYoungGen: 1561712K->8801K(1562624K)] 1733620K->181700K(2086912K), 0.0091253 secs] [Times: user=0.16 sys=0.01, real=0.01 secs] 
4898.244: [GC (Allocation Failure) [PSYoungGen: 1561185K->8833K(1562624K)] 1734084K->181804K(2086912K), 0.0081961 secs] [Times: user=0.14 sys=0.00, real=0.00 secs] 
4907.675: [GC (Allocation Failure) [PSYoungGen: 1561217K->8769K(1562624K)] 1734188K->181836K(2086912K), 0.0066844 secs] [Times: user=0.12 sys=0.00, real=0.00 secs] 
4917.226: [GC (Allocation Failure) [PSYoungGen: 1561153K->7713K(1562624K)] 1734220K->180804K(2086912K), 0.0266436 secs] [Times: user=0.24 sys=0.00, real=0.02 secs] 
4926.519: [GC (Allocation Failure) [PSYoungGen: 1560097K->8769K(1562624K)] 1733188K->181980K(2086912K), 0.0070180 secs] [Times: user=0.14 sys=0.00, real=0.01 secs] 
4936.031: [GC (Allocation Failure) [PSYoungGen: 1561153K->8929K(1562624K)] 1734364K->182204K(2086912K), 0.0081686 secs] [Times: user=0.15 sys=0.00, real=0.01 secs] 
4945.529: [GC (Allocation Failure) [PSYoungGen: 1561313K->8737K(1562624K)] 1734588K->182156K(2086912K), 0.0091970 secs] [Times: user=0.10 sys=0.01, real=0.00 secs] 
4955.018: [GC (Allocation Failure) [PSYoungGen: 1561121K->9360K(1562624K)] 1734540K->182835K(2086912K), 0.0082024 secs] [Times: user=0.16 sys=0.00, real=0.01 secs] 
4964.413: [GC (Allocation Failure) [PSYoungGen: 1561744K->8257K(1562624K)] 1735219K->182539K(2086912K), 0.0138686 secs] [Times: user=0.12 sys=0.00, real=0.01 secs] 
4973.898: [GC (Allocation Failure) [PSYoungGen: 1560641K->8897K(1562624K)] 1734923K->183259K(2086912K), 0.0068935 secs] [Times: user=0.08 sys=0.00, real=0.01 secs] 
4983.280: [GC (Allocation Failure) [PSYoungGen: 1561281K->8577K(1562624K)] 1735643K->182971K(2086912K), 0.0082010 secs] [Times: user=0.09 sys=0.00, real=0.01 secs] 
4992.750: [GC (Allocation Failure) [PSYoungGen: 1560961K->8801K(1562624K)] 1735355K->183299K(2086912K), 0.0075840 secs] [Times: user=0.13 sys=0.00, real=0.01 secs] 
5002.196: [GC (Allocation Failure) [PSYoungGen: 1561185K->7585K(1562624K)] 1735683K->182091K(2086912K), 0.0214173 secs] [Times: user=0.21 sys=0.00, real=0.02 secs] 
5011.696: [GC (Allocation Failure) [PSYoungGen: 1559969K->8833K(1562624K)] 1734475K->183395K(2086912K), 0.0086461 secs] [Times: user=0.10 sys=0.00, real=0.01 secs] 
5021.169: [GC (Allocation Failure) [PSYoungGen: 1561217K->8641K(1562624K)] 1735779K->183363K(2086912K), 0.0076082 secs] [Times: user=0.12 sys=0.00, real=0.01 secs] 
5030.521: [GC (Allocation Failure) [PSYoungGen: 1561025K->9520K(1562624K)] 1735747K->184290K(2086912K), 0.0083713 secs] [Times: user=0.15 sys=0.00, real=0.01 secs] 
5039.898: [GC (Allocation Failure) [PSYoungGen: 1561904K->7777K(1562624K)] 1736674K->183450K(2086912K), 0.0276862 secs] [Times: user=0.28 sys=0.00, real=0.03 secs] 
5049.517: [GC (Allocation Failure) [PSYoungGen: 1560161K->7649K(1562624K)] 1735834K->183346K(2086912K), 0.0128382 secs] [Times: user=0.05 sys=0.00, real=0.01 secs] 
5058.819: [GC (Allocation Failure) [PSYoungGen: 1560033K->7809K(1562624K)] 1735730K->183514K(2086912K), 0.0392810 secs] [Times: user=0.19 sys=0.00, real=0.04 secs] 
5068.189: [GC (Allocation Failure) [PSYoungGen: 1560193K->8769K(1562624K)] 1735898K->184578K(2086912K), 0.0075597 secs] [Times: user=0.09 sys=0.01, real=0.00 secs] 
5077.808: [GC (Allocation Failure) [PSYoungGen: 1561153K->7617K(1562624K)] 1736962K->183458K(2086912K), 0.0496818 secs] [Times: user=0.24 sys=0.00, real=0.05 secs] 
5087.180: [GC (Allocation Failure) [PSYoungGen: 1560001K->8705K(1562624K)] 1735842K->184714K(2086912K), 0.0077038 secs] [Times: user=0.10 sys=0.01, real=0.01 secs] 
5096.658: [GC (Allocation Failure) [PSYoungGen: 1561089K->8176K(1562624K)] 1737098K->184296K(2086912K), 0.0169326 secs] [Times: user=0.06 sys=0.00, real=0.02 secs] 
5105.966: [GC (Allocation Failure) [PSYoungGen: 1560560K->8865K(1562624K)] 1736680K->185472K(2086912K), 0.0090785 secs] [Times: user=0.08 sys=0.00, real=0.01 secs] 
5115.405: [GC (Allocation Failure) [PSYoungGen: 1561249K->8545K(1562624K)] 1737856K->185640K(2086912K), 0.0087640 secs] [Times: user=0.14 sys=0.00, real=0.01 secs] 
5124.807: [GC (Allocation Failure) [PSYoungGen: 1560929K->8225K(1563136K)] 1738024K->185400K(2087424K), 0.0097961 secs] [Times: user=0.09 sys=0.00, real=0.01 secs] 
5134.087: [GC (Allocation Failure) [PSYoungGen: 1561121K->7649K(1562624K)] 1738296K->184848K(2086912K), 0.0204114 secs] [Times: user=0.10 sys=0.00, real=0.02 secs] 
5143.398: [GC (Allocation Failure) [PSYoungGen: 1560545K->7873K(1563136K)] 1737744K->185160K(2087424K), 0.0222264 secs] [Times: user=0.31 sys=0.00, real=0.03 secs] 
5152.756: [GC (Allocation Failure) [PSYoungGen: 1561281K->7681K(1563136K)] 1738568K->184992K(2087424K), 0.0230987 secs] [Times: user=0.21 sys=0.00, real=0.02 secs] 
5162.050: [GC (Allocation Failure) [PSYoungGen: 1561089K->8368K(1563136K)] 1738400K->185759K(2087424K), 0.0132754 secs] [Times: user=0.05 sys=0.00, real=0.02 secs] 
5171.394: [GC (Allocation Failure) [PSYoungGen: 1561776K->8097K(1563136K)] 1739167K->186359K(2087424K), 0.0218638 secs] [Times: user=0.16 sys=0.00, real=0.02 secs] 
5180.772: [GC (Allocation Failure) [PSYoungGen: 1561505K->8769K(1563136K)] 1739767K->187111K(2087424K), 0.0072573 secs] [Times: user=0.09 sys=0.00, real=0.01 secs] 
5190.164: [GC (Allocation Failure) [PSYoungGen: 1562177K->8897K(1563136K)] 1740519K->187271K(2087424K), 0.0067474 secs] [Times: user=0.07 sys=0.00, real=0.01 secs] 
5199.582: [GC (Allocation Failure) [PSYoungGen: 1562305K->7969K(1563136K)] 1740679K->186359K(2087424K), 0.0137819 secs] [Times: user=0.07 sys=0.00, real=0.01 secs] 
5209.078: [GC (Allocation Failure) [PSYoungGen: 1561377K->8737K(1563136K)] 1739767K->187207K(2087424K), 0.0062055 secs] [Times: user=0.07 sys=0.00, real=0.01 secs] 
5218.639: [GC (Allocation Failure) [PSYoungGen: 1562145K->9025K(1563136K)] 1740615K->187511K(2087424K), 0.0069144 secs] [Times: user=0.07 sys=0.00, real=0.01 secs] 
5228.051: [GC (Allocation Failure) [PSYoungGen: 1562433K->8545K(1563136K)] 1740919K->187183K(2087424K), 0.0091552 secs] [Times: user=0.17 sys=0.00, real=0.01 secs] 
5237.408: [GC (Allocation Failure) [PSYoungGen: 1561953K->8560K(1563136K)] 1740591K->187222K(2087424K), 0.0186871 secs] [Times: user=0.06 sys=0.00, real=0.02 secs] 
5246.773: [GC (Allocation Failure) [PSYoungGen: 1561968K->7585K(1563136K)] 1740630K->187118K(2087424K), 0.0199814 secs] [Times: user=0.05 sys=0.00, real=0.02 secs] 
5256.109: [GC (Allocation Failure) [PSYoungGen: 1560993K->8865K(1563136K)] 1740526K->188470K(2087424K), 0.0070852 secs] [Times: user=0.13 sys=0.01, real=0.01 secs] 
5265.499: [GC (Allocation Failure) [PSYoungGen: 1562273K->7809K(1563136K)] 1741878K->187430K(2087424K), 0.0096530 secs] [Times: user=0.12 sys=0.00, real=0.01 secs] 
5274.880: [GC (Allocation Failure) [PSYoungGen: 1561217K->8833K(1563136K)] 1740838K->188574K(2087424K), 0.0059756 secs] [Times: user=0.10 sys=0.00, real=0.00 secs] 
5284.214: [GC (Allocation Failure) [PSYoungGen: 1562241K->8897K(1562624K)] 1741982K->188686K(2086912K), 0.0063995 secs] [Times: user=0.07 sys=0.01, real=0.01 secs] 
5293.679: [GC (Allocation Failure) [PSYoungGen: 1562305K->8097K(1563136K)] 1742094K->187998K(2087424K), 0.0134230 secs] [Times: user=0.08 sys=0.00, real=0.02 secs] 
5303.244: [GC (Allocation Failure) [PSYoungGen: 1560993K->8496K(1562624K)] 1740894K->188420K(2086912K), 0.0513890 secs] [Times: user=0.44 sys=0.00, real=0.05 secs] 
5312.737: [GC (Allocation Failure) [PSYoungGen: 1561392K->8865K(1563136K)] 1741316K->189804K(2087424K), 0.0091459 secs] [Times: user=0.18 sys=0.00, real=0.01 secs] 
5322.151: [GC (Allocation Failure) [PSYoungGen: 1562273K->7809K(1563136K)] 1743212K->188844K(2087424K), 0.0161370 secs] [Times: user=0.06 sys=0.00, real=0.02 secs] 
5331.439: [GC (Allocation Failure) [PSYoungGen: 1561217K->7681K(1563136K)] 1742252K->188732K(2087424K), 0.0178551 secs] [Times: user=0.05 sys=0.00, real=0.01 secs] 
5340.819: [GC (Allocation Failure) [PSYoungGen: 1561089K->8865K(1563136K)] 1742140K->189980K(2087424K), 0.0082017 secs] [Times: user=0.17 sys=0.00, real=0.01 secs] 
5350.362: [GC (Allocation Failure) [PSYoungGen: 1562273K->8609K(1563136K)] 1743388K->189820K(2087424K), 0.0076077 secs] [Times: user=0.14 sys=0.01, real=0.00 secs] 
5359.870: [GC (Allocation Failure) [PSYoungGen: 1562017K->8929K(1563136K)] 1743228K->190156K(2087424K), 0.0069173 secs] [Times: user=0.08 sys=0.00, real=0.01 secs] 
5369.271: [GC (Allocation Failure) [PSYoungGen: 1562337K->8193K(1563136K)] 1743564K->189580K(2087424K), 0.0091881 secs] [Times: user=0.13 sys=0.00, real=0.01 secs] 
5378.659: [GC (Allocation Failure) [PSYoungGen: 1561601K->8961K(1563136K)] 1742988K->190380K(2087424K), 0.0110149 secs] [Times: user=0.12 sys=0.01, real=0.01 secs] 
5387.909: [GC (Allocation Failure) [PSYoungGen: 1562369K->9136K(1562112K)] 1743788K->190723K(2086400K), 0.0093881 secs] [Times: user=0.10 sys=0.01, real=0.01 secs] 
5397.101: [GC (Allocation Failure) [PSYoungGen: 1561520K->8833K(1562624K)] 1743107K->191483K(2086912K), 0.0082717 secs] [Times: user=0.14 sys=0.01, real=0.01 secs] 
5406.459: [GC (Allocation Failure) [PSYoungGen: 1561217K->8929K(1562624K)] 1743867K->191611K(2086912K), 0.0065749 secs] [Times: user=0.09 sys=0.00, real=0.01 secs] 
5415.872: [GC (Allocation Failure) [PSYoungGen: 1561313K->7585K(1562624K)] 1743995K->190347K(2086912K), 0.0218196 secs] [Times: user=0.12 sys=0.00, real=0.02 secs] 
5424.988: [GC (Allocation Failure) [PSYoungGen: 1559969K->8321K(1562624K)] 1742731K->191155K(2086912K), 0.0068297 secs] [Times: user=0.10 sys=0.00, real=0.01 secs] 
5434.454: [GC (Allocation Failure) [PSYoungGen: 1560705K->8545K(1562624K)] 1743539K->191483K(2086912K), 0.0119133 secs] [Times: user=0.10 sys=0.00, real=0.01 secs] 
5443.687: [GC (Allocation Failure) [PSYoungGen: 1560929K->8193K(1563136K)] 1743867K->191171K(2087424K), 0.0191108 secs] [Times: user=0.13 sys=0.00, real=0.02 secs] 
5452.957: [GC (Allocation Failure) [PSYoungGen: 1561601K->9200K(1562624K)] 1744579K->192297K(2086912K), 0.0099063 secs] [Times: user=0.08 sys=0.00, real=0.01 secs] 
5462.485: [GC (Allocation Failure) [PSYoungGen: 1562608K->7777K(1562624K)] 1745705K->191705K(2086912K), 0.0325565 secs] [Times: user=0.21 sys=0.00, real=0.04 secs] 
5471.908: [GC (Allocation Failure) [PSYoungGen: 1560161K->8545K(1562624K)] 1744089K->192513K(2086912K), 0.0062970 secs] [Times: user=0.09 sys=0.00, real=0.01 secs] 
5481.600: [GC (Allocation Failure) [PSYoungGen: 1560929K->8769K(1563136K)] 1744897K->192849K(2087424K), 0.0079670 secs] [Times: user=0.13 sys=0.01, real=0.01 secs] 
5491.301: [GC (Allocation Failure) [PSYoungGen: 1562177K->7841K(1563136K)] 1746257K->191977K(2087424K), 0.0214424 secs] [Times: user=0.16 sys=0.01, real=0.03 secs] 
5500.712: [GC (Allocation Failure) [PSYoungGen: 1561249K->8257K(1563136K)] 1745385K->192481K(2087424K), 0.0246648 secs] [Times: user=0.49 sys=0.00, real=0.03 secs] 
5510.311: [GC (Allocation Failure) [PSYoungGen: 1561642K->7905K(1563136K)] 1745866K->192233K(2087424K), 0.0138843 secs] [Times: user=0.12 sys=0.00, real=0.01 secs] 
5519.825: [GC (Allocation Failure) [PSYoungGen: 1561313K->8225K(1563136K)] 1745641K->192649K(2087424K), 0.0143402 secs] [Times: user=0.09 sys=0.00, real=0.02 secs] 
5529.176: [GC (Allocation Failure) [PSYoungGen: 1561633K->8592K(1563136K)] 1746057K->193056K(2087424K), 0.0211039 secs] [Times: user=0.14 sys=0.00, real=0.02 secs] 
5538.466: [GC (Allocation Failure) [PSYoungGen: 1562000K->8609K(1563136K)] 1746464K->194072K(2087424K), 0.0064344 secs] [Times: user=0.12 sys=0.00, real=0.01 secs] 
5547.940: [GC (Allocation Failure) [PSYoungGen: 1562017K->7681K(1563136K)] 1747480K->193256K(2087424K), 0.0253447 secs] [Times: user=0.12 sys=0.01, real=0.02 secs] 
5557.403: [GC (Allocation Failure) [PSYoungGen: 1561089K->8865K(1563136K)] 1746664K->194488K(2087424K), 0.0067720 secs] [Times: user=0.10 sys=0.01, real=0.00 secs] 
5566.964: [GC (Allocation Failure) [PSYoungGen: 1562273K->7905K(1563136K)] 1747896K->193552K(2087424K), 0.0196972 secs] [Times: user=0.23 sys=0.00, real=0.02 secs] 
5576.220: [GC (Allocation Failure) [PSYoungGen: 1561313K->8097K(1563136K)] 1746960K->193880K(2087424K), 0.0194614 secs] [Times: user=0.28 sys=0.00, real=0.02 secs] 
5585.781: [GC (Allocation Failure) [PSYoungGen: 1561505K->7809K(1563136K)] 1747288K->193608K(2087424K), 0.0157203 secs] [Times: user=0.06 sys=0.00, real=0.02 secs] 
5595.384: [GC (Allocation Failure) [PSYoungGen: 1561217K->7681K(1563136K)] 1747016K->193568K(2087424K), 0.0545073 secs] [Times: user=0.37 sys=0.00, real=0.06 secs] 
5604.780: [GC (Allocation Failure) [PSYoungGen: 1561089K->8865K(1563136K)] 1746976K->194832K(2087424K), 0.0078916 secs] [Times: user=0.10 sys=0.00, real=0.00 secs] 
5614.120: [GC (Allocation Failure) [PSYoungGen: 1562273K->8321K(1563136K)] 1748240K->194432K(2087424K), 0.0080361 secs] [Times: user=0.14 sys=0.00, real=0.01 secs] 
5623.738: [GC (Allocation Failure) [PSYoungGen: 1561729K->8496K(1563136K)] 1747840K->194687K(2087424K), 0.0266604 secs] [Times: user=0.12 sys=0.00, real=0.03 secs] 
5633.323: [GC (Allocation Failure) [PSYoungGen: 1561904K->8801K(1563136K)] 1748095K->195959K(2087424K), 0.0075049 secs] [Times: user=0.12 sys=0.02, real=0.00 secs] 
5642.991: [GC (Allocation Failure) [PSYoungGen: 1562209K->7905K(1563136K)] 1749367K->195159K(2087424K), 0.0257233 secs] [Times: user=0.15 sys=0.00, real=0.03 secs] 
5652.664: [GC (Allocation Failure) [PSYoungGen: 1561313K->7713K(1563136K)] 1748567K->194975K(2087424K), 0.0734658 secs] [Times: user=0.23 sys=0.00, real=0.08 secs] 
5662.087: [GC (Allocation Failure) [PSYoungGen: 1561121K->7649K(1563136K)] 1748383K->194927K(2087424K), 0.0472771 secs] [Times: user=0.13 sys=0.00, real=0.05 secs] 
5671.529: [GC (Allocation Failure) [PSYoungGen: 1561057K->8449K(1563136K)] 1748335K->195847K(2087424K), 0.0269596 secs] [Times: user=0.24 sys=0.00, real=0.02 secs] 
5680.975: [GC (Allocation Failure) [PSYoungGen: 1561857K->8929K(1563136K)] 1749255K->196415K(2087424K), 0.0066360 secs] [Times: user=0.07 sys=0.00, real=0.01 secs] 
5690.395: [GC (Allocation Failure) [PSYoungGen: 1562337K->7745K(1563136K)] 1749823K->195319K(2087424K), 0.0329353 secs] [Times: user=0.30 sys=0.00, real=0.03 secs] 
5699.819: [GC (Allocation Failure) [PSYoungGen: 1561153K->9136K(1563136K)] 1748727K->196853K(2087424K), 0.0092717 secs] [Times: user=0.12 sys=0.00, real=0.01 secs] 
5709.308: [GC (Allocation Failure) [PSYoungGen: 1562544K->8641K(1563136K)] 1750261K->197277K(2087424K), 0.0108052 secs] [Times: user=0.11 sys=0.01, real=0.01 secs] 
5718.848: [GC (Allocation Failure) [PSYoungGen: 1562049K->8001K(1563136K)] 1750685K->196661K(2087424K), 0.0151699 secs] [Times: user=0.07 sys=0.00, real=0.01 secs] 
5728.103: [GC (Allocation Failure) [PSYoungGen: 1561409K->8737K(1563136K)] 1750069K->197541K(2087424K), 0.0096185 secs] [Times: user=0.06 sys=0.00, real=0.01 secs] 
5737.653: [GC (Allocation Failure) [PSYoungGen: 1562145K->8865K(1563136K)] 1750949K->197717K(2087424K), 0.0084618 secs] [Times: user=0.10 sys=0.00, real=0.01 secs] 
5747.058: [GC (Allocation Failure) [PSYoungGen: 1562273K->7905K(1563136K)] 1751125K->196861K(2087424K), 0.0249917 secs] [Times: user=0.19 sys=0.00, real=0.03 secs] 
5756.542: [GC (Allocation Failure) [PSYoungGen: 1561313K->8897K(1563136K)] 1750269K->197957K(2087424K), 0.0070726 secs] [Times: user=0.10 sys=0.00, real=0.00 secs] 
5766.027: [GC (Allocation Failure) [PSYoungGen: 1562305K->8848K(1562112K)] 1751365K->197932K(2086400K), 0.0127248 secs] [Times: user=0.06 sys=0.00, real=0.01 secs] 
5775.421: [GC (Allocation Failure) [PSYoungGen: 1561232K->8833K(1562624K)] 1750316K->199020K(2086912K), 0.0081672 secs] [Times: user=0.15 sys=0.00, real=0.01 secs] 
5784.920: [GC (Allocation Failure) [PSYoungGen: 1561217K->8673K(1563136K)] 1751404K->198916K(2087424K), 0.0096777 secs] [Times: user=0.10 sys=0.01, real=0.01 secs] 
5794.604: [GC (Allocation Failure) [PSYoungGen: 1561569K->7937K(1562624K)] 1751812K->198268K(2086912K), 0.0333133 secs] [Times: user=0.21 sys=0.01, real=0.03 secs] 
5804.035: [GC (Allocation Failure) [PSYoungGen: 1560833K->8865K(1563136K)] 1751164K->199284K(2087424K), 0.0088263 secs] [Times: user=0.16 sys=0.00, real=0.01 secs] 
5813.710: [GC (Allocation Failure) [PSYoungGen: 1562273K->8865K(1563136K)] 1752692K->199380K(2087424K), 0.0115590 secs] [Times: user=0.10 sys=0.00, real=0.02 secs] 
5823.340: [GC (Allocation Failure) [PSYoungGen: 1562273K->8449K(1563136K)] 1752788K->199084K(2087424K), 0.0155252 secs] [Times: user=0.09 sys=0.00, real=0.02 secs] 
5832.931: [GC (Allocation Failure) [PSYoungGen: 1561857K->8496K(1563136K)] 1752492K->199171K(2087424K), 0.0253352 secs] [Times: user=0.16 sys=0.00, real=0.03 secs] 
5842.250: [GC (Allocation Failure) [PSYoungGen: 1561904K->7873K(1563136K)] 1752579K->199459K(2087424K), 0.0126052 secs] [Times: user=0.07 sys=0.00, real=0.01 secs] 
5851.854: [GC (Allocation Failure) [PSYoungGen: 1561281K->7969K(1563136K)] 1752867K->199563K(2087424K), 0.0281443 secs] [Times: user=0.20 sys=0.00, real=0.03 secs] 
5861.360: [GC (Allocation Failure) [PSYoungGen: 1561377K->7937K(1563136K)] 1752971K->199587K(2087424K), 0.0126075 secs] [Times: user=0.06 sys=0.01, real=0.01 secs] 
5870.766: [GC (Allocation Failure) [PSYoungGen: 1561345K->8577K(1563136K)] 1752995K->200323K(2087424K), 0.0183847 secs] [Times: user=0.27 sys=0.00, real=0.02 secs] 
5880.269: [GC (Allocation Failure) [PSYoungGen: 1561985K->8481K(1563136K)] 1753731K->200275K(2087424K), 0.0091476 secs] [Times: user=0.11 sys=0.00, real=0.01 secs] 
5889.689: [GC (Allocation Failure) [PSYoungGen: 1561889K->8833K(1563136K)] 1753683K->200635K(2087424K), 0.0088955 secs] [Times: user=0.08 sys=0.00, real=0.01 secs] 
5899.244: [GC (Allocation Failure) [PSYoungGen: 1562241K->9552K(1562112K)] 1754043K->201513K(2086400K), 0.0102661 secs] [Times: user=0.16 sys=0.00, real=0.01 secs] 
5908.948: [GC (Allocation Failure) [PSYoungGen: 1561936K->8833K(1562624K)] 1753897K->201865K(2086912K), 0.0080782 secs] [Times: user=0.13 sys=0.01, real=0.01 secs] 
5918.658: [GC (Allocation Failure) [PSYoungGen: 1561217K->8257K(1563136K)] 1754249K->201361K(2087424K), 0.0224359 secs] [Times: user=0.23 sys=0.00, real=0.02 secs] 
5927.978: [GC (Allocation Failure) [PSYoungGen: 1561153K->7745K(1562624K)] 1754257K->200897K(2086912K), 0.0326260 secs] [Times: user=0.49 sys=0.00, real=0.04 secs] 
5937.486: [GC (Allocation Failure) [PSYoungGen: 1560641K->8897K(1562112K)] 1753793K->202105K(2086400K), 0.0070311 secs] [Times: user=0.11 sys=0.00, real=0.01 secs] 
5947.063: [GC (Allocation Failure) [PSYoungGen: 1561281K->7617K(1562624K)] 1754489K->200937K(2086912K), 0.0117343 secs] [Times: user=0.06 sys=0.00, real=0.01 secs] 
5956.421: [GC (Allocation Failure) [PSYoungGen: 1560001K->8417K(1563136K)] 1753321K->201801K(2087424K), 0.0123243 secs] [Times: user=0.06 sys=0.00, real=0.02 secs] 
5965.977: [GC (Allocation Failure) [PSYoungGen: 1561313K->8769K(1562624K)] 1754697K->202305K(2086912K), 0.0082610 secs] [Times: user=0.14 sys=0.00, real=0.01 secs] 
5975.511: [GC (Allocation Failure) [PSYoungGen: 1561665K->8624K(1563136K)] 1755201K->202184K(2087424K), 0.0186336 secs] [Times: user=0.06 sys=0.00, real=0.02 secs] 
5985.492: [GC (Allocation Failure) [PSYoungGen: 1562032K->7809K(1563136K)] 1755592K->202248K(2087424K), 0.0226493 secs] [Times: user=0.14 sys=0.00, real=0.02 secs] 
5994.838: [GC (Allocation Failure) [PSYoungGen: 1561217K->7681K(1563136K)] 1755656K->202136K(2087424K), 0.0445609 secs] [Times: user=0.25 sys=0.00, real=0.05 secs] 
6004.396: [GC (Allocation Failure) [PSYoungGen: 1561089K->8097K(1563136K)] 1755544K->202600K(2087424K), 0.0102603 secs] [Times: user=0.09 sys=0.00, real=0.01 secs] 
6013.924: [GC (Allocation Failure) [PSYoungGen: 1561505K->7681K(1563136K)] 1756008K->202272K(2087424K), 0.0312411 secs] [Times: user=0.18 sys=0.01, real=0.03 secs] 
6023.662: [GC (Allocation Failure) [PSYoungGen: 1561089K->7905K(1563136K)] 1755680K->202528K(2087424K), 0.0400359 secs] [Times: user=0.33 sys=0.00, real=0.04 secs] 
6033.133: [GC (Allocation Failure) [PSYoungGen: 1561313K->7777K(1563136K)] 1755936K->202488K(2087424K), 0.0311996 secs] [Times: user=0.19 sys=0.00, real=0.04 secs] 
6042.614: [GC (Allocation Failure) [PSYoungGen: 1561185K->9712K(1563136K)] 1755896K->205134K(2087424K), 0.0383438 secs] [Times: user=0.69 sys=0.00, real=0.04 secs] 
6052.239: [GC (Allocation Failure) [PSYoungGen: 1563120K->8193K(1562112K)] 1758542K->204534K(2086400K), 0.0098534 secs] [Times: user=0.08 sys=0.00, real=0.01 secs] 
6061.946: [GC (Allocation Failure) [PSYoungGen: 1560577K->7521K(1562624K)] 1756918K->203934K(2086912K), 0.0170282 secs] [Times: user=0.07 sys=0.00, real=0.02 secs] 
6071.616: [GC (Allocation Failure) [PSYoungGen: 1559905K->7937K(1562624K)] 1756318K->204390K(2086912K), 0.0125847 secs] [Times: user=0.10 sys=0.00, real=0.01 secs] 
6081.187: [GC (Allocation Failure) [PSYoungGen: 1560321K->7713K(1562624K)] 1756774K->204198K(2086912K), 0.0445376 secs] [Times: user=0.57 sys=0.00, real=0.05 secs] 
6090.963: [GC (Allocation Failure) [PSYoungGen: 1560097K->8225K(1563136K)] 1756582K->204822K(2087424K), 0.0193600 secs] [Times: user=0.17 sys=0.00, real=0.01 secs] 
6100.335: [GC (Allocation Failure) [PSYoungGen: 1561121K->8865K(1562624K)] 1757718K->205479K(2086912K), 0.0093879 secs] [Times: user=0.08 sys=0.00, real=0.01 secs] 
6110.095: [GC (Allocation Failure) [PSYoungGen: 1561761K->8464K(1563136K)] 1758375K->205117K(2087424K), 0.0431017 secs] [Times: user=0.42 sys=0.00, real=0.05 secs] 
6119.956: [GC (Allocation Failure) [PSYoungGen: 1561872K->7681K(1563136K)] 1758525K->205221K(2087424K), 0.0909234 secs] [Times: user=0.36 sys=0.00, real=0.09 secs] 
6129.871: [GC (Allocation Failure) [PSYoungGen: 1561089K->7873K(1563136K)] 1758629K->205429K(2087424K), 0.0322787 secs] [Times: user=0.32 sys=0.01, real=0.03 secs] 
6139.911: [GC (Allocation Failure) [PSYoungGen: 1561281K->8289K(1563136K)] 1758837K->205853K(2087424K), 0.0196171 secs] [Times: user=0.15 sys=0.00, real=0.02 secs] 
6149.588: [GC (Allocation Failure) [PSYoungGen: 1561697K->8833K(1563136K)] 1759261K->206493K(2087424K), 0.0106280 secs] [Times: user=0.07 sys=0.00, real=0.01 secs] 
6159.229: [GC (Allocation Failure) [PSYoungGen: 1562241K->8705K(1563136K)] 1759901K->206421K(2087424K), 0.0108543 secs] [Times: user=0.09 sys=0.00, real=0.01 secs] 
6169.138: [GC (Allocation Failure) [PSYoungGen: 1562113K->7649K(1563136K)] 1759829K->205493K(2087424K), 0.0184472 secs] [Times: user=0.16 sys=0.00, real=0.02 secs] 
6178.888: [GC (Allocation Failure) [PSYoungGen: 1561057K->8656K(1563136K)] 1758901K->206516K(2087424K), 0.0404570 secs] [Times: user=0.24 sys=0.00, real=0.04 secs] 
6188.901: [GC (Allocation Failure) [PSYoungGen: 1562064K->8001K(1563136K)] 1759924K->206748K(2087424K), 0.0299421 secs] [Times: user=0.14 sys=0.00, real=0.03 secs] 
6198.932: [GC (Allocation Failure) [PSYoungGen: 1561409K->7777K(1563136K)] 1760156K->206540K(2087424K), 0.0609018 secs] [Times: user=0.75 sys=0.00, real=0.06 secs] 
6208.674: [GC (Allocation Failure) [PSYoungGen: 1561185K->7745K(1563136K)] 1759948K->206516K(2087424K), 0.0136703 secs] [Times: user=0.06 sys=0.01, real=0.01 secs] 
6218.709: [GC (Allocation Failure) [PSYoungGen: 1561153K->7841K(1563136K)] 1759924K->206716K(2087424K), 0.0476006 secs] [Times: user=0.23 sys=0.00, real=0.05 secs] 
6228.649: [GC (Allocation Failure) [PSYoungGen: 1561249K->7969K(1563136K)] 1760124K->206860K(2087424K), 0.0517646 secs] [Times: user=0.33 sys=0.00, real=0.05 secs] 
6238.878: [GC (Allocation Failure) [PSYoungGen: 1561377K->7937K(1563136K)] 1760268K->206908K(2087424K), 0.0144805 secs] [Times: user=0.06 sys=0.01, real=0.01 secs] 
6248.626: [GC (Allocation Failure) [PSYoungGen: 1561345K->7681K(1563648K)] 1760316K->206724K(2087936K), 0.0315906 secs] [Times: user=0.25 sys=0.00, real=0.04 secs] 
6258.985: [GC (Allocation Failure) [PSYoungGen: 1562113K->9200K(1563648K)] 1761156K->208586K(2087936K), 0.0241381 secs] [Times: user=0.17 sys=0.00, real=0.03 secs] 
6269.590: [GC (Allocation Failure) [PSYoungGen: 1563632K->7969K(1562624K)] 1763018K->208298K(2086912K), 0.0131711 secs] [Times: user=0.08 sys=0.00, real=0.02 secs] 
6280.043: [GC (Allocation Failure) [PSYoungGen: 1561377K->7745K(1563136K)] 1761706K->208090K(2087424K), 0.0189165 secs] [Times: user=0.07 sys=0.01, real=0.02 secs] 
6290.826: [GC (Allocation Failure) [PSYoungGen: 1561153K->7809K(1563136K)] 1761498K->208178K(2087424K), 0.0284682 secs] [Times: user=0.08 sys=0.00, real=0.03 secs] 
6301.425: [GC (Allocation Failure) [PSYoungGen: 1561217K->8481K(1563136K)] 1761586K->208922K(2087424K), 0.0414363 secs] [Times: user=0.16 sys=0.00, real=0.05 secs] 
6312.287: [GC (Allocation Failure) [PSYoungGen: 1561889K->7809K(1563136K)] 1762330K->208274K(2087424K), 0.0597270 secs] [Times: user=0.25 sys=0.00, real=0.06 secs] 
6325.530: [GC (Allocation Failure) [PSYoungGen: 1561217K->9104K(1563136K)] 1761682K->209577K(2087424K), 0.0402512 secs] [Times: user=0.24 sys=0.00, real=0.04 secs] 
6338.753: [GC (Allocation Failure) [PSYoungGen: 1562512K->7905K(1563136K)] 1762985K->209233K(2087424K), 0.0700083 secs] [Times: user=0.48 sys=0.00, real=0.07 secs] 
6352.046: [GC (Allocation Failure) [PSYoungGen: 1561313K->7777K(1563136K)] 1762641K->209129K(2087424K), 0.0502448 secs] [Times: user=0.64 sys=0.00, real=0.05 secs] 
6364.205: [GC (Allocation Failure) [PSYoungGen: 1561185K->8289K(1563136K)] 1762537K->209657K(2087424K), 0.0131674 secs] [Times: user=0.10 sys=0.00, real=0.01 secs] 
6374.900: [GC (Allocation Failure) [PSYoungGen: 1561697K->7585K(1563136K)] 1763065K->209041K(2087424K), 0.0342474 secs] [Times: user=0.28 sys=0.00, real=0.03 secs] 
6387.742: [GC (Allocation Failure) [PSYoungGen: 1560993K->9072K(1563136K)] 1762449K->210616K(2087424K), 0.0120598 secs] [Times: user=0.13 sys=0.00, real=0.01 secs] 
6399.937: [GC (Allocation Failure) [PSYoungGen: 1562480K->8001K(1563136K)] 1764024K->210384K(2087424K), 0.0262371 secs] [Times: user=0.21 sys=0.00, real=0.03 secs] 
6412.566: [GC (Allocation Failure) [PSYoungGen: 1561409K->7873K(1563136K)] 1763792K->210280K(2087424K), 0.0124732 secs] [Times: user=0.07 sys=0.00, real=0.01 secs] 
6423.576: [GC (Allocation Failure) [PSYoungGen: 1561281K->8528K(1563136K)] 1763688K->210950K(2087424K), 0.0192341 secs] [Times: user=0.09 sys=0.00, real=0.02 secs] 
6439.253: [GC (Allocation Failure) [PSYoungGen: 1561936K->7873K(1563136K)] 1764358K->211118K(2087424K), 0.0275705 secs] [Times: user=0.10 sys=0.01, real=0.03 secs] 
6452.477: [GC (Allocation Failure) [PSYoungGen: 1561281K->8257K(1563136K)] 1764526K->211510K(2087424K), 0.0145413 secs] [Times: user=0.09 sys=0.00, real=0.02 secs] 
6468.199: [GC (Allocation Failure) [PSYoungGen: 1561665K->7905K(1563648K)] 1764918K->211182K(2087936K), 0.0203466 secs] [Times: user=0.10 sys=0.00, real=0.02 secs] 
6483.718: [GC (Allocation Failure) [PSYoungGen: 1561825K->7905K(1563136K)] 1765102K->211198K(2087424K), 0.0445452 secs] [Times: user=0.27 sys=0.00, real=0.04 secs] 
6496.111: [GC (Allocation Failure) [PSYoungGen: 1561825K->7937K(1563648K)] 1765118K->211246K(2087936K), 0.0179190 secs] [Times: user=0.09 sys=0.01, real=0.02 secs] 
6507.031: [GC (GCLocker Initiated GC) [PSYoungGen: 1562369K->8720K(1563648K)] 1765683K->212129K(2087936K), 0.0208944 secs] [Times: user=0.19 sys=0.00, real=0.02 secs] 
6519.947: [GC (Allocation Failure) [PSYoungGen: 1563152K->7681K(1563648K)] 1766629K->212061K(2087936K), 0.0298208 secs] [Times: user=0.16 sys=0.00, real=0.03 secs] 
6535.222: [GC (Allocation Failure) [PSYoungGen: 1562113K->7969K(1563648K)] 1766493K->212373K(2087936K), 0.0231119 secs] [Times: user=0.16 sys=0.00, real=0.02 secs] 
6549.111: [GC (Allocation Failure) [PSYoungGen: 1562401K->8065K(1563648K)] 1766805K->212557K(2087936K), 0.0419784 secs] [Times: user=0.23 sys=0.00, real=0.04 secs] 
6564.045: [GC (Allocation Failure) [PSYoungGen: 1562497K->7905K(1563648K)] 1766989K->212405K(2087936K), 0.0217334 secs] [Times: user=0.05 sys=0.00, real=0.02 secs] 
6578.279: [GC (Allocation Failure) [PSYoungGen: 1562337K->8784K(1563648K)] 1766837K->213300K(2087936K), 0.0278642 secs] [Times: user=0.23 sys=0.00, real=0.02 secs] 
6598.682: [GC (Allocation Failure) [PSYoungGen: 1563216K->7809K(1563648K)] 1767732K->213164K(2087936K), 0.0510739 secs] [Times: user=0.26 sys=0.00, real=0.05 secs] 
6623.095: [GC (Allocation Failure) [PSYoungGen: 1562241K->8193K(1563648K)] 1767596K->213572K(2087936K), 0.0381512 secs] [Times: user=0.14 sys=0.00, real=0.03 secs] 
6645.008: [GC (Allocation Failure) [PSYoungGen: 1562625K->9104K(1563648K)] 1768004K->214490K(2087936K), 0.0558112 secs] [Times: user=0.28 sys=0.00, real=0.05 secs] 
6671.134: [GC (Allocation Failure) [PSYoungGen: 1563536K->8097K(1563648K)] 1768922K->214314K(2087936K), 0.0458509 secs] [Times: user=0.31 sys=0.00, real=0.04 secs] 
6695.040: [GC (Allocation Failure) [PSYoungGen: 1562529K->8161K(1563648K)] 1768746K->214402K(2087936K), 0.0371778 secs] [Times: user=0.21 sys=0.00, real=0.04 secs] 
6722.694: [GC (Allocation Failure) [PSYoungGen: 1562593K->9200K(1562624K)] 1768834K->215505K(2086912K), 0.0608013 secs] [Times: user=0.19 sys=0.00, real=0.06 secs] 
6762.238: [GC (Allocation Failure) [PSYoungGen: 1562608K->8161K(1563136K)] 1768913K->215305K(2087424K), 0.0435756 secs] [Times: user=0.13 sys=0.00, real=0.04 secs] 
6800.681: [GC (Allocation Failure) [PSYoungGen: 1561569K->8257K(1563136K)] 1768713K->215425K(2087424K), 0.0153522 secs] [Times: user=0.07 sys=0.01, real=0.02 secs] 
6837.624: [GC (Allocation Failure) [PSYoungGen: 1561665K->9360K(1563136K)] 1768833K->216543K(2087424K), 0.0301827 secs] [Times: user=0.15 sys=0.00, real=0.03 secs] 
6891.116: [GC (Allocation Failure) [PSYoungGen: 1562768K->8257K(1563136K)] 1769951K->216217K(2087424K), 0.1172776 secs] [Times: user=0.70 sys=0.00, real=0.11 secs] 
6945.869: [GC (Allocation Failure) [PSYoungGen: 1561665K->9712K(1563136K)] 1769625K->217911K(2087424K), 0.0734126 secs] [Times: user=0.33 sys=0.00, real=0.07 secs] 
7002.412: [GC (Allocation Failure) [PSYoungGen: 1563120K->9185K(1562112K)] 1771319K->218193K(2086400K), 0.0609342 secs] [Times: user=0.38 sys=0.00, real=0.06 secs] 
7059.169: [GC (Allocation Failure) [PSYoungGen: 1561569K->8449K(1562624K)] 1770577K->217489K(2086912K), 0.0578999 secs] [Times: user=0.15 sys=0.00, real=0.06 secs] 
7115.682: [GC (Allocation Failure) [PSYoungGen: 1560831K->9104K(1562624K)] 1769871K->218175K(2086912K), 0.0827190 secs] [Times: user=0.37 sys=0.00, real=0.08 secs] 
7171.459: [GC (Allocation Failure) [PSYoungGen: 1561488K->8513K(1562624K)] 1770559K->218328K(2086912K), 0.1381994 secs] [Times: user=0.91 sys=0.00, real=0.13 secs] 
7227.395: [GC (Allocation Failure) [PSYoungGen: 1560897K->8673K(1562624K)] 1770712K->218544K(2086912K), 0.0400702 secs] [Times: user=0.10 sys=0.00, real=0.04 secs] 
7283.381: [GC (Allocation Failure) [PSYoungGen: 1561057K->9712K(1562624K)] 1770928K->219654K(2086912K), 0.0575481 secs] [Times: user=0.24 sys=0.00, real=0.06 secs] 
7289.015: [GC (System.gc()) [PSYoungGen: 180920K->4591K(1561600K)] 390862K->218613K(2085888K), 0.0402885 secs] [Times: user=0.17 sys=0.00, real=0.05 secs] 
7289.055: [Full GC (System.gc()) [PSYoungGen: 4591K->0K(1561600K)] [ParOldGen: 214021K->131322K(524288K)] 218613K->131322K(2085888K), [Metaspace: 21125K->20822K(1069056K)], 1.4235166 secs] [Times: user=11.44 sys=0.10, real=1.42 secs] 
7325.080: [GC (Allocation Failure) [PSYoungGen: 1551360K->10736K(1562112K)] 1682682K->143115K(2086400K), 0.0088057 secs] [Times: user=0.13 sys=0.01, real=0.01 secs] 
7335.036: [GC (Allocation Failure) [PSYoungGen: 1562096K->8833K(1560064K)] 1694475K->144665K(2084352K), 0.0069845 secs] [Times: user=0.15 sys=0.00, real=0.01 secs] 
7344.981: [GC (Allocation Failure) [PSYoungGen: 1558145K->9456K(1561088K)] 1693977K->145663K(2085376K), 0.0095508 secs] [Times: user=0.21 sys=0.00, real=0.01 secs] 
7354.842: [GC (Allocation Failure) [PSYoungGen: 1558768K->9296K(1561088K)] 1694975K->146382K(2085376K), 0.0096680 secs] [Times: user=0.23 sys=0.00, real=0.01 secs] 
7364.559: [GC (Allocation Failure) [PSYoungGen: 1558608K->8417K(1561088K)] 1695694K->146366K(2085376K), 0.0093679 secs] [Times: user=0.08 sys=0.00, real=0.01 secs] 
7374.407: [GC (Allocation Failure) [PSYoungGen: 1557729K->9488K(1561600K)] 1695678K->147668K(2085888K), 0.0100389 secs] [Times: user=0.17 sys=0.00, real=0.01 secs] 
7384.306: [GC (Allocation Failure) [PSYoungGen: 1559824K->8065K(1561600K)] 1698004K->147148K(2085888K), 0.0207555 secs] [Times: user=0.18 sys=0.01, real=0.02 secs] 
7393.654: [GC (Allocation Failure) [PSYoungGen: 1558401K->9488K(1561600K)] 1697484K->148651K(2085888K), 0.0095752 secs] [Times: user=0.16 sys=0.00, real=0.01 secs] 
7403.471: [GC (Allocation Failure) [PSYoungGen: 1559824K->9584K(1561600K)] 1698987K->149514K(2085888K), 0.0078328 secs] [Times: user=0.11 sys=0.00, real=0.01 secs] 
7412.887: [GC (Allocation Failure) [PSYoungGen: 1559920K->8481K(1561600K)] 1699850K->149482K(2085888K), 0.0082092 secs] [Times: user=0.13 sys=0.00, real=0.01 secs] 
7422.564: [GC (Allocation Failure) [PSYoungGen: 1558817K->9008K(1561600K)] 1699818K->150072K(2085888K), 0.0087665 secs] [Times: user=0.12 sys=0.00, real=0.01 secs] 
7432.525: [GC (Allocation Failure) [PSYoungGen: 1559344K->8432K(1562112K)] 1700408K->150167K(2086400K), 0.0223206 secs] [Times: user=0.06 sys=0.01, real=0.03 secs] 
7442.626: [GC (Allocation Failure) [PSYoungGen: 1559280K->8033K(1561600K)] 1701015K->150647K(2085888K), 0.0445201 secs] [Times: user=0.26 sys=0.00, real=0.05 secs] 
7453.658: [GC (Allocation Failure) [PSYoungGen: 1558881K->8464K(1562112K)] 1701495K->151093K(2086400K), 0.0383458 secs] [Times: user=0.12 sys=0.00, real=0.04 secs] 
7474.407: [GC (System.gc()) [PSYoungGen: 702959K->8478K(1562112K)] 845589K->151820K(2086400K), 0.0089599 secs] [Times: user=0.18 sys=0.00, real=0.01 secs] 
7474.416: [Full GC (System.gc()) [PSYoungGen: 8478K->0K(1562112K)] [ParOldGen: 143341K->95392K(524288K)] 151820K->95392K(2086400K), [Metaspace: 21004K->21004K(1069056K)], 0.4829127 secs] [Times: user=15.47 sys=0.00, real=0.48 secs] 
7480.961: [GC (System.gc()) [PSYoungGen: 3308K->384K(1560064K)] 98701K->95784K(2084352K), 0.0074980 secs] [Times: user=0.09 sys=0.00, real=0.01 secs] 
7480.968: [Full GC (System.gc()) [PSYoungGen: 384K->0K(1560064K)] [ParOldGen: 95400K->90526K(524288K)] 95784K->90526K(2084352K), [Metaspace: 21008K->21008K(1069056K)], 0.1972129 secs] [Times: user=6.27 sys=0.00, real=0.20 secs] 
7500.617: [GC (Allocation Failure) [PSYoungGen: 1549312K->11330K(1561088K)] 1639838K->101856K(2085376K), 0.0040485 secs] [Times: user=0.05 sys=0.01, real=0.01 secs] 
7514.391: [GC (Allocation Failure) [PSYoungGen: 1560642K->8913K(1559040K)] 1651168K->102498K(2083328K), 0.0063293 secs] [Times: user=0.08 sys=0.00, real=0.00 secs] 
7524.506: [GC (System.gc()) [PSYoungGen: 823700K->8496K(1560064K)] 917284K->102513K(2084352K), 0.0126313 secs] [Times: user=0.31 sys=0.00, real=0.01 secs] 
7524.519: [Full GC (System.gc()) [PSYoungGen: 8496K->0K(1560064K)] [ParOldGen: 94016K->91286K(524288K)] 102513K->91286K(2084352K), [Metaspace: 21024K->21024K(1069056K)], 0.4266675 secs] [Times: user=13.80 sys=0.00, real=0.43 secs] 
7525.492: [GC (System.gc()) [PSYoungGen: 376K->192K(1558528K)] 91663K->91478K(2082816K), 0.0080898 secs] [Times: user=0.10 sys=0.00, real=0.00 secs] 
7525.500: [Full GC (System.gc()) [PSYoungGen: 192K->0K(1558528K)] [ParOldGen: 91286K->91222K(524288K)] 91478K->91222K(2082816K), [Metaspace: 21028K->21028K(1069056K)], 0.4189111 secs] [Times: user=8.18 sys=0.00, real=0.42 secs] 
7526.127: [GC (System.gc()) [PSYoungGen: 8892K->480K(1546752K)] 100114K->91702K(2071040K), 0.0093190 secs] [Times: user=0.22 sys=0.00, real=0.01 secs] 
7526.137: [Full GC (System.gc()) [PSYoungGen: 480K->0K(1546752K)] [ParOldGen: 91222K->91135K(524288K)] 91702K->91135K(2071040K), [Metaspace: 21036K->21036K(1069056K)], 0.6286823 secs] [Times: user=13.73 sys=0.00, real=0.63 secs] 
Heap
 PSYoungGen      total 1546752K, used 122519K [0x00000000a0000000, 0x0000000100000000, 0x0000000100000000)
  eden space 1546240K, 7% used [0x00000000a0000000,0x00000000a77a5fc0,0x00000000fe600000)
  from space 512K, 0% used [0x00000000fe600000,0x00000000fe600000,0x00000000fe680000)
  to   space 13824K, 0% used [0x00000000ff280000,0x00000000ff280000,0x0000000100000000)
 ParOldGen       total 524288K, used 91135K [0x0000000080000000, 0x00000000a0000000, 0x00000000a0000000)
  object space 524288K, 17% used [0x0000000080000000,0x00000000858fffd8,0x00000000a0000000)
 Metaspace       used 21065K, capacity 21580K, committed 22016K, reserved 1069056K
  class space    used 2530K, capacity 2690K, committed 2816K, reserved 1048576K
