Java HotSpot(TM) 64-Bit Server VM (25.60-b12) for linux-amd64 JRE (1.8.0_60-ea-b12), built on Apr 21 2015 19:53:00 by "java_re" with gcc 4.3.0 20080428 (Red Hat 4.3.0-8)
Memory: 4k page, physical 395463368k(390125852k free), swap 16318460k(16318460k free)
CommandLine flags: -XX:InitialHeapSize=2147483648 -XX:MaxHeapSize=32210157568 -XX:+PrintGC -XX:+PrintGCTimeStamps -XX:+UseCompressedClassPointers -XX:+UseCompressedOops -XX:+UseParallelGC 
1.865: [GC (Allocation Failure)  524800K->11064K(2010112K), 0.0339747 secs]
19.320: [GC (Allocation Failure)  535864K->25024K(1948160K), 0.0157423 secs]
21.593: [GC (Allocation Failure)  549824K->26632K(2472960K), 0.0812335 secs]
22.985: [GC (System.gc())  265948K->27792K(2534912K), 0.0283357 secs]
23.013: [Full GC (System.gc())  27792K->26673K(2534912K), 0.0612969 secs]
53.638: [GC (Allocation Failure)  1076273K->29817K(2534912K), 0.0308318 secs]
110.313: [GC (System.gc())  685170K->31832K(3584512K), 0.0209794 secs]
110.334: [Full GC (System.gc())  31832K->28995K(3584512K), 0.0887048 secs]
353.596: [GC (System.gc())  1819510K->31732K(3584512K), 0.0170690 secs]
353.614: [Full GC (System.gc())  31732K->28953K(3584512K), 0.0877923 secs]
457.538: [GC (System.gc())  1068578K->31694K(3584512K), 0.0300530 secs]
457.568: [Full GC (System.gc())  31694K->28971K(3584512K), 0.0762848 secs]
686.572: [GC (System.gc())  1295375K->31874K(3584512K), 0.0138743 secs]
686.586: [Full GC (System.gc())  31874K->29091K(3584512K), 0.0661347 secs]
821.284: [GC (System.gc())  797885K->32164K(3584512K), 0.0180102 secs]
821.302: [Full GC (System.gc())  32164K->29181K(3584512K), 0.0941712 secs]
828.842: [GC (System.gc())  325260K->29885K(3584512K), 0.0129202 secs]
828.855: [Full GC (System.gc())  29885K->28970K(3584512K), 0.0757753 secs]
1569.080: [GC (Allocation Failure)  2128170K->32162K(3417088K), 0.0202532 secs]
2377.621: [GC (Allocation Failure)  2047394K->32857K(3337728K), 0.0134303 secs]
3186.237: [GC (Allocation Failure)  1968217K->32599K(3261952K), 0.0195053 secs]
3994.947: [GC (Allocation Failure)  1892183K->31801K(3188736K), 0.0912035 secs]
4789.973: [GC (Allocation Failure)  1819193K->31700K(3119616K), 0.1477438 secs]
5566.210: [GC (Allocation Failure)  1750484K->32044K(3054592K), 0.1654102 secs]
6319.138: [GC (Allocation Failure)  1685292K->32149K(2992128K), 0.0245092 secs]
7045.283: [GC (Allocation Failure)  1622884K->32622K(2933248K), 0.0227584 secs]
7574.634: [GC (System.gc())  935830K->33687K(2933760K), 0.0219877 secs]
7574.656: [Full GC (System.gc())  33687K->29132K(2933760K), 0.0740430 secs]
7757.067: [GC (System.gc())  489787K->31629K(2932224K), 0.0182795 secs]
7757.085: [Full GC (System.gc())  31629K->28924K(2932224K), 0.0557202 secs]
7764.658: [GC (System.gc())  113938K->29792K(2930688K), 0.0117061 secs]
7764.670: [Full GC (System.gc())  29792K->29205K(2930688K), 0.0588351 secs]
