Java HotSpot(TM) 64-Bit Server VM (25.60-b12) for linux-amd64 JRE (1.8.0_60-ea-b12), built on Apr 21 2015 19:53:00 by "java_re" with gcc 4.3.0 20080428 (Red Hat 4.3.0-8)
Memory: 4k page, physical 395463368k(390013624k free), swap 16318460k(16318460k free)
CommandLine flags: -XX:+AggressiveOpts -XX:+AlwaysPreTouch -XX:InitialHeapSize=31138512896 -XX:LargePageSizeInBytes=2097152 -XX:MaxHeapSize=31138512896 -XX:MaxNewSize=27917287424 -XX:MaxTenuringThreshold=15 -XX:NewSize=27917287424 -XX:ParallelGCThreads=56 -XX:+PrintGC -XX:+PrintGCDetails -XX:+PrintGCTimeStamps -XX:+PrintTenuringDistribution -XX:SurvivorRatio=28 -XX:TargetSurvivorRatio=95 -XX:-UseAdaptiveSizePolicy -XX:-UseBiasedLocking -XX:+UseCompressedClassPointers -XX:+UseCompressedOops -XX:+UseLargePages -XX:+UseParallelOldGC 
9.160: [GC (Allocation Failure) [PSYoungGen: 25448448K->12837K(26355712K)] 25448448K->12940K(29501440K), 0.0222968 secs] [Times: user=0.30 sys=0.01, real=0.02 secs] 
12.691: [GC (System.gc()) [PSYoungGen: 24557532K->9111K(26355712K)] 24557635K->9222K(29501440K), 0.0263772 secs] [Times: user=0.73 sys=0.00, real=0.02 secs] 
12.717: [Full GC (System.gc()) [PSYoungGen: 9111K->0K(26355712K)] [ParOldGen: 110K->8229K(3145728K)] 9222K->8229K(29501440K), [Metaspace: 16775K->16775K(1064960K)], 0.0499423 secs] [Times: user=0.90 sys=0.07, real=0.05 secs] 
21.287: [GC (Allocation Failure) [PSYoungGen: 25448448K->852401K(26355712K)] 25456677K->860646K(29501440K), 0.0703291 secs] [Times: user=3.46 sys=0.01, real=0.07 secs] 
36.163: [GC (Allocation Failure) [PSYoungGen: 26300849K->853350K(26355712K)] 26309094K->861603K(29501440K), 0.0753996 secs] [Times: user=3.19 sys=0.01, real=0.07 secs] 
99.986: [GC (System.gc()) [PSYoungGen: 23425341K->99267K(26355712K)] 23433594K->107529K(29501440K), 0.0187944 secs] [Times: user=0.69 sys=0.00, real=0.02 secs] 
100.005: [Full GC (System.gc()) [PSYoungGen: 99267K->0K(26355712K)] [ParOldGen: 8261K->105767K(3145728K)] 107529K->105767K(29501440K), [Metaspace: 20033K->20022K(1067008K)], 0.0943894 secs] [Times: user=2.68 sys=0.04, real=0.09 secs] 
219.383: [GC (Allocation Failure) [PSYoungGen: 25448448K->898232K(26355712K)] 25554215K->1004072K(29501440K), 0.0816941 secs] [Times: user=4.34 sys=0.00, real=0.08 secs] 
233.312: [GC (Allocation Failure) [PSYoungGen: 26346680K->897266K(26355712K)] 26452520K->1003113K(29501440K), 0.0776432 secs] [Times: user=3.73 sys=0.00, real=0.07 secs] 
242.369: [GC (Allocation Failure) [PSYoungGen: 26345714K->892665K(26355712K)] 26451561K->998521K(29501440K), 0.0795534 secs] [Times: user=3.70 sys=0.00, real=0.08 secs] 
253.754: [GC (Allocation Failure) [PSYoungGen: 26341113K->907232K(26355712K)] 26446969K->1017232K(29501440K), 0.0808068 secs] [Times: user=3.99 sys=0.00, real=0.08 secs] 
262.762: [GC (Allocation Failure) [PSYoungGen: 26355680K->907235K(26355712K)] 26465680K->1023899K(29501440K), 0.0807910 secs] [Times: user=4.04 sys=0.00, real=0.08 secs] 
270.142: [GC (Allocation Failure) [PSYoungGen: 26355683K->907252K(26355712K)] 26472347K->1050436K(29501440K), 0.0853866 secs] [Times: user=4.27 sys=0.00, real=0.08 secs] 
276.790: [GC (Allocation Failure) [PSYoungGen: 26355700K->907234K(26355712K)] 26498884K->1099914K(29501440K), 0.0870925 secs] [Times: user=4.49 sys=0.01, real=0.09 secs] 
282.737: [GC (Allocation Failure) [PSYoungGen: 26355682K->907233K(26355712K)] 26548362K->1183056K(29501440K), 0.0958348 secs] [Times: user=4.95 sys=0.01, real=0.10 secs] 
287.895: [GC (Allocation Failure) [PSYoungGen: 26355681K->907250K(26355712K)] 26631504K->1244546K(29501440K), 0.0938332 secs] [Times: user=4.75 sys=0.00, real=0.09 secs] 
292.453: [GC (Allocation Failure) [PSYoungGen: 26355698K->907258K(26355712K)] 26692994K->1352706K(29501440K), 0.1061157 secs] [Times: user=5.36 sys=0.00, real=0.10 secs] 
296.736: [GC (Allocation Failure) [PSYoungGen: 26355706K->907236K(26355712K)] 26801154K->1652699K(29501440K), 0.1539557 secs] [Times: user=7.83 sys=0.01, real=0.16 secs] 
300.531: [GC (Allocation Failure) [PSYoungGen: 26355684K->907248K(26355712K)] 27101147K->1877744K(29501440K), 0.1384345 secs] [Times: user=7.08 sys=0.00, real=0.13 secs] 
303.742: [GC (Allocation Failure) [PSYoungGen: 26355696K->907254K(26355712K)] 27326192K->2086174K(29501440K), 0.1466005 secs] [Times: user=7.74 sys=0.00, real=0.14 secs] 
306.929: [GC (Allocation Failure) [PSYoungGen: 26355702K->907245K(26355712K)] 27534622K->2176900K(29501440K), 0.1318680 secs] [Times: user=6.90 sys=0.05, real=0.14 secs] 
310.532: [GC (Allocation Failure) [PSYoungGen: 26355693K->907251K(26355712K)] 27625348K->2390898K(29501440K), 0.1734338 secs] [Times: user=9.02 sys=0.01, real=0.17 secs] 
313.552: [GC (Allocation Failure) [PSYoungGen: 26355699K->907245K(26355712K)] 27839346K->2867518K(29501440K), 0.1873219 secs] [Times: user=9.53 sys=0.01, real=0.18 secs] 
318.124: [GC (Allocation Failure) [PSYoungGen: 26355693K->907250K(26355712K)] 28315966K->3150357K(29501440K), 0.1589571 secs] [Times: user=8.17 sys=0.02, real=0.16 secs] 
322.264: [GC (Allocation Failure) [PSYoungGen: 26355698K->907249K(26355712K)] 28598805K->3589503K(29501440K), 0.2081660 secs] [Times: user=10.74 sys=0.02, real=0.21 secs] 
322.473: [Full GC (Ergonomics) [PSYoungGen: 907249K->0K(26355712K)] [ParOldGen: 2682253K->1800045K(3145728K)] 3589503K->1800045K(29501440K), [Metaspace: 22085K->22082K(1069056K)], 1.1532864 secs] [Times: user=39.40 sys=0.23, real=1.15 secs] 
327.149: [GC (Allocation Failure) [PSYoungGen: 25448448K->907242K(26355712K)] 27248493K->2832185K(29501440K), 0.1574108 secs] [Times: user=7.95 sys=0.00, real=0.16 secs] 
329.830: [GC (Allocation Failure) [PSYoungGen: 26355690K->880098K(26355712K)] 28280633K->2805040K(29501440K), 0.1458088 secs] [Times: user=7.67 sys=0.00, real=0.14 secs] 
332.531: [GC (Allocation Failure) [PSYoungGen: 26328546K->907256K(26355712K)] 28253488K->3075734K(29501440K), 0.1788611 secs] [Times: user=9.39 sys=0.01, real=0.17 secs] 
336.600: [GC (Allocation Failure) [PSYoungGen: 26355704K->907242K(26355712K)] 28524182K->3514665K(29501440K), 0.1929048 secs] [Times: user=10.48 sys=0.00, real=0.20 secs] 
336.793: [Full GC (Ergonomics) [PSYoungGen: 907242K->0K(26355712K)] [ParOldGen: 2607423K->1820279K(3145728K)] 3514665K->1820279K(29501440K), [Metaspace: 22086K->22086K(1069056K)], 0.8559184 secs] [Times: user=32.55 sys=0.01, real=0.85 secs] 
340.505: [GC (Allocation Failure) [PSYoungGen: 25448448K->907254K(26355712K)] 27268727K->2998075K(29501440K), 0.1836103 secs] [Times: user=9.04 sys=0.01, real=0.18 secs] 
343.157: [GC (System.gc()) [PSYoungGen: 4392136K->571237K(26355712K)] 6482957K->2662066K(29501440K), 0.0855938 secs] [Times: user=3.31 sys=0.01, real=0.09 secs] 
343.243: [Full GC (System.gc()) [PSYoungGen: 571237K->0K(26355712K)] [ParOldGen: 2090829K->163777K(3145728K)] 2662066K->163777K(29501440K), [Metaspace: 22290K->22290K(1069056K)], 0.1399529 secs] [Times: user=4.86 sys=0.00, real=0.14 secs] 
363.468: [GC (Allocation Failure) [PSYoungGen: 25448448K->907248K(26355712K)] 25612225K->1099281K(29501440K), 0.0937484 secs] [Times: user=4.78 sys=0.01, real=0.10 secs] 
370.154: [GC (Allocation Failure) [PSYoungGen: 26355696K->907250K(26355712K)] 26547729K->1158387K(29501440K), 0.0967320 secs] [Times: user=4.67 sys=0.00, real=0.10 secs] 
375.573: [GC (Allocation Failure) [PSYoungGen: 26355698K->907243K(26355712K)] 26606835K->1215780K(29501440K), 0.0925186 secs] [Times: user=4.65 sys=0.01, real=0.09 secs] 
380.362: [GC (Allocation Failure) [PSYoungGen: 26355691K->907245K(26355712K)] 26664228K->1360734K(29501440K), 0.1119695 secs] [Times: user=5.91 sys=0.00, real=0.11 secs] 
384.612: [GC (Allocation Failure) [PSYoungGen: 26355693K->907239K(26355712K)] 26809182K->1455424K(29501440K), 0.1042265 secs] [Times: user=5.37 sys=0.01, real=0.10 secs] 
388.569: [GC (Allocation Failure) [PSYoungGen: 26355687K->907232K(26355712K)] 26903872K->1570649K(29501440K), 0.1094050 secs] [Times: user=5.66 sys=0.00, real=0.11 secs] 
392.005: [GC (Allocation Failure) [PSYoungGen: 26355680K->907255K(26355712K)] 27019097K->1689872K(29501440K), 0.1083311 secs] [Times: user=5.56 sys=0.01, real=0.11 secs] 
395.479: [GC (Allocation Failure) [PSYoungGen: 26355703K->907247K(26355712K)] 27138320K->1730208K(29501440K), 0.0939084 secs] [Times: user=4.64 sys=0.00, real=0.10 secs] 
398.297: [GC (Allocation Failure) [PSYoungGen: 26355695K->907263K(26355712K)] 27178656K->1936352K(29501440K), 0.1294758 secs] [Times: user=6.94 sys=0.01, real=0.13 secs] 
401.382: [GC (Allocation Failure) [PSYoungGen: 26355711K->907262K(26355712K)] 27384800K->2090127K(29501440K), 0.1283841 secs] [Times: user=6.44 sys=0.00, real=0.13 secs] 
404.508: [GC (Allocation Failure) [PSYoungGen: 26355710K->907260K(26355712K)] 27538575K->2335325K(29501440K), 0.1442381 secs] [Times: user=7.75 sys=0.00, real=0.15 secs] 
407.567: [GC (Allocation Failure) [PSYoungGen: 26355708K->907261K(26355712K)] 27783773K->2549790K(29501440K), 0.1421065 secs] [Times: user=7.41 sys=0.00, real=0.14 secs] 
410.603: [GC (Allocation Failure) [PSYoungGen: 26355709K->907255K(26355712K)] 27998238K->2781008K(29501440K), 0.1546185 secs] [Times: user=7.82 sys=0.01, real=0.15 secs] 
413.619: [GC (Allocation Failure) [PSYoungGen: 26355703K->907262K(26355712K)] 28229456K->2962560K(29501440K), 0.1391492 secs] [Times: user=7.34 sys=0.01, real=0.14 secs] 
416.632: [GC (Allocation Failure) [PSYoungGen: 26355710K->907238K(26355712K)] 28411008K->3170743K(29501440K), 0.1463421 secs] [Times: user=7.75 sys=0.01, real=0.14 secs] 
420.205: [GC (Allocation Failure) [PSYoungGen: 26355686K->765260K(26355712K)] 28619191K->3275912K(29501440K), 0.1227457 secs] [Times: user=6.48 sys=0.00, real=0.12 secs] 
422.984: [GC (Allocation Failure) [PSYoungGen: 26213708K->750806K(26355712K)] 28724360K->3270475K(29501440K), 0.1029654 secs] [Times: user=5.38 sys=0.01, real=0.10 secs] 
426.050: [GC (Allocation Failure) [PSYoungGen: 26199254K->811758K(26355712K)] 28718923K->3333580K(29501440K), 0.1082291 secs] [Times: user=5.30 sys=0.01, real=0.11 secs] 
429.232: [GC (Allocation Failure) [PSYoungGen: 26260206K->860686K(26355712K)] 28782028K->3384372K(29501440K), 0.1128557 secs] [Times: user=5.93 sys=0.01, real=0.11 secs] 
432.262: [GC (Allocation Failure) [PSYoungGen: 26309134K->873135K(26355712K)] 28832820K->3400333K(29501440K), 0.1215773 secs] [Times: user=6.10 sys=0.01, real=0.12 secs] 
435.378: [GC (Allocation Failure) [PSYoungGen: 26321583K->835109K(26355712K)] 28848781K->3363756K(29501440K), 0.1129108 secs] [Times: user=5.86 sys=0.01, real=0.12 secs] 
447.099: [GC (System.gc()) [PSYoungGen: 11030398K->907242K(26355712K)] 13559045K->3444601K(29501440K), 0.1078483 secs] [Times: user=4.94 sys=0.02, real=0.11 secs] 
447.208: [Full GC (System.gc()) [PSYoungGen: 907242K->0K(26355712K)] [ParOldGen: 2537358K->276432K(3145728K)] 3444601K->276432K(29501440K), [Metaspace: 22402K->22398K(1069056K)], 0.0872193 secs] [Times: user=1.45 sys=0.00, real=0.09 secs] 
469.226: [GC (Allocation Failure) [PSYoungGen: 25448448K->907236K(26355712K)] 25724880K->1268652K(29501440K), 0.1045467 secs] [Times: user=5.35 sys=0.01, real=0.11 secs] 
475.966: [GC (Allocation Failure) [PSYoungGen: 26355684K->907243K(26355712K)] 26717100K->1295731K(29501440K), 0.0865124 secs] [Times: user=4.29 sys=0.00, real=0.09 secs] 
481.533: [GC (Allocation Failure) [PSYoungGen: 26355691K->907234K(26355712K)] 26744179K->1335387K(29501440K), 0.0894529 secs] [Times: user=4.44 sys=0.01, real=0.09 secs] 
486.251: [GC (Allocation Failure) [PSYoungGen: 26355682K->907232K(26355712K)] 26783835K->1396736K(29501440K), 0.0968008 secs] [Times: user=4.88 sys=0.01, real=0.09 secs] 
490.725: [GC (Allocation Failure) [PSYoungGen: 26355680K->907262K(26355712K)] 26845184K->1455839K(29501440K), 0.0982757 secs] [Times: user=4.77 sys=0.00, real=0.10 secs] 
494.778: [GC (Allocation Failure) [PSYoungGen: 26355710K->907262K(26355712K)] 26904287K->1511479K(29501440K), 0.0927031 secs] [Times: user=4.80 sys=0.00, real=0.10 secs] 
498.397: [GC (Allocation Failure) [PSYoungGen: 26355710K->907245K(26355712K)] 26959927K->1631454K(29501440K), 0.1085924 secs] [Times: user=5.61 sys=0.00, real=0.11 secs] 
501.838: [GC (Allocation Failure) [PSYoungGen: 26355693K->907237K(26355712K)] 27079902K->1747726K(29501440K), 0.1141573 secs] [Times: user=5.61 sys=0.01, real=0.12 secs] 
504.852: [GC (Allocation Failure) [PSYoungGen: 26355685K->907252K(26355712K)] 27196174K->1974133K(29501440K), 0.1598746 secs] [Times: user=8.27 sys=0.00, real=0.16 secs] 
508.353: [GC (Allocation Failure) [PSYoungGen: 26355700K->907243K(26355712K)] 27422581K->2054475K(29501440K), 0.1315273 secs] [Times: user=6.74 sys=0.00, real=0.13 secs] 
511.245: [GC (Allocation Failure) [PSYoungGen: 26355691K->907246K(26355712K)] 27502923K->2182543K(29501440K), 0.1489728 secs] [Times: user=7.71 sys=0.00, real=0.15 secs] 
514.183: [GC (Allocation Failure) [PSYoungGen: 26355694K->907239K(26355712K)] 27630991K->2346463K(29501440K), 0.1502593 secs] [Times: user=7.68 sys=0.01, real=0.15 secs] 
517.099: [GC (Allocation Failure) [PSYoungGen: 26355687K->907261K(26355712K)] 27794911K->2550981K(29501440K), 0.1495879 secs] [Times: user=7.69 sys=0.00, real=0.15 secs] 
520.081: [GC (Allocation Failure) [PSYoungGen: 26355709K->907256K(26355712K)] 27999429K->2834489K(29501440K), 0.1630190 secs] [Times: user=8.50 sys=0.00, real=0.16 secs] 
523.158: [GC (Allocation Failure) [PSYoungGen: 26355704K->907263K(26355712K)] 28282937K->2948904K(29501440K), 0.1213613 secs] [Times: user=6.41 sys=0.00, real=0.12 secs] 
526.210: [GC (Allocation Failure) [PSYoungGen: 26355711K->879576K(26355712K)] 28397352K->3152081K(29501440K), 0.1364182 secs] [Times: user=7.00 sys=0.00, real=0.13 secs] 
529.318: [GC (Allocation Failure) [PSYoungGen: 26328024K->829736K(26355712K)] 28600529K->3108011K(29501440K), 0.1077990 secs] [Times: user=5.72 sys=0.01, real=0.11 secs] 
532.441: [GC (Allocation Failure) [PSYoungGen: 26278184K->779131K(26355712K)] 28556459K->3059303K(29501440K), 0.1039780 secs] [Times: user=5.21 sys=0.02, real=0.10 secs] 
535.406: [GC (Allocation Failure) [PSYoungGen: 26227579K->846456K(26355712K)] 28507751K->3128508K(29501440K), 0.1097941 secs] [Times: user=5.65 sys=0.01, real=0.11 secs] 
538.500: [GC (Allocation Failure) [PSYoungGen: 26294904K->775965K(26355712K)] 28576956K->3060521K(29501440K), 0.1083932 secs] [Times: user=5.25 sys=0.00, real=0.10 secs] 
541.561: [GC (Allocation Failure) [PSYoungGen: 26224413K->903611K(26355712K)] 28508969K->3190959K(29501440K), 0.1210669 secs] [Times: user=5.95 sys=0.01, real=0.12 secs] 
544.613: [GC (Allocation Failure) [PSYoungGen: 26352059K->775359K(26355712K)] 28639407K->3064675K(29501440K), 0.1034202 secs] [Times: user=5.20 sys=0.00, real=0.10 secs] 
547.656: [GC (Allocation Failure) [PSYoungGen: 26223807K->903880K(26355712K)] 28513123K->3195285K(29501440K), 0.1158492 secs] [Times: user=5.98 sys=0.01, real=0.12 secs] 
550.785: [GC (Allocation Failure) [PSYoungGen: 26352328K->863427K(26355712K)] 28643733K->3156872K(29501440K), 0.1106213 secs] [Times: user=5.80 sys=0.00, real=0.11 secs] 
553.863: [GC (Allocation Failure) [PSYoungGen: 26311875K->864319K(26355712K)] 28605320K->3159644K(29501440K), 0.1270773 secs] [Times: user=6.32 sys=0.00, real=0.12 secs] 
556.985: [GC (Allocation Failure) [PSYoungGen: 26312767K->904013K(26355712K)] 28608092K->3202282K(29501440K), 0.1509619 secs] [Times: user=7.45 sys=0.01, real=0.15 secs] 
560.141: [GC (Allocation Failure) [PSYoungGen: 26352461K->844905K(26355712K)] 28650730K->3145302K(29501440K), 0.1328384 secs] [Times: user=6.73 sys=0.01, real=0.13 secs] 
563.178: [GC (Allocation Failure) [PSYoungGen: 26293353K->907260K(26355712K)] 28593750K->3267361K(29501440K), 0.1311810 secs] [Times: user=6.49 sys=0.00, real=0.13 secs] 
566.119: [GC (GCLocker Initiated GC) [PSYoungGen: 26355708K->784635K(26355712K)] 28717754K->3148273K(29501440K), 0.1053896 secs] [Times: user=5.33 sys=0.01, real=0.11 secs] 
569.336: [GC (Allocation Failure) [PSYoungGen: 26233083K->753844K(26355712K)] 28596724K->3119133K(29501440K), 0.1024273 secs] [Times: user=5.15 sys=0.00, real=0.10 secs] 
572.363: [GC (Allocation Failure) [PSYoungGen: 26202292K->751490K(26355712K)] 28567581K->3118259K(29501440K), 0.1030779 secs] [Times: user=5.17 sys=0.00, real=0.10 secs] 
575.478: [GC (Allocation Failure) [PSYoungGen: 26199938K->839499K(26355712K)] 28566707K->3207828K(29501440K), 0.1105303 secs] [Times: user=5.64 sys=0.00, real=0.11 secs] 
578.563: [GC (Allocation Failure) [PSYoungGen: 26287947K->769609K(26355712K)] 28656276K->3139362K(29501440K), 0.1055043 secs] [Times: user=5.21 sys=0.00, real=0.10 secs] 
581.532: [GC (Allocation Failure) [PSYoungGen: 26218057K->852893K(26355712K)] 28587810K->3223958K(29501440K), 0.1147111 secs] [Times: user=5.82 sys=0.00, real=0.11 secs] 
584.542: [GC (Allocation Failure) [PSYoungGen: 26301341K->781595K(26355712K)] 28672406K->3153900K(29501440K), 0.1121875 secs] [Times: user=5.43 sys=0.00, real=0.11 secs] 
587.633: [GC (Allocation Failure) [PSYoungGen: 26230043K->802746K(26355712K)] 28602348K->3176212K(29501440K), 0.1060986 secs] [Times: user=5.45 sys=0.00, real=0.10 secs] 
590.787: [GC (Allocation Failure) [PSYoungGen: 26251194K->743632K(26355712K)] 28624660K->3118226K(29501440K), 0.1007667 secs] [Times: user=5.25 sys=0.01, real=0.10 secs] 
593.807: [GC (Allocation Failure) [PSYoungGen: 26192080K->776918K(26355712K)] 28566674K->3152647K(29501440K), 0.1088005 secs] [Times: user=5.15 sys=0.02, real=0.11 secs] 
596.854: [GC (Allocation Failure) [PSYoungGen: 26225366K->784021K(26355712K)] 28601095K->3160863K(29501440K), 0.1140631 secs] [Times: user=5.98 sys=0.01, real=0.11 secs] 
599.768: [GC (Allocation Failure) [PSYoungGen: 26232469K->894399K(26355712K)] 28609311K->3272353K(29501440K), 0.1150322 secs] [Times: user=5.99 sys=0.00, real=0.12 secs] 
602.899: [GC (Allocation Failure) [PSYoungGen: 26342847K->724051K(26355712K)] 28720801K->3103125K(29501440K), 0.1045370 secs] [Times: user=5.14 sys=0.01, real=0.11 secs] 
605.874: [GC (Allocation Failure) [PSYoungGen: 26172499K->783515K(26355712K)] 28551573K->3163645K(29501440K), 0.1068939 secs] [Times: user=5.29 sys=0.01, real=0.11 secs] 
608.726: [GC (Allocation Failure) [PSYoungGen: 26231963K->849739K(26355712K)] 28612093K->3231118K(29501440K), 0.1107343 secs] [Times: user=5.75 sys=0.00, real=0.11 secs] 
611.621: [GC (Allocation Failure) [PSYoungGen: 26298187K->811719K(26355712K)] 28679566K->3204193K(29501440K), 0.1095713 secs] [Times: user=5.77 sys=0.00, real=0.11 secs] 
614.552: [GC (Allocation Failure) [PSYoungGen: 26260167K->817244K(26355712K)] 28652641K->3213607K(29501440K), 0.1114626 secs] [Times: user=5.53 sys=0.00, real=0.11 secs] 
617.515: [GC (Allocation Failure) [PSYoungGen: 26265692K->800339K(26355712K)] 28662055K->3197726K(29501440K), 0.1064828 secs] [Times: user=5.53 sys=0.00, real=0.11 secs] 
620.451: [GC (Allocation Failure) [PSYoungGen: 26248787K->907259K(26355712K)] 28646174K->3329758K(29501440K), 0.1308313 secs] [Times: user=6.11 sys=0.01, real=0.13 secs] 
623.370: [GC (Allocation Failure) [PSYoungGen: 26355707K->832648K(26355712K)] 28778206K->3256171K(29501440K), 0.1371269 secs] [Times: user=6.99 sys=0.01, real=0.14 secs] 
626.353: [GC (Allocation Failure) [PSYoungGen: 26281096K->776907K(26355712K)] 28704619K->3201422K(29501440K), 0.1236082 secs] [Times: user=6.44 sys=0.00, real=0.12 secs] 
629.079: [GC (Allocation Failure) [PSYoungGen: 26225355K->887399K(26355712K)] 28649870K->3312738K(29501440K), 0.1173991 secs] [Times: user=5.96 sys=0.00, real=0.12 secs] 
631.897: [GC (Allocation Failure) [PSYoungGen: 26335847K->868152K(26355712K)] 28761186K->3294347K(29501440K), 0.1144572 secs] [Times: user=5.92 sys=0.00, real=0.12 secs] 
634.843: [GC (Allocation Failure) [PSYoungGen: 26316600K->822360K(26355712K)] 28742795K->3249387K(29501440K), 0.1070325 secs] [Times: user=5.47 sys=0.00, real=0.11 secs] 
637.617: [GC (Allocation Failure) [PSYoungGen: 26270808K->785858K(26355712K)] 28697835K->3213749K(29501440K), 0.1334647 secs] [Times: user=6.62 sys=0.00, real=0.14 secs] 
640.441: [GC (Allocation Failure) [PSYoungGen: 26234306K->858030K(26355712K)] 28662197K->3286825K(29501440K), 0.1545940 secs] [Times: user=8.02 sys=0.00, real=0.15 secs] 
643.032: [GC (Allocation Failure) [PSYoungGen: 26306478K->907234K(26355712K)] 28735273K->3486917K(29501440K), 0.1939884 secs] [Times: user=9.96 sys=0.00, real=0.19 secs] 
646.543: [GC (Allocation Failure) [PSYoungGen: 26355682K->907247K(26355712K)] 28935365K->3596731K(29501440K), 0.1638000 secs] [Times: user=8.39 sys=0.01, real=0.16 secs] 
649.170: [GC (Allocation Failure) [PSYoungGen: 26355695K->907254K(26355712K)] 29045179K->3702538K(29501440K), 0.1478072 secs] [Times: user=7.02 sys=0.01, real=0.15 secs] 
651.681: [GC (Allocation Failure) [PSYoungGen: 26355702K->907263K(26355712K)] 29150986K->3854570K(29501440K), 0.1649330 secs] [Times: user=8.57 sys=0.00, real=0.16 secs] 
654.327: [GC (Allocation Failure) [PSYoungGen: 26355711K->907251K(26355712K)] 29303018K->3936831K(29501440K), 0.1384621 secs] [Times: user=7.13 sys=0.01, real=0.14 secs] 
654.466: [Full GC (Ergonomics) [PSYoungGen: 907251K->0K(26355712K)] [ParOldGen: 3029579K->1671578K(3145728K)] 3936831K->1671578K(29501440K), [Metaspace: 22444K->22444K(1069056K)], 1.2343496 secs] [Times: user=28.27 sys=0.11, real=1.24 secs] 
658.324: [GC (Allocation Failure) [PSYoungGen: 25448448K->907244K(26355712K)] 27120026K->2781087K(29501440K), 0.1534304 secs] [Times: user=7.95 sys=0.01, real=0.15 secs] 
660.857: [GC (Allocation Failure) [PSYoungGen: 26355692K->817899K(26355712K)] 28229535K->2691742K(29501440K), 0.1080896 secs] [Times: user=5.44 sys=0.00, real=0.11 secs] 
664.405: [GC (Allocation Failure) [PSYoungGen: 26266347K->907260K(26355712K)] 28140190K->2870751K(29501440K), 0.1338656 secs] [Times: user=6.89 sys=0.01, real=0.13 secs] 
666.971: [GC (Allocation Failure) [PSYoungGen: 26355708K->907245K(26355712K)] 28319199K->2928632K(29501440K), 0.1384902 secs] [Times: user=6.86 sys=0.00, real=0.13 secs] 
669.555: [GC (Allocation Failure) [PSYoungGen: 26355693K->907239K(26355712K)] 28377080K->2940690K(29501440K), 0.1427663 secs] [Times: user=7.24 sys=0.00, real=0.14 secs] 
672.185: [GC (Allocation Failure) [PSYoungGen: 26355687K->907238K(26355712K)] 28389138K->2944329K(29501440K), 0.1303619 secs] [Times: user=6.98 sys=0.00, real=0.13 secs] 
675.315: [GC (Allocation Failure) [PSYoungGen: 26355686K->907253K(26355712K)] 28392777K->2993160K(29501440K), 0.1404562 secs] [Times: user=6.57 sys=0.00, real=0.14 secs] 
676.100: [GC (System.gc()) [PSYoungGen: 6782136K->789675K(26355712K)] 8868043K->2875590K(29501440K), 0.1169123 secs] [Times: user=5.00 sys=0.01, real=0.12 secs] 
676.217: [Full GC (System.gc()) [PSYoungGen: 789675K->0K(26355712K)] [ParOldGen: 2085914K->282830K(3145728K)] 2875590K->282830K(29501440K), [Metaspace: 22482K->22482K(1069056K)], 0.1401177 secs] [Times: user=4.47 sys=0.00, real=0.14 secs] 
697.342: [GC (Allocation Failure) [PSYoungGen: 25448448K->907240K(26355712K)] 25731278K->1248679K(29501440K), 0.0972745 secs] [Times: user=5.08 sys=0.00, real=0.09 secs] 
704.087: [GC (Allocation Failure) [PSYoungGen: 26355688K->907242K(26355712K)] 26697127K->1291792K(29501440K), 0.0868497 secs] [Times: user=4.45 sys=0.00, real=0.09 secs] 
709.876: [GC (Allocation Failure) [PSYoungGen: 26355690K->907249K(26355712K)] 26740240K->1355248K(29501440K), 0.0948787 secs] [Times: user=4.78 sys=0.01, real=0.10 secs] 
714.573: [GC (Allocation Failure) [PSYoungGen: 26355697K->907232K(26355712K)] 26803696K->1403110K(29501440K), 0.0925673 secs] [Times: user=4.64 sys=0.00, real=0.09 secs] 
718.865: [GC (Allocation Failure) [PSYoungGen: 26355680K->907256K(26355712K)] 26851558K->1479606K(29501440K), 0.0998501 secs] [Times: user=4.94 sys=0.01, real=0.10 secs] 
722.659: [GC (Allocation Failure) [PSYoungGen: 26355704K->907253K(26355712K)] 26928054K->1567076K(29501440K), 0.1060590 secs] [Times: user=5.22 sys=0.00, real=0.11 secs] 
726.366: [GC (Allocation Failure) [PSYoungGen: 26355701K->907262K(26355712K)] 27015524K->1669492K(29501440K), 0.1112937 secs] [Times: user=5.34 sys=0.01, real=0.11 secs] 
729.816: [GC (Allocation Failure) [PSYoungGen: 26355710K->907258K(26355712K)] 27117940K->1910992K(29501440K), 0.1601190 secs] [Times: user=8.42 sys=0.00, real=0.16 secs] 
732.982: [GC (Allocation Failure) [PSYoungGen: 26355706K->907263K(26355712K)] 27359440K->2085726K(29501440K), 0.1475487 secs] [Times: user=7.72 sys=0.01, real=0.14 secs] 
735.997: [GC (Allocation Failure) [PSYoungGen: 26355711K->907246K(26355712K)] 27534174K->2257725K(29501440K), 0.1377858 secs] [Times: user=6.65 sys=0.00, real=0.14 secs] 
738.868: [GC (Allocation Failure) [PSYoungGen: 26355694K->907241K(26355712K)] 27706173K->2511327K(29501440K), 0.1554467 secs] [Times: user=7.94 sys=0.00, real=0.16 secs] 
741.756: [GC (Allocation Failure) [PSYoungGen: 26355689K->907232K(26355712K)] 27959775K->2791694K(29501440K), 0.1617546 secs] [Times: user=8.34 sys=0.00, real=0.16 secs] 
744.395: [GC (Allocation Failure) [PSYoungGen: 26355680K->907233K(26355712K)] 28240142K->3166488K(29501440K), 0.1850358 secs] [Times: user=9.51 sys=0.01, real=0.18 secs] 
747.275: [GC (Allocation Failure) [PSYoungGen: 26355681K->907233K(26355712K)] 28614936K->3512136K(29501440K), 0.1899308 secs] [Times: user=9.93 sys=0.00, real=0.19 secs] 
750.059: [GC (Allocation Failure) [PSYoungGen: 26355681K->907257K(26355712K)] 28960584K->3780375K(29501440K), 0.1715342 secs] [Times: user=8.93 sys=0.00, real=0.18 secs] 
750.231: [Full GC (Ergonomics) [PSYoungGen: 907257K->0K(26355712K)] [ParOldGen: 2873118K->1596186K(3145728K)] 3780375K->1596186K(29501440K), [Metaspace: 22538K->22538K(1071104K)], 1.2919618 secs] [Times: user=29.53 sys=0.01, real=1.29 secs] 
753.995: [GC (Allocation Failure) [PSYoungGen: 25448448K->907258K(26355712K)] 27044634K->2669517K(29501440K), 0.1641404 secs] [Times: user=8.06 sys=0.00, real=0.16 secs] 
756.737: [GC (Allocation Failure) [PSYoungGen: 26355706K->907245K(26355712K)] 28117965K->2680776K(29501440K), 0.1514058 secs] [Times: user=7.59 sys=0.01, real=0.15 secs] 
759.397: [GC (Allocation Failure) [PSYoungGen: 26355693K->907244K(26355712K)] 28129224K->2899255K(29501440K), 0.1751425 secs] [Times: user=9.10 sys=0.01, real=0.18 secs] 
762.097: [GC (Allocation Failure) [PSYoungGen: 26355692K->907248K(26355712K)] 28347703K->2923083K(29501440K), 0.1401483 secs] [Times: user=6.78 sys=0.01, real=0.14 secs] 
764.790: [GC (Allocation Failure) [PSYoungGen: 26355696K->907239K(26355712K)] 28371531K->3096914K(29501440K), 0.1494752 secs] [Times: user=7.59 sys=0.00, real=0.15 secs] 
767.420: [GC (Allocation Failure) [PSYoungGen: 26355687K->907255K(26355712K)] 28545362K->3303746K(29501440K), 0.1575621 secs] [Times: user=8.18 sys=0.00, real=0.16 secs] 
771.476: [GC (Allocation Failure) [PSYoungGen: 26355703K->808152K(26355712K)] 28752194K->3204642K(29501440K), 0.1045478 secs] [Times: user=5.48 sys=0.00, real=0.11 secs] 
774.120: [GC (Allocation Failure) [PSYoungGen: 26256600K->907235K(26355712K)] 28653090K->3333869K(29501440K), 0.1331846 secs] [Times: user=6.36 sys=0.01, real=0.14 secs] 
776.826: [GC (Allocation Failure) [PSYoungGen: 26355683K->907251K(26355712K)] 28782317K->3790277K(29501440K), 0.1908671 secs] [Times: user=10.43 sys=0.01, real=0.19 secs] 
777.017: [Full GC (Ergonomics) [PSYoungGen: 907251K->0K(26355712K)] [ParOldGen: 2883026K->1879531K(3145728K)] 3790277K->1879531K(29501440K), [Metaspace: 22539K->22539K(1071104K)], 0.9871523 secs] [Times: user=36.73 sys=0.02, real=0.99 secs] 
781.510: [GC (Allocation Failure) [PSYoungGen: 25448448K->907249K(26355712K)] 27327979K->3229981K(29501440K), 0.1946775 secs] [Times: user=10.52 sys=0.00, real=0.20 secs] 
784.988: [GC (Allocation Failure) [PSYoungGen: 26355697K->907250K(26355712K)] 28678429K->3673046K(29501440K), 0.1914157 secs] [Times: user=10.30 sys=0.01, real=0.19 secs] 
785.180: [Full GC (Ergonomics) [PSYoungGen: 907250K->0K(26355712K)] [ParOldGen: 2765795K->2032209K(3145728K)] 3673046K->2032209K(29501440K), [Metaspace: 22539K->22539K(1071104K)], 0.6655178 secs] [Times: user=30.37 sys=0.01, real=0.66 secs] 
788.340: [GC (Allocation Failure) [PSYoungGen: 25448448K->617800K(26355712K)] 27480657K->2650010K(29501440K), 0.0975724 secs] [Times: user=4.93 sys=0.00, real=0.09 secs] 
790.897: [GC (Allocation Failure) [PSYoungGen: 26066248K->772468K(26355712K)] 28098458K->2804678K(29501440K), 0.1136061 secs] [Times: user=5.70 sys=0.00, real=0.12 secs] 
793.383: [GC (Allocation Failure) [PSYoungGen: 26220819K->907257K(26355712K)] 28253029K->3147907K(29501440K), 0.1645033 secs] [Times: user=8.22 sys=0.00, real=0.16 secs] 
797.410: [GC (Allocation Failure) [PSYoungGen: 26355705K->799386K(26355712K)] 28596355K->3040036K(29501440K), 0.1269168 secs] [Times: user=6.56 sys=0.00, real=0.13 secs] 
800.052: [GC (Allocation Failure) [PSYoungGen: 26247834K->763002K(26355712K)] 28488484K->3003652K(29501440K), 0.1228116 secs] [Times: user=6.26 sys=0.01, real=0.12 secs] 
802.710: [GC (Allocation Failure) [PSYoungGen: 26211450K->907258K(26355712K)] 28452100K->3437436K(29501440K), 0.1814135 secs] [Times: user=9.33 sys=0.02, real=0.19 secs] 
806.372: [GC (Allocation Failure) [PSYoungGen: 26355706K->907262K(26355712K)] 28885884K->3765192K(29501440K), 0.1791200 secs] [Times: user=9.73 sys=0.00, real=0.18 secs] 
806.552: [Full GC (Ergonomics) [PSYoungGen: 907262K->0K(26355712K)] [ParOldGen: 2857929K->1827616K(3145728K)] 3765192K->1827616K(29501440K), [Metaspace: 22539K->22539K(1071104K)], 0.8305004 secs] [Times: user=36.66 sys=0.02, real=0.83 secs] 
810.190: [GC (Allocation Failure) [PSYoungGen: 25448448K->770533K(26355712K)] 27276064K->2598150K(29501440K), 0.1378131 secs] [Times: user=6.92 sys=0.01, real=0.13 secs] 
810.700: [GC (System.gc()) [PSYoungGen: 3039751K->678037K(26355712K)] 4867367K->2505653K(29501440K), 0.1117388 secs] [Times: user=4.34 sys=0.01, real=0.12 secs] 
810.812: [Full GC (System.gc()) [PSYoungGen: 678037K->0K(26355712K)] [ParOldGen: 1827616K->287800K(3145728K)] 2505653K->287800K(29501440K), [Metaspace: 22542K->22542K(1071104K)], 0.1546587 secs] [Times: user=5.77 sys=0.01, real=0.15 secs] 
818.476: [GC (System.gc()) [PSYoungGen: 3518844K->320K(26355712K)] 3806644K->288120K(29501440K), 0.0088086 secs] [Times: user=0.14 sys=0.01, real=0.01 secs] 
818.485: [Full GC (System.gc()) [PSYoungGen: 320K->0K(26355712K)] [ParOldGen: 287800K->269481K(3145728K)] 288120K->269481K(29501440K), [Metaspace: 22552K->22552K(1071104K)], 0.1410672 secs] [Times: user=4.73 sys=0.01, real=0.14 secs] 
844.847: [GC (Allocation Failure) [PSYoungGen: 25448448K->907243K(26355712K)] 25717929K->1229460K(29501440K), 0.0959777 secs] [Times: user=4.98 sys=0.00, real=0.10 secs] 
867.165: [GC (Allocation Failure) [PSYoungGen: 26355691K->905792K(26355712K)] 26677908K->1228017K(29501440K), 0.0798115 secs] [Times: user=3.85 sys=0.01, real=0.08 secs] 
889.451: [GC (Allocation Failure) [PSYoungGen: 26354240K->907247K(26355712K)] 26676465K->1233184K(29501440K), 0.0828469 secs] [Times: user=3.92 sys=0.01, real=0.08 secs] 
911.570: [GC (Allocation Failure) [PSYoungGen: 26355695K->903167K(26355712K)] 26681632K->1229104K(29501440K), 0.0794259 secs] [Times: user=3.87 sys=0.01, real=0.08 secs] 
933.893: [GC (Allocation Failure) [PSYoungGen: 26351615K->904903K(26355712K)] 26677552K->1230840K(29501440K), 0.0813502 secs] [Times: user=3.86 sys=0.01, real=0.08 secs] 
956.089: [GC (Allocation Failure) [PSYoungGen: 26353351K->907237K(26355712K)] 26679288K->1234470K(29501440K), 0.0880667 secs] [Times: user=3.85 sys=0.01, real=0.09 secs] 
978.235: [GC (Allocation Failure) [PSYoungGen: 26355685K->907257K(26355712K)] 26682918K->1242602K(29501440K), 0.0806798 secs] [Times: user=3.99 sys=0.01, real=0.08 secs] 
1000.428: [GC (Allocation Failure) [PSYoungGen: 26355705K->898743K(26355712K)] 26691050K->1234088K(29501440K), 0.0760881 secs] [Times: user=3.89 sys=0.00, real=0.08 secs] 
1185.185: [GC (Allocation Failure) [PSYoungGen: 26347191K->885271K(26355712K)] 26682536K->1220617K(29501440K), 0.0788007 secs] [Times: user=3.59 sys=0.01, real=0.08 secs] 
1263.501: [GC (Allocation Failure) [PSYoungGen: 26333719K->886583K(26355712K)] 26669065K->1221936K(29501440K), 0.0784014 secs] [Times: user=3.79 sys=0.01, real=0.07 secs] 
1318.861: [GC (Allocation Failure) [PSYoungGen: 26335031K->889063K(26355712K)] 26670384K->1224416K(29501440K), 0.0799756 secs] [Times: user=3.82 sys=0.01, real=0.08 secs] 
1364.870: [GC (Allocation Failure) [PSYoungGen: 26337511K->896571K(26355712K)] 26672864K->1231924K(29501440K), 0.0801577 secs] [Times: user=3.80 sys=0.02, real=0.08 secs] 
1406.712: [GC (Allocation Failure) [PSYoungGen: 26345019K->890639K(26355712K)] 26680372K->1226000K(29501440K), 0.0769376 secs] [Times: user=3.84 sys=0.00, real=0.07 secs] 
1443.637: [GC (Allocation Failure) [PSYoungGen: 26339087K->891199K(26355712K)] 26674448K->1226560K(29501440K), 0.0778120 secs] [Times: user=3.87 sys=0.01, real=0.08 secs] 
1477.428: [GC (Allocation Failure) [PSYoungGen: 26339647K->895966K(26355712K)] 26675008K->1231327K(29501440K), 0.0745086 secs] [Times: user=3.91 sys=0.01, real=0.08 secs] 
1508.988: [GC (Allocation Failure) [PSYoungGen: 26344414K->593452K(26355712K)] 26679775K->1230767K(29501440K), 0.1069292 secs] [Times: user=5.23 sys=0.00, real=0.11 secs] 
1538.371: [GC (Allocation Failure) [PSYoungGen: 26041900K->588299K(26355712K)] 26679215K->1227535K(29501440K), 0.0884473 secs] [Times: user=4.56 sys=0.01, real=0.08 secs] 
1565.997: [GC (Allocation Failure) [PSYoungGen: 26036747K->592651K(26355712K)] 26675983K->1233103K(29501440K), 0.0906728 secs] [Times: user=4.68 sys=0.01, real=0.09 secs] 
1593.130: [GC (Allocation Failure) [PSYoungGen: 26041099K->604800K(26355712K)] 26681551K->1246164K(29501440K), 0.0933155 secs] [Times: user=4.51 sys=0.01, real=0.10 secs] 
1617.657: [GC (Allocation Failure) [PSYoungGen: 26053248K->590843K(26355712K)] 26694612K->1233680K(29501440K), 0.0961694 secs] [Times: user=4.57 sys=0.01, real=0.10 secs] 
1642.153: [GC (Allocation Failure) [PSYoungGen: 26039291K->602592K(26355712K)] 26682128K->1246045K(29501440K), 0.0955489 secs] [Times: user=4.83 sys=0.01, real=0.09 secs] 
1665.438: [GC (Allocation Failure) [PSYoungGen: 26051040K->588123K(26355712K)] 26694493K->1232456K(29501440K), 0.0977059 secs] [Times: user=4.85 sys=0.01, real=0.10 secs] 
1687.507: [GC (Allocation Failure) [PSYoungGen: 26036571K->590171K(26355712K)] 26680904K->1235504K(29501440K), 0.0924042 secs] [Times: user=4.70 sys=0.01, real=0.09 secs] 
1709.518: [GC (Allocation Failure) [PSYoungGen: 26038619K->597984K(26355712K)] 26683952K->1244373K(29501440K), 0.0901370 secs] [Times: user=4.56 sys=0.01, real=0.09 secs] 
1730.476: [GC (Allocation Failure) [PSYoungGen: 26046432K->594971K(26355712K)] 26692821K->1241912K(29501440K), 0.0908437 secs] [Times: user=4.70 sys=0.00, real=0.09 secs] 
1750.490: [GC (Allocation Failure) [PSYoungGen: 26043419K->597393K(26355712K)] 26690360K->1244878K(29501440K), 0.0914216 secs] [Times: user=4.69 sys=0.02, real=0.10 secs] 
1770.505: [GC (Allocation Failure) [PSYoungGen: 26045841K->611195K(26355712K)] 26693326K->1259216K(29501440K), 0.1001767 secs] [Times: user=4.88 sys=0.00, real=0.10 secs] 
1790.050: [GC (Allocation Failure) [PSYoungGen: 26059643K->597195K(26355712K)] 26707664K->1245760K(29501440K), 0.0867855 secs] [Times: user=4.57 sys=0.01, real=0.09 secs] 
1808.365: [GC (Allocation Failure) [PSYoungGen: 26045643K->599963K(26355712K)] 26694208K->1249072K(29501440K), 0.1069678 secs] [Times: user=5.20 sys=0.02, real=0.11 secs] 
1826.780: [GC (Allocation Failure) [PSYoungGen: 26048411K->592683K(26355712K)] 26697520K->1242328K(29501440K), 0.0937765 secs] [Times: user=4.65 sys=0.01, real=0.09 secs] 
1845.093: [GC (Allocation Failure) [PSYoungGen: 26041131K->597611K(26355712K)] 26690776K->1247792K(29501440K), 0.0944972 secs] [Times: user=4.64 sys=0.00, real=0.09 secs] 
1862.379: [GC (Allocation Failure) [PSYoungGen: 26046059K->592715K(26355712K)] 26696240K->1243480K(29501440K), 0.0921928 secs] [Times: user=4.37 sys=0.01, real=0.10 secs] 
1879.339: [GC (Allocation Failure) [PSYoungGen: 26041163K->594955K(26355712K)] 26691928K->1246248K(29501440K), 0.0908451 secs] [Times: user=4.70 sys=0.01, real=0.09 secs] 
1896.293: [GC (Allocation Failure) [PSYoungGen: 26043403K->595563K(26355712K)] 26694696K->1247392K(29501440K), 0.0918736 secs] [Times: user=4.57 sys=0.01, real=0.09 secs] 
1913.221: [GC (Allocation Failure) [PSYoungGen: 26044011K->588507K(26355712K)] 26695840K->1240864K(29501440K), 0.1038850 secs] [Times: user=4.79 sys=0.00, real=0.10 secs] 
1929.045: [GC (Allocation Failure) [PSYoungGen: 26036955K->606592K(26355712K)] 26689312K->1259477K(29501440K), 0.0926982 secs] [Times: user=4.51 sys=0.00, real=0.09 secs] 
1944.790: [GC (Allocation Failure) [PSYoungGen: 26055040K->605120K(26355712K)] 26707925K->1258549K(29501440K), 0.0960218 secs] [Times: user=4.80 sys=0.00, real=0.09 secs] 
1960.575: [GC (Allocation Failure) [PSYoungGen: 26053568K->598587K(26355712K)] 26706997K->1252568K(29501440K), 0.0910837 secs] [Times: user=4.55 sys=0.01, real=0.09 secs] 
1976.321: [GC (Allocation Failure) [PSYoungGen: 26047035K->592043K(26355712K)] 26701016K->1246560K(29501440K), 0.0972467 secs] [Times: user=4.59 sys=0.03, real=0.09 secs] 
1991.247: [GC (Allocation Failure) [PSYoungGen: 26040491K->606230K(26355712K)] 26695008K->1261315K(29501440K), 0.0988985 secs] [Times: user=4.65 sys=0.01, real=0.10 secs] 
2005.971: [GC (Allocation Failure) [PSYoungGen: 26054678K->607920K(26355712K)] 26709763K->1263558K(29501440K), 0.1012863 secs] [Times: user=4.52 sys=0.01, real=0.10 secs] 
2020.654: [GC (Allocation Failure) [PSYoungGen: 26056368K->608043K(26355712K)] 26712006K->1264217K(29501440K), 0.0994085 secs] [Times: user=4.67 sys=0.00, real=0.10 secs] 
2035.319: [GC (Allocation Failure) [PSYoungGen: 26056491K->600011K(26355712K)] 26712665K->1256825K(29501440K), 0.0905401 secs] [Times: user=4.80 sys=0.01, real=0.09 secs] 
2049.722: [GC (Allocation Failure) [PSYoungGen: 26048459K->607216K(26355712K)] 26705273K->1264573K(29501440K), 0.0940771 secs] [Times: user=4.86 sys=0.00, real=0.09 secs] 
2063.482: [GC (Allocation Failure) [PSYoungGen: 26055664K->610192K(26355712K)] 26713021K->1268094K(29501440K), 0.0922008 secs] [Times: user=4.73 sys=0.01, real=0.09 secs] 
2077.308: [GC (Allocation Failure) [PSYoungGen: 26058640K->600459K(26355712K)] 26716542K->1258985K(29501440K), 0.0994987 secs] [Times: user=4.57 sys=0.00, real=0.10 secs] 
2091.080: [GC (Allocation Failure) [PSYoungGen: 26048907K->617568K(26355712K)] 26707433K->1276677K(29501440K), 0.1000424 secs] [Times: user=4.86 sys=0.00, real=0.11 secs] 
2104.819: [GC (Allocation Failure) [PSYoungGen: 26066016K->602235K(26355712K)] 26725125K->1261937K(29501440K), 0.0917390 secs] [Times: user=4.67 sys=0.00, real=0.10 secs] 
2118.054: [GC (Allocation Failure) [PSYoungGen: 26050683K->612224K(26355712K)] 26710385K->1272526K(29501440K), 0.0960189 secs] [Times: user=4.80 sys=0.00, real=0.10 secs] 
2131.084: [GC (Allocation Failure) [PSYoungGen: 26060672K->621761K(26355712K)] 26720974K->1282710K(29501440K), 0.1003602 secs] [Times: user=4.75 sys=0.01, real=0.10 secs] 
2144.116: [GC (Allocation Failure) [PSYoungGen: 26070209K->617952K(26355712K)] 26731158K->1279990K(29501440K), 0.0972690 secs] [Times: user=4.69 sys=0.01, real=0.10 secs] 
2157.064: [GC (Allocation Failure) [PSYoungGen: 26066400K->611504K(26355712K)] 26728438K->1274326K(29501440K), 0.0981248 secs] [Times: user=4.68 sys=0.01, real=0.10 secs] 
2170.089: [GC (Allocation Failure) [PSYoungGen: 26059952K->615803K(26355712K)] 26722774K->1279258K(29501440K), 0.0939449 secs] [Times: user=4.64 sys=0.00, real=0.10 secs] 
2182.718: [GC (Allocation Failure) [PSYoungGen: 26064251K->618853K(26355712K)] 26727706K->1282964K(29501440K), 0.0970923 secs] [Times: user=4.66 sys=0.00, real=0.10 secs] 
2195.134: [GC (Allocation Failure) [PSYoungGen: 26067301K->620448K(26355712K)] 26731412K->1285119K(29501440K), 0.0965874 secs] [Times: user=4.71 sys=0.01, real=0.10 secs] 
2207.528: [GC (Allocation Failure) [PSYoungGen: 26068896K->605376K(26355712K)] 26733567K->1270614K(29501440K), 0.0993717 secs] [Times: user=4.54 sys=0.01, real=0.10 secs] 
2219.831: [GC (Allocation Failure) [PSYoungGen: 26053824K->608027K(26355712K)] 26719062K->1273874K(29501440K), 0.0948468 secs] [Times: user=4.69 sys=0.01, real=0.09 secs] 
2232.251: [GC (Allocation Failure) [PSYoungGen: 26056475K->611849K(26355712K)] 26722322K->1278512K(29501440K), 0.0959862 secs] [Times: user=4.73 sys=0.00, real=0.09 secs] 
2244.383: [GC (Allocation Failure) [PSYoungGen: 26060297K->610560K(26355712K)] 26726960K->1277751K(29501440K), 0.0934735 secs] [Times: user=4.60 sys=0.01, real=0.09 secs] 
2256.342: [GC (Allocation Failure) [PSYoungGen: 26059008K->602187K(26355712K)] 26726199K->1269994K(29501440K), 0.0951705 secs] [Times: user=4.53 sys=0.00, real=0.09 secs] 
2268.141: [GC (Allocation Failure) [PSYoungGen: 26050635K->627684K(26355712K)] 26718442K->1296067K(29501440K), 0.0990604 secs] [Times: user=4.85 sys=0.01, real=0.10 secs] 
2279.954: [GC (Allocation Failure) [PSYoungGen: 26076132K->610795K(26355712K)] 26744515K->1279762K(29501440K), 0.0921045 secs] [Times: user=4.78 sys=0.01, real=0.09 secs] 
2291.789: [GC (Allocation Failure) [PSYoungGen: 26059243K->608768K(26355712K)] 26728210K->1278311K(29501440K), 0.1038447 secs] [Times: user=4.62 sys=0.00, real=0.11 secs] 
2303.567: [GC (Allocation Failure) [PSYoungGen: 26057216K->600075K(26355712K)] 26726759K->1270154K(29501440K), 0.0932011 secs] [Times: user=4.72 sys=0.01, real=0.10 secs] 
2315.041: [GC (Allocation Failure) [PSYoungGen: 26048523K->616768K(26355712K)] 26718602K->1287383K(29501440K), 0.0958356 secs] [Times: user=4.72 sys=0.01, real=0.09 secs] 
2326.282: [GC (Allocation Failure) [PSYoungGen: 26065216K->603952K(26355712K)] 26735831K->1275103K(29501440K), 0.0946150 secs] [Times: user=4.54 sys=0.01, real=0.09 secs] 
2337.550: [GC (Allocation Failure) [PSYoungGen: 26052400K->601563K(26355712K)] 26723551K->1273258K(29501440K), 0.0907275 secs] [Times: user=4.70 sys=0.01, real=0.09 secs] 
2348.842: [GC (Allocation Failure) [PSYoungGen: 26050011K->611979K(26355712K)] 26721706K->1284194K(29501440K), 0.0990786 secs] [Times: user=4.73 sys=0.00, real=0.10 secs] 
2360.176: [GC (Allocation Failure) [PSYoungGen: 26060427K->596427K(26355712K)] 26732642K->1269242K(29501440K), 0.0942946 secs] [Times: user=4.53 sys=0.01, real=0.10 secs] 
2371.388: [GC (Allocation Failure) [PSYoungGen: 26044875K->620377K(26355712K)] 26717690K->1293752K(29501440K), 0.0948803 secs] [Times: user=4.82 sys=0.01, real=0.10 secs] 
2382.437: [GC (Allocation Failure) [PSYoungGen: 26068825K->616106K(26355712K)] 26742200K->1290001K(29501440K), 0.0927381 secs] [Times: user=4.71 sys=0.00, real=0.09 secs] 
2393.249: [GC (Allocation Failure) [PSYoungGen: 26064554K->597740K(26355712K)] 26738449K->1272211K(29501440K), 0.0941470 secs] [Times: user=4.57 sys=0.00, real=0.10 secs] 
2404.161: [GC (Allocation Failure) [PSYoungGen: 26046188K->632388K(26355712K)] 26720659K->1307411K(29501440K), 0.0972655 secs] [Times: user=4.72 sys=0.00, real=0.09 secs] 
2414.827: [GC (Allocation Failure) [PSYoungGen: 26080836K->614780K(26355712K)] 26755859K->1290371K(29501440K), 0.0957617 secs] [Times: user=4.81 sys=0.01, real=0.10 secs] 
2425.733: [GC (Allocation Failure) [PSYoungGen: 26063228K->613665K(26355712K)] 26738819K->1289808K(29501440K), 0.0984204 secs] [Times: user=4.62 sys=0.01, real=0.10 secs] 
2436.631: [GC (Allocation Failure) [PSYoungGen: 26062113K->605244K(26355712K)] 26738256K->1281923K(29501440K), 0.0955033 secs] [Times: user=4.66 sys=0.01, real=0.09 secs] 
2447.250: [GC (Allocation Failure) [PSYoungGen: 26053692K->611760K(26355712K)] 26730371K->1288975K(29501440K), 0.0914337 secs] [Times: user=4.78 sys=0.01, real=0.10 secs] 
2457.793: [GC (Allocation Failure) [PSYoungGen: 26060208K->619920K(26355712K)] 26737423K->1297727K(29501440K), 0.0917318 secs] [Times: user=4.72 sys=0.01, real=0.09 secs] 
2468.229: [GC (Allocation Failure) [PSYoungGen: 26068368K->604929K(26355712K)] 26746175K->1283496K(29501440K), 0.0972006 secs] [Times: user=4.85 sys=0.00, real=0.10 secs] 
2478.593: [GC (Allocation Failure) [PSYoungGen: 26053377K->613969K(26355712K)] 26731944K->1293408K(29501440K), 0.0965416 secs] [Times: user=4.68 sys=0.01, real=0.09 secs] 
2488.977: [GC (Allocation Failure) [PSYoungGen: 26062417K->621020K(26355712K)] 26741856K->1301132K(29501440K), 0.0921138 secs] [Times: user=4.66 sys=0.01, real=0.09 secs] 
2499.394: [GC (Allocation Failure) [PSYoungGen: 26069468K->613969K(26355712K)] 26749580K->1294657K(29501440K), 0.0984581 secs] [Times: user=4.53 sys=0.02, real=0.10 secs] 
2509.775: [GC (Allocation Failure) [PSYoungGen: 26062417K->612156K(26355712K)] 26743105K->1293404K(29501440K), 0.0978712 secs] [Times: user=4.86 sys=0.01, real=0.10 secs] 
2519.790: [GC (Allocation Failure) [PSYoungGen: 26060604K->631377K(26355712K)] 26741852K->1313393K(29501440K), 0.0987755 secs] [Times: user=4.97 sys=0.00, real=0.10 secs] 
2529.821: [GC (Allocation Failure) [PSYoungGen: 26079825K->625852K(26355712K)] 26761841K->1308412K(29501440K), 0.0971400 secs] [Times: user=4.89 sys=0.00, real=0.09 secs] 
2539.837: [GC (Allocation Failure) [PSYoungGen: 26074300K->623681K(26355712K)] 26756860K->1306833K(29501440K), 0.0976963 secs] [Times: user=4.81 sys=0.00, real=0.10 secs] 
2549.814: [GC (Allocation Failure) [PSYoungGen: 26072129K->617297K(26355712K)] 26755281K->1301729K(29501440K), 0.0953547 secs] [Times: user=4.76 sys=0.01, real=0.09 secs] 
2559.621: [GC (Allocation Failure) [PSYoungGen: 26065745K->616556K(26355712K)] 26750177K->1301524K(29501440K), 0.0923806 secs] [Times: user=4.79 sys=0.00, real=0.09 secs] 
2569.497: [GC (Allocation Failure) [PSYoungGen: 26065004K->613964K(26355712K)] 26749972K->1299620K(29501440K), 0.0907339 secs] [Times: user=4.59 sys=0.00, real=0.09 secs] 
2579.400: [GC (Allocation Failure) [PSYoungGen: 26062412K->626102K(26355712K)] 26748068K->1312455K(29501440K), 0.0954661 secs] [Times: user=4.79 sys=0.00, real=0.10 secs] 
2588.925: [GC (Allocation Failure) [PSYoungGen: 26074550K->634865K(26355712K)] 26760903K->1321842K(29501440K), 0.0944346 secs] [Times: user=4.80 sys=0.01, real=0.09 secs] 
2598.460: [GC (Allocation Failure) [PSYoungGen: 26083313K->612033K(26355712K)] 26770290K->1299610K(29501440K), 0.0952424 secs] [Times: user=4.80 sys=0.00, real=0.10 secs] 
2608.133: [GC (Allocation Failure) [PSYoungGen: 26060481K->634129K(26355712K)] 26748058K->1322258K(29501440K), 0.0962157 secs] [Times: user=4.96 sys=0.01, real=0.09 secs] 
2617.682: [GC (Allocation Failure) [PSYoungGen: 26082577K->621580K(26355712K)] 26770706K->1310309K(29501440K), 0.0932975 secs] [Times: user=4.73 sys=0.00, real=0.09 secs] 
2627.248: [GC (Allocation Failure) [PSYoungGen: 26070028K->629398K(26355712K)] 26758757K->1319584K(29501440K), 0.1003036 secs] [Times: user=4.90 sys=0.00, real=0.10 secs] 
2636.752: [GC (Allocation Failure) [PSYoungGen: 26077846K->620881K(26355712K)] 26768032K->1311634K(29501440K), 0.0976771 secs] [Times: user=4.57 sys=0.01, real=0.09 secs] 
2646.077: [GC (Allocation Failure) [PSYoungGen: 26069329K->632076K(26355712K)] 26760082K->1323389K(29501440K), 0.0944804 secs] [Times: user=4.88 sys=0.01, real=0.10 secs] 
2655.250: [GC (Allocation Failure) [PSYoungGen: 26080524K->619186K(26355712K)] 26771837K->1311563K(29501440K), 0.0960875 secs] [Times: user=4.86 sys=0.02, real=0.10 secs] 
2664.477: [GC (Allocation Failure) [PSYoungGen: 26067634K->614977K(26355712K)] 26760011K->1308195K(29501440K), 0.0963711 secs] [Times: user=4.76 sys=0.01, real=0.10 secs] 
2673.761: [GC (Allocation Failure) [PSYoungGen: 26063425K->627665K(26355712K)] 26756643K->1321659K(29501440K), 0.0926205 secs] [Times: user=4.80 sys=0.01, real=0.09 secs] 
2682.883: [GC (Allocation Failure) [PSYoungGen: 26076113K->623468K(26355712K)] 26770107K->1318062K(29501440K), 0.0964302 secs] [Times: user=4.72 sys=0.00, real=0.09 secs] 
2692.116: [GC (Allocation Failure) [PSYoungGen: 26071916K->636348K(26355712K)] 26766510K->1331494K(29501440K), 0.1031109 secs] [Times: user=4.67 sys=0.01, real=0.10 secs] 
2701.375: [GC (Allocation Failure) [PSYoungGen: 26084796K->604620K(26355712K)] 26779942K->1300750K(29501440K), 0.0982399 secs] [Times: user=4.45 sys=0.01, real=0.10 secs] 
2710.451: [GC (Allocation Failure) [PSYoungGen: 26053068K->624880K(26355712K)] 26749198K->1321611K(29501440K), 0.0992259 secs] [Times: user=4.65 sys=0.00, real=0.10 secs] 
2719.166: [GC (Allocation Failure) [PSYoungGen: 26073328K->626284K(26355712K)] 26770059K->1324110K(29501440K), 0.0984376 secs] [Times: user=4.72 sys=0.01, real=0.10 secs] 
2728.181: [GC (Allocation Failure) [PSYoungGen: 26074732K->609132K(26355712K)] 26772558K->1307575K(29501440K), 0.0914392 secs] [Times: user=4.66 sys=0.00, real=0.09 secs] 
2737.134: [GC (Allocation Failure) [PSYoungGen: 26057580K->626912K(26355712K)] 26756023K->1325955K(29501440K), 0.0954210 secs] [Times: user=4.58 sys=0.01, real=0.09 secs] 
2746.116: [GC (Allocation Failure) [PSYoungGen: 26075360K->633040K(26355712K)] 26774403K->1333060K(29501440K), 0.0983420 secs] [Times: user=4.81 sys=0.02, real=0.10 secs] 
2754.972: [GC (Allocation Failure) [PSYoungGen: 26081488K->624619K(26355712K)] 26781508K->1325183K(29501440K), 0.0990362 secs] [Times: user=4.77 sys=0.01, real=0.10 secs] 
2763.956: [GC (Allocation Failure) [PSYoungGen: 26073067K->642501K(26355712K)] 26773631K->1343697K(29501440K), 0.0977826 secs] [Times: user=4.90 sys=0.00, real=0.10 secs] 
2772.969: [GC (Allocation Failure) [PSYoungGen: 26090949K->624267K(26355712K)] 26792145K->1326319K(29501440K), 0.0932041 secs] [Times: user=4.75 sys=0.01, real=0.10 secs] 
2781.622: [GC (Allocation Failure) [PSYoungGen: 26072715K->621765K(26355712K)] 26774767K->1324393K(29501440K), 0.0961407 secs] [Times: user=4.90 sys=0.01, real=0.09 secs] 
2790.261: [GC (Allocation Failure) [PSYoungGen: 26070213K->614208K(26355712K)] 26772841K->1317860K(29501440K), 0.0914767 secs] [Times: user=4.43 sys=0.00, real=0.09 secs] 
2798.965: [GC (Allocation Failure) [PSYoungGen: 26062656K->631755K(26355712K)] 26766308K->1336015K(29501440K), 0.0957422 secs] [Times: user=4.77 sys=0.00, real=0.10 secs] 
2807.655: [GC (Allocation Failure) [PSYoungGen: 26080203K->622816K(26355712K)] 26784463K->1327661K(29501440K), 0.0963682 secs] [Times: user=4.86 sys=0.01, real=0.10 secs] 
2816.173: [GC (Allocation Failure) [PSYoungGen: 26071264K->627919K(26355712K)] 26776109K->1333356K(29501440K), 0.0924266 secs] [Times: user=4.65 sys=0.00, real=0.09 secs] 
2824.728: [GC (Allocation Failure) [PSYoungGen: 26076367K->617867K(26355712K)] 26781804K->1323871K(29501440K), 0.0921009 secs] [Times: user=4.62 sys=0.00, real=0.09 secs] 
2833.338: [GC (Allocation Failure) [PSYoungGen: 26066315K->617558K(26355712K)] 26772319K->1324099K(29501440K), 0.0929364 secs] [Times: user=4.74 sys=0.01, real=0.10 secs] 
2841.854: [GC (Allocation Failure) [PSYoungGen: 26066006K->624363K(26355712K)] 26772547K->1331423K(29501440K), 0.0957439 secs] [Times: user=4.80 sys=0.00, real=0.09 secs] 
2850.304: [GC (Allocation Failure) [PSYoungGen: 26072811K->615345K(26355712K)] 26779871K->1322957K(29501440K), 0.0975435 secs] [Times: user=4.91 sys=0.01, real=0.10 secs] 
2858.649: [GC (Allocation Failure) [PSYoungGen: 26063793K->617691K(26355712K)] 26771405K->1325944K(29501440K), 0.0911635 secs] [Times: user=4.74 sys=0.00, real=0.10 secs] 
2866.970: [GC (Allocation Failure) [PSYoungGen: 26066139K->625883K(26355712K)] 26774392K->1334696K(29501440K), 0.0946421 secs] [Times: user=4.79 sys=0.00, real=0.10 secs] 
2875.387: [GC (Allocation Failure) [PSYoungGen: 26074331K->612091K(26355712K)] 26783144K->1321464K(29501440K), 0.1043948 secs] [Times: user=5.00 sys=0.01, real=0.11 secs] 
2883.680: [GC (Allocation Failure) [PSYoungGen: 26060539K->634832K(26355712K)] 26769912K->1344765K(29501440K), 0.0998088 secs] [Times: user=4.93 sys=0.00, real=0.10 secs] 
2892.087: [GC (Allocation Failure) [PSYoungGen: 26083280K->631947K(26355712K)] 26793213K->1342464K(29501440K), 0.0990212 secs] [Times: user=4.79 sys=0.00, real=0.10 secs] 
2900.567: [GC (Allocation Failure) [PSYoungGen: 26080395K->622997K(26355712K)] 26790912K->1334138K(29501440K), 0.0991577 secs] [Times: user=4.72 sys=0.00, real=0.10 secs] 
2908.722: [GC (Allocation Failure) [PSYoungGen: 26071445K->619118K(26355712K)] 26782586K->1330803K(29501440K), 0.0894193 secs] [Times: user=4.75 sys=0.01, real=0.09 secs] 
2916.902: [GC (Allocation Failure) [PSYoungGen: 26067566K->629968K(26355712K)] 26779251K->1342205K(29501440K), 0.1000251 secs] [Times: user=5.01 sys=0.00, real=0.10 secs] 
2924.950: [GC (Allocation Failure) [PSYoungGen: 26078416K->620347K(26355712K)] 26790653K->1333120K(29501440K), 0.0951018 secs] [Times: user=4.75 sys=0.00, real=0.10 secs] 
2933.120: [GC (Allocation Failure) [PSYoungGen: 26068795K->638736K(26355712K)] 26781568K->1352077K(29501440K), 0.0976227 secs] [Times: user=4.89 sys=0.01, real=0.09 secs] 
2941.300: [GC (Allocation Failure) [PSYoungGen: 26087184K->633589K(26355712K)] 26800525K->1347490K(29501440K), 0.0971930 secs] [Times: user=4.86 sys=0.00, real=0.10 secs] 
2949.429: [GC (Allocation Failure) [PSYoungGen: 26082037K->610239K(26355712K)] 26795938K->1324716K(29501440K), 0.0928498 secs] [Times: user=4.69 sys=0.00, real=0.10 secs] 
2957.555: [GC (Allocation Failure) [PSYoungGen: 26058687K->616987K(26355712K)] 26773164K->1332040K(29501440K), 0.0940027 secs] [Times: user=4.72 sys=0.00, real=0.09 secs] 
2965.520: [GC (Allocation Failure) [PSYoungGen: 26065435K->618848K(26355712K)] 26780488K->1334413K(29501440K), 0.1008878 secs] [Times: user=4.83 sys=0.01, real=0.11 secs] 
2973.561: [GC (Allocation Failure) [PSYoungGen: 26067296K->623680K(26355712K)] 26782861K->1339781K(29501440K), 0.0945897 secs] [Times: user=4.72 sys=0.01, real=0.09 secs] 
2981.494: [GC (Allocation Failure) [PSYoungGen: 26072128K->613883K(26355712K)] 26788229K->1330536K(29501440K), 0.0903222 secs] [Times: user=4.67 sys=0.01, real=0.09 secs] 
2989.291: [GC (Allocation Failure) [PSYoungGen: 26062331K->610379K(26355712K)] 26778984K->1327544K(29501440K), 0.0924384 secs] [Times: user=4.54 sys=0.01, real=0.09 secs] 
2997.092: [GC (Allocation Failure) [PSYoungGen: 26058827K->648325K(26355712K)] 26775992K->1366090K(29501440K), 0.1033681 secs] [Times: user=4.80 sys=0.00, real=0.10 secs] 
3004.906: [GC (Allocation Failure) [PSYoungGen: 26096773K->633856K(26355712K)] 26814538K->1352149K(29501440K), 0.0941512 secs] [Times: user=4.89 sys=0.01, real=0.09 secs] 
3012.801: [GC (Allocation Failure) [PSYoungGen: 26082304K->653978K(26355712K)] 26800597K->1372791K(29501440K), 0.0947595 secs] [Times: user=4.94 sys=0.00, real=0.09 secs] 
3020.612: [GC (Allocation Failure) [PSYoungGen: 26102426K->629392K(26355712K)] 26821239K->1348733K(29501440K), 0.0964813 secs] [Times: user=5.06 sys=0.01, real=0.09 secs] 
3028.618: [GC (Allocation Failure) [PSYoungGen: 26077840K->620763K(26355712K)] 26797181K->1340632K(29501440K), 0.0962531 secs] [Times: user=4.73 sys=0.01, real=0.10 secs] 
3036.539: [GC (Allocation Failure) [PSYoungGen: 26069211K->630368K(26355712K)] 26789080K->1350949K(29501440K), 0.0952582 secs] [Times: user=4.73 sys=0.00, real=0.10 secs] 
3044.324: [GC (Allocation Failure) [PSYoungGen: 26078816K->612832K(26355712K)] 26799397K->1333933K(29501440K), 0.0953609 secs] [Times: user=4.69 sys=0.00, real=0.09 secs] 
3051.874: [GC (Allocation Failure) [PSYoungGen: 26061280K->633184K(26355712K)] 26782381K->1354893K(29501440K), 0.0969063 secs] [Times: user=4.82 sys=0.00, real=0.10 secs] 
3059.503: [GC (Allocation Failure) [PSYoungGen: 26081632K->615819K(26355712K)] 26803341K->1338072K(29501440K), 0.1002251 secs] [Times: user=4.86 sys=0.01, real=0.10 secs] 
3067.261: [GC (Allocation Failure) [PSYoungGen: 26064267K->621791K(26355712K)] 26786520K->1344557K(29501440K), 0.0977382 secs] [Times: user=4.86 sys=0.01, real=0.09 secs] 
3074.723: [GC (Allocation Failure) [PSYoungGen: 26070239K->626747K(26355712K)] 26793005K->1350056K(29501440K), 0.0927703 secs] [Times: user=4.76 sys=0.01, real=0.09 secs] 
3082.486: [GC (Allocation Failure) [PSYoungGen: 26075195K->618123K(26355712K)] 26798504K->1341944K(29501440K), 0.0968522 secs] [Times: user=4.71 sys=0.01, real=0.10 secs] 
3090.021: [GC (Allocation Failure) [PSYoungGen: 26066571K->628315K(26355712K)] 26790392K->1352688K(29501440K), 0.0949931 secs] [Times: user=4.63 sys=0.01, real=0.09 secs] 
3097.732: [GC (Allocation Failure) [PSYoungGen: 26076763K->632384K(26355712K)] 26801136K->1357286K(29501440K), 0.0983512 secs] [Times: user=4.70 sys=0.00, real=0.10 secs] 
3105.450: [GC (Allocation Failure) [PSYoungGen: 26080832K->647434K(26355712K)] 26805734K->1373007K(29501440K), 0.0973794 secs] [Times: user=4.82 sys=0.00, real=0.10 secs] 
3112.924: [GC (Allocation Failure) [PSYoungGen: 26095882K->640735K(26355712K)] 26821455K->1366829K(29501440K), 0.0938798 secs] [Times: user=4.76 sys=0.00, real=0.09 secs] 
3120.347: [GC (Allocation Failure) [PSYoungGen: 26089183K->624591K(26355712K)] 26815277K->1351237K(29501440K), 0.0953407 secs] [Times: user=4.70 sys=0.01, real=0.10 secs] 
3127.782: [GC (Allocation Failure) [PSYoungGen: 26073039K->625675K(26355712K)] 26799685K->1352848K(29501440K), 0.0984913 secs] [Times: user=4.92 sys=0.03, real=0.10 secs] 
3135.299: [GC (Allocation Failure) [PSYoungGen: 26074123K->615071K(26355712K)] 26801296K->1342764K(29501440K), 0.0972518 secs] [Times: user=4.77 sys=0.01, real=0.10 secs] 
3142.762: [GC (Allocation Failure) [PSYoungGen: 26063519K->619755K(26355712K)] 26791212K->1347960K(29501440K), 0.0929803 secs] [Times: user=4.79 sys=0.01, real=0.09 secs] 
3150.197: [GC (Allocation Failure) [PSYoungGen: 26068203K->660740K(26355712K)] 26796408K->1389473K(29501440K), 0.1002396 secs] [Times: user=4.95 sys=0.00, real=0.10 secs] 
3157.511: [GC (Allocation Failure) [PSYoungGen: 26109188K->624405K(26355712K)] 26837921K->1353659K(29501440K), 0.0932808 secs] [Times: user=4.80 sys=0.00, real=0.09 secs] 
3164.926: [GC (Allocation Failure) [PSYoungGen: 26072853K->662234K(26355712K)] 26802107K->1391983K(29501440K), 0.1086582 secs] [Times: user=4.94 sys=0.01, real=0.11 secs] 
3172.362: [GC (Allocation Failure) [PSYoungGen: 26110682K->618331K(26355712K)] 26840431K->1348624K(29501440K), 0.0929668 secs] [Times: user=4.77 sys=0.00, real=0.09 secs] 
3179.827: [GC (Allocation Failure) [PSYoungGen: 26066779K->648265K(26355712K)] 26797072K->1379086K(29501440K), 0.0993755 secs] [Times: user=5.01 sys=0.02, real=0.10 secs] 
3186.968: [GC (Allocation Failure) [PSYoungGen: 26096713K->641419K(26355712K)] 26827534K->1372784K(29501440K), 0.1022791 secs] [Times: user=4.63 sys=0.00, real=0.11 secs] 
3194.306: [GC (Allocation Failure) [PSYoungGen: 26089867K->668890K(26355712K)] 26821232K->1400783K(29501440K), 0.1015597 secs] [Times: user=4.83 sys=0.01, real=0.10 secs] 
3201.400: [GC (Allocation Failure) [PSYoungGen: 26117338K->629429K(26355712K)] 26849231K->1361850K(29501440K), 0.0953890 secs] [Times: user=4.73 sys=0.01, real=0.10 secs] 
3208.647: [GC (Allocation Failure) [PSYoungGen: 26077877K->618123K(26355712K)] 26810298K->1351056K(29501440K), 0.0975511 secs] [Times: user=4.71 sys=0.00, real=0.10 secs] 
3215.737: [GC (Allocation Failure) [PSYoungGen: 26066571K->623755K(26355712K)] 26799504K->1357224K(29501440K), 0.0948939 secs] [Times: user=4.76 sys=0.00, real=0.10 secs] 
3222.924: [GC (Allocation Failure) [PSYoungGen: 26072203K->631339K(26355712K)] 26805672K->1365336K(29501440K), 0.0988696 secs] [Times: user=5.08 sys=0.01, real=0.10 secs] 
3230.160: [GC (Allocation Failure) [PSYoungGen: 26079787K->607520K(26355712K)] 26813784K->1342045K(29501440K), 0.0964853 secs] [Times: user=4.76 sys=0.00, real=0.10 secs] 
3237.270: [GC (Allocation Failure) [PSYoungGen: 26055968K->631427K(26355712K)] 26790493K->1366457K(29501440K), 0.0971506 secs] [Times: user=4.63 sys=0.01, real=0.10 secs] 
3244.382: [GC (Allocation Failure) [PSYoungGen: 26079875K->635632K(26355712K)] 26814905K->1371174K(29501440K), 0.1014067 secs] [Times: user=4.84 sys=0.01, real=0.10 secs] 
3251.405: [GC (Allocation Failure) [PSYoungGen: 26084080K->642992K(26355712K)] 26819622K->1379061K(29501440K), 0.0980982 secs] [Times: user=4.78 sys=0.01, real=0.10 secs] 
3258.349: [GC (Allocation Failure) [PSYoungGen: 26091440K->621565K(26355712K)] 26827509K->1358170K(29501440K), 0.0956359 secs] [Times: user=4.63 sys=0.01, real=0.10 secs] 
3265.356: [GC (Allocation Failure) [PSYoungGen: 26070013K->625414K(26355712K)] 26806618K->1362587K(29501440K), 0.0978037 secs] [Times: user=4.88 sys=0.00, real=0.10 secs] 
3272.239: [GC (Allocation Failure) [PSYoungGen: 26073862K->622299K(26355712K)] 26811035K->1359992K(29501440K), 0.0951505 secs] [Times: user=4.62 sys=0.01, real=0.10 secs] 
3279.363: [GC (Allocation Failure) [PSYoungGen: 26070747K->641236K(26355712K)] 26808440K->1379466K(29501440K), 0.0972358 secs] [Times: user=4.86 sys=0.00, real=0.10 secs] 
3286.376: [GC (Allocation Failure) [PSYoungGen: 26089684K->629051K(26355712K)] 26827914K->1367808K(29501440K), 0.0958180 secs] [Times: user=4.63 sys=0.00, real=0.10 secs] 
3293.368: [GC (Allocation Failure) [PSYoungGen: 26077499K->675677K(26355712K)] 26816256K->1414963K(29501440K), 0.1040327 secs] [Times: user=5.09 sys=0.01, real=0.11 secs] 
3300.369: [GC (Allocation Failure) [PSYoungGen: 26124125K->635144K(26355712K)] 26863411K->1374997K(29501440K), 0.0970914 secs] [Times: user=4.75 sys=0.01, real=0.10 secs] 
3307.386: [GC (Allocation Failure) [PSYoungGen: 26083592K->610827K(26355712K)] 26823445K->1351192K(29501440K), 0.0950779 secs] [Times: user=4.70 sys=0.00, real=0.10 secs] 
3314.273: [GC (Allocation Failure) [PSYoungGen: 26059275K->633675K(26355712K)] 26799640K->1374560K(29501440K), 0.0946531 secs] [Times: user=4.77 sys=0.01, real=0.09 secs] 
3321.157: [GC (Allocation Failure) [PSYoungGen: 26082123K->652981K(26355712K)] 26823008K->1394386K(29501440K), 0.0991359 secs] [Times: user=4.91 sys=0.01, real=0.10 secs] 
3327.917: [GC (Allocation Failure) [PSYoungGen: 26101429K->642788K(26355712K)] 26842834K->1384706K(29501440K), 0.0929005 secs] [Times: user=4.87 sys=0.01, real=0.09 secs] 
3334.767: [GC (Allocation Failure) [PSYoungGen: 26091236K->643040K(26355712K)] 26833154K->1385798K(29501440K), 0.0935473 secs] [Times: user=4.70 sys=0.00, real=0.10 secs] 
3341.519: [GC (Allocation Failure) [PSYoungGen: 26091488K->618507K(26355712K)] 26834246K->1361784K(29501440K), 0.0922421 secs] [Times: user=4.83 sys=0.00, real=0.10 secs] 
3348.331: [GC (Allocation Failure) [PSYoungGen: 26066955K->638809K(26355712K)] 26810232K->1382607K(29501440K), 0.0933891 secs] [Times: user=4.98 sys=0.00, real=0.09 secs] 
3355.098: [GC (Allocation Failure) [PSYoungGen: 26087257K->703731K(26355712K)] 26831055K->1448064K(29501440K), 0.1010696 secs] [Times: user=5.23 sys=0.00, real=0.10 secs] 
3361.866: [GC (Allocation Failure) [PSYoungGen: 26152179K->659478K(26355712K)] 26896512K->1404331K(29501440K), 0.1038221 secs] [Times: user=5.11 sys=0.01, real=0.10 secs] 
3368.732: [GC (Allocation Failure) [PSYoungGen: 26107926K->635611K(26355712K)] 26852779K->1381024K(29501440K), 0.0947333 secs] [Times: user=4.91 sys=0.01, real=0.09 secs] 
3375.568: [GC (Allocation Failure) [PSYoungGen: 26084059K->630724K(26355712K)] 26829472K->1376658K(29501440K), 0.0980114 secs] [Times: user=4.78 sys=0.01, real=0.10 secs] 
3382.758: [GC (Allocation Failure) [PSYoungGen: 26079172K->636011K(26355712K)] 26825106K->1382464K(29501440K), 0.0959600 secs] [Times: user=4.71 sys=0.00, real=0.10 secs] 
3389.284: [GC (Allocation Failure) [PSYoungGen: 26084459K->632085K(26355712K)] 26830912K->1379050K(29501440K), 0.0932357 secs] [Times: user=4.81 sys=0.01, real=0.09 secs] 
3395.881: [GC (Allocation Failure) [PSYoungGen: 26080533K->634539K(26355712K)] 26827498K->1382024K(29501440K), 0.0979665 secs] [Times: user=5.03 sys=0.01, real=0.09 secs] 
3402.573: [GC (Allocation Failure) [PSYoungGen: 26082987K->632735K(26355712K)] 26830472K->1380741K(29501440K), 0.0940225 secs] [Times: user=4.84 sys=0.00, real=0.09 secs] 
3409.274: [GC (Allocation Failure) [PSYoungGen: 26081183K->662030K(26355712K)] 26829189K->1410580K(29501440K), 0.0999625 secs] [Times: user=4.90 sys=0.00, real=0.10 secs] 
3416.028: [GC (Allocation Failure) [PSYoungGen: 26110478K->670065K(26355712K)] 26859028K->1419135K(29501440K), 0.0991762 secs] [Times: user=5.12 sys=0.01, real=0.10 secs] 
3422.637: [GC (Allocation Failure) [PSYoungGen: 26118513K->637951K(26355712K)] 26867583K->1387525K(29501440K), 0.0920058 secs] [Times: user=4.77 sys=0.01, real=0.09 secs] 
3429.214: [GC (Allocation Failure) [PSYoungGen: 26086399K->623509K(26355712K)] 26835973K->1373595K(29501440K), 0.0964151 secs] [Times: user=4.90 sys=0.00, real=0.10 secs] 
3435.701: [GC (Allocation Failure) [PSYoungGen: 26071957K->657883K(26355712K)] 26822043K->1408480K(29501440K), 0.1093042 secs] [Times: user=4.86 sys=0.00, real=0.11 secs] 
3442.362: [GC (Allocation Failure) [PSYoungGen: 26106331K->655705K(26355712K)] 26856928K->1406990K(29501440K), 0.1021631 secs] [Times: user=5.12 sys=0.01, real=0.10 secs] 
3449.090: [GC (Allocation Failure) [PSYoungGen: 26104153K->644971K(26355712K)] 26855438K->1396776K(29501440K), 0.1060045 secs] [Times: user=5.27 sys=0.00, real=0.10 secs] 
3455.851: [GC (Allocation Failure) [PSYoungGen: 26093419K->670075K(26355712K)] 26845224K->1422385K(29501440K), 0.0992920 secs] [Times: user=4.92 sys=0.00, real=0.09 secs] 
3462.336: [GC (Allocation Failure) [PSYoungGen: 26118523K->649264K(26355712K)] 26870833K->1402085K(29501440K), 0.0926720 secs] [Times: user=4.92 sys=0.00, real=0.09 secs] 
3468.874: [GC (Allocation Failure) [PSYoungGen: 26097712K->649031K(26355712K)] 26850533K->1402388K(29501440K), 0.0981428 secs] [Times: user=5.00 sys=0.01, real=0.10 secs] 
3475.469: [GC (Allocation Failure) [PSYoungGen: 26097479K->640145K(26355712K)] 26850836K->1394015K(29501440K), 0.0967679 secs] [Times: user=4.78 sys=0.00, real=0.10 secs] 
3481.986: [GC (Allocation Failure) [PSYoungGen: 26088593K->645867K(26355712K)] 26842463K->1400256K(29501440K), 0.0939051 secs] [Times: user=4.77 sys=0.00, real=0.09 secs] 
3488.555: [GC (Allocation Failure) [PSYoungGen: 26094315K->627211K(26355712K)] 26848704K->1382128K(29501440K), 0.0899842 secs] [Times: user=4.73 sys=0.01, real=0.09 secs] 
3495.089: [GC (Allocation Failure) [PSYoungGen: 26075659K->657568K(26355712K)] 26830576K->1412997K(29501440K), 0.0943147 secs] [Times: user=4.84 sys=0.00, real=0.10 secs] 
3501.570: [GC (Allocation Failure) [PSYoungGen: 26106016K->669651K(26355712K)] 26861445K->1425592K(29501440K), 0.1015818 secs] [Times: user=4.82 sys=0.01, real=0.10 secs] 
3508.038: [GC (Allocation Failure) [PSYoungGen: 26118099K->659620K(26355712K)] 26874040K->1416090K(29501440K), 0.0950042 secs] [Times: user=4.92 sys=0.01, real=0.10 secs] 
3514.680: [GC (Allocation Failure) [PSYoungGen: 26108068K->658105K(26355712K)] 26864538K->1415118K(29501440K), 0.0993753 secs] [Times: user=5.01 sys=0.01, real=0.09 secs] 
3521.056: [GC (Allocation Failure) [PSYoungGen: 26106553K->680714K(26355712K)] 26863566K->1438256K(29501440K), 0.0991250 secs] [Times: user=5.09 sys=0.01, real=0.10 secs] 
3527.397: [GC (Allocation Failure) [PSYoungGen: 26129162K->634944K(26355712K)] 26886704K->1393021K(29501440K), 0.0954300 secs] [Times: user=4.94 sys=0.00, real=0.10 secs] 
3533.758: [GC (Allocation Failure) [PSYoungGen: 26083392K->664624K(26355712K)] 26841469K->1423214K(29501440K), 0.0986609 secs] [Times: user=4.76 sys=0.01, real=0.10 secs] 
3540.012: [GC (Allocation Failure) [PSYoungGen: 26113072K->678636K(26355712K)] 26871662K->1437761K(29501440K), 0.0988411 secs] [Times: user=5.02 sys=0.01, real=0.10 secs] 
3546.398: [GC (Allocation Failure) [PSYoungGen: 26127084K->616331K(26355712K)] 26886209K->1375960K(29501440K), 0.0945237 secs] [Times: user=4.91 sys=0.01, real=0.10 secs] 
3552.755: [GC (Allocation Failure) [PSYoungGen: 26064779K->675959K(26355712K)] 26824408K->1436108K(29501440K), 0.0984342 secs] [Times: user=5.07 sys=0.01, real=0.10 secs] 
3559.145: [GC (Allocation Failure) [PSYoungGen: 26124407K->694629K(26355712K)] 26884556K->1455282K(29501440K), 0.1076420 secs] [Times: user=4.98 sys=0.00, real=0.11 secs] 
3565.317: [GC (Allocation Failure) [PSYoungGen: 26143077K->625003K(26355712K)] 26903730K->1386184K(29501440K), 0.0945742 secs] [Times: user=4.61 sys=0.00, real=0.10 secs] 
3571.862: [GC (Allocation Failure) [PSYoungGen: 26073451K->693918K(26355712K)] 26834632K->1455643K(29501440K), 0.1014174 secs] [Times: user=5.14 sys=0.01, real=0.10 secs] 
3578.001: [GC (Allocation Failure) [PSYoungGen: 26142366K->666123K(26355712K)] 26904091K->1428369K(29501440K), 0.0945961 secs] [Times: user=4.87 sys=0.00, real=0.09 secs] 
3584.377: [GC (Allocation Failure) [PSYoungGen: 26114571K->635168K(26355712K)] 26876817K->1397949K(29501440K), 0.1000020 secs] [Times: user=4.92 sys=0.00, real=0.10 secs] 
3590.648: [GC (Allocation Failure) [PSYoungGen: 26083616K->640112K(26355712K)] 26846397K->1403430K(29501440K), 0.0946779 secs] [Times: user=4.97 sys=0.01, real=0.10 secs] 
3597.101: [GC (Allocation Failure) [PSYoungGen: 26088560K->680395K(26355712K)] 26851878K->1444241K(29501440K), 0.1041003 secs] [Times: user=5.09 sys=0.01, real=0.10 secs] 
3603.342: [GC (Allocation Failure) [PSYoungGen: 26128843K->674307K(26355712K)] 26892689K->1438672K(29501440K), 0.0982039 secs] [Times: user=5.14 sys=0.00, real=0.10 secs] 
3609.673: [GC (Allocation Failure) [PSYoungGen: 26122755K->663637K(26355712K)] 26887120K->1428531K(29501440K), 0.0959974 secs] [Times: user=4.89 sys=0.01, real=0.09 secs] 
3615.803: [GC (Allocation Failure) [PSYoungGen: 26112085K->654060K(26355712K)] 26876979K->1419466K(29501440K), 0.0960409 secs] [Times: user=4.82 sys=0.01, real=0.09 secs] 
3622.059: [GC (Allocation Failure) [PSYoungGen: 26102508K->664111K(26355712K)] 26867914K->1430061K(29501440K), 0.0978036 secs] [Times: user=5.08 sys=0.01, real=0.10 secs] 
3628.178: [GC (Allocation Failure) [PSYoungGen: 26112559K->644074K(26355712K)] 26878509K->1410536K(29501440K), 0.0959840 secs] [Times: user=4.75 sys=0.00, real=0.10 secs] 
3634.377: [GC (Allocation Failure) [PSYoungGen: 26092522K->652533K(26355712K)] 26858984K->1419531K(29501440K), 0.0962638 secs] [Times: user=4.85 sys=0.00, real=0.10 secs] 
3640.597: [GC (Allocation Failure) [PSYoungGen: 26100981K->631051K(26355712K)] 26867979K->1398600K(29501440K), 0.0913520 secs] [Times: user=4.73 sys=0.01, real=0.09 secs] 
3646.765: [GC (Allocation Failure) [PSYoungGen: 26079499K->681091K(26355712K)] 26847048K->1449161K(29501440K), 0.1018404 secs] [Times: user=5.21 sys=0.01, real=0.10 secs] 
3652.898: [GC (Allocation Failure) [PSYoungGen: 26129539K->676388K(26355712K)] 26897609K->1445010K(29501440K), 0.1036650 secs] [Times: user=4.98 sys=0.01, real=0.11 secs] 
3659.076: [GC (Allocation Failure) [PSYoungGen: 26124836K->678718K(26355712K)] 26893458K->1447875K(29501440K), 0.0994417 secs] [Times: user=5.07 sys=0.01, real=0.10 secs] 
3665.445: [GC (Allocation Failure) [PSYoungGen: 26127166K->655493K(26355712K)] 26896323K->1425163K(29501440K), 0.1014687 secs] [Times: user=4.94 sys=0.01, real=0.10 secs] 
3671.565: [GC (Allocation Failure) [PSYoungGen: 26103941K->639341K(26355712K)] 26873611K->1409531K(29501440K), 0.0987307 secs] [Times: user=4.71 sys=0.00, real=0.10 secs] 
3677.711: [GC (Allocation Failure) [PSYoungGen: 26087789K->671842K(26355712K)] 26857979K->1442559K(29501440K), 0.0999757 secs] [Times: user=5.13 sys=0.00, real=0.10 secs] 
3683.805: [GC (Allocation Failure) [PSYoungGen: 26120290K->679362K(26355712K)] 26891007K->1450608K(29501440K), 0.0974433 secs] [Times: user=5.02 sys=0.00, real=0.10 secs] 
3689.859: [GC (Allocation Failure) [PSYoungGen: 26127810K->642626K(26355712K)] 26899056K->1414375K(29501440K), 0.0989583 secs] [Times: user=4.98 sys=0.00, real=0.10 secs] 
3695.778: [GC (Allocation Failure) [PSYoungGen: 26091074K->666601K(26355712K)] 26862823K->1438887K(29501440K), 0.0985812 secs] [Times: user=4.99 sys=0.01, real=0.10 secs] 
3701.812: [GC (Allocation Failure) [PSYoungGen: 26115049K->669779K(26355712K)] 26887335K->1442696K(29501440K), 0.1003372 secs] [Times: user=4.86 sys=0.00, real=0.10 secs] 
3707.721: [GC (Allocation Failure) [PSYoungGen: 26118227K->682799K(26355712K)] 26891144K->1456244K(29501440K), 0.1038953 secs] [Times: user=5.25 sys=0.02, real=0.10 secs] 
3714.038: [GC (Allocation Failure) [PSYoungGen: 26131247K->649120K(26355712K)] 26904692K->1423062K(29501440K), 0.1012391 secs] [Times: user=4.66 sys=0.01, real=0.10 secs] 
3719.931: [GC (Allocation Failure) [PSYoungGen: 26097568K->656073K(26355712K)] 26871510K->1430550K(29501440K), 0.0990287 secs] [Times: user=5.05 sys=0.01, real=0.09 secs] 
3725.946: [GC (Allocation Failure) [PSYoungGen: 26104521K->652187K(26355712K)] 26878998K->1427169K(29501440K), 0.0980933 secs] [Times: user=4.99 sys=0.01, real=0.10 secs] 
3731.974: [GC (Allocation Failure) [PSYoungGen: 26100635K->672517K(26355712K)] 26875617K->1448019K(29501440K), 0.0976056 secs] [Times: user=4.89 sys=0.01, real=0.10 secs] 
3737.946: [GC (Allocation Failure) [PSYoungGen: 26120965K->680443K(26355712K)] 26896467K->1456464K(29501440K), 0.1013356 secs] [Times: user=5.19 sys=0.01, real=0.10 secs] 
3743.937: [GC (Allocation Failure) [PSYoungGen: 26128891K->666912K(26355712K)] 26904912K->1443446K(29501440K), 0.0988879 secs] [Times: user=5.04 sys=0.00, real=0.10 secs] 
3749.991: [GC (Allocation Failure) [PSYoungGen: 26115327K->668496K(26355712K)] 26891860K->1445534K(29501440K), 0.1006354 secs] [Times: user=5.04 sys=0.00, real=0.10 secs] 
3756.013: [GC (Allocation Failure) [PSYoungGen: 26116944K->662197K(26355712K)] 26893982K->1439747K(29501440K), 0.1009148 secs] [Times: user=5.14 sys=0.01, real=0.10 secs] 
3761.998: [GC (Allocation Failure) [PSYoungGen: 26110645K->650357K(26355712K)] 26888195K->1428411K(29501440K), 0.1025279 secs] [Times: user=4.89 sys=0.01, real=0.11 secs] 
3768.025: [GC (Allocation Failure) [PSYoungGen: 26098805K->675211K(26355712K)] 26876859K->1453801K(29501440K), 0.1000027 secs] [Times: user=4.88 sys=0.00, real=0.10 secs] 
3773.661: [GC (Allocation Failure) [PSYoungGen: 26123659K->657401K(26355712K)] 26902249K->1436503K(29501440K), 0.1013614 secs] [Times: user=5.04 sys=0.01, real=0.10 secs] 
3779.451: [GC (Allocation Failure) [PSYoungGen: 26105849K->650683K(26355712K)] 26884951K->1430321K(29501440K), 0.0945594 secs] [Times: user=4.96 sys=0.00, real=0.09 secs] 
3785.380: [GC (Allocation Failure) [PSYoungGen: 26099131K->640159K(26355712K)] 26878769K->1420317K(29501440K), 0.0956999 secs] [Times: user=4.89 sys=0.01, real=0.09 secs] 
3791.390: [GC (Allocation Failure) [PSYoungGen: 26088607K->650917K(26355712K)] 26868765K->1431594K(29501440K), 0.0997973 secs] [Times: user=5.09 sys=0.00, real=0.10 secs] 
3797.176: [GC (Allocation Failure) [PSYoungGen: 26099365K->665582K(26355712K)] 26880042K->1446771K(29501440K), 0.0980794 secs] [Times: user=5.05 sys=0.01, real=0.10 secs] 
3802.886: [GC (Allocation Failure) [PSYoungGen: 26114030K->656672K(26355712K)] 26895219K->1438406K(29501440K), 0.0985889 secs] [Times: user=5.07 sys=0.00, real=0.10 secs] 
3808.736: [GC (Allocation Failure) [PSYoungGen: 26105120K->681707K(26355712K)] 26886854K->1463952K(29501440K), 0.1007739 secs] [Times: user=5.12 sys=0.00, real=0.10 secs] 
3814.717: [GC (Allocation Failure) [PSYoungGen: 26130155K->666831K(26355712K)] 26912400K->1449580K(29501440K), 0.0999505 secs] [Times: user=5.00 sys=0.00, real=0.10 secs] 
3820.513: [GC (Allocation Failure) [PSYoungGen: 26115279K->647716K(26355712K)] 26898028K->1430985K(29501440K), 0.0988879 secs] [Times: user=4.91 sys=0.00, real=0.10 secs] 
3826.616: [GC (Allocation Failure) [PSYoungGen: 26096164K->699375K(26355712K)] 26879433K->1483140K(29501440K), 0.1042707 secs] [Times: user=5.27 sys=0.01, real=0.10 secs] 
3832.389: [GC (Allocation Failure) [PSYoungGen: 26147823K->662504K(26355712K)] 26931588K->1446797K(29501440K), 0.1009149 secs] [Times: user=4.84 sys=0.01, real=0.10 secs] 
3838.271: [GC (Allocation Failure) [PSYoungGen: 26110952K->659978K(26355712K)] 26895245K->1444863K(29501440K), 0.1014789 secs] [Times: user=5.00 sys=0.00, real=0.10 secs] 
3843.937: [GC (Allocation Failure) [PSYoungGen: 26108426K->645163K(26355712K)] 26893311K->1430560K(29501440K), 0.1017649 secs] [Times: user=4.96 sys=0.01, real=0.10 secs] 
3849.695: [GC (Allocation Failure) [PSYoungGen: 26093611K->663386K(26355712K)] 26879008K->1449303K(29501440K), 0.0974430 secs] [Times: user=4.95 sys=0.01, real=0.10 secs] 
3855.283: [GC (Allocation Failure) [PSYoungGen: 26111834K->639675K(26355712K)] 26897751K->1426105K(29501440K), 0.0991612 secs] [Times: user=4.68 sys=0.01, real=0.10 secs] 
3861.122: [GC (Allocation Failure) [PSYoungGen: 26088123K->691718K(26355712K)] 26874553K->1478668K(29501440K), 0.1072530 secs] [Times: user=5.08 sys=0.01, real=0.10 secs] 
3866.755: [GC (Allocation Failure) [PSYoungGen: 26140166K->659922K(26355712K)] 26927116K->1447383K(29501440K), 0.0968502 secs] [Times: user=5.03 sys=0.01, real=0.10 secs] 
3872.481: [GC (Allocation Failure) [PSYoungGen: 26108370K->658803K(26355712K)] 26895831K->1446777K(29501440K), 0.1026962 secs] [Times: user=5.04 sys=0.00, real=0.10 secs] 
3878.248: [GC (Allocation Failure) [PSYoungGen: 26107251K->628261K(26355712K)] 26895225K->1416771K(29501440K), 0.0956967 secs] [Times: user=4.87 sys=0.01, real=0.10 secs] 
3883.944: [GC (Allocation Failure) [PSYoungGen: 26076709K->668667K(26355712K)] 26865219K->1457705K(29501440K), 0.1009787 secs] [Times: user=4.98 sys=0.02, real=0.10 secs] 
3889.672: [GC (Allocation Failure) [PSYoungGen: 26117115K->652597K(26355712K)] 26906153K->1442130K(29501440K), 0.0990704 secs] [Times: user=4.90 sys=0.01, real=0.10 secs] 
3895.491: [GC (Allocation Failure) [PSYoungGen: 26101045K->651294K(26355712K)] 26890578K->1441355K(29501440K), 0.0978898 secs] [Times: user=4.93 sys=0.00, real=0.09 secs] 
3901.389: [GC (Allocation Failure) [PSYoungGen: 26099742K->666490K(26355712K)] 26889803K->1457079K(29501440K), 0.0982048 secs] [Times: user=4.94 sys=0.00, real=0.10 secs] 
3906.995: [GC (Allocation Failure) [PSYoungGen: 26114938K->674928K(26355712K)] 26905527K->1466037K(29501440K), 0.1032551 secs] [Times: user=5.14 sys=0.01, real=0.10 secs] 
3912.729: [GC (Allocation Failure) [PSYoungGen: 26123376K->644418K(26355712K)] 26914485K->1436031K(29501440K), 0.0967184 secs] [Times: user=4.77 sys=0.00, real=0.10 secs] 
3918.284: [GC (Allocation Failure) [PSYoungGen: 26092866K->658948K(26355712K)] 26884479K->1451073K(29501440K), 0.0980464 secs] [Times: user=4.84 sys=0.00, real=0.10 secs] 
3923.701: [GC (Allocation Failure) [PSYoungGen: 26107396K->676317K(26355712K)] 26899521K->1468971K(29501440K), 0.1013672 secs] [Times: user=5.06 sys=0.00, real=0.10 secs] 
3929.158: [GC (Allocation Failure) [PSYoungGen: 26124765K->687290K(26355712K)] 26917419K->1480463K(29501440K), 0.0992214 secs] [Times: user=5.21 sys=0.00, real=0.10 secs] 
3934.805: [GC (Allocation Failure) [PSYoungGen: 26135738K->665963K(26355712K)] 26928911K->1459665K(29501440K), 0.0973542 secs] [Times: user=4.93 sys=0.00, real=0.10 secs] 
3940.561: [GC (Allocation Failure) [PSYoungGen: 26114411K->661721K(26355712K)] 26908113K->1455942K(29501440K), 0.1008593 secs] [Times: user=4.94 sys=0.00, real=0.10 secs] 
3946.473: [GC (Allocation Failure) [PSYoungGen: 26110169K->650239K(26355712K)] 26904390K->1444957K(29501440K), 0.0991351 secs] [Times: user=4.96 sys=0.01, real=0.10 secs] 
3951.832: [GC (Allocation Failure) [PSYoungGen: 26098687K->673466K(26355712K)] 26893405K->1468696K(29501440K), 0.1007984 secs] [Times: user=5.01 sys=0.01, real=0.10 secs] 
3957.379: [GC (Allocation Failure) [PSYoungGen: 26121914K->662518K(26355712K)] 26917144K->1458268K(29501440K), 0.1023420 secs] [Times: user=5.05 sys=0.00, real=0.11 secs] 
3963.157: [GC (Allocation Failure) [PSYoungGen: 26110966K->713349K(26355712K)] 26906716K->1509635K(29501440K), 0.1028801 secs] [Times: user=5.20 sys=0.00, real=0.10 secs] 
3968.695: [GC (Allocation Failure) [PSYoungGen: 26161797K->666710K(26355712K)] 26958083K->1463508K(29501440K), 0.1024183 secs] [Times: user=5.30 sys=0.01, real=0.10 secs] 
3974.312: [GC (Allocation Failure) [PSYoungGen: 26115158K->660430K(26355712K)] 26911956K->1457756K(29501440K), 0.0954519 secs] [Times: user=5.02 sys=0.00, real=0.09 secs] 
3979.935: [GC (Allocation Failure) [PSYoungGen: 26108878K->677933K(26355712K)] 26906204K->1475786K(29501440K), 0.0986958 secs] [Times: user=5.01 sys=0.01, real=0.10 secs] 
3985.494: [GC (Allocation Failure) [PSYoungGen: 26126381K->653173K(26355712K)] 26924234K->1451538K(29501440K), 0.0984436 secs] [Times: user=5.16 sys=0.00, real=0.10 secs] 
3991.132: [GC (Allocation Failure) [PSYoungGen: 26101621K->702564K(26355712K)] 26899986K->1501457K(29501440K), 0.1031592 secs] [Times: user=5.31 sys=0.00, real=0.10 secs] 
3996.610: [GC (Allocation Failure) [PSYoungGen: 26151012K->711889K(26355712K)] 26949905K->1511310K(29501440K), 0.1042399 secs] [Times: user=5.30 sys=0.01, real=0.11 secs] 
4002.199: [GC (Allocation Failure) [PSYoungGen: 26160337K->644836K(26355712K)] 26959758K->1444793K(29501440K), 0.0971158 secs] [Times: user=5.09 sys=0.01, real=0.10 secs] 
4007.817: [GC (Allocation Failure) [PSYoungGen: 26093284K->720908K(26355712K)] 26893241K->1521378K(29501440K), 0.1013602 secs] [Times: user=5.20 sys=0.00, real=0.10 secs] 
4013.354: [GC (Allocation Failure) [PSYoungGen: 26169356K->666985K(26355712K)] 26969826K->1467967K(29501440K), 0.0974526 secs] [Times: user=5.16 sys=0.00, real=0.10 secs] 
4018.923: [GC (Allocation Failure) [PSYoungGen: 26115433K->665989K(26355712K)] 26916415K->1467499K(29501440K), 0.0959892 secs] [Times: user=5.08 sys=0.01, real=0.09 secs] 
4024.479: [GC (Allocation Failure) [PSYoungGen: 26114437K->681347K(26355712K)] 26915947K->1483384K(29501440K), 0.1003306 secs] [Times: user=5.18 sys=0.01, real=0.10 secs] 
4029.987: [GC (Allocation Failure) [PSYoungGen: 26129795K->650699K(26355712K)] 26931832K->1453256K(29501440K), 0.0992492 secs] [Times: user=4.81 sys=0.01, real=0.10 secs] 
4035.441: [GC (Allocation Failure) [PSYoungGen: 26099147K->670228K(26355712K)] 26901704K->1473273K(29501440K), 0.1003354 secs] [Times: user=4.85 sys=0.01, real=0.10 secs] 
4040.971: [GC (Allocation Failure) [PSYoungGen: 26118676K->676521K(26355712K)] 26921721K->1480095K(29501440K), 0.0984174 secs] [Times: user=5.14 sys=0.00, real=0.09 secs] 
4046.444: [GC (Allocation Failure) [PSYoungGen: 26124969K->697431K(26355712K)] 26928543K->1501509K(29501440K), 0.1034563 secs] [Times: user=5.22 sys=0.00, real=0.10 secs] 
4051.868: [GC (Allocation Failure) [PSYoungGen: 26145879K->673937K(26355712K)] 26949957K->1478527K(29501440K), 0.0995242 secs] [Times: user=5.07 sys=0.00, real=0.10 secs] 
4057.299: [GC (Allocation Failure) [PSYoungGen: 26122385K->685350K(26355712K)] 26926975K->1490459K(29501440K), 0.1068972 secs] [Times: user=5.14 sys=0.01, real=0.11 secs] 
4062.851: [GC (Allocation Failure) [PSYoungGen: 26133798K->675611K(26355712K)] 26938907K->1481232K(29501440K), 0.0973100 secs] [Times: user=4.94 sys=0.01, real=0.09 secs] 
4068.196: [GC (Allocation Failure) [PSYoungGen: 26124059K->654597K(26355712K)] 26929680K->1460730K(29501440K), 0.1046953 secs] [Times: user=4.98 sys=0.01, real=0.11 secs] 
4073.622: [GC (Allocation Failure) [PSYoungGen: 26103045K->660172K(26355712K)] 26909178K->1466809K(29501440K), 0.1061802 secs] [Times: user=5.02 sys=0.00, real=0.10 secs] 
4079.113: [GC (Allocation Failure) [PSYoungGen: 26108620K->671815K(26355712K)] 26915257K->1478981K(29501440K), 0.0996917 secs] [Times: user=5.24 sys=0.00, real=0.10 secs] 
4084.532: [GC (Allocation Failure) [PSYoungGen: 26120263K->670104K(26355712K)] 26927429K->1477773K(29501440K), 0.1046117 secs] [Times: user=4.89 sys=0.01, real=0.10 secs] 
4089.921: [GC (Allocation Failure) [PSYoungGen: 26118552K->706178K(26355712K)] 26926221K->1514344K(29501440K), 0.1049712 secs] [Times: user=5.38 sys=0.00, real=0.10 secs] 
4095.275: [GC (Allocation Failure) [PSYoungGen: 26154626K->652601K(26355712K)] 26962792K->1461279K(29501440K), 0.0978496 secs] [Times: user=4.80 sys=0.00, real=0.10 secs] 
4100.667: [GC (Allocation Failure) [PSYoungGen: 26101049K->683019K(26355712K)] 26909727K->1492193K(29501440K), 0.1020579 secs] [Times: user=4.99 sys=0.01, real=0.10 secs] 
4106.045: [GC (Allocation Failure) [PSYoungGen: 26131467K->726421K(26355712K)] 26940641K->1536115K(29501440K), 0.1050018 secs] [Times: user=5.34 sys=0.00, real=0.10 secs] 
4111.499: [GC (Allocation Failure) [PSYoungGen: 26174869K->677962K(26355712K)] 26984563K->1488175K(29501440K), 0.0987929 secs] [Times: user=5.13 sys=0.01, real=0.10 secs] 
4116.925: [GC (Allocation Failure) [PSYoungGen: 26126410K->702469K(26355712K)] 26936623K->1513219K(29501440K), 0.0988557 secs] [Times: user=5.08 sys=0.01, real=0.10 secs] 
4122.336: [GC (Allocation Failure) [PSYoungGen: 26150917K->694720K(26355712K)] 26961667K->1506085K(29501440K), 0.1048240 secs] [Times: user=5.19 sys=0.01, real=0.11 secs] 
4127.541: [GC (Allocation Failure) [PSYoungGen: 26143168K->665614K(26355712K)] 26954533K->1477507K(29501440K), 0.1012331 secs] [Times: user=4.86 sys=0.01, real=0.10 secs] 
4132.918: [GC (Allocation Failure) [PSYoungGen: 26114062K->661855K(26355712K)] 26925955K->1474253K(29501440K), 0.1002265 secs] [Times: user=4.88 sys=0.01, real=0.10 secs] 
4138.340: [GC (Allocation Failure) [PSYoungGen: 26110303K->752685K(26355712K)] 26922701K->1565595K(29501440K), 0.1087095 secs] [Times: user=5.36 sys=0.01, real=0.10 secs] 
4143.547: [GC (Allocation Failure) [PSYoungGen: 26201133K->649013K(26355712K)] 27014043K->1462426K(29501440K), 0.0964371 secs] [Times: user=4.82 sys=0.01, real=0.10 secs] 
4148.900: [GC (Allocation Failure) [PSYoungGen: 26097461K->681320K(26355712K)] 26910874K->1495269K(29501440K), 0.1005196 secs] [Times: user=4.99 sys=0.00, real=0.11 secs] 
4154.192: [GC (Allocation Failure) [PSYoungGen: 26129768K->680725K(26355712K)] 26943717K->1495170K(29501440K), 0.1009900 secs] [Times: user=5.14 sys=0.00, real=0.10 secs] 
4159.649: [GC (Allocation Failure) [PSYoungGen: 26129173K->652107K(26355712K)] 26943618K->1467049K(29501440K), 0.1024100 secs] [Times: user=4.91 sys=0.00, real=0.11 secs] 
4164.699: [GC (Allocation Failure) [PSYoungGen: 26100555K->666384K(26355712K)] 26915497K->1481853K(29501440K), 0.0979843 secs] [Times: user=4.90 sys=0.00, real=0.10 secs] 
4169.896: [GC (Allocation Failure) [PSYoungGen: 26114832K->704097K(26355712K)] 26930301K->1520063K(29501440K), 0.0999886 secs] [Times: user=5.32 sys=0.00, real=0.10 secs] 
4175.219: [GC (Allocation Failure) [PSYoungGen: 26152545K->693870K(26355712K)] 26968511K->1510371K(29501440K), 0.1002674 secs] [Times: user=5.26 sys=0.01, real=0.10 secs] 
4180.477: [GC (Allocation Failure) [PSYoungGen: 26142318K->678080K(26355712K)] 26958819K->1495070K(29501440K), 0.1014783 secs] [Times: user=5.08 sys=0.01, real=0.10 secs] 
4185.794: [GC (Allocation Failure) [PSYoungGen: 26126528K->698047K(26355712K)] 26943518K->1515556K(29501440K), 0.1014305 secs] [Times: user=5.08 sys=0.01, real=0.10 secs] 
4191.002: [GC (Allocation Failure) [PSYoungGen: 26146495K->690303K(26355712K)] 26964004K->1508340K(29501440K), 0.0983780 secs] [Times: user=5.30 sys=0.01, real=0.10 secs] 
4196.299: [GC (Allocation Failure) [PSYoungGen: 26138751K->711109K(26355712K)] 26956788K->1529659K(29501440K), 0.1019492 secs] [Times: user=5.11 sys=0.01, real=0.11 secs] 
4201.567: [GC (Allocation Failure) [PSYoungGen: 26159557K->695071K(26355712K)] 26978107K->1514157K(29501440K), 0.1039525 secs] [Times: user=5.32 sys=0.00, real=0.11 secs] 
4206.640: [GC (Allocation Failure) [PSYoungGen: 26143519K->686107K(26355712K)] 26962605K->1505713K(29501440K), 0.0970861 secs] [Times: user=5.01 sys=0.01, real=0.09 secs] 
4211.738: [GC (Allocation Failure) [PSYoungGen: 26134555K->719072K(26355712K)] 26954161K->1539206K(29501440K), 0.1004057 secs] [Times: user=5.31 sys=0.00, real=0.10 secs] 
4217.000: [GC (Allocation Failure) [PSYoungGen: 26167520K->714247K(26355712K)] 26987654K->1534892K(29501440K), 0.1033946 secs] [Times: user=5.27 sys=0.00, real=0.11 secs] 
4222.273: [GC (Allocation Failure) [PSYoungGen: 26162695K->664886K(26355712K)] 26983340K->1486051K(29501440K), 0.1003005 secs] [Times: user=4.91 sys=0.00, real=0.10 secs] 
4227.489: [GC (Allocation Failure) [PSYoungGen: 26113334K->674585K(26355712K)] 26934499K->1496262K(29501440K), 0.1033898 secs] [Times: user=5.27 sys=0.01, real=0.11 secs] 
4232.586: [GC (Allocation Failure) [PSYoungGen: 26123033K->707972K(26355712K)] 26944710K->1530186K(29501440K), 0.1031296 secs] [Times: user=5.13 sys=0.00, real=0.10 secs] 
4237.735: [GC (Allocation Failure) [PSYoungGen: 26156420K->664283K(26355712K)] 26978634K->1487009K(29501440K), 0.0990660 secs] [Times: user=4.99 sys=0.01, real=0.10 secs] 
4242.875: [GC (Allocation Failure) [PSYoungGen: 26112731K->685030K(26355712K)] 26935457K->1508251K(29501440K), 0.1015923 secs] [Times: user=5.07 sys=0.00, real=0.10 secs] 
4248.069: [GC (Allocation Failure) [PSYoungGen: 26133478K->680528K(26355712K)] 26956699K->1504269K(29501440K), 0.0981003 secs] [Times: user=5.14 sys=0.01, real=0.10 secs] 
4253.085: [GC (Allocation Failure) [PSYoungGen: 26128976K->667120K(26355712K)] 26952717K->1492166K(29501440K), 0.0997505 secs] [Times: user=5.03 sys=0.01, real=0.10 secs] 
4258.406: [GC (Allocation Failure) [PSYoungGen: 26115568K->687222K(26355712K)] 26940614K->1512755K(29501440K), 0.1063827 secs] [Times: user=5.04 sys=0.01, real=0.11 secs] 
4263.567: [GC (Allocation Failure) [PSYoungGen: 26135670K->663440K(26355712K)] 26961203K->1489477K(29501440K), 0.0981305 secs] [Times: user=5.10 sys=0.00, real=0.10 secs] 
4268.984: [GC (Allocation Failure) [PSYoungGen: 26111888K->720023K(26355712K)] 26937925K->1546725K(29501440K), 0.1035162 secs] [Times: user=5.40 sys=0.01, real=0.10 secs] 
4273.866: [GC (Allocation Failure) [PSYoungGen: 26168471K->668809K(26355712K)] 26995173K->1497327K(29501440K), 0.0998128 secs] [Times: user=5.12 sys=0.01, real=0.10 secs] 
4278.962: [GC (Allocation Failure) [PSYoungGen: 26117257K->668502K(26355712K)] 26945775K->1497516K(29501440K), 0.0969694 secs] [Times: user=4.98 sys=0.00, real=0.09 secs] 
4283.992: [GC (Allocation Failure) [PSYoungGen: 26116950K->699578K(26355712K)] 26945964K->1529104K(29501440K), 0.0994361 secs] [Times: user=5.01 sys=0.01, real=0.10 secs] 
4289.111: [GC (Allocation Failure) [PSYoungGen: 26148026K->696550K(26355712K)] 26977552K->1526588K(29501440K), 0.1019949 secs] [Times: user=5.25 sys=0.00, real=0.10 secs] 
4294.279: [GC (Allocation Failure) [PSYoungGen: 26144998K->673024K(26355712K)] 26975036K->1503582K(29501440K), 0.0974844 secs] [Times: user=5.07 sys=0.02, real=0.10 secs] 
4299.392: [GC (Allocation Failure) [PSYoungGen: 26121472K->697148K(26355712K)] 26952030K->1528249K(29501440K), 0.1035360 secs] [Times: user=5.27 sys=0.00, real=0.10 secs] 
4304.524: [GC (Allocation Failure) [PSYoungGen: 26145596K->705683K(26355712K)] 26976697K->1537297K(29501440K), 0.1020139 secs] [Times: user=5.38 sys=0.01, real=0.10 secs] 
4309.596: [GC (Allocation Failure) [PSYoungGen: 26154131K->656931K(26355712K)] 26985745K->1489081K(29501440K), 0.0983479 secs] [Times: user=5.21 sys=0.00, real=0.10 secs] 
4314.889: [GC (Allocation Failure) [PSYoungGen: 26105379K->701012K(26355712K)] 26937529K->1533674K(29501440K), 0.1023870 secs] [Times: user=5.30 sys=0.01, real=0.11 secs] 
4319.999: [GC (Allocation Failure) [PSYoungGen: 26149460K->685435K(26355712K)] 26982122K->1518609K(29501440K), 0.0993047 secs] [Times: user=4.97 sys=0.00, real=0.10 secs] 
4325.123: [GC (Allocation Failure) [PSYoungGen: 26133883K->684256K(26355712K)] 26967057K->1517926K(29501440K), 0.1022741 secs] [Times: user=5.12 sys=0.01, real=0.10 secs] 
4330.306: [GC (Allocation Failure) [PSYoungGen: 26132704K->724024K(26355712K)] 26966374K->1558213K(29501440K), 0.1024114 secs] [Times: user=5.37 sys=0.00, real=0.10 secs] 
4335.466: [GC (Allocation Failure) [PSYoungGen: 26172472K->689841K(26355712K)] 27006661K->1524574K(29501440K), 0.0977088 secs] [Times: user=5.01 sys=0.00, real=0.10 secs] 
4340.503: [GC (Allocation Failure) [PSYoungGen: 26138289K->667594K(26355712K)] 26973022K->1502847K(29501440K), 0.1002353 secs] [Times: user=5.18 sys=0.00, real=0.10 secs] 
4345.493: [GC (Allocation Failure) [PSYoungGen: 26116042K->682472K(26355712K)] 26951295K->1518229K(29501440K), 0.1016961 secs] [Times: user=5.01 sys=0.00, real=0.10 secs] 
4350.438: [GC (Allocation Failure) [PSYoungGen: 26130920K->673700K(26355712K)] 26966677K->1509970K(29501440K), 0.1015188 secs] [Times: user=5.15 sys=0.00, real=0.10 secs] 
4355.498: [GC (Allocation Failure) [PSYoungGen: 26122148K->690337K(26355712K)] 26958418K->1527103K(29501440K), 0.1009578 secs] [Times: user=4.98 sys=0.01, real=0.10 secs] 
4360.487: [GC (Allocation Failure) [PSYoungGen: 26138785K->656598K(26355712K)] 26975551K->1493875K(29501440K), 0.1039456 secs] [Times: user=5.04 sys=0.01, real=0.11 secs] 
4365.473: [GC (Allocation Failure) [PSYoungGen: 26105046K->707041K(26355712K)] 26942323K->1544831K(29501440K), 0.1022947 secs] [Times: user=5.34 sys=0.01, real=0.10 secs] 
4370.463: [GC (Allocation Failure) [PSYoungGen: 26155489K->675802K(26355712K)] 26993279K->1514103K(29501440K), 0.0976744 secs] [Times: user=5.10 sys=0.01, real=0.10 secs] 
4375.413: [GC (Allocation Failure) [PSYoungGen: 26124250K->672938K(26355712K)] 26962551K->1511767K(29501440K), 0.0983791 secs] [Times: user=5.07 sys=0.01, real=0.10 secs] 
4380.479: [GC (Allocation Failure) [PSYoungGen: 26121386K->668722K(26355712K)] 26960215K->1508272K(29501440K), 0.1123328 secs] [Times: user=5.08 sys=0.01, real=0.12 secs] 
4385.395: [GC (Allocation Failure) [PSYoungGen: 26117170K->652234K(26355712K)] 26956720K->1492368K(29501440K), 0.0976897 secs] [Times: user=4.84 sys=0.02, real=0.10 secs] 
4390.452: [GC (Allocation Failure) [PSYoungGen: 26100682K->687237K(26355712K)] 26940816K->1527883K(29501440K), 0.1028872 secs] [Times: user=5.06 sys=0.00, real=0.10 secs] 
4395.432: [GC (Allocation Failure) [PSYoungGen: 26135685K->684305K(26355712K)] 26976331K->1525447K(29501440K), 0.1066981 secs] [Times: user=5.05 sys=0.00, real=0.10 secs] 
4400.472: [GC (Allocation Failure) [PSYoungGen: 26132753K->651058K(26355712K)] 26973895K->1492711K(29501440K), 0.0943770 secs] [Times: user=4.92 sys=0.00, real=0.09 secs] 
4405.476: [GC (Allocation Failure) [PSYoungGen: 26099506K->683268K(26355712K)] 26941159K->1525450K(29501440K), 0.0992275 secs] [Times: user=4.97 sys=0.00, real=0.10 secs] 
4410.690: [GC (Allocation Failure) [PSYoungGen: 26131716K->672091K(26355712K)] 26973898K->1514793K(29501440K), 0.1006532 secs] [Times: user=4.89 sys=0.00, real=0.10 secs] 
4415.512: [GC (Allocation Failure) [PSYoungGen: 26120539K->699827K(26355712K)] 26963241K->1543009K(29501440K), 0.1031105 secs] [Times: user=5.01 sys=0.01, real=0.10 secs] 
4420.361: [GC (Allocation Failure) [PSYoungGen: 26148275K->650227K(26355712K)] 26991457K->1493920K(29501440K), 0.1046588 secs] [Times: user=4.74 sys=0.01, real=0.10 secs] 
4425.384: [GC (Allocation Failure) [PSYoungGen: 26098675K->660827K(26355712K)] 26942368K->1505033K(29501440K), 0.1018159 secs] [Times: user=5.17 sys=0.00, real=0.10 secs] 
4430.185: [GC (Allocation Failure) [PSYoungGen: 26109275K->632481K(26355712K)] 26953481K->1477198K(29501440K), 0.0968888 secs] [Times: user=5.00 sys=0.01, real=0.10 secs] 
4435.211: [GC (Allocation Failure) [PSYoungGen: 26080929K->668182K(26355712K)] 26925646K->1513428K(29501440K), 0.0982890 secs] [Times: user=5.08 sys=0.01, real=0.09 secs] 
4440.103: [GC (Allocation Failure) [PSYoungGen: 26116630K->723541K(26355712K)] 26961876K->1569307K(29501440K), 0.1021002 secs] [Times: user=5.21 sys=0.01, real=0.10 secs] 
4445.088: [GC (Allocation Failure) [PSYoungGen: 26171989K->748963K(26355712K)] 27017755K->1595217K(29501440K), 0.1081591 secs] [Times: user=5.30 sys=0.00, real=0.11 secs] 
4449.942: [GC (Allocation Failure) [PSYoungGen: 26197411K->722699K(26355712K)] 27043665K->1569464K(29501440K), 0.1033150 secs] [Times: user=5.34 sys=0.01, real=0.10 secs] 
4454.897: [GC (Allocation Failure) [PSYoungGen: 26171147K->712304K(26355712K)] 27017912K->1559590K(29501440K), 0.1021238 secs] [Times: user=5.33 sys=0.01, real=0.10 secs] 
4459.770: [GC (Allocation Failure) [PSYoungGen: 26160752K->668208K(26355712K)] 27008038K->1516005K(29501440K), 0.0996728 secs] [Times: user=5.05 sys=0.01, real=0.10 secs] 
4464.726: [GC (Allocation Failure) [PSYoungGen: 26116656K->704673K(26355712K)] 26964453K->1552990K(29501440K), 0.0984247 secs] [Times: user=5.23 sys=0.00, real=0.10 secs] 
4469.542: [GC (Allocation Failure) [PSYoungGen: 26153121K->649428K(26355712K)] 27001438K->1498274K(29501440K), 0.0951202 secs] [Times: user=4.74 sys=0.02, real=0.09 secs] 
4474.531: [GC (Allocation Failure) [PSYoungGen: 26097876K->683408K(26355712K)] 26946722K->1532766K(29501440K), 0.1036858 secs] [Times: user=5.15 sys=0.01, real=0.10 secs] 
4479.380: [GC (Allocation Failure) [PSYoungGen: 26131856K->649359K(26355712K)] 26981214K->1499237K(29501440K), 0.0960735 secs] [Times: user=5.05 sys=0.00, real=0.09 secs] 
4484.417: [GC (Allocation Failure) [PSYoungGen: 26097807K->680738K(26355712K)] 26947685K->1531120K(29501440K), 0.1046957 secs] [Times: user=5.03 sys=0.02, real=0.11 secs] 
4489.150: [GC (Allocation Failure) [PSYoungGen: 26129186K->718222K(26355712K)] 26979568K->1569116K(29501440K), 0.1036858 secs] [Times: user=5.25 sys=0.01, real=0.11 secs] 
4494.042: [GC (Allocation Failure) [PSYoungGen: 26166670K->669759K(26355712K)] 27017564K->1521165K(29501440K), 0.1049697 secs] [Times: user=5.01 sys=0.01, real=0.10 secs] 
4498.900: [GC (Allocation Failure) [PSYoungGen: 26118207K->689691K(26355712K)] 26969613K->1541609K(29501440K), 0.1025809 secs] [Times: user=5.15 sys=0.00, real=0.11 secs] 
4503.665: [GC (Allocation Failure) [PSYoungGen: 26138139K->700017K(26355712K)] 26990057K->1552462K(29501440K), 0.1026338 secs] [Times: user=5.33 sys=0.01, real=0.10 secs] 
4508.451: [GC (Allocation Failure) [PSYoungGen: 26148465K->676805K(26355712K)] 27000910K->1529763K(29501440K), 0.1012390 secs] [Times: user=4.95 sys=0.00, real=0.10 secs] 
4513.251: [GC (Allocation Failure) [PSYoungGen: 26125253K->689652K(26355712K)] 26978211K->1543114K(29501440K), 0.1012765 secs] [Times: user=5.17 sys=0.00, real=0.10 secs] 
4518.038: [GC (Allocation Failure) [PSYoungGen: 26138100K->704735K(26355712K)] 26991562K->1558708K(29501440K), 0.1023109 secs] [Times: user=5.28 sys=0.00, real=0.11 secs] 
4522.835: [GC (Allocation Failure) [PSYoungGen: 26153183K->694453K(26355712K)] 27007156K->1548954K(29501440K), 0.0986771 secs] [Times: user=5.23 sys=0.00, real=0.10 secs] 
4527.579: [GC (Allocation Failure) [PSYoungGen: 26142901K->690597K(26355712K)] 26997402K->1545611K(29501440K), 0.1022915 secs] [Times: user=5.07 sys=0.01, real=0.11 secs] 
4532.484: [GC (Allocation Failure) [PSYoungGen: 26139045K->742375K(26355712K)] 26994059K->1597869K(29501440K), 0.1083993 secs] [Times: user=5.34 sys=0.01, real=0.11 secs] 
4537.243: [GC (Allocation Failure) [PSYoungGen: 26190823K->681631K(26355712K)] 27046317K->1537653K(29501440K), 0.0977408 secs] [Times: user=5.18 sys=0.01, real=0.10 secs] 
4541.977: [GC (Allocation Failure) [PSYoungGen: 26130079K->707667K(26355712K)] 26986101K->1564193K(29501440K), 0.1027176 secs] [Times: user=5.00 sys=0.00, real=0.10 secs] 
4546.898: [GC (Allocation Failure) [PSYoungGen: 26156115K->672086K(26355712K)] 27012641K->1529115K(29501440K), 0.1031295 secs] [Times: user=4.88 sys=0.01, real=0.11 secs] 
4551.746: [GC (Allocation Failure) [PSYoungGen: 26120534K->696805K(26355712K)] 26977563K->1554355K(29501440K), 0.1036040 secs] [Times: user=5.31 sys=0.01, real=0.10 secs] 
4556.455: [GC (Allocation Failure) [PSYoungGen: 26145253K->674101K(26355712K)] 27002803K->1532146K(29501440K), 0.0968648 secs] [Times: user=5.00 sys=0.01, real=0.10 secs] 
4561.265: [GC (Allocation Failure) [PSYoungGen: 26122549K->674058K(26355712K)] 26980594K->1532592K(29501440K), 0.1009306 secs] [Times: user=4.97 sys=0.00, real=0.10 secs] 
4565.982: [GC (Allocation Failure) [PSYoungGen: 26122506K->740659K(26355712K)] 26981040K->1599712K(29501440K), 0.1091094 secs] [Times: user=5.48 sys=0.01, real=0.11 secs] 
4570.733: [GC (Allocation Failure) [PSYoungGen: 26189107K->682788K(26355712K)] 27048160K->1542354K(29501440K), 0.1028346 secs] [Times: user=5.36 sys=0.00, real=0.10 secs] 
4575.380: [GC (Allocation Failure) [PSYoungGen: 26131236K->694924K(26355712K)] 26990802K->1555009K(29501440K), 0.1033944 secs] [Times: user=5.24 sys=0.00, real=0.11 secs] 
4580.146: [GC (Allocation Failure) [PSYoungGen: 26143372K->720623K(26355712K)] 27003457K->1581237K(29501440K), 0.1023156 secs] [Times: user=5.34 sys=0.00, real=0.10 secs] 
4584.838: [GC (Allocation Failure) [PSYoungGen: 26169071K->708026K(26355712K)] 27029685K->1569144K(29501440K), 0.1021720 secs] [Times: user=5.29 sys=0.01, real=0.10 secs] 
4589.521: [GC (Allocation Failure) [PSYoungGen: 26156474K->702527K(26355712K)] 27017592K->1564140K(29501440K), 0.0993937 secs] [Times: user=5.11 sys=0.00, real=0.10 secs] 
4594.239: [GC (Allocation Failure) [PSYoungGen: 26150975K->656867K(26355712K)] 27012588K->1519000K(29501440K), 0.0985807 secs] [Times: user=4.97 sys=0.01, real=0.10 secs] 
4598.945: [GC (Allocation Failure) [PSYoungGen: 26105315K->705228K(26355712K)] 26967448K->1567873K(29501440K), 0.1009467 secs] [Times: user=5.06 sys=0.01, real=0.10 secs] 
4603.707: [GC (Allocation Failure) [PSYoungGen: 26153676K->676821K(26355712K)] 27016321K->1539979K(29501440K), 0.1049488 secs] [Times: user=5.17 sys=0.00, real=0.11 secs] 
4608.403: [GC (Allocation Failure) [PSYoungGen: 26125269K->700793K(26355712K)] 26988427K->1564462K(29501440K), 0.1054050 secs] [Times: user=5.07 sys=0.01, real=0.10 secs] 
4613.068: [GC (Allocation Failure) [PSYoungGen: 26149241K->679557K(26355712K)] 27012910K->1543714K(29501440K), 0.0991218 secs] [Times: user=5.00 sys=0.00, real=0.10 secs] 
4617.701: [GC (Allocation Failure) [PSYoungGen: 26128005K->678171K(26355712K)] 26992162K->1542849K(29501440K), 0.1024025 secs] [Times: user=5.02 sys=0.02, real=0.10 secs] 
4622.450: [GC (Allocation Failure) [PSYoungGen: 26126619K->662789K(26355712K)] 26991297K->1527987K(29501440K), 0.0982321 secs] [Times: user=5.04 sys=0.00, real=0.10 secs] 
4627.154: [GC (Allocation Failure) [PSYoungGen: 26111237K->710491K(26355712K)] 26976435K->1576209K(29501440K), 0.1028024 secs] [Times: user=5.35 sys=0.00, real=0.10 secs] 
4631.966: [GC (Allocation Failure) [PSYoungGen: 26158939K->686570K(26355712K)] 27024657K->1552799K(29501440K), 0.0993770 secs] [Times: user=5.25 sys=0.00, real=0.10 secs] 
4636.524: [GC (Allocation Failure) [PSYoungGen: 26135018K->669108K(26355712K)] 27001247K->1535850K(29501440K), 0.0998501 secs] [Times: user=5.29 sys=0.00, real=0.10 secs] 
4641.365: [GC (Allocation Failure) [PSYoungGen: 26117556K->731493K(26355712K)] 26984298K->1598747K(29501440K), 0.1081574 secs] [Times: user=5.37 sys=0.00, real=0.11 secs] 
4646.066: [GC (Allocation Failure) [PSYoungGen: 26179941K->690896K(26355712K)] 27047195K->1558662K(29501440K), 0.0990352 secs] [Times: user=4.87 sys=0.00, real=0.10 secs] 
4650.731: [GC (Allocation Failure) [PSYoungGen: 26139344K->700965K(26355712K)] 27007110K->1569243K(29501440K), 0.1060245 secs] [Times: user=5.38 sys=0.00, real=0.10 secs] 
4655.310: [GC (Allocation Failure) [PSYoungGen: 26149413K->711363K(26355712K)] 27017691K->1580152K(29501440K), 0.1010157 secs] [Times: user=5.23 sys=0.00, real=0.11 secs] 
4660.019: [GC (Allocation Failure) [PSYoungGen: 26159811K->694403K(26355712K)] 27028600K->1563712K(29501440K), 0.1003225 secs] [Times: user=5.08 sys=0.01, real=0.10 secs] 
4664.696: [GC (Allocation Failure) [PSYoungGen: 26142851K->692764K(26355712K)] 27012160K->1562594K(29501440K), 0.1043436 secs] [Times: user=5.25 sys=0.01, real=0.10 secs] 
4669.325: [GC (Allocation Failure) [PSYoungGen: 26141212K->708126K(26355712K)] 27011042K->1578460K(29501440K), 0.1022901 secs] [Times: user=5.25 sys=0.01, real=0.10 secs] 
4673.890: [GC (Allocation Failure) [PSYoungGen: 26156574K->729800K(26355712K)] 27026908K->1600662K(29501440K), 0.1057467 secs] [Times: user=5.48 sys=0.00, real=0.10 secs] 
4678.490: [GC (Allocation Failure) [PSYoungGen: 26178248K->669083K(26355712K)] 27049110K->1540449K(29501440K), 0.1029839 secs] [Times: user=4.93 sys=0.00, real=0.11 secs] 
4683.113: [GC (Allocation Failure) [PSYoungGen: 26117531K->699718K(26355712K)] 26988897K->1571596K(29501440K), 0.1012440 secs] [Times: user=5.25 sys=0.01, real=0.10 secs] 
4687.783: [GC (Allocation Failure) [PSYoungGen: 26148166K->708794K(26355712K)] 27020044K->1581175K(29501440K), 0.1020366 secs] [Times: user=5.04 sys=0.00, real=0.10 secs] 
4692.638: [GC (Allocation Failure) [PSYoungGen: 26157242K->717076K(26355712K)] 27029623K->1589937K(29501440K), 0.1027546 secs] [Times: user=5.27 sys=0.00, real=0.11 secs] 
4697.120: [GC (Allocation Failure) [PSYoungGen: 26165524K->724323K(26355712K)] 27038385K->1597673K(29501440K), 0.1085852 secs] [Times: user=5.41 sys=0.01, real=0.11 secs] 
4701.785: [GC (Allocation Failure) [PSYoungGen: 26172771K->694447K(26355712K)] 27046121K->1568333K(29501440K), 0.1009683 secs] [Times: user=5.25 sys=0.00, real=0.10 secs] 
4706.396: [GC (Allocation Failure) [PSYoungGen: 26142895K->675547K(26355712K)] 27016781K->1549953K(29501440K), 0.1006834 secs] [Times: user=5.27 sys=0.02, real=0.10 secs] 
4711.059: [GC (Allocation Failure) [PSYoungGen: 26123995K->665835K(26355712K)] 26998401K->1540761K(29501440K), 0.0969706 secs] [Times: user=4.94 sys=0.01, real=0.10 secs] 
4715.493: [GC (Allocation Failure) [PSYoungGen: 26114283K->686469K(26355712K)] 26989209K->1561874K(29501440K), 0.0986402 secs] [Times: user=5.19 sys=0.00, real=0.10 secs] 
4720.049: [GC (Allocation Failure) [PSYoungGen: 26134917K->731446K(26355712K)] 27010322K->1607332K(29501440K), 0.1071309 secs] [Times: user=5.33 sys=0.00, real=0.11 secs] 
4724.513: [GC (Allocation Failure) [PSYoungGen: 26179894K->684665K(26355712K)] 27055780K->1561071K(29501440K), 0.1015885 secs] [Times: user=5.25 sys=0.00, real=0.10 secs] 
4729.054: [GC (Allocation Failure) [PSYoungGen: 26133113K->726275K(26355712K)] 27009519K->1603177K(29501440K), 0.1031079 secs] [Times: user=5.31 sys=0.00, real=0.10 secs] 
4733.523: [GC (Allocation Failure) [PSYoungGen: 26174723K->686872K(26355712K)] 27051625K->1564302K(29501440K), 0.0977542 secs] [Times: user=5.12 sys=0.01, real=0.10 secs] 
4738.133: [GC (Allocation Failure) [PSYoungGen: 26135320K->708154K(26355712K)] 27012750K->1586111K(29501440K), 0.1033570 secs] [Times: user=5.41 sys=0.00, real=0.10 secs] 
4742.668: [GC (Allocation Failure) [PSYoungGen: 26156602K->702358K(26355712K)] 27034559K->1580812K(29501440K), 0.1042426 secs] [Times: user=5.31 sys=0.00, real=0.11 secs] 
4747.258: [GC (Allocation Failure) [PSYoungGen: 26150806K->675321K(26355712K)] 27029260K->1554303K(29501440K), 0.1052928 secs] [Times: user=5.03 sys=0.01, real=0.11 secs] 
4751.854: [GC (Allocation Failure) [PSYoungGen: 26123769K->715761K(26355712K)] 27002751K->1595247K(29501440K), 0.1044646 secs] [Times: user=5.31 sys=0.00, real=0.10 secs] 
4756.284: [GC (Allocation Failure) [PSYoungGen: 26164209K->672577K(26355712K)] 27043695K->1552583K(29501440K), 0.1043711 secs] [Times: user=4.99 sys=0.00, real=0.10 secs] 
4760.808: [GC (Allocation Failure) [PSYoungGen: 26121025K->734956K(26355712K)] 27001031K->1615481K(29501440K), 0.1024660 secs] [Times: user=5.46 sys=0.00, real=0.11 secs] 
4765.542: [GC (Allocation Failure) [PSYoungGen: 26183404K->694187K(26355712K)] 27063929K->1575201K(29501440K), 0.1046902 secs] [Times: user=5.10 sys=0.00, real=0.10 secs] 
4770.124: [GC (Allocation Failure) [PSYoungGen: 26142635K->726853K(26355712K)] 27023649K->1608547K(29501440K), 0.1046317 secs] [Times: user=5.38 sys=0.01, real=0.10 secs] 
4774.708: [GC (Allocation Failure) [PSYoungGen: 26175301K->706105K(26355712K)] 27056995K->1588326K(29501440K), 0.1032752 secs] [Times: user=5.42 sys=0.01, real=0.11 secs] 
4779.261: [GC (Allocation Failure) [PSYoungGen: 26154553K->681295K(26355712K)] 27036774K->1563997K(29501440K), 0.1031439 secs] [Times: user=5.05 sys=0.01, real=0.10 secs] 
4783.954: [GC (Allocation Failure) [PSYoungGen: 26129743K->722718K(26355712K)] 27012445K->1605948K(29501440K), 0.1051620 secs] [Times: user=5.31 sys=0.01, real=0.10 secs] 
4788.384: [GC (Allocation Failure) [PSYoungGen: 26171166K->690629K(26355712K)] 27054396K->1574355K(29501440K), 0.1040306 secs] [Times: user=5.08 sys=0.01, real=0.10 secs] 
4792.841: [GC (Allocation Failure) [PSYoungGen: 26139077K->713829K(26355712K)] 27022803K->1598043K(29501440K), 0.1048249 secs] [Times: user=5.25 sys=0.00, real=0.10 secs] 
4797.523: [GC (Allocation Failure) [PSYoungGen: 26162277K->700261K(26355712K)] 27046491K->1584979K(29501440K), 0.1078240 secs] [Times: user=5.21 sys=0.00, real=0.11 secs] 
4801.730: [GC (Allocation Failure) [PSYoungGen: 26148709K->725711K(26355712K)] 27033427K->1610956K(29501440K), 0.1017372 secs] [Times: user=5.34 sys=0.01, real=0.11 secs] 
4806.242: [GC (Allocation Failure) [PSYoungGen: 26174159K->707937K(26355712K)] 27059404K->1593694K(29501440K), 0.1014320 secs] [Times: user=5.29 sys=0.00, real=0.10 secs] 
4810.531: [GC (Allocation Failure) [PSYoungGen: 26156385K->681449K(26355712K)] 27042142K->1567727K(29501440K), 0.0998616 secs] [Times: user=4.88 sys=0.01, real=0.10 secs] 
4814.921: [GC (Allocation Failure) [PSYoungGen: 26129897K->756499K(26355712K)] 27016175K->1643313K(29501440K), 0.1084441 secs] [Times: user=5.55 sys=0.01, real=0.10 secs] 
4819.481: [GC (Allocation Failure) [PSYoungGen: 26204947K->689379K(26355712K)] 27091761K->1576705K(29501440K), 0.1038327 secs] [Times: user=5.39 sys=0.00, real=0.10 secs] 
4824.014: [GC (Allocation Failure) [PSYoungGen: 26137827K->742958K(26355712K)] 27025153K->1630804K(29501440K), 0.1041091 secs] [Times: user=5.28 sys=0.00, real=0.10 secs] 
4828.234: [GC (Allocation Failure) [PSYoungGen: 26191406K->700086K(26355712K)] 27079252K->1588436K(29501440K), 0.1016196 secs] [Times: user=5.41 sys=0.01, real=0.10 secs] 
4832.623: [GC (Allocation Failure) [PSYoungGen: 26148534K->710715K(26355712K)] 27036884K->1599585K(29501440K), 0.1037875 secs] [Times: user=5.14 sys=0.02, real=0.10 secs] 
4837.170: [GC (Allocation Failure) [PSYoungGen: 26159163K->721205K(26355712K)] 27048033K->1610579K(29501440K), 0.1055097 secs] [Times: user=5.29 sys=0.01, real=0.11 secs] 
4841.641: [GC (Allocation Failure) [PSYoungGen: 26169653K->748959K(26355712K)] 27059027K->1638853K(29501440K), 0.1087409 secs] [Times: user=5.44 sys=0.01, real=0.11 secs] 
4846.024: [GC (Allocation Failure) [PSYoungGen: 26197407K->739629K(26355712K)] 27087301K->1630043K(29501440K), 0.1143431 secs] [Times: user=5.76 sys=0.01, real=0.11 secs] 
4850.650: [GC (Allocation Failure) [PSYoungGen: 26188077K->714681K(26355712K)] 27078491K->1605606K(29501440K), 0.1101397 secs] [Times: user=5.30 sys=0.00, real=0.11 secs] 
4855.072: [GC (Allocation Failure) [PSYoungGen: 26163129K->757810K(26355712K)] 27054054K->1649263K(29501440K), 0.1091141 secs] [Times: user=5.67 sys=0.01, real=0.11 secs] 
4859.575: [GC (Allocation Failure) [PSYoungGen: 26206258K->732211K(26355712K)] 27097711K->1624184K(29501440K), 0.1014623 secs] [Times: user=5.41 sys=0.00, real=0.10 secs] 
4864.009: [GC (Allocation Failure) [PSYoungGen: 26180659K->720212K(26355712K)] 27072632K->1612714K(29501440K), 0.1047308 secs] [Times: user=5.43 sys=0.00, real=0.11 secs] 
4868.522: [GC (Allocation Failure) [PSYoungGen: 26168660K->674048K(26355712K)] 27061162K->1567062K(29501440K), 0.0962482 secs] [Times: user=5.08 sys=0.00, real=0.09 secs] 
4872.749: [GC (Allocation Failure) [PSYoungGen: 26122496K->718860K(26355712K)] 27015510K->1612417K(29501440K), 0.1039523 secs] [Times: user=5.41 sys=0.00, real=0.11 secs] 
4877.107: [GC (Allocation Failure) [PSYoungGen: 26167308K->748241K(26355712K)] 27060865K->1642294K(29501440K), 0.1070346 secs] [Times: user=5.21 sys=0.01, real=0.11 secs] 
4881.612: [GC (Allocation Failure) [PSYoungGen: 26196689K->757468K(26355712K)] 27090742K->1652002K(29501440K), 0.1125978 secs] [Times: user=5.61 sys=0.00, real=0.11 secs] 
4886.348: [GC (Allocation Failure) [PSYoungGen: 26205916K->772670K(26355712K)] 27100450K->1667715K(29501440K), 0.1159410 secs] [Times: user=5.72 sys=0.01, real=0.12 secs] 
4890.553: [GC (Allocation Failure) [PSYoungGen: 26221118K->677694K(26355712K)] 27116163K->1573252K(29501440K), 0.0994632 secs] [Times: user=5.10 sys=0.01, real=0.10 secs] 
4894.874: [GC (Allocation Failure) [PSYoungGen: 26126142K->711610K(26355712K)] 27021700K->1607704K(29501440K), 0.1057250 secs] [Times: user=5.39 sys=0.01, real=0.11 secs] 
4899.229: [GC (Allocation Failure) [PSYoungGen: 26160009K->711072K(26355712K)] 27056103K->1607662K(29501440K), 0.1018533 secs] [Times: user=5.34 sys=0.00, real=0.11 secs] 
4903.580: [GC (Allocation Failure) [PSYoungGen: 26159520K->724884K(26355712K)] 27056110K->1621961K(29501440K), 0.1080559 secs] [Times: user=5.40 sys=0.01, real=0.11 secs] 
4908.076: [GC (Allocation Failure) [PSYoungGen: 26173332K->748276K(26355712K)] 27070409K->1645882K(29501440K), 0.1142866 secs] [Times: user=5.56 sys=0.00, real=0.11 secs] 
4912.509: [GC (Allocation Failure) [PSYoungGen: 26196724K->720397K(26355712K)] 27094330K->1618515K(29501440K), 0.1044027 secs] [Times: user=5.30 sys=0.00, real=0.11 secs] 
4916.930: [GC (Allocation Failure) [PSYoungGen: 26168845K->746465K(26355712K)] 27066963K->1645102K(29501440K), 0.1044320 secs] [Times: user=5.31 sys=0.00, real=0.11 secs] 
4921.204: [GC (Allocation Failure) [PSYoungGen: 26194913K->685928K(26355712K)] 27093550K->1585078K(29501440K), 0.1048633 secs] [Times: user=5.22 sys=0.00, real=0.10 secs] 
4925.668: [GC (Allocation Failure) [PSYoungGen: 26134376K->707178K(26355712K)] 27033526K->1606856K(29501440K), 0.1032683 secs] [Times: user=5.24 sys=0.01, real=0.11 secs] 
4929.945: [GC (Allocation Failure) [PSYoungGen: 26155626K->725651K(26355712K)] 27055304K->1625832K(29501440K), 0.1049268 secs] [Times: user=5.28 sys=0.01, real=0.11 secs] 
4934.285: [GC (Allocation Failure) [PSYoungGen: 26174099K->736362K(26355712K)] 27074280K->1637047K(29501440K), 0.1097388 secs] [Times: user=5.17 sys=0.00, real=0.11 secs] 
4938.609: [GC (Allocation Failure) [PSYoungGen: 26184810K->778058K(26355712K)] 27085495K->1679240K(29501440K), 0.1072971 secs] [Times: user=5.58 sys=0.00, real=0.11 secs] 
4942.950: [GC (Allocation Failure) [PSYoungGen: 26226506K->716249K(26355712K)] 27127688K->1617911K(29501440K), 0.1040362 secs] [Times: user=5.33 sys=0.01, real=0.10 secs] 
4947.471: [GC (Allocation Failure) [PSYoungGen: 26164697K->732788K(26355712K)] 27066359K->1634970K(29501440K), 0.1077119 secs] [Times: user=5.41 sys=0.00, real=0.10 secs] 
4951.777: [GC (Allocation Failure) [PSYoungGen: 26181236K->719573K(26355712K)] 27083418K->1622267K(29501440K), 0.1063478 secs] [Times: user=5.51 sys=0.01, real=0.11 secs] 
4956.049: [GC (Allocation Failure) [PSYoungGen: 26168021K->734825K(26355712K)] 27070715K->1638054K(29501440K), 0.1055681 secs] [Times: user=5.46 sys=0.01, real=0.11 secs] 
4960.386: [GC (Allocation Failure) [PSYoungGen: 26183273K->684350K(26355712K)] 27086502K->1588068K(29501440K), 0.1014221 secs] [Times: user=5.18 sys=0.01, real=0.10 secs] 
4964.797: [GC (Allocation Failure) [PSYoungGen: 26132798K->737309K(26355712K)] 27036516K->1641547K(29501440K), 0.1036094 secs] [Times: user=5.33 sys=0.00, real=0.11 secs] 
4969.023: [GC (Allocation Failure) [PSYoungGen: 26185757K->679252K(26355712K)] 27089995K->1584002K(29501440K), 0.0981158 secs] [Times: user=5.19 sys=0.01, real=0.10 secs] 
4973.391: [GC (Allocation Failure) [PSYoungGen: 26127700K->741825K(26355712K)] 27032450K->1647062K(29501440K), 0.1093715 secs] [Times: user=5.46 sys=0.00, real=0.11 secs] 
4977.651: [GC (Allocation Failure) [PSYoungGen: 26190273K->712950K(26355712K)] 27095510K->1618700K(29501440K), 0.1017436 secs] [Times: user=5.20 sys=0.00, real=0.10 secs] 
4982.004: [GC (Allocation Failure) [PSYoungGen: 26161398K->710779K(26355712K)] 27067148K->1617056K(29501440K), 0.1020902 secs] [Times: user=5.26 sys=0.00, real=0.10 secs] 
4986.378: [GC (Allocation Failure) [PSYoungGen: 26159227K->692734K(26355712K)] 27065504K->1599532K(29501440K), 0.1028795 secs] [Times: user=5.24 sys=0.00, real=0.11 secs] 
4990.810: [GC (Allocation Failure) [PSYoungGen: 26141182K->735708K(26355712K)] 27047980K->1643002K(29501440K), 0.1031221 secs] [Times: user=5.37 sys=0.00, real=0.10 secs] 
4994.903: [GC (Allocation Failure) [PSYoungGen: 26184156K->751580K(26355712K)] 27091450K->1659394K(29501440K), 0.1054768 secs] [Times: user=5.46 sys=0.00, real=0.10 secs] 
4999.064: [GC (Allocation Failure) [PSYoungGen: 26200028K->756107K(26355712K)] 27107842K->1664448K(29501440K), 0.1097724 secs] [Times: user=5.43 sys=0.01, real=0.11 secs] 
5003.308: [GC (Allocation Failure) [PSYoungGen: 26204555K->723528K(26355712K)] 27112896K->1632389K(29501440K), 0.1095771 secs] [Times: user=5.47 sys=0.01, real=0.11 secs] 
5007.549: [GC (Allocation Failure) [PSYoungGen: 26171976K->690837K(26355712K)] 27080837K->1600211K(29501440K), 0.1033187 secs] [Times: user=5.27 sys=0.01, real=0.11 secs] 
5011.888: [GC (Allocation Failure) [PSYoungGen: 26139285K->735964K(26355712K)] 27048659K->1645882K(29501440K), 0.1060423 secs] [Times: user=5.53 sys=0.01, real=0.11 secs] 
5016.056: [GC (Allocation Failure) [PSYoungGen: 26184412K->732923K(26355712K)] 27094330K->1643361K(29501440K), 0.1044904 secs] [Times: user=5.31 sys=0.01, real=0.11 secs] 
5020.133: [GC (Allocation Failure) [PSYoungGen: 26181371K->803874K(26355712K)] 27091809K->1714800K(29501440K), 0.1141103 secs] [Times: user=5.71 sys=0.01, real=0.11 secs] 
5024.235: [GC (Allocation Failure) [PSYoungGen: 26252322K->678578K(26355712K)] 27163248K->1590031K(29501440K), 0.1014127 secs] [Times: user=5.27 sys=0.01, real=0.10 secs] 
5028.582: [GC (Allocation Failure) [PSYoungGen: 26127026K->744372K(26355712K)] 27038479K->1656321K(29501440K), 0.1073190 secs] [Times: user=5.57 sys=0.00, real=0.10 secs] 
5032.648: [GC (Allocation Failure) [PSYoungGen: 26192820K->712022K(26355712K)] 27104769K->1624500K(29501440K), 0.1028720 secs] [Times: user=5.31 sys=0.01, real=0.11 secs] 
5037.024: [GC (Allocation Failure) [PSYoungGen: 26160470K->715009K(26355712K)] 27072948K->1628006K(29501440K), 0.1081039 secs] [Times: user=5.26 sys=0.01, real=0.11 secs] 
5041.262: [GC (Allocation Failure) [PSYoungGen: 26163457K->706046K(26355712K)] 27076454K->1619556K(29501440K), 0.1023456 secs] [Times: user=5.36 sys=0.00, real=0.10 secs] 
5045.564: [GC (Allocation Failure) [PSYoungGen: 26154494K->725314K(26355712K)] 27068004K->1639320K(29501440K), 0.1034581 secs] [Times: user=5.28 sys=0.00, real=0.10 secs] 
5049.768: [GC (Allocation Failure) [PSYoungGen: 26173762K->727683K(26355712K)] 27087768K->1642208K(29501440K), 0.1128390 secs] [Times: user=5.43 sys=0.00, real=0.12 secs] 
5054.083: [GC (Allocation Failure) [PSYoungGen: 26176131K->822537K(26355712K)] 27090656K->1737551K(29501440K), 0.1169478 secs] [Times: user=5.97 sys=0.00, real=0.11 secs] 
5058.376: [GC (Allocation Failure) [PSYoungGen: 26270985K->726089K(26355712K)] 27185999K->1641607K(29501440K), 0.1046567 secs] [Times: user=5.46 sys=0.00, real=0.11 secs] 
5062.629: [GC (Allocation Failure) [PSYoungGen: 26174537K->754690K(26355712K)] 27090055K->1670719K(29501440K), 0.1082322 secs] [Times: user=5.52 sys=0.01, real=0.11 secs] 
5066.741: [GC (Allocation Failure) [PSYoungGen: 26203138K->713701K(26355712K)] 27119167K->1630258K(29501440K), 0.1055279 secs] [Times: user=5.43 sys=0.01, real=0.10 secs] 
5070.917: [GC (Allocation Failure) [PSYoungGen: 26162149K->806589K(26355712K)] 27078706K->1723643K(29501440K), 0.1154937 secs] [Times: user=5.82 sys=0.01, real=0.12 secs] 
5075.227: [GC (Allocation Failure) [PSYoungGen: 26255037K->741077K(26355712K)] 27172091K->1658635K(29501440K), 0.1092669 secs] [Times: user=5.34 sys=0.01, real=0.11 secs] 
5079.335: [GC (Allocation Failure) [PSYoungGen: 26189525K->743128K(26355712K)] 27107083K->1661166K(29501440K), 0.1060002 secs] [Times: user=5.35 sys=0.01, real=0.11 secs] 
5083.588: [GC (Allocation Failure) [PSYoungGen: 26191576K->704499K(26355712K)] 27109614K->1623049K(29501440K), 0.1065440 secs] [Times: user=5.28 sys=0.01, real=0.11 secs] 
5087.600: [GC (Allocation Failure) [PSYoungGen: 26152947K->758040K(26355712K)] 27071497K->1677126K(29501440K), 0.1111534 secs] [Times: user=5.65 sys=0.01, real=0.12 secs] 
5091.759: [GC (Allocation Failure) [PSYoungGen: 26206488K->699313K(26355712K)] 27125574K->1618910K(29501440K), 0.1035725 secs] [Times: user=5.33 sys=0.02, real=0.11 secs] 
5096.023: [GC (Allocation Failure) [PSYoungGen: 26147761K->747247K(26355712K)] 27067358K->1667357K(29501440K), 0.1081953 secs] [Times: user=5.50 sys=0.00, real=0.11 secs] 
5100.097: [GC (Allocation Failure) [PSYoungGen: 26195695K->727562K(26355712K)] 27115805K->1648192K(29501440K), 0.1055012 secs] [Times: user=5.47 sys=0.01, real=0.11 secs] 
5104.290: [GC (Allocation Failure) [PSYoungGen: 26176010K->728797K(26355712K)] 27096640K->1649954K(29501440K), 0.1045930 secs] [Times: user=5.45 sys=0.00, real=0.11 secs] 
5108.272: [GC (Allocation Failure) [PSYoungGen: 26177245K->728811K(26355712K)] 27098402K->1650489K(29501440K), 0.1021631 secs] [Times: user=5.31 sys=0.00, real=0.10 secs] 
5112.457: [GC (Allocation Failure) [PSYoungGen: 26177259K->728231K(26355712K)] 27098937K->1650413K(29501440K), 0.1033065 secs] [Times: user=5.25 sys=0.00, real=0.11 secs] 
5116.641: [GC (Allocation Failure) [PSYoungGen: 26176679K->716714K(26355712K)] 27098861K->1639423K(29501440K), 0.1052532 secs] [Times: user=5.35 sys=0.01, real=0.10 secs] 
5120.782: [GC (Allocation Failure) [PSYoungGen: 26165162K->754183K(26355712K)] 27087871K->1677421K(29501440K), 0.1067814 secs] [Times: user=5.40 sys=0.01, real=0.10 secs] 
5125.013: [GC (Allocation Failure) [PSYoungGen: 26202631K->806664K(26355712K)] 27125869K->1730366K(29501440K), 0.1144679 secs] [Times: user=5.81 sys=0.01, real=0.11 secs] 
5129.366: [GC (Allocation Failure) [PSYoungGen: 26255112K->679546K(26355712K)] 27178814K->1603751K(29501440K), 0.1041028 secs] [Times: user=5.25 sys=0.01, real=0.11 secs] 
5133.384: [GC (Allocation Failure) [PSYoungGen: 26127994K->696111K(26355712K)] 27052199K->1620821K(29501440K), 0.0984816 secs] [Times: user=5.07 sys=0.01, real=0.10 secs] 
5137.542: [GC (Allocation Failure) [PSYoungGen: 26144559K->706202K(26355712K)] 27069269K->1631440K(29501440K), 0.1047255 secs] [Times: user=5.09 sys=0.01, real=0.10 secs] 
5141.699: [GC (GCLocker Initiated GC) [PSYoungGen: 26154650K->778867K(26355712K)] 27082172K->1706909K(29501440K), 0.1313557 secs] [Times: user=6.89 sys=0.00, real=0.14 secs] 
5145.697: [GC (Allocation Failure) [PSYoungGen: 26227315K->762963K(26355712K)] 27155360K->1691520K(29501440K), 0.1292848 secs] [Times: user=6.80 sys=0.01, real=0.13 secs] 
5149.684: [GC (Allocation Failure) [PSYoungGen: 26211411K->761023K(26355712K)] 27139968K->1690100K(29501440K), 0.1328669 secs] [Times: user=6.85 sys=0.00, real=0.13 secs] 
5153.955: [GC (Allocation Failure) [PSYoungGen: 26209471K->723009K(26355712K)] 27138548K->1652598K(29501440K), 0.1219532 secs] [Times: user=6.46 sys=0.00, real=0.12 secs] 
5158.064: [GC (Allocation Failure) [PSYoungGen: 26171457K->813005K(26355712K)] 27101046K->1743090K(29501440K), 0.1354252 secs] [Times: user=6.95 sys=0.01, real=0.13 secs] 
5162.145: [GC (Allocation Failure) [PSYoungGen: 26261453K->726821K(26355712K)] 27191538K->1657418K(29501440K), 0.1238734 secs] [Times: user=6.57 sys=0.00, real=0.12 secs] 
5166.361: [GC (Allocation Failure) [PSYoungGen: 26175269K->713680K(26355712K)] 27105866K->1644805K(29501440K), 0.1291308 secs] [Times: user=6.41 sys=0.01, real=0.12 secs] 
5170.530: [GC (Allocation Failure) [PSYoungGen: 26162128K->765539K(26355712K)] 27093253K->1697176K(29501440K), 0.1299969 secs] [Times: user=6.80 sys=0.00, real=0.13 secs] 
5174.751: [GC (Allocation Failure) [PSYoungGen: 26213987K->720661K(26355712K)] 27145624K->1652818K(29501440K), 0.1282323 secs] [Times: user=6.63 sys=0.00, real=0.12 secs] 
5178.780: [GC (Allocation Failure) [PSYoungGen: 26169109K->730519K(26355712K)] 27101266K->1663188K(29501440K), 0.1228570 secs] [Times: user=6.34 sys=0.00, real=0.12 secs] 
5182.948: [GC (Allocation Failure) [PSYoungGen: 26178967K->730275K(26355712K)] 27111636K->1663424K(29501440K), 0.1377274 secs] [Times: user=6.47 sys=0.02, real=0.14 secs] 
5186.979: [GC (Allocation Failure) [PSYoungGen: 26178723K->744056K(26355712K)] 27111872K->1677709K(29501440K), 0.1230541 secs] [Times: user=6.45 sys=0.00, real=0.13 secs] 
5191.221: [GC (Allocation Failure) [PSYoungGen: 26192504K->718345K(26355712K)] 27126157K->1652542K(29501440K), 0.1212557 secs] [Times: user=6.48 sys=0.01, real=0.12 secs] 
5195.332: [GC (Allocation Failure) [PSYoungGen: 26166793K->720230K(26355712K)] 27100990K->1654947K(29501440K), 0.1277070 secs] [Times: user=6.74 sys=0.01, real=0.12 secs] 
5199.573: [GC (Allocation Failure) [PSYoungGen: 26168678K->783292K(26355712K)] 27103395K->1718889K(29501440K), 0.1315156 secs] [Times: user=6.81 sys=0.01, real=0.13 secs] 
5203.625: [GC (Allocation Failure) [PSYoungGen: 26231740K->708188K(26355712K)] 27167337K->1655257K(29501440K), 0.1410920 secs] [Times: user=7.22 sys=0.01, real=0.14 secs] 
5207.789: [GC (Allocation Failure) [PSYoungGen: 26156636K->782829K(26355712K)] 27103705K->1731730K(29501440K), 0.1164740 secs] [Times: user=6.00 sys=0.00, real=0.12 secs] 
5211.772: [GC (Allocation Failure) [PSYoungGen: 26231277K->743448K(26355712K)] 27180178K->1692869K(29501440K), 0.1057764 secs] [Times: user=5.39 sys=0.00, real=0.10 secs] 
5215.897: [GC (Allocation Failure) [PSYoungGen: 26191896K->735910K(26355712K)] 27141317K->1685843K(29501440K), 0.1054932 secs] [Times: user=5.30 sys=0.02, real=0.11 secs] 
5219.913: [GC (Allocation Failure) [PSYoungGen: 26184358K->749612K(26355712K)] 27134291K->1700561K(29501440K), 0.1131939 secs] [Times: user=5.63 sys=0.00, real=0.11 secs] 
5223.942: [GC (Allocation Failure) [PSYoungGen: 26198060K->688335K(26355712K)] 27149009K->1639772K(29501440K), 0.1009165 secs] [Times: user=5.26 sys=0.00, real=0.10 secs] 
5227.987: [GC (Allocation Failure) [PSYoungGen: 26136783K->752383K(26355712K)] 27088220K->1704357K(29501440K), 0.1056704 secs] [Times: user=5.57 sys=0.00, real=0.11 secs] 
5232.023: [GC (Allocation Failure) [PSYoungGen: 26200831K->770424K(26355712K)] 27152805K->1722909K(29501440K), 0.1144835 secs] [Times: user=5.76 sys=0.00, real=0.11 secs] 
5236.096: [GC (Allocation Failure) [PSYoungGen: 26218872K->749222K(26355712K)] 27171357K->1702212K(29501440K), 0.1077427 secs] [Times: user=5.55 sys=0.00, real=0.11 secs] 
5240.142: [GC (Allocation Failure) [PSYoungGen: 26197670K->740313K(26355712K)] 27150660K->1693814K(29501440K), 0.1105022 secs] [Times: user=5.38 sys=0.01, real=0.11 secs] 
5244.225: [GC (Allocation Failure) [PSYoungGen: 26188761K->660942K(26355712K)] 27142262K->1614947K(29501440K), 0.1009665 secs] [Times: user=5.10 sys=0.00, real=0.10 secs] 
5248.316: [GC (Allocation Failure) [PSYoungGen: 26109390K->757930K(26355712K)] 27063395K->1712399K(29501440K), 0.1114409 secs] [Times: user=5.53 sys=0.00, real=0.11 secs] 
5252.329: [GC (Allocation Failure) [PSYoungGen: 26206378K->725392K(26355712K)] 27160847K->1680358K(29501440K), 0.1056639 secs] [Times: user=5.15 sys=0.00, real=0.11 secs] 
5256.233: [GC (Allocation Failure) [PSYoungGen: 26173810K->693561K(26355712K)] 27128775K->1649063K(29501440K), 0.1010574 secs] [Times: user=5.26 sys=0.01, real=0.10 secs] 
5260.370: [GC (Allocation Failure) [PSYoungGen: 26142009K->723315K(26355712K)] 27097511K->1679280K(29501440K), 0.1106692 secs] [Times: user=5.38 sys=0.01, real=0.12 secs] 
5264.281: [GC (Allocation Failure) [PSYoungGen: 26171763K->683042K(26355712K)] 27127728K->1639504K(29501440K), 0.1004725 secs] [Times: user=5.15 sys=0.00, real=0.10 secs] 
5268.400: [GC (Allocation Failure) [PSYoungGen: 26131490K->711990K(26355712K)] 27087952K->1668979K(29501440K), 0.1045223 secs] [Times: user=5.38 sys=0.01, real=0.11 secs] 
5272.435: [GC (Allocation Failure) [PSYoungGen: 26160438K->742183K(26355712K)] 27117427K->1699668K(29501440K), 0.1068241 secs] [Times: user=5.54 sys=0.00, real=0.11 secs] 
5276.428: [GC (Allocation Failure) [PSYoungGen: 26190631K->808598K(26355712K)] 27148116K->1766555K(29501440K), 0.1158141 secs] [Times: user=5.70 sys=0.01, real=0.12 secs] 
5280.421: [GC (Allocation Failure) [PSYoungGen: 26257046K->731755K(26355712K)] 27215003K->1690232K(29501440K), 0.1056654 secs] [Times: user=5.46 sys=0.00, real=0.10 secs] 
5284.441: [GC (Allocation Failure) [PSYoungGen: 26180203K->723017K(26355712K)] 27138680K->1682015K(29501440K), 0.1085771 secs] [Times: user=5.48 sys=0.00, real=0.10 secs] 
5288.482: [GC (Allocation Failure) [PSYoungGen: 26171465K->761538K(26355712K)] 27130463K->1721047K(29501440K), 0.1097630 secs] [Times: user=5.64 sys=0.00, real=0.11 secs] 
5292.453: [GC (Allocation Failure) [PSYoungGen: 26209986K->759883K(26355712K)] 27169495K->1719881K(29501440K), 0.1074161 secs] [Times: user=5.34 sys=0.01, real=0.11 secs] 
5296.472: [GC (Allocation Failure) [PSYoungGen: 26208331K->778900K(26355712K)] 27168329K->1739409K(29501440K), 0.1126380 secs] [Times: user=5.63 sys=0.00, real=0.11 secs] 
5300.412: [GC (Allocation Failure) [PSYoungGen: 26227348K->691703K(26355712K)] 27187857K->1652701K(29501440K), 0.1055168 secs] [Times: user=5.04 sys=0.01, real=0.10 secs] 
5304.450: [GC (Allocation Failure) [PSYoungGen: 26140151K->727150K(26355712K)] 27101149K->1688659K(29501440K), 0.1028681 secs] [Times: user=5.44 sys=0.01, real=0.11 secs] 
5308.522: [GC (Allocation Failure) [PSYoungGen: 26175598K->715719K(26355712K)] 27137107K->1677748K(29501440K), 0.1054471 secs] [Times: user=5.53 sys=0.00, real=0.10 secs] 
5312.465: [GC (Allocation Failure) [PSYoungGen: 26164167K->752498K(26355712K)] 27126196K->1715039K(29501440K), 0.1085584 secs] [Times: user=5.62 sys=0.01, real=0.11 secs] 
5316.397: [GC (Allocation Failure) [PSYoungGen: 26200946K->711393K(26355712K)] 27163487K->1674454K(29501440K), 0.1050257 secs] [Times: user=5.26 sys=0.01, real=0.11 secs] 
5320.909: [GC (Allocation Failure) [PSYoungGen: 26159841K->742678K(26355712K)] 27122902K->1706251K(29501440K), 0.1068192 secs] [Times: user=5.41 sys=0.00, real=0.11 secs] 
5324.441: [GC (Allocation Failure) [PSYoungGen: 26191126K->730422K(26355712K)] 27154699K->1694508K(29501440K), 0.1016062 secs] [Times: user=5.27 sys=0.01, real=0.10 secs] 
5328.509: [GC (Allocation Failure) [PSYoungGen: 26178615K->757386K(26355712K)] 27142700K->1721959K(29501440K), 0.1102611 secs] [Times: user=5.53 sys=0.00, real=0.11 secs] 
5332.466: [GC (Allocation Failure) [PSYoungGen: 26205834K->721429K(26355712K)] 27170407K->1686499K(29501440K), 0.1027792 secs] [Times: user=5.17 sys=0.01, real=0.10 secs] 
5336.412: [GC (Allocation Failure) [PSYoungGen: 26169877K->700585K(26355712K)] 27134947K->1666158K(29501440K), 0.1022329 secs] [Times: user=5.34 sys=0.00, real=0.10 secs] 
5340.957: [GC (Allocation Failure) [PSYoungGen: 26149033K->694299K(26355712K)] 27114606K->1660393K(29501440K), 0.1133505 secs] [Times: user=5.42 sys=0.01, real=0.12 secs] 
5344.577: [GC (Allocation Failure) [PSYoungGen: 26142747K->694192K(26355712K)] 27108841K->1660789K(29501440K), 0.1034380 secs] [Times: user=5.28 sys=0.00, real=0.11 secs] 
5348.417: [GC (Allocation Failure) [PSYoungGen: 26142640K->664864K(26355712K)] 27109237K->1631989K(29501440K), 0.1006334 secs] [Times: user=4.82 sys=0.00, real=0.10 secs] 
5352.425: [GC (Allocation Failure) [PSYoungGen: 26113312K->705882K(26355712K)] 27080437K->1673519K(29501440K), 0.1053787 secs] [Times: user=5.18 sys=0.00, real=0.11 secs] 
5356.284: [GC (Allocation Failure) [PSYoungGen: 26154330K->710656K(26355712K)] 27121967K->1678774K(29501440K), 0.1059736 secs] [Times: user=5.27 sys=0.01, real=0.11 secs] 
5360.272: [GC (Allocation Failure) [PSYoungGen: 26159104K->735373K(26355712K)] 27127222K->1703995K(29501440K), 0.1055785 secs] [Times: user=5.55 sys=0.00, real=0.10 secs] 
5364.169: [GC (Allocation Failure) [PSYoungGen: 26183821K->787329K(26355712K)] 27152443K->1756438K(29501440K), 0.1143140 secs] [Times: user=5.63 sys=0.01, real=0.12 secs] 
5368.049: [GC (Allocation Failure) [PSYoungGen: 26235777K->785355K(26355712K)] 27204886K->1754984K(29501440K), 0.1115155 secs] [Times: user=5.76 sys=0.01, real=0.12 secs] 
5371.960: [GC (Allocation Failure) [PSYoungGen: 26233803K->692801K(26355712K)] 27203432K->1662934K(29501440K), 0.1053844 secs] [Times: user=5.21 sys=0.01, real=0.11 secs] 
5375.964: [GC (Allocation Failure) [PSYoungGen: 26141249K->734113K(26355712K)] 27111382K->1704758K(29501440K), 0.1066437 secs] [Times: user=5.52 sys=0.00, real=0.11 secs] 
5379.850: [GC (Allocation Failure) [PSYoungGen: 26182561K->717139K(26355712K)] 27153206K->1688280K(29501440K), 0.1046651 secs] [Times: user=5.35 sys=0.01, real=0.11 secs] 
5383.803: [GC (Allocation Failure) [PSYoungGen: 26165587K->759730K(26355712K)] 27136728K->1731360K(29501440K), 0.1076755 secs] [Times: user=5.50 sys=0.00, real=0.11 secs] 
5387.700: [GC (Allocation Failure) [PSYoungGen: 26208178K->716668K(26355712K)] 27179808K->1688817K(29501440K), 0.1078371 secs] [Times: user=5.33 sys=0.01, real=0.10 secs] 
5391.620: [GC (Allocation Failure) [PSYoungGen: 26165116K->777247K(26355712K)] 27137265K->1749916K(29501440K), 0.1125062 secs] [Times: user=5.73 sys=0.00, real=0.12 secs] 
5395.485: [GC (Allocation Failure) [PSYoungGen: 26225695K->744604K(26355712K)] 27198364K->1717778K(29501440K), 0.1058185 secs] [Times: user=5.45 sys=0.01, real=0.11 secs] 
5399.459: [GC (Allocation Failure) [PSYoungGen: 26193052K->709736K(26355712K)] 27166226K->1683421K(29501440K), 0.1045704 secs] [Times: user=5.29 sys=0.00, real=0.11 secs] 
5403.332: [GC (Allocation Failure) [PSYoungGen: 26158184K->706659K(26355712K)] 27131869K->1680856K(29501440K), 0.1055244 secs] [Times: user=5.26 sys=0.01, real=0.10 secs] 
5407.373: [GC (Allocation Failure) [PSYoungGen: 26155107K->740245K(26355712K)] 27129304K->1714922K(29501440K), 0.1069220 secs] [Times: user=5.52 sys=0.00, real=0.11 secs] 
5411.215: [GC (Allocation Failure) [PSYoungGen: 26188693K->782646K(26355712K)] 27163370K->1757843K(29501440K), 0.1108137 secs] [Times: user=5.71 sys=0.01, real=0.11 secs] 
5415.103: [GC (Allocation Failure) [PSYoungGen: 26231094K->727120K(26355712K)] 27206291K->1702845K(29501440K), 0.1087047 secs] [Times: user=5.32 sys=0.02, real=0.11 secs] 
5419.043: [GC (Allocation Failure) [PSYoungGen: 26175568K->737676K(26355712K)] 27151293K->1713922K(29501440K), 0.1052750 secs] [Times: user=5.36 sys=0.02, real=0.10 secs] 
5422.978: [GC (Allocation Failure) [PSYoungGen: 26186124K->745738K(26355712K)] 27162370K->1722463K(29501440K), 0.1026218 secs] [Times: user=5.29 sys=0.01, real=0.11 secs] 
5426.796: [GC (Allocation Failure) [PSYoungGen: 26194186K->821525K(26355712K)] 27170911K->1798762K(29501440K), 0.1127389 secs] [Times: user=5.81 sys=0.01, real=0.11 secs] 
5430.563: [GC (Allocation Failure) [PSYoungGen: 26269973K->813798K(26355712K)] 27247210K->1791643K(29501440K), 0.1161780 secs] [Times: user=5.98 sys=0.00, real=0.11 secs] 
5434.290: [GC (Allocation Failure) [PSYoungGen: 26262246K->715861K(26355712K)] 27240091K->1694210K(29501440K), 0.1022487 secs] [Times: user=5.16 sys=0.00, real=0.11 secs] 
5438.157: [GC (Allocation Failure) [PSYoungGen: 26164309K->733165K(26355712K)] 27142658K->1712019K(29501440K), 0.1051942 secs] [Times: user=5.37 sys=0.00, real=0.11 secs] 
5441.931: [GC (Allocation Failure) [PSYoungGen: 26181613K->720016K(26355712K)] 27160467K->1699382K(29501440K), 0.1092619 secs] [Times: user=5.44 sys=0.00, real=0.11 secs] 
5445.786: [GC (Allocation Failure) [PSYoungGen: 26168464K->790302K(26355712K)] 27147830K->1770180K(29501440K), 0.1080003 secs] [Times: user=5.67 sys=0.00, real=0.11 secs] 
5449.766: [GC (Allocation Failure) [PSYoungGen: 26238750K->794975K(26355712K)] 27218628K->1775373K(29501440K), 0.1138113 secs] [Times: user=5.78 sys=0.00, real=0.12 secs] 
5453.682: [GC (Allocation Failure) [PSYoungGen: 26243423K->745679K(26355712K)] 27223821K->1726596K(29501440K), 0.1064683 secs] [Times: user=5.51 sys=0.01, real=0.10 secs] 
5457.501: [GC (Allocation Failure) [PSYoungGen: 26194127K->712362K(26355712K)] 27175044K->1693807K(29501440K), 0.1039263 secs] [Times: user=5.27 sys=0.01, real=0.10 secs] 
5461.435: [GC (Allocation Failure) [PSYoungGen: 26160810K->746893K(26355712K)] 27142255K->1728851K(29501440K), 0.1120493 secs] [Times: user=5.50 sys=0.00, real=0.11 secs] 
5465.280: [GC (Allocation Failure) [PSYoungGen: 26195341K->692238K(26355712K)] 27177299K->1674683K(29501440K), 0.1040097 secs] [Times: user=5.12 sys=0.00, real=0.11 secs] 
5469.196: [GC (Allocation Failure) [PSYoungGen: 26140686K->701391K(26355712K)] 27123131K->1684364K(29501440K), 0.1013922 secs] [Times: user=5.16 sys=0.00, real=0.10 secs] 
5473.085: [GC (Allocation Failure) [PSYoungGen: 26149839K->742496K(26355712K)] 27132812K->1725981K(29501440K), 0.1080616 secs] [Times: user=5.63 sys=0.00, real=0.11 secs] 
5476.914: [GC (Allocation Failure) [PSYoungGen: 26190596K->741743K(26355712K)] 27174082K->1725748K(29501440K), 0.1054983 secs] [Times: user=5.54 sys=0.01, real=0.10 secs] 
5480.886: [GC (Allocation Failure) [PSYoungGen: 26190191K->753728K(26355712K)] 27174196K->1738237K(29501440K), 0.1072315 secs] [Times: user=5.46 sys=0.00, real=0.11 secs] 
5484.640: [GC (Allocation Failure) [PSYoungGen: 26202069K->724275K(26355712K)] 27186578K->1709312K(29501440K), 0.1036964 secs] [Times: user=5.33 sys=0.02, real=0.11 secs] 
5488.513: [GC (Allocation Failure) [PSYoungGen: 26172723K->695385K(26355712K)] 27157760K->1680943K(29501440K), 0.1046268 secs] [Times: user=5.20 sys=0.00, real=0.10 secs] 
5492.355: [GC (Allocation Failure) [PSYoungGen: 26143833K->819894K(26355712K)] 27129391K->1805931K(29501440K), 0.1111578 secs] [Times: user=5.86 sys=0.01, real=0.11 secs] 
5496.294: [GC (Allocation Failure) [PSYoungGen: 26268342K->736531K(26355712K)] 27254379K->1723072K(29501440K), 0.1104189 secs] [Times: user=5.64 sys=0.01, real=0.11 secs] 
5500.315: [GC (Allocation Failure) [PSYoungGen: 26184979K->796061K(26355712K)] 27171520K->1783067K(29501440K), 0.1133839 secs] [Times: user=5.86 sys=0.00, real=0.11 secs] 
5504.144: [GC (Allocation Failure) [PSYoungGen: 26244509K->762990K(26355712K)] 27231515K->1750500K(29501440K), 0.1053483 secs] [Times: user=5.52 sys=0.00, real=0.10 secs] 
5507.964: [GC (Allocation Failure) [PSYoungGen: 26211438K->783366K(26355712K)] 27198948K->1771372K(29501440K), 0.1079741 secs] [Times: user=5.53 sys=0.01, real=0.11 secs] 
5511.761: [GC (Allocation Failure) [PSYoungGen: 26231814K->743290K(26355712K)] 27219820K->1731831K(29501440K), 0.1059466 secs] [Times: user=5.49 sys=0.00, real=0.10 secs] 
5515.542: [GC (Allocation Failure) [PSYoungGen: 26191738K->726576K(26355712K)] 27180279K->1715629K(29501440K), 0.1065840 secs] [Times: user=5.44 sys=0.00, real=0.10 secs] 
5519.424: [GC (Allocation Failure) [PSYoungGen: 26175024K->728666K(26355712K)] 27164077K->1718216K(29501440K), 0.1036255 secs] [Times: user=5.20 sys=0.00, real=0.10 secs] 
5523.345: [GC (Allocation Failure) [PSYoungGen: 26177114K->753803K(26355712K)] 27166664K->1743880K(29501440K), 0.1112351 secs] [Times: user=5.45 sys=0.00, real=0.11 secs] 
5527.239: [GC (Allocation Failure) [PSYoungGen: 26202251K->734110K(26355712K)] 27192328K->1724699K(29501440K), 0.1089046 secs] [Times: user=5.46 sys=0.01, real=0.11 secs] 
5530.924: [GC (Allocation Failure) [PSYoungGen: 26182558K->755511K(26355712K)] 27173147K->1746613K(29501440K), 0.1080665 secs] [Times: user=5.56 sys=0.01, real=0.11 secs] 
5534.622: [GC (Allocation Failure) [PSYoungGen: 26203959K->788179K(26355712K)] 27195061K->1779769K(29501440K), 0.1149479 secs] [Times: user=5.69 sys=0.01, real=0.11 secs] 
5538.447: [GC (Allocation Failure) [PSYoungGen: 26236627K->744537K(26355712K)] 27228217K->1736638K(29501440K), 0.1054660 secs] [Times: user=5.35 sys=0.00, real=0.11 secs] 
5542.377: [GC (Allocation Failure) [PSYoungGen: 26192985K->820407K(26355712K)] 27185086K->1813076K(29501440K), 0.1117684 secs] [Times: user=5.99 sys=0.01, real=0.11 secs] 
5546.239: [GC (Allocation Failure) [PSYoungGen: 26268855K->752173K(26355712K)] 27261524K->1745346K(29501440K), 0.1080362 secs] [Times: user=5.62 sys=0.01, real=0.11 secs] 
5549.926: [GC (Allocation Failure) [PSYoungGen: 26200621K->716199K(26355712K)] 27193794K->1709861K(29501440K), 0.1067910 secs] [Times: user=5.39 sys=0.01, real=0.11 secs] 
5553.887: [GC (Allocation Failure) [PSYoungGen: 26164647K->744838K(26355712K)] 27158309K->1739011K(29501440K), 0.1053786 secs] [Times: user=5.46 sys=0.01, real=0.11 secs] 
5557.620: [GC (Allocation Failure) [PSYoungGen: 26193286K->767548K(26355712K)] 27187459K->1762273K(29501440K), 0.1086586 secs] [Times: user=5.63 sys=0.00, real=0.11 secs] 
5561.525: [GC (Allocation Failure) [PSYoungGen: 26215996K->729824K(26355712K)] 27210721K->1725061K(29501440K), 0.1052654 secs] [Times: user=5.52 sys=0.01, real=0.11 secs] 
5565.365: [GC (Allocation Failure) [PSYoungGen: 26178272K->751566K(26355712K)] 27173509K->1747315K(29501440K), 0.1052364 secs] [Times: user=5.46 sys=0.00, real=0.11 secs] 
5569.194: [GC (Allocation Failure) [PSYoungGen: 26200014K->694761K(26355712K)] 27195763K->1690999K(29501440K), 0.1024226 secs] [Times: user=5.26 sys=0.01, real=0.10 secs] 
5573.057: [GC (Allocation Failure) [PSYoungGen: 26143209K->794817K(26355712K)] 27139447K->1791582K(29501440K), 0.1128026 secs] [Times: user=5.91 sys=0.01, real=0.12 secs] 
5576.796: [GC (Allocation Failure) [PSYoungGen: 26243265K->737419K(26355712K)] 27240030K->1734704K(29501440K), 0.1085886 secs] [Times: user=5.51 sys=0.00, real=0.11 secs] 
5580.615: [GC (Allocation Failure) [PSYoungGen: 26185867K->784509K(26355712K)] 27183152K->1782274K(29501440K), 0.1110502 secs] [Times: user=5.70 sys=0.00, real=0.11 secs] 
5584.343: [GC (Allocation Failure) [PSYoungGen: 26232957K->716057K(26355712K)] 27230722K->1714334K(29501440K), 0.1027637 secs] [Times: user=5.45 sys=0.01, real=0.10 secs] 
5588.169: [GC (Allocation Failure) [PSYoungGen: 26164505K->686549K(26355712K)] 27162782K->1685338K(29501440K), 0.1013320 secs] [Times: user=5.10 sys=0.01, real=0.11 secs] 
5591.992: [GC (Allocation Failure) [PSYoungGen: 26134997K->793439K(26355712K)] 27133786K->1792725K(29501440K), 0.1150412 secs] [Times: user=5.69 sys=0.02, real=0.11 secs] 
5595.727: [GC (Allocation Failure) [PSYoungGen: 26241887K->878863K(26355712K)] 27241173K->1878668K(29501440K), 0.1272880 secs] [Times: user=6.22 sys=0.01, real=0.13 secs] 
5599.509: [GC (Allocation Failure) [PSYoungGen: 26327311K->712111K(26355712K)] 27327116K->1712429K(29501440K), 0.1031845 secs] [Times: user=5.31 sys=0.01, real=0.11 secs] 
5603.383: [GC (Allocation Failure) [PSYoungGen: 26160559K->746908K(26355712K)] 27160877K->1747721K(29501440K), 0.1099890 secs] [Times: user=5.55 sys=0.01, real=0.11 secs] 
5607.203: [GC (Allocation Failure) [PSYoungGen: 26195356K->727615K(26355712K)] 27196169K->1728932K(29501440K), 0.1058283 secs] [Times: user=5.37 sys=0.00, real=0.10 secs] 
5610.944: [GC (Allocation Failure) [PSYoungGen: 26176063K->818040K(26355712K)] 27177380K->1819877K(29501440K), 0.1145055 secs] [Times: user=6.05 sys=0.01, real=0.11 secs] 
5614.732: [GC (Allocation Failure) [PSYoungGen: 26266488K->797926K(26355712K)] 27268325K->1800291K(29501440K), 0.1087256 secs] [Times: user=5.69 sys=0.01, real=0.11 secs] 
5618.474: [GC (Allocation Failure) [PSYoungGen: 26246374K->714997K(26355712K)] 27248739K->1717890K(29501440K), 0.1060442 secs] [Times: user=5.34 sys=0.00, real=0.10 secs] 
5622.178: [GC (Allocation Failure) [PSYoungGen: 26163445K->717484K(26355712K)] 27166338K->1720873K(29501440K), 0.1084685 secs] [Times: user=5.43 sys=0.01, real=0.11 secs] 
5625.848: [GC (Allocation Failure) [PSYoungGen: 26165932K->740467K(26355712K)] 27169321K->1744384K(29501440K), 0.1023894 secs] [Times: user=5.43 sys=0.00, real=0.10 secs] 
5629.641: [GC (Allocation Failure) [PSYoungGen: 26188915K->703485K(26355712K)] 27192832K->1707874K(29501440K), 0.1014060 secs] [Times: user=5.26 sys=0.00, real=0.10 secs] 
5633.543: [GC (Allocation Failure) [PSYoungGen: 26151933K->725760K(26355712K)] 27156322K->1730669K(29501440K), 0.1061707 secs] [Times: user=5.48 sys=0.00, real=0.10 secs] 
5637.369: [GC (Allocation Failure) [PSYoungGen: 26174208K->710293K(26355712K)] 27179117K->1715715K(29501440K), 0.1064738 secs] [Times: user=5.41 sys=0.00, real=0.11 secs] 
5641.172: [GC (Allocation Failure) [PSYoungGen: 26158741K->764979K(26355712K)] 27164163K->1770896K(29501440K), 0.1082493 secs] [Times: user=5.72 sys=0.01, real=0.10 secs] 
5644.914: [GC (Allocation Failure) [PSYoungGen: 26213427K->784108K(26355712K)] 27219344K->1790538K(29501440K), 0.1144628 secs] [Times: user=5.72 sys=0.00, real=0.11 secs] 
5648.613: [GC (Allocation Failure) [PSYoungGen: 26232556K->855441K(26355712K)] 27238986K->1862358K(29501440K), 0.1195139 secs] [Times: user=6.10 sys=0.01, real=0.12 secs] 
5652.414: [GC (Allocation Failure) [PSYoungGen: 26303889K->721089K(26355712K)] 27310806K->1728526K(29501440K), 0.1067710 secs] [Times: user=5.37 sys=0.02, real=0.11 secs] 
5656.019: [GC (Allocation Failure) [PSYoungGen: 26169537K->768883K(26355712K)] 27176974K->1776832K(29501440K), 0.1090297 secs] [Times: user=5.50 sys=0.01, real=0.11 secs] 
5659.805: [GC (Allocation Failure) [PSYoungGen: 26217331K->757855K(26355712K)] 27225280K->1766324K(29501440K), 0.1116001 secs] [Times: user=5.69 sys=0.00, real=0.11 secs] 
5663.521: [GC (Allocation Failure) [PSYoungGen: 26206303K->781450K(26355712K)] 27214772K->1790423K(29501440K), 0.1188269 secs] [Times: user=5.81 sys=0.00, real=0.11 secs] 
5667.221: [GC (Allocation Failure) [PSYoungGen: 26229898K->669908K(26355712K)] 27238871K->1679370K(29501440K), 0.1018099 secs] [Times: user=5.09 sys=0.01, real=0.10 secs] 
5670.955: [GC (Allocation Failure) [PSYoungGen: 26118356K->752970K(26355712K)] 27127818K->1762952K(29501440K), 0.1085862 secs] [Times: user=5.67 sys=0.01, real=0.11 secs] 
5674.724: [GC (Allocation Failure) [PSYoungGen: 26201418K->732336K(26355712K)] 27211400K->1742846K(29501440K), 0.1046625 secs] [Times: user=5.63 sys=0.01, real=0.10 secs] 
5678.509: [GC (Allocation Failure) [PSYoungGen: 26180784K->743926K(26355712K)] 27191294K->1754939K(29501440K), 0.1095695 secs] [Times: user=5.60 sys=0.01, real=0.11 secs] 
5682.201: [GC (Allocation Failure) [PSYoungGen: 26192374K->792123K(26355712K)] 27203387K->1803648K(29501440K), 0.1167916 secs] [Times: user=5.85 sys=0.01, real=0.11 secs] 
5685.957: [GC (Allocation Failure) [PSYoungGen: 26240571K->761968K(26355712K)] 27252096K->1773990K(29501440K), 0.1067579 secs] [Times: user=5.36 sys=0.00, real=0.11 secs] 
5689.689: [GC (Allocation Failure) [PSYoungGen: 26210416K->739191K(26355712K)] 27222438K->1751725K(29501440K), 0.1043508 secs] [Times: user=5.49 sys=0.00, real=0.11 secs] 
5693.447: [GC (Allocation Failure) [PSYoungGen: 26187639K->691473K(26355712K)] 27200173K->1704526K(29501440K), 0.1035309 secs] [Times: user=5.28 sys=0.01, real=0.11 secs] 
5697.183: [GC (Allocation Failure) [PSYoungGen: 26139921K->680039K(26355712K)] 27152974K->1693604K(29501440K), 0.1051661 secs] [Times: user=5.15 sys=0.01, real=0.10 secs] 
5700.885: [GC (Allocation Failure) [PSYoungGen: 26128487K->718465K(26355712K)] 27142052K->1732535K(29501440K), 0.1039674 secs] [Times: user=5.30 sys=0.00, real=0.10 secs] 
5704.626: [GC (Allocation Failure) [PSYoungGen: 26166913K->805368K(26355712K)] 27180983K->1819958K(29501440K), 0.1110434 secs] [Times: user=5.80 sys=0.01, real=0.11 secs] 
5708.464: [GC (Allocation Failure) [PSYoungGen: 26253816K->727288K(26355712K)] 27268406K->1742406K(29501440K), 0.1074433 secs] [Times: user=5.56 sys=0.01, real=0.11 secs] 
5712.065: [GC (Allocation Failure) [PSYoungGen: 26175736K->772256K(26355712K)] 27190854K->1787861K(29501440K), 0.1092763 secs] [Times: user=5.79 sys=0.00, real=0.11 secs] 
5716.009: [GC (Allocation Failure) [PSYoungGen: 26220704K->830696K(26355712K)] 27236309K->1846829K(29501440K), 0.1120653 secs] [Times: user=6.03 sys=0.01, real=0.12 secs] 
5719.507: [GC (Allocation Failure) [PSYoungGen: 26279144K->754192K(26355712K)] 27295277K->1770862K(29501440K), 0.1018372 secs] [Times: user=5.39 sys=0.01, real=0.10 secs] 
5723.201: [GC (Allocation Failure) [PSYoungGen: 26202640K->764722K(26355712K)] 27219310K->1781911K(29501440K), 0.1186953 secs] [Times: user=5.77 sys=0.01, real=0.11 secs] 
5726.783: [GC (Allocation Failure) [PSYoungGen: 26213170K->858323K(26355712K)] 27230359K->1875977K(29501440K), 0.1210475 secs] [Times: user=6.21 sys=0.01, real=0.12 secs] 
5730.613: [GC (Allocation Failure) [PSYoungGen: 26306771K->907258K(26355712K)] 27324425K->1925456K(29501440K), 0.1239784 secs] [Times: user=6.25 sys=0.00, real=0.12 secs] 
5734.112: [GC (Allocation Failure) [PSYoungGen: 26355706K->723797K(26355712K)] 27373904K->1742514K(29501440K), 0.1057607 secs] [Times: user=5.38 sys=0.01, real=0.10 secs] 
5737.888: [GC (Allocation Failure) [PSYoungGen: 26172245K->798811K(26355712K)] 27190962K->1818057K(29501440K), 0.1109733 secs] [Times: user=5.78 sys=0.00, real=0.11 secs] 
5741.584: [GC (Allocation Failure) [PSYoungGen: 26247259K->788550K(26355712K)] 27266505K->1808291K(29501440K), 0.1091179 secs] [Times: user=5.65 sys=0.00, real=0.11 secs] 
5745.184: [GC (Allocation Failure) [PSYoungGen: 26236998K->730085K(26355712K)] 27256739K->1750330K(29501440K), 0.1035011 secs] [Times: user=5.35 sys=0.00, real=0.10 secs] 
5748.938: [GC (Allocation Failure) [PSYoungGen: 26178533K->723168K(26355712K)] 27198778K->1743941K(29501440K), 0.1043840 secs] [Times: user=5.44 sys=0.00, real=0.11 secs] 
5752.606: [GC (Allocation Failure) [PSYoungGen: 26171616K->755586K(26355712K)] 27192389K->1776856K(29501440K), 0.1108673 secs] [Times: user=5.63 sys=0.00, real=0.11 secs] 
5756.251: [GC (Allocation Failure) [PSYoungGen: 26204034K->769167K(26355712K)] 27225304K->1790916K(29501440K), 0.1113378 secs] [Times: user=5.71 sys=0.01, real=0.11 secs] 
5759.944: [GC (Allocation Failure) [PSYoungGen: 26217615K->774677K(26355712K)] 27239364K->1796947K(29501440K), 0.1124711 secs] [Times: user=5.66 sys=0.01, real=0.11 secs] 
5763.767: [GC (Allocation Failure) [PSYoungGen: 26223125K->861947K(26355712K)] 27245395K->1884736K(29501440K), 0.1210732 secs] [Times: user=6.41 sys=0.00, real=0.12 secs] 
5767.598: [GC (Allocation Failure) [PSYoungGen: 26310395K->786750K(26355712K)] 27333184K->1810028K(29501440K), 0.1148703 secs] [Times: user=5.97 sys=0.00, real=0.12 secs] 
5771.260: [GC (Allocation Failure) [PSYoungGen: 26235198K->773038K(26355712K)] 27258476K->1796820K(29501440K), 0.1086492 secs] [Times: user=5.52 sys=0.01, real=0.11 secs] 
5774.853: [GC (Allocation Failure) [PSYoungGen: 26221486K->732387K(26355712K)] 27245268K->1756689K(29501440K), 0.1067407 secs] [Times: user=5.43 sys=0.00, real=0.10 secs] 
5778.626: [GC (Allocation Failure) [PSYoungGen: 26180835K->758310K(26355712K)] 27205137K->1783123K(29501440K), 0.1064435 secs] [Times: user=5.62 sys=0.01, real=0.11 secs] 
5782.309: [GC (Allocation Failure) [PSYoungGen: 26206758K->718891K(26355712K)] 27231571K->1744217K(29501440K), 0.0981347 secs] [Times: user=5.18 sys=0.01, real=0.10 secs] 
5785.905: [GC (Allocation Failure) [PSYoungGen: 26167339K->758494K(26355712K)] 27192665K->1784291K(29501440K), 0.1107358 secs] [Times: user=5.52 sys=0.01, real=0.11 secs] 
5789.608: [GC (Allocation Failure) [PSYoungGen: 26206942K->790135K(26355712K)] 27232739K->1816437K(29501440K), 0.1091267 secs] [Times: user=5.68 sys=0.00, real=0.11 secs] 
5793.337: [GC (Allocation Failure) [PSYoungGen: 26238583K->776936K(26355712K)] 27264885K->1803750K(29501440K), 0.1082187 secs] [Times: user=5.59 sys=0.01, real=0.11 secs] 
5796.971: [GC (Allocation Failure) [PSYoungGen: 26225384K->742090K(26355712K)] 27252198K->1769423K(29501440K), 0.1101382 secs] [Times: user=5.20 sys=0.01, real=0.11 secs] 
5800.580: [GC (Allocation Failure) [PSYoungGen: 26190538K->749659K(26355712K)] 27217871K->1777513K(29501440K), 0.1076444 secs] [Times: user=5.55 sys=0.00, real=0.10 secs] 
5804.144: [GC (Allocation Failure) [PSYoungGen: 26198107K->764559K(26355712K)] 27225961K->1792924K(29501440K), 0.1072882 secs] [Times: user=5.69 sys=0.00, real=0.11 secs] 
5807.740: [GC (Allocation Failure) [PSYoungGen: 26213007K->802360K(26355712K)] 27241372K->1831205K(29501440K), 0.1088908 secs] [Times: user=5.82 sys=0.00, real=0.11 secs] 
5811.375: [GC (Allocation Failure) [PSYoungGen: 26250808K->730211K(26355712K)] 27279653K->1759585K(29501440K), 0.1113594 secs] [Times: user=5.60 sys=0.00, real=0.11 secs] 
5815.018: [GC (Allocation Failure) [PSYoungGen: 26178659K->795205K(26355712K)] 27208033K->1825074K(29501440K), 0.1127423 secs] [Times: user=5.76 sys=0.00, real=0.12 secs] 
5818.658: [GC (Allocation Failure) [PSYoungGen: 26243653K->753875K(26355712K)] 27273522K->1784249K(29501440K), 0.1099383 secs] [Times: user=5.57 sys=0.00, real=0.11 secs] 
5822.211: [GC (Allocation Failure) [PSYoungGen: 26202323K->690227K(26355712K)] 27232697K->1721112K(29501440K), 0.1060106 secs] [Times: user=5.24 sys=0.00, real=0.10 secs] 
5825.787: [GC (Allocation Failure) [PSYoungGen: 26138675K->801261K(26355712K)] 27169560K->1832651K(29501440K), 0.1105124 secs] [Times: user=5.84 sys=0.01, real=0.11 secs] 
5829.477: [GC (Allocation Failure) [PSYoungGen: 26249709K->737642K(26355712K)] 27281099K->1769535K(29501440K), 0.1030026 secs] [Times: user=5.50 sys=0.01, real=0.11 secs] 
5833.218: [GC (Allocation Failure) [PSYoungGen: 26186090K->748026K(26355712K)] 27217983K->1780432K(29501440K), 0.1105422 secs] [Times: user=5.71 sys=0.00, real=0.11 secs] 
5836.779: [GC (Allocation Failure) [PSYoungGen: 26196474K->827869K(26355712K)] 27228880K->1860763K(29501440K), 0.1163965 secs] [Times: user=5.96 sys=0.01, real=0.12 secs] 
5840.473: [GC (Allocation Failure) [PSYoungGen: 26276317K->763118K(26355712K)] 27309211K->1796500K(29501440K), 0.1098622 secs] [Times: user=5.36 sys=0.01, real=0.11 secs] 
5844.080: [GC (Allocation Failure) [PSYoungGen: 26211566K->815620K(26355712K)] 27244948K->1849521K(29501440K), 0.1188700 secs] [Times: user=5.92 sys=0.00, real=0.11 secs] 
5847.735: [GC (Allocation Failure) [PSYoungGen: 26264068K->746591K(26355712K)] 27297969K->1781004K(29501440K), 0.1052387 secs] [Times: user=5.31 sys=0.00, real=0.11 secs] 
5851.277: [GC (Allocation Failure) [PSYoungGen: 26195039K->761198K(26355712K)] 27229452K->1796100K(29501440K), 0.1070998 secs] [Times: user=5.58 sys=0.00, real=0.11 secs] 
5854.981: [GC (Allocation Failure) [PSYoungGen: 26209646K->814308K(26355712K)] 27244548K->1849730K(29501440K), 0.1087224 secs] [Times: user=5.79 sys=0.00, real=0.10 secs] 
5858.471: [GC (Allocation Failure) [PSYoungGen: 26262756K->761237K(26355712K)] 27298178K->1797154K(29501440K), 0.1060783 secs] [Times: user=5.64 sys=0.00, real=0.10 secs] 
5862.132: [GC (Allocation Failure) [PSYoungGen: 26209685K->777226K(26355712K)] 27245602K->1813664K(29501440K), 0.1154483 secs] [Times: user=5.74 sys=0.01, real=0.11 secs] 
5865.849: [GC (Allocation Failure) [PSYoungGen: 26225674K->855888K(26355712K)] 27262112K->1892830K(29501440K), 0.1192624 secs] [Times: user=6.20 sys=0.00, real=0.12 secs] 
5869.483: [GC (Allocation Failure) [PSYoungGen: 26304336K->792669K(26355712K)] 27341278K->1830027K(29501440K), 0.1138274 secs] [Times: user=5.51 sys=0.01, real=0.11 secs] 
5873.024: [GC (Allocation Failure) [PSYoungGen: 26241117K->791034K(26355712K)] 27278475K->1828911K(29501440K), 0.1067735 secs] [Times: user=5.65 sys=0.00, real=0.11 secs] 
5876.677: [GC (Allocation Failure) [PSYoungGen: 26239482K->798128K(26355712K)] 27277359K->1836525K(29501440K), 0.1148103 secs] [Times: user=5.67 sys=0.00, real=0.12 secs] 
5880.348: [GC (Allocation Failure) [PSYoungGen: 26246576K->769447K(26355712K)] 27284973K->1808340K(29501440K), 0.1077643 secs] [Times: user=5.73 sys=0.01, real=0.11 secs] 
5883.893: [GC (Allocation Failure) [PSYoungGen: 26217895K->783318K(26355712K)] 27256788K->1822731K(29501440K), 0.1109761 secs] [Times: user=5.72 sys=0.01, real=0.11 secs] 
5887.508: [GC (Allocation Failure) [PSYoungGen: 26231766K->818930K(26355712K)] 27271179K->1858816K(29501440K), 0.1113294 secs] [Times: user=5.82 sys=0.00, real=0.11 secs] 
5891.105: [GC (Allocation Failure) [PSYoungGen: 26267378K->769446K(26355712K)] 27307264K->1809788K(29501440K), 0.1120718 secs] [Times: user=5.34 sys=0.01, real=0.11 secs] 
5894.573: [GC (Allocation Failure) [PSYoungGen: 26217894K->731058K(26355712K)] 27258236K->1771895K(29501440K), 0.1078547 secs] [Times: user=5.55 sys=0.01, real=0.11 secs] 
5898.142: [GC (Allocation Failure) [PSYoungGen: 26179506K->789154K(26355712K)] 27220343K->1830471K(29501440K), 0.1146084 secs] [Times: user=5.77 sys=0.01, real=0.11 secs] 
5901.595: [GC (Allocation Failure) [PSYoungGen: 26237602K->734139K(26355712K)] 27278919K->1775969K(29501440K), 0.1028276 secs] [Times: user=5.37 sys=0.01, real=0.10 secs] 
5905.195: [GC (Allocation Failure) [PSYoungGen: 26182587K->765873K(26355712K)] 27224417K->1808206K(29501440K), 0.1130851 secs] [Times: user=5.73 sys=0.02, real=0.11 secs] 
5908.917: [GC (Allocation Failure) [PSYoungGen: 26214321K->773571K(26355712K)] 27256654K->1816400K(29501440K), 0.1089780 secs] [Times: user=5.64 sys=0.01, real=0.11 secs] 
5912.423: [GC (Allocation Failure) [PSYoungGen: 26222019K->769279K(26355712K)] 27264848K->1812637K(29501440K), 0.1139972 secs] [Times: user=5.73 sys=0.00, real=0.11 secs] 
5915.954: [GC (Allocation Failure) [PSYoungGen: 26217727K->728224K(26355712K)] 27261085K->1772077K(29501440K), 0.1098969 secs] [Times: user=5.20 sys=0.00, real=0.11 secs] 
5919.610: [GC (Allocation Failure) [PSYoungGen: 26176672K->792406K(26355712K)] 27220525K->1836787K(29501440K), 0.1095988 secs] [Times: user=5.86 sys=0.00, real=0.11 secs] 
5923.202: [GC (Allocation Failure) [PSYoungGen: 26240854K->693425K(26355712K)] 27285235K->1738326K(29501440K), 0.1045910 secs] [Times: user=5.27 sys=0.00, real=0.10 secs] 
5926.645: [GC (Allocation Failure) [PSYoungGen: 26141873K->773334K(26355712K)] 27186774K->1818715K(29501440K), 0.1092333 secs] [Times: user=5.73 sys=0.00, real=0.11 secs] 
5930.187: [GC (Allocation Failure) [PSYoungGen: 26221782K->761020K(26355712K)] 27267163K->1806929K(29501440K), 0.1087349 secs] [Times: user=5.60 sys=0.00, real=0.11 secs] 
5933.830: [GC (Allocation Failure) [PSYoungGen: 26209468K->750977K(26355712K)] 27255377K->1797423K(29501440K), 0.1065607 secs] [Times: user=5.44 sys=0.00, real=0.10 secs] 
5937.471: [GC (Allocation Failure) [PSYoungGen: 26199425K->729189K(26355712K)] 27245871K->1776130K(29501440K), 0.1119251 secs] [Times: user=5.24 sys=0.00, real=0.11 secs] 
5940.998: [GC (Allocation Failure) [PSYoungGen: 26177637K->770375K(26355712K)] 27224578K->1817845K(29501440K), 0.1061560 secs] [Times: user=5.62 sys=0.00, real=0.11 secs] 
5944.538: [GC (Allocation Failure) [PSYoungGen: 26218823K->743362K(26355712K)] 27266293K->1791327K(29501440K), 0.1063742 secs] [Times: user=5.54 sys=0.00, real=0.11 secs] 
5948.284: [GC (Allocation Failure) [PSYoungGen: 26191810K->907237K(26355712K)] 27239775K->2023482K(29501440K), 0.1355671 secs] [Times: user=7.14 sys=0.01, real=0.13 secs] 
5951.743: [GC (Allocation Failure) [PSYoungGen: 26355685K->770540K(26355712K)] 27471930K->1887265K(29501440K), 0.1088355 secs] [Times: user=5.65 sys=0.01, real=0.11 secs] 
5955.270: [GC (Allocation Failure) [PSYoungGen: 26218988K->771006K(26355712K)] 27335713K->1888251K(29501440K), 0.1091202 secs] [Times: user=5.61 sys=0.01, real=0.11 secs] 
5958.783: [GC (Allocation Failure) [PSYoungGen: 26219454K->767706K(26355712K)] 27336699K->1885344K(29501440K), 0.1206731 secs] [Times: user=5.50 sys=0.01, real=0.12 secs] 
5962.237: [GC (Allocation Failure) [PSYoungGen: 26216154K->846440K(26355712K)] 27333792K->1964549K(29501440K), 0.1129645 secs] [Times: user=6.06 sys=0.01, real=0.12 secs] 
5965.707: [GC (Allocation Failure) [PSYoungGen: 26294888K->776483K(26355712K)] 27412997K->1895136K(29501440K), 0.1086658 secs] [Times: user=5.71 sys=0.01, real=0.11 secs] 
5969.287: [GC (Allocation Failure) [PSYoungGen: 26224931K->745111K(26355712K)] 27343584K->1864212K(29501440K), 0.1116133 secs] [Times: user=5.38 sys=0.00, real=0.11 secs] 
5972.743: [GC (Allocation Failure) [PSYoungGen: 26193559K->768549K(26355712K)] 27312660K->1888163K(29501440K), 0.1112062 secs] [Times: user=5.73 sys=0.00, real=0.11 secs] 
5976.345: [GC (Allocation Failure) [PSYoungGen: 26216997K->707617K(26355712K)] 27336611K->1827758K(29501440K), 0.0992497 secs] [Times: user=5.13 sys=0.00, real=0.10 secs] 
5979.895: [GC (Allocation Failure) [PSYoungGen: 26156065K->767739K(26355712K)] 27276206K->1888368K(29501440K), 0.1056888 secs] [Times: user=5.53 sys=0.01, real=0.11 secs] 
5983.264: [GC (Allocation Failure) [PSYoungGen: 26216187K->765871K(26355712K)] 27336816K->1886996K(29501440K), 0.1066012 secs] [Times: user=5.28 sys=0.00, real=0.11 secs] 
5986.790: [GC (Allocation Failure) [PSYoungGen: 26214319K->743184K(26355712K)] 27335444K->1864805K(29501440K), 0.1054762 secs] [Times: user=5.37 sys=0.00, real=0.11 secs] 
5990.236: [GC (Allocation Failure) [PSYoungGen: 26191632K->760400K(26355712K)] 27313253K->1882525K(29501440K), 0.1135009 secs] [Times: user=5.74 sys=0.00, real=0.11 secs] 
5993.770: [GC (Allocation Failure) [PSYoungGen: 26208848K->769075K(26355712K)] 27330973K->1891712K(29501440K), 0.1087656 secs] [Times: user=5.64 sys=0.00, real=0.10 secs] 
5997.334: [GC (Allocation Failure) [PSYoungGen: 26217523K->733215K(26355712K)] 27340160K->1856373K(29501440K), 0.1064747 secs] [Times: user=5.40 sys=0.00, real=0.11 secs] 
6000.980: [GC (Allocation Failure) [PSYoungGen: 26181663K->801798K(26355712K)] 27304821K->1925644K(29501440K), 0.1137322 secs] [Times: user=5.96 sys=0.00, real=0.12 secs] 
6004.528: [GC (Allocation Failure) [PSYoungGen: 26250246K->732076K(26355712K)] 27374092K->1856442K(29501440K), 0.1025175 secs] [Times: user=5.31 sys=0.01, real=0.11 secs] 
6008.046: [GC (Allocation Failure) [PSYoungGen: 26180524K->810645K(26355712K)] 27304890K->1935522K(29501440K), 0.1113744 secs] [Times: user=5.69 sys=0.01, real=0.11 secs] 
6011.505: [GC (Allocation Failure) [PSYoungGen: 26259093K->769126K(26355712K)] 27383970K->1894499K(29501440K), 0.1223111 secs] [Times: user=6.37 sys=0.01, real=0.12 secs] 
6015.093: [GC (Allocation Failure) [PSYoungGen: 26217574K->851713K(26355712K)] 27342947K->1977606K(29501440K), 0.1356698 secs] [Times: user=7.00 sys=0.01, real=0.13 secs] 
6018.477: [GC (Allocation Failure) [PSYoungGen: 26300161K->783665K(26355712K)] 27426054K->1910054K(29501440K), 0.1307925 secs] [Times: user=6.58 sys=0.01, real=0.13 secs] 
6021.865: [GC (Allocation Failure) [PSYoungGen: 26232113K->790992K(26355712K)] 27358502K->1917902K(29501440K), 0.1144750 secs] [Times: user=5.70 sys=0.01, real=0.11 secs] 
6025.326: [GC (Allocation Failure) [PSYoungGen: 26239440K->822050K(26355712K)] 27366350K->1949456K(29501440K), 0.1189642 secs] [Times: user=6.00 sys=0.01, real=0.12 secs] 
6028.862: [GC (Allocation Failure) [PSYoungGen: 26270498K->811745K(26355712K)] 27397904K->1939638K(29501440K), 0.1151148 secs] [Times: user=5.88 sys=0.01, real=0.11 secs] 
6032.261: [GC (Allocation Failure) [PSYoungGen: 26260193K->762987K(26355712K)] 27388086K->1891377K(29501440K), 0.1087045 secs] [Times: user=5.78 sys=0.00, real=0.10 secs] 
6035.797: [GC (Allocation Failure) [PSYoungGen: 26211435K->812381K(26355712K)] 27339825K->1941306K(29501440K), 0.1135088 secs] [Times: user=5.85 sys=0.00, real=0.12 secs] 
6039.103: [GC (Allocation Failure) [PSYoungGen: 26260829K->805335K(26355712K)] 27389754K->1934756K(29501440K), 0.1126353 secs] [Times: user=5.76 sys=0.00, real=0.11 secs] 
6042.577: [GC (Allocation Failure) [PSYoungGen: 26253783K->790650K(26355712K)] 27383204K->1920560K(29501440K), 0.1110455 secs] [Times: user=5.70 sys=0.00, real=0.11 secs] 
6045.979: [GC (Allocation Failure) [PSYoungGen: 26239098K->757545K(26355712K)] 27369008K->1887951K(29501440K), 0.1151703 secs] [Times: user=5.72 sys=0.00, real=0.12 secs] 
6049.342: [GC (Allocation Failure) [PSYoungGen: 26205993K->714984K(26355712K)] 27336399K->1845925K(29501440K), 0.1024138 secs] [Times: user=5.36 sys=0.00, real=0.10 secs] 
6052.920: [GC (Allocation Failure) [PSYoungGen: 26163432K->749922K(26355712K)] 27294373K->1881407K(29501440K), 0.1119935 secs] [Times: user=5.57 sys=0.00, real=0.11 secs] 
6056.334: [GC (Allocation Failure) [PSYoungGen: 26198370K->818802K(26355712K)] 27329855K->1950807K(29501440K), 0.1169353 secs] [Times: user=5.82 sys=0.00, real=0.12 secs] 
6059.843: [GC (Allocation Failure) [PSYoungGen: 26267250K->811960K(26355712K)] 27399255K->1944478K(29501440K), 0.1132408 secs] [Times: user=5.74 sys=0.00, real=0.11 secs] 
6063.265: [GC (Allocation Failure) [PSYoungGen: 26260408K->779069K(26355712K)] 27392926K->1912091K(29501440K), 0.1138980 secs] [Times: user=5.69 sys=0.01, real=0.11 secs] 
6066.735: [GC (Allocation Failure) [PSYoungGen: 26227517K->753064K(26355712K)] 27360539K->1886598K(29501440K), 0.1077499 secs] [Times: user=5.60 sys=0.01, real=0.11 secs] 
6070.282: [GC (Allocation Failure) [PSYoungGen: 26201512K->798401K(26355712K)] 27335046K->1932470K(29501440K), 0.1120021 secs] [Times: user=5.81 sys=0.00, real=0.11 secs] 
6073.786: [GC (Allocation Failure) [PSYoungGen: 26246849K->733523K(26355712K)] 27380918K->1868112K(29501440K), 0.1055358 secs] [Times: user=5.58 sys=0.00, real=0.11 secs] 
6077.264: [GC (Allocation Failure) [PSYoungGen: 26181971K->791077K(26355712K)] 27316560K->1926163K(29501440K), 0.1108651 secs] [Times: user=5.87 sys=0.00, real=0.11 secs] 
6080.665: [GC (Allocation Failure) [PSYoungGen: 26239525K->792992K(26355712K)] 27374611K->1928573K(29501440K), 0.1118044 secs] [Times: user=5.89 sys=0.01, real=0.11 secs] 
6084.138: [GC (Allocation Failure) [PSYoungGen: 26241440K->868467K(26355712K)] 27377021K->2004576K(29501440K), 0.1187217 secs] [Times: user=6.32 sys=0.00, real=0.12 secs] 
6087.612: [GC (Allocation Failure) [PSYoungGen: 26316915K->787578K(26355712K)] 27453024K->1924200K(29501440K), 0.1092970 secs] [Times: user=5.68 sys=0.01, real=0.11 secs] 
6091.192: [GC (Allocation Failure) [PSYoungGen: 26236026K->755932K(26355712K)] 27372648K->1893050K(29501440K), 0.1051343 secs] [Times: user=5.45 sys=0.00, real=0.10 secs] 
6094.750: [GC (Allocation Failure) [PSYoungGen: 26204380K->791583K(26355712K)] 27341498K->1929205K(29501440K), 0.1085218 secs] [Times: user=5.72 sys=0.00, real=0.11 secs] 
6098.114: [GC (Allocation Failure) [PSYoungGen: 26240031K->813349K(26355712K)] 27377653K->1951475K(29501440K), 0.1092699 secs] [Times: user=5.83 sys=0.00, real=0.11 secs] 
6101.456: [GC (Allocation Failure) [PSYoungGen: 26261797K->759298K(26355712K)] 27399923K->1897943K(29501440K), 0.1099137 secs] [Times: user=5.62 sys=0.00, real=0.11 secs] 
6104.939: [GC (Allocation Failure) [PSYoungGen: 26207746K->871458K(26355712K)] 27346391K->2010592K(29501440K), 0.1195814 secs] [Times: user=6.16 sys=0.01, real=0.12 secs] 
6108.346: [GC (Allocation Failure) [PSYoungGen: 26319906K->741159K(26355712K)] 27459040K->1880804K(29501440K), 0.1054244 secs] [Times: user=5.41 sys=0.00, real=0.11 secs] 
6111.893: [GC (Allocation Failure) [PSYoungGen: 26189607K->798657K(26355712K)] 27329252K->1938783K(29501440K), 0.1117533 secs] [Times: user=5.79 sys=0.00, real=0.11 secs] 
6115.386: [GC (Allocation Failure) [PSYoungGen: 26247105K->772162K(26355712K)] 27387231K->1912792K(29501440K), 0.1106284 secs] [Times: user=5.50 sys=0.00, real=0.11 secs] 
6118.900: [GC (Allocation Failure) [PSYoungGen: 26220610K->860342K(26355712K)] 27361240K->2001484K(29501440K), 0.1316255 secs] [Times: user=6.89 sys=0.00, real=0.14 secs] 
6122.286: [GC (Allocation Failure) [PSYoungGen: 26308790K->808643K(26355712K)] 27449932K->1950304K(29501440K), 0.1360777 secs] [Times: user=6.94 sys=0.01, real=0.14 secs] 
6125.722: [GC (Allocation Failure) [PSYoungGen: 26257091K->791361K(26355712K)] 27398752K->1933478K(29501440K), 0.1136219 secs] [Times: user=5.57 sys=0.01, real=0.11 secs] 
6129.044: [GC (Allocation Failure) [PSYoungGen: 26239809K->762039K(26355712K)] 27381926K->1904661K(29501440K), 0.1080703 secs] [Times: user=5.47 sys=0.01, real=0.11 secs] 
6132.594: [GC (Allocation Failure) [PSYoungGen: 26210487K->747299K(26355712K)] 27353109K->1890393K(29501440K), 0.1081212 secs] [Times: user=5.59 sys=0.00, real=0.11 secs] 
6136.020: [GC (Allocation Failure) [PSYoungGen: 26195747K->773072K(26355712K)] 27338841K->1916661K(29501440K), 0.1125089 secs] [Times: user=5.58 sys=0.01, real=0.11 secs] 
6139.401: [GC (Allocation Failure) [PSYoungGen: 26221520K->723054K(26355712K)] 27365109K->1867172K(29501440K), 0.1098475 secs] [Times: user=5.54 sys=0.01, real=0.11 secs] 
6142.928: [GC (Allocation Failure) [PSYoungGen: 26171502K->770185K(26355712K)] 27315620K->1914831K(29501440K), 0.1125342 secs] [Times: user=5.65 sys=0.01, real=0.12 secs] 
6146.356: [GC (Allocation Failure) [PSYoungGen: 26218633K->753453K(26355712K)] 27363279K->1898602K(29501440K), 0.1093341 secs] [Times: user=5.42 sys=0.00, real=0.11 secs] 
6149.717: [GC (Allocation Failure) [PSYoungGen: 26201901K->734942K(26355712K)] 27347050K->1880596K(29501440K), 0.1167737 secs] [Times: user=5.48 sys=0.00, real=0.12 secs] 
6153.120: [GC (Allocation Failure) [PSYoungGen: 26183390K->858923K(26355712K)] 27329044K->2005104K(29501440K), 0.1151942 secs] [Times: user=6.02 sys=0.00, real=0.12 secs] 
6156.555: [GC (Allocation Failure) [PSYoungGen: 26307371K->807029K(26355712K)] 27453552K->1953722K(29501440K), 0.1132184 secs] [Times: user=5.72 sys=0.00, real=0.11 secs] 
6159.958: [GC (Allocation Failure) [PSYoungGen: 26255477K->828540K(26355712K)] 27402170K->1975745K(29501440K), 0.1149936 secs] [Times: user=6.04 sys=0.00, real=0.12 secs] 
6163.298: [GC (Allocation Failure) [PSYoungGen: 26276988K->771913K(26355712K)] 27424193K->1919614K(29501440K), 0.1101411 secs] [Times: user=5.70 sys=0.01, real=0.11 secs] 
6166.758: [GC (Allocation Failure) [PSYoungGen: 26220361K->778620K(26355712K)] 27368062K->1926842K(29501440K), 0.1132342 secs] [Times: user=5.63 sys=0.01, real=0.12 secs] 
6170.139: [GC (Allocation Failure) [PSYoungGen: 26227068K->777292K(26355712K)] 27375290K->1926002K(29501440K), 0.1097553 secs] [Times: user=5.52 sys=0.00, real=0.11 secs] 
6173.551: [GC (Allocation Failure) [PSYoungGen: 26225740K->796389K(26355712K)] 27374450K->1945626K(29501440K), 0.1116240 secs] [Times: user=5.80 sys=0.00, real=0.11 secs] 
6177.044: [GC (Allocation Failure) [PSYoungGen: 26244837K->808780K(26355712K)] 27394074K->1958529K(29501440K), 0.1242839 secs] [Times: user=6.03 sys=0.02, real=0.12 secs] 
6180.385: [GC (Allocation Failure) [PSYoungGen: 26257228K->761677K(26355712K)] 27406977K->1911914K(29501440K), 0.1115074 secs] [Times: user=5.67 sys=0.01, real=0.11 secs] 
6183.690: [GC (Allocation Failure) [PSYoungGen: 26210125K->818317K(26355712K)] 27360362K->1969090K(29501440K), 0.1161720 secs] [Times: user=6.14 sys=0.01, real=0.12 secs] 
6187.203: [GC (Allocation Failure) [PSYoungGen: 26266765K->766278K(26355712K)] 27417538K->1917555K(29501440K), 0.1128323 secs] [Times: user=5.77 sys=0.01, real=0.11 secs] 
6190.577: [GC (Allocation Failure) [PSYoungGen: 26214726K->830171K(26355712K)] 27366003K->1981952K(29501440K), 0.1150369 secs] [Times: user=6.03 sys=0.00, real=0.12 secs] 
6193.895: [GC (Allocation Failure) [PSYoungGen: 26278619K->780654K(26355712K)] 27430400K->1932931K(29501440K), 0.1118362 secs] [Times: user=5.89 sys=0.01, real=0.11 secs] 
6197.255: [GC (Allocation Failure) [PSYoungGen: 26229102K->862679K(26355712K)] 27381379K->2015493K(29501440K), 0.1189842 secs] [Times: user=6.34 sys=0.01, real=0.12 secs] 
6200.682: [GC (Allocation Failure) [PSYoungGen: 26311127K->834667K(26355712K)] 27463941K->1987985K(29501440K), 0.1129850 secs] [Times: user=5.94 sys=0.00, real=0.11 secs] 
6204.138: [GC (Allocation Failure) [PSYoungGen: 26283115K->786429K(26355712K)] 27436433K->1940226K(29501440K), 0.1102585 secs] [Times: user=5.60 sys=0.00, real=0.11 secs] 
6207.495: [GC (Allocation Failure) [PSYoungGen: 26234877K->827993K(26355712K)] 27388674K->1982263K(29501440K), 0.1235893 secs] [Times: user=5.62 sys=0.01, real=0.12 secs] 
6210.895: [GC (Allocation Failure) [PSYoungGen: 26276441K->853890K(26355712K)] 27430711K->2008615K(29501440K), 0.1211501 secs] [Times: user=5.97 sys=0.00, real=0.12 secs] 
6214.337: [GC (Allocation Failure) [PSYoungGen: 26302338K->824660K(26355712K)] 27457063K->1979874K(29501440K), 0.1163977 secs] [Times: user=5.95 sys=0.00, real=0.12 secs] 
6217.728: [GC (Allocation Failure) [PSYoungGen: 26273108K->799283K(26355712K)] 27428322K->1954976K(29501440K), 0.1115672 secs] [Times: user=5.81 sys=0.00, real=0.11 secs] 
6221.098: [GC (Allocation Failure) [PSYoungGen: 26247731K->774773K(26355712K)] 27403424K->1930930K(29501440K), 0.1066700 secs] [Times: user=5.51 sys=0.00, real=0.11 secs] 
6224.515: [GC (Allocation Failure) [PSYoungGen: 26223221K->834353K(26355712K)] 27379378K->1991022K(29501440K), 0.1187895 secs] [Times: user=6.05 sys=0.01, real=0.12 secs] 
6227.959: [GC (Allocation Failure) [PSYoungGen: 26282801K->828882K(26355712K)] 27439470K->1986039K(29501440K), 0.1142178 secs] [Times: user=5.90 sys=0.00, real=0.12 secs] 
6231.265: [GC (Allocation Failure) [PSYoungGen: 26277330K->776422K(26355712K)] 27434487K->1934108K(29501440K), 0.1091756 secs] [Times: user=5.64 sys=0.01, real=0.11 secs] 
6234.702: [GC (Allocation Failure) [PSYoungGen: 26224870K->788031K(26355712K)] 27382556K->1946213K(29501440K), 0.1121370 secs] [Times: user=5.62 sys=0.01, real=0.11 secs] 
6238.047: [GC (Allocation Failure) [PSYoungGen: 26236479K->839970K(26355712K)] 27394661K->1998679K(29501440K), 0.1267422 secs] [Times: user=6.61 sys=0.00, real=0.13 secs] 
6241.449: [GC (Allocation Failure) [PSYoungGen: 26288418K->870340K(26355712K)] 27447127K->2029561K(29501440K), 0.1328469 secs] [Times: user=6.65 sys=0.00, real=0.14 secs] 
6244.750: [GC (Allocation Failure) [PSYoungGen: 26318788K->783764K(26355712K)] 27478009K->1943473K(29501440K), 0.1100093 secs] [Times: user=5.59 sys=0.01, real=0.11 secs] 
6248.086: [GC (Allocation Failure) [PSYoungGen: 26232212K->806993K(26355712K)] 27391921K->1967255K(29501440K), 0.1087380 secs] [Times: user=5.75 sys=0.01, real=0.11 secs] 
6251.566: [GC (Allocation Failure) [PSYoungGen: 26255441K->758869K(26355712K)] 27415703K->1919643K(29501440K), 0.1031242 secs] [Times: user=5.34 sys=0.01, real=0.10 secs] 
6255.012: [GC (Allocation Failure) [PSYoungGen: 26207317K->835225K(26355712K)] 27368091K->1996511K(29501440K), 0.1253296 secs] [Times: user=6.41 sys=0.00, real=0.12 secs] 
6258.334: [GC (Allocation Failure) [PSYoungGen: 26283673K->841829K(26355712K)] 27444959K->2003634K(29501440K), 0.1228489 secs] [Times: user=6.22 sys=0.00, real=0.12 secs] 
6261.565: [GC (Allocation Failure) [PSYoungGen: 26290277K->790038K(26355712K)] 27452082K->1952340K(29501440K), 0.1102677 secs] [Times: user=5.61 sys=0.01, real=0.11 secs] 
6264.960: [GC (Allocation Failure) [PSYoungGen: 26238486K->797841K(26355712K)] 27400788K->1960646K(29501440K), 0.1119546 secs] [Times: user=5.66 sys=0.00, real=0.12 secs] 
6268.417: [GC (Allocation Failure) [PSYoungGen: 26246289K->872810K(26355712K)] 27409094K->2036128K(29501440K), 0.1156689 secs] [Times: user=6.12 sys=0.01, real=0.12 secs] 
6271.691: [GC (Allocation Failure) [PSYoungGen: 26321258K->772431K(26355712K)] 27484576K->1936268K(29501440K), 0.1050550 secs] [Times: user=5.63 sys=0.00, real=0.10 secs] 
6275.115: [GC (Allocation Failure) [PSYoungGen: 26220879K->775187K(26355712K)] 27384716K->1939552K(29501440K), 0.1130245 secs] [Times: user=5.67 sys=0.01, real=0.11 secs] 
6278.644: [GC (Allocation Failure) [PSYoungGen: 26223635K->840325K(26355712K)] 27388000K->2005162K(29501440K), 0.1184529 secs] [Times: user=5.94 sys=0.00, real=0.12 secs] 
6281.891: [GC (Allocation Failure) [PSYoungGen: 26288773K->813882K(26355712K)] 27453610K->1979255K(29501440K), 0.1113211 secs] [Times: user=5.91 sys=0.00, real=0.11 secs] 
6285.329: [GC (Allocation Failure) [PSYoungGen: 26262330K->765913K(26355712K)] 27427703K->1931791K(29501440K), 0.1082046 secs] [Times: user=5.74 sys=0.00, real=0.11 secs] 
6288.586: [GC (Allocation Failure) [PSYoungGen: 26214361K->883244K(26355712K)] 27380239K->2049593K(29501440K), 0.1231783 secs] [Times: user=6.35 sys=0.00, real=0.12 secs] 
6292.059: [GC (Allocation Failure) [PSYoungGen: 26331692K->848304K(26355712K)] 27498041K->2015182K(29501440K), 0.1181265 secs] [Times: user=6.05 sys=0.00, real=0.12 secs] 
6295.406: [GC (Allocation Failure) [PSYoungGen: 26296752K->790506K(26355712K)] 27463630K->1957895K(29501440K), 0.1230613 secs] [Times: user=6.12 sys=0.01, real=0.12 secs] 
6298.851: [GC (Allocation Failure) [PSYoungGen: 26238954K->762601K(26355712K)] 27406343K->1930503K(29501440K), 0.1077205 secs] [Times: user=5.68 sys=0.01, real=0.10 secs] 
6302.214: [GC (Allocation Failure) [PSYoungGen: 26211049K->758893K(26355712K)] 27378951K->1927314K(29501440K), 0.1127463 secs] [Times: user=5.59 sys=0.00, real=0.11 secs] 
6305.618: [GC (Allocation Failure) [PSYoungGen: 26207341K->762800K(26355712K)] 27375762K->1931718K(29501440K), 0.1106038 secs] [Times: user=5.80 sys=0.01, real=0.11 secs] 
6308.993: [GC (Allocation Failure) [PSYoungGen: 26211248K->865308K(26355712K)] 27380166K->2034753K(29501440K), 0.1162904 secs] [Times: user=6.06 sys=0.00, real=0.11 secs] 
6312.494: [GC (Allocation Failure) [PSYoungGen: 26313756K->744873K(26355712K)] 27483201K->1914798K(29501440K), 0.1165832 secs] [Times: user=5.40 sys=0.01, real=0.12 secs] 
6315.865: [GC (Allocation Failure) [PSYoungGen: 26193321K->839929K(26355712K)] 27363246K->2010358K(29501440K), 0.1171760 secs] [Times: user=6.11 sys=0.01, real=0.12 secs] 
6319.115: [GC (Allocation Failure) [PSYoungGen: 26288377K->789397K(26355712K)] 27458806K->1960355K(29501440K), 0.1296703 secs] [Times: user=6.41 sys=0.00, real=0.13 secs] 
6322.333: [GC (Allocation Failure) [PSYoungGen: 26237845K->845396K(26355712K)] 27408803K->2016817K(29501440K), 0.1349861 secs] [Times: user=6.66 sys=0.01, real=0.13 secs] 
6325.653: [GC (Allocation Failure) [PSYoungGen: 26293844K->767897K(26355712K)] 27465265K->1939806K(29501440K), 0.1091850 secs] [Times: user=5.71 sys=0.00, real=0.11 secs] 
6328.965: [GC (Allocation Failure) [PSYoungGen: 26216345K->791626K(26355712K)] 27388254K->1964056K(29501440K), 0.1133400 secs] [Times: user=5.93 sys=0.00, real=0.11 secs] 
6332.427: [GC (Allocation Failure) [PSYoungGen: 26240074K->907261K(26355712K)] 27412504K->2093683K(29501440K), 0.1291603 secs] [Times: user=6.38 sys=0.01, real=0.13 secs] 
6335.541: [GC (Allocation Failure) [PSYoungGen: 26355709K->846078K(26355712K)] 27542131K->2033019K(29501440K), 0.1154424 secs] [Times: user=5.92 sys=0.00, real=0.11 secs] 
6338.825: [GC (Allocation Failure) [PSYoungGen: 26294526K->751448K(26355712K)] 27481467K->1938886K(29501440K), 0.1046185 secs] [Times: user=5.47 sys=0.01, real=0.10 secs] 
6342.169: [GC (Allocation Failure) [PSYoungGen: 26199896K->805289K(26355712K)] 27387334K->1993239K(29501440K), 0.1112755 secs] [Times: user=5.68 sys=0.00, real=0.12 secs] 
6345.465: [GC (Allocation Failure) [PSYoungGen: 26253737K->809246K(26355712K)] 27441687K->1997691K(29501440K), 0.1210697 secs] [Times: user=6.36 sys=0.00, real=0.12 secs] 
6348.808: [GC (Allocation Failure) [PSYoungGen: 26257694K->778368K(26355712K)] 27446139K->1967301K(29501440K), 0.1059632 secs] [Times: user=5.55 sys=0.00, real=0.11 secs] 
6352.100: [GC (Allocation Failure) [PSYoungGen: 26226816K->783619K(26355712K)] 27415749K->1973056K(29501440K), 0.1077736 secs] [Times: user=5.63 sys=0.00, real=0.11 secs] 
6355.679: [GC (Allocation Failure) [PSYoungGen: 26232067K->831004K(26355712K)] 27421504K->2020938K(29501440K), 0.1162766 secs] [Times: user=6.08 sys=0.01, real=0.12 secs] 
6358.835: [GC (Allocation Failure) [PSYoungGen: 26279452K->851583K(26355712K)] 27469386K->2041980K(29501440K), 0.1180932 secs] [Times: user=6.06 sys=0.01, real=0.12 secs] 
6362.205: [GC (Allocation Failure) [PSYoungGen: 26300031K->756739K(26355712K)] 27490428K->1947656K(29501440K), 0.1171187 secs] [Times: user=5.66 sys=0.02, real=0.12 secs] 
6365.486: [GC (Allocation Failure) [PSYoungGen: 26205187K->754235K(26355712K)] 27396104K->1945656K(29501440K), 0.1143340 secs] [Times: user=5.63 sys=0.01, real=0.12 secs] 
6368.850: [GC (Allocation Failure) [PSYoungGen: 26202683K->857678K(26355712K)] 27394104K->2049587K(29501440K), 0.1183678 secs] [Times: user=6.18 sys=0.01, real=0.12 secs] 
6372.197: [GC (Allocation Failure) [PSYoungGen: 26306126K->813471K(26355712K)] 27498035K->2005868K(29501440K), 0.1215276 secs] [Times: user=6.29 sys=0.00, real=0.12 secs] 
6375.388: [GC (Allocation Failure) [PSYoungGen: 26261919K->802290K(26355712K)] 27454316K->1995143K(29501440K), 0.1163814 secs] [Times: user=5.98 sys=0.01, real=0.12 secs] 
6378.724: [GC (Allocation Failure) [PSYoungGen: 26250738K->789846K(26355712K)] 27443591K->1983204K(29501440K), 0.1141073 secs] [Times: user=5.73 sys=0.01, real=0.11 secs] 
6382.128: [GC (Allocation Failure) [PSYoungGen: 26238294K->805488K(26355712K)] 27431652K->1999597K(29501440K), 0.1120252 secs] [Times: user=5.72 sys=0.00, real=0.11 secs] 
6385.452: [GC (Allocation Failure) [PSYoungGen: 26253936K->785124K(26355712K)] 27448045K->1979761K(29501440K), 0.1140039 secs] [Times: user=5.77 sys=0.00, real=0.11 secs] 
6388.710: [GC (Allocation Failure) [PSYoungGen: 26233572K->750121K(26355712K)] 27428209K->1945270K(29501440K), 0.1056427 secs] [Times: user=5.47 sys=0.00, real=0.10 secs] 
6391.939: [GC (Allocation Failure) [PSYoungGen: 26198569K->755568K(26355712K)] 27393718K->1951198K(29501440K), 0.1064798 secs] [Times: user=5.51 sys=0.00, real=0.11 secs] 
6395.158: [GC (Allocation Failure) [PSYoungGen: 26204016K->810184K(26355712K)] 27399646K->2006333K(29501440K), 0.1132847 secs] [Times: user=5.91 sys=0.00, real=0.12 secs] 
6398.453: [GC (Allocation Failure) [PSYoungGen: 26258632K->885689K(26355712K)] 27454781K->2082334K(29501440K), 0.1206135 secs] [Times: user=6.19 sys=0.00, real=0.12 secs] 
6401.604: [GC (Allocation Failure) [PSYoungGen: 26334137K->765195K(26355712K)] 27530782K->1962312K(29501440K), 0.1094070 secs] [Times: user=5.39 sys=0.00, real=0.11 secs] 
6404.936: [GC (Allocation Failure) [PSYoungGen: 26213643K->748606K(26355712K)] 27410760K->1946251K(29501440K), 0.1067265 secs] [Times: user=5.45 sys=0.00, real=0.11 secs] 
6408.303: [GC (Allocation Failure) [PSYoungGen: 26197054K->882371K(26355712K)] 27394699K->2080505K(29501440K), 0.1146585 secs] [Times: user=6.10 sys=0.00, real=0.11 secs] 
6411.578: [GC (Allocation Failure) [PSYoungGen: 26330819K->770016K(26355712K)] 27528953K->1968670K(29501440K), 0.1212807 secs] [Times: user=6.28 sys=0.00, real=0.12 secs] 
6414.812: [GC (Allocation Failure) [PSYoungGen: 26218464K->807993K(26355712K)] 27417118K->2007151K(29501440K), 0.1219591 secs] [Times: user=6.13 sys=0.01, real=0.12 secs] 
6417.989: [GC (Allocation Failure) [PSYoungGen: 26256441K->790324K(26355712K)] 27455599K->1990001K(29501440K), 0.1144349 secs] [Times: user=5.73 sys=0.01, real=0.12 secs] 
6421.336: [GC (Allocation Failure) [PSYoungGen: 26238772K->766344K(26355712K)] 27438449K->1966541K(29501440K), 0.1146823 secs] [Times: user=5.66 sys=0.01, real=0.12 secs] 
6424.564: [GC (Allocation Failure) [PSYoungGen: 26214792K->829007K(26355712K)] 27414989K->2029685K(29501440K), 0.1150875 secs] [Times: user=6.03 sys=0.00, real=0.11 secs] 
6427.781: [GC (Allocation Failure) [PSYoungGen: 26277455K->878510K(26355712K)] 27478133K->2079659K(29501440K), 0.1442727 secs] [Times: user=6.98 sys=0.01, real=0.14 secs] 
6430.989: [GC (Allocation Failure) [PSYoungGen: 26326958K->886103K(26355712K)] 27528107K->2087756K(29501440K), 0.1387138 secs] [Times: user=7.05 sys=0.00, real=0.14 secs] 
6434.107: [GC (Allocation Failure) [PSYoungGen: 26334551K->819500K(26355712K)] 27536204K->2021698K(29501440K), 0.1158431 secs] [Times: user=5.94 sys=0.00, real=0.12 secs] 
6437.338: [GC (Allocation Failure) [PSYoungGen: 26267948K->735667K(26355712K)] 27470146K->1938360K(29501440K), 0.1078615 secs] [Times: user=5.46 sys=0.01, real=0.11 secs] 
6440.614: [GC (Allocation Failure) [PSYoungGen: 26184115K->830870K(26355712K)] 27386808K->2034068K(29501440K), 0.1143086 secs] [Times: user=5.96 sys=0.01, real=0.11 secs] 
6443.768: [GC (Allocation Failure) [PSYoungGen: 26279318K->790784K(26355712K)] 27482516K->1994462K(29501440K), 0.1098702 secs] [Times: user=5.55 sys=0.01, real=0.11 secs] 
6446.990: [GC (Allocation Failure) [PSYoungGen: 26239232K->782317K(26355712K)] 27442910K->1986523K(29501440K), 0.1102340 secs] [Times: user=5.67 sys=0.00, real=0.12 secs] 
6450.219: [GC (Allocation Failure) [PSYoungGen: 26230765K->756404K(26355712K)] 27434971K->1961121K(29501440K), 0.1105581 secs] [Times: user=5.71 sys=0.00, real=0.11 secs] 
6453.484: [GC (Allocation Failure) [PSYoungGen: 26204852K->907235K(26355712K)] 27409569K->2173120K(29501440K), 0.1405640 secs] [Times: user=6.98 sys=0.00, real=0.14 secs] 
6456.749: [GC (Allocation Failure) [PSYoungGen: 26355683K->844820K(26355712K)] 27621568K->2111201K(29501440K), 0.1191685 secs] [Times: user=5.94 sys=0.00, real=0.12 secs] 
6460.071: [GC (Allocation Failure) [PSYoungGen: 26293268K->823869K(26355712K)] 27559649K->2090746K(29501440K), 0.1285980 secs] [Times: user=6.67 sys=0.00, real=0.12 secs] 
6463.373: [GC (Allocation Failure) [PSYoungGen: 26272317K->808980K(26355712K)] 27539194K->2076345K(29501440K), 0.1426824 secs] [Times: user=7.09 sys=0.00, real=0.14 secs] 
6466.757: [GC (Allocation Failure) [PSYoungGen: 26257428K->862181K(26355712K)] 27524793K->2130011K(29501440K), 0.1534356 secs] [Times: user=8.13 sys=0.00, real=0.16 secs] 
6470.054: [GC (Allocation Failure) [PSYoungGen: 26310629K->907232K(26355712K)] 27578459K->2222078K(29501440K), 0.1532069 secs] [Times: user=7.98 sys=0.00, real=0.15 secs] 
6473.204: [GC (Allocation Failure) [PSYoungGen: 26355680K->783715K(26355712K)] 27670526K->2099048K(29501440K), 0.1051050 secs] [Times: user=5.42 sys=0.00, real=0.10 secs] 
6476.427: [GC (Allocation Failure) [PSYoungGen: 26232163K->776173K(26355712K)] 27547496K->2091978K(29501440K), 0.1084162 secs] [Times: user=5.55 sys=0.00, real=0.11 secs] 
6479.692: [GC (Allocation Failure) [PSYoungGen: 26224621K->793659K(26355712K)] 27540426K->2109937K(29501440K), 0.1148435 secs] [Times: user=5.58 sys=0.01, real=0.11 secs] 
6482.888: [GC (Allocation Failure) [PSYoungGen: 26242107K->862383K(26355712K)] 27558385K->2179173K(29501440K), 0.1173958 secs] [Times: user=6.08 sys=0.01, real=0.12 secs] 
6486.199: [GC (Allocation Failure) [PSYoungGen: 26310831K->778639K(26355712K)] 27627621K->2095940K(29501440K), 0.1117289 secs] [Times: user=5.38 sys=0.00, real=0.12 secs] 
6489.264: [GC (Allocation Failure) [PSYoungGen: 26227087K->799805K(26355712K)] 27544388K->2117554K(29501440K), 0.1136493 secs] [Times: user=5.78 sys=0.01, real=0.11 secs] 
6492.497: [GC (Allocation Failure) [PSYoungGen: 26248253K->845594K(26355712K)] 27566002K->2163848K(29501440K), 0.1166544 secs] [Times: user=6.06 sys=0.00, real=0.12 secs] 
6495.677: [GC (Allocation Failure) [PSYoungGen: 26294042K->775432K(26355712K)] 27612296K->2094157K(29501440K), 0.1114384 secs] [Times: user=5.70 sys=0.00, real=0.11 secs] 
6498.876: [GC (Allocation Failure) [PSYoungGen: 26223880K->857368K(26355712K)] 27542605K->2176557K(29501440K), 0.1163740 secs] [Times: user=5.96 sys=0.00, real=0.12 secs] 
6502.113: [GC (Allocation Failure) [PSYoungGen: 26305816K->907239K(26355712K)] 27625005K->2251268K(29501440K), 0.1291492 secs] [Times: user=6.52 sys=0.00, real=0.13 secs] 
6505.243: [GC (Allocation Failure) [PSYoungGen: 26355687K->751553K(26355712K)] 27699716K->2096047K(29501440K), 0.1036017 secs] [Times: user=5.34 sys=0.00, real=0.10 secs] 
6508.391: [GC (Allocation Failure) [PSYoungGen: 26200001K->733009K(26355712K)] 27544495K->2077990K(29501440K), 0.1028452 secs] [Times: user=5.38 sys=0.00, real=0.10 secs] 
6511.769: [GC (Allocation Failure) [PSYoungGen: 26181457K->835401K(26355712K)] 27526438K->2180902K(29501440K), 0.1159312 secs] [Times: user=5.91 sys=0.00, real=0.12 secs] 
6515.059: [GC (Allocation Failure) [PSYoungGen: 26283849K->847549K(26355712K)] 27629350K->2194555K(29501440K), 0.1120424 secs] [Times: user=5.81 sys=0.00, real=0.12 secs] 
6518.087: [GC (Allocation Failure) [PSYoungGen: 26295997K->767213K(26355712K)] 27643003K->2114963K(29501440K), 0.1066616 secs] [Times: user=5.60 sys=0.01, real=0.11 secs] 
6521.334: [GC (Allocation Failure) [PSYoungGen: 26215661K->856592K(26355712K)] 27563411K->2204862K(29501440K), 0.1189220 secs] [Times: user=6.15 sys=0.00, real=0.12 secs] 
6524.574: [GC (Allocation Failure) [PSYoungGen: 26305040K->798750K(26355712K)] 27653310K->2147523K(29501440K), 0.1272854 secs] [Times: user=6.62 sys=0.00, real=0.13 secs] 
6527.852: [GC (Allocation Failure) [PSYoungGen: 26247198K->841045K(26355712K)] 27595971K->2190307K(29501440K), 0.1387221 secs] [Times: user=7.11 sys=0.00, real=0.14 secs] 
6531.090: [GC (Allocation Failure) [PSYoungGen: 26289493K->847485K(26355712K)] 27638755K->2197219K(29501440K), 0.1263096 secs] [Times: user=6.44 sys=0.01, real=0.13 secs] 
6534.284: [GC (Allocation Failure) [PSYoungGen: 26295933K->754326K(26355712K)] 27645667K->2104556K(29501440K), 0.1108943 secs] [Times: user=5.43 sys=0.01, real=0.11 secs] 
6537.412: [GC (Allocation Failure) [PSYoungGen: 26202774K->772280K(26355712K)] 27553004K->2123005K(29501440K), 0.1187306 secs] [Times: user=5.58 sys=0.01, real=0.12 secs] 
6540.761: [GC (Allocation Failure) [PSYoungGen: 26220728K->780654K(26355712K)] 27571453K->2131852K(29501440K), 0.1138718 secs] [Times: user=5.63 sys=0.01, real=0.11 secs] 
6544.061: [GC (Allocation Failure) [PSYoungGen: 26229102K->907257K(26355712K)] 27580300K->2293975K(29501440K), 0.1375078 secs] [Times: user=6.76 sys=0.01, real=0.13 secs] 
6547.087: [GC (Allocation Failure) [PSYoungGen: 26355705K->821671K(26355712K)] 27742423K->2208908K(29501440K), 0.1127579 secs] [Times: user=5.79 sys=0.00, real=0.12 secs] 
6550.624: [GC (Allocation Failure) [PSYoungGen: 26270119K->689403K(26355712K)] 27657356K->2077289K(29501440K), 0.1062909 secs] [Times: user=5.24 sys=0.01, real=0.10 secs] 
6553.498: [GC (Allocation Failure) [PSYoungGen: 26137851K->714304K(26355712K)] 27525737K->2102710K(29501440K), 0.1058537 secs] [Times: user=5.17 sys=0.01, real=0.11 secs] 
6556.679: [GC (Allocation Failure) [PSYoungGen: 26162752K->751736K(26355712K)] 27551158K->2140646K(29501440K), 0.1079210 secs] [Times: user=5.61 sys=0.01, real=0.11 secs] 
6559.901: [GC (Allocation Failure) [PSYoungGen: 26200184K->872066K(26355712K)] 27589094K->2261416K(29501440K), 0.1259022 secs] [Times: user=6.12 sys=0.01, real=0.12 secs] 
6563.087: [GC (Allocation Failure) [PSYoungGen: 26320514K->907233K(26355712K)] 27709864K->2345119K(29501440K), 0.1283717 secs] [Times: user=6.60 sys=0.01, real=0.13 secs] 
6566.342: [GC (Allocation Failure) [PSYoungGen: 26355681K->855207K(26355712K)] 27793567K->2293597K(29501440K), 0.1218321 secs] [Times: user=6.29 sys=0.01, real=0.12 secs] 
6569.529: [GC (Allocation Failure) [PSYoungGen: 26303655K->803493K(26355712K)] 27742045K->2242387K(29501440K), 0.1113957 secs] [Times: user=5.53 sys=0.00, real=0.12 secs] 
6572.758: [GC (Allocation Failure) [PSYoungGen: 26251941K->845834K(26355712K)] 27690835K->2285231K(29501440K), 0.1267930 secs] [Times: user=6.58 sys=0.00, real=0.13 secs] 
6575.880: [GC (Allocation Failure) [PSYoungGen: 26294282K->881997K(26355712K)] 27733679K->2321882K(29501440K), 0.1246642 secs] [Times: user=6.50 sys=0.01, real=0.13 secs] 
6578.953: [GC (Allocation Failure) [PSYoungGen: 26330445K->841934K(26355712K)] 27770330K->2282259K(29501440K), 0.1208888 secs] [Times: user=6.07 sys=0.00, real=0.12 secs] 
6582.200: [GC (Allocation Failure) [PSYoungGen: 26290382K->772351K(26355712K)] 27730707K->2213196K(29501440K), 0.1133710 secs] [Times: user=5.81 sys=0.00, real=0.12 secs] 
6585.342: [GC (Allocation Failure) [PSYoungGen: 26220799K->784705K(26355712K)] 27661644K->2226038K(29501440K), 0.1175298 secs] [Times: user=5.75 sys=0.00, real=0.11 secs] 
6588.526: [GC (Allocation Failure) [PSYoungGen: 26233153K->745456K(26355712K)] 27674486K->2187318K(29501440K), 0.1041086 secs] [Times: user=5.55 sys=0.00, real=0.11 secs] 
6591.732: [GC (Allocation Failure) [PSYoungGen: 26193904K->795540K(26355712K)] 27635766K->2238130K(29501440K), 0.1112659 secs] [Times: user=5.69 sys=0.01, real=0.11 secs] 
6594.839: [GC (Allocation Failure) [PSYoungGen: 26243988K->864137K(26355712K)] 27686578K->2307231K(29501440K), 0.1191588 secs] [Times: user=6.14 sys=0.01, real=0.12 secs] 
6597.990: [GC (Allocation Failure) [PSYoungGen: 26312585K->907235K(26355712K)] 27755679K->2438488K(29501440K), 0.1391855 secs] [Times: user=7.34 sys=0.01, real=0.14 secs] 
6601.144: [GC (Allocation Failure) [PSYoungGen: 26355683K->855443K(26355712K)] 27886936K->2387177K(29501440K), 0.1127410 secs] [Times: user=5.74 sys=0.01, real=0.11 secs] 
6604.198: [GC (Allocation Failure) [PSYoungGen: 26303891K->843873K(26355712K)] 27835625K->2376102K(29501440K), 0.1136272 secs] [Times: user=6.00 sys=0.01, real=0.12 secs] 
6607.411: [GC (Allocation Failure) [PSYoungGen: 26292321K->907242K(26355712K)] 27824550K->2469351K(29501440K), 0.1247351 secs] [Times: user=6.52 sys=0.00, real=0.12 secs] 
6610.513: [GC (Allocation Failure) [PSYoungGen: 26355690K->785789K(26355712K)] 27917799K->2348563K(29501440K), 0.1056703 secs] [Times: user=5.52 sys=0.01, real=0.10 secs] 
6613.574: [GC (Allocation Failure) [PSYoungGen: 26234237K->734650K(26355712K)] 27797011K->2297967K(29501440K), 0.1081459 secs] [Times: user=5.49 sys=0.01, real=0.11 secs] 
6616.769: [GC (Allocation Failure) [PSYoungGen: 26183098K->827442K(26355712K)] 27746415K->2391264K(29501440K), 0.1110048 secs] [Times: user=5.89 sys=0.00, real=0.12 secs] 
6619.927: [GC (Allocation Failure) [PSYoungGen: 26275890K->802397K(26355712K)] 27839712K->2366675K(29501440K), 0.1092274 secs] [Times: user=5.70 sys=0.00, real=0.11 secs] 
6623.060: [GC (Allocation Failure) [PSYoungGen: 26250845K->907239K(26355712K)] 27815123K->2516413K(29501440K), 0.1304785 secs] [Times: user=7.01 sys=0.00, real=0.14 secs] 
6626.125: [GC (Allocation Failure) [PSYoungGen: 26355687K->907256K(26355712K)] 27964861K->2570038K(29501440K), 0.1281311 secs] [Times: user=6.55 sys=0.00, real=0.13 secs] 
6629.442: [GC (Allocation Failure) [PSYoungGen: 26355704K->864260K(26355712K)] 28018486K->2527569K(29501440K), 0.1123191 secs] [Times: user=5.88 sys=0.00, real=0.11 secs] 
6632.541: [GC (Allocation Failure) [PSYoungGen: 26312708K->862561K(26355712K)] 27976017K->2526382K(29501440K), 0.1317818 secs] [Times: user=6.80 sys=0.00, real=0.13 secs] 
6635.734: [GC (Allocation Failure) [PSYoungGen: 26311009K->809717K(26355712K)] 27974830K->2474034K(29501440K), 0.1252590 secs] [Times: user=6.53 sys=0.00, real=0.12 secs] 
6639.008: [GC (Allocation Failure) [PSYoungGen: 26258165K->873137K(26355712K)] 27922482K->2537950K(29501440K), 0.1200264 secs] [Times: user=6.24 sys=0.01, real=0.12 secs] 
6642.060: [GC (Allocation Failure) [PSYoungGen: 26321585K->838010K(26355712K)] 27986398K->2503248K(29501440K), 0.1314287 secs] [Times: user=5.87 sys=0.00, real=0.14 secs] 
6645.159: [GC (Allocation Failure) [PSYoungGen: 26286458K->907263K(26355712K)] 27951696K->2623516K(29501440K), 0.1354476 secs] [Times: user=6.82 sys=0.00, real=0.14 secs] 
6648.261: [GC (Allocation Failure) [PSYoungGen: 26355711K->775308K(26355712K)] 28071964K->2492057K(29501440K), 0.1041958 secs] [Times: user=5.51 sys=0.00, real=0.10 secs] 
6651.724: [GC (Allocation Failure) [PSYoungGen: 26223756K->757671K(26355712K)] 27940505K->2474965K(29501440K), 0.1200905 secs] [Times: user=5.97 sys=0.00, real=0.12 secs] 
6654.676: [GC (Allocation Failure) [PSYoungGen: 26206119K->832398K(26355712K)] 27923413K->2550371K(29501440K), 0.1469246 secs] [Times: user=7.33 sys=0.01, real=0.15 secs] 
6657.936: [GC (Allocation Failure) [PSYoungGen: 26280846K->907237K(26355712K)] 27998819K->2728474K(29501440K), 0.1600711 secs] [Times: user=8.05 sys=0.01, real=0.16 secs] 
6660.937: [GC (Allocation Failure) [PSYoungGen: 26355685K->820834K(26355712K)] 28176922K->2642600K(29501440K), 0.1380219 secs] [Times: user=7.22 sys=0.01, real=0.14 secs] 
6663.985: [GC (Allocation Failure) [PSYoungGen: 26269282K->756720K(26355712K)] 28091048K->2578974K(29501440K), 0.1105412 secs] [Times: user=5.39 sys=0.00, real=0.11 secs] 
6667.296: [GC (Allocation Failure) [PSYoungGen: 26205168K->693451K(26355712K)] 28027422K->2516225K(29501440K), 0.1027070 secs] [Times: user=5.35 sys=0.01, real=0.10 secs] 
6670.391: [GC (Allocation Failure) [PSYoungGen: 26141899K->804890K(26355712K)] 27964673K->2628383K(29501440K), 0.1117797 secs] [Times: user=5.78 sys=0.01, real=0.11 secs] 
6673.775: [GC (Allocation Failure) [PSYoungGen: 26253338K->771440K(26355712K)] 28076831K->2595565K(29501440K), 0.1086394 secs] [Times: user=5.67 sys=0.00, real=0.11 secs] 
6676.552: [GC (Allocation Failure) [PSYoungGen: 26219888K->774145K(26355712K)] 28044013K->2598790K(29501440K), 0.1113456 secs] [Times: user=5.77 sys=0.01, real=0.11 secs] 
6679.810: [GC (Allocation Failure) [PSYoungGen: 26222593K->817003K(26355712K)] 28047238K->2642161K(29501440K), 0.1136863 secs] [Times: user=5.68 sys=0.00, real=0.12 secs] 
6682.858: [GC (Allocation Failure) [PSYoungGen: 26265451K->837063K(26355712K)] 28090609K->2662644K(29501440K), 0.1173688 secs] [Times: user=5.90 sys=0.01, real=0.12 secs] 
6686.054: [GC (Allocation Failure) [PSYoungGen: 26285511K->805321K(26355712K)] 28111092K->2631390K(29501440K), 0.1083809 secs] [Times: user=5.68 sys=0.00, real=0.11 secs] 
6689.778: [GC (Allocation Failure) [PSYoungGen: 26253769K->785093K(26355712K)] 28079838K->2611690K(29501440K), 0.1116335 secs] [Times: user=5.80 sys=0.01, real=0.11 secs] 
6692.441: [GC (Allocation Failure) [PSYoungGen: 26233541K->833637K(26355712K)] 28060138K->2660914K(29501440K), 0.1176072 secs] [Times: user=5.71 sys=0.00, real=0.11 secs] 
6695.458: [GC (Allocation Failure) [PSYoungGen: 26282085K->763475K(26355712K)] 28109362K->2591304K(29501440K), 0.1119578 secs] [Times: user=5.77 sys=0.00, real=0.12 secs] 
6698.713: [GC (Allocation Failure) [PSYoungGen: 26211923K->867937K(26355712K)] 28039752K->2696262K(29501440K), 0.1225090 secs] [Times: user=6.23 sys=0.00, real=0.12 secs] 
6701.879: [GC (Allocation Failure) [PSYoungGen: 26316385K->892639K(26355712K)] 28144710K->2721485K(29501440K), 0.1271320 secs] [Times: user=6.72 sys=0.00, real=0.13 secs] 
6705.079: [GC (Allocation Failure) [PSYoungGen: 26341087K->907261K(26355712K)] 28169933K->2756266K(29501440K), 0.1551688 secs] [Times: user=7.71 sys=0.00, real=0.16 secs] 
6708.198: [GC (Allocation Failure) [PSYoungGen: 26355709K->811331K(26355712K)] 28204714K->2660840K(29501440K), 0.1284970 secs] [Times: user=6.61 sys=0.00, real=0.13 secs] 
6711.377: [GC (Allocation Failure) [PSYoungGen: 26259779K->814888K(26355712K)] 28109288K->2664909K(29501440K), 0.1156239 secs] [Times: user=5.95 sys=0.00, real=0.12 secs] 
6714.466: [GC (Allocation Failure) [PSYoungGen: 26263336K->860913K(26355712K)] 28113357K->2711439K(29501440K), 0.1142009 secs] [Times: user=6.11 sys=0.00, real=0.12 secs] 
6717.545: [GC (Allocation Failure) [PSYoungGen: 26309361K->810736K(26355712K)] 28159887K->2661733K(29501440K), 0.1181240 secs] [Times: user=5.84 sys=0.01, real=0.12 secs] 
6720.674: [GC (Allocation Failure) [PSYoungGen: 26259184K->886326K(26355712K)] 28110181K->2737835K(29501440K), 0.1202182 secs] [Times: user=6.25 sys=0.01, real=0.12 secs] 
6723.751: [GC (Allocation Failure) [PSYoungGen: 26334774K->797006K(26355712K)] 28186283K->2648988K(29501440K), 0.1096515 secs] [Times: user=5.71 sys=0.01, real=0.11 secs] 
6726.949: [GC (Allocation Failure) [PSYoungGen: 26245454K->787360K(26355712K)] 28097436K->2639830K(29501440K), 0.1120334 secs] [Times: user=5.79 sys=0.01, real=0.12 secs] 
6730.032: [GC (Allocation Failure) [PSYoungGen: 26235808K->830459K(26355712K)] 28088278K->2683424K(29501440K), 0.1152247 secs] [Times: user=5.98 sys=0.00, real=0.11 secs] 
6733.112: [GC (Allocation Failure) [PSYoungGen: 26278907K->850256K(26355712K)] 28131872K->2703694K(29501440K), 0.1189114 secs] [Times: user=6.18 sys=0.00, real=0.12 secs] 
6736.104: [GC (Allocation Failure) [PSYoungGen: 26298704K->803026K(26355712K)] 28152142K->2656952K(29501440K), 0.1160428 secs] [Times: user=5.97 sys=0.00, real=0.11 secs] 
6739.271: [GC (Allocation Failure) [PSYoungGen: 26251474K->907248K(26355712K)] 28105400K->2782686K(29501440K), 0.1270078 secs] [Times: user=6.47 sys=0.00, real=0.12 secs] 
6742.384: [GC (Allocation Failure) [PSYoungGen: 26355696K->795005K(26355712K)] 28231134K->2670906K(29501440K), 0.1201982 secs] [Times: user=6.32 sys=0.01, real=0.12 secs] 
6745.897: [GC (Allocation Failure) [PSYoungGen: 26243453K->814520K(26355712K)] 28119354K->2690902K(29501440K), 0.1428740 secs] [Times: user=7.53 sys=0.00, real=0.15 secs] 
6748.849: [GC (Allocation Failure) [PSYoungGen: 26262968K->841287K(26355712K)] 28139350K->2718156K(29501440K), 0.1731743 secs] [Times: user=8.59 sys=0.01, real=0.18 secs] 
6751.926: [GC (Allocation Failure) [PSYoungGen: 26289735K->892388K(26355712K)] 28166604K->2769945K(29501440K), 0.1694962 secs] [Times: user=9.07 sys=0.00, real=0.17 secs] 
6754.940: [GC (Allocation Failure) [PSYoungGen: 26340836K->837945K(26355712K)] 28218393K->2716030K(29501440K), 0.1308889 secs] [Times: user=7.05 sys=0.01, real=0.14 secs] 
6758.073: [GC (Allocation Failure) [PSYoungGen: 26286393K->868253K(26355712K)] 28164478K->2746746K(29501440K), 0.1268005 secs] [Times: user=6.24 sys=0.00, real=0.12 secs] 
6761.340: [GC (Allocation Failure) [PSYoungGen: 26316701K->874519K(26355712K)] 28195194K->2753500K(29501440K), 0.1264740 secs] [Times: user=6.20 sys=0.00, real=0.13 secs] 
6764.486: [GC (Allocation Failure) [PSYoungGen: 26322967K->881035K(26355712K)] 28201948K->2760529K(29501440K), 0.1173027 secs] [Times: user=6.19 sys=0.01, real=0.12 secs] 
6767.427: [GC (Allocation Failure) [PSYoungGen: 26329483K->799178K(26355712K)] 28208977K->2679168K(29501440K), 0.1100107 secs] [Times: user=5.78 sys=0.00, real=0.11 secs] 
6770.584: [GC (Allocation Failure) [PSYoungGen: 26247626K->877038K(26355712K)] 28127616K->2757523K(29501440K), 0.1193063 secs] [Times: user=6.20 sys=0.00, real=0.12 secs] 
6773.712: [GC (Allocation Failure) [PSYoungGen: 26325486K->745940K(26355712K)] 28205971K->2626937K(29501440K), 0.1069792 secs] [Times: user=5.48 sys=0.00, real=0.10 secs] 
6776.793: [GC (Allocation Failure) [PSYoungGen: 26194388K->774219K(26355712K)] 28075385K->2655729K(29501440K), 0.1056534 secs] [Times: user=5.61 sys=0.00, real=0.10 secs] 
6780.076: [GC (Allocation Failure) [PSYoungGen: 26222667K->894993K(26355712K)] 28104177K->2777006K(29501440K), 0.1274316 secs] [Times: user=6.50 sys=0.01, real=0.13 secs] 
6783.187: [GC (Allocation Failure) [PSYoungGen: 26343441K->907258K(26355712K)] 28225454K->2867767K(29501440K), 0.1611829 secs] [Times: user=8.43 sys=0.00, real=0.16 secs] 
6786.247: [GC (Allocation Failure) [PSYoungGen: 26355706K->907250K(26355712K)] 28316215K->2904504K(29501440K), 0.1553179 secs] [Times: user=8.28 sys=0.01, real=0.16 secs] 
6789.393: [GC (Allocation Failure) [PSYoungGen: 26355698K->827115K(26355712K)] 28352952K->2824904K(29501440K), 0.1203304 secs] [Times: user=6.14 sys=0.01, real=0.12 secs] 
6792.500: [GC (Allocation Failure) [PSYoungGen: 26275563K->778870K(26355712K)] 28273352K->2777155K(29501440K), 0.1081072 secs] [Times: user=5.65 sys=0.01, real=0.11 secs] 
6795.533: [GC (Allocation Failure) [PSYoungGen: 26227318K->750496K(26355712K)] 28225603K->2749270K(29501440K), 0.1019269 secs] [Times: user=5.19 sys=0.01, real=0.10 secs] 
6798.581: [GC (Allocation Failure) [PSYoungGen: 26198944K->782568K(26355712K)] 28197718K->2781813K(29501440K), 0.1115688 secs] [Times: user=5.54 sys=0.00, real=0.11 secs] 
6801.891: [GC (Allocation Failure) [PSYoungGen: 26231016K->831617K(26355712K)] 28230261K->2831358K(29501440K), 0.1133749 secs] [Times: user=6.06 sys=0.00, real=0.11 secs] 
6804.667: [GC (Allocation Failure) [PSYoungGen: 26280065K->764368K(26355712K)] 28279806K->2764573K(29501440K), 0.1082800 secs] [Times: user=5.63 sys=0.00, real=0.11 secs] 
6807.794: [GC (Allocation Failure) [PSYoungGen: 26212816K->770082K(26355712K)] 28213021K->2770816K(29501440K), 0.1066567 secs] [Times: user=5.72 sys=0.00, real=0.11 secs] 
6810.914: [GC (Allocation Failure) [PSYoungGen: 26218530K->858676K(26355712K)] 28219264K->2859921K(29501440K), 0.1167856 secs] [Times: user=6.14 sys=0.00, real=0.12 secs] 
6813.999: [GC (Allocation Failure) [PSYoungGen: 26307124K->825527K(26355712K)] 28308369K->2827260K(29501440K), 0.1127445 secs] [Times: user=5.98 sys=0.00, real=0.12 secs] 
6817.068: [GC (Allocation Failure) [PSYoungGen: 26273975K->877286K(26355712K)] 28275708K->2879516K(29501440K), 0.1222808 secs] [Times: user=6.24 sys=0.00, real=0.13 secs] 
6820.138: [GC (Allocation Failure) [PSYoungGen: 26325734K->806527K(26355712K)] 28327964K->2809228K(29501440K), 0.1126770 secs] [Times: user=5.66 sys=0.01, real=0.12 secs] 
6823.274: [GC (Allocation Failure) [PSYoungGen: 26254975K->863753K(26355712K)] 28257676K->2866942K(29501440K), 0.1305034 secs] [Times: user=6.73 sys=0.00, real=0.13 secs] 
6826.335: [GC (Allocation Failure) [PSYoungGen: 26312201K->857894K(26355712K)] 28315390K->2861604K(29501440K), 0.1526811 secs] [Times: user=7.86 sys=0.00, real=0.15 secs] 
6829.404: [GC (Allocation Failure) [PSYoungGen: 26306342K->831735K(26355712K)] 28310052K->2836156K(29501440K), 0.1448753 secs] [Times: user=7.72 sys=0.01, real=0.14 secs] 
6832.486: [GC (Allocation Failure) [PSYoungGen: 26280183K->880196K(26355712K)] 28284604K->2885385K(29501440K), 0.1396233 secs] [Times: user=7.30 sys=0.01, real=0.14 secs] 
6835.715: [GC (Allocation Failure) [PSYoungGen: 26328644K->907260K(26355712K)] 28333833K->3087401K(29501440K), 0.1604850 secs] [Times: user=8.07 sys=0.01, real=0.16 secs] 
6838.520: [GC (Allocation Failure) [PSYoungGen: 26355708K->907242K(26355712K)] 28535849K->3087935K(29501440K), 0.1199096 secs] [Times: user=6.01 sys=0.01, real=0.12 secs] 
6841.655: [GC (Allocation Failure) [PSYoungGen: 26355690K->820827K(26355712K)] 28536383K->3002008K(29501440K), 0.1109548 secs] [Times: user=5.77 sys=0.01, real=0.11 secs] 
6845.001: [GC (Allocation Failure) [PSYoungGen: 26269275K->874059K(26355712K)] 28450456K->3055753K(29501440K), 0.1242622 secs] [Times: user=6.22 sys=0.01, real=0.12 secs] 
6847.970: [GC (Allocation Failure) [PSYoungGen: 26322507K->787113K(26355712K)] 28504201K->2969327K(29501440K), 0.1207498 secs] [Times: user=6.44 sys=0.00, real=0.13 secs] 
6850.975: [GC (Allocation Failure) [PSYoungGen: 26235561K->904686K(26355712K)] 28417775K->3087387K(29501440K), 0.1425021 secs] [Times: user=7.16 sys=0.00, real=0.14 secs] 
6853.976: [GC (Allocation Failure) [PSYoungGen: 26353134K->819362K(26355712K)] 28535835K->3002551K(29501440K), 0.1251852 secs] [Times: user=6.45 sys=0.00, real=0.13 secs] 
6857.045: [GC (Allocation Failure) [PSYoungGen: 26267810K->877013K(26355712K)] 28450999K->3060658K(29501440K), 0.1221273 secs] [Times: user=6.30 sys=0.01, real=0.12 secs] 
6860.053: [GC (Allocation Failure) [PSYoungGen: 26325461K->907251K(26355712K)] 28509106K->3096032K(29501440K), 0.1257695 secs] [Times: user=6.51 sys=0.00, real=0.12 secs] 
6863.215: [GC (Allocation Failure) [PSYoungGen: 26355699K->750841K(26355712K)] 28544480K->2940118K(29501440K), 0.1073863 secs] [Times: user=5.33 sys=0.01, real=0.11 secs] 
6866.490: [GC (Allocation Failure) [PSYoungGen: 26199289K->737835K(26355712K)] 28388566K->2927609K(29501440K), 0.1059665 secs] [Times: user=5.24 sys=0.01, real=0.11 secs] 
6869.429: [GC (Allocation Failure) [PSYoungGen: 26186283K->785842K(26355712K)] 28376057K->2976151K(29501440K), 0.1103071 secs] [Times: user=5.70 sys=0.00, real=0.11 secs] 
6872.563: [GC (Allocation Failure) [PSYoungGen: 26234290K->728663K(26355712K)] 28424599K->2919460K(29501440K), 0.1078724 secs] [Times: user=5.44 sys=0.00, real=0.11 secs] 
6875.430: [GC (Allocation Failure) [PSYoungGen: 26177111K->800948K(26355712K)] 28367908K->2992258K(29501440K), 0.1145230 secs] [Times: user=5.62 sys=0.00, real=0.12 secs] 
6878.407: [GC (Allocation Failure) [PSYoungGen: 26249396K->774029K(26355712K)] 28440706K->2965834K(29501440K), 0.1202592 secs] [Times: user=6.12 sys=0.00, real=0.12 secs] 
6881.499: [GC (Allocation Failure) [PSYoungGen: 26222477K->835498K(26355712K)] 28414282K->3027927K(29501440K), 0.1229110 secs] [Times: user=6.17 sys=0.00, real=0.13 secs] 
6884.425: [GC (Allocation Failure) [PSYoungGen: 26283946K->865637K(26355712K)] 28476375K->3058706K(29501440K), 0.1199328 secs] [Times: user=6.01 sys=0.00, real=0.12 secs] 
6887.342: [GC (Allocation Failure) [PSYoungGen: 26314085K->772098K(26355712K)] 28507154K->2965640K(29501440K), 0.1156337 secs] [Times: user=5.45 sys=0.01, real=0.11 secs] 
6890.300: [GC (Allocation Failure) [PSYoungGen: 26220546K->822568K(26355712K)] 28414088K->3016614K(29501440K), 0.1142580 secs] [Times: user=6.10 sys=0.00, real=0.12 secs] 
6893.330: [GC (Allocation Failure) [PSYoungGen: 26271016K->840057K(26355712K)] 28465062K->3034606K(29501440K), 0.1174573 secs] [Times: user=6.18 sys=0.00, real=0.12 secs] 
6896.279: [GC (Allocation Failure) [PSYoungGen: 26288505K->877140K(26355712K)] 28483054K->3072177K(29501440K), 0.1220890 secs] [Times: user=6.10 sys=0.01, real=0.13 secs] 
6899.319: [GC (Allocation Failure) [PSYoungGen: 26325588K->855535K(26355712K)] 28520625K->3051084K(29501440K), 0.1202182 secs] [Times: user=6.18 sys=0.01, real=0.12 secs] 
6902.286: [GC (Allocation Failure) [PSYoungGen: 26303983K->789973K(26355712K)] 28499532K->2986011K(29501440K), 0.1156429 secs] [Times: user=5.92 sys=0.00, real=0.12 secs] 
6905.399: [GC (Allocation Failure) [PSYoungGen: 26238421K->788920K(26355712K)] 28434459K->2985630K(29501440K), 0.1128637 secs] [Times: user=5.81 sys=0.00, real=0.12 secs] 
6908.513: [GC (Allocation Failure) [PSYoungGen: 26237368K->812886K(26355712K)] 28434078K->3010124K(29501440K), 0.1148936 secs] [Times: user=5.92 sys=0.00, real=0.11 secs] 
6911.723: [GC (Allocation Failure) [PSYoungGen: 26261334K->883791K(26355712K)] 28458572K->3081517K(29501440K), 0.1205758 secs] [Times: user=6.41 sys=0.00, real=0.12 secs] 
6914.720: [GC (Allocation Failure) [PSYoungGen: 26332239K->772140K(26355712K)] 28529965K->2970386K(29501440K), 0.1109288 secs] [Times: user=5.69 sys=0.01, real=0.12 secs] 
6917.701: [GC (Allocation Failure) [PSYoungGen: 26220588K->772003K(26355712K)] 28418834K->2970777K(29501440K), 0.1108731 secs] [Times: user=5.77 sys=0.00, real=0.11 secs] 
6920.700: [GC (Allocation Failure) [PSYoungGen: 26220451K->842718K(26355712K)] 28419225K->3041995K(29501440K), 0.1190470 secs] [Times: user=6.03 sys=0.00, real=0.12 secs] 
6923.676: [GC (Allocation Failure) [PSYoungGen: 26291166K->794685K(26355712K)] 28490443K->2994490K(29501440K), 0.1130600 secs] [Times: user=5.77 sys=0.00, real=0.11 secs] 
6926.694: [GC (Allocation Failure) [PSYoungGen: 26243133K->788474K(26355712K)] 28442938K->2988776K(29501440K), 0.1134178 secs] [Times: user=5.67 sys=0.01, real=0.11 secs] 
6929.803: [GC (Allocation Failure) [PSYoungGen: 26236922K->800343K(26355712K)] 28437224K->3001149K(29501440K), 0.1121165 secs] [Times: user=5.66 sys=0.01, real=0.11 secs] 
6932.922: [GC (Allocation Failure) [PSYoungGen: 26248791K->850056K(26355712K)] 28449597K->3051381K(29501440K), 0.1189472 secs] [Times: user=6.24 sys=0.01, real=0.12 secs] 
6936.037: [GC (Allocation Failure) [PSYoungGen: 26298504K->907256K(26355712K)] 28499829K->3111822K(29501440K), 0.1234892 secs] [Times: user=6.34 sys=0.00, real=0.13 secs] 
6939.025: [GC (Allocation Failure) [PSYoungGen: 26355704K->841300K(26355712K)] 28560270K->3046353K(29501440K), 0.1105089 secs] [Times: user=5.80 sys=0.00, real=0.11 secs] 
6942.048: [GC (Allocation Failure) [PSYoungGen: 26289748K->785320K(26355712K)] 28494801K->2990878K(29501440K), 0.1104243 secs] [Times: user=5.76 sys=0.00, real=0.11 secs] 
6945.110: [GC (Allocation Failure) [PSYoungGen: 26233768K->907257K(26355712K)] 28439326K->3125591K(29501440K), 0.1309774 secs] [Times: user=6.50 sys=0.00, real=0.13 secs] 
6948.275: [GC (Allocation Failure) [PSYoungGen: 26355705K->855856K(26355712K)] 28574039K->3074686K(29501440K), 0.1293258 secs] [Times: user=6.72 sys=0.00, real=0.13 secs] 
6951.073: [GC (Allocation Failure) [PSYoungGen: 26304304K->881385K(26355712K)] 28523134K->3100703K(29501440K), 0.1472486 secs] [Times: user=7.64 sys=0.01, real=0.14 secs] 
6954.092: [GC (Allocation Failure) [PSYoungGen: 26329833K->870452K(26355712K)] 28549151K->3090290K(29501440K), 0.1224153 secs] [Times: user=6.29 sys=0.00, real=0.12 secs] 
6957.026: [GC (Allocation Failure) [PSYoungGen: 26318900K->794266K(26355712K)] 28538738K->3014600K(29501440K), 0.1111469 secs] [Times: user=5.78 sys=0.02, real=0.11 secs] 
6960.151: [GC (Allocation Failure) [PSYoungGen: 26242714K->854498K(26355712K)] 28463048K->3075303K(29501440K), 0.1202839 secs] [Times: user=5.86 sys=0.01, real=0.12 secs] 
6963.223: [GC (Allocation Failure) [PSYoungGen: 26302946K->784993K(26355712K)] 28523751K->3006319K(29501440K), 0.1165198 secs] [Times: user=6.14 sys=0.01, real=0.11 secs] 
6966.381: [GC (Allocation Failure) [PSYoungGen: 26233441K->889575K(26355712K)] 28454767K->3111397K(29501440K), 0.1386192 secs] [Times: user=7.10 sys=0.00, real=0.13 secs] 
6969.329: [GC (Allocation Failure) [PSYoungGen: 26338023K->823439K(26355712K)] 28559845K->3045764K(29501440K), 0.1267813 secs] [Times: user=6.80 sys=0.00, real=0.13 secs] 
6972.228: [GC (Allocation Failure) [PSYoungGen: 26271887K->728575K(26355712K)] 28494212K->2951413K(29501440K), 0.1100597 secs] [Times: user=5.50 sys=0.01, real=0.11 secs] 
6975.183: [GC (Allocation Failure) [PSYoungGen: 26177023K->866991K(26355712K)] 28399861K->3090317K(29501440K), 0.1235406 secs] [Times: user=6.26 sys=0.01, real=0.12 secs] 
6978.280: [GC (Allocation Failure) [PSYoungGen: 26315439K->851606K(26355712K)] 28538765K->3075419K(29501440K), 0.1199471 secs] [Times: user=5.84 sys=0.00, real=0.12 secs] 
6981.239: [GC (Allocation Failure) [PSYoungGen: 26300054K->758885K(26355712K)] 28523867K->2983355K(29501440K), 0.1168937 secs] [Times: user=6.01 sys=0.01, real=0.12 secs] 
6984.394: [GC (Allocation Failure) [PSYoungGen: 26207333K->900783K(26355712K)] 28431803K->3125765K(29501440K), 0.1229811 secs] [Times: user=6.32 sys=0.01, real=0.12 secs] 
6987.249: [GC (Allocation Failure) [PSYoungGen: 26349231K->762832K(26355712K)] 28574213K->2988334K(29501440K), 0.1084104 secs] [Times: user=5.69 sys=0.00, real=0.11 secs] 
6990.244: [GC (Allocation Failure) [PSYoungGen: 26211280K->823053K(26355712K)] 28436782K->3049194K(29501440K), 0.1228278 secs] [Times: user=5.96 sys=0.00, real=0.12 secs] 
6993.248: [GC (Allocation Failure) [PSYoungGen: 26271501K->739056K(26355712K)] 28497642K->2965717K(29501440K), 0.1070541 secs] [Times: user=5.49 sys=0.01, real=0.11 secs] 
6996.684: [GC (Allocation Failure) [PSYoungGen: 26187504K->717145K(26355712K)] 28414165K->2944311K(29501440K), 0.1091263 secs] [Times: user=5.38 sys=0.01, real=0.11 secs] 
6999.400: [GC (Allocation Failure) [PSYoungGen: 26165593K->889081K(26355712K)] 28392759K->3116766K(29501440K), 0.1185575 secs] [Times: user=6.26 sys=0.00, real=0.12 secs] 
7002.267: [GC (Allocation Failure) [PSYoungGen: 26337529K->764866K(26355712K)] 28565214K->2993048K(29501440K), 0.1160543 secs] [Times: user=5.58 sys=0.01, real=0.12 secs] 
7005.293: [GC (Allocation Failure) [PSYoungGen: 26213314K->753813K(26355712K)] 28441496K->2982578K(29501440K), 0.1111506 secs] [Times: user=5.44 sys=0.00, real=0.11 secs] 
7008.287: [GC (Allocation Failure) [PSYoungGen: 26202261K->846789K(26355712K)] 28431026K->3076107K(29501440K), 0.1178014 secs] [Times: user=6.09 sys=0.00, real=0.12 secs] 
7011.318: [GC (Allocation Failure) [PSYoungGen: 26295237K->731888K(26355712K)] 28524555K->2961701K(29501440K), 0.1125541 secs] [Times: user=5.42 sys=0.00, real=0.12 secs] 
7014.340: [GC (Allocation Failure) [PSYoungGen: 26180336K->814697K(26355712K)] 28410149K->3045031K(29501440K), 0.1134293 secs] [Times: user=5.93 sys=0.00, real=0.11 secs] 
7017.328: [GC (Allocation Failure) [PSYoungGen: 26263145K->761208K(26355712K)] 28493479K->2992030K(29501440K), 0.1121074 secs] [Times: user=5.61 sys=0.01, real=0.11 secs] 
7020.310: [GC (Allocation Failure) [PSYoungGen: 26209656K->788817K(26355712K)] 28440478K->3020151K(29501440K), 0.1159799 secs] [Times: user=5.72 sys=0.01, real=0.12 secs] 
7023.266: [GC (Allocation Failure) [PSYoungGen: 26237265K->812545K(26355712K)] 28468599K->3044382K(29501440K), 0.1128664 secs] [Times: user=5.78 sys=0.01, real=0.11 secs] 
7026.230: [GC (Allocation Failure) [PSYoungGen: 26260993K->792129K(26355712K)] 28492830K->3024479K(29501440K), 0.1097643 secs] [Times: user=5.82 sys=0.01, real=0.11 secs] 
7029.065: [GC (Allocation Failure) [PSYoungGen: 26240577K->830493K(26355712K)] 28472927K->3063411K(29501440K), 0.1141688 secs] [Times: user=5.95 sys=0.01, real=0.11 secs] 
7032.066: [GC (Allocation Failure) [PSYoungGen: 26278941K->848247K(26355712K)] 28511859K->3081684K(29501440K), 0.1221926 secs] [Times: user=6.22 sys=0.00, real=0.12 secs] 
7035.613: [GC (Allocation Failure) [PSYoungGen: 26296695K->774635K(26355712K)] 28530132K->3008609K(29501440K), 0.1170828 secs] [Times: user=5.72 sys=0.01, real=0.12 secs] 
7038.218: [GC (Allocation Failure) [PSYoungGen: 26223083K->831277K(26355712K)] 28457057K->3065786K(29501440K), 0.1308343 secs] [Times: user=6.92 sys=0.01, real=0.13 secs] 
7041.135: [GC (Allocation Failure) [PSYoungGen: 26279725K->907249K(26355712K)] 28514234K->3166935K(29501440K), 0.1301526 secs] [Times: user=6.83 sys=0.00, real=0.13 secs] 
7044.030: [GC (Allocation Failure) [PSYoungGen: 26355697K->855852K(26355712K)] 28615383K->3116057K(29501440K), 0.1101432 secs] [Times: user=5.90 sys=0.00, real=0.12 secs] 
7047.018: [GC (Allocation Failure) [PSYoungGen: 26304300K->868120K(26355712K)] 28564505K->3128846K(29501440K), 0.1174017 secs] [Times: user=6.14 sys=0.00, real=0.12 secs] 
7050.051: [GC (Allocation Failure) [PSYoungGen: 26316568K->818690K(26355712K)] 28577294K->3079896K(29501440K), 0.1257051 secs] [Times: user=5.88 sys=0.00, real=0.12 secs] 
7053.027: [GC (Allocation Failure) [PSYoungGen: 26267138K->856310K(26355712K)] 28528344K->3118531K(29501440K), 0.1197381 secs] [Times: user=5.90 sys=0.00, real=0.12 secs] 
7056.127: [GC (Allocation Failure) [PSYoungGen: 26304758K->756901K(26355712K)] 28566979K->3019619K(29501440K), 0.1096072 secs] [Times: user=5.33 sys=0.00, real=0.11 secs] 
7059.003: [GC (Allocation Failure) [PSYoungGen: 26205349K->842102K(26355712K)] 28468067K->3105300K(29501440K), 0.1166352 secs] [Times: user=5.94 sys=0.00, real=0.11 secs] 
7061.989: [GC (Allocation Failure) [PSYoungGen: 26290550K->820490K(26355712K)] 28553748K->3084136K(29501440K), 0.1143952 secs] [Times: user=5.84 sys=0.00, real=0.12 secs] 
7065.096: [GC (Allocation Failure) [PSYoungGen: 26268938K->787133K(26355712K)] 28532584K->3051283K(29501440K), 0.1178510 secs] [Times: user=5.92 sys=0.00, real=0.12 secs] 
7068.029: [GC (Allocation Failure) [PSYoungGen: 26235581K->904105K(26355712K)] 28499731K->3168735K(29501440K), 0.1211736 secs] [Times: user=6.42 sys=0.00, real=0.13 secs] 
7071.014: [GC (Allocation Failure) [PSYoungGen: 26352553K->828030K(26355712K)] 28617183K->3093148K(29501440K), 0.1151450 secs] [Times: user=5.86 sys=0.00, real=0.11 secs] 
7073.932: [GC (Allocation Failure) [PSYoungGen: 26276478K->813840K(26355712K)] 28541596K->3079406K(29501440K), 0.1142124 secs] [Times: user=5.93 sys=0.01, real=0.11 secs] 
7076.994: [GC (Allocation Failure) [PSYoungGen: 26262288K->817160K(26355712K)] 28527854K->3083197K(29501440K), 0.1109362 secs] [Times: user=5.77 sys=0.00, real=0.11 secs] 
7080.018: [GC (Allocation Failure) [PSYoungGen: 26265608K->821065K(26355712K)] 28531645K->3087590K(29501440K), 0.1206111 secs] [Times: user=5.92 sys=0.01, real=0.12 secs] 
7083.049: [GC (Allocation Failure) [PSYoungGen: 26269513K->755525K(26355712K)] 28536038K->3022539K(29501440K), 0.1115452 secs] [Times: user=5.49 sys=0.02, real=0.12 secs] 
7086.073: [GC (Allocation Failure) [PSYoungGen: 26203973K->754160K(26355712K)] 28470987K->3021886K(29501440K), 0.1136921 secs] [Times: user=5.42 sys=0.01, real=0.11 secs] 
7089.113: [GC (Allocation Failure) [PSYoungGen: 26202608K->800654K(26355712K)] 28470334K->3068908K(29501440K), 0.1260463 secs] [Times: user=6.22 sys=0.01, real=0.12 secs] 
7092.087: [GC (Allocation Failure) [PSYoungGen: 26249102K->785691K(26355712K)] 28517356K->3054457K(29501440K), 0.1131113 secs] [Times: user=5.57 sys=0.00, real=0.11 secs] 
7094.980: [GC (Allocation Failure) [PSYoungGen: 26234139K->755198K(26355712K)] 28502905K->3024516K(29501440K), 0.1161556 secs] [Times: user=5.58 sys=0.01, real=0.12 secs] 
7097.827: [GC (Allocation Failure) [PSYoungGen: 26203646K->777121K(26355712K)] 28472964K->3046935K(29501440K), 0.1136003 secs] [Times: user=5.62 sys=0.00, real=0.12 secs] 
7100.925: [GC (Allocation Failure) [PSYoungGen: 26225569K->787779K(26355712K)] 28495383K->3058112K(29501440K), 0.1227199 secs] [Times: user=6.02 sys=0.00, real=0.12 secs] 
7103.836: [GC (Allocation Failure) [PSYoungGen: 26236227K->793653K(26355712K)] 28506560K->3064506K(29501440K), 0.1399502 secs] [Times: user=7.15 sys=0.00, real=0.14 secs] 
7106.571: [GC (Allocation Failure) [PSYoungGen: 26242101K->899667K(26355712K)] 28512954K->3171024K(29501440K), 0.1571612 secs] [Times: user=8.09 sys=0.00, real=0.15 secs] 
7109.436: [GC (Allocation Failure) [PSYoungGen: 26348115K->822831K(26355712K)] 28619472K->3094693K(29501440K), 0.1373321 secs] [Times: user=6.80 sys=0.00, real=0.14 secs] 
7112.282: [GC (Allocation Failure) [PSYoungGen: 26271279K->855829K(26355712K)] 28543141K->3128202K(29501440K), 0.1347357 secs] [Times: user=6.59 sys=0.00, real=0.13 secs] 
7115.071: [GC (Allocation Failure) [PSYoungGen: 26304277K->878414K(26355712K)] 28576650K->3151283K(29501440K), 0.1179430 secs] [Times: user=6.15 sys=0.00, real=0.11 secs] 
7117.915: [GC (Allocation Failure) [PSYoungGen: 26326862K->907251K(26355712K)] 28599731K->3281385K(29501440K), 0.1500429 secs] [Times: user=7.57 sys=0.00, real=0.15 secs] 
7120.918: [GC (Allocation Failure) [PSYoungGen: 26355699K->907232K(26355712K)] 28729833K->3382638K(29501440K), 0.1332007 secs] [Times: user=7.15 sys=0.00, real=0.14 secs] 
7123.935: [GC (Allocation Failure) [PSYoungGen: 26355680K->907239K(26355712K)] 28831086K->3396348K(29501440K), 0.1327903 secs] [Times: user=6.89 sys=0.00, real=0.13 secs] 
7126.840: [GC (Allocation Failure) [PSYoungGen: 26355687K->907247K(26355712K)] 28844796K->3567765K(29501440K), 0.1622223 secs] [Times: user=8.75 sys=0.00, real=0.17 secs] 
7129.762: [GC (Allocation Failure) [PSYoungGen: 26355695K->907243K(26355712K)] 29016213K->3625153K(29501440K), 0.1272589 secs] [Times: user=6.75 sys=0.00, real=0.12 secs] 
7132.633: [GC (Allocation Failure) [PSYoungGen: 26355691K->899038K(26355712K)] 29073601K->3617452K(29501440K), 0.1306854 secs] [Times: user=6.85 sys=0.00, real=0.13 secs] 
7135.615: [GC (Allocation Failure) [PSYoungGen: 26347486K->857455K(26355712K)] 29065900K->3576356K(29501440K), 0.1154700 secs] [Times: user=6.06 sys=0.00, real=0.12 secs] 
7138.565: [GC (Allocation Failure) [PSYoungGen: 26305903K->855547K(26355712K)] 29024804K->3574873K(29501440K), 0.1189915 secs] [Times: user=6.04 sys=0.01, real=0.12 secs] 
7141.483: [GC (Allocation Failure) [PSYoungGen: 26303995K->838542K(26355712K)] 29023321K->3558388K(29501440K), 0.1196786 secs] [Times: user=6.32 sys=0.02, real=0.12 secs] 
7144.538: [GC (Allocation Failure) [PSYoungGen: 26286990K->791519K(26355712K)] 29006836K->3511869K(29501440K), 0.1084562 secs] [Times: user=5.77 sys=0.00, real=0.11 secs] 
7147.413: [GC (Allocation Failure) [PSYoungGen: 26239967K->793595K(26355712K)] 28960317K->3514449K(29501440K), 0.1129693 secs] [Times: user=5.80 sys=0.00, real=0.11 secs] 
7150.426: [GC (Allocation Failure) [PSYoungGen: 26242043K->760560K(26355712K)] 28962897K->3481925K(29501440K), 0.1118619 secs] [Times: user=5.76 sys=0.00, real=0.11 secs] 
7153.413: [GC (Allocation Failure) [PSYoungGen: 26209008K->799129K(26355712K)] 28930373K->3520951K(29501440K), 0.1129007 secs] [Times: user=5.74 sys=0.01, real=0.11 secs] 
7156.380: [GC (Allocation Failure) [PSYoungGen: 26247577K->825341K(26355712K)] 28969399K->3547659K(29501440K), 0.1181273 secs] [Times: user=6.00 sys=0.00, real=0.12 secs] 
7159.355: [GC (Allocation Failure) [PSYoungGen: 26273789K->778952K(26355712K)] 28996107K->3501742K(29501440K), 0.1119410 secs] [Times: user=5.59 sys=0.00, real=0.11 secs] 
7162.334: [GC (Allocation Failure) [PSYoungGen: 26227400K->818352K(26355712K)] 28950190K->3541877K(29501440K), 0.1192030 secs] [Times: user=5.86 sys=0.00, real=0.12 secs] 
7165.286: [GC (Allocation Failure) [PSYoungGen: 26266800K->859680K(26355712K)] 28990325K->3583966K(29501440K), 0.1221226 secs] [Times: user=6.29 sys=0.01, real=0.12 secs] 
7168.095: [GC (Allocation Failure) [PSYoungGen: 26308128K->832393K(26355712K)] 29032414K->3557351K(29501440K), 0.1181504 secs] [Times: user=6.02 sys=0.01, real=0.12 secs] 
7171.076: [GC (Allocation Failure) [PSYoungGen: 26280841K->826415K(26355712K)] 29005799K->3552093K(29501440K), 0.1143962 secs] [Times: user=5.87 sys=0.00, real=0.12 secs] 
7173.934: [GC (Allocation Failure) [PSYoungGen: 26274863K->833698K(26355712K)] 29000541K->3560104K(29501440K), 0.1141444 secs] [Times: user=5.80 sys=0.00, real=0.11 secs] 
7176.917: [GC (Allocation Failure) [PSYoungGen: 26282146K->799102K(26355712K)] 29008552K->3526036K(29501440K), 0.1178649 secs] [Times: user=5.82 sys=0.01, real=0.12 secs] 
7179.855: [GC (Allocation Failure) [PSYoungGen: 26247550K->907256K(26355712K)] 28974484K->3641846K(29501440K), 0.1223091 secs] [Times: user=6.53 sys=0.00, real=0.12 secs] 
7182.765: [GC (Allocation Failure) [PSYoungGen: 26355704K->907263K(26355712K)] 29090294K->3704109K(29501440K), 0.1380288 secs] [Times: user=6.70 sys=0.00, real=0.14 secs] 
7185.763: [GC (Allocation Failure) [PSYoungGen: 26355711K->907253K(26355712K)] 29152557K->3851850K(29501440K), 0.1471736 secs] [Times: user=7.85 sys=0.00, real=0.15 secs] 
7188.620: [GC (Allocation Failure) [PSYoungGen: 26355701K->907251K(26355712K)] 29300298K->3887321K(29501440K), 0.1315496 secs] [Times: user=6.66 sys=0.00, real=0.14 secs] 
7191.476: [GC (Allocation Failure) [PSYoungGen: 26355699K->828562K(26355712K)] 29335769K->3809160K(29501440K), 0.1113980 secs] [Times: user=5.94 sys=0.00, real=0.11 secs] 
7194.405: [GC (Allocation Failure) [PSYoungGen: 26277010K->862456K(26355712K)] 29257608K->3843582K(29501440K), 0.1197369 secs] [Times: user=6.10 sys=0.01, real=0.12 secs] 
7197.276: [GC (Allocation Failure) [PSYoungGen: 26310904K->823378K(26355712K)] 29292030K->3804920K(29501440K), 0.1167137 secs] [Times: user=5.97 sys=0.01, real=0.12 secs] 
7200.236: [GC (Allocation Failure) [PSYoungGen: 26271826K->769468K(26355712K)] 29253368K->3751522K(29501440K), 0.1085299 secs] [Times: user=5.65 sys=0.01, real=0.11 secs] 
7203.183: [GC (Allocation Failure) [PSYoungGen: 26217916K->739785K(26355712K)] 29199970K->3722351K(29501440K), 0.1039211 secs] [Times: user=5.28 sys=0.00, real=0.10 secs] 
7206.144: [GC (Allocation Failure) [PSYoungGen: 26188233K->907258K(26355712K)] 29170799K->3890400K(29501440K), 0.1183932 secs] [Times: user=6.12 sys=0.00, real=0.12 secs] 
7209.034: [GC (Allocation Failure) [PSYoungGen: 26355706K->907240K(26355712K)] 29338848K->3894030K(29501440K), 0.1363557 secs] [Times: user=6.94 sys=0.01, real=0.14 secs] 
7212.022: [GC (Allocation Failure) [PSYoungGen: 26355688K->900714K(26355712K)] 29342478K->3887992K(29501440K), 0.1250035 secs] [Times: user=6.44 sys=0.00, real=0.12 secs] 
7214.913: [GC (Allocation Failure) [PSYoungGen: 26349162K->907259K(26355712K)] 29336440K->3898865K(29501440K), 0.1344769 secs] [Times: user=6.72 sys=0.00, real=0.13 secs] 
7217.723: [GC (Allocation Failure) [PSYoungGen: 26355707K->890956K(26355712K)] 29347313K->3883058K(29501440K), 0.1323767 secs] [Times: user=6.67 sys=0.01, real=0.13 secs] 
7220.563: [GC (Allocation Failure) [PSYoungGen: 26339404K->907245K(26355712K)] 29331506K->3917059K(29501440K), 0.1282795 secs] [Times: user=6.62 sys=0.00, real=0.13 secs] 
7223.485: [GC (Allocation Failure) [PSYoungGen: 26355693K->784180K(26355712K)] 29365507K->3794674K(29501440K), 0.1097652 secs] [Times: user=5.68 sys=0.00, real=0.11 secs] 
7226.486: [GC (Allocation Failure) [PSYoungGen: 26232628K->780056K(26355712K)] 29243122K->3791262K(29501440K), 0.1099595 secs] [Times: user=5.75 sys=0.01, real=0.11 secs] 
7229.403: [GC (Allocation Failure) [PSYoungGen: 26228504K->867144K(26355712K)] 29239710K->3879110K(29501440K), 0.1152663 secs] [Times: user=6.10 sys=0.01, real=0.11 secs] 
7232.239: [GC (Allocation Failure) [PSYoungGen: 26315592K->776912K(26355712K)] 29327558K->3789590K(29501440K), 0.1163610 secs] [Times: user=6.16 sys=0.00, real=0.12 secs] 
7235.151: [GC (Allocation Failure) [PSYoungGen: 26225360K->852628K(26355712K)] 29238038K->3865809K(29501440K), 0.1153999 secs] [Times: user=6.06 sys=0.00, real=0.11 secs] 
7238.024: [GC (Allocation Failure) [PSYoungGen: 26301076K->891273K(26355712K)] 29314257K->3904975K(29501440K), 0.1287991 secs] [Times: user=6.44 sys=0.01, real=0.13 secs] 
7240.907: [GC (Allocation Failure) [PSYoungGen: 26339721K->857736K(26355712K)] 29353423K->3871942K(29501440K), 0.1294474 secs] [Times: user=6.83 sys=0.01, real=0.13 secs] 
7243.800: [GC (Allocation Failure) [PSYoungGen: 26306184K->907233K(26355712K)] 29320390K->3982967K(29501440K), 0.1588479 secs] [Times: user=8.42 sys=0.00, real=0.16 secs] 
7246.819: [GC (Allocation Failure) [PSYoungGen: 26355681K->904728K(26355712K)] 29431415K->3980974K(29501440K), 0.1258405 secs] [Times: user=6.54 sys=0.00, real=0.13 secs] 
7249.687: [GC (Allocation Failure) [PSYoungGen: 26353176K->878743K(26355712K)] 29429422K->3955533K(29501440K), 0.1661138 secs] [Times: user=8.92 sys=0.00, real=0.17 secs] 
7252.650: [GC (Allocation Failure) --[PSYoungGen: 26327191K->26327191K(26355712K)] 29403981K->29472917K(29501440K), 8.5475602 secs] [Times: user=17.26 sys=0.02, real=8.55 secs] 
7261.199: [Full GC (Ergonomics) [PSYoungGen: 26327191K->0K(26355712K)] [ParOldGen: 3145725K->1698293K(3145728K)] 29472917K->1698293K(29501440K), [Metaspace: 22632K->22632K(1071104K)], 1.1967356 secs] [Times: user=29.95 sys=0.31, real=1.20 secs] 
7264.979: [GC (Allocation Failure) [PSYoungGen: 25448448K->865797K(26355712K)] 27146741K->2564091K(29501440K), 0.1328534 secs] [Times: user=6.65 sys=0.00, real=0.14 secs] 
7267.833: [GC (Allocation Failure) [PSYoungGen: 26314245K->907234K(26355712K)] 28012539K->2652456K(29501440K), 0.1348335 secs] [Times: user=6.48 sys=0.01, real=0.13 secs] 
7270.526: [GC (Allocation Failure) [PSYoungGen: 26355682K->907255K(26355712K)] 28100904K->2790853K(29501440K), 0.1400617 secs] [Times: user=7.52 sys=0.01, real=0.14 secs] 
7273.070: [GC (Allocation Failure) [PSYoungGen: 26355703K->907234K(26355712K)] 28239301K->2885103K(29501440K), 0.1392387 secs] [Times: user=6.90 sys=0.01, real=0.14 secs] 
7275.745: [GC (Allocation Failure) [PSYoungGen: 26355682K->907232K(26355712K)] 28333551K->3215750K(29501440K), 0.1790746 secs] [Times: user=9.38 sys=0.01, real=0.18 secs] 
7278.278: [GC (Allocation Failure) [PSYoungGen: 26355680K->907241K(26355712K)] 28664198K->3725194K(29501440K), 0.2108063 secs] [Times: user=11.26 sys=0.00, real=0.21 secs] 
7278.489: [Full GC (Ergonomics) [PSYoungGen: 907241K->0K(26355712K)] [ParOldGen: 2817952K->2114494K(3145728K)] 3725194K->2114494K(29501440K), [Metaspace: 22632K->22632K(1071104K)], 1.2712678 secs] [Times: user=43.97 sys=0.02, real=1.28 secs] 
7282.203: [GC (Allocation Failure) [PSYoungGen: 25448448K->907236K(26355712K)] 27562942K->3116859K(29501440K), 0.1645628 secs] [Times: user=8.78 sys=0.01, real=0.16 secs] 
7284.797: [GC (Allocation Failure) [PSYoungGen: 26355684K->907235K(26355712K)] 28565307K->3217186K(29501440K), 0.1397684 secs] [Times: user=7.24 sys=0.00, real=0.14 secs] 
7287.358: [GC (Allocation Failure) [PSYoungGen: 26355683K->906756K(26355712K)] 28665634K->3216707K(29501440K), 0.1340287 secs] [Times: user=6.81 sys=0.00, real=0.14 secs] 
7289.954: [GC (Allocation Failure) [PSYoungGen: 26355204K->907244K(26355712K)] 28665155K->3374730K(29501440K), 0.1537455 secs] [Times: user=7.84 sys=0.00, real=0.15 secs] 
7292.758: [GC (Allocation Failure) [PSYoungGen: 26355692K->907258K(26355712K)] 28823178K->3510793K(29501440K), 0.1420816 secs] [Times: user=7.46 sys=0.00, real=0.14 secs] 
7304.786: [GC (Allocation Failure) [PSYoungGen: 26355706K->907252K(26355712K)] 28959241K->3679554K(29501440K), 0.1524497 secs] [Times: user=8.03 sys=0.00, real=0.15 secs] 
7307.355: [GC (Allocation Failure) [PSYoungGen: 26355700K->907244K(26355712K)] 29128002K->3782259K(29501440K), 0.1377474 secs] [Times: user=7.25 sys=0.01, real=0.14 secs] 
7307.493: [Full GC (Ergonomics) [PSYoungGen: 907244K->0K(26355712K)] [ParOldGen: 2875014K->1626234K(3145728K)] 3782259K->1626234K(29501440K), [Metaspace: 22632K->22632K(1071104K)], 1.0267485 secs] [Times: user=32.13 sys=0.01, real=1.02 secs] 
7311.115: [GC (Allocation Failure) [PSYoungGen: 25448448K->907263K(26355712K)] 27074682K->2718946K(29501440K), 0.1547774 secs] [Times: user=8.10 sys=0.01, real=0.16 secs] 
7313.669: [GC (Allocation Failure) [PSYoungGen: 26355711K->907238K(26355712K)] 28167394K->2836393K(29501440K), 0.1917411 secs] [Times: user=9.87 sys=0.01, real=0.20 secs] 
7316.317: [GC (Allocation Failure) [PSYoungGen: 26355686K->907235K(26355712K)] 28284841K->2988830K(29501440K), 0.1714368 secs] [Times: user=8.97 sys=0.00, real=0.17 secs] 
7319.010: [GC (Allocation Failure) [PSYoungGen: 26355683K->907240K(26355712K)] 28437278K->3344763K(29501440K), 0.1949866 secs] [Times: user=10.05 sys=0.00, real=0.19 secs] 
7323.142: [GC (Allocation Failure) [PSYoungGen: 26355688K->905539K(26355712K)] 28793211K->3343061K(29501440K), 0.1435334 secs] [Times: user=7.11 sys=0.00, real=0.14 secs] 
7325.799: [GC (Allocation Failure) [PSYoungGen: 26353987K->907262K(26355712K)] 28791509K->3580449K(29501440K), 0.2229407 secs] [Times: user=11.44 sys=0.02, real=0.23 secs] 
7328.628: [GC (Allocation Failure) [PSYoungGen: 26355710K->907237K(26355712K)] 29028897K->3875432K(29501440K), 0.2078482 secs] [Times: user=10.80 sys=0.01, real=0.21 secs] 
7328.836: [Full GC (Ergonomics) [PSYoungGen: 907237K->0K(26355712K)] [ParOldGen: 2968194K->1899865K(3145728K)] 3875432K->1899865K(29501440K), [Metaspace: 22632K->22632K(1071104K)], 1.2070671 secs] [Times: user=54.91 sys=0.04, real=1.21 secs] 
7332.547: [GC (Allocation Failure) [PSYoungGen: 25448448K->721838K(26355712K)] 27348313K->2621703K(29501440K), 0.1335548 secs] [Times: user=6.93 sys=0.01, real=0.14 secs] 
7336.416: [GC (Allocation Failure) [PSYoungGen: 26170286K->864344K(26355712K)] 28070151K->2764209K(29501440K), 0.1808479 secs] [Times: user=9.53 sys=0.01, real=0.18 secs] 
7339.180: [GC (Allocation Failure) [PSYoungGen: 26312792K->907254K(26355712K)] 28212657K->2974831K(29501440K), 0.2628054 secs] [Times: user=13.86 sys=0.01, real=0.27 secs] 
7341.994: [GC (Allocation Failure) [PSYoungGen: 26355702K->907236K(26355712K)] 28423279K->3232517K(29501440K), 0.1760749 secs] [Times: user=9.09 sys=0.01, real=0.17 secs] 
7344.668: [GC (Allocation Failure) [PSYoungGen: 26355684K->907256K(26355712K)] 28680965K->3499633K(29501440K), 0.1770229 secs] [Times: user=9.14 sys=0.01, real=0.18 secs] 
7347.202: [GC (Allocation Failure) --[PSYoungGen: 26355704K->26355704K(26355712K)] 28948081K->29501425K(29501440K), 8.6546312 secs] [Times: user=21.30 sys=0.01, real=8.65 secs] 
7355.857: [Full GC (Ergonomics) [PSYoungGen: 26355704K->0K(26355712K)] [ParOldGen: 3145721K->2585166K(3145728K)] 29501425K->2585166K(29501440K), [Metaspace: 22632K->22632K(1071104K)], 2.3324705 secs] [Times: user=97.80 sys=0.07, real=2.33 secs] 
7360.695: [GC (Allocation Failure) [PSYoungGen: 25448448K->890914K(26355712K)] 28033614K->3476080K(29501440K), 0.1448541 secs] [Times: user=6.93 sys=0.00, real=0.14 secs] 
7363.277: [GC (Allocation Failure) [PSYoungGen: 26339362K->907232K(26355712K)] 28924528K->3703966K(29501440K), 0.2091288 secs] [Times: user=11.00 sys=0.00, real=0.21 secs] 
7363.487: [Full GC (Ergonomics) [PSYoungGen: 907232K->0K(26355712K)] [ParOldGen: 2796734K->1929178K(3145728K)] 3703966K->1929178K(29501440K), [Metaspace: 22632K->22632K(1071104K)], 1.3724213 secs] [Times: user=57.36 sys=0.01, real=1.37 secs] 
7367.405: [GC (Allocation Failure) [PSYoungGen: 25448448K->907261K(26355712K)] 27377626K->2933583K(29501440K), 0.1468802 secs] [Times: user=7.66 sys=0.01, real=0.15 secs] 
7370.181: [GC (Allocation Failure) [PSYoungGen: 26355709K->907256K(26355712K)] 28382031K->3154787K(29501440K), 0.1777989 secs] [Times: user=9.15 sys=0.00, real=0.17 secs] 
7375.031: [GC (Allocation Failure) [PSYoungGen: 26355704K->907263K(26355712K)] 28603235K->3504537K(29501440K), 0.1967680 secs] [Times: user=10.16 sys=0.00, real=0.19 secs] 
7377.800: [GC (Allocation Failure) [PSYoungGen: 26355711K->907261K(26355712K)] 28952985K->3795175K(29501440K), 0.2092185 secs] [Times: user=11.18 sys=0.00, real=0.21 secs] 
7378.010: [Full GC (Ergonomics) [PSYoungGen: 907261K->0K(26355712K)] [ParOldGen: 2887914K->1880920K(3145728K)] 3795175K->1880920K(29501440K), [Metaspace: 22632K->22632K(1071104K)], 1.2945507 secs] [Times: user=47.74 sys=0.01, real=1.30 secs] 
7381.862: [GC (Allocation Failure) [PSYoungGen: 25448448K->907232K(26355712K)] 27329368K->3208696K(29501440K), 0.1974019 secs] [Times: user=10.40 sys=0.00, real=0.19 secs] 
7385.589: [GC (Allocation Failure) [PSYoungGen: 26355680K->907248K(26355712K)] 28657144K->4007402K(29501440K), 0.2713960 secs] [Times: user=14.76 sys=0.01, real=0.28 secs] 
7385.861: [Full GC (Ergonomics) [PSYoungGen: 907248K->0K(26355712K)] [ParOldGen: 3100154K->2703652K(3145728K)] 4007402K->2703652K(29501440K), [Metaspace: 22632K->22632K(1071104K)], 1.7811059 secs] [Times: user=59.28 sys=0.04, real=1.78 secs] 
7390.134: [Full GC (Ergonomics) [PSYoungGen: 25448448K->0K(26355712K)] [ParOldGen: 2703652K->2712068K(3145728K)] 28152100K->2712068K(29501440K), [Metaspace: 22632K->22632K(1071104K)], 1.6543960 secs] [Times: user=62.43 sys=0.01, real=1.65 secs] 
7394.504: [Full GC (Ergonomics) [PSYoungGen: 25448448K->0K(26355712K)] [ParOldGen: 2712068K->2226012K(3145728K)] 28160516K->2226012K(29501440K), [Metaspace: 22632K->22632K(1071104K)], 1.6377222 secs] [Times: user=58.07 sys=0.02, real=1.64 secs] 
7398.799: [GC (Allocation Failure) [PSYoungGen: 25448448K->907255K(26355712K)] 27674460K->3253052K(29501440K), 0.1559514 secs] [Times: user=7.95 sys=0.01, real=0.16 secs] 
7402.847: [GC (Allocation Failure) [PSYoungGen: 26355703K->907236K(26355712K)] 28701500K->3495289K(29501440K), 0.1700408 secs] [Times: user=8.99 sys=0.01, real=0.17 secs] 
7403.017: [Full GC (Ergonomics) [PSYoungGen: 907236K->0K(26355712K)] [ParOldGen: 2588052K->2083021K(3145728K)] 3495289K->2083021K(29501440K), [Metaspace: 22632K->22632K(1071104K)], 1.3590299 secs] [Times: user=59.62 sys=0.02, real=1.36 secs] 
7406.877: [GC (Allocation Failure) [PSYoungGen: 25448448K->843646K(26355712K)] 27531469K->2926667K(29501440K), 0.1294246 secs] [Times: user=6.34 sys=0.00, real=0.13 secs] 
7409.561: [GC (Allocation Failure) [PSYoungGen: 26292094K->907255K(26355712K)] 28375115K->3105637K(29501440K), 0.1846636 secs] [Times: user=9.57 sys=0.02, real=0.18 secs] 
7413.926: [GC (Allocation Failure) [PSYoungGen: 26355703K->907240K(26355712K)] 28554085K->3310014K(29501440K), 0.1668985 secs] [Times: user=8.50 sys=0.00, real=0.17 secs] 
7416.537: [GC (Allocation Failure) [PSYoungGen: 26355688K->907262K(26355712K)] 28758462K->3614483K(29501440K), 0.1801099 secs] [Times: user=9.44 sys=0.00, real=0.18 secs] 
7416.717: [Full GC (Ergonomics) [PSYoungGen: 907262K->0K(26355712K)] [ParOldGen: 2707221K->2587471K(3145728K)] 3614483K->2587471K(29501440K), [Metaspace: 22632K->22632K(1071104K)], 3.5497452 secs] [Times: user=189.76 sys=0.07, real=3.55 secs] 
7424.467: [Full GC (Ergonomics) [PSYoungGen: 25448448K->0K(26355712K)] [ParOldGen: 2587471K->2785366K(3145728K)] 28035919K->2785366K(29501440K), [Metaspace: 22632K->22632K(1071104K)], 4.3565542 secs] [Times: user=230.22 sys=0.09, real=4.36 secs] 
7431.623: [Full GC (Ergonomics) [PSYoungGen: 25448448K->0K(26355712K)] [ParOldGen: 2785366K->3000417K(3145728K)] 28233814K->3000417K(29501440K), [Metaspace: 22632K->22632K(1071104K)], 4.9608072 secs] [Times: user=259.13 sys=0.09, real=4.96 secs] 
7441.609: [Full GC (Ergonomics) [PSYoungGen: 25448448K->0K(26355712K)] [ParOldGen: 3000417K->2241829K(3145728K)] 28448865K->2241829K(29501440K), [Metaspace: 22632K->22632K(1071104K)], 1.1890160 secs] [Times: user=41.48 sys=0.01, real=1.19 secs] 
7449.368: [GC (Allocation Failure) [PSYoungGen: 25448448K->907233K(26355712K)] 27690277K->3706638K(29501440K), 0.2347619 secs] [Times: user=11.95 sys=0.00, real=0.24 secs] 
7449.604: [Full GC (Ergonomics) [PSYoungGen: 907233K->0K(26355712K)] [ParOldGen: 2799405K->2713337K(3145728K)] 3706638K->2713337K(29501440K), [Metaspace: 22632K->22632K(1071104K)], 1.4284474 secs] [Times: user=65.03 sys=0.04, real=1.43 secs] 
7455.437: [Full GC (Ergonomics) [PSYoungGen: 25448448K->0K(26355712K)] [ParOldGen: 2713337K->2252514K(3145728K)] 28161785K->2252514K(29501440K), [Metaspace: 22632K->22632K(1071104K)], 1.2706258 secs] [Times: user=43.07 sys=0.09, real=1.27 secs] 
7461.027: [GC (Allocation Failure) [PSYoungGen: 25448448K->907257K(26355712K)] 27700962K->3510504K(29501440K), 0.2160741 secs] [Times: user=11.06 sys=0.01, real=0.22 secs] 
7461.243: [Full GC (Ergonomics) [PSYoungGen: 907257K->0K(26355712K)] [ParOldGen: 2603247K->2481300K(3145728K)] 3510504K->2481300K(29501440K), [Metaspace: 22632K->22632K(1071104K)], 1.4770906 secs] [Times: user=61.10 sys=0.01, real=1.48 secs] 
7466.781: [Full GC (Ergonomics) [PSYoungGen: 25448448K->0K(26355712K)] [ParOldGen: 2481300K->2041228K(3145728K)] 27929748K->2041228K(29501440K), [Metaspace: 22632K->22632K(1071104K)], 1.3213178 secs] [Times: user=38.89 sys=0.01, real=1.32 secs] 
7472.422: [GC (Allocation Failure) [PSYoungGen: 25448448K->907250K(26355712K)] 27489676K->3137167K(29501440K), 0.1676286 secs] [Times: user=8.63 sys=0.00, real=0.16 secs] 
7476.934: [GC (Allocation Failure) [PSYoungGen: 26355698K->907249K(26355712K)] 28585615K->3438685K(29501440K), 0.1825102 secs] [Times: user=9.38 sys=0.01, real=0.18 secs] 
7477.117: [Full GC (Ergonomics) [PSYoungGen: 907249K->0K(26355712K)] [ParOldGen: 2531436K->2270575K(3145728K)] 3438685K->2270575K(29501440K), [Metaspace: 22632K->22632K(1071104K)], 1.6570630 secs] [Times: user=61.98 sys=0.01, real=1.66 secs] 
7483.105: [GC (Allocation Failure) [PSYoungGen: 25448448K->907250K(26355712K)] 27719023K->3519185K(29501440K), 0.1859172 secs] [Times: user=9.74 sys=0.01, real=0.19 secs] 
7483.292: [Full GC (Ergonomics) [PSYoungGen: 907250K->0K(26355712K)] [ParOldGen: 2611935K->2663246K(3145728K)] 3519185K->2663246K(29501440K), [Metaspace: 22632K->22632K(1071104K)], 3.8216371 secs] [Times: user=177.42 sys=0.04, real=3.82 secs] 
7491.556: [Full GC (Ergonomics) [PSYoungGen: 25448448K->0K(26355712K)] [ParOldGen: 2663246K->2716834K(3145728K)] 28111694K->2716834K(29501440K), [Metaspace: 22632K->22632K(1071104K)], 2.7472571 secs] [Times: user=125.53 sys=0.03, real=2.75 secs] 
7498.705: [Full GC (Ergonomics) [PSYoungGen: 25448448K->0K(26355712K)] [ParOldGen: 2716834K->2984451K(3145728K)] 28165282K->2984451K(29501440K), [Metaspace: 22632K->22632K(1071104K)], 2.5955941 secs] [Times: user=105.87 sys=0.00, real=2.60 secs] 
7507.704: [Full GC (Ergonomics) [PSYoungGen: 25448448K->36695K(26355712K)] [ParOldGen: 2984451K->3145682K(3145728K)] 28432899K->3182377K(29501440K), [Metaspace: 22632K->22632K(1071104K)], 2.8965203 secs] [Times: user=125.34 sys=0.00, real=2.90 secs] 
7515.072: [Full GC (Ergonomics) [PSYoungGen: 25448448K->336382K(26355712K)] [ParOldGen: 3145682K->3145697K(3145728K)] 28594130K->3482079K(29501440K), [Metaspace: 22632K->22632K(1071104K)], 3.1376957 secs] [Times: user=140.62 sys=0.10, real=3.13 secs] 
7522.805: [Full GC (Ergonomics) [PSYoungGen: 25448448K->541847K(26355712K)] [ParOldGen: 3145697K->3145717K(3145728K)] 28594145K->3687565K(29501440K), [Metaspace: 22632K->22632K(1071104K)], 3.4225108 secs] [Times: user=154.16 sys=0.03, real=3.42 secs] 
7531.378: [Full GC (Ergonomics) [PSYoungGen: 25448448K->1120007K(26355712K)] [ParOldGen: 3145717K->3145719K(3145728K)] 28594165K->4265726K(29501440K), [Metaspace: 22632K->22632K(1071104K)], 5.2859029 secs] [Times: user=251.04 sys=0.05, real=5.29 secs] 
7543.091: [Full GC (Ergonomics) [PSYoungGen: 25448448K->1004075K(26355712K)] [ParOldGen: 3145719K->3145646K(3145728K)] 28594167K->4149721K(29501440K), [Metaspace: 22632K->22632K(1071104K)], 5.1558629 secs] [Times: user=261.07 sys=0.06, real=5.15 secs] 
7553.443: [Full GC (Ergonomics) [PSYoungGen: 25448448K->0K(26355712K)] [ParOldGen: 3145646K->2541183K(3145728K)] 28594094K->2541183K(29501440K), [Metaspace: 22632K->22632K(1071104K)], 1.9001132 secs] [Times: user=83.56 sys=0.02, real=1.90 secs] 
7559.964: [Full GC (Ergonomics) [PSYoungGen: 25448448K->0K(26355712K)] [ParOldGen: 2541183K->2076646K(3145728K)] 27989631K->2076646K(29501440K), [Metaspace: 22639K->22639K(1071104K)], 0.9948951 secs] [Times: user=39.77 sys=0.01, real=0.99 secs] 
7562.305: [GC (System.gc()) [PSYoungGen: 3861427K->24804K(26355712K)] 5938074K->2101451K(29501440K), 0.1108525 secs] [Times: user=1.13 sys=0.00, real=0.11 secs] 
7562.416: [Full GC (System.gc()) [PSYoungGen: 24804K->0K(26355712K)] [ParOldGen: 2076646K->302416K(3145728K)] 2101451K->302416K(29501440K), [Metaspace: 22639K->22639K(1071104K)], 0.2060125 secs] [Times: user=8.17 sys=0.01, real=0.21 secs] 
7602.600: [GC (Allocation Failure) [PSYoungGen: 25448448K->907250K(26355712K)] 25750864K->1278555K(29501440K), 0.1031866 secs] [Times: user=5.23 sys=0.01, real=0.11 secs] 
7614.687: [GC (Allocation Failure) [PSYoungGen: 26355698K->906544K(26355712K)] 26727003K->1277848K(29501440K), 0.0788355 secs] [Times: user=3.89 sys=0.01, real=0.08 secs] 
7623.722: [GC (Allocation Failure) [PSYoungGen: 26354992K->907239K(26355712K)] 26726296K->1308520K(29501440K), 0.0898940 secs] [Times: user=4.14 sys=0.01, real=0.09 secs] 
7631.454: [GC (Allocation Failure) [PSYoungGen: 26355687K->904035K(26355712K)] 26756968K->1305316K(29501440K), 0.0807314 secs] [Times: user=3.85 sys=0.01, real=0.08 secs] 
7638.523: [GC (Allocation Failure) [PSYoungGen: 26352483K->901458K(26355712K)] 26753764K->1302739K(29501440K), 0.0786430 secs] [Times: user=3.96 sys=0.01, real=0.08 secs] 
7644.603: [GC (Allocation Failure) [PSYoungGen: 26349906K->907254K(26355712K)] 26751187K->1325879K(29501440K), 0.0852301 secs] [Times: user=4.20 sys=0.02, real=0.08 secs] 
7650.310: [GC (Allocation Failure) [PSYoungGen: 26355702K->907255K(26355712K)] 26774327K->1391280K(29501440K), 0.0985714 secs] [Times: user=4.76 sys=0.00, real=0.10 secs] 
7656.100: [GC (Allocation Failure) [PSYoungGen: 26355703K->907256K(26355712K)] 26839728K->1429073K(29501440K), 0.0903729 secs] [Times: user=4.46 sys=0.00, real=0.10 secs] 
7661.466: [GC (Allocation Failure) [PSYoungGen: 26355704K->907244K(26355712K)] 26877521K->1471117K(29501440K), 0.0912997 secs] [Times: user=4.52 sys=0.00, real=0.09 secs] 
7666.264: [GC (Allocation Failure) [PSYoungGen: 26355692K->907244K(26355712K)] 26919565K->1573765K(29501440K), 0.1063419 secs] [Times: user=5.34 sys=0.01, real=0.11 secs] 
7671.239: [GC (Allocation Failure) [PSYoungGen: 26355692K->907237K(26355712K)] 27022213K->1656077K(29501440K), 0.1086163 secs] [Times: user=5.30 sys=0.02, real=0.11 secs] 
7675.818: [GC (Allocation Failure) [PSYoungGen: 26355685K->907252K(26355712K)] 27104525K->1700316K(29501440K), 0.0956338 secs] [Times: user=4.69 sys=0.00, real=0.10 secs] 
7680.006: [GC (Allocation Failure) [PSYoungGen: 26355700K->907253K(26355712K)] 27148764K->1782390K(29501440K), 0.1042396 secs] [Times: user=5.20 sys=0.00, real=0.10 secs] 
7684.090: [GC (Allocation Failure) [PSYoungGen: 26355701K->907257K(26355712K)] 27230838K->1893338K(29501440K), 0.1149563 secs] [Times: user=5.56 sys=0.00, real=0.12 secs] 
7688.306: [GC (Allocation Failure) [PSYoungGen: 26355705K->907248K(26355712K)] 27341786K->1972761K(29501440K), 0.1049973 secs] [Times: user=5.25 sys=0.00, real=0.11 secs] 
7692.184: [GC (Allocation Failure) [PSYoungGen: 26355696K->834904K(26355712K)] 27421209K->2154908K(29501440K), 0.1247350 secs] [Times: user=6.36 sys=0.00, real=0.12 secs] 
7695.857: [GC (Allocation Failure) [PSYoungGen: 26283352K->762741K(26355712K)] 27603356K->2087275K(29501440K), 0.1007761 secs] [Times: user=5.20 sys=0.00, real=0.10 secs] 
7699.359: [GC (Allocation Failure) [PSYoungGen: 26211189K->799148K(26355712K)] 27535723K->2127428K(29501440K), 0.1032981 secs] [Times: user=5.37 sys=0.01, real=0.11 secs] 
7702.934: [GC (Allocation Failure) [PSYoungGen: 26247596K->807009K(26355712K)] 27575876K->2138689K(29501440K), 0.1048194 secs] [Times: user=5.47 sys=0.00, real=0.10 secs] 
7706.377: [GC (Allocation Failure) [PSYoungGen: 26255457K->796413K(26355712K)] 27587137K->2130182K(29501440K), 0.1087262 secs] [Times: user=5.50 sys=0.01, real=0.11 secs] 
7709.675: [GC (Allocation Failure) [PSYoungGen: 26244861K->870682K(26355712K)] 27578630K->2205787K(29501440K), 0.1205333 secs] [Times: user=5.87 sys=0.02, real=0.12 secs] 
7713.076: [GC (Allocation Failure) [PSYoungGen: 26319130K->907249K(26355712K)] 27654235K->2376786K(29501440K), 0.1587464 secs] [Times: user=8.30 sys=0.00, real=0.16 secs] 
7716.241: [GC (Allocation Failure) [PSYoungGen: 26355697K->868817K(26355712K)] 27825234K->2339610K(29501440K), 0.1363614 secs] [Times: user=6.83 sys=0.01, real=0.13 secs] 
7719.335: [GC (Allocation Failure) [PSYoungGen: 26317265K->865316K(26355712K)] 27788058K->2337470K(29501440K), 0.1135342 secs] [Times: user=5.66 sys=0.01, real=0.11 secs] 
7722.506: [GC (Allocation Failure) [PSYoungGen: 26313764K->778630K(26355712K)] 27785918K->2252016K(29501440K), 0.1087611 secs] [Times: user=5.40 sys=0.00, real=0.11 secs] 
7725.461: [GC (Allocation Failure) [PSYoungGen: 26227078K->866468K(26355712K)] 27700464K->2341134K(29501440K), 0.1135718 secs] [Times: user=5.89 sys=0.01, real=0.11 secs] 
7728.421: [GC (Allocation Failure) [PSYoungGen: 26314916K->907245K(26355712K)] 27789582K->2426968K(29501440K), 0.1295823 secs] [Times: user=6.47 sys=0.01, real=0.13 secs] 
7731.390: [GC (Allocation Failure) [PSYoungGen: 26355693K->907237K(26355712K)] 27875416K->2510368K(29501440K), 0.1432570 secs] [Times: user=7.50 sys=0.01, real=0.15 secs] 
7734.328: [GC (Allocation Failure) [PSYoungGen: 26355685K->906644K(26355712K)] 27958816K->2511055K(29501440K), 0.1310228 secs] [Times: user=6.81 sys=0.00, real=0.13 secs] 
7746.629: [GC (System.gc()) [PSYoungGen: 10442434K->907246K(26355712K)] 12046845K->2535225K(29501440K), 0.1097935 secs] [Times: user=4.90 sys=0.01, real=0.11 secs] 
7746.739: [Full GC (System.gc()) [PSYoungGen: 907246K->0K(26355712K)] [ParOldGen: 1627978K->284160K(3145728K)] 2535225K->284160K(29501440K), [Metaspace: 22672K->22672K(1071104K)], 0.1127368 secs] [Times: user=2.87 sys=0.00, real=0.12 secs] 
7754.343: [GC (System.gc()) [PSYoungGen: 3515409K->416K(26355712K)] 3799569K->284576K(29501440K), 0.0163970 secs] [Times: user=0.24 sys=0.00, real=0.01 secs] 
7754.360: [Full GC (System.gc()) [PSYoungGen: 416K->0K(26355712K)] [ParOldGen: 284160K->274763K(3145728K)] 284576K->274763K(29501440K), [Metaspace: 22683K->22683K(1071104K)], 0.0786228 secs] [Times: user=1.89 sys=0.01, real=0.08 secs] 
7770.393: [GC (Allocation Failure) [PSYoungGen: 25448418K->907235K(26355712K)] 25723182K->1273647K(29501440K), 0.1045833 secs] [Times: user=5.24 sys=0.01, real=0.10 secs] 
7780.992: [GC (Allocation Failure) [PSYoungGen: 26355683K->874466K(26355712K)] 26722095K->1240886K(29501440K), 0.0758666 secs] [Times: user=3.67 sys=0.01, real=0.07 secs] 
7791.495: [GC (Allocation Failure) [PSYoungGen: 26322914K->870474K(26355712K)] 26689334K->1236894K(29501440K), 0.0795976 secs] [Times: user=3.50 sys=0.00, real=0.08 secs] 
7799.526: [GC (System.gc()) [PSYoungGen: 11481932K->66846K(26355712K)] 11848351K->433266K(29501440K), 0.0146362 secs] [Times: user=0.43 sys=0.00, real=0.02 secs] 
7799.541: [Full GC (System.gc()) [PSYoungGen: 66846K->0K(26355712K)] [ParOldGen: 366419K->282329K(3145728K)] 433266K->282329K(29501440K), [Metaspace: 22740K->22740K(1071104K)], 0.0803029 secs] [Times: user=1.39 sys=0.01, real=0.08 secs] 
7799.843: [GC (System.gc()) [PSYoungGen: 598K->224K(26355712K)] 282927K->282553K(29501440K), 0.0302265 secs] [Times: user=0.23 sys=0.01, real=0.03 secs] 
7799.874: [Full GC (System.gc()) [PSYoungGen: 224K->0K(26355712K)] [ParOldGen: 282329K->282309K(3145728K)] 282553K->282309K(29501440K), [Metaspace: 22744K->22744K(1071104K)], 0.1957967 secs] [Times: user=0.86 sys=0.00, real=0.19 secs] 
7800.292: [GC (System.gc()) [PSYoungGen: 175212K->128K(26355712K)] 457522K->282437K(29501440K), 0.0092262 secs] [Times: user=0.21 sys=0.00, real=0.01 secs] 
7800.301: [Full GC (System.gc()) [PSYoungGen: 128K->0K(26355712K)] [ParOldGen: 282309K->282217K(3145728K)] 282437K->282217K(29501440K), [Metaspace: 22745K->22745K(1071104K)], 0.2246050 secs] [Times: user=3.27 sys=0.01, real=0.22 secs] 
Heap
 PSYoungGen      total 26355712K, used 1187745K [0x0000000140000000, 0x00000007c0000000, 0x00000007c0000000)
  eden space 25448448K, 4% used [0x0000000140000000,0x00000001887e8688,0x0000000751400000)
  from space 907264K, 0% used [0x0000000751400000,0x0000000751400000,0x0000000788a00000)
  to   space 907264K, 0% used [0x0000000788a00000,0x0000000788a00000,0x00000007c0000000)
 ParOldGen       total 3145728K, used 282217K [0x0000000080000000, 0x0000000140000000, 0x0000000140000000)
  object space 3145728K, 8% used [0x0000000080000000,0x000000009139a480,0x0000000140000000)
 Metaspace       used 22747K, capacity 23586K, committed 23680K, reserved 1071104K
  class space    used 2641K, capacity 2873K, committed 2944K, reserved 1048576K
