Java HotSpot(TM) 64-Bit Server VM (25.60-b12) for linux-amd64 JRE (1.8.0_60-ea-b12), built on Apr 21 2015 19:53:00 by "java_re" with gcc 4.3.0 20080428 (Red Hat 4.3.0-8)
Memory: 4k page, physical 395463368k(390017968k free), swap 16318460k(16318460k free)
CommandLine flags: -XX:+AggressiveOpts -XX:+AlwaysPreTouch -XX:InitialHeapSize=31138512896 -XX:LargePageSizeInBytes=2097152 -XX:MaxHeapSize=31138512896 -XX:MaxNewSize=27917287424 -XX:MaxTenuringThreshold=15 -XX:NewSize=27917287424 -XX:ParallelGCThreads=56 -XX:+PrintGC -XX:+PrintGCDetails -XX:+PrintGCTimeStamps -XX:+PrintTenuringDistribution -XX:SurvivorRatio=28 -XX:TargetSurvivorRatio=95 -XX:-UseAdaptiveSizePolicy -XX:-UseBiasedLocking -XX:+UseCompressedClassPointers -XX:+UseCompressedOops -XX:+UseLargePages -XX:+UseParallelOldGC 
9.308: [GC (Allocation Failure) [PSYoungGen: 25448448K->12929K(26355712K)] 25448448K->13031K(29501440K), 0.0174648 secs] [Times: user=0.45 sys=0.00, real=0.02 secs] 
12.694: [GC (System.gc()) [PSYoungGen: 24325300K->8935K(26355712K)] 24325403K->9046K(29501440K), 0.0170646 secs] [Times: user=0.50 sys=0.01, real=0.01 secs] 
12.711: [Full GC (System.gc()) [PSYoungGen: 8935K->0K(26355712K)] [ParOldGen: 110K->8163K(3145728K)] 9046K->8163K(29501440K), [Metaspace: 16774K->16774K(1064960K)], 0.0416370 secs] [Times: user=0.57 sys=0.06, real=0.05 secs] 
24.490: [GC (Allocation Failure) [PSYoungGen: 25448448K->852924K(26355712K)] 25456611K->861103K(29501440K), 0.0802051 secs] [Times: user=3.53 sys=0.00, real=0.08 secs] 
36.319: [GC (Allocation Failure) [PSYoungGen: 26301372K->853109K(26355712K)] 26309551K->861297K(29501440K), 0.0684259 secs] [Times: user=2.97 sys=0.00, real=0.07 secs] 
99.988: [GC (System.gc()) [PSYoungGen: 23668028K->99410K(26355712K)] 23676216K->107606K(29501440K), 0.0202064 secs] [Times: user=0.75 sys=0.00, real=0.02 secs] 
100.008: [Full GC (System.gc()) [PSYoungGen: 99410K->0K(26355712K)] [ParOldGen: 8195K->105623K(3145728K)] 107606K->105623K(29501440K), [Metaspace: 20044K->20022K(1067008K)], 0.0885444 secs] [Times: user=2.12 sys=0.05, real=0.09 secs] 
218.895: [GC (Allocation Failure) [PSYoungGen: 25448448K->898247K(26355712K)] 25554071K->1003879K(29501440K), 0.0837874 secs] [Times: user=4.26 sys=0.00, real=0.08 secs] 
232.694: [GC (Allocation Failure) [PSYoungGen: 26346695K->893169K(26355712K)] 26452327K->998873K(29501440K), 0.0768502 secs] [Times: user=3.75 sys=0.00, real=0.07 secs] 
241.648: [GC (Allocation Failure) [PSYoungGen: 26341617K->893747K(26355712K)] 26447321K->999459K(29501440K), 0.0785583 secs] [Times: user=3.70 sys=0.00, real=0.08 secs] 
253.362: [GC (Allocation Failure) [PSYoungGen: 26342195K->895307K(26355712K)] 26447907K->1001027K(29501440K), 0.0772803 secs] [Times: user=3.84 sys=0.00, real=0.08 secs] 
262.383: [GC (Allocation Failure) [PSYoungGen: 26343755K->907233K(26355712K)] 26449475K->1027833K(29501440K), 0.0791997 secs] [Times: user=4.13 sys=0.00, real=0.07 secs] 
269.931: [GC (Allocation Failure) [PSYoungGen: 26355681K->898326K(26355712K)] 26476281K->1018935K(29501440K), 0.0803797 secs] [Times: user=3.93 sys=0.00, real=0.08 secs] 
276.360: [GC (Allocation Failure) [PSYoungGen: 26346774K->907246K(26355712K)] 26467383K->1083878K(29501440K), 0.0908036 secs] [Times: user=4.61 sys=0.01, real=0.09 secs] 
282.263: [GC (Allocation Failure) [PSYoungGen: 26355694K->907251K(26355712K)] 26532326K->1202363K(29501440K), 0.1080787 secs] [Times: user=5.41 sys=0.00, real=0.10 secs] 
287.205: [GC (Allocation Failure) [PSYoungGen: 26355699K->907246K(26355712K)] 26650811K->1292486K(29501440K), 0.1012518 secs] [Times: user=5.18 sys=0.00, real=0.10 secs] 
291.886: [GC (Allocation Failure) [PSYoungGen: 26355694K->907238K(26355712K)] 26740934K->1360446K(29501440K), 0.0961045 secs] [Times: user=4.89 sys=0.00, real=0.10 secs] 
295.973: [GC (Allocation Failure) [PSYoungGen: 26355686K->907246K(26355712K)] 26808894K->1416502K(29501440K), 0.0915719 secs] [Times: user=4.75 sys=0.00, real=0.09 secs] 
299.522: [GC (Allocation Failure) [PSYoungGen: 26355694K->907238K(26355712K)] 26864950K->1557614K(29501440K), 0.1177288 secs] [Times: user=5.90 sys=0.00, real=0.12 secs] 
303.165: [GC (Allocation Failure) [PSYoungGen: 26355686K->907241K(26355712K)] 27006062K->1634009K(29501440K), 0.1015329 secs] [Times: user=5.04 sys=0.00, real=0.10 secs] 
306.245: [GC (Allocation Failure) [PSYoungGen: 26355689K->907233K(26355712K)] 27082457K->1764745K(29501440K), 0.1187015 secs] [Times: user=5.85 sys=0.01, real=0.12 secs] 
310.173: [GC (Allocation Failure) [PSYoungGen: 26355681K->907249K(26355712K)] 27213193K->1861041K(29501440K), 0.1098659 secs] [Times: user=5.34 sys=0.02, real=0.11 secs] 
313.107: [GC (Allocation Failure) [PSYoungGen: 26355697K->907253K(26355712K)] 27309489K->2872541K(29501440K), 0.3003535 secs] [Times: user=16.01 sys=0.00, real=0.30 secs] 
315.954: [GC (Allocation Failure) [PSYoungGen: 26355701K->907261K(26355712K)] 28320989K->3767832K(29501440K), 0.2823673 secs] [Times: user=15.39 sys=0.00, real=0.28 secs] 
316.237: [Full GC (Ergonomics) [PSYoungGen: 907261K->0K(26355712K)] [ParOldGen: 2860570K->2336334K(3145728K)] 3767832K->2336334K(29501440K), [Metaspace: 22127K->22116K(1069056K)], 1.7119819 secs] [Times: user=44.93 sys=0.24, real=1.71 secs] 
320.477: [GC (Allocation Failure) [PSYoungGen: 25448448K->907251K(26355712K)] 27784782K->3823610K(29501440K), 0.2433382 secs] [Times: user=12.90 sys=0.00, real=0.24 secs] 
320.720: [Full GC (Ergonomics) [PSYoungGen: 907251K->0K(26355712K)] [ParOldGen: 2916359K->2223077K(3145728K)] 3823610K->2223077K(29501440K), [Metaspace: 22116K->22116K(1069056K)], 1.2010063 secs] [Times: user=39.33 sys=0.15, real=1.20 secs] 
325.548: [GC (Allocation Failure) [PSYoungGen: 25448448K->907253K(26355712K)] 27671525K->3586595K(29501440K), 0.2064848 secs] [Times: user=11.12 sys=0.00, real=0.21 secs] 
325.755: [Full GC (Ergonomics) [PSYoungGen: 907253K->0K(26355712K)] [ParOldGen: 2679342K->2124747K(3145728K)] 3586595K->2124747K(29501440K), [Metaspace: 22116K->22116K(1069056K)], 1.0436614 secs] [Times: user=32.41 sys=0.00, real=1.04 secs] 
329.339: [GC (Allocation Failure) [PSYoungGen: 25448448K->907249K(26355712K)] 27573195K->3153204K(29501440K), 0.1763111 secs] [Times: user=8.70 sys=0.00, real=0.18 secs] 
332.081: [GC (Allocation Failure) [PSYoungGen: 26355697K->907244K(26355712K)] 28601652K->3228319K(29501440K), 0.1663933 secs] [Times: user=8.49 sys=0.01, real=0.17 secs] 
334.767: [GC (Allocation Failure) [PSYoungGen: 26355692K->907236K(26355712K)] 28676767K->3797192K(29501440K), 0.2337855 secs] [Times: user=12.33 sys=0.00, real=0.23 secs] 
335.001: [Full GC (Ergonomics) [PSYoungGen: 907236K->0K(26355712K)] [ParOldGen: 2889955K->1956134K(3145728K)] 3797192K->1956134K(29501440K), [Metaspace: 22116K->22116K(1069056K)], 1.1943254 secs] [Times: user=50.23 sys=0.03, real=1.20 secs] 
339.651: [GC (Allocation Failure) [PSYoungGen: 25448448K->907248K(26355712K)] 27404582K->3051396K(29501440K), 0.2716334 secs] [Times: user=6.63 sys=0.00, real=0.28 secs] 
341.458: [GC (System.gc()) [PSYoungGen: 10446763K->742022K(26355712K)] 12590911K->2886178K(29501440K), 0.1076662 secs] [Times: user=4.77 sys=0.01, real=0.11 secs] 
341.566: [Full GC (System.gc()) [PSYoungGen: 742022K->0K(26355712K)] [ParOldGen: 2144155K->166855K(3145728K)] 2886178K->166855K(29501440K), [Metaspace: 22327K->22327K(1069056K)], 0.1595247 secs] [Times: user=5.49 sys=0.01, real=0.16 secs] 
363.400: [GC (Allocation Failure) [PSYoungGen: 25448448K->907232K(26355712K)] 25615303K->1098247K(29501440K), 0.0908605 secs] [Times: user=4.69 sys=0.01, real=0.09 secs] 
370.140: [GC (Allocation Failure) [PSYoungGen: 26355680K->907254K(26355712K)] 26546695K->1184261K(29501440K), 0.1025239 secs] [Times: user=4.83 sys=0.00, real=0.11 secs] 
375.638: [GC (Allocation Failure) [PSYoungGen: 26355702K->907237K(26355712K)] 26632709K->1267364K(29501440K), 0.1022576 secs] [Times: user=5.09 sys=0.01, real=0.10 secs] 
380.550: [GC (Allocation Failure) [PSYoungGen: 26355685K->907251K(26355712K)] 26715812K->1357914K(29501440K), 0.1036216 secs] [Times: user=5.15 sys=0.00, real=0.11 secs] 
385.056: [GC (Allocation Failure) [PSYoungGen: 26355699K->907251K(26355712K)] 26806362K->1443682K(29501440K), 0.0973304 secs] [Times: user=4.95 sys=0.01, real=0.10 secs] 
388.635: [GC (Allocation Failure) [PSYoungGen: 26355699K->907260K(26355712K)] 26892130K->1575563K(29501440K), 0.1123212 secs] [Times: user=5.90 sys=0.00, real=0.11 secs] 
391.989: [GC (Allocation Failure) [PSYoungGen: 26355708K->907263K(26355712K)] 27024011K->1685166K(29501440K), 0.1198240 secs] [Times: user=6.20 sys=0.00, real=0.12 secs] 
395.206: [GC (Allocation Failure) [PSYoungGen: 26355711K->907233K(26355712K)] 27133614K->1915496K(29501440K), 0.1547382 secs] [Times: user=8.07 sys=0.01, real=0.15 secs] 
398.369: [GC (Allocation Failure) [PSYoungGen: 26355681K->907243K(26355712K)] 27363944K->2098978K(29501440K), 0.1624027 secs] [Times: user=8.42 sys=0.00, real=0.16 secs] 
401.560: [GC (Allocation Failure) [PSYoungGen: 26355691K->907249K(26355712K)] 27547426K->2276168K(29501440K), 0.1388304 secs] [Times: user=7.12 sys=0.01, real=0.14 secs] 
404.540: [GC (Allocation Failure) [PSYoungGen: 26355697K->907257K(26355712K)] 27724616K->2477368K(29501440K), 0.1393133 secs] [Times: user=7.13 sys=0.00, real=0.14 secs] 
407.607: [GC (Allocation Failure) [PSYoungGen: 26355705K->907246K(26355712K)] 27925816K->2668373K(29501440K), 0.1372971 secs] [Times: user=7.16 sys=0.01, real=0.14 secs] 
410.676: [GC (Allocation Failure) [PSYoungGen: 26355694K->907259K(26355712K)] 28116821K->2799794K(29501440K), 0.1229046 secs] [Times: user=6.34 sys=0.00, real=0.12 secs] 
413.846: [GC (Allocation Failure) [PSYoungGen: 26355707K->907262K(26355712K)] 28248242K->2892029K(29501440K), 0.1204465 secs] [Times: user=6.18 sys=0.00, real=0.12 secs] 
416.857: [GC (Allocation Failure) [PSYoungGen: 26355710K->907234K(26355712K)] 28340477K->2967241K(29501440K), 0.1140594 secs] [Times: user=5.95 sys=0.01, real=0.11 secs] 
420.107: [GC (Allocation Failure) [PSYoungGen: 26355682K->907232K(26355712K)] 28415689K->3340994K(29501440K), 0.1677097 secs] [Times: user=8.82 sys=0.02, real=0.17 secs] 
422.865: [GC (Allocation Failure) [PSYoungGen: 26355680K->746120K(26355712K)] 28789442K->3188916K(29501440K), 0.1211258 secs] [Times: user=6.34 sys=0.01, real=0.12 secs] 
426.047: [GC (Allocation Failure) [PSYoungGen: 26194568K->768596K(26355712K)] 28637364K->3213408K(29501440K), 0.1253568 secs] [Times: user=6.29 sys=0.00, real=0.12 secs] 
429.146: [GC (Allocation Failure) [PSYoungGen: 26217044K->871483K(26355712K)] 28661856K->3320096K(29501440K), 0.1382228 secs] [Times: user=6.86 sys=0.01, real=0.14 secs] 
432.244: [GC (Allocation Failure) [PSYoungGen: 26319931K->841687K(26355712K)] 28768544K->3291676K(29501440K), 0.1327884 secs] [Times: user=6.66 sys=0.00, real=0.13 secs] 
435.321: [GC (Allocation Failure) [PSYoungGen: 26290135K->857980K(26355712K)] 28740124K->3309490K(29501440K), 0.1299871 secs] [Times: user=6.67 sys=0.01, real=0.13 secs] 
447.102: [GC (System.gc()) [PSYoungGen: 10708484K->907240K(26355712K)] 13159993K->3369293K(29501440K), 0.1193677 secs] [Times: user=5.59 sys=0.01, real=0.12 secs] 
447.222: [Full GC (System.gc()) [PSYoungGen: 907240K->0K(26355712K)] [ParOldGen: 2462053K->278512K(3145728K)] 3369293K->278512K(29501440K), [Metaspace: 22427K->22423K(1069056K)], 0.0939097 secs] [Times: user=1.62 sys=0.00, real=0.10 secs] 
469.273: [GC (Allocation Failure) [PSYoungGen: 25448448K->907252K(26355712K)] 25726960K->1231164K(29501440K), 0.0936608 secs] [Times: user=4.95 sys=0.00, real=0.09 secs] 
476.029: [GC (Allocation Failure) [PSYoungGen: 26355700K->907233K(26355712K)] 26679612K->1341434K(29501440K), 0.1056583 secs] [Times: user=5.21 sys=0.02, real=0.11 secs] 
481.478: [GC (GCLocker Initiated GC) [PSYoungGen: 26355681K->907245K(26355712K)] 26791555K->1386711K(29501440K), 0.0937346 secs] [Times: user=4.56 sys=0.01, real=0.09 secs] 
486.748: [GC (Allocation Failure) [PSYoungGen: 26355693K->896002K(26355712K)] 26835159K->1375468K(29501440K), 0.0841401 secs] [Times: user=3.72 sys=0.01, real=0.08 secs] 
490.720: [GC (Allocation Failure) [PSYoungGen: 26344450K->907260K(26355712K)] 26823916K->1502246K(29501440K), 0.1132653 secs] [Times: user=5.83 sys=0.02, real=0.12 secs] 
494.669: [GC (Allocation Failure) [PSYoungGen: 26355708K->907234K(26355712K)] 26950694K->1603652K(29501440K), 0.1049281 secs] [Times: user=5.44 sys=0.00, real=0.11 secs] 
498.319: [GC (Allocation Failure) [PSYoungGen: 26355682K->907238K(26355712K)] 27052100K->1683120K(29501440K), 0.1032789 secs] [Times: user=5.21 sys=0.01, real=0.11 secs] 
501.690: [GC (Allocation Failure) [PSYoungGen: 26355686K->907262K(26355712K)] 27131568K->1859808K(29501440K), 0.1279909 secs] [Times: user=6.59 sys=0.01, real=0.13 secs] 
504.802: [GC (Allocation Failure) [PSYoungGen: 26355710K->907249K(26355712K)] 27308256K->1984435K(29501440K), 0.1182868 secs] [Times: user=6.01 sys=0.00, real=0.12 secs] 
507.864: [GC (Allocation Failure) [PSYoungGen: 26355697K->907239K(26355712K)] 27432883K->2190929K(29501440K), 0.1397195 secs] [Times: user=7.13 sys=0.00, real=0.14 secs] 
510.945: [GC (Allocation Failure) [PSYoungGen: 26355687K->907238K(26355712K)] 27639377K->2501088K(29501440K), 0.1668547 secs] [Times: user=8.77 sys=0.00, real=0.16 secs] 
514.011: [GC (Allocation Failure) [PSYoungGen: 26355686K->907247K(26355712K)] 27949536K->2639689K(29501440K), 0.1288973 secs] [Times: user=6.62 sys=0.00, real=0.13 secs] 
517.090: [GC (Allocation Failure) [PSYoungGen: 26355695K->907239K(26355712K)] 28088137K->2825417K(29501440K), 0.1422559 secs] [Times: user=7.43 sys=0.00, real=0.15 secs] 
520.068: [GC (Allocation Failure) [PSYoungGen: 26355687K->907258K(26355712K)] 28273865K->3003060K(29501440K), 0.1391680 secs] [Times: user=7.30 sys=0.00, real=0.14 secs] 
523.114: [GC (Allocation Failure) [PSYoungGen: 26355706K->907239K(26355712K)] 28451508K->3190929K(29501440K), 0.1445251 secs] [Times: user=7.56 sys=0.01, real=0.14 secs] 
526.199: [GC (Allocation Failure) [PSYoungGen: 26355687K->857588K(26355712K)] 28639377K->3363067K(29501440K), 0.1342722 secs] [Times: user=6.92 sys=0.01, real=0.14 secs] 
529.285: [GC (Allocation Failure) [PSYoungGen: 26306036K->732658K(26355712K)] 28811515K->3244676K(29501440K), 0.0963662 secs] [Times: user=5.11 sys=0.00, real=0.09 secs] 
532.430: [GC (Allocation Failure) [PSYoungGen: 26181106K->907258K(26355712K)] 28693124K->3431940K(29501440K), 0.1173438 secs] [Times: user=5.86 sys=0.00, real=0.12 secs] 
535.510: [GC (Allocation Failure) [PSYoungGen: 26355706K->812566K(26355712K)] 28880388K->3340417K(29501440K), 0.1062391 secs] [Times: user=5.42 sys=0.00, real=0.11 secs] 
538.531: [GC (Allocation Failure) [PSYoungGen: 26261014K->859433K(26355712K)] 28788865K->3389372K(29501440K), 0.1146376 secs] [Times: user=5.61 sys=0.00, real=0.12 secs] 
541.534: [GC (Allocation Failure) [PSYoungGen: 26307881K->873877K(26355712K)] 28837820K->3405784K(29501440K), 0.1197419 secs] [Times: user=5.78 sys=0.00, real=0.12 secs] 
544.637: [GC (Allocation Failure) [PSYoungGen: 26322325K->827805K(26355712K)] 28854232K->3362097K(29501440K), 0.1093952 secs] [Times: user=5.47 sys=0.01, real=0.11 secs] 
547.736: [GC (Allocation Failure) [PSYoungGen: 26276115K->878390K(26355712K)] 28810406K->3415089K(29501440K), 0.1135836 secs] [Times: user=5.90 sys=0.00, real=0.11 secs] 
550.843: [GC (Allocation Failure) [PSYoungGen: 26326838K->869494K(26355712K)] 28863537K->3408714K(29501440K), 0.1145863 secs] [Times: user=5.76 sys=0.01, real=0.11 secs] 
553.917: [GC (Allocation Failure) [PSYoungGen: 26317942K->828708K(26355712K)] 28857162K->3369951K(29501440K), 0.1101291 secs] [Times: user=5.38 sys=0.00, real=0.11 secs] 
556.998: [GC (Allocation Failure) [PSYoungGen: 26277156K->907246K(26355712K)] 28818399K->3470746K(29501440K), 0.1339593 secs] [Times: user=6.88 sys=0.00, real=0.13 secs] 
560.080: [GC (Allocation Failure) [PSYoungGen: 26355694K->883582K(26355712K)] 28919194K->3449362K(29501440K), 0.1277323 secs] [Times: user=6.43 sys=0.01, real=0.13 secs] 
563.143: [GC (Allocation Failure) [PSYoungGen: 26332030K->907253K(26355712K)] 28897810K->3494937K(29501440K), 0.1515369 secs] [Times: user=8.06 sys=0.00, real=0.15 secs] 
566.149: [GC (Allocation Failure) [PSYoungGen: 26355701K->907239K(26355712K)] 28943385K->3519683K(29501440K), 0.1371129 secs] [Times: user=7.14 sys=0.00, real=0.14 secs] 
569.140: [GC (Allocation Failure) [PSYoungGen: 26355687K->855787K(26355712K)] 28968131K->3469967K(29501440K), 0.1104908 secs] [Times: user=5.61 sys=0.01, real=0.11 secs] 
572.212: [GC (Allocation Failure) [PSYoungGen: 26304235K->817508K(26355712K)] 28918415K->3433497K(29501440K), 0.1070836 secs] [Times: user=5.47 sys=0.00, real=0.11 secs] 
575.382: [GC (Allocation Failure) [PSYoungGen: 26265956K->769171K(26355712K)] 28881945K->3386736K(29501440K), 0.1069158 secs] [Times: user=5.40 sys=0.01, real=0.11 secs] 
578.394: [GC (Allocation Failure) [PSYoungGen: 26217619K->758492K(26355712K)] 28835184K->3377753K(29501440K), 0.1094449 secs] [Times: user=5.29 sys=0.01, real=0.11 secs] 
581.522: [GC (Allocation Failure) [PSYoungGen: 26206940K->749835K(26355712K)] 28826201K->3370559K(29501440K), 0.1044572 secs] [Times: user=5.11 sys=0.01, real=0.11 secs] 
584.548: [GC (Allocation Failure) [PSYoungGen: 26198283K->898944K(26355712K)] 28819007K->3522861K(29501440K), 0.1163678 secs] [Times: user=5.84 sys=0.00, real=0.12 secs] 
587.632: [GC (Allocation Failure) [PSYoungGen: 26347392K->879433K(26355712K)] 28971309K->3504519K(29501440K), 0.1164140 secs] [Times: user=5.95 sys=0.01, real=0.12 secs] 
590.657: [GC (Allocation Failure) [PSYoungGen: 26327881K->843469K(26355712K)] 28952967K->3469643K(29501440K), 0.1162388 secs] [Times: user=5.67 sys=0.01, real=0.12 secs] 
593.600: [GC (Allocation Failure) [PSYoungGen: 26291917K->771587K(26355712K)] 28918091K->3399041K(29501440K), 0.1044028 secs] [Times: user=5.33 sys=0.01, real=0.11 secs] 
596.672: [GC (Allocation Failure) [PSYoungGen: 26220035K->735147K(26355712K)] 28847489K->3363697K(29501440K), 0.1013319 secs] [Times: user=5.18 sys=0.01, real=0.11 secs] 
599.698: [GC (Allocation Failure) [PSYoungGen: 26183595K->784845K(26355712K)] 28812145K->3414467K(29501440K), 0.1079398 secs] [Times: user=5.23 sys=0.00, real=0.11 secs] 
602.685: [GC (Allocation Failure) [PSYoungGen: 26233293K->907260K(26355712K)] 28862915K->3568194K(29501440K), 0.1221979 secs] [Times: user=6.38 sys=0.00, real=0.12 secs] 
605.640: [GC (Allocation Failure) [PSYoungGen: 26355708K->881413K(26355712K)] 29016642K->3543532K(29501440K), 0.1266520 secs] [Times: user=5.90 sys=0.01, real=0.13 secs] 
608.931: [GC (Allocation Failure) [PSYoungGen: 26329861K->713812K(26355712K)] 28991980K->3377858K(29501440K), 0.1024345 secs] [Times: user=4.91 sys=0.00, real=0.11 secs] 
611.571: [GC (Allocation Failure) [PSYoungGen: 26162260K->870727K(26355712K)] 28826306K->3535982K(29501440K), 0.1135240 secs] [Times: user=5.79 sys=0.01, real=0.12 secs] 
614.541: [GC (Allocation Failure) [PSYoungGen: 26319175K->875743K(26355712K)] 28984430K->3541965K(29501440K), 0.1147169 secs] [Times: user=5.82 sys=0.01, real=0.12 secs] 
617.448: [GC (Allocation Failure) [PSYoungGen: 26324191K->761420K(26355712K)] 28990413K->3428715K(29501440K), 0.1074189 secs] [Times: user=5.34 sys=0.01, real=0.11 secs] 
620.421: [GC (Allocation Failure) [PSYoungGen: 26209868K->907255K(26355712K)] 28877163K->3616142K(29501440K), 0.1297227 secs] [Times: user=6.48 sys=0.00, real=0.13 secs] 
623.293: [GC (Allocation Failure) [PSYoungGen: 26355703K->907235K(26355712K)] 29064590K->3620506K(29501440K), 0.1225230 secs] [Times: user=6.28 sys=0.00, real=0.12 secs] 
626.141: [GC (Allocation Failure) [PSYoungGen: 26355683K->881588K(26355712K)] 29068954K->3595884K(29501440K), 0.1436298 secs] [Times: user=7.55 sys=0.00, real=0.15 secs] 
629.017: [GC (Allocation Failure) [PSYoungGen: 26330036K->907248K(26355712K)] 29044332K->3754519K(29501440K), 0.1729823 secs] [Times: user=8.75 sys=0.00, real=0.17 secs] 
631.793: [GC (Allocation Failure) [PSYoungGen: 26355696K->901073K(26355712K)] 29202967K->3749393K(29501440K), 0.1313385 secs] [Times: user=6.53 sys=0.00, real=0.13 secs] 
634.586: [GC (Allocation Failure) [PSYoungGen: 26349521K->802777K(26355712K)] 29197841K->3652033K(29501440K), 0.1168796 secs] [Times: user=5.52 sys=0.00, real=0.12 secs] 
637.400: [GC (Allocation Failure) [PSYoungGen: 26251225K->907235K(26355712K)] 29100481K->3856594K(29501440K), 0.1364852 secs] [Times: user=7.07 sys=0.02, real=0.14 secs] 
640.154: [GC (Allocation Failure) [PSYoungGen: 26355683K->907243K(26355712K)] 29305042K->3867299K(29501440K), 0.1209203 secs] [Times: user=6.08 sys=0.00, real=0.12 secs] 
642.927: [GC (Allocation Failure) [PSYoungGen: 26355691K->907237K(26355712K)] 29315747K->3970405K(29501440K), 0.1354686 secs] [Times: user=7.00 sys=0.00, real=0.13 secs] 
643.063: [Full GC (Ergonomics) [PSYoungGen: 907237K->0K(26355712K)] [ParOldGen: 3063167K->1670635K(3145728K)] 3970405K->1670635K(29501440K), [Metaspace: 22496K->22496K(1069056K)], 1.1364973 secs] [Times: user=30.56 sys=0.02, real=1.13 secs] 
646.552: [GC (Allocation Failure) [PSYoungGen: 25448448K->907247K(26355712K)] 27119083K->2597131K(29501440K), 0.1482084 secs] [Times: user=6.72 sys=0.01, real=0.15 secs] 
649.213: [GC (Allocation Failure) [PSYoungGen: 26355695K->907239K(26355712K)] 28045579K->2688523K(29501440K), 0.1355937 secs] [Times: user=7.21 sys=0.00, real=0.13 secs] 
651.755: [GC (Allocation Failure) [PSYoungGen: 26355687K->907241K(26355712K)] 28136971K->2835588K(29501440K), 0.1623120 secs] [Times: user=8.16 sys=0.01, real=0.16 secs] 
654.380: [GC (Allocation Failure) [PSYoungGen: 26355689K->907255K(26355712K)] 28284036K->2903171K(29501440K), 0.1430946 secs] [Times: user=7.52 sys=0.00, real=0.15 secs] 
657.986: [GC (Allocation Failure) [PSYoungGen: 26355703K->907233K(26355712K)] 28351619K->3501640K(29501440K), 0.2260804 secs] [Times: user=12.16 sys=0.00, real=0.22 secs] 
660.681: [GC (Allocation Failure) [PSYoungGen: 26355681K->907247K(26355712K)] 28950088K->4012414K(29501440K), 0.2180852 secs] [Times: user=11.36 sys=0.00, real=0.22 secs] 
660.900: [Full GC (Ergonomics) [PSYoungGen: 907247K->0K(26355712K)] [ParOldGen: 3105167K->2095280K(3145728K)] 4012414K->2095280K(29501440K), [Metaspace: 22496K->22496K(1069056K)], 1.0976326 secs] [Times: user=45.86 sys=0.03, real=1.10 secs] 
664.388: [GC (Allocation Failure) [PSYoungGen: 25448448K->872577K(26355712K)] 27543728K->2967857K(29501440K), 0.1246750 secs] [Times: user=6.36 sys=0.00, real=0.13 secs] 
666.917: [GC (Allocation Failure) [PSYoungGen: 26321025K->907247K(26355712K)] 28416305K->3152239K(29501440K), 0.1499662 secs] [Times: user=8.09 sys=0.00, real=0.15 secs] 
669.433: [GC (Allocation Failure) [PSYoungGen: 26355695K->907244K(26355712K)] 28600687K->3245900K(29501440K), 0.1368417 secs] [Times: user=6.77 sys=0.01, real=0.13 secs] 
671.970: [GC (Allocation Failure) [PSYoungGen: 26355692K->907234K(26355712K)] 28694348K->3407162K(29501440K), 0.1433836 secs] [Times: user=7.62 sys=0.00, real=0.15 secs] 
674.816: [GC (Allocation Failure) [PSYoungGen: 26355682K->907240K(26355712K)] 28855610K->3521488K(29501440K), 0.1912117 secs] [Times: user=6.59 sys=0.00, real=0.19 secs] 
675.922: [GC (System.gc()) [PSYoungGen: 6090481K->767178K(26355712K)] 8704729K->3381427K(29501440K), 0.0949660 secs] [Times: user=4.95 sys=0.01, real=0.10 secs] 
676.017: [Full GC (System.gc()) [PSYoungGen: 767178K->0K(26355712K)] [ParOldGen: 2614248K->275688K(3145728K)] 3381427K->275688K(29501440K), [Metaspace: 22520K->22520K(1069056K)], 0.1180925 secs] [Times: user=3.45 sys=0.00, real=0.12 secs] 
697.540: [GC (Allocation Failure) [PSYoungGen: 25448448K->907247K(26355712K)] 25724136K->1262183K(29501440K), 0.1038190 secs] [Times: user=5.28 sys=0.01, real=0.11 secs] 
704.168: [GC (Allocation Failure) [PSYoungGen: 26355695K->907238K(26355712K)] 26710631K->1286855K(29501440K), 0.0856296 secs] [Times: user=4.20 sys=0.01, real=0.09 secs] 
709.936: [GC (Allocation Failure) [PSYoungGen: 26355686K->907252K(26355712K)] 26735303K->1374708K(29501440K), 0.1035858 secs] [Times: user=5.00 sys=0.00, real=0.10 secs] 
714.651: [GC (Allocation Failure) [PSYoungGen: 26355700K->907247K(26355712K)] 26823156K->1442735K(29501440K), 0.0980975 secs] [Times: user=4.84 sys=0.00, real=0.10 secs] 
719.154: [GC (Allocation Failure) [PSYoungGen: 26355695K->907234K(26355712K)] 26891183K->1534499K(29501440K), 0.1012812 secs] [Times: user=5.40 sys=0.00, real=0.10 secs] 
722.925: [GC (Allocation Failure) [PSYoungGen: 26355682K->907232K(26355712K)] 26982947K->1676312K(29501440K), 0.1170761 secs] [Times: user=5.98 sys=0.00, real=0.12 secs] 
726.779: [GC (Allocation Failure) [PSYoungGen: 26355680K->907252K(26355712K)] 27124760K->1860332K(29501440K), 0.1320857 secs] [Times: user=6.64 sys=0.00, real=0.13 secs] 
730.256: [GC (Allocation Failure) [PSYoungGen: 26355700K->907254K(26355712K)] 27308780K->2012407K(29501440K), 0.1378485 secs] [Times: user=6.97 sys=0.00, real=0.14 secs] 
733.427: [GC (Allocation Failure) [PSYoungGen: 26355702K->907256K(26355712K)] 27460855K->2166289K(29501440K), 0.1466664 secs] [Times: user=7.66 sys=0.00, real=0.15 secs] 
736.503: [GC (Allocation Failure) [PSYoungGen: 26355704K->907242K(26355712K)] 27614737K->2336642K(29501440K), 0.1400395 secs] [Times: user=7.30 sys=0.01, real=0.14 secs] 
739.340: [GC (Allocation Failure) [PSYoungGen: 26355690K->907249K(26355712K)] 27785090K->2586329K(29501440K), 0.1466563 secs] [Times: user=7.70 sys=0.01, real=0.15 secs] 
742.217: [GC (Allocation Failure) [PSYoungGen: 26355697K->907255K(26355712K)] 28034777K->2784167K(29501440K), 0.1391108 secs] [Times: user=7.11 sys=0.00, real=0.14 secs] 
744.926: [GC (Allocation Failure) [PSYoungGen: 26355703K->907249K(26355712K)] 28232615K->2956337K(29501440K), 0.1485015 secs] [Times: user=7.62 sys=0.01, real=0.15 secs] 
747.651: [GC (Allocation Failure) [PSYoungGen: 26355697K->907245K(26355712K)] 28404785K->3086813K(29501440K), 0.1255951 secs] [Times: user=6.60 sys=0.00, real=0.13 secs] 
751.695: [GC (Allocation Failure) [PSYoungGen: 26355693K->907261K(26355712K)] 28535261K->3213845K(29501440K), 0.1421566 secs] [Times: user=7.33 sys=0.02, real=0.14 secs] 
754.391: [GC (Allocation Failure) [PSYoungGen: 26355709K->874382K(26355712K)] 28662293K->3417172K(29501440K), 0.1556303 secs] [Times: user=8.11 sys=0.00, real=0.16 secs] 
757.012: [GC (Allocation Failure) [PSYoungGen: 26322830K->856859K(26355712K)] 28865620K->3406195K(29501440K), 0.1846345 secs] [Times: user=9.15 sys=0.00, real=0.19 secs] 
759.677: [GC (Allocation Failure) [PSYoungGen: 26305307K->907253K(26355712K)] 28854643K->3602990K(29501440K), 0.1902540 secs] [Times: user=9.82 sys=0.00, real=0.19 secs] 
762.297: [GC (Allocation Failure) [PSYoungGen: 26355701K->807023K(26355712K)] 29051438K->3506032K(29501440K), 0.1418586 secs] [Times: user=7.45 sys=0.01, real=0.14 secs] 
764.804: [GC (Allocation Failure) [PSYoungGen: 26255471K->907247K(26355712K)] 28954480K->3732385K(29501440K), 0.1858906 secs] [Times: user=10.07 sys=0.00, real=0.18 secs] 
767.415: [GC (Allocation Failure) [PSYoungGen: 26355695K->907240K(26355712K)] 29180833K->3802850K(29501440K), 0.1323779 secs] [Times: user=6.88 sys=0.00, real=0.13 secs] 
767.548: [Full GC (Ergonomics) [PSYoungGen: 907240K->0K(26355712K)] [ParOldGen: 2895609K->1568569K(3145728K)] 3802850K->1568569K(29501440K), [Metaspace: 22577K->22577K(1071104K)], 1.2857419 secs] [Times: user=28.58 sys=0.01, real=1.29 secs] 
771.276: [GC (Allocation Failure) [PSYoungGen: 25448448K->774181K(26355712K)] 27017017K->2342750K(29501440K), 0.1174444 secs] [Times: user=5.31 sys=0.01, real=0.12 secs] 
773.884: [GC (Allocation Failure) [PSYoungGen: 26222629K->907240K(26355712K)] 27791198K->2559505K(29501440K), 0.1344877 secs] [Times: user=7.15 sys=0.00, real=0.13 secs] 
776.526: [GC (Allocation Failure) [PSYoungGen: 26355688K->907257K(26355712K)] 28007953K->3159683K(29501440K), 0.2238991 secs] [Times: user=12.22 sys=0.01, real=0.22 secs] 
780.194: [GC (Allocation Failure) [PSYoungGen: 26355705K->907257K(26355712K)] 28608131K->3956116K(29501440K), 0.2626102 secs] [Times: user=14.40 sys=0.01, real=0.26 secs] 
780.457: [Full GC (Ergonomics) [PSYoungGen: 907257K->0K(26355712K)] [ParOldGen: 3048858K->2364917K(3145728K)] 3956116K->2364917K(29501440K), [Metaspace: 22578K->22578K(1071104K)], 0.9752907 secs] [Times: user=35.10 sys=0.01, real=0.97 secs] 
783.910: [GC (Allocation Failure) [PSYoungGen: 25448448K->907246K(26355712K)] 27813365K->3593380K(29501440K), 0.1907557 secs] [Times: user=10.20 sys=0.00, real=0.19 secs] 
784.102: [Full GC (Ergonomics) [PSYoungGen: 907246K->0K(26355712K)] [ParOldGen: 2686134K->2012699K(3145728K)] 3593380K->2012699K(29501440K), [Metaspace: 22578K->22578K(1071104K)], 0.8354166 secs] [Times: user=32.21 sys=0.02, real=0.84 secs] 
788.030: [GC (Allocation Failure) [PSYoungGen: 25448448K->907241K(26355712K)] 27461147K->3067677K(29501440K), 0.1885892 secs] [Times: user=10.09 sys=0.00, real=0.19 secs] 
790.784: [GC (Allocation Failure) [PSYoungGen: 26355689K->907233K(26355712K)] 28516125K->3100876K(29501440K), 0.1367784 secs] [Times: user=7.15 sys=0.00, real=0.13 secs] 
793.294: [GC (Allocation Failure) [PSYoungGen: 26355681K->907235K(26355712K)] 28549324K->3390446K(29501440K), 0.1769684 secs] [Times: user=9.52 sys=0.00, real=0.17 secs] 
795.906: [GC (Allocation Failure) [PSYoungGen: 26355683K->907233K(26355712K)] 28838894K->3646165K(29501440K), 0.1730575 secs] [Times: user=9.22 sys=0.01, real=0.17 secs] 
796.080: [Full GC (Ergonomics) [PSYoungGen: 907233K->0K(26355712K)] [ParOldGen: 2738931K->1795595K(3145728K)] 3646165K->1795595K(29501440K), [Metaspace: 22578K->22578K(1071104K)], 1.1056397 secs] [Times: user=34.25 sys=0.01, real=1.11 secs] 
799.855: [GC (Allocation Failure) [PSYoungGen: 25448448K->907238K(26355712K)] 27244043K->2706857K(29501440K), 0.1365687 secs] [Times: user=6.49 sys=0.00, real=0.13 secs] 
802.446: [GC (Allocation Failure) [PSYoungGen: 26355686K->907247K(26355712K)] 28155305K->3098539K(29501440K), 0.1909417 secs] [Times: user=10.21 sys=0.00, real=0.19 secs] 
805.063: [GC (Allocation Failure) [PSYoungGen: 26355695K->907250K(26355712K)] 28546987K->3573731K(29501440K), 0.2026324 secs] [Times: user=10.81 sys=0.01, real=0.20 secs] 
805.266: [Full GC (Ergonomics) [PSYoungGen: 907250K->0K(26355712K)] [ParOldGen: 2666480K->2003905K(3145728K)] 3573731K->2003905K(29501440K), [Metaspace: 22578K->22578K(1071104K)], 0.9904312 secs] [Times: user=34.99 sys=0.01, real=0.99 secs] 
809.612: [GC (Allocation Failure) [PSYoungGen: 25448448K->886744K(26355712K)] 27452353K->2890650K(29501440K), 0.2913524 secs] [Times: user=5.71 sys=0.01, real=0.30 secs] 
810.785: [GC (System.gc()) [PSYoungGen: 5144191K->606350K(26355712K)] 7148096K->2610256K(29501440K), 0.1188382 secs] [Times: user=4.30 sys=0.01, real=0.12 secs] 
810.904: [Full GC (System.gc()) [PSYoungGen: 606350K->0K(26355712K)] [ParOldGen: 2003905K->289844K(3145728K)] 2610256K->289844K(29501440K), [Metaspace: 22582K->22582K(1071104K)], 0.1679512 secs] [Times: user=6.44 sys=0.01, real=0.16 secs] 
818.464: [GC (System.gc()) [PSYoungGen: 3487794K->512K(26355712K)] 3777639K->290356K(29501440K), 0.0074159 secs] [Times: user=0.15 sys=0.00, real=0.00 secs] 
818.472: [Full GC (System.gc()) [PSYoungGen: 512K->0K(26355712K)] [ParOldGen: 289844K->268446K(3145728K)] 290356K->268446K(29501440K), [Metaspace: 22592K->22592K(1071104K)], 0.1432462 secs] [Times: user=5.09 sys=0.01, real=0.15 secs] 
844.868: [GC (Allocation Failure) [PSYoungGen: 25448448K->907257K(26355712K)] 25716894K->1226568K(29501440K), 0.1085640 secs] [Times: user=5.50 sys=0.02, real=0.11 secs] 
867.240: [GC (Allocation Failure) [PSYoungGen: 26355705K->907256K(26355712K)] 26675016K->1226798K(29501440K), 0.0812663 secs] [Times: user=3.93 sys=0.00, real=0.08 secs] 
889.551: [GC (Allocation Failure) [PSYoungGen: 26355704K->907251K(26355712K)] 26675246K->1229585K(29501440K), 0.0815903 secs] [Times: user=3.93 sys=0.01, real=0.09 secs] 
911.766: [GC (Allocation Failure) [PSYoungGen: 26355699K->902639K(26355712K)] 26678033K->1224974K(29501440K), 0.0816080 secs] [Times: user=3.91 sys=0.01, real=0.08 secs] 
934.027: [GC (Allocation Failure) [PSYoungGen: 26351087K->907239K(26355712K)] 26673422K->1230581K(29501440K), 0.0835020 secs] [Times: user=3.89 sys=0.01, real=0.08 secs] 
956.305: [GC (Allocation Failure) [PSYoungGen: 26355687K->907248K(26355712K)] 26679029K->1230838K(29501440K), 0.0820005 secs] [Times: user=3.87 sys=0.02, real=0.08 secs] 
978.538: [GC (Allocation Failure) [PSYoungGen: 26355696K->900616K(26355712K)] 26679286K->1224206K(29501440K), 0.0808439 secs] [Times: user=3.82 sys=0.01, real=0.08 secs] 
1000.752: [GC (Allocation Failure) [PSYoungGen: 26349064K->901832K(26355712K)] 26672654K->1225422K(29501440K), 0.0807587 secs] [Times: user=3.78 sys=0.00, real=0.09 secs] 
1187.100: [GC (Allocation Failure) [PSYoungGen: 26350280K->896703K(26355712K)] 26673870K->1220293K(29501440K), 0.0792525 secs] [Times: user=3.79 sys=0.02, real=0.08 secs] 
1264.774: [GC (Allocation Failure) [PSYoungGen: 26345151K->897416K(26355712K)] 26668741K->1221006K(29501440K), 0.0773980 secs] [Times: user=3.83 sys=0.01, real=0.07 secs] 
1320.285: [GC (Allocation Failure) [PSYoungGen: 26345864K->897360K(26355712K)] 26669454K->1220950K(29501440K), 0.0782751 secs] [Times: user=3.78 sys=0.01, real=0.08 secs] 
1366.111: [GC (Allocation Failure) [PSYoungGen: 26345808K->901912K(26355712K)] 26669398K->1225510K(29501440K), 0.0794734 secs] [Times: user=3.83 sys=0.00, real=0.08 secs] 
1407.704: [GC (Allocation Failure) [PSYoungGen: 26350360K->903832K(26355712K)] 26673958K->1227430K(29501440K), 0.0817222 secs] [Times: user=3.88 sys=0.01, real=0.08 secs] 
1444.688: [GC (Allocation Failure) [PSYoungGen: 26352280K->902144K(26355712K)] 26675878K->1225742K(29501440K), 0.0775143 secs] [Times: user=3.84 sys=0.01, real=0.08 secs] 
1478.511: [GC (Allocation Failure) [PSYoungGen: 26350592K->901935K(26355712K)] 26674190K->1225533K(29501440K), 0.0801502 secs] [Times: user=3.84 sys=0.01, real=0.08 secs] 
1510.137: [GC (Allocation Failure) [PSYoungGen: 26350383K->597948K(26355712K)] 26673981K->1235027K(29501440K), 0.1069679 secs] [Times: user=5.46 sys=0.02, real=0.11 secs] 
1539.498: [GC (Allocation Failure) [PSYoungGen: 26046396K->591275K(26355712K)] 26683475K->1230243K(29501440K), 0.0915194 secs] [Times: user=4.52 sys=0.01, real=0.09 secs] 
1567.130: [GC (Allocation Failure) [PSYoungGen: 26039723K->599538K(26355712K)] 26678691K->1239634K(29501440K), 0.0976957 secs] [Times: user=4.75 sys=0.01, real=0.10 secs] 
1594.267: [GC (Allocation Failure) [PSYoungGen: 26047986K->585627K(26355712K)] 26688082K->1227380K(29501440K), 0.0930846 secs] [Times: user=4.52 sys=0.01, real=0.09 secs] 
1618.848: [GC (Allocation Failure) [PSYoungGen: 26034075K->589931K(26355712K)] 26675828K->1232492K(29501440K), 0.0919380 secs] [Times: user=4.57 sys=0.01, real=0.09 secs] 
1643.376: [GC (Allocation Failure) [PSYoungGen: 26038379K->586107K(26355712K)] 26680940K->1229380K(29501440K), 0.0887314 secs] [Times: user=4.51 sys=0.01, real=0.09 secs] 
1666.492: [GC (Allocation Failure) [PSYoungGen: 26034555K->594795K(26355712K)] 26677828K->1238988K(29501440K), 0.0934761 secs] [Times: user=4.72 sys=0.01, real=0.10 secs] 
1688.704: [GC (Allocation Failure) [PSYoungGen: 26043243K->593115K(26355712K)] 26687436K->1238316K(29501440K), 0.0904981 secs] [Times: user=4.44 sys=0.01, real=0.09 secs] 
1710.856: [GC (Allocation Failure) [PSYoungGen: 26041563K->597573K(26355712K)] 26686764K->1243814K(29501440K), 0.0877895 secs] [Times: user=4.68 sys=0.00, real=0.09 secs] 
1731.705: [GC (Allocation Failure) [PSYoungGen: 26046021K->598069K(26355712K)] 26692262K->1244902K(29501440K), 0.0920647 secs] [Times: user=4.73 sys=0.00, real=0.09 secs] 
1751.808: [GC (Allocation Failure) [PSYoungGen: 26046083K->595979K(26355712K)] 26692917K->1243364K(29501440K), 0.0909730 secs] [Times: user=4.66 sys=0.00, real=0.09 secs] 
1771.938: [GC (Allocation Failure) [PSYoungGen: 26044427K->595275K(26355712K)] 26691812K->1243260K(29501440K), 0.0926667 secs] [Times: user=4.67 sys=0.00, real=0.09 secs] 
1791.398: [GC (Allocation Failure) [PSYoungGen: 26043723K->588187K(26355712K)] 26691708K->1236716K(29501440K), 0.0976744 secs] [Times: user=4.44 sys=0.00, real=0.10 secs] 
1809.812: [GC (Allocation Failure) [PSYoungGen: 26036635K->602091K(26355712K)] 26685164K->1251164K(29501440K), 0.0958151 secs] [Times: user=4.52 sys=0.01, real=0.09 secs] 
1828.254: [GC (Allocation Failure) [PSYoungGen: 26050539K->587803K(26355712K)] 26699612K->1237388K(29501440K), 0.1012543 secs] [Times: user=4.64 sys=0.01, real=0.10 secs] 
1846.651: [GC (Allocation Failure) [PSYoungGen: 26036251K->596091K(26355712K)] 26685836K->1246212K(29501440K), 0.0927124 secs] [Times: user=4.67 sys=0.00, real=0.10 secs] 
1863.829: [GC (Allocation Failure) [PSYoungGen: 26044539K->595083K(26355712K)] 26694660K->1245748K(29501440K), 0.0876312 secs] [Times: user=4.46 sys=0.01, real=0.09 secs] 
1880.763: [GC (Allocation Failure) [PSYoungGen: 26043531K->610550K(26355712K)] 26694196K->1261767K(29501440K), 0.0955881 secs] [Times: user=4.87 sys=0.00, real=0.09 secs] 
1897.779: [GC (Allocation Failure) [PSYoungGen: 26058998K->594235K(26355712K)] 26710215K->1246004K(29501440K), 0.0867656 secs] [Times: user=4.59 sys=0.01, real=0.09 secs] 
1914.756: [GC (Allocation Failure) [PSYoungGen: 26042683K->594747K(26355712K)] 26694452K->1247084K(29501440K), 0.0900905 secs] [Times: user=4.63 sys=0.00, real=0.09 secs] 
1930.556: [GC (Allocation Failure) [PSYoungGen: 26043195K->594315K(26355712K)] 26695532K->1247212K(29501440K), 0.0922925 secs] [Times: user=4.64 sys=0.00, real=0.09 secs] 
1946.314: [GC (Allocation Failure) [PSYoungGen: 26042763K->597035K(26355712K)] 26695660K->1250861K(29501440K), 0.0904576 secs] [Times: user=4.52 sys=0.00, real=0.09 secs] 
1962.129: [GC (Allocation Failure) [PSYoungGen: 26045483K->607035K(26355712K)] 26699309K->1261589K(29501440K), 0.0922406 secs] [Times: user=4.54 sys=0.01, real=0.09 secs] 
1977.931: [GC (Allocation Failure) [PSYoungGen: 26055483K->597611K(26355712K)] 26710037K->1252901K(29501440K), 0.0887571 secs] [Times: user=4.69 sys=0.00, real=0.09 secs] 
1992.801: [GC (Allocation Failure) [PSYoungGen: 26046059K->601979K(26355712K)] 26701349K->1257853K(29501440K), 0.0953236 secs] [Times: user=4.70 sys=0.02, real=0.10 secs] 
2007.548: [GC (Allocation Failure) [PSYoungGen: 26050427K->595515K(26355712K)] 26706301K->1251997K(29501440K), 0.0868113 secs] [Times: user=4.60 sys=0.01, real=0.09 secs] 
2022.238: [GC (Allocation Failure) [PSYoungGen: 26043963K->602789K(26355712K)] 26700445K->1259823K(29501440K), 0.0949577 secs] [Times: user=4.78 sys=0.01, real=0.10 secs] 
2036.897: [GC (Allocation Failure) [PSYoungGen: 26051237K->603995K(26355712K)] 26708271K->1261613K(29501440K), 0.0891973 secs] [Times: user=4.70 sys=0.00, real=0.09 secs] 
2051.234: [GC (Allocation Failure) [PSYoungGen: 26052443K->605120K(26355712K)] 26710061K->1263338K(29501440K), 0.0972403 secs] [Times: user=4.56 sys=0.01, real=0.09 secs] 
2065.017: [GC (Allocation Failure) [PSYoungGen: 26053568K->622934K(26355712K)] 26711786K->1281744K(29501440K), 0.0958831 secs] [Times: user=4.83 sys=0.01, real=0.10 secs] 
2078.818: [GC (Allocation Failure) [PSYoungGen: 26071382K->603131K(26355712K)] 26730192K->1262557K(29501440K), 0.0961444 secs] [Times: user=4.59 sys=0.01, real=0.10 secs] 
2092.628: [GC (Allocation Failure) [PSYoungGen: 26051579K->616159K(26355712K)] 26711005K->1276209K(29501440K), 0.1012141 secs] [Times: user=4.83 sys=0.01, real=0.10 secs] 
2106.394: [GC (Allocation Failure) [PSYoungGen: 26064607K->599215K(26355712K)] 26724657K->1259946K(29501440K), 0.0959343 secs] [Times: user=4.65 sys=0.01, real=0.09 secs] 
2119.566: [GC (Allocation Failure) [PSYoungGen: 26047663K->597323K(26355712K)] 26708394K->1258669K(29501440K), 0.0908065 secs] [Times: user=4.48 sys=0.01, real=0.09 secs] 
2132.631: [GC (Allocation Failure) [PSYoungGen: 26045771K->598299K(26355712K)] 26707117K->1260229K(29501440K), 0.0904809 secs] [Times: user=4.61 sys=0.01, real=0.09 secs] 
2145.621: [GC (Allocation Failure) [PSYoungGen: 26046747K->597803K(26355712K)] 26708677K->1260278K(29501440K), 0.0928820 secs] [Times: user=4.67 sys=0.00, real=0.10 secs] 
2158.661: [GC (Allocation Failure) [PSYoungGen: 26046251K->604091K(26355712K)] 26708726K->1267134K(29501440K), 0.0873320 secs] [Times: user=4.62 sys=0.00, real=0.09 secs] 
2171.721: [GC (Allocation Failure) [PSYoungGen: 26052539K->614609K(26355712K)] 26715582K->1278219K(29501440K), 0.0918070 secs] [Times: user=4.72 sys=0.01, real=0.10 secs] 
2184.289: [GC (Allocation Failure) [PSYoungGen: 26063057K->594395K(26355712K)] 26726667K->1258558K(29501440K), 0.0902237 secs] [Times: user=4.45 sys=0.01, real=0.09 secs] 
2196.661: [GC (Allocation Failure) [PSYoungGen: 26042843K->603739K(26355712K)] 26707006K->1268494K(29501440K), 0.0954814 secs] [Times: user=4.83 sys=0.01, real=0.10 secs] 
2209.099: [GC (Allocation Failure) [PSYoungGen: 26052187K->621801K(26355712K)] 26716942K->1287180K(29501440K), 0.0907102 secs] [Times: user=4.64 sys=0.01, real=0.09 secs] 
2221.495: [GC (Allocation Failure) [PSYoungGen: 26070249K->605700K(26355712K)] 26735628K->1271694K(29501440K), 0.0952592 secs] [Times: user=4.51 sys=0.00, real=0.09 secs] 
2233.894: [GC (Allocation Failure) [PSYoungGen: 26054148K->609566K(26355712K)] 26720142K->1276144K(29501440K), 0.0915522 secs] [Times: user=4.64 sys=0.00, real=0.09 secs] 
2246.082: [GC (Allocation Failure) [PSYoungGen: 26058014K->618635K(26355712K)] 26724592K->1285806K(29501440K), 0.0943575 secs] [Times: user=4.78 sys=0.01, real=0.10 secs] 
2257.866: [GC (Allocation Failure) [PSYoungGen: 26067083K->604443K(26355712K)] 26734254K->1272150K(29501440K), 0.0988233 secs] [Times: user=4.57 sys=0.01, real=0.10 secs] 
2269.750: [GC (Allocation Failure) [PSYoungGen: 26052891K->616144K(26355712K)] 26720598K->1284498K(29501440K), 0.0931400 secs] [Times: user=4.55 sys=0.01, real=0.10 secs] 
2281.641: [GC (Allocation Failure) [PSYoungGen: 26064592K->609835K(26355712K)] 26732946K->1278750K(29501440K), 0.0959068 secs] [Times: user=4.70 sys=0.01, real=0.10 secs] 
2293.393: [GC (Allocation Failure) [PSYoungGen: 26058283K->616354K(26355712K)] 26727198K->1285836K(29501440K), 0.0948534 secs] [Times: user=4.57 sys=0.00, real=0.09 secs] 
2305.174: [GC (Allocation Failure) [PSYoungGen: 26064802K->612341K(26355712K)] 26734284K->1282471K(29501440K), 0.0939544 secs] [Times: user=4.66 sys=0.01, real=0.09 secs] 
2316.511: [GC (Allocation Failure) [PSYoungGen: 26060789K->601803K(26355712K)] 26730919K->1272654K(29501440K), 0.0956289 secs] [Times: user=4.69 sys=0.01, real=0.10 secs] 
2327.740: [GC (Allocation Failure) [PSYoungGen: 26050251K->620437K(26355712K)] 26721102K->1292008K(29501440K), 0.0968650 secs] [Times: user=4.73 sys=0.01, real=0.10 secs] 
2338.976: [GC (Allocation Failure) [PSYoungGen: 26068885K->616091K(26355712K)] 26740456K->1288262K(29501440K), 0.0933642 secs] [Times: user=4.76 sys=0.00, real=0.09 secs] 
2350.183: [GC (Allocation Failure) [PSYoungGen: 26064539K->602875K(26355712K)] 26736710K->1275694K(29501440K), 0.0907812 secs] [Times: user=4.85 sys=0.00, real=0.09 secs] 
2361.439: [GC (Allocation Failure) [PSYoungGen: 26051323K->607371K(26355712K)] 26724142K->1280790K(29501440K), 0.0954578 secs] [Times: user=4.83 sys=0.01, real=0.10 secs] 
2372.708: [GC (Allocation Failure) [PSYoungGen: 26055819K->604283K(26355712K)] 26729238K->1278358K(29501440K), 0.0929362 secs] [Times: user=4.56 sys=0.00, real=0.09 secs] 
2383.675: [GC (Allocation Failure) [PSYoungGen: 26052731K->608187K(26355712K)] 26726806K->1282846K(29501440K), 0.0954016 secs] [Times: user=4.74 sys=0.02, real=0.09 secs] 
2394.558: [GC (Allocation Failure) [PSYoungGen: 26056635K->613584K(26355712K)] 26731294K->1288860K(29501440K), 0.0969958 secs] [Times: user=4.48 sys=0.01, real=0.10 secs] 
2405.533: [GC (Allocation Failure) [PSYoungGen: 26062032K->615652K(26355712K)] 26737308K->1291535K(29501440K), 0.1015278 secs] [Times: user=4.67 sys=0.01, real=0.10 secs] 
2416.405: [GC (Allocation Failure) [PSYoungGen: 26064100K->613280K(26355712K)] 26739983K->1289867K(29501440K), 0.0943357 secs] [Times: user=4.61 sys=0.02, real=0.09 secs] 
2427.227: [GC (Allocation Failure) [PSYoungGen: 26061728K->598316K(26355712K)] 26738315K->1275503K(29501440K), 0.0944732 secs] [Times: user=4.70 sys=0.00, real=0.09 secs] 
2438.114: [GC (Allocation Failure) [PSYoungGen: 26046764K->616220K(26355712K)] 26723951K->1294015K(29501440K), 0.0966841 secs] [Times: user=4.93 sys=0.00, real=0.09 secs] 
2448.848: [GC (Allocation Failure) [PSYoungGen: 26064668K->618527K(26355712K)] 26742463K->1296859K(29501440K), 0.1011350 secs] [Times: user=4.76 sys=0.00, real=0.10 secs] 
2459.259: [GC (Allocation Failure) [PSYoungGen: 26066975K->604748K(26355712K)] 26745307K->1283911K(29501440K), 0.0999738 secs] [Times: user=4.51 sys=0.01, real=0.10 secs] 
2469.674: [GC (Allocation Failure) [PSYoungGen: 26053196K->612540K(26355712K)] 26732359K->1292336K(29501440K), 0.0946294 secs] [Times: user=4.70 sys=0.01, real=0.09 secs] 
2480.065: [GC (Allocation Failure) [PSYoungGen: 26060988K->614444K(26355712K)] 26740784K->1294872K(29501440K), 0.0974166 secs] [Times: user=4.59 sys=0.00, real=0.09 secs] 
2490.559: [GC (Allocation Failure) [PSYoungGen: 26062892K->624395K(26355712K)] 26743320K->1305406K(29501440K), 0.0963395 secs] [Times: user=4.76 sys=0.00, real=0.10 secs] 
2500.907: [GC (Allocation Failure) [PSYoungGen: 26072843K->620172K(26355712K)] 26753854K->1302023K(29501440K), 0.0914394 secs] [Times: user=4.62 sys=0.01, real=0.09 secs] 
2511.334: [GC (Allocation Failure) [PSYoungGen: 26068620K->606268K(26355712K)] 26750471K->1288711K(29501440K), 0.0914241 secs] [Times: user=4.45 sys=0.00, real=0.09 secs] 
2521.414: [GC (Allocation Failure) [PSYoungGen: 26054716K->610833K(26355712K)] 26737159K->1293925K(29501440K), 0.0893315 secs] [Times: user=4.50 sys=0.01, real=0.09 secs] 
2531.430: [GC (Allocation Failure) [PSYoungGen: 26059281K->616278K(26355712K)] 26742373K->1299970K(29501440K), 0.0948926 secs] [Times: user=4.62 sys=0.00, real=0.10 secs] 
2541.364: [GC (Allocation Failure) [PSYoungGen: 26064726K->616980K(26355712K)] 26748418K->1301736K(29501440K), 0.0917401 secs] [Times: user=4.76 sys=0.00, real=0.09 secs] 
2551.439: [GC (Allocation Failure) [PSYoungGen: 26065428K->604652K(26355712K)] 26750184K->1289984K(29501440K), 0.0958532 secs] [Times: user=4.59 sys=0.01, real=0.10 secs] 
2561.362: [GC (Allocation Failure) [PSYoungGen: 26053100K->603196K(26355712K)] 26738432K->1289248K(29501440K), 0.0964153 secs] [Times: user=4.58 sys=0.01, real=0.10 secs] 
2571.435: [GC (Allocation Failure) [PSYoungGen: 26051644K->624161K(26355712K)] 26737696K->1311309K(29501440K), 0.0912364 secs] [Times: user=4.87 sys=0.01, real=0.09 secs] 
2581.067: [GC (Allocation Failure) [PSYoungGen: 26072609K->622844K(26355712K)] 26759757K->1311328K(29501440K), 0.0972912 secs] [Times: user=4.48 sys=0.01, real=0.10 secs] 
2590.655: [GC (Allocation Failure) [PSYoungGen: 26071292K->628790K(26355712K)] 26759776K->1317979K(29501440K), 0.0961660 secs] [Times: user=4.68 sys=0.02, real=0.09 secs] 
2600.133: [GC (Allocation Failure) [PSYoungGen: 26077238K->620828K(26355712K)] 26766427K->1310665K(29501440K), 0.0914054 secs] [Times: user=4.63 sys=0.00, real=0.09 secs] 
2609.650: [GC (Allocation Failure) [PSYoungGen: 26069276K->623985K(26355712K)] 26759113K->1315022K(29501440K), 0.0941367 secs] [Times: user=4.78 sys=0.00, real=0.10 secs] 
2619.291: [GC (Allocation Failure) [PSYoungGen: 26072433K->628381K(26355712K)] 26763470K->1320067K(29501440K), 0.0948752 secs] [Times: user=4.89 sys=0.00, real=0.10 secs] 
2628.993: [GC (Allocation Failure) [PSYoungGen: 26076829K->617004K(26355712K)] 26768515K->1309337K(29501440K), 0.0982156 secs] [Times: user=4.52 sys=0.00, real=0.09 secs] 
2638.594: [GC (Allocation Failure) [PSYoungGen: 26065452K->625957K(26355712K)] 26757785K->1319019K(29501440K), 0.0945097 secs] [Times: user=4.84 sys=0.00, real=0.09 secs] 
2647.957: [GC (Allocation Failure) [PSYoungGen: 26074405K->636314K(26355712K)] 26767467K->1329928K(29501440K), 0.0973128 secs] [Times: user=4.91 sys=0.01, real=0.10 secs] 
2657.309: [GC (Allocation Failure) [PSYoungGen: 26084762K->606348K(26355712K)] 26778376K->1300578K(29501440K), 0.0952127 secs] [Times: user=4.83 sys=0.00, real=0.10 secs] 
2666.545: [GC (Allocation Failure) [PSYoungGen: 26054796K->624908K(26355712K)] 26749026K->1319754K(29501440K), 0.0921806 secs] [Times: user=4.74 sys=0.01, real=0.09 secs] 
2675.753: [GC (Allocation Failure) [PSYoungGen: 26073356K->631617K(26355712K)] 26768202K->1327103K(29501440K), 0.0941805 secs] [Times: user=4.64 sys=0.02, real=0.09 secs] 
2685.152: [GC (Allocation Failure) [PSYoungGen: 26080065K->628204K(26355712K)] 26775551K->1324362K(29501440K), 0.0920579 secs] [Times: user=4.81 sys=0.00, real=0.10 secs] 
2694.514: [GC (Allocation Failure) [PSYoungGen: 26076652K->605548K(26355712K)] 26772810K->1302314K(29501440K), 0.0913637 secs] [Times: user=4.59 sys=0.00, real=0.09 secs] 
2703.762: [GC (Allocation Failure) [PSYoungGen: 26053996K->613308K(26355712K)] 26750762K->1310794K(29501440K), 0.0938567 secs] [Times: user=4.43 sys=0.00, real=0.10 secs] 
2712.853: [GC (Allocation Failure) [PSYoungGen: 26061756K->626560K(26355712K)] 26759242K->1325039K(29501440K), 0.1003160 secs] [Times: user=4.96 sys=0.00, real=0.10 secs] 
2721.797: [GC (Allocation Failure) [PSYoungGen: 26075008K->638268K(26355712K)] 26773487K->1337306K(29501440K), 0.0931865 secs] [Times: user=4.85 sys=0.00, real=0.09 secs] 
2730.850: [GC (Allocation Failure) [PSYoungGen: 26086716K->629068K(26355712K)] 26785754K->1328706K(29501440K), 0.0955614 secs] [Times: user=4.66 sys=0.01, real=0.10 secs] 
2739.693: [GC (Allocation Failure) [PSYoungGen: 26077516K->634245K(26355712K)] 26777154K->1334524K(29501440K), 0.0969222 secs] [Times: user=4.81 sys=0.01, real=0.09 secs] 
2748.636: [GC (Allocation Failure) [PSYoungGen: 26082693K->620694K(26355712K)] 26782972K->1321677K(29501440K), 0.0982111 secs] [Times: user=4.82 sys=0.00, real=0.10 secs] 
2757.511: [GC (Allocation Failure) [PSYoungGen: 26069142K->614198K(26355712K)] 26770125K->1315780K(29501440K), 0.0934387 secs] [Times: user=4.73 sys=0.01, real=0.10 secs] 
2766.382: [GC (Allocation Failure) [PSYoungGen: 26062646K->604411K(26355712K)] 26764228K->1306842K(29501440K), 0.0915988 secs] [Times: user=4.49 sys=0.01, real=0.10 secs] 
2775.181: [GC (Allocation Failure) [PSYoungGen: 26052859K->621980K(26355712K)] 26755290K->1325019K(29501440K), 0.0923663 secs] [Times: user=4.73 sys=0.00, real=0.10 secs] 
2783.792: [GC (Allocation Failure) [PSYoungGen: 26070428K->618955K(26355712K)] 26773467K->1322659K(29501440K), 0.0968259 secs] [Times: user=4.70 sys=0.01, real=0.09 secs] 
2792.359: [GC (Allocation Failure) [PSYoungGen: 26067403K->604315K(26355712K)] 26771107K->1309307K(29501440K), 0.0927212 secs] [Times: user=4.64 sys=0.00, real=0.09 secs] 
2800.950: [GC (Allocation Failure) [PSYoungGen: 26052763K->639178K(26355712K)] 26757755K->1344801K(29501440K), 0.0921473 secs] [Times: user=4.83 sys=0.01, real=0.10 secs] 
2809.582: [GC (Allocation Failure) [PSYoungGen: 26087626K->615803K(26355712K)] 26793249K->1322035K(29501440K), 0.0921094 secs] [Times: user=4.69 sys=0.02, real=0.10 secs] 
2818.340: [GC (Allocation Failure) [PSYoungGen: 26064251K->606505K(26355712K)] 26770483K->1313385K(29501440K), 0.0978041 secs] [Times: user=4.59 sys=0.01, real=0.10 secs] 
2827.022: [GC (Allocation Failure) [PSYoungGen: 26054953K->631104K(26355712K)] 26761833K->1338576K(29501440K), 0.0976506 secs] [Times: user=4.90 sys=0.01, real=0.10 secs] 
2835.644: [GC (Allocation Failure) [PSYoungGen: 26079552K->628710K(26355712K)] 26787024K->1336798K(29501440K), 0.0955694 secs] [Times: user=4.86 sys=0.00, real=0.09 secs] 
2844.141: [GC (Allocation Failure) [PSYoungGen: 26077158K->632976K(26355712K)] 26785246K->1341704K(29501440K), 0.0910284 secs] [Times: user=4.76 sys=0.00, real=0.09 secs] 
2852.529: [GC (Allocation Failure) [PSYoungGen: 26081424K->618043K(26355712K)] 26790152K->1327419K(29501440K), 0.0952117 secs] [Times: user=4.69 sys=0.01, real=0.10 secs] 
2860.970: [GC (Allocation Failure) [PSYoungGen: 26066491K->624363K(26355712K)] 26775867K->1334275K(29501440K), 0.0959716 secs] [Times: user=4.87 sys=0.01, real=0.10 secs] 
2869.319: [GC (Allocation Failure) [PSYoungGen: 26072811K->619767K(26355712K)] 26782723K->1330288K(29501440K), 0.0979076 secs] [Times: user=4.84 sys=0.01, real=0.10 secs] 
2877.729: [GC (Allocation Failure) [PSYoungGen: 26068215K->613099K(26355712K)] 26778736K->1324211K(29501440K), 0.0959274 secs] [Times: user=4.84 sys=0.01, real=0.10 secs] 
2886.006: [GC (Allocation Failure) [PSYoungGen: 26061547K->628763K(26355712K)] 26772659K->1340659K(29501440K), 0.0945583 secs] [Times: user=4.78 sys=0.01, real=0.09 secs] 
2894.293: [GC (Allocation Failure) [PSYoungGen: 26077211K->611477K(26355712K)] 26789107K->1323949K(29501440K), 0.0920104 secs] [Times: user=4.74 sys=0.00, real=0.09 secs] 
2902.642: [GC (Allocation Failure) [PSYoungGen: 26059925K->625825K(26355712K)] 26772397K->1338873K(29501440K), 0.0945777 secs] [Times: user=4.80 sys=0.00, real=0.10 secs] 
2910.949: [GC (Allocation Failure) [PSYoungGen: 26074273K->643860K(26355712K)] 26787321K->1357501K(29501440K), 0.0997837 secs] [Times: user=4.80 sys=0.01, real=0.10 secs] 
2918.913: [GC (Allocation Failure) [PSYoungGen: 26092266K->638212K(26355712K)] 26805907K->1352516K(29501440K), 0.0959585 secs] [Times: user=4.94 sys=0.00, real=0.09 secs] 
2927.134: [GC (Allocation Failure) [PSYoungGen: 26086660K->638960K(26355712K)] 26800964K->1353840K(29501440K), 0.1034780 secs] [Times: user=4.73 sys=0.00, real=0.10 secs] 
2935.101: [GC (Allocation Failure) [PSYoungGen: 26087408K->624363K(26355712K)] 26802288K->1339836K(29501440K), 0.0917838 secs] [Times: user=4.66 sys=0.00, real=0.10 secs] 
2943.317: [GC (Allocation Failure) [PSYoungGen: 26072811K->615714K(26355712K)] 26788284K->1331795K(29501440K), 0.0932940 secs] [Times: user=4.72 sys=0.00, real=0.09 secs] 
2951.515: [GC (Allocation Failure) [PSYoungGen: 26064162K->646276K(26355712K)] 26780243K->1362989K(29501440K), 0.0961916 secs] [Times: user=4.64 sys=0.00, real=0.09 secs] 
2959.674: [GC (Allocation Failure) [PSYoungGen: 26094724K->623007K(26355712K)] 26811437K->1340319K(29501440K), 0.0963591 secs] [Times: user=4.68 sys=0.01, real=0.09 secs] 
2967.767: [GC (Allocation Failure) [PSYoungGen: 26071455K->646144K(26355712K)] 26788767K->1364040K(29501440K), 0.0959735 secs] [Times: user=4.93 sys=0.00, real=0.10 secs] 
2975.836: [GC (Allocation Failure) [PSYoungGen: 26094592K->622464K(26355712K)] 26812488K->1340937K(29501440K), 0.1004016 secs] [Times: user=4.75 sys=0.01, real=0.10 secs] 
2984.005: [GC (Allocation Failure) [PSYoungGen: 26070912K->636644K(26355712K)] 26789385K->1355717K(29501440K), 0.0970486 secs] [Times: user=4.93 sys=0.01, real=0.09 secs] 
2991.804: [GC (Allocation Failure) [PSYoungGen: 26085092K->629492K(26355712K)] 26804165K->1349125K(29501440K), 0.0980109 secs] [Times: user=4.87 sys=0.00, real=0.09 secs] 
2999.661: [GC (Allocation Failure) [PSYoungGen: 26077940K->633155K(26355712K)] 26797573K->1353428K(29501440K), 0.0967733 secs] [Times: user=4.71 sys=0.00, real=0.10 secs] 
3007.380: [GC (Allocation Failure) [PSYoungGen: 26081603K->621136K(26355712K)] 26801876K->1341937K(29501440K), 0.0970040 secs] [Times: user=4.78 sys=0.00, real=0.10 secs] 
3015.241: [GC (Allocation Failure) [PSYoungGen: 26069584K->627025K(26355712K)] 26790385K->1348394K(29501440K), 0.0954537 secs] [Times: user=4.73 sys=0.00, real=0.10 secs] 
3023.133: [GC (Allocation Failure) [PSYoungGen: 26075473K->641379K(26355712K)] 26796842K->1363292K(29501440K), 0.0989745 secs] [Times: user=4.95 sys=0.00, real=0.09 secs] 
3030.984: [GC (Allocation Failure) [PSYoungGen: 26089827K->653073K(26355712K)] 26811740K->1375530K(29501440K), 0.1045366 secs] [Times: user=4.84 sys=0.00, real=0.10 secs] 
3038.819: [GC (Allocation Failure) [PSYoungGen: 26101521K->619867K(26355712K)] 26823978K->1343396K(29501440K), 0.0990524 secs] [Times: user=4.73 sys=0.01, real=0.10 secs] 
3046.502: [GC (Allocation Failure) [PSYoungGen: 26068315K->637402K(26355712K)] 26791844K->1361475K(29501440K), 0.0967277 secs] [Times: user=4.96 sys=0.01, real=0.10 secs] 
3054.050: [GC (Allocation Failure) [PSYoungGen: 26085850K->642386K(26355712K)] 26809923K->1367115K(29501440K), 0.0916829 secs] [Times: user=4.79 sys=0.00, real=0.09 secs] 
3061.816: [GC (Allocation Failure) [PSYoungGen: 26090834K->631231K(26355712K)] 26815563K->1356545K(29501440K), 0.0963394 secs] [Times: user=4.86 sys=0.01, real=0.10 secs] 
3069.508: [GC (Allocation Failure) [PSYoungGen: 26079679K->637144K(26355712K)] 26804993K->1363001K(29501440K), 0.0952378 secs] [Times: user=4.90 sys=0.01, real=0.10 secs] 
3076.980: [GC (Allocation Failure) [PSYoungGen: 26085592K->645845K(26355712K)] 26811449K->1372238K(29501440K), 0.1008313 secs] [Times: user=4.78 sys=0.00, real=0.10 secs] 
3084.760: [GC (Allocation Failure) [PSYoungGen: 26094293K->627632K(26355712K)] 26820686K->1354674K(29501440K), 0.1020719 secs] [Times: user=4.62 sys=0.00, real=0.10 secs] 
3092.469: [GC (Allocation Failure) [PSYoungGen: 26076080K->618528K(26355712K)] 26803122K->1346089K(29501440K), 0.0959274 secs] [Times: user=4.86 sys=0.01, real=0.10 secs] 
3100.170: [GC (Allocation Failure) [PSYoungGen: 26066976K->653264K(26355712K)] 26794537K->1381457K(29501440K), 0.0994267 secs] [Times: user=4.83 sys=0.01, real=0.10 secs] 
3107.685: [GC (Allocation Failure) [PSYoungGen: 26101712K->653626K(26355712K)] 26829905K->1382451K(29501440K), 0.0959477 secs] [Times: user=4.93 sys=0.01, real=0.09 secs] 
3115.050: [GC (Allocation Failure) [PSYoungGen: 26102074K->631803K(26355712K)] 26830899K->1361148K(29501440K), 0.0956236 secs] [Times: user=5.00 sys=0.01, real=0.10 secs] 
3122.527: [GC (Allocation Failure) [PSYoungGen: 26080251K->643850K(26355712K)] 26809596K->1373803K(29501440K), 0.1006704 secs] [Times: user=4.81 sys=0.01, real=0.10 secs] 
3129.804: [GC (Allocation Failure) [PSYoungGen: 26092298K->640431K(26355712K)] 26822251K->1370929K(29501440K), 0.1006603 secs] [Times: user=4.86 sys=0.01, real=0.10 secs] 
3137.201: [GC (Allocation Failure) [PSYoungGen: 26088879K->640085K(26355712K)] 26819377K->1371110K(29501440K), 0.0973058 secs] [Times: user=4.98 sys=0.00, real=0.10 secs] 
3144.586: [GC (Allocation Failure) [PSYoungGen: 26088533K->644013K(26355712K)] 26819558K->1375638K(29501440K), 0.0956850 secs] [Times: user=4.97 sys=0.01, real=0.09 secs] 
3151.977: [GC (Allocation Failure) [PSYoungGen: 26092461K->630827K(26355712K)] 26824086K->1362964K(29501440K), 0.0953906 secs] [Times: user=4.94 sys=0.01, real=0.10 secs] 
3159.388: [GC (Allocation Failure) [PSYoungGen: 26079275K->629316K(26355712K)] 26811412K->1361981K(29501440K), 0.0933591 secs] [Times: user=4.82 sys=0.01, real=0.09 secs] 
3166.660: [GC (Allocation Failure) [PSYoungGen: 26077764K->642127K(26355712K)] 26810429K->1375369K(29501440K), 0.0951630 secs] [Times: user=4.92 sys=0.01, real=0.10 secs] 
3174.113: [GC (Allocation Failure) [PSYoungGen: 26090575K->659060K(26355712K)] 26823817K->1392853K(29501440K), 0.1013679 secs] [Times: user=4.99 sys=0.00, real=0.10 secs] 
3181.312: [GC (Allocation Failure) [PSYoungGen: 26107508K->616715K(26355712K)] 26841301K->1351100K(29501440K), 0.0934032 secs] [Times: user=4.77 sys=0.01, real=0.10 secs] 
3188.484: [GC (Allocation Failure) [PSYoungGen: 26065163K->622949K(26355712K)] 26799548K->1357903K(29501440K), 0.0953076 secs] [Times: user=4.66 sys=0.00, real=0.09 secs] 
3195.682: [GC (Allocation Failure) [PSYoungGen: 26071397K->630235K(26355712K)] 26806351K->1365732K(29501440K), 0.0949288 secs] [Times: user=4.86 sys=0.01, real=0.10 secs] 
3202.893: [GC (Allocation Failure) [PSYoungGen: 26078683K->629003K(26355712K)] 26814180K->1365052K(29501440K), 0.0976429 secs] [Times: user=4.89 sys=0.00, real=0.09 secs] 
3210.000: [GC (Allocation Failure) [PSYoungGen: 26077451K->649849K(26355712K)] 26813500K->1386482K(29501440K), 0.0952047 secs] [Times: user=4.81 sys=0.00, real=0.10 secs] 
3217.195: [GC (Allocation Failure) [PSYoungGen: 26098297K->619652K(26355712K)] 26834930K->1356845K(29501440K), 0.0938475 secs] [Times: user=4.78 sys=0.01, real=0.09 secs] 
3224.419: [GC (Allocation Failure) [PSYoungGen: 26068100K->646861K(26355712K)] 26805293K->1384614K(29501440K), 0.0964225 secs] [Times: user=5.02 sys=0.01, real=0.10 secs] 
3231.555: [GC (Allocation Failure) [PSYoungGen: 26095309K->638134K(26355712K)] 26833062K->1376423K(29501440K), 0.1033463 secs] [Times: user=4.98 sys=0.00, real=0.10 secs] 
3238.858: [GC (Allocation Failure) [PSYoungGen: 26086582K->641855K(26355712K)] 26824871K->1380657K(29501440K), 0.0965943 secs] [Times: user=4.90 sys=0.01, real=0.10 secs] 
3246.046: [GC (Allocation Failure) [PSYoungGen: 26090303K->646032K(26355712K)] 26829105K->1385361K(29501440K), 0.0945400 secs] [Times: user=5.04 sys=0.01, real=0.09 secs] 
3252.888: [GC (Allocation Failure) [PSYoungGen: 26094480K->663031K(26355712K)] 26833809K->1402880K(29501440K), 0.0967571 secs] [Times: user=4.88 sys=0.00, real=0.10 secs] 
3260.008: [GC (Allocation Failure) [PSYoungGen: 26111479K->658897K(26355712K)] 26851328K->1399291K(29501440K), 0.0982464 secs] [Times: user=4.96 sys=0.00, real=0.10 secs] 
3266.960: [GC (Allocation Failure) [PSYoungGen: 26107345K->646224K(26355712K)] 26847739K->1387161K(29501440K), 0.0955274 secs] [Times: user=4.91 sys=0.01, real=0.10 secs] 
3273.963: [GC (Allocation Failure) [PSYoungGen: 26094672K->634304K(26355712K)] 26835609K->1375761K(29501440K), 0.0951865 secs] [Times: user=4.81 sys=0.01, real=0.09 secs] 
3280.946: [GC (Allocation Failure) [PSYoungGen: 26082752K->635419K(26355712K)] 26824209K->1377412K(29501440K), 0.0941266 secs] [Times: user=4.86 sys=0.00, real=0.09 secs] 
3287.948: [GC (Allocation Failure) [PSYoungGen: 26083867K->627691K(26355712K)] 26825860K->1370212K(29501440K), 0.0939005 secs] [Times: user=4.80 sys=0.00, real=0.10 secs] 
3294.878: [GC (Allocation Failure) [PSYoungGen: 26076139K->636103K(26355712K)] 26818660K->1379176K(29501440K), 0.0938048 secs] [Times: user=4.95 sys=0.00, real=0.09 secs] 
3301.875: [GC (Allocation Failure) [PSYoungGen: 26084551K->625483K(26355712K)] 26827624K->1369092K(29501440K), 0.0924508 secs] [Times: user=4.72 sys=0.01, real=0.09 secs] 
3308.910: [GC (Allocation Failure) [PSYoungGen: 26073931K->636496K(26355712K)] 26817540K->1380634K(29501440K), 0.0927403 secs] [Times: user=4.80 sys=0.00, real=0.10 secs] 
3315.856: [GC (Allocation Failure) [PSYoungGen: 26084944K->638624K(26355712K)] 26829082K->1383329K(29501440K), 0.0949027 secs] [Times: user=4.70 sys=0.01, real=0.09 secs] 
3322.730: [GC (Allocation Failure) [PSYoungGen: 26087072K->661153K(26355712K)] 26831777K->1406394K(29501440K), 0.0963543 secs] [Times: user=5.05 sys=0.00, real=0.10 secs] 
3329.379: [GC (Allocation Failure) [PSYoungGen: 26109601K->624960K(26355712K)] 26854842K->1370721K(29501440K), 0.0921925 secs] [Times: user=4.79 sys=0.00, real=0.09 secs] 
3336.204: [GC (Allocation Failure) [PSYoungGen: 26073408K->636939K(26355712K)] 26819169K->1383220K(29501440K), 0.0970929 secs] [Times: user=4.89 sys=0.00, real=0.09 secs] 
3342.907: [GC (Allocation Failure) [PSYoungGen: 26085387K->649904K(26355712K)] 26831668K->1396737K(29501440K), 0.1021844 secs] [Times: user=5.08 sys=0.01, real=0.10 secs] 
3349.828: [GC (Allocation Failure) [PSYoungGen: 26098167K->665084K(26355712K)] 26845000K->1412469K(29501440K), 0.0938694 secs] [Times: user=4.91 sys=0.00, real=0.09 secs] 
3356.516: [GC (Allocation Failure) [PSYoungGen: 26113532K->628859K(26355712K)] 26860917K->1376764K(29501440K), 0.0984479 secs] [Times: user=4.88 sys=0.00, real=0.10 secs] 
3363.304: [GC (Allocation Failure) [PSYoungGen: 26077307K->621439K(26355712K)] 26825212K->1369913K(29501440K), 0.0942989 secs] [Times: user=4.76 sys=0.01, real=0.09 secs] 
3370.095: [GC (Allocation Failure) [PSYoungGen: 26069887K->649648K(26355712K)] 26818361K->1398657K(29501440K), 0.0953483 secs] [Times: user=4.86 sys=0.02, real=0.09 secs] 
3377.022: [GC (Allocation Failure) [PSYoungGen: 26098096K->640079K(26355712K)] 26847105K->1389736K(29501440K), 0.1034448 secs] [Times: user=4.78 sys=0.00, real=0.11 secs] 
3383.767: [GC (Allocation Failure) [PSYoungGen: 26088527K->658570K(26355712K)] 26838184K->1408771K(29501440K), 0.0954037 secs] [Times: user=4.95 sys=0.01, real=0.10 secs] 
3390.410: [GC (Allocation Failure) [PSYoungGen: 26107018K->649089K(26355712K)] 26857219K->1399858K(29501440K), 0.1023047 secs] [Times: user=4.98 sys=0.01, real=0.11 secs] 
3397.024: [GC (Allocation Failure) [PSYoungGen: 26097537K->657390K(26355712K)] 26848306K->1408712K(29501440K), 0.1015529 secs] [Times: user=5.09 sys=0.01, real=0.10 secs] 
3403.640: [GC (Allocation Failure) [PSYoungGen: 26105838K->631467K(26355712K)] 26857160K->1383324K(29501440K), 0.0950199 secs] [Times: user=4.85 sys=0.01, real=0.10 secs] 
3410.301: [GC (Allocation Failure) [PSYoungGen: 26079915K->642376K(26355712K)] 26831772K->1394818K(29501440K), 0.1019534 secs] [Times: user=4.70 sys=0.00, real=0.11 secs] 
3416.717: [GC (Allocation Failure) [PSYoungGen: 26090824K->647675K(26355712K)] 26843266K->1400684K(29501440K), 0.0962810 secs] [Times: user=4.79 sys=0.01, real=0.10 secs] 
3423.416: [GC (Allocation Failure) [PSYoungGen: 26096123K->626779K(26355712K)] 26849132K->1380300K(29501440K), 0.0927425 secs] [Times: user=4.85 sys=0.00, real=0.09 secs] 
3430.157: [GC (Allocation Failure) [PSYoungGen: 26075227K->653504K(26355712K)] 26828748K->1407601K(29501440K), 0.0966090 secs] [Times: user=4.80 sys=0.00, real=0.10 secs] 
3436.869: [GC (Allocation Failure) [PSYoungGen: 26101952K->662112K(26355712K)] 26856049K->1416825K(29501440K), 0.0965736 secs] [Times: user=4.76 sys=0.00, real=0.10 secs] 
3443.445: [GC (Allocation Failure) [PSYoungGen: 26110560K->612523K(26355712K)] 26865273K->1367788K(29501440K), 0.0931758 secs] [Times: user=4.79 sys=0.00, real=0.09 secs] 
3450.199: [GC (Allocation Failure) [PSYoungGen: 26060971K->673925K(26355712K)] 26816236K->1429695K(29501440K), 0.1001148 secs] [Times: user=5.02 sys=0.01, real=0.10 secs] 
3456.842: [GC (Allocation Failure) [PSYoungGen: 26122373K->644548K(26355712K)] 26878143K->1400901K(29501440K), 0.1006091 secs] [Times: user=4.99 sys=0.00, real=0.11 secs] 
3463.257: [GC (Allocation Failure) [PSYoungGen: 26092996K->618081K(26355712K)] 26849349K->1374994K(29501440K), 0.0936444 secs] [Times: user=4.59 sys=0.00, real=0.09 secs] 
3469.840: [GC (Allocation Failure) [PSYoungGen: 26066529K->635392K(26355712K)] 26823442K->1392858K(29501440K), 0.0956135 secs] [Times: user=4.87 sys=0.02, real=0.10 secs] 
3476.192: [GC (Allocation Failure) [PSYoungGen: 26083840K->617921K(26355712K)] 26841306K->1375915K(29501440K), 0.0938662 secs] [Times: user=4.77 sys=0.01, real=0.10 secs] 
3482.739: [GC (Allocation Failure) [PSYoungGen: 26066369K->653520K(26355712K)] 26824363K->1412074K(29501440K), 0.0994161 secs] [Times: user=5.02 sys=0.01, real=0.10 secs] 
3489.171: [GC (Allocation Failure) [PSYoungGen: 26101968K->619599K(26355712K)] 26860522K->1378696K(29501440K), 0.0960341 secs] [Times: user=4.92 sys=0.00, real=0.10 secs] 
3495.712: [GC (Allocation Failure) [PSYoungGen: 26068047K->660463K(26355712K)] 26827144K->1420081K(29501440K), 0.0964653 secs] [Times: user=4.85 sys=0.01, real=0.10 secs] 
3502.096: [GC (Allocation Failure) [PSYoungGen: 26108911K->660142K(26355712K)] 26868529K->1420319K(29501440K), 0.0978202 secs] [Times: user=4.89 sys=0.00, real=0.10 secs] 
3508.597: [GC (Allocation Failure) [PSYoungGen: 26108590K->626372K(26355712K)] 26868767K->1387069K(29501440K), 0.0927668 secs] [Times: user=4.82 sys=0.02, real=0.09 secs] 
3515.043: [GC (Allocation Failure) [PSYoungGen: 26074820K->664078K(26355712K)] 26835517K->1425528K(29501440K), 0.1000386 secs] [Times: user=5.01 sys=0.00, real=0.10 secs] 
3521.601: [GC (Allocation Failure) [PSYoungGen: 26112526K->632095K(26355712K)] 26873976K->1394081K(29501440K), 0.0959315 secs] [Times: user=4.88 sys=0.01, real=0.10 secs] 
3528.195: [GC (Allocation Failure) [PSYoungGen: 26080543K->630585K(26355712K)] 26842529K->1393082K(29501440K), 0.0938420 secs] [Times: user=4.87 sys=0.01, real=0.09 secs] 
3534.572: [GC (Allocation Failure) [PSYoungGen: 26079033K->652169K(26355712K)] 26841530K->1415203K(29501440K), 0.0990674 secs] [Times: user=5.08 sys=0.00, real=0.10 secs] 
3540.768: [GC (Allocation Failure) [PSYoungGen: 26100617K->643163K(26355712K)] 26863651K->1406796K(29501440K), 0.0977258 secs] [Times: user=4.82 sys=0.01, real=0.10 secs] 
3547.016: [GC (Allocation Failure) [PSYoungGen: 26091611K->664632K(26355712K)] 26855244K->1428794K(29501440K), 0.1012369 secs] [Times: user=4.96 sys=0.01, real=0.10 secs] 
3553.353: [GC (Allocation Failure) [PSYoungGen: 26113080K->640715K(26355712K)] 26877242K->1405404K(29501440K), 0.0944358 secs] [Times: user=5.00 sys=0.01, real=0.09 secs] 
3559.717: [GC (Allocation Failure) [PSYoungGen: 26089163K->650448K(26355712K)] 26853852K->1415713K(29501440K), 0.0993701 secs] [Times: user=4.86 sys=0.00, real=0.10 secs] 
3566.260: [GC (Allocation Failure) [PSYoungGen: 26098896K->624139K(26355712K)] 26864161K->1389957K(29501440K), 0.0986799 secs] [Times: user=4.82 sys=0.01, real=0.10 secs] 
3572.511: [GC (Allocation Failure) [PSYoungGen: 26072587K->641984K(26355712K)] 26838405K->1408362K(29501440K), 0.0995602 secs] [Times: user=5.04 sys=0.01, real=0.10 secs] 
3578.892: [GC (Allocation Failure) [PSYoungGen: 26090432K->662881K(26355712K)] 26856810K->1429778K(29501440K), 0.1037666 secs] [Times: user=5.14 sys=0.00, real=0.11 secs] 
3585.185: [GC (Allocation Failure) [PSYoungGen: 26111329K->652062K(26355712K)] 26878226K->1419520K(29501440K), 0.0969745 secs] [Times: user=4.96 sys=0.00, real=0.10 secs] 
3591.599: [GC (Allocation Failure) [PSYoungGen: 26100510K->650663K(26355712K)] 26867968K->1418632K(29501440K), 0.1035008 secs] [Times: user=5.11 sys=0.01, real=0.11 secs] 
3597.808: [GC (Allocation Failure) [PSYoungGen: 26099111K->675154K(26355712K)] 26867080K->1443700K(29501440K), 0.0988848 secs] [Times: user=4.81 sys=0.01, real=0.10 secs] 
3604.054: [GC (Allocation Failure) [PSYoungGen: 26123602K->666632K(26355712K)] 26892148K->1435714K(29501440K), 0.0981352 secs] [Times: user=5.11 sys=0.00, real=0.10 secs] 
3610.446: [GC (Allocation Failure) [PSYoungGen: 26115080K->680816K(26355712K)] 26884162K->1450426K(29501440K), 0.0984973 secs] [Times: user=5.27 sys=0.00, real=0.10 secs] 
3616.646: [GC (GCLocker Initiated GC) [PSYoungGen: 26129264K->642121K(26355712K)] 26898910K->1412343K(29501440K), 0.0992733 secs] [Times: user=4.97 sys=0.01, real=0.10 secs] 
3622.793: [GC (Allocation Failure) [PSYoungGen: 26090569K->660086K(26355712K)] 26860795K->1430832K(29501440K), 0.0966271 secs] [Times: user=5.07 sys=0.01, real=0.09 secs] 
3628.923: [GC (Allocation Failure) [PSYoungGen: 26108534K->666556K(26355712K)] 26879280K->1437894K(29501440K), 0.0988656 secs] [Times: user=4.94 sys=0.00, real=0.09 secs] 
3635.035: [GC (Allocation Failure) [PSYoungGen: 26115004K->647846K(26355712K)] 26886342K->1419744K(29501440K), 0.0979344 secs] [Times: user=4.81 sys=0.00, real=0.10 secs] 
3641.232: [GC (Allocation Failure) [PSYoungGen: 26096294K->628843K(26355712K)] 26868192K->1402029K(29501440K), 0.0951403 secs] [Times: user=4.80 sys=0.01, real=0.10 secs] 
3647.428: [GC (Allocation Failure) [PSYoungGen: 26077291K->644825K(26355712K)] 26850477K->1418587K(29501440K), 0.0952797 secs] [Times: user=4.87 sys=0.00, real=0.10 secs] 
3653.617: [GC (Allocation Failure) [PSYoungGen: 26093273K->631723K(26355712K)] 26867035K->1406053K(29501440K), 0.0960491 secs] [Times: user=4.89 sys=0.00, real=0.10 secs] 
3659.831: [GC (Allocation Failure) [PSYoungGen: 26080171K->662658K(26355712K)] 26854501K->1437549K(29501440K), 0.0981097 secs] [Times: user=4.83 sys=0.01, real=0.10 secs] 
3666.000: [GC (Allocation Failure) [PSYoungGen: 26111106K->669663K(26355712K)] 26885997K->1445081K(29501440K), 0.0980784 secs] [Times: user=5.19 sys=0.01, real=0.10 secs] 
3672.156: [GC (Allocation Failure) [PSYoungGen: 26118111K->666331K(26355712K)] 26893529K->1442349K(29501440K), 0.1028932 secs] [Times: user=4.91 sys=0.01, real=0.10 secs] 
3678.420: [GC (Allocation Failure) [PSYoungGen: 26114779K->623179K(26355712K)] 26890797K->1399733K(29501440K), 0.0956846 secs] [Times: user=4.77 sys=0.00, real=0.10 secs] 
3684.403: [GC (Allocation Failure) [PSYoungGen: 26071627K->659648K(26355712K)] 26848181K->1436754K(29501440K), 0.1023451 secs] [Times: user=5.13 sys=0.01, real=0.10 secs] 
3690.421: [GC (Allocation Failure) [PSYoungGen: 26108096K->685621K(26355712K)] 26885202K->1463264K(29501440K), 0.1030097 secs] [Times: user=5.25 sys=0.02, real=0.11 secs] 
3696.472: [GC (Allocation Failure) [PSYoungGen: 26134069K->639189K(26355712K)] 26911712K->1417359K(29501440K), 0.0955431 secs] [Times: user=5.01 sys=0.01, real=0.10 secs] 
3702.397: [GC (Allocation Failure) [PSYoungGen: 26087637K->647300K(26355712K)] 26865807K->1426143K(29501440K), 0.0993097 secs] [Times: user=4.81 sys=0.01, real=0.10 secs] 
3708.403: [GC (Allocation Failure) [PSYoungGen: 26095748K->658887K(26355712K)] 26874591K->1438378K(29501440K), 0.0984604 secs] [Times: user=5.08 sys=0.01, real=0.09 secs] 
3714.639: [GC (Allocation Failure) [PSYoungGen: 26107335K->644739K(26355712K)] 26886826K->1424789K(29501440K), 0.1011672 secs] [Times: user=4.95 sys=0.00, real=0.10 secs] 
3720.654: [GC (Allocation Failure) [PSYoungGen: 26093187K->645839K(26355712K)] 26873237K->1426426K(29501440K), 0.0982754 secs] [Times: user=4.91 sys=0.00, real=0.09 secs] 
3726.657: [GC (Allocation Failure) [PSYoungGen: 26094287K->636011K(26355712K)] 26874874K->1417141K(29501440K), 0.0973523 secs] [Times: user=4.88 sys=0.00, real=0.10 secs] 
3732.743: [GC (Allocation Failure) [PSYoungGen: 26084459K->655883K(26355712K)] 26865589K->1437590K(29501440K), 0.0998704 secs] [Times: user=4.93 sys=0.01, real=0.10 secs] 
3738.811: [GC (Allocation Failure) [PSYoungGen: 26104331K->651477K(26355712K)] 26886038K->1433704K(29501440K), 0.1038402 secs] [Times: user=4.84 sys=0.00, real=0.11 secs] 
3745.018: [GC (Allocation Failure) [PSYoungGen: 26099925K->661898K(26355712K)] 26882152K->1444701K(29501440K), 0.0975288 secs] [Times: user=5.08 sys=0.00, real=0.10 secs] 
3750.781: [GC (Allocation Failure) [PSYoungGen: 26110346K->660005K(26355712K)] 26893149K->1443320K(29501440K), 0.0971649 secs] [Times: user=5.10 sys=0.01, real=0.10 secs] 
3756.808: [GC (Allocation Failure) [PSYoungGen: 26108453K->654133K(26355712K)] 26891768K->1437999K(29501440K), 0.0980338 secs] [Times: user=4.92 sys=0.00, real=0.10 secs] 
3762.818: [GC (Allocation Failure) [PSYoungGen: 26102581K->638107K(26355712K)] 26886447K->1422541K(29501440K), 0.0921690 secs] [Times: user=4.82 sys=0.01, real=0.09 secs] 
3768.785: [GC (Allocation Failure) [PSYoungGen: 26086555K->674489K(26355712K)] 26870989K->1459443K(29501440K), 0.1008730 secs] [Times: user=5.29 sys=0.01, real=0.10 secs] 
3774.559: [GC (Allocation Failure) [PSYoungGen: 26122937K->636900K(26355712K)] 26907891K->1422407K(29501440K), 0.0926892 secs] [Times: user=4.77 sys=0.01, real=0.09 secs] 
3780.474: [GC (Allocation Failure) [PSYoungGen: 26085348K->643331K(26355712K)] 26870855K->1429382K(29501440K), 0.1027615 secs] [Times: user=5.01 sys=0.00, real=0.10 secs] 
3786.335: [GC (Allocation Failure) [PSYoungGen: 26091779K->652411K(26355712K)] 26877830K->1438997K(29501440K), 0.0984628 secs] [Times: user=5.14 sys=0.00, real=0.10 secs] 
3792.170: [GC (Allocation Failure) [PSYoungGen: 26100859K->686585K(26355712K)] 26887445K->1473691K(29501440K), 0.1013559 secs] [Times: user=5.04 sys=0.01, real=0.10 secs] 
3798.238: [GC (Allocation Failure) [PSYoungGen: 26135033K->629295K(26355712K)] 26922139K->1416970K(29501440K), 0.0962320 secs] [Times: user=4.87 sys=0.01, real=0.10 secs] 
3803.995: [GC (Allocation Failure) [PSYoungGen: 26077743K->668685K(26355712K)] 26865418K->1456879K(29501440K), 0.0985019 secs] [Times: user=5.10 sys=0.00, real=0.10 secs] 
3809.879: [GC (Allocation Failure) [PSYoungGen: 26117133K->654779K(26355712K)] 26905327K->1443517K(29501440K), 0.0994143 secs] [Times: user=5.00 sys=0.01, real=0.10 secs] 
3815.950: [GC (Allocation Failure) [PSYoungGen: 26103227K->646443K(26355712K)] 26891965K->1435725K(29501440K), 0.0997235 secs] [Times: user=5.25 sys=0.01, real=0.10 secs] 
3821.814: [GC (Allocation Failure) [PSYoungGen: 26094891K->651830K(26355712K)] 26884173K->1441616K(29501440K), 0.0980754 secs] [Times: user=4.95 sys=0.01, real=0.09 secs] 
3827.783: [GC (Allocation Failure) [PSYoungGen: 26100278K->690843K(26355712K)] 26890064K->1481165K(29501440K), 0.1026187 secs] [Times: user=5.19 sys=0.00, real=0.10 secs] 
3833.581: [GC (Allocation Failure) [PSYoungGen: 26139291K->679055K(26355712K)] 26929613K->1469897K(29501440K), 0.0994356 secs] [Times: user=5.16 sys=0.00, real=0.10 secs] 
3839.250: [GC (Allocation Failure) [PSYoungGen: 26127503K->649952K(26355712K)] 26918345K->1441314K(29501440K), 0.0992089 secs] [Times: user=5.21 sys=0.00, real=0.10 secs] 
3845.026: [GC (Allocation Failure) [PSYoungGen: 26097983K->667931K(26355712K)] 26889345K->1459845K(29501440K), 0.0985922 secs] [Times: user=4.89 sys=0.00, real=0.10 secs] 
3850.739: [GC (Allocation Failure) [PSYoungGen: 26116379K->707950K(26355712K)] 26908293K->1500385K(29501440K), 0.1049835 secs] [Times: user=5.44 sys=0.00, real=0.11 secs] 
3856.422: [GC (Allocation Failure) [PSYoungGen: 26156398K->637147K(26355712K)] 26948833K->1430173K(29501440K), 0.0945337 secs] [Times: user=4.80 sys=0.01, real=0.10 secs] 
3862.145: [GC (Allocation Failure) [PSYoungGen: 26085595K->686172K(26355712K)] 26878621K->1479734K(29501440K), 0.1066724 secs] [Times: user=5.13 sys=0.01, real=0.10 secs] 
3867.765: [GC (Allocation Failure) [PSYoungGen: 26134620K->677186K(26355712K)] 26928182K->1471300K(29501440K), 0.0970352 secs] [Times: user=5.13 sys=0.00, real=0.09 secs] 
3873.564: [GC (Allocation Failure) [PSYoungGen: 26125634K->653856K(26355712K)] 26919748K->1448531K(29501440K), 0.1014771 secs] [Times: user=5.09 sys=0.01, real=0.10 secs] 
3879.331: [GC (Allocation Failure) [PSYoungGen: 26102304K->631824K(26355712K)] 26896979K->1427058K(29501440K), 0.0956983 secs] [Times: user=4.86 sys=0.01, real=0.10 secs] 
3885.010: [GC (Allocation Failure) [PSYoungGen: 26080272K->670279K(26355712K)] 26875506K->1466050K(29501440K), 0.1027475 secs] [Times: user=5.18 sys=0.01, real=0.11 secs] 
3890.646: [GC (Allocation Failure) [PSYoungGen: 26118727K->644720K(26355712K)] 26914498K->1441010K(29501440K), 0.0959909 secs] [Times: user=4.89 sys=0.01, real=0.09 secs] 
3896.400: [GC (Allocation Failure) [PSYoungGen: 26093168K->668629K(26355712K)] 26889458K->1465455K(29501440K), 0.1013407 secs] [Times: user=5.23 sys=0.00, real=0.10 secs] 
3902.123: [GC (Allocation Failure) [PSYoungGen: 26117077K->713126K(26355712K)] 26913903K->1510489K(29501440K), 0.1059296 secs] [Times: user=5.39 sys=0.00, real=0.10 secs] 
3907.748: [GC (Allocation Failure) [PSYoungGen: 26161574K->694575K(26355712K)] 26958937K->1492449K(29501440K), 0.1042072 secs] [Times: user=5.13 sys=0.00, real=0.11 secs] 
3913.414: [GC (Allocation Failure) [PSYoungGen: 26143023K->656318K(26355712K)] 26940897K->1454721K(29501440K), 0.1018475 secs] [Times: user=4.87 sys=0.01, real=0.10 secs] 
3918.989: [GC (Allocation Failure) [PSYoungGen: 26104766K->710424K(26355712K)] 26903169K->1509386K(29501440K), 0.1008473 secs] [Times: user=5.25 sys=0.01, real=0.10 secs] 
3924.655: [GC (Allocation Failure) [PSYoungGen: 26158872K->664658K(26355712K)] 26957834K->1464212K(29501440K), 0.1016632 secs] [Times: user=4.97 sys=0.01, real=0.10 secs] 
3930.099: [GC (Allocation Failure) [PSYoungGen: 26113106K->688434K(26355712K)] 26912660K->1488548K(29501440K), 0.1026158 secs] [Times: user=5.05 sys=0.00, real=0.10 secs] 
3935.605: [GC (Allocation Failure) [PSYoungGen: 26136882K->675592K(26355712K)] 26936996K->1476275K(29501440K), 0.1044951 secs] [Times: user=5.12 sys=0.00, real=0.10 secs] 
3941.271: [GC (Allocation Failure) [PSYoungGen: 26124040K->663338K(26355712K)] 26924723K->1464596K(29501440K), 0.1024632 secs] [Times: user=4.88 sys=0.01, real=0.11 secs] 
3947.009: [GC (Allocation Failure) [PSYoungGen: 26111786K->688906K(26355712K)] 26913044K->1490701K(29501440K), 0.1010709 secs] [Times: user=5.06 sys=0.01, real=0.10 secs] 
3952.710: [GC (Allocation Failure) [PSYoungGen: 26137354K->664772K(26355712K)] 26939149K->1467110K(29501440K), 0.0994437 secs] [Times: user=5.17 sys=0.00, real=0.10 secs] 
3958.213: [GC (Allocation Failure) [PSYoungGen: 26113220K->633101K(26355712K)] 26915558K->1435951K(29501440K), 0.0924885 secs] [Times: user=4.90 sys=0.01, real=0.09 secs] 
3963.851: [GC (Allocation Failure) [PSYoungGen: 26081549K->721349K(26355712K)] 26884399K->1524775K(29501440K), 0.1065612 secs] [Times: user=5.34 sys=0.00, real=0.11 secs] 
3969.360: [GC (Allocation Failure) [PSYoungGen: 26169797K->661371K(26355712K)] 26973223K->1465309K(29501440K), 0.0961542 secs] [Times: user=5.04 sys=0.01, real=0.10 secs] 
3974.862: [GC (Allocation Failure) [PSYoungGen: 26109819K->641707K(26355712K)] 26913757K->1446165K(29501440K), 0.0955643 secs] [Times: user=4.88 sys=0.01, real=0.10 secs] 
3980.742: [GC (Allocation Failure) [PSYoungGen: 26090155K->651316K(26355712K)] 26894613K->1456326K(29501440K), 0.0981590 secs] [Times: user=5.02 sys=0.00, real=0.10 secs] 
3986.245: [GC (Allocation Failure) [PSYoungGen: 26099764K->638576K(26355712K)] 26904774K->1444106K(29501440K), 0.1025334 secs] [Times: user=5.01 sys=0.01, real=0.10 secs] 
3991.611: [GC (Allocation Failure) [PSYoungGen: 26087024K->677909K(26355712K)] 26892554K->1483951K(29501440K), 0.1030374 secs] [Times: user=5.29 sys=0.01, real=0.11 secs] 
3997.214: [GC (Allocation Failure) [PSYoungGen: 26126357K->703827K(26355712K)] 26932399K->1510414K(29501440K), 0.1033086 secs] [Times: user=5.36 sys=0.01, real=0.10 secs] 
4002.765: [GC (Allocation Failure) [PSYoungGen: 26152275K->698997K(26355712K)] 26958862K->1506095K(29501440K), 0.1073779 secs] [Times: user=5.08 sys=0.01, real=0.11 secs] 
4008.074: [GC (Allocation Failure) [PSYoungGen: 26147445K->671259K(26355712K)] 26954543K->1478925K(29501440K), 0.1023151 secs] [Times: user=4.97 sys=0.00, real=0.10 secs] 
4013.751: [GC (Allocation Failure) [PSYoungGen: 26119707K->684872K(26355712K)] 26927373K->1493810K(29501440K), 0.0994993 secs] [Times: user=5.34 sys=0.00, real=0.10 secs] 
4019.288: [GC (Allocation Failure) [PSYoungGen: 26133320K->671962K(26355712K)] 26942258K->1481477K(29501440K), 0.1023191 secs] [Times: user=5.05 sys=0.01, real=0.10 secs] 
4024.681: [GC (Allocation Failure) [PSYoungGen: 26120410K->658895K(26355712K)] 26929925K->1468961K(29501440K), 0.1039603 secs] [Times: user=5.00 sys=0.01, real=0.11 secs] 
4030.116: [GC (Allocation Failure) [PSYoungGen: 26107343K->687619K(26355712K)] 26917409K->1498190K(29501440K), 0.1012827 secs] [Times: user=5.09 sys=0.01, real=0.10 secs] 
4035.539: [GC (Allocation Failure) [PSYoungGen: 26136067K->664133K(26355712K)] 26946637K->1475280K(29501440K), 0.0988720 secs] [Times: user=5.01 sys=0.01, real=0.10 secs] 
4041.006: [GC (Allocation Failure) [PSYoungGen: 26112581K->694459K(26355712K)] 26923728K->1506118K(29501440K), 0.1102157 secs] [Times: user=5.09 sys=0.01, real=0.11 secs] 
4046.507: [GC (Allocation Failure) [PSYoungGen: 26142907K->680642K(26355712K)] 26954566K->1492829K(29501440K), 0.1021779 secs] [Times: user=5.33 sys=0.00, real=0.10 secs] 
4051.966: [GC (Allocation Failure) [PSYoungGen: 26129090K->665664K(26355712K)] 26941277K->1478395K(29501440K), 0.0985295 secs] [Times: user=5.00 sys=0.00, real=0.10 secs] 
4057.416: [GC (Allocation Failure) [PSYoungGen: 26114112K->694959K(26355712K)] 26926843K->1508233K(29501440K), 0.1031346 secs] [Times: user=4.99 sys=0.00, real=0.10 secs] 
4062.754: [GC (Allocation Failure) [PSYoungGen: 26143407K->668357K(26355712K)] 26956681K->1482160K(29501440K), 0.1010653 secs] [Times: user=5.01 sys=0.01, real=0.10 secs] 
4068.219: [GC (Allocation Failure) [PSYoungGen: 26116805K->636749K(26355712K)] 26930608K->1451119K(29501440K), 0.1004915 secs] [Times: user=4.83 sys=0.00, real=0.10 secs] 
4073.643: [GC (Allocation Failure) [PSYoungGen: 26085197K->733616K(26355712K)] 26899567K->1549283K(29501440K), 0.1100704 secs] [Times: user=5.27 sys=0.00, real=0.11 secs] 
4079.067: [GC (Allocation Failure) [PSYoungGen: 26182064K->687742K(26355712K)] 26997731K->1503984K(29501440K), 0.1006310 secs] [Times: user=5.03 sys=0.00, real=0.10 secs] 
4084.535: [GC (Allocation Failure) [PSYoungGen: 26136190K->650767K(26355712K)] 26952432K->1467530K(29501440K), 0.1005609 secs] [Times: user=5.11 sys=0.01, real=0.10 secs] 
4089.846: [GC (Allocation Failure) [PSYoungGen: 26099215K->708876K(26355712K)] 26915978K->1526223K(29501440K), 0.1041154 secs] [Times: user=5.16 sys=0.02, real=0.10 secs] 
4095.269: [GC (Allocation Failure) [PSYoungGen: 26157324K->649672K(26355712K)] 26974671K->1467546K(29501440K), 0.1007721 secs] [Times: user=4.80 sys=0.01, real=0.10 secs] 
4100.791: [GC (Allocation Failure) [PSYoungGen: 26098120K->695008K(26355712K)] 26915994K->1513395K(29501440K), 0.1027766 secs] [Times: user=5.36 sys=0.01, real=0.11 secs] 
4106.264: [GC (Allocation Failure) [PSYoungGen: 26143456K->661522K(26355712K)] 26961843K->1480444K(29501440K), 0.1018621 secs] [Times: user=5.01 sys=0.00, real=0.10 secs] 
4111.682: [GC (Allocation Failure) [PSYoungGen: 26109970K->659637K(26355712K)] 26928892K->1479072K(29501440K), 0.0977851 secs] [Times: user=4.94 sys=0.02, real=0.10 secs] 
4117.103: [GC (Allocation Failure) [PSYoungGen: 26108085K->673946K(26355712K)] 26927520K->1493916K(29501440K), 0.0992226 secs] [Times: user=5.09 sys=0.01, real=0.09 secs] 
4122.255: [GC (Allocation Failure) [PSYoungGen: 26122394K->672806K(26355712K)] 26942364K->1493281K(29501440K), 0.1033893 secs] [Times: user=5.02 sys=0.00, real=0.10 secs] 
4127.516: [GC (Allocation Failure) [PSYoungGen: 26121254K->658005K(26355712K)] 26941729K->1478999K(29501440K), 0.1026255 secs] [Times: user=5.09 sys=0.00, real=0.10 secs] 
4132.953: [GC (Allocation Failure) [PSYoungGen: 26106453K->710396K(26355712K)] 26927447K->1531927K(29501440K), 0.1067463 secs] [Times: user=5.46 sys=0.00, real=0.10 secs] 
4138.288: [GC (Allocation Failure) [PSYoungGen: 26158844K->716224K(26355712K)] 26980375K->1538290K(29501440K), 0.1064847 secs] [Times: user=5.34 sys=0.00, real=0.11 secs] 
4143.524: [GC (Allocation Failure) [PSYoungGen: 26164672K->667349K(26355712K)] 26986738K->1489927K(29501440K), 0.1045345 secs] [Times: user=4.94 sys=0.00, real=0.10 secs] 
4148.915: [GC (Allocation Failure) [PSYoungGen: 26115797K->690565K(26355712K)] 26938375K->1513703K(29501440K), 0.1077894 secs] [Times: user=5.28 sys=0.00, real=0.11 secs] 
4154.176: [GC (Allocation Failure) [PSYoungGen: 26139013K->663752K(26355712K)] 26962151K->1487394K(29501440K), 0.1022849 secs] [Times: user=5.37 sys=0.00, real=0.10 secs] 
4159.551: [GC (Allocation Failure) [PSYoungGen: 26112200K->669753K(26355712K)] 26935842K->1493932K(29501440K), 0.1009934 secs] [Times: user=4.99 sys=0.01, real=0.10 secs] 
4164.816: [GC (Allocation Failure) [PSYoungGen: 26118201K->652807K(26355712K)] 26942380K->1477513K(29501440K), 0.0967846 secs] [Times: user=5.00 sys=0.00, real=0.10 secs] 
4170.063: [GC (Allocation Failure) [PSYoungGen: 26101255K->669444K(26355712K)] 26925961K->1494670K(29501440K), 0.0951242 secs] [Times: user=5.02 sys=0.00, real=0.09 secs] 
4175.376: [GC (Allocation Failure) [PSYoungGen: 26117892K->681544K(26355712K)] 26943118K->1507291K(29501440K), 0.1051599 secs] [Times: user=5.30 sys=0.00, real=0.10 secs] 
4180.763: [GC (Allocation Failure) [PSYoungGen: 26129992K->657675K(26355712K)] 26955739K->1483933K(29501440K), 0.0986903 secs] [Times: user=5.11 sys=0.00, real=0.09 secs] 
4186.017: [GC (Allocation Failure) [PSYoungGen: 26106123K->669151K(26355712K)] 26932381K->1495946K(29501440K), 0.0959577 secs] [Times: user=5.14 sys=0.00, real=0.10 secs] 
4191.220: [GC (Allocation Failure) [PSYoungGen: 26117599K->642662K(26355712K)] 26944394K->1469969K(29501440K), 0.0927796 secs] [Times: user=4.86 sys=0.00, real=0.10 secs] 
4196.501: [GC (Allocation Failure) [PSYoungGen: 26091110K->647419K(26355712K)] 26918417K->1475253K(29501440K), 0.0962842 secs] [Times: user=4.93 sys=0.01, real=0.10 secs] 
4201.802: [GC (Allocation Failure) [PSYoungGen: 26095867K->669380K(26355712K)] 26923701K->1497759K(29501440K), 0.1058529 secs] [Times: user=5.22 sys=0.00, real=0.11 secs] 
4206.901: [GC (Allocation Failure) [PSYoungGen: 26117828K->692970K(26355712K)] 26946207K->1521876K(29501440K), 0.0995338 secs] [Times: user=5.25 sys=0.00, real=0.10 secs] 
4212.097: [GC (Allocation Failure) [PSYoungGen: 26141418K->715151K(26355712K)] 26970324K->1544657K(29501440K), 0.1081371 secs] [Times: user=5.40 sys=0.01, real=0.11 secs] 
4217.326: [GC (Allocation Failure) [PSYoungGen: 26163599K->647909K(26355712K)] 26993105K->1477959K(29501440K), 0.0971487 secs] [Times: user=4.92 sys=0.01, real=0.10 secs] 
4222.419: [GC (Allocation Failure) [PSYoungGen: 26096357K->640453K(26355712K)] 26926407K->1471080K(29501440K), 0.1051731 secs] [Times: user=5.09 sys=0.01, real=0.11 secs] 
4227.624: [GC (Allocation Failure) [PSYoungGen: 26088901K->681563K(26355712K)] 26919528K->1512709K(29501440K), 0.1041050 secs] [Times: user=5.30 sys=0.01, real=0.10 secs] 
4232.821: [GC (Allocation Failure) [PSYoungGen: 26130011K->668704K(26355712K)] 26961157K->1500491K(29501440K), 0.0989847 secs] [Times: user=5.10 sys=0.00, real=0.10 secs] 
4238.024: [GC (Allocation Failure) [PSYoungGen: 26117152K->708194K(26355712K)] 26948939K->1540508K(29501440K), 0.1049604 secs] [Times: user=5.13 sys=0.00, real=0.10 secs] 
4243.294: [GC (Allocation Failure) [PSYoungGen: 26156642K->657845K(26355712K)] 26988956K->1490727K(29501440K), 0.0999042 secs] [Times: user=4.97 sys=0.01, real=0.10 secs] 
4248.575: [GC (Allocation Failure) [PSYoungGen: 26106293K->736632K(26355712K)] 26939175K->1570067K(29501440K), 0.1060780 secs] [Times: user=5.51 sys=0.00, real=0.10 secs] 
4253.921: [GC (Allocation Failure) [PSYoungGen: 26185080K->795986K(26355712K)] 27018515K->1629932K(29501440K), 0.1120588 secs] [Times: user=5.85 sys=0.00, real=0.12 secs] 
4259.023: [GC (Allocation Failure) [PSYoungGen: 26244434K->694759K(26355712K)] 27078380K->1529273K(29501440K), 0.1047937 secs] [Times: user=5.36 sys=0.01, real=0.10 secs] 
4264.179: [GC (Allocation Failure) [PSYoungGen: 26143207K->642598K(26355712K)] 26977721K->1477640K(29501440K), 0.1015040 secs] [Times: user=4.71 sys=0.02, real=0.10 secs] 
4269.224: [GC (Allocation Failure) [PSYoungGen: 26091046K->651812K(26355712K)] 26926088K->1487374K(29501440K), 0.0996075 secs] [Times: user=5.04 sys=0.00, real=0.10 secs] 
4274.348: [GC (Allocation Failure) [PSYoungGen: 26100260K->687730K(26355712K)] 26935822K->1523868K(29501440K), 0.1019943 secs] [Times: user=5.05 sys=0.00, real=0.10 secs] 
4279.408: [GC (Allocation Failure) [PSYoungGen: 26136178K->683588K(26355712K)] 26972316K->1520238K(29501440K), 0.1054762 secs] [Times: user=5.19 sys=0.00, real=0.11 secs] 
4284.453: [GC (Allocation Failure) [PSYoungGen: 26132036K->663728K(26355712K)] 26968686K->1500931K(29501440K), 0.0994100 secs] [Times: user=5.17 sys=0.00, real=0.09 secs] 
4289.538: [GC (Allocation Failure) [PSYoungGen: 26112176K->710591K(26355712K)] 26949379K->1548314K(29501440K), 0.1094858 secs] [Times: user=5.38 sys=0.01, real=0.11 secs] 
4294.721: [GC (Allocation Failure) [PSYoungGen: 26159039K->677607K(26355712K)] 26996762K->1515865K(29501440K), 0.1045018 secs] [Times: user=5.17 sys=0.00, real=0.11 secs] 
4299.889: [GC (Allocation Failure) [PSYoungGen: 26126055K->687057K(26355712K)] 26964313K->1525883K(29501440K), 0.1035941 secs] [Times: user=5.08 sys=0.01, real=0.11 secs] 
4305.015: [GC (Allocation Failure) [PSYoungGen: 26135505K->693803K(26355712K)] 26974331K->1533142K(29501440K), 0.0998952 secs] [Times: user=5.25 sys=0.01, real=0.10 secs] 
4310.072: [GC (Allocation Failure) [PSYoungGen: 26142251K->657195K(26355712K)] 26981590K->1497045K(29501440K), 0.1047700 secs] [Times: user=5.05 sys=0.00, real=0.11 secs] 
4315.150: [GC (Allocation Failure) [PSYoungGen: 26105643K->706871K(26355712K)] 26945493K->1547297K(29501440K), 0.1021523 secs] [Times: user=5.23 sys=0.00, real=0.11 secs] 
4320.275: [GC (Allocation Failure) [PSYoungGen: 26155319K->678441K(26355712K)] 26995745K->1519387K(29501440K), 0.1027102 secs] [Times: user=5.26 sys=0.00, real=0.10 secs] 
4325.418: [GC (Allocation Failure) [PSYoungGen: 26126889K->658293K(26355712K)] 26967835K->1499751K(29501440K), 0.1006791 secs] [Times: user=5.17 sys=0.00, real=0.10 secs] 
4330.532: [GC (Allocation Failure) [PSYoungGen: 26106741K->650475K(26355712K)] 26948199K->1492453K(29501440K), 0.1002375 secs] [Times: user=4.97 sys=0.01, real=0.10 secs] 
4335.568: [GC (Allocation Failure) [PSYoungGen: 26098923K->683064K(26355712K)] 26940901K->1525578K(29501440K), 0.1023227 secs] [Times: user=5.36 sys=0.01, real=0.10 secs] 
4340.642: [GC (Allocation Failure) [PSYoungGen: 26131512K->687002K(26355712K)] 26974026K->1530061K(29501440K), 0.1004802 secs] [Times: user=5.26 sys=0.00, real=0.11 secs] 
4345.618: [GC (Allocation Failure) [PSYoungGen: 26135450K->681650K(26355712K)] 26978509K->1525236K(29501440K), 0.1044152 secs] [Times: user=5.21 sys=0.02, real=0.11 secs] 
4350.627: [GC (Allocation Failure) [PSYoungGen: 26130098K->659015K(26355712K)] 26973684K->1503122K(29501440K), 0.0990832 secs] [Times: user=5.21 sys=0.01, real=0.10 secs] 
4355.591: [GC (Allocation Failure) [PSYoungGen: 26107463K->673039K(26355712K)] 26951570K->1517681K(29501440K), 0.1003167 secs] [Times: user=5.17 sys=0.00, real=0.10 secs] 
4360.624: [GC (Allocation Failure) [PSYoungGen: 26121487K->674252K(26355712K)] 26966129K->1519414K(29501440K), 0.1081233 secs] [Times: user=5.15 sys=0.01, real=0.10 secs] 
4365.653: [GC (Allocation Failure) [PSYoungGen: 26122700K->681038K(26355712K)] 26967862K->1526745K(29501440K), 0.0992382 secs] [Times: user=5.02 sys=0.00, real=0.10 secs] 
4370.589: [GC (Allocation Failure) [PSYoungGen: 26129486K->660491K(26355712K)] 26975193K->1506709K(29501440K), 0.0996438 secs] [Times: user=5.05 sys=0.00, real=0.10 secs] 
4375.549: [GC (Allocation Failure) [PSYoungGen: 26108939K->679600K(26355712K)] 26955157K->1526346K(29501440K), 0.0972191 secs] [Times: user=5.08 sys=0.01, real=0.10 secs] 
4380.591: [GC (Allocation Failure) [PSYoungGen: 26128048K->692029K(26355712K)] 26974794K->1539287K(29501440K), 0.1044647 secs] [Times: user=5.24 sys=0.01, real=0.11 secs] 
4385.629: [GC (Allocation Failure) [PSYoungGen: 26140477K->682329K(26355712K)] 26987735K->1530108K(29501440K), 0.1032163 secs] [Times: user=5.12 sys=0.02, real=0.11 secs] 
4390.661: [GC (Allocation Failure) [PSYoungGen: 26130777K->675174K(26355712K)] 26978556K->1523465K(29501440K), 0.1003646 secs] [Times: user=5.26 sys=0.01, real=0.10 secs] 
4395.552: [GC (GCLocker Initiated GC) [PSYoungGen: 26123622K->668708K(26355712K)] 26971936K->1517565K(29501440K), 0.1024704 secs] [Times: user=5.29 sys=0.00, real=0.11 secs] 
4400.543: [GC (Allocation Failure) [PSYoungGen: 26117156K->683438K(26355712K)] 26966014K->1532825K(29501440K), 0.0973306 secs] [Times: user=5.16 sys=0.00, real=0.09 secs] 
4405.507: [GC (Allocation Failure) [PSYoungGen: 26131886K->666260K(26355712K)] 26981273K->1516182K(29501440K), 0.1026674 secs] [Times: user=5.13 sys=0.02, real=0.10 secs] 
4410.415: [GC (Allocation Failure) [PSYoungGen: 26114708K->671093K(26355712K)] 26964630K->1521575K(29501440K), 0.1012162 secs] [Times: user=5.13 sys=0.01, real=0.10 secs] 
4415.420: [GC (Allocation Failure) [PSYoungGen: 26119541K->696505K(26355712K)] 26970023K->1547523K(29501440K), 0.1049055 secs] [Times: user=5.35 sys=0.01, real=0.11 secs] 
4420.252: [GC (Allocation Failure) [PSYoungGen: 26144953K->703758K(26355712K)] 26995971K->1555353K(29501440K), 0.1050316 secs] [Times: user=5.25 sys=0.01, real=0.11 secs] 
4425.174: [GC (Allocation Failure) [PSYoungGen: 26152206K->626270K(26355712K)] 27003801K->1478376K(29501440K), 0.0973814 secs] [Times: user=4.85 sys=0.00, real=0.09 secs] 
4430.010: [GC (Allocation Failure) [PSYoungGen: 26074718K->706108K(26355712K)] 26926824K->1558767K(29501440K), 0.1022697 secs] [Times: user=5.29 sys=0.00, real=0.11 secs] 
4434.942: [GC (Allocation Failure) [PSYoungGen: 26154556K->698109K(26355712K)] 27007215K->1551288K(29501440K), 0.0994318 secs] [Times: user=5.18 sys=0.00, real=0.10 secs] 
4439.834: [GC (Allocation Failure) [PSYoungGen: 26146557K->685483K(26355712K)] 26999736K->1539174K(29501440K), 0.1020009 secs] [Times: user=5.22 sys=0.01, real=0.10 secs] 
4444.715: [GC (Allocation Failure) [PSYoungGen: 26133931K->699706K(26355712K)] 26987622K->1553997K(29501440K), 0.1033089 secs] [Times: user=5.12 sys=0.00, real=0.10 secs] 
4449.644: [GC (Allocation Failure) [PSYoungGen: 26148154K->677861K(26355712K)] 27002445K->1532712K(29501440K), 0.0993538 secs] [Times: user=5.11 sys=0.00, real=0.10 secs] 
4454.589: [GC (Allocation Failure) [PSYoungGen: 26126309K->664596K(26355712K)] 26981160K->1519951K(29501440K), 0.1016851 secs] [Times: user=5.16 sys=0.01, real=0.10 secs] 
4459.586: [GC (Allocation Failure) [PSYoungGen: 26113044K->672602K(26355712K)] 26968399K->1528485K(29501440K), 0.1009281 secs] [Times: user=5.10 sys=0.00, real=0.10 secs] 
4464.434: [GC (Allocation Failure) [PSYoungGen: 26121050K->681847K(26355712K)] 26976933K->1538273K(29501440K), 0.0975049 secs] [Times: user=5.10 sys=0.01, real=0.09 secs] 
4469.210: [GC (Allocation Failure) [PSYoungGen: 26130295K->681084K(26355712K)] 26986721K->1538030K(29501440K), 0.0995662 secs] [Times: user=5.16 sys=0.00, real=0.10 secs] 
4474.235: [GC (Allocation Failure) [PSYoungGen: 26129532K->675690K(26355712K)] 26986478K->1533436K(29501440K), 0.1002350 secs] [Times: user=4.94 sys=0.01, real=0.10 secs] 
4479.154: [GC (Allocation Failure) [PSYoungGen: 26124138K->717963K(26355712K)] 26981884K->1576246K(29501440K), 0.0985989 secs] [Times: user=5.25 sys=0.00, real=0.10 secs] 
4484.006: [GC (Allocation Failure) [PSYoungGen: 26166411K->676580K(26355712K)] 27024694K->1535383K(29501440K), 0.1020537 secs] [Times: user=5.01 sys=0.00, real=0.10 secs] 
4488.840: [GC (Allocation Failure) [PSYoungGen: 26125028K->724249K(26355712K)] 26983831K->1583612K(29501440K), 0.1049852 secs] [Times: user=5.15 sys=0.00, real=0.11 secs] 
4493.814: [GC (Allocation Failure) [PSYoungGen: 26172697K->703424K(26355712K)] 27032060K->1563315K(29501440K), 0.1043683 secs] [Times: user=5.11 sys=0.01, real=0.10 secs] 
4498.613: [GC (Allocation Failure) [PSYoungGen: 26151872K->691288K(26355712K)] 27011763K->1551731K(29501440K), 0.1050417 secs] [Times: user=5.20 sys=0.01, real=0.10 secs] 
4503.423: [GC (Allocation Failure) [PSYoungGen: 26139736K->698283K(26355712K)] 27000179K->1559229K(29501440K), 0.1042787 secs] [Times: user=5.28 sys=0.01, real=0.10 secs] 
4508.319: [GC (Allocation Failure) [PSYoungGen: 26146731K->703433K(26355712K)] 27007677K->1564915K(29501440K), 0.0991762 secs] [Times: user=5.22 sys=0.01, real=0.10 secs] 
4513.172: [GC (Allocation Failure) [PSYoungGen: 26151881K->686671K(26355712K)] 27013363K->1548682K(29501440K), 0.1015855 secs] [Times: user=5.22 sys=0.01, real=0.11 secs] 
4517.996: [GC (Allocation Failure) [PSYoungGen: 26135119K->743511K(26355712K)] 26997130K->1606098K(29501440K), 0.1167781 secs] [Times: user=5.29 sys=0.01, real=0.12 secs] 
4522.668: [GC (Allocation Failure) [PSYoungGen: 26191959K->688559K(26355712K)] 27054546K->1551665K(29501440K), 0.0992684 secs] [Times: user=4.99 sys=0.00, real=0.10 secs] 
4527.486: [GC (Allocation Failure) [PSYoungGen: 26137007K->663675K(26355712K)] 27000113K->1527302K(29501440K), 0.0991387 secs] [Times: user=5.00 sys=0.01, real=0.10 secs] 
4532.413: [GC (Allocation Failure) [PSYoungGen: 26112123K->657984K(26355712K)] 26975750K->1522202K(29501440K), 0.0968559 secs] [Times: user=4.70 sys=0.01, real=0.09 secs] 
4537.285: [GC (Allocation Failure) [PSYoungGen: 26106432K->672080K(26355712K)] 26970650K->1536803K(29501440K), 0.0989496 secs] [Times: user=5.09 sys=0.01, real=0.10 secs] 
4542.082: [GC (Allocation Failure) [PSYoungGen: 26120528K->719623K(26355712K)] 26985251K->1584898K(29501440K), 0.1044650 secs] [Times: user=5.33 sys=0.00, real=0.11 secs] 
4546.803: [GC (Allocation Failure) [PSYoungGen: 26168071K->707755K(26355712K)] 27033346K->1573550K(29501440K), 0.1053220 secs] [Times: user=5.32 sys=0.00, real=0.10 secs] 
4551.612: [GC (Allocation Failure) [PSYoungGen: 26156203K->689782K(26355712K)] 27021998K->1556088K(29501440K), 0.1048107 secs] [Times: user=5.25 sys=0.00, real=0.11 secs] 
4556.472: [GC (Allocation Failure) [PSYoungGen: 26138230K->740235K(26355712K)] 27004536K->1607046K(29501440K), 0.1106172 secs] [Times: user=5.35 sys=0.00, real=0.11 secs] 
4561.242: [GC (Allocation Failure) [PSYoungGen: 26188683K->690539K(26355712K)] 27055494K->1557870K(29501440K), 0.1018378 secs] [Times: user=5.27 sys=0.00, real=0.11 secs] 
4565.847: [GC (Allocation Failure) [PSYoungGen: 26138987K->720893K(26355712K)] 27006318K->1588760K(29501440K), 0.1028020 secs] [Times: user=5.25 sys=0.01, real=0.10 secs] 
4570.603: [GC (Allocation Failure) [PSYoungGen: 26169341K->666944K(26355712K)] 27037208K->1535355K(29501440K), 0.0962879 secs] [Times: user=5.09 sys=0.00, real=0.09 secs] 
4575.263: [GC (Allocation Failure) [PSYoungGen: 26115392K->659578K(26355712K)] 26983803K->1528500K(29501440K), 0.1015603 secs] [Times: user=4.93 sys=0.01, real=0.10 secs] 
4579.965: [GC (Allocation Failure) [PSYoungGen: 26108026K->704506K(26355712K)] 26976948K->1573949K(29501440K), 0.1028528 secs] [Times: user=5.38 sys=0.00, real=0.10 secs] 
4584.801: [GC (Allocation Failure) [PSYoungGen: 26152954K->696466K(26355712K)] 27022397K->1566445K(29501440K), 0.1056305 secs] [Times: user=5.24 sys=0.00, real=0.11 secs] 
4589.432: [GC (Allocation Failure) [PSYoungGen: 26144914K->663819K(26355712K)] 27014893K->1534302K(29501440K), 0.0948045 secs] [Times: user=4.93 sys=0.00, real=0.10 secs] 
4594.180: [GC (Allocation Failure) [PSYoungGen: 26112267K->664946K(26355712K)] 26982750K->1535965K(29501440K), 0.1026794 secs] [Times: user=5.10 sys=0.00, real=0.11 secs] 
4599.030: [GC (Allocation Failure) [PSYoungGen: 26113394K->733722K(26355712K)] 26984413K->1605237K(29501440K), 0.1044167 secs] [Times: user=5.37 sys=0.00, real=0.11 secs] 
4603.677: [GC (Allocation Failure) [PSYoungGen: 26182170K->671957K(26355712K)] 27053685K->1543992K(29501440K), 0.1029840 secs] [Times: user=5.16 sys=0.01, real=0.10 secs] 
4608.535: [GC (Allocation Failure) [PSYoungGen: 26120405K->676927K(26355712K)] 26992440K->1549522K(29501440K), 0.0994070 secs] [Times: user=5.05 sys=0.00, real=0.10 secs] 
4613.494: [GC (Allocation Failure) [PSYoungGen: 26125375K->671851K(26355712K)] 26997970K->1544949K(29501440K), 0.1021442 secs] [Times: user=5.18 sys=0.00, real=0.10 secs] 
4618.372: [GC (Allocation Failure) [PSYoungGen: 26120299K->786926K(26355712K)] 26993397K->1660585K(29501440K), 0.1103071 secs] [Times: user=5.71 sys=0.01, real=0.12 secs] 
4622.825: [GC (Allocation Failure) [PSYoungGen: 26235374K->675451K(26355712K)] 27109033K->1549630K(29501440K), 0.1016810 secs] [Times: user=5.19 sys=0.01, real=0.10 secs] 
4627.560: [GC (Allocation Failure) [PSYoungGen: 26123899K->690527K(26355712K)] 26998078K->1565234K(29501440K), 0.1018817 secs] [Times: user=5.43 sys=0.00, real=0.10 secs] 
4632.789: [GC (Allocation Failure) [PSYoungGen: 26138975K->658539K(26355712K)] 27013682K->1533782K(29501440K), 0.1019018 secs] [Times: user=5.00 sys=0.01, real=0.10 secs] 
4637.181: [GC (Allocation Failure) [PSYoungGen: 26106987K->694852K(26355712K)] 26982230K->1570630K(29501440K), 0.1015703 secs] [Times: user=5.04 sys=0.00, real=0.11 secs] 
4641.795: [GC (Allocation Failure) [PSYoungGen: 26143300K->670491K(26355712K)] 27019078K->1546814K(29501440K), 0.0949395 secs] [Times: user=4.98 sys=0.01, real=0.09 secs] 
4646.639: [GC (Allocation Failure) [PSYoungGen: 26118939K->734318K(26355712K)] 26995262K->1611169K(29501440K), 0.1030924 secs] [Times: user=5.29 sys=0.01, real=0.11 secs] 
4651.348: [GC (Allocation Failure) [PSYoungGen: 26182766K->680489K(26355712K)] 27059617K->1557867K(29501440K), 0.1028522 secs] [Times: user=5.10 sys=0.00, real=0.10 secs] 
4656.050: [GC (Allocation Failure) [PSYoungGen: 26128937K->698533K(26355712K)] 27006315K->1576440K(29501440K), 0.1033043 secs] [Times: user=5.28 sys=0.01, real=0.11 secs] 
4660.636: [GC (Allocation Failure) [PSYoungGen: 26146981K->697199K(26355712K)] 27024888K->1575690K(29501440K), 0.1052642 secs] [Times: user=5.18 sys=0.01, real=0.10 secs] 
4665.296: [GC (Allocation Failure) [PSYoungGen: 26145647K->632575K(26355712K)] 27024138K->1511578K(29501440K), 0.0960603 secs] [Times: user=4.71 sys=0.01, real=0.10 secs] 
4670.127: [GC (Allocation Failure) [PSYoungGen: 26081023K->797911K(26355712K)] 26960026K->1677370K(29501440K), 0.1110186 secs] [Times: user=5.44 sys=0.01, real=0.11 secs] 
4674.558: [GC (Allocation Failure) [PSYoungGen: 26246359K->690273K(26355712K)] 27125818K->1570275K(29501440K), 0.1009937 secs] [Times: user=5.23 sys=0.00, real=0.10 secs] 
4679.256: [GC (Allocation Failure) [PSYoungGen: 26138721K->674362K(26355712K)] 27018723K->1554949K(29501440K), 0.0996745 secs] [Times: user=5.02 sys=0.01, real=0.10 secs] 
4683.890: [GC (Allocation Failure) [PSYoungGen: 26122810K->696453K(26355712K)] 27003397K->1577560K(29501440K), 0.1021049 secs] [Times: user=5.07 sys=0.01, real=0.10 secs] 
4688.516: [GC (Allocation Failure) [PSYoungGen: 26144901K->709926K(26355712K)] 27026008K->1591552K(29501440K), 0.1031593 secs] [Times: user=5.33 sys=0.01, real=0.10 secs] 
4693.156: [GC (Allocation Failure) [PSYoungGen: 26158374K->710853K(26355712K)] 27040000K->1593007K(29501440K), 0.1052441 secs] [Times: user=5.33 sys=0.01, real=0.10 secs] 
4697.804: [GC (Allocation Failure) [PSYoungGen: 26159301K->697340K(26355712K)] 27041455K->1579982K(29501440K), 0.1069409 secs] [Times: user=5.20 sys=0.01, real=0.10 secs] 
4702.424: [GC (Allocation Failure) [PSYoungGen: 26145788K->708500K(26355712K)] 27028430K->1591695K(29501440K), 0.1034324 secs] [Times: user=5.33 sys=0.00, real=0.10 secs] 
4707.108: [GC (Allocation Failure) [PSYoungGen: 26156948K->725407K(26355712K)] 27040143K->1609122K(29501440K), 0.1044956 secs] [Times: user=5.14 sys=0.01, real=0.10 secs] 
4712.063: [GC (Allocation Failure) [PSYoungGen: 26173855K->768726K(26355712K)] 27057570K->1652984K(29501440K), 0.1057593 secs] [Times: user=5.46 sys=0.00, real=0.10 secs] 
4716.568: [GC (Allocation Failure) [PSYoungGen: 26217174K->692888K(26355712K)] 27101432K->1577675K(29501440K), 0.1016032 secs] [Times: user=5.27 sys=0.00, real=0.10 secs] 
4721.131: [GC (Allocation Failure) [PSYoungGen: 26141336K->697987K(26355712K)] 27026123K->1583293K(29501440K), 0.1044198 secs] [Times: user=5.23 sys=0.00, real=0.11 secs] 
4725.816: [GC (Allocation Failure) [PSYoungGen: 26146435K->767625K(26355712K)] 27031741K->1653483K(29501440K), 0.1109629 secs] [Times: user=5.57 sys=0.00, real=0.11 secs] 
4730.295: [GC (Allocation Failure) [PSYoungGen: 26216073K->694197K(26355712K)] 27101931K->1580592K(29501440K), 0.0989854 secs] [Times: user=5.05 sys=0.00, real=0.10 secs] 
4734.832: [GC (Allocation Failure) [PSYoungGen: 26142645K->685945K(26355712K)] 27029040K->1572868K(29501440K), 0.0995884 secs] [Times: user=5.11 sys=0.00, real=0.10 secs] 
4739.466: [GC (Allocation Failure) [PSYoungGen: 26134393K->707428K(26355712K)] 27021316K->1594878K(29501440K), 0.0992569 secs] [Times: user=5.21 sys=0.01, real=0.10 secs] 
4743.994: [GC (Allocation Failure) [PSYoungGen: 26155876K->727424K(26355712K)] 27043326K->1615435K(29501440K), 0.1027987 secs] [Times: user=5.34 sys=0.01, real=0.10 secs] 
4748.446: [GC (Allocation Failure) [PSYoungGen: 26175872K->690271K(26355712K)] 27063883K->1578818K(29501440K), 0.1014660 secs] [Times: user=5.09 sys=0.01, real=0.10 secs] 
4752.996: [GC (Allocation Failure) [PSYoungGen: 26138719K->719034K(26355712K)] 27027266K->1608092K(29501440K), 0.1040456 secs] [Times: user=5.44 sys=0.00, real=0.10 secs] 
4757.380: [GC (Allocation Failure) [PSYoungGen: 26167482K->711581K(26355712K)] 27056540K->1601255K(29501440K), 0.1037879 secs] [Times: user=5.31 sys=0.00, real=0.11 secs] 
4762.051: [GC (Allocation Failure) [PSYoungGen: 26160029K->757826K(26355712K)] 27049703K->1648013K(29501440K), 0.1085206 secs] [Times: user=5.65 sys=0.00, real=0.11 secs] 
4766.593: [GC (Allocation Failure) [PSYoungGen: 26206274K->683365K(26355712K)] 27096461K->1574136K(29501440K), 0.1008858 secs] [Times: user=4.87 sys=0.00, real=0.10 secs] 
4771.069: [GC (Allocation Failure) [PSYoungGen: 26131813K->730531K(26355712K)] 27022584K->1621829K(29501440K), 0.1046252 secs] [Times: user=5.43 sys=0.01, real=0.11 secs] 
4775.576: [GC (Allocation Failure) [PSYoungGen: 26178979K->697439K(26355712K)] 27070277K->1589226K(29501440K), 0.1041220 secs] [Times: user=5.33 sys=0.01, real=0.10 secs] 
4780.280: [GC (Allocation Failure) [PSYoungGen: 26145887K->647006K(26355712K)] 27037674K->1539353K(29501440K), 0.0979927 secs] [Times: user=4.73 sys=0.00, real=0.10 secs] 
4784.856: [GC (Allocation Failure) [PSYoungGen: 26095454K->747057K(26355712K)] 26987801K->1639931K(29501440K), 0.1067010 secs] [Times: user=5.41 sys=0.01, real=0.11 secs] 
4789.367: [GC (Allocation Failure) [PSYoungGen: 26195505K->686027K(26355712K)] 27088379K->1579405K(29501440K), 0.1033741 secs] [Times: user=5.22 sys=0.00, real=0.10 secs] 
4794.045: [GC (Allocation Failure) [PSYoungGen: 26134475K->703732K(26355712K)] 27027853K->1597639K(29501440K), 0.1028215 secs] [Times: user=5.41 sys=0.01, real=0.10 secs] 
4798.444: [GC (Allocation Failure) [PSYoungGen: 26152180K->681498K(26355712K)] 27046087K->1575941K(29501440K), 0.0988538 secs] [Times: user=5.14 sys=0.00, real=0.10 secs] 
4802.933: [GC (Allocation Failure) [PSYoungGen: 26129946K->699366K(26355712K)] 27024389K->1594313K(29501440K), 0.1048134 secs] [Times: user=5.12 sys=0.00, real=0.10 secs] 
4807.561: [GC (Allocation Failure) [PSYoungGen: 26147814K->710473K(26355712K)] 27042761K->1605947K(29501440K), 0.1027088 secs] [Times: user=5.23 sys=0.01, real=0.11 secs] 
4812.027: [GC (Allocation Failure) [PSYoungGen: 26158921K->693926K(26355712K)] 27054395K->1589928K(29501440K), 0.1010651 secs] [Times: user=5.31 sys=0.01, real=0.10 secs] 
4816.604: [GC (Allocation Failure) [PSYoungGen: 26142374K->681216K(26355712K)] 27038376K->1577738K(29501440K), 0.1030883 secs] [Times: user=4.99 sys=0.00, real=0.10 secs] 
4821.150: [GC (Allocation Failure) [PSYoungGen: 26129664K->720547K(26355712K)] 27026186K->1617542K(29501440K), 0.1042095 secs] [Times: user=5.25 sys=0.01, real=0.11 secs] 
4825.678: [GC (Allocation Failure) [PSYoungGen: 26168995K->713043K(26355712K)] 27065990K->1610614K(29501440K), 0.1063334 secs] [Times: user=5.14 sys=0.00, real=0.11 secs] 
4830.138: [GC (Allocation Failure) [PSYoungGen: 26161491K->740538K(26355712K)] 27059062K->1638620K(29501440K), 0.1043618 secs] [Times: user=5.46 sys=0.00, real=0.10 secs] 
4834.622: [GC (Allocation Failure) [PSYoungGen: 26188986K->678592K(26355712K)] 27087068K->1577203K(29501440K), 0.1049830 secs] [Times: user=5.23 sys=0.00, real=0.11 secs] 
4839.150: [GC (Allocation Failure) [PSYoungGen: 26127040K->698864K(26355712K)] 27025651K->1598003K(29501440K), 0.0996353 secs] [Times: user=5.21 sys=0.00, real=0.10 secs] 
4843.672: [GC (Allocation Failure) [PSYoungGen: 26147312K->703576K(26355712K)] 27046451K->1603243K(29501440K), 0.0994458 secs] [Times: user=5.18 sys=0.00, real=0.10 secs] 
4848.267: [GC (Allocation Failure) [PSYoungGen: 26152024K->670363K(26355712K)] 27051691K->1570582K(29501440K), 0.0970154 secs] [Times: user=4.94 sys=0.00, real=0.10 secs] 
4852.803: [GC (Allocation Failure) [PSYoungGen: 26118811K->708405K(26355712K)] 27019030K->1609144K(29501440K), 0.1034490 secs] [Times: user=5.30 sys=0.01, real=0.10 secs] 
4857.281: [GC (Allocation Failure) [PSYoungGen: 26156853K->669344K(26355712K)] 27057592K->1570610K(29501440K), 0.0983372 secs] [Times: user=5.08 sys=0.01, real=0.10 secs] 
4861.667: [GC (Allocation Failure) [PSYoungGen: 26117792K->694336K(26355712K)] 27019058K->1596115K(29501440K), 0.1027581 secs] [Times: user=5.00 sys=0.01, real=0.10 secs] 
4866.099: [GC (Allocation Failure) [PSYoungGen: 26142784K->728616K(26355712K)] 27044563K->1630930K(29501440K), 0.1031095 secs] [Times: user=5.21 sys=0.01, real=0.11 secs] 
4870.625: [GC (Allocation Failure) [PSYoungGen: 26177064K->695360K(26355712K)] 27079378K->1598195K(29501440K), 0.1011274 secs] [Times: user=5.26 sys=0.01, real=0.10 secs] 
4874.925: [GC (Allocation Failure) [PSYoungGen: 26143808K->706529K(26355712K)] 27046643K->1609907K(29501440K), 0.1065464 secs] [Times: user=5.22 sys=0.01, real=0.10 secs] 
4879.352: [GC (Allocation Failure) [PSYoungGen: 26154977K->708967K(26355712K)] 27058355K->1612858K(29501440K), 0.1029744 secs] [Times: user=5.22 sys=0.00, real=0.11 secs] 
4883.922: [GC (Allocation Failure) [PSYoungGen: 26157415K->748352K(26355712K)] 27061306K->1652827K(29501440K), 0.1055566 secs] [Times: user=5.36 sys=0.00, real=0.11 secs] 
4888.333: [GC (Allocation Failure) [PSYoungGen: 26196800K->701434K(26355712K)] 27101275K->1606420K(29501440K), 0.1008784 secs] [Times: user=5.26 sys=0.01, real=0.10 secs] 
4892.826: [GC (Allocation Failure) [PSYoungGen: 26149882K->708688K(26355712K)] 27054868K->1614210K(29501440K), 0.1018075 secs] [Times: user=5.22 sys=0.01, real=0.10 secs] 
4897.062: [GC (Allocation Failure) [PSYoungGen: 26157136K->761346K(26355712K)] 27062658K->1667421K(29501440K), 0.1027254 secs] [Times: user=5.41 sys=0.00, real=0.11 secs] 
4901.468: [GC (Allocation Failure) [PSYoungGen: 26209794K->688613K(26355712K)] 27115869K->1595215K(29501440K), 0.0970000 secs] [Times: user=5.12 sys=0.00, real=0.10 secs] 
4905.909: [GC (Allocation Failure) [PSYoungGen: 26137061K->751172K(26355712K)] 27043663K->1658343K(29501440K), 0.1152106 secs] [Times: user=5.70 sys=0.01, real=0.12 secs] 
4910.323: [GC (Allocation Failure) [PSYoungGen: 26199620K->717118K(26355712K)] 27106791K->1624849K(29501440K), 0.1053295 secs] [Times: user=5.37 sys=0.01, real=0.10 secs] 
4914.652: [GC (Allocation Failure) [PSYoungGen: 26165566K->713707K(26355712K)] 27073297K->1621974K(29501440K), 0.1022452 secs] [Times: user=5.28 sys=0.01, real=0.11 secs] 
4919.064: [GC (Allocation Failure) [PSYoungGen: 26162155K->719396K(26355712K)] 27070422K->1628174K(29501440K), 0.1025624 secs] [Times: user=5.24 sys=0.01, real=0.10 secs] 
4923.489: [GC (Allocation Failure) [PSYoungGen: 26167844K->697822K(26355712K)] 27076622K->1607168K(29501440K), 0.1002568 secs] [Times: user=5.30 sys=0.01, real=0.10 secs] 
4927.952: [GC (Allocation Failure) [PSYoungGen: 26146270K->731952K(26355712K)] 27055616K->1641827K(29501440K), 0.1078197 secs] [Times: user=5.45 sys=0.00, real=0.11 secs] 
4932.275: [GC (Allocation Failure) [PSYoungGen: 26180400K->683506K(26355712K)] 27090275K->1593876K(29501440K), 0.0989456 secs] [Times: user=5.03 sys=0.00, real=0.10 secs] 
4936.541: [GC (Allocation Failure) [PSYoungGen: 26131954K->693512K(26355712K)] 27042324K->1604434K(29501440K), 0.1012712 secs] [Times: user=5.23 sys=0.01, real=0.10 secs] 
4940.880: [GC (Allocation Failure) [PSYoungGen: 26141960K->710893K(26355712K)] 27052882K->1622328K(29501440K), 0.1059693 secs] [Times: user=5.36 sys=0.00, real=0.11 secs] 
4945.361: [GC (Allocation Failure) [PSYoungGen: 26159341K->716519K(26355712K)] 27070776K->1628505K(29501440K), 0.1035158 secs] [Times: user=5.32 sys=0.00, real=0.11 secs] 
4949.703: [GC (Allocation Failure) [PSYoungGen: 26164967K->711158K(26355712K)] 27076953K->1623657K(29501440K), 0.1017489 secs] [Times: user=5.33 sys=0.00, real=0.10 secs] 
4953.952: [GC (Allocation Failure) [PSYoungGen: 26159606K->759474K(26355712K)] 27072105K->1672500K(29501440K), 0.1069182 secs] [Times: user=5.56 sys=0.00, real=0.11 secs] 
4958.462: [GC (Allocation Failure) [PSYoungGen: 26207922K->682446K(26355712K)] 27120948K->1595977K(29501440K), 0.0991214 secs] [Times: user=5.00 sys=0.00, real=0.10 secs] 
4962.910: [GC (Allocation Failure) [PSYoungGen: 26130894K->693023K(26355712K)] 27044425K->1607058K(29501440K), 0.1049373 secs] [Times: user=5.27 sys=0.01, real=0.11 secs] 
4967.287: [GC (Allocation Failure) [PSYoungGen: 26141471K->688315K(26355712K)] 27055506K->1602870K(29501440K), 0.1022579 secs] [Times: user=5.05 sys=0.01, real=0.10 secs] 
4971.630: [GC (Allocation Failure) [PSYoungGen: 26136763K->701788K(26355712K)] 27051318K->1616871K(29501440K), 0.1018837 secs] [Times: user=5.29 sys=0.01, real=0.11 secs] 
4975.913: [GC (Allocation Failure) [PSYoungGen: 26150236K->788484K(26355712K)] 27065319K->1704102K(29501440K), 0.1109123 secs] [Times: user=5.76 sys=0.01, real=0.11 secs] 
4980.260: [GC (Allocation Failure) [PSYoungGen: 26236932K->715179K(26355712K)] 27152550K->1631325K(29501440K), 0.1057902 secs] [Times: user=5.40 sys=0.01, real=0.11 secs] 
4984.680: [GC (Allocation Failure) [PSYoungGen: 26163627K->679573K(26355712K)] 27079773K->1596215K(29501440K), 0.1035537 secs] [Times: user=5.15 sys=0.01, real=0.11 secs] 
4989.118: [GC (Allocation Failure) [PSYoungGen: 26128021K->722704K(26355712K)] 27044663K->1639915K(29501440K), 0.1065624 secs] [Times: user=5.23 sys=0.01, real=0.11 secs] 
4993.360: [GC (Allocation Failure) [PSYoungGen: 26171152K->710393K(26355712K)] 27088363K->1628124K(29501440K), 0.1029902 secs] [Times: user=5.34 sys=0.01, real=0.11 secs] 
4997.643: [GC (Allocation Failure) [PSYoungGen: 26158841K->687676K(26355712K)] 27076572K->1605927K(29501440K), 0.0997690 secs] [Times: user=5.06 sys=0.00, real=0.10 secs] 
5001.907: [GC (Allocation Failure) [PSYoungGen: 26136124K->720997K(26355712K)] 27054375K->1639831K(29501440K), 0.1092407 secs] [Times: user=5.32 sys=0.00, real=0.11 secs] 
5006.215: [GC (Allocation Failure) [PSYoungGen: 26169445K->686478K(26355712K)] 27088279K->1605872K(29501440K), 0.1014604 secs] [Times: user=5.05 sys=0.00, real=0.10 secs] 
5010.559: [GC (Allocation Failure) [PSYoungGen: 26134926K->722623K(26355712K)] 27054320K->1642521K(29501440K), 0.1142275 secs] [Times: user=5.27 sys=0.00, real=0.12 secs] 
5014.755: [GC (Allocation Failure) [PSYoungGen: 26171071K->740249K(26355712K)] 27090969K->1660660K(29501440K), 0.1031009 secs] [Times: user=5.17 sys=0.00, real=0.10 secs] 
5019.092: [GC (Allocation Failure) [PSYoungGen: 26188697K->772842K(26355712K)] 27109108K->1694077K(29501440K), 0.1094961 secs] [Times: user=5.65 sys=0.00, real=0.11 secs] 
5023.230: [GC (Allocation Failure) [PSYoungGen: 26221290K->650187K(26355712K)] 27142525K->1571958K(29501440K), 0.0995934 secs] [Times: user=4.80 sys=0.01, real=0.10 secs] 
5027.512: [GC (Allocation Failure) [PSYoungGen: 26098635K->723668K(26355712K)] 27020406K->1645919K(29501440K), 0.1143838 secs] [Times: user=5.29 sys=0.00, real=0.12 secs] 
5031.670: [GC (Allocation Failure) [PSYoungGen: 26172116K->683403K(26355712K)] 27094367K->1606181K(29501440K), 0.1023056 secs] [Times: user=5.06 sys=0.01, real=0.11 secs] 
5035.853: [GC (Allocation Failure) [PSYoungGen: 26131851K->689736K(26355712K)] 27054629K->1613026K(29501440K), 0.1007967 secs] [Times: user=5.10 sys=0.01, real=0.10 secs] 
5040.132: [GC (Allocation Failure) [PSYoungGen: 26138184K->782581K(26355712K)] 27061474K->1706400K(29501440K), 0.1058386 secs] [Times: user=5.53 sys=0.00, real=0.11 secs] 
5044.302: [GC (Allocation Failure) [PSYoungGen: 26231029K->702246K(26355712K)] 27154848K->1626609K(29501440K), 0.1034049 secs] [Times: user=5.13 sys=0.01, real=0.11 secs] 
5048.869: [GC (Allocation Failure) [PSYoungGen: 26150694K->723334K(26355712K)] 27075057K->1648208K(29501440K), 0.1063879 secs] [Times: user=5.54 sys=0.01, real=0.11 secs] 
5052.825: [GC (Allocation Failure) [PSYoungGen: 26171782K->719612K(26355712K)] 27096656K->1644998K(29501440K), 0.1007067 secs] [Times: user=5.32 sys=0.01, real=0.10 secs] 
5057.061: [GC (Allocation Failure) [PSYoungGen: 26168060K->728117K(26355712K)] 27093446K->1654000K(29501440K), 0.1084032 secs] [Times: user=5.47 sys=0.00, real=0.11 secs] 
5061.285: [GC (Allocation Failure) [PSYoungGen: 26176565K->708052K(26355712K)] 27102448K->1634526K(29501440K), 0.1068124 secs] [Times: user=5.21 sys=0.01, real=0.10 secs] 
5065.473: [GC (Allocation Failure) [PSYoungGen: 26156500K->721890K(26355712K)] 27082974K->1648892K(29501440K), 0.1068182 secs] [Times: user=5.41 sys=0.01, real=0.10 secs] 
5069.581: [GC (Allocation Failure) [PSYoungGen: 26170338K->721489K(26355712K)] 27097340K->1649019K(29501440K), 0.1025709 secs] [Times: user=5.39 sys=0.00, real=0.11 secs] 
5073.717: [GC (Allocation Failure) [PSYoungGen: 26169937K->732921K(26355712K)] 27097467K->1660987K(29501440K), 0.1056672 secs] [Times: user=5.41 sys=0.01, real=0.11 secs] 
5077.992: [GC (Allocation Failure) [PSYoungGen: 26181369K->734019K(26355712K)] 27109435K->1662606K(29501440K), 0.1097065 secs] [Times: user=5.48 sys=0.01, real=0.11 secs] 
5082.226: [GC (Allocation Failure) [PSYoungGen: 26182467K->695154K(26355712K)] 27111054K->1624245K(29501440K), 0.1008533 secs] [Times: user=5.26 sys=0.01, real=0.10 secs] 
5086.472: [GC (Allocation Failure) [PSYoungGen: 26143602K->703731K(26355712K)] 27072693K->1633406K(29501440K), 0.1024216 secs] [Times: user=5.12 sys=0.01, real=0.11 secs] 
5090.760: [GC (Allocation Failure) [PSYoungGen: 26152179K->709016K(26355712K)] 27081854K->1639203K(29501440K), 0.1006343 secs] [Times: user=5.26 sys=0.01, real=0.10 secs] 
5095.060: [GC (Allocation Failure) [PSYoungGen: 26157464K->750650K(26355712K)] 27087651K->1681349K(29501440K), 0.1051973 secs] [Times: user=5.26 sys=0.01, real=0.11 secs] 
5099.229: [GC (Allocation Failure) [PSYoungGen: 26199098K->695441K(26355712K)] 27129797K->1626643K(29501440K), 0.1061856 secs] [Times: user=5.02 sys=0.00, real=0.11 secs] 
5103.403: [GC (Allocation Failure) [PSYoungGen: 26143889K->692207K(26355712K)] 27075091K->1623929K(29501440K), 0.1031109 secs] [Times: user=5.32 sys=0.01, real=0.10 secs] 
5107.585: [GC (Allocation Failure) [PSYoungGen: 26140655K->747543K(26355712K)] 27072377K->1679841K(29501440K), 0.1067539 secs] [Times: user=5.55 sys=0.00, real=0.10 secs] 
5111.770: [GC (Allocation Failure) [PSYoungGen: 26195991K->700815K(26355712K)] 27128289K->1633642K(29501440K), 0.1013527 secs] [Times: user=5.15 sys=0.00, real=0.10 secs] 
5116.011: [GC (Allocation Failure) [PSYoungGen: 26149263K->724351K(26355712K)] 27082090K->1657690K(29501440K), 0.1041911 secs] [Times: user=5.35 sys=0.01, real=0.11 secs] 
5120.212: [GC (Allocation Failure) [PSYoungGen: 26172799K->722836K(26355712K)] 27106138K->1656686K(29501440K), 0.1061083 secs] [Times: user=5.37 sys=0.01, real=0.11 secs] 
5124.360: [GC (Allocation Failure) [PSYoungGen: 26171284K->685795K(26355712K)] 27105134K->1620174K(29501440K), 0.0990696 secs] [Times: user=5.19 sys=0.01, real=0.10 secs] 
5128.681: [GC (Allocation Failure) [PSYoungGen: 26134243K->773064K(26355712K)] 27068622K->1707971K(29501440K), 0.1196736 secs] [Times: user=5.57 sys=0.01, real=0.12 secs] 
5132.911: [GC (Allocation Failure) [PSYoungGen: 26221512K->764640K(26355712K)] 27156419K->1700067K(29501440K), 0.1051226 secs] [Times: user=5.60 sys=0.01, real=0.11 secs] 
5136.908: [GC (Allocation Failure) [PSYoungGen: 26213088K->732921K(26355712K)] 27148515K->1668900K(29501440K), 0.1034365 secs] [Times: user=5.38 sys=0.00, real=0.10 secs] 
5141.091: [GC (Allocation Failure) [PSYoungGen: 26181369K->721804K(26355712K)] 27117348K->1658343K(29501440K), 0.1079766 secs] [Times: user=5.32 sys=0.01, real=0.11 secs] 
5145.245: [GC (Allocation Failure) [PSYoungGen: 26170252K->729002K(26355712K)] 27106791K->1666069K(29501440K), 0.1054232 secs] [Times: user=5.28 sys=0.02, real=0.10 secs] 
5149.258: [GC (Allocation Failure) [PSYoungGen: 26177450K->690994K(26355712K)] 27114517K->1628573K(29501440K), 0.1047247 secs] [Times: user=5.16 sys=0.01, real=0.11 secs] 
5153.346: [GC (Allocation Failure) [PSYoungGen: 26139442K->742445K(26355712K)] 27077021K->1680560K(29501440K), 0.1092623 secs] [Times: user=5.46 sys=0.01, real=0.11 secs] 
5157.530: [GC (Allocation Failure) [PSYoungGen: 26190893K->709839K(26355712K)] 27129008K->1648457K(29501440K), 0.1010117 secs] [Times: user=5.14 sys=0.00, real=0.10 secs] 
5161.610: [GC (Allocation Failure) [PSYoungGen: 26158287K->713905K(26355712K)] 27096905K->1653052K(29501440K), 0.1008035 secs] [Times: user=5.04 sys=0.00, real=0.10 secs] 
5165.764: [GC (Allocation Failure) [PSYoungGen: 26162353K->751579K(26355712K)] 27101500K->1691277K(29501440K), 0.1023376 secs] [Times: user=5.43 sys=0.00, real=0.10 secs] 
5169.914: [GC (Allocation Failure) [PSYoungGen: 26200027K->722326K(26355712K)] 27139725K->1662585K(29501440K), 0.1017299 secs] [Times: user=5.22 sys=0.01, real=0.10 secs] 
5174.076: [GC (Allocation Failure) [PSYoungGen: 26170774K->778723K(26355712K)] 27111033K->1719510K(29501440K), 0.1106846 secs] [Times: user=5.63 sys=0.01, real=0.11 secs] 
5178.162: [GC (Allocation Failure) [PSYoungGen: 26227171K->749011K(26355712K)] 27167958K->1690310K(29501440K), 0.1054827 secs] [Times: user=5.45 sys=0.00, real=0.11 secs] 
5182.479: [GC (Allocation Failure) [PSYoungGen: 26197459K->730172K(26355712K)] 27138758K->1672039K(29501440K), 0.1035672 secs] [Times: user=5.33 sys=0.00, real=0.11 secs] 
5186.611: [GC (Allocation Failure) [PSYoungGen: 26178620K->706835K(26355712K)] 27120487K->1649245K(29501440K), 0.1015091 secs] [Times: user=5.29 sys=0.00, real=0.11 secs] 
5190.728: [GC (Allocation Failure) [PSYoungGen: 26155283K->735324K(26355712K)] 27097693K->1678255K(29501440K), 0.1059465 secs] [Times: user=5.30 sys=0.00, real=0.11 secs] 
5194.889: [GC (Allocation Failure) [PSYoungGen: 26183772K->764953K(26355712K)] 27126703K->1708444K(29501440K), 0.1082903 secs] [Times: user=5.53 sys=0.01, real=0.11 secs] 
5199.204: [GC (Allocation Failure) [PSYoungGen: 26213401K->735824K(26355712K)] 27156892K->1679826K(29501440K), 0.1043910 secs] [Times: user=5.43 sys=0.00, real=0.10 secs] 
5203.150: [GC (Allocation Failure) [PSYoungGen: 26184272K->742756K(26355712K)] 27128274K->1687294K(29501440K), 0.1073553 secs] [Times: user=5.40 sys=0.01, real=0.11 secs] 
5207.277: [GC (Allocation Failure) [PSYoungGen: 26191204K->662871K(26355712K)] 27135742K->1607938K(29501440K), 0.0989404 secs] [Times: user=4.97 sys=0.01, real=0.10 secs] 
5211.350: [GC (Allocation Failure) [PSYoungGen: 26111319K->699466K(26355712K)] 27056386K->1645052K(29501440K), 0.1011687 secs] [Times: user=5.33 sys=0.01, real=0.10 secs] 
5215.442: [GC (Allocation Failure) [PSYoungGen: 26147914K->681974K(26355712K)] 27093500K->1628065K(29501440K), 0.1047459 secs] [Times: user=5.14 sys=0.01, real=0.11 secs] 
5219.531: [GC (Allocation Failure) [PSYoungGen: 26130422K->700570K(26355712K)] 27076513K->1647429K(29501440K), 0.1044434 secs] [Times: user=5.26 sys=0.01, real=0.11 secs] 
5223.732: [GC (Allocation Failure) [PSYoungGen: 26149018K->712718K(26355712K)] 27095877K->1660113K(29501440K), 0.1035366 secs] [Times: user=5.16 sys=0.00, real=0.11 secs] 
5227.756: [GC (Allocation Failure) [PSYoungGen: 26161166K->791517K(26355712K)] 27108561K->1739423K(29501440K), 0.1112379 secs] [Times: user=5.85 sys=0.00, real=0.11 secs] 
5231.912: [GC (Allocation Failure) [PSYoungGen: 26239965K->718260K(26355712K)] 27187871K->1666687K(29501440K), 0.1015861 secs] [Times: user=5.31 sys=0.00, real=0.11 secs] 
5235.977: [GC (Allocation Failure) [PSYoungGen: 26166708K->725218K(26355712K)] 27115135K->1674149K(29501440K), 0.1019953 secs] [Times: user=5.31 sys=0.00, real=0.10 secs] 
5240.041: [GC (Allocation Failure) [PSYoungGen: 26173666K->732512K(26355712K)] 27122597K->1681947K(29501440K), 0.1031397 secs] [Times: user=5.29 sys=0.00, real=0.11 secs] 
5244.132: [GC (Allocation Failure) [PSYoungGen: 26180960K->728645K(26355712K)] 27130395K->1678616K(29501440K), 0.1029962 secs] [Times: user=5.28 sys=0.00, real=0.11 secs] 
5248.134: [GC (Allocation Failure) [PSYoungGen: 26177093K->737876K(26355712K)] 27127064K->1688367K(29501440K), 0.1048330 secs] [Times: user=5.47 sys=0.01, real=0.10 secs] 
5252.164: [GC (Allocation Failure) [PSYoungGen: 26186324K->778621K(26355712K)] 27136815K->1729616K(29501440K), 0.1063056 secs] [Times: user=5.39 sys=0.00, real=0.10 secs] 
5256.378: [GC (Allocation Failure) [PSYoungGen: 26227069K->692320K(26355712K)] 27178064K->1643827K(29501440K), 0.1025384 secs] [Times: user=5.11 sys=0.00, real=0.10 secs] 
5260.385: [GC (Allocation Failure) [PSYoungGen: 26140768K->685455K(26355712K)] 27092275K->1637522K(29501440K), 0.1022645 secs] [Times: user=5.09 sys=0.01, real=0.10 secs] 
5264.399: [GC (Allocation Failure) [PSYoungGen: 26133903K->705573K(26355712K)] 27085970K->1658135K(29501440K), 0.0988609 secs] [Times: user=5.25 sys=0.01, real=0.10 secs] 
5268.580: [GC (Allocation Failure) [PSYoungGen: 26154021K->733922K(26355712K)] 27106583K->1687045K(29501440K), 0.1026798 secs] [Times: user=5.42 sys=0.01, real=0.11 secs] 
5272.569: [GC (Allocation Failure) [PSYoungGen: 26182370K->796554K(26355712K)] 27135493K->1750196K(29501440K), 0.1107495 secs] [Times: user=5.78 sys=0.01, real=0.11 secs] 
5276.395: [GC (Allocation Failure) [PSYoungGen: 26245002K->727820K(26355712K)] 27198644K->1681966K(29501440K), 0.1046908 secs] [Times: user=5.32 sys=0.00, real=0.10 secs] 
5280.519: [GC (Allocation Failure) [PSYoungGen: 26176268K->801330K(26355712K)] 27130414K->1756044K(29501440K), 0.1174795 secs] [Times: user=5.88 sys=0.00, real=0.12 secs] 
5284.357: [GC (Allocation Failure) [PSYoungGen: 26249778K->680209K(26355712K)] 27204492K->1635476K(29501440K), 0.1050442 secs] [Times: user=5.03 sys=0.00, real=0.11 secs] 
5288.451: [GC (Allocation Failure) [PSYoungGen: 26128657K->694566K(26355712K)] 27083924K->1650353K(29501440K), 0.1038008 secs] [Times: user=5.36 sys=0.00, real=0.11 secs] 
5292.483: [GC (Allocation Failure) [PSYoungGen: 26143014K->724097K(26355712K)] 27098801K->1680451K(29501440K), 0.1056618 secs] [Times: user=5.14 sys=0.01, real=0.10 secs] 
5296.444: [GC (Allocation Failure) [PSYoungGen: 26172545K->713804K(26355712K)] 27128899K->1670687K(29501440K), 0.1047338 secs] [Times: user=5.26 sys=0.01, real=0.10 secs] 
5300.559: [GC (GCLocker Initiated GC) [PSYoungGen: 26162252K->721849K(26355712K)] 27119192K->1679357K(29501440K), 0.1058285 secs] [Times: user=5.36 sys=0.00, real=0.11 secs] 
5304.511: [GC (Allocation Failure) [PSYoungGen: 26170297K->801892K(26355712K)] 27127807K->1760010K(29501440K), 0.1138419 secs] [Times: user=5.81 sys=0.00, real=0.12 secs] 
5308.462: [GC (Allocation Failure) [PSYoungGen: 26250340K->738224K(26355712K)] 27208458K->1696854K(29501440K), 0.1096256 secs] [Times: user=5.29 sys=0.00, real=0.11 secs] 
5312.320: [GC (Allocation Failure) [PSYoungGen: 26186672K->701062K(26355712K)] 27145302K->1660213K(29501440K), 0.1005875 secs] [Times: user=5.07 sys=0.00, real=0.10 secs] 
5316.418: [GC (Allocation Failure) [PSYoungGen: 26149510K->708150K(26355712K)] 27108661K->1667884K(29501440K), 0.1081610 secs] [Times: user=5.20 sys=0.01, real=0.11 secs] 
5320.230: [GC (Allocation Failure) [PSYoungGen: 26156598K->709955K(26355712K)] 27116332K->1670218K(29501440K), 0.1042937 secs] [Times: user=5.38 sys=0.00, real=0.11 secs] 
5324.354: [GC (Allocation Failure) [PSYoungGen: 26158403K->724489K(26355712K)] 27118666K->1685271K(29501440K), 0.1079526 secs] [Times: user=5.55 sys=0.00, real=0.10 secs] 
5328.154: [GC (Allocation Failure) [PSYoungGen: 26172937K->717803K(26355712K)] 27133719K->1679105K(29501440K), 0.1052520 secs] [Times: user=5.40 sys=0.01, real=0.10 secs] 
5332.170: [GC (Allocation Failure) [PSYoungGen: 26166251K->691466K(26355712K)] 27127553K->1653296K(29501440K), 0.1067780 secs] [Times: user=5.12 sys=0.00, real=0.11 secs] 
5336.219: [GC (Allocation Failure) [PSYoungGen: 26139914K->699936K(26355712K)] 27101744K->1662286K(29501440K), 0.1016253 secs] [Times: user=5.34 sys=0.00, real=0.10 secs] 
5340.260: [GC (Allocation Failure) [PSYoungGen: 26148384K->717673K(26355712K)] 27110734K->1680535K(29501440K), 0.1019942 secs] [Times: user=5.27 sys=0.00, real=0.11 secs] 
5344.362: [GC (Allocation Failure) [PSYoungGen: 26166121K->775724K(26355712K)] 27128983K->1739098K(29501440K), 0.1080404 secs] [Times: user=5.55 sys=0.00, real=0.11 secs] 
5348.229: [GC (Allocation Failure) [PSYoungGen: 26224172K->726628K(26355712K)] 27187546K->1690546K(29501440K), 0.1076351 secs] [Times: user=5.40 sys=0.00, real=0.11 secs] 
5352.223: [GC (Allocation Failure) [PSYoungGen: 26175076K->726989K(26355712K)] 27138994K->1691420K(29501440K), 0.1037039 secs] [Times: user=5.51 sys=0.01, real=0.10 secs] 
5356.217: [GC (Allocation Failure) [PSYoungGen: 26175437K->759049K(26355712K)] 27139868K->1723999K(29501440K), 0.1078295 secs] [Times: user=5.51 sys=0.00, real=0.11 secs] 
5360.235: [GC (Allocation Failure) [PSYoungGen: 26207497K->707563K(26355712K)] 27172447K->1673105K(29501440K), 0.1064957 secs] [Times: user=5.51 sys=0.00, real=0.10 secs] 
5364.235: [GC (Allocation Failure) [PSYoungGen: 26156011K->720993K(26355712K)] 27121553K->1687063K(29501440K), 0.1048355 secs] [Times: user=5.26 sys=0.01, real=0.10 secs] 
5368.167: [GC (Allocation Failure) [PSYoungGen: 26169441K->759419K(26355712K)] 27135511K->1726025K(29501440K), 0.1143862 secs] [Times: user=5.34 sys=0.01, real=0.11 secs] 
5372.110: [GC (Allocation Failure) [PSYoungGen: 26207867K->760902K(26355712K)] 27174473K->1728020K(29501440K), 0.1103596 secs] [Times: user=5.45 sys=0.00, real=0.11 secs] 
5375.917: [GC (Allocation Failure) [PSYoungGen: 26209350K->749245K(26355712K)] 27176468K->1716899K(29501440K), 0.1077167 secs] [Times: user=5.38 sys=0.00, real=0.11 secs] 
5379.922: [GC (Allocation Failure) [PSYoungGen: 26197693K->762879K(26355712K)] 27165347K->1731054K(29501440K), 0.1055399 secs] [Times: user=5.50 sys=0.01, real=0.11 secs] 
5383.856: [GC (Allocation Failure) [PSYoungGen: 26211327K->735407K(26355712K)] 27179502K->1704093K(29501440K), 0.1032623 secs] [Times: user=5.21 sys=0.00, real=0.10 secs] 
5387.704: [GC (Allocation Failure) [PSYoungGen: 26183855K->720795K(26355712K)] 27152541K->1689993K(29501440K), 0.1069549 secs] [Times: user=5.28 sys=0.00, real=0.10 secs] 
5391.618: [GC (Allocation Failure) [PSYoungGen: 26169243K->720332K(26355712K)] 27138441K->1690122K(29501440K), 0.1063491 secs] [Times: user=5.36 sys=0.00, real=0.11 secs] 
5395.727: [GC (Allocation Failure) [PSYoungGen: 26168780K->716399K(26355712K)] 27138570K->1686710K(29501440K), 0.1034842 secs] [Times: user=5.17 sys=0.00, real=0.10 secs] 
5399.812: [GC (Allocation Failure) [PSYoungGen: 26164847K->670923K(26355712K)] 27135158K->1641753K(29501440K), 0.1001454 secs] [Times: user=5.01 sys=0.01, real=0.10 secs] 
5403.581: [GC (Allocation Failure) [PSYoungGen: 26119371K->729541K(26355712K)] 27090201K->1700980K(29501440K), 0.1024091 secs] [Times: user=5.34 sys=0.00, real=0.11 secs] 
5407.599: [GC (Allocation Failure) [PSYoungGen: 26177989K->700612K(26355712K)] 27149428K->1672667K(29501440K), 0.1074764 secs] [Times: user=4.99 sys=0.00, real=0.11 secs] 
5411.570: [GC (Allocation Failure) [PSYoungGen: 26149060K->727539K(26355712K)] 27121115K->1700121K(29501440K), 0.1060017 secs] [Times: user=5.57 sys=0.00, real=0.11 secs] 
5415.500: [GC (Allocation Failure) [PSYoungGen: 26175987K->720977K(26355712K)] 27148569K->1694079K(29501440K), 0.1032671 secs] [Times: user=5.35 sys=0.00, real=0.11 secs] 
5419.467: [GC (Allocation Failure) [PSYoungGen: 26169425K->697380K(26355712K)] 27142527K->1671002K(29501440K), 0.1027971 secs] [Times: user=5.08 sys=0.00, real=0.10 secs] 
5423.445: [GC (Allocation Failure) [PSYoungGen: 26145828K->686210K(26355712K)] 27119450K->1660352K(29501440K), 0.1022151 secs] [Times: user=5.12 sys=0.01, real=0.10 secs] 
5427.294: [GC (Allocation Failure) [PSYoungGen: 26134658K->708579K(26355712K)] 27108800K->1683242K(29501440K), 0.1044480 secs] [Times: user=5.16 sys=0.00, real=0.10 secs] 
5431.126: [GC (Allocation Failure) [PSYoungGen: 26157027K->735749K(26355712K)] 27131690K->1710931K(29501440K), 0.1014920 secs] [Times: user=5.39 sys=0.00, real=0.10 secs] 
5435.005: [GC (Allocation Failure) [PSYoungGen: 26184197K->746086K(26355712K)] 27159379K->1721781K(29501440K), 0.1051220 secs] [Times: user=5.53 sys=0.01, real=0.10 secs] 
5438.973: [GC (Allocation Failure) [PSYoungGen: 26194534K->729920K(26355712K)] 27170229K->1706151K(29501440K), 0.1060377 secs] [Times: user=5.41 sys=0.00, real=0.10 secs] 
5442.816: [GC (Allocation Failure) [PSYoungGen: 26178368K->740972K(26355712K)] 27154599K->1717747K(29501440K), 0.1026030 secs] [Times: user=5.44 sys=0.00, real=0.10 secs] 
5446.715: [GC (Allocation Failure) [PSYoungGen: 26189420K->669611K(26355712K)] 27166195K->1646897K(29501440K), 0.1022188 secs] [Times: user=4.96 sys=0.01, real=0.10 secs] 
5450.614: [GC (Allocation Failure) [PSYoungGen: 26118059K->774408K(26355712K)] 27095345K->1752199K(29501440K), 0.1070835 secs] [Times: user=5.50 sys=0.01, real=0.10 secs] 
5454.451: [GC (Allocation Failure) [PSYoungGen: 26222856K->734977K(26355712K)] 27200647K->1713295K(29501440K), 0.1027538 secs] [Times: user=5.39 sys=0.01, real=0.11 secs] 
5458.218: [GC (Allocation Failure) [PSYoungGen: 26183425K->684700K(26355712K)] 27161743K->1663610K(29501440K), 0.1010451 secs] [Times: user=5.13 sys=0.01, real=0.10 secs] 
5462.156: [GC (Allocation Failure) [PSYoungGen: 26133148K->761193K(26355712K)] 27112058K->1740639K(29501440K), 0.1095737 secs] [Times: user=5.59 sys=0.01, real=0.11 secs] 
5466.128: [GC (Allocation Failure) [PSYoungGen: 26209641K->783006K(26355712K)] 27189087K->1762972K(29501440K), 0.1083775 secs] [Times: user=5.63 sys=0.00, real=0.11 secs] 
5469.958: [GC (Allocation Failure) [PSYoungGen: 26231454K->731803K(26355712K)] 27211420K->1712282K(29501440K), 0.1048918 secs] [Times: user=5.49 sys=0.00, real=0.11 secs] 
5473.956: [GC (Allocation Failure) [PSYoungGen: 26180251K->749808K(26355712K)] 27160730K->1730831K(29501440K), 0.1030371 secs] [Times: user=5.51 sys=0.00, real=0.10 secs] 
5477.686: [GC (Allocation Failure) [PSYoungGen: 26198256K->716572K(26355712K)] 27179279K->1698115K(29501440K), 0.1017058 secs] [Times: user=5.38 sys=0.01, real=0.10 secs] 
5481.558: [GC (Allocation Failure) [PSYoungGen: 26164766K->742451K(26355712K)] 27146308K->1724497K(29501440K), 0.1056109 secs] [Times: user=5.21 sys=0.00, real=0.11 secs] 
5485.579: [GC (Allocation Failure) [PSYoungGen: 26190899K->846952K(26355712K)] 27172945K->1829495K(29501440K), 0.1262614 secs] [Times: user=6.33 sys=0.00, real=0.13 secs] 
5489.399: [GC (Allocation Failure) [PSYoungGen: 26295400K->811989K(26355712K)] 27277943K->1795051K(29501440K), 0.1205448 secs] [Times: user=5.99 sys=0.01, real=0.12 secs] 
5493.294: [GC (Allocation Failure) [PSYoungGen: 26260437K->747121K(26355712K)] 27243499K->1730711K(29501440K), 0.1042090 secs] [Times: user=5.43 sys=0.01, real=0.10 secs] 
5497.182: [GC (Allocation Failure) [PSYoungGen: 26195569K->719287K(26355712K)] 27179159K->1703381K(29501440K), 0.1093907 secs] [Times: user=5.15 sys=0.00, real=0.11 secs] 
5501.021: [GC (Allocation Failure) [PSYoungGen: 26167735K->761031K(26355712K)] 27151829K->1745685K(29501440K), 0.1109316 secs] [Times: user=5.59 sys=0.01, real=0.11 secs] 
5504.956: [GC (Allocation Failure) [PSYoungGen: 26209479K->770809K(26355712K)] 27194133K->1755991K(29501440K), 0.1110853 secs] [Times: user=5.57 sys=0.00, real=0.11 secs] 
5508.835: [GC (Allocation Failure) [PSYoungGen: 26219257K->748989K(26355712K)] 27204439K->1734692K(29501440K), 0.1052425 secs] [Times: user=5.38 sys=0.00, real=0.10 secs] 
5512.634: [GC (Allocation Failure) [PSYoungGen: 26197437K->715100K(26355712K)] 27183140K->1701314K(29501440K), 0.1022832 secs] [Times: user=5.16 sys=0.01, real=0.10 secs] 
5516.526: [GC (Allocation Failure) [PSYoungGen: 26163548K->766273K(26355712K)] 27149762K->1753095K(29501440K), 0.1093649 secs] [Times: user=5.60 sys=0.01, real=0.11 secs] 
5520.388: [GC (Allocation Failure) [PSYoungGen: 26214721K->761446K(26355712K)] 27201543K->1748772K(29501440K), 0.1050802 secs] [Times: user=5.52 sys=0.00, real=0.11 secs] 
5524.344: [GC (Allocation Failure) [PSYoungGen: 26209894K->786907K(26355712K)] 27197220K->1774737K(29501440K), 0.1129467 secs] [Times: user=5.63 sys=0.00, real=0.11 secs] 
5528.169: [GC (Allocation Failure) [PSYoungGen: 26235355K->736644K(26355712K)] 27223185K->1724994K(29501440K), 0.1045696 secs] [Times: user=5.46 sys=0.00, real=0.11 secs] 
5531.946: [GC (Allocation Failure) [PSYoungGen: 26185092K->749300K(26355712K)] 27173442K->1738178K(29501440K), 0.1061808 secs] [Times: user=5.48 sys=0.00, real=0.10 secs] 
5535.953: [GC (Allocation Failure) [PSYoungGen: 26197748K->728160K(26355712K)] 27186626K->1717551K(29501440K), 0.1007832 secs] [Times: user=5.27 sys=0.00, real=0.10 secs] 
5539.837: [GC (Allocation Failure) [PSYoungGen: 26176608K->765093K(26355712K)] 27165999K->1755027K(29501440K), 0.1079495 secs] [Times: user=5.51 sys=0.00, real=0.11 secs] 
5543.735: [GC (Allocation Failure) [PSYoungGen: 26213541K->770650K(26355712K)] 27203475K->1761072K(29501440K), 0.1114413 secs] [Times: user=5.58 sys=0.01, real=0.11 secs] 
5547.588: [GC (Allocation Failure) [PSYoungGen: 26219098K->735438K(26355712K)] 27209520K->1726389K(29501440K), 0.1105614 secs] [Times: user=5.46 sys=0.02, real=0.11 secs] 
5551.438: [GC (Allocation Failure) [PSYoungGen: 26183886K->730637K(26355712K)] 27174837K->1722147K(29501440K), 0.1070582 secs] [Times: user=5.44 sys=0.01, real=0.11 secs] 
5555.285: [GC (Allocation Failure) [PSYoungGen: 26179085K->730271K(26355712K)] 27170595K->1722325K(29501440K), 0.1033422 secs] [Times: user=5.45 sys=0.01, real=0.10 secs] 
5559.139: [GC (Allocation Failure) [PSYoungGen: 26178719K->763193K(26355712K)] 27170773K->1755744K(29501440K), 0.1077991 secs] [Times: user=5.76 sys=0.01, real=0.11 secs] 
5562.861: [GC (Allocation Failure) [PSYoungGen: 26211641K->778717K(26355712K)] 27204192K->1771819K(29501440K), 0.1108302 secs] [Times: user=5.68 sys=0.00, real=0.11 secs] 
5566.686: [GC (Allocation Failure) [PSYoungGen: 26227165K->752866K(26355712K)] 27220267K->1746496K(29501440K), 0.1052967 secs] [Times: user=5.56 sys=0.00, real=0.10 secs] 
5570.607: [GC (Allocation Failure) [PSYoungGen: 26201314K->797979K(26355712K)] 27194944K->1792137K(29501440K), 0.1097031 secs] [Times: user=5.62 sys=0.01, real=0.11 secs] 
5574.621: [GC (Allocation Failure) [PSYoungGen: 26246427K->757787K(26355712K)] 27240585K->1752497K(29501440K), 0.1061458 secs] [Times: user=5.62 sys=0.00, real=0.11 secs] 
5578.358: [GC (Allocation Failure) [PSYoungGen: 26206235K->713836K(26355712K)] 27200945K->1709139K(29501440K), 0.1033472 secs] [Times: user=5.44 sys=0.00, real=0.10 secs] 
5582.133: [GC (Allocation Failure) [PSYoungGen: 26162284K->791725K(26355712K)] 27157587K->1787523K(29501440K), 0.1106637 secs] [Times: user=5.72 sys=0.01, real=0.11 secs] 
5585.880: [GC (Allocation Failure) [PSYoungGen: 26240173K->814349K(26355712K)] 27235971K->1810659K(29501440K), 0.1128983 secs] [Times: user=5.86 sys=0.00, real=0.12 secs] 
5589.625: [GC (Allocation Failure) [PSYoungGen: 26262797K->758613K(26355712K)] 27259107K->1755436K(29501440K), 0.1090730 secs] [Times: user=5.59 sys=0.00, real=0.11 secs] 
5593.371: [GC (Allocation Failure) [PSYoungGen: 26207061K->710899K(26355712K)] 27203884K->1708241K(29501440K), 0.1050825 secs] [Times: user=5.30 sys=0.00, real=0.11 secs] 
5597.310: [GC (Allocation Failure) [PSYoungGen: 26159347K->760911K(26355712K)] 27156689K->1758781K(29501440K), 0.1069844 secs] [Times: user=5.53 sys=0.00, real=0.11 secs] 
5601.067: [GC (Allocation Failure) [PSYoungGen: 26209359K->761908K(26355712K)] 27207229K->1760290K(29501440K), 0.1080343 secs] [Times: user=5.31 sys=0.00, real=0.11 secs] 
5604.855: [GC (Allocation Failure) [PSYoungGen: 26210356K->792746K(26355712K)] 27208738K->1791704K(29501440K), 0.1150108 secs] [Times: user=5.65 sys=0.00, real=0.11 secs] 
5608.658: [GC (Allocation Failure) [PSYoungGen: 26241194K->778238K(26355712K)] 27240152K->1777725K(29501440K), 0.1113155 secs] [Times: user=5.68 sys=0.01, real=0.11 secs] 
5612.507: [GC (Allocation Failure) [PSYoungGen: 26226686K->708169K(26355712K)] 27226173K->1708175K(29501440K), 0.1000703 secs] [Times: user=5.27 sys=0.01, real=0.10 secs] 
5616.275: [GC (Allocation Failure) [PSYoungGen: 26156617K->690661K(26355712K)] 27156623K->1691171K(29501440K), 0.0984479 secs] [Times: user=5.18 sys=0.01, real=0.10 secs] 
5620.123: [GC (Allocation Failure) [PSYoungGen: 26139109K->777706K(26355712K)] 27139619K->1778760K(29501440K), 0.1117584 secs] [Times: user=5.62 sys=0.01, real=0.11 secs] 
5623.869: [GC (Allocation Failure) [PSYoungGen: 26226154K->715138K(26355712K)] 27227208K->1716736K(29501440K), 0.1050109 secs] [Times: user=5.22 sys=0.01, real=0.11 secs] 
5627.643: [GC (Allocation Failure) [PSYoungGen: 26163586K->767136K(26355712K)] 27165184K->1769222K(29501440K), 0.1153427 secs] [Times: user=5.67 sys=0.01, real=0.11 secs] 
5631.479: [GC (Allocation Failure) [PSYoungGen: 26215584K->727810K(26355712K)] 27217670K->1730424K(29501440K), 0.1043135 secs] [Times: user=5.33 sys=0.01, real=0.11 secs] 
5635.318: [GC (Allocation Failure) [PSYoungGen: 26176258K->704143K(26355712K)] 27178872K->1707317K(29501440K), 0.1051642 secs] [Times: user=5.13 sys=0.00, real=0.11 secs] 
5639.066: [GC (Allocation Failure) [PSYoungGen: 26152591K->751232K(26355712K)] 27155765K->1754935K(29501440K), 0.1070514 secs] [Times: user=5.17 sys=0.00, real=0.11 secs] 
5643.363: [GC (Allocation Failure) [PSYoungGen: 26199680K->657840K(26355712K)] 27203383K->1662070K(29501440K), 0.1024344 secs] [Times: user=4.90 sys=0.01, real=0.10 secs] 
5646.691: [GC (Allocation Failure) [PSYoungGen: 26106288K->852475K(26355712K)] 27110518K->1857266K(29501440K), 0.1176853 secs] [Times: user=6.20 sys=0.00, real=0.12 secs] 
5650.310: [GC (Allocation Failure) [PSYoungGen: 26300923K->719482K(26355712K)] 27305714K->1724800K(29501440K), 0.1024007 secs] [Times: user=5.47 sys=0.01, real=0.11 secs] 
5654.011: [GC (Allocation Failure) [PSYoungGen: 26167930K->735590K(26355712K)] 27173248K->1741429K(29501440K), 0.1026046 secs] [Times: user=5.42 sys=0.01, real=0.11 secs] 
5657.787: [GC (Allocation Failure) [PSYoungGen: 26184038K->751414K(26355712K)] 27189877K->1757748K(29501440K), 0.1023492 secs] [Times: user=5.30 sys=0.01, real=0.10 secs] 
5661.521: [GC (Allocation Failure) [PSYoungGen: 26199862K->812914K(26355712K)] 27206196K->1819825K(29501440K), 0.1107863 secs] [Times: user=5.88 sys=0.01, real=0.11 secs] 
5665.212: [GC (Allocation Failure) [PSYoungGen: 26261362K->696602K(26355712K)] 27268273K->1704032K(29501440K), 0.1015613 secs] [Times: user=5.11 sys=0.00, real=0.11 secs] 
5668.846: [GC (Allocation Failure) [PSYoungGen: 26145050K->723554K(26355712K)] 27152480K->1731512K(29501440K), 0.1023004 secs] [Times: user=5.30 sys=0.02, real=0.10 secs] 
5672.689: [GC (Allocation Failure) [PSYoungGen: 26172002K->791799K(26355712K)] 27179960K->1800277K(29501440K), 0.1094802 secs] [Times: user=5.78 sys=0.00, real=0.11 secs] 
5676.412: [GC (Allocation Failure) [PSYoungGen: 26240247K->771349K(26355712K)] 27248725K->1780339K(29501440K), 0.1097176 secs] [Times: user=5.52 sys=0.01, real=0.11 secs] 
5680.001: [GC (Allocation Failure) [PSYoungGen: 26219797K->735522K(26355712K)] 27228787K->1745041K(29501440K), 0.1061798 secs] [Times: user=5.55 sys=0.00, real=0.11 secs] 
5683.710: [GC (Allocation Failure) [PSYoungGen: 26183970K->752617K(26355712K)] 27193489K->1762655K(29501440K), 0.1116313 secs] [Times: user=5.63 sys=0.01, real=0.11 secs] 
5687.389: [GC (Allocation Failure) [PSYoungGen: 26201065K->711333K(26355712K)] 27211103K->1721899K(29501440K), 0.1043869 secs] [Times: user=5.32 sys=0.01, real=0.11 secs] 
5691.147: [GC (Allocation Failure) [PSYoungGen: 26159781K->767490K(26355712K)] 27170347K->1778584K(29501440K), 0.1133657 secs] [Times: user=5.57 sys=0.00, real=0.11 secs] 
5694.902: [GC (Allocation Failure) [PSYoungGen: 26215938K->719333K(26355712K)] 27227032K->1730940K(29501440K), 0.1062321 secs] [Times: user=5.34 sys=0.00, real=0.11 secs] 
5698.660: [GC (Allocation Failure) [PSYoungGen: 26167781K->783085K(26355712K)] 27179388K->1795235K(29501440K), 0.1176301 secs] [Times: user=5.73 sys=0.01, real=0.12 secs] 
5702.549: [GC (Allocation Failure) [PSYoungGen: 26231533K->754112K(26355712K)] 27243683K->1766766K(29501440K), 0.1075353 secs] [Times: user=5.52 sys=0.00, real=0.11 secs] 
5706.262: [GC (Allocation Failure) [PSYoungGen: 26202560K->732372K(26355712K)] 27215214K->1745594K(29501440K), 0.1080964 secs] [Times: user=5.26 sys=0.00, real=0.11 secs] 
5709.980: [GC (Allocation Failure) [PSYoungGen: 26180820K->791077K(26355712K)] 27194042K->1804812K(29501440K), 0.1114906 secs] [Times: user=5.66 sys=0.00, real=0.11 secs] 
5713.575: [GC (Allocation Failure) [PSYoungGen: 26239525K->820154K(26355712K)] 27253260K->1834408K(29501440K), 0.1132676 secs] [Times: user=6.00 sys=0.00, real=0.11 secs] 
5717.372: [GC (Allocation Failure) [PSYoungGen: 26268602K->707662K(26355712K)] 27282856K->1722469K(29501440K), 0.1048724 secs] [Times: user=5.17 sys=0.01, real=0.11 secs] 
5721.055: [GC (Allocation Failure) [PSYoungGen: 26156110K->782605K(26355712K)] 27170917K->1797995K(29501440K), 0.1090116 secs] [Times: user=5.68 sys=0.00, real=0.11 secs] 
5724.775: [GC (Allocation Failure) [PSYoungGen: 26231053K->757875K(26355712K)] 27246443K->1773761K(29501440K), 0.1099219 secs] [Times: user=5.50 sys=0.01, real=0.11 secs] 
5728.614: [GC (Allocation Failure) [PSYoungGen: 26206323K->736489K(26355712K)] 27222209K->1752904K(29501440K), 0.1023107 secs] [Times: user=5.43 sys=0.01, real=0.10 secs] 
5732.311: [GC (Allocation Failure) [PSYoungGen: 26184937K->743111K(26355712K)] 27201352K->1760054K(29501440K), 0.1056252 secs] [Times: user=5.66 sys=0.01, real=0.11 secs] 
5735.936: [GC (Allocation Failure) [PSYoungGen: 26191559K->742521K(26355712K)] 27208502K->1759943K(29501440K), 0.1130481 secs] [Times: user=5.51 sys=0.00, real=0.11 secs] 
5739.633: [GC (Allocation Failure) [PSYoungGen: 26190969K->744709K(26355712K)] 27208391K->1762635K(29501440K), 0.1052619 secs] [Times: user=5.28 sys=0.00, real=0.10 secs] 
5743.406: [GC (Allocation Failure) [PSYoungGen: 26193157K->733445K(26355712K)] 27211083K->1751940K(29501440K), 0.1077093 secs] [Times: user=5.38 sys=0.01, real=0.11 secs] 
5747.098: [GC (Allocation Failure) [PSYoungGen: 26181893K->751286K(26355712K)] 27200388K->1770284K(29501440K), 0.1081031 secs] [Times: user=5.48 sys=0.01, real=0.11 secs] 
5750.754: [GC (Allocation Failure) [PSYoungGen: 26199734K->745472K(26355712K)] 27218732K->1764974K(29501440K), 0.1049734 secs] [Times: user=5.53 sys=0.01, real=0.10 secs] 
5754.479: [GC (Allocation Failure) [PSYoungGen: 26193920K->748144K(26355712K)] 27213422K->1768166K(29501440K), 0.1099944 secs] [Times: user=5.66 sys=0.00, real=0.11 secs] 
5758.169: [GC (Allocation Failure) [PSYoungGen: 26196592K->682939K(26355712K)] 27216614K->1703497K(29501440K), 0.0995685 secs] [Times: user=5.02 sys=0.01, real=0.10 secs] 
5761.821: [GC (Allocation Failure) [PSYoungGen: 26131387K->789902K(26355712K)] 27151945K->1810972K(29501440K), 0.1147418 secs] [Times: user=5.68 sys=0.00, real=0.12 secs] 
5765.502: [GC (Allocation Failure) [PSYoungGen: 26238350K->717487K(26355712K)] 27259420K->1739053K(29501440K), 0.1051745 secs] [Times: user=5.34 sys=0.01, real=0.11 secs] 
5769.145: [GC (Allocation Failure) [PSYoungGen: 26165935K->830276K(26355712K)] 27187501K->1852426K(29501440K), 0.1129412 secs] [Times: user=5.79 sys=0.01, real=0.11 secs] 
5772.926: [GC (Allocation Failure) [PSYoungGen: 26278724K->781663K(26355712K)] 27300874K->1804349K(29501440K), 0.1097751 secs] [Times: user=5.56 sys=0.00, real=0.11 secs] 
5776.514: [GC (Allocation Failure) [PSYoungGen: 26230111K->697584K(26355712K)] 27252797K->1720766K(29501440K), 0.1007813 secs] [Times: user=5.25 sys=0.01, real=0.10 secs] 
5780.291: [GC (Allocation Failure) [PSYoungGen: 26146032K->830300K(26355712K)] 27169214K->1854026K(29501440K), 0.1113683 secs] [Times: user=5.53 sys=0.00, real=0.12 secs] 
5783.759: [GC (Allocation Failure) [PSYoungGen: 26278748K->803100K(26355712K)] 27302474K->1827347K(29501440K), 0.1289418 secs] [Times: user=6.80 sys=0.01, real=0.13 secs] 
5787.457: [GC (Allocation Failure) [PSYoungGen: 26251548K->752214K(26355712K)] 27275795K->1776981K(29501440K), 0.1069392 secs] [Times: user=5.60 sys=0.00, real=0.11 secs] 
5791.103: [GC (Allocation Failure) [PSYoungGen: 26200662K->818433K(26355712K)] 27225429K->1843719K(29501440K), 0.1148275 secs] [Times: user=5.78 sys=0.00, real=0.11 secs] 
5794.765: [GC (Allocation Failure) [PSYoungGen: 26266881K->748921K(26355712K)] 27292167K->1774799K(29501440K), 0.1097131 secs] [Times: user=5.33 sys=0.01, real=0.11 secs] 
5798.349: [GC (Allocation Failure) [PSYoungGen: 26197369K->759242K(26355712K)] 27223247K->1785689K(29501440K), 0.1077859 secs] [Times: user=5.41 sys=0.01, real=0.11 secs] 
5801.903: [GC (Allocation Failure) [PSYoungGen: 26207690K->759086K(26355712K)] 27234137K->1786036K(29501440K), 0.1076032 secs] [Times: user=5.69 sys=0.01, real=0.10 secs] 
5805.583: [GC (Allocation Failure) [PSYoungGen: 26207534K->852719K(26355712K)] 27234484K->1880173K(29501440K), 0.1181831 secs] [Times: user=5.90 sys=0.00, real=0.11 secs] 
5809.129: [GC (Allocation Failure) [PSYoungGen: 26301167K->779610K(26355712K)] 27328621K->1807633K(29501440K), 0.1090680 secs] [Times: user=5.64 sys=0.00, real=0.11 secs] 
5812.740: [GC (Allocation Failure) [PSYoungGen: 26228058K->725486K(26355712K)] 27256081K->1754084K(29501440K), 0.1084608 secs] [Times: user=5.33 sys=0.00, real=0.11 secs] 
5816.311: [GC (Allocation Failure) [PSYoungGen: 26173934K->717946K(26355712K)] 27202532K->1747056K(29501440K), 0.1007604 secs] [Times: user=5.24 sys=0.00, real=0.10 secs] 
5819.905: [GC (Allocation Failure) [PSYoungGen: 26166394K->746437K(26355712K)] 27195504K->1776083K(29501440K), 0.1072368 secs] [Times: user=5.32 sys=0.00, real=0.11 secs] 
5823.511: [GC (Allocation Failure) [PSYoungGen: 26194885K->734058K(26355712K)] 27224531K->1764248K(29501440K), 0.1075377 secs] [Times: user=5.48 sys=0.01, real=0.11 secs] 
5827.344: [GC (Allocation Failure) [PSYoungGen: 26182506K->721307K(26355712K)] 27212696K->1752081K(29501440K), 0.1044583 secs] [Times: user=5.48 sys=0.00, real=0.10 secs] 
5830.926: [GC (Allocation Failure) [PSYoungGen: 26169755K->775304K(26355712K)] 27200529K->1806606K(29501440K), 0.1068043 secs] [Times: user=5.49 sys=0.00, real=0.11 secs] 
5834.713: [GC (Allocation Failure) [PSYoungGen: 26223752K->907232K(26355712K)] 27255054K->2056646K(29501440K), 0.1435155 secs] [Times: user=7.39 sys=0.00, real=0.14 secs] 
5838.096: [GC (Allocation Failure) [PSYoungGen: 26355680K->792957K(26355712K)] 27505094K->1942891K(29501440K), 0.1049710 secs] [Times: user=5.51 sys=0.02, real=0.10 secs] 
5841.808: [GC (Allocation Failure) [PSYoungGen: 26241405K->871246K(26355712K)] 27391339K->2021716K(29501440K), 0.1183616 secs] [Times: user=6.00 sys=0.00, real=0.12 secs] 
5845.321: [GC (Allocation Failure) [PSYoungGen: 26319694K->747854K(26355712K)] 27470164K->1898836K(29501440K), 0.1051843 secs] [Times: user=5.45 sys=0.01, real=0.11 secs] 
5848.965: [GC (Allocation Failure) [PSYoungGen: 26196302K->722186K(26355712K)] 27347284K->1873688K(29501440K), 0.0992885 secs] [Times: user=5.32 sys=0.00, real=0.10 secs] 
5852.673: [GC (Allocation Failure) [PSYoungGen: 26170634K->735205K(26355712K)] 27322136K->1887211K(29501440K), 0.1023137 secs] [Times: user=5.44 sys=0.01, real=0.10 secs] 
5856.372: [GC (Allocation Failure) [PSYoungGen: 26183653K->724080K(26355712K)] 27335659K->1876598K(29501440K), 0.1137008 secs] [Times: user=5.98 sys=0.01, real=0.11 secs] 
5860.029: [GC (Allocation Failure) [PSYoungGen: 26172528K->785398K(26355712K)] 27325046K->1938436K(29501440K), 0.1095972 secs] [Times: user=5.76 sys=0.01, real=0.11 secs] 
5863.620: [GC (Allocation Failure) [PSYoungGen: 26233846K->743956K(26355712K)] 27386884K->1897498K(29501440K), 0.1031046 secs] [Times: user=5.42 sys=0.00, real=0.11 secs] 
5867.172: [GC (Allocation Failure) [PSYoungGen: 26192404K->790542K(26355712K)] 27345946K->1944620K(29501440K), 0.1129231 secs] [Times: user=5.75 sys=0.00, real=0.12 secs] 
5870.728: [GC (Allocation Failure) [PSYoungGen: 26238990K->732757K(26355712K)] 27393068K->1887331K(29501440K), 0.1037761 secs] [Times: user=5.49 sys=0.01, real=0.10 secs] 
5874.408: [GC (Allocation Failure) [PSYoungGen: 26181205K->724264K(26355712K)] 27335779K->1879343K(29501440K), 0.1033253 secs] [Times: user=5.36 sys=0.00, real=0.10 secs] 
5878.086: [GC (Allocation Failure) [PSYoungGen: 26172712K->758902K(26355712K)] 27327791K->1914548K(29501440K), 0.1076374 secs] [Times: user=5.40 sys=0.00, real=0.11 secs] 
5881.695: [GC (Allocation Failure) [PSYoungGen: 26207350K->754699K(26355712K)] 27362996K->1910857K(29501440K), 0.1079499 secs] [Times: user=5.60 sys=0.01, real=0.11 secs] 
5885.157: [GC (Allocation Failure) [PSYoungGen: 26203147K->790982K(26355712K)] 27359305K->1947684K(29501440K), 0.1088269 secs] [Times: user=5.68 sys=0.01, real=0.11 secs] 
5888.782: [GC (Allocation Failure) [PSYoungGen: 26239430K->774693K(26355712K)] 27396132K->1932164K(29501440K), 0.1066718 secs] [Times: user=5.38 sys=0.01, real=0.11 secs] 
5892.323: [GC (Allocation Failure) [PSYoungGen: 26223141K->746348K(26355712K)] 27380612K->1904330K(29501440K), 0.1084096 secs] [Times: user=5.60 sys=0.00, real=0.10 secs] 
5895.922: [GC (Allocation Failure) [PSYoungGen: 26194796K->823981K(26355712K)] 27352778K->1982532K(29501440K), 0.1127881 secs] [Times: user=5.83 sys=0.01, real=0.12 secs] 
5899.422: [GC (Allocation Failure) [PSYoungGen: 26272429K->728091K(26355712K)] 27430980K->1887161K(29501440K), 0.1042977 secs] [Times: user=5.44 sys=0.01, real=0.11 secs] 
5903.089: [GC (Allocation Failure) [PSYoungGen: 26176539K->748437K(26355712K)] 27335609K->1908043K(29501440K), 0.1050576 secs] [Times: user=5.48 sys=0.00, real=0.11 secs] 
5906.677: [GC (Allocation Failure) [PSYoungGen: 26196885K->728352K(26355712K)] 27356491K->1888519K(29501440K), 0.1069416 secs] [Times: user=5.37 sys=0.01, real=0.11 secs] 
5910.278: [GC (Allocation Failure) [PSYoungGen: 26176800K->817625K(26355712K)] 27336967K->1978312K(29501440K), 0.1120912 secs] [Times: user=5.84 sys=0.00, real=0.11 secs] 
5913.843: [GC (Allocation Failure) [PSYoungGen: 26266073K->809832K(26355712K)] 27426760K->1971014K(29501440K), 0.1127695 secs] [Times: user=5.88 sys=0.00, real=0.11 secs] 
5917.321: [GC (Allocation Failure) [PSYoungGen: 26258280K->771641K(26355712K)] 27419462K->1933399K(29501440K), 0.1088388 secs] [Times: user=5.70 sys=0.01, real=0.11 secs] 
5920.911: [GC (Allocation Failure) [PSYoungGen: 26220089K->796575K(26355712K)] 27381847K->1958853K(29501440K), 0.1148745 secs] [Times: user=5.76 sys=0.02, real=0.12 secs] 
5924.443: [GC (Allocation Failure) [PSYoungGen: 26245023K->803379K(26355712K)] 27407301K->1966178K(29501440K), 0.1231837 secs] [Times: user=6.19 sys=0.00, real=0.12 secs] 
5928.043: [GC (Allocation Failure) [PSYoungGen: 26251827K->834839K(26355712K)] 27414626K->1998182K(29501440K), 0.1321967 secs] [Times: user=6.98 sys=0.00, real=0.13 secs] 
5931.512: [GC (Allocation Failure) [PSYoungGen: 26283287K->754206K(26355712K)] 27446630K->1918060K(29501440K), 0.1059227 secs] [Times: user=5.58 sys=0.00, real=0.11 secs] 
5935.087: [GC (Allocation Failure) [PSYoungGen: 26202654K->773584K(26355712K)] 27366508K->1937966K(29501440K), 0.1082787 secs] [Times: user=5.57 sys=0.01, real=0.11 secs] 
5938.804: [GC (Allocation Failure) [PSYoungGen: 26222032K->749457K(26355712K)] 27386414K->1914327K(29501440K), 0.1046040 secs] [Times: user=5.43 sys=0.01, real=0.10 secs] 
5942.249: [GC (Allocation Failure) [PSYoungGen: 26197905K->726520K(26355712K)] 27362775K->1891934K(29501440K), 0.1061905 secs] [Times: user=5.36 sys=0.01, real=0.11 secs] 
5945.862: [GC (Allocation Failure) [PSYoungGen: 26174968K->755381K(26355712K)] 27340382K->1921331K(29501440K), 0.1077603 secs] [Times: user=5.56 sys=0.01, real=0.11 secs] 
5949.509: [GC (Allocation Failure) [PSYoungGen: 26203829K->776233K(26355712K)] 27369779K->1942687K(29501440K), 0.1083314 secs] [Times: user=5.61 sys=0.00, real=0.11 secs] 
5953.178: [GC (Allocation Failure) [PSYoungGen: 26224681K->850739K(26355712K)] 27391135K->2017713K(29501440K), 0.1187807 secs] [Times: user=6.01 sys=0.00, real=0.12 secs] 
5956.676: [GC (Allocation Failure) [PSYoungGen: 26299187K->834874K(26355712K)] 27466161K->2002345K(29501440K), 0.1160177 secs] [Times: user=5.89 sys=0.00, real=0.11 secs] 
5960.146: [GC (Allocation Failure) [PSYoungGen: 26283322K->819842K(26355712K)] 27450793K->1987848K(29501440K), 0.1173048 secs] [Times: user=5.92 sys=0.01, real=0.12 secs] 
5963.632: [GC (Allocation Failure) [PSYoungGen: 26268290K->763501K(26355712K)] 27436296K->1932019K(29501440K), 0.1072252 secs] [Times: user=5.43 sys=0.01, real=0.11 secs] 
5967.224: [GC (Allocation Failure) [PSYoungGen: 26211949K->804557K(26355712K)] 27380467K->1973563K(29501440K), 0.1128801 secs] [Times: user=5.76 sys=0.01, real=0.11 secs] 
5970.606: [GC (Allocation Failure) [PSYoungGen: 26253005K->715727K(26355712K)] 27422011K->1885269K(29501440K), 0.1029344 secs] [Times: user=5.28 sys=0.01, real=0.10 secs] 
5974.259: [GC (Allocation Failure) [PSYoungGen: 26164175K->731763K(26355712K)] 27333717K->1901825K(29501440K), 0.1063274 secs] [Times: user=5.32 sys=0.02, real=0.11 secs] 
5978.025: [GC (Allocation Failure) [PSYoungGen: 26180211K->831059K(26355712K)] 27350273K->2001649K(29501440K), 0.1143800 secs] [Times: user=5.84 sys=0.00, real=0.11 secs] 
5981.361: [GC (Allocation Failure) [PSYoungGen: 26279507K->683441K(26355712K)] 27450097K->1854535K(29501440K), 0.1021346 secs] [Times: user=5.12 sys=0.00, real=0.11 secs] 
5984.889: [GC (Allocation Failure) [PSYoungGen: 26131889K->806752K(26355712K)] 27302983K->1978391K(29501440K), 0.1116567 secs] [Times: user=5.89 sys=0.01, real=0.11 secs] 
5988.477: [GC (Allocation Failure) [PSYoungGen: 26255200K->856623K(26355712K)] 27426839K->2028789K(29501440K), 0.1159668 secs] [Times: user=5.93 sys=0.00, real=0.12 secs] 
5991.977: [GC (Allocation Failure) [PSYoungGen: 26305071K->749877K(26355712K)] 27477237K->1922579K(29501440K), 0.1077486 secs] [Times: user=5.50 sys=0.00, real=0.11 secs] 
5995.596: [GC (Allocation Failure) [PSYoungGen: 26198325K->773977K(26355712K)] 27371027K->1947183K(29501440K), 0.1115660 secs] [Times: user=5.63 sys=0.00, real=0.11 secs] 
5999.121: [GC (Allocation Failure) [PSYoungGen: 26222425K->737735K(26355712K)] 27395631K->1911438K(29501440K), 0.1091191 secs] [Times: user=5.34 sys=0.01, real=0.11 secs] 
6002.605: [GC (Allocation Failure) [PSYoungGen: 26186183K->777888K(26355712K)] 27359886K->1952118K(29501440K), 0.1097662 secs] [Times: user=5.66 sys=0.00, real=0.11 secs] 
6006.067: [GC (Allocation Failure) [PSYoungGen: 26226336K->753659K(26355712K)] 27400566K->1928433K(29501440K), 0.1025261 secs] [Times: user=5.48 sys=0.00, real=0.10 secs] 
6009.613: [GC (Allocation Failure) [PSYoungGen: 26202107K->797405K(26355712K)] 27376881K->1972692K(29501440K), 0.1162630 secs] [Times: user=5.72 sys=0.00, real=0.11 secs] 
6013.041: [GC (Allocation Failure) [PSYoungGen: 26245853K->837705K(26355712K)] 27421140K->2013519K(29501440K), 0.1149250 secs] [Times: user=5.92 sys=0.00, real=0.12 secs] 
6016.650: [GC (Allocation Failure) [PSYoungGen: 26286153K->880710K(26355712K)] 27461967K->2057053K(29501440K), 0.1166970 secs] [Times: user=6.11 sys=0.00, real=0.12 secs] 
6020.026: [GC (Allocation Failure) [PSYoungGen: 26329158K->775895K(26355712K)] 27505501K->1952742K(29501440K), 0.1111198 secs] [Times: user=5.51 sys=0.01, real=0.11 secs] 
6023.497: [GC (Allocation Failure) [PSYoungGen: 26224343K->783596K(26355712K)] 27401190K->1960970K(29501440K), 0.1113812 secs] [Times: user=5.68 sys=0.01, real=0.11 secs] 
6027.024: [GC (Allocation Failure) [PSYoungGen: 26232044K->779007K(26355712K)] 27409418K->1956894K(29501440K), 0.1086061 secs] [Times: user=5.67 sys=0.01, real=0.11 secs] 
6030.501: [GC (Allocation Failure) [PSYoungGen: 26227455K->753875K(26355712K)] 27405342K->1932273K(29501440K), 0.1044408 secs] [Times: user=5.52 sys=0.01, real=0.11 secs] 
6034.126: [GC (Allocation Failure) [PSYoungGen: 26202323K->783532K(26355712K)] 27380721K->1962467K(29501440K), 0.1113708 secs] [Times: user=5.71 sys=0.01, real=0.11 secs] 
6037.674: [GC (Allocation Failure) [PSYoungGen: 26231980K->731344K(26355712K)] 27410915K->1910782K(29501440K), 0.1063301 secs] [Times: user=5.56 sys=0.00, real=0.10 secs] 
6041.128: [GC (Allocation Failure) [PSYoungGen: 26179792K->790660K(26355712K)] 27359230K->1970635K(29501440K), 0.1082404 secs] [Times: user=5.66 sys=0.00, real=0.11 secs] 
6044.557: [GC (Allocation Failure) [PSYoungGen: 26239108K->769580K(26355712K)] 27419083K->1950066K(29501440K), 0.1070284 secs] [Times: user=5.55 sys=0.00, real=0.11 secs] 
6048.170: [GC (Allocation Failure) [PSYoungGen: 26218028K->762514K(26355712K)] 27398514K->1943560K(29501440K), 0.1067976 secs] [Times: user=5.61 sys=0.00, real=0.11 secs] 
6051.575: [GC (Allocation Failure) [PSYoungGen: 26210962K->775230K(26355712K)] 27392008K->1956789K(29501440K), 0.1161676 secs] [Times: user=5.59 sys=0.01, real=0.11 secs] 
6055.169: [GC (Allocation Failure) [PSYoungGen: 26223678K->807962K(26355712K)] 27405237K->1990049K(29501440K), 0.1103296 secs] [Times: user=5.69 sys=0.01, real=0.11 secs] 
6058.606: [GC (Allocation Failure) [PSYoungGen: 26256410K->754607K(26355712K)] 27438497K->1937197K(29501440K), 0.1103157 secs] [Times: user=5.49 sys=0.00, real=0.11 secs] 
6062.079: [GC (Allocation Failure) [PSYoungGen: 26203055K->748272K(26355712K)] 27385645K->1931398K(29501440K), 0.1050985 secs] [Times: user=5.52 sys=0.00, real=0.11 secs] 
6065.505: [GC (Allocation Failure) [PSYoungGen: 26196720K->807396K(26355712K)] 27379846K->1991042K(29501440K), 0.1194556 secs] [Times: user=5.96 sys=0.01, real=0.12 secs] 
6069.057: [GC (Allocation Failure) [PSYoungGen: 26255844K->771615K(26355712K)] 27439490K->1955797K(29501440K), 0.1075170 secs] [Times: user=5.64 sys=0.01, real=0.11 secs] 
6072.463: [GC (Allocation Failure) [PSYoungGen: 26220063K->782672K(26355712K)] 27404245K->1967374K(29501440K), 0.1124934 secs] [Times: user=5.86 sys=0.01, real=0.11 secs] 
6075.862: [GC (Allocation Failure) [PSYoungGen: 26231120K->797732K(26355712K)] 27415822K->1982979K(29501440K), 0.1099541 secs] [Times: user=5.78 sys=0.01, real=0.11 secs] 
6079.418: [GC (Allocation Failure) [PSYoungGen: 26246180K->832220K(26355712K)] 27431427K->2017954K(29501440K), 0.1164381 secs] [Times: user=5.95 sys=0.00, real=0.12 secs] 
6082.847: [GC (Allocation Failure) [PSYoungGen: 26280668K->793444K(26355712K)] 27466402K->1979715K(29501440K), 0.1138002 secs] [Times: user=5.80 sys=0.00, real=0.11 secs] 
6086.172: [GC (Allocation Failure) [PSYoungGen: 26241892K->757233K(26355712K)] 27428163K->1943999K(29501440K), 0.1090611 secs] [Times: user=5.57 sys=0.01, real=0.11 secs] 
6089.575: [GC (Allocation Failure) [PSYoungGen: 26205681K->781212K(26355712K)] 27392447K->1968491K(29501440K), 0.1142223 secs] [Times: user=5.88 sys=0.01, real=0.11 secs] 
6093.011: [GC (Allocation Failure) [PSYoungGen: 26229660K->829101K(26355712K)] 27416939K->2016892K(29501440K), 0.1189849 secs] [Times: user=5.87 sys=0.00, real=0.12 secs] 
6096.425: [GC (Allocation Failure) [PSYoungGen: 26277549K->718105K(26355712K)] 27465340K->1906431K(29501440K), 0.1036851 secs] [Times: user=5.35 sys=0.00, real=0.10 secs] 
6099.772: [GC (Allocation Failure) [PSYoungGen: 26166553K->844999K(26355712K)] 27354879K->2033846K(29501440K), 0.1184628 secs] [Times: user=5.94 sys=0.00, real=0.12 secs] 
6103.203: [GC (Allocation Failure) [PSYoungGen: 26293447K->728679K(26355712K)] 27482294K->1918101K(29501440K), 0.1071805 secs] [Times: user=5.46 sys=0.00, real=0.10 secs] 
6106.650: [GC (Allocation Failure) [PSYoungGen: 26177127K->744640K(26355712K)] 27366549K->1934575K(29501440K), 0.1116063 secs] [Times: user=5.78 sys=0.00, real=0.11 secs] 
6110.154: [GC (Allocation Failure) [PSYoungGen: 26193088K->822029K(26355712K)] 27383023K->2012491K(29501440K), 0.1150910 secs] [Times: user=5.93 sys=0.00, real=0.11 secs] 
6113.499: [GC (Allocation Failure) [PSYoungGen: 26270477K->724707K(26355712K)] 27460939K->1915673K(29501440K), 0.1020905 secs] [Times: user=5.33 sys=0.00, real=0.10 secs] 
6117.063: [GC (Allocation Failure) [PSYoungGen: 26173155K->860691K(26355712K)] 27364121K->2052225K(29501440K), 0.1134138 secs] [Times: user=6.07 sys=0.00, real=0.11 secs] 
6120.551: [GC (Allocation Failure) [PSYoungGen: 26309139K->803106K(26355712K)] 27500673K->1995161K(29501440K), 0.1134764 secs] [Times: user=5.85 sys=0.01, real=0.12 secs] 
6123.870: [GC (Allocation Failure) [PSYoungGen: 26251554K->826690K(26355712K)] 27443609K->2019272K(29501440K), 0.1125061 secs] [Times: user=6.03 sys=0.00, real=0.11 secs] 
6127.326: [GC (Allocation Failure) [PSYoungGen: 26275138K->824717K(26355712K)] 27467720K->2017812K(29501440K), 0.1185209 secs] [Times: user=5.96 sys=0.00, real=0.12 secs] 
6130.751: [GC (Allocation Failure) [PSYoungGen: 26273165K->789251K(26355712K)] 27466260K->1982897K(29501440K), 0.1145249 secs] [Times: user=5.53 sys=0.01, real=0.12 secs] 
6134.143: [GC (Allocation Failure) [PSYoungGen: 26237699K->852261K(26355712K)] 27431345K->2046419K(29501440K), 0.1364056 secs] [Times: user=6.81 sys=0.02, real=0.13 secs] 
6137.567: [GC (Allocation Failure) [PSYoungGen: 26300709K->813455K(26355712K)] 27494867K->2008125K(29501440K), 0.1220275 secs] [Times: user=6.27 sys=0.01, real=0.12 secs] 
6140.835: [GC (Allocation Failure) [PSYoungGen: 26261903K->836588K(26355712K)] 27456573K->2031826K(29501440K), 0.1142839 secs] [Times: user=5.84 sys=0.00, real=0.11 secs] 
6144.249: [GC (Allocation Failure) [PSYoungGen: 26285036K->809610K(26355712K)] 27480274K->2005288K(29501440K), 0.1169756 secs] [Times: user=5.82 sys=0.00, real=0.12 secs] 
6147.644: [GC (Allocation Failure) [PSYoungGen: 26258058K->797386K(26355712K)] 27453736K->1993593K(29501440K), 0.1070625 secs] [Times: user=5.75 sys=0.01, real=0.10 secs] 
6151.116: [GC (Allocation Failure) [PSYoungGen: 26245834K->820067K(26355712K)] 27442041K->2016777K(29501440K), 0.1162533 secs] [Times: user=5.88 sys=0.00, real=0.12 secs] 
6154.576: [GC (Allocation Failure) [PSYoungGen: 26268515K->775199K(26355712K)] 27465225K->1972446K(29501440K), 0.1097544 secs] [Times: user=5.69 sys=0.01, real=0.11 secs] 
6157.938: [GC (Allocation Failure) [PSYoungGen: 26223647K->801890K(26355712K)] 27420894K->1999656K(29501440K), 0.1087484 secs] [Times: user=5.74 sys=0.01, real=0.11 secs] 
6161.347: [GC (Allocation Failure) [PSYoungGen: 26250338K->740014K(26355712K)] 27448104K->1938284K(29501440K), 0.1074936 secs] [Times: user=5.45 sys=0.00, real=0.11 secs] 
6164.823: [GC (Allocation Failure) [PSYoungGen: 26188462K->793130K(26355712K)] 27386732K->1991921K(29501440K), 0.1130664 secs] [Times: user=5.68 sys=0.00, real=0.11 secs] 
6168.261: [GC (Allocation Failure) [PSYoungGen: 26241578K->867129K(26355712K)] 27440369K->2066439K(29501440K), 0.1167305 secs] [Times: user=6.15 sys=0.01, real=0.12 secs] 
6171.658: [GC (Allocation Failure) [PSYoungGen: 26315577K->769517K(26355712K)] 27514887K->1969363K(29501440K), 0.1114522 secs] [Times: user=5.66 sys=0.01, real=0.11 secs] 
6175.120: [GC (Allocation Failure) [PSYoungGen: 26217965K->772892K(26355712K)] 27417811K->1973242K(29501440K), 0.1071702 secs] [Times: user=5.63 sys=0.00, real=0.11 secs] 
6178.461: [GC (Allocation Failure) [PSYoungGen: 26221340K->772655K(26355712K)] 27421690K->1973541K(29501440K), 0.1225563 secs] [Times: user=6.06 sys=0.00, real=0.13 secs] 
6181.859: [GC (Allocation Failure) [PSYoungGen: 26221103K->775291K(26355712K)] 27421989K->1976722K(29501440K), 0.1104047 secs] [Times: user=5.49 sys=0.00, real=0.11 secs] 
6185.261: [GC (Allocation Failure) [PSYoungGen: 26223739K->841456K(26355712K)] 27425170K->2043366K(29501440K), 0.1160279 secs] [Times: user=6.04 sys=0.00, real=0.12 secs] 
6188.747: [GC (Allocation Failure) [PSYoungGen: 26289904K->736048K(26355712K)] 27491814K->1938494K(29501440K), 0.1108519 secs] [Times: user=5.43 sys=0.01, real=0.11 secs] 
6192.169: [GC (Allocation Failure) [PSYoungGen: 26184496K->843133K(26355712K)] 27386942K->2046099K(29501440K), 0.1148507 secs] [Times: user=5.80 sys=0.02, real=0.12 secs] 
6195.426: [GC (Allocation Failure) [PSYoungGen: 26291581K->784436K(26355712K)] 27494547K->1987954K(29501440K), 0.1114549 secs] [Times: user=5.51 sys=0.01, real=0.11 secs] 
6199.049: [GC (Allocation Failure) [PSYoungGen: 26232884K->723840K(26355712K)] 27436402K->1927886K(29501440K), 0.1066007 secs] [Times: user=5.34 sys=0.01, real=0.11 secs] 
6202.133: [GC (Allocation Failure) [PSYoungGen: 26172288K->843040K(26355712K)] 27376334K->2047591K(29501440K), 0.1112919 secs] [Times: user=5.88 sys=0.00, real=0.11 secs] 
6205.500: [GC (Allocation Failure) [PSYoungGen: 26291488K->885447K(26355712K)] 27496039K->2090534K(29501440K), 0.1264238 secs] [Times: user=6.59 sys=0.00, real=0.13 secs] 
6208.923: [GC (Allocation Failure) [PSYoungGen: 26333895K->813907K(26355712K)] 27538982K->2019514K(29501440K), 0.1156833 secs] [Times: user=6.03 sys=0.00, real=0.11 secs] 
6212.332: [GC (Allocation Failure) [PSYoungGen: 26262355K->742022K(26355712K)] 27467962K->1948164K(29501440K), 0.1066193 secs] [Times: user=5.32 sys=0.01, real=0.11 secs] 
6215.796: [GC (Allocation Failure) [PSYoungGen: 26190470K->758701K(26355712K)] 27396612K->1965355K(29501440K), 0.1067620 secs] [Times: user=5.70 sys=0.00, real=0.11 secs] 
6219.205: [GC (Allocation Failure) [PSYoungGen: 26207149K->774235K(26355712K)] 27413803K->1981425K(29501440K), 0.1078604 secs] [Times: user=5.50 sys=0.01, real=0.11 secs] 
6222.591: [GC (Allocation Failure) [PSYoungGen: 26222683K->709552K(26355712K)] 27429873K->1917263K(29501440K), 0.1098262 secs] [Times: user=5.35 sys=0.00, real=0.11 secs] 
6226.040: [GC (Allocation Failure) [PSYoungGen: 26158000K->762987K(26355712K)] 27365711K->1971217K(29501440K), 0.1108970 secs] [Times: user=5.50 sys=0.00, real=0.11 secs] 
6229.478: [GC (Allocation Failure) [PSYoungGen: 26211435K->764645K(26355712K)] 27419665K->1973404K(29501440K), 0.1043805 secs] [Times: user=5.61 sys=0.00, real=0.11 secs] 
6232.884: [GC (Allocation Failure) [PSYoungGen: 26213093K->770943K(26355712K)] 27421852K->1980213K(29501440K), 0.1064622 secs] [Times: user=5.44 sys=0.00, real=0.10 secs] 
6236.259: [GC (Allocation Failure) [PSYoungGen: 26219391K->880365K(26355712K)] 27428661K->2090195K(29501440K), 0.1210390 secs] [Times: user=6.13 sys=0.00, real=0.12 secs] 
6239.597: [GC (Allocation Failure) [PSYoungGen: 26328813K->799266K(26355712K)] 27538643K->2009609K(29501440K), 0.1100639 secs] [Times: user=5.75 sys=0.00, real=0.11 secs] 
6242.896: [GC (Allocation Failure) [PSYoungGen: 26247714K->837726K(26355712K)] 27458057K->2048580K(29501440K), 0.1214738 secs] [Times: user=6.19 sys=0.00, real=0.12 secs] 
6246.279: [GC (Allocation Failure) [PSYoungGen: 26286174K->815737K(26355712K)] 27497028K->2027072K(29501440K), 0.1162437 secs] [Times: user=5.83 sys=0.00, real=0.12 secs] 
6249.628: [GC (Allocation Failure) [PSYoungGen: 26264185K->759335K(26355712K)] 27475520K->1971189K(29501440K), 0.1087524 secs] [Times: user=5.52 sys=0.00, real=0.11 secs] 
6253.059: [GC (Allocation Failure) [PSYoungGen: 26207783K->774149K(26355712K)] 27419637K->1986515K(29501440K), 0.1106049 secs] [Times: user=5.57 sys=0.01, real=0.11 secs] 
6256.445: [GC (Allocation Failure) [PSYoungGen: 26222597K->864723K(26355712K)] 27434963K->2077617K(29501440K), 0.1174779 secs] [Times: user=6.01 sys=0.00, real=0.11 secs] 
6259.694: [GC (Allocation Failure) [PSYoungGen: 26313171K->803966K(26355712K)] 27526065K->2017365K(29501440K), 0.1089098 secs] [Times: user=5.80 sys=0.01, real=0.11 secs] 
6263.023: [GC (Allocation Failure) [PSYoungGen: 26252414K->811695K(26355712K)] 27465813K->2025677K(29501440K), 0.1132420 secs] [Times: user=5.88 sys=0.01, real=0.11 secs] 
6266.408: [GC (Allocation Failure) [PSYoungGen: 26260143K->773449K(26355712K)] 27474125K->1987959K(29501440K), 0.1115152 secs] [Times: user=5.60 sys=0.01, real=0.11 secs] 
6269.838: [GC (Allocation Failure) [PSYoungGen: 26221897K->761552K(26355712K)] 27436407K->1976558K(29501440K), 0.1082936 secs] [Times: user=5.63 sys=0.01, real=0.11 secs] 
6273.278: [GC (Allocation Failure) [PSYoungGen: 26210000K->768398K(26355712K)] 27425006K->1983933K(29501440K), 0.1104534 secs] [Times: user=5.54 sys=0.00, real=0.11 secs] 
6276.595: [GC (Allocation Failure) [PSYoungGen: 26216846K->788645K(26355712K)] 27432381K->2004684K(29501440K), 0.1153562 secs] [Times: user=5.75 sys=0.00, real=0.11 secs] 
6279.891: [GC (Allocation Failure) [PSYoungGen: 26237093K->755799K(26355712K)] 27453132K->1972365K(29501440K), 0.1079240 secs] [Times: user=5.24 sys=0.00, real=0.11 secs] 
6283.326: [GC (Allocation Failure) [PSYoungGen: 26204247K->850830K(26355712K)] 27420813K->2067909K(29501440K), 0.1150718 secs] [Times: user=5.94 sys=0.00, real=0.11 secs] 
6286.590: [GC (Allocation Failure) [PSYoungGen: 26299278K->824654K(26355712K)] 27516357K->2042260K(29501440K), 0.1247205 secs] [Times: user=6.04 sys=0.00, real=0.13 secs] 
6289.934: [GC (Allocation Failure) [PSYoungGen: 26273102K->830306K(26355712K)] 27490708K->2048432K(29501440K), 0.1158860 secs] [Times: user=5.84 sys=0.01, real=0.11 secs] 
6293.240: [GC (Allocation Failure) [PSYoungGen: 26278754K->728835K(26355712K)] 27496880K->1947481K(29501440K), 0.1026864 secs] [Times: user=5.25 sys=0.01, real=0.11 secs] 
6296.599: [GC (Allocation Failure) [PSYoungGen: 26177283K->773134K(26355712K)] 27395929K->1992317K(29501440K), 0.1137834 secs] [Times: user=5.62 sys=0.01, real=0.12 secs] 
6300.059: [GC (Allocation Failure) [PSYoungGen: 26221582K->795077K(26355712K)] 27440765K->2014764K(29501440K), 0.1153679 secs] [Times: user=5.81 sys=0.00, real=0.12 secs] 
6303.389: [GC (Allocation Failure) [PSYoungGen: 26243525K->890314K(26355712K)] 27463212K->2110520K(29501440K), 0.1209192 secs] [Times: user=6.40 sys=0.00, real=0.12 secs] 
6306.589: [GC (Allocation Failure) [PSYoungGen: 26338762K->743142K(26355712K)] 27558968K->1963877K(29501440K), 0.1071729 secs] [Times: user=5.51 sys=0.01, real=0.11 secs] 
6310.150: [GC (Allocation Failure) [PSYoungGen: 26191590K->816972K(26355712K)] 27412325K->2038218K(29501440K), 0.1111963 secs] [Times: user=5.90 sys=0.00, real=0.11 secs] 
6313.515: [GC (Allocation Failure) [PSYoungGen: 26265420K->785508K(26355712K)] 27486666K->2007266K(29501440K), 0.1164560 secs] [Times: user=6.17 sys=0.00, real=0.11 secs] 
6316.931: [GC (Allocation Failure) [PSYoungGen: 26233956K->907257K(26355712K)] 27455714K->2189927K(29501440K), 0.1320699 secs] [Times: user=7.10 sys=0.00, real=0.14 secs] 
6320.228: [GC (Allocation Failure) [PSYoungGen: 26355705K->855771K(26355712K)] 27638375K->2138961K(29501440K), 0.1137407 secs] [Times: user=5.85 sys=0.01, real=0.11 secs] 
6323.471: [GC (Allocation Failure) [PSYoungGen: 26304219K->794410K(26355712K)] 27587409K->2078088K(29501440K), 0.1101540 secs] [Times: user=5.65 sys=0.01, real=0.11 secs] 
6326.870: [GC (Allocation Failure) [PSYoungGen: 26242858K->740507K(26355712K)] 27526536K->2024714K(29501440K), 0.1102744 secs] [Times: user=5.42 sys=0.00, real=0.11 secs] 
6330.238: [GC (Allocation Failure) [PSYoungGen: 26188955K->779725K(26355712K)] 27473162K->2064435K(29501440K), 0.1105516 secs] [Times: user=5.61 sys=0.00, real=0.11 secs] 
6333.455: [GC (Allocation Failure) [PSYoungGen: 26228173K->810364K(26355712K)] 27512883K->2095595K(29501440K), 0.1238854 secs] [Times: user=6.51 sys=0.00, real=0.12 secs] 
6336.737: [GC (Allocation Failure) [PSYoungGen: 26258812K->763029K(26355712K)] 27544043K->2048755K(29501440K), 0.1039371 secs] [Times: user=5.32 sys=0.01, real=0.10 secs] 
6340.051: [GC (Allocation Failure) [PSYoungGen: 26211477K->906262K(26355712K)] 27497203K->2192428K(29501440K), 0.1246616 secs] [Times: user=6.35 sys=0.01, real=0.13 secs] 
6343.300: [GC (Allocation Failure) [PSYoungGen: 26354710K->815525K(26355712K)] 27640876K->2102179K(29501440K), 0.1155137 secs] [Times: user=5.77 sys=0.01, real=0.12 secs] 
6346.605: [GC (Allocation Failure) [PSYoungGen: 26263973K->766111K(26355712K)] 27550627K->2053253K(29501440K), 0.1124282 secs] [Times: user=5.59 sys=0.01, real=0.11 secs] 
6349.847: [GC (Allocation Failure) [PSYoungGen: 26214559K->834957K(26355712K)] 27501701K->2122619K(29501440K), 0.1131749 secs] [Times: user=5.98 sys=0.00, real=0.11 secs] 
6353.116: [GC (Allocation Failure) [PSYoungGen: 26283405K->766657K(26355712K)] 27571067K->2054855K(29501440K), 0.1059063 secs] [Times: user=5.50 sys=0.01, real=0.11 secs] 
6356.461: [GC (Allocation Failure) [PSYoungGen: 26215105K->735353K(26355712K)] 27503303K->2024063K(29501440K), 0.1026952 secs] [Times: user=5.38 sys=0.00, real=0.11 secs] 
6359.863: [GC (Allocation Failure) [PSYoungGen: 26183801K->836111K(26355712K)] 27472511K->2125325K(29501440K), 0.1114017 secs] [Times: user=5.86 sys=0.00, real=0.11 secs] 
6363.148: [GC (Allocation Failure) [PSYoungGen: 26284559K->837076K(26355712K)] 27573773K->2126811K(29501440K), 0.1129091 secs] [Times: user=5.92 sys=0.01, real=0.11 secs] 
6366.429: [GC (Allocation Failure) [PSYoungGen: 26285524K->876128K(26355712K)] 27575259K->2166606K(29501440K), 0.1190510 secs] [Times: user=6.26 sys=0.02, real=0.12 secs] 
6369.781: [GC (Allocation Failure) [PSYoungGen: 26324576K->786072K(26355712K)] 27615054K->2077062K(29501440K), 0.1125721 secs] [Times: user=5.63 sys=0.02, real=0.12 secs] 
6373.078: [GC (Allocation Failure) [PSYoungGen: 26234520K->803900K(26355712K)] 27525510K->2095410K(29501440K), 0.1103894 secs] [Times: user=5.88 sys=0.01, real=0.11 secs] 
6376.301: [GC (Allocation Failure) [PSYoungGen: 26252348K->831096K(26355712K)] 27543858K->2123134K(29501440K), 0.1114562 secs] [Times: user=5.77 sys=0.01, real=0.11 secs] 
6379.526: [GC (Allocation Failure) [PSYoungGen: 26279544K->734479K(26355712K)] 27571582K->2027046K(29501440K), 0.1050749 secs] [Times: user=5.42 sys=0.01, real=0.10 secs] 
6382.937: [GC (Allocation Failure) [PSYoungGen: 26182927K->766335K(26355712K)] 27475494K->2059405K(29501440K), 0.1124746 secs] [Times: user=5.57 sys=0.01, real=0.11 secs] 
6386.166: [GC (Allocation Failure) [PSYoungGen: 26214783K->795189K(26355712K)] 27507853K->2088780K(29501440K), 0.1191233 secs] [Times: user=5.72 sys=0.01, real=0.12 secs] 
6389.369: [GC (Allocation Failure) [PSYoungGen: 26243637K->755723K(26355712K)] 27537228K->2049818K(29501440K), 0.1050315 secs] [Times: user=5.58 sys=0.00, real=0.11 secs] 
6392.563: [GC (Allocation Failure) [PSYoungGen: 26204171K->780068K(26355712K)] 27498266K->2074707K(29501440K), 0.1079327 secs] [Times: user=5.64 sys=0.00, real=0.10 secs] 
6395.817: [GC (Allocation Failure) [PSYoungGen: 26228516K->811828K(26355712K)] 27523155K->2106962K(29501440K), 0.1206209 secs] [Times: user=6.02 sys=0.00, real=0.12 secs] 
6399.135: [GC (Allocation Failure) [PSYoungGen: 26260276K->849663K(26355712K)] 27555410K->2145325K(29501440K), 0.1272919 secs] [Times: user=6.69 sys=0.00, real=0.13 secs] 
6402.381: [GC (Allocation Failure) [PSYoungGen: 26298111K->907251K(26355712K)] 27593773K->2231385K(29501440K), 0.1342259 secs] [Times: user=6.87 sys=0.00, real=0.14 secs] 
6405.493: [GC (Allocation Failure) [PSYoungGen: 26355699K->784551K(26355712K)] 27679833K->2109230K(29501440K), 0.1069835 secs] [Times: user=5.62 sys=0.00, real=0.10 secs] 
6408.798: [GC (Allocation Failure) [PSYoungGen: 26232999K->756932K(26355712K)] 27557678K->2082122K(29501440K), 0.1031656 secs] [Times: user=5.42 sys=0.00, real=0.10 secs] 
6412.114: [GC (Allocation Failure) [PSYoungGen: 26205380K->763529K(26355712K)] 27530570K->2089199K(29501440K), 0.1052455 secs] [Times: user=5.51 sys=0.00, real=0.10 secs] 
6415.278: [GC (Allocation Failure) [PSYoungGen: 26211977K->907237K(26355712K)] 27537647K->2246571K(29501440K), 0.1284200 secs] [Times: user=6.55 sys=0.01, real=0.13 secs] 
6418.386: [GC (Allocation Failure) [PSYoungGen: 26355685K->799980K(26355712K)] 27695019K->2139826K(29501440K), 0.1073622 secs] [Times: user=5.69 sys=0.00, real=0.11 secs] 
6421.720: [GC (Allocation Failure) [PSYoungGen: 26248428K->800865K(26355712K)] 27588274K->2141223K(29501440K), 0.1082016 secs] [Times: user=5.54 sys=0.01, real=0.11 secs] 
6424.982: [GC (Allocation Failure) [PSYoungGen: 26249313K->796998K(26355712K)] 27589671K->2137901K(29501440K), 0.1192954 secs] [Times: user=6.24 sys=0.01, real=0.12 secs] 
6428.275: [GC (Allocation Failure) [PSYoungGen: 26245446K->863139K(26355712K)] 27586349K->2204545K(29501440K), 0.1304032 secs] [Times: user=6.88 sys=0.01, real=0.13 secs] 
6431.592: [GC (Allocation Failure) [PSYoungGen: 26311587K->801553K(26355712K)] 27652993K->2143471K(29501440K), 0.1118558 secs] [Times: user=5.88 sys=0.01, real=0.12 secs] 
6434.654: [GC (Allocation Failure) [PSYoungGen: 26250001K->726224K(26355712K)] 27591919K->2068678K(29501440K), 0.1073686 secs] [Times: user=5.47 sys=0.01, real=0.10 secs] 
6437.882: [GC (Allocation Failure) [PSYoungGen: 26174672K->786026K(26355712K)] 27517126K->2128992K(29501440K), 0.1097664 secs] [Times: user=5.69 sys=0.01, real=0.11 secs] 
6441.264: [GC (Allocation Failure) [PSYoungGen: 26234474K->800383K(26355712K)] 27577440K->2143829K(29501440K), 0.1111586 secs] [Times: user=5.85 sys=0.00, real=0.11 secs] 
6444.483: [GC (Allocation Failure) [PSYoungGen: 26248831K->820997K(26355712K)] 27592277K->2164932K(29501440K), 0.1154048 secs] [Times: user=5.83 sys=0.01, real=0.11 secs] 
6447.702: [GC (Allocation Failure) [PSYoungGen: 26269445K->819714K(26355712K)] 27613380K->2164168K(29501440K), 0.1122235 secs] [Times: user=6.02 sys=0.01, real=0.12 secs] 
6451.339: [GC (Allocation Failure) [PSYoungGen: 26268162K->907236K(26355712K)] 27612616K->2258026K(29501440K), 0.1208925 secs] [Times: user=6.34 sys=0.00, real=0.12 secs] 
6454.293: [GC (Allocation Failure) [PSYoungGen: 26355684K->897840K(26355712K)] 27706474K->2249094K(29501440K), 0.1398144 secs] [Times: user=7.40 sys=0.00, real=0.14 secs] 
6457.962: [GC (Allocation Failure) [PSYoungGen: 26346288K->907261K(26355712K)] 27697542K->2265555K(29501440K), 0.1149657 secs] [Times: user=6.17 sys=0.00, real=0.12 secs] 
6460.876: [GC (Allocation Failure) [PSYoungGen: 26355709K->836297K(26355712K)] 27714003K->2195103K(29501440K), 0.1095702 secs] [Times: user=5.82 sys=0.00, real=0.11 secs] 
6464.238: [GC (Allocation Failure) [PSYoungGen: 26284745K->763286K(26355712K)] 27643551K->2122812K(29501440K), 0.1122395 secs] [Times: user=5.05 sys=0.00, real=0.11 secs] 
6467.378: [GC (Allocation Failure) [PSYoungGen: 26211734K->771359K(26355712K)] 27571260K->2131421K(29501440K), 0.1201618 secs] [Times: user=5.91 sys=0.01, real=0.12 secs] 
6470.590: [GC (Allocation Failure) [PSYoungGen: 26219807K->907239K(26355712K)] 27579869K->2369078K(29501440K), 0.1298036 secs] [Times: user=7.00 sys=0.01, real=0.13 secs] 
6473.772: [GC (Allocation Failure) [PSYoungGen: 26355687K->752895K(26355712K)] 27817526K->2215261K(29501440K), 0.1014956 secs] [Times: user=5.28 sys=0.00, real=0.11 secs] 
6477.006: [GC (Allocation Failure) [PSYoungGen: 26201343K->907255K(26355712K)] 27663709K->2377246K(29501440K), 0.1206912 secs] [Times: user=6.35 sys=0.00, real=0.12 secs] 
6480.287: [GC (Allocation Failure) [PSYoungGen: 26355703K->742826K(26355712K)] 27825694K->2213328K(29501440K), 0.1099362 secs] [Times: user=5.69 sys=0.00, real=0.11 secs] 
6483.575: [GC (Allocation Failure) [PSYoungGen: 26191274K->759066K(26355712K)] 27661776K->2230112K(29501440K), 0.1054621 secs] [Times: user=5.36 sys=0.00, real=0.10 secs] 
6486.981: [GC (Allocation Failure) [PSYoungGen: 26207514K->907263K(26355712K)] 27678560K->2403550K(29501440K), 0.1219061 secs] [Times: user=6.46 sys=0.01, real=0.13 secs] 
6490.150: [GC (Allocation Failure) [PSYoungGen: 26355711K->907257K(26355712K)] 27851998K->2505655K(29501440K), 0.1328467 secs] [Times: user=7.25 sys=0.01, real=0.14 secs] 
6493.375: [GC (Allocation Failure) [PSYoungGen: 26355705K->728925K(26355712K)] 27954103K->2327835K(29501440K), 0.1005237 secs] [Times: user=5.20 sys=0.00, real=0.10 secs] 
6496.661: [GC (Allocation Failure) [PSYoungGen: 26177373K->826759K(26355712K)] 27776283K->2426157K(29501440K), 0.1109130 secs] [Times: user=5.64 sys=0.01, real=0.11 secs] 
6499.899: [GC (Allocation Failure) [PSYoungGen: 26275207K->857734K(26355712K)] 27874605K->2457868K(29501440K), 0.1189993 secs] [Times: user=6.22 sys=0.00, real=0.12 secs] 
6503.080: [GC (Allocation Failure) [PSYoungGen: 26306182K->907256K(26355712K)] 27906316K->2516991K(29501440K), 0.1239603 secs] [Times: user=6.41 sys=0.01, real=0.13 secs] 
6506.173: [GC (Allocation Failure) [PSYoungGen: 26355704K->862264K(26355712K)] 27965439K->2472662K(29501440K), 0.1163437 secs] [Times: user=5.84 sys=0.01, real=0.11 secs] 
6509.528: [GC (Allocation Failure) [PSYoungGen: 26310712K->867546K(26355712K)] 27921110K->2478449K(29501440K), 0.1180228 secs] [Times: user=6.00 sys=0.00, real=0.12 secs] 
6512.808: [GC (Allocation Failure) [PSYoungGen: 26315994K->855195K(26355712K)] 27926897K->2466626K(29501440K), 0.1222643 secs] [Times: user=6.13 sys=0.00, real=0.12 secs] 
6516.089: [GC (Allocation Failure) [PSYoungGen: 26303643K->858982K(26355712K)] 27915074K->2470940K(29501440K), 0.1266030 secs] [Times: user=6.28 sys=0.00, real=0.13 secs] 
6519.133: [GC (Allocation Failure) [PSYoungGen: 26307430K->839169K(26355712K)] 27919388K->2451783K(29501440K), 0.1128794 secs] [Times: user=5.85 sys=0.00, real=0.11 secs] 
6522.316: [GC (Allocation Failure) [PSYoungGen: 26287617K->770873K(26355712K)] 27900231K->2384015K(29501440K), 0.1118597 secs] [Times: user=5.55 sys=0.01, real=0.11 secs] 
6525.604: [GC (Allocation Failure) [PSYoungGen: 26219321K->723733K(26355712K)] 27832463K->2337651K(29501440K), 0.1040109 secs] [Times: user=5.29 sys=0.01, real=0.10 secs] 
6528.903: [GC (Allocation Failure) [PSYoungGen: 26172181K->825788K(26355712K)] 27786099K->2440258K(29501440K), 0.1233564 secs] [Times: user=6.07 sys=0.01, real=0.12 secs] 
6532.245: [GC (Allocation Failure) [PSYoungGen: 26274236K->770782K(26355712K)] 27888706K->2385748K(29501440K), 0.1223913 secs] [Times: user=6.05 sys=0.01, real=0.12 secs] 
6535.453: [GC (Allocation Failure) [PSYoungGen: 26219230K->869420K(26355712K)] 27834196K->2485082K(29501440K), 0.1392679 secs] [Times: user=7.32 sys=0.00, real=0.14 secs] 
6538.826: [GC (Allocation Failure) [PSYoungGen: 26317868K->907249K(26355712K)] 27933530K->2596383K(29501440K), 0.1556523 secs] [Times: user=8.18 sys=0.00, real=0.15 secs] 
6542.047: [GC (Allocation Failure) [PSYoungGen: 26355697K->817424K(26355712K)] 28044831K->2507182K(29501440K), 0.1282785 secs] [Times: user=6.20 sys=0.01, real=0.13 secs] 
6545.315: [GC (Allocation Failure) [PSYoungGen: 26265872K->786198K(26355712K)] 27955630K->2476485K(29501440K), 0.1072399 secs] [Times: user=5.70 sys=0.01, real=0.10 secs] 
6548.457: [GC (Allocation Failure) [PSYoungGen: 26234646K->851906K(26355712K)] 27924933K->2542689K(29501440K), 0.1143826 secs] [Times: user=5.97 sys=0.01, real=0.11 secs] 
6551.731: [GC (Allocation Failure) [PSYoungGen: 26300354K->796618K(26355712K)] 27991137K->2488161K(29501440K), 0.1114762 secs] [Times: user=5.83 sys=0.01, real=0.12 secs] 
6554.814: [GC (Allocation Failure) [PSYoungGen: 26245066K->837089K(26355712K)] 27936609K->2529175K(29501440K), 0.1128455 secs] [Times: user=5.82 sys=0.01, real=0.11 secs] 
6557.985: [GC (Allocation Failure) [PSYoungGen: 26285537K->907254K(26355712K)] 27977623K->2627693K(29501440K), 0.1273912 secs] [Times: user=6.62 sys=0.01, real=0.12 secs] 
6561.230: [GC (Allocation Failure) [PSYoungGen: 26355702K->744958K(26355712K)] 28076141K->2465900K(29501440K), 0.1026992 secs] [Times: user=5.36 sys=0.01, real=0.11 secs] 
6564.435: [GC (Allocation Failure) [PSYoungGen: 26193406K->754121K(26355712K)] 27914348K->2475543K(29501440K), 0.1107051 secs] [Times: user=5.37 sys=0.01, real=0.11 secs] 
6567.668: [GC (Allocation Failure) [PSYoungGen: 26202569K->828536K(26355712K)] 27923991K->2550462K(29501440K), 0.1159504 secs] [Times: user=5.85 sys=0.00, real=0.12 secs] 
6571.013: [GC (Allocation Failure) [PSYoungGen: 26276984K->907235K(26355712K)] 27998910K->2651809K(29501440K), 0.1234611 secs] [Times: user=6.47 sys=0.01, real=0.12 secs] 
6574.355: [GC (Allocation Failure) [PSYoungGen: 26355683K->870032K(26355712K)] 28100257K->2615127K(29501440K), 0.1382314 secs] [Times: user=7.15 sys=0.00, real=0.14 secs] 
6577.589: [GC (Allocation Failure) [PSYoungGen: 26318480K->848694K(26355712K)] 28063575K->2594284K(29501440K), 0.1451620 secs] [Times: user=7.54 sys=0.01, real=0.15 secs] 
6580.819: [GC (Allocation Failure) [PSYoungGen: 26297142K->807682K(26355712K)] 28042732K->2553816K(29501440K), 0.1306338 secs] [Times: user=6.96 sys=0.00, real=0.13 secs] 
6583.959: [GC (Allocation Failure) [PSYoungGen: 26256130K->907233K(26355712K)] 28002264K->2665512K(29501440K), 0.1203686 secs] [Times: user=6.29 sys=0.00, real=0.12 secs] 
6587.120: [GC (Allocation Failure) [PSYoungGen: 26355681K->874951K(26355712K)] 28113960K->2633886K(29501440K), 0.1156801 secs] [Times: user=6.04 sys=0.00, real=0.12 secs] 
6590.371: [GC (Allocation Failure) [PSYoungGen: 26323399K->751172K(26355712K)] 28082334K->2510626K(29501440K), 0.1057263 secs] [Times: user=5.37 sys=0.01, real=0.11 secs] 
6593.572: [GC (Allocation Failure) [PSYoungGen: 26199620K->807214K(26355712K)] 27959074K->2567205K(29501440K), 0.1117354 secs] [Times: user=5.65 sys=0.01, real=0.12 secs] 
6596.828: [GC (Allocation Failure) [PSYoungGen: 26255662K->790523K(26355712K)] 28015653K->2551033K(29501440K), 0.1079546 secs] [Times: user=5.71 sys=0.01, real=0.11 secs] 
6600.084: [GC (Allocation Failure) [PSYoungGen: 26238971K->849884K(26355712K)] 27999481K->2610931K(29501440K), 0.1112466 secs] [Times: user=5.85 sys=0.00, real=0.11 secs] 
6603.369: [GC (Allocation Failure) [PSYoungGen: 26298332K->731274K(26355712K)] 28059379K->2492849K(29501440K), 0.1023086 secs] [Times: user=5.38 sys=0.00, real=0.10 secs] 
6606.635: [GC (Allocation Failure) [PSYoungGen: 26179722K->782319K(26355712K)] 27941297K->2544581K(29501440K), 0.1109789 secs] [Times: user=5.70 sys=0.01, real=0.11 secs] 
6609.794: [GC (Allocation Failure) [PSYoungGen: 26230767K->796985K(26355712K)] 27993029K->2559808K(29501440K), 0.1127546 secs] [Times: user=5.81 sys=0.00, real=0.11 secs] 
6612.995: [GC (Allocation Failure) [PSYoungGen: 26245433K->839172K(26355712K)] 28008256K->2602514K(29501440K), 0.1176396 secs] [Times: user=6.06 sys=0.01, real=0.12 secs] 
6616.230: [GC (Allocation Failure) [PSYoungGen: 26287620K->741475K(26355712K)] 28050962K->2505337K(29501440K), 0.1071794 secs] [Times: user=5.46 sys=0.01, real=0.11 secs] 
6619.340: [GC (Allocation Failure) [PSYoungGen: 26189923K->745138K(26355712K)] 27953785K->2509664K(29501440K), 0.1077611 secs] [Times: user=5.44 sys=0.01, real=0.11 secs] 
6622.474: [GC (Allocation Failure) [PSYoungGen: 26193586K->817058K(26355712K)] 27958112K->2582097K(29501440K), 0.1171693 secs] [Times: user=5.92 sys=0.00, real=0.11 secs] 
6625.622: [GC (Allocation Failure) [PSYoungGen: 26265506K->784479K(26355712K)] 28030545K->2550037K(29501440K), 0.1122618 secs] [Times: user=5.66 sys=0.00, real=0.12 secs] 
6628.870: [GC (Allocation Failure) [PSYoungGen: 26232927K->860710K(26355712K)] 27998485K->2626797K(29501440K), 0.1172609 secs] [Times: user=6.25 sys=0.00, real=0.12 secs] 
6632.086: [GC (Allocation Failure) [PSYoungGen: 26309158K->890051K(26355712K)] 28075245K->2656905K(29501440K), 0.1417237 secs] [Times: user=7.40 sys=0.00, real=0.14 secs] 
6635.168: [GC (Allocation Failure) [PSYoungGen: 26338499K->875408K(26355712K)] 28105353K->2642750K(29501440K), 0.1222557 secs] [Times: user=5.91 sys=0.00, real=0.12 secs] 
6638.341: [GC (Allocation Failure) [PSYoungGen: 26323856K->760010K(26355712K)] 28091198K->2527889K(29501440K), 0.1097419 secs] [Times: user=5.57 sys=0.01, real=0.11 secs] 
6641.584: [GC (Allocation Failure) [PSYoungGen: 26208458K->789621K(26355712K)] 27976337K->2558011K(29501440K), 0.1115458 secs] [Times: user=5.69 sys=0.00, real=0.11 secs] 
6644.719: [GC (Allocation Failure) [PSYoungGen: 26238069K->847942K(26355712K)] 28006459K->2616925K(29501440K), 0.1178412 secs] [Times: user=5.98 sys=0.01, real=0.12 secs] 
6647.950: [GC (Allocation Failure) [PSYoungGen: 26296390K->771530K(26355712K)] 28065373K->2541032K(29501440K), 0.1082042 secs] [Times: user=5.56 sys=0.00, real=0.11 secs] 
6651.157: [GC (Allocation Failure) [PSYoungGen: 26219978K->907258K(26355712K)] 27989480K->2721456K(29501440K), 0.1340936 secs] [Times: user=6.76 sys=0.01, real=0.13 secs] 
6654.225: [GC (Allocation Failure) [PSYoungGen: 26355706K->880963K(26355712K)] 28169904K->2695649K(29501440K), 0.1144708 secs] [Times: user=6.15 sys=0.00, real=0.11 secs] 
6657.309: [GC (Allocation Failure) [PSYoungGen: 26329411K->813123K(26355712K)] 28144097K->2628297K(29501440K), 0.1089293 secs] [Times: user=5.78 sys=0.01, real=0.11 secs] 
6660.590: [GC (Allocation Failure) [PSYoungGen: 26261571K->846506K(26355712K)] 28076745K->2662184K(29501440K), 0.1320802 secs] [Times: user=6.48 sys=0.01, real=0.13 secs] 
6663.802: [GC (Allocation Failure) [PSYoungGen: 26294954K->882183K(26355712K)] 28110632K->2698405K(29501440K), 0.1450956 secs] [Times: user=7.80 sys=0.01, real=0.15 secs] 
6666.981: [GC (Allocation Failure) [PSYoungGen: 26330631K->833179K(26355712K)] 28146853K->2649913K(29501440K), 0.1545198 secs] [Times: user=7.77 sys=0.00, real=0.16 secs] 
6670.062: [GC (Allocation Failure) [PSYoungGen: 26281627K->907239K(26355712K)] 28098361K->2742589K(29501440K), 0.1468169 secs] [Times: user=7.52 sys=0.01, real=0.15 secs] 
6673.132: [GC (Allocation Failure) [PSYoungGen: 26355687K->907256K(26355712K)] 28191037K->2756030K(29501440K), 0.1213067 secs] [Times: user=6.17 sys=0.01, real=0.13 secs] 
6676.211: [GC (Allocation Failure) [PSYoungGen: 26355704K->830527K(26355712K)] 28204478K->2679766K(29501440K), 0.1127253 secs] [Times: user=5.71 sys=0.01, real=0.12 secs] 
6679.411: [GC (Allocation Failure) [PSYoungGen: 26278975K->815795K(26355712K)] 28128214K->2665577K(29501440K), 0.1085022 secs] [Times: user=5.71 sys=0.01, real=0.11 secs] 
6682.814: [GC (Allocation Failure) [PSYoungGen: 26264243K->798432K(26355712K)] 28114025K->2648694K(29501440K), 0.1104301 secs] [Times: user=5.75 sys=0.00, real=0.11 secs] 
6685.704: [GC (Allocation Failure) [PSYoungGen: 26246880K->848827K(26355712K)] 28097142K->2699617K(29501440K), 0.1176408 secs] [Times: user=5.96 sys=0.01, real=0.11 secs] 
6688.903: [GC (Allocation Failure) [PSYoungGen: 26297275K->768866K(26355712K)] 28148065K->2620168K(29501440K), 0.1121316 secs] [Times: user=5.48 sys=0.00, real=0.11 secs] 
6691.985: [GC (Allocation Failure) [PSYoungGen: 26217314K->804649K(26355712K)] 28068616K->2656432K(29501440K), 0.1186260 secs] [Times: user=5.88 sys=0.00, real=0.12 secs] 
6695.435: [GC (Allocation Failure) [PSYoungGen: 26253097K->714608K(26355712K)] 28104880K->2566919K(29501440K), 0.1226500 secs] [Times: user=6.32 sys=0.02, real=0.12 secs] 
6698.160: [GC (Allocation Failure) [PSYoungGen: 26163056K->907243K(26355712K)] 28015367K->2960705K(29501440K), 0.1717013 secs] [Times: user=9.24 sys=0.00, real=0.17 secs] 
6701.142: [GC (Allocation Failure) [PSYoungGen: 26355691K->907258K(26355712K)] 28409153K->3034665K(29501440K), 0.1440527 secs] [Times: user=7.62 sys=0.00, real=0.15 secs] 
6704.259: [GC (Allocation Failure) [PSYoungGen: 26355706K->907233K(26355712K)] 28483113K->3037271K(29501440K), 0.1249482 secs] [Times: user=6.46 sys=0.01, real=0.13 secs] 
6707.333: [GC (Allocation Failure) [PSYoungGen: 26355681K->732572K(26355712K)] 28485719K->2863139K(29501440K), 0.1021173 secs] [Times: user=5.36 sys=0.00, real=0.10 secs] 
6710.444: [GC (Allocation Failure) [PSYoungGen: 26181020K->859917K(26355712K)] 28311587K->2990995K(29501440K), 0.1137045 secs] [Times: user=6.06 sys=0.00, real=0.11 secs] 
6713.566: [GC (Allocation Failure) [PSYoungGen: 26308365K->824445K(26355712K)] 28439443K->2957188K(29501440K), 0.1242508 secs] [Times: user=6.40 sys=0.01, real=0.12 secs] 
6716.824: [GC (Allocation Failure) [PSYoungGen: 26272893K->811792K(26355712K)] 28405636K->2945230K(29501440K), 0.1241214 secs] [Times: user=6.39 sys=0.00, real=0.12 secs] 
6719.981: [GC (Allocation Failure) [PSYoungGen: 26260240K->774269K(26355712K)] 28393678K->2908451K(29501440K), 0.1085572 secs] [Times: user=5.50 sys=0.00, real=0.11 secs] 
6723.107: [GC (Allocation Failure) [PSYoungGen: 26222717K->773886K(26355712K)] 28356899K->2908628K(29501440K), 0.1090211 secs] [Times: user=5.40 sys=0.01, real=0.11 secs] 
6726.265: [GC (Allocation Failure) [PSYoungGen: 26222334K->894940K(26355712K)] 28357076K->3030162K(29501440K), 0.1240586 secs] [Times: user=6.24 sys=0.00, real=0.12 secs] 
6729.421: [GC (Allocation Failure) [PSYoungGen: 26343388K->806585K(26355712K)] 28478610K->2942343K(29501440K), 0.1117537 secs] [Times: user=5.85 sys=0.00, real=0.12 secs] 
6732.572: [GC (Allocation Failure) [PSYoungGen: 26255033K->890116K(26355712K)] 28390791K->3026403K(29501440K), 0.1163291 secs] [Times: user=6.18 sys=0.00, real=0.12 secs] 
6735.719: [GC (Allocation Failure) [PSYoungGen: 26338564K->806952K(26355712K)] 28474851K->2943726K(29501440K), 0.1108874 secs] [Times: user=5.61 sys=0.01, real=0.11 secs] 
6738.811: [GC (Allocation Failure) [PSYoungGen: 26255400K->749531K(26355712K)] 28392174K->2886978K(29501440K), 0.1055603 secs] [Times: user=5.47 sys=0.00, real=0.11 secs] 
6742.086: [GC (Allocation Failure) [PSYoungGen: 26197979K->856870K(26355712K)] 28335426K->2994892K(29501440K), 0.1209439 secs] [Times: user=5.99 sys=0.00, real=0.12 secs] 
6745.228: [GC (Allocation Failure) [PSYoungGen: 26305318K->854505K(26355712K)] 28443340K->2993200K(29501440K), 0.1138061 secs] [Times: user=6.09 sys=0.00, real=0.11 secs] 
6748.337: [GC (Allocation Failure) [PSYoungGen: 26302953K->867325K(26355712K)] 28441648K->3006787K(29501440K), 0.1284198 secs] [Times: user=6.47 sys=0.01, real=0.13 secs] 
6751.385: [GC (Allocation Failure) [PSYoungGen: 26315773K->825608K(26355712K)] 28455235K->2965886K(29501440K), 0.1142799 secs] [Times: user=5.85 sys=0.00, real=0.11 secs] 
6754.397: [GC (Allocation Failure) [PSYoungGen: 26274056K->834468K(26355712K)] 28414334K->2975331K(29501440K), 0.1147101 secs] [Times: user=6.11 sys=0.00, real=0.11 secs] 
6757.527: [GC (Allocation Failure) [PSYoungGen: 26282916K->787154K(26355712K)] 28423779K->2928601K(29501440K), 0.1114059 secs] [Times: user=5.63 sys=0.00, real=0.11 secs] 
6760.705: [GC (Allocation Failure) [PSYoungGen: 26235602K->816323K(26355712K)] 28377049K->2958289K(29501440K), 0.1103740 secs] [Times: user=5.78 sys=0.01, real=0.11 secs] 
6763.841: [GC (Allocation Failure) [PSYoungGen: 26264771K->798192K(26355712K)] 28406737K->2940671K(29501440K), 0.1158651 secs] [Times: user=5.88 sys=0.00, real=0.12 secs] 
6766.948: [GC (Allocation Failure) [PSYoungGen: 26246640K->795757K(26355712K)] 28389119K->2938724K(29501440K), 0.1091174 secs] [Times: user=5.69 sys=0.00, real=0.11 secs] 
6770.102: [GC (Allocation Failure) [PSYoungGen: 26244205K->793419K(26355712K)] 28387172K->2936969K(29501440K), 0.1108268 secs] [Times: user=5.68 sys=0.00, real=0.12 secs] 
6773.204: [GC (Allocation Failure) [PSYoungGen: 26241867K->861591K(26355712K)] 28385417K->3005774K(29501440K), 0.1213544 secs] [Times: user=5.96 sys=0.00, real=0.12 secs] 
6776.258: [GC (Allocation Failure) [PSYoungGen: 26310039K->804287K(26355712K)] 28454222K->2948957K(29501440K), 0.1200618 secs] [Times: user=5.82 sys=0.01, real=0.12 secs] 
6779.345: [GC (Allocation Failure) [PSYoungGen: 26252735K->882283K(26355712K)] 28397405K->3027449K(29501440K), 0.1239074 secs] [Times: user=6.15 sys=0.01, real=0.12 secs] 
6782.593: [GC (Allocation Failure) [PSYoungGen: 26330731K->780418K(26355712K)] 28475897K->2926096K(29501440K), 0.1343896 secs] [Times: user=6.89 sys=0.01, real=0.13 secs] 
6785.708: [GC (Allocation Failure) [PSYoungGen: 26228866K->885282K(26355712K)] 28374544K->3031513K(29501440K), 0.1578672 secs] [Times: user=8.34 sys=0.01, real=0.16 secs] 
6788.743: [GC (Allocation Failure) [PSYoungGen: 26333730K->907232K(26355712K)] 28479961K->3066470K(29501440K), 0.1517806 secs] [Times: user=7.83 sys=0.01, real=0.15 secs] 
6791.790: [GC (Allocation Failure) [PSYoungGen: 26355680K->812062K(26355712K)] 28514918K->2971828K(29501440K), 0.1387319 secs] [Times: user=6.60 sys=0.01, real=0.14 secs] 
6795.029: [GC (Allocation Failure) [PSYoungGen: 26260510K->883694K(26355712K)] 28420276K->3043996K(29501440K), 0.1246162 secs] [Times: user=6.37 sys=0.01, real=0.13 secs] 
6798.024: [GC (Allocation Failure) [PSYoungGen: 26332142K->888515K(26355712K)] 28492444K->3049345K(29501440K), 0.1174893 secs] [Times: user=6.26 sys=0.00, real=0.11 secs] 
6801.135: [GC (Allocation Failure) [PSYoungGen: 26336963K->907255K(26355712K)] 28497793K->3074525K(29501440K), 0.1249747 secs] [Times: user=6.32 sys=0.00, real=0.12 secs] 
6804.202: [GC (Allocation Failure) [PSYoungGen: 26355703K->899939K(26355712K)] 28522973K->3067697K(29501440K), 0.1181669 secs] [Times: user=6.20 sys=0.00, real=0.12 secs] 
6807.209: [GC (Allocation Failure) [PSYoungGen: 26348387K->853489K(26355712K)] 28516145K->3021712K(29501440K), 0.1130285 secs] [Times: user=5.92 sys=0.00, real=0.11 secs] 
6810.191: [GC (Allocation Failure) [PSYoungGen: 26301937K->799950K(26355712K)] 28470160K->2968660K(29501440K), 0.1112359 secs] [Times: user=5.70 sys=0.00, real=0.12 secs] 
6813.389: [GC (Allocation Failure) [PSYoungGen: 26248398K->731461K(26355712K)] 28417108K->2900691K(29501440K), 0.1064061 secs] [Times: user=5.43 sys=0.00, real=0.11 secs] 
6816.430: [GC (Allocation Failure) [PSYoungGen: 26179909K->819397K(26355712K)] 28349139K->2989115K(29501440K), 0.1119805 secs] [Times: user=5.82 sys=0.00, real=0.11 secs] 
6819.486: [GC (Allocation Failure) [PSYoungGen: 26267845K->829145K(26355712K)] 28437563K->2999392K(29501440K), 0.1154396 secs] [Times: user=6.01 sys=0.00, real=0.11 secs] 
6822.605: [GC (Allocation Failure) [PSYoungGen: 26277593K->791506K(26355712K)] 28447840K->2962216K(29501440K), 0.1161516 secs] [Times: user=5.71 sys=0.01, real=0.11 secs] 
6825.668: [GC (Allocation Failure) [PSYoungGen: 26239954K->744415K(26355712K)] 28410664K->2915645K(29501440K), 0.1084463 secs] [Times: user=5.32 sys=0.00, real=0.11 secs] 
6828.780: [GC (Allocation Failure) [PSYoungGen: 26192863K->808249K(26355712K)] 28364093K->2979992K(29501440K), 0.1177283 secs] [Times: user=5.82 sys=0.01, real=0.12 secs] 
6831.797: [GC (Allocation Failure) [PSYoungGen: 26256697K->790353K(26355712K)] 28428440K->2962607K(29501440K), 0.1127397 secs] [Times: user=5.69 sys=0.01, real=0.11 secs] 
6834.984: [GC (Allocation Failure) [PSYoungGen: 26238801K->839039K(26355712K)] 28411055K->3011958K(29501440K), 0.1162863 secs] [Times: user=6.19 sys=0.00, real=0.11 secs] 
6838.017: [GC (Allocation Failure) [PSYoungGen: 26287487K->907248K(26355712K)] 28460406K->3091614K(29501440K), 0.1361009 secs] [Times: user=7.22 sys=0.00, real=0.14 secs] 
6841.188: [GC (Allocation Failure) [PSYoungGen: 26355696K->791830K(26355712K)] 28540062K->2976716K(29501440K), 0.1209453 secs] [Times: user=5.96 sys=0.01, real=0.12 secs] 
6844.380: [GC (Allocation Failure) [PSYoungGen: 26240278K->907250K(26355712K)] 28425164K->3102544K(29501440K), 0.1560177 secs] [Times: user=8.03 sys=0.01, real=0.16 secs] 
6847.507: [GC (Allocation Failure) [PSYoungGen: 26355698K->816894K(26355712K)] 28550992K->3012901K(29501440K), 0.1367935 secs] [Times: user=6.91 sys=0.01, real=0.14 secs] 
6850.539: [GC (Allocation Failure) [PSYoungGen: 26265342K->814158K(26355712K)] 28461349K->3010717K(29501440K), 0.1431589 secs] [Times: user=7.53 sys=0.01, real=0.14 secs] 
6853.557: [GC (Allocation Failure) [PSYoungGen: 26262606K->835094K(26355712K)] 28459165K->3032213K(29501440K), 0.1193687 secs] [Times: user=5.97 sys=0.00, real=0.12 secs] 
6856.537: [GC (Allocation Failure) [PSYoungGen: 26283542K->796382K(26355712K)] 28480661K->2994124K(29501440K), 0.1106674 secs] [Times: user=5.84 sys=0.01, real=0.11 secs] 
6860.015: [GC (Allocation Failure) [PSYoungGen: 26244830K->810957K(26355712K)] 28442572K->3009195K(29501440K), 0.1138135 secs] [Times: user=5.74 sys=0.01, real=0.11 secs] 
6862.889: [GC (Allocation Failure) [PSYoungGen: 26259405K->878346K(26355712K)] 28457643K->3077088K(29501440K), 0.1337414 secs] [Times: user=7.07 sys=0.00, real=0.14 secs] 
6866.023: [GC (Allocation Failure) [PSYoungGen: 26326794K->818389K(26355712K)] 28525536K->3017619K(29501440K), 0.1279353 secs] [Times: user=6.35 sys=0.00, real=0.12 secs] 
6869.221: [GC (Allocation Failure) [PSYoungGen: 26266837K->896859K(26355712K)] 28466067K->3096610K(29501440K), 0.1234463 secs] [Times: user=6.43 sys=0.01, real=0.13 secs] 
6872.140: [GC (Allocation Failure) [PSYoungGen: 26345307K->785105K(26355712K)] 28545058K->2985479K(29501440K), 0.1095281 secs] [Times: user=5.52 sys=0.00, real=0.11 secs] 
6875.183: [GC (Allocation Failure) [PSYoungGen: 26233553K->738318K(26355712K)] 28433927K->2939245K(29501440K), 0.1071020 secs] [Times: user=5.55 sys=0.00, real=0.10 secs] 
6878.323: [GC (Allocation Failure) [PSYoungGen: 26186766K->855086K(26355712K)] 28387693K->3056517K(29501440K), 0.1314452 secs] [Times: user=6.79 sys=0.00, real=0.13 secs] 
6881.375: [GC (Allocation Failure) [PSYoungGen: 26303534K->891873K(26355712K)] 28504965K->3093800K(29501440K), 0.1476387 secs] [Times: user=7.37 sys=0.00, real=0.15 secs] 
6884.429: [GC (Allocation Failure) [PSYoungGen: 26340321K->845338K(26355712K)] 28542248K->3047968K(29501440K), 0.1380869 secs] [Times: user=7.08 sys=0.00, real=0.14 secs] 
6887.739: [GC (Allocation Failure) [PSYoungGen: 26293786K->700715K(26355712K)] 28496416K->2903881K(29501440K), 0.1061853 secs] [Times: user=5.37 sys=0.01, real=0.11 secs] 
6890.750: [GC (Allocation Failure) [PSYoungGen: 26149163K->720398K(26355712K)] 28352329K->2924237K(29501440K), 0.1053955 secs] [Times: user=5.40 sys=0.01, real=0.11 secs] 
6893.558: [GC (Allocation Failure) [PSYoungGen: 26168846K->721564K(26355712K)] 28372685K->2925906K(29501440K), 0.1067439 secs] [Times: user=5.22 sys=0.01, real=0.11 secs] 
6896.585: [GC (Allocation Failure) [PSYoungGen: 26170012K->793175K(26355712K)] 28374354K->2998053K(29501440K), 0.1185780 secs] [Times: user=5.76 sys=0.00, real=0.12 secs] 
6899.606: [GC (Allocation Failure) [PSYoungGen: 26241623K->813359K(26355712K)] 28446501K->3018757K(29501440K), 0.1124776 secs] [Times: user=5.61 sys=0.01, real=0.11 secs] 
6902.713: [GC (Allocation Failure) [PSYoungGen: 26261807K->801718K(26355712K)] 28467205K->3007613K(29501440K), 0.1109762 secs] [Times: user=5.81 sys=0.02, real=0.11 secs] 
6905.700: [GC (Allocation Failure) [PSYoungGen: 26250166K->752900K(26355712K)] 28456061K->2959322K(29501440K), 0.1041586 secs] [Times: user=5.47 sys=0.01, real=0.11 secs] 
6908.754: [GC (Allocation Failure) [PSYoungGen: 26201348K->744596K(26355712K)] 28407770K->2951538K(29501440K), 0.1047484 secs] [Times: user=5.51 sys=0.01, real=0.10 secs] 
6911.786: [GC (Allocation Failure) [PSYoungGen: 26193044K->760984K(26355712K)] 28399986K->2968422K(29501440K), 0.1099359 secs] [Times: user=5.34 sys=0.01, real=0.11 secs] 
6915.121: [GC (Allocation Failure) [PSYoungGen: 26209432K->704459K(26355712K)] 28416870K->2912434K(29501440K), 0.1064143 secs] [Times: user=5.32 sys=0.01, real=0.11 secs] 
6917.939: [GC (Allocation Failure) [PSYoungGen: 26152907K->819023K(26355712K)] 28360882K->3027493K(29501440K), 0.1149437 secs] [Times: user=5.90 sys=0.00, real=0.12 secs] 
6920.962: [GC (Allocation Failure) [PSYoungGen: 26267471K->850735K(26355712K)] 28475941K->3059742K(29501440K), 0.1197370 secs] [Times: user=6.12 sys=0.01, real=0.12 secs] 
6923.906: [GC (Allocation Failure) [PSYoungGen: 26299183K->791785K(26355712K)] 28508190K->3001328K(29501440K), 0.1074239 secs] [Times: user=5.40 sys=0.00, real=0.11 secs] 
6926.930: [GC (Allocation Failure) [PSYoungGen: 26240233K->840230K(26355712K)] 28449776K->3050301K(29501440K), 0.1164021 secs] [Times: user=5.87 sys=0.00, real=0.12 secs] 
6930.031: [GC (Allocation Failure) [PSYoungGen: 26288678K->797575K(26355712K)] 28498749K->3008174K(29501440K), 0.1184352 secs] [Times: user=5.92 sys=0.01, real=0.12 secs] 
6933.136: [GC (Allocation Failure) [PSYoungGen: 26246023K->726347K(26355712K)] 28456622K->2937473K(29501440K), 0.1032150 secs] [Times: user=5.42 sys=0.01, real=0.10 secs] 
6936.037: [GC (Allocation Failure) [PSYoungGen: 26174795K->892296K(26355712K)] 28385921K->3103934K(29501440K), 0.1213874 secs] [Times: user=6.07 sys=0.01, real=0.12 secs] 
6939.337: [GC (Allocation Failure) [PSYoungGen: 26340744K->753397K(26355712K)] 28552382K->2965547K(29501440K), 0.1084238 secs] [Times: user=5.47 sys=0.01, real=0.11 secs] 
6942.337: [GC (Allocation Failure) [PSYoungGen: 26201845K->706080K(26355712K)] 28413995K->2918775K(29501440K), 0.1061413 secs] [Times: user=5.22 sys=0.01, real=0.11 secs] 
6945.228: [GC (Allocation Failure) [PSYoungGen: 26154528K->703775K(26355712K)] 28367223K->2917022K(29501440K), 0.1056324 secs] [Times: user=5.29 sys=0.00, real=0.11 secs] 
6948.421: [GC (Allocation Failure) [PSYoungGen: 26152223K->789056K(26355712K)] 28365470K->3002830K(29501440K), 0.1091567 secs] [Times: user=5.55 sys=0.00, real=0.11 secs] 
6951.437: [GC (Allocation Failure) [PSYoungGen: 26237504K->818251K(26355712K)] 28451278K->3032554K(29501440K), 0.1401905 secs] [Times: user=7.46 sys=0.00, real=0.14 secs] 
6954.361: [GC (Allocation Failure) [PSYoungGen: 26266699K->765857K(26355712K)] 28481002K->2980727K(29501440K), 0.1357886 secs] [Times: user=7.11 sys=0.00, real=0.14 secs] 
6957.543: [GC (Allocation Failure) [PSYoungGen: 26214305K->775533K(26355712K)] 28429175K->2990964K(29501440K), 0.1045702 secs] [Times: user=5.48 sys=0.00, real=0.10 secs] 
6960.253: [GC (Allocation Failure) [PSYoungGen: 26223981K->774152K(26355712K)] 28439412K->2990102K(29501440K), 0.1104091 secs] [Times: user=5.67 sys=0.00, real=0.11 secs] 
6963.264: [GC (Allocation Failure) [PSYoungGen: 26222600K->724591K(26355712K)] 28438550K->2941118K(29501440K), 0.1073677 secs] [Times: user=5.31 sys=0.00, real=0.10 secs] 
6966.289: [GC (Allocation Failure) [PSYoungGen: 26173039K->785253K(26355712K)] 28389566K->3002308K(29501440K), 0.1089680 secs] [Times: user=5.81 sys=0.01, real=0.11 secs] 
6969.278: [GC (Allocation Failure) [PSYoungGen: 26233701K->785351K(26355712K)] 28450756K->3002902K(29501440K), 0.1113160 secs] [Times: user=5.74 sys=0.00, real=0.11 secs] 
6972.268: [GC (Allocation Failure) [PSYoungGen: 26233799K->712985K(26355712K)] 28451350K->2931007K(29501440K), 0.1086790 secs] [Times: user=5.32 sys=0.00, real=0.11 secs] 
6975.434: [GC (Allocation Failure) [PSYoungGen: 26161433K->685515K(26355712K)] 28379455K->2904058K(29501440K), 0.1027827 secs] [Times: user=5.27 sys=0.01, real=0.10 secs] 
6978.358: [GC (Allocation Failure) [PSYoungGen: 26133963K->850440K(26355712K)] 28352506K->3069503K(29501440K), 0.1162579 secs] [Times: user=6.14 sys=0.01, real=0.12 secs] 
6981.344: [GC (Allocation Failure) [PSYoungGen: 26298888K->737004K(26355712K)] 28517951K->2956578K(29501440K), 0.1085000 secs] [Times: user=5.20 sys=0.00, real=0.11 secs] 
6984.366: [GC (Allocation Failure) [PSYoungGen: 26185452K->757572K(26355712K)] 28405026K->2977658K(29501440K), 0.1135975 secs] [Times: user=5.37 sys=0.00, real=0.11 secs] 
6987.399: [GC (Allocation Failure) [PSYoungGen: 26206020K->730614K(26355712K)] 28426106K->2951212K(29501440K), 0.1061302 secs] [Times: user=5.26 sys=0.00, real=0.11 secs] 
6990.488: [GC (Allocation Failure) [PSYoungGen: 26179062K->661547K(26355712K)] 28399660K->2882665K(29501440K), 0.1019192 secs] [Times: user=5.14 sys=0.00, real=0.10 secs] 
6993.391: [GC (Allocation Failure) [PSYoungGen: 26109995K->735406K(26355712K)] 28331113K->2957061K(29501440K), 0.1056745 secs] [Times: user=5.30 sys=0.00, real=0.11 secs] 
6996.395: [GC (Allocation Failure) [PSYoungGen: 26183854K->863675K(26355712K)] 28405509K->3085777K(29501440K), 0.1310080 secs] [Times: user=6.50 sys=0.00, real=0.13 secs] 
6999.385: [GC (Allocation Failure) [PSYoungGen: 26312123K->799119K(26355712K)] 28534225K->3021742K(29501440K), 0.1573592 secs] [Times: user=7.91 sys=0.00, real=0.16 secs] 
7002.427: [GC (Allocation Failure) [PSYoungGen: 26247567K->751910K(26355712K)] 28470190K->2975052K(29501440K), 0.1431268 secs] [Times: user=7.45 sys=0.00, real=0.14 secs] 
7005.274: [GC (Allocation Failure) [PSYoungGen: 26200358K->806272K(26355712K)] 28423500K->3029951K(29501440K), 0.1372728 secs] [Times: user=7.09 sys=0.00, real=0.13 secs] 
7008.250: [GC (Allocation Failure) [PSYoungGen: 26254720K->789446K(26355712K)] 28478399K->3013716K(29501440K), 0.1090981 secs] [Times: user=5.64 sys=0.00, real=0.11 secs] 
7011.301: [GC (Allocation Failure) [PSYoungGen: 26237894K->774949K(26355712K)] 28462164K->2999732K(29501440K), 0.1105511 secs] [Times: user=5.63 sys=0.00, real=0.11 secs] 
7014.347: [GC (Allocation Failure) [PSYoungGen: 26223397K->810998K(26355712K)] 28448180K->3036284K(29501440K), 0.1190758 secs] [Times: user=5.79 sys=0.00, real=0.12 secs] 
7017.299: [GC (Allocation Failure) [PSYoungGen: 26259446K->771559K(26355712K)] 28484732K->2997374K(29501440K), 0.1104295 secs] [Times: user=5.62 sys=0.00, real=0.11 secs] 
7020.315: [GC (Allocation Failure) [PSYoungGen: 26220007K->812672K(26355712K)] 28445822K->3039006K(29501440K), 0.1164458 secs] [Times: user=5.65 sys=0.00, real=0.11 secs] 
7023.282: [GC (Allocation Failure) [PSYoungGen: 26261120K->806749K(26355712K)] 28487454K->3033620K(29501440K), 0.1194166 secs] [Times: user=5.90 sys=0.00, real=0.12 secs] 
7026.315: [GC (Allocation Failure) [PSYoungGen: 26255197K->731506K(26355712K)] 28482068K->2958872K(29501440K), 0.1107417 secs] [Times: user=5.45 sys=0.01, real=0.11 secs] 
7029.285: [GC (Allocation Failure) [PSYoungGen: 26179954K->796118K(26355712K)] 28407320K->3024012K(29501440K), 0.1104809 secs] [Times: user=5.79 sys=0.01, real=0.11 secs] 
7032.275: [GC (Allocation Failure) [PSYoungGen: 26244566K->705072K(26355712K)] 28472460K->2933487K(29501440K), 0.1081641 secs] [Times: user=5.47 sys=0.01, real=0.11 secs] 
7035.134: [GC (Allocation Failure) [PSYoungGen: 26153520K->907262K(26355712K)] 28381935K->3142996K(29501440K), 0.1243517 secs] [Times: user=6.48 sys=0.01, real=0.12 secs] 
7038.009: [GC (Allocation Failure) [PSYoungGen: 26355710K->827570K(26355712K)] 28591444K->3063809K(29501440K), 0.1076517 secs] [Times: user=5.73 sys=0.01, real=0.11 secs] 
7041.086: [GC (Allocation Failure) [PSYoungGen: 26276018K->830718K(26355712K)] 28512257K->3067445K(29501440K), 0.1161315 secs] [Times: user=5.76 sys=0.00, real=0.11 secs] 
7044.215: [GC (Allocation Failure) [PSYoungGen: 26279166K->738507K(26355712K)] 28515893K->2975714K(29501440K), 0.1164663 secs] [Times: user=5.31 sys=0.01, real=0.11 secs] 
7047.216: [GC (Allocation Failure) [PSYoungGen: 26186955K->755396K(26355712K)] 28424162K->2993098K(29501440K), 0.1294237 secs] [Times: user=6.21 sys=0.00, real=0.13 secs] 
7050.042: [GC (Allocation Failure) [PSYoungGen: 26203844K->907246K(26355712K)] 28441546K->3174932K(29501440K), 0.1508449 secs] [Times: user=7.79 sys=0.00, real=0.16 secs] 
7052.985: [GC (Allocation Failure) [PSYoungGen: 26355694K->907245K(26355712K)] 28623380K->3177323K(29501440K), 0.1157997 secs] [Times: user=6.04 sys=0.00, real=0.11 secs] 
7055.883: [GC (Allocation Failure) [PSYoungGen: 26355693K->871515K(26355712K)] 28625771K->3142137K(29501440K), 0.1156034 secs] [Times: user=5.85 sys=0.00, real=0.11 secs] 
7058.888: [GC (Allocation Failure) [PSYoungGen: 26319963K->907256K(26355712K)] 28590585K->3178711K(29501440K), 0.1457418 secs] [Times: user=6.99 sys=0.00, real=0.15 secs] 
7061.937: [GC (Allocation Failure) [PSYoungGen: 26355704K->854178K(26355712K)] 28627159K->3126144K(29501440K), 0.1178860 secs] [Times: user=6.04 sys=0.00, real=0.12 secs] 
7064.917: [GC (Allocation Failure) [PSYoungGen: 26302626K->907238K(26355712K)] 28574592K->3218965K(29501440K), 0.1306110 secs] [Times: user=6.72 sys=0.00, real=0.13 secs] 
7067.971: [GC (Allocation Failure) [PSYoungGen: 26355686K->904674K(26355712K)] 28667413K->3216944K(29501440K), 0.1214662 secs] [Times: user=6.21 sys=0.00, real=0.13 secs] 
7070.915: [GC (Allocation Failure) [PSYoungGen: 26353122K->836494K(26355712K)] 28665392K->3149292K(29501440K), 0.1115168 secs] [Times: user=5.91 sys=0.00, real=0.11 secs] 
7073.982: [GC (Allocation Failure) [PSYoungGen: 26284942K->872285K(26355712K)] 28597740K->3185572K(29501440K), 0.1199834 secs] [Times: user=6.16 sys=0.00, real=0.13 secs] 
7076.991: [GC (Allocation Failure) [PSYoungGen: 26320733K->907250K(26355712K)] 28634020K->3234937K(29501440K), 0.1379018 secs] [Times: user=7.26 sys=0.00, real=0.14 secs] 
7079.938: [GC (Allocation Failure) [PSYoungGen: 26355698K->907255K(26355712K)] 28683385K->3260598K(29501440K), 0.1406549 secs] [Times: user=6.99 sys=0.01, real=0.14 secs] 
7082.883: [GC (Allocation Failure) [PSYoungGen: 26355703K->849291K(26355712K)] 28709046K->3203138K(29501440K), 0.1152671 secs] [Times: user=5.90 sys=0.01, real=0.11 secs] 
7085.916: [GC (Allocation Failure) [PSYoungGen: 26297739K->879175K(26355712K)] 28651586K->3233509K(29501440K), 0.1190508 secs] [Times: user=6.04 sys=0.01, real=0.12 secs] 
7088.827: [GC (Allocation Failure) [PSYoungGen: 26327623K->833345K(26355712K)] 28681957K->3188272K(29501440K), 0.1175632 secs] [Times: user=5.77 sys=0.01, real=0.12 secs] 
7091.810: [GC (Allocation Failure) [PSYoungGen: 26281793K->803779K(26355712K)] 28636720K->3159273K(29501440K), 0.1119639 secs] [Times: user=5.66 sys=0.01, real=0.11 secs] 
7094.813: [GC (Allocation Failure) [PSYoungGen: 26252227K->907242K(26355712K)] 28607721K->3283848K(29501440K), 0.1211444 secs] [Times: user=6.45 sys=0.00, real=0.12 secs] 
7097.799: [GC (Allocation Failure) [PSYoungGen: 26355690K->799418K(26355712K)] 28732296K->3176745K(29501440K), 0.1106539 secs] [Times: user=5.45 sys=0.00, real=0.11 secs] 
7100.641: [GC (Allocation Failure) [PSYoungGen: 26247866K->900925K(26355712K)] 28625193K->3278772K(29501440K), 0.1200077 secs] [Times: user=6.37 sys=0.01, real=0.12 secs] 
7103.609: [GC (Allocation Failure) [PSYoungGen: 26349373K->801866K(26355712K)] 28727220K->3180448K(29501440K), 0.1095744 secs] [Times: user=5.53 sys=0.00, real=0.11 secs] 
7106.497: [GC (Allocation Failure) [PSYoungGen: 26250314K->907232K(26355712K)] 28628896K->3307662K(29501440K), 0.1393604 secs] [Times: user=7.19 sys=0.00, real=0.14 secs] 
7109.431: [GC (Allocation Failure) [PSYoungGen: 26355680K->761628K(26355712K)] 28756110K->3162818K(29501440K), 0.1280370 secs] [Times: user=6.40 sys=0.00, real=0.13 secs] 
7112.341: [GC (Allocation Failure) [PSYoungGen: 26210076K->804603K(26355712K)] 28611266K->3206257K(29501440K), 0.1184678 secs] [Times: user=5.93 sys=0.00, real=0.12 secs] 
7115.318: [GC (Allocation Failure) [PSYoungGen: 26253051K->706960K(26355712K)] 28654705K->3109182K(29501440K), 0.1009534 secs] [Times: user=5.14 sys=0.01, real=0.10 secs] 
7118.365: [GC (Allocation Failure) [PSYoungGen: 26155408K->829108K(26355712K)] 28557630K->3231835K(29501440K), 0.1171815 secs] [Times: user=6.21 sys=0.01, real=0.11 secs] 
7121.331: [GC (Allocation Failure) [PSYoungGen: 26277556K->823123K(26355712K)] 28680283K->3226666K(29501440K), 0.1522411 secs] [Times: user=7.95 sys=0.01, real=0.16 secs] 
7124.288: [GC (Allocation Failure) [PSYoungGen: 26271571K->873721K(26355712K)] 28675114K->3277991K(29501440K), 0.1750830 secs] [Times: user=9.33 sys=0.00, real=0.18 secs] 
7127.486: [GC (Allocation Failure) [PSYoungGen: 26322169K->838199K(26355712K)] 28726439K->3242982K(29501440K), 0.1962734 secs] [Times: user=10.52 sys=0.01, real=0.20 secs] 
7130.476: [GC (Allocation Failure) [PSYoungGen: 26286647K->842644K(26355712K)] 28691430K->3247931K(29501440K), 0.1892876 secs] [Times: user=10.18 sys=0.00, real=0.19 secs] 
7133.445: [GC (Allocation Failure) [PSYoungGen: 26291092K->907244K(26355712K)] 28696379K->3335202K(29501440K), 0.1853742 secs] [Times: user=10.00 sys=0.00, real=0.18 secs] 
7136.133: [GC (Allocation Failure) [PSYoungGen: 26355692K->852420K(26355712K)] 28783650K->3280946K(29501440K), 0.1234160 secs] [Times: user=6.56 sys=0.00, real=0.12 secs] 
7139.124: [GC (Allocation Failure) [PSYoungGen: 26300868K->853650K(26355712K)] 28729394K->3282856K(29501440K), 0.1191544 secs] [Times: user=5.88 sys=0.01, real=0.12 secs] 
7142.005: [GC (Allocation Failure) [PSYoungGen: 26302098K->831249K(26355712K)] 28731304K->3260983K(29501440K), 0.1178821 secs] [Times: user=5.93 sys=0.00, real=0.12 secs] 
7144.978: [GC (Allocation Failure) [PSYoungGen: 26279697K->834288K(26355712K)] 28709431K->3264558K(29501440K), 0.1170309 secs] [Times: user=5.99 sys=0.00, real=0.12 secs] 
7148.046: [GC (Allocation Failure) [PSYoungGen: 26282736K->907236K(26355712K)] 28713006K->3420514K(29501440K), 0.1364570 secs] [Times: user=6.98 sys=0.01, real=0.14 secs] 
7150.908: [GC (Allocation Failure) [PSYoungGen: 26355684K->785960K(26355712K)] 28868962K->3299998K(29501440K), 0.1104000 secs] [Times: user=5.42 sys=0.01, real=0.11 secs] 
7153.935: [GC (Allocation Failure) [PSYoungGen: 26234408K->862550K(26355712K)] 28748446K->3377132K(29501440K), 0.1148945 secs] [Times: user=5.91 sys=0.01, real=0.11 secs] 
7156.949: [GC (Allocation Failure) [PSYoungGen: 26310998K->907238K(26355712K)] 28825580K->3422980K(29501440K), 0.1257030 secs] [Times: user=6.22 sys=0.00, real=0.13 secs] 
7159.944: [GC (Allocation Failure) [PSYoungGen: 26355686K->860061K(26355712K)] 28871428K->3376291K(29501440K), 0.1110158 secs] [Times: user=5.68 sys=0.00, real=0.11 secs] 
7162.863: [GC (Allocation Failure) [PSYoungGen: 26308509K->819682K(26355712K)] 28824739K->3336384K(29501440K), 0.1145401 secs] [Times: user=5.62 sys=0.01, real=0.11 secs] 
7165.827: [GC (Allocation Failure) [PSYoungGen: 26268130K->847944K(26355712K)] 28784832K->3365199K(29501440K), 0.1224295 secs] [Times: user=5.99 sys=0.00, real=0.12 secs] 
7168.836: [GC (Allocation Failure) [PSYoungGen: 26296392K->907236K(26355712K)] 28813647K->3457411K(29501440K), 0.1293635 secs] [Times: user=6.68 sys=0.00, real=0.13 secs] 
7171.755: [GC (Allocation Failure) [PSYoungGen: 26355684K->907256K(26355712K)] 28905859K->3505222K(29501440K), 0.1293436 secs] [Times: user=6.68 sys=0.01, real=0.13 secs] 
7174.663: [GC (Allocation Failure) [PSYoungGen: 26355704K->907260K(26355712K)] 28953670K->3510771K(29501440K), 0.1246649 secs] [Times: user=6.25 sys=0.00, real=0.12 secs] 
7177.503: [GC (Allocation Failure) [PSYoungGen: 26355708K->793356K(26355712K)] 28959219K->3397563K(29501440K), 0.1261316 secs] [Times: user=6.22 sys=0.00, real=0.12 secs] 
7180.491: [GC (Allocation Failure) [PSYoungGen: 26241804K->811417K(26355712K)] 28846011K->3416127K(29501440K), 0.1459981 secs] [Times: user=7.61 sys=0.01, real=0.15 secs] 
7183.485: [GC (Allocation Failure) [PSYoungGen: 26259865K->894701K(26355712K)] 28864575K->3499931K(29501440K), 0.1736495 secs] [Times: user=9.08 sys=0.00, real=0.17 secs] 
7186.357: [GC (Allocation Failure) [PSYoungGen: 26343149K->893554K(26355712K)] 28948379K->3499312K(29501440K), 0.1712111 secs] [Times: user=8.97 sys=0.01, real=0.17 secs] 
7189.267: [GC (Allocation Failure) [PSYoungGen: 26342002K->848703K(26355712K)] 28947760K->3454949K(29501440K), 0.1728774 secs] [Times: user=8.57 sys=0.00, real=0.17 secs] 
7191.993: [GC (Allocation Failure) [PSYoungGen: 26297151K->890573K(26355712K)] 28903397K->3497587K(29501440K), 0.1441978 secs] [Times: user=7.51 sys=0.00, real=0.14 secs] 
7194.951: [GC (Allocation Failure) [PSYoungGen: 26339021K->828213K(26355712K)] 28946035K->3435732K(29501440K), 0.1110390 secs] [Times: user=5.82 sys=0.00, real=0.12 secs] 
7197.693: [GC (Allocation Failure) [PSYoungGen: 26276661K->823861K(26355712K)] 28884180K->3431915K(29501440K), 0.1132845 secs] [Times: user=5.94 sys=0.00, real=0.11 secs] 
7200.556: [GC (Allocation Failure) [PSYoungGen: 26272309K->771875K(26355712K)] 28880363K->3380570K(29501440K), 0.1204066 secs] [Times: user=5.86 sys=0.00, real=0.12 secs] 
7203.478: [GC (Allocation Failure) [PSYoungGen: 26220323K->794113K(26355712K)] 28829018K->3403343K(29501440K), 0.1324675 secs] [Times: user=6.61 sys=0.00, real=0.13 secs] 
7206.375: [GC (Allocation Failure) [PSYoungGen: 26242561K->792109K(26355712K)] 28851791K->3401876K(29501440K), 0.1344186 secs] [Times: user=6.63 sys=0.01, real=0.13 secs] 
7209.228: [GC (Allocation Failure) [PSYoungGen: 26240557K->747669K(26355712K)] 28850324K->3357995K(29501440K), 0.1231685 secs] [Times: user=6.18 sys=0.00, real=0.12 secs] 
7212.094: [GC (Allocation Failure) [PSYoungGen: 26196117K->812098K(26355712K)] 28806443K->3423088K(29501440K), 0.1149729 secs] [Times: user=5.86 sys=0.01, real=0.11 secs] 
7215.127: [GC (Allocation Failure) [PSYoungGen: 26260546K->769718K(26355712K)] 28871536K->3381444K(29501440K), 0.1126595 secs] [Times: user=5.72 sys=0.01, real=0.11 secs] 
7217.974: [GC (Allocation Failure) [PSYoungGen: 26218166K->854106K(26355712K)] 28829892K->3466625K(29501440K), 0.1365401 secs] [Times: user=6.86 sys=0.01, real=0.13 secs] 
7220.866: [GC (Allocation Failure) [PSYoungGen: 26302554K->824766K(26355712K)] 28915073K->3437941K(29501440K), 0.1423679 secs] [Times: user=7.38 sys=0.00, real=0.14 secs] 
7223.796: [GC (Allocation Failure) [PSYoungGen: 26273214K->859806K(26355712K)] 28886389K->3473508K(29501440K), 0.1447769 secs] [Times: user=7.32 sys=0.01, real=0.14 secs] 
7226.855: [GC (Allocation Failure) [PSYoungGen: 26308254K->755243K(26355712K)] 28921956K->3369506K(29501440K), 0.1198940 secs] [Times: user=6.10 sys=0.00, real=0.12 secs] 
7229.580: [GC (Allocation Failure) [PSYoungGen: 26203691K->716993K(26355712K)] 28817954K->3331808K(29501440K), 0.1086796 secs] [Times: user=5.37 sys=0.00, real=0.11 secs] 
7232.536: [GC (Allocation Failure) [PSYoungGen: 26165441K->743227K(26355712K)] 28780256K->3358585K(29501440K), 0.1052056 secs] [Times: user=5.48 sys=0.01, real=0.10 secs] 
7235.494: [GC (Allocation Failure) [PSYoungGen: 26191675K->747233K(26355712K)] 28807033K->3363087K(29501440K), 0.1050578 secs] [Times: user=5.30 sys=0.00, real=0.10 secs] 
7238.423: [GC (Allocation Failure) [PSYoungGen: 26195681K->809090K(26355712K)] 28811535K->3425464K(29501440K), 0.1155429 secs] [Times: user=5.77 sys=0.00, real=0.11 secs] 
7241.340: [GC (Allocation Failure) [PSYoungGen: 26257538K->862869K(26355712K)] 28873912K->3479788K(29501440K), 0.1144917 secs] [Times: user=6.00 sys=0.00, real=0.12 secs] 
7244.302: [GC (Allocation Failure) [PSYoungGen: 26311317K->794449K(26355712K)] 28928236K->3411943K(29501440K), 0.1157877 secs] [Times: user=5.78 sys=0.00, real=0.12 secs] 
7247.241: [GC (Allocation Failure) [PSYoungGen: 26242897K->897760K(26355712K)] 28860391K->3515831K(29501440K), 0.1200776 secs] [Times: user=6.01 sys=0.00, real=0.12 secs] 
7250.235: [GC (Allocation Failure) [PSYoungGen: 26346208K->825758K(26355712K)] 28964279K->3444333K(29501440K), 0.1263293 secs] [Times: user=6.48 sys=0.00, real=0.12 secs] 
7262.769: [GC (Allocation Failure) [PSYoungGen: 26274206K->845316K(26355712K)] 28892781K->3464394K(29501440K), 0.1303526 secs] [Times: user=6.62 sys=0.00, real=0.13 secs] 
7265.386: [GC (Allocation Failure) [PSYoungGen: 26293764K->907251K(26355712K)] 28912842K->3542161K(29501440K), 0.1623446 secs] [Times: user=8.31 sys=0.00, real=0.16 secs] 
7268.050: [GC (Allocation Failure) [PSYoungGen: 26355699K->767936K(26355712K)] 28990609K->3404207K(29501440K), 0.1236496 secs] [Times: user=6.14 sys=0.00, real=0.13 secs] 
7270.608: [GC (Allocation Failure) [PSYoungGen: 26216384K->862193K(26355712K)] 28852655K->3498992K(29501440K), 0.1569428 secs] [Times: user=8.03 sys=0.01, real=0.16 secs] 
7273.241: [GC (Allocation Failure) [PSYoungGen: 26310641K->884821K(26355712K)] 28947440K->3522187K(29501440K), 0.1441802 secs] [Times: user=7.48 sys=0.00, real=0.15 secs] 
7275.839: [GC (Allocation Failure) [PSYoungGen: 26333269K->902315K(26355712K)] 28970635K->3540210K(29501440K), 0.1252401 secs] [Times: user=6.67 sys=0.01, real=0.13 secs] 
7278.299: [GC (Allocation Failure) [PSYoungGen: 26350763K->907263K(26355712K)] 28988658K->3843461K(29501440K), 0.1706087 secs] [Times: user=8.85 sys=0.01, real=0.17 secs] 
7282.146: [GC (Allocation Failure) [PSYoungGen: 26355711K->907249K(26355712K)] 29291909K->3871224K(29501440K), 0.1219114 secs] [Times: user=6.48 sys=0.01, real=0.12 secs] 
7284.907: [GC (Allocation Failure) [PSYoungGen: 26355697K->798347K(26355712K)] 29319672K->3762826K(29501440K), 0.1093633 secs] [Times: user=5.54 sys=0.00, real=0.11 secs] 
7287.452: [GC (Allocation Failure) [PSYoungGen: 26246795K->907253K(26355712K)] 29211274K->3887651K(29501440K), 0.1237930 secs] [Times: user=6.18 sys=0.01, real=0.13 secs] 
7289.981: [GC (Allocation Failure) [PSYoungGen: 26355701K->907247K(26355712K)] 29336099K->3889286K(29501440K), 0.1245985 secs] [Times: user=6.02 sys=0.00, real=0.13 secs] 
7292.492: [GC (Allocation Failure) --[PSYoungGen: 26355695K->26355695K(26355712K)] 29337734K->29501422K(29501440K), 8.5347992 secs] [Times: user=17.77 sys=0.03, real=8.54 secs] 
7301.027: [Full GC (Ergonomics) [PSYoungGen: 26355695K->0K(26355712K)] [ParOldGen: 3145726K->1970158K(3145728K)] 29501422K->1970158K(29501440K), [Metaspace: 22658K->22658K(1071104K)], 1.3159557 secs] [Times: user=34.40 sys=0.29, real=1.32 secs] 
7304.773: [GC (Allocation Failure) [PSYoungGen: 25448448K->907242K(26355712K)] 27418606K->2988793K(29501440K), 0.1554603 secs] [Times: user=7.34 sys=0.01, real=0.15 secs] 
7307.406: [GC (Allocation Failure) [PSYoungGen: 26355690K->907252K(26355712K)] 28437241K->3007834K(29501440K), 0.1231069 secs] [Times: user=6.09 sys=0.00, real=0.12 secs] 
7310.851: [GC (Allocation Failure) [PSYoungGen: 26355700K->907245K(26355712K)] 28456282K->3470612K(29501440K), 0.2062839 secs] [Times: user=10.91 sys=0.01, real=0.21 secs] 
7313.550: [GC (Allocation Failure) [PSYoungGen: 26355693K->907233K(26355712K)] 28919060K->3625616K(29501440K), 0.1609328 secs] [Times: user=7.98 sys=0.00, real=0.16 secs] 
7316.571: [GC (Allocation Failure) [PSYoungGen: 26355681K->850778K(26355712K)] 29074064K->3569161K(29501440K), 0.1148021 secs] [Times: user=5.96 sys=0.01, real=0.12 secs] 
7319.069: [GC (Allocation Failure) [PSYoungGen: 26299226K->907253K(26355712K)] 29017609K->3872740K(29501440K), 0.1681382 secs] [Times: user=8.75 sys=0.00, real=0.17 secs] 
7319.238: [Full GC (Ergonomics) [PSYoungGen: 907253K->0K(26355712K)] [ParOldGen: 2965486K->1764490K(3145728K)] 3872740K->1764490K(29501440K), [Metaspace: 22658K->22658K(1071104K)], 1.2378984 secs] [Times: user=40.22 sys=0.02, real=1.24 secs] 
7322.937: [GC (Allocation Failure) [PSYoungGen: 25448448K->815943K(26355712K)] 27212938K->2580434K(29501440K), 0.1190898 secs] [Times: user=5.89 sys=0.01, real=0.12 secs] 
7325.583: [GC (Allocation Failure) [PSYoungGen: 26264391K->907252K(26355712K)] 28028882K->2960967K(29501440K), 0.1787806 secs] [Times: user=9.29 sys=0.00, real=0.17 secs] 
7328.291: [GC (Allocation Failure) [PSYoungGen: 26355700K->907239K(26355712K)] 28409415K->3309130K(29501440K), 0.2085040 secs] [Times: user=10.91 sys=0.01, real=0.21 secs] 
7332.279: [GC (Allocation Failure) [PSYoungGen: 26355687K->907239K(26355712K)] 28757578K->3483514K(29501440K), 0.1582863 secs] [Times: user=8.33 sys=0.00, real=0.16 secs] 
7334.909: [GC (Allocation Failure) [PSYoungGen: 26355687K->907256K(26355712K)] 28931962K->3654187K(29501440K), 0.1567670 secs] [Times: user=8.34 sys=0.00, real=0.16 secs] 
7335.067: [Full GC (Ergonomics) [PSYoungGen: 907256K->0K(26355712K)] [ParOldGen: 2746930K->1753755K(3145728K)] 3654187K->1753755K(29501440K), [Metaspace: 22658K->22658K(1071104K)], 1.1915371 secs] [Times: user=38.06 sys=0.02, real=1.19 secs] 
7338.810: [GC (Allocation Failure) [PSYoungGen: 25448448K->907247K(26355712K)] 27202203K->2899162K(29501440K), 0.1809039 secs] [Times: user=9.38 sys=0.00, real=0.18 secs] 
7341.699: [GC (Allocation Failure) [PSYoungGen: 26355695K->907244K(26355712K)] 28347610K->3224256K(29501440K), 0.1837094 secs] [Times: user=9.61 sys=0.01, real=0.19 secs] 
7344.506: [GC (Allocation Failure) [PSYoungGen: 26355692K->907250K(26355712K)] 28672704K->3434046K(29501440K), 0.1678855 secs] [Times: user=8.75 sys=0.00, real=0.17 secs] 
7347.140: [GC (Allocation Failure) [PSYoungGen: 26355698K->907248K(26355712K)] 28882494K->3750307K(29501440K), 0.1901650 secs] [Times: user=10.09 sys=0.00, real=0.19 secs] 
7347.331: [Full GC (Ergonomics) [PSYoungGen: 907248K->0K(26355712K)] [ParOldGen: 2843059K->1884533K(3145728K)] 3750307K->1884533K(29501440K), [Metaspace: 22658K->22658K(1071104K)], 1.1693700 secs] [Times: user=42.37 sys=0.01, real=1.17 secs] 
7360.669: [GC (Allocation Failure) [PSYoungGen: 25448448K->907247K(26355712K)] 27332981K->2895940K(29501440K), 0.1512535 secs] [Times: user=7.60 sys=0.01, real=0.15 secs] 
7365.255: [GC (Allocation Failure) [PSYoungGen: 26355695K->907251K(26355712K)] 28344388K->3083856K(29501440K), 0.1601714 secs] [Times: user=8.30 sys=0.00, real=0.16 secs] 
7367.939: [GC (Allocation Failure) [PSYoungGen: 26355699K->907245K(26355712K)] 28532304K->3459946K(29501440K), 0.1902927 secs] [Times: user=9.95 sys=0.00, real=0.19 secs] 
7370.737: [GC (Allocation Failure) [PSYoungGen: 26355693K->907246K(26355712K)] 28908394K->3866164K(29501440K), 0.1918213 secs] [Times: user=10.35 sys=0.00, real=0.19 secs] 
7370.930: [Full GC (Ergonomics) [PSYoungGen: 907246K->0K(26355712K)] [ParOldGen: 2958917K->2371912K(3145728K)] 3866164K->2371912K(29501440K), [Metaspace: 22658K->22658K(1071104K)], 2.1500683 secs] [Times: user=108.58 sys=0.03, real=2.15 secs] 
7375.662: [GC (Allocation Failure) [PSYoungGen: 25448448K->902354K(26355712K)] 27820360K->3274267K(29501440K), 0.1372871 secs] [Times: user=6.81 sys=0.00, real=0.14 secs] 
7379.644: [GC (Allocation Failure) [PSYoungGen: 26350802K->907232K(26355712K)] 28722715K->3454145K(29501440K), 0.1844917 secs] [Times: user=9.78 sys=0.00, real=0.18 secs] 
7382.365: [GC (Allocation Failure) [PSYoungGen: 26355680K->907232K(26355712K)] 28902593K->3860520K(29501440K), 0.1943822 secs] [Times: user=10.63 sys=0.00, real=0.19 secs] 
7382.560: [Full GC (Ergonomics) [PSYoungGen: 907232K->0K(26355712K)] [ParOldGen: 2953288K->2019514K(3145728K)] 3860520K->2019514K(29501440K), [Metaspace: 22658K->22658K(1071104K)], 0.9638103 secs] [Times: user=38.09 sys=0.00, real=0.97 secs] 
7387.881: [GC (Allocation Failure) [PSYoungGen: 25448448K->907256K(26355712K)] 27467962K->3150394K(29501440K), 0.1797738 secs] [Times: user=9.65 sys=0.01, real=0.18 secs] 
7392.141: [GC (Allocation Failure) [PSYoungGen: 26355704K->907245K(26355712K)] 28598842K->3202479K(29501440K), 0.1580795 secs] [Times: user=8.03 sys=0.01, real=0.16 secs] 
7396.329: [GC (Allocation Failure) [PSYoungGen: 26355693K->907253K(26355712K)] 28650927K->3464992K(29501440K), 0.1784148 secs] [Times: user=9.44 sys=0.01, real=0.18 secs] 
7398.902: [GC (Allocation Failure) [PSYoungGen: 26355701K->907247K(26355712K)] 28913440K->3604914K(29501440K), 0.2149388 secs] [Times: user=11.60 sys=0.00, real=0.22 secs] 
7399.118: [Full GC (Ergonomics) [PSYoungGen: 907247K->0K(26355712K)] [ParOldGen: 2697666K->1717748K(3145728K)] 3604914K->1717748K(29501440K), [Metaspace: 22658K->22658K(1071104K)], 1.1610421 secs] [Times: user=35.45 sys=0.01, real=1.16 secs] 
7402.742: [GC (Allocation Failure) [PSYoungGen: 25448448K->907242K(26355712K)] 27166196K->2786966K(29501440K), 0.1608626 secs] [Times: user=7.87 sys=0.01, real=0.17 secs] 
7406.680: [GC (Allocation Failure) [PSYoungGen: 26355690K->907248K(26355712K)] 28235414K->2939228K(29501440K), 0.1537762 secs] [Times: user=8.12 sys=0.01, real=0.16 secs] 
7409.273: [GC (Allocation Failure) [PSYoungGen: 26355696K->907251K(26355712K)] 28387676K->3410255K(29501440K), 0.2096173 secs] [Times: user=11.30 sys=0.01, real=0.20 secs] 
7412.020: [GC (Allocation Failure) [PSYoungGen: 26355699K->907247K(26355712K)] 28858703K->3781187K(29501440K), 0.1878071 secs] [Times: user=9.88 sys=0.00, real=0.19 secs] 
7412.208: [Full GC (Ergonomics) [PSYoungGen: 907247K->0K(26355712K)] [ParOldGen: 2873940K->2313221K(3145728K)] 3781187K->2313221K(29501440K), [Metaspace: 22658K->22658K(1071104K)], 1.6263651 secs] [Times: user=70.14 sys=0.02, real=1.63 secs] 
7416.283: [GC (Allocation Failure) [PSYoungGen: 25448448K->865965K(26355712K)] 27761669K->3179186K(29501440K), 0.1456778 secs] [Times: user=7.17 sys=0.00, real=0.14 secs] 
7422.545: [GC (Allocation Failure) [PSYoungGen: 26314413K->907245K(26355712K)] 28627634K->3536850K(29501440K), 0.2339036 secs] [Times: user=12.37 sys=0.00, real=0.23 secs] 
7422.779: [Full GC (Ergonomics) [PSYoungGen: 907245K->0K(26355712K)] [ParOldGen: 2629605K->2098398K(3145728K)] 3536850K->2098398K(29501440K), [Metaspace: 22658K->22658K(1071104K)], 1.4821687 secs] [Times: user=53.29 sys=0.01, real=1.48 secs] 
7430.978: [GC (Allocation Failure) [PSYoungGen: 25448448K->907256K(26355712K)] 27546846K->3228343K(29501440K), 0.1697353 secs] [Times: user=8.80 sys=0.00, real=0.17 secs] 
7438.442: [GC (Allocation Failure) [PSYoungGen: 26355704K->907251K(26355712K)] 28676791K->3881202K(29501440K), 0.2488732 secs] [Times: user=13.22 sys=0.00, real=0.25 secs] 
7438.692: [Full GC (Ergonomics) [PSYoungGen: 907251K->0K(26355712K)] [ParOldGen: 2973950K->2719821K(3145728K)] 3881202K->2719821K(29501440K), [Metaspace: 22658K->22658K(1071104K)], 2.5080206 secs] [Times: user=87.98 sys=0.02, real=2.51 secs] 
7444.682: [Full GC (Ergonomics) [PSYoungGen: 25448448K->132575K(26355712K)] [ParOldGen: 2719821K->3145596K(3145728K)] 28168269K->3278171K(29501440K), [Metaspace: 22658K->22658K(1071104K)], 4.2197459 secs] [Times: user=183.74 sys=0.04, real=4.22 secs] 
7452.943: [Full GC (Ergonomics) [PSYoungGen: 25448448K->0K(26355712K)] [ParOldGen: 3145596K->2720546K(3145728K)] 28594044K->2720546K(29501440K), [Metaspace: 22658K->22658K(1071104K)], 1.8501350 secs] [Times: user=59.70 sys=0.01, real=1.85 secs] 
7458.408: [Full GC (Ergonomics) [PSYoungGen: 25448448K->0K(26355712K)] [ParOldGen: 2720546K->2826555K(3145728K)] 28168994K->2826555K(29501440K), [Metaspace: 22658K->22658K(1071104K)], 1.8412200 secs] [Times: user=62.57 sys=0.01, real=1.84 secs] 
7464.225: [Full GC (Ergonomics) [PSYoungGen: 25448448K->0K(26355712K)] [ParOldGen: 2826555K->2579627K(3145728K)] 28275003K->2579627K(29501440K), [Metaspace: 22658K->22658K(1071104K)], 1.7229108 secs] [Times: user=65.80 sys=0.03, real=1.72 secs] 
7469.586: [Full GC (Ergonomics) [PSYoungGen: 25448448K->0K(26355712K)] [ParOldGen: 2579627K->2536138K(3145728K)] 28028075K->2536138K(29501440K), [Metaspace: 22658K->22658K(1071104K)], 1.5553408 secs] [Times: user=44.52 sys=0.02, real=1.55 secs] 
7473.935: [Full GC (Ergonomics) [PSYoungGen: 25448448K->0K(26355712K)] [ParOldGen: 2536138K->2400561K(3145728K)] 27984586K->2400561K(29501440K), [Metaspace: 22658K->22658K(1071104K)], 1.8230048 secs] [Times: user=58.27 sys=0.01, real=1.82 secs] 
7479.995: [GC (Allocation Failure) [PSYoungGen: 25448448K->907236K(26355712K)] 27849009K->3488358K(29501440K), 0.1650728 secs] [Times: user=8.19 sys=0.01, real=0.16 secs] 
7480.161: [Full GC (Ergonomics) [PSYoungGen: 907236K->0K(26355712K)] [ParOldGen: 2581121K->2542022K(3145728K)] 3488358K->2542022K(29501440K), [Metaspace: 22658K->22658K(1071104K)], 1.7841480 secs] [Times: user=74.79 sys=0.01, real=1.79 secs] 
7488.300: [Full GC (Ergonomics) [PSYoungGen: 25448448K->0K(26355712K)] [ParOldGen: 2542022K->2804463K(3145728K)] 27990470K->2804463K(29501440K), [Metaspace: 22658K->22658K(1071104K)], 2.1412139 secs] [Times: user=84.31 sys=0.02, real=2.14 secs] 
7495.638: [Full GC (Ergonomics) [PSYoungGen: 25448448K->0K(26355712K)] [ParOldGen: 2804463K->2718896K(3145728K)] 28252911K->2718896K(29501440K), [Metaspace: 22658K->22658K(1071104K)], 2.0643493 secs] [Times: user=98.16 sys=0.01, real=2.06 secs] 
7502.852: [Full GC (Ergonomics) [PSYoungGen: 25448448K->52119K(26355712K)] [ParOldGen: 2718896K->3145707K(3145728K)] 28167344K->3197826K(29501440K), [Metaspace: 22658K->22658K(1071104K)], 4.0880898 secs] [Times: user=189.41 sys=0.05, real=4.08 secs] 
7512.160: [Full GC (Ergonomics) [PSYoungGen: 25448448K->10252K(26355712K)] [ParOldGen: 3145707K->3145291K(3145728K)] 28594155K->3155544K(29501440K), [Metaspace: 22658K->22658K(1071104K)], 2.1369375 secs] [Times: user=84.51 sys=0.01, real=2.14 secs] 
7519.968: [Full GC (Ergonomics) [PSYoungGen: 25448448K->0K(26355712K)] [ParOldGen: 3145291K->2887323K(3145728K)] 28593739K->2887323K(29501440K), [Metaspace: 22658K->22658K(1071104K)], 2.2429225 secs] [Times: user=95.57 sys=0.04, real=2.24 secs] 
7527.983: [Full GC (Ergonomics) [PSYoungGen: 25448448K->155138K(26355712K)] [ParOldGen: 2887323K->3145715K(3145728K)] 28335771K->3300853K(29501440K), [Metaspace: 22658K->22658K(1071104K)], 2.8317889 secs] [Times: user=118.77 sys=0.04, real=2.83 secs] 
7538.646: [Full GC (Ergonomics) [PSYoungGen: 25448448K->261060K(26355712K)] [ParOldGen: 3145715K->3145712K(3145728K)] 28594163K->3406773K(29501440K), [Metaspace: 22658K->22658K(1071104K)], 4.2077743 secs] [Times: user=197.40 sys=0.06, real=4.21 secs] 
7550.325: [Full GC (Ergonomics) [PSYoungGen: 25448448K->488101K(26355712K)] [ParOldGen: 3145712K->3145693K(3145728K)] 28594160K->3633794K(29501440K), [Metaspace: 22658K->22658K(1071104K)], 2.8617366 secs] [Times: user=109.52 sys=0.02, real=2.86 secs] 
7557.452: [Full GC (Ergonomics) [PSYoungGen: 25448448K->750415K(26355712K)] [ParOldGen: 3145693K->3145712K(3145728K)] 28594141K->3896128K(29501440K), [Metaspace: 22658K->22658K(1071104K)], 5.2000965 secs] [Times: user=247.46 sys=0.06, real=5.20 secs] 
7564.013: [Full GC (System.gc()) [PSYoungGen: 9888323K->0K(26355712K)] [ParOldGen: 3145712K->309062K(3145728K)] 13034036K->309062K(29501440K), [Metaspace: 22665K->22665K(1071104K)], 0.4064751 secs] [Times: user=7.39 sys=0.01, real=0.40 secs] 
7602.684: [GC (Allocation Failure) [PSYoungGen: 25448448K->907259K(26355712K)] 25757510K->1266778K(29501440K), 0.1002501 secs] [Times: user=4.99 sys=0.00, real=0.10 secs] 
7614.791: [GC (Allocation Failure) [PSYoungGen: 26355707K->907237K(26355712K)] 26715226K->1290836K(29501440K), 0.0853202 secs] [Times: user=4.17 sys=0.00, real=0.09 secs] 
7623.706: [GC (Allocation Failure) [PSYoungGen: 26355685K->907250K(26355712K)] 26739284K->1305616K(29501440K), 0.0816013 secs] [Times: user=4.13 sys=0.01, real=0.08 secs] 
7631.441: [GC (Allocation Failure) [PSYoungGen: 26355698K->891946K(26355712K)] 26754064K->1290313K(29501440K), 0.0793694 secs] [Times: user=3.72 sys=0.00, real=0.08 secs] 
7638.414: [GC (Allocation Failure) [PSYoungGen: 26340394K->902138K(26355712K)] 26738761K->1300505K(29501440K), 0.0784671 secs] [Times: user=3.88 sys=0.00, real=0.08 secs] 
7644.678: [GC (Allocation Failure) [PSYoungGen: 26350586K->907251K(26355712K)] 26748953K->1330434K(29501440K), 0.0833625 secs] [Times: user=4.19 sys=0.01, real=0.08 secs] 
7650.328: [GC (Allocation Failure) [PSYoungGen: 26355699K->907257K(26355712K)] 26778882K->1372296K(29501440K), 0.0902310 secs] [Times: user=4.40 sys=0.01, real=0.09 secs] 
7656.055: [GC (Allocation Failure) [PSYoungGen: 26355705K->907250K(26355712K)] 26820744K->1433441K(29501440K), 0.0998418 secs] [Times: user=4.62 sys=0.01, real=0.10 secs] 
7661.428: [GC (Allocation Failure) [PSYoungGen: 26355698K->907233K(26355712K)] 26881889K->1481992K(29501440K), 0.0905852 secs] [Times: user=4.62 sys=0.00, real=0.09 secs] 
7666.151: [GC (Allocation Failure) [PSYoungGen: 26355681K->907255K(26355712K)] 26930440K->1568174K(29501440K), 0.1023336 secs] [Times: user=5.20 sys=0.00, real=0.11 secs] 
7671.108: [GC (Allocation Failure) [PSYoungGen: 26355703K->907243K(26355712K)] 27016622K->1729306K(29501440K), 0.1223372 secs] [Times: user=6.31 sys=0.00, real=0.12 secs] 
7675.819: [GC (Allocation Failure) [PSYoungGen: 26355691K->907244K(26355712K)] 27177754K->1780907K(29501440K), 0.1032957 secs] [Times: user=4.89 sys=0.00, real=0.10 secs] 
7679.914: [GC (Allocation Failure) [PSYoungGen: 26355692K->907240K(26355712K)] 27229355K->1838543K(29501440K), 0.1017934 secs] [Times: user=4.96 sys=0.01, real=0.10 secs] 
7684.099: [GC (Allocation Failure) [PSYoungGen: 26355688K->907262K(26355712K)] 27286991K->1865981K(29501440K), 0.0963057 secs] [Times: user=4.61 sys=0.00, real=0.10 secs] 
7688.328: [GC (Allocation Failure) [PSYoungGen: 26355710K->907258K(26355712K)] 27314429K->1953457K(29501440K), 0.1080866 secs] [Times: user=5.39 sys=0.01, real=0.11 secs] 
7692.230: [GC (Allocation Failure) [PSYoungGen: 26355706K->813848K(26355712K)] 27401905K->2109735K(29501440K), 0.1216772 secs] [Times: user=6.15 sys=0.01, real=0.12 secs] 
7695.969: [GC (Allocation Failure) [PSYoungGen: 26262296K->775930K(26355712K)] 27558183K->2075323K(29501440K), 0.1036276 secs] [Times: user=5.27 sys=0.00, real=0.11 secs] 
7699.684: [GC (Allocation Failure) [PSYoungGen: 26224378K->750258K(26355712K)] 27523771K->2052683K(29501440K), 0.1072981 secs] [Times: user=5.56 sys=0.00, real=0.10 secs] 
7703.259: [GC (Allocation Failure) [PSYoungGen: 26198706K->778178K(26355712K)] 27501131K->2085421K(29501440K), 0.1075745 secs] [Times: user=5.12 sys=0.00, real=0.11 secs] 
7706.750: [GC (Allocation Failure) [PSYoungGen: 26226626K->817005K(26355712K)] 27533869K->2125584K(29501440K), 0.1048927 secs] [Times: user=5.27 sys=0.00, real=0.11 secs] 
7710.123: [GC (Allocation Failure) [PSYoungGen: 26265453K->849293K(26355712K)] 27574032K->2159049K(29501440K), 0.1207345 secs] [Times: user=6.35 sys=0.00, real=0.12 secs] 
7713.537: [GC (Allocation Failure) [PSYoungGen: 26297741K->748796K(26355712K)] 27607497K->2060088K(29501440K), 0.1324558 secs] [Times: user=6.88 sys=0.00, real=0.13 secs] 
7716.810: [GC (Allocation Failure) [PSYoungGen: 26197244K->907237K(26355712K)] 27508536K->2234265K(29501440K), 0.1399302 secs] [Times: user=7.43 sys=0.00, real=0.14 secs] 
7719.975: [GC (Allocation Failure) [PSYoungGen: 26355685K->823096K(26355712K)] 27682713K->2151636K(29501440K), 0.1191082 secs] [Times: user=5.83 sys=0.00, real=0.12 secs] 
7723.023: [GC (Allocation Failure) [PSYoungGen: 26271544K->791325K(26355712K)] 27600084K->2121234K(29501440K), 0.1071737 secs] [Times: user=5.29 sys=0.01, real=0.10 secs] 
7726.012: [GC (Allocation Failure) [PSYoungGen: 26239773K->829491K(26355712K)] 27569682K->2160760K(29501440K), 0.1091437 secs] [Times: user=5.56 sys=0.00, real=0.11 secs] 
7728.994: [GC (Allocation Failure) [PSYoungGen: 26277939K->885470K(26355712K)] 27609208K->2218579K(29501440K), 0.1133108 secs] [Times: user=5.67 sys=0.01, real=0.11 secs] 
7731.894: [GC (Allocation Failure) [PSYoungGen: 26333918K->907242K(26355712K)] 27667027K->2277679K(29501440K), 0.1173794 secs] [Times: user=6.11 sys=0.01, real=0.11 secs] 
7734.829: [GC (Allocation Failure) [PSYoungGen: 26355690K->822139K(26355712K)] 27726127K->2194208K(29501440K), 0.1055356 secs] [Times: user=5.43 sys=0.00, real=0.11 secs] 
7746.631: [GC (System.gc()) [PSYoungGen: 5765196K->907256K(26355712K)] 7137265K->2308701K(29501440K), 0.1028719 secs] [Times: user=4.38 sys=0.01, real=0.11 secs] 
7746.735: [Full GC (System.gc()) [PSYoungGen: 907256K->0K(26355712K)] [ParOldGen: 1401445K->284409K(3145728K)] 2308701K->284409K(29501440K), [Metaspace: 22699K->22699K(1071104K)], 0.1003935 secs] [Times: user=1.72 sys=0.01, real=0.10 secs] 
7754.345: [GC (System.gc()) [PSYoungGen: 3528941K->512K(26355712K)] 3813350K->284921K(29501440K), 0.0088174 secs] [Times: user=0.24 sys=0.01, real=0.01 secs] 
7754.354: [Full GC (System.gc()) [PSYoungGen: 512K->0K(26355712K)] [ParOldGen: 284409K->274512K(3145728K)] 284921K->274512K(29501440K), [Metaspace: 22710K->22710K(1071104K)], 0.0787267 secs] [Times: user=1.76 sys=0.00, real=0.08 secs] 
7770.463: [GC (Allocation Failure) [PSYoungGen: 25448448K->907244K(26355712K)] 25722960K->1268076K(29501440K), 0.1050165 secs] [Times: user=5.14 sys=0.01, real=0.10 secs] 
7781.079: [GC (Allocation Failure) [PSYoungGen: 26355692K->878163K(26355712K)] 26716524K->1239003K(29501440K), 0.0753373 secs] [Times: user=3.66 sys=0.01, real=0.08 secs] 
7791.601: [GC (Allocation Failure) [PSYoungGen: 26326611K->876922K(26355712K)] 26687451K->1237762K(29501440K), 0.0742028 secs] [Times: user=3.63 sys=0.00, real=0.08 secs] 
7799.527: [GC (System.gc()) [PSYoungGen: 10864249K->63207K(26355712K)] 11225089K->424047K(29501440K), 0.0182181 secs] [Times: user=0.46 sys=0.01, real=0.02 secs] 
7799.545: [Full GC (System.gc()) [PSYoungGen: 63207K->0K(26355712K)] [ParOldGen: 360840K->282358K(3145728K)] 424047K->282358K(29501440K), [Metaspace: 22767K->22767K(1071104K)], 0.0826368 secs] [Times: user=2.02 sys=0.01, real=0.08 secs] 
7799.844: [GC (System.gc()) [PSYoungGen: 639K->128K(26355712K)] 282998K->282486K(29501440K), 0.0763978 secs] [Times: user=0.91 sys=0.00, real=0.07 secs] 
7799.921: [Full GC (System.gc()) [PSYoungGen: 128K->0K(26355712K)] [ParOldGen: 282358K->282340K(3145728K)] 282486K->282340K(29501440K), [Metaspace: 22771K->22771K(1071104K)], 0.1866190 secs] [Times: user=0.96 sys=0.00, real=0.19 secs] 
7800.326: [GC (System.gc()) [PSYoungGen: 175264K->256K(26355712K)] 457604K->282596K(29501440K), 0.0101114 secs] [Times: user=0.22 sys=0.00, real=0.01 secs] 
7800.337: [Full GC (System.gc()) [PSYoungGen: 256K->0K(26355712K)] [ParOldGen: 282340K->282247K(3145728K)] 282596K->282247K(29501440K), [Metaspace: 22772K->22772K(1071104K)], 0.4071561 secs] [Times: user=8.56 sys=0.00, real=0.41 secs] 
Heap
 PSYoungGen      total 26355712K, used 1190793K [0x0000000140000000, 0x00000007c0000000, 0x00000007c0000000)
  eden space 25448448K, 4% used [0x0000000140000000,0x0000000188ae2728,0x0000000751400000)
  from space 907264K, 0% used [0x0000000788a00000,0x0000000788a00000,0x00000007c0000000)
  to   space 907264K, 0% used [0x0000000751400000,0x0000000751400000,0x0000000788a00000)
 ParOldGen       total 3145728K, used 282247K [0x0000000080000000, 0x0000000140000000, 0x0000000140000000)
  object space 3145728K, 8% used [0x0000000080000000,0x00000000913a1ea0,0x0000000140000000)
 Metaspace       used 22774K, capacity 23650K, committed 23936K, reserved 1071104K
  class space    used 2640K, capacity 2873K, committed 2944K, reserved 1048576K
