Java HotSpot(TM) 64-Bit Server VM (25.20-b20) for linux-amd64 JRE (1.8.0_20-ea-b20), built on Jun 24 2014 21:14:09 by "java_re" with gcc 4.3.0 20080428 (Red Hat 4.3.0-8)
Memory: 4k page, physical 264398780k(141297408k free), swap 4194296k(4194296k free)
CommandLine flags: -XX:InitialHeapSize=2147483648 -XX:MaxHeapSize=32210157568 -XX:+PrintGC -XX:+PrintGCTimeStamps -XX:+UseCompressedClassPointers -XX:+UseCompressedOops -XX:+UseParallelGC 
0.267: [GC (Allocation Failure)  524800K->3938K(2010112K), 0.0086247 secs]
0.294: [GC (Allocation Failure)  528738K->2576K(2534912K), 0.0059613 secs]
1.467: [GC (Allocation Failure)  1052176K->9228K(2534912K), 0.0156521 secs]
24.860: [GC (System.gc())  297318K->26599K(3584512K), 0.0217619 secs]
24.882: [Full GC (System.gc())  26599K->25615K(3584512K), 0.0590257 secs]
110.932: [GC (System.gc())  370914K->27711K(3584512K), 0.0079625 secs]
110.940: [Full GC (System.gc())  27711K->25710K(3584512K), 0.1162124 secs]
349.507: [GC (System.gc())  778614K->26806K(3584512K), 0.0077992 secs]
349.515: [Full GC (System.gc())  26806K->25979K(3584512K), 0.0897370 secs]
467.315: [GC (System.gc())  400693K->27364K(3584512K), 0.0070936 secs]
467.322: [Full GC (System.gc())  27364K->26187K(3584512K), 0.1043835 secs]
650.202: [GC (System.gc())  528191K->27155K(3584512K), 0.0062095 secs]
650.208: [Full GC (System.gc())  27155K->26016K(3584512K), 0.0620956 secs]
731.677: [GC (System.gc())  297562K->27016K(3584512K), 0.0082058 secs]
731.685: [Full GC (System.gc())  27016K->26017K(3584512K), 0.0810682 secs]
737.974: [GC (System.gc())  78210K->27265K(3584512K), 0.0068028 secs]
737.981: [Full GC (System.gc())  27265K->26089K(3584512K), 0.0993500 secs]
1654.878: [GC (Allocation Failure)  2125289K->27812K(3584512K), 0.0055802 secs]
2572.430: [GC (Allocation Failure)  2127012K->27345K(5598208K), 0.0082907 secs]
4400.819: [GC (Allocation Failure)  4225745K->27799K(5666304K), 0.0063082 secs]
6271.485: [GC (Allocation Failure)  4276887K->27513K(9814528K), 0.0185371 secs]
7068.782: [GC (System.gc())  1879396K->27581K(9813504K), 0.0088268 secs]
7068.791: [Full GC (System.gc())  27581K->26318K(9813504K), 0.0491444 secs]
7247.783: [GC (System.gc())  591145K->27406K(9910784K), 0.0068376 secs]
7247.790: [Full GC (System.gc())  27406K->26045K(9910784K), 0.0755592 secs]
7254.291: [GC (System.gc())  238884K->27005K(9897472K), 0.0065356 secs]
7254.298: [Full GC (System.gc())  27005K->26256K(9897472K), 0.0961915 secs]
