Java HotSpot(TM) 64-Bit Server VM (25.20-b20) for linux-amd64 JRE (1.8.0_20-ea-b20), built on Jun 24 2014 21:14:09 by "java_re" with gcc 4.3.0 20080428 (Red Hat 4.3.0-8)
Memory: 4k page, physical 264398780k(140399444k free), swap 4194296k(4194296k free)
CommandLine flags: -XX:InitialHeapSize=2147483648 -XX:MaxHeapSize=2147483648 -XX:MaxNewSize=1610612736 -XX:NewSize=1610612736 -XX:+PrintGC -XX:+PrintGCDetails -XX:+PrintGCTimeStamps -XX:+UseCompressedClassPointers -XX:+UseCompressedOops -XX:+UseParallelGC 
0.285: [GC (Allocation Failure) [PSYoungGen: 1179648K->3858K(1376256K)] 1179648K->3866K(1900544K), 0.0081037 secs] [Times: user=0.09 sys=0.05, real=0.00 secs] 
0.310: [GC (Allocation Failure) [PSYoungGen: 1183506K->2832K(1376256K)] 1183514K->2848K(1900544K), 0.0094908 secs] [Times: user=0.15 sys=0.03, real=0.01 secs] 
1.306: [GC (Allocation Failure) [PSYoungGen: 1182480K->10084K(1376256K)] 1182496K->10108K(1900544K), 0.0148165 secs] [Times: user=0.28 sys=0.02, real=0.01 secs] 
13.954: [GC (System.gc()) [PSYoungGen: 340080K->83695K(1376256K)] 340104K->83735K(1900544K), 0.0795659 secs] [Times: user=1.19 sys=1.53, real=0.08 secs] 
14.033: [Full GC (System.gc()) [PSYoungGen: 83695K->0K(1376256K)] [ParOldGen: 40K->82333K(524288K)] 83735K->82333K(1900544K), [Metaspace: 16533K->16532K(1064960K)], 0.3148635 secs] [Times: user=5.35 sys=0.25, real=0.32 secs] 
99.889: [GC (System.gc()) [PSYoungGen: 322781K->8426K(1376256K)] 405114K->90839K(1900544K), 0.0115132 secs] [Times: user=0.19 sys=0.00, real=0.02 secs] 
99.900: [Full GC (System.gc()) [PSYoungGen: 8426K->0K(1376256K)] [ParOldGen: 82413K->88919K(524288K)] 90839K->88919K(1900544K), [Metaspace: 19972K->19972K(1067008K)], 0.4412547 secs] [Times: user=13.84 sys=0.03, real=0.44 secs] 
212.686: [GC (Allocation Failure) [PSYoungGen: 1179648K->6061K(1376256K)] 1268567K->94989K(1900544K), 0.0091054 secs] [Times: user=0.21 sys=0.00, real=0.01 secs] 
231.889: [GC (Allocation Failure) [PSYoungGen: 1185709K->8984K(1376256K)] 1274637K->97920K(1900544K), 0.0089750 secs] [Times: user=0.18 sys=0.00, real=0.01 secs] 
241.935: [GC (Allocation Failure) [PSYoungGen: 1188632K->9096K(1515520K)] 1277568K->98040K(2039808K), 0.0132613 secs] [Times: user=0.12 sys=0.19, real=0.01 secs] 
251.163: [GC (Allocation Failure) [PSYoungGen: 1464200K->9577K(1512448K)] 1553144K->98528K(2036736K), 0.0089781 secs] [Times: user=0.12 sys=0.08, real=0.00 secs] 
260.288: [GC (Allocation Failure) [PSYoungGen: 1464681K->8440K(1521152K)] 1553632K->99529K(2045440K), 0.0101204 secs] [Times: user=0.15 sys=0.11, real=0.01 secs] 
269.402: [GC (Allocation Failure) [PSYoungGen: 1475320K->7336K(1518592K)] 1566409K->99266K(2042880K), 0.0081457 secs] [Times: user=0.14 sys=0.03, real=0.01 secs] 
278.404: [GC (Allocation Failure) [PSYoungGen: 1474216K->7112K(1525760K)] 1566146K->99242K(2050048K), 0.0144011 secs] [Times: user=0.08 sys=0.00, real=0.02 secs] 
287.763: [GC (Allocation Failure) [PSYoungGen: 1483720K->6868K(1523712K)] 1575850K->99890K(2048000K), 0.0096088 secs] [Times: user=0.10 sys=0.02, real=0.01 secs] 
327.282: [GC (Allocation Failure) [PSYoungGen: 1483476K->6100K(1529856K)] 1576498K->99746K(2054144K), 0.0238691 secs] [Times: user=0.06 sys=0.00, real=0.03 secs] 
337.517: [GC (System.gc()) [PSYoungGen: 402508K->4820K(1527808K)] 496153K->99294K(2052096K), 0.0159770 secs] [Times: user=0.07 sys=0.00, real=0.01 secs] 
337.533: [Full GC (System.gc()) [PSYoungGen: 4820K->0K(1527808K)] [ParOldGen: 94473K->89799K(524288K)] 99294K->89799K(2052096K), [Metaspace: 20599K->20599K(1069056K)], 0.7380955 secs] [Times: user=12.73 sys=0.00, real=0.74 secs] 
357.585: [GC (Allocation Failure) [PSYoungGen: 1484800K->9317K(1534464K)] 1574599K->99124K(2058752K), 0.0112427 secs] [Times: user=0.13 sys=0.06, real=0.01 secs] 
366.846: [GC (Allocation Failure) [PSYoungGen: 1502821K->6984K(1531904K)] 1592628K->99821K(2056192K), 0.0090657 secs] [Times: user=0.10 sys=0.06, real=0.01 secs] 
376.042: [GC (Allocation Failure) [PSYoungGen: 1500463K->7016K(1538048K)] 1593300K->100501K(2062336K), 0.0082501 secs] [Times: user=0.13 sys=0.02, real=0.00 secs] 
385.406: [GC (Allocation Failure) [PSYoungGen: 1508200K->6196K(1536000K)] 1601685K->100573K(2060288K), 0.0085663 secs] [Times: user=0.07 sys=0.03, real=0.01 secs] 
403.959: [GC (Allocation Failure) [PSYoungGen: 1507380K->7028K(1541632K)] 1601757K->101981K(2065920K), 0.0333587 secs] [Times: user=0.07 sys=0.01, real=0.03 secs] 
456.195: [GC (System.gc()) [PSYoungGen: 1449755K->5704K(1539584K)] 1544708K->101545K(2063872K), 0.0092871 secs] [Times: user=0.13 sys=0.01, real=0.01 secs] 
456.204: [Full GC (System.gc()) [PSYoungGen: 5704K->0K(1539584K)] [ParOldGen: 95840K->91151K(524288K)] 101545K->91151K(2063872K), [Metaspace: 20707K->20707K(1069056K)], 0.4062111 secs] [Times: user=12.50 sys=0.00, real=0.40 secs] 
476.846: [GC (Allocation Failure) [PSYoungGen: 1508352K->9519K(1544704K)] 1599503K->100671K(2068992K), 0.0078861 secs] [Times: user=0.10 sys=0.01, real=0.01 secs] 
486.352: [GC (Allocation Failure) [PSYoungGen: 1524527K->7439K(1543168K)] 1615679K->101563K(2067456K), 0.0090756 secs] [Times: user=0.13 sys=0.00, real=0.01 secs] 
495.685: [GC (Allocation Failure) [PSYoungGen: 1522447K->7119K(1547776K)] 1616571K->102178K(2072064K), 0.0076332 secs] [Times: user=0.10 sys=0.00, real=0.01 secs] 
505.706: [GC (Allocation Failure) [PSYoungGen: 1528271K->5999K(1546240K)] 1623330K->101698K(2070528K), 0.0308528 secs] [Times: user=0.22 sys=0.00, real=0.03 secs] 
529.943: [GC (Allocation Failure) [PSYoungGen: 1527151K->7343K(1550336K)] 1622850K->103618K(2074624K), 0.0838508 secs] [Times: user=0.48 sys=0.00, real=0.09 secs] 
578.386: [GC (Allocation Failure) [PSYoungGen: 1533615K->8926K(1548800K)] 1629890K->105936K(2073088K), 0.0624467 secs] [Times: user=0.36 sys=0.00, real=0.06 secs] 
629.171: [GC (Allocation Failure) [PSYoungGen: 1535198K->9246K(1552384K)] 1632208K->107256K(2076672K), 0.0469538 secs] [Times: user=0.18 sys=0.00, real=0.04 secs] 
637.974: [GC (System.gc()) [PSYoungGen: 269820K->5167K(1551360K)] 367831K->105152K(2075648K), 0.0290832 secs] [Times: user=0.14 sys=0.01, real=0.03 secs] 
638.003: [Full GC (System.gc()) [PSYoungGen: 5167K->0K(1551360K)] [ParOldGen: 99985K->92114K(524288K)] 105152K->92114K(2075648K), [Metaspace: 20759K->20759K(1069056K)], 1.0622128 secs] [Times: user=10.49 sys=0.11, real=1.06 secs] 
659.804: [GC (Allocation Failure) [PSYoungGen: 1530880K->9247K(1553920K)] 1622994K->101362K(2078208K), 0.0077476 secs] [Times: user=0.16 sys=0.00, real=0.00 secs] 
669.375: [GC (Allocation Failure) [PSYoungGen: 1543199K->7310K(1552896K)] 1635314K->102387K(2077184K), 0.0084687 secs] [Times: user=0.14 sys=0.00, real=0.01 secs] 
678.898: [GC (Allocation Failure) [PSYoungGen: 1541262K->7166K(1555456K)] 1636339K->102995K(2079744K), 0.0081562 secs] [Times: user=0.16 sys=0.00, real=0.00 secs] 
688.961: [GC (Allocation Failure) [PSYoungGen: 1544190K->6735K(1554432K)] 1640019K->103323K(2078720K), 0.0142464 secs] [Times: user=0.07 sys=0.00, real=0.01 secs] 
719.722: [GC (System.gc()) [PSYoungGen: 1061286K->6197K(1556480K)] 1157873K->103432K(2080768K), 0.0739227 secs] [Times: user=0.50 sys=0.01, real=0.08 secs] 
719.796: [Full GC (System.gc()) [PSYoungGen: 6197K->0K(1556480K)] [ParOldGen: 97235K->91175K(524288K)] 103432K->91175K(2080768K), [Metaspace: 20831K->20831K(1069056K)], 1.0775227 secs] [Times: user=13.80 sys=0.14, real=1.08 secs] 
727.070: [GC (System.gc()) [PSYoungGen: 3742K->544K(1555968K)] 94918K->91727K(2080256K), 0.0070088 secs] [Times: user=0.09 sys=0.00, real=0.01 secs] 
727.077: [Full GC (System.gc()) [PSYoungGen: 544K->0K(1555968K)] [ParOldGen: 91183K->88247K(524288K)] 91727K->88247K(2080256K), [Metaspace: 20858K->20858K(1069056K)], 0.2409676 secs] [Times: user=7.44 sys=0.00, real=0.24 secs] 
746.336: [GC (Allocation Failure) [PSYoungGen: 1539584K->8325K(1556480K)] 1627831K->96580K(2080768K), 0.0050686 secs] [Times: user=0.04 sys=0.03, real=0.01 secs] 
759.512: [GC (Allocation Failure) [PSYoungGen: 1547909K->6177K(1555968K)] 1636164K->97130K(2080256K), 0.0064095 secs] [Times: user=0.09 sys=0.01, real=0.00 secs] 
772.632: [GC (Allocation Failure) [PSYoungGen: 1545761K->6369K(1558016K)] 1636714K->97730K(2082304K), 0.0064339 secs] [Times: user=0.10 sys=0.00, real=0.00 secs] 
785.846: [GC (Allocation Failure) [PSYoungGen: 1549025K->6017K(1557504K)] 1640386K->97586K(2081792K), 0.0040131 secs] [Times: user=0.04 sys=0.00, real=0.00 secs] 
799.026: [GC (Allocation Failure) [PSYoungGen: 1548673K->6209K(1559040K)] 1640242K->97954K(2083328K), 0.0039338 secs] [Times: user=0.04 sys=0.01, real=0.00 secs] 
812.184: [GC (Allocation Failure) [PSYoungGen: 1550913K->6273K(1558528K)] 1642658K->98170K(2082816K), 0.0070227 secs] [Times: user=0.10 sys=0.00, real=0.01 secs] 
825.427: [GC (Allocation Failure) [PSYoungGen: 1550977K->5985K(1560064K)] 1642874K->97946K(2084352K), 0.0043060 secs] [Times: user=0.04 sys=0.00, real=0.01 secs] 
838.666: [GC (Allocation Failure) [PSYoungGen: 1552737K->6081K(1559552K)] 1644698K->98186K(2083840K), 0.0059966 secs] [Times: user=0.08 sys=0.00, real=0.01 secs] 
851.868: [GC (Allocation Failure) [PSYoungGen: 1552833K->6305K(1561088K)] 1644938K->98570K(2085376K), 0.0037616 secs] [Times: user=0.05 sys=0.00, real=0.00 secs] 
865.122: [GC (Allocation Failure) [PSYoungGen: 1555105K->6081K(1560576K)] 1647370K->98538K(2084864K), 0.0064925 secs] [Times: user=0.08 sys=0.00, real=0.01 secs] 
878.365: [GC (Allocation Failure) [PSYoungGen: 1554881K->5665K(1561600K)] 1647338K->98242K(2085888K), 0.0052924 secs] [Times: user=0.06 sys=0.00, real=0.01 secs] 
891.625: [GC (Allocation Failure) [PSYoungGen: 1556001K->6209K(1561600K)] 1648578K->98954K(2085888K), 0.0042214 secs] [Times: user=0.06 sys=0.01, real=0.01 secs] 
904.864: [GC (Allocation Failure) [PSYoungGen: 1556545K->6145K(1562624K)] 1649290K->99002K(2086912K), 0.0042901 secs] [Times: user=0.05 sys=0.00, real=0.00 secs] 
1011.073: [GC (Allocation Failure) [PSYoungGen: 1558017K->6095K(1562112K)] 1650874K->99049K(2086400K), 0.0122374 secs] [Times: user=0.23 sys=0.01, real=0.01 secs] 
1091.455: [GC (Allocation Failure) [PSYoungGen: 1557967K->4943K(1563136K)] 1650921K->99313K(2087424K), 0.0109683 secs] [Times: user=0.24 sys=0.01, real=0.01 secs] 
1140.297: [GC (Allocation Failure) [PSYoungGen: 1557839K->5135K(1562624K)] 1652209K->99641K(2086912K), 0.0115818 secs] [Times: user=0.10 sys=0.00, real=0.02 secs] 
1181.296: [GC (Allocation Failure) [PSYoungGen: 1558031K->5103K(1563136K)] 1652537K->99873K(2087424K), 0.0103743 secs] [Times: user=0.20 sys=0.01, real=0.01 secs] 
1214.113: [GC (Allocation Failure) [PSYoungGen: 1558511K->4946K(1563136K)] 1653281K->100170K(2087424K), 0.0077305 secs] [Times: user=0.13 sys=0.00, real=0.01 secs] 
1245.403: [GC (Allocation Failure) [PSYoungGen: 1558354K->5199K(1563648K)] 1653578K->100519K(2087936K), 0.0110590 secs] [Times: user=0.25 sys=0.01, real=0.02 secs] 
1271.750: [GC (Allocation Failure) [PSYoungGen: 1559631K->4928K(1563648K)] 1654951K->100767K(2087936K), 0.0075349 secs] [Times: user=0.12 sys=0.00, real=0.01 secs] 
1298.084: [GC (Allocation Failure) [PSYoungGen: 1559360K->5024K(1564160K)] 1655199K->100975K(2088448K), 0.0074713 secs] [Times: user=0.10 sys=0.00, real=0.01 secs] 
1321.297: [GC (Allocation Failure) [PSYoungGen: 1559968K->5103K(1563648K)] 1655919K->101182K(2087936K), 0.0088616 secs] [Times: user=0.14 sys=0.00, real=0.01 secs] 
1343.368: [GC (Allocation Failure) [PSYoungGen: 1560047K->4800K(1564160K)] 1656126K->101430K(2088448K), 0.0090219 secs] [Times: user=0.15 sys=0.00, real=0.01 secs] 
1365.426: [GC (Allocation Failure) [PSYoungGen: 1560256K->4960K(1564160K)] 1656886K->101726K(2088448K), 0.0074928 secs] [Times: user=0.13 sys=0.01, real=0.01 secs] 
1384.996: [GC (Allocation Failure) [PSYoungGen: 1560416K->5231K(1564672K)] 1657182K->102092K(2088960K), 0.0065569 secs] [Times: user=0.15 sys=0.01, real=0.00 secs] 
1403.885: [GC (Allocation Failure) [PSYoungGen: 1561711K->4960K(1564672K)] 1658572K->102428K(2088960K), 0.0088993 secs] [Times: user=0.19 sys=0.00, real=0.01 secs] 
1422.933: [GC (Allocation Failure) [PSYoungGen: 1561440K->4896K(1565184K)] 1658908K->102500K(2089472K), 0.0069750 secs] [Times: user=0.11 sys=0.00, real=0.00 secs] 
1440.936: [GC (Allocation Failure) [PSYoungGen: 1561888K->5199K(1564672K)] 1659492K->102859K(2088960K), 0.0074913 secs] [Times: user=0.09 sys=0.00, real=0.01 secs] 
1457.552: [GC (Allocation Failure) [PSYoungGen: 1562191K->4864K(1565184K)] 1659851K->103179K(2089472K), 0.0065828 secs] [Times: user=0.10 sys=0.00, real=0.01 secs] 
1474.186: [GC (Allocation Failure) [PSYoungGen: 1562368K->4864K(1565184K)] 1660683K->103379K(2089472K), 0.0052328 secs] [Times: user=0.10 sys=0.00, real=0.01 secs] 
1490.766: [GC (Allocation Failure) [PSYoungGen: 1562368K->4832K(1565696K)] 1660883K->103411K(2089984K), 0.0054223 secs] [Times: user=0.08 sys=0.01, real=0.01 secs] 
1506.580: [GC (Allocation Failure) [PSYoungGen: 1563360K->5263K(1565696K)] 1661939K->103938K(2089984K), 0.0100018 secs] [Times: user=0.18 sys=0.01, real=0.01 secs] 
1521.327: [GC (Allocation Failure) [PSYoungGen: 1563791K->4608K(1565696K)] 1662466K->104042K(2089984K), 0.0054006 secs] [Times: user=0.10 sys=0.01, real=0.00 secs] 
1536.134: [GC (Allocation Failure) [PSYoungGen: 1563136K->4928K(1565696K)] 1662570K->104450K(2089984K), 0.0057657 secs] [Times: user=0.11 sys=0.00, real=0.01 secs] 
1550.937: [GC (Allocation Failure) [PSYoungGen: 1563456K->4992K(1566208K)] 1662978K->104586K(2090496K), 0.0068163 secs] [Times: user=0.08 sys=0.00, real=0.01 secs] 
1565.620: [GC (Allocation Failure) [PSYoungGen: 1564032K->5519K(1565696K)] 1663626K->105264K(2089984K), 0.0084717 secs] [Times: user=0.16 sys=0.01, real=0.01 secs] 
1578.963: [GC (Allocation Failure) [PSYoungGen: 1564559K->5088K(1566208K)] 1664304K->105648K(2090496K), 0.0074450 secs] [Times: user=0.11 sys=0.02, real=0.01 secs] 
1592.295: [GC (Allocation Failure) [PSYoungGen: 1564640K->4992K(1566208K)] 1665200K->105696K(2090496K), 0.0066895 secs] [Times: user=0.11 sys=0.00, real=0.01 secs] 
1605.645: [GC (Allocation Failure) [PSYoungGen: 1564544K->5024K(1566208K)] 1665248K->105840K(2090496K), 0.0058698 secs] [Times: user=0.09 sys=0.01, real=0.01 secs] 
1618.973: [GC (Allocation Failure) [PSYoungGen: 1564576K->5088K(1566208K)] 1665392K->106008K(2090496K), 0.0066160 secs] [Times: user=0.11 sys=0.00, real=0.00 secs] 
1631.988: [GC (Allocation Failure) [PSYoungGen: 1564640K->5583K(1565696K)] 1665560K->106583K(2089984K), 0.0069063 secs] [Times: user=0.16 sys=0.01, real=0.01 secs] 
1644.125: [GC (Allocation Failure) [PSYoungGen: 1565135K->4864K(1566208K)] 1666135K->106671K(2090496K), 0.0062153 secs] [Times: user=0.10 sys=0.00, real=0.00 secs] 
1656.294: [GC (Allocation Failure) [PSYoungGen: 1564416K->5184K(1566720K)] 1666223K->107143K(2091008K), 0.0061202 secs] [Times: user=0.11 sys=0.00, real=0.01 secs] 
1668.450: [GC (Allocation Failure) [PSYoungGen: 1565248K->5120K(1566208K)] 1667207K->107143K(2090496K), 0.0066430 secs] [Times: user=0.08 sys=0.00, real=0.00 secs] 
1680.568: [GC (Allocation Failure) [PSYoungGen: 1565184K->5120K(1566720K)] 1667207K->107335K(2091008K), 0.0056371 secs] [Times: user=0.10 sys=0.00, real=0.01 secs] 
1692.717: [GC (Allocation Failure) [PSYoungGen: 1565696K->5216K(1566720K)] 1667911K->107503K(2091008K), 0.0048133 secs] [Times: user=0.09 sys=0.00, real=0.01 secs] 
1703.993: [GC (Allocation Failure) [PSYoungGen: 1565792K->5647K(1566720K)] 1668079K->108029K(2091008K), 0.0084871 secs] [Times: user=0.18 sys=0.00, real=0.01 secs] 
1715.135: [GC (Allocation Failure) [PSYoungGen: 1566188K->5216K(1566720K)] 1668571K->108477K(2091008K), 0.0065866 secs] [Times: user=0.09 sys=0.02, real=0.00 secs] 
1726.243: [GC (Allocation Failure) [PSYoungGen: 1565792K->5184K(1566720K)] 1669053K->108621K(2091008K), 0.0057680 secs] [Times: user=0.10 sys=0.00, real=0.01 secs] 
1737.436: [GC (Allocation Failure) [PSYoungGen: 1565760K->5184K(1566720K)] 1669197K->108725K(2091008K), 0.0055667 secs] [Times: user=0.07 sys=0.00, real=0.01 secs] 
1748.596: [GC (Allocation Failure) [PSYoungGen: 1565760K->5216K(1566720K)] 1669301K->108845K(2091008K), 0.0045222 secs] [Times: user=0.07 sys=0.01, real=0.01 secs] 
1759.684: [GC (Allocation Failure) [PSYoungGen: 1565792K->5248K(1566720K)] 1669421K->108965K(2091008K), 0.0065856 secs] [Times: user=0.07 sys=0.00, real=0.00 secs] 
1769.902: [GC (Allocation Failure) [PSYoungGen: 1565824K->5807K(1566720K)] 1669541K->109644K(2091008K), 0.0087343 secs] [Times: user=0.18 sys=0.00, real=0.01 secs] 
1780.143: [GC (Allocation Failure) [PSYoungGen: 1566383K->5152K(1566720K)] 1670220K->109884K(2091008K), 0.0062611 secs] [Times: user=0.09 sys=0.01, real=0.01 secs] 
1790.406: [GC (Allocation Failure) [PSYoungGen: 1565728K->5120K(1566720K)] 1670460K->109940K(2091008K), 0.0053150 secs] [Times: user=0.06 sys=0.00, real=0.01 secs] 
1800.703: [GC (Allocation Failure) [PSYoungGen: 1565696K->5056K(1566720K)] 1670516K->109900K(2091008K), 0.0073672 secs] [Times: user=0.09 sys=0.00, real=0.01 secs] 
1811.006: [GC (Allocation Failure) [PSYoungGen: 1565632K->5120K(1566720K)] 1670476K->110076K(2091008K), 0.0049395 secs] [Times: user=0.09 sys=0.01, real=0.01 secs] 
1821.286: [GC (Allocation Failure) [PSYoungGen: 1565696K->5216K(1566720K)] 1670652K->110340K(2091008K), 0.0048237 secs] [Times: user=0.07 sys=0.00, real=0.01 secs] 
1831.406: [GC (Allocation Failure) [PSYoungGen: 1565792K->5871K(1566720K)] 1670916K->111043K(2091008K), 0.0075141 secs] [Times: user=0.19 sys=0.00, real=0.01 secs] 
1841.486: [GC (Allocation Failure) [PSYoungGen: 1566447K->5088K(1566720K)] 1671619K->111259K(2091008K), 0.0048512 secs] [Times: user=0.08 sys=0.00, real=0.00 secs] 
1851.640: [GC (Allocation Failure) [PSYoungGen: 1565664K->5184K(1566720K)] 1671835K->111603K(2091008K), 0.0064485 secs] [Times: user=0.07 sys=0.01, real=0.01 secs] 
1861.743: [GC (Allocation Failure) [PSYoungGen: 1565760K->5088K(1566720K)] 1672179K->111635K(2091008K), 0.0073362 secs] [Times: user=0.12 sys=0.00, real=0.01 secs] 
1871.865: [GC (Allocation Failure) [PSYoungGen: 1565664K->5344K(1566720K)] 1672211K->111995K(2091008K), 0.0057917 secs] [Times: user=0.08 sys=0.00, real=0.01 secs] 
1881.954: [GC (Allocation Failure) [PSYoungGen: 1565916K->5376K(1566720K)] 1672566K->112251K(2091008K), 0.0066863 secs] [Times: user=0.09 sys=0.00, real=0.01 secs] 
1892.070: [GC (Allocation Failure) [PSYoungGen: 1565952K->6063K(1566720K)] 1672827K->113025K(2091008K), 0.0098563 secs] [Times: user=0.20 sys=0.00, real=0.01 secs] 
1902.157: [GC (Allocation Failure) [PSYoungGen: 1566639K->5408K(1566720K)] 1673601K->113289K(2091008K), 0.0052184 secs] [Times: user=0.10 sys=0.00, real=0.00 secs] 
1912.216: [GC (Allocation Failure) [PSYoungGen: 1565947K->5504K(1566720K)] 1673828K->113489K(2091008K), 0.0052002 secs] [Times: user=0.10 sys=0.00, real=0.00 secs] 
1922.254: [GC (Allocation Failure) [PSYoungGen: 1566080K->5408K(1566720K)] 1674065K->113529K(2091008K), 0.0062606 secs] [Times: user=0.09 sys=0.00, real=0.01 secs] 
1932.353: [GC (Allocation Failure) [PSYoungGen: 1565984K->5312K(1566720K)] 1674105K->113569K(2091008K), 0.0073707 secs] [Times: user=0.10 sys=0.00, real=0.01 secs] 
1942.377: [GC (Allocation Failure) [PSYoungGen: 1565888K->5504K(1566720K)] 1674145K->113905K(2091008K), 0.0061555 secs] [Times: user=0.11 sys=0.00, real=0.01 secs] 
1952.435: [GC (Allocation Failure) [PSYoungGen: 1566080K->5568K(1566720K)] 1674481K->114017K(2091008K), 0.0062224 secs] [Times: user=0.10 sys=0.00, real=0.01 secs] 
1962.492: [GC (Allocation Failure) [PSYoungGen: 1566144K->6031K(1566720K)] 1674593K->114544K(2091008K), 0.0079549 secs] [Times: user=0.16 sys=0.01, real=0.00 secs] 
1972.574: [GC (Allocation Failure) [PSYoungGen: 1566607K->5377K(1566720K)] 1675120K->114824K(2091008K), 0.0076436 secs] [Times: user=0.10 sys=0.00, real=0.00 secs] 
1982.655: [GC (Allocation Failure) [PSYoungGen: 1565953K->6113K(1566720K)] 1675400K->116416K(2091008K), 0.0068773 secs] [Times: user=0.14 sys=0.00, real=0.00 secs] 
1992.754: [GC (Allocation Failure) [PSYoungGen: 1566689K->6113K(1564672K)] 1676992K->117128K(2088960K), 0.0061277 secs] [Times: user=0.10 sys=0.00, real=0.01 secs] 
2002.817: [GC (Allocation Failure) [PSYoungGen: 1564641K->6689K(1565696K)] 1675656K->117912K(2089984K), 0.0082643 secs] [Times: user=0.14 sys=0.00, real=0.01 secs] 
2012.892: [GC (Allocation Failure) [PSYoungGen: 1565217K->6721K(1564672K)] 1676440K->118032K(2088960K), 0.0067049 secs] [Times: user=0.11 sys=0.00, real=0.00 secs] 
2023.046: [GC (Allocation Failure) [PSYoungGen: 1564225K->6817K(1565184K)] 1675536K->118208K(2089472K), 0.0050273 secs] [Times: user=0.09 sys=0.00, real=0.00 secs] 
2033.083: [GC (Allocation Failure) [PSYoungGen: 1564321K->7183K(1564160K)] 1675712K->118679K(2088448K), 0.0084247 secs] [Times: user=0.16 sys=0.00, real=0.00 secs] 
2043.096: [GC (Allocation Failure) [PSYoungGen: 1563663K->6465K(1564672K)] 1675159K->118839K(2088960K), 0.0044593 secs] [Times: user=0.06 sys=0.01, real=0.00 secs] 
2053.109: [GC (Allocation Failure) [PSYoungGen: 1562945K->6433K(1564672K)] 1675319K->118951K(2088960K), 0.0073815 secs] [Times: user=0.11 sys=0.01, real=0.01 secs] 
2063.105: [GC (Allocation Failure) [PSYoungGen: 1562913K->6049K(1564672K)] 1675431K->118607K(2088960K), 0.0065669 secs] [Times: user=0.07 sys=0.00, real=0.01 secs] 
2073.139: [GC (Allocation Failure) [PSYoungGen: 1562529K->6689K(1565184K)] 1675087K->119511K(2089472K), 0.0080986 secs] [Times: user=0.11 sys=0.02, real=0.01 secs] 
2083.165: [GC (Allocation Failure) [PSYoungGen: 1564193K->6817K(1564672K)] 1677015K->119791K(2088960K), 0.0056431 secs] [Times: user=0.09 sys=0.01, real=0.01 secs] 
2093.122: [GC (Allocation Failure) [PSYoungGen: 1564321K->7279K(1564672K)] 1677295K->120390K(2088960K), 0.0089911 secs] [Times: user=0.16 sys=0.00, real=0.00 secs] 
2103.159: [GC (Allocation Failure) [PSYoungGen: 1563759K->6497K(1564672K)] 1676870K->120510K(2088960K), 0.0054257 secs] [Times: user=0.05 sys=0.00, real=0.01 secs] 
2113.142: [GC (Allocation Failure) [PSYoungGen: 1562977K->6753K(1564672K)] 1676990K->120846K(2088960K), 0.0068058 secs] [Times: user=0.10 sys=0.01, real=0.01 secs] 
2123.147: [GC (Allocation Failure) [PSYoungGen: 1563233K->6561K(1564672K)] 1677326K->120790K(2088960K), 0.0052033 secs] [Times: user=0.08 sys=0.00, real=0.00 secs] 
2133.120: [GC (Allocation Failure) [PSYoungGen: 1563041K->6785K(1564672K)] 1677270K->121126K(2088960K), 0.0063106 secs] [Times: user=0.10 sys=0.00, real=0.00 secs] 
2143.133: [GC (Allocation Failure) [PSYoungGen: 1563265K->6721K(1564672K)] 1677606K->121150K(2088960K), 0.0070407 secs] [Times: user=0.07 sys=0.01, real=0.01 secs] 
2153.129: [GC (Allocation Failure) [PSYoungGen: 1563201K->6817K(1564672K)] 1677630K->121382K(2088960K), 0.0062175 secs] [Times: user=0.09 sys=0.00, real=0.01 secs] 
2163.055: [GC (Allocation Failure) [PSYoungGen: 1563297K->7407K(1564672K)] 1677862K->122060K(2088960K), 0.0082333 secs] [Times: user=0.16 sys=0.01, real=0.01 secs] 
2173.032: [GC (Allocation Failure) [PSYoungGen: 1563887K->6657K(1564672K)] 1678540K->122332K(2088960K), 0.0074354 secs] [Times: user=0.11 sys=0.02, real=0.01 secs] 
2183.035: [GC (Allocation Failure) [PSYoungGen: 1563137K->6849K(1564672K)] 1678812K->122644K(2088960K), 0.0065964 secs] [Times: user=0.10 sys=0.00, real=0.01 secs] 
2193.037: [GC (Allocation Failure) [PSYoungGen: 1563329K->6753K(1564672K)] 1679124K->122596K(2088960K), 0.0069346 secs] [Times: user=0.11 sys=0.00, real=0.01 secs] 
2203.002: [GC (Allocation Failure) [PSYoungGen: 1563233K->6625K(1564672K)] 1679076K->122596K(2088960K), 0.0062739 secs] [Times: user=0.11 sys=0.00, real=0.01 secs] 
2212.964: [GC (Allocation Failure) [PSYoungGen: 1563105K->6369K(1565184K)] 1679076K->122356K(2089472K), 0.0056196 secs] [Times: user=0.07 sys=0.00, real=0.00 secs] 
2222.980: [GC (Allocation Failure) [PSYoungGen: 1563873K->6593K(1565184K)] 1679860K->122620K(2089472K), 0.0064346 secs] [Times: user=0.07 sys=0.00, real=0.01 secs] 
2232.911: [GC (Allocation Failure) [PSYoungGen: 1564097K->7183K(1565184K)] 1680124K->123411K(2089472K), 0.0090636 secs] [Times: user=0.19 sys=0.00, real=0.01 secs] 
2242.894: [GC (Allocation Failure) [PSYoungGen: 1564687K->6657K(1565184K)] 1680915K->123859K(2089472K), 0.0064069 secs] [Times: user=0.09 sys=0.01, real=0.01 secs] 
2252.841: [GC (Allocation Failure) [PSYoungGen: 1564161K->6593K(1565184K)] 1681363K->123867K(2089472K), 0.0060257 secs] [Times: user=0.09 sys=0.00, real=0.01 secs] 
2262.823: [GC (Allocation Failure) [PSYoungGen: 1564097K->6785K(1565184K)] 1681371K->124123K(2089472K), 0.0062495 secs] [Times: user=0.10 sys=0.01, real=0.01 secs] 
2272.796: [GC (Allocation Failure) [PSYoungGen: 1564289K->6753K(1565184K)] 1681627K->124211K(2089472K), 0.0050642 secs] [Times: user=0.08 sys=0.01, real=0.01 secs] 
2282.742: [GC (Allocation Failure) [PSYoungGen: 1564257K->6689K(1565184K)] 1681715K->124243K(2089472K), 0.0070049 secs] [Times: user=0.08 sys=0.00, real=0.00 secs] 
2292.683: [GC (Allocation Failure) [PSYoungGen: 1564193K->6689K(1565184K)] 1681747K->124259K(2089472K), 0.0083739 secs] [Times: user=0.09 sys=0.01, real=0.00 secs] 
2302.646: [GC (Allocation Failure) [PSYoungGen: 1564193K->6817K(1565184K)] 1681763K->124539K(2089472K), 0.0049967 secs] [Times: user=0.10 sys=0.01, real=0.00 secs] 
2312.533: [GC (Allocation Failure) [PSYoungGen: 1564321K->7375K(1565184K)] 1682043K->125241K(2089472K), 0.0069491 secs] [Times: user=0.15 sys=0.00, real=0.01 secs] 
2322.479: [GC (Allocation Failure) [PSYoungGen: 1564879K->6625K(1565184K)] 1682745K->125449K(2089472K), 0.0063967 secs] [Times: user=0.14 sys=0.01, real=0.00 secs] 
2332.473: [GC (Allocation Failure) [PSYoungGen: 1564129K->6721K(1565184K)] 1682953K->125657K(2089472K), 0.0066996 secs] [Times: user=0.11 sys=0.00, real=0.01 secs] 
2342.452: [GC (Allocation Failure) [PSYoungGen: 1564225K->6625K(1565184K)] 1683161K->125673K(2089472K), 0.0065440 secs] [Times: user=0.09 sys=0.00, real=0.00 secs] 
2352.412: [GC (Allocation Failure) [PSYoungGen: 1564129K->6753K(1565184K)] 1683177K->125849K(2089472K), 0.0072351 secs] [Times: user=0.09 sys=0.01, real=0.00 secs] 
2362.367: [GC (Allocation Failure) [PSYoungGen: 1564257K->6689K(1565184K)] 1683353K->125961K(2089472K), 0.0065677 secs] [Times: user=0.11 sys=0.01, real=0.01 secs] 
2372.317: [GC (Allocation Failure) [PSYoungGen: 1564193K->6721K(1565696K)] 1683465K->126122K(2089984K), 0.0057239 secs] [Times: user=0.07 sys=0.00, real=0.00 secs] 
2382.258: [GC (Allocation Failure) [PSYoungGen: 1564737K->6497K(1565184K)] 1684138K->126050K(2089472K), 0.0050852 secs] [Times: user=0.07 sys=0.01, real=0.00 secs] 
2392.265: [GC (Allocation Failure) [PSYoungGen: 1564513K->7151K(1564672K)] 1684066K->126888K(2088960K), 0.0070613 secs] [Times: user=0.13 sys=0.00, real=0.01 secs] 
2402.196: [GC (Allocation Failure) [PSYoungGen: 1564655K->6529K(1565184K)] 1684392K->127264K(2089472K), 0.0050853 secs] [Times: user=0.07 sys=0.00, real=0.01 secs] 
2412.197: [GC (Allocation Failure) [PSYoungGen: 1564033K->6817K(1565184K)] 1684768K->127584K(2089472K), 0.0054455 secs] [Times: user=0.11 sys=0.00, real=0.01 secs] 
2422.236: [GC (Allocation Failure) [PSYoungGen: 1564321K->6689K(1565184K)] 1685088K->127600K(2089472K), 0.0054464 secs] [Times: user=0.07 sys=0.01, real=0.00 secs] 
2432.236: [GC (Allocation Failure) [PSYoungGen: 1564193K->6689K(1565184K)] 1685104K->127624K(2089472K), 0.0053664 secs] [Times: user=0.06 sys=0.00, real=0.00 secs] 
2442.171: [GC (Allocation Failure) [PSYoungGen: 1564193K->6817K(1565184K)] 1685128K->127760K(2089472K), 0.0065547 secs] [Times: user=0.09 sys=0.00, real=0.01 secs] 
2452.172: [GC (Allocation Failure) [PSYoungGen: 1564321K->6721K(1565696K)] 1685264K->127880K(2089984K), 0.0066840 secs] [Times: user=0.10 sys=0.00, real=0.01 secs] 
2462.009: [GC (Allocation Failure) [PSYoungGen: 1564737K->7151K(1565184K)] 1685896K->128759K(2089472K), 0.0070028 secs] [Times: user=0.16 sys=0.00, real=0.00 secs] 
2471.868: [GC (Allocation Failure) [PSYoungGen: 1565167K->6689K(1565184K)] 1686775K->129367K(2089472K), 0.0051131 secs] [Times: user=0.07 sys=0.01, real=0.01 secs] 
2481.805: [GC (Allocation Failure) [PSYoungGen: 1564193K->6689K(1565184K)] 1686871K->129463K(2089472K), 0.0057726 secs] [Times: user=0.08 sys=0.00, real=0.00 secs] 
2491.734: [GC (Allocation Failure) [PSYoungGen: 1564193K->6753K(1565184K)] 1686967K->129663K(2089472K), 0.0065479 secs] [Times: user=0.09 sys=0.00, real=0.00 secs] 
2501.617: [GC (Allocation Failure) [PSYoungGen: 1564257K->6689K(1565184K)] 1687167K->129743K(2089472K), 0.0050496 secs] [Times: user=0.09 sys=0.00, real=0.00 secs] 
2511.532: [GC (Allocation Failure) [PSYoungGen: 1564193K->6753K(1565184K)] 1687247K->129887K(2089472K), 0.0067867 secs] [Times: user=0.10 sys=0.00, real=0.01 secs] 
2521.424: [GC (Allocation Failure) [PSYoungGen: 1564257K->6817K(1565184K)] 1687391K->129983K(2089472K), 0.0071380 secs] [Times: user=0.11 sys=0.01, real=0.01 secs] 
2531.241: [GC (Allocation Failure) [PSYoungGen: 1564321K->7311K(1565184K)] 1687487K->130525K(2089472K), 0.0074159 secs] [Times: user=0.18 sys=0.00, real=0.01 secs] 
2541.077: [GC (Allocation Failure) [PSYoungGen: 1564815K->6689K(1565184K)] 1688029K->130909K(2089472K), 0.0057171 secs] [Times: user=0.10 sys=0.00, real=0.01 secs] 
2550.915: [GC (Allocation Failure) [PSYoungGen: 1564193K->6817K(1565184K)] 1688413K->131125K(2089472K), 0.0059187 secs] [Times: user=0.11 sys=0.01, real=0.01 secs] 
2560.756: [GC (Allocation Failure) [PSYoungGen: 1564321K->6657K(1565184K)] 1688629K->131005K(2089472K), 0.0065047 secs] [Times: user=0.11 sys=0.00, real=0.00 secs] 
2570.610: [GC (Allocation Failure) [PSYoungGen: 1564161K->6689K(1565184K)] 1688509K->131117K(2089472K), 0.0061919 secs] [Times: user=0.07 sys=0.00, real=0.01 secs] 
2580.482: [GC (Allocation Failure) [PSYoungGen: 1564193K->6817K(1565184K)] 1688621K->131349K(2089472K), 0.0059993 secs] [Times: user=0.08 sys=0.01, real=0.01 secs] 
2590.344: [GC (Allocation Failure) [PSYoungGen: 1564321K->6561K(1565184K)] 1688853K->131229K(2089472K), 0.0063040 secs] [Times: user=0.08 sys=0.01, real=0.01 secs] 
2600.198: [GC (Allocation Failure) [PSYoungGen: 1564065K->7279K(1565184K)] 1688733K->131996K(2089472K), 0.0066081 secs] [Times: user=0.16 sys=0.00, real=0.01 secs] 
2610.100: [GC (Allocation Failure) [PSYoungGen: 1564783K->6721K(1565184K)] 1689500K->132524K(2089472K), 0.0071083 secs] [Times: user=0.11 sys=0.02, real=0.01 secs] 
2620.019: [GC (Allocation Failure) [PSYoungGen: 1564225K->6753K(1565184K)] 1690028K->132588K(2089472K), 0.0067724 secs] [Times: user=0.12 sys=0.00, real=0.01 secs] 
2629.920: [GC (Allocation Failure) [PSYoungGen: 1564257K->6785K(1565184K)] 1690092K->132676K(2089472K), 0.0072659 secs] [Times: user=0.08 sys=0.00, real=0.01 secs] 
2639.842: [GC (Allocation Failure) [PSYoungGen: 1564289K->6689K(1565184K)] 1690180K->132796K(2089472K), 0.0068076 secs] [Times: user=0.10 sys=0.00, real=0.01 secs] 
2649.707: [GC (Allocation Failure) [PSYoungGen: 1564193K->6817K(1565184K)] 1690300K->132972K(2089472K), 0.0067803 secs] [Times: user=0.09 sys=0.00, real=0.00 secs] 
2659.604: [GC (Allocation Failure) [PSYoungGen: 1564321K->7311K(1565184K)] 1690476K->133619K(2089472K), 0.0092007 secs] [Times: user=0.19 sys=0.00, real=0.01 secs] 
2669.485: [GC (Allocation Failure) [PSYoungGen: 1564815K->6721K(1565184K)] 1691123K->134059K(2089472K), 0.0074009 secs] [Times: user=0.10 sys=0.03, real=0.01 secs] 
2679.322: [GC (Allocation Failure) [PSYoungGen: 1564225K->6657K(1565184K)] 1691563K->134051K(2089472K), 0.0067006 secs] [Times: user=0.09 sys=0.00, real=0.00 secs] 
2689.184: [GC (Allocation Failure) [PSYoungGen: 1564161K->6721K(1565184K)] 1691555K->134219K(2089472K), 0.0063633 secs] [Times: user=0.08 sys=0.01, real=0.00 secs] 
2699.048: [GC (Allocation Failure) [PSYoungGen: 1564225K->6785K(1565184K)] 1691723K->134323K(2089472K), 0.0076428 secs] [Times: user=0.11 sys=0.00, real=0.01 secs] 
2708.936: [GC (Allocation Failure) [PSYoungGen: 1564289K->6721K(1565184K)] 1691827K->134355K(2089472K), 0.0058943 secs] [Times: user=0.11 sys=0.00, real=0.00 secs] 
2718.789: [GC (Allocation Failure) [PSYoungGen: 1564225K->5825K(1565184K)] 1691859K->133539K(2089472K), 0.0139300 secs] [Times: user=0.08 sys=0.00, real=0.01 secs] 
2728.570: [GC (Allocation Failure) [PSYoungGen: 1563329K->7407K(1565184K)] 1691043K->135153K(2089472K), 0.0074712 secs] [Times: user=0.15 sys=0.00, real=0.00 secs] 
2738.477: [GC (Allocation Failure) [PSYoungGen: 1564911K->6785K(1565184K)] 1692657K->135545K(2089472K), 0.0052162 secs] [Times: user=0.10 sys=0.00, real=0.01 secs] 
2748.356: [GC (Allocation Failure) [PSYoungGen: 1564289K->6721K(1565184K)] 1693049K->135705K(2089472K), 0.0051181 secs] [Times: user=0.09 sys=0.00, real=0.00 secs] 
2758.194: [GC (Allocation Failure) [PSYoungGen: 1564225K->6433K(1565184K)] 1693209K->135481K(2089472K), 0.0073316 secs] [Times: user=0.07 sys=0.00, real=0.00 secs] 
2768.050: [GC (Allocation Failure) [PSYoungGen: 1563937K->6657K(1565184K)] 1692985K->135825K(2089472K), 0.0064154 secs] [Times: user=0.10 sys=0.00, real=0.01 secs] 
2777.873: [GC (Allocation Failure) [PSYoungGen: 1564161K->6785K(1565184K)] 1693329K->135993K(2089472K), 0.0063656 secs] [Times: user=0.11 sys=0.00, real=0.01 secs] 
2787.709: [GC (Allocation Failure) [PSYoungGen: 1564289K->6593K(1565184K)] 1693497K->135817K(2089472K), 0.0046901 secs] [Times: user=0.03 sys=0.00, real=0.00 secs] 
2797.523: [GC (Allocation Failure) [PSYoungGen: 1564097K->7343K(1565184K)] 1693321K->136688K(2089472K), 0.0084660 secs] [Times: user=0.18 sys=0.00, real=0.01 secs] 
2807.348: [GC (Allocation Failure) [PSYoungGen: 1564847K->6625K(1565184K)] 1694192K->136872K(2089472K), 0.0096586 secs] [Times: user=0.14 sys=0.01, real=0.01 secs] 
2817.203: [GC (Allocation Failure) [PSYoungGen: 1564129K->6753K(1565184K)] 1694376K->137104K(2089472K), 0.0061020 secs] [Times: user=0.10 sys=0.01, real=0.00 secs] 
2827.063: [GC (Allocation Failure) [PSYoungGen: 1564257K->6593K(1565184K)] 1694608K->137048K(2089472K), 0.0062250 secs] [Times: user=0.08 sys=0.00, real=0.00 secs] 
2836.925: [GC (Allocation Failure) [PSYoungGen: 1564097K->6785K(1565184K)] 1694552K->137272K(2089472K), 0.0058528 secs] [Times: user=0.10 sys=0.00, real=0.01 secs] 
2846.792: [GC (Allocation Failure) [PSYoungGen: 1564289K->6753K(1565184K)] 1694776K->137248K(2089472K), 0.0075366 secs] [Times: user=0.13 sys=0.01, real=0.01 secs] 
2856.621: [GC (Allocation Failure) [PSYoungGen: 1564257K->6497K(1565184K)] 1694752K->137152K(2089472K), 0.0068643 secs] [Times: user=0.09 sys=0.00, real=0.00 secs] 
2866.378: [GC (Allocation Failure) [PSYoungGen: 1564001K->7087K(1565184K)] 1694656K->137766K(2089472K), 0.0115219 secs] [Times: user=0.12 sys=0.00, real=0.02 secs] 
2876.160: [GC (Allocation Failure) [PSYoungGen: 1564591K->6529K(1565184K)] 1695270K->138214K(2089472K), 0.0047454 secs] [Times: user=0.08 sys=0.00, real=0.01 secs] 
2885.979: [GC (Allocation Failure) [PSYoungGen: 1564033K->6753K(1565184K)] 1695718K->138510K(2089472K), 0.0068344 secs] [Times: user=0.11 sys=0.00, real=0.01 secs] 
2895.777: [GC (Allocation Failure) [PSYoungGen: 1564257K->7279K(1565184K)] 1696014K->139037K(2089472K), 0.0077577 secs] [Times: user=0.11 sys=0.00, real=0.01 secs] 
2905.596: [GC (Allocation Failure) [PSYoungGen: 1564783K->6625K(1565184K)] 1696541K->139325K(2089472K), 0.0091109 secs] [Times: user=0.17 sys=0.01, real=0.01 secs] 
2915.468: [GC (Allocation Failure) [PSYoungGen: 1564129K->6721K(1565184K)] 1696829K->139493K(2089472K), 0.0071674 secs] [Times: user=0.13 sys=0.00, real=0.00 secs] 
2925.285: [GC (Allocation Failure) [PSYoungGen: 1564225K->6689K(1565184K)] 1696997K->139597K(2089472K), 0.0053050 secs] [Times: user=0.09 sys=0.00, real=0.01 secs] 
2935.142: [GC (Allocation Failure) [PSYoungGen: 1564193K->6753K(1565184K)] 1697101K->139741K(2089472K), 0.0053329 secs] [Times: user=0.10 sys=0.00, real=0.00 secs] 
2944.999: [GC (Allocation Failure) [PSYoungGen: 1564257K->6721K(1565184K)] 1697245K->139797K(2089472K), 0.0048139 secs] [Times: user=0.05 sys=0.01, real=0.01 secs] 
2954.857: [GC (Allocation Failure) [PSYoungGen: 1564225K->6817K(1565184K)] 1697301K->139901K(2089472K), 0.0055752 secs] [Times: user=0.09 sys=0.01, real=0.00 secs] 
2964.657: [GC (Allocation Failure) [PSYoungGen: 1564321K->7151K(1564672K)] 1697405K->140564K(2088960K), 0.0126595 secs] [Times: user=0.15 sys=0.00, real=0.01 secs] 
2974.396: [GC (Allocation Failure) [PSYoungGen: 1564655K->6497K(1565184K)] 1698068K->140964K(2089472K), 0.0051500 secs] [Times: user=0.07 sys=0.00, real=0.01 secs] 
2984.151: [GC (Allocation Failure) [PSYoungGen: 1564001K->6785K(1565184K)] 1698468K->141284K(2089472K), 0.0060407 secs] [Times: user=0.08 sys=0.01, real=0.00 secs] 
2993.946: [GC (Allocation Failure) [PSYoungGen: 1564289K->6689K(1565184K)] 1698788K->141300K(2089472K), 0.0074367 secs] [Times: user=0.09 sys=0.00, real=0.01 secs] 
3003.729: [GC (Allocation Failure) [PSYoungGen: 1564193K->6753K(1565184K)] 1698804K->141396K(2089472K), 0.0074114 secs] [Times: user=0.11 sys=0.01, real=0.01 secs] 
3013.528: [GC (Allocation Failure) [PSYoungGen: 1564257K->6721K(1565184K)] 1698900K->141380K(2089472K), 0.0060135 secs] [Times: user=0.12 sys=0.00, real=0.01 secs] 
3023.264: [GC (Allocation Failure) [PSYoungGen: 1564225K->6657K(1565184K)] 1698884K->141484K(2089472K), 0.0064737 secs] [Times: user=0.10 sys=0.00, real=0.00 secs] 
3033.081: [GC (Allocation Failure) [PSYoungGen: 1564161K->6753K(1565184K)] 1698988K->141748K(2089472K), 0.0050569 secs] [Times: user=0.08 sys=0.00, real=0.01 secs] 
3042.829: [GC (Allocation Failure) [PSYoungGen: 1564257K->6721K(1565696K)] 1699252K->141812K(2089984K), 0.0082989 secs] [Times: user=0.12 sys=0.00, real=0.01 secs] 
3052.584: [GC (Allocation Failure) [PSYoungGen: 1565249K->7151K(1565696K)] 1700340K->142578K(2089984K), 0.0100880 secs] [Times: user=0.19 sys=0.00, real=0.01 secs] 
3062.363: [GC (Allocation Failure) [PSYoungGen: 1565679K->6689K(1564672K)] 1701106K->143122K(2088960K), 0.0070040 secs] [Times: user=0.10 sys=0.00, real=0.01 secs] 
3072.119: [GC (Allocation Failure) [PSYoungGen: 1564193K->6721K(1565184K)] 1700626K->143370K(2089472K), 0.0054345 secs] [Times: user=0.09 sys=0.00, real=0.01 secs] 
3081.919: [GC (Allocation Failure) [PSYoungGen: 1564225K->6721K(1565184K)] 1700874K->143466K(2089472K), 0.0051478 secs] [Times: user=0.09 sys=0.00, real=0.01 secs] 
3091.701: [GC (Allocation Failure) [PSYoungGen: 1564225K->6785K(1565184K)] 1700970K->143570K(2089472K), 0.0063505 secs] [Times: user=0.08 sys=0.01, real=0.01 secs] 
3101.462: [GC (Allocation Failure) [PSYoungGen: 1564289K->6689K(1565184K)] 1701074K->143594K(2089472K), 0.0061828 secs] [Times: user=0.06 sys=0.01, real=0.01 secs] 
3111.259: [GC (Allocation Failure) [PSYoungGen: 1564153K->6785K(1565184K)] 1701059K->143826K(2089472K), 0.0071262 secs] [Times: user=0.12 sys=0.00, real=0.01 secs] 
3120.956: [GC (Allocation Failure) [PSYoungGen: 1564257K->7151K(1564672K)] 1701298K->144401K(2088960K), 0.0078040 secs] [Times: user=0.17 sys=0.00, real=0.01 secs] 
3130.678: [GC (Allocation Failure) [PSYoungGen: 1564655K->6465K(1565184K)] 1701905K->144737K(2089472K), 0.0046502 secs] [Times: user=0.07 sys=0.00, real=0.01 secs] 
3140.435: [GC (Allocation Failure) [PSYoungGen: 1563969K->6785K(1565184K)] 1702241K->145089K(2089472K), 0.0066795 secs] [Times: user=0.10 sys=0.00, real=0.01 secs] 
3150.157: [GC (Allocation Failure) [PSYoungGen: 1564289K->6561K(1565184K)] 1702593K->144897K(2089472K), 0.0054411 secs] [Times: user=0.06 sys=0.00, real=0.01 secs] 
3159.873: [GC (Allocation Failure) [PSYoungGen: 1564065K->6721K(1565184K)] 1702401K->145161K(2089472K), 0.0065222 secs] [Times: user=0.08 sys=0.00, real=0.01 secs] 
3169.610: [GC (Allocation Failure) [PSYoungGen: 1564225K->6785K(1565184K)] 1702665K->145361K(2089472K), 0.0048371 secs] [Times: user=0.09 sys=0.00, real=0.00 secs] 
3179.372: [GC (Allocation Failure) [PSYoungGen: 1564289K->6689K(1565184K)] 1702865K->145409K(2089472K), 0.0058539 secs] [Times: user=0.09 sys=0.00, real=0.01 secs] 
3189.136: [GC (Allocation Failure) [PSYoungGen: 1564193K->7311K(1565184K)] 1702913K->146144K(2089472K), 0.0073419 secs] [Times: user=0.14 sys=0.00, real=0.01 secs] 
3198.917: [GC (Allocation Failure) [PSYoungGen: 1564815K->6625K(1565184K)] 1703648K->146536K(2089472K), 0.0056855 secs] [Times: user=0.11 sys=0.01, real=0.01 secs] 
3208.797: [GC (Allocation Failure) [PSYoungGen: 1564129K->6785K(1565184K)] 1704040K->146728K(2089472K), 0.0055884 secs] [Times: user=0.11 sys=0.00, real=0.01 secs] 
3218.572: [GC (Allocation Failure) [PSYoungGen: 1564289K->6785K(1565184K)] 1704232K->146864K(2089472K), 0.0065266 secs] [Times: user=0.11 sys=0.00, real=0.01 secs] 
3228.386: [GC (Allocation Failure) [PSYoungGen: 1564289K->6689K(1565184K)] 1704368K->146856K(2089472K), 0.0060554 secs] [Times: user=0.10 sys=0.00, real=0.00 secs] 
3238.174: [GC (Allocation Failure) [PSYoungGen: 1564193K->6785K(1565696K)] 1704360K->147080K(2089984K), 0.0059558 secs] [Times: user=0.10 sys=0.00, real=0.01 secs] 
3247.949: [GC (Allocation Failure) [PSYoungGen: 1564801K->6849K(1565184K)] 1705096K->147304K(2089472K), 0.0053786 secs] [Times: user=0.11 sys=0.00, real=0.00 secs] 
3257.750: [GC (Allocation Failure) [PSYoungGen: 1564865K->7151K(1564672K)] 1705320K->148078K(2088960K), 0.0067143 secs] [Times: user=0.11 sys=0.00, real=0.00 secs] 
3267.515: [GC (Allocation Failure) [PSYoungGen: 1564655K->6785K(1565184K)] 1705582K->148678K(2089472K), 0.0079948 secs] [Times: user=0.13 sys=0.00, real=0.01 secs] 
3277.292: [GC (Allocation Failure) [PSYoungGen: 1564289K->6785K(1565184K)] 1706182K->148774K(2089472K), 0.0065988 secs] [Times: user=0.10 sys=0.00, real=0.00 secs] 
3287.067: [GC (Allocation Failure) [PSYoungGen: 1564289K->5953K(1565184K)] 1706278K->148094K(2089472K), 0.0065679 secs] [Times: user=0.06 sys=0.00, real=0.01 secs] 
3296.854: [GC (Allocation Failure) [PSYoungGen: 1563457K->6721K(1565184K)] 1705598K->148934K(2089472K), 0.0057277 secs] [Times: user=0.07 sys=0.01, real=0.01 secs] 
3306.641: [GC (Allocation Failure) [PSYoungGen: 1564225K->6689K(1565184K)] 1706438K->149006K(2089472K), 0.0073855 secs] [Times: user=0.12 sys=0.00, real=0.01 secs] 
3316.497: [GC (Allocation Failure) [PSYoungGen: 1564193K->6785K(1565184K)] 1706510K->149406K(2089472K), 0.0058310 secs] [Times: user=0.11 sys=0.00, real=0.01 secs] 
3326.256: [GC (Allocation Failure) [PSYoungGen: 1564289K->7343K(1565184K)] 1706910K->150229K(2089472K), 0.0071150 secs] [Times: user=0.16 sys=0.00, real=0.01 secs] 
3336.030: [GC (Allocation Failure) [PSYoungGen: 1564847K->6721K(1565184K)] 1707733K->150597K(2089472K), 0.0076854 secs] [Times: user=0.09 sys=0.03, real=0.01 secs] 
3345.832: [GC (Allocation Failure) [PSYoungGen: 1564225K->6625K(1565184K)] 1708101K->150517K(2089472K), 0.0072659 secs] [Times: user=0.06 sys=0.00, real=0.01 secs] 
3355.581: [GC (Allocation Failure) [PSYoungGen: 1564088K->6657K(1565184K)] 1707980K->150741K(2089472K), 0.0050266 secs] [Times: user=0.08 sys=0.00, real=0.01 secs] 
3365.397: [GC (Allocation Failure) [PSYoungGen: 1564161K->6561K(1565184K)] 1708245K->150717K(2089472K), 0.0049130 secs] [Times: user=0.07 sys=0.00, real=0.00 secs] 
3375.200: [GC (Allocation Failure) [PSYoungGen: 1564065K->6561K(1565184K)] 1708221K->150781K(2089472K), 0.0057000 secs] [Times: user=0.11 sys=0.00, real=0.00 secs] 
3385.040: [GC (Allocation Failure) [PSYoungGen: 1564065K->6785K(1565184K)] 1708285K->151173K(2089472K), 0.0061717 secs] [Times: user=0.08 sys=0.00, real=0.00 secs] 
3394.748: [GC (Allocation Failure) [PSYoungGen: 1564289K->7215K(1565184K)] 1708677K->151644K(2089472K), 0.0075990 secs] [Times: user=0.16 sys=0.01, real=0.01 secs] 
3404.445: [GC (Allocation Failure) [PSYoungGen: 1564719K->6625K(1565184K)] 1709148K->152116K(2089472K), 0.0059423 secs] [Times: user=0.07 sys=0.01, real=0.00 secs] 
3414.139: [GC (Allocation Failure) [PSYoungGen: 1564129K->6657K(1565184K)] 1709620K->152228K(2089472K), 0.0065315 secs] [Times: user=0.10 sys=0.00, real=0.01 secs] 
3423.839: [GC (Allocation Failure) [PSYoungGen: 1564161K->6753K(1565184K)] 1709732K->152540K(2089472K), 0.0057332 secs] [Times: user=0.12 sys=0.00, real=0.01 secs] 
3433.526: [GC (Allocation Failure) [PSYoungGen: 1564257K->6721K(1565184K)] 1710044K->152564K(2089472K), 0.0051251 secs] [Times: user=0.08 sys=0.00, real=0.00 secs] 
3443.195: [GC (Allocation Failure) [PSYoungGen: 1564225K->6721K(1565184K)] 1710068K->152716K(2089472K), 0.0047827 secs] [Times: user=0.07 sys=0.01, real=0.01 secs] 
3452.860: [GC (Allocation Failure) [PSYoungGen: 1564225K->6849K(1565184K)] 1710220K->152932K(2089472K), 0.0072861 secs] [Times: user=0.11 sys=0.00, real=0.00 secs] 
3462.690: [GC (Allocation Failure) [PSYoungGen: 1564353K->7247K(1565184K)] 1710436K->153458K(2089472K), 0.0073288 secs] [Times: user=0.14 sys=0.00, real=0.01 secs] 
3472.429: [GC (Allocation Failure) [PSYoungGen: 1564751K->6753K(1565184K)] 1710962K->153986K(2089472K), 0.0062344 secs] [Times: user=0.08 sys=0.00, real=0.01 secs] 
3482.124: [GC (Allocation Failure) [PSYoungGen: 1564257K->6337K(1565184K)] 1711490K->153666K(2089472K), 0.0062686 secs] [Times: user=0.07 sys=0.00, real=0.00 secs] 
3491.868: [GC (Allocation Failure) [PSYoungGen: 1563841K->6689K(1565184K)] 1711170K->154114K(2089472K), 0.0066939 secs] [Times: user=0.10 sys=0.00, real=0.01 secs] 
3501.657: [GC (Allocation Failure) [PSYoungGen: 1564193K->6753K(1565184K)] 1711618K->154330K(2089472K), 0.0052154 secs] [Times: user=0.08 sys=0.00, real=0.00 secs] 
3511.639: [GC (Allocation Failure) [PSYoungGen: 1564257K->6273K(1565184K)] 1711834K->154026K(2089472K), 0.0062713 secs] [Times: user=0.07 sys=0.01, real=0.00 secs] 
3521.305: [GC (Allocation Failure) [PSYoungGen: 1563777K->6817K(1565184K)] 1711530K->154602K(2089472K), 0.0061087 secs] [Times: user=0.08 sys=0.00, real=0.01 secs] 
3530.984: [GC (Allocation Failure) [PSYoungGen: 1564321K->7311K(1565184K)] 1712106K->155217K(2089472K), 0.0089061 secs] [Times: user=0.18 sys=0.00, real=0.01 secs] 
3540.683: [GC (Allocation Failure) [PSYoungGen: 1564815K->6753K(1565184K)] 1712721K->155761K(2089472K), 0.0069725 secs] [Times: user=0.08 sys=0.00, real=0.00 secs] 
3550.329: [GC (Allocation Failure) [PSYoungGen: 1564257K->6753K(1565184K)] 1713265K->155809K(2089472K), 0.0065772 secs] [Times: user=0.09 sys=0.01, real=0.01 secs] 
3559.978: [GC (Allocation Failure) [PSYoungGen: 1564257K->6497K(1565184K)] 1713313K->155617K(2089472K), 0.0060054 secs] [Times: user=0.06 sys=0.00, real=0.00 secs] 
3569.697: [GC (Allocation Failure) [PSYoungGen: 1564001K->6625K(1565184K)] 1713121K->155841K(2089472K), 0.0056342 secs] [Times: user=0.06 sys=0.00, real=0.00 secs] 
3579.366: [GC (Allocation Failure) [PSYoungGen: 1564129K->6785K(1565184K)] 1713345K->156153K(2089472K), 0.0054933 secs] [Times: user=0.10 sys=0.00, real=0.01 secs] 
3589.011: [GC (Allocation Failure) [PSYoungGen: 1564289K->6817K(1565184K)] 1713657K->156217K(2089472K), 0.0061946 secs] [Times: user=0.11 sys=0.00, real=0.00 secs] 
3598.724: [GC (Allocation Failure) [PSYoungGen: 1564321K->6529K(1565184K)] 1713721K->156177K(2089472K), 0.0059870 secs] [Times: user=0.08 sys=0.01, real=0.00 secs] 
3608.343: [GC (Allocation Failure) [PSYoungGen: 1564033K->7535K(1565184K)] 1713681K->157207K(2089472K), 0.0082751 secs] [Times: user=0.06 sys=0.01, real=0.00 secs] 
3617.981: [GC (Allocation Failure) [PSYoungGen: 1565039K->6433K(1565184K)] 1714711K->157447K(2089472K), 0.0078491 secs] [Times: user=0.06 sys=0.01, real=0.01 secs] 
3627.625: [GC (Allocation Failure) [PSYoungGen: 1563937K->6689K(1565184K)] 1714951K->157743K(2089472K), 0.0065367 secs] [Times: user=0.08 sys=0.00, real=0.01 secs] 
3637.265: [GC (Allocation Failure) [PSYoungGen: 1564193K->6785K(1565184K)] 1715247K->157975K(2089472K), 0.0056415 secs] [Times: user=0.10 sys=0.00, real=0.01 secs] 
3646.936: [GC (Allocation Failure) [PSYoungGen: 1564289K->6593K(1565184K)] 1715479K->157895K(2089472K), 0.0051106 secs] [Times: user=0.10 sys=0.00, real=0.01 secs] 
3656.627: [GC (Allocation Failure) [PSYoungGen: 1564097K->6465K(1565184K)] 1715399K->157832K(2089472K), 0.0058809 secs] [Times: user=0.11 sys=0.00, real=0.01 secs] 
3666.299: [GC (Allocation Failure) [PSYoungGen: 1563969K->7073K(1565184K)] 1715336K->158584K(2089472K), 0.0061940 secs] [Times: user=0.07 sys=0.01, real=0.01 secs] 
3675.858: [GC (Allocation Failure) [PSYoungGen: 1564577K->7663K(1565184K)] 1716088K->159470K(2089472K), 0.0069685 secs] [Times: user=0.11 sys=0.01, real=0.01 secs] 
3685.576: [GC (Allocation Failure) [PSYoungGen: 1565167K->6945K(1564160K)] 1716974K->159766K(2088448K), 0.0067218 secs] [Times: user=0.10 sys=0.00, real=0.00 secs] 
3695.244: [GC (Allocation Failure) [PSYoungGen: 1563425K->7041K(1564672K)] 1716246K->159998K(2088960K), 0.0053655 secs] [Times: user=0.09 sys=0.00, real=0.01 secs] 
3704.910: [GC (Allocation Failure) [PSYoungGen: 1563521K->7105K(1565184K)] 1716478K->160190K(2089472K), 0.0072712 secs] [Times: user=0.10 sys=0.01, real=0.01 secs] 
3714.589: [GC (Allocation Failure) [PSYoungGen: 1564609K->7105K(1565184K)] 1717694K->160214K(2089472K), 0.0061268 secs] [Times: user=0.08 sys=0.00, real=0.00 secs] 
3724.263: [GC (Allocation Failure) [PSYoungGen: 1564609K->7009K(1565184K)] 1717718K->160270K(2089472K), 0.0072209 secs] [Times: user=0.09 sys=0.00, real=0.00 secs] 
3733.961: [GC (Allocation Failure) [PSYoungGen: 1564513K->7169K(1565184K)] 1717774K->160454K(2089472K), 0.0062225 secs] [Times: user=0.11 sys=0.00, real=0.01 secs] 
3743.679: [GC (Allocation Failure) [PSYoungGen: 1564673K->7137K(1565184K)] 1717958K->160518K(2089472K), 0.0068311 secs] [Times: user=0.11 sys=0.01, real=0.01 secs] 
3753.458: [GC (Allocation Failure) [PSYoungGen: 1564641K->6369K(1565184K)] 1718022K->159926K(2089472K), 0.0070831 secs] [Times: user=0.05 sys=0.00, real=0.01 secs] 
3763.077: [GC (Allocation Failure) [PSYoungGen: 1563873K->7663K(1564160K)] 1717430K->161309K(2088448K), 0.0069362 secs] [Times: user=0.14 sys=0.01, real=0.00 secs] 
3772.760: [GC (Allocation Failure) [PSYoungGen: 1564143K->7009K(1564672K)] 1717789K->161732K(2088960K), 0.0057102 secs] [Times: user=0.08 sys=0.00, real=0.00 secs] 
3782.478: [GC (Allocation Failure) [PSYoungGen: 1563489K->7073K(1564672K)] 1718212K->161868K(2088960K), 0.0049883 secs] [Times: user=0.08 sys=0.00, real=0.00 secs] 
3792.167: [GC (Allocation Failure) [PSYoungGen: 1563553K->6945K(1564672K)] 1718348K->161852K(2088960K), 0.0081083 secs] [Times: user=0.08 sys=0.01, real=0.01 secs] 
3801.781: [GC (Allocation Failure) [PSYoungGen: 1563425K->7105K(1565184K)] 1718332K->162180K(2089472K), 0.0072410 secs] [Times: user=0.10 sys=0.00, real=0.01 secs] 
3811.453: [GC (Allocation Failure) [PSYoungGen: 1564097K->7105K(1564672K)] 1719172K->162212K(2088960K), 0.0050886 secs] [Times: user=0.06 sys=0.00, real=0.01 secs] 
3821.057: [GC (Allocation Failure) [PSYoungGen: 1564097K->7105K(1565184K)] 1719204K->162308K(2089472K), 0.0053452 secs] [Times: user=0.08 sys=0.00, real=0.00 secs] 
3830.670: [GC (Allocation Failure) [PSYoungGen: 1564609K->7663K(1565184K)] 1719812K->162978K(2089472K), 0.0063317 secs] [Times: user=0.12 sys=0.00, real=0.01 secs] 
3840.317: [GC (Allocation Failure) [PSYoungGen: 1565167K->6273K(1564160K)] 1720482K->162522K(2088448K), 0.0067078 secs] [Times: user=0.06 sys=0.00, real=0.01 secs] 
3849.995: [GC (Allocation Failure) [PSYoungGen: 1562753K->6945K(1564672K)] 1719002K->163314K(2088960K), 0.0050804 secs] [Times: user=0.07 sys=0.00, real=0.01 secs] 
3859.592: [GC (Allocation Failure) [PSYoungGen: 1563425K->7105K(1564672K)] 1719794K->163506K(2088960K), 0.0069800 secs] [Times: user=0.10 sys=0.00, real=0.00 secs] 
3869.297: [GC (Allocation Failure) [PSYoungGen: 1563585K->7169K(1564672K)] 1719986K->163722K(2088960K), 0.0059337 secs] [Times: user=0.08 sys=0.01, real=0.01 secs] 
3878.942: [GC (Allocation Failure) [PSYoungGen: 1563649K->7105K(1565184K)] 1720202K->163802K(2089472K), 0.0060197 secs] [Times: user=0.11 sys=0.00, real=0.01 secs] 
3888.566: [GC (Allocation Failure) [PSYoungGen: 1564097K->7137K(1564672K)] 1720794K->163898K(2088960K), 0.0059307 secs] [Times: user=0.10 sys=0.00, real=0.00 secs] 
3898.269: [GC (Allocation Failure) [PSYoungGen: 1564129K->7663K(1564160K)] 1720890K->164625K(2088448K), 0.0067536 secs] [Times: user=0.11 sys=0.00, real=0.00 secs] 
3907.883: [GC (Allocation Failure) [PSYoungGen: 1564143K->7073K(1564672K)] 1721105K->165113K(2088960K), 0.0075050 secs] [Times: user=0.07 sys=0.03, real=0.01 secs] 
3917.626: [GC (Allocation Failure) [PSYoungGen: 1563553K->7073K(1564672K)] 1721593K->165161K(2088960K), 0.0046855 secs] [Times: user=0.05 sys=0.00, real=0.01 secs] 
3927.281: [GC (Allocation Failure) [PSYoungGen: 1563553K->6913K(1564672K)] 1721641K->165153K(2088960K), 0.0079600 secs] [Times: user=0.08 sys=0.01, real=0.00 secs] 
3936.957: [GC (Allocation Failure) [PSYoungGen: 1563393K->7105K(1565184K)] 1721633K->165353K(2089472K), 0.0072417 secs] [Times: user=0.10 sys=0.00, real=0.01 secs] 
3946.724: [GC (Allocation Failure) [PSYoungGen: 1564609K->6945K(1565184K)] 1722857K->165225K(2089472K), 0.0070278 secs] [Times: user=0.05 sys=0.01, real=0.00 secs] 
3956.400: [GC (Allocation Failure) [PSYoungGen: 1564449K->7169K(1565184K)] 1722729K->165609K(2089472K), 0.0057314 secs] [Times: user=0.07 sys=0.00, real=0.01 secs] 
3966.120: [GC (Allocation Failure) [PSYoungGen: 1564673K->7631K(1565184K)] 1723113K->166239K(2089472K), 0.0089280 secs] [Times: user=0.16 sys=0.00, real=0.01 secs] 
3975.697: [GC (Allocation Failure) [PSYoungGen: 1565135K->6753K(1564160K)] 1723743K->166335K(2088448K), 0.0066696 secs] [Times: user=0.06 sys=0.00, real=0.01 secs] 
3985.309: [GC (Allocation Failure) [PSYoungGen: 1563233K->7073K(1564672K)] 1722815K->166695K(2088960K), 0.0082342 secs] [Times: user=0.12 sys=0.00, real=0.01 secs] 
3995.017: [GC (Allocation Failure) [PSYoungGen: 1563553K->6785K(1565184K)] 1723175K->166519K(2089472K), 0.0067563 secs] [Times: user=0.10 sys=0.00, real=0.01 secs] 
4004.636: [GC (Allocation Failure) [PSYoungGen: 1564289K->6305K(1564160K)] 1724023K->166112K(2088448K), 0.0063610 secs] [Times: user=0.05 sys=0.00, real=0.00 secs] 
4014.252: [GC (Allocation Failure) [PSYoungGen: 1563809K->6913K(1565184K)] 1723616K->166912K(2089472K), 0.0060252 secs] [Times: user=0.11 sys=0.00, real=0.01 secs] 
4023.819: [GC (Allocation Failure) [PSYoungGen: 1563905K->7009K(1564672K)] 1723904K->167048K(2088960K), 0.0074888 secs] [Times: user=0.07 sys=0.00, real=0.01 secs] 
4033.457: [GC (Allocation Failure) [PSYoungGen: 1564001K->7663K(1564160K)] 1724040K->167782K(2088448K), 0.0073796 secs] [Times: user=0.15 sys=0.00, real=0.01 secs] 
4043.167: [GC (Allocation Failure) [PSYoungGen: 1564143K->6945K(1564672K)] 1724262K->168086K(2088960K), 0.0076096 secs] [Times: user=0.12 sys=0.00, real=0.01 secs] 
4052.800: [GC (Allocation Failure) [PSYoungGen: 1563425K->7105K(1564672K)] 1724566K->168310K(2088960K), 0.0068241 secs] [Times: user=0.10 sys=0.00, real=0.01 secs] 
4062.419: [GC (Allocation Failure) [PSYoungGen: 1563585K->7073K(1564672K)] 1724790K->168326K(2088960K), 0.0056179 secs] [Times: user=0.10 sys=0.00, real=0.01 secs] 
4072.050: [GC (Allocation Failure) [PSYoungGen: 1563553K->6945K(1565184K)] 1724806K->168350K(2089472K), 0.0066344 secs] [Times: user=0.10 sys=0.01, real=0.01 secs] 
4081.765: [GC (Allocation Failure) [PSYoungGen: 1564449K->6657K(1565184K)] 1725854K->168110K(2089472K), 0.0059871 secs] [Times: user=0.07 sys=0.00, real=0.00 secs] 
4091.402: [GC (Allocation Failure) [PSYoungGen: 1564154K->7105K(1565184K)] 1725607K->168638K(2089472K), 0.0054701 secs] [Times: user=0.08 sys=0.00, real=0.01 secs] 
4101.016: [GC (Allocation Failure) [PSYoungGen: 1564609K->6689K(1565184K)] 1726142K->168414K(2089472K), 0.0095362 secs] [Times: user=0.17 sys=0.00, real=0.01 secs] 
4110.581: [GC (Allocation Failure) [PSYoungGen: 1564193K->6959K(1565184K)] 1725918K->168717K(2089472K), 0.0262880 secs] [Times: user=0.45 sys=0.00, real=0.02 secs] 
4120.190: [GC (Allocation Failure) [PSYoungGen: 1564463K->7041K(1565184K)] 1726221K->169829K(2089472K), 0.0079489 secs] [Times: user=0.09 sys=0.01, real=0.01 secs] 
4129.783: [GC (Allocation Failure) [PSYoungGen: 1564545K->6817K(1565184K)] 1727333K->169717K(2089472K), 0.0081706 secs] [Times: user=0.06 sys=0.00, real=0.01 secs] 
4139.393: [GC (Allocation Failure) [PSYoungGen: 1564321K->6657K(1565184K)] 1727221K->169573K(2089472K), 0.0096413 secs] [Times: user=0.07 sys=0.00, real=0.01 secs] 
4148.950: [GC (Allocation Failure) [PSYoungGen: 1564161K->6849K(1565184K)] 1727077K->169837K(2089472K), 0.0056851 secs] [Times: user=0.09 sys=0.00, real=0.01 secs] 
4158.574: [GC (Allocation Failure) [PSYoungGen: 1564353K->6817K(1565184K)] 1727341K->169981K(2089472K), 0.0058190 secs] [Times: user=0.08 sys=0.00, real=0.01 secs] 
4168.115: [GC (Allocation Failure) [PSYoungGen: 1564321K->6849K(1565184K)] 1727485K->170077K(2089472K), 0.0059914 secs] [Times: user=0.09 sys=0.01, real=0.01 secs] 
4177.678: [GC (Allocation Failure) [PSYoungGen: 1564353K->7503K(1565184K)] 1727581K->170859K(2089472K), 0.0081770 secs] [Times: user=0.13 sys=0.00, real=0.01 secs] 
4187.186: [GC (Allocation Failure) [PSYoungGen: 1565007K->7041K(1565184K)] 1728363K->171379K(2089472K), 0.0057319 secs] [Times: user=0.09 sys=0.01, real=0.01 secs] 
4196.725: [GC (Allocation Failure) [PSYoungGen: 1564545K->6593K(1565184K)] 1728883K->170947K(2089472K), 0.0070768 secs] [Times: user=0.07 sys=0.00, real=0.01 secs] 
4206.205: [GC (Allocation Failure) [PSYoungGen: 1564097K->6753K(1565184K)] 1728451K->171195K(2089472K), 0.0083242 secs] [Times: user=0.06 sys=0.00, real=0.00 secs] 
4215.729: [GC (Allocation Failure) [PSYoungGen: 1564257K->6977K(1565184K)] 1728699K->171435K(2089472K), 0.0057836 secs] [Times: user=0.07 sys=0.00, real=0.01 secs] 
4225.326: [GC (Allocation Failure) [PSYoungGen: 1564481K->7041K(1565184K)] 1728939K->171675K(2089472K), 0.0062887 secs] [Times: user=0.09 sys=0.00, real=0.01 secs] 
4234.847: [GC (Allocation Failure) [PSYoungGen: 1564545K->7137K(1565184K)] 1729179K->171843K(2089472K), 0.0061434 secs] [Times: user=0.12 sys=0.00, real=0.01 secs] 
4244.386: [GC (Allocation Failure) [PSYoungGen: 1564641K->7137K(1565184K)] 1729347K->171899K(2089472K), 0.0058082 secs] [Times: user=0.08 sys=0.00, real=0.01 secs] 
4253.879: [GC (Allocation Failure) [PSYoungGen: 1564641K->6017K(1565184K)] 1729403K->170979K(2089472K), 0.0128219 secs] [Times: user=0.11 sys=0.00, real=0.02 secs] 
4263.333: [GC (Allocation Failure) [PSYoungGen: 1563521K->7663K(1564160K)] 1728483K->172722K(2088448K), 0.0084911 secs] [Times: user=0.14 sys=0.00, real=0.00 secs] 
4272.918: [GC (Allocation Failure) [PSYoungGen: 1564143K->7041K(1564672K)] 1729202K->173194K(2088960K), 0.0069500 secs] [Times: user=0.06 sys=0.02, real=0.01 secs] 
4282.502: [GC (Allocation Failure) [PSYoungGen: 1563521K->7073K(1564672K)] 1729674K->173266K(2088960K), 0.0053771 secs] [Times: user=0.07 sys=0.00, real=0.01 secs] 
4291.997: [GC (Allocation Failure) [PSYoungGen: 1563553K->7105K(1564672K)] 1729746K->173330K(2088960K), 0.0055179 secs] [Times: user=0.09 sys=0.00, real=0.00 secs] 
4301.436: [GC (Allocation Failure) [PSYoungGen: 1563585K->7041K(1565184K)] 1729810K->173362K(2089472K), 0.0055400 secs] [Times: user=0.10 sys=0.00, real=0.01 secs] 
4310.907: [GC (Allocation Failure) [PSYoungGen: 1564033K->6529K(1564672K)] 1730354K->172866K(2088960K), 0.0085039 secs] [Times: user=0.06 sys=0.00, real=0.01 secs] 
4320.494: [GC (Allocation Failure) [PSYoungGen: 1563521K->6465K(1565184K)] 1729858K->172930K(2089472K), 0.0068876 secs] [Times: user=0.06 sys=0.00, real=0.01 secs] 
4329.981: [GC (Allocation Failure) [PSYoungGen: 1563969K->7567K(1565184K)] 1730434K->174137K(2089472K), 0.0089691 secs] [Times: user=0.16 sys=0.00, real=0.01 secs] 
4339.574: [GC (Allocation Failure) [PSYoungGen: 1565071K->6913K(1564160K)] 1731641K->174505K(2088448K), 0.0060320 secs] [Times: user=0.10 sys=0.00, real=0.00 secs] 
4349.146: [GC (Allocation Failure) [PSYoungGen: 1563393K->6753K(1564672K)] 1730985K->174481K(2088960K), 0.0068747 secs] [Times: user=0.06 sys=0.00, real=0.00 secs] 
4358.706: [GC (Allocation Failure) [PSYoungGen: 1563233K->6369K(1564672K)] 1730961K->174121K(2088960K), 0.0088195 secs] [Times: user=0.04 sys=0.00, real=0.00 secs] 
4368.323: [GC (Allocation Failure) [PSYoungGen: 1562849K->6785K(1564672K)] 1730601K->174673K(2088960K), 0.0054206 secs] [Times: user=0.08 sys=0.00, real=0.00 secs] 
4377.906: [GC (Allocation Failure) [PSYoungGen: 1563265K->7041K(1565184K)] 1731153K->175041K(2089472K), 0.0069739 secs] [Times: user=0.11 sys=0.02, real=0.01 secs] 
4387.522: [GC (Allocation Failure) [PSYoungGen: 1564545K->7041K(1565184K)] 1732545K->175193K(2089472K), 0.0052963 secs] [Times: user=0.08 sys=0.00, real=0.00 secs] 
4397.076: [GC (Allocation Failure) [PSYoungGen: 1564516K->6625K(1565184K)] 1732667K->174897K(2089472K), 0.0068781 secs] [Times: user=0.07 sys=0.00, real=0.01 secs] 
4406.625: [GC (Allocation Failure) [PSYoungGen: 1564129K->7183K(1565184K)] 1732401K->175591K(2089472K), 0.0081406 secs] [Times: user=0.13 sys=0.00, real=0.00 secs] 
4416.190: [GC (Allocation Failure) [PSYoungGen: 1564687K->6977K(1565184K)] 1733095K->176399K(2089472K), 0.0097497 secs] [Times: user=0.08 sys=0.01, real=0.01 secs] 
4425.905: [GC (Allocation Failure) [PSYoungGen: 1564481K->6657K(1565184K)] 1733903K->176223K(2089472K), 0.0093405 secs] [Times: user=0.05 sys=0.00, real=0.01 secs] 
4435.576: [GC (Allocation Failure) [PSYoungGen: 1564161K->6977K(1565184K)] 1733727K->176615K(2089472K), 0.0053432 secs] [Times: user=0.08 sys=0.01, real=0.01 secs] 
4445.114: [GC (Allocation Failure) [PSYoungGen: 1564481K->7041K(1565184K)] 1734119K->176791K(2089472K), 0.0053004 secs] [Times: user=0.07 sys=0.00, real=0.00 secs] 
4454.680: [GC (Allocation Failure) [PSYoungGen: 1564545K->7009K(1565184K)] 1734295K->176871K(2089472K), 0.0058348 secs] [Times: user=0.07 sys=0.00, real=0.01 secs] 
4464.316: [GC (Allocation Failure) [PSYoungGen: 1564451K->6721K(1565184K)] 1734313K->176615K(2089472K), 0.0108714 secs] [Times: user=0.12 sys=0.00, real=0.01 secs] 
4474.005: [GC (Allocation Failure) [PSYoungGen: 1564225K->5953K(1565184K)] 1734119K->175863K(2089472K), 0.0205299 secs] [Times: user=0.10 sys=0.00, real=0.02 secs] 
4483.684: [GC (Allocation Failure) [PSYoungGen: 1563457K->7215K(1565184K)] 1733367K->177270K(2089472K), 0.0123974 secs] [Times: user=0.07 sys=0.00, real=0.02 secs] 
4493.195: [GC (Allocation Failure) [PSYoungGen: 1564719K->6881K(1565184K)] 1734774K->177814K(2089472K), 0.0126504 secs] [Times: user=0.07 sys=0.00, real=0.02 secs] 
4502.781: [GC (Allocation Failure) [PSYoungGen: 1564385K->7073K(1565184K)] 1735318K->178134K(2089472K), 0.0062981 secs] [Times: user=0.06 sys=0.00, real=0.00 secs] 
4512.190: [GC (Allocation Failure) [PSYoungGen: 1564577K->7041K(1565184K)] 1735638K->178246K(2089472K), 0.0060438 secs] [Times: user=0.09 sys=0.00, real=0.00 secs] 
4521.721: [GC (Allocation Failure) [PSYoungGen: 1564545K->7041K(1565184K)] 1735750K->178326K(2089472K), 0.0066895 secs] [Times: user=0.09 sys=0.00, real=0.01 secs] 
4531.302: [GC (Allocation Failure) [PSYoungGen: 1564545K->6785K(1565184K)] 1735830K->178182K(2089472K), 0.0063602 secs] [Times: user=0.08 sys=0.00, real=0.00 secs] 
4540.806: [GC (Allocation Failure) [PSYoungGen: 1564289K->6465K(1565184K)] 1735686K->177918K(2089472K), 0.0066522 secs] [Times: user=0.06 sys=0.00, real=0.00 secs] 
4550.273: [GC (Allocation Failure) [PSYoungGen: 1563969K->7567K(1564160K)] 1735422K->179108K(2088448K), 0.0114215 secs] [Times: user=0.13 sys=0.01, real=0.01 secs] 
4559.810: [GC (Allocation Failure) [PSYoungGen: 1564047K->6945K(1564672K)] 1735588K->179644K(2088960K), 0.0069453 secs] [Times: user=0.07 sys=0.03, real=0.01 secs] 
4569.333: [GC (Allocation Failure) [PSYoungGen: 1563425K->7105K(1565184K)] 1736124K->179876K(2089472K), 0.0067318 secs] [Times: user=0.12 sys=0.01, real=0.01 secs] 
4578.787: [GC (Allocation Failure) [PSYoungGen: 1564572K->6593K(1565184K)] 1737344K->179372K(2089472K), 0.0095014 secs] [Times: user=0.07 sys=0.00, real=0.01 secs] 
4588.363: [GC (Allocation Failure) [PSYoungGen: 1564097K->6657K(1565184K)] 1736876K->179540K(2089472K), 0.0091350 secs] [Times: user=0.07 sys=0.00, real=0.01 secs] 
4597.909: [GC (Allocation Failure) [PSYoungGen: 1564161K->5889K(1563648K)] 1737044K->178812K(2087936K), 0.0247706 secs] [Times: user=0.12 sys=0.00, real=0.03 secs] 
4607.428: [GC (Allocation Failure) [PSYoungGen: 1563393K->6049K(1564672K)] 1736316K->179060K(2088960K), 0.0141449 secs] [Times: user=0.06 sys=0.00, real=0.01 secs] 
4616.765: [GC (Allocation Failure) [PSYoungGen: 1562529K->7151K(1564672K)] 1735540K->180195K(2088960K), 0.0305078 secs] [Times: user=0.45 sys=0.00, real=0.04 secs] 
4626.431: [GC (Allocation Failure) [PSYoungGen: 1563631K->6593K(1564672K)] 1736675K->180587K(2088960K), 0.0163773 secs] [Times: user=0.17 sys=0.00, real=0.02 secs] 
4635.899: [GC (Allocation Failure) [PSYoungGen: 1563073K->6977K(1564672K)] 1737067K->181027K(2088960K), 0.0054061 secs] [Times: user=0.08 sys=0.00, real=0.00 secs] 
4645.385: [GC (Allocation Failure) [PSYoungGen: 1563457K->7073K(1564672K)] 1737507K->181163K(2088960K), 0.0066819 secs] [Times: user=0.10 sys=0.00, real=0.01 secs] 
4654.945: [GC (Allocation Failure) [PSYoungGen: 1563553K->7009K(1564672K)] 1737643K->181211K(2088960K), 0.0058462 secs] [Times: user=0.11 sys=0.00, real=0.01 secs] 
4664.508: [GC (Allocation Failure) [PSYoungGen: 1563489K->6689K(1565184K)] 1737691K->180931K(2089472K), 0.0055065 secs] [Times: user=0.05 sys=0.00, real=0.01 secs] 
4674.105: [GC (Allocation Failure) [PSYoungGen: 1563681K->7041K(1564672K)] 1737923K->181443K(2088960K), 0.0060288 secs] [Times: user=0.09 sys=0.00, real=0.00 secs] 
4683.580: [GC (Allocation Failure) [PSYoungGen: 1564033K->7663K(1564160K)] 1738435K->182114K(2088448K), 0.0085154 secs] [Times: user=0.18 sys=0.00, real=0.01 secs] 
4693.178: [GC (Allocation Failure) [PSYoungGen: 1564143K->6593K(1564672K)] 1738594K->182002K(2088960K), 0.0059776 secs] [Times: user=0.10 sys=0.00, real=0.00 secs] 
4702.796: [GC (Allocation Failure) [PSYoungGen: 1563073K->6721K(1564672K)] 1738482K->182218K(2088960K), 0.0058633 secs] [Times: user=0.06 sys=0.01, real=0.01 secs] 
4712.418: [GC (Allocation Failure) [PSYoungGen: 1563201K->6945K(1564672K)] 1738698K->182530K(2088960K), 0.0079013 secs] [Times: user=0.10 sys=0.00, real=0.01 secs] 
4721.902: [GC (Allocation Failure) [PSYoungGen: 1563425K->6497K(1564672K)] 1739010K->182186K(2088960K), 0.0078212 secs] [Times: user=0.09 sys=0.00, real=0.00 secs] 
4731.404: [GC (Allocation Failure) [PSYoungGen: 1562977K->6273K(1564672K)] 1738666K->182058K(2088960K), 0.0099996 secs] [Times: user=0.05 sys=0.00, real=0.01 secs] 
4741.045: [GC (Allocation Failure) [PSYoungGen: 1562753K->6049K(1564672K)] 1738538K->181874K(2088960K), 0.0105426 secs] [Times: user=0.07 sys=0.00, real=0.01 secs] 
4750.601: [GC (Allocation Failure) [PSYoungGen: 1562529K->7407K(1564672K)] 1738354K->183320K(2088960K), 0.0097014 secs] [Times: user=0.16 sys=0.00, real=0.01 secs] 
4760.012: [GC (Allocation Failure) [PSYoungGen: 1563887K->6337K(1564672K)] 1739800K->183080K(2088960K), 0.0094262 secs] [Times: user=0.06 sys=0.00, real=0.01 secs] 
4769.480: [GC (Allocation Failure) [PSYoungGen: 1562817K->7041K(1564672K)] 1739560K->183856K(2088960K), 0.0057407 secs] [Times: user=0.08 sys=0.00, real=0.00 secs] 
4778.963: [GC (Allocation Failure) [PSYoungGen: 1563521K->6817K(1564672K)] 1740336K->183752K(2088960K), 0.0056651 secs] [Times: user=0.08 sys=0.00, real=0.00 secs] 
4788.474: [GC (Allocation Failure) [PSYoungGen: 1563297K->6145K(1564672K)] 1740232K->183136K(2088960K), 0.0070363 secs] [Times: user=0.05 sys=0.00, real=0.00 secs] 
4798.028: [GC (Allocation Failure) [PSYoungGen: 1562625K->6497K(1564672K)] 1739616K->183592K(2088960K), 0.0098916 secs] [Times: user=0.05 sys=0.00, real=0.01 secs] 
4807.491: [GC (Allocation Failure) [PSYoungGen: 1562977K->7169K(1564672K)] 1740072K->184392K(2088960K), 0.0050409 secs] [Times: user=0.09 sys=0.00, real=0.01 secs] 
4816.927: [GC (Allocation Failure) [PSYoungGen: 1563649K->6369K(1564672K)] 1740872K->183704K(2088960K), 0.0144147 secs] [Times: user=0.15 sys=0.00, real=0.01 secs] 
4826.358: [GC (Allocation Failure) [PSYoungGen: 1562849K->7631K(1564672K)] 1740184K->185071K(2088960K), 0.0093564 secs] [Times: user=0.13 sys=0.00, real=0.01 secs] 
4835.940: [GC (Allocation Failure) [PSYoungGen: 1564111K->6689K(1564672K)] 1741551K->185127K(2088960K), 0.0051752 secs] [Times: user=0.07 sys=0.00, real=0.00 secs] 
4845.391: [GC (Allocation Failure) [PSYoungGen: 1563169K->6945K(1564672K)] 1741607K->185431K(2088960K), 0.0068414 secs] [Times: user=0.09 sys=0.00, real=0.00 secs] 
4854.921: [GC (Allocation Failure) [PSYoungGen: 1563425K->6593K(1564672K)] 1741911K->185175K(2088960K), 0.0123843 secs] [Times: user=0.06 sys=0.00, real=0.02 secs] 
4864.456: [GC (Allocation Failure) [PSYoungGen: 1563073K->6849K(1564672K)] 1741655K->185455K(2088960K), 0.0055360 secs] [Times: user=0.08 sys=0.00, real=0.00 secs] 
4874.006: [GC (Allocation Failure) [PSYoungGen: 1563329K->6113K(1564672K)] 1741935K->184871K(2088960K), 0.0080268 secs] [Times: user=0.07 sys=0.00, real=0.01 secs] 
4883.410: [GC (Allocation Failure) [PSYoungGen: 1562593K->7137K(1564672K)] 1741351K->185967K(2088960K), 0.0055434 secs] [Times: user=0.07 sys=0.01, real=0.00 secs] 
4892.780: [GC (Allocation Failure) [PSYoungGen: 1563617K->7375K(1564672K)] 1742447K->186238K(2088960K), 0.0132321 secs] [Times: user=0.07 sys=0.00, real=0.01 secs] 
4902.266: [GC (Allocation Failure) [PSYoungGen: 1563855K->6465K(1564672K)] 1742718K->186310K(2088960K), 0.0071699 secs] [Times: user=0.07 sys=0.00, real=0.01 secs] 
4911.741: [GC (Allocation Failure) [PSYoungGen: 1562945K->6625K(1564672K)] 1742790K->186502K(2088960K), 0.0077914 secs] [Times: user=0.06 sys=0.00, real=0.00 secs] 
4921.201: [GC (Allocation Failure) [PSYoungGen: 1563105K->7105K(1564672K)] 1742982K->187054K(2088960K), 0.0095635 secs] [Times: user=0.09 sys=0.01, real=0.01 secs] 
4930.624: [GC (Allocation Failure) [PSYoungGen: 1563585K->6977K(1564672K)] 1743534K->187006K(2088960K), 0.0075483 secs] [Times: user=0.05 sys=0.00, real=0.00 secs] 
4940.081: [GC (Allocation Failure) [PSYoungGen: 1563457K->6945K(1564672K)] 1743486K->187054K(2088960K), 0.0056044 secs] [Times: user=0.07 sys=0.00, real=0.01 secs] 
4949.494: [GC (Allocation Failure) [PSYoungGen: 1563425K->6881K(1565184K)] 1743534K->187054K(2089472K), 0.0066819 secs] [Times: user=0.11 sys=0.00, real=0.01 secs] 
4958.973: [GC (Allocation Failure) [PSYoungGen: 1563873K->6817K(1564672K)] 1744046K->187078K(2088960K), 0.0064948 secs] [Times: user=0.05 sys=0.01, real=0.01 secs] 
4968.299: [GC (Allocation Failure) [PSYoungGen: 1563747K->7055K(1565184K)] 1744008K->187364K(2089472K), 0.0177673 secs] [Times: user=0.17 sys=0.01, real=0.02 secs] 
4977.756: [GC (Allocation Failure) [PSYoungGen: 1564559K->6209K(1565184K)] 1744868K->187428K(2089472K), 0.0255661 secs] [Times: user=0.44 sys=0.00, real=0.03 secs] 
4987.200: [GC (Allocation Failure) [PSYoungGen: 1563713K->6561K(1565184K)] 1744932K->187812K(2089472K), 0.0072212 secs] [Times: user=0.06 sys=0.00, real=0.01 secs] 
4996.692: [GC (Allocation Failure) [PSYoungGen: 1564065K->6913K(1565184K)] 1745316K->188236K(2089472K), 0.0067654 secs] [Times: user=0.12 sys=0.00, real=0.01 secs] 
5006.177: [GC (Allocation Failure) [PSYoungGen: 1564417K->6817K(1565184K)] 1745740K->188228K(2089472K), 0.0091666 secs] [Times: user=0.07 sys=0.00, real=0.01 secs] 
5015.805: [GC (Allocation Failure) [PSYoungGen: 1564321K->7105K(1565184K)] 1745732K->188548K(2089472K), 0.0054806 secs] [Times: user=0.06 sys=0.00, real=0.01 secs] 
5025.207: [GC (Allocation Failure) [PSYoungGen: 1564609K->7105K(1565184K)] 1746052K->188668K(2089472K), 0.0050739 secs] [Times: user=0.08 sys=0.00, real=0.00 secs] 
5034.696: [GC (Allocation Failure) [PSYoungGen: 1564609K->7663K(1565184K)] 1746172K->189291K(2089472K), 0.0079677 secs] [Times: user=0.14 sys=0.00, real=0.01 secs] 
5044.116: [GC (Allocation Failure) [PSYoungGen: 1565167K->5857K(1564160K)] 1746795K->188371K(2088448K), 0.0134055 secs] [Times: user=0.07 sys=0.00, real=0.01 secs] 
5053.627: [GC (Allocation Failure) [PSYoungGen: 1562337K->7105K(1564672K)] 1744851K->189635K(2088960K), 0.0053219 secs] [Times: user=0.09 sys=0.00, real=0.01 secs] 
5063.025: [GC (Allocation Failure) [PSYoungGen: 1563585K->7041K(1564672K)] 1746115K->189699K(2088960K), 0.0050569 secs] [Times: user=0.07 sys=0.00, real=0.00 secs] 
5072.562: [GC (Allocation Failure) [PSYoungGen: 1563521K->7073K(1564672K)] 1746179K->189731K(2088960K), 0.0055572 secs] [Times: user=0.08 sys=0.00, real=0.01 secs] 
5081.995: [GC (Allocation Failure) [PSYoungGen: 1563553K->6593K(1564672K)] 1746211K->189307K(2088960K), 0.0064601 secs] [Times: user=0.05 sys=0.00, real=0.01 secs] 
5091.456: [GC (Allocation Failure) [PSYoungGen: 1563073K->7105K(1564672K)] 1745787K->189891K(2088960K), 0.0066617 secs] [Times: user=0.10 sys=0.00, real=0.01 secs] 
5101.171: [GC (Allocation Failure) [PSYoungGen: 1563585K->7535K(1564672K)] 1746371K->190449K(2088960K), 0.0078529 secs] [Times: user=0.16 sys=0.00, real=0.00 secs] 
5110.597: [GC (Allocation Failure) [PSYoungGen: 1564015K->6241K(1564672K)] 1746929K->189961K(2088960K), 0.0185563 secs] [Times: user=0.14 sys=0.00, real=0.02 secs] 
5119.899: [GC (Allocation Failure) [PSYoungGen: 1562721K->7105K(1564672K)] 1746441K->190945K(2088960K), 0.0046508 secs] [Times: user=0.08 sys=0.00, real=0.01 secs] 
5129.342: [GC (Allocation Failure) [PSYoungGen: 1563585K->6433K(1564672K)] 1747425K->190337K(2088960K), 0.0075987 secs] [Times: user=0.05 sys=0.00, real=0.01 secs] 
5138.822: [GC (Allocation Failure) [PSYoungGen: 1562913K->6913K(1564672K)] 1746817K->190857K(2088960K), 0.0061797 secs] [Times: user=0.10 sys=0.00, real=0.01 secs] 
5148.279: [GC (Allocation Failure) [PSYoungGen: 1563393K->7041K(1564672K)] 1747337K->191065K(2088960K), 0.0066340 secs] [Times: user=0.08 sys=0.00, real=0.00 secs] 
5157.671: [GC (Allocation Failure) [PSYoungGen: 1563521K->6689K(1564672K)] 1747545K->190785K(2088960K), 0.0115269 secs] [Times: user=0.06 sys=0.00, real=0.01 secs] 
5167.118: [GC (Allocation Failure) [PSYoungGen: 1563169K->6831K(1564672K)] 1747265K->191048K(2088960K), 0.0205745 secs] [Times: user=0.33 sys=0.00, real=0.02 secs] 
5176.524: [GC (Allocation Failure) [PSYoungGen: 1563311K->6785K(1565184K)] 1747528K->191960K(2089472K), 0.0070576 secs] [Times: user=0.08 sys=0.01, real=0.01 secs] 
5185.939: [GC (Allocation Failure) [PSYoungGen: 1564289K->7105K(1565184K)] 1749464K->192352K(2089472K), 0.0093582 secs] [Times: user=0.14 sys=0.00, real=0.01 secs] 
5195.524: [GC (Allocation Failure) [PSYoungGen: 1564609K->6913K(1565184K)] 1749856K->192296K(2089472K), 0.0055372 secs] [Times: user=0.09 sys=0.00, real=0.00 secs] 
5205.086: [GC (Allocation Failure) [PSYoungGen: 1564417K->7073K(1565184K)] 1749800K->192512K(2089472K), 0.0051079 secs] [Times: user=0.07 sys=0.00, real=0.00 secs] 
5214.499: [GC (Allocation Failure) [PSYoungGen: 1564577K->6401K(1565184K)] 1750016K->191960K(2089472K), 0.0063344 secs] [Times: user=0.07 sys=0.00, real=0.00 secs] 
5223.878: [GC (Allocation Failure) [PSYoungGen: 1563905K->6881K(1565184K)] 1749464K->192480K(2089472K), 0.0056122 secs] [Times: user=0.09 sys=0.00, real=0.01 secs] 
5233.246: [GC (Allocation Failure) [PSYoungGen: 1564385K->7041K(1565184K)] 1749984K->192744K(2089472K), 0.0063135 secs] [Times: user=0.11 sys=0.00, real=0.01 secs] 
5242.602: [GC (Allocation Failure) [PSYoungGen: 1564545K->7503K(1565184K)] 1750248K->193247K(2089472K), 0.0145739 secs] [Times: user=0.15 sys=0.00, real=0.01 secs] 
5252.112: [GC (Allocation Failure) [PSYoungGen: 1565007K->6689K(1565184K)] 1750751K->193511K(2089472K), 0.0071555 secs] [Times: user=0.08 sys=0.01, real=0.01 secs] 
5261.653: [GC (Allocation Failure) [PSYoungGen: 1564193K->7041K(1565184K)] 1751015K->193887K(2089472K), 0.0060659 secs] [Times: user=0.09 sys=0.00, real=0.01 secs] 
5271.130: [GC (Allocation Failure) [PSYoungGen: 1564545K->7041K(1565184K)] 1751391K->193935K(2089472K), 0.0069382 secs] [Times: user=0.09 sys=0.00, real=0.01 secs] 
5280.596: [GC (Allocation Failure) [PSYoungGen: 1564545K->6177K(1565184K)] 1751439K->193143K(2089472K), 0.0109043 secs] [Times: user=0.06 sys=0.01, real=0.02 secs] 
5290.132: [GC (Allocation Failure) [PSYoungGen: 1563681K->7201K(1564160K)] 1750647K->194223K(2088448K), 0.0048516 secs] [Times: user=0.05 sys=0.01, real=0.00 secs] 
5299.655: [GC (Allocation Failure) [PSYoungGen: 1563681K->6241K(1564672K)] 1750703K->193335K(2088960K), 0.0211385 secs] [Times: user=0.08 sys=0.01, real=0.02 secs] 
5308.922: [GC (Allocation Failure) [PSYoungGen: 1562721K->6767K(1565184K)] 1749815K->193957K(2089472K), 0.0136553 secs] [Times: user=0.09 sys=0.00, real=0.01 secs] 
5318.221: [GC (Allocation Failure) [PSYoungGen: 1563759K->7137K(1564672K)] 1750949K->195317K(2088960K), 0.0065204 secs] [Times: user=0.06 sys=0.00, real=0.01 secs] 
5327.769: [GC (Allocation Failure) [PSYoungGen: 1564128K->6913K(1565184K)] 1752309K->195125K(2089472K), 0.0061746 secs] [Times: user=0.05 sys=0.00, real=0.01 secs] 
5337.182: [GC (Allocation Failure) [PSYoungGen: 1563905K->7041K(1564672K)] 1752117K->195333K(2088960K), 0.0056016 secs] [Times: user=0.07 sys=0.00, real=0.01 secs] 
5346.520: [GC (Allocation Failure) [PSYoungGen: 1564007K->7105K(1565184K)] 1752299K->195477K(2089472K), 0.0051808 secs] [Times: user=0.07 sys=0.01, real=0.00 secs] 
5355.842: [GC (Allocation Failure) [PSYoungGen: 1564609K->7009K(1565184K)] 1752981K->195493K(2089472K), 0.0056358 secs] [Times: user=0.08 sys=0.00, real=0.00 secs] 
5365.135: [GC (Allocation Failure) [PSYoungGen: 1564513K->7073K(1565184K)] 1752997K->195629K(2089472K), 0.0057323 secs] [Times: user=0.09 sys=0.00, real=0.01 secs] 
5374.492: [GC (Allocation Failure) [PSYoungGen: 1564577K->7663K(1565184K)] 1753133K->196260K(2089472K), 0.0107698 secs] [Times: user=0.14 sys=0.00, real=0.01 secs] 
5383.886: [GC (Allocation Failure) [PSYoungGen: 1565167K->6785K(1564160K)] 1753764K->196428K(2088448K), 0.0065858 secs] [Times: user=0.11 sys=0.01, real=0.01 secs] 
5393.305: [GC (Allocation Failure) [PSYoungGen: 1563265K->6433K(1564672K)] 1752908K->196108K(2088960K), 0.0072973 secs] [Times: user=0.05 sys=0.00, real=0.00 secs] 
5402.667: [GC (Allocation Failure) [PSYoungGen: 1562913K->5793K(1564672K)] 1752588K->195548K(2088960K), 0.0169818 secs] [Times: user=0.08 sys=0.00, real=0.01 secs] 
5411.858: [GC (Allocation Failure) [PSYoungGen: 1562273K->7137K(1564672K)] 1752028K->196964K(2088960K), 0.0100757 secs] [Times: user=0.05 sys=0.00, real=0.01 secs] 
5421.438: [GC (Allocation Failure) [PSYoungGen: 1563617K->6209K(1564672K)] 1753444K->196044K(2088960K), 0.0103472 secs] [Times: user=0.05 sys=0.00, real=0.01 secs] 
5430.667: [GC (Allocation Failure) [PSYoungGen: 1562689K->7073K(1564672K)] 1752524K->197052K(2088960K), 0.0066398 secs] [Times: user=0.11 sys=0.00, real=0.01 secs] 
5439.946: [GC (Allocation Failure) [PSYoungGen: 1563553K->6977K(1564672K)] 1753532K->197068K(2088960K), 0.0070304 secs] [Times: user=0.09 sys=0.00, real=0.01 secs] 
5449.294: [GC (Allocation Failure) [PSYoungGen: 1563457K->7087K(1564672K)] 1753548K->197283K(2088960K), 0.0096940 secs] [Times: user=0.10 sys=0.00, real=0.01 secs] 
5458.937: [GC (Allocation Failure) [PSYoungGen: 1563567K->7041K(1564672K)] 1753763K->198251K(2088960K), 0.0071220 secs] [Times: user=0.09 sys=0.01, real=0.01 secs] 
5468.337: [GC (Allocation Failure) [PSYoungGen: 1563521K->6529K(1564672K)] 1754731K->197819K(2088960K), 0.0085475 secs] [Times: user=0.07 sys=0.00, real=0.01 secs] 
5477.872: [GC (Allocation Failure) [PSYoungGen: 1563009K->7041K(1564672K)] 1754299K->198491K(2088960K), 0.0051910 secs] [Times: user=0.06 sys=0.01, real=0.01 secs] 
5487.289: [GC (Allocation Failure) [PSYoungGen: 1563521K->6721K(1564672K)] 1754971K->198235K(2088960K), 0.0073105 secs] [Times: user=0.05 sys=0.00, real=0.00 secs] 
5496.756: [GC (Allocation Failure) [PSYoungGen: 1563201K->7041K(1564672K)] 1754715K->198707K(2088960K), 0.0060442 secs] [Times: user=0.08 sys=0.00, real=0.01 secs] 
5506.289: [GC (Allocation Failure) [PSYoungGen: 1563521K->6017K(1564672K)] 1755187K->197723K(2088960K), 0.0143987 secs] [Times: user=0.05 sys=0.01, real=0.02 secs] 
5515.804: [GC (Allocation Failure) [PSYoungGen: 1562466K->6881K(1564672K)] 1754171K->198731K(2088960K), 0.0093962 secs] [Times: user=0.06 sys=0.00, real=0.01 secs] 
5525.305: [GC (Allocation Failure) [PSYoungGen: 1563361K->6831K(1564672K)] 1755211K->198785K(2088960K), 0.0194888 secs] [Times: user=0.09 sys=0.00, real=0.02 secs] 
5534.708: [GC (Allocation Failure) [PSYoungGen: 1563311K->7041K(1565184K)] 1755265K->200065K(2089472K), 0.0078357 secs] [Times: user=0.10 sys=0.03, real=0.01 secs] 
5544.134: [GC (Allocation Failure) [PSYoungGen: 1564545K->6113K(1565184K)] 1757569K->199201K(2089472K), 0.0124483 secs] [Times: user=0.11 sys=0.00, real=0.01 secs] 
5553.869: [GC (Allocation Failure) [PSYoungGen: 1563617K->6625K(1565184K)] 1756705K->199825K(2089472K), 0.0065768 secs] [Times: user=0.07 sys=0.01, real=0.00 secs] 
5563.286: [GC (Allocation Failure) [PSYoungGen: 1564129K->6465K(1565184K)] 1757329K->199769K(2089472K), 0.0076335 secs] [Times: user=0.08 sys=0.00, real=0.01 secs] 
5572.687: [GC (Allocation Failure) [PSYoungGen: 1563969K->6913K(1565184K)] 1757273K->200345K(2089472K), 0.0056057 secs] [Times: user=0.08 sys=0.00, real=0.01 secs] 
5582.276: [GC (Allocation Failure) [PSYoungGen: 1564417K->7137K(1565184K)] 1757849K->200673K(2089472K), 0.0069375 secs] [Times: user=0.05 sys=0.00, real=0.01 secs] 
5591.743: [GC (Allocation Failure) [PSYoungGen: 1564641K->6671K(1565184K)] 1758177K->200248K(2089472K), 0.0158927 secs] [Times: user=0.15 sys=0.00, real=0.01 secs] 
5601.435: [GC (Allocation Failure) [PSYoungGen: 1564175K->6977K(1565184K)] 1757752K->201584K(2089472K), 0.0067024 secs] [Times: user=0.11 sys=0.00, real=0.01 secs] 
5610.928: [GC (Allocation Failure) [PSYoungGen: 1564481K->6017K(1565184K)] 1759088K->200648K(2089472K), 0.0218613 secs] [Times: user=0.26 sys=0.01, real=0.02 secs] 
5620.398: [GC (Allocation Failure) [PSYoungGen: 1563521K->6977K(1565184K)] 1758152K->201704K(2089472K), 0.0054160 secs] [Times: user=0.07 sys=0.00, real=0.01 secs] 
5630.058: [GC (Allocation Failure) [PSYoungGen: 1564481K->5889K(1565184K)] 1759208K->200664K(2089472K), 0.0098913 secs] [Times: user=0.06 sys=0.01, real=0.01 secs] 
5639.558: [GC (Allocation Failure) [PSYoungGen: 1563393K->6113K(1565184K)] 1758168K->200920K(2089472K), 0.0121644 secs] [Times: user=0.09 sys=0.00, real=0.01 secs] 
5649.055: [GC (Allocation Failure) [PSYoungGen: 1563617K->6817K(1565184K)] 1758424K->201736K(2089472K), 0.0102093 secs] [Times: user=0.06 sys=0.00, real=0.01 secs] 
5658.440: [GC (Allocation Failure) [PSYoungGen: 1564321K->7105K(1564672K)] 1759240K->202096K(2088960K), 0.0053891 secs] [Times: user=0.07 sys=0.00, real=0.01 secs] 
5667.888: [GC (Allocation Failure) [PSYoungGen: 1564609K->7073K(1564672K)] 1759600K->202208K(2088960K), 0.0061698 secs] [Times: user=0.09 sys=0.00, real=0.00 secs] 
5677.307: [GC (Allocation Failure) [PSYoungGen: 1563553K->7567K(1564672K)] 1758688K->202782K(2088960K), 0.0078387 secs] [Times: user=0.13 sys=0.01, real=0.00 secs] 
5686.802: [GC (Allocation Failure) [PSYoungGen: 1564047K->6785K(1564672K)] 1759262K->203038K(2088960K), 0.0059248 secs] [Times: user=0.06 sys=0.01, real=0.01 secs] 
5696.091: [GC (Allocation Failure) [PSYoungGen: 1563265K->5889K(1564672K)] 1759518K->202174K(2088960K), 0.0133647 secs] [Times: user=0.06 sys=0.00, real=0.01 secs] 
5705.582: [GC (Allocation Failure) [PSYoungGen: 1562369K->7041K(1564672K)] 1758654K->203422K(2088960K), 0.0060980 secs] [Times: user=0.09 sys=0.01, real=0.00 secs] 
5715.126: [GC (Allocation Failure) [PSYoungGen: 1563521K->6817K(1564672K)] 1759902K->203326K(2088960K), 0.0087646 secs] [Times: user=0.07 sys=0.00, real=0.01 secs] 
5724.584: [GC (Allocation Failure) [PSYoungGen: 1563297K->7137K(1564672K)] 1759806K->203742K(2088960K), 0.0062411 secs] [Times: user=0.10 sys=0.00, real=0.01 secs] 
5734.022: [GC (Allocation Failure) [PSYoungGen: 1563617K->6977K(1564672K)] 1760222K->203678K(2088960K), 0.0059532 secs] [Times: user=0.09 sys=0.01, real=0.01 secs] 
5743.386: [GC (Allocation Failure) [PSYoungGen: 1563457K->7311K(1564672K)] 1760158K->204045K(2088960K), 0.0084078 secs] [Times: user=0.12 sys=0.00, real=0.01 secs] 
5752.928: [GC (Allocation Failure) [PSYoungGen: 1563791K->6561K(1564672K)] 1760525K->204261K(2088960K), 0.0059623 secs] [Times: user=0.08 sys=0.00, real=0.01 secs] 
5762.399: [GC (Allocation Failure) [PSYoungGen: 1563041K->6497K(1564672K)] 1760741K->204269K(2088960K), 0.0123080 secs] [Times: user=0.09 sys=0.00, real=0.02 secs] 
5771.813: [GC (Allocation Failure) [PSYoungGen: 1562977K->7009K(1564672K)] 1760749K->204869K(2088960K), 0.0069796 secs] [Times: user=0.07 sys=0.00, real=0.00 secs] 
5781.378: [GC (Allocation Failure) [PSYoungGen: 1563489K->6561K(1564672K)] 1761349K->204501K(2088960K), 0.0070203 secs] [Times: user=0.06 sys=0.00, real=0.01 secs] 
5790.991: [GC (Allocation Failure) [PSYoungGen: 1563041K->5921K(1564672K)] 1760981K->203917K(2088960K), 0.0105976 secs] [Times: user=0.05 sys=0.00, real=0.01 secs] 
5800.435: [GC (Allocation Failure) [PSYoungGen: 1562401K->7105K(1564672K)] 1760397K->205117K(2088960K), 0.0066658 secs] [Times: user=0.09 sys=0.00, real=0.00 secs] 
5809.808: [GC (Allocation Failure) [PSYoungGen: 1563585K->7041K(1564672K)] 1761597K->205245K(2088960K), 0.0061267 secs] [Times: user=0.09 sys=0.01, real=0.00 secs] 
5819.629: [GC (Allocation Failure) [PSYoungGen: 1563521K->6799K(1564672K)] 1761725K->205028K(2088960K), 0.0269905 secs] [Times: user=0.27 sys=0.00, real=0.02 secs] 
5828.936: [GC (Allocation Failure) [PSYoungGen: 1563279K->6977K(1564672K)] 1761508K->206132K(2088960K), 0.0060273 secs] [Times: user=0.09 sys=0.01, real=0.01 secs] 
5838.577: [GC (Allocation Failure) [PSYoungGen: 1563457K->6369K(1564672K)] 1762612K->205636K(2088960K), 0.0134602 secs] [Times: user=0.08 sys=0.00, real=0.01 secs] 
5848.116: [GC (Allocation Failure) [PSYoungGen: 1562849K->6977K(1564672K)] 1762116K->206332K(2088960K), 0.0056159 secs] [Times: user=0.07 sys=0.01, real=0.00 secs] 
5857.489: [GC (Allocation Failure) [PSYoungGen: 1563457K->6913K(1565184K)] 1762812K->206372K(2089472K), 0.0051897 secs] [Times: user=0.05 sys=0.00, real=0.00 secs] 
5866.897: [GC (Allocation Failure) [PSYoungGen: 1563905K->6977K(1564672K)] 1763364K->206452K(2088960K), 0.0065117 secs] [Times: user=0.07 sys=0.00, real=0.00 secs] 
5876.487: [GC (Allocation Failure) [PSYoungGen: 1563969K->6401K(1565184K)] 1763444K->205916K(2089472K), 0.0103724 secs] [Times: user=0.05 sys=0.01, real=0.01 secs] 
5885.691: [GC (Allocation Failure) [PSYoungGen: 1563905K->7087K(1565184K)] 1763420K->206642K(2089472K), 0.0193362 secs] [Times: user=0.31 sys=0.01, real=0.02 secs] 
5895.245: [GC (Allocation Failure) [PSYoungGen: 1564591K->6209K(1565184K)] 1764146K->206682K(2089472K), 0.0180931 secs] [Times: user=0.16 sys=0.00, real=0.02 secs] 
5904.622: [GC (Allocation Failure) [PSYoungGen: 1563713K->5857K(1563648K)] 1764186K->206346K(2087936K), 0.0147810 secs] [Times: user=0.07 sys=0.00, real=0.01 secs] 
5913.837: [GC (Allocation Failure) [PSYoungGen: 1563361K->6977K(1564672K)] 1763850K->207570K(2088960K), 0.0061343 secs] [Times: user=0.08 sys=0.00, real=0.01 secs] 
5923.234: [GC (Allocation Failure) [PSYoungGen: 1563457K->6849K(1564672K)] 1764050K->207538K(2088960K), 0.0057271 secs] [Times: user=0.08 sys=0.00, real=0.01 secs] 
5932.826: [GC (Allocation Failure) [PSYoungGen: 1563329K->6209K(1565184K)] 1764018K->206898K(2089472K), 0.0123580 secs] [Times: user=0.08 sys=0.00, real=0.01 secs] 
5942.168: [GC (Allocation Failure) [PSYoungGen: 1563201K->6945K(1564672K)] 1763890K->207826K(2088960K), 0.0075456 secs] [Times: user=0.10 sys=0.00, real=0.00 secs] 
5951.513: [GC (Allocation Failure) [PSYoungGen: 1563937K->8047K(1564672K)] 1764818K->208969K(2088960K), 0.0268300 secs] [Times: user=0.42 sys=0.00, real=0.03 secs] 
5961.248: [GC (Allocation Failure) [PSYoungGen: 1564488K->6017K(1564672K)] 1765410K->208385K(2088960K), 0.0163779 secs] [Times: user=0.14 sys=0.00, real=0.02 secs] 
5970.772: [GC (Allocation Failure) [PSYoungGen: 1562497K->7105K(1564672K)] 1764865K->209545K(2088960K), 0.0068864 secs] [Times: user=0.12 sys=0.00, real=0.00 secs] 
5980.116: [GC (Allocation Failure) [PSYoungGen: 1563585K->6849K(1564672K)] 1766025K->209385K(2088960K), 0.0068302 secs] [Times: user=0.07 sys=0.00, real=0.01 secs] 
5989.358: [GC (Allocation Failure) [PSYoungGen: 1563329K->7009K(1564672K)] 1765865K->209609K(2088960K), 0.0067080 secs] [Times: user=0.09 sys=0.00, real=0.01 secs] 
5998.662: [GC (Allocation Failure) [PSYoungGen: 1563489K->7105K(1564672K)] 1766089K->209777K(2088960K), 0.0059734 secs] [Times: user=0.09 sys=0.00, real=0.01 secs] 
6008.257: [GC (Allocation Failure) [PSYoungGen: 1563543K->5953K(1564672K)] 1766215K->208721K(2088960K), 0.0229967 secs] [Times: user=0.16 sys=0.00, real=0.02 secs] 
6017.768: [GC (Allocation Failure) [PSYoungGen: 1562433K->6529K(1564672K)] 1765201K->209393K(2088960K), 0.0105626 secs] [Times: user=0.09 sys=0.00, real=0.02 secs] 
6027.127: [GC (Allocation Failure) [PSYoungGen: 1563009K->6241K(1564672K)] 1765873K->209209K(2088960K), 0.0164841 secs] [Times: user=0.19 sys=0.00, real=0.02 secs] 
6036.544: [GC (Allocation Failure) [PSYoungGen: 1562721K->6639K(1564672K)] 1765689K->209648K(2088960K), 0.0211016 secs] [Times: user=0.11 sys=0.00, real=0.02 secs] 
6046.650: [GC (Allocation Failure) [PSYoungGen: 1563119K->6497K(1565184K)] 1766128K->210520K(2089472K), 0.0140093 secs] [Times: user=0.08 sys=0.01, real=0.02 secs] 
6056.227: [GC (Allocation Failure) [PSYoungGen: 1563489K->6945K(1564672K)] 1767512K->211000K(2088960K), 0.0060302 secs] [Times: user=0.07 sys=0.00, real=0.00 secs] 
6065.796: [GC (Allocation Failure) [PSYoungGen: 1563937K->6753K(1565184K)] 1767992K->210920K(2089472K), 0.0130899 secs] [Times: user=0.06 sys=0.01, real=0.02 secs] 
6075.477: [GC (Allocation Failure) [PSYoungGen: 1563745K->6881K(1564672K)] 1767912K->211072K(2088960K), 0.0103806 secs] [Times: user=0.07 sys=0.00, real=0.02 secs] 
6085.008: [GC (Allocation Failure) [PSYoungGen: 1563873K->6145K(1565184K)] 1768064K->210376K(2089472K), 0.0123057 secs] [Times: user=0.08 sys=0.00, real=0.02 secs] 
6094.763: [GC (Allocation Failure) [PSYoungGen: 1563649K->6081K(1565184K)] 1767880K->210400K(2089472K), 0.0098291 secs] [Times: user=0.06 sys=0.00, real=0.01 secs] 
6104.463: [GC (Allocation Failure) [PSYoungGen: 1563585K->7503K(1564160K)] 1767904K->211878K(2088448K), 0.0072633 secs] [Times: user=0.10 sys=0.00, real=0.00 secs] 
6114.551: [GC (Allocation Failure) [PSYoungGen: 1563983K->5857K(1564672K)] 1768358K->211070K(2088960K), 0.0119717 secs] [Times: user=0.06 sys=0.00, real=0.01 secs] 
6124.321: [GC (Allocation Failure) [PSYoungGen: 1562281K->6945K(1564672K)] 1767495K->212222K(2088960K), 0.0065424 secs] [Times: user=0.06 sys=0.00, real=0.01 secs] 
6134.808: [GC (Allocation Failure) [PSYoungGen: 1563425K->6913K(1564672K)] 1768702K->212214K(2088960K), 0.0062149 secs] [Times: user=0.06 sys=0.00, real=0.00 secs] 
6144.938: [GC (Allocation Failure) [PSYoungGen: 1563393K->6977K(1564672K)] 1768694K->212318K(2088960K), 0.0077371 secs] [Times: user=0.10 sys=0.00, real=0.00 secs] 
6155.051: [GC (Allocation Failure) [PSYoungGen: 1563457K->5985K(1564672K)] 1768798K->211406K(2088960K), 0.0125642 secs] [Times: user=0.08 sys=0.00, real=0.01 secs] 
6165.017: [GC (Allocation Failure) [PSYoungGen: 1562465K->5921K(1564672K)] 1767886K->211350K(2088960K), 0.0235132 secs] [Times: user=0.21 sys=0.00, real=0.02 secs] 
6174.978: [GC (Allocation Failure) [PSYoungGen: 1562401K->7183K(1564672K)] 1767830K->212653K(2088960K), 0.0083894 secs] [Times: user=0.11 sys=0.00, real=0.01 secs] 
6184.939: [GC (Allocation Failure) [PSYoungGen: 1563663K->6785K(1564672K)] 1769133K->213309K(2088960K), 0.0062546 secs] [Times: user=0.07 sys=0.00, real=0.01 secs] 
6194.894: [GC (Allocation Failure) [PSYoungGen: 1563265K->6337K(1564672K)] 1769789K->212869K(2088960K), 0.0148167 secs] [Times: user=0.10 sys=0.00, real=0.02 secs] 
6204.982: [GC (Allocation Failure) [PSYoungGen: 1562817K->6753K(1564672K)] 1769349K->213365K(2088960K), 0.0134303 secs] [Times: user=0.12 sys=0.00, real=0.01 secs] 
6215.188: [GC (Allocation Failure) [PSYoungGen: 1563233K->5953K(1564672K)] 1769845K->212581K(2088960K), 0.0103944 secs] [Times: user=0.07 sys=0.00, real=0.02 secs] 
6225.181: [GC (Allocation Failure) [PSYoungGen: 1562433K->5889K(1564672K)] 1769061K->212549K(2088960K), 0.0248612 secs] [Times: user=0.13 sys=0.00, real=0.02 secs] 
6235.027: [GC (Allocation Failure) [PSYoungGen: 1562369K->6785K(1564672K)] 1769029K->213549K(2088960K), 0.0074317 secs] [Times: user=0.06 sys=0.00, real=0.01 secs] 
6244.838: [GC (Allocation Failure) [PSYoungGen: 1563202K->6753K(1564672K)] 1769966K->213597K(2088960K), 0.0136061 secs] [Times: user=0.12 sys=0.00, real=0.01 secs] 
6255.628: [GC (Allocation Failure) [PSYoungGen: 1563233K->6465K(1564672K)] 1770077K->213413K(2088960K), 0.0171932 secs] [Times: user=0.15 sys=0.00, real=0.02 secs] 
6266.828: [GC (Allocation Failure) [PSYoungGen: 1562945K->6767K(1565184K)] 1769893K->213739K(2089472K), 0.0421281 secs] [Times: user=0.29 sys=0.01, real=0.04 secs] 
6278.169: [GC (Allocation Failure) [PSYoungGen: 1564271K->6081K(1565184K)] 1771243K->213907K(2089472K), 0.0303453 secs] [Times: user=0.24 sys=0.01, real=0.03 secs] 
6290.380: [GC (Allocation Failure) [PSYoungGen: 1563541K->5985K(1565184K)] 1771367K->213891K(2089472K), 0.0278703 secs] [Times: user=0.32 sys=0.01, real=0.03 secs] 
6303.018: [GC (Allocation Failure) [PSYoungGen: 1563489K->5953K(1565184K)] 1771395K->213891K(2089472K), 0.0238057 secs] [Times: user=0.15 sys=0.00, real=0.02 secs] 
6314.029: [GC (Allocation Failure) [PSYoungGen: 1563457K->7009K(1565184K)] 1771395K->214995K(2089472K), 0.0076623 secs] [Times: user=0.06 sys=0.00, real=0.01 secs] 
6324.782: [GC (Allocation Failure) [PSYoungGen: 1564513K->5985K(1565184K)] 1772499K->213979K(2089472K), 0.0273093 secs] [Times: user=0.19 sys=0.00, real=0.03 secs] 
6336.069: [GC (Allocation Failure) [PSYoungGen: 1563489K->7215K(1564160K)] 1771483K->215234K(2088448K), 0.0537736 secs] [Times: user=0.65 sys=0.00, real=0.05 secs] 
6352.373: [GC (Allocation Failure) [PSYoungGen: 1563695K->6529K(1564672K)] 1771714K->215474K(2088960K), 0.0148467 secs] [Times: user=0.06 sys=0.00, real=0.01 secs] 
6367.064: [GC (Allocation Failure) [PSYoungGen: 1563009K->6561K(1565184K)] 1771954K->215530K(2089472K), 0.0165840 secs] [Times: user=0.09 sys=0.00, real=0.01 secs] 
6383.885: [GC (Allocation Failure) [PSYoungGen: 1564065K->5985K(1565184K)] 1773034K->214978K(2089472K), 0.0421912 secs] [Times: user=0.26 sys=0.00, real=0.04 secs] 
6396.242: [GC (Allocation Failure) [PSYoungGen: 1563489K->6017K(1565184K)] 1772482K->215098K(2089472K), 0.0219350 secs] [Times: user=0.10 sys=0.00, real=0.02 secs] 
6408.015: [GC (Allocation Failure) [PSYoungGen: 1563521K->6337K(1565184K)] 1772602K->215426K(2089472K), 0.0169328 secs] [Times: user=0.15 sys=0.00, real=0.02 secs] 
6421.115: [GC (Allocation Failure) [PSYoungGen: 1563799K->7343K(1565184K)] 1772888K->216457K(2089472K), 0.0181101 secs] [Times: user=0.09 sys=0.00, real=0.02 secs] 
6437.100: [GC (Allocation Failure) [PSYoungGen: 1564847K->6593K(1565184K)] 1773961K->216553K(2089472K), 0.0249127 secs] [Times: user=0.16 sys=0.00, real=0.03 secs] 
6452.641: [GC (Allocation Failure) [PSYoungGen: 1564097K->6145K(1565184K)] 1774057K->216113K(2089472K), 0.0448052 secs] [Times: user=0.24 sys=0.00, real=0.05 secs] 
6470.280: [GC (Allocation Failure) [PSYoungGen: 1563649K->6337K(1565184K)] 1773617K->216329K(2089472K), 0.0192285 secs] [Times: user=0.11 sys=0.00, real=0.02 secs] 
6490.830: [GC (Allocation Failure) [PSYoungGen: 1563841K->6241K(1565184K)] 1773833K->216273K(2089472K), 0.0135167 secs] [Times: user=0.15 sys=0.00, real=0.02 secs] 
6509.688: [GC (Allocation Failure) [PSYoungGen: 1563745K->7215K(1565184K)] 1773777K->217279K(2089472K), 0.0459904 secs] [Times: user=0.23 sys=0.00, real=0.05 secs] 
6532.038: [GC (Allocation Failure) [PSYoungGen: 1564719K->6593K(1565184K)] 1774783K->217503K(2089472K), 0.0364234 secs] [Times: user=0.19 sys=0.00, real=0.03 secs] 
6558.251: [GC (Allocation Failure) [PSYoungGen: 1564097K->6209K(1565184K)] 1775007K->217127K(2089472K), 0.0321590 secs] [Times: user=0.22 sys=0.00, real=0.03 secs] 
6585.734: [GC (Allocation Failure) [PSYoungGen: 1563713K->7472K(1564160K)] 1774631K->218406K(2088448K), 0.0484799 secs] [Times: user=0.29 sys=0.00, real=0.05 secs] 
6605.264: [GC (Allocation Failure) [PSYoungGen: 1563952K->7119K(1564672K)] 1774886K->218780K(2088960K), 0.0487230 secs] [Times: user=0.25 sys=0.00, real=0.05 secs] 
6640.919: [GC (Allocation Failure) [PSYoungGen: 1563599K->6881K(1564672K)] 1775260K->219388K(2088960K), 0.0476402 secs] [Times: user=0.21 sys=0.00, real=0.05 secs] 
6666.310: [GC (Allocation Failure) [PSYoungGen: 1563361K->7376K(1564672K)] 1775868K->219907K(2088960K), 0.0274398 secs] [Times: user=0.17 sys=0.00, real=0.03 secs] 
6697.349: [GC (Allocation Failure) [PSYoungGen: 1563856K->6465K(1564672K)] 1776387K->219835K(2088960K), 0.0480459 secs] [Times: user=0.29 sys=0.00, real=0.05 secs] 
6732.808: [GC (Allocation Failure) [PSYoungGen: 1562945K->6753K(1564672K)] 1776315K->220155K(2088960K), 0.0543880 secs] [Times: user=0.34 sys=0.00, real=0.05 secs] 
6783.758: [GC (Allocation Failure) [PSYoungGen: 1563233K->7664K(1564672K)] 1776635K->221081K(2088960K), 0.0543343 secs] [Times: user=0.38 sys=0.00, real=0.05 secs] 
6839.354: [GC (Allocation Failure) [PSYoungGen: 1564144K->6753K(1564672K)] 1777561K->220915K(2088960K), 0.0192215 secs] [Times: user=0.10 sys=0.00, real=0.01 secs] 
6894.271: [GC (Allocation Failure) [PSYoungGen: 1563233K->7696K(1564672K)] 1777395K->221881K(2088960K), 0.0261522 secs] [Times: user=0.07 sys=0.01, real=0.03 secs] 
6949.190: [GC (Allocation Failure) [PSYoungGen: 1564176K->7041K(1564672K)] 1778361K->221979K(2088960K), 0.0367522 secs] [Times: user=0.20 sys=0.00, real=0.04 secs] 
7004.574: [GC (Allocation Failure) [PSYoungGen: 1563521K->8030K(1563648K)] 1778459K->222976K(2087936K), 0.0289664 secs] [Times: user=0.07 sys=0.00, real=0.03 secs] 
7056.513: [GC (System.gc()) [PSYoungGen: 1469646K->7198K(1564160K)] 1684592K->222752K(2088448K), 0.0601500 secs] [Times: user=0.35 sys=0.01, real=0.06 secs] 
7056.573: [Full GC (System.gc()) [PSYoungGen: 7198K->0K(1564160K)] [ParOldGen: 215553K->129782K(524288K)] 222752K->129782K(2088448K), [Metaspace: 20947K->20654K(1069056K)], 1.3376983 secs] [Times: user=9.69 sys=0.09, real=1.34 secs] 
7092.657: [GC (Allocation Failure) [PSYoungGen: 1555456K->8703K(1562112K)] 1685238K->139822K(2086400K), 0.0089850 secs] [Times: user=0.13 sys=0.00, real=0.01 secs] 
7102.617: [GC (Allocation Failure) [PSYoungGen: 1562111K->7409K(1563136K)] 1693230K->141916K(2087424K), 0.0047541 secs] [Times: user=0.08 sys=0.00, real=0.00 secs] 
7112.450: [GC (Allocation Failure) [PSYoungGen: 1560817K->7983K(1563648K)] 1695324K->142874K(2087936K), 0.0081005 secs] [Times: user=0.18 sys=0.00, real=0.01 secs] 
7122.203: [GC (Allocation Failure) [PSYoungGen: 1562415K->7727K(1563648K)] 1697306K->143378K(2087936K), 0.0088172 secs] [Times: user=0.17 sys=0.00, real=0.01 secs] 
7131.921: [GC (Allocation Failure) [PSYoungGen: 1562159K->7233K(1563648K)] 1697810K->143866K(2087936K), 0.0068361 secs] [Times: user=0.09 sys=0.00, real=0.00 secs] 
7141.515: [GC (Allocation Failure) [PSYoungGen: 1561665K->7887K(1563648K)] 1698298K->144553K(2087936K), 0.0075442 secs] [Times: user=0.10 sys=0.00, real=0.01 secs] 
7151.167: [GC (Allocation Failure) [PSYoungGen: 1562319K->7791K(1563648K)] 1698985K->145281K(2087936K), 0.0074349 secs] [Times: user=0.16 sys=0.01, real=0.01 secs] 
7160.686: [GC (Allocation Failure) [PSYoungGen: 1562223K->7297K(1563648K)] 1699713K->145793K(2087936K), 0.0047721 secs] [Times: user=0.08 sys=0.01, real=0.00 secs] 
7170.242: [GC (Allocation Failure) [PSYoungGen: 1561729K->8144K(1563648K)] 1700225K->146696K(2087936K), 0.0082040 secs] [Times: user=0.15 sys=0.00, real=0.01 secs] 
7179.690: [GC (Allocation Failure) [PSYoungGen: 1562576K->7233K(1563648K)] 1701128K->146888K(2087936K), 0.0079481 secs] [Times: user=0.10 sys=0.00, real=0.01 secs] 
7189.651: [GC (Allocation Failure) [PSYoungGen: 1561665K->8047K(1563648K)] 1701320K->147734K(2087936K), 0.0075594 secs] [Times: user=0.14 sys=0.00, real=0.01 secs] 
7198.845: [GC (Allocation Failure) [PSYoungGen: 1562479K->8079K(1563648K)] 1702166K->148414K(2087936K), 0.0067253 secs] [Times: user=0.09 sys=0.00, real=0.01 secs] 
7208.489: [GC (Allocation Failure) [PSYoungGen: 1562511K->7329K(1563648K)] 1702846K->148686K(2087936K), 0.0052561 secs] [Times: user=0.07 sys=0.00, real=0.01 secs] 
7222.001: [GC (Allocation Failure) [PSYoungGen: 1561761K->7599K(1563648K)] 1703118K->149005K(2087936K), 0.0139054 secs] [Times: user=0.09 sys=0.01, real=0.02 secs] 
7236.615: [GC (System.gc()) [PSYoungGen: 349829K->6223K(1563648K)] 491234K->148339K(2087936K), 0.0120970 secs] [Times: user=0.11 sys=0.00, real=0.01 secs] 
7236.627: [Full GC (System.gc()) [PSYoungGen: 6223K->0K(1563648K)] [ParOldGen: 142115K->93912K(524288K)] 148339K->93912K(2087936K), [Metaspace: 20817K->20817K(1069056K)], 0.3945134 secs] [Times: user=11.99 sys=0.00, real=0.39 secs] 
7243.395: [GC (System.gc()) [PSYoungGen: 2937K->448K(1554944K)] 96849K->94368K(2079232K), 0.0083747 secs] [Times: user=0.10 sys=0.00, real=0.01 secs] 
7243.403: [Full GC (System.gc()) [PSYoungGen: 448K->0K(1554944K)] [ParOldGen: 93920K->89070K(524288K)] 94368K->89070K(2079232K), [Metaspace: 20822K->20822K(1069056K)], 0.2146099 secs] [Times: user=6.43 sys=0.00, real=0.22 secs] 
7263.696: [GC (Allocation Failure) [PSYoungGen: 1554432K->9681K(1561600K)] 1643502K->98752K(2085888K), 0.0043941 secs] [Times: user=0.07 sys=0.00, real=0.01 secs] 
7277.782: [GC (Allocation Failure) [PSYoungGen: 1561041K->7521K(1562112K)] 1650112K->99537K(2086400K), 0.0070928 secs] [Times: user=0.10 sys=0.01, real=0.00 secs] 
7287.266: [GC (System.gc()) [PSYoungGen: 725458K->6960K(1562624K)] 817475K->99352K(2086912K), 0.0117842 secs] [Times: user=0.29 sys=0.00, real=0.01 secs] 
7287.278: [Full GC (System.gc()) [PSYoungGen: 6960K->0K(1562624K)] [ParOldGen: 92392K->89693K(524288K)] 99352K->89693K(2086912K), [Metaspace: 20838K->20838K(1069056K)], 0.4992441 secs] [Times: user=15.91 sys=0.00, real=0.50 secs] 
7288.337: [GC (System.gc()) [PSYoungGen: 351K->160K(1552384K)] 90044K->89853K(2076672K), 0.0083885 secs] [Times: user=0.07 sys=0.00, real=0.01 secs] 
7288.345: [Full GC (System.gc()) [PSYoungGen: 160K->0K(1552384K)] [ParOldGen: 89693K->89629K(524288K)] 89853K->89629K(2076672K), [Metaspace: 20842K->20842K(1069056K)], 0.2621334 secs] [Times: user=6.54 sys=0.00, real=0.26 secs] 
7288.816: [GC (System.gc()) [PSYoungGen: 8882K->352K(1560576K)] 98511K->89981K(2084864K), 0.0104580 secs] [Times: user=0.29 sys=0.00, real=0.01 secs] 
7288.827: [Full GC (System.gc()) [PSYoungGen: 352K->0K(1560576K)] [ParOldGen: 89629K->89543K(524288K)] 89981K->89543K(2084864K), [Metaspace: 20850K->20850K(1069056K)], 0.8482188 secs] [Times: user=20.37 sys=0.00, real=0.85 secs] 
Heap
 PSYoungGen      total 1560576K, used 123507K [0x00000000a0000000, 0x0000000100000000, 0x0000000100000000)
  eden space 1549312K, 7% used [0x00000000a0000000,0x00000000a789ce88,0x00000000fe900000)
  from space 11264K, 0% used [0x00000000ff500000,0x00000000ff500000,0x0000000100000000)
  to   space 11776K, 0% used [0x00000000fe900000,0x00000000fe900000,0x00000000ff480000)
 ParOldGen       total 524288K, used 89543K [0x0000000080000000, 0x00000000a0000000, 0x00000000a0000000)
  object space 524288K, 17% used [0x0000000080000000,0x0000000085771db8,0x00000000a0000000)
 Metaspace       used 20872K, capacity 21310K, committed 21632K, reserved 1069056K
  class space    used 2514K, capacity 2631K, committed 2688K, reserved 1048576K
