Java HotSpot(TM) 64-Bit Server VM (25.20-b20) for linux-amd64 JRE (1.8.0_20-ea-b20), built on Jun 24 2014 21:14:09 by "java_re" with gcc 4.3.0 20080428 (Red Hat 4.3.0-8)
Memory: 4k page, physical 264398780k(140402980k free), swap 4194296k(4194296k free)
CommandLine flags: -XX:InitialHeapSize=2147483648 -XX:MaxHeapSize=2147483648 -XX:MaxNewSize=1610612736 -XX:NewSize=1610612736 -XX:+PrintGC -XX:+PrintGCDetails -XX:+PrintGCTimeStamps -XX:+UseCompressedClassPointers -XX:+UseCompressedOops -XX:+UseParallelGC 
0.296: [GC (Allocation Failure) [PSYoungGen: 1179648K->3987K(1376256K)] 1179648K->3995K(1900544K), 0.0076556 secs] [Times: user=0.10 sys=0.04, real=0.01 secs] 
0.320: [GC (Allocation Failure) [PSYoungGen: 1183635K->2432K(1376256K)] 1183643K->2448K(1900544K), 0.0090512 secs] [Times: user=0.20 sys=0.01, real=0.01 secs] 
1.344: [GC (Allocation Failure) [PSYoungGen: 1182080K->10221K(1376256K)] 1182096K->10245K(1900544K), 0.0099729 secs] [Times: user=0.13 sys=0.03, real=0.01 secs] 
13.962: [GC (System.gc()) [PSYoungGen: 330037K->83688K(1376256K)] 330061K->83728K(1900544K), 0.0705418 secs] [Times: user=0.66 sys=1.60, real=0.07 secs] 
14.033: [Full GC (System.gc()) [PSYoungGen: 83688K->0K(1376256K)] [ParOldGen: 40K->82332K(524288K)] 83728K->82332K(1900544K), [Metaspace: 16537K->16536K(1064960K)], 0.3418048 secs] [Times: user=6.20 sys=0.16, real=0.34 secs] 
99.893: [GC (System.gc()) [PSYoungGen: 343404K->8453K(1376256K)] 425736K->90866K(1900544K), 0.0142246 secs] [Times: user=0.16 sys=0.00, real=0.02 secs] 
99.907: [Full GC (System.gc()) [PSYoungGen: 8453K->0K(1376256K)] [ParOldGen: 82412K->88910K(524288K)] 90866K->88910K(1900544K), [Metaspace: 19986K->19986K(1067008K)], 0.4698991 secs] [Times: user=14.64 sys=0.02, real=0.47 secs] 
212.440: [GC (Allocation Failure) [PSYoungGen: 1179648K->5597K(1376256K)] 1268558K->94515K(1900544K), 0.0090135 secs] [Times: user=0.19 sys=0.00, real=0.01 secs] 
231.761: [GC (Allocation Failure) [PSYoungGen: 1185245K->7672K(1376256K)] 1274163K->96599K(1900544K), 0.0094462 secs] [Times: user=0.19 sys=0.00, real=0.01 secs] 
241.947: [GC (Allocation Failure) [PSYoungGen: 1187320K->8584K(1515008K)] 1276247K->97519K(2039296K), 0.0085453 secs] [Times: user=0.09 sys=0.06, real=0.01 secs] 
251.285: [GC (Allocation Failure) [PSYoungGen: 1462664K->9096K(1511936K)] 1551599K->98039K(2036224K), 0.0079813 secs] [Times: user=0.10 sys=0.05, real=0.01 secs] 
260.375: [GC (Allocation Failure) [PSYoungGen: 1463176K->8168K(1521152K)] 1552119K->99184K(2045440K), 0.0099328 secs] [Times: user=0.08 sys=0.02, real=0.01 secs] 
269.509: [GC (Allocation Failure) [PSYoungGen: 1475048K->7496K(1518592K)] 1566064K->99225K(2042880K), 0.0087700 secs] [Times: user=0.11 sys=0.02, real=0.00 secs] 
278.417: [GC (Allocation Failure) [PSYoungGen: 1474376K->7240K(1525760K)] 1566105K->99201K(2050048K), 0.0097229 secs] [Times: user=0.10 sys=0.02, real=0.01 secs] 
288.472: [GC (Allocation Failure) [PSYoungGen: 1483336K->6740K(1523200K)] 1575297K->99513K(2047488K), 0.0159683 secs] [Times: user=0.07 sys=0.01, real=0.01 secs] 
333.372: [GC (Allocation Failure) [PSYoungGen: 1482836K->6452K(1529856K)] 1575609K->99873K(2054144K), 0.0563158 secs] [Times: user=0.32 sys=0.00, real=0.06 secs] 
337.470: [GC (System.gc()) [PSYoungGen: 187856K->3988K(1527808K)] 281277K->99185K(2052096K), 0.0252707 secs] [Times: user=0.05 sys=0.01, real=0.02 secs] 
337.496: [Full GC (System.gc()) [PSYoungGen: 3988K->0K(1527808K)] [ParOldGen: 95196K->89717K(524288K)] 99185K->89717K(2052096K), [Metaspace: 20629K->20629K(1069056K)], 1.0129733 secs] [Times: user=12.26 sys=0.04, real=1.01 secs] 
357.770: [GC (Allocation Failure) [PSYoungGen: 1484800K->9493K(1534464K)] 1574517K->99219K(2058752K), 0.0102539 secs] [Times: user=0.08 sys=0.12, real=0.01 secs] 
367.090: [GC (Allocation Failure) [PSYoungGen: 1502997K->8409K(1531904K)] 1592723K->100996K(2056192K), 0.0107923 secs] [Times: user=0.12 sys=0.05, real=0.01 secs] 
376.293: [GC (Allocation Failure) [PSYoungGen: 1501913K->8521K(1538560K)] 1594500K->102029K(2062848K), 0.0080669 secs] [Times: user=0.13 sys=0.02, real=0.01 secs] 
385.628: [GC (Allocation Failure) [PSYoungGen: 1510729K->8245K(1536512K)] 1604237K->102645K(2060800K), 0.0081611 secs] [Times: user=0.13 sys=0.07, real=0.00 secs] 
413.823: [GC (Allocation Failure) [PSYoungGen: 1510453K->8533K(1542656K)] 1604853K->103589K(2066944K), 0.0187178 secs] [Times: user=0.09 sys=0.01, real=0.02 secs] 
456.199: [GC (System.gc()) [PSYoungGen: 888488K->7081K(1540608K)] 983544K->102945K(2064896K), 0.0106655 secs] [Times: user=0.20 sys=0.00, real=0.01 secs] 
456.209: [Full GC (System.gc()) [PSYoungGen: 7081K->0K(1540608K)] [ParOldGen: 95863K->92529K(524288K)] 102945K->92529K(2064896K), [Metaspace: 20783K->20783K(1069056K)], 0.4644452 secs] [Times: user=14.57 sys=0.00, real=0.46 secs] 
476.886: [GC (Allocation Failure) [PSYoungGen: 1510400K->10880K(1545216K)] 1602929K->103417K(2069504K), 0.0092522 secs] [Times: user=0.10 sys=0.06, real=0.01 secs] 
486.485: [GC (Allocation Failure) [PSYoungGen: 1526912K->8927K(1543680K)] 1619449K->104514K(2067968K), 0.0081372 secs] [Times: user=0.14 sys=0.01, real=0.01 secs] 
495.837: [GC (Allocation Failure) [PSYoungGen: 1524959K->8335K(1548288K)] 1620546K->104800K(2072576K), 0.0084953 secs] [Times: user=0.11 sys=0.02, real=0.01 secs] 
506.817: [GC (Allocation Failure) [PSYoungGen: 1530511K->7215K(1546752K)] 1626976K->104320K(2071040K), 0.0200772 secs] [Times: user=0.16 sys=0.00, real=0.02 secs] 
546.676: [GC (Allocation Failure) [PSYoungGen: 1529391K->10334K(1550336K)] 1626496K->108127K(2074624K), 0.0106115 secs] [Times: user=0.15 sys=0.03, real=0.01 secs] 
599.472: [GC (Allocation Failure) [PSYoungGen: 1537118K->11614K(1549312K)] 1634911K->111039K(2073600K), 0.0399767 secs] [Times: user=0.17 sys=0.00, real=0.04 secs] 
637.995: [GC (System.gc()) [PSYoungGen: 1129051K->7663K(1551872K)] 1228476K->107871K(2076160K), 0.0835217 secs] [Times: user=0.48 sys=0.00, real=0.08 secs] 
638.079: [Full GC (System.gc()) [PSYoungGen: 7663K->0K(1551872K)] [ParOldGen: 100207K->94035K(524288K)] 107871K->94035K(2076160K), [Metaspace: 20860K->20860K(1069056K)], 1.3538107 secs] [Times: user=16.25 sys=0.13, real=1.35 secs] 
659.760: [GC (Allocation Failure) [PSYoungGen: 1529856K->10896K(1550848K)] 1623891K->104932K(2075136K), 0.0064022 secs] [Times: user=0.13 sys=0.00, real=0.00 secs] 
669.316: [GC (Allocation Failure) [PSYoungGen: 1540693K->8446K(1553408K)] 1634729K->105460K(2077696K), 0.0080125 secs] [Times: user=0.17 sys=0.00, real=0.01 secs] 
679.039: [GC (Allocation Failure) [PSYoungGen: 1541374K->8318K(1552384K)] 1638388K->106044K(2076672K), 0.0074770 secs] [Times: user=0.11 sys=0.00, real=0.01 secs] 
689.345: [GC (Allocation Failure) [PSYoungGen: 1541246K->8783K(1554944K)] 1638972K->107300K(2079232K), 0.0135993 secs] [Times: user=0.10 sys=0.00, real=0.01 secs] 
719.666: [GC (System.gc()) [PSYoungGen: 1002195K->6351K(1553920K)] 1100711K->105619K(2078208K), 0.0251751 secs] [Times: user=0.15 sys=0.00, real=0.03 secs] 
719.691: [Full GC (System.gc()) [PSYoungGen: 6351K->0K(1553920K)] [ParOldGen: 99267K->91712K(524288K)] 105619K->91712K(2078208K), [Metaspace: 20872K->20872K(1069056K)], 0.4464886 secs] [Times: user=4.35 sys=0.00, real=0.45 secs] 
727.076: [GC (System.gc()) [PSYoungGen: 2743K->384K(1553920K)] 94456K->92096K(2078208K), 0.0087182 secs] [Times: user=0.11 sys=0.00, real=0.01 secs] 
727.085: [Full GC (System.gc()) [PSYoungGen: 384K->0K(1553920K)] [ParOldGen: 91712K->89352K(524288K)] 92096K->89352K(2078208K), [Metaspace: 20874K->20874K(1069056K)], 0.2419095 secs] [Times: user=7.30 sys=0.00, real=0.24 secs] 
746.359: [GC (Allocation Failure) [PSYoungGen: 1536000K->9921K(1554432K)] 1625352K->99282K(2078720K), 0.0072634 secs] [Times: user=0.10 sys=0.00, real=0.01 secs] 
759.439: [GC (Allocation Failure) [PSYoungGen: 1545921K->7377K(1555456K)] 1635282K->99595K(2079744K), 0.0062615 secs] [Times: user=0.07 sys=0.01, real=0.01 secs] 
772.595: [GC (Allocation Failure) [PSYoungGen: 1544913K->7297K(1554944K)] 1637131K->99907K(2079232K), 0.0062758 secs] [Times: user=0.09 sys=0.00, real=0.00 secs] 
785.752: [GC (Allocation Failure) [PSYoungGen: 1544833K->7201K(1556992K)] 1637443K->100003K(2081280K), 0.0059468 secs] [Times: user=0.07 sys=0.01, real=0.01 secs] 
798.909: [GC (Allocation Failure) [PSYoungGen: 1547809K->7265K(1556480K)] 1640611K->100243K(2080768K), 0.0056039 secs] [Times: user=0.07 sys=0.00, real=0.00 secs] 
812.089: [GC (Allocation Failure) [PSYoungGen: 1547873K->7361K(1558016K)] 1640851K->100539K(2082304K), 0.0054816 secs] [Times: user=0.08 sys=0.01, real=0.01 secs] 
824.990: [GC (Allocation Failure) [PSYoungGen: 1550010K->7233K(1557504K)] 1643189K->100507K(2081792K), 0.0045162 secs] [Times: user=0.05 sys=0.00, real=0.01 secs] 
838.250: [GC (Allocation Failure) [PSYoungGen: 1549889K->7169K(1559040K)] 1643163K->100571K(2083328K), 0.0035068 secs] [Times: user=0.04 sys=0.00, real=0.00 secs] 
851.481: [GC (Allocation Failure) [PSYoungGen: 1551873K->7233K(1558528K)] 1645275K->100859K(2082816K), 0.0044585 secs] [Times: user=0.05 sys=0.00, real=0.00 secs] 
864.669: [GC (Allocation Failure) [PSYoungGen: 1551937K->7297K(1560064K)] 1645563K->101092K(2084352K), 0.0059611 secs] [Times: user=0.09 sys=0.00, real=0.01 secs] 
877.847: [GC (Allocation Failure) [PSYoungGen: 1554049K->7393K(1559552K)] 1647844K->101348K(2083840K), 0.0060057 secs] [Times: user=0.07 sys=0.00, real=0.01 secs] 
891.028: [GC (Allocation Failure) [PSYoungGen: 1554145K->7393K(1561088K)] 1648100K->101404K(2085376K), 0.0054402 secs] [Times: user=0.08 sys=0.01, real=0.01 secs] 
904.330: [GC (Allocation Failure) [PSYoungGen: 1556193K->7297K(1560576K)] 1650204K->101388K(2084864K), 0.0060541 secs] [Times: user=0.09 sys=0.00, real=0.01 secs] 
1006.305: [GC (Allocation Failure) [PSYoungGen: 1556097K->7471K(1561600K)] 1650188K->101650K(2085888K), 0.0125507 secs] [Times: user=0.29 sys=0.01, real=0.01 secs] 
1088.738: [GC (Allocation Failure) [PSYoungGen: 1557295K->5775K(1561088K)] 1651474K->101738K(2085376K), 0.0088684 secs] [Times: user=0.12 sys=0.01, real=0.01 secs] 
1138.503: [GC (Allocation Failure) [PSYoungGen: 1555599K->5807K(1561600K)] 1651562K->102034K(2085888K), 0.0115610 secs] [Times: user=0.24 sys=0.00, real=0.01 secs] 
1179.829: [GC (Allocation Failure) [PSYoungGen: 1556143K->5935K(1561600K)] 1652370K->102418K(2085888K), 0.0113794 secs] [Times: user=0.26 sys=0.00, real=0.01 secs] 
1212.612: [GC (Allocation Failure) [PSYoungGen: 1556271K->5505K(1562112K)] 1652754K->102538K(2086400K), 0.0100550 secs] [Times: user=0.20 sys=0.00, real=0.02 secs] 
1244.130: [GC (Allocation Failure) [PSYoungGen: 1556865K->6031K(1562112K)] 1653898K->103129K(2086400K), 0.0074678 secs] [Times: user=0.13 sys=0.01, real=0.01 secs] 
1270.459: [GC (Allocation Failure) [PSYoungGen: 1557391K->5537K(1562112K)] 1654489K->103185K(2086400K), 0.0100130 secs] [Times: user=0.23 sys=0.01, real=0.01 secs] 
1296.631: [GC (Allocation Failure) [PSYoungGen: 1556897K->5665K(1562112K)] 1654545K->103409K(2086400K), 0.0096347 secs] [Times: user=0.18 sys=0.01, real=0.01 secs] 
1320.160: [GC (Allocation Failure) [PSYoungGen: 1557025K->5999K(1562624K)] 1654769K->103911K(2086912K), 0.0070194 secs] [Times: user=0.17 sys=0.00, real=0.00 secs] 
1342.108: [GC (Allocation Failure) [PSYoungGen: 1558383K->5665K(1562624K)] 1656295K->104159K(2086912K), 0.0095669 secs] [Times: user=0.20 sys=0.00, real=0.01 secs] 
1364.056: [GC (Allocation Failure) [PSYoungGen: 1558049K->5729K(1563136K)] 1656543K->104303K(2087424K), 0.0104887 secs] [Times: user=0.23 sys=0.00, real=0.01 secs] 
1383.790: [GC (Allocation Failure) [PSYoungGen: 1559137K->6063K(1563136K)] 1657711K->104774K(2087424K), 0.0070651 secs] [Times: user=0.15 sys=0.00, real=0.00 secs] 
1402.719: [GC (Allocation Failure) [PSYoungGen: 1559471K->5601K(1563648K)] 1658182K->104958K(2087936K), 0.0075912 secs] [Times: user=0.15 sys=0.00, real=0.01 secs] 
1421.629: [GC (Allocation Failure) [PSYoungGen: 1559521K->5729K(1563136K)] 1658878K->105190K(2087424K), 0.0097005 secs] [Times: user=0.21 sys=0.00, real=0.01 secs] 
1439.870: [GC (Allocation Failure) [PSYoungGen: 1559649K->5935K(1564160K)] 1659110K->105612K(2088448K), 0.0064595 secs] [Times: user=0.15 sys=0.00, real=0.01 secs] 
1456.429: [GC (Allocation Failure) [PSYoungGen: 1560879K->5697K(1563648K)] 1660556K->106116K(2087936K), 0.0078484 secs] [Times: user=0.17 sys=0.01, real=0.01 secs] 
1473.025: [GC (Allocation Failure) [PSYoungGen: 1560641K->5697K(1564160K)] 1661060K->106228K(2088448K), 0.0084226 secs] [Times: user=0.16 sys=0.00, real=0.01 secs] 
1489.580: [GC (Allocation Failure) [PSYoungGen: 1561153K->5569K(1564160K)] 1661684K->106228K(2088448K), 0.0068035 secs] [Times: user=0.15 sys=0.01, real=0.01 secs] 
1505.417: [GC (Allocation Failure) [PSYoungGen: 1561025K->6223K(1564672K)] 1661684K->107011K(2088960K), 0.0082638 secs] [Times: user=0.14 sys=0.01, real=0.00 secs] 
1520.200: [GC (Allocation Failure) [PSYoungGen: 1562191K->5761K(1564160K)] 1662979K->107347K(2088448K), 0.0070732 secs] [Times: user=0.17 sys=0.00, real=0.00 secs] 
1534.987: [GC (Allocation Failure) [PSYoungGen: 1561729K->5729K(1564672K)] 1663315K->107483K(2088960K), 0.0079086 secs] [Times: user=0.16 sys=0.01, real=0.01 secs] 
1549.737: [GC (Allocation Failure) [PSYoungGen: 1562209K->5665K(1564672K)] 1663963K->107547K(2088960K), 0.0085137 secs] [Times: user=0.17 sys=0.00, real=0.01 secs] 
1564.431: [GC (Allocation Failure) [PSYoungGen: 1562145K->5729K(1565184K)] 1664027K->107731K(2089472K), 0.0067183 secs] [Times: user=0.14 sys=0.01, real=0.01 secs] 
1577.838: [GC (Allocation Failure) [PSYoungGen: 1563233K->6223K(1565184K)] 1665235K->108306K(2089472K), 0.0080140 secs] [Times: user=0.14 sys=0.00, real=0.00 secs] 
1591.217: [GC (Allocation Failure) [PSYoungGen: 1563727K->5729K(1565184K)] 1665810K->108546K(2089472K), 0.0080547 secs] [Times: user=0.13 sys=0.01, real=0.01 secs] 
1604.559: [GC (Allocation Failure) [PSYoungGen: 1563233K->5601K(1565184K)] 1666050K->108442K(2089472K), 0.0066345 secs] [Times: user=0.09 sys=0.00, real=0.01 secs] 
1617.899: [GC (Allocation Failure) [PSYoungGen: 1563105K->5185K(1565184K)] 1665946K->108106K(2089472K), 0.0083407 secs] [Times: user=0.15 sys=0.00, real=0.01 secs] 
1631.041: [GC (Allocation Failure) [PSYoungGen: 1562689K->6159K(1565184K)] 1665610K->109208K(2089472K), 0.0064061 secs] [Times: user=0.16 sys=0.00, real=0.01 secs] 
1643.154: [GC (Allocation Failure) [PSYoungGen: 1563663K->5697K(1565696K)] 1666712K->109544K(2089984K), 0.0082423 secs] [Times: user=0.18 sys=0.01, real=0.01 secs] 
1655.269: [GC (Allocation Failure) [PSYoungGen: 1563713K->5601K(1565184K)] 1667560K->109552K(2089472K), 0.0064469 secs] [Times: user=0.12 sys=0.01, real=0.01 secs] 
1667.408: [GC (Allocation Failure) [PSYoungGen: 1563617K->5505K(1565696K)] 1667568K->109560K(2089984K), 0.0089490 secs] [Times: user=0.18 sys=0.00, real=0.01 secs] 
1679.579: [GC (Allocation Failure) [PSYoungGen: 1564033K->5569K(1565696K)] 1668088K->109824K(2089984K), 0.0077483 secs] [Times: user=0.18 sys=0.00, real=0.01 secs] 
1691.754: [GC (Allocation Failure) [PSYoungGen: 1564097K->5697K(1565696K)] 1668352K->110032K(2089984K), 0.0096507 secs] [Times: user=0.21 sys=0.00, real=0.01 secs] 
1703.089: [GC (Allocation Failure) [PSYoungGen: 1564225K->6223K(1565696K)] 1668560K->110695K(2089984K), 0.0071758 secs] [Times: user=0.16 sys=0.01, real=0.01 secs] 
1714.212: [GC (Allocation Failure) [PSYoungGen: 1564751K->5633K(1565696K)] 1669223K->111071K(2089984K), 0.0067099 secs] [Times: user=0.15 sys=0.00, real=0.01 secs] 
1725.360: [GC (Allocation Failure) [PSYoungGen: 1564161K->5729K(1565696K)] 1669599K->111255K(2089984K), 0.0072726 secs] [Times: user=0.14 sys=0.00, real=0.01 secs] 
1736.441: [GC (Allocation Failure) [PSYoungGen: 1564257K->5729K(1566208K)] 1669783K->111407K(2090496K), 0.0075826 secs] [Times: user=0.16 sys=0.01, real=0.01 secs] 
1747.571: [GC (Allocation Failure) [PSYoungGen: 1564769K->5793K(1565696K)] 1670447K->111639K(2089984K), 0.0070874 secs] [Times: user=0.18 sys=0.00, real=0.01 secs] 
1758.679: [GC (Allocation Failure) [PSYoungGen: 1564833K->5697K(1566208K)] 1670679K->111711K(2090496K), 0.0083102 secs] [Times: user=0.20 sys=0.00, real=0.01 secs] 
1768.979: [GC (Allocation Failure) [PSYoungGen: 1565249K->5839K(1566208K)] 1671263K->111917K(2090496K), 0.0082258 secs] [Times: user=0.08 sys=0.00, real=0.01 secs] 
1779.238: [GC (Allocation Failure) [PSYoungGen: 1565391K->5633K(1566208K)] 1671469K->112581K(2090496K), 0.0075240 secs] [Times: user=0.10 sys=0.02, real=0.01 secs] 
1789.561: [GC (Allocation Failure) [PSYoungGen: 1565185K->5025K(1566208K)] 1672133K->112093K(2090496K), 0.0057433 secs] [Times: user=0.05 sys=0.00, real=0.00 secs] 
1799.839: [GC (Allocation Failure) [PSYoungGen: 1564577K->5697K(1566208K)] 1671645K->113021K(2090496K), 0.0072222 secs] [Times: user=0.15 sys=0.00, real=0.01 secs] 
1810.179: [GC (Allocation Failure) [PSYoungGen: 1565249K->5697K(1566208K)] 1672573K->113085K(2090496K), 0.0072244 secs] [Times: user=0.14 sys=0.00, real=0.01 secs] 
1820.460: [GC (Allocation Failure) [PSYoungGen: 1565249K->5761K(1566208K)] 1672637K->113317K(2090496K), 0.0073738 secs] [Times: user=0.16 sys=0.00, real=0.01 secs] 
1830.560: [GC (Allocation Failure) [PSYoungGen: 1565313K->6383K(1566208K)] 1672869K->114108K(2090496K), 0.0083514 secs] [Times: user=0.21 sys=0.00, real=0.01 secs] 
1840.638: [GC (Allocation Failure) [PSYoungGen: 1565935K->5441K(1566208K)] 1673660K->114132K(2090496K), 0.0061952 secs] [Times: user=0.09 sys=0.00, real=0.00 secs] 
1850.758: [GC (Allocation Failure) [PSYoungGen: 1564993K->5697K(1566208K)] 1673684K->114532K(2090496K), 0.0087284 secs] [Times: user=0.18 sys=0.00, real=0.01 secs] 
1860.836: [GC (Allocation Failure) [PSYoungGen: 1565249K->5697K(1566208K)] 1674084K->114636K(2090496K), 0.0091652 secs] [Times: user=0.19 sys=0.00, real=0.01 secs] 
1870.916: [GC (Allocation Failure) [PSYoungGen: 1565249K->5537K(1566208K)] 1674188K->114516K(2090496K), 0.0080529 secs] [Times: user=0.12 sys=0.00, real=0.01 secs] 
1880.976: [GC (Allocation Failure) [PSYoungGen: 1565089K->5537K(1566208K)] 1674068K->114708K(2090496K), 0.0079160 secs] [Times: user=0.16 sys=0.00, real=0.01 secs] 
1891.001: [GC (Allocation Failure) [PSYoungGen: 1565089K->6159K(1566208K)] 1674260K->115443K(2090496K), 0.0065201 secs] [Times: user=0.13 sys=0.00, real=0.01 secs] 
1901.016: [GC (Allocation Failure) [PSYoungGen: 1565711K->5729K(1566208K)] 1674995K->115899K(2090496K), 0.0083334 secs] [Times: user=0.18 sys=0.00, real=0.01 secs] 
1911.040: [GC (Allocation Failure) [PSYoungGen: 1565281K->5409K(1566208K)] 1675451K->115827K(2090496K), 0.0100569 secs] [Times: user=0.19 sys=0.00, real=0.01 secs] 
1921.062: [GC (Allocation Failure) [PSYoungGen: 1564961K->5729K(1566208K)] 1675379K->116267K(2090496K), 0.0096810 secs] [Times: user=0.19 sys=0.00, real=0.01 secs] 
1931.159: [GC (Allocation Failure) [PSYoungGen: 1565281K->5729K(1566208K)] 1675819K->116347K(2090496K), 0.0070261 secs] [Times: user=0.16 sys=0.00, real=0.01 secs] 
1941.174: [GC (Allocation Failure) [PSYoungGen: 1565281K->5601K(1566208K)] 1675899K->116411K(2090496K), 0.0062264 secs] [Times: user=0.13 sys=0.00, real=0.00 secs] 
1951.222: [GC (Allocation Failure) [PSYoungGen: 1565153K->5665K(1566208K)] 1675963K->116595K(2090496K), 0.0068916 secs] [Times: user=0.15 sys=0.00, real=0.01 secs] 
1961.221: [GC (Allocation Failure) [PSYoungGen: 1565217K->6351K(1566208K)] 1676147K->117409K(2090496K), 0.0066445 secs] [Times: user=0.17 sys=0.00, real=0.01 secs] 
1971.320: [GC (Allocation Failure) [PSYoungGen: 1565903K->5665K(1566208K)] 1676961K->117785K(2090496K), 0.0075651 secs] [Times: user=0.17 sys=0.01, real=0.01 secs] 
1981.405: [GC (Allocation Failure) [PSYoungGen: 1565217K->5729K(1566208K)] 1677337K->117913K(2090496K), 0.0094396 secs] [Times: user=0.18 sys=0.00, real=0.01 secs] 
1991.469: [GC (Allocation Failure) [PSYoungGen: 1565281K->4641K(1566208K)] 1677465K->116881K(2090496K), 0.0091302 secs] [Times: user=0.10 sys=0.00, real=0.01 secs] 
2001.589: [GC (Allocation Failure) [PSYoungGen: 1564193K->5633K(1566208K)] 1676433K->118137K(2090496K), 0.0089151 secs] [Times: user=0.20 sys=0.00, real=0.01 secs] 
2011.684: [GC (Allocation Failure) [PSYoungGen: 1565185K->5697K(1566208K)] 1677689K->118273K(2090496K), 0.0090276 secs] [Times: user=0.19 sys=0.00, real=0.01 secs] 
2021.763: [GC (Allocation Failure) [PSYoungGen: 1565249K->5473K(1566208K)] 1677825K->118289K(2090496K), 0.0072668 secs] [Times: user=0.12 sys=0.02, real=0.01 secs] 
2031.801: [GC (Allocation Failure) [PSYoungGen: 1565025K->6351K(1566208K)] 1677841K->119232K(2090496K), 0.0078158 secs] [Times: user=0.13 sys=0.00, real=0.01 secs] 
2041.842: [GC (Allocation Failure) [PSYoungGen: 1565903K->5601K(1566208K)] 1678784K->119552K(2090496K), 0.0070811 secs] [Times: user=0.16 sys=0.01, real=0.01 secs] 
2051.901: [GC (Allocation Failure) [PSYoungGen: 1565153K->5697K(1566208K)] 1679104K->119728K(2090496K), 0.0065978 secs] [Times: user=0.15 sys=0.00, real=0.00 secs] 
2061.921: [GC (Allocation Failure) [PSYoungGen: 1565249K->5729K(1566208K)] 1679280K->119800K(2090496K), 0.0064046 secs] [Times: user=0.13 sys=0.00, real=0.01 secs] 
2071.960: [GC (Allocation Failure) [PSYoungGen: 1565281K->5569K(1566208K)] 1679352K->119792K(2090496K), 0.0067472 secs] [Times: user=0.15 sys=0.00, real=0.01 secs] 
2082.001: [GC (Allocation Failure) [PSYoungGen: 1565085K->5793K(1566208K)] 1679308K->120128K(2090496K), 0.0069739 secs] [Times: user=0.17 sys=0.00, real=0.01 secs] 
2092.100: [GC (Allocation Failure) [PSYoungGen: 1565345K->6287K(1566208K)] 1679680K->120822K(2090496K), 0.0069309 secs] [Times: user=0.16 sys=0.00, real=0.01 secs] 
2102.096: [GC (Allocation Failure) [PSYoungGen: 1565839K->5665K(1566208K)] 1680374K->121150K(2090496K), 0.0096047 secs] [Times: user=0.18 sys=0.03, real=0.01 secs] 
2112.141: [GC (Allocation Failure) [PSYoungGen: 1565217K->5633K(1566208K)] 1680702K->121270K(2090496K), 0.0062663 secs] [Times: user=0.11 sys=0.00, real=0.00 secs] 
2122.143: [GC (Allocation Failure) [PSYoungGen: 1565185K->5761K(1566208K)] 1680822K->121542K(2090496K), 0.0066445 secs] [Times: user=0.15 sys=0.00, real=0.00 secs] 
2132.174: [GC (Allocation Failure) [PSYoungGen: 1565313K->5569K(1566208K)] 1681094K->121382K(2090496K), 0.0070476 secs] [Times: user=0.14 sys=0.00, real=0.00 secs] 
2142.199: [GC (Allocation Failure) [PSYoungGen: 1565121K->5601K(1566208K)] 1680934K->121606K(2090496K), 0.0081620 secs] [Times: user=0.19 sys=0.00, real=0.01 secs] 
2152.219: [GC (Allocation Failure) [PSYoungGen: 1565153K->5729K(1566208K)] 1681158K->121798K(2090496K), 0.0070502 secs] [Times: user=0.14 sys=0.00, real=0.01 secs] 
2162.169: [GC (Allocation Failure) [PSYoungGen: 1565281K->6287K(1566208K)] 1681350K->122501K(2090496K), 0.0081703 secs] [Times: user=0.19 sys=0.00, real=0.01 secs] 
2172.190: [GC (Allocation Failure) [PSYoungGen: 1565839K->5697K(1566208K)] 1682053K->122901K(2090496K), 0.0061405 secs] [Times: user=0.10 sys=0.01, real=0.00 secs] 
2182.172: [GC (Allocation Failure) [PSYoungGen: 1565249K->5601K(1566208K)] 1682453K->122949K(2090496K), 0.0070529 secs] [Times: user=0.15 sys=0.00, real=0.00 secs] 
2192.174: [GC (Allocation Failure) [PSYoungGen: 1565153K->5761K(1566208K)] 1682501K->123189K(2090496K), 0.0083086 secs] [Times: user=0.17 sys=0.00, real=0.01 secs] 
2202.203: [GC (Allocation Failure) [PSYoungGen: 1565313K->5665K(1566208K)] 1682741K->123245K(2090496K), 0.0087345 secs] [Times: user=0.19 sys=0.00, real=0.00 secs] 
2212.218: [GC (Allocation Failure) [PSYoungGen: 1565217K->5697K(1566208K)] 1682797K->123429K(2090496K), 0.0085143 secs] [Times: user=0.17 sys=0.00, real=0.01 secs] 
2222.263: [GC (Allocation Failure) [PSYoungGen: 1565229K->5665K(1566720K)] 1682962K->123549K(2091008K), 0.0070045 secs] [Times: user=0.15 sys=0.00, real=0.01 secs] 
2232.262: [GC (Allocation Failure) [PSYoungGen: 1566241K->6127K(1566720K)] 1684125K->124188K(2091008K), 0.0102786 secs] [Times: user=0.20 sys=0.01, real=0.01 secs] 
2242.211: [GC (Allocation Failure) [PSYoungGen: 1566703K->5665K(1565696K)] 1684764K->124708K(2089984K), 0.0070086 secs] [Times: user=0.16 sys=0.01, real=0.00 secs] 
2252.190: [GC (Allocation Failure) [PSYoungGen: 1565217K->5633K(1566208K)] 1684260K->124804K(2090496K), 0.0070320 secs] [Times: user=0.15 sys=0.00, real=0.00 secs] 
2262.116: [GC (Allocation Failure) [PSYoungGen: 1565185K->5665K(1566720K)] 1684356K->124908K(2091008K), 0.0086774 secs] [Times: user=0.17 sys=0.00, real=0.01 secs] 
2272.057: [GC (Allocation Failure) [PSYoungGen: 1565729K->5697K(1566208K)] 1684972K->125028K(2090496K), 0.0090007 secs] [Times: user=0.19 sys=0.01, real=0.01 secs] 
2282.031: [GC (Allocation Failure) [PSYoungGen: 1565761K->5345K(1566720K)] 1685092K->124804K(2091008K), 0.0057761 secs] [Times: user=0.11 sys=0.00, real=0.01 secs] 
2291.991: [GC (Allocation Failure) [PSYoungGen: 1565921K->5825K(1566720K)] 1685380K->125372K(2091008K), 0.0068742 secs] [Times: user=0.16 sys=0.01, real=0.01 secs] 
2302.034: [GC (Allocation Failure) [PSYoungGen: 1566401K->5633K(1566720K)] 1685948K->125340K(2091008K), 0.0091633 secs] [Times: user=0.19 sys=0.01, real=0.01 secs] 
2311.955: [GC (Allocation Failure) [PSYoungGen: 1566209K->6031K(1566720K)] 1685916K->125850K(2091008K), 0.0093147 secs] [Times: user=0.17 sys=0.00, real=0.01 secs] 
2321.926: [GC (Allocation Failure) [PSYoungGen: 1566607K->5697K(1565696K)] 1686426K->126394K(2089984K), 0.0098506 secs] [Times: user=0.21 sys=0.00, real=0.01 secs] 
2331.860: [GC (Allocation Failure) [PSYoungGen: 1565249K->5697K(1566208K)] 1685946K->126538K(2090496K), 0.0066819 secs] [Times: user=0.14 sys=0.00, real=0.01 secs] 
2341.843: [GC (Allocation Failure) [PSYoungGen: 1565249K->5601K(1566720K)] 1686090K->126474K(2091008K), 0.0090872 secs] [Times: user=0.16 sys=0.00, real=0.01 secs] 
2351.814: [GC (Allocation Failure) [PSYoungGen: 1566177K->5761K(1566720K)] 1687050K->126690K(2091008K), 0.0065878 secs] [Times: user=0.15 sys=0.00, real=0.01 secs] 
2361.874: [GC (Allocation Failure) [PSYoungGen: 1566337K->5665K(1566720K)] 1687266K->126698K(2091008K), 0.0086067 secs] [Times: user=0.17 sys=0.00, real=0.01 secs] 
2371.901: [GC (Allocation Failure) [PSYoungGen: 1566241K->5793K(1566720K)] 1687274K->126866K(2091008K), 0.0064565 secs] [Times: user=0.16 sys=0.00, real=0.00 secs] 
2381.905: [GC (Allocation Failure) [PSYoungGen: 1566369K->4481K(1565696K)] 1687442K->125642K(2089984K), 0.0149908 secs] [Times: user=0.05 sys=0.00, real=0.01 secs] 
2391.831: [GC (Allocation Failure) [PSYoungGen: 1564033K->6191K(1566208K)] 1685194K->127545K(2090496K), 0.0068429 secs] [Times: user=0.14 sys=0.00, real=0.01 secs] 
2401.798: [GC (Allocation Failure) [PSYoungGen: 1565743K->5761K(1566208K)] 1687097K->128089K(2090496K), 0.0084568 secs] [Times: user=0.19 sys=0.01, real=0.01 secs] 
2411.825: [GC (Allocation Failure) [PSYoungGen: 1565313K->5729K(1566208K)] 1687641K->128113K(2090496K), 0.0095064 secs] [Times: user=0.20 sys=0.00, real=0.01 secs] 
2421.801: [GC (Allocation Failure) [PSYoungGen: 1565281K->5921K(1566208K)] 1687665K->128433K(2090496K), 0.0072796 secs] [Times: user=0.14 sys=0.00, real=0.01 secs] 
2431.782: [GC (Allocation Failure) [PSYoungGen: 1565473K->5761K(1566208K)] 1687985K->128433K(2090496K), 0.0061505 secs] [Times: user=0.14 sys=0.01, real=0.01 secs] 
2441.802: [GC (Allocation Failure) [PSYoungGen: 1565313K->5729K(1566208K)] 1687985K->128505K(2090496K), 0.0076328 secs] [Times: user=0.16 sys=0.00, real=0.01 secs] 
2451.777: [GC (Allocation Failure) [PSYoungGen: 1565281K->5921K(1566208K)] 1688057K->128857K(2090496K), 0.0083266 secs] [Times: user=0.16 sys=0.01, real=0.01 secs] 
2461.660: [GC (Allocation Failure) [PSYoungGen: 1565473K->6639K(1566208K)] 1688409K->129632K(2090496K), 0.0071052 secs] [Times: user=0.17 sys=0.00, real=0.01 secs] 
2471.588: [GC (Allocation Failure) [PSYoungGen: 1566191K->5921K(1566208K)] 1689184K->129840K(2090496K), 0.0076251 secs] [Times: user=0.11 sys=0.00, real=0.01 secs] 
2481.568: [GC (Allocation Failure) [PSYoungGen: 1565473K->5793K(1566208K)] 1689392K->129832K(2090496K), 0.0076426 secs] [Times: user=0.15 sys=0.01, real=0.01 secs] 
2491.473: [GC (Allocation Failure) [PSYoungGen: 1565345K->5985K(1566208K)] 1689384K->130088K(2090496K), 0.0053437 secs] [Times: user=0.07 sys=0.00, real=0.01 secs] 
2501.416: [GC (Allocation Failure) [PSYoungGen: 1565537K->5825K(1566208K)] 1689640K->130088K(2090496K), 0.0084061 secs] [Times: user=0.17 sys=0.00, real=0.01 secs] 
2511.337: [GC (Allocation Failure) [PSYoungGen: 1565377K->5921K(1566208K)] 1689640K->130216K(2090496K), 0.0080266 secs] [Times: user=0.12 sys=0.00, real=0.01 secs] 
2521.236: [GC (Allocation Failure) [PSYoungGen: 1565473K->5953K(1566208K)] 1689768K->130344K(2090496K), 0.0090999 secs] [Times: user=0.20 sys=0.00, real=0.01 secs] 
2531.134: [GC (Allocation Failure) [PSYoungGen: 1565505K->6415K(1566208K)] 1689896K->130830K(2090496K), 0.0067978 secs] [Times: user=0.14 sys=0.00, real=0.00 secs] 
2541.056: [GC (Allocation Failure) [PSYoungGen: 1565967K->5729K(1566208K)] 1690382K->131110K(2090496K), 0.0092974 secs] [Times: user=0.18 sys=0.01, real=0.01 secs] 
2550.980: [GC (Allocation Failure) [PSYoungGen: 1565281K->5953K(1566208K)] 1690662K->131358K(2090496K), 0.0062596 secs] [Times: user=0.13 sys=0.00, real=0.01 secs] 
2560.873: [GC (Allocation Failure) [PSYoungGen: 1565505K->5825K(1566208K)] 1690910K->131278K(2090496K), 0.0079871 secs] [Times: user=0.15 sys=0.00, real=0.01 secs] 
2570.777: [GC (Allocation Failure) [PSYoungGen: 1565377K->5729K(1566208K)] 1690830K->131318K(2090496K), 0.0070462 secs] [Times: user=0.15 sys=0.01, real=0.01 secs] 
2580.733: [GC (Allocation Failure) [PSYoungGen: 1565281K->5825K(1566208K)] 1690870K->131510K(2090496K), 0.0086828 secs] [Times: user=0.18 sys=0.01, real=0.01 secs] 
2590.658: [GC (Allocation Failure) [PSYoungGen: 1565377K->5921K(1566208K)] 1691062K->131758K(2090496K), 0.0092642 secs] [Times: user=0.19 sys=0.00, real=0.01 secs] 
2600.539: [GC (Allocation Failure) [PSYoungGen: 1565473K->6479K(1566208K)] 1691310K->132365K(2090496K), 0.0094127 secs] [Times: user=0.18 sys=0.00, real=0.01 secs] 
2610.489: [GC (Allocation Failure) [PSYoungGen: 1566031K->5825K(1566208K)] 1691917K->132717K(2090496K), 0.0076547 secs] [Times: user=0.17 sys=0.00, real=0.01 secs] 
2620.410: [GC (Allocation Failure) [PSYoungGen: 1565377K->5825K(1566208K)] 1692269K->132765K(2090496K), 0.0087404 secs] [Times: user=0.17 sys=0.00, real=0.01 secs] 
2630.314: [GC (Allocation Failure) [PSYoungGen: 1565377K->5953K(1566208K)] 1692317K->132949K(2090496K), 0.0077369 secs] [Times: user=0.12 sys=0.00, real=0.01 secs] 
2640.218: [GC (Allocation Failure) [PSYoungGen: 1565505K->5793K(1566208K)] 1692501K->132909K(2090496K), 0.0073603 secs] [Times: user=0.09 sys=0.01, real=0.01 secs] 
2650.140: [GC (Allocation Failure) [PSYoungGen: 1565345K->5985K(1566208K)] 1692461K->133181K(2090496K), 0.0060635 secs] [Times: user=0.10 sys=0.00, real=0.01 secs] 
2660.025: [GC (Allocation Failure) [PSYoungGen: 1565537K->6447K(1566208K)] 1692733K->133755K(2090496K), 0.0082655 secs] [Times: user=0.19 sys=0.00, real=0.01 secs] 
2670.028: [GC (Allocation Failure) [PSYoungGen: 1565999K->5889K(1566208K)] 1693307K->134123K(2090496K), 0.0062639 secs] [Times: user=0.10 sys=0.01, real=0.01 secs] 
2679.785: [GC (Allocation Failure) [PSYoungGen: 1565441K->5921K(1566208K)] 1693675K->134243K(2090496K), 0.0090663 secs] [Times: user=0.17 sys=0.00, real=0.01 secs] 
2689.702: [GC (Allocation Failure) [PSYoungGen: 1565473K->5857K(1566208K)] 1693795K->134251K(2090496K), 0.0067242 secs] [Times: user=0.15 sys=0.00, real=0.01 secs] 
2699.623: [GC (Allocation Failure) [PSYoungGen: 1565409K->5697K(1566208K)] 1693803K->134203K(2090496K), 0.0074480 secs] [Times: user=0.17 sys=0.00, real=0.01 secs] 
2709.523: [GC (Allocation Failure) [PSYoungGen: 1565249K->5953K(1566208K)] 1693755K->134507K(2090496K), 0.0083090 secs] [Times: user=0.16 sys=0.01, real=0.01 secs] 
2719.401: [GC (Allocation Failure) [PSYoungGen: 1565505K->5889K(1566208K)] 1694059K->134531K(2090496K), 0.0085769 secs] [Times: user=0.20 sys=0.00, real=0.00 secs] 
2729.231: [GC (Allocation Failure) [PSYoungGen: 1565441K->6415K(1566208K)] 1694083K->135210K(2090496K), 0.0069557 secs] [Times: user=0.15 sys=0.00, real=0.01 secs] 
2739.059: [GC (Allocation Failure) [PSYoungGen: 1565967K->5761K(1566208K)] 1694762K->135458K(2090496K), 0.0092854 secs] [Times: user=0.16 sys=0.01, real=0.01 secs] 
2748.898: [GC (Allocation Failure) [PSYoungGen: 1565313K->5889K(1566208K)] 1695010K->135626K(2090496K), 0.0078976 secs] [Times: user=0.16 sys=0.00, real=0.01 secs] 
2758.779: [GC (Allocation Failure) [PSYoungGen: 1565441K->5857K(1566208K)] 1695178K->135698K(2090496K), 0.0092196 secs] [Times: user=0.17 sys=0.00, real=0.01 secs] 
2768.636: [GC (Allocation Failure) [PSYoungGen: 1565409K->5921K(1566208K)] 1695250K->135842K(2090496K), 0.0080357 secs] [Times: user=0.14 sys=0.00, real=0.01 secs] 
2778.475: [GC (Allocation Failure) [PSYoungGen: 1565473K->5633K(1566208K)] 1695394K->135578K(2090496K), 0.0093754 secs] [Times: user=0.06 sys=0.00, real=0.01 secs] 
2788.338: [GC (Allocation Failure) [PSYoungGen: 1565185K->5793K(1566208K)] 1695130K->135842K(2090496K), 0.0084250 secs] [Times: user=0.16 sys=0.00, real=0.01 secs] 
2798.129: [GC (Allocation Failure) [PSYoungGen: 1565345K->6159K(1566208K)] 1695394K->136273K(2090496K), 0.0086745 secs] [Times: user=0.16 sys=0.01, real=0.01 secs] 
2808.026: [GC (Allocation Failure) [PSYoungGen: 1565711K->5761K(1566208K)] 1695825K->136897K(2090496K), 0.0088174 secs] [Times: user=0.15 sys=0.01, real=0.01 secs] 
2817.880: [GC (Allocation Failure) [PSYoungGen: 1565313K->5729K(1566208K)] 1696449K->136969K(2090496K), 0.0073308 secs] [Times: user=0.13 sys=0.01, real=0.01 secs] 
2827.753: [GC (Allocation Failure) [PSYoungGen: 1565281K->5921K(1566208K)] 1696521K->137225K(2090496K), 0.0067351 secs] [Times: user=0.14 sys=0.00, real=0.01 secs] 
2837.634: [GC (Allocation Failure) [PSYoungGen: 1565473K->5601K(1566208K)] 1696777K->137105K(2090496K), 0.0076477 secs] [Times: user=0.14 sys=0.00, real=0.01 secs] 
2847.480: [GC (Allocation Failure) [PSYoungGen: 1565153K->5921K(1566208K)] 1696657K->137465K(2090496K), 0.0067220 secs] [Times: user=0.14 sys=0.00, real=0.00 secs] 
2857.360: [GC (Allocation Failure) [PSYoungGen: 1565473K->6017K(1566208K)] 1697017K->137617K(2090496K), 0.0070489 secs] [Times: user=0.16 sys=0.00, real=0.01 secs] 
2867.187: [GC (Allocation Failure) [PSYoungGen: 1565569K->6447K(1566208K)] 1697169K->138239K(2090496K), 0.0094006 secs] [Times: user=0.20 sys=0.00, real=0.01 secs] 
2877.009: [GC (Allocation Failure) [PSYoungGen: 1565999K->5825K(1566208K)] 1697791K->138551K(2090496K), 0.0081420 secs] [Times: user=0.19 sys=0.01, real=0.01 secs] 
2886.864: [GC (Allocation Failure) [PSYoungGen: 1565377K->5921K(1566208K)] 1698103K->138727K(2090496K), 0.0099045 secs] [Times: user=0.18 sys=0.00, real=0.01 secs] 
2896.684: [GC (Allocation Failure) [PSYoungGen: 1565473K->6095K(1566208K)] 1698279K->138918K(2090496K), 0.0073244 secs] [Times: user=0.07 sys=0.00, real=0.01 secs] 
2906.569: [GC (Allocation Failure) [PSYoungGen: 1565647K->6017K(1566208K)] 1698470K->139806K(2090496K), 0.0098019 secs] [Times: user=0.18 sys=0.03, real=0.01 secs] 
2916.349: [GC (Allocation Failure) [PSYoungGen: 1565569K->5825K(1566208K)] 1699358K->139662K(2090496K), 0.0076027 secs] [Times: user=0.12 sys=0.00, real=0.01 secs] 
2926.191: [GC (Allocation Failure) [PSYoungGen: 1565377K->5985K(1566208K)] 1699214K->139918K(2090496K), 0.0071422 secs] [Times: user=0.16 sys=0.00, real=0.01 secs] 
2936.071: [GC (Allocation Failure) [PSYoungGen: 1565537K->6113K(1566208K)] 1699470K->140054K(2090496K), 0.0075523 secs] [Times: user=0.16 sys=0.00, real=0.01 secs] 
2945.937: [GC (Allocation Failure) [PSYoungGen: 1565665K->6049K(1566208K)] 1699606K->140126K(2090496K), 0.0089914 secs] [Times: user=0.18 sys=0.00, real=0.01 secs] 
2955.758: [GC (Allocation Failure) [PSYoungGen: 1565601K->6049K(1566208K)] 1699678K->140222K(2090496K), 0.0085919 secs] [Times: user=0.17 sys=0.00, real=0.00 secs] 
2965.480: [GC (Allocation Failure) [PSYoungGen: 1565601K->6639K(1566208K)] 1699774K->140948K(2090496K), 0.0070602 secs] [Times: user=0.16 sys=0.00, real=0.00 secs] 
2975.212: [GC (Allocation Failure) [PSYoungGen: 1566191K->5985K(1566208K)] 1700500K->141308K(2090496K), 0.0064048 secs] [Times: user=0.12 sys=0.01, real=0.00 secs] 
2984.989: [GC (Allocation Failure) [PSYoungGen: 1565537K->6177K(1566208K)] 1700860K->141548K(2090496K), 0.0071753 secs] [Times: user=0.14 sys=0.00, real=0.01 secs] 
2994.750: [GC (Allocation Failure) [PSYoungGen: 1565729K->6145K(1566208K)] 1701100K->141596K(2090496K), 0.0073408 secs] [Times: user=0.16 sys=0.00, real=0.01 secs] 
3004.529: [GC (Allocation Failure) [PSYoungGen: 1565697K->5825K(1566208K)] 1701148K->141380K(2090496K), 0.0069175 secs] [Times: user=0.07 sys=0.00, real=0.01 secs] 
3014.386: [GC (Allocation Failure) [PSYoungGen: 1565377K->6145K(1566208K)] 1700932K->141732K(2090496K), 0.0098996 secs] [Times: user=0.21 sys=0.00, real=0.01 secs] 
3024.152: [GC (Allocation Failure) [PSYoungGen: 1565697K->6081K(1566208K)] 1701284K->141836K(2090496K), 0.0076913 secs] [Times: user=0.12 sys=0.00, real=0.01 secs] 
3034.019: [GC (Allocation Failure) [PSYoungGen: 1565633K->5825K(1566208K)] 1701388K->141620K(2090496K), 0.0088597 secs] [Times: user=0.09 sys=0.01, real=0.00 secs] 
3043.703: [GC (Allocation Failure) [PSYoungGen: 1565377K->6639K(1566208K)] 1701172K->142683K(2090496K), 0.0069460 secs] [Times: user=0.15 sys=0.00, real=0.01 secs] 
3053.542: [GC (Allocation Failure) [PSYoungGen: 1566191K->6113K(1566208K)] 1702235K->143051K(2090496K), 0.0077126 secs] [Times: user=0.17 sys=0.01, real=0.00 secs] 
3063.345: [GC (Allocation Failure) [PSYoungGen: 1565665K->6049K(1566208K)] 1702603K->143163K(2090496K), 0.0070072 secs] [Times: user=0.16 sys=0.00, real=0.00 secs] 
3073.146: [GC (Allocation Failure) [PSYoungGen: 1565601K->6177K(1566208K)] 1702715K->143323K(2090496K), 0.0077281 secs] [Times: user=0.14 sys=0.00, real=0.00 secs] 
3082.938: [GC (Allocation Failure) [PSYoungGen: 1565729K->6209K(1566208K)] 1702875K->143419K(2090496K), 0.0067091 secs] [Times: user=0.10 sys=0.00, real=0.00 secs] 
3092.720: [GC (Allocation Failure) [PSYoungGen: 1565761K->6113K(1566208K)] 1702971K->143547K(2090496K), 0.0103244 secs] [Times: user=0.17 sys=0.01, real=0.01 secs] 
3102.568: [GC (Allocation Failure) [PSYoungGen: 1565665K->6177K(1566208K)] 1703099K->143635K(2090496K), 0.0090312 secs] [Times: user=0.16 sys=0.00, real=0.01 secs] 
3112.346: [GC (Allocation Failure) [PSYoungGen: 1565729K->6639K(1565184K)] 1703187K->144394K(2089472K), 0.0095589 secs] [Times: user=0.17 sys=0.01, real=0.01 secs] 
3122.079: [GC (Allocation Failure) [PSYoungGen: 1565167K->5761K(1565696K)] 1702922K->144386K(2089984K), 0.0095992 secs] [Times: user=0.16 sys=0.00, real=0.01 secs] 
3131.803: [GC (Allocation Failure) [PSYoungGen: 1564289K->6209K(1565696K)] 1702914K->144874K(2089984K), 0.0093290 secs] [Times: user=0.20 sys=0.00, real=0.01 secs] 
3141.540: [GC (Allocation Failure) [PSYoungGen: 1564706K->6177K(1565696K)] 1703371K->144914K(2089984K), 0.0062888 secs] [Times: user=0.05 sys=0.00, real=0.01 secs] 
3151.280: [GC (Allocation Failure) [PSYoungGen: 1564705K->5921K(1565696K)] 1703442K->144770K(2089984K), 0.0072029 secs] [Times: user=0.16 sys=0.00, real=0.01 secs] 
3161.031: [GC (Allocation Failure) [PSYoungGen: 1564449K->6113K(1565696K)] 1703298K->145082K(2089984K), 0.0070389 secs] [Times: user=0.14 sys=0.00, real=0.00 secs] 
3170.748: [GC (Allocation Failure) [PSYoungGen: 1564641K->6305K(1566208K)] 1703610K->145298K(2090496K), 0.0077959 secs] [Times: user=0.17 sys=0.01, real=0.01 secs] 
3180.503: [GC (Allocation Failure) [PSYoungGen: 1565857K->6145K(1566208K)] 1704850K->145274K(2090496K), 0.0080247 secs] [Times: user=0.14 sys=0.00, real=0.00 secs] 
3190.248: [GC (Allocation Failure) [PSYoungGen: 1565697K->6639K(1565184K)] 1704826K->145952K(2089472K), 0.0097235 secs] [Times: user=0.19 sys=0.01, real=0.01 secs] 
3200.053: [GC (Allocation Failure) [PSYoungGen: 1565167K->5857K(1565696K)] 1704480K->146184K(2089984K), 0.0080975 secs] [Times: user=0.17 sys=0.00, real=0.01 secs] 
3209.835: [GC (Allocation Failure) [PSYoungGen: 1564385K->6113K(1565696K)] 1704712K->146552K(2089984K), 0.0070716 secs] [Times: user=0.15 sys=0.00, real=0.01 secs] 
3219.630: [GC (Allocation Failure) [PSYoungGen: 1564641K->6177K(1565696K)] 1705080K->146736K(2089984K), 0.0079748 secs] [Times: user=0.16 sys=0.00, real=0.01 secs] 
3229.319: [GC (Allocation Failure) [PSYoungGen: 1564699K->5793K(1565696K)] 1705259K->146480K(2089984K), 0.0075261 secs] [Times: user=0.14 sys=0.00, real=0.00 secs] 
3239.117: [GC (Allocation Failure) [PSYoungGen: 1564321K->6177K(1565696K)] 1705008K->147080K(2089984K), 0.0082864 secs] [Times: user=0.19 sys=0.00, real=0.01 secs] 
3248.855: [GC (Allocation Failure) [PSYoungGen: 1564705K->5729K(1565696K)] 1705608K->146656K(2089984K), 0.0120640 secs] [Times: user=0.08 sys=0.00, real=0.01 secs] 
3258.639: [GC (Allocation Failure) [PSYoungGen: 1564257K->7151K(1565696K)] 1705184K->148231K(2089984K), 0.0083695 secs] [Times: user=0.19 sys=0.00, real=0.01 secs] 
3268.399: [GC (Allocation Failure) [PSYoungGen: 1565679K->6369K(1565696K)] 1706759K->148495K(2089984K), 0.0072395 secs] [Times: user=0.11 sys=0.01, real=0.01 secs] 
3278.140: [GC (Allocation Failure) [PSYoungGen: 1564897K->6497K(1565696K)] 1707023K->148711K(2089984K), 0.0067874 secs] [Times: user=0.15 sys=0.00, real=0.01 secs] 
3287.911: [GC (Allocation Failure) [PSYoungGen: 1565025K->6497K(1565696K)] 1707239K->148823K(2089984K), 0.0069235 secs] [Times: user=0.15 sys=0.00, real=0.01 secs] 
3297.662: [GC (Allocation Failure) [PSYoungGen: 1565025K->5985K(1565696K)] 1707351K->148479K(2089984K), 0.0089306 secs] [Times: user=0.13 sys=0.00, real=0.01 secs] 
3307.402: [GC (Allocation Failure) [PSYoungGen: 1564513K->6497K(1565696K)] 1707007K->149079K(2089984K), 0.0065027 secs] [Times: user=0.14 sys=0.00, real=0.00 secs] 
3317.242: [GC (Allocation Failure) [PSYoungGen: 1565025K->6465K(1565696K)] 1707607K->149103K(2089984K), 0.0076120 secs] [Times: user=0.16 sys=0.01, real=0.01 secs] 
3326.936: [GC (Allocation Failure) [PSYoungGen: 1564993K->7023K(1564672K)] 1707631K->149854K(2088960K), 0.0101820 secs] [Times: user=0.19 sys=0.00, real=0.01 secs] 
3336.688: [GC (Allocation Failure) [PSYoungGen: 1564527K->6337K(1565184K)] 1707358K->150086K(2089472K), 0.0080193 secs] [Times: user=0.16 sys=0.01, real=0.01 secs] 
3346.420: [GC (Allocation Failure) [PSYoungGen: 1563841K->6465K(1565696K)] 1707590K->150270K(2089984K), 0.0069780 secs] [Times: user=0.14 sys=0.00, real=0.01 secs] 
3356.302: [GC (Allocation Failure) [PSYoungGen: 1564993K->6337K(1565696K)] 1708798K->150262K(2089984K), 0.0078762 secs] [Times: user=0.08 sys=0.00, real=0.01 secs] 
3366.029: [GC (Allocation Failure) [PSYoungGen: 1564865K->6529K(1565696K)] 1708790K->150582K(2089984K), 0.0069866 secs] [Times: user=0.12 sys=0.00, real=0.00 secs] 
3375.745: [GC (Allocation Failure) [PSYoungGen: 1565057K->6369K(1565696K)] 1709110K->150462K(2089984K), 0.0078594 secs] [Times: user=0.15 sys=0.00, real=0.01 secs] 
3385.507: [GC (Allocation Failure) [PSYoungGen: 1564897K->6369K(1565696K)] 1708990K->150574K(2089984K), 0.0093432 secs] [Times: user=0.18 sys=0.00, real=0.01 secs] 
3395.265: [GC (Allocation Failure) [PSYoungGen: 1564897K->7055K(1565696K)] 1709102K->151348K(2089984K), 0.0096355 secs] [Times: user=0.18 sys=0.00, real=0.01 secs] 
3405.020: [GC (Allocation Failure) [PSYoungGen: 1565583K->6497K(1565696K)] 1709876K->151820K(2089984K), 0.0055508 secs] [Times: user=0.07 sys=0.00, real=0.01 secs] 
3414.741: [GC (Allocation Failure) [PSYoungGen: 1565025K->6145K(1565696K)] 1710348K->151524K(2089984K), 0.0169806 secs] [Times: user=0.38 sys=0.00, real=0.02 secs] 
3424.424: [GC (Allocation Failure) [PSYoungGen: 1564673K->6465K(1565696K)] 1710052K->151996K(2089984K), 0.0061549 secs] [Times: user=0.09 sys=0.02, real=0.01 secs] 
3434.131: [GC (Allocation Failure) [PSYoungGen: 1564993K->6465K(1565696K)] 1710524K->152076K(2089984K), 0.0071312 secs] [Times: user=0.15 sys=0.00, real=0.00 secs] 
3443.913: [GC (Allocation Failure) [PSYoungGen: 1564993K->6241K(1565696K)] 1710604K->151900K(2089984K), 0.0196056 secs] [Times: user=0.28 sys=0.00, real=0.02 secs] 
3453.501: [GC (Allocation Failure) [PSYoungGen: 1564769K->6465K(1565696K)] 1710428K->152276K(2089984K), 0.0071019 secs] [Times: user=0.13 sys=0.00, real=0.01 secs] 
3463.139: [GC (Allocation Failure) [PSYoungGen: 1564993K->7023K(1565696K)] 1710804K->152979K(2089984K), 0.0078193 secs] [Times: user=0.16 sys=0.00, real=0.01 secs] 
3472.923: [GC (Allocation Failure) [PSYoungGen: 1565551K->6497K(1565696K)] 1711507K->153411K(2089984K), 0.0068122 secs] [Times: user=0.15 sys=0.00, real=0.01 secs] 
3482.738: [GC (Allocation Failure) [PSYoungGen: 1565014K->6433K(1565696K)] 1711928K->153507K(2089984K), 0.0076941 secs] [Times: user=0.14 sys=0.00, real=0.00 secs] 
3492.515: [GC (Allocation Failure) [PSYoungGen: 1564961K->6465K(1565696K)] 1712035K->153659K(2089984K), 0.0080056 secs] [Times: user=0.12 sys=0.00, real=0.01 secs] 
3502.233: [GC (Allocation Failure) [PSYoungGen: 1564993K->6529K(1565696K)] 1712187K->153835K(2089984K), 0.0064259 secs] [Times: user=0.16 sys=0.00, real=0.00 secs] 
3512.039: [GC (Allocation Failure) [PSYoungGen: 1565057K->6465K(1565696K)] 1712363K->153915K(2089984K), 0.0077787 secs] [Times: user=0.17 sys=0.00, real=0.01 secs] 
3521.772: [GC (Allocation Failure) [PSYoungGen: 1564993K->6593K(1565696K)] 1712443K->154163K(2089984K), 0.0077449 secs] [Times: user=0.13 sys=0.02, real=0.01 secs] 
3531.483: [GC (Allocation Failure) [PSYoungGen: 1565121K->7159K(1565696K)] 1712691K->154953K(2089984K), 0.0076358 secs] [Times: user=0.14 sys=0.00, real=0.01 secs] 
3541.201: [GC (Allocation Failure) [PSYoungGen: 1565687K->6401K(1565696K)] 1713481K->155202K(2089984K), 0.0066781 secs] [Times: user=0.12 sys=0.01, real=0.01 secs] 
3550.879: [GC (Allocation Failure) [PSYoungGen: 1564929K->6433K(1565696K)] 1713730K->155354K(2089984K), 0.0069541 secs] [Times: user=0.13 sys=0.00, real=0.00 secs] 
3560.620: [GC (Allocation Failure) [PSYoungGen: 1564961K->6529K(1565696K)] 1713882K->155506K(2089984K), 0.0071138 secs] [Times: user=0.15 sys=0.00, real=0.00 secs] 
3570.319: [GC (Allocation Failure) [PSYoungGen: 1565057K->6465K(1565696K)] 1714034K->155634K(2089984K), 0.0077438 secs] [Times: user=0.13 sys=0.01, real=0.01 secs] 
3579.993: [GC (Allocation Failure) [PSYoungGen: 1564993K->6465K(1565696K)] 1714162K->155690K(2089984K), 0.0081201 secs] [Times: user=0.17 sys=0.00, real=0.00 secs] 
3589.737: [GC (Allocation Failure) [PSYoungGen: 1564993K->6657K(1565696K)] 1714218K->155946K(2089984K), 0.0075770 secs] [Times: user=0.14 sys=0.01, real=0.01 secs] 
3599.430: [GC (Allocation Failure) [PSYoungGen: 1565185K->6209K(1565696K)] 1714474K->155666K(2089984K), 0.0080852 secs] [Times: user=0.15 sys=0.00, real=0.01 secs] 
3609.067: [GC (Allocation Failure) [PSYoungGen: 1564737K->7151K(1565696K)] 1714194K->156992K(2089984K), 0.0081090 secs] [Times: user=0.09 sys=0.00, real=0.00 secs] 
3618.747: [GC (Allocation Failure) [PSYoungGen: 1565679K->6401K(1564672K)] 1715520K->157568K(2088960K), 0.0268620 secs] [Times: user=0.75 sys=0.00, real=0.03 secs] 
3628.416: [GC (Allocation Failure) [PSYoungGen: 1563905K->6529K(1565184K)] 1715072K->157800K(2089472K), 0.0084324 secs] [Times: user=0.12 sys=0.00, real=0.01 secs] 
3638.099: [GC (Allocation Failure) [PSYoungGen: 1564033K->6465K(1565184K)] 1715304K->157920K(2089472K), 0.0075506 secs] [Times: user=0.15 sys=0.01, real=0.01 secs] 
3647.750: [GC (Allocation Failure) [PSYoungGen: 1563969K->6433K(1565184K)] 1715424K->158056K(2089472K), 0.0074428 secs] [Times: user=0.14 sys=0.00, real=0.01 secs] 
3657.438: [GC (Allocation Failure) [PSYoungGen: 1563937K->6497K(1565696K)] 1715560K->158176K(2089984K), 0.0088831 secs] [Times: user=0.18 sys=0.00, real=0.01 secs] 
3667.185: [GC (Allocation Failure) [PSYoungGen: 1565025K->6561K(1565696K)] 1716704K->158424K(2089984K), 0.0081242 secs] [Times: user=0.16 sys=0.00, real=0.01 secs] 
3676.822: [GC (Allocation Failure) [PSYoungGen: 1565089K->7055K(1564672K)] 1716952K->159055K(2088960K), 0.0067088 secs] [Times: user=0.13 sys=0.00, real=0.01 secs] 
3686.464: [GC (Allocation Failure) [PSYoungGen: 1564559K->6401K(1565184K)] 1716559K->159375K(2089472K), 0.0099478 secs] [Times: user=0.20 sys=0.00, real=0.01 secs] 
3696.186: [GC (Allocation Failure) [PSYoungGen: 1563905K->6369K(1565696K)] 1716879K->159503K(2089984K), 0.0078275 secs] [Times: user=0.12 sys=0.00, real=0.01 secs] 
3705.868: [GC (Allocation Failure) [PSYoungGen: 1564855K->6529K(1565696K)] 1717989K->159687K(2089984K), 0.0082204 secs] [Times: user=0.11 sys=0.00, real=0.01 secs] 
3715.550: [GC (Allocation Failure) [PSYoungGen: 1565057K->6529K(1565696K)] 1718215K->159807K(2089984K), 0.0093385 secs] [Times: user=0.13 sys=0.01, real=0.01 secs] 
3725.236: [GC (Allocation Failure) [PSYoungGen: 1565057K->6433K(1565696K)] 1718335K->159807K(2089984K), 0.0085392 secs] [Times: user=0.19 sys=0.00, real=0.01 secs] 
3734.931: [GC (Allocation Failure) [PSYoungGen: 1564961K->6561K(1565696K)] 1718335K->159935K(2089984K), 0.0063863 secs] [Times: user=0.13 sys=0.00, real=0.01 secs] 
3744.607: [GC (Allocation Failure) [PSYoungGen: 1565089K->6529K(1565696K)] 1718463K->160039K(2089984K), 0.0091767 secs] [Times: user=0.14 sys=0.00, real=0.01 secs] 
3754.270: [GC (Allocation Failure) [PSYoungGen: 1565057K->6433K(1565696K)] 1718567K->160063K(2089984K), 0.0054025 secs] [Times: user=0.05 sys=0.00, real=0.00 secs] 
3763.905: [GC (Allocation Failure) [PSYoungGen: 1564961K->7151K(1565696K)] 1718591K->160877K(2089984K), 0.0066985 secs] [Times: user=0.09 sys=0.01, real=0.01 secs] 
3773.553: [GC (Allocation Failure) [PSYoungGen: 1565679K->5825K(1564672K)] 1719405K->160477K(2088960K), 0.0195412 secs] [Times: user=0.48 sys=0.01, real=0.02 secs] 
3783.234: [GC (Allocation Failure) [PSYoungGen: 1563329K->6529K(1565184K)] 1717981K->161309K(2089472K), 0.0084959 secs] [Times: user=0.14 sys=0.01, real=0.00 secs] 
3792.969: [GC (Allocation Failure) [PSYoungGen: 1564033K->6369K(1565696K)] 1718813K->161221K(2089984K), 0.0078467 secs] [Times: user=0.12 sys=0.00, real=0.01 secs] 
3802.632: [GC (Allocation Failure) [PSYoungGen: 1564897K->6433K(1565696K)] 1719749K->161437K(2089984K), 0.0076859 secs] [Times: user=0.17 sys=0.00, real=0.01 secs] 
3812.299: [GC (Allocation Failure) [PSYoungGen: 1564961K->6465K(1565696K)] 1719965K->161557K(2089984K), 0.0078992 secs] [Times: user=0.14 sys=0.00, real=0.00 secs] 
3821.931: [GC (Allocation Failure) [PSYoungGen: 1564993K->6593K(1565696K)] 1720085K->161790K(2089984K), 0.0061970 secs] [Times: user=0.09 sys=0.00, real=0.00 secs] 
3831.582: [GC (Allocation Failure) [PSYoungGen: 1565121K->6479K(1565696K)] 1720318K->161740K(2089984K), 0.0100655 secs] [Times: user=0.10 sys=0.00, real=0.01 secs] 
3841.279: [GC (Allocation Failure) [PSYoungGen: 1565007K->6401K(1565696K)] 1720268K->162596K(2089984K), 0.0072685 secs] [Times: user=0.12 sys=0.01, real=0.01 secs] 
3850.860: [GC (Allocation Failure) [PSYoungGen: 1564929K->5793K(1565696K)] 1721124K->162100K(2089984K), 0.0084256 secs] [Times: user=0.09 sys=0.00, real=0.01 secs] 
3860.580: [GC (Allocation Failure) [PSYoungGen: 1564321K->6433K(1565696K)] 1720628K->162796K(2089984K), 0.0076869 secs] [Times: user=0.17 sys=0.01, real=0.01 secs] 
3870.209: [GC (Allocation Failure) [PSYoungGen: 1564961K->6465K(1565696K)] 1721324K->162916K(2089984K), 0.0079531 secs] [Times: user=0.15 sys=0.00, real=0.01 secs] 
3879.825: [GC (Allocation Failure) [PSYoungGen: 1564993K->6433K(1565696K)] 1721444K->163076K(2089984K), 0.0087051 secs] [Times: user=0.20 sys=0.00, real=0.01 secs] 
3889.437: [GC (Allocation Failure) [PSYoungGen: 1564961K->6401K(1565696K)] 1721604K->163084K(2089984K), 0.0068128 secs] [Times: user=0.09 sys=0.01, real=0.01 secs] 
3899.063: [GC (Allocation Failure) [PSYoungGen: 1564929K->7151K(1565696K)] 1721612K->163955K(2089984K), 0.0067181 secs] [Times: user=0.11 sys=0.00, real=0.00 secs] 
3908.708: [GC (Allocation Failure) [PSYoungGen: 1565679K->6465K(1565696K)] 1722483K->164163K(2089984K), 0.0079145 secs] [Times: user=0.15 sys=0.00, real=0.01 secs] 
3918.448: [GC (Allocation Failure) [PSYoungGen: 1564993K->6529K(1565696K)] 1722691K->164435K(2089984K), 0.0080497 secs] [Times: user=0.11 sys=0.02, real=0.01 secs] 
3928.162: [GC (Allocation Failure) [PSYoungGen: 1565057K->6465K(1565696K)] 1722963K->164459K(2089984K), 0.0079375 secs] [Times: user=0.12 sys=0.00, real=0.01 secs] 
3937.918: [GC (Allocation Failure) [PSYoungGen: 1564993K->6433K(1565696K)] 1722987K->164515K(2089984K), 0.0082356 secs] [Times: user=0.17 sys=0.00, real=0.01 secs] 
3947.593: [GC (Allocation Failure) [PSYoungGen: 1564961K->6465K(1565696K)] 1723043K->164595K(2089984K), 0.0075115 secs] [Times: user=0.13 sys=0.00, real=0.01 secs] 
3957.356: [GC (Allocation Failure) [PSYoungGen: 1564993K->6273K(1565696K)] 1723123K->164563K(2089984K), 0.0074657 secs] [Times: user=0.10 sys=0.00, real=0.01 secs] 
3967.054: [GC (Allocation Failure) [PSYoungGen: 1564801K->6735K(1565696K)] 1723091K->165129K(2089984K), 0.0129315 secs] [Times: user=0.13 sys=0.00, real=0.01 secs] 
3976.575: [GC (Allocation Failure) [PSYoungGen: 1565263K->6529K(1565696K)] 1723657K->165841K(2089984K), 0.0083917 secs] [Times: user=0.16 sys=0.00, real=0.01 secs] 
3986.146: [GC (Allocation Failure) [PSYoungGen: 1565057K->6497K(1565696K)] 1724369K->165857K(2089984K), 0.0079083 secs] [Times: user=0.13 sys=0.01, real=0.01 secs] 
3995.769: [GC (Allocation Failure) [PSYoungGen: 1565025K->6465K(1565696K)] 1724385K->165945K(2089984K), 0.0082180 secs] [Times: user=0.12 sys=0.01, real=0.01 secs] 
4005.297: [GC (Allocation Failure) [PSYoungGen: 1564993K->6497K(1565696K)] 1724473K->166193K(2089984K), 0.0092489 secs] [Times: user=0.18 sys=0.01, real=0.01 secs] 
4014.914: [GC (Allocation Failure) [PSYoungGen: 1565025K->6497K(1565696K)] 1724721K->166273K(2089984K), 0.0072803 secs] [Times: user=0.12 sys=0.01, real=0.01 secs] 
4024.578: [GC (Allocation Failure) [PSYoungGen: 1565025K->6401K(1565696K)] 1724801K->166265K(2089984K), 0.0087964 secs] [Times: user=0.17 sys=0.00, real=0.01 secs] 
4034.277: [GC (Allocation Failure) [PSYoungGen: 1564929K->7087K(1565696K)] 1724793K->167024K(2089984K), 0.0079809 secs] [Times: user=0.18 sys=0.00, real=0.01 secs] 
4043.900: [GC (Allocation Failure) [PSYoungGen: 1565615K->6465K(1565696K)] 1725552K->167448K(2089984K), 0.0065698 secs] [Times: user=0.08 sys=0.00, real=0.01 secs] 
4053.528: [GC (Allocation Failure) [PSYoungGen: 1564993K->6497K(1565696K)] 1725976K->167504K(2089984K), 0.0069479 secs] [Times: user=0.09 sys=0.00, real=0.01 secs] 
4063.167: [GC (Allocation Failure) [PSYoungGen: 1565025K->6561K(1565696K)] 1726032K->167640K(2089984K), 0.0068029 secs] [Times: user=0.07 sys=0.01, real=0.00 secs] 
4072.764: [GC (Allocation Failure) [PSYoungGen: 1565089K->6401K(1565696K)] 1726168K->167648K(2089984K), 0.0084411 secs] [Times: user=0.15 sys=0.00, real=0.01 secs] 
4082.460: [GC (Allocation Failure) [PSYoungGen: 1564929K->7137K(1564672K)] 1726176K->169296K(2088960K), 0.0085891 secs] [Times: user=0.13 sys=0.01, real=0.01 secs] 
4092.095: [GC (Allocation Failure) [PSYoungGen: 1564641K->7649K(1565184K)] 1726800K->170497K(2089472K), 0.0073164 secs] [Times: user=0.14 sys=0.00, real=0.01 secs] 
4101.699: [GC (Allocation Failure) [PSYoungGen: 1565153K->7265K(1564160K)] 1728001K->170289K(2088448K), 0.0083738 secs] [Times: user=0.07 sys=0.00, real=0.01 secs] 
4111.320: [GC (Allocation Failure) [PSYoungGen: 1563745K->8176K(1564672K)] 1726769K->171775K(2088960K), 0.0084949 secs] [Times: user=0.15 sys=0.00, real=0.01 secs] 
4120.880: [GC (Allocation Failure) [PSYoungGen: 1564656K->8033K(1562624K)] 1728255K->172599K(2086912K), 0.0064602 secs] [Times: user=0.11 sys=0.00, real=0.01 secs] 
4130.474: [GC (Allocation Failure) [PSYoungGen: 1562465K->8065K(1563648K)] 1727031K->172743K(2087936K), 0.0064029 secs] [Times: user=0.12 sys=0.00, real=0.01 secs] 
4140.043: [GC (Allocation Failure) [PSYoungGen: 1562497K->7585K(1563648K)] 1727175K->172303K(2087936K), 0.0090417 secs] [Times: user=0.15 sys=0.00, real=0.01 secs] 
4149.618: [GC (Allocation Failure) [PSYoungGen: 1562017K->8033K(1563648K)] 1726735K->172799K(2087936K), 0.0070841 secs] [Times: user=0.16 sys=0.00, real=0.00 secs] 
4159.168: [GC (Allocation Failure) [PSYoungGen: 1562465K->8065K(1563648K)] 1727231K->172983K(2087936K), 0.0078283 secs] [Times: user=0.14 sys=0.00, real=0.01 secs] 
4168.715: [GC (Allocation Failure) [PSYoungGen: 1562497K->8001K(1563648K)] 1727415K->172935K(2087936K), 0.0098205 secs] [Times: user=0.16 sys=0.00, real=0.01 secs] 
4178.371: [GC (Allocation Failure) [PSYoungGen: 1562433K->8432K(1562624K)] 1727367K->173454K(2086912K), 0.0126956 secs] [Times: user=0.14 sys=0.00, real=0.02 secs] 
4187.873: [GC (Allocation Failure) [PSYoungGen: 1561840K->8097K(1563136K)] 1726862K->174158K(2087424K), 0.0092226 secs] [Times: user=0.14 sys=0.02, real=0.01 secs] 
4197.400: [GC (Allocation Failure) [PSYoungGen: 1561505K->8065K(1563136K)] 1727566K->174278K(2087424K), 0.0065173 secs] [Times: user=0.12 sys=0.01, real=0.01 secs] 
4206.941: [GC (Allocation Failure) [PSYoungGen: 1561473K->7873K(1563136K)] 1727686K->174182K(2087424K), 0.0082290 secs] [Times: user=0.15 sys=0.01, real=0.01 secs] 
4216.428: [GC (Allocation Failure) [PSYoungGen: 1561281K->8097K(1563136K)] 1727590K->174430K(2087424K), 0.0083553 secs] [Times: user=0.17 sys=0.00, real=0.01 secs] 
4225.909: [GC (Allocation Failure) [PSYoungGen: 1561505K->8033K(1563136K)] 1727838K->174534K(2087424K), 0.0080359 secs] [Times: user=0.16 sys=0.01, real=0.01 secs] 
4235.471: [GC (Allocation Failure) [PSYoungGen: 1561441K->7873K(1563648K)] 1727942K->174438K(2087936K), 0.0082249 secs] [Times: user=0.12 sys=0.00, real=0.01 secs] 
4244.962: [GC (Allocation Failure) [PSYoungGen: 1562305K->7681K(1563648K)] 1728870K->174342K(2087936K), 0.0121429 secs] [Times: user=0.10 sys=0.01, real=0.02 secs] 
4254.480: [GC (Allocation Failure) [PSYoungGen: 1562113K->8097K(1563648K)] 1728774K->174894K(2087936K), 0.0069561 secs] [Times: user=0.11 sys=0.00, real=0.01 secs] 
4263.890: [GC (Allocation Failure) [PSYoungGen: 1562507K->8592K(1563648K)] 1729304K->175483K(2087936K), 0.0071176 secs] [Times: user=0.15 sys=0.00, real=0.01 secs] 
4273.454: [GC (Allocation Failure) [PSYoungGen: 1563024K->8001K(1563648K)] 1729915K->175899K(2087936K), 0.0091083 secs] [Times: user=0.15 sys=0.00, real=0.01 secs] 
4282.990: [GC (Allocation Failure) [PSYoungGen: 1562433K->8065K(1563648K)] 1730331K->175979K(2087936K), 0.0064846 secs] [Times: user=0.12 sys=0.00, real=0.00 secs] 
4292.450: [GC (Allocation Failure) [PSYoungGen: 1562497K->8097K(1563648K)] 1730411K->176019K(2087936K), 0.0099016 secs] [Times: user=0.21 sys=0.00, real=0.01 secs] 
4301.889: [GC (Allocation Failure) [PSYoungGen: 1562529K->8065K(1563648K)] 1730451K->176107K(2087936K), 0.0081980 secs] [Times: user=0.14 sys=0.01, real=0.01 secs] 
4311.404: [GC (Allocation Failure) [PSYoungGen: 1562458K->7521K(1563648K)] 1730501K->175651K(2087936K), 0.0080951 secs] [Times: user=0.08 sys=0.01, real=0.00 secs] 
4320.883: [GC (Allocation Failure) [PSYoungGen: 1561953K->7457K(1563648K)] 1730083K->175683K(2087936K), 0.0081537 secs] [Times: user=0.08 sys=0.00, real=0.01 secs] 
4330.349: [GC (Allocation Failure) [PSYoungGen: 1561889K->8272K(1563648K)] 1730115K->176578K(2087936K), 0.0095576 secs] [Times: user=0.14 sys=0.00, real=0.01 secs] 
4339.915: [GC (Allocation Failure) [PSYoungGen: 1562704K->7905K(1563648K)] 1731010K->177258K(2087936K), 0.0086298 secs] [Times: user=0.13 sys=0.01, real=0.01 secs] 
4349.490: [GC (Allocation Failure) [PSYoungGen: 1562337K->8033K(1563648K)] 1731690K->177554K(2087936K), 0.0079860 secs] [Times: user=0.15 sys=0.00, real=0.00 secs] 
4359.130: [GC (Allocation Failure) [PSYoungGen: 1562465K->8033K(1563648K)] 1731986K->177610K(2087936K), 0.0102859 secs] [Times: user=0.12 sys=0.01, real=0.01 secs] 
4368.779: [GC (Allocation Failure) [PSYoungGen: 1562465K->7969K(1564160K)] 1732042K->177794K(2088448K), 0.0075916 secs] [Times: user=0.15 sys=0.00, real=0.01 secs] 
4378.436: [GC (Allocation Failure) [PSYoungGen: 1562913K->8033K(1563648K)] 1732738K->177946K(2087936K), 0.0080765 secs] [Times: user=0.15 sys=0.00, real=0.01 secs] 
4388.122: [GC (Allocation Failure) [PSYoungGen: 1562977K->8065K(1564160K)] 1732890K->178250K(2088448K), 0.0074726 secs] [Times: user=0.16 sys=0.00, real=0.01 secs] 
4397.763: [GC (Allocation Failure) [PSYoungGen: 1563521K->8033K(1564160K)] 1733706K->178242K(2088448K), 0.0061005 secs] [Times: user=0.10 sys=0.01, real=0.01 secs] 
4407.403: [GC (Allocation Failure) [PSYoungGen: 1563489K->8464K(1564160K)] 1733698K->178817K(2088448K), 0.0107959 secs] [Times: user=0.10 sys=0.01, real=0.01 secs] 
4416.890: [GC (Allocation Failure) [PSYoungGen: 1563920K->8033K(1564160K)] 1734273K->179353K(2088448K), 0.0097696 secs] [Times: user=0.17 sys=0.00, real=0.01 secs] 
4426.498: [GC (Allocation Failure) [PSYoungGen: 1563489K->7969K(1564160K)] 1734809K->179361K(2088448K), 0.0085099 secs] [Times: user=0.15 sys=0.01, real=0.01 secs] 
4436.104: [GC (Allocation Failure) [PSYoungGen: 1563425K->7841K(1564160K)] 1734817K->179433K(2088448K), 0.0089636 secs] [Times: user=0.12 sys=0.00, real=0.01 secs] 
4445.618: [GC (Allocation Failure) [PSYoungGen: 1563297K->7521K(1564160K)] 1734889K->179169K(2088448K), 0.0148654 secs] [Times: user=0.16 sys=0.00, real=0.01 secs] 
4455.160: [GC (Allocation Failure) [PSYoungGen: 1562977K->8033K(1564160K)] 1734625K->179809K(2088448K), 0.0078596 secs] [Times: user=0.14 sys=0.00, real=0.01 secs] 
4464.703: [GC (Allocation Failure) [PSYoungGen: 1563489K->8161K(1564160K)] 1735265K->180033K(2088448K), 0.0065078 secs] [Times: user=0.12 sys=0.00, real=0.01 secs] 
4474.390: [GC (Allocation Failure) [PSYoungGen: 1563617K->8129K(1564160K)] 1735489K->180025K(2088448K), 0.0065929 secs] [Times: user=0.07 sys=0.00, real=0.00 secs] 
4483.975: [GC (Allocation Failure) [PSYoungGen: 1563585K->8528K(1563136K)] 1735481K->180639K(2087424K), 0.0083905 secs] [Times: user=0.16 sys=0.00, real=0.01 secs] 
4493.482: [GC (Allocation Failure) [PSYoungGen: 1562960K->7905K(1563648K)] 1735071K->180879K(2087936K), 0.0087591 secs] [Times: user=0.14 sys=0.00, real=0.01 secs] 
4503.038: [GC (Allocation Failure) [PSYoungGen: 1562337K->7073K(1563136K)] 1735311K->180087K(2087424K), 0.0105375 secs] [Times: user=0.06 sys=0.00, real=0.01 secs] 
4512.576: [GC (Allocation Failure) [PSYoungGen: 1561505K->8065K(1563648K)] 1734519K->181159K(2087936K), 0.0080878 secs] [Times: user=0.16 sys=0.00, real=0.01 secs] 
4522.125: [GC (Allocation Failure) [PSYoungGen: 1562497K->7809K(1564160K)] 1735591K->180967K(2088448K), 0.0083410 secs] [Times: user=0.13 sys=0.00, real=0.00 secs] 
4531.649: [GC (Allocation Failure) [PSYoungGen: 1562753K->8001K(1563648K)] 1735911K->181287K(2087936K), 0.0077971 secs] [Times: user=0.11 sys=0.00, real=0.01 secs] 
4541.193: [GC (Allocation Failure) [PSYoungGen: 1562945K->7873K(1564160K)] 1736231K->181255K(2088448K), 0.0091896 secs] [Times: user=0.15 sys=0.00, real=0.01 secs] 
4550.737: [GC (Allocation Failure) [PSYoungGen: 1563329K->8688K(1564160K)] 1736711K->182134K(2088448K), 0.0182099 secs] [Times: user=0.24 sys=0.00, real=0.02 secs] 
4560.323: [GC (Allocation Failure) [PSYoungGen: 1564144K->7169K(1563136K)] 1737590K->181470K(2087424K), 0.0235384 secs] [Times: user=0.33 sys=0.00, real=0.02 secs] 
4569.838: [GC (Allocation Failure) [PSYoungGen: 1561601K->7329K(1563648K)] 1735902K->181670K(2087936K), 0.0204225 secs] [Times: user=0.34 sys=0.00, real=0.02 secs] 
4579.340: [GC (Allocation Failure) [PSYoungGen: 1561761K->8129K(1563648K)] 1736102K->182574K(2087936K), 0.0068421 secs] [Times: user=0.12 sys=0.00, real=0.01 secs] 
4588.814: [GC (Allocation Failure) [PSYoungGen: 1562509K->8065K(1563648K)] 1736954K->182662K(2087936K), 0.0075919 secs] [Times: user=0.13 sys=0.00, real=0.01 secs] 
4598.315: [GC (Allocation Failure) [PSYoungGen: 1562497K->8129K(1563648K)] 1737094K->182782K(2087936K), 0.0084264 secs] [Times: user=0.16 sys=0.00, real=0.01 secs] 
4607.879: [GC (Allocation Failure) [PSYoungGen: 1562561K->8065K(1563648K)] 1737214K->182942K(2087936K), 0.0072136 secs] [Times: user=0.14 sys=0.00, real=0.00 secs] 
4617.314: [GC (Allocation Failure) [PSYoungGen: 1562497K->8400K(1563648K)] 1737374K->183349K(2087936K), 0.0081586 secs] [Times: user=0.14 sys=0.01, real=0.01 secs] 
4626.859: [GC (Allocation Failure) [PSYoungGen: 1562832K->8001K(1563648K)] 1737781K->183933K(2087936K), 0.0089230 secs] [Times: user=0.07 sys=0.01, real=0.01 secs] 
4636.392: [GC (Allocation Failure) [PSYoungGen: 1562433K->7777K(1563648K)] 1738365K->183765K(2087936K), 0.0097285 secs] [Times: user=0.14 sys=0.00, real=0.01 secs] 
4646.038: [GC (Allocation Failure) [PSYoungGen: 1562209K->8065K(1563648K)] 1738197K->184165K(2087936K), 0.0072770 secs] [Times: user=0.13 sys=0.00, real=0.01 secs] 
4655.585: [GC (Allocation Failure) [PSYoungGen: 1562497K->7969K(1564160K)] 1738597K->184269K(2088448K), 0.0096208 secs] [Times: user=0.17 sys=0.03, real=0.00 secs] 
4665.112: [GC (Allocation Failure) [PSYoungGen: 1563425K->7969K(1564160K)] 1739725K->184325K(2088448K), 0.0088242 secs] [Times: user=0.10 sys=0.00, real=0.01 secs] 
4674.835: [GC (Allocation Failure) [PSYoungGen: 1563425K->7361K(1564160K)] 1739781K->183829K(2088448K), 0.0175994 secs] [Times: user=0.14 sys=0.00, real=0.02 secs] 
4684.231: [GC (Allocation Failure) [PSYoungGen: 1562817K->8496K(1564160K)] 1739285K->185027K(2088448K), 0.0098266 secs] [Times: user=0.10 sys=0.00, real=0.01 secs] 
4693.713: [GC (Allocation Failure) [PSYoungGen: 1563952K->8097K(1563136K)] 1740483K->185635K(2087424K), 0.0074778 secs] [Times: user=0.13 sys=0.00, real=0.00 secs] 
4703.271: [GC (Allocation Failure) [PSYoungGen: 1562529K->7681K(1563648K)] 1740067K->185299K(2087936K), 0.0089449 secs] [Times: user=0.16 sys=0.00, real=0.01 secs] 
4712.815: [GC (Allocation Failure) [PSYoungGen: 1562113K->7937K(1564160K)] 1739731K->185619K(2088448K), 0.0078601 secs] [Times: user=0.15 sys=0.00, real=0.00 secs] 
4722.259: [GC (Allocation Failure) [PSYoungGen: 1563393K->8097K(1564160K)] 1741075K->185859K(2088448K), 0.0079146 secs] [Times: user=0.16 sys=0.00, real=0.01 secs] 
4731.825: [GC (Allocation Failure) [PSYoungGen: 1563553K->7681K(1564160K)] 1741315K->185555K(2088448K), 0.0080236 secs] [Times: user=0.12 sys=0.00, real=0.01 secs] 
4741.241: [GC (Allocation Failure) [PSYoungGen: 1563137K->8129K(1564160K)] 1741011K->186091K(2088448K), 0.0074329 secs] [Times: user=0.13 sys=0.00, real=0.01 secs] 
4750.699: [GC (Allocation Failure) [PSYoungGen: 1563585K->8272K(1564160K)] 1741547K->186362K(2088448K), 0.0094127 secs] [Times: user=0.15 sys=0.00, real=0.01 secs] 
4760.156: [GC (Allocation Failure) [PSYoungGen: 1563728K->7233K(1563136K)] 1741818K->186186K(2087424K), 0.0102005 secs] [Times: user=0.08 sys=0.00, real=0.01 secs] 
4769.630: [GC (Allocation Failure) [PSYoungGen: 1562689K->8097K(1563648K)] 1741642K->187122K(2087936K), 0.0077144 secs] [Times: user=0.15 sys=0.00, real=0.01 secs] 
4779.062: [GC (Allocation Failure) [PSYoungGen: 1562529K->7201K(1563648K)] 1741554K->186314K(2087936K), 0.0436933 secs] [Times: user=0.73 sys=0.00, real=0.05 secs] 
4788.560: [GC (Allocation Failure) [PSYoungGen: 1561633K->7937K(1564160K)] 1740746K->187106K(2088448K), 0.0105868 secs] [Times: user=0.16 sys=0.01, real=0.01 secs] 
4798.073: [GC (Allocation Failure) [PSYoungGen: 1562881K->8033K(1563648K)] 1742050K->187330K(2087936K), 0.0066108 secs] [Times: user=0.14 sys=0.00, real=0.01 secs] 
4807.535: [GC (Allocation Failure) [PSYoungGen: 1562977K->8001K(1564160K)] 1742274K->187354K(2088448K), 0.0083640 secs] [Times: user=0.11 sys=0.00, real=0.01 secs] 
4817.008: [GC (Allocation Failure) [PSYoungGen: 1563457K->8065K(1564160K)] 1742810K->187554K(2088448K), 0.0068022 secs] [Times: user=0.12 sys=0.00, real=0.01 secs] 
4826.425: [GC (Allocation Failure) [PSYoungGen: 1563521K->8560K(1563136K)] 1743010K->188192K(2087424K), 0.0070309 secs] [Times: user=0.13 sys=0.00, real=0.01 secs] 
4835.944: [GC (Allocation Failure) [PSYoungGen: 1562992K->7905K(1563648K)] 1742624K->188504K(2087936K), 0.0080814 secs] [Times: user=0.10 sys=0.01, real=0.00 secs] 
4845.367: [GC (Allocation Failure) [PSYoungGen: 1562337K->8033K(1564160K)] 1742936K->188688K(2088448K), 0.0085089 secs] [Times: user=0.15 sys=0.01, real=0.01 secs] 
4854.958: [GC (GCLocker Initiated GC) [PSYoungGen: 1562977K->7585K(1563648K)] 1743676K->188388K(2087936K), 0.0112134 secs] [Times: user=0.07 sys=0.00, real=0.01 secs] 
4864.367: [GC (Allocation Failure) [PSYoungGen: 1562529K->8097K(1564160K)] 1743334K->189030K(2088448K), 0.0066913 secs] [Times: user=0.11 sys=0.00, real=0.01 secs] 
4873.828: [GC (Allocation Failure) [PSYoungGen: 1563553K->7777K(1564160K)] 1744486K->188838K(2088448K), 0.0088529 secs] [Times: user=0.10 sys=0.01, real=0.01 secs] 
4883.266: [GC (Allocation Failure) [PSYoungGen: 1563233K->7937K(1564160K)] 1744294K->189118K(2088448K), 0.0076754 secs] [Times: user=0.12 sys=0.00, real=0.01 secs] 
4892.650: [GC (Allocation Failure) [PSYoungGen: 1563393K->8624K(1564160K)] 1744574K->189837K(2088448K), 0.0079254 secs] [Times: user=0.15 sys=0.00, real=0.01 secs] 
4902.170: [GC (Allocation Failure) [PSYoungGen: 1564080K->8033K(1564160K)] 1745293K->190253K(2088448K), 0.0068168 secs] [Times: user=0.16 sys=0.00, real=0.01 secs] 
4911.814: [GC (Allocation Failure) [PSYoungGen: 1563489K->7553K(1564160K)] 1745709K->189797K(2088448K), 0.0101903 secs] [Times: user=0.07 sys=0.00, real=0.01 secs] 
4921.277: [GC (Allocation Failure) [PSYoungGen: 1563009K->8129K(1564160K)] 1745253K->190509K(2088448K), 0.0081308 secs] [Times: user=0.14 sys=0.00, real=0.00 secs] 
4930.700: [GC (Allocation Failure) [PSYoungGen: 1563585K->8033K(1564160K)] 1745965K->190517K(2088448K), 0.0076850 secs] [Times: user=0.14 sys=0.00, real=0.01 secs] 
4940.197: [GC (Allocation Failure) [PSYoungGen: 1563489K->8097K(1564160K)] 1745973K->190645K(2088448K), 0.0092483 secs] [Times: user=0.16 sys=0.01, real=0.01 secs] 
4949.633: [GC (Allocation Failure) [PSYoungGen: 1563553K->6945K(1562624K)] 1746101K->189613K(2086912K), 0.0103528 secs] [Times: user=0.06 sys=0.00, real=0.01 secs] 
4959.231: [GC (Allocation Failure) [PSYoungGen: 1562401K->8193K(1563648K)] 1745069K->190917K(2087936K), 0.0085331 secs] [Times: user=0.14 sys=0.00, real=0.01 secs] 
4968.694: [GC (Allocation Failure) [PSYoungGen: 1562625K->8624K(1563648K)] 1745349K->191419K(2087936K), 0.0076479 secs] [Times: user=0.17 sys=0.00, real=0.00 secs] 
4978.226: [GC (Allocation Failure) [PSYoungGen: 1563056K->8001K(1563648K)] 1745851K->191867K(2087936K), 0.0093328 secs] [Times: user=0.19 sys=0.00, real=0.01 secs] 
4987.601: [GC (Allocation Failure) [PSYoungGen: 1562433K->7681K(1563648K)] 1746299K->191571K(2087936K), 0.0102175 secs] [Times: user=0.12 sys=0.00, real=0.01 secs] 
4997.109: [GC (Allocation Failure) [PSYoungGen: 1562113K->8001K(1563648K)] 1746003K->192075K(2087936K), 0.0070331 secs] [Times: user=0.13 sys=0.00, real=0.00 secs] 
5006.516: [GC (Allocation Failure) [PSYoungGen: 1562433K->8065K(1563648K)] 1746507K->192171K(2087936K), 0.0080803 secs] [Times: user=0.14 sys=0.01, real=0.01 secs] 
5016.130: [GC (Allocation Failure) [PSYoungGen: 1562497K->7969K(1564160K)] 1746603K->192203K(2088448K), 0.0075975 secs] [Times: user=0.14 sys=0.00, real=0.00 secs] 
5025.591: [GC (Allocation Failure) [PSYoungGen: 1563425K->7873K(1564160K)] 1747659K->192195K(2088448K), 0.0089067 secs] [Times: user=0.06 sys=0.00, real=0.01 secs] 
5035.063: [GC (Allocation Failure) [PSYoungGen: 1563329K->8688K(1563136K)] 1747651K->193098K(2087424K), 0.0076157 secs] [Times: user=0.10 sys=0.01, real=0.01 secs] 
5044.544: [GC (Allocation Failure) [PSYoungGen: 1563120K->8033K(1563648K)] 1747530K->193466K(2087936K), 0.0073651 secs] [Times: user=0.13 sys=0.00, real=0.01 secs] 
5053.969: [GC (Allocation Failure) [PSYoungGen: 1562465K->7681K(1563648K)] 1747898K->193146K(2087936K), 0.0080014 secs] [Times: user=0.11 sys=0.00, real=0.01 secs] 
5063.361: [GC (Allocation Failure) [PSYoungGen: 1562113K->7777K(1563648K)] 1747578K->193314K(2087936K), 0.0089354 secs] [Times: user=0.08 sys=0.01, real=0.01 secs] 
5072.900: [GC (Allocation Failure) [PSYoungGen: 1562209K->8129K(1564160K)] 1747746K->193738K(2088448K), 0.0076225 secs] [Times: user=0.13 sys=0.00, real=0.00 secs] 
5082.289: [GC (Allocation Failure) [PSYoungGen: 1563585K->7393K(1563136K)] 1749194K->193042K(2087424K), 0.0115358 secs] [Times: user=0.09 sys=0.00, real=0.02 secs] 
5091.669: [GC (Allocation Failure) [PSYoungGen: 1562849K->8033K(1564160K)] 1748498K->193842K(2088448K), 0.0086368 secs] [Times: user=0.15 sys=0.00, real=0.01 secs] 
5101.243: [GC (Allocation Failure) [PSYoungGen: 1562977K->8528K(1563648K)] 1748786K->194360K(2087936K), 0.0079918 secs] [Times: user=0.13 sys=0.00, real=0.01 secs] 
5110.686: [GC (Allocation Failure) [PSYoungGen: 1563472K->7841K(1563648K)] 1749304K->194600K(2087936K), 0.0091586 secs] [Times: user=0.08 sys=0.01, real=0.01 secs] 
5119.952: [GC (Allocation Failure) [PSYoungGen: 1562273K->8065K(1563648K)] 1749032K->194960K(2087936K), 0.0092303 secs] [Times: user=0.15 sys=0.00, real=0.01 secs] 
5129.295: [GC (Allocation Failure) [PSYoungGen: 1562497K->7105K(1563648K)] 1749392K->194008K(2087936K), 0.0125905 secs] [Times: user=0.10 sys=0.00, real=0.02 secs] 
5138.740: [GC (Allocation Failure) [PSYoungGen: 1561537K->8065K(1563648K)] 1748440K->195088K(2087936K), 0.0080904 secs] [Times: user=0.13 sys=0.00, real=0.00 secs] 
5148.329: [GC (Allocation Failure) [PSYoungGen: 1562439K->8129K(1563648K)] 1749462K->195184K(2087936K), 0.0073229 secs] [Times: user=0.14 sys=0.00, real=0.01 secs] 
5157.664: [GC (Allocation Failure) [PSYoungGen: 1562561K->8033K(1563648K)] 1749616K->195144K(2087936K), 0.0084412 secs] [Times: user=0.17 sys=0.00, real=0.01 secs] 
5167.035: [GC (Allocation Failure) [PSYoungGen: 1562465K->8528K(1563648K)] 1749576K->195759K(2087936K), 0.0080486 secs] [Times: user=0.13 sys=0.00, real=0.00 secs] 
5176.766: [GC (Allocation Failure) [PSYoungGen: 1562960K->8065K(1563648K)] 1750191K->196239K(2087936K), 0.0070805 secs] [Times: user=0.12 sys=0.00, real=0.00 secs] 
5186.209: [GC (Allocation Failure) [PSYoungGen: 1562497K->8097K(1563648K)] 1750671K->196367K(2087936K), 0.0084187 secs] [Times: user=0.13 sys=0.00, real=0.01 secs] 
5195.575: [GC (Allocation Failure) [PSYoungGen: 1562529K->7745K(1563648K)] 1750799K->196079K(2087936K), 0.0137792 secs] [Times: user=0.06 sys=0.01, real=0.02 secs] 
5204.963: [GC (Allocation Failure) [PSYoungGen: 1562177K->7745K(1564160K)] 1750511K->196103K(2088448K), 0.0076088 secs] [Times: user=0.15 sys=0.00, real=0.01 secs] 
5214.315: [GC (Allocation Failure) [PSYoungGen: 1562689K->7425K(1563648K)] 1751047K->195863K(2087936K), 0.0090340 secs] [Times: user=0.14 sys=0.01, real=0.01 secs] 
5223.644: [GC (Allocation Failure) [PSYoungGen: 1562369K->7361K(1563648K)] 1750807K->195855K(2087936K), 0.0092342 secs] [Times: user=0.09 sys=0.00, real=0.01 secs] 
5232.996: [GC (Allocation Failure) [PSYoungGen: 1561793K->7937K(1563648K)] 1750287K->196543K(2087936K), 0.0081672 secs] [Times: user=0.13 sys=0.00, real=0.01 secs] 
5242.328: [GC (Allocation Failure) [PSYoungGen: 1562369K->8560K(1563136K)] 1750975K->197174K(2087424K), 0.0078871 secs] [Times: user=0.15 sys=0.00, real=0.01 secs] 
5251.697: [GC (Allocation Failure) [PSYoungGen: 1562992K->7905K(1563648K)] 1751606K->197558K(2087936K), 0.0084639 secs] [Times: user=0.10 sys=0.00, real=0.00 secs] 
5261.191: [GC (Allocation Failure) [PSYoungGen: 1562337K->8033K(1563648K)] 1751990K->197734K(2087936K), 0.0081579 secs] [Times: user=0.12 sys=0.01, real=0.01 secs] 
5270.494: [GC (Allocation Failure) [PSYoungGen: 1562465K->7969K(1563648K)] 1752166K->197766K(2087936K), 0.0087689 secs] [Times: user=0.18 sys=0.00, real=0.01 secs] 
5279.858: [GC (Allocation Failure) [PSYoungGen: 1562401K->7969K(1564160K)] 1752198K->197798K(2088448K), 0.0091521 secs] [Times: user=0.11 sys=0.00, real=0.01 secs] 
5289.405: [GC (Allocation Failure) [PSYoungGen: 1563425K->8129K(1564160K)] 1753254K->198014K(2088448K), 0.0072366 secs] [Times: user=0.13 sys=0.00, real=0.01 secs] 
5298.864: [GC (Allocation Failure) [PSYoungGen: 1563585K->7681K(1564160K)] 1753470K->197654K(2088448K), 0.0094787 secs] [Times: user=0.06 sys=0.00, real=0.01 secs] 
5308.390: [GC (Allocation Failure) [PSYoungGen: 1563137K->8592K(1564160K)] 1753110K->198644K(2088448K), 0.0097430 secs] [Times: user=0.19 sys=0.01, real=0.01 secs] 
5317.682: [GC (Allocation Failure) [PSYoungGen: 1564048K->7041K(1563136K)] 1754100K->197916K(2087424K), 0.0178278 secs] [Times: user=0.16 sys=0.00, real=0.02 secs] 
5327.142: [GC (Allocation Failure) [PSYoungGen: 1561473K->8129K(1563648K)] 1752348K->199140K(2087936K), 0.0070070 secs] [Times: user=0.13 sys=0.00, real=0.01 secs] 
5336.735: [GC (Allocation Failure) [PSYoungGen: 1562561K->7649K(1563648K)] 1753572K->198772K(2087936K), 0.0099408 secs] [Times: user=0.13 sys=0.00, real=0.01 secs] 
5346.038: [GC (Allocation Failure) [PSYoungGen: 1562081K->8097K(1563648K)] 1753204K->199332K(2087936K), 0.0078564 secs] [Times: user=0.11 sys=0.00, real=0.01 secs] 
5355.331: [GC (Allocation Failure) [PSYoungGen: 1562529K->7873K(1564160K)] 1753764K->199188K(2088448K), 0.0106765 secs] [Times: user=0.13 sys=0.00, real=0.01 secs] 
5364.641: [GC (Allocation Failure) [PSYoungGen: 1562817K->7937K(1563648K)] 1754132K->199316K(2087936K), 0.0087951 secs] [Times: user=0.16 sys=0.00, real=0.01 secs] 
5373.928: [GC (Allocation Failure) [PSYoungGen: 1562881K->8240K(1564160K)] 1754260K->199659K(2088448K), 0.0068901 secs] [Times: user=0.12 sys=0.00, real=0.01 secs] 
5383.503: [GC (Allocation Failure) [PSYoungGen: 1563696K->7617K(1564160K)] 1755115K->200027K(2088448K), 0.0095786 secs] [Times: user=0.11 sys=0.00, real=0.01 secs] 
5392.989: [GC (Allocation Failure) [PSYoungGen: 1563073K->8097K(1564160K)] 1755483K->200563K(2088448K), 0.0072437 secs] [Times: user=0.12 sys=0.00, real=0.00 secs] 
5402.447: [GC (Allocation Failure) [PSYoungGen: 1563553K->7809K(1564160K)] 1756019K->200355K(2088448K), 0.0105716 secs] [Times: user=0.06 sys=0.00, real=0.01 secs] 
5411.847: [GC (Allocation Failure) [PSYoungGen: 1563265K->8065K(1564160K)] 1755811K->200635K(2088448K), 0.0077584 secs] [Times: user=0.12 sys=0.00, real=0.01 secs] 
5421.491: [GC (Allocation Failure) [PSYoungGen: 1563521K->7713K(1564160K)] 1756091K->200323K(2088448K), 0.0114377 secs] [Times: user=0.11 sys=0.01, real=0.02 secs] 
5430.788: [GC (Allocation Failure) [PSYoungGen: 1563169K->8097K(1564160K)] 1755779K->200811K(2088448K), 0.0086532 secs] [Times: user=0.15 sys=0.00, real=0.01 secs] 
5440.118: [GC (Allocation Failure) [PSYoungGen: 1563553K->8129K(1564160K)] 1756267K->200939K(2088448K), 0.0074538 secs] [Times: user=0.14 sys=0.00, real=0.01 secs] 
5449.642: [GC (Allocation Failure) [PSYoungGen: 1563585K->8528K(1563136K)] 1756395K->201394K(2087424K), 0.0064575 secs] [Times: user=0.07 sys=0.00, real=0.01 secs] 
5459.061: [GC (Allocation Failure) [PSYoungGen: 1562960K->7745K(1563648K)] 1755826K->201626K(2087936K), 0.0083291 secs] [Times: user=0.14 sys=0.01, real=0.01 secs] 
5468.718: [GC (Allocation Failure) [PSYoungGen: 1562177K->7425K(1563136K)] 1756058K->201330K(2087424K), 0.0140077 secs] [Times: user=0.06 sys=0.00, real=0.02 secs] 
5478.126: [GC (Allocation Failure) [PSYoungGen: 1561857K->8065K(1563648K)] 1755762K->202074K(2087936K), 0.0070604 secs] [Times: user=0.14 sys=0.00, real=0.01 secs] 
5487.614: [GC (Allocation Failure) [PSYoungGen: 1562497K->7905K(1564160K)] 1756506K->202058K(2088448K), 0.0098481 secs] [Times: user=0.15 sys=0.01, real=0.01 secs] 
5497.046: [GC (Allocation Failure) [PSYoungGen: 1563361K->8033K(1564160K)] 1757514K->202282K(2088448K), 0.0083658 secs] [Times: user=0.15 sys=0.00, real=0.01 secs] 
5506.614: [GC (Allocation Failure) [PSYoungGen: 1563489K->7649K(1564160K)] 1757738K->201946K(2088448K), 0.0082924 secs] [Times: user=0.11 sys=0.00, real=0.01 secs] 
5516.057: [GC (Allocation Failure) [PSYoungGen: 1563105K->7905K(1564160K)] 1757402K->202498K(2088448K), 0.0082498 secs] [Times: user=0.13 sys=0.00, real=0.00 secs] 
5525.597: [GC (Allocation Failure) [PSYoungGen: 1563361K->8176K(1564160K)] 1757954K->202856K(2088448K), 0.0078407 secs] [Times: user=0.13 sys=0.01, real=0.00 secs] 
5534.876: [GC (Allocation Failure) [PSYoungGen: 1563632K->8033K(1564160K)] 1758312K->203768K(2088448K), 0.0073254 secs] [Times: user=0.15 sys=0.00, real=0.01 secs] 
5544.517: [GC (Allocation Failure) [PSYoungGen: 1563489K->7873K(1564160K)] 1759224K->203720K(2088448K), 0.0081315 secs] [Times: user=0.14 sys=0.01, real=0.01 secs] 
5554.019: [GC (Allocation Failure) [PSYoungGen: 1563298K->7617K(1564160K)] 1759145K->203608K(2088448K), 0.0122117 secs] [Times: user=0.11 sys=0.00, real=0.01 secs] 
5563.445: [GC (Allocation Failure) [PSYoungGen: 1563073K->7905K(1564160K)] 1759064K->204088K(2088448K), 0.0077930 secs] [Times: user=0.13 sys=0.00, real=0.00 secs] 
5572.928: [GC (Allocation Failure) [PSYoungGen: 1563361K->7905K(1564160K)] 1759544K->204136K(2088448K), 0.0075687 secs] [Times: user=0.08 sys=0.00, real=0.01 secs] 
5582.466: [GC (Allocation Failure) [PSYoungGen: 1563361K->8129K(1564160K)] 1759592K->204496K(2088448K), 0.0086401 secs] [Times: user=0.12 sys=0.01, real=0.01 secs] 
5591.964: [GC (Allocation Failure) [PSYoungGen: 1563585K->8496K(1564160K)] 1759952K->204951K(2088448K), 0.0080275 secs] [Times: user=0.16 sys=0.00, real=0.01 secs] 
5601.590: [GC (Allocation Failure) [PSYoungGen: 1563952K->7329K(1564160K)] 1760407K->204623K(2088448K), 0.0109227 secs] [Times: user=0.13 sys=0.00, real=0.01 secs] 
5611.060: [GC (Allocation Failure) [PSYoungGen: 1562785K->8033K(1564160K)] 1760079K->205527K(2088448K), 0.0076552 secs] [Times: user=0.12 sys=0.00, real=0.01 secs] 
5620.669: [GC (Allocation Failure) [PSYoungGen: 1563489K->7969K(1564160K)] 1760983K->205503K(2088448K), 0.0079833 secs] [Times: user=0.12 sys=0.00, real=0.01 secs] 
5630.330: [GC (Allocation Failure) [PSYoungGen: 1563425K->7361K(1564160K)] 1760959K->204935K(2088448K), 0.0207705 secs] [Times: user=0.31 sys=0.01, real=0.02 secs] 
5639.981: [GC (Allocation Failure) [PSYoungGen: 1562817K->7873K(1564160K)] 1760391K->205575K(2088448K), 0.0072764 secs] [Times: user=0.11 sys=0.00, real=0.01 secs] 
5649.478: [GC (Allocation Failure) [PSYoungGen: 1563329K->7649K(1564160K)] 1761031K->205359K(2088448K), 0.0133303 secs] [Times: user=0.13 sys=0.00, real=0.01 secs] 
5659.056: [GC (Allocation Failure) [PSYoungGen: 1563105K->7169K(1564160K)] 1760815K->204967K(2088448K), 0.0144500 secs] [Times: user=0.05 sys=0.01, real=0.02 secs] 
5668.331: [GC (Allocation Failure) [PSYoungGen: 1562625K->8065K(1564160K)] 1760423K->206079K(2088448K), 0.0087122 secs] [Times: user=0.13 sys=0.00, real=0.01 secs] 
5677.869: [GC (Allocation Failure) [PSYoungGen: 1563521K->8528K(1563136K)] 1761535K->206621K(2087424K), 0.0080993 secs] [Times: user=0.10 sys=0.00, real=0.01 secs] 
5687.299: [GC (Allocation Failure) [PSYoungGen: 1562960K->8001K(1563648K)] 1761053K->207149K(2087936K), 0.0085364 secs] [Times: user=0.13 sys=0.01, real=0.01 secs] 
5696.716: [GC (Allocation Failure) [PSYoungGen: 1562433K->8161K(1563648K)] 1761581K->207405K(2087936K), 0.0075632 secs] [Times: user=0.11 sys=0.00, real=0.01 secs] 
5706.095: [GC (Allocation Failure) [PSYoungGen: 1562593K->7521K(1563648K)] 1761837K->206829K(2087936K), 0.0127733 secs] [Times: user=0.14 sys=0.00, real=0.02 secs] 
5715.625: [GC (Allocation Failure) [PSYoungGen: 1561953K->7169K(1563648K)] 1761261K->206565K(2087936K), 0.0251863 secs] [Times: user=0.27 sys=0.00, real=0.03 secs] 
5725.128: [GC (Allocation Failure) [PSYoungGen: 1561601K->7393K(1563648K)] 1760997K->206829K(2087936K), 0.0112759 secs] [Times: user=0.08 sys=0.00, real=0.02 secs] 
5734.266: [GC (Allocation Failure) [PSYoungGen: 1561825K->8033K(1563648K)] 1761261K->207653K(2087936K), 0.0083390 secs] [Times: user=0.12 sys=0.00, real=0.01 secs] 
5743.634: [GC (Allocation Failure) [PSYoungGen: 1562465K->8496K(1563648K)] 1762085K->208172K(2087936K), 0.0072785 secs] [Times: user=0.12 sys=0.00, real=0.00 secs] 
5753.098: [GC (Allocation Failure) [PSYoungGen: 1562928K->7777K(1563648K)] 1762604K->208516K(2087936K), 0.0091773 secs] [Times: user=0.12 sys=0.00, real=0.01 secs] 
5762.674: [GC (Allocation Failure) [PSYoungGen: 1562209K->7681K(1563648K)] 1762948K->208428K(2087936K), 0.0114827 secs] [Times: user=0.13 sys=0.01, real=0.01 secs] 
5772.258: [GC (Allocation Failure) [PSYoungGen: 1562113K->7489K(1563648K)] 1762860K->208316K(2087936K), 0.0135887 secs] [Times: user=0.08 sys=0.00, real=0.01 secs] 
5781.682: [GC (Allocation Failure) [PSYoungGen: 1561921K->8033K(1563648K)] 1762748K->208916K(2087936K), 0.0076413 secs] [Times: user=0.14 sys=0.01, real=0.01 secs] 
5791.171: [GC (Allocation Failure) [PSYoungGen: 1562465K->7073K(1563648K)] 1763348K->208036K(2087936K), 0.0380023 secs] [Times: user=0.39 sys=0.01, real=0.04 secs] 
5800.644: [GC (Allocation Failure) [PSYoungGen: 1561505K->8161K(1563648K)] 1762468K->209156K(2087936K), 0.0081040 secs] [Times: user=0.14 sys=0.00, real=0.01 secs] 
5810.206: [GC (Allocation Failure) [PSYoungGen: 1562593K->8097K(1563648K)] 1763588K->209220K(2087936K), 0.0081080 secs] [Times: user=0.10 sys=0.01, real=0.01 secs] 
5819.925: [GC (Allocation Failure) [PSYoungGen: 1562529K->7824K(1563648K)] 1763652K->209019K(2087936K), 0.0249642 secs] [Times: user=0.15 sys=0.01, real=0.02 secs] 
5829.980: [GC (Allocation Failure) [PSYoungGen: 1562256K->7041K(1563648K)] 1763451K->209051K(2087936K), 0.0442634 secs] [Times: user=0.28 sys=0.00, real=0.05 secs] 
5839.486: [GC (Allocation Failure) [PSYoungGen: 1561473K->8065K(1563648K)] 1763483K->210155K(2087936K), 0.0079553 secs] [Times: user=0.13 sys=0.00, real=0.00 secs] 
5849.158: [GC (Allocation Failure) [PSYoungGen: 1562497K->7361K(1563648K)] 1764587K->209555K(2087936K), 0.0379099 secs] [Times: user=0.77 sys=0.00, real=0.03 secs] 
5858.684: [GC (Allocation Failure) [PSYoungGen: 1561793K->7553K(1563648K)] 1763987K->209795K(2087936K), 0.0111675 secs] [Times: user=0.05 sys=0.01, real=0.01 secs] 
5867.978: [GC (Allocation Failure) [PSYoungGen: 1561985K->7873K(1564160K)] 1764227K->210163K(2088448K), 0.0076451 secs] [Times: user=0.12 sys=0.01, real=0.01 secs] 
5877.683: [GC (Allocation Failure) [PSYoungGen: 1563329K->7233K(1564160K)] 1765619K->209619K(2088448K), 0.0159031 secs] [Times: user=0.16 sys=0.00, real=0.01 secs] 
5887.469: [GC (Allocation Failure) [PSYoungGen: 1562689K->8272K(1563136K)] 1765075K->210721K(2087424K), 0.0137387 secs] [Times: user=0.17 sys=0.00, real=0.02 secs] 
5897.056: [GC (Allocation Failure) [PSYoungGen: 1562704K->7457K(1563648K)] 1765153K->210801K(2087936K), 0.0226414 secs] [Times: user=0.19 sys=0.00, real=0.02 secs] 
5906.696: [GC (Allocation Failure) [PSYoungGen: 1561889K->7041K(1563136K)] 1765233K->210441K(2087424K), 0.0295754 secs] [Times: user=0.20 sys=0.00, real=0.03 secs] 
5916.035: [GC (Allocation Failure) [PSYoungGen: 1561473K->8033K(1563648K)] 1764873K->211545K(2087936K), 0.0082922 secs] [Times: user=0.14 sys=0.00, real=0.01 secs] 
5925.848: [GC (Allocation Failure) [PSYoungGen: 1562465K->6977K(1563648K)] 1765977K->210513K(2087936K), 0.0211540 secs] [Times: user=0.09 sys=0.01, real=0.03 secs] 
5935.241: [GC (Allocation Failure) [PSYoungGen: 1561409K->7585K(1563648K)] 1764945K->211201K(2087936K), 0.0101342 secs] [Times: user=0.06 sys=0.00, real=0.01 secs] 
5944.824: [GC (Allocation Failure) [PSYoungGen: 1562017K->7169K(1564160K)] 1765633K->210881K(2088448K), 0.0374221 secs] [Times: user=0.36 sys=0.01, real=0.03 secs] 
5954.293: [GC (Allocation Failure) [PSYoungGen: 1562625K->8688K(1564160K)] 1766337K->213176K(2088448K), 0.0128324 secs] [Times: user=0.21 sys=0.01, real=0.01 secs] 
5964.650: [GC (Allocation Failure) [PSYoungGen: 1564144K->7393K(1563136K)] 1768632K->213272K(2087424K), 0.0204071 secs] [Times: user=0.22 sys=0.00, real=0.02 secs] 
5974.221: [GC (Allocation Failure) [PSYoungGen: 1561825K->8129K(1563648K)] 1767704K->214080K(2087936K), 0.0068053 secs] [Times: user=0.14 sys=0.00, real=0.01 secs] 
5983.625: [GC (Allocation Failure) [PSYoungGen: 1562561K->7521K(1563648K)] 1768512K->213504K(2087936K), 0.0145109 secs] [Times: user=0.07 sys=0.00, real=0.02 secs] 
5993.092: [GC (Allocation Failure) [PSYoungGen: 1561953K->7649K(1563648K)] 1767936K->213728K(2087936K), 0.0097248 secs] [Times: user=0.13 sys=0.01, real=0.01 secs] 
6002.466: [GC (Allocation Failure) [PSYoungGen: 1562081K->7233K(1563648K)] 1768160K->213328K(2087936K), 0.0194442 secs] [Times: user=0.19 sys=0.00, real=0.02 secs] 
6012.513: [GC (Allocation Failure) [PSYoungGen: 1561665K->7841K(1563648K)] 1767760K->214056K(2087936K), 0.0086199 secs] [Times: user=0.14 sys=0.00, real=0.01 secs] 
6021.975: [GC (Allocation Failure) [PSYoungGen: 1562273K->7329K(1563648K)] 1768488K->213592K(2087936K), 0.0108812 secs] [Times: user=0.07 sys=0.00, real=0.01 secs] 
6031.982: [GC (Allocation Failure) [PSYoungGen: 1561761K->7041K(1563648K)] 1768024K->213384K(2087936K), 0.0384386 secs] [Times: user=0.32 sys=0.00, real=0.04 secs] 
6041.925: [GC (Allocation Failure) [PSYoungGen: 1561473K->7696K(1564160K)] 1767816K->214135K(2088448K), 0.0200940 secs] [Times: user=0.07 sys=0.00, real=0.02 secs] 
6051.548: [GC (Allocation Failure) [PSYoungGen: 1562640K->7201K(1563648K)] 1769079K->214463K(2087936K), 0.0219459 secs] [Times: user=0.23 sys=0.00, real=0.02 secs] 
6061.276: [GC (Allocation Failure) [PSYoungGen: 1562108K->8001K(1563136K)] 1769370K->215303K(2087424K), 0.0077250 secs] [Times: user=0.15 sys=0.00, real=0.01 secs] 
6071.309: [GC (Allocation Failure) [PSYoungGen: 1562433K->7585K(1563648K)] 1769735K->214967K(2087936K), 0.0096073 secs] [Times: user=0.06 sys=0.00, real=0.01 secs] 
6081.157: [GC (Allocation Failure) [PSYoungGen: 1562017K->7009K(1564160K)] 1769399K->214407K(2088448K), 0.0141206 secs] [Times: user=0.05 sys=0.00, real=0.01 secs] 
6091.556: [GC (Allocation Failure) [PSYoungGen: 1562465K->7585K(1564160K)] 1769863K->215063K(2088448K), 0.0157169 secs] [Times: user=0.08 sys=0.00, real=0.01 secs] 
6101.163: [GC (Allocation Failure) [PSYoungGen: 1563041K->8129K(1564160K)] 1770519K->215719K(2088448K), 0.0086192 secs] [Times: user=0.13 sys=0.00, real=0.01 secs] 
6110.815: [GC (Allocation Failure) [PSYoungGen: 1563585K->8336K(1564160K)] 1771175K->215989K(2088448K), 0.0204718 secs] [Times: user=0.20 sys=0.00, real=0.02 secs] 
6120.656: [GC (Allocation Failure) [PSYoungGen: 1563792K->6881K(1563136K)] 1771445K->215405K(2087424K), 0.0189304 secs] [Times: user=0.10 sys=0.00, real=0.02 secs] 
6130.036: [GC (Allocation Failure) [PSYoungGen: 1561313K->8097K(1563648K)] 1769837K->216661K(2087936K), 0.0120545 secs] [Times: user=0.17 sys=0.00, real=0.01 secs] 
6140.858: [GC (Allocation Failure) [PSYoungGen: 1562529K->7617K(1563648K)] 1771093K->216189K(2087936K), 0.0370268 secs] [Times: user=0.32 sys=0.00, real=0.04 secs] 
6151.395: [GC (Allocation Failure) [PSYoungGen: 1562049K->7105K(1563648K)] 1770621K->215781K(2087936K), 0.0240470 secs] [Times: user=0.11 sys=0.01, real=0.02 secs] 
6161.423: [GC (Allocation Failure) [PSYoungGen: 1561537K->7137K(1563648K)] 1770213K->215829K(2087936K), 0.0355462 secs] [Times: user=0.14 sys=0.01, real=0.04 secs] 
6171.220: [GC (Allocation Failure) [PSYoungGen: 1561569K->7169K(1563648K)] 1770261K->215957K(2087936K), 0.0116731 secs] [Times: user=0.06 sys=0.00, real=0.01 secs] 
6182.777: [GC (Allocation Failure) [PSYoungGen: 1561601K->8432K(1563136K)] 1770389K->217228K(2087424K), 0.0163435 secs] [Times: user=0.10 sys=0.00, real=0.02 secs] 
6194.242: [GC (Allocation Failure) [PSYoungGen: 1562864K->7713K(1563648K)] 1771660K->217468K(2087936K), 0.0188748 secs] [Times: user=0.15 sys=0.00, real=0.02 secs] 
6205.856: [GC (Allocation Failure) [PSYoungGen: 1562145K->7361K(1563648K)] 1771900K->217140K(2087936K), 0.0312815 secs] [Times: user=0.41 sys=0.00, real=0.03 secs] 
6218.422: [GC (Allocation Failure) [PSYoungGen: 1561793K->7361K(1563648K)] 1771572K->217220K(2087936K), 0.0208039 secs] [Times: user=0.24 sys=0.00, real=0.02 secs] 
6230.233: [GC (Allocation Failure) [PSYoungGen: 1561793K->7137K(1564160K)] 1771652K->217044K(2088448K), 0.0158386 secs] [Times: user=0.18 sys=0.00, real=0.02 secs] 
6240.415: [GC (Allocation Failure) [PSYoungGen: 1562593K->6945K(1564160K)] 1772500K->216924K(2088448K), 0.0144893 secs] [Times: user=0.06 sys=0.00, real=0.02 secs] 
6252.855: [GC (Allocation Failure) [PSYoungGen: 1562401K->7105K(1564160K)] 1772380K->217180K(2088448K), 0.0424546 secs] [Times: user=0.19 sys=0.00, real=0.04 secs] 
6267.362: [GC (Allocation Failure) [PSYoungGen: 1562561K->7792K(1564160K)] 1772636K->217883K(2088448K), 0.0248071 secs] [Times: user=0.07 sys=0.01, real=0.02 secs] 
6282.692: [GC (Allocation Failure) [PSYoungGen: 1563248K->6945K(1564160K)] 1773339K->217867K(2088448K), 0.0266972 secs] [Times: user=0.13 sys=0.00, real=0.03 secs] 
6294.738: [GC (Allocation Failure) [PSYoungGen: 1562401K->7073K(1564160K)] 1773323K->218019K(2088448K), 0.0239400 secs] [Times: user=0.12 sys=0.00, real=0.02 secs] 
6309.316: [GC (Allocation Failure) [PSYoungGen: 1562529K->7297K(1564160K)] 1773475K->218259K(2088448K), 0.0449226 secs] [Times: user=0.19 sys=0.00, real=0.05 secs] 
6322.961: [GC (Allocation Failure) [PSYoungGen: 1562753K->7137K(1564160K)] 1773715K->218179K(2088448K), 0.0280775 secs] [Times: user=0.13 sys=0.00, real=0.02 secs] 
6336.209: [GC (Allocation Failure) [PSYoungGen: 1562593K->7888K(1564160K)] 1773635K->218985K(2088448K), 0.0388393 secs] [Times: user=0.23 sys=0.00, real=0.04 secs] 
6353.235: [GC (Allocation Failure) [PSYoungGen: 1563344K->7169K(1564160K)] 1774441K->219097K(2088448K), 0.0508321 secs] [Times: user=0.24 sys=0.00, real=0.05 secs] 
6373.360: [GC (Allocation Failure) [PSYoungGen: 1562625K->6977K(1564160K)] 1774553K->218929K(2088448K), 0.0260533 secs] [Times: user=0.05 sys=0.00, real=0.02 secs] 
6392.465: [GC (Allocation Failure) [PSYoungGen: 1562433K->7329K(1564160K)] 1774385K->219297K(2088448K), 0.0567836 secs] [Times: user=0.32 sys=0.00, real=0.06 secs] 
6408.020: [GC (Allocation Failure) [PSYoungGen: 1562785K->7329K(1564672K)] 1774753K->219313K(2088960K), 0.0303993 secs] [Times: user=0.13 sys=0.01, real=0.03 secs] 
6427.926: [GC (Allocation Failure) [PSYoungGen: 1563297K->8176K(1564160K)] 1775281K->220216K(2088448K), 0.0716578 secs] [Times: user=0.37 sys=0.00, real=0.07 secs] 
6453.089: [GC (Allocation Failure) [PSYoungGen: 1564144K->7457K(1564160K)] 1776184K->220312K(2088448K), 0.0439641 secs] [Times: user=0.21 sys=0.01, real=0.04 secs] 
6481.190: [GC (Allocation Failure) [PSYoungGen: 1562913K->7265K(1564160K)] 1775768K->220152K(2088448K), 0.0363577 secs] [Times: user=0.17 sys=0.00, real=0.04 secs] 
6502.989: [GC (Allocation Failure) [PSYoungGen: 1562721K->8208K(1564160K)] 1775608K->221110K(2088448K), 0.0292564 secs] [Times: user=0.18 sys=0.01, real=0.03 secs] 
6525.280: [GC (Allocation Failure) [PSYoungGen: 1563664K->7265K(1564160K)] 1776566K->221030K(2088448K), 0.0237836 secs] [Times: user=0.14 sys=0.01, real=0.02 secs] 
6561.221: [GC (Allocation Failure) [PSYoungGen: 1562721K->8368K(1564160K)] 1776486K->222149K(2088448K), 0.0344201 secs] [Times: user=0.42 sys=0.01, real=0.04 secs] 
6600.083: [GC (Allocation Failure) [PSYoungGen: 1563824K->8528K(1564160K)] 1777605K->223003K(2088448K), 0.0371489 secs] [Times: user=0.23 sys=0.00, real=0.03 secs] 
6647.367: [GC (Allocation Failure) [PSYoungGen: 1563984K->7297K(1563136K)] 1778459K->222485K(2087424K), 0.0208732 secs] [Times: user=0.11 sys=0.00, real=0.02 secs] 
6694.084: [GC (Allocation Failure) [PSYoungGen: 1561729K->8624K(1563648K)] 1776917K->223875K(2087936K), 0.0243180 secs] [Times: user=0.11 sys=0.00, real=0.03 secs] 
6742.707: [GC (Allocation Failure) [PSYoungGen: 1563056K->7940K(1563648K)] 1778307K->223936K(2087936K), 0.0294613 secs] [Times: user=0.17 sys=0.00, real=0.03 secs] 
6798.282: [GC (Allocation Failure) [PSYoungGen: 1562372K->8176K(1563648K)] 1778368K->224195K(2087936K), 0.0280485 secs] [Times: user=0.15 sys=0.00, real=0.02 secs] 
6855.437: [GC (Allocation Failure) [PSYoungGen: 1562556K->7841K(1563648K)] 1778576K->224597K(2087936K), 0.0390241 secs] [Times: user=0.24 sys=0.00, real=0.04 secs] 
6913.880: [GC (Allocation Failure) [PSYoungGen: 1562273K->8528K(1563648K)] 1779029K->225315K(2087936K), 0.0227127 secs] [Times: user=0.10 sys=0.00, real=0.02 secs] 
6972.433: [GC (Allocation Failure) [PSYoungGen: 1562960K->8656K(1562624K)] 1779747K->226075K(2086912K), 0.0579255 secs] [Times: user=0.23 sys=0.01, real=0.06 secs] 
7029.501: [GC (Allocation Failure) [PSYoungGen: 1562064K->8926K(1563136K)] 1779483K->226970K(2087424K), 0.0203359 secs] [Times: user=0.06 sys=0.01, real=0.02 secs] 
7056.525: [GC (System.gc()) [PSYoungGen: 748223K->7216K(1563136K)] 966267K->226034K(2087424K), 0.0350168 secs] [Times: user=0.16 sys=0.00, real=0.04 secs] 
7056.561: [Full GC (System.gc()) [PSYoungGen: 7216K->0K(1563136K)] [ParOldGen: 218818K->130491K(524288K)] 226034K->130491K(2087424K), [Metaspace: 20961K->20664K(1069056K)], 1.3095857 secs] [Times: user=10.07 sys=0.05, real=1.30 secs] 
7092.633: [GC (Allocation Failure) [PSYoungGen: 1553408K->9712K(1563136K)] 1683899K->141275K(2087424K), 0.0086469 secs] [Times: user=0.12 sys=0.01, real=0.01 secs] 
7102.595: [GC (Allocation Failure) [PSYoungGen: 1563120K->8177K(1562112K)] 1694683K->143025K(2086400K), 0.0080637 secs] [Times: user=0.17 sys=0.00, real=0.01 secs] 
7112.435: [GC (Allocation Failure) [PSYoungGen: 1560561K->8720K(1562624K)] 1695409K->144128K(2086912K), 0.0082957 secs] [Times: user=0.20 sys=0.00, real=0.01 secs] 
7122.194: [GC (Allocation Failure) [PSYoungGen: 1561104K->8752K(1562624K)] 1696512K->144888K(2086912K), 0.0084260 secs] [Times: user=0.17 sys=0.00, real=0.01 secs] 
7131.893: [GC (Allocation Failure) [PSYoungGen: 1561136K->7841K(1562624K)] 1697272K->144992K(2086912K), 0.0071309 secs] [Times: user=0.15 sys=0.00, real=0.00 secs] 
7141.493: [GC (Allocation Failure) [PSYoungGen: 1560225K->8592K(1562624K)] 1697376K->145870K(2086912K), 0.0083397 secs] [Times: user=0.13 sys=0.00, real=0.00 secs] 
7151.065: [GC (Allocation Failure) [PSYoungGen: 1560976K->8752K(1562624K)] 1698254K->146742K(2086912K), 0.0080988 secs] [Times: user=0.13 sys=0.00, real=0.00 secs] 
7160.671: [GC (Allocation Failure) [PSYoungGen: 1561136K->8065K(1562624K)] 1699126K->147086K(2086912K), 0.0074722 secs] [Times: user=0.17 sys=0.00, real=0.01 secs] 
7170.224: [GC (Allocation Failure) [PSYoungGen: 1560449K->8592K(1562624K)] 1699470K->147725K(2086912K), 0.0102256 secs] [Times: user=0.15 sys=0.00, real=0.01 secs] 
7179.878: [GC (Allocation Failure) [PSYoungGen: 1560976K->8033K(1563136K)] 1700109K->148125K(2087424K), 0.0109971 secs] [Times: user=0.16 sys=0.00, real=0.01 secs] 
7190.018: [GC (Allocation Failure) [PSYoungGen: 1560929K->8464K(1562624K)] 1701021K->148651K(2086912K), 0.0092347 secs] [Times: user=0.11 sys=0.01, real=0.01 secs] 
7199.197: [GC (Allocation Failure) [PSYoungGen: 1561360K->8592K(1563136K)] 1701547K->149443K(2087424K), 0.0092819 secs] [Times: user=0.09 sys=0.00, real=0.01 secs] 
7209.104: [GC (Allocation Failure) [PSYoungGen: 1562000K->7809K(1563136K)] 1702851K->149571K(2087424K), 0.0063515 secs] [Times: user=0.07 sys=0.00, real=0.00 secs] 
7220.962: [GC (Allocation Failure) [PSYoungGen: 1561187K->8656K(1563136K)] 1702949K->150434K(2087424K), 0.0289950 secs] [Times: user=0.08 sys=0.00, real=0.03 secs] 
7236.619: [GC (System.gc()) [PSYoungGen: 363651K->7600K(1563136K)] 505429K->150296K(2087424K), 0.0083964 secs] [Times: user=0.17 sys=0.00, real=0.01 secs] 
7236.628: [Full GC (System.gc()) [PSYoungGen: 7600K->0K(1563136K)] [ParOldGen: 142696K->94620K(524288K)] 150296K->94620K(2087424K), [Metaspace: 20838K->20838K(1069056K)], 0.5185264 secs] [Times: user=16.09 sys=0.00, real=0.51 secs] 
7243.393: [GC (System.gc()) [PSYoungGen: 2778K->480K(1560064K)] 97399K->95108K(2084352K), 0.0079509 secs] [Times: user=0.10 sys=0.00, real=0.01 secs] 
7243.402: [Full GC (System.gc()) [PSYoungGen: 480K->0K(1560064K)] [ParOldGen: 94628K->89763K(524288K)] 95108K->89763K(2084352K), [Metaspace: 20843K->20843K(1069056K)], 0.3437403 secs] [Times: user=11.03 sys=0.00, real=0.34 secs] 
7263.690: [GC (Allocation Failure) [PSYoungGen: 1550278K->10433K(1561088K)] 1640041K->100196K(2085376K), 0.0042361 secs] [Times: user=0.05 sys=0.00, real=0.01 secs] 
7277.679: [GC (Allocation Failure) [PSYoungGen: 1560769K->8337K(1561088K)] 1650532K->101034K(2085376K), 0.0057454 secs] [Times: user=0.10 sys=0.00, real=0.01 secs] 
7287.289: [GC (System.gc()) [PSYoungGen: 736008K->7936K(1561088K)] 828705K->101089K(2085376K), 0.0114301 secs] [Times: user=0.26 sys=0.00, real=0.01 secs] 
7287.300: [Full GC (System.gc()) [PSYoungGen: 7936K->0K(1561088K)] [ParOldGen: 93152K->90514K(524288K)] 101089K->90514K(2085376K), [Metaspace: 20859K->20859K(1069056K)], 0.4382129 secs] [Times: user=13.76 sys=0.00, real=0.44 secs] 
7288.340: [GC (System.gc()) [PSYoungGen: 344K->128K(1559552K)] 90859K->90642K(2083840K), 0.0077838 secs] [Times: user=0.08 sys=0.00, real=0.01 secs] 
7288.349: [Full GC (System.gc()) [PSYoungGen: 128K->0K(1559552K)] [ParOldGen: 90514K->90447K(524288K)] 90642K->90447K(2083840K), [Metaspace: 20863K->20863K(1069056K)], 0.3123726 secs] [Times: user=7.95 sys=0.00, real=0.31 secs] 
7288.870: [GC (System.gc()) [PSYoungGen: 8972K->352K(1548800K)] 99420K->90799K(2073088K), 0.0151120 secs] [Times: user=0.44 sys=0.00, real=0.02 secs] 
7288.885: [Full GC (System.gc()) [PSYoungGen: 352K->0K(1548800K)] [ParOldGen: 90447K->90361K(524288K)] 90799K->90361K(2073088K), [Metaspace: 20871K->20871K(1069056K)], 0.4436422 secs] [Times: user=12.28 sys=0.00, real=0.44 secs] 
Heap
 PSYoungGen      total 1548800K, used 117893K [0x00000000a0000000, 0x0000000100000000, 0x0000000100000000)
  eden space 1548288K, 7% used [0x00000000a0000000,0x00000000a7321570,0x00000000fe800000)
  from space 512K, 0% used [0x00000000fe800000,0x00000000fe800000,0x00000000fe880000)
  to   space 12800K, 0% used [0x00000000ff380000,0x00000000ff380000,0x0000000100000000)
 ParOldGen       total 524288K, used 90361K [0x0000000080000000, 0x00000000a0000000, 0x00000000a0000000)
  object space 524288K, 17% used [0x0000000080000000,0x000000008583e6e8,0x00000000a0000000)
 Metaspace       used 20888K, capacity 21310K, committed 21632K, reserved 1069056K
  class space    used 2516K, capacity 2631K, committed 2688K, reserved 1048576K
