Java HotSpot(TM) 64-Bit Server VM (25.20-b20) for linux-amd64 JRE (1.8.0_20-ea-b20), built on Jun 24 2014 21:14:09 by "java_re" with gcc 4.3.0 20080428 (Red Hat 4.3.0-8)
Memory: 4k page, physical 264398780k(140401740k free), swap 4194296k(4194296k free)
CommandLine flags: -XX:+AggressiveOpts -XX:+AlwaysPreTouch -XX:InitialHeapSize=27917287424 -XX:LargePageSizeInBytes=2097152 -XX:MaxHeapSize=27917287424 -XX:MaxNewSize=24696061952 -XX:MaxTenuringThreshold=15 -XX:NewSize=24696061952 -XX:ParallelGCThreads=36 -XX:+PrintGC -XX:+PrintGCDetails -XX:+PrintGCTimeStamps -XX:SurvivorRatio=14 -XX:TargetSurvivorRatio=95 -XX:-UseAdaptiveSizePolicy -XX:-UseBiasedLocking -XX:+UseCompressedClassPointers -XX:+UseCompressedOops -XX:+UseLargePages -XX:+UseParallelGC -XX:+UseParallelOldGC 
9.139: [GC (Allocation Failure) [PSYoungGen: 21102592K->3900K(22609920K)] 21102592K->3986K(25755648K), 0.0049266 secs] [Times: user=0.03 sys=0.02, real=0.00 secs] 
9.148: [GC (Allocation Failure) [PSYoungGen: 21106492K->2768K(22609920K)] 21106578K->2862K(25755648K), 0.0048243 secs] [Times: user=0.05 sys=0.00, real=0.01 secs] 
13.367: [GC (Allocation Failure) [PSYoungGen: 21105360K->845042K(22609920K)] 21105454K->845160K(25755648K), 0.1282908 secs] [Times: user=4.18 sys=0.01, real=0.13 secs] 
14.587: [GC (System.gc()) [PSYoungGen: 1844152K->8103K(22609920K)] 1844271K->8229K(25755648K), 0.0077628 secs] [Times: user=0.11 sys=0.01, real=0.01 secs] 
14.595: [Full GC (System.gc()) [PSYoungGen: 8103K->0K(22609920K)] [ParOldGen: 126K->7601K(3145728K)] 8229K->7601K(25755648K), [Metaspace: 16649K->16647K(1064960K)], 0.0514986 secs] [Times: user=0.57 sys=0.03, real=0.05 secs] 
100.581: [GC (System.gc()) [PSYoungGen: 6368074K->98264K(22609920K)] 6375676K->105882K(25755648K), 0.0249612 secs] [Times: user=0.60 sys=0.00, real=0.03 secs] 
100.606: [Full GC (System.gc()) [PSYoungGen: 98264K->0K(22609920K)] [ParOldGen: 7617K->104746K(3145728K)] 105882K->104746K(25755648K), [Metaspace: 19850K->19846K(1067008K)], 0.1035832 secs] [Times: user=2.36 sys=0.01, real=0.10 secs] 
228.316: [GC (Allocation Failure) [PSYoungGen: 21102592K->885804K(22609920K)] 21207338K->990559K(25755648K), 0.1496191 secs] [Times: user=5.11 sys=0.00, real=0.15 secs] 
248.715: [GC (Allocation Failure) [PSYoungGen: 21988396K->877829K(22609920K)] 22093151K->982592K(25755648K), 0.1360419 secs] [Times: user=4.67 sys=0.00, real=0.14 secs] 
259.955: [GC (Allocation Failure) [PSYoungGen: 21980421K->901776K(22609920K)] 22085184K->1006547K(25755648K), 0.1336242 secs] [Times: user=4.67 sys=0.00, real=0.14 secs] 
267.684: [GC (Allocation Failure) [PSYoungGen: 22004368K->900329K(22609920K)] 22109139K->1005172K(25755648K), 0.1363105 secs] [Times: user=4.70 sys=0.00, real=0.14 secs] 
273.709: [GC (Allocation Failure) [PSYoungGen: 22002921K->944263K(22609920K)] 22107764K->1049114K(25755648K), 0.1403869 secs] [Times: user=4.91 sys=0.00, real=0.15 secs] 
278.444: [GC (Allocation Failure) [PSYoungGen: 22046855K->1025842K(22609920K)] 22151706K->1130701K(25755648K), 0.1535843 secs] [Times: user=5.34 sys=0.00, real=0.15 secs] 
282.822: [GC (Allocation Failure) [PSYoungGen: 22128434K->934153K(22609920K)] 22233293K->1039012K(25755648K), 0.1369492 secs] [Times: user=4.81 sys=0.00, real=0.13 secs] 
286.188: [GC (Allocation Failure) [PSYoungGen: 22036745K->960937K(22609920K)] 22141604K->1065796K(25755648K), 0.1437180 secs] [Times: user=5.05 sys=0.00, real=0.15 secs] 
289.606: [GC (Allocation Failure) [PSYoungGen: 22063529K->953761K(22609920K)] 22168388K->1058620K(25755648K), 0.1407651 secs] [Times: user=4.89 sys=0.01, real=0.14 secs] 
292.881: [GC (Allocation Failure) [PSYoungGen: 22056353K->999949K(22609920K)] 22161212K->1104808K(25755648K), 0.1480304 secs] [Times: user=5.15 sys=0.00, real=0.15 secs] 
296.110: [GC (Allocation Failure) [PSYoungGen: 22102541K->1062944K(22609920K)] 22207400K->1167803K(25755648K), 0.1567527 secs] [Times: user=5.52 sys=0.00, real=0.16 secs] 
299.338: [GC (Allocation Failure) [PSYoungGen: 22165536K->1036395K(22609920K)] 22270395K->1141262K(25755648K), 0.1526462 secs] [Times: user=5.39 sys=0.00, real=0.15 secs] 
302.561: [GC (Allocation Failure) [PSYoungGen: 22138987K->1093948K(22609920K)] 22243854K->1198814K(25755648K), 0.1614230 secs] [Times: user=5.71 sys=0.01, real=0.16 secs] 
305.809: [GC (Allocation Failure) [PSYoungGen: 22196540K->1092627K(22609920K)] 22301406K->1197501K(25755648K), 0.1643579 secs] [Times: user=5.80 sys=0.00, real=0.17 secs] 
308.976: [GC (Allocation Failure) [PSYoungGen: 22195219K->1179456K(22609920K)] 22300093K->1284331K(25755648K), 0.1751682 secs] [Times: user=6.16 sys=0.00, real=0.17 secs] 
312.128: [GC (Allocation Failure) [PSYoungGen: 22282048K->744988K(22609920K)] 22386923K->1178879K(25755648K), 0.1638569 secs] [Times: user=5.76 sys=0.00, real=0.16 secs] 
315.343: [GC (Allocation Failure) [PSYoungGen: 21847580K->853549K(22609920K)] 22281471K->1298057K(25755648K), 0.1447713 secs] [Times: user=5.10 sys=0.01, real=0.15 secs] 
318.589: [GC (Allocation Failure) [PSYoungGen: 21956141K->803814K(22609920K)] 22400649K->1253717K(25755648K), 0.1413537 secs] [Times: user=4.71 sys=0.01, real=0.14 secs] 
321.781: [GC (Allocation Failure) [PSYoungGen: 21906406K->784614K(22609920K)] 22356309K->1236413K(25755648K), 0.1351749 secs] [Times: user=4.76 sys=0.00, real=0.14 secs] 
324.878: [GC (Allocation Failure) [PSYoungGen: 21887206K->902970K(22609920K)] 22339005K->1358320K(25755648K), 0.1556662 secs] [Times: user=5.43 sys=0.00, real=0.15 secs] 
328.027: [GC (Allocation Failure) [PSYoungGen: 22005562K->799600K(22609920K)] 22460912K->1256407K(25755648K), 0.1386851 secs] [Times: user=4.90 sys=0.00, real=0.14 secs] 
331.212: [GC (Allocation Failure) [PSYoungGen: 21902192K->908422K(22609920K)] 22358999K->1366429K(25755648K), 0.1535430 secs] [Times: user=5.37 sys=0.00, real=0.15 secs] 
334.341: [GC (Allocation Failure) [PSYoungGen: 22011014K->947743K(22609920K)] 22469021K->1407206K(25755648K), 0.1590603 secs] [Times: user=5.63 sys=0.00, real=0.16 secs] 
337.645: [GC (Allocation Failure) [PSYoungGen: 22050335K->847963K(22609920K)] 22509798K->1308658K(25755648K), 0.2475056 secs] [Times: user=4.81 sys=0.00, real=0.25 secs] 
338.856: [GC (System.gc()) [PSYoungGen: 6374590K->708021K(22609920K)] 6835286K->1169637K(25755648K), 0.1211384 secs] [Times: user=4.14 sys=0.00, real=0.12 secs] 
338.978: [Full GC (System.gc()) [PSYoungGen: 708021K->0K(22609920K)] [ParOldGen: 461615K->129346K(3145728K)] 1169637K->129346K(25755648K), [Metaspace: 22001K->21994K(1069056K)], 0.1580324 secs] [Times: user=3.37 sys=0.05, real=0.16 secs] 
358.550: [GC (Allocation Failure) [PSYoungGen: 21102506K->933985K(22609920K)] 21231853K->1063340K(25755648K), 0.1504592 secs] [Times: user=5.20 sys=0.01, real=0.15 secs] 
365.519: [GC (Allocation Failure) [PSYoungGen: 22036577K->947880K(22609920K)] 22165932K->1077234K(25755648K), 0.1400895 secs] [Times: user=4.89 sys=0.00, real=0.14 secs] 
370.861: [GC (Allocation Failure) [PSYoungGen: 22050472K->981791K(22609920K)] 22179826K->1111145K(25755648K), 0.1472403 secs] [Times: user=5.02 sys=0.00, real=0.15 secs] 
375.282: [GC (Allocation Failure) [PSYoungGen: 22084383K->930546K(22609920K)] 22213737K->1059901K(25755648K), 0.1365320 secs] [Times: user=4.81 sys=0.00, real=0.14 secs] 
379.335: [GC (Allocation Failure) [PSYoungGen: 22033138K->968560K(22609920K)] 22162493K->1097914K(25755648K), 0.1418130 secs] [Times: user=5.00 sys=0.00, real=0.14 secs] 
383.180: [GC (Allocation Failure) [PSYoungGen: 22071152K->967327K(22609920K)] 22200506K->1096681K(25755648K), 0.1463620 secs] [Times: user=4.99 sys=0.00, real=0.15 secs] 
386.764: [GC (Allocation Failure) [PSYoungGen: 22069919K->1013281K(22609920K)] 22199273K->1142635K(25755648K), 0.1489616 secs] [Times: user=5.22 sys=0.00, real=0.15 secs] 
390.115: [GC (Allocation Failure) [PSYoungGen: 22115873K->1032997K(22609920K)] 22245227K->1162351K(25755648K), 0.1541597 secs] [Times: user=5.42 sys=0.00, real=0.16 secs] 
393.424: [GC (Allocation Failure) [PSYoungGen: 22135589K->1070697K(22609920K)] 22264943K->1200052K(25755648K), 0.1585280 secs] [Times: user=5.59 sys=0.00, real=0.16 secs] 
396.698: [GC (Allocation Failure) [PSYoungGen: 22173289K->985243K(22609920K)] 22302644K->1114597K(25755648K), 0.1449645 secs] [Times: user=5.12 sys=0.00, real=0.14 secs] 
400.062: [GC (Allocation Failure) [PSYoungGen: 22087835K->1023452K(22609920K)] 22217189K->1152806K(25755648K), 0.1507499 secs] [Times: user=5.32 sys=0.01, real=0.15 secs] 
403.290: [GC (Allocation Failure) [PSYoungGen: 22126044K->1061715K(22609920K)] 22255398K->1191069K(25755648K), 0.1573108 secs] [Times: user=5.52 sys=0.00, real=0.15 secs] 
406.508: [GC (Allocation Failure) [PSYoungGen: 22164307K->1077584K(22609920K)] 22293661K->1206938K(25755648K), 0.1592979 secs] [Times: user=5.61 sys=0.00, real=0.16 secs] 
409.803: [GC (Allocation Failure) [PSYoungGen: 22180176K->1094167K(22609920K)] 22309530K->1223521K(25755648K), 0.1631399 secs] [Times: user=5.71 sys=0.01, real=0.16 secs] 
413.030: [GC (Allocation Failure) [PSYoungGen: 22196759K->1135513K(22609920K)] 22326113K->1264867K(25755648K), 0.1699386 secs] [Times: user=5.96 sys=0.01, real=0.17 secs] 
416.253: [GC (Allocation Failure) [PSYoungGen: 22238105K->823262K(22609920K)] 22367459K->1286258K(25755648K), 0.1770078 secs] [Times: user=6.27 sys=0.00, real=0.17 secs] 
419.451: [GC (Allocation Failure) [PSYoungGen: 21925854K->900577K(22609920K)] 22388850K->1371509K(25755648K), 0.1514510 secs] [Times: user=5.35 sys=0.00, real=0.15 secs] 
422.692: [GC (Allocation Failure) [PSYoungGen: 22003169K->820570K(22609920K)] 22474101K->1293615K(25755648K), 0.1424468 secs] [Times: user=5.03 sys=0.00, real=0.14 secs] 
425.879: [GC (Allocation Failure) [PSYoungGen: 21923162K->771452K(22609920K)] 22396207K->1246393K(25755648K), 0.1329688 secs] [Times: user=4.70 sys=0.00, real=0.14 secs] 
429.039: [GC (Allocation Failure) [PSYoungGen: 21874044K->779609K(22609920K)] 22348985K->1258134K(25755648K), 0.1350617 secs] [Times: user=4.76 sys=0.01, real=0.14 secs] 
432.235: [GC (Allocation Failure) [PSYoungGen: 21882201K->763462K(22609920K)] 22360726K->1243196K(25755648K), 0.1332296 secs] [Times: user=4.67 sys=0.00, real=0.13 secs] 
435.354: [GC (Allocation Failure) [PSYoungGen: 21866054K->782459K(22609920K)] 22345788K->1263336K(25755648K), 0.1363136 secs] [Times: user=4.76 sys=0.00, real=0.14 secs] 
438.521: [GC (Allocation Failure) [PSYoungGen: 21885051K->754767K(22609920K)] 22365928K->1236677K(25755648K), 0.1326630 secs] [Times: user=4.68 sys=0.00, real=0.13 secs] 
441.733: [GC (Allocation Failure) [PSYoungGen: 21857359K->800849K(22609920K)] 22339269K->1283855K(25755648K), 0.1380589 secs] [Times: user=4.89 sys=0.00, real=0.14 secs] 
444.811: [GC (Allocation Failure) [PSYoungGen: 21903441K->754422K(22609920K)] 22386447K->1238395K(25755648K), 0.1323291 secs] [Times: user=4.68 sys=0.00, real=0.13 secs] 
456.887: [GC (System.gc()) [PSYoungGen: 10093465K->821387K(22609920K)] 10577439K->1306441K(25755648K), 0.1240246 secs] [Times: user=4.39 sys=0.00, real=0.12 secs] 
457.011: [Full GC (System.gc()) [PSYoungGen: 821387K->0K(22609920K)] [ParOldGen: 485053K->228165K(3145728K)] 1306441K->228165K(25755648K), [Metaspace: 22043K->22043K(1069056K)], 0.0873731 secs] [Times: user=1.47 sys=0.01, real=0.09 secs] 
477.823: [GC (Allocation Failure) [PSYoungGen: 21102592K->941501K(22609920K)] 21330757K->1169675K(25755648K), 0.1505589 secs] [Times: user=5.28 sys=0.01, real=0.15 secs] 
484.670: [GC (Allocation Failure) [PSYoungGen: 22044093K->975517K(22609920K)] 22272267K->1203691K(25755648K), 0.1447995 secs] [Times: user=5.04 sys=0.00, real=0.15 secs] 
490.079: [GC (Allocation Failure) [PSYoungGen: 22078109K->984167K(22609920K)] 22306283K->1212341K(25755648K), 0.1448802 secs] [Times: user=5.11 sys=0.00, real=0.15 secs] 
494.361: [GC (Allocation Failure) [PSYoungGen: 22086759K->987077K(22609920K)] 22314933K->1215250K(25755648K), 0.1474794 secs] [Times: user=5.12 sys=0.01, real=0.15 secs] 
498.114: [GC (Allocation Failure) [PSYoungGen: 22089669K->996451K(22609920K)] 22317842K->1224625K(25755648K), 0.1484761 secs] [Times: user=5.16 sys=0.00, real=0.14 secs] 
501.839: [GC (Allocation Failure) [PSYoungGen: 22099043K->1033399K(22609920K)] 22327217K->1261573K(25755648K), 0.1547403 secs] [Times: user=5.36 sys=0.00, real=0.15 secs] 
505.222: [GC (Allocation Failure) [PSYoungGen: 22135991K->1077948K(22609920K)] 22364165K->1306122K(25755648K), 0.1611616 secs] [Times: user=5.70 sys=0.00, real=0.16 secs] 
508.529: [GC (Allocation Failure) [PSYoungGen: 22180540K->1111854K(22609920K)] 22408714K->1340028K(25755648K), 0.1656217 secs] [Times: user=5.87 sys=0.00, real=0.16 secs] 
511.867: [GC (Allocation Failure) [PSYoungGen: 22214446K->1049215K(22609920K)] 22442620K->1277389K(25755648K), 0.1555436 secs] [Times: user=5.50 sys=0.00, real=0.15 secs] 
514.997: [GC (Allocation Failure) [PSYoungGen: 22151807K->1045950K(22609920K)] 22379981K->1274123K(25755648K), 0.1548886 secs] [Times: user=5.49 sys=0.00, real=0.15 secs] 
518.168: [GC (Allocation Failure) [PSYoungGen: 22148542K->1068249K(22609920K)] 22376715K->1296423K(25755648K), 0.1598961 secs] [Times: user=5.57 sys=0.00, real=0.16 secs] 
521.354: [GC (Allocation Failure) [PSYoungGen: 22170841K->1052288K(22609920K)] 22399015K->1280462K(25755648K), 0.1556768 secs] [Times: user=5.50 sys=0.00, real=0.16 secs] 
524.613: [GC (Allocation Failure) [PSYoungGen: 22154880K->1161071K(22609920K)] 22383054K->1389245K(25755648K), 0.1765237 secs] [Times: user=6.26 sys=0.01, real=0.18 secs] 
527.892: [GC (Allocation Failure) [PSYoungGen: 22263663K->1046555K(22609920K)] 22491837K->1274729K(25755648K), 0.1546880 secs] [Times: user=5.39 sys=0.00, real=0.15 secs] 
531.101: [GC (Allocation Failure) [PSYoungGen: 22149147K->1012944K(22609920K)] 22377321K->1241118K(25755648K), 0.1490014 secs] [Times: user=5.19 sys=0.00, real=0.15 secs] 
534.366: [GC (Allocation Failure) [PSYoungGen: 22115536K->652294K(22609920K)] 22343710K->1239426K(25755648K), 0.1531672 secs] [Times: user=5.42 sys=0.00, real=0.16 secs] 
537.526: [GC (Allocation Failure) [PSYoungGen: 21754886K->665237K(22609920K)] 22342018K->1253890K(25755648K), 0.1323969 secs] [Times: user=4.63 sys=0.00, real=0.14 secs] 
540.603: [GC (Allocation Failure) [PSYoungGen: 21767829K->718168K(22609920K)] 22356482K->1308045K(25755648K), 0.1424284 secs] [Times: user=5.04 sys=0.00, real=0.14 secs] 
543.693: [GC (Allocation Failure) [PSYoungGen: 21820760K->751701K(22609920K)] 22410637K->1342866K(25755648K), 0.1436635 secs] [Times: user=5.08 sys=0.00, real=0.14 secs] 
546.882: [GC (Allocation Failure) [PSYoungGen: 21854293K->743781K(22609920K)] 22445458K->1336618K(25755648K), 0.1449219 secs] [Times: user=5.13 sys=0.00, real=0.14 secs] 
549.979: [GC (Allocation Failure) [PSYoungGen: 21846373K->790859K(22609920K)] 22439210K->1384632K(25755648K), 0.1512775 secs] [Times: user=5.35 sys=0.01, real=0.15 secs] 
553.179: [GC (Allocation Failure) [PSYoungGen: 21893451K->741704K(22609920K)] 22487224K->1336334K(25755648K), 0.1435502 secs] [Times: user=5.02 sys=0.00, real=0.15 secs] 
556.394: [GC (Allocation Failure) [PSYoungGen: 21844296K->721699K(22609920K)] 22438926K->1317072K(25755648K), 0.1395800 secs] [Times: user=4.94 sys=0.00, real=0.14 secs] 
559.491: [GC (Allocation Failure) [PSYoungGen: 21824291K->867645K(22609920K)] 22419664K->1463875K(25755648K), 0.1593582 secs] [Times: user=5.62 sys=0.00, real=0.16 secs] 
562.622: [GC (Allocation Failure) [PSYoungGen: 21970237K->721361K(22609920K)] 22566467K->1318503K(25755648K), 0.1430317 secs] [Times: user=4.96 sys=0.00, real=0.15 secs] 
565.817: [GC (Allocation Failure) [PSYoungGen: 21823953K->765575K(22609920K)] 22421095K->1363660K(25755648K), 0.1513402 secs] [Times: user=5.21 sys=0.00, real=0.15 secs] 
569.013: [GC (Allocation Failure) [PSYoungGen: 21868167K->855522K(22609920K)] 22466252K->1454392K(25755648K), 0.1635003 secs] [Times: user=5.77 sys=0.00, real=0.17 secs] 
572.275: [GC (Allocation Failure) [PSYoungGen: 21958114K->787116K(22609920K)] 22556984K->1386993K(25755648K), 0.1517505 secs] [Times: user=5.37 sys=0.00, real=0.15 secs] 
575.429: [GC (Allocation Failure) [PSYoungGen: 21889708K->740394K(22609920K)] 22489585K->1341231K(25755648K), 0.1441462 secs] [Times: user=5.10 sys=0.01, real=0.14 secs] 
578.616: [GC (Allocation Failure) [PSYoungGen: 21842986K->722323K(22609920K)] 22443823K->1324057K(25755648K), 0.1407594 secs] [Times: user=4.98 sys=0.00, real=0.14 secs] 
581.755: [GC (Allocation Failure) [PSYoungGen: 21824915K->806912K(22609920K)] 22426649K->1409598K(25755648K), 0.1565554 secs] [Times: user=5.37 sys=0.00, real=0.16 secs] 
584.906: [GC (Allocation Failure) [PSYoungGen: 21909504K->752657K(22609920K)] 22512190K->1356607K(25755648K), 0.1474399 secs] [Times: user=5.22 sys=0.00, real=0.14 secs] 
588.106: [GC (Allocation Failure) [PSYoungGen: 21855249K->733397K(22609920K)] 22459199K->1338523K(25755648K), 0.1437367 secs] [Times: user=5.09 sys=0.00, real=0.15 secs] 
591.227: [GC (Allocation Failure) [PSYoungGen: 21835989K->871118K(22609920K)] 22441115K->1477236K(25755648K), 0.1649449 secs] [Times: user=5.82 sys=0.00, real=0.16 secs] 
594.500: [GC (Allocation Failure) [PSYoungGen: 21973710K->750406K(22609920K)] 22579828K->1357500K(25755648K), 0.1459029 secs] [Times: user=5.15 sys=0.00, real=0.14 secs] 
597.641: [GC (Allocation Failure) [PSYoungGen: 21852998K->818361K(22609920K)] 22460092K->1426623K(25755648K), 0.1593024 secs] [Times: user=5.58 sys=0.00, real=0.16 secs] 
600.766: [GC (Allocation Failure) [PSYoungGen: 21920953K->781707K(22609920K)] 22529215K->1391369K(25755648K), 0.1526960 secs] [Times: user=5.40 sys=0.00, real=0.15 secs] 
603.843: [GC (Allocation Failure) [PSYoungGen: 21884299K->777620K(22609920K)] 22493961K->1388522K(25755648K), 0.1501048 secs] [Times: user=5.30 sys=0.00, real=0.15 secs] 
607.027: [GC (Allocation Failure) [PSYoungGen: 21880212K->738379K(22609920K)] 22491114K->1350297K(25755648K), 0.1432024 secs] [Times: user=5.07 sys=0.01, real=0.15 secs] 
610.255: [GC (Allocation Failure) [PSYoungGen: 21840971K->758911K(22609920K)] 22452889K->1371822K(25755648K), 0.1485648 secs] [Times: user=5.19 sys=0.01, real=0.15 secs] 
613.477: [GC (Allocation Failure) [PSYoungGen: 21861503K->800926K(22609920K)] 22474414K->1414781K(25755648K), 0.1552411 secs] [Times: user=5.48 sys=0.00, real=0.16 secs] 
616.625: [GC (Allocation Failure) [PSYoungGen: 21903518K->781987K(22609920K)] 22517373K->1396801K(25755648K), 0.1501180 secs] [Times: user=5.31 sys=0.00, real=0.15 secs] 
619.825: [GC (Allocation Failure) [PSYoungGen: 21884579K->767580K(22609920K)] 22499393K->1383434K(25755648K), 0.1491089 secs] [Times: user=5.21 sys=0.00, real=0.15 secs] 
623.019: [GC (Allocation Failure) [PSYoungGen: 21870172K->786501K(22609920K)] 22486026K->1403252K(25755648K), 0.1531104 secs] [Times: user=5.37 sys=0.01, real=0.15 secs] 
626.192: [GC (Allocation Failure) [PSYoungGen: 21889093K->793955K(22609920K)] 22505844K->1411489K(25755648K), 0.1510030 secs] [Times: user=5.32 sys=0.00, real=0.15 secs] 
629.356: [GC (Allocation Failure) [PSYoungGen: 21896547K->887841K(22609920K)] 22514081K->1506063K(25755648K), 0.1640556 secs] [Times: user=5.82 sys=0.00, real=0.16 secs] 
632.534: [GC (Allocation Failure) [PSYoungGen: 21990433K->835257K(22609920K)] 22608655K->1454312K(25755648K), 0.1618013 secs] [Times: user=5.68 sys=0.00, real=0.16 secs] 
635.742: [GC (Allocation Failure) [PSYoungGen: 21937849K->786958K(22609920K)] 22556904K->1406861K(25755648K), 0.1526213 secs] [Times: user=5.40 sys=0.00, real=0.16 secs] 
639.294: [GC (Allocation Failure) [PSYoungGen: 21889550K->758691K(22609920K)] 22509453K->1379345K(25755648K), 0.2016753 secs] [Times: user=4.91 sys=0.00, real=0.21 secs] 
639.732: [GC (System.gc()) [PSYoungGen: 2372464K->639781K(22609920K)] 2993118K->1261219K(25755648K), 0.1243887 secs] [Times: user=4.27 sys=0.01, real=0.13 secs] 
639.856: [Full GC (System.gc()) [PSYoungGen: 639781K->0K(22609920K)] [ParOldGen: 621438K->229456K(3145728K)] 1261219K->229456K(25755648K), [Metaspace: 22106K->22106K(1069056K)], 0.1349892 secs] [Times: user=2.95 sys=0.01, real=0.13 secs] 
660.351: [GC (Allocation Failure) [PSYoungGen: 21102592K->953336K(22609920K)] 21332048K->1182800K(25755648K), 0.1526233 secs] [Times: user=5.31 sys=0.00, real=0.15 secs] 
667.262: [GC (Allocation Failure) [PSYoungGen: 22055928K->972959K(22609920K)] 22285392K->1202424K(25755648K), 0.1442249 secs] [Times: user=5.08 sys=0.00, real=0.14 secs] 
672.521: [GC (Allocation Failure) [PSYoungGen: 22075551K->1002265K(22609920K)] 22305016K->1231730K(25755648K), 0.1476351 secs] [Times: user=5.19 sys=0.00, real=0.14 secs] 
677.225: [GC (Allocation Failure) [PSYoungGen: 22104857K->1023872K(22609920K)] 22334322K->1253337K(25755648K), 0.1540621 secs] [Times: user=5.33 sys=0.00, real=0.15 secs] 
681.149: [GC (Allocation Failure) [PSYoungGen: 22126464K->1002516K(22609920K)] 22355929K->1231980K(25755648K), 0.1484618 secs] [Times: user=5.21 sys=0.00, real=0.15 secs] 
684.867: [GC (Allocation Failure) [PSYoungGen: 22105108K->1009430K(22609920K)] 22334572K->1238894K(25755648K), 0.1500962 secs] [Times: user=5.28 sys=0.01, real=0.15 secs] 
688.282: [GC (Allocation Failure) [PSYoungGen: 22112022K->1055322K(22609920K)] 22341486K->1284786K(25755648K), 0.1575056 secs] [Times: user=5.48 sys=0.00, real=0.16 secs] 
691.642: [GC (Allocation Failure) [PSYoungGen: 22157914K->1090613K(22609920K)] 22387378K->1320078K(25755648K), 0.1648009 secs] [Times: user=5.78 sys=0.00, real=0.17 secs] 
694.885: [GC (Allocation Failure) [PSYoungGen: 22193205K->1096331K(22609920K)] 22422670K->1325796K(25755648K), 0.1689221 secs] [Times: user=5.78 sys=0.00, real=0.17 secs] 
698.068: [GC (Allocation Failure) [PSYoungGen: 22198923K->1069457K(22609920K)] 22428388K->1298921K(25755648K), 0.1615380 secs] [Times: user=5.53 sys=0.00, real=0.16 secs] 
701.337: [GC (Allocation Failure) [PSYoungGen: 22172049K->1102609K(22609920K)] 22401513K->1332073K(25755648K), 0.1668030 secs] [Times: user=5.73 sys=0.01, real=0.16 secs] 
704.548: [GC (Allocation Failure) [PSYoungGen: 22205201K->1119230K(22609920K)] 22434665K->1348694K(25755648K), 0.1677331 secs] [Times: user=5.85 sys=0.01, real=0.17 secs] 
707.827: [GC (Allocation Failure) [PSYoungGen: 22221822K->1074367K(22609920K)] 22451286K->1303832K(25755648K), 0.1596720 secs] [Times: user=5.64 sys=0.01, real=0.16 secs] 
711.104: [GC (Allocation Failure) [PSYoungGen: 22176959K->1079224K(22609920K)] 22406424K->1308688K(25755648K), 0.1594219 secs] [Times: user=5.64 sys=0.00, real=0.16 secs] 
714.365: [GC (Allocation Failure) [PSYoungGen: 22181816K->1054193K(22609920K)] 22411280K->1283658K(25755648K), 0.1556662 secs] [Times: user=5.46 sys=0.00, real=0.16 secs] 
717.599: [GC (Allocation Failure) [PSYoungGen: 22156785K->761531K(22609920K)] 22386250K->1350829K(25755648K), 0.1751034 secs] [Times: user=6.19 sys=0.00, real=0.17 secs] 
720.852: [GC (Allocation Failure) [PSYoungGen: 21864123K->746078K(22609920K)] 22453421K->1336928K(25755648K), 0.1308050 secs] [Times: user=4.58 sys=0.00, real=0.13 secs] 
721.192: [GC (System.gc()) [PSYoungGen: 1847890K->647589K(22609920K)] 2438740K->1239663K(25755648K), 0.1088035 secs] [Times: user=3.83 sys=0.00, real=0.11 secs] 
721.301: [Full GC (System.gc()) [PSYoungGen: 647589K->0K(22609920K)] [ParOldGen: 592074K->229094K(3145728K)] 1239663K->229094K(25755648K), [Metaspace: 22202K->22202K(1069056K)], 0.1462469 secs] [Times: user=3.40 sys=0.03, real=0.15 secs] 
727.541: [GC (System.gc()) [PSYoungGen: 3340516K->607K(22609920K)] 3569611K->229702K(25755648K), 0.0076600 secs] [Times: user=0.10 sys=0.01, real=0.01 secs] 
727.549: [Full GC (System.gc()) [PSYoungGen: 607K->0K(22609920K)] [ParOldGen: 229094K->225681K(3145728K)] 229702K->225681K(25755648K), [Metaspace: 22217K->22213K(1069056K)], 0.2079441 secs] [Times: user=5.42 sys=0.03, real=0.20 secs] 
752.137: [GC (Allocation Failure) [PSYoungGen: 21102592K->945103K(22609920K)] 21328273K->1170785K(25755648K), 0.1500371 secs] [Times: user=5.28 sys=0.01, real=0.15 secs] 
774.436: [GC (Allocation Failure) [PSYoungGen: 22047695K->929631K(22609920K)] 22273377K->1155321K(25755648K), 0.1353138 secs] [Times: user=4.77 sys=0.01, real=0.13 secs] 
796.629: [GC (Allocation Failure) [PSYoungGen: 22032223K->923343K(22609920K)] 22257913K->1149033K(25755648K), 0.1371624 secs] [Times: user=4.72 sys=0.01, real=0.14 secs] 
818.802: [GC (Allocation Failure) [PSYoungGen: 22025935K->922559K(22609920K)] 22251625K->1148248K(25755648K), 0.1406073 secs] [Times: user=4.81 sys=0.00, real=0.14 secs] 
840.969: [GC (Allocation Failure) [PSYoungGen: 22025151K->925439K(22609920K)] 22250840K->1151129K(25755648K), 0.1400071 secs] [Times: user=4.87 sys=0.00, real=0.14 secs] 
863.102: [GC (Allocation Failure) [PSYoungGen: 22028031K->932416K(22609920K)] 22253721K->1158105K(25755648K), 0.1385510 secs] [Times: user=4.81 sys=0.00, real=0.14 secs] 
885.236: [GC (Allocation Failure) [PSYoungGen: 22035008K->927257K(22609920K)] 22260697K->1152946K(25755648K), 0.1374716 secs] [Times: user=4.79 sys=0.00, real=0.14 secs] 
907.377: [GC (Allocation Failure) [PSYoungGen: 22029849K->940411K(22609920K)] 22255538K->1166100K(25755648K), 0.1430544 secs] [Times: user=4.96 sys=0.00, real=0.14 secs] 
1088.424: [GC (Allocation Failure) [PSYoungGen: 22043003K->917089K(22609920K)] 22268692K->1142778K(25755648K), 0.1380580 secs] [Times: user=4.78 sys=0.00, real=0.13 secs] 
1168.999: [GC (Allocation Failure) [PSYoungGen: 22019681K->918544K(22609920K)] 22245370K->1144233K(25755648K), 0.1392818 secs] [Times: user=4.88 sys=0.00, real=0.14 secs] 
1225.376: [GC (Allocation Failure) [PSYoungGen: 22021136K->918848K(22609920K)] 22246825K->1144537K(25755648K), 0.1394211 secs] [Times: user=4.90 sys=0.00, real=0.14 secs] 
1272.464: [GC (Allocation Failure) [PSYoungGen: 22021440K->918655K(22609920K)] 22247129K->1144345K(25755648K), 0.1390066 secs] [Times: user=4.78 sys=0.00, real=0.14 secs] 
1314.758: [GC (Allocation Failure) [PSYoungGen: 22021247K->920919K(22609920K)] 22246937K->1146608K(25755648K), 0.1409623 secs] [Times: user=4.77 sys=0.00, real=0.14 secs] 
1351.590: [GC (Allocation Failure) [PSYoungGen: 22023511K->920744K(22609920K)] 22249200K->1146434K(25755648K), 0.1406715 secs] [Times: user=4.91 sys=0.00, real=0.14 secs] 
1385.816: [GC (Allocation Failure) [PSYoungGen: 22023336K->927767K(22609920K)] 22249026K->1153464K(25755648K), 0.1392812 secs] [Times: user=4.86 sys=0.01, real=0.14 secs] 
1417.325: [GC (Allocation Failure) [PSYoungGen: 22030359K->564454K(22609920K)] 22256056K->1151210K(25755648K), 0.1453328 secs] [Times: user=5.04 sys=0.00, real=0.14 secs] 
1447.214: [GC (Allocation Failure) [PSYoungGen: 21667046K->572550K(22609920K)] 22253802K->1161114K(25755648K), 0.1050697 secs] [Times: user=3.69 sys=0.00, real=0.11 secs] 
1474.768: [GC (Allocation Failure) [PSYoungGen: 21675142K->563013K(22609920K)] 22263706K->1152706K(25755648K), 0.1085977 secs] [Times: user=3.67 sys=0.00, real=0.11 secs] 
1502.134: [GC (Allocation Failure) [PSYoungGen: 21665605K->563413K(22609920K)] 22255298K->1154138K(25755648K), 0.1054907 secs] [Times: user=3.71 sys=0.00, real=0.11 secs] 
1526.611: [GC (Allocation Failure) [PSYoungGen: 21666005K->564693K(22609920K)] 22256730K->1156947K(25755648K), 0.1061151 secs] [Times: user=3.72 sys=0.00, real=0.10 secs] 
1551.097: [GC (Allocation Failure) [PSYoungGen: 21667285K->563397K(22609920K)] 22259539K->1156315K(25755648K), 0.1052788 secs] [Times: user=3.67 sys=0.01, real=0.10 secs] 
1574.513: [GC (Allocation Failure) [PSYoungGen: 21665989K->566421K(22609920K)] 22258907K->1159819K(25755648K), 0.1033262 secs] [Times: user=3.63 sys=0.00, real=0.10 secs] 
1596.561: [GC (Allocation Failure) [PSYoungGen: 21669013K->565573K(22609920K)] 22262411K->1159667K(25755648K), 0.1059101 secs] [Times: user=3.69 sys=0.00, real=0.10 secs] 
1618.625: [GC (Allocation Failure) [PSYoungGen: 21668165K->569317K(22609920K)] 22262259K->1164379K(25755648K), 0.1128654 secs] [Times: user=3.98 sys=0.00, real=0.11 secs] 
1639.733: [GC (Allocation Failure) [PSYoungGen: 21671909K->562293K(22609920K)] 22266971K->1157771K(25755648K), 0.1049910 secs] [Times: user=3.69 sys=0.00, real=0.11 secs] 
1659.740: [GC (Allocation Failure) [PSYoungGen: 21664885K->562389K(22609920K)] 22260363K->1158275K(25755648K), 0.1042448 secs] [Times: user=3.56 sys=0.00, real=0.10 secs] 
1679.809: [GC (Allocation Failure) [PSYoungGen: 21664981K->563749K(22609920K)] 22260867K->1160051K(25755648K), 0.1055729 secs] [Times: user=3.64 sys=0.00, real=0.11 secs] 
1699.358: [GC (Allocation Failure) [PSYoungGen: 21666341K->564981K(22609920K)] 22262643K->1161715K(25755648K), 0.1038850 secs] [Times: user=3.65 sys=0.00, real=0.10 secs] 
1717.765: [GC (Allocation Failure) [PSYoungGen: 21667573K->571701K(22609920K)] 22264307K->1168923K(25755648K), 0.1104489 secs] [Times: user=3.69 sys=0.00, real=0.11 secs] 
1736.008: [GC (Allocation Failure) [PSYoungGen: 21674293K->565061K(22609920K)] 22271515K->1162931K(25755648K), 0.1039790 secs] [Times: user=3.66 sys=0.01, real=0.11 secs] 
1754.435: [GC (Allocation Failure) [PSYoungGen: 21667653K->567221K(22609920K)] 22265523K->1165507K(25755648K), 0.1025274 secs] [Times: user=3.60 sys=0.00, real=0.10 secs] 
1771.837: [GC (Allocation Failure) [PSYoungGen: 21669813K->565573K(22609920K)] 22268099K->1164347K(25755648K), 0.1062168 secs] [Times: user=3.70 sys=0.00, real=0.11 secs] 
1788.759: [GC (Allocation Failure) [PSYoungGen: 21668165K->575162K(22609920K)] 22266939K->1174360K(25755648K), 0.1054954 secs] [Times: user=3.70 sys=0.00, real=0.11 secs] 
1805.785: [GC (Allocation Failure) [PSYoungGen: 21677754K->565125K(22609920K)] 22276952K->1164811K(25755648K), 0.1044605 secs] [Times: user=3.68 sys=0.00, real=0.10 secs] 
1822.651: [GC (Allocation Failure) [PSYoungGen: 21667717K->564357K(22609920K)] 22267403K->1164515K(25755648K), 0.1054188 secs] [Times: user=3.66 sys=0.00, real=0.11 secs] 
1838.549: [GC (Allocation Failure) [PSYoungGen: 21666949K->562853K(22609920K)] 22267107K->1163499K(25755648K), 0.1012241 secs] [Times: user=3.56 sys=0.00, real=0.10 secs] 
1854.396: [GC (Allocation Failure) [PSYoungGen: 21665445K->560805K(22609920K)] 22266091K->1162011K(25755648K), 0.1020014 secs] [Times: user=3.49 sys=0.00, real=0.10 secs] 
1870.201: [GC (Allocation Failure) [PSYoungGen: 21663397K->570757K(22609920K)] 22264603K->1172467K(25755648K), 0.1066455 secs] [Times: user=3.69 sys=0.00, real=0.11 secs] 
1886.076: [GC (Allocation Failure) [PSYoungGen: 21673349K->568549K(22609920K)] 22275059K->1170771K(25755648K), 0.1069474 secs] [Times: user=3.66 sys=0.00, real=0.10 secs] 
1901.254: [GC (Allocation Failure) [PSYoungGen: 21671141K->573061K(22609920K)] 22273363K->1175867K(25755648K), 0.1056117 secs] [Times: user=3.52 sys=0.01, real=0.11 secs] 
1916.097: [GC (Allocation Failure) [PSYoungGen: 21675653K->575605K(22609920K)] 22278459K->1178947K(25755648K), 0.1034856 secs] [Times: user=3.58 sys=0.00, real=0.11 secs] 
1931.031: [GC (Allocation Failure) [PSYoungGen: 21678197K->569317K(22609920K)] 22281539K->1173163K(25755648K), 0.1077854 secs] [Times: user=3.74 sys=0.00, real=0.11 secs] 
1945.916: [GC (Allocation Failure) [PSYoungGen: 21671909K->568165K(22609920K)] 22275755K->1172499K(25755648K), 0.1043360 secs] [Times: user=3.67 sys=0.00, real=0.10 secs] 
1960.602: [GC (Allocation Failure) [PSYoungGen: 21670757K->565381K(22609920K)] 22275091K->1170251K(25755648K), 0.1050307 secs] [Times: user=3.68 sys=0.00, real=0.11 secs] 
1974.747: [GC (Allocation Failure) [PSYoungGen: 21667973K->568133K(22609920K)] 22272843K->1173507K(25755648K), 0.1058748 secs] [Times: user=3.72 sys=0.01, real=0.11 secs] 
1988.905: [GC (Allocation Failure) [PSYoungGen: 21670725K->577317K(22609920K)] 22276099K->1183203K(25755648K), 0.1079475 secs] [Times: user=3.61 sys=0.00, real=0.11 secs] 
2003.049: [GC (Allocation Failure) [PSYoungGen: 21679909K->576650K(22609920K)] 22285795K->1183072K(25755648K), 0.1059007 secs] [Times: user=3.71 sys=0.00, real=0.11 secs] 
2017.099: [GC (Allocation Failure) [PSYoungGen: 21679242K->575141K(22609920K)] 22285664K->1182163K(25755648K), 0.1061348 secs] [Times: user=3.74 sys=0.00, real=0.11 secs] 
2030.939: [GC (Allocation Failure) [PSYoungGen: 21677733K->569669K(22609920K)] 22284755K->1177203K(25755648K), 0.1030947 secs] [Times: user=3.62 sys=0.01, real=0.10 secs] 
2044.319: [GC (Allocation Failure) [PSYoungGen: 21672261K->568197K(22609920K)] 22279795K->1176243K(25755648K), 0.1069762 secs] [Times: user=3.72 sys=0.00, real=0.10 secs] 
2057.688: [GC (Allocation Failure) [PSYoungGen: 21670789K->568485K(22609920K)] 22278835K->1177123K(25755648K), 0.1071777 secs] [Times: user=3.77 sys=0.00, real=0.11 secs] 
2071.082: [GC (Allocation Failure) [PSYoungGen: 21671077K->582885K(22609920K)] 22279715K->1192123K(25755648K), 0.1049835 secs] [Times: user=3.67 sys=0.00, real=0.11 secs] 
2084.364: [GC (Allocation Failure) [PSYoungGen: 21685477K->580063K(22609920K)] 22294715K->1189733K(25755648K), 0.1042596 secs] [Times: user=3.67 sys=0.00, real=0.10 secs] 
2097.469: [GC (Allocation Failure) [PSYoungGen: 21682655K->568261K(22609920K)] 22292325K->1178475K(25755648K), 0.1043653 secs] [Times: user=3.67 sys=0.01, real=0.10 secs] 
2110.322: [GC (Allocation Failure) [PSYoungGen: 21670853K->568133K(22609920K)] 22281067K->1178803K(25755648K), 0.1078375 secs] [Times: user=3.65 sys=0.01, real=0.11 secs] 
2123.022: [GC (Allocation Failure) [PSYoungGen: 21670725K->578741K(22609920K)] 22281395K->1189971K(25755648K), 0.1054745 secs] [Times: user=3.67 sys=0.01, real=0.10 secs] 
2135.780: [GC (Allocation Failure) [PSYoungGen: 21681333K->570309K(22609920K)] 22292563K->1182091K(25755648K), 0.1062318 secs] [Times: user=3.73 sys=0.00, real=0.11 secs] 
2148.479: [GC (Allocation Failure) [PSYoungGen: 21672901K->572709K(22609920K)] 22284683K->1185091K(25755648K), 0.1064799 secs] [Times: user=3.73 sys=0.00, real=0.11 secs] 
2161.123: [GC (Allocation Failure) [PSYoungGen: 21675301K->574213K(22609920K)] 22287683K->1187179K(25755648K), 0.1032550 secs] [Times: user=3.63 sys=0.00, real=0.11 secs] 
2173.249: [GC (Allocation Failure) [PSYoungGen: 21676805K->576901K(22609920K)] 22289771K->1190403K(25755648K), 0.1058765 secs] [Times: user=3.72 sys=0.00, real=0.10 secs] 
2185.332: [GC (Allocation Failure) [PSYoungGen: 21679493K->566149K(22609920K)] 22292995K->1180203K(25755648K), 0.1028965 secs] [Times: user=3.58 sys=0.00, real=0.10 secs] 
2197.255: [GC (Allocation Failure) [PSYoungGen: 21668741K->578565K(22609920K)] 22282795K->1193195K(25755648K), 0.1071276 secs] [Times: user=3.76 sys=0.00, real=0.11 secs] 
2209.361: [GC (Allocation Failure) [PSYoungGen: 21681157K->576601K(22609920K)] 22295787K->1191783K(25755648K), 0.1042403 secs] [Times: user=3.66 sys=0.00, real=0.11 secs] 
2221.518: [GC (Allocation Failure) [PSYoungGen: 21679193K->566917K(22609920K)] 22294375K->1182723K(25755648K), 0.1051083 secs] [Times: user=3.70 sys=0.00, real=0.10 secs] 
2233.345: [GC (Allocation Failure) [PSYoungGen: 21669509K->579429K(22609920K)] 22285315K->1195795K(25755648K), 0.1076751 secs] [Times: user=3.67 sys=0.01, real=0.11 secs] 
2245.023: [GC (Allocation Failure) [PSYoungGen: 21682021K->591007K(22609920K)] 22298387K->1208006K(25755648K), 0.1095139 secs] [Times: user=3.71 sys=0.00, real=0.11 secs] 
2256.565: [GC (Allocation Failure) [PSYoungGen: 21693599K->584074K(22609920K)] 22310598K->1201488K(25755648K), 0.1054037 secs] [Times: user=3.70 sys=0.01, real=0.10 secs] 
2268.262: [GC (Allocation Failure) [PSYoungGen: 21686666K->580997K(22609920K)] 22304080K->1199051K(25755648K), 0.1060433 secs] [Times: user=3.73 sys=0.00, real=0.10 secs] 
2279.741: [GC (Allocation Failure) [PSYoungGen: 21683589K->596738K(22609920K)] 22301643K->1215272K(25755648K), 0.1112895 secs] [Times: user=3.85 sys=0.00, real=0.11 secs] 
2291.279: [GC (Allocation Failure) [PSYoungGen: 21699330K->589865K(22609920K)] 22317864K->1208983K(25755648K), 0.1089693 secs] [Times: user=3.81 sys=0.00, real=0.11 secs] 
2302.901: [GC (Allocation Failure) [PSYoungGen: 21692457K->586330K(22609920K)] 22311575K->1206032K(25755648K), 0.1081692 secs] [Times: user=3.80 sys=0.00, real=0.11 secs] 
2314.453: [GC (Allocation Failure) [PSYoungGen: 21688922K->568677K(22609920K)] 22308624K->1188867K(25755648K), 0.1031932 secs] [Times: user=3.59 sys=0.00, real=0.10 secs] 
2325.557: [GC (Allocation Failure) [PSYoungGen: 21671269K->572613K(22609920K)] 22291459K->1193267K(25755648K), 0.1041102 secs] [Times: user=3.62 sys=0.00, real=0.11 secs] 
2336.603: [GC (Allocation Failure) [PSYoungGen: 21675205K->571269K(22609920K)] 22295859K->1192451K(25755648K), 0.1036293 secs] [Times: user=3.58 sys=0.00, real=0.11 secs] 
2347.681: [GC (Allocation Failure) [PSYoungGen: 21673861K->578250K(22609920K)] 22295043K->1199864K(25755648K), 0.1075647 secs] [Times: user=3.73 sys=0.01, real=0.11 secs] 
2358.870: [GC (Allocation Failure) [PSYoungGen: 21680842K->575205K(22609920K)] 22302456K->1197387K(25755648K), 0.1048763 secs] [Times: user=3.64 sys=0.00, real=0.10 secs] 
2369.886: [GC (Allocation Failure) [PSYoungGen: 21677797K->582922K(22609920K)] 22299979K->1205672K(25755648K), 0.1107245 secs] [Times: user=3.70 sys=0.00, real=0.11 secs] 
2381.228: [GC (Allocation Failure) [PSYoungGen: 21685514K->588905K(22609920K)] 22308264K->1212120K(25755648K), 0.1095687 secs] [Times: user=3.80 sys=0.00, real=0.11 secs] 
2391.920: [GC (Allocation Failure) [PSYoungGen: 21691497K->586997K(22609920K)] 22314712K->1210787K(25755648K), 0.1071998 secs] [Times: user=3.77 sys=0.00, real=0.11 secs] 
2402.335: [GC (Allocation Failure) [PSYoungGen: 21689589K->573221K(22609920K)] 22313379K->1197579K(25755648K), 0.1082265 secs] [Times: user=3.70 sys=0.00, real=0.11 secs] 
2413.077: [GC (Allocation Failure) [PSYoungGen: 21675813K->580741K(22609920K)] 22300171K->1205659K(25755648K), 0.1076965 secs] [Times: user=3.77 sys=0.00, real=0.11 secs] 
2423.792: [GC (Allocation Failure) [PSYoungGen: 21683333K->575877K(22609920K)] 22308251K->1201363K(25755648K), 0.1114027 secs] [Times: user=3.67 sys=0.00, real=0.11 secs] 
2434.467: [GC (Allocation Failure) [PSYoungGen: 21678469K->571749K(22609920K)] 22303955K->1197819K(25755648K), 0.1042175 secs] [Times: user=3.67 sys=0.00, real=0.11 secs] 
2445.011: [GC (Allocation Failure) [PSYoungGen: 21674341K->576101K(22609920K)] 22300411K->1202739K(25755648K), 0.1038564 secs] [Times: user=3.64 sys=0.00, real=0.10 secs] 
2455.688: [GC (Allocation Failure) [PSYoungGen: 21678693K->579466K(22609920K)] 22305331K->1206528K(25755648K), 0.1067876 secs] [Times: user=3.76 sys=0.00, real=0.11 secs] 
2465.969: [GC (Allocation Failure) [PSYoungGen: 21682058K->607141K(22609920K)] 22309120K->1234763K(25755648K), 0.1119416 secs] [Times: user=3.88 sys=0.01, real=0.11 secs] 
2476.301: [GC (Allocation Failure) [PSYoungGen: 21709733K->585221K(22609920K)] 22337355K->1213379K(25755648K), 0.1058559 secs] [Times: user=3.71 sys=0.00, real=0.11 secs] 
2486.607: [GC (Allocation Failure) [PSYoungGen: 21687813K->573429K(22609920K)] 22315971K->1201995K(25755648K), 0.1062226 secs] [Times: user=3.73 sys=0.00, real=0.10 secs] 
2496.715: [GC (Allocation Failure) [PSYoungGen: 21676021K->579397K(22609920K)] 22304587K->1208563K(25755648K), 0.1085088 secs] [Times: user=3.77 sys=0.01, real=0.11 secs] 
2506.777: [GC (Allocation Failure) [PSYoungGen: 21681989K->594814K(22609920K)] 22311155K->1224621K(25755648K), 0.1077521 secs] [Times: user=3.77 sys=0.01, real=0.11 secs] 
2517.009: [GC (Allocation Failure) [PSYoungGen: 21697406K->578229K(22609920K)] 22327213K->1208555K(25755648K), 0.1049230 secs] [Times: user=3.65 sys=0.00, real=0.11 secs] 
2527.189: [GC (Allocation Failure) [PSYoungGen: 21680821K->584661K(22609920K)] 22311147K->1215419K(25755648K), 0.1063389 secs] [Times: user=3.74 sys=0.00, real=0.11 secs] 
2536.807: [GC (Allocation Failure) [PSYoungGen: 21687253K->587637K(22609920K)] 22318011K->1218851K(25755648K), 0.1080923 secs] [Times: user=3.80 sys=0.00, real=0.11 secs] 
2546.621: [GC (Allocation Failure) [PSYoungGen: 21690229K->584725K(22609920K)] 22321443K->1216339K(25755648K), 0.1063353 secs] [Times: user=3.65 sys=0.00, real=0.11 secs] 
2556.500: [GC (Allocation Failure) [PSYoungGen: 21687317K->576155K(22609920K)] 22318931K->1208337K(25755648K), 0.1084049 secs] [Times: user=3.77 sys=0.00, real=0.11 secs] 
2566.229: [GC (Allocation Failure) [PSYoungGen: 21678747K->584117K(22609920K)] 22310929K->1216907K(25755648K), 0.1071072 secs] [Times: user=3.66 sys=0.01, real=0.10 secs] 
2576.107: [GC (Allocation Failure) [PSYoungGen: 21686709K->588534K(22609920K)] 22319499K->1221764K(25755648K), 0.1050647 secs] [Times: user=3.68 sys=0.01, real=0.11 secs] 
2585.778: [GC (Allocation Failure) [PSYoungGen: 21691126K->582741K(22609920K)] 22324356K->1216475K(25755648K), 0.1109367 secs] [Times: user=3.83 sys=0.00, real=0.11 secs] 
2595.307: [GC (Allocation Failure) [PSYoungGen: 21685333K->595487K(22609920K)] 22319067K->1229814K(25755648K), 0.1093290 secs] [Times: user=3.83 sys=0.00, real=0.11 secs] 
2604.653: [GC (Allocation Failure) [PSYoungGen: 21698079K->577157K(22609920K)] 22332406K->1212019K(25755648K), 0.1043720 secs] [Times: user=3.67 sys=0.00, real=0.10 secs] 
2613.971: [GC (Allocation Failure) [PSYoungGen: 21679749K->592213K(22609920K)] 22314611K->1227459K(25755648K), 0.1057644 secs] [Times: user=3.71 sys=0.00, real=0.11 secs] 
2623.409: [GC (Allocation Failure) [PSYoungGen: 21694805K->569717K(22609920K)] 22330051K->1205467K(25755648K), 0.1060144 secs] [Times: user=3.72 sys=0.00, real=0.10 secs] 
2632.789: [GC (Allocation Failure) [PSYoungGen: 21672309K->584357K(22609920K)] 22308059K->1220707K(25755648K), 0.1077147 secs] [Times: user=3.78 sys=0.00, real=0.10 secs] 
2642.170: [GC (Allocation Failure) [PSYoungGen: 21686949K->585989K(22609920K)] 22323299K->1222811K(25755648K), 0.1080722 secs] [Times: user=3.78 sys=0.01, real=0.10 secs] 
2651.525: [GC (Allocation Failure) [PSYoungGen: 21688581K->572677K(22609920K)] 22325403K->1210059K(25755648K), 0.1066747 secs] [Times: user=3.74 sys=0.00, real=0.11 secs] 
2660.884: [GC (Allocation Failure) [PSYoungGen: 21675269K->590522K(22609920K)] 22312651K->1228345K(25755648K), 0.1064659 secs] [Times: user=3.73 sys=0.01, real=0.10 secs] 
2669.901: [GC (Allocation Failure) [PSYoungGen: 21693114K->589946K(22609920K)] 22330937K->1228368K(25755648K), 0.1066121 secs] [Times: user=3.69 sys=0.00, real=0.11 secs] 
2679.021: [GC (Allocation Failure) [PSYoungGen: 21692538K->604137K(22609920K)] 22330960K->1243112K(25755648K), 0.1083755 secs] [Times: user=3.78 sys=0.00, real=0.11 secs] 
2688.082: [GC (Allocation Failure) [PSYoungGen: 21706729K->595493K(22609920K)] 22345704K->1234947K(25755648K), 0.1097899 secs] [Times: user=3.86 sys=0.00, real=0.11 secs] 
2697.204: [GC (Allocation Failure) [PSYoungGen: 21698085K->586245K(22609920K)] 22337539K->1226091K(25755648K), 0.1120878 secs] [Times: user=3.79 sys=0.00, real=0.11 secs] 
2706.382: [GC (Allocation Failure) [PSYoungGen: 21688837K->571381K(22609920K)] 22328683K->1211787K(25755648K), 0.1025556 secs] [Times: user=3.60 sys=0.00, real=0.10 secs] 
2715.402: [GC (Allocation Failure) [PSYoungGen: 21673973K->578009K(22609920K)] 22314379K->1219216K(25755648K), 0.1052628 secs] [Times: user=3.62 sys=0.00, real=0.10 secs] 
2724.500: [GC (Allocation Failure) [PSYoungGen: 21680601K->587333K(22609920K)] 22321808K->1228939K(25755648K), 0.1065342 secs] [Times: user=3.66 sys=0.00, real=0.11 secs] 
2733.303: [GC (Allocation Failure) [PSYoungGen: 21689925K->584986K(22609920K)] 22331531K->1227088K(25755648K), 0.1057632 secs] [Times: user=3.72 sys=0.00, real=0.11 secs] 
2742.091: [GC (Allocation Failure) [PSYoungGen: 21687578K->599705K(22609920K)] 22329680K->1242376K(25755648K), 0.1104109 secs] [Times: user=3.80 sys=0.00, real=0.11 secs] 
2750.888: [GC (Allocation Failure) [PSYoungGen: 21702297K->582181K(22609920K)] 22344968K->1225267K(25755648K), 0.1095244 secs] [Times: user=3.85 sys=0.00, real=0.11 secs] 
2759.688: [GC (Allocation Failure) [PSYoungGen: 21684773K->590170K(22609920K)] 22327859K->1233873K(25755648K), 0.1091796 secs] [Times: user=3.79 sys=0.00, real=0.11 secs] 
2768.469: [GC (Allocation Failure) [PSYoungGen: 21692762K->581862K(22609920K)] 22336465K->1226029K(25755648K), 0.1047379 secs] [Times: user=3.68 sys=0.00, real=0.10 secs] 
2777.216: [GC (Allocation Failure) [PSYoungGen: 21684454K->599962K(22609920K)] 22328621K->1244600K(25755648K), 0.1104879 secs] [Times: user=3.83 sys=0.00, real=0.11 secs] 
2785.979: [GC (Allocation Failure) [PSYoungGen: 21702554K->590654K(22609920K)] 22347192K->1235748K(25755648K), 0.1089974 secs] [Times: user=3.83 sys=0.00, real=0.11 secs] 
2794.742: [GC (Allocation Failure) [PSYoungGen: 21693246K->581786K(22609920K)] 22338340K->1227425K(25755648K), 0.1060990 secs] [Times: user=3.66 sys=0.00, real=0.10 secs] 
2803.191: [GC (Allocation Failure) [PSYoungGen: 21684378K->602186K(22609920K)] 22330017K->1248329K(25755648K), 0.1090913 secs] [Times: user=3.83 sys=0.00, real=0.11 secs] 
2811.733: [GC (Allocation Failure) [PSYoungGen: 21704778K->581621K(22609920K)] 22350921K->1228139K(25755648K), 0.1053804 secs] [Times: user=3.63 sys=0.01, real=0.11 secs] 
2820.187: [GC (Allocation Failure) [PSYoungGen: 21684213K->593861K(22609920K)] 22330731K->1241003K(25755648K), 0.1082960 secs] [Times: user=3.81 sys=0.00, real=0.10 secs] 
2828.720: [GC (Allocation Failure) [PSYoungGen: 21696453K->599921K(22609920K)] 22343595K->1247543K(25755648K), 0.1079078 secs] [Times: user=3.79 sys=0.00, real=0.11 secs] 
2837.116: [GC (Allocation Failure) [PSYoungGen: 21702513K->587141K(22609920K)] 22350135K->1235219K(25755648K), 0.1090186 secs] [Times: user=3.74 sys=0.00, real=0.11 secs] 
2845.807: [GC (Allocation Failure) [PSYoungGen: 21689733K->592741K(22609920K)] 22337811K->1241283K(25755648K), 0.1097790 secs] [Times: user=3.80 sys=0.00, real=0.11 secs] 
2854.357: [GC (Allocation Failure) [PSYoungGen: 21695333K->581541K(22609920K)] 22343875K->1230643K(25755648K), 0.1076753 secs] [Times: user=3.76 sys=0.01, real=0.11 secs] 
2862.843: [GC (Allocation Failure) [PSYoungGen: 21684133K->592730K(22609920K)] 22333235K->1242208K(25755648K), 0.1108714 secs] [Times: user=3.82 sys=0.01, real=0.11 secs] 
2870.992: [GC (Allocation Failure) [PSYoungGen: 21695322K->594393K(22609920K)] 22344800K->1244424K(25755648K), 0.1072546 secs] [Times: user=3.78 sys=0.01, real=0.11 secs] 
2879.182: [GC (Allocation Failure) [PSYoungGen: 21696985K->607790K(22609920K)] 22347016K->1258205K(25755648K), 0.1111358 secs] [Times: user=3.83 sys=0.01, real=0.11 secs] 
2887.292: [GC (Allocation Failure) [PSYoungGen: 21710382K->595525K(22609920K)] 22360797K->1246547K(25755648K), 0.1097500 secs] [Times: user=3.84 sys=0.01, real=0.11 secs] 
2895.454: [GC (Allocation Failure) [PSYoungGen: 21698117K->580634K(22609920K)] 22349139K->1232088K(25755648K), 0.1090268 secs] [Times: user=3.77 sys=0.01, real=0.11 secs] 
2903.644: [GC (Allocation Failure) [PSYoungGen: 21683226K->593221K(22609920K)] 22334680K->1245171K(25755648K), 0.1066154 secs] [Times: user=3.74 sys=0.00, real=0.11 secs] 
2911.691: [GC (Allocation Failure) [PSYoungGen: 21695813K->613737K(22609920K)] 22347763K->1266144K(25755648K), 0.1099198 secs] [Times: user=3.85 sys=0.01, real=0.11 secs] 
2919.918: [GC (Allocation Failure) [PSYoungGen: 21716329K->606340K(22609920K)] 22368736K->1259155K(25755648K), 0.1124798 secs] [Times: user=3.96 sys=0.00, real=0.12 secs] 
2928.240: [GC (Allocation Failure) [PSYoungGen: 21708932K->602501K(22609920K)] 22361747K->1255899K(25755648K), 0.1082838 secs] [Times: user=3.81 sys=0.00, real=0.11 secs] 
2936.409: [GC (Allocation Failure) [PSYoungGen: 21705093K->573893K(22609920K)] 22358491K->1227755K(25755648K), 0.1075466 secs] [Times: user=3.78 sys=0.00, real=0.11 secs] 
2944.787: [GC (Allocation Failure) [PSYoungGen: 21676485K->580741K(22609920K)] 22330347K->1235027K(25755648K), 0.1082391 secs] [Times: user=3.79 sys=0.00, real=0.11 secs] 
2952.902: [GC (Allocation Failure) [PSYoungGen: 21683333K->592105K(22609920K)] 22337619K->1246888K(25755648K), 0.1110249 secs] [Times: user=3.72 sys=0.00, real=0.11 secs] 
2960.901: [GC (Allocation Failure) [PSYoungGen: 21694697K->590629K(22609920K)] 22349480K->1245867K(25755648K), 0.1089293 secs] [Times: user=3.84 sys=0.01, real=0.11 secs] 
2968.948: [GC (Allocation Failure) [PSYoungGen: 21693221K->599146K(22609920K)] 22348459K->1254968K(25755648K), 0.1082981 secs] [Times: user=3.80 sys=0.00, real=0.11 secs] 
2976.684: [GC (Allocation Failure) [PSYoungGen: 21701738K->591194K(22609920K)] 22357560K->1247425K(25755648K), 0.1088573 secs] [Times: user=3.83 sys=0.00, real=0.11 secs] 
2984.703: [GC (Allocation Failure) [PSYoungGen: 21693786K->596159K(22609920K)] 22350017K->1252925K(25755648K), 0.1078739 secs] [Times: user=3.79 sys=0.00, real=0.11 secs] 
2992.558: [GC (Allocation Failure) [PSYoungGen: 21698751K->588783K(22609920K)] 22355517K->1245950K(25755648K), 0.1103398 secs] [Times: user=3.81 sys=0.01, real=0.11 secs] 
3000.542: [GC (Allocation Failure) [PSYoungGen: 21691375K->602741K(22609920K)] 22348542K->1260379K(25755648K), 0.1082994 secs] [Times: user=3.82 sys=0.00, real=0.11 secs] 
3008.316: [GC (Allocation Failure) [PSYoungGen: 21705333K->596917K(22609920K)] 22362971K->1255195K(25755648K), 0.1098042 secs] [Times: user=3.86 sys=0.00, real=0.11 secs] 
3016.358: [GC (Allocation Failure) [PSYoungGen: 21699509K->573061K(22609920K)] 22357787K->1231859K(25755648K), 0.1072475 secs] [Times: user=3.76 sys=0.01, real=0.10 secs] 
3024.323: [GC (Allocation Failure) [PSYoungGen: 21675653K->572165K(22609920K)] 22334451K->1231459K(25755648K), 0.1087611 secs] [Times: user=3.75 sys=0.00, real=0.11 secs] 
3032.389: [GC (Allocation Failure) [PSYoungGen: 21674757K->594692K(22609920K)] 22334051K->1254443K(25755648K), 0.1086193 secs] [Times: user=3.82 sys=0.00, real=0.10 secs] 
3040.469: [GC (Allocation Failure) [PSYoungGen: 21697284K->580661K(22609920K)] 22357035K->1241051K(25755648K), 0.1052435 secs] [Times: user=3.70 sys=0.00, real=0.11 secs] 
3048.222: [GC (Allocation Failure) [PSYoungGen: 21683253K->596405K(22609920K)] 22343643K->1257171K(25755648K), 0.1106032 secs] [Times: user=3.84 sys=0.00, real=0.11 secs] 
3056.038: [GC (Allocation Failure) [PSYoungGen: 21698997K->596277K(22609920K)] 22359763K->1257620K(25755648K), 0.1099218 secs] [Times: user=3.86 sys=0.01, real=0.11 secs] 
3063.721: [GC (Allocation Failure) [PSYoungGen: 21698869K->593578K(22609920K)] 22360212K->1255376K(25755648K), 0.1069569 secs] [Times: user=3.77 sys=0.00, real=0.11 secs] 
3071.266: [GC (Allocation Failure) [PSYoungGen: 21696170K->606693K(22609920K)] 22357968K->1269107K(25755648K), 0.1101635 secs] [Times: user=3.87 sys=0.01, real=0.11 secs] 
3078.875: [GC (Allocation Failure) [PSYoungGen: 21709285K->608346K(22609920K)] 22371699K->1271353K(25755648K), 0.1114435 secs] [Times: user=3.92 sys=0.00, real=0.12 secs] 
3086.509: [GC (Allocation Failure) [PSYoungGen: 21710938K->592213K(22609920K)] 22373945K->1255644K(25755648K), 0.1054684 secs] [Times: user=3.72 sys=0.01, real=0.10 secs] 
3094.200: [GC (Allocation Failure) [PSYoungGen: 21694805K->609833K(22609920K)] 22358236K->1273760K(25755648K), 0.1124322 secs] [Times: user=3.93 sys=0.00, real=0.11 secs] 
3101.963: [GC (Allocation Failure) [PSYoungGen: 21712425K->607316K(22609920K)] 22376352K->1271787K(25755648K), 0.1091434 secs] [Times: user=3.84 sys=0.00, real=0.11 secs] 
3109.896: [GC (Allocation Failure) [PSYoungGen: 21709908K->586981K(22609920K)] 22374379K->1251860K(25755648K), 0.1086498 secs] [Times: user=3.64 sys=0.00, real=0.11 secs] 
3117.582: [GC (Allocation Failure) [PSYoungGen: 21689573K->590666K(22609920K)] 22354452K->1256072K(25755648K), 0.1096767 secs] [Times: user=3.86 sys=0.00, real=0.11 secs] 
3125.078: [GC (Allocation Failure) [PSYoungGen: 21693258K->606699K(22609920K)] 22358664K->1272578K(25755648K), 0.1081919 secs] [Times: user=3.79 sys=0.00, real=0.11 secs] 
3132.599: [GC (Allocation Failure) [PSYoungGen: 21709291K->604037K(22609920K)] 22375170K->1270276K(25755648K), 0.1128217 secs] [Times: user=3.94 sys=0.00, real=0.11 secs] 
3140.222: [GC (Allocation Failure) [PSYoungGen: 21706629K->596549K(22609920K)] 22372868K->1263403K(25755648K), 0.1082746 secs] [Times: user=3.79 sys=0.00, real=0.11 secs] 
3147.582: [GC (Allocation Failure) [PSYoungGen: 21699141K->619609K(22609920K)] 22365995K->1286919K(25755648K), 0.1114773 secs] [Times: user=3.91 sys=0.01, real=0.11 secs] 
3155.151: [GC (Allocation Failure) [PSYoungGen: 21722201K->604297K(22609920K)] 22389511K->1272023K(25755648K), 0.1099381 secs] [Times: user=3.74 sys=0.01, real=0.11 secs] 
3162.531: [GC (Allocation Failure) [PSYoungGen: 21706889K->595061K(22609920K)] 22374615K->1263188K(25755648K), 0.1099451 secs] [Times: user=3.87 sys=0.00, real=0.11 secs] 
3170.085: [GC (Allocation Failure) [PSYoungGen: 21697653K->612987K(22609920K)] 22365780K->1281617K(25755648K), 0.1119620 secs] [Times: user=3.95 sys=0.00, real=0.11 secs] 
3177.515: [GC (Allocation Failure) [PSYoungGen: 21715579K->580421K(22609920K)] 22384209K->1249428K(25755648K), 0.1081471 secs] [Times: user=3.79 sys=0.01, real=0.11 secs] 
3185.181: [GC (Allocation Failure) [PSYoungGen: 21683013K->606750K(22609920K)] 22352020K->1276253K(25755648K), 0.1125760 secs] [Times: user=3.92 sys=0.00, real=0.12 secs] 
3192.564: [GC (Allocation Failure) [PSYoungGen: 21709342K->619449K(22609920K)] 22378845K->1289336K(25755648K), 0.1110489 secs] [Times: user=3.87 sys=0.00, real=0.11 secs] 
3199.774: [GC (Allocation Failure) [PSYoungGen: 21722041K->596154K(22609920K)] 22391928K->1266529K(25755648K), 0.1082812 secs] [Times: user=3.81 sys=0.00, real=0.11 secs] 
3207.072: [GC (Allocation Failure) [PSYoungGen: 21698746K->607802K(22609920K)] 22369121K->1278584K(25755648K), 0.1082173 secs] [Times: user=3.80 sys=0.00, real=0.11 secs] 
3214.321: [GC (Allocation Failure) [PSYoungGen: 21710394K->593340K(22609920K)] 22381176K->1264571K(25755648K), 0.1077532 secs] [Times: user=3.77 sys=0.00, real=0.11 secs] 
3221.438: [GC (Allocation Failure) [PSYoungGen: 21695932K->582165K(22609920K)] 22367163K->1253852K(25755648K), 0.1076079 secs] [Times: user=3.78 sys=0.00, real=0.10 secs] 
3228.777: [GC (Allocation Failure) [PSYoungGen: 21684757K->601481K(22609920K)] 22356444K->1273736K(25755648K), 0.1118665 secs] [Times: user=3.86 sys=0.00, real=0.12 secs] 
3236.114: [GC (Allocation Failure) [PSYoungGen: 21704073K->610250K(22609920K)] 22376328K->1282992K(25755648K), 0.1129657 secs] [Times: user=3.93 sys=0.00, real=0.11 secs] 
3243.294: [GC (Allocation Failure) [PSYoungGen: 21712842K->607066K(22609920K)] 22385584K->1280360K(25755648K), 0.1091891 secs] [Times: user=3.80 sys=0.00, real=0.11 secs] 
3250.452: [GC (Allocation Failure) [PSYoungGen: 21709658K->585577K(22609920K)] 22382952K->1259264K(25755648K), 0.1088935 secs] [Times: user=3.80 sys=0.00, real=0.10 secs] 
3257.650: [GC (Allocation Failure) [PSYoungGen: 21688169K->589130K(22609920K)] 22361856K->1263248K(25755648K), 0.1114238 secs] [Times: user=3.76 sys=0.00, real=0.11 secs] 
3264.850: [GC (Allocation Failure) [PSYoungGen: 21691722K->592901K(22609920K)] 22365840K->1267556K(25755648K), 0.1070366 secs] [Times: user=3.77 sys=0.00, real=0.11 secs] 
3271.920: [GC (Allocation Failure) [PSYoungGen: 21695493K->619311K(22609920K)] 22370148K->1294381K(25755648K), 0.1111895 secs] [Times: user=3.91 sys=0.01, real=0.11 secs] 
3279.061: [GC (Allocation Failure) [PSYoungGen: 21721903K->592261K(22609920K)] 22396973K->1267692K(25755648K), 0.1078788 secs] [Times: user=3.77 sys=0.01, real=0.11 secs] 
3286.224: [GC (Allocation Failure) [PSYoungGen: 21694853K->609066K(22609920K)] 22370284K->1284984K(25755648K), 0.1099587 secs] [Times: user=3.82 sys=0.00, real=0.11 secs] 
3293.392: [GC (Allocation Failure) [PSYoungGen: 21711658K->582810K(22609920K)] 22387576K->1259233K(25755648K), 0.1101881 secs] [Times: user=3.72 sys=0.00, real=0.11 secs] 
3300.526: [GC (Allocation Failure) [PSYoungGen: 21685402K->587707K(22609920K)] 22361825K->1264577K(25755648K), 0.1055435 secs] [Times: user=3.71 sys=0.01, real=0.11 secs] 
3307.653: [GC (Allocation Failure) [PSYoungGen: 21690299K->588682K(22609920K)] 22367169K->1265984K(25755648K), 0.1062445 secs] [Times: user=3.74 sys=0.00, real=0.10 secs] 
3314.781: [GC (Allocation Failure) [PSYoungGen: 21691274K->602821K(22609920K)] 22368576K->1280604K(25755648K), 0.1095344 secs] [Times: user=3.85 sys=0.00, real=0.10 secs] 
3321.895: [GC (Allocation Failure) [PSYoungGen: 21705413K->594405K(22609920K)] 22383196K->1272572K(25755648K), 0.1109173 secs] [Times: user=3.87 sys=0.01, real=0.11 secs] 
3328.769: [GC (Allocation Failure) [PSYoungGen: 21696997K->592677K(22609920K)] 22375164K->1271364K(25755648K), 0.1096697 secs] [Times: user=3.86 sys=0.00, real=0.11 secs] 
3335.500: [GC (Allocation Failure) [PSYoungGen: 21695269K->588313K(22609920K)] 22373956K->1267384K(25755648K), 0.1069368 secs] [Times: user=3.74 sys=0.00, real=0.11 secs] 
3342.356: [GC (Allocation Failure) [PSYoungGen: 21690905K->584282K(22609920K)] 22369976K->1263769K(25755648K), 0.1061464 secs] [Times: user=3.72 sys=0.00, real=0.11 secs] 
3349.260: [GC (Allocation Failure) [PSYoungGen: 21686874K->607706K(22609920K)] 22366361K->1287632K(25755648K), 0.1136770 secs] [Times: user=3.94 sys=0.01, real=0.11 secs] 
3356.131: [GC (Allocation Failure) [PSYoungGen: 21710298K->631623K(22609920K)] 22390224K->1312021K(25755648K), 0.1136962 secs] [Times: user=3.95 sys=0.00, real=0.11 secs] 
3363.009: [GC (Allocation Failure) [PSYoungGen: 21734215K->614287K(22609920K)] 22414613K->1295253K(25755648K), 0.1107978 secs] [Times: user=3.89 sys=0.01, real=0.11 secs] 
3369.775: [GC (Allocation Failure) [PSYoungGen: 21716879K->598778K(22609920K)] 22397845K->1280104K(25755648K), 0.1110478 secs] [Times: user=3.91 sys=0.00, real=0.11 secs] 
3376.646: [GC (Allocation Failure) [PSYoungGen: 21701370K->602123K(22609920K)] 22382696K->1284073K(25755648K), 0.1114757 secs] [Times: user=3.83 sys=0.01, real=0.11 secs] 
3383.495: [GC (Allocation Failure) [PSYoungGen: 21704715K->598222K(22609920K)] 22386665K->1280541K(25755648K), 0.1099235 secs] [Times: user=3.88 sys=0.01, real=0.11 secs] 
3390.190: [GC (Allocation Failure) [PSYoungGen: 21700814K->611224K(22609920K)] 22383133K->1293967K(25755648K), 0.1123369 secs] [Times: user=3.85 sys=0.00, real=0.11 secs] 
3397.069: [GC (Allocation Failure) [PSYoungGen: 21713816K->607706K(22609920K)] 22396559K->1290912K(25755648K), 0.1098309 secs] [Times: user=3.86 sys=0.00, real=0.11 secs] 
3403.521: [GC (Allocation Failure) [PSYoungGen: 21710298K->595818K(22609920K)] 22393504K->1279393K(25755648K), 0.1073540 secs] [Times: user=3.76 sys=0.01, real=0.11 secs] 
3410.285: [GC (Allocation Failure) [PSYoungGen: 21698410K->622208K(22609920K)] 22381985K->1306166K(25755648K), 0.1130082 secs] [Times: user=3.96 sys=0.00, real=0.12 secs] 
3416.981: [GC (Allocation Failure) [PSYoungGen: 21724800K->636211K(22609920K)] 22408758K->1320570K(25755648K), 0.1155011 secs] [Times: user=4.03 sys=0.00, real=0.11 secs] 
3423.626: [GC (Allocation Failure) [PSYoungGen: 21738803K->613170K(22609920K)] 22423162K->1297961K(25755648K), 0.1101372 secs] [Times: user=3.84 sys=0.00, real=0.11 secs] 
3430.432: [GC (Allocation Failure) [PSYoungGen: 21715762K->578437K(22609920K)] 22400553K->1263636K(25755648K), 0.1060165 secs] [Times: user=3.67 sys=0.01, real=0.10 secs] 
3437.202: [GC (Allocation Failure) [PSYoungGen: 21681029K->627934K(22609920K)] 22366228K->1313517K(25755648K), 0.1138800 secs] [Times: user=3.95 sys=0.00, real=0.11 secs] 
3443.773: [GC (Allocation Failure) [PSYoungGen: 21730526K->595834K(22609920K)] 22416109K->1281928K(25755648K), 0.1090634 secs] [Times: user=3.73 sys=0.00, real=0.11 secs] 
3450.499: [GC (Allocation Failure) [PSYoungGen: 21698426K->602190K(22609920K)] 22384520K->1288700K(25755648K), 0.1106210 secs] [Times: user=3.89 sys=0.00, real=0.11 secs] 
3457.264: [GC (Allocation Failure) [PSYoungGen: 21704782K->616223K(22609920K)] 22391292K->1303246K(25755648K), 0.1142171 secs] [Times: user=4.03 sys=0.00, real=0.11 secs] 
3463.753: [GC (Allocation Failure) [PSYoungGen: 21718815K->588453K(22609920K)] 22405838K->1275844K(25755648K), 0.1070509 secs] [Times: user=3.75 sys=0.00, real=0.11 secs] 
3470.301: [GC (Allocation Failure) [PSYoungGen: 21691045K->609217K(22609920K)] 22378436K->1297143K(25755648K), 0.1136763 secs] [Times: user=3.88 sys=0.00, real=0.12 secs] 
3476.785: [GC (Allocation Failure) [PSYoungGen: 21711809K->596394K(22609920K)] 22399735K->1284696K(25755648K), 0.1106571 secs] [Times: user=3.90 sys=0.00, real=0.12 secs] 
3483.152: [GC (Allocation Failure) [PSYoungGen: 21698986K->606693K(22609920K)] 22387288K->1295404K(25755648K), 0.1113134 secs] [Times: user=3.80 sys=0.00, real=0.11 secs] 
3489.651: [GC (Allocation Failure) [PSYoungGen: 21709285K->600651K(22609920K)] 22397996K->1289713K(25755648K), 0.1088023 secs] [Times: user=3.81 sys=0.00, real=0.11 secs] 
3496.159: [GC (Allocation Failure) [PSYoungGen: 21703243K->616464K(22609920K)] 22392305K->1306110K(25755648K), 0.1129826 secs] [Times: user=3.97 sys=0.00, real=0.12 secs] 
3502.683: [GC (Allocation Failure) [PSYoungGen: 21719056K->616164K(22609920K)] 22408702K->1306195K(25755648K), 0.1119103 secs] [Times: user=3.90 sys=0.00, real=0.11 secs] 
3509.334: [GC (Allocation Failure) [PSYoungGen: 21718756K->592469K(22609920K)] 22408787K->1283052K(25755648K), 0.1077670 secs] [Times: user=3.78 sys=0.00, real=0.11 secs] 
3515.934: [GC (Allocation Failure) [PSYoungGen: 21695061K->608741K(22609920K)] 22385644K->1299708K(25755648K), 0.1092613 secs] [Times: user=3.85 sys=0.00, real=0.11 secs] 
3522.444: [GC (Allocation Failure) [PSYoungGen: 21711333K->593024K(22609920K)] 22402300K->1284415K(25755648K), 0.1092771 secs] [Times: user=3.82 sys=0.00, real=0.11 secs] 
3529.063: [GC (Allocation Failure) [PSYoungGen: 21695616K->613821K(22609920K)] 22387007K->1305587K(25755648K), 0.1108194 secs] [Times: user=3.89 sys=0.00, real=0.12 secs] 
3535.425: [GC (Allocation Failure) [PSYoungGen: 21716413K->600090K(22609920K)] 22408179K->1292265K(25755648K), 0.1108905 secs] [Times: user=3.89 sys=0.00, real=0.12 secs] 
3541.686: [GC (Allocation Failure) [PSYoungGen: 21702682K->613327K(22609920K)] 22394857K->1305989K(25755648K), 0.1119476 secs] [Times: user=3.92 sys=0.01, real=0.12 secs] 
3547.881: [GC (Allocation Failure) [PSYoungGen: 21715919K->602885K(22609920K)] 22408581K->1295916K(25755648K), 0.1095688 secs] [Times: user=3.84 sys=0.01, real=0.11 secs] 
3554.379: [GC (Allocation Failure) [PSYoungGen: 21705477K->596670K(22609920K)] 22398508K->1290125K(25755648K), 0.1090634 secs] [Times: user=3.83 sys=0.00, real=0.11 secs] 
3560.653: [GC (Allocation Failure) [PSYoungGen: 21699262K->600538K(22609920K)] 22392717K->1294384K(25755648K), 0.1086196 secs] [Times: user=3.79 sys=0.00, real=0.11 secs] 
3567.129: [GC (Allocation Failure) [PSYoungGen: 21703130K->616704K(22609920K)] 22396976K->1310935K(25755648K), 0.1142620 secs] [Times: user=3.97 sys=0.01, real=0.12 secs] 
3573.580: [GC (Allocation Failure) [PSYoungGen: 21719296K->597024K(22609920K)] 22413527K->1291791K(25755648K), 0.1095720 secs] [Times: user=3.79 sys=0.00, real=0.11 secs] 
3580.017: [GC (Allocation Failure) [PSYoungGen: 21699616K->616250K(22609920K)] 22394383K->1311377K(25755648K), 0.1136992 secs] [Times: user=3.93 sys=0.00, real=0.11 secs] 
3586.417: [GC (Allocation Failure) [PSYoungGen: 21718842K->604911K(22609920K)] 22413969K->1300622K(25755648K), 0.1123148 secs] [Times: user=3.73 sys=0.01, real=0.11 secs] 
3592.838: [GC (Allocation Failure) [PSYoungGen: 21707503K->612539K(22609920K)] 22403214K->1308609K(25755648K), 0.1127913 secs] [Times: user=3.92 sys=0.00, real=0.11 secs] 
3599.052: [GC (Allocation Failure) [PSYoungGen: 21715131K->630504K(22609920K)] 22411201K->1327142K(25755648K), 0.1140105 secs] [Times: user=3.99 sys=0.00, real=0.12 secs] 
3605.525: [GC (Allocation Failure) [PSYoungGen: 21733096K->590149K(22609920K)] 22429734K->1287164K(25755648K), 0.1063077 secs] [Times: user=3.74 sys=0.01, real=0.11 secs] 
3611.620: [GC (Allocation Failure) [PSYoungGen: 21692741K->599653K(22609920K)] 22389756K->1297220K(25755648K), 0.1084577 secs] [Times: user=3.81 sys=0.00, real=0.11 secs] 
3617.812: [GC (Allocation Failure) [PSYoungGen: 21702245K->614186K(22609920K)] 22399812K->1312137K(25755648K), 0.1108400 secs] [Times: user=3.91 sys=0.00, real=0.11 secs] 
3624.001: [GC (Allocation Failure) [PSYoungGen: 21716778K->616595K(22609920K)] 22414729K->1314962K(25755648K), 0.1147875 secs] [Times: user=3.88 sys=0.00, real=0.11 secs] 
3630.226: [GC (Allocation Failure) [PSYoungGen: 21719187K->618762K(22609920K)] 22417554K->1317529K(25755648K), 0.1113612 secs] [Times: user=3.92 sys=0.01, real=0.11 secs] 
3636.365: [GC (Allocation Failure) [PSYoungGen: 21721354K->604798K(22609920K)] 22420121K->1303989K(25755648K), 0.1086234 secs] [Times: user=3.81 sys=0.00, real=0.11 secs] 
3642.533: [GC (Allocation Failure) [PSYoungGen: 21707390K->605625K(22609920K)] 22406581K->1305416K(25755648K), 0.1095866 secs] [Times: user=3.86 sys=0.00, real=0.11 secs] 
3648.804: [GC (Allocation Failure) [PSYoungGen: 21708217K->615110K(22609920K)] 22408008K->1315284K(25755648K), 0.1139481 secs] [Times: user=3.97 sys=0.01, real=0.11 secs] 
3654.950: [GC (Allocation Failure) [PSYoungGen: 21717702K->627461K(22609920K)] 22417876K->1328148K(25755648K), 0.1119470 secs] [Times: user=3.94 sys=0.00, real=0.11 secs] 
3661.267: [GC (Allocation Failure) [PSYoungGen: 21730053K->633758K(22609920K)] 22430740K->1334821K(25755648K), 0.1154350 secs] [Times: user=4.06 sys=0.00, real=0.11 secs] 
3667.449: [GC (Allocation Failure) [PSYoungGen: 21736350K->601637K(22609920K)] 22437413K->1303188K(25755648K), 0.1105503 secs] [Times: user=3.90 sys=0.00, real=0.11 secs] 
3673.656: [GC (Allocation Failure) [PSYoungGen: 21704229K->597546K(22609920K)] 22405780K->1299568K(25755648K), 0.1097334 secs] [Times: user=3.79 sys=0.00, real=0.11 secs] 
3679.493: [GC (Allocation Failure) [PSYoungGen: 21700138K->612516K(22609920K)] 22402160K->1314986K(25755648K), 0.1131170 secs] [Times: user=3.98 sys=0.00, real=0.11 secs] 
3685.415: [GC (Allocation Failure) [PSYoungGen: 21715108K->597573K(22609920K)] 22417578K->1300403K(25755648K), 0.1109650 secs] [Times: user=3.87 sys=0.00, real=0.11 secs] 
3691.401: [GC (Allocation Failure) [PSYoungGen: 21700165K->606298K(22609920K)] 22402995K->1309633K(25755648K), 0.1106413 secs] [Times: user=3.88 sys=0.00, real=0.11 secs] 
3697.387: [GC (Allocation Failure) [PSYoungGen: 21708841K->605703K(22609920K)] 22412176K->1309438K(25755648K), 0.1143842 secs] [Times: user=3.85 sys=0.01, real=0.12 secs] 
3703.430: [GC (Allocation Failure) [PSYoungGen: 21708295K->592549K(22609920K)] 22412030K->1296868K(25755648K), 0.1076896 secs] [Times: user=3.74 sys=0.00, real=0.10 secs] 
3709.501: [GC (Allocation Failure) [PSYoungGen: 21695141K->598069K(22609920K)] 22399460K->1302764K(25755648K), 0.1096257 secs] [Times: user=3.79 sys=0.00, real=0.11 secs] 
3715.625: [GC (Allocation Failure) [PSYoungGen: 21700661K->608847K(22609920K)] 22405356K->1313910K(25755648K), 0.1093582 secs] [Times: user=3.85 sys=0.00, real=0.11 secs] 
3721.753: [GC (Allocation Failure) [PSYoungGen: 21711439K->611887K(22609920K)] 22416502K->1317366K(25755648K), 0.1100522 secs] [Times: user=3.87 sys=0.00, real=0.11 secs] 
3727.857: [GC (Allocation Failure) [PSYoungGen: 21714479K->608255K(22609920K)] 22419958K->1314118K(25755648K), 0.1146596 secs] [Times: user=4.00 sys=0.01, real=0.11 secs] 
3733.969: [GC (Allocation Failure) [PSYoungGen: 21710847K->613629K(22609920K)] 22416710K->1319899K(25755648K), 0.1133054 secs] [Times: user=3.98 sys=0.00, real=0.11 secs] 
3739.929: [GC (Allocation Failure) [PSYoungGen: 21716221K->611739K(22609920K)] 22422491K->1318433K(25755648K), 0.1111983 secs] [Times: user=3.83 sys=0.00, real=0.11 secs] 
3745.839: [GC (Allocation Failure) [PSYoungGen: 21714331K->608591K(22609920K)] 22421025K->1315678K(25755648K), 0.1119749 secs] [Times: user=3.94 sys=0.00, real=0.11 secs] 
3751.964: [GC (Allocation Failure) [PSYoungGen: 21711183K->606616K(22609920K)] 22418270K->1314102K(25755648K), 0.1099482 secs] [Times: user=3.87 sys=0.00, real=0.11 secs] 
3757.980: [GC (Allocation Failure) [PSYoungGen: 21709208K->616393K(22609920K)] 22416694K->1324280K(25755648K), 0.1133657 secs] [Times: user=4.00 sys=0.00, real=0.11 secs] 
3764.027: [GC (Allocation Failure) [PSYoungGen: 21718985K->622949K(22609920K)] 22426872K->1331219K(25755648K), 0.1148189 secs] [Times: user=4.03 sys=0.00, real=0.12 secs] 
3769.907: [GC (Allocation Failure) [PSYoungGen: 21725541K->602149K(22609920K)] 22433811K->1310812K(25755648K), 0.1106522 secs] [Times: user=3.89 sys=0.00, real=0.11 secs] 
3775.874: [GC (Allocation Failure) [PSYoungGen: 21704741K->626994K(22609920K)] 22413404K->1336185K(25755648K), 0.1130750 secs] [Times: user=3.98 sys=0.00, real=0.11 secs] 
3781.941: [GC (Allocation Failure) [PSYoungGen: 21729586K->613669K(22609920K)] 22438777K->1323324K(25755648K), 0.1118630 secs] [Times: user=3.93 sys=0.00, real=0.12 secs] 
3787.845: [GC (Allocation Failure) [PSYoungGen: 21716261K->613845K(22609920K)] 22425916K->1323932K(25755648K), 0.1137738 secs] [Times: user=4.00 sys=0.00, real=0.11 secs] 
3793.680: [GC (Allocation Failure) [PSYoungGen: 21716437K->604362K(22609920K)] 22426524K->1314824K(25755648K), 0.1127808 secs] [Times: user=3.88 sys=0.01, real=0.11 secs] 
3799.505: [GC (Allocation Failure) [PSYoungGen: 21706824K->613807K(22609920K)] 22417287K->1324638K(25755648K), 0.1122189 secs] [Times: user=3.85 sys=0.00, real=0.11 secs] 
3805.430: [GC (Allocation Failure) [PSYoungGen: 21716399K->609989K(22609920K)] 22427230K->1321340K(25755648K), 0.1126406 secs] [Times: user=3.95 sys=0.00, real=0.11 secs] 
3811.311: [GC (Allocation Failure) [PSYoungGen: 21712581K->599691K(22609920K)] 22423932K->1311433K(25755648K), 0.1079543 secs] [Times: user=3.79 sys=0.00, real=0.11 secs] 
3817.159: [GC (Allocation Failure) [PSYoungGen: 21702283K->620362K(22609920K)] 22414025K->1332505K(25755648K), 0.1155178 secs] [Times: user=3.98 sys=0.00, real=0.11 secs] 
3822.950: [GC (Allocation Failure) [PSYoungGen: 21722954K->638970K(22609920K)] 22435097K->1351496K(25755648K), 0.1151950 secs] [Times: user=4.05 sys=0.00, real=0.11 secs] 
3828.804: [GC (Allocation Failure) [PSYoungGen: 21741562K->625576K(22609920K)] 22454088K->1338558K(25755648K), 0.1150129 secs] [Times: user=4.06 sys=0.00, real=0.11 secs] 
3834.523: [GC (Allocation Failure) [PSYoungGen: 21728168K->596522K(22609920K)] 22441150K->1309873K(25755648K), 0.1091268 secs] [Times: user=3.83 sys=0.00, real=0.11 secs] 
3840.441: [GC (Allocation Failure) [PSYoungGen: 21699114K->592837K(22609920K)] 22412465K->1306604K(25755648K), 0.1070674 secs] [Times: user=3.76 sys=0.00, real=0.10 secs] 
3846.160: [GC (Allocation Failure) [PSYoungGen: 21695429K->647561K(22609920K)] 22409196K->1361880K(25755648K), 0.1182009 secs] [Times: user=4.14 sys=0.01, real=0.12 secs] 
3851.838: [GC (Allocation Failure) [PSYoungGen: 21750153K->608047K(22609920K)] 22464472K->1322734K(25755648K), 0.1130594 secs] [Times: user=3.98 sys=0.00, real=0.11 secs] 
3857.584: [GC (Allocation Failure) [PSYoungGen: 21710639K->614739K(22609920K)] 22425326K->1329826K(25755648K), 0.1112483 secs] [Times: user=3.91 sys=0.00, real=0.11 secs] 
3863.440: [GC (Allocation Failure) [PSYoungGen: 21717331K->608714K(22609920K)] 22432418K->1324169K(25755648K), 0.1100018 secs] [Times: user=3.85 sys=0.00, real=0.11 secs] 
3869.221: [GC (Allocation Failure) [PSYoungGen: 21711306K->637257K(22609920K)] 22426761K->1353136K(25755648K), 0.1149575 secs] [Times: user=4.01 sys=0.00, real=0.12 secs] 
3874.983: [GC (Allocation Failure) [PSYoungGen: 21739849K->617189K(22609920K)] 22455728K->1333435K(25755648K), 0.1119044 secs] [Times: user=3.93 sys=0.00, real=0.11 secs] 
3880.747: [GC (Allocation Failure) [PSYoungGen: 21719781K->605962K(22609920K)] 22436027K->1322616K(25755648K), 0.1100071 secs] [Times: user=3.87 sys=0.00, real=0.11 secs] 
3886.434: [GC (Allocation Failure) [PSYoungGen: 21708554K->596015K(22609920K)] 22425208K->1313045K(25755648K), 0.1104519 secs] [Times: user=3.86 sys=0.00, real=0.11 secs] 
3892.239: [GC (Allocation Failure) [PSYoungGen: 21698607K->618821K(22609920K)] 22415637K->1336420K(25755648K), 0.1174777 secs] [Times: user=3.99 sys=0.01, real=0.12 secs] 
3898.130: [GC (Allocation Failure) [PSYoungGen: 21721413K->612613K(22609920K)] 22439012K->1330572K(25755648K), 0.1127019 secs] [Times: user=3.95 sys=0.00, real=0.11 secs] 
3903.839: [GC (Allocation Failure) [PSYoungGen: 21715205K->603045K(22609920K)] 22433164K->1321580K(25755648K), 0.1127772 secs] [Times: user=3.97 sys=0.00, real=0.12 secs] 
3909.582: [GC (Allocation Failure) [PSYoungGen: 21705637K->602474K(22609920K)] 22424172K->1321464K(25755648K), 0.1101917 secs] [Times: user=3.87 sys=0.00, real=0.11 secs] 
3915.203: [GC (Allocation Failure) [PSYoungGen: 21705066K->634832K(22609920K)] 22424056K->1354310K(25755648K), 0.1151925 secs] [Times: user=4.04 sys=0.00, real=0.11 secs] 
3921.050: [GC (Allocation Failure) [PSYoungGen: 21737424K->621583K(22609920K)] 22456902K->1341438K(25755648K), 0.1138732 secs] [Times: user=3.99 sys=0.00, real=0.11 secs] 
3926.703: [GC (Allocation Failure) [PSYoungGen: 21724175K->607440K(22609920K)] 22444030K->1327662K(25755648K), 0.1105052 secs] [Times: user=3.87 sys=0.00, real=0.11 secs] 
3932.540: [GC (Allocation Failure) [PSYoungGen: 21710032K->610880K(22609920K)] 22430254K->1331542K(25755648K), 0.1106849 secs] [Times: user=3.87 sys=0.00, real=0.11 secs] 
3938.290: [GC (Allocation Failure) [PSYoungGen: 21713472K->608424K(22609920K)] 22434134K->1329455K(25755648K), 0.1090687 secs] [Times: user=3.84 sys=0.00, real=0.11 secs] 
3943.984: [GC (Allocation Failure) [PSYoungGen: 21711016K->624762K(22609920K)] 22432047K->1346208K(25755648K), 0.1161585 secs] [Times: user=4.08 sys=0.00, real=0.12 secs] 
3949.602: [GC (Allocation Failure) [PSYoungGen: 21727354K->607445K(22609920K)] 22448800K->1329268K(25755648K), 0.1106089 secs] [Times: user=3.83 sys=0.00, real=0.11 secs] 
3955.413: [GC (Allocation Failure) [PSYoungGen: 21710037K->598229K(22609920K)] 22431860K->1320476K(25755648K), 0.1097956 secs] [Times: user=3.87 sys=0.00, real=0.11 secs] 
3961.106: [GC (Allocation Failure) [PSYoungGen: 21700821K->606742K(22609920K)] 22423068K->1329445K(25755648K), 0.1123993 secs] [Times: user=3.96 sys=0.00, real=0.11 secs] 
3966.873: [GC (Allocation Failure) [PSYoungGen: 21709334K->615354K(22609920K)] 22432037K->1338449K(25755648K), 0.1168290 secs] [Times: user=3.95 sys=0.00, real=0.11 secs] 
3972.400: [GC (Allocation Failure) [PSYoungGen: 21717946K->592938K(22609920K)] 22441041K->1316536K(25755648K), 0.1113320 secs] [Times: user=3.91 sys=0.00, real=0.12 secs] 
3977.886: [GC (Allocation Failure) [PSYoungGen: 21695530K->610959K(22609920K)] 22419128K->1334910K(25755648K), 0.1115887 secs] [Times: user=3.93 sys=0.00, real=0.11 secs] 
3983.326: [GC (Allocation Failure) [PSYoungGen: 21713551K->598037K(22609920K)] 22437502K->1322404K(25755648K), 0.1103465 secs] [Times: user=3.88 sys=0.00, real=0.11 secs] 
3988.841: [GC (Allocation Failure) [PSYoungGen: 21700629K->623436K(22609920K)] 22424996K->1348179K(25755648K), 0.1119575 secs] [Times: user=3.94 sys=0.00, real=0.11 secs] 
3994.400: [GC (Allocation Failure) [PSYoungGen: 21726028K->620176K(22609920K)] 22450771K->1345414K(25755648K), 0.1121113 secs] [Times: user=3.93 sys=0.01, real=0.11 secs] 
3999.927: [GC (Allocation Failure) [PSYoungGen: 21722768K->635059K(22609920K)] 22448006K->1360665K(25755648K), 0.1150539 secs] [Times: user=3.99 sys=0.00, real=0.11 secs] 
4005.442: [GC (Allocation Failure) [PSYoungGen: 21737651K->602810K(22609920K)] 22463257K->1328977K(25755648K), 0.1112438 secs] [Times: user=3.92 sys=0.00, real=0.11 secs] 
4010.881: [GC (Allocation Failure) [PSYoungGen: 21705402K->607669K(22609920K)] 22431569K->1334252K(25755648K), 0.1108183 secs] [Times: user=3.83 sys=0.00, real=0.11 secs] 
4016.503: [GC (Allocation Failure) [PSYoungGen: 21710261K->628303K(22609920K)] 22436844K->1355269K(25755648K), 0.1136235 secs] [Times: user=3.95 sys=0.00, real=0.11 secs] 
4022.079: [GC (Allocation Failure) [PSYoungGen: 21730895K->629599K(22609920K)] 22457861K->1357037K(25755648K), 0.1131602 secs] [Times: user=3.98 sys=0.00, real=0.11 secs] 
4027.562: [GC (Allocation Failure) [PSYoungGen: 21732191K->606533K(22609920K)] 22459629K->1334356K(25755648K), 0.1101752 secs] [Times: user=3.81 sys=0.00, real=0.11 secs] 
4033.086: [GC (Allocation Failure) [PSYoungGen: 21709125K->630415K(22609920K)] 22436948K->1358614K(25755648K), 0.1134482 secs] [Times: user=4.00 sys=0.01, real=0.11 secs] 
4038.692: [GC (Allocation Failure) [PSYoungGen: 21733007K->596677K(22609920K)] 22461206K->1325316K(25755648K), 0.1091884 secs] [Times: user=3.84 sys=0.00, real=0.11 secs] 
4044.030: [GC (Allocation Failure) [PSYoungGen: 21699269K->609925K(22609920K)] 22427908K->1338916K(25755648K), 0.1100892 secs] [Times: user=3.87 sys=0.00, real=0.11 secs] 
4049.338: [GC (Allocation Failure) [PSYoungGen: 21712517K->614726K(22609920K)] 22441508K->1344253K(25755648K), 0.1133941 secs] [Times: user=3.98 sys=0.00, real=0.11 secs] 
4054.577: [GC (Allocation Failure) [PSYoungGen: 21717318K->597285K(22609920K)] 22446845K->1327204K(25755648K), 0.1126545 secs] [Times: user=3.88 sys=0.01, real=0.11 secs] 
4059.982: [GC (Allocation Failure) [PSYoungGen: 21699877K->624693K(22609920K)] 22429796K->1354980K(25755648K), 0.1133211 secs] [Times: user=4.00 sys=0.00, real=0.12 secs] 
4065.321: [GC (Allocation Failure) [PSYoungGen: 21727285K->595726K(22609920K)] 22457572K->1326485K(25755648K), 0.1099647 secs] [Times: user=3.86 sys=0.00, real=0.11 secs] 
4070.701: [GC (Allocation Failure) [PSYoungGen: 21698318K->639631K(22609920K)] 22429077K->1370806K(25755648K), 0.1151272 secs] [Times: user=4.06 sys=0.00, real=0.12 secs] 
4076.150: [GC (Allocation Failure) [PSYoungGen: 21742223K->625269K(22609920K)] 22473398K->1356828K(25755648K), 0.1134896 secs] [Times: user=3.94 sys=0.00, real=0.11 secs] 
4081.619: [GC (Allocation Failure) [PSYoungGen: 21727861K->604825K(22609920K)] 22459420K->1336736K(25755648K), 0.1113147 secs] [Times: user=3.92 sys=0.00, real=0.11 secs] 
4087.200: [GC (Allocation Failure) [PSYoungGen: 21707417K->629045K(22609920K)] 22439328K->1361475K(25755648K), 0.1171577 secs] [Times: user=4.09 sys=0.00, real=0.11 secs] 
4092.592: [GC (Allocation Failure) [PSYoungGen: 21731637K->622286K(22609920K)] 22464067K->1355077K(25755648K), 0.1118319 secs] [Times: user=3.94 sys=0.00, real=0.11 secs] 
4097.923: [GC (Allocation Failure) [PSYoungGen: 21724878K->622555K(22609920K)] 22457669K->1355810K(25755648K), 0.1145450 secs] [Times: user=3.88 sys=0.01, real=0.11 secs] 
4103.158: [GC (Allocation Failure) [PSYoungGen: 21725147K->625258K(22609920K)] 22458402K->1359017K(25755648K), 0.1147313 secs] [Times: user=4.04 sys=0.00, real=0.12 secs] 
4108.715: [GC (Allocation Failure) [PSYoungGen: 21727850K->622656K(22609920K)] 22461609K->1356791K(25755648K), 0.1149530 secs] [Times: user=4.04 sys=0.00, real=0.11 secs] 
4114.086: [GC (Allocation Failure) [PSYoungGen: 21725248K->624495K(22609920K)] 22459383K->1359141K(25755648K), 0.1139892 secs] [Times: user=3.98 sys=0.00, real=0.11 secs] 
4119.289: [GC (Allocation Failure) [PSYoungGen: 21727087K->633268K(22609920K)] 22461733K->1368291K(25755648K), 0.1137882 secs] [Times: user=4.00 sys=0.00, real=0.11 secs] 
4124.622: [GC (Allocation Failure) [PSYoungGen: 21735860K->630503K(22609920K)] 22470883K->1366038K(25755648K), 0.1145579 secs] [Times: user=4.04 sys=0.00, real=0.12 secs] 
4130.035: [GC (Allocation Failure) [PSYoungGen: 21733095K->616037K(22609920K)] 22468630K->1352036K(25755648K), 0.1139941 secs] [Times: user=3.97 sys=0.00, real=0.12 secs] 
4135.305: [GC (Allocation Failure) [PSYoungGen: 21718629K->625143K(22609920K)] 22454628K->1361518K(25755648K), 0.1142921 secs] [Times: user=4.02 sys=0.00, real=0.12 secs] 
4140.769: [GC (Allocation Failure) [PSYoungGen: 21727735K->630096K(22609920K)] 22464110K->1366950K(25755648K), 0.1148713 secs] [Times: user=4.04 sys=0.00, real=0.11 secs] 
4146.073: [GC (Allocation Failure) [PSYoungGen: 21732688K->643476K(22609920K)] 22469542K->1380714K(25755648K), 0.1156580 secs] [Times: user=4.08 sys=0.00, real=0.12 secs] 
4151.419: [GC (Allocation Failure) [PSYoungGen: 21746068K->610334K(22609920K)] 22483306K->1347997K(25755648K), 0.1154518 secs] [Times: user=4.00 sys=0.00, real=0.11 secs] 
4156.721: [GC (Allocation Failure) [PSYoungGen: 21712926K->612485K(22609920K)] 22450589K->1350548K(25755648K), 0.1100143 secs] [Times: user=3.87 sys=0.00, real=0.11 secs] 
4162.109: [GC (Allocation Failure) [PSYoungGen: 21715077K->614314K(22609920K)] 22453140K->1352745K(25755648K), 0.1111921 secs] [Times: user=3.91 sys=0.00, real=0.12 secs] 
4167.404: [GC (Allocation Failure) [PSYoungGen: 21716906K->615370K(22609920K)] 22455337K->1354225K(25755648K), 0.1109216 secs] [Times: user=3.90 sys=0.01, real=0.11 secs] 
4172.660: [GC (Allocation Failure) [PSYoungGen: 21717962K->617513K(22609920K)] 22456817K->1356759K(25755648K), 0.1122830 secs] [Times: user=3.95 sys=0.01, real=0.12 secs] 
4177.854: [GC (Allocation Failure) [PSYoungGen: 21720105K->621695K(22609920K)] 22459351K->1361302K(25755648K), 0.1140153 secs] [Times: user=4.01 sys=0.01, real=0.11 secs] 
4183.175: [GC (Allocation Failure) [PSYoungGen: 21724287K->638298K(22609920K)] 22463894K->1378400K(25755648K), 0.1146897 secs] [Times: user=4.04 sys=0.00, real=0.11 secs] 
4188.405: [GC (Allocation Failure) [PSYoungGen: 21740890K->586149K(22609920K)] 22480992K->1326676K(25755648K), 0.1082013 secs] [Times: user=3.80 sys=0.00, real=0.10 secs] 
4193.590: [GC (Allocation Failure) [PSYoungGen: 21688741K->592997K(22609920K)] 22429268K->1334044K(25755648K), 0.1122410 secs] [Times: user=3.91 sys=0.00, real=0.11 secs] 
4198.729: [GC (Allocation Failure) [PSYoungGen: 21695589K->616210K(22609920K)] 22436636K->1357625K(25755648K), 0.1129652 secs] [Times: user=3.98 sys=0.00, real=0.11 secs] 
4203.946: [GC (Allocation Failure) [PSYoungGen: 21718802K->622048K(22609920K)] 22460217K->1363863K(25755648K), 0.1127215 secs] [Times: user=3.96 sys=0.01, real=0.12 secs] 
4209.178: [GC (Allocation Failure) [PSYoungGen: 21724640K->646580K(22609920K)] 22466455K->1388770K(25755648K), 0.1186257 secs] [Times: user=4.15 sys=0.00, real=0.11 secs] 
4214.228: [GC (Allocation Failure) [PSYoungGen: 21749172K->626151K(22609920K)] 22491362K->1368718K(25755648K), 0.1154911 secs] [Times: user=4.07 sys=0.00, real=0.12 secs] 
4219.416: [GC (Allocation Failure) [PSYoungGen: 21728743K->628703K(22609920K)] 22471310K->1371629K(25755648K), 0.1127281 secs] [Times: user=3.97 sys=0.01, real=0.12 secs] 
4224.577: [GC (Allocation Failure) [PSYoungGen: 21731295K->622030K(22609920K)] 22474221K->1365349K(25755648K), 0.1152268 secs] [Times: user=4.00 sys=0.00, real=0.12 secs] 
4229.743: [GC (Allocation Failure) [PSYoungGen: 21724622K->625023K(22609920K)] 22467941K->1368733K(25755648K), 0.1126902 secs] [Times: user=3.97 sys=0.00, real=0.11 secs] 
4234.911: [GC (Allocation Failure) [PSYoungGen: 21727615K->628266K(22609920K)] 22471325K->1372377K(25755648K), 0.1149047 secs] [Times: user=3.94 sys=0.00, real=0.11 secs] 
4240.011: [GC (Allocation Failure) [PSYoungGen: 21730858K->618650K(22609920K)] 22474969K->1363168K(25755648K), 0.1166321 secs] [Times: user=3.93 sys=0.00, real=0.12 secs] 
4245.254: [GC (Allocation Failure) [PSYoungGen: 21721242K->648566K(22609920K)] 22465760K->1393597K(25755648K), 0.1186488 secs] [Times: user=4.18 sys=0.00, real=0.12 secs] 
4250.595: [GC (Allocation Failure) [PSYoungGen: 21751158K->608041K(22609920K)] 22496189K->1353448K(25755648K), 0.1118953 secs] [Times: user=3.91 sys=0.00, real=0.11 secs] 
4255.905: [GC (Allocation Failure) [PSYoungGen: 21710633K->656304K(22609920K)] 22456040K->1402263K(25755648K), 0.1201993 secs] [Times: user=4.17 sys=0.00, real=0.12 secs] 
4261.033: [GC (Allocation Failure) [PSYoungGen: 21758896K->627801K(22609920K)] 22504855K->1374120K(25755648K), 0.1129238 secs] [Times: user=3.96 sys=0.00, real=0.12 secs] 
4266.130: [GC (Allocation Failure) [PSYoungGen: 21730393K->638623K(22609920K)] 22476712K->1385350K(25755648K), 0.1141465 secs] [Times: user=4.02 sys=0.00, real=0.11 secs] 
4271.315: [GC (Allocation Failure) [PSYoungGen: 21741215K->598906K(22609920K)] 22487942K->1346153K(25755648K), 0.1110087 secs] [Times: user=3.85 sys=0.00, real=0.11 secs] 
4276.418: [GC (Allocation Failure) [PSYoungGen: 21701498K->614990K(22609920K)] 22448745K->1363549K(25755648K), 0.1117704 secs] [Times: user=3.93 sys=0.01, real=0.11 secs] 
4281.503: [GC (Allocation Failure) [PSYoungGen: 21717582K->615461K(22609920K)] 22466141K->1364420K(25755648K), 0.1117556 secs] [Times: user=3.93 sys=0.00, real=0.11 secs] 
4286.618: [GC (Allocation Failure) [PSYoungGen: 21718053K->605290K(22609920K)] 22467012K->1354817K(25755648K), 0.1101453 secs] [Times: user=3.86 sys=0.00, real=0.11 secs] 
4291.564: [GC (Allocation Failure) [PSYoungGen: 21707882K->614813K(22609920K)] 22457409K->1364708K(25755648K), 0.1112563 secs] [Times: user=3.91 sys=0.00, real=0.11 secs] 
4296.572: [GC (Allocation Failure) [PSYoungGen: 21717405K->607429K(22609920K)] 22467300K->1357892K(25755648K), 0.1111996 secs] [Times: user=3.91 sys=0.00, real=0.11 secs] 
4301.543: [GC (Allocation Failure) [PSYoungGen: 21710021K->629358K(22609920K)] 22460484K->1380189K(25755648K), 0.1164302 secs] [Times: user=4.06 sys=0.00, real=0.11 secs] 
4306.551: [GC (Allocation Failure) [PSYoungGen: 21731950K->619042K(22609920K)] 22482781K->1370233K(25755648K), 0.1128951 secs] [Times: user=3.97 sys=0.01, real=0.12 secs] 
4311.772: [GC (Allocation Failure) [PSYoungGen: 21721634K->636132K(22609920K)] 22472825K->1387762K(25755648K), 0.1145038 secs] [Times: user=4.03 sys=0.00, real=0.12 secs] 
4316.832: [GC (Allocation Failure) [PSYoungGen: 21738724K->656218K(22609920K)] 22490354K->1408225K(25755648K), 0.1191436 secs] [Times: user=4.12 sys=0.00, real=0.12 secs] 
4321.942: [GC (Allocation Failure) [PSYoungGen: 21758810K->635395K(22609920K)] 22510817K->1388586K(25755648K), 0.1168615 secs] [Times: user=3.97 sys=0.00, real=0.12 secs] 
4327.015: [GC (Allocation Failure) [PSYoungGen: 21737987K->611941K(22609920K)] 22491178K->1365692K(25755648K), 0.1147101 secs] [Times: user=3.98 sys=0.01, real=0.11 secs] 
4331.920: [GC (Allocation Failure) [PSYoungGen: 21714533K->629012K(22609920K)] 22468284K->1383123K(25755648K), 0.1131770 secs] [Times: user=3.99 sys=0.00, real=0.11 secs] 
4336.876: [GC (Allocation Failure) [PSYoungGen: 21731604K->643995K(22609920K)] 22485715K->1398474K(25755648K), 0.1158322 secs] [Times: user=4.09 sys=0.01, real=0.12 secs] 
4341.845: [GC (Allocation Failure) [PSYoungGen: 21746587K->611733K(22609920K)] 22501066K->1366708K(25755648K), 0.1139532 secs] [Times: user=3.97 sys=0.00, real=0.12 secs] 
4346.892: [GC (Allocation Failure) [PSYoungGen: 21714325K->617305K(22609920K)] 22469300K->1372672K(25755648K), 0.1118310 secs] [Times: user=3.94 sys=0.00, real=0.11 secs] 
4351.804: [GC (Allocation Failure) [PSYoungGen: 21719897K->630390K(22609920K)] 22475264K->1386125K(25755648K), 0.1138125 secs] [Times: user=3.99 sys=0.00, real=0.11 secs] 
4356.959: [GC (Allocation Failure) [PSYoungGen: 21732982K->612165K(22609920K)] 22488717K->1368348K(25755648K), 0.1125381 secs] [Times: user=3.87 sys=0.00, real=0.12 secs] 
4361.944: [GC (Allocation Failure) [PSYoungGen: 21714757K->624107K(22609920K)] 22470940K->1380665K(25755648K), 0.1155536 secs] [Times: user=4.07 sys=0.00, real=0.11 secs] 
4367.083: [GC (Allocation Failure) [PSYoungGen: 21726699K->619070K(22609920K)] 22483257K->1376157K(25755648K), 0.1121948 secs] [Times: user=3.94 sys=0.01, real=0.11 secs] 
4372.181: [GC (Allocation Failure) [PSYoungGen: 21721662K->643925K(22609920K)] 22478749K->1401380K(25755648K), 0.1168383 secs] [Times: user=4.04 sys=0.00, real=0.12 secs] 
4377.224: [GC (Allocation Failure) [PSYoungGen: 21746517K->647625K(22609920K)] 22503972K->1405496K(25755648K), 0.1192783 secs] [Times: user=4.20 sys=0.00, real=0.12 secs] 
4382.138: [GC (Allocation Failure) [PSYoungGen: 21750217K->625077K(22609920K)] 22508088K->1383460K(25755648K), 0.1132432 secs] [Times: user=4.00 sys=0.00, real=0.11 secs] 
4387.351: [GC (Allocation Failure) [PSYoungGen: 21727669K->599439K(22609920K)] 22486052K->1358182K(25755648K), 0.1088517 secs] [Times: user=3.82 sys=0.00, real=0.11 secs] 
4392.263: [GC (Allocation Failure) [PSYoungGen: 21702031K->628901K(22609920K)] 22460774K->1388164K(25755648K), 0.1143106 secs] [Times: user=4.02 sys=0.00, real=0.12 secs] 
4397.179: [GC (Allocation Failure) [PSYoungGen: 21731493K->631822K(22609920K)] 22490756K->1391525K(25755648K), 0.1156510 secs] [Times: user=4.07 sys=0.00, real=0.11 secs] 
4402.239: [GC (Allocation Failure) [PSYoungGen: 21734414K->641935K(22609920K)] 22494117K->1402022K(25755648K), 0.1151879 secs] [Times: user=4.06 sys=0.00, real=0.11 secs] 
4407.209: [GC (Allocation Failure) [PSYoungGen: 21744527K->628362K(22609920K)] 22504614K->1389057K(25755648K), 0.1131728 secs] [Times: user=3.99 sys=0.00, real=0.11 secs] 
4412.122: [GC (Allocation Failure) [PSYoungGen: 21730954K->633946K(22609920K)] 22491649K->1395009K(25755648K), 0.1147197 secs] [Times: user=4.03 sys=0.00, real=0.11 secs] 
4417.124: [GC (Allocation Failure) [PSYoungGen: 21736538K->632562K(22609920K)] 22497601K->1394000K(25755648K), 0.1153972 secs] [Times: user=4.02 sys=0.01, real=0.12 secs] 
4421.946: [GC (Allocation Failure) [PSYoungGen: 21735154K->624073K(22609920K)] 22496592K->1386056K(25755648K), 0.1144306 secs] [Times: user=4.02 sys=0.00, real=0.12 secs] 
4426.733: [GC (Allocation Failure) [PSYoungGen: 21726665K->629004K(22609920K)] 22488648K->1391355K(25755648K), 0.1138913 secs] [Times: user=4.02 sys=0.00, real=0.11 secs] 
4431.659: [GC (Allocation Failure) [PSYoungGen: 21731596K->630709K(22609920K)] 22493947K->1393428K(25755648K), 0.1133984 secs] [Times: user=3.99 sys=0.00, real=0.12 secs] 
4436.736: [GC (Allocation Failure) [PSYoungGen: 21733301K->650798K(22609920K)] 22496020K->1413933K(25755648K), 0.1176672 secs] [Times: user=4.08 sys=0.00, real=0.12 secs] 
4441.642: [GC (Allocation Failure) [PSYoungGen: 21753390K->604277K(22609920K)] 22516525K->1367860K(25755648K), 0.1110318 secs] [Times: user=3.86 sys=0.00, real=0.12 secs] 
4446.539: [GC (Allocation Failure) [PSYoungGen: 21706869K->613733K(22609920K)] 22470452K->1377684K(25755648K), 0.1152208 secs] [Times: user=4.05 sys=0.00, real=0.12 secs] 
4451.332: [GC (Allocation Failure) [PSYoungGen: 21716325K->597765K(22609920K)] 22480276K->1362308K(25755648K), 0.1102522 secs] [Times: user=3.88 sys=0.00, real=0.11 secs] 
4456.329: [GC (Allocation Failure) [PSYoungGen: 21700357K->607578K(22609920K)] 22464900K->1372480K(25755648K), 0.1104082 secs] [Times: user=3.88 sys=0.01, real=0.11 secs] 
4461.168: [GC (Allocation Failure) [PSYoungGen: 21710170K->635117K(22609920K)] 22475072K->1400395K(25755648K), 0.1168038 secs] [Times: user=4.12 sys=0.00, real=0.11 secs] 
4466.098: [GC (Allocation Failure) [PSYoungGen: 21737709K->647317K(22609920K)] 22502987K->1413068K(25755648K), 0.1215011 secs] [Times: user=4.19 sys=0.00, real=0.12 secs] 
4470.965: [GC (Allocation Failure) [PSYoungGen: 21749909K->637779K(22609920K)] 22515660K->1404018K(25755648K), 0.1178740 secs] [Times: user=4.16 sys=0.00, real=0.12 secs] 
4475.960: [GC (Allocation Failure) [PSYoungGen: 21740371K->629028K(22609920K)] 22506610K->1395635K(25755648K), 0.1154836 secs] [Times: user=4.07 sys=0.00, real=0.11 secs] 
4480.728: [GC (Allocation Failure) [PSYoungGen: 21731620K->615152K(22609920K)] 22498227K->1382119K(25755648K), 0.1114837 secs] [Times: user=3.93 sys=0.00, real=0.12 secs] 
4485.508: [GC (Allocation Failure) [PSYoungGen: 21717744K->625834K(22609920K)] 22484711K->1393176K(25755648K), 0.1131111 secs] [Times: user=3.99 sys=0.00, real=0.12 secs] 
4490.286: [GC (Allocation Failure) [PSYoungGen: 21728426K->632757K(22609920K)] 22495768K->1400484K(25755648K), 0.1161036 secs] [Times: user=4.08 sys=0.00, real=0.12 secs] 
4495.195: [GC (Allocation Failure) [PSYoungGen: 21735349K->633310K(22609920K)] 22503076K->1401397K(25755648K), 0.1167416 secs] [Times: user=4.11 sys=0.00, real=0.12 secs] 
4500.104: [GC (Allocation Failure) [PSYoungGen: 21735902K->639018K(22609920K)] 22503989K->1407481K(25755648K), 0.1173814 secs] [Times: user=4.09 sys=0.01, real=0.11 secs] 
4504.963: [GC (Allocation Failure) [PSYoungGen: 21741610K->653926K(22609920K)] 22510073K->1422853K(25755648K), 0.1205533 secs] [Times: user=4.12 sys=0.00, real=0.12 secs] 
4509.821: [GC (Allocation Failure) [PSYoungGen: 21756518K->628397K(22609920K)] 22525445K->1397700K(25755648K), 0.1136298 secs] [Times: user=4.00 sys=0.00, real=0.12 secs] 
4514.494: [GC (Allocation Failure) [PSYoungGen: 21730989K->649597K(22609920K)] 22500292K->1419276K(25755648K), 0.1175038 secs] [Times: user=4.14 sys=0.00, real=0.12 secs] 
4519.256: [GC (Allocation Failure) [PSYoungGen: 21752189K->668352K(22609920K)] 22521868K->1438511K(25755648K), 0.1200546 secs] [Times: user=4.23 sys=0.01, real=0.12 secs] 
4524.141: [GC (Allocation Failure) [PSYoungGen: 21770944K->639246K(22609920K)] 22541103K->1409781K(25755648K), 0.1147857 secs] [Times: user=4.05 sys=0.00, real=0.12 secs] 
4529.034: [GC (Allocation Failure) [PSYoungGen: 21741838K->629098K(22609920K)] 22512373K->1400017K(25755648K), 0.1164901 secs] [Times: user=4.05 sys=0.00, real=0.12 secs] 
4533.800: [GC (Allocation Failure) [PSYoungGen: 21731690K->616042K(22609920K)] 22502609K->1387321K(25755648K), 0.1122486 secs] [Times: user=3.92 sys=0.00, real=0.11 secs] 
4538.653: [GC (Allocation Failure) [PSYoungGen: 21718634K->604453K(22609920K)] 22489913K->1376108K(25755648K), 0.1117738 secs] [Times: user=3.88 sys=0.00, real=0.11 secs] 
4543.537: [GC (Allocation Failure) [PSYoungGen: 21707045K->607365K(22609920K)] 22478700K->1379404K(25755648K), 0.1110947 secs] [Times: user=3.91 sys=0.01, real=0.12 secs] 
4548.280: [GC (Allocation Failure) [PSYoungGen: 21709957K->627721K(22609920K)] 22481996K->1400135K(25755648K), 0.1141786 secs] [Times: user=4.02 sys=0.00, real=0.11 secs] 
4553.016: [GC (Allocation Failure) [PSYoungGen: 21730313K->639758K(22609920K)] 22502727K->1412580K(25755648K), 0.1183142 secs] [Times: user=4.13 sys=0.00, real=0.12 secs] 
4557.597: [GC (Allocation Failure) [PSYoungGen: 21742350K->607701K(22609920K)] 22515172K->1380892K(25755648K), 0.1149906 secs] [Times: user=3.93 sys=0.00, real=0.12 secs] 
4562.193: [GC (Allocation Failure) [PSYoungGen: 21710293K->637354K(22609920K)] 22483484K->1410905K(25755648K), 0.1160250 secs] [Times: user=3.99 sys=0.00, real=0.11 secs] 
4566.885: [GC (Allocation Failure) [PSYoungGen: 21739946K->627753K(22609920K)] 22513497K->1401800K(25755648K), 0.1134106 secs] [Times: user=4.00 sys=0.00, real=0.11 secs] 
4571.570: [GC (Allocation Failure) [PSYoungGen: 21730345K->625297K(22609920K)] 22504392K->1399760K(25755648K), 0.1133757 secs] [Times: user=4.00 sys=0.00, real=0.12 secs] 
4576.483: [GC (Allocation Failure) [PSYoungGen: 21727889K->635446K(22609920K)] 22502352K->1410285K(25755648K), 0.1154941 secs] [Times: user=4.04 sys=0.00, real=0.12 secs] 
4581.204: [GC (Allocation Failure) [PSYoungGen: 21738038K->646736K(22609920K)] 22512877K->1421943K(25755648K), 0.1184038 secs] [Times: user=4.17 sys=0.00, real=0.11 secs] 
4585.824: [GC (Allocation Failure) [PSYoungGen: 21749328K->617226K(22609920K)] 22524535K->1392929K(25755648K), 0.1116843 secs] [Times: user=3.93 sys=0.00, real=0.12 secs] 
4590.456: [GC (Allocation Failure) [PSYoungGen: 21719818K->615497K(22609920K)] 22495521K->1391560K(25755648K), 0.1159290 secs] [Times: user=3.99 sys=0.00, real=0.11 secs] 
4595.166: [GC (Allocation Failure) [PSYoungGen: 21718089K->644111K(22609920K)] 22494152K->1420550K(25755648K), 0.1170303 secs] [Times: user=4.11 sys=0.00, real=0.12 secs] 
4599.907: [GC (Allocation Failure) [PSYoungGen: 21746703K->645512K(22609920K)] 22523142K->1422407K(25755648K), 0.1181715 secs] [Times: user=4.17 sys=0.00, real=0.12 secs] 
4604.648: [GC (Allocation Failure) [PSYoungGen: 21748104K->641200K(22609920K)] 22524999K->1418463K(25755648K), 0.1158410 secs] [Times: user=4.08 sys=0.00, real=0.11 secs] 
4609.523: [GC (Allocation Failure) [PSYoungGen: 21743792K->595397K(22609920K)] 22521055K->1373100K(25755648K), 0.1103186 secs] [Times: user=3.88 sys=0.00, real=0.11 secs] 
4614.270: [GC (Allocation Failure) [PSYoungGen: 21697989K->637403K(22609920K)] 22475692K->1415529K(25755648K), 0.1152769 secs] [Times: user=4.05 sys=0.00, real=0.11 secs] 
4618.883: [GC (Allocation Failure) [PSYoungGen: 21739995K->625095K(22609920K)] 22518121K->1403582K(25755648K), 0.1134650 secs] [Times: user=4.00 sys=0.00, real=0.11 secs] 
4623.594: [GC (Allocation Failure) [PSYoungGen: 21727687K->627706K(22609920K)] 22506174K->1406793K(25755648K), 0.1161449 secs] [Times: user=4.08 sys=0.00, real=0.11 secs] 
4628.161: [GC (Allocation Failure) [PSYoungGen: 21730298K->693655K(22609920K)] 22509385K->1473358K(25755648K), 0.1246822 secs] [Times: user=4.38 sys=0.00, real=0.13 secs] 
4632.856: [GC (Allocation Failure) [PSYoungGen: 21796247K->627343K(22609920K)] 22575950K->1407398K(25755648K), 0.1156780 secs] [Times: user=4.02 sys=0.00, real=0.11 secs] 
4637.451: [GC (Allocation Failure) [PSYoungGen: 21729935K->622570K(22609920K)] 22509990K->1403009K(25755648K), 0.1128915 secs] [Times: user=3.97 sys=0.00, real=0.12 secs] 
4642.219: [GC (Allocation Failure) [PSYoungGen: 21725162K->624645K(22609920K)] 22505601K->1405660K(25755648K), 0.1163313 secs] [Times: user=4.10 sys=0.00, real=0.12 secs] 
4646.824: [GC (Allocation Failure) [PSYoungGen: 21727237K->647357K(22609920K)] 22508252K->1428956K(25755648K), 0.1201442 secs] [Times: user=4.24 sys=0.00, real=0.12 secs] 
4651.423: [GC (Allocation Failure) [PSYoungGen: 21749949K->616714K(22609920K)] 22531548K->1398664K(25755648K), 0.1116774 secs] [Times: user=3.91 sys=0.00, real=0.11 secs] 
4656.088: [GC (Allocation Failure) [PSYoungGen: 21719306K->624953K(22609920K)] 22501256K->1407280K(25755648K), 0.1142382 secs] [Times: user=3.97 sys=0.00, real=0.11 secs] 
4660.796: [GC (Allocation Failure) [PSYoungGen: 21727545K->627394K(22609920K)] 22509872K->1410289K(25755648K), 0.1155386 secs] [Times: user=4.07 sys=0.00, real=0.11 secs] 
4665.384: [GC (Allocation Failure) [PSYoungGen: 21729986K->632835K(22609920K)] 22512881K->1416098K(25755648K), 0.1156454 secs] [Times: user=4.07 sys=0.01, real=0.12 secs] 
4670.002: [GC (Allocation Failure) [PSYoungGen: 21735427K->647887K(22609920K)] 22518690K->1431518K(25755648K), 0.1175612 secs] [Times: user=4.14 sys=0.00, real=0.12 secs] 
4674.684: [GC (Allocation Failure) [PSYoungGen: 21750479K->634816K(22609920K)] 22534110K->1419063K(25755648K), 0.1153043 secs] [Times: user=4.05 sys=0.00, real=0.12 secs] 
4679.325: [GC (Allocation Failure) [PSYoungGen: 21737408K->622399K(22609920K)] 22521655K->1407022K(25755648K), 0.1135670 secs] [Times: user=3.95 sys=0.00, real=0.12 secs] 
4683.962: [GC (Allocation Failure) [PSYoungGen: 21724991K->645906K(22609920K)] 22509614K->1430897K(25755648K), 0.1192758 secs] [Times: user=4.09 sys=0.00, real=0.12 secs] 
4688.544: [GC (Allocation Failure) [PSYoungGen: 21748498K->622414K(22609920K)] 22533489K->1407989K(25755648K), 0.1125608 secs] [Times: user=3.96 sys=0.01, real=0.11 secs] 
4693.131: [GC (Allocation Failure) [PSYoungGen: 21725006K->655903K(22609920K)] 22510581K->1441854K(25755648K), 0.1195941 secs] [Times: user=4.20 sys=0.00, real=0.12 secs] 
4697.655: [GC (Allocation Failure) [PSYoungGen: 21758495K->638869K(22609920K)] 22544446K->1425180K(25755648K), 0.1156814 secs] [Times: user=4.07 sys=0.01, real=0.11 secs] 
4702.329: [GC (Allocation Failure) [PSYoungGen: 21741461K->614090K(22609920K)] 22527772K->1400801K(25755648K), 0.1110902 secs] [Times: user=3.91 sys=0.00, real=0.11 secs] 
4707.020: [GC (Allocation Failure) [PSYoungGen: 21716682K->657573K(22609920K)] 22503393K->1444668K(25755648K), 0.1191979 secs] [Times: user=4.20 sys=0.00, real=0.12 secs] 
4711.550: [GC (Allocation Failure) [PSYoungGen: 21760165K->621610K(22609920K)] 22547260K->1409105K(25755648K), 0.1156157 secs] [Times: user=3.97 sys=0.01, real=0.12 secs] 
4715.962: [GC (Allocation Failure) [PSYoungGen: 21724202K->641492K(22609920K)] 22511697K->1429571K(25755648K), 0.1164800 secs] [Times: user=4.10 sys=0.00, real=0.12 secs] 
4720.489: [GC (Allocation Failure) [PSYoungGen: 21744084K->632223K(22609920K)] 22532163K->1420678K(25755648K), 0.1153005 secs] [Times: user=4.06 sys=0.00, real=0.11 secs] 
4725.080: [GC (Allocation Failure) [PSYoungGen: 21734815K->642853K(22609920K)] 22523270K->1431668K(25755648K), 0.1196410 secs] [Times: user=4.19 sys=0.00, real=0.12 secs] 
4729.583: [GC (Allocation Failure) [PSYoungGen: 21745445K->623018K(22609920K)] 22534260K->1412409K(25755648K), 0.1127910 secs] [Times: user=3.96 sys=0.00, real=0.12 secs] 
4734.076: [GC (Allocation Failure) [PSYoungGen: 21725610K->631077K(22609920K)] 22515001K->1420844K(25755648K), 0.1150448 secs] [Times: user=4.01 sys=0.00, real=0.12 secs] 
4738.584: [GC (Allocation Failure) [PSYoungGen: 21733669K->625489K(22609920K)] 22523436K->1415608K(25755648K), 0.1134401 secs] [Times: user=3.99 sys=0.00, real=0.11 secs] 
4743.084: [GC (Allocation Failure) [PSYoungGen: 21728081K->640960K(22609920K)] 22518200K->1431471K(25755648K), 0.1182254 secs] [Times: user=4.17 sys=0.01, real=0.12 secs] 
4747.639: [GC (Allocation Failure) [PSYoungGen: 21743552K->629882K(22609920K)] 22534063K->1420769K(25755648K), 0.1141952 secs] [Times: user=3.98 sys=0.00, real=0.12 secs] 
4752.100: [GC (Allocation Failure) [PSYoungGen: 21732474K->632889K(22609920K)] 22523361K->1424144K(25755648K), 0.1149387 secs] [Times: user=3.98 sys=0.00, real=0.11 secs] 
4756.489: [GC (Allocation Failure) [PSYoungGen: 21735481K->611226K(22609920K)] 22526736K->1402873K(25755648K), 0.1157318 secs] [Times: user=3.99 sys=0.00, real=0.12 secs] 
4761.036: [GC (Allocation Failure) [PSYoungGen: 21713818K->641386K(22609920K)] 22505465K->1433529K(25755648K), 0.1167761 secs] [Times: user=4.11 sys=0.01, real=0.12 secs] 
4765.583: [GC (Allocation Failure) [PSYoungGen: 21743978K->620789K(22609920K)] 22536121K->1413364K(25755648K), 0.1140190 secs] [Times: user=4.02 sys=0.01, real=0.11 secs] 
4769.999: [GC (Allocation Failure) [PSYoungGen: 21723381K->622101K(22609920K)] 22515956K->1415060K(25755648K), 0.1154636 secs] [Times: user=4.07 sys=0.00, real=0.12 secs] 
4774.381: [GC (Allocation Failure) [PSYoungGen: 21724693K->631025K(22609920K)] 22517652K->1424384K(25755648K), 0.1145848 secs] [Times: user=4.03 sys=0.00, real=0.12 secs] 
4778.797: [GC (Allocation Failure) [PSYoungGen: 21733617K->638090K(22609920K)] 22526976K->1431808K(25755648K), 0.1159563 secs] [Times: user=4.09 sys=0.00, real=0.11 secs] 
4783.309: [GC (Allocation Failure) [PSYoungGen: 21740682K->604986K(22609920K)] 22534400K->1399065K(25755648K), 0.1129136 secs] [Times: user=3.90 sys=0.00, real=0.11 secs] 
4787.766: [GC (Allocation Failure) [PSYoungGen: 21707578K->628810K(22609920K)] 22501657K->1423417K(25755648K), 0.1145736 secs] [Times: user=4.03 sys=0.01, real=0.11 secs] 
4792.305: [GC (Allocation Failure) [PSYoungGen: 21731402K->618158K(22609920K)] 22526009K->1413125K(25755648K), 0.1125141 secs] [Times: user=3.97 sys=0.00, real=0.12 secs] 
4796.880: [GC (Allocation Failure) [PSYoungGen: 21720750K->658512K(22609920K)] 22515717K->1453855K(25755648K), 0.1191913 secs] [Times: user=4.18 sys=0.00, real=0.12 secs] 
4801.469: [GC (Allocation Failure) [PSYoungGen: 21761104K->620144K(22609920K)] 22556447K->1415950K(25755648K), 0.1131001 secs] [Times: user=3.91 sys=0.00, real=0.11 secs] 
4805.933: [GC (Allocation Failure) [PSYoungGen: 21722736K->642304K(22609920K)] 22518542K->1438495K(25755648K), 0.1188573 secs] [Times: user=4.18 sys=0.00, real=0.12 secs] 
4810.413: [GC (Allocation Failure) [PSYoungGen: 21744896K->644888K(22609920K)] 22541087K->1441623K(25755648K), 0.1164915 secs] [Times: user=4.11 sys=0.00, real=0.12 secs] 
4814.992: [GC (Allocation Failure) [PSYoungGen: 21747480K->636794K(22609920K)] 22544215K->1433921K(25755648K), 0.1159847 secs] [Times: user=4.08 sys=0.00, real=0.11 secs] 
4819.530: [GC (Allocation Failure) [PSYoungGen: 21739386K->616159K(22609920K)] 22536513K->1413646K(25755648K), 0.1117659 secs] [Times: user=3.94 sys=0.00, real=0.12 secs] 
4823.888: [GC (Allocation Failure) [PSYoungGen: 21718751K->636319K(22609920K)] 22516238K->1434198K(25755648K), 0.1166691 secs] [Times: user=4.11 sys=0.00, real=0.12 secs] 
4828.355: [GC (Allocation Failure) [PSYoungGen: 21738911K->640303K(22609920K)] 22536790K->1438550K(25755648K), 0.1224850 secs] [Times: user=4.11 sys=0.00, real=0.12 secs] 
4832.749: [GC (Allocation Failure) [PSYoungGen: 21742895K->649216K(22609920K)] 22541142K->1447838K(25755648K), 0.1178551 secs] [Times: user=4.10 sys=0.00, real=0.12 secs] 
4837.159: [GC (Allocation Failure) [PSYoungGen: 21751808K->686811K(22609920K)] 22550430K->1485834K(25755648K), 0.1242524 secs] [Times: user=4.38 sys=0.00, real=0.13 secs] 
4841.517: [GC (Allocation Failure) [PSYoungGen: 21789403K->617824K(22609920K)] 22588426K->1417335K(25755648K), 0.1144042 secs] [Times: user=4.02 sys=0.00, real=0.11 secs] 
4845.820: [GC (Allocation Failure) [PSYoungGen: 21720416K->628898K(22609920K)] 22519927K->1428777K(25755648K), 0.1160848 secs] [Times: user=4.00 sys=0.01, real=0.12 secs] 
4850.340: [GC (Allocation Failure) [PSYoungGen: 21731490K->614907K(22609920K)] 22531369K->1415170K(25755648K), 0.1122859 secs] [Times: user=3.93 sys=0.00, real=0.11 secs] 
4854.721: [GC (Allocation Failure) [PSYoungGen: 21717499K->642206K(22609920K)] 22517762K->1443013K(25755648K), 0.1160878 secs] [Times: user=4.10 sys=0.00, real=0.12 secs] 
4859.055: [GC (Allocation Failure) [PSYoungGen: 21744798K->641001K(22609920K)] 22545605K->1442208K(25755648K), 0.1172590 secs] [Times: user=4.12 sys=0.00, real=0.12 secs] 
4863.401: [GC (Allocation Failure) [PSYoungGen: 21743593K->632211K(22609920K)] 22544800K->1433778K(25755648K), 0.1152585 secs] [Times: user=4.06 sys=0.01, real=0.11 secs] 
4867.754: [GC (Allocation Failure) [PSYoungGen: 21734803K->629955K(22609920K)] 22536370K->1431906K(25755648K), 0.1145925 secs] [Times: user=4.03 sys=0.00, real=0.12 secs] 
4872.199: [GC (Allocation Failure) [PSYoungGen: 21732547K->650490K(22609920K)] 22534498K->1452825K(25755648K), 0.1177004 secs] [Times: user=4.15 sys=0.00, real=0.11 secs] 
4876.569: [GC (Allocation Failure) [PSYoungGen: 21753082K->641232K(22609920K)] 22555417K->1443943K(25755648K), 0.1174891 secs] [Times: user=4.14 sys=0.00, real=0.12 secs] 
4881.027: [GC (Allocation Failure) [PSYoungGen: 21743824K->637515K(22609920K)] 22546535K->1440602K(25755648K), 0.1203362 secs] [Times: user=4.08 sys=0.00, real=0.12 secs] 
4885.474: [GC (Allocation Failure) [PSYoungGen: 21740107K->658721K(22609920K)] 22543194K->1462344K(25755648K), 0.1194548 secs] [Times: user=4.21 sys=0.00, real=0.12 secs] 
4889.867: [GC (Allocation Failure) [PSYoungGen: 21761313K->647749K(22609920K)] 22564936K->1451748K(25755648K), 0.1187585 secs] [Times: user=4.15 sys=0.00, real=0.12 secs] 
4894.197: [GC (Allocation Failure) [PSYoungGen: 21750341K->672208K(22609920K)] 22554340K->1476591K(25755648K), 0.1213378 secs] [Times: user=4.24 sys=0.00, real=0.12 secs] 
4898.573: [GC (Allocation Failure) [PSYoungGen: 21774800K->627818K(22609920K)] 22579183K->1432680K(25755648K), 0.1163466 secs] [Times: user=3.95 sys=0.00, real=0.11 secs] 
4902.894: [GC (Allocation Failure) [PSYoungGen: 21730410K->631903K(22609920K)] 22535272K->1437134K(25755648K), 0.1162498 secs] [Times: user=4.09 sys=0.00, real=0.11 secs] 
4907.230: [GC (Allocation Failure) [PSYoungGen: 21734495K->638798K(22609920K)] 22539726K->1444405K(25755648K), 0.1168480 secs] [Times: user=4.12 sys=0.00, real=0.12 secs] 
4911.595: [GC (Allocation Failure) [PSYoungGen: 21741390K->613087K(22609920K)] 22546997K->1419062K(25755648K), 0.1122700 secs] [Times: user=3.96 sys=0.00, real=0.11 secs] 
4915.907: [GC (Allocation Failure) [PSYoungGen: 21715679K->629717K(22609920K)] 22521654K->1436068K(25755648K), 0.1157073 secs] [Times: user=4.07 sys=0.00, real=0.11 secs] 
4920.130: [GC (Allocation Failure) [PSYoungGen: 21732309K->655898K(22609920K)] 22538660K->1462609K(25755648K), 0.1191727 secs] [Times: user=4.20 sys=0.00, real=0.12 secs] 
4924.336: [GC (Allocation Failure) [PSYoungGen: 21758490K->622533K(22609920K)] 22565201K->1429603K(25755648K), 0.1146935 secs] [Times: user=4.04 sys=0.00, real=0.11 secs] 
4928.671: [GC (Allocation Failure) [PSYoungGen: 21725125K->632367K(22609920K)] 22532195K->1439854K(25755648K), 0.1159924 secs] [Times: user=4.08 sys=0.01, real=0.12 secs] 
4932.947: [GC (Allocation Failure) [PSYoungGen: 21734959K->655730K(22609920K)] 22542446K->1463585K(25755648K), 0.1195731 secs] [Times: user=4.19 sys=0.00, real=0.12 secs] 
4937.251: [GC (Allocation Failure) [PSYoungGen: 21758322K->671259K(22609920K)] 22566177K->1479473K(25755648K), 0.1222812 secs] [Times: user=4.30 sys=0.00, real=0.12 secs] 
4941.602: [GC (Allocation Failure) [PSYoungGen: 21773851K->646515K(22609920K)] 22582065K->1455146K(25755648K), 0.1174143 secs] [Times: user=4.12 sys=0.00, real=0.12 secs] 
4945.958: [GC (Allocation Failure) [PSYoungGen: 21749107K->638879K(22609920K)] 22557738K->1447870K(25755648K), 0.1167919 secs] [Times: user=4.11 sys=0.00, real=0.12 secs] 
4950.150: [GC (Allocation Failure) [PSYoungGen: 21741471K->652978K(22609920K)] 22550462K->1462353K(25755648K), 0.1194823 secs] [Times: user=4.19 sys=0.00, real=0.12 secs] 
4954.479: [GC (Allocation Failure) [PSYoungGen: 21755570K->609541K(22609920K)] 22564945K->1419324K(25755648K), 0.1141246 secs] [Times: user=3.89 sys=0.01, real=0.12 secs] 
4958.793: [GC (Allocation Failure) [PSYoungGen: 21712133K->645178K(22609920K)] 22521916K->1455329K(25755648K), 0.1173255 secs] [Times: user=4.08 sys=0.00, real=0.11 secs] 
4963.009: [GC (Allocation Failure) [PSYoungGen: 21747770K->626764K(22609920K)] 22557921K->1437315K(25755648K), 0.1161675 secs] [Times: user=3.98 sys=0.00, real=0.12 secs] 
4967.363: [GC (Allocation Failure) [PSYoungGen: 21729356K->626021K(22609920K)] 22539907K->1436988K(25755648K), 0.1140517 secs] [Times: user=4.02 sys=0.00, real=0.11 secs] 
4971.752: [GC (Allocation Failure) [PSYoungGen: 21728613K->636995K(22609920K)] 22539580K->1448329K(25755648K), 0.1153568 secs] [Times: user=4.06 sys=0.01, real=0.12 secs] 
4975.983: [GC (Allocation Failure) [PSYoungGen: 21739587K->652884K(22609920K)] 22550921K->1464618K(25755648K), 0.1198146 secs] [Times: user=4.22 sys=0.00, real=0.12 secs] 
4980.210: [GC (Allocation Failure) [PSYoungGen: 21755476K->659164K(22609920K)] 22567210K->1471363K(25755648K), 0.1194746 secs] [Times: user=4.16 sys=0.00, real=0.12 secs] 
4984.510: [GC (Allocation Failure) [PSYoungGen: 21761756K->634577K(22609920K)] 22573955K->1447144K(25755648K), 0.1168704 secs] [Times: user=4.12 sys=0.00, real=0.12 secs] 
4988.733: [GC (Allocation Failure) [PSYoungGen: 21737169K->647059K(22609920K)] 22549736K->1460113K(25755648K), 0.1193458 secs] [Times: user=4.20 sys=0.00, real=0.12 secs] 
4992.929: [GC (Allocation Failure) [PSYoungGen: 21749651K->657396K(22609920K)] 22562705K->1470827K(25755648K), 0.1195551 secs] [Times: user=4.20 sys=0.00, real=0.12 secs] 
4997.178: [GC (Allocation Failure) [PSYoungGen: 21759988K->653577K(22609920K)] 22573419K->1467384K(25755648K), 0.1204292 secs] [Times: user=4.25 sys=0.01, real=0.12 secs] 
5001.330: [GC (Allocation Failure) [PSYoungGen: 21756169K->631274K(22609920K)] 22569976K->1445449K(25755648K), 0.1165156 secs] [Times: user=4.10 sys=0.00, real=0.11 secs] 
5005.508: [GC (Allocation Failure) [PSYoungGen: 21733866K->618410K(22609920K)] 22548041K->1432953K(25755648K), 0.1141782 secs] [Times: user=4.02 sys=0.01, real=0.12 secs] 
5009.836: [GC (Allocation Failure) [PSYoungGen: 21721002K->634874K(22609920K)] 22535545K->1449817K(25755648K), 0.1201044 secs] [Times: user=4.05 sys=0.01, real=0.12 secs] 
5014.009: [GC (Allocation Failure) [PSYoungGen: 21737466K->680188K(22609920K)] 22552409K->1495579K(25755648K), 0.1220119 secs] [Times: user=4.31 sys=0.00, real=0.13 secs] 
5018.233: [GC (Allocation Failure) [PSYoungGen: 21782780K->659010K(22609920K)] 22598171K->1474784K(25755648K), 0.1182567 secs] [Times: user=4.17 sys=0.00, real=0.12 secs] 
5022.556: [GC (Allocation Failure) [PSYoungGen: 21761602K->630192K(22609920K)] 22577376K->1446335K(25755648K), 0.1161873 secs] [Times: user=4.09 sys=0.00, real=0.12 secs] 
5026.870: [GC (Allocation Failure) [PSYoungGen: 21732784K->660196K(22609920K)] 22548927K->1476907K(25755648K), 0.1194153 secs] [Times: user=4.21 sys=0.00, real=0.12 secs] 
5031.284: [GC (Allocation Failure) [PSYoungGen: 21762788K->669306K(22609920K)] 22579499K->1486649K(25755648K), 0.1220122 secs] [Times: user=4.20 sys=0.00, real=0.12 secs] 
5035.474: [GC (Allocation Failure) [PSYoungGen: 21771898K->636941K(22609920K)] 22589241K->1454644K(25755648K), 0.1164756 secs] [Times: user=4.11 sys=0.01, real=0.11 secs] 
5039.594: [GC (Allocation Failure) [PSYoungGen: 21739533K->623755K(22609920K)] 22557236K->1441817K(25755648K), 0.1154503 secs] [Times: user=4.07 sys=0.00, real=0.12 secs] 
5043.728: [GC (Allocation Failure) [PSYoungGen: 21726347K->636485K(22609920K)] 22544409K->1455107K(25755648K), 0.1149964 secs] [Times: user=4.05 sys=0.00, real=0.11 secs] 
5047.921: [GC (Allocation Failure) [PSYoungGen: 21739077K->666393K(22609920K)] 22557699K->1485504K(25755648K), 0.1224501 secs] [Times: user=4.32 sys=0.01, real=0.12 secs] 
5052.039: [GC (Allocation Failure) [PSYoungGen: 21768985K->634528K(22609920K)] 22588096K->1453999K(25755648K), 0.1165359 secs] [Times: user=4.11 sys=0.00, real=0.12 secs] 
5056.167: [GC (Allocation Failure) [PSYoungGen: 21737120K->664938K(22609920K)] 22556591K->1484873K(25755648K), 0.1199703 secs] [Times: user=4.20 sys=0.00, real=0.12 secs] 
5060.376: [GC (Allocation Failure) [PSYoungGen: 21767530K->619754K(22609920K)] 22587465K->1440297K(25755648K), 0.1140042 secs] [Times: user=3.97 sys=0.00, real=0.12 secs] 
5064.673: [GC (Allocation Failure) [PSYoungGen: 21722346K->632581K(22609920K)] 22542889K->1453499K(25755648K), 0.1143151 secs] [Times: user=4.02 sys=0.01, real=0.12 secs] 
5068.808: [GC (Allocation Failure) [PSYoungGen: 21735173K->657658K(22609920K)] 22556091K->1478953K(25755648K), 0.1195575 secs] [Times: user=4.22 sys=0.00, real=0.12 secs] 
5073.008: [GC (Allocation Failure) [PSYoungGen: 21760250K->654195K(22609920K)] 22583229K->1477678K(25755648K), 0.1186988 secs] [Times: user=4.18 sys=0.00, real=0.12 secs] 
5073.137: [GC (GCLocker Initiated GC) [PSYoungGen: 770978K->653875K(22609920K)] 1594462K->1477750K(25755648K), 0.1058905 secs] [Times: user=3.72 sys=0.01, real=0.11 secs] 
5077.171: [GC (Allocation Failure) [PSYoungGen: 21756467K->651339K(22609920K)] 22580342K->1475591K(25755648K), 0.1180053 secs] [Times: user=4.15 sys=0.01, real=0.12 secs] 
5081.376: [GC (Allocation Failure) [PSYoungGen: 21753931K->634048K(22609920K)] 22578183K->1458835K(25755648K), 0.1173862 secs] [Times: user=4.08 sys=0.01, real=0.12 secs] 
5085.518: [GC (Allocation Failure) [PSYoungGen: 21736640K->617254K(22609920K)] 22561427K->1442401K(25755648K), 0.1117377 secs] [Times: user=3.91 sys=0.01, real=0.11 secs] 
5089.552: [GC (Allocation Failure) [PSYoungGen: 21719846K->621590K(22609920K)] 22544993K->1447105K(25755648K), 0.1129704 secs] [Times: user=3.97 sys=0.01, real=0.11 secs] 
5093.859: [GC (Allocation Failure) [PSYoungGen: 21724182K->643638K(22609920K)] 22549697K->1469785K(25755648K), 0.1168773 secs] [Times: user=4.12 sys=0.01, real=0.12 secs] 
5098.049: [GC (Allocation Failure) [PSYoungGen: 21746230K->659881K(22609920K)] 22572377K->1486549K(25755648K), 0.1273742 secs] [Times: user=4.32 sys=0.01, real=0.13 secs] 
5102.132: [GC (Allocation Failure) [PSYoungGen: 21762473K->650894K(22609920K)] 22589141K->1477930K(25755648K), 0.1191335 secs] [Times: user=4.11 sys=0.00, real=0.12 secs] 
5106.347: [GC (Allocation Failure) [PSYoungGen: 21753486K->618239K(22609920K)] 22580522K->1445651K(25755648K), 0.1139055 secs] [Times: user=3.94 sys=0.00, real=0.11 secs] 
5110.461: [GC (Allocation Failure) [PSYoungGen: 21720831K->628635K(22609920K)] 22548243K->1456518K(25755648K), 0.1150046 secs] [Times: user=3.97 sys=0.00, real=0.12 secs] 
5114.454: [GC (Allocation Failure) [PSYoungGen: 21731227K->619531K(22609920K)] 22559110K->1447839K(25755648K), 0.1123285 secs] [Times: user=3.95 sys=0.00, real=0.12 secs] 
5118.545: [GC (Allocation Failure) [PSYoungGen: 21722123K->650511K(22609920K)] 22550431K->1479227K(25755648K), 0.1180945 secs] [Times: user=4.17 sys=0.00, real=0.12 secs] 
5122.714: [GC (Allocation Failure) [PSYoungGen: 21753103K->647918K(22609920K)] 22581819K->1477202K(25755648K), 0.1211869 secs] [Times: user=4.16 sys=0.00, real=0.12 secs] 
5126.764: [GC (Allocation Failure) [PSYoungGen: 21750510K->650139K(22609920K)] 22579794K->1479831K(25755648K), 0.1209256 secs] [Times: user=4.21 sys=0.00, real=0.12 secs] 
5130.827: [GC (Allocation Failure) [PSYoungGen: 21752731K->650920K(22609920K)] 22582423K->1484188K(25755648K), 0.1188233 secs] [Times: user=4.19 sys=0.01, real=0.11 secs] 
5134.925: [GC (Allocation Failure) [PSYoungGen: 21753512K->642909K(22609920K)] 22586780K->1476258K(25755648K), 0.1158957 secs] [Times: user=4.08 sys=0.01, real=0.12 secs] 
5139.008: [GC (Allocation Failure) [PSYoungGen: 21745501K->660142K(22609920K)] 22578850K->1493931K(25755648K), 0.1203343 secs] [Times: user=4.25 sys=0.01, real=0.12 secs] 
5143.055: [GC (Allocation Failure) [PSYoungGen: 21762734K->683740K(22609920K)] 22596523K->1517920K(25755648K), 0.1243994 secs] [Times: user=4.37 sys=0.01, real=0.13 secs] 
5147.153: [GC (Allocation Failure) [PSYoungGen: 21786332K->654398K(22609920K)] 22620512K->1488946K(25755648K), 0.1182186 secs] [Times: user=4.17 sys=0.01, real=0.12 secs] 
5151.271: [GC (Allocation Failure) [PSYoungGen: 21756990K->661098K(22609920K)] 22591538K->1496022K(25755648K), 0.1191741 secs] [Times: user=4.20 sys=0.00, real=0.12 secs] 
5155.382: [GC (Allocation Failure) [PSYoungGen: 21763690K->626286K(22609920K)] 22598614K->1461579K(25755648K), 0.1168587 secs] [Times: user=4.01 sys=0.00, real=0.11 secs] 
5159.324: [GC (Allocation Failure) [PSYoungGen: 21728878K->622049K(22609920K)] 22564171K->1457718K(25755648K), 0.1147240 secs] [Times: user=4.04 sys=0.01, real=0.11 secs] 
5163.435: [GC (Allocation Failure) [PSYoungGen: 21724641K->652053K(22609920K)] 22560310K->1488089K(25755648K), 0.1189479 secs] [Times: user=4.18 sys=0.00, real=0.12 secs] 
5167.590: [GC (Allocation Failure) [PSYoungGen: 21754645K->640682K(22609920K)] 22590681K->1477102K(25755648K), 0.1169463 secs] [Times: user=4.11 sys=0.01, real=0.12 secs] 
5171.595: [GC (Allocation Failure) [PSYoungGen: 21743274K->637861K(22609920K)] 22579694K->1474674K(25755648K), 0.1174530 secs] [Times: user=4.01 sys=0.00, real=0.11 secs] 
5175.725: [GC (Allocation Failure) [PSYoungGen: 21740453K->629626K(22609920K)] 22577266K->1466807K(25755648K), 0.1147928 secs] [Times: user=4.03 sys=0.00, real=0.11 secs] 
5179.786: [GC (Allocation Failure) [PSYoungGen: 21732218K->642846K(22609920K)] 22569399K->1480410K(25755648K), 0.1173482 secs] [Times: user=4.11 sys=0.01, real=0.11 secs] 
5183.962: [GC (Allocation Failure) [PSYoungGen: 21745438K->655124K(22609920K)] 22583002K->1493065K(25755648K), 0.1183554 secs] [Times: user=4.17 sys=0.00, real=0.12 secs] 
5187.944: [GC (Allocation Failure) [PSYoungGen: 21757716K->642725K(22609920K)] 22595657K->1481057K(25755648K), 0.1166697 secs] [Times: user=4.09 sys=0.00, real=0.12 secs] 
5192.083: [GC (Allocation Failure) [PSYoungGen: 21745317K->659316K(22609920K)] 22583649K->1498032K(25755648K), 0.1208957 secs] [Times: user=4.16 sys=0.01, real=0.12 secs] 
5196.051: [GC (Allocation Failure) [PSYoungGen: 21761908K->647650K(22609920K)] 22600624K->1486743K(25755648K), 0.1177699 secs] [Times: user=4.12 sys=0.01, real=0.12 secs] 
5200.070: [GC (Allocation Failure) [PSYoungGen: 21750242K->673540K(22609920K)] 22589335K->1513008K(25755648K), 0.1217521 secs] [Times: user=4.29 sys=0.00, real=0.12 secs] 
5204.049: [GC (Allocation Failure) [PSYoungGen: 21776132K->656436K(22609920K)] 22615600K->1496288K(25755648K), 0.1218794 secs] [Times: user=4.18 sys=0.00, real=0.12 secs] 
5208.129: [GC (Allocation Failure) [PSYoungGen: 21759028K->668202K(22609920K)] 22598880K->1508422K(25755648K), 0.1206444 secs] [Times: user=4.23 sys=0.00, real=0.13 secs] 
5212.165: [GC (Allocation Failure) [PSYoungGen: 21770794K->662391K(22609920K)] 22611014K->1502971K(25755648K), 0.1230917 secs] [Times: user=4.22 sys=0.00, real=0.12 secs] 
5216.218: [GC (Allocation Failure) [PSYoungGen: 21764983K->667902K(22609920K)] 22605563K->1508874K(25755648K), 0.1212096 secs] [Times: user=4.25 sys=0.00, real=0.12 secs] 
5220.267: [GC (Allocation Failure) [PSYoungGen: 21770494K->665869K(22609920K)] 22611466K->1507218K(25755648K), 0.1203217 secs] [Times: user=4.23 sys=0.00, real=0.12 secs] 
5224.375: [GC (Allocation Failure) [PSYoungGen: 21768461K->614623K(22609920K)] 22609810K->1456340K(25755648K), 0.1146494 secs] [Times: user=4.02 sys=0.00, real=0.11 secs] 
5228.390: [GC (Allocation Failure) [PSYoungGen: 21717215K->615945K(22609920K)] 22558932K->1458053K(25755648K), 0.1133894 secs] [Times: user=3.97 sys=0.01, real=0.12 secs] 
5232.529: [GC (Allocation Failure) [PSYoungGen: 21718537K->616613K(22609920K)] 22560645K->1459097K(25755648K), 0.1126774 secs] [Times: user=3.96 sys=0.00, real=0.11 secs] 
5236.558: [GC (Allocation Failure) [PSYoungGen: 21719205K->606744K(22609920K)] 22561689K->1449588K(25755648K), 0.1134665 secs] [Times: user=4.00 sys=0.00, real=0.11 secs] 
5240.604: [GC (Allocation Failure) [PSYoungGen: 21709336K->661337K(22609920K)] 22552180K->1504550K(25755648K), 0.1187607 secs] [Times: user=4.19 sys=0.00, real=0.11 secs] 
5244.566: [GC (Allocation Failure) [PSYoungGen: 21763929K->649222K(22609920K)] 22607142K->1492859K(25755648K), 0.1178766 secs] [Times: user=4.10 sys=0.00, real=0.11 secs] 
5248.560: [GC (Allocation Failure) [PSYoungGen: 21751814K->627624K(22609920K)] 22595451K->1471621K(25755648K), 0.1135996 secs] [Times: user=3.98 sys=0.00, real=0.11 secs] 
5252.561: [GC (Allocation Failure) [PSYoungGen: 21730216K->654963K(22609920K)] 22574213K->1499335K(25755648K), 0.1196635 secs] [Times: user=4.22 sys=0.00, real=0.12 secs] 
5256.566: [GC (Allocation Failure) [PSYoungGen: 21757555K->643483K(22609920K)] 22601927K->1488328K(25755648K), 0.1183862 secs] [Times: user=4.16 sys=0.00, real=0.12 secs] 
5260.452: [GC (Allocation Failure) [PSYoungGen: 21746075K->654874K(22609920K)] 22590920K->1500094K(25755648K), 0.1193448 secs] [Times: user=4.21 sys=0.01, real=0.12 secs] 
5264.426: [GC (Allocation Failure) [PSYoungGen: 21757466K->666540K(22609920K)] 22602686K->1512136K(25755648K), 0.1197679 secs] [Times: user=4.21 sys=0.01, real=0.12 secs] 
5268.369: [GC (Allocation Failure) [PSYoungGen: 21769132K->679778K(22609920K)] 22614728K->1525863K(25755648K), 0.1230935 secs] [Times: user=4.34 sys=0.00, real=0.12 secs] 
5272.387: [GC (Allocation Failure) [PSYoungGen: 21782370K->634127K(22609920K)] 22628455K->1480588K(25755648K), 0.1165070 secs] [Times: user=4.09 sys=0.01, real=0.12 secs] 
5276.592: [GC (Allocation Failure) [PSYoungGen: 21736719K->622030K(22609920K)] 22583180K->1468867K(25755648K), 0.1151205 secs] [Times: user=4.03 sys=0.00, real=0.11 secs] 
5280.667: [GC (Allocation Failure) [PSYoungGen: 21724622K->637981K(22609920K)] 22571459K->1485305K(25755648K), 0.1159608 secs] [Times: user=4.09 sys=0.00, real=0.12 secs] 
5284.724: [GC (Allocation Failure) [PSYoungGen: 21740573K->657490K(22609920K)] 22587897K->1505206K(25755648K), 0.1212624 secs] [Times: user=4.28 sys=0.00, real=0.12 secs] 
5288.705: [GC (Allocation Failure) [PSYoungGen: 21760082K->643481K(22609920K)] 22607798K->1491597K(25755648K), 0.1169312 secs] [Times: user=4.12 sys=0.00, real=0.12 secs] 
5292.692: [GC (Allocation Failure) [PSYoungGen: 21746073K->652452K(22609920K)] 22594189K->1501064K(25755648K), 0.1183717 secs] [Times: user=4.17 sys=0.00, real=0.12 secs] 
5296.795: [GC (Allocation Failure) [PSYoungGen: 21755044K->659936K(22609920K)] 22603656K->1508917K(25755648K), 0.1206777 secs] [Times: user=4.22 sys=0.00, real=0.12 secs] 
5300.744: [GC (Allocation Failure) [PSYoungGen: 21762528K->655158K(22609920K)] 22611509K->1504514K(25755648K), 0.1184552 secs] [Times: user=4.18 sys=0.01, real=0.11 secs] 
5304.758: [GC (Allocation Failure) [PSYoungGen: 21757750K->639711K(22609920K)] 22607106K->1489563K(25755648K), 0.1154885 secs] [Times: user=4.07 sys=0.00, real=0.11 secs] 
5308.693: [GC (Allocation Failure) [PSYoungGen: 21742303K->638286K(22609920K)] 22592155K->1488506K(25755648K), 0.1178432 secs] [Times: user=4.15 sys=0.00, real=0.12 secs] 
5312.584: [GC (Allocation Failure) [PSYoungGen: 21740878K->640079K(22609920K)] 22591098K->1490675K(25755648K), 0.1153832 secs] [Times: user=4.06 sys=0.01, real=0.12 secs] 
5316.584: [GC (Allocation Failure) [PSYoungGen: 21742671K->628659K(22609920K)] 22593267K->1479631K(25755648K), 0.1169809 secs] [Times: user=4.04 sys=0.00, real=0.12 secs] 
5320.411: [GC (Allocation Failure) [PSYoungGen: 21731251K->622595K(22609920K)] 22582223K->1473983K(25755648K), 0.1141004 secs] [Times: user=3.97 sys=0.00, real=0.11 secs] 
5324.320: [GC (Allocation Failure) [PSYoungGen: 21725187K->630864K(22609920K)] 22576575K->1482621K(25755648K), 0.1163475 secs] [Times: user=4.09 sys=0.00, real=0.11 secs] 
5328.185: [GC (Allocation Failure) [PSYoungGen: 21733456K->646189K(22609920K)] 22585213K->1498450K(25755648K), 0.1185285 secs] [Times: user=4.16 sys=0.00, real=0.12 secs] 
5332.148: [GC (Allocation Failure) [PSYoungGen: 21748781K->703809K(22609920K)] 22601042K->1556581K(25755648K), 0.1265097 secs] [Times: user=4.46 sys=0.00, real=0.12 secs] 
5336.043: [GC (Allocation Failure) [PSYoungGen: 21806401K->681927K(22609920K)] 22659173K->1535076K(25755648K), 0.1233396 secs] [Times: user=4.35 sys=0.00, real=0.12 secs] 
5340.087: [GC (Allocation Failure) [PSYoungGen: 21784519K->633093K(22609920K)] 22637668K->1486625K(25755648K), 0.1166518 secs] [Times: user=4.00 sys=0.00, real=0.12 secs] 
5344.110: [GC (Allocation Failure) [PSYoungGen: 21735685K->686511K(22609920K)] 22589217K->1540428K(25755648K), 0.1246346 secs] [Times: user=4.39 sys=0.00, real=0.12 secs] 
5348.078: [GC (Allocation Failure) [PSYoungGen: 21789103K->684095K(22609920K)] 22643020K->1538379K(25755648K), 0.1231602 secs] [Times: user=4.33 sys=0.01, real=0.13 secs] 
5352.033: [GC (Allocation Failure) [PSYoungGen: 21786687K->657529K(22609920K)] 22640971K->1512173K(25755648K), 0.1201085 secs] [Times: user=4.16 sys=0.00, real=0.12 secs] 
5355.930: [GC (Allocation Failure) [PSYoungGen: 21760121K->674355K(22609920K)] 22614765K->1529455K(25755648K), 0.1225266 secs] [Times: user=4.28 sys=0.00, real=0.13 secs] 
5359.797: [GC (Allocation Failure) [PSYoungGen: 21776947K->632058K(22609920K)] 22632047K->1487630K(25755648K), 0.1170131 secs] [Times: user=4.08 sys=0.00, real=0.12 secs] 
5363.655: [GC (Allocation Failure) [PSYoungGen: 21734650K->649978K(22609920K)] 22590222K->1505911K(25755648K), 0.1190186 secs] [Times: user=4.10 sys=0.00, real=0.12 secs] 
5367.567: [GC (Allocation Failure) [PSYoungGen: 21752570K->655967K(22609920K)] 22608503K->1512459K(25755648K), 0.1191525 secs] [Times: user=4.20 sys=0.01, real=0.12 secs] 
5371.460: [GC (Allocation Failure) [PSYoungGen: 21758559K->625424K(22609920K)] 22615051K->1482444K(25755648K), 0.1143257 secs] [Times: user=4.01 sys=0.00, real=0.12 secs] 
5375.382: [GC (Allocation Failure) [PSYoungGen: 21728016K->618421K(22609920K)] 22585036K->1475810K(25755648K), 0.1142197 secs] [Times: user=4.02 sys=0.00, real=0.12 secs] 
5379.169: [GC (Allocation Failure) [PSYoungGen: 21721013K->660245K(22609920K)] 22578402K->1518026K(25755648K), 0.1186040 secs] [Times: user=4.17 sys=0.00, real=0.12 secs] 
5383.056: [GC (Allocation Failure) [PSYoungGen: 21762837K->666739K(22609920K)] 22620618K->1524975K(25755648K), 0.1226549 secs] [Times: user=4.23 sys=0.01, real=0.12 secs] 
5387.008: [GC (Allocation Failure) [PSYoungGen: 21769331K->679509K(22609920K)] 22627567K->1538130K(25755648K), 0.1215007 secs] [Times: user=4.27 sys=0.01, real=0.12 secs] 
5390.933: [GC (Allocation Failure) [PSYoungGen: 21782101K->664191K(22609920K)] 22640722K->1523179K(25755648K), 0.1201970 secs] [Times: user=4.24 sys=0.00, real=0.12 secs] 
5394.886: [GC (Allocation Failure) [PSYoungGen: 21766783K->693775K(22609920K)] 22625771K->1553339K(25755648K), 0.1273352 secs] [Times: user=4.48 sys=0.00, real=0.13 secs] 
5398.705: [GC (Allocation Failure) [PSYoungGen: 21796367K->637909K(22609920K)] 22655931K->1497841K(25755648K), 0.1151543 secs] [Times: user=4.06 sys=0.01, real=0.12 secs] 
5402.533: [GC (Allocation Failure) [PSYoungGen: 21740501K->638656K(22609920K)] 22600433K->1498949K(25755648K), 0.1188295 secs] [Times: user=4.19 sys=0.00, real=0.12 secs] 
5406.405: [GC (Allocation Failure) [PSYoungGen: 21741248K->670078K(22609920K)] 22601541K->1531011K(25755648K), 0.1218335 secs] [Times: user=4.23 sys=0.00, real=0.12 secs] 
5410.255: [GC (Allocation Failure) [PSYoungGen: 21772670K->682687K(22609920K)] 22633603K->1544275K(25755648K), 0.1223370 secs] [Times: user=4.31 sys=0.00, real=0.12 secs] 
5414.196: [GC (Allocation Failure) [PSYoungGen: 21785279K->679238K(22609920K)] 22646867K->1541202K(25755648K), 0.1226678 secs] [Times: user=4.28 sys=0.00, real=0.12 secs] 
5418.087: [GC (Allocation Failure) [PSYoungGen: 21781830K->646768K(22609920K)] 22643794K->1509124K(25755648K), 0.1173577 secs] [Times: user=4.10 sys=0.01, real=0.12 secs] 
5421.899: [GC (Allocation Failure) [PSYoungGen: 21749360K->666288K(22609920K)] 22611716K->1529292K(25755648K), 0.1199715 secs] [Times: user=4.22 sys=0.01, real=0.12 secs] 
5425.789: [GC (Allocation Failure) [PSYoungGen: 21768880K->658314K(22609920K)] 22631884K->1521687K(25755648K), 0.1187843 secs] [Times: user=4.18 sys=0.00, real=0.12 secs] 
5429.695: [GC (Allocation Failure) [PSYoungGen: 21760906K->633066K(22609920K)] 22624279K->1497070K(25755648K), 0.1159416 secs] [Times: user=4.08 sys=0.00, real=0.11 secs] 
5433.509: [GC (Allocation Failure) [PSYoungGen: 21735658K->658597K(22609920K)] 22599662K->1522985K(25755648K), 0.1195408 secs] [Times: user=4.21 sys=0.00, real=0.12 secs] 
5437.392: [GC (Allocation Failure) [PSYoungGen: 21761189K->636038K(22609920K)] 22625577K->1500786K(25755648K), 0.1156479 secs] [Times: user=4.08 sys=0.00, real=0.12 secs] 
5441.352: [GC (Allocation Failure) [PSYoungGen: 21738630K->627444K(22609920K)] 22603378K->1492832K(25755648K), 0.1194184 secs] [Times: user=4.07 sys=0.01, real=0.12 secs] 
5445.246: [GC (Allocation Failure) [PSYoungGen: 21730036K->669983K(22609920K)] 22595424K->1535764K(25755648K), 0.1220439 secs] [Times: user=4.22 sys=0.00, real=0.12 secs] 
5449.025: [GC (Allocation Failure) [PSYoungGen: 21772575K->674326K(22609920K)] 22638356K->1540475K(25755648K), 0.1224720 secs] [Times: user=4.30 sys=0.00, real=0.13 secs] 
5452.819: [GC (Allocation Failure) [PSYoungGen: 21776918K->643881K(22609920K)] 22643067K->1510413K(25755648K), 0.1179951 secs] [Times: user=4.12 sys=0.00, real=0.12 secs] 
5456.697: [GC (Allocation Failure) [PSYoungGen: 21746473K->642633K(22609920K)] 22613005K->1509766K(25755648K), 0.1160567 secs] [Times: user=4.09 sys=0.00, real=0.12 secs] 
5460.385: [GC (Allocation Failure) [PSYoungGen: 21745225K->667190K(22609920K)] 22612358K->1534699K(25755648K), 0.1199695 secs] [Times: user=4.23 sys=0.00, real=0.12 secs] 
5464.084: [GC (Allocation Failure) [PSYoungGen: 21769782K->707035K(22609920K)] 22637291K->1574919K(25755648K), 0.1253775 secs] [Times: user=4.43 sys=0.01, real=0.13 secs] 
5467.834: [GC (Allocation Failure) [PSYoungGen: 21809627K->691482K(22609920K)] 22677511K->1559726K(25755648K), 0.1230170 secs] [Times: user=4.34 sys=0.00, real=0.12 secs] 
5471.595: [GC (Allocation Failure) [PSYoungGen: 21794074K->628874K(22609920K)] 22662318K->1497742K(25755648K), 0.1159575 secs] [Times: user=4.07 sys=0.01, real=0.12 secs] 
5475.474: [GC (Allocation Failure) [PSYoungGen: 21731466K->650370K(22609920K)] 22600334K->1519607K(25755648K), 0.1185008 secs] [Times: user=4.12 sys=0.00, real=0.12 secs] 
5479.260: [GC (Allocation Failure) [PSYoungGen: 21752962K->657701K(22609920K)] 22622199K->1527306K(25755648K), 0.1194919 secs] [Times: user=4.17 sys=0.01, real=0.11 secs] 
5483.001: [GC (Allocation Failure) [PSYoungGen: 21760293K->659891K(22609920K)] 22629898K->1529872K(25755648K), 0.1200402 secs] [Times: user=4.24 sys=0.00, real=0.13 secs] 
5486.829: [GC (Allocation Failure) [PSYoungGen: 21762483K->664382K(22609920K)] 22632464K->1534954K(25755648K), 0.1217780 secs] [Times: user=4.29 sys=0.00, real=0.12 secs] 
5490.675: [GC (Allocation Failure) [PSYoungGen: 21766974K->658120K(22609920K)] 22637546K->1529068K(25755648K), 0.1198192 secs] [Times: user=4.15 sys=0.00, real=0.12 secs] 
5494.452: [GC (Allocation Failure) [PSYoungGen: 21760712K->664510K(22609920K)] 22631660K->1535827K(25755648K), 0.1199031 secs] [Times: user=4.23 sys=0.00, real=0.12 secs] 
5498.298: [GC (Allocation Failure) [PSYoungGen: 21767102K->663290K(22609920K)] 22638419K->1535143K(25755648K), 0.1214946 secs] [Times: user=4.22 sys=0.00, real=0.12 secs] 
5502.188: [GC (Allocation Failure) [PSYoungGen: 21765882K->651018K(22609920K)] 22637735K->1523366K(25755648K), 0.1192390 secs] [Times: user=4.21 sys=0.00, real=0.12 secs] 
5506.012: [GC (Allocation Failure) [PSYoungGen: 21753610K->673481K(22609920K)] 22625958K->1546197K(25755648K), 0.1220798 secs] [Times: user=4.30 sys=0.00, real=0.13 secs] 
5510.010: [GC (Allocation Failure) [PSYoungGen: 21776073K->631461K(22609920K)] 22648789K->1504585K(25755648K), 0.1137440 secs] [Times: user=4.00 sys=0.00, real=0.11 secs] 
5513.804: [GC (Allocation Failure) [PSYoungGen: 21734053K->700414K(22609920K)] 22607177K->1574066K(25755648K), 0.1262040 secs] [Times: user=4.41 sys=0.00, real=0.13 secs] 
5517.567: [GC (Allocation Failure) [PSYoungGen: 21803006K->670739K(22609920K)] 22676658K->1544839K(25755648K), 0.1220080 secs] [Times: user=4.30 sys=0.00, real=0.12 secs] 
5521.360: [GC (Allocation Failure) [PSYoungGen: 21773331K->620613K(22609920K)] 22647431K->1495066K(25755648K), 0.1134389 secs] [Times: user=3.98 sys=0.00, real=0.11 secs] 
5525.151: [GC (Allocation Failure) [PSYoungGen: 21723205K->685870K(22609920K)] 22597658K->1560690K(25755648K), 0.1241233 secs] [Times: user=4.38 sys=0.00, real=0.12 secs] 
5528.991: [GC (Allocation Failure) [PSYoungGen: 21788462K->653023K(22609920K)] 22663282K->1528227K(25755648K), 0.1192256 secs] [Times: user=4.20 sys=0.01, real=0.12 secs] 
5532.742: [GC (Allocation Failure) [PSYoungGen: 21755615K->645897K(22609920K)] 22630819K->1521630K(25755648K), 0.1176222 secs] [Times: user=4.14 sys=0.00, real=0.12 secs] 
5536.434: [GC (Allocation Failure) [PSYoungGen: 21748489K->640255K(22609920K)] 22624222K->1516332K(25755648K), 0.1161650 secs] [Times: user=4.09 sys=0.00, real=0.12 secs] 
5540.118: [GC (Allocation Failure) [PSYoungGen: 21742847K->749523K(22609920K)] 22618924K->1625984K(25755648K), 0.1332086 secs] [Times: user=4.66 sys=0.00, real=0.14 secs] 
5543.884: [GC (Allocation Failure) [PSYoungGen: 21852115K->640542K(22609920K)] 22728576K->1517386K(25755648K), 0.1180362 secs] [Times: user=4.06 sys=0.00, real=0.12 secs] 
5547.595: [GC (Allocation Failure) [PSYoungGen: 21743134K->723008K(22609920K)] 22619978K->1600340K(25755648K), 0.1298891 secs] [Times: user=4.58 sys=0.00, real=0.13 secs] 
5551.289: [GC (Allocation Failure) [PSYoungGen: 21825600K->687848K(22609920K)] 22702932K->1565557K(25755648K), 0.1237375 secs] [Times: user=4.34 sys=0.01, real=0.13 secs] 
5554.940: [GC (Allocation Failure) [PSYoungGen: 21790440K->701267K(22609920K)] 22668149K->1579343K(25755648K), 0.1254997 secs] [Times: user=4.44 sys=0.00, real=0.13 secs] 
5558.833: [GC (Allocation Failure) [PSYoungGen: 21803859K->718735K(22609920K)] 22681935K->1597179K(25755648K), 0.1287598 secs] [Times: user=4.54 sys=0.00, real=0.13 secs] 
5562.624: [GC (Allocation Failure) [PSYoungGen: 21821327K->651556K(22609920K)] 22699771K->1530393K(25755648K), 0.1218151 secs] [Times: user=4.19 sys=0.00, real=0.12 secs] 
5566.409: [GC (Allocation Failure) [PSYoungGen: 21754148K->644764K(22609920K)] 22632985K->1523960K(25755648K), 0.1167111 secs] [Times: user=4.11 sys=0.00, real=0.12 secs] 
5570.126: [GC (Allocation Failure) [PSYoungGen: 21747356K->710879K(22609920K)] 22626552K->1590459K(25755648K), 0.1261470 secs] [Times: user=4.44 sys=0.01, real=0.12 secs] 
5573.880: [GC (Allocation Failure) [PSYoungGen: 21813471K->670430K(22609920K)] 22693051K->1550402K(25755648K), 0.1208736 secs] [Times: user=4.26 sys=0.00, real=0.12 secs] 
5577.581: [GC (Allocation Failure) [PSYoungGen: 21773022K->716528K(22609920K)] 22652994K->1596876K(25755648K), 0.1274054 secs] [Times: user=4.50 sys=0.00, real=0.13 secs] 
5581.370: [GC (Allocation Failure) [PSYoungGen: 21819120K->642852K(22609920K)] 22699468K->1523585K(25755648K), 0.1177261 secs] [Times: user=4.13 sys=0.00, real=0.12 secs] 
5585.145: [GC (Allocation Failure) [PSYoungGen: 21745444K->706969K(22609920K)] 22626177K->1588125K(25755648K), 0.1333248 secs] [Times: user=4.37 sys=0.01, real=0.14 secs] 
5589.010: [GC (Allocation Failure) [PSYoungGen: 21809561K->661168K(22609920K)] 22690717K->1542692K(25755648K), 0.1193291 secs] [Times: user=4.20 sys=0.00, real=0.12 secs] 
5592.713: [GC (Allocation Failure) [PSYoungGen: 21763760K->675212K(22609920K)] 22645284K->1557112K(25755648K), 0.1235548 secs] [Times: user=4.33 sys=0.00, real=0.12 secs] 
5596.423: [GC (Allocation Failure) [PSYoungGen: 21777804K->687493K(22609920K)] 22659704K->1569762K(25755648K), 0.1226743 secs] [Times: user=4.32 sys=0.01, real=0.12 secs] 
5600.058: [GC (Allocation Failure) [PSYoungGen: 21790085K->661253K(22609920K)] 22672354K->1543954K(25755648K), 0.1187773 secs] [Times: user=4.18 sys=0.00, real=0.12 secs] 
5603.828: [GC (Allocation Failure) [PSYoungGen: 21763845K->642549K(22609920K)] 22646546K->1525618K(25755648K), 0.1163834 secs] [Times: user=4.07 sys=0.00, real=0.12 secs] 
5607.451: [GC (Allocation Failure) [PSYoungGen: 21745141K->636546K(22609920K)] 22628210K->1519966K(25755648K), 0.1165505 secs] [Times: user=4.10 sys=0.00, real=0.11 secs] 
5611.149: [GC (Allocation Failure) [PSYoungGen: 21739138K->670781K(22609920K)] 22622558K->1554577K(25755648K), 0.1228240 secs] [Times: user=4.33 sys=0.00, real=0.13 secs] 
5614.871: [GC (Allocation Failure) [PSYoungGen: 21773373K->663097K(22609920K)] 22657169K->1547270K(25755648K), 0.1215868 secs] [Times: user=4.25 sys=0.00, real=0.12 secs] 
5618.547: [GC (Allocation Failure) [PSYoungGen: 21765689K->629661K(22609920K)] 22649862K->1514193K(25755648K), 0.1162988 secs] [Times: user=4.10 sys=0.01, real=0.12 secs] 
5622.185: [GC (Allocation Failure) [PSYoungGen: 21732253K->672963K(22609920K)] 22616785K->1557880K(25755648K), 0.1218579 secs] [Times: user=4.29 sys=0.00, real=0.12 secs] 
5625.926: [GC (Allocation Failure) [PSYoungGen: 21775555K->685415K(22609920K)] 22660472K->1570683K(25755648K), 0.1229984 secs] [Times: user=4.33 sys=0.00, real=0.12 secs] 
5629.424: [GC (Allocation Failure) [PSYoungGen: 21788007K->628762K(22609920K)] 22673275K->1514430K(25755648K), 0.1151000 secs] [Times: user=4.05 sys=0.00, real=0.11 secs] 
5633.122: [GC (Allocation Failure) [PSYoungGen: 21731354K->682024K(22609920K)] 22617022K->1568076K(25755648K), 0.1230313 secs] [Times: user=4.34 sys=0.00, real=0.13 secs] 
5636.742: [GC (Allocation Failure) [PSYoungGen: 21784616K->681042K(22609920K)] 22670668K->1567479K(25755648K), 0.1272465 secs] [Times: user=4.47 sys=0.00, real=0.13 secs] 
5640.490: [GC (Allocation Failure) [PSYoungGen: 21783634K->651812K(22609920K)] 22670071K->1538609K(25755648K), 0.1186876 secs] [Times: user=4.16 sys=0.00, real=0.12 secs] 
5644.113: [GC (Allocation Failure) [PSYoungGen: 21754404K->690319K(22609920K)] 22641201K->1577507K(25755648K), 0.1253909 secs] [Times: user=4.41 sys=0.00, real=0.13 secs] 
5647.786: [GC (Allocation Failure) [PSYoungGen: 21792911K->644922K(22609920K)] 22680099K->1532534K(25755648K), 0.1223879 secs] [Times: user=4.16 sys=0.00, real=0.12 secs] 
5651.521: [GC (Allocation Failure) [PSYoungGen: 21747514K->626430K(22609920K)] 22635126K->1514435K(25755648K), 0.1172489 secs] [Times: user=4.03 sys=0.00, real=0.12 secs] 
5655.142: [GC (Allocation Failure) [PSYoungGen: 21729022K->697833K(22609920K)] 22617027K->1586205K(25755648K), 0.1256179 secs] [Times: user=4.44 sys=0.00, real=0.13 secs] 
5658.794: [GC (Allocation Failure) [PSYoungGen: 21800425K->652304K(22609920K)] 22688797K->1541068K(25755648K), 0.1179532 secs] [Times: user=4.17 sys=0.01, real=0.12 secs] 
5662.485: [GC (Allocation Failure) [PSYoungGen: 21754896K->646080K(22609920K)] 22643660K->1535252K(25755648K), 0.1192511 secs] [Times: user=4.13 sys=0.00, real=0.12 secs] 
5666.270: [GC (Allocation Failure) [PSYoungGen: 21748672K->678533K(22609920K)] 22637844K->1568065K(25755648K), 0.1243661 secs] [Times: user=4.35 sys=0.00, real=0.12 secs] 
5670.004: [GC (Allocation Failure) [PSYoungGen: 21781125K->663220K(22609920K)] 22670657K->1553121K(25755648K), 0.1200981 secs] [Times: user=4.20 sys=0.00, real=0.12 secs] 
5673.687: [GC (Allocation Failure) [PSYoungGen: 21765812K->683239K(22609920K)] 22655713K->1573523K(25755648K), 0.1222451 secs] [Times: user=4.32 sys=0.00, real=0.12 secs] 
5677.284: [GC (Allocation Failure) [PSYoungGen: 21785831K->656666K(22609920K)] 22676115K->1547343K(25755648K), 0.1192963 secs] [Times: user=4.21 sys=0.00, real=0.12 secs] 
5680.975: [GC (Allocation Failure) [PSYoungGen: 21759258K->664045K(22609920K)] 22649935K->1555106K(25755648K), 0.1213383 secs] [Times: user=4.27 sys=0.00, real=0.12 secs] 
5684.650: [GC (Allocation Failure) [PSYoungGen: 21766637K->666590K(22609920K)] 22657698K->1558026K(25755648K), 0.1199393 secs] [Times: user=4.24 sys=0.00, real=0.12 secs] 
5688.305: [GC (Allocation Failure) [PSYoungGen: 21769182K->661409K(22609920K)] 22660618K->1553270K(25755648K), 0.1198401 secs] [Times: user=4.23 sys=0.01, real=0.12 secs] 
5691.916: [GC (Allocation Failure) [PSYoungGen: 21764001K->677718K(22609920K)] 22655862K->1569962K(25755648K), 0.1237189 secs] [Times: user=4.30 sys=0.01, real=0.12 secs] 
5695.643: [GC (Allocation Failure) [PSYoungGen: 21780310K->669377K(22609920K)] 22672554K->1562005K(25755648K), 0.1224111 secs] [Times: user=4.22 sys=0.00, real=0.13 secs] 
5699.247: [GC (Allocation Failure) [PSYoungGen: 21771969K->681498K(22609920K)] 22664597K->1574631K(25755648K), 0.1228900 secs] [Times: user=4.31 sys=0.00, real=0.12 secs] 
5702.935: [GC (Allocation Failure) [PSYoungGen: 21784090K->666308K(22609920K)] 22677223K->1559825K(25755648K), 0.1203732 secs] [Times: user=4.25 sys=0.00, real=0.12 secs] 
5706.607: [GC (Allocation Failure) [PSYoungGen: 21768900K->653870K(22609920K)] 22662417K->1547763K(25755648K), 0.1198086 secs] [Times: user=4.19 sys=0.00, real=0.12 secs] 
5710.253: [GC (Allocation Failure) [PSYoungGen: 21756462K->687401K(22609920K)] 22650355K->1581726K(25755648K), 0.1241776 secs] [Times: user=4.38 sys=0.01, real=0.13 secs] 
5713.920: [GC (Allocation Failure) [PSYoungGen: 21789993K->661962K(22609920K)] 22684318K->1556806K(25755648K), 0.1219334 secs] [Times: user=4.30 sys=0.01, real=0.12 secs] 
5717.591: [GC (Allocation Failure) [PSYoungGen: 21764554K->626667K(22609920K)] 22659398K->1521895K(25755648K), 0.1172366 secs] [Times: user=4.11 sys=0.00, real=0.12 secs] 
5721.183: [GC (Allocation Failure) [PSYoungGen: 21729259K->693248K(22609920K)] 22624487K->1588837K(25755648K), 0.1260108 secs] [Times: user=4.45 sys=0.00, real=0.13 secs] 
5724.856: [GC (Allocation Failure) [PSYoungGen: 21795840K->664242K(22609920K)] 22691429K->1560374K(25755648K), 0.1219514 secs] [Times: user=4.29 sys=0.00, real=0.12 secs] 
5728.410: [GC (Allocation Failure) [PSYoungGen: 21766834K->638344K(22609920K)] 22662966K->1534844K(25755648K), 0.1161628 secs] [Times: user=4.09 sys=0.00, real=0.11 secs] 
5732.004: [GC (Allocation Failure) [PSYoungGen: 21740936K->670988K(22609920K)] 22637436K->1567841K(25755648K), 0.1225009 secs] [Times: user=4.32 sys=0.00, real=0.12 secs] 
5735.656: [GC (Allocation Failure) [PSYoungGen: 21773580K->649189K(22609920K)] 22670433K->1546417K(25755648K), 0.1179813 secs] [Times: user=4.15 sys=0.01, real=0.12 secs] 
5739.364: [GC (Allocation Failure) [PSYoungGen: 21751781K->659073K(22609920K)] 22649009K->1556781K(25755648K), 0.1217454 secs] [Times: user=4.25 sys=0.00, real=0.12 secs] 
5743.084: [GC (Allocation Failure) [PSYoungGen: 21761665K->657376K(22609920K)] 22659373K->1555444K(25755648K), 0.1195684 secs] [Times: user=4.21 sys=0.00, real=0.12 secs] 
5746.781: [GC (Allocation Failure) [PSYoungGen: 21759968K->666726K(22609920K)] 22658036K->1565195K(25755648K), 0.1214310 secs] [Times: user=4.28 sys=0.01, real=0.12 secs] 
5750.404: [GC (Allocation Failure) [PSYoungGen: 21769318K->662188K(22609920K)] 22667787K->1561040K(25755648K), 0.1201939 secs] [Times: user=4.24 sys=0.00, real=0.12 secs] 
5753.942: [GC (Allocation Failure) [PSYoungGen: 21764780K->631269K(22609920K)] 22663632K->1530490K(25755648K), 0.1160287 secs] [Times: user=4.03 sys=0.00, real=0.11 secs] 
5757.541: [GC (Allocation Failure) [PSYoungGen: 21733861K->685784K(22609920K)] 22633082K->1585596K(25755648K), 0.1236674 secs] [Times: user=4.36 sys=0.01, real=0.13 secs] 
5761.112: [GC (Allocation Failure) [PSYoungGen: 21788376K->665715K(22609920K)] 22688188K->1565896K(25755648K), 0.1221507 secs] [Times: user=4.25 sys=0.00, real=0.13 secs] 
5764.812: [GC (Allocation Failure) [PSYoungGen: 21768307K->675993K(22609920K)] 22668488K->1576518K(25755648K), 0.1239105 secs] [Times: user=4.37 sys=0.00, real=0.13 secs] 
5768.383: [GC (Allocation Failure) [PSYoungGen: 21778585K->654163K(22609920K)] 22679110K->1555144K(25755648K), 0.1206503 secs] [Times: user=4.23 sys=0.01, real=0.12 secs] 
5771.938: [GC (Allocation Failure) [PSYoungGen: 21756755K->655619K(22609920K)] 22657736K->1557159K(25755648K), 0.1195357 secs] [Times: user=4.21 sys=0.00, real=0.12 secs] 
5775.566: [GC (Allocation Failure) [PSYoungGen: 21758211K->650005K(22609920K)] 22659751K->1551906K(25755648K), 0.1186654 secs] [Times: user=4.15 sys=0.00, real=0.11 secs] 
5779.256: [GC (Allocation Failure) [PSYoungGen: 21752597K->663626K(22609920K)] 22654498K->1565894K(25755648K), 0.1224419 secs] [Times: user=4.29 sys=0.00, real=0.13 secs] 
5782.894: [GC (Allocation Failure) [PSYoungGen: 21766218K->666915K(22609920K)] 22668486K->1569576K(25755648K), 0.1222832 secs] [Times: user=4.25 sys=0.00, real=0.12 secs] 
5786.504: [GC (Allocation Failure) [PSYoungGen: 21769507K->643824K(22609920K)] 22672168K->1546876K(25755648K), 0.1181654 secs] [Times: user=4.16 sys=0.00, real=0.12 secs] 
5789.994: [GC (Allocation Failure) [PSYoungGen: 21746416K->675316K(22609920K)] 22649468K->1578913K(25755648K), 0.1225711 secs] [Times: user=4.33 sys=0.00, real=0.12 secs] 
5793.571: [GC (Allocation Failure) [PSYoungGen: 21777908K->658849K(22609920K)] 22681505K->1562829K(25755648K), 0.1204300 secs] [Times: user=4.24 sys=0.01, real=0.12 secs] 
5797.269: [GC (Allocation Failure) [PSYoungGen: 21761441K->691830K(22609920K)] 22665421K->1596195K(25755648K), 0.1243656 secs] [Times: user=4.39 sys=0.00, real=0.12 secs] 
5800.966: [GC (Allocation Failure) [PSYoungGen: 21794422K->689782K(22609920K)] 22698787K->1594523K(25755648K), 0.1237893 secs] [Times: user=4.38 sys=0.00, real=0.13 secs] 
5804.541: [GC (Allocation Failure) [PSYoungGen: 21792374K->648495K(22609920K)] 22697115K->1553771K(25755648K), 0.1171888 secs] [Times: user=4.13 sys=0.00, real=0.11 secs] 
5808.112: [GC (Allocation Failure) [PSYoungGen: 21751087K->701131K(22609920K)] 22656363K->1606800K(25755648K), 0.1267878 secs] [Times: user=4.48 sys=0.00, real=0.12 secs] 
5811.665: [GC (Allocation Failure) [PSYoungGen: 21803723K->646532K(22609920K)] 22709392K->1552561K(25755648K), 0.1174814 secs] [Times: user=4.14 sys=0.00, real=0.12 secs] 
5815.212: [GC (Allocation Failure) [PSYoungGen: 21749124K->699343K(22609920K)] 22655153K->1605732K(25755648K), 0.1264754 secs] [Times: user=4.46 sys=0.00, real=0.12 secs] 
5818.763: [GC (Allocation Failure) [PSYoungGen: 21801935K->652414K(22609920K)] 22708324K->1559315K(25755648K), 0.1210897 secs] [Times: user=4.26 sys=0.01, real=0.12 secs] 
5822.295: [GC (Allocation Failure) [PSYoungGen: 21755006K->693739K(22609920K)] 22661907K->1601103K(25755648K), 0.1252695 secs] [Times: user=4.35 sys=0.01, real=0.12 secs] 
5825.792: [GC (Allocation Failure) [PSYoungGen: 21796331K->669098K(22609920K)] 22703695K->1576814K(25755648K), 0.1210185 secs] [Times: user=4.26 sys=0.00, real=0.12 secs] 
5829.278: [GC (Allocation Failure) [PSYoungGen: 21771690K->721515K(22609920K)] 22679406K->1629623K(25755648K), 0.1292780 secs] [Times: user=4.56 sys=0.01, real=0.13 secs] 
5832.701: [GC (Allocation Failure) [PSYoungGen: 21824107K->655016K(22609920K)] 22732215K->1563612K(25755648K), 0.1184061 secs] [Times: user=4.17 sys=0.01, real=0.12 secs] 
5836.282: [GC (Allocation Failure) [PSYoungGen: 21757608K->686324K(22609920K)] 22666204K->1595528K(25755648K), 0.1244709 secs] [Times: user=4.38 sys=0.00, real=0.13 secs] 
5839.871: [GC (Allocation Failure) [PSYoungGen: 21788916K->687626K(22609920K)] 22698120K->1597206K(25755648K), 0.1238152 secs] [Times: user=4.37 sys=0.00, real=0.12 secs] 
5843.457: [GC (Allocation Failure) [PSYoungGen: 21790218K->647189K(22609920K)] 22699798K->1557138K(25755648K), 0.1177853 secs] [Times: user=4.16 sys=0.00, real=0.11 secs] 
5846.941: [GC (Allocation Failure) [PSYoungGen: 21749781K->669325K(22609920K)] 22659730K->1579857K(25755648K), 0.1212241 secs] [Times: user=4.28 sys=0.00, real=0.12 secs] 
5850.527: [GC (Allocation Failure) [PSYoungGen: 21771917K->632012K(22609920K)] 22682449K->1542904K(25755648K), 0.1151123 secs] [Times: user=4.05 sys=0.01, real=0.11 secs] 
5853.976: [GC (Allocation Failure) [PSYoungGen: 21734604K->669499K(22609920K)] 22645496K->1580776K(25755648K), 0.1220655 secs] [Times: user=4.31 sys=0.00, real=0.13 secs] 
5857.569: [GC (Allocation Failure) [PSYoungGen: 21772091K->635936K(22609920K)] 22683368K->1547589K(25755648K), 0.1165651 secs] [Times: user=4.05 sys=0.00, real=0.11 secs] 
5861.067: [GC (Allocation Failure) [PSYoungGen: 21738528K->689328K(22609920K)] 22650181K->1601476K(25755648K), 0.1260092 secs] [Times: user=4.44 sys=0.00, real=0.13 secs] 
5864.577: [GC (Allocation Failure) [PSYoungGen: 21791920K->651802K(22609920K)] 22704068K->1564326K(25755648K), 0.1188862 secs] [Times: user=4.19 sys=0.01, real=0.12 secs] 
5868.044: [GC (Allocation Failure) [PSYoungGen: 21754394K->690846K(22609920K)] 22666918K->1603779K(25755648K), 0.1240114 secs] [Times: user=4.38 sys=0.01, real=0.12 secs] 
5871.598: [GC (Allocation Failure) [PSYoungGen: 21793438K->701152K(22609920K)] 22706371K->1614469K(25755648K), 0.1258671 secs] [Times: user=4.44 sys=0.01, real=0.13 secs] 
5875.123: [GC (Allocation Failure) [PSYoungGen: 21803744K->673534K(22609920K)] 22717061K->1587203K(25755648K), 0.1229361 secs] [Times: user=4.34 sys=0.00, real=0.12 secs] 
5878.572: [GC (Allocation Failure) [PSYoungGen: 21775841K->676410K(22609920K)] 22689510K->1590462K(25755648K), 0.1227743 secs] [Times: user=4.33 sys=0.00, real=0.12 secs] 
5882.054: [GC (Allocation Failure) [PSYoungGen: 21779002K->699727K(22609920K)] 22693054K->1614164K(25755648K), 0.1271145 secs] [Times: user=4.48 sys=0.00, real=0.12 secs] 
5885.415: [GC (Allocation Failure) [PSYoungGen: 21802319K->671210K(22609920K)] 22716756K->1586014K(25755648K), 0.1217273 secs] [Times: user=4.29 sys=0.00, real=0.12 secs] 
5888.911: [GC (Allocation Failure) [PSYoungGen: 21773802K->664030K(22609920K)] 22688606K->1579187K(25755648K), 0.1208825 secs] [Times: user=4.26 sys=0.01, real=0.12 secs] 
5892.387: [GC (Allocation Failure) [PSYoungGen: 21766622K->681852K(22609920K)] 22681779K->1597561K(25755648K), 0.1229080 secs] [Times: user=4.34 sys=0.00, real=0.12 secs] 
5895.849: [GC (Allocation Failure) [PSYoungGen: 21784444K->681476K(22609920K)] 22700153K->1597584K(25755648K), 0.1235884 secs] [Times: user=4.34 sys=0.00, real=0.12 secs] 
5899.356: [GC (Allocation Failure) [PSYoungGen: 21784068K->637077K(22609920K)] 22700176K->1553538K(25755648K), 0.1156710 secs] [Times: user=4.07 sys=0.01, real=0.11 secs] 
5902.724: [GC (Allocation Failure) [PSYoungGen: 21739669K->709214K(22609920K)] 22656130K->1626283K(25755648K), 0.1273517 secs] [Times: user=4.45 sys=0.00, real=0.13 secs] 
5906.258: [GC (Allocation Failure) [PSYoungGen: 21811806K->695705K(22609920K)] 22728875K->1613326K(25755648K), 0.1248681 secs] [Times: user=4.41 sys=0.00, real=0.12 secs] 
5909.737: [GC (Allocation Failure) [PSYoungGen: 21798297K->666482K(22609920K)] 22715918K->1584479K(25755648K), 0.1209517 secs] [Times: user=4.27 sys=0.00, real=0.12 secs] 
5913.185: [GC (Allocation Failure) [PSYoungGen: 21769074K->690285K(22609920K)] 22687071K->1608642K(25755648K), 0.1250812 secs] [Times: user=4.40 sys=0.00, real=0.13 secs] 
5916.663: [GC (Allocation Failure) [PSYoungGen: 21792877K->685604K(22609920K)] 22711234K->1604352K(25755648K), 0.1239189 secs] [Times: user=4.38 sys=0.00, real=0.13 secs] 
5920.157: [GC (Allocation Failure) [PSYoungGen: 21788196K->698051K(22609920K)] 22706944K->1617159K(25755648K), 0.1264445 secs] [Times: user=4.40 sys=0.00, real=0.12 secs] 
5923.633: [GC (Allocation Failure) [PSYoungGen: 21800643K->711570K(22609920K)] 22719751K->1631055K(25755648K), 0.1275517 secs] [Times: user=4.50 sys=0.00, real=0.13 secs] 
5927.077: [GC (Allocation Failure) [PSYoungGen: 21814162K->669538K(22609920K)] 22733647K->1589390K(25755648K), 0.1215997 secs] [Times: user=4.30 sys=0.00, real=0.13 secs] 
5930.663: [GC (Allocation Failure) [PSYoungGen: 21772130K->650479K(22609920K)] 22691982K->1570747K(25755648K), 0.1186697 secs] [Times: user=4.12 sys=0.00, real=0.12 secs] 
5934.156: [GC (Allocation Failure) [PSYoungGen: 21753071K->698587K(22609920K)] 22673339K->1619296K(25755648K), 0.1264629 secs] [Times: user=4.40 sys=0.00, real=0.13 secs] 
5937.657: [GC (Allocation Failure) [PSYoungGen: 21801179K->676896K(22609920K)] 22721888K->1598012K(25755648K), 0.1239019 secs] [Times: user=4.36 sys=0.00, real=0.13 secs] 
5941.114: [GC (Allocation Failure) [PSYoungGen: 21779488K->657439K(22609920K)] 22700604K->1578915K(25755648K), 0.1204620 secs] [Times: user=4.21 sys=0.00, real=0.12 secs] 
5944.559: [GC (Allocation Failure) [PSYoungGen: 21760031K->664192K(22609920K)] 22681507K->1586060K(25755648K), 0.1196837 secs] [Times: user=4.22 sys=0.00, real=0.12 secs] 
5948.143: [GC (Allocation Failure) [PSYoungGen: 21766784K->694931K(22609920K)] 22688652K->1617160K(25755648K), 0.1248891 secs] [Times: user=4.41 sys=0.00, real=0.12 secs] 
5951.615: [GC (Allocation Failure) [PSYoungGen: 21797523K->643862K(22609920K)] 22719752K->1566547K(25755648K), 0.1170618 secs] [Times: user=4.09 sys=0.01, real=0.11 secs] 
5955.035: [GC (Allocation Failure) [PSYoungGen: 21746454K->708547K(22609920K)] 22669139K->1631600K(25755648K), 0.1273111 secs] [Times: user=4.49 sys=0.00, real=0.12 secs] 
5958.465: [GC (Allocation Failure) [PSYoungGen: 21811139K->662746K(22609920K)] 22734192K->1586159K(25755648K), 0.1206265 secs] [Times: user=4.26 sys=0.00, real=0.12 secs] 
5961.781: [GC (Allocation Failure) [PSYoungGen: 21765338K->749823K(22609920K)] 22688751K->1673699K(25755648K), 0.1350050 secs] [Times: user=4.73 sys=0.00, real=0.14 secs] 
5965.196: [GC (Allocation Failure) [PSYoungGen: 21852415K->705775K(22609920K)] 22776291K->1630059K(25755648K), 0.1259942 secs] [Times: user=4.44 sys=0.00, real=0.12 secs] 
5968.611: [GC (Allocation Failure) [PSYoungGen: 21808367K->691913K(22609920K)] 22732651K->1616582K(25755648K), 0.1269850 secs] [Times: user=4.45 sys=0.01, real=0.13 secs] 
5972.242: [GC (Allocation Failure) [PSYoungGen: 21794505K->670665K(22609920K)] 22719174K->1595686K(25755648K), 0.1208202 secs] [Times: user=4.25 sys=0.00, real=0.12 secs] 
5975.790: [GC (Allocation Failure) [PSYoungGen: 21773257K->633477K(22609920K)] 22698278K->1558874K(25755648K), 0.1155300 secs] [Times: user=4.06 sys=0.00, real=0.11 secs] 
5979.357: [GC (Allocation Failure) [PSYoungGen: 21736069K->636591K(22609920K)] 22661466K->1562388K(25755648K), 0.1203308 secs] [Times: user=4.09 sys=0.00, real=0.12 secs] 
5982.872: [GC (Allocation Failure) [PSYoungGen: 21739183K->665522K(22609920K)] 22664980K->1591718K(25755648K), 0.1229795 secs] [Times: user=4.33 sys=0.00, real=0.12 secs] 
5986.348: [GC (Allocation Failure) [PSYoungGen: 21768114K->639195K(22609920K)] 22694310K->1565752K(25755648K), 0.1185756 secs] [Times: user=4.10 sys=0.00, real=0.11 secs] 
5989.824: [GC (Allocation Failure) [PSYoungGen: 21741787K->666351K(22609920K)] 22668344K->1593315K(25755648K), 0.1201511 secs] [Times: user=4.24 sys=0.00, real=0.12 secs] 
5993.430: [GC (Allocation Failure) [PSYoungGen: 21768943K->638336K(22609920K)] 22695907K->1565852K(25755648K), 0.1166029 secs] [Times: user=4.11 sys=0.00, real=0.11 secs] 
5996.886: [GC (Allocation Failure) [PSYoungGen: 21740928K->661633K(22609920K)] 22668444K->1589533K(25755648K), 0.1202721 secs] [Times: user=4.23 sys=0.00, real=0.12 secs] 
6000.358: [GC (Allocation Failure) [PSYoungGen: 21764225K->648308K(22609920K)] 22692125K->1576568K(25755648K), 0.1214033 secs] [Times: user=4.15 sys=0.00, real=0.12 secs] 
6003.773: [GC (Allocation Failure) [PSYoungGen: 21750900K->717691K(22609920K)] 22679160K->1646343K(25755648K), 0.1288113 secs] [Times: user=4.55 sys=0.00, real=0.13 secs] 
6007.111: [GC (Allocation Failure) [PSYoungGen: 21820283K->685616K(22609920K)] 22748935K->1614901K(25755648K), 0.1228478 secs] [Times: user=4.34 sys=0.00, real=0.12 secs] 
6010.529: [GC (Allocation Failure) [PSYoungGen: 21788208K->658809K(22609920K)] 22717493K->1588741K(25755648K), 0.1200109 secs] [Times: user=4.20 sys=0.00, real=0.12 secs] 
6014.022: [GC (Allocation Failure) [PSYoungGen: 21761401K->738379K(22609920K)] 22691333K->1668672K(25755648K), 0.1331045 secs] [Times: user=4.70 sys=0.00, real=0.14 secs] 
6017.460: [GC (Allocation Failure) [PSYoungGen: 21840971K->648452K(22609920K)] 22771264K->1579113K(25755648K), 0.1214233 secs] [Times: user=4.11 sys=0.00, real=0.12 secs] 
6020.973: [GC (GCLocker Initiated GC) [PSYoungGen: 21751044K->679143K(22609920K)] 22683889K->1612380K(25755648K), 0.1231212 secs] [Times: user=4.34 sys=0.00, real=0.12 secs] 
6024.342: [GC (Allocation Failure) [PSYoungGen: 21781735K->718762K(22609920K)] 22714976K->1652578K(25755648K), 0.1296614 secs] [Times: user=4.51 sys=0.01, real=0.13 secs] 
6027.747: [GC (Allocation Failure) [PSYoungGen: 21821354K->710672K(22609920K)] 22755170K->1645161K(25755648K), 0.1269111 secs] [Times: user=4.47 sys=0.01, real=0.13 secs] 
6031.244: [GC (Allocation Failure) [PSYoungGen: 21813264K->723077K(22609920K)] 22747753K->1657949K(25755648K), 0.1284517 secs] [Times: user=4.53 sys=0.01, real=0.12 secs] 
6034.668: [GC (Allocation Failure) [PSYoungGen: 21825669K->742577K(22609920K)] 22760541K->1677794K(25755648K), 0.1314590 secs] [Times: user=4.60 sys=0.00, real=0.13 secs] 
6038.109: [GC (Allocation Failure) [PSYoungGen: 21845169K->763887K(22609920K)] 22780386K->1699512K(25755648K), 0.1352716 secs] [Times: user=4.75 sys=0.00, real=0.13 secs] 
6041.538: [GC (Allocation Failure) [PSYoungGen: 21866479K->671774K(22609920K)] 22802104K->1607767K(25755648K), 0.1201877 secs] [Times: user=4.24 sys=0.00, real=0.12 secs] 
6045.043: [GC (Allocation Failure) [PSYoungGen: 21774366K->710654K(22609920K)] 22710359K->1647023K(25755648K), 0.1272504 secs] [Times: user=4.49 sys=0.00, real=0.13 secs] 
6048.430: [GC (Allocation Failure) [PSYoungGen: 21813246K->719872K(22609920K)] 22749615K->1656600K(25755648K), 0.1279269 secs] [Times: user=4.53 sys=0.00, real=0.13 secs] 
6051.807: [GC (Allocation Failure) [PSYoungGen: 21822464K->718412K(22609920K)] 22759192K->1655565K(25755648K), 0.1278095 secs] [Times: user=4.47 sys=0.00, real=0.13 secs] 
6055.215: [GC (Allocation Failure) [PSYoungGen: 21821004K->733073K(22609920K)] 22758157K->1670562K(25755648K), 0.1301372 secs] [Times: user=4.60 sys=0.01, real=0.13 secs] 
6058.640: [GC (Allocation Failure) [PSYoungGen: 21835665K->687658K(22609920K)] 22773154K->1625499K(25755648K), 0.1230301 secs] [Times: user=4.26 sys=0.01, real=0.12 secs] 
6062.084: [GC (Allocation Failure) [PSYoungGen: 21790250K->742731K(22609920K)] 22728091K->1680972K(25755648K), 0.1319927 secs] [Times: user=4.65 sys=0.00, real=0.13 secs] 
6065.467: [GC (Allocation Failure) [PSYoungGen: 21845323K->729788K(22609920K)] 22783564K->1668405K(25755648K), 0.1293135 secs] [Times: user=4.56 sys=0.01, real=0.13 secs] 
6068.883: [GC (Allocation Failure) [PSYoungGen: 21832380K->740460K(22609920K)] 22770997K->1679508K(25755648K), 0.1314488 secs] [Times: user=4.63 sys=0.00, real=0.13 secs] 
6072.256: [GC (Allocation Failure) [PSYoungGen: 21843052K->697520K(22609920K)] 22782100K->1664970K(25755648K), 0.1295660 secs] [Times: user=4.51 sys=0.00, real=0.13 secs] 
6075.667: [GC (Allocation Failure) [PSYoungGen: 21800112K->647461K(22609920K)] 22767562K->1615487K(25755648K), 0.1179236 secs] [Times: user=4.15 sys=0.01, real=0.12 secs] 
6079.083: [GC (Allocation Failure) [PSYoungGen: 21750053K->760679K(22609920K)] 22718079K->1729073K(25755648K), 0.1355501 secs] [Times: user=4.79 sys=0.00, real=0.13 secs] 
6082.475: [GC (Allocation Failure) [PSYoungGen: 21863271K->734561K(22609920K)] 22831665K->1703378K(25755648K), 0.1325581 secs] [Times: user=4.65 sys=0.00, real=0.13 secs] 
6085.866: [GC (Allocation Failure) [PSYoungGen: 21837153K->725704K(22609920K)] 22805970K->1694938K(25755648K), 0.1300125 secs] [Times: user=4.59 sys=0.00, real=0.13 secs] 
6089.264: [GC (Allocation Failure) [PSYoungGen: 21828296K->760067K(22609920K)] 22797530K->1729660K(25755648K), 0.1353260 secs] [Times: user=4.78 sys=0.00, real=0.13 secs] 
6092.667: [GC (Allocation Failure) [PSYoungGen: 21862659K->661218K(22609920K)] 22832252K->1631188K(25755648K), 0.1190305 secs] [Times: user=4.19 sys=0.00, real=0.12 secs] 
6096.145: [GC (Allocation Failure) [PSYoungGen: 21763810K->680890K(22609920K)] 22733780K->1651331K(25755648K), 0.1218601 secs] [Times: user=4.29 sys=0.00, real=0.12 secs] 
6099.516: [GC (Allocation Failure) [PSYoungGen: 21783482K->688055K(22609920K)] 22753923K->1658913K(25755648K), 0.1228456 secs] [Times: user=4.34 sys=0.00, real=0.12 secs] 
6102.973: [GC (Allocation Failure) [PSYoungGen: 21790647K->658125K(22609920K)] 22761505K->1629351K(25755648K), 0.1228706 secs] [Times: user=4.16 sys=0.00, real=0.13 secs] 
6106.341: [GC (Allocation Failure) [PSYoungGen: 21760717K->648161K(22609920K)] 22731943K->1619826K(25755648K), 0.1179481 secs] [Times: user=4.16 sys=0.00, real=0.12 secs] 
6109.717: [GC (Allocation Failure) [PSYoungGen: 21750753K->663639K(22609920K)] 22722418K->1635896K(25755648K), 0.1205787 secs] [Times: user=4.25 sys=0.00, real=0.12 secs] 
6113.103: [GC (Allocation Failure) [PSYoungGen: 21766231K->690123K(22609920K)] 22738488K->1662741K(25755648K), 0.1257013 secs] [Times: user=4.44 sys=0.00, real=0.13 secs] 
6116.554: [GC (Allocation Failure) [PSYoungGen: 21792715K->645983K(22609920K)] 22765333K->1618993K(25755648K), 0.1174375 secs] [Times: user=4.13 sys=0.01, real=0.12 secs] 
6119.947: [GC (Allocation Failure) [PSYoungGen: 21748575K->707644K(22609920K)] 22721585K->1681069K(25755648K), 0.1280769 secs] [Times: user=4.52 sys=0.00, real=0.13 secs] 
6123.388: [GC (Allocation Failure) [PSYoungGen: 21810236K->650144K(22609920K)] 22783661K->1623922K(25755648K), 0.1180715 secs] [Times: user=4.17 sys=0.00, real=0.12 secs] 
6126.827: [GC (Allocation Failure) [PSYoungGen: 21752736K->672923K(22609920K)] 22726514K->1647076K(25755648K), 0.1224176 secs] [Times: user=4.22 sys=0.00, real=0.13 secs] 
6130.229: [GC (Allocation Failure) [PSYoungGen: 21775515K->703925K(22609920K)] 22749668K->1678431K(25755648K), 0.1279093 secs] [Times: user=4.40 sys=0.00, real=0.13 secs] 
6133.557: [GC (Allocation Failure) [PSYoungGen: 21806517K->702535K(22609920K)] 22781023K->1677464K(25755648K), 0.1267564 secs] [Times: user=4.47 sys=0.00, real=0.13 secs] 
6136.908: [GC (Allocation Failure) [PSYoungGen: 21805127K->741192K(22609920K)] 22780056K->1716514K(25755648K), 0.1334718 secs] [Times: user=4.67 sys=0.00, real=0.14 secs] 
6140.288: [GC (Allocation Failure) [PSYoungGen: 21843784K->775252K(22609920K)] 22819106K->1750933K(25755648K), 0.1367330 secs] [Times: user=4.83 sys=0.01, real=0.14 secs] 
6143.627: [GC (Allocation Failure) [PSYoungGen: 21877844K->701904K(22609920K)] 22853525K->1677978K(25755648K), 0.1264703 secs] [Times: user=4.46 sys=0.00, real=0.13 secs] 
6146.992: [GC (Allocation Failure) [PSYoungGen: 21804496K->660911K(22609920K)] 22780570K->1637360K(25755648K), 0.1207497 secs] [Times: user=4.26 sys=0.00, real=0.12 secs] 
6150.398: [GC (Allocation Failure) [PSYoungGen: 21763503K->644245K(22609920K)] 22739952K->1621135K(25755648K), 0.1166374 secs] [Times: user=4.10 sys=0.00, real=0.12 secs] 
6153.931: [GC (Allocation Failure) [PSYoungGen: 21746837K->670807K(22609920K)] 22723727K->1648113K(25755648K), 0.1209037 secs] [Times: user=4.27 sys=0.00, real=0.12 secs] 
6157.308: [GC (Allocation Failure) [PSYoungGen: 21773399K->692202K(22609920K)] 22750705K->1669915K(25755648K), 0.1253013 secs] [Times: user=4.38 sys=0.00, real=0.13 secs] 
6160.691: [GC (Allocation Failure) [PSYoungGen: 21794794K->677106K(22609920K)] 22772507K->1655187K(25755648K), 0.1243060 secs] [Times: user=4.34 sys=0.00, real=0.13 secs] 
6164.045: [GC (Allocation Failure) [PSYoungGen: 21779698K->718800K(22609920K)] 22757779K->1697250K(25755648K), 0.1296818 secs] [Times: user=4.58 sys=0.00, real=0.13 secs] 
6167.428: [GC (Allocation Failure) [PSYoungGen: 21821392K->655332K(22609920K)] 22799842K->1634237K(25755648K), 0.1192570 secs] [Times: user=4.20 sys=0.01, real=0.12 secs] 
6170.856: [GC (Allocation Failure) [PSYoungGen: 21757924K->661178K(22609920K)] 22736829K->1640500K(25755648K), 0.1201929 secs] [Times: user=4.23 sys=0.01, real=0.12 secs] 
6174.294: [GC (Allocation Failure) [PSYoungGen: 21763770K->724555K(22609920K)] 22743092K->1704261K(25755648K), 0.1294684 secs] [Times: user=4.56 sys=0.01, real=0.13 secs] 
6177.590: [GC (Allocation Failure) [PSYoungGen: 21827147K->738470K(22609920K)] 22806853K->1718536K(25755648K), 0.1372321 secs] [Times: user=4.70 sys=0.00, real=0.14 secs] 
6180.977: [GC (Allocation Failure) [PSYoungGen: 21841062K->708314K(22609920K)] 22821128K->1688748K(25755648K), 0.1266996 secs] [Times: user=4.47 sys=0.00, real=0.12 secs] 
6184.407: [GC (Allocation Failure) [PSYoungGen: 21810906K->667434K(22609920K)] 22791340K->1648452K(25755648K), 0.1213569 secs] [Times: user=4.29 sys=0.01, real=0.13 secs] 
6187.757: [GC (Allocation Failure) [PSYoungGen: 21770026K->702221K(22609920K)] 22751044K->1683607K(25755648K), 0.1269637 secs] [Times: user=4.48 sys=0.00, real=0.13 secs] 
6191.139: [GC (Allocation Failure) [PSYoungGen: 21804813K->745197K(22609920K)] 22786199K->1726950K(25755648K), 0.1336316 secs] [Times: user=4.72 sys=0.00, real=0.14 secs] 
6194.464: [GC (Allocation Failure) [PSYoungGen: 21847789K->707378K(22609920K)] 22829542K->1689516K(25755648K), 0.1282075 secs] [Times: user=4.53 sys=0.00, real=0.13 secs] 
6197.766: [GC (Allocation Failure) [PSYoungGen: 21809970K->728452K(22609920K)] 22792108K->1710997K(25755648K), 0.1305120 secs] [Times: user=4.60 sys=0.01, real=0.13 secs] 
6201.118: [GC (Allocation Failure) [PSYoungGen: 21831044K->709112K(22609920K)] 22813589K->1692122K(25755648K), 0.1297312 secs] [Times: user=4.58 sys=0.00, real=0.13 secs] 
6204.436: [GC (Allocation Failure) [PSYoungGen: 21811704K->713180K(22609920K)] 22794714K->1696549K(25755648K), 0.1276187 secs] [Times: user=4.50 sys=0.00, real=0.13 secs] 
6207.818: [GC (Allocation Failure) [PSYoungGen: 21815772K->729080K(22609920K)] 22799141K->1712826K(25755648K), 0.1313254 secs] [Times: user=4.62 sys=0.00, real=0.13 secs] 
6211.159: [GC (Allocation Failure) [PSYoungGen: 21831672K->750506K(22609920K)] 22815418K->1734763K(25755648K), 0.1340113 secs] [Times: user=4.73 sys=0.00, real=0.14 secs] 
6214.471: [GC (Allocation Failure) [PSYoungGen: 21853098K->705769K(22609920K)] 22837355K->1690394K(25755648K), 0.1276712 secs] [Times: user=4.51 sys=0.00, real=0.13 secs] 
6217.773: [GC (Allocation Failure) [PSYoungGen: 21808361K->721845K(22609920K)] 22792986K->1706854K(25755648K), 0.1297467 secs] [Times: user=4.58 sys=0.00, real=0.13 secs] 
6221.114: [GC (Allocation Failure) [PSYoungGen: 21824437K->726506K(22609920K)] 22809446K->1711891K(25755648K), 0.1304570 secs] [Times: user=4.61 sys=0.00, real=0.13 secs] 
6224.432: [GC (Allocation Failure) [PSYoungGen: 21829098K->721075K(22609920K)] 22814483K->1706869K(25755648K), 0.1307895 secs] [Times: user=4.61 sys=0.00, real=0.13 secs] 
6227.752: [GC (Allocation Failure) [PSYoungGen: 21823667K->728035K(22609920K)] 22809461K->1714237K(25755648K), 0.1322065 secs] [Times: user=4.60 sys=0.00, real=0.14 secs] 
6231.144: [GC (Allocation Failure) [PSYoungGen: 21830627K->749084K(22609920K)] 22816829K->1735637K(25755648K), 0.1341682 secs] [Times: user=4.75 sys=0.00, real=0.14 secs] 
6234.594: [GC (Allocation Failure) [PSYoungGen: 21851676K->666815K(22609920K)] 22838229K->1653745K(25755648K), 0.1207447 secs] [Times: user=4.26 sys=0.00, real=0.13 secs] 
6237.985: [GC (Allocation Failure) [PSYoungGen: 21769407K->682754K(22609920K)] 22756337K->1670051K(25755648K), 0.1240809 secs] [Times: user=4.32 sys=0.01, real=0.13 secs] 
6241.329: [GC (Allocation Failure) [PSYoungGen: 21785346K->694386K(22609920K)] 22772643K->1682059K(25755648K), 0.1257207 secs] [Times: user=4.43 sys=0.00, real=0.12 secs] 
6244.616: [GC (Allocation Failure) [PSYoungGen: 21796978K->736890K(22609920K)] 22784651K->1724955K(25755648K), 0.1323533 secs] [Times: user=4.65 sys=0.00, real=0.14 secs] 
6247.983: [GC (GCLocker Initiated GC) [PSYoungGen: 21839482K->779516K(22609920K)] 22830651K->1771045K(25755648K), 0.1401312 secs] [Times: user=4.95 sys=0.00, real=0.14 secs] 
6251.315: [GC (Allocation Failure) [PSYoungGen: 21882108K->730972K(22609920K)] 22873639K->1722863K(25755648K), 0.1321224 secs] [Times: user=4.66 sys=0.00, real=0.13 secs] 
6254.678: [GC (Allocation Failure) [PSYoungGen: 21833564K->788652K(22609920K)] 22825455K->1780935K(25755648K), 0.1414189 secs] [Times: user=5.00 sys=0.00, real=0.14 secs] 
6257.964: [GC (Allocation Failure) [PSYoungGen: 21891244K->741045K(22609920K)] 22883527K->1733688K(25755648K), 0.1335234 secs] [Times: user=4.69 sys=0.01, real=0.13 secs] 
6261.234: [GC (Allocation Failure) [PSYoungGen: 21843637K->798717K(22609920K)] 22836280K->1791735K(25755648K), 0.1455217 secs] [Times: user=5.04 sys=0.00, real=0.15 secs] 
6264.601: [GC (Allocation Failure) [PSYoungGen: 21901309K->765912K(22609920K)] 22894327K->1759387K(25755648K), 0.1400055 secs] [Times: user=4.88 sys=0.00, real=0.14 secs] 
6267.957: [GC (Allocation Failure) [PSYoungGen: 21868504K->790313K(22609920K)] 22861979K->1784172K(25755648K), 0.1408021 secs] [Times: user=4.98 sys=0.00, real=0.14 secs] 
6271.219: [GC (Allocation Failure) [PSYoungGen: 21892905K->787030K(22609920K)] 22886764K->1781257K(25755648K), 0.1414682 secs] [Times: user=4.94 sys=0.00, real=0.15 secs] 
6274.512: [GC (Allocation Failure) [PSYoungGen: 21889622K->737075K(22609920K)] 22883849K->1731830K(25755648K), 0.1332616 secs] [Times: user=4.71 sys=0.00, real=0.13 secs] 
6277.831: [GC (Allocation Failure) [PSYoungGen: 21839667K->721510K(22609920K)] 22834422K->1716809K(25755648K), 0.1310980 secs] [Times: user=4.57 sys=0.00, real=0.14 secs] 
6281.189: [GC (Allocation Failure) [PSYoungGen: 21824102K->757205K(22609920K)] 22819401K->1752871K(25755648K), 0.1362626 secs] [Times: user=4.81 sys=0.00, real=0.14 secs] 
6284.560: [GC (Allocation Failure) [PSYoungGen: 21859797K->765698K(22609920K)] 22855463K->1761773K(25755648K), 0.1381174 secs] [Times: user=4.87 sys=0.01, real=0.14 secs] 
6287.978: [GC (Allocation Failure) [PSYoungGen: 21868290K->708428K(22609920K)] 22864365K->1704862K(25755648K), 0.1293360 secs] [Times: user=4.51 sys=0.00, real=0.13 secs] 
6291.247: [GC (Allocation Failure) [PSYoungGen: 21811020K->804230K(22609920K)] 22807454K->1801073K(25755648K), 0.1439048 secs] [Times: user=4.99 sys=0.00, real=0.14 secs] 
6294.561: [GC (Allocation Failure) [PSYoungGen: 21906822K->742518K(22609920K)] 22903665K->1739873K(25755648K), 0.1337092 secs] [Times: user=4.73 sys=0.00, real=0.14 secs] 
6297.889: [GC (Allocation Failure) [PSYoungGen: 21845110K->720170K(22609920K)] 22842465K->1735365K(25755648K), 0.1336129 secs] [Times: user=4.70 sys=0.00, real=0.13 secs] 
6301.175: [GC (Allocation Failure) [PSYoungGen: 21822762K->777926K(22609920K)] 22837957K->1796314K(25755648K), 0.1388507 secs] [Times: user=4.89 sys=0.00, real=0.14 secs] 
6304.529: [GC (Allocation Failure) [PSYoungGen: 21880518K->710535K(22609920K)] 22898906K->1729530K(25755648K), 0.1292029 secs] [Times: user=4.49 sys=0.00, real=0.13 secs] 
6307.819: [GC (Allocation Failure) [PSYoungGen: 21813127K->729902K(22609920K)] 22832122K->1749273K(25755648K), 0.1313898 secs] [Times: user=4.64 sys=0.01, real=0.13 secs] 
6311.137: [GC (Allocation Failure) [PSYoungGen: 21832494K->769311K(22609920K)] 22851865K->1789034K(25755648K), 0.1383241 secs] [Times: user=4.87 sys=0.01, real=0.13 secs] 
6314.477: [GC (Allocation Failure) [PSYoungGen: 21871903K->727731K(22609920K)] 22891626K->1747830K(25755648K), 0.1309602 secs] [Times: user=4.62 sys=0.00, real=0.13 secs] 
6317.829: [GC (Allocation Failure) [PSYoungGen: 21830323K->712949K(22609920K)] 22850422K->1733432K(25755648K), 0.1333379 secs] [Times: user=4.49 sys=0.00, real=0.13 secs] 
6321.131: [GC (Allocation Failure) [PSYoungGen: 21815541K->803123K(22609920K)] 22836024K->1823974K(25755648K), 0.1436039 secs] [Times: user=5.08 sys=0.00, real=0.14 secs] 
6324.433: [GC (Allocation Failure) [PSYoungGen: 21905715K->708770K(22609920K)] 22926566K->1730013K(25755648K), 0.1278570 secs] [Times: user=4.51 sys=0.00, real=0.13 secs] 
6327.727: [GC (Allocation Failure) [PSYoungGen: 21811362K->757365K(22609920K)] 22832605K->1778976K(25755648K), 0.1366326 secs] [Times: user=4.79 sys=0.00, real=0.14 secs] 
6331.097: [GC (Allocation Failure) [PSYoungGen: 21859957K->703923K(22609920K)] 22881568K->1725894K(25755648K), 0.1283928 secs] [Times: user=4.52 sys=0.00, real=0.13 secs] 
6334.376: [GC (Allocation Failure) [PSYoungGen: 21806515K->739492K(22609920K)] 22828486K->1761903K(25755648K), 0.1339398 secs] [Times: user=4.73 sys=0.00, real=0.13 secs] 
6337.642: [GC (Allocation Failure) [PSYoungGen: 21842084K->724900K(22609920K)] 22864495K->1747671K(25755648K), 0.1306491 secs] [Times: user=4.62 sys=0.00, real=0.13 secs] 
6340.948: [GC (Allocation Failure) [PSYoungGen: 21827492K->791075K(22609920K)] 22850263K->1814206K(25755648K), 0.1416063 secs] [Times: user=5.00 sys=0.00, real=0.14 secs] 
6344.269: [GC (Allocation Failure) [PSYoungGen: 21893667K->830766K(22609920K)] 22916798K->1854313K(25755648K), 0.1472396 secs] [Times: user=5.20 sys=0.00, real=0.15 secs] 
6347.544: [GC (Allocation Failure) [PSYoungGen: 21933358K->708472K(22609920K)] 22956905K->1732387K(25755648K), 0.1283901 secs] [Times: user=4.49 sys=0.00, real=0.13 secs] 
6350.812: [GC (Allocation Failure) [PSYoungGen: 21811064K->694572K(22609920K)] 22834979K->1718847K(25755648K), 0.1249673 secs] [Times: user=4.40 sys=0.01, real=0.13 secs] 
6354.055: [GC (Allocation Failure) [PSYoungGen: 21797164K->727994K(22609920K)] 22821439K->1752749K(25755648K), 0.1310350 secs] [Times: user=4.63 sys=0.00, real=0.13 secs] 
6357.340: [GC (Allocation Failure) [PSYoungGen: 21830586K->737750K(22609920K)] 22855341K->1762905K(25755648K), 0.1330362 secs] [Times: user=4.70 sys=0.00, real=0.13 secs] 
6360.593: [GC (Allocation Failure) [PSYoungGen: 21840342K->743493K(22609920K)] 22865497K->1769016K(25755648K), 0.1372212 secs] [Times: user=4.72 sys=0.00, real=0.14 secs] 
6363.869: [GC (Allocation Failure) [PSYoungGen: 21846085K->704741K(22609920K)] 22871608K->1730688K(25755648K), 0.1277901 secs] [Times: user=4.48 sys=0.00, real=0.13 secs] 
6367.113: [GC (Allocation Failure) [PSYoungGen: 21807333K->768145K(22609920K)] 22833280K->1794564K(25755648K), 0.1395484 secs] [Times: user=4.84 sys=0.00, real=0.14 secs] 
6370.435: [GC (Allocation Failure) [PSYoungGen: 21870737K->738972K(22609920K)] 22897156K->1765759K(25755648K), 0.1330339 secs] [Times: user=4.70 sys=0.00, real=0.14 secs] 
6373.700: [GC (Allocation Failure) [PSYoungGen: 21841564K->702464K(22609920K)] 22868351K->1729643K(25755648K), 0.1285246 secs] [Times: user=4.47 sys=0.01, real=0.13 secs] 
6376.967: [GC (Allocation Failure) [PSYoungGen: 21805056K->761582K(22609920K)] 22832235K->1789129K(25755648K), 0.1393909 secs] [Times: user=4.92 sys=0.00, real=0.14 secs] 
6380.220: [GC (Allocation Failure) [PSYoungGen: 21864174K->759774K(22609920K)] 22891721K->1787689K(25755648K), 0.1371030 secs] [Times: user=4.85 sys=0.00, real=0.14 secs] 
6383.488: [GC (Allocation Failure) [PSYoungGen: 21862366K->690328K(22609920K)] 22890281K->1718667K(25755648K), 0.1253377 secs] [Times: user=4.42 sys=0.00, real=0.12 secs] 
6386.706: [GC (Allocation Failure) [PSYoungGen: 21792920K->700687K(22609920K)] 22821259K->1729402K(25755648K), 0.1287714 secs] [Times: user=4.47 sys=0.00, real=0.13 secs] 
6389.940: [GC (Allocation Failure) [PSYoungGen: 21803279K->729778K(22609920K)] 22831994K->1758869K(25755648K), 0.1324641 secs] [Times: user=4.68 sys=0.00, real=0.13 secs] 
6393.256: [GC (Allocation Failure) [PSYoungGen: 21832370K->785653K(22609920K)] 22861461K->1815160K(25755648K), 0.1411757 secs] [Times: user=4.95 sys=0.00, real=0.14 secs] 
6396.579: [GC (Allocation Failure) [PSYoungGen: 21888245K->691487K(22609920K)] 22917752K->1721386K(25755648K), 0.1284379 secs] [Times: user=4.49 sys=0.00, real=0.13 secs] 
6399.900: [GC (Allocation Failure) [PSYoungGen: 21794079K->771879K(22609920K)] 22823978K->1802146K(25755648K), 0.1394064 secs] [Times: user=4.91 sys=0.00, real=0.14 secs] 
6403.136: [GC (Allocation Failure) [PSYoungGen: 21874471K->764715K(22609920K)] 22904738K->1795374K(25755648K), 0.1362626 secs] [Times: user=4.82 sys=0.00, real=0.14 secs] 
6406.459: [GC (Allocation Failure) [PSYoungGen: 21867307K->700902K(22609920K)] 22897966K->1732057K(25755648K), 0.1272673 secs] [Times: user=4.47 sys=0.00, real=0.13 secs] 
6409.761: [GC (Allocation Failure) [PSYoungGen: 21803494K->728527K(22609920K)] 22834649K->1760050K(25755648K), 0.1328595 secs] [Times: user=4.66 sys=0.01, real=0.14 secs] 
6413.059: [GC (Allocation Failure) [PSYoungGen: 21831119K->760638K(22609920K)] 22862642K->1792529K(25755648K), 0.1394173 secs] [Times: user=4.85 sys=0.01, real=0.14 secs] 
6416.387: [GC (Allocation Failure) [PSYoungGen: 21863230K->678464K(22609920K)] 22895121K->1710723K(25755648K), 0.1234361 secs] [Times: user=4.36 sys=0.01, real=0.12 secs] 
6419.687: [GC (Allocation Failure) [PSYoungGen: 21781056K->672970K(22609920K)] 22813315K->1705733K(25755648K), 0.1225416 secs] [Times: user=4.30 sys=0.00, real=0.12 secs] 
6422.925: [GC (Allocation Failure) [PSYoungGen: 21775562K->762669K(22609920K)] 22808325K->1795800K(25755648K), 0.1365536 secs] [Times: user=4.83 sys=0.00, real=0.13 secs] 
6426.178: [GC (Allocation Failure) [PSYoungGen: 21865261K->763140K(22609920K)] 22898392K->1796639K(25755648K), 0.1365676 secs] [Times: user=4.82 sys=0.00, real=0.14 secs] 
6429.454: [GC (Allocation Failure) [PSYoungGen: 21865732K->761481K(22609920K)] 22899231K->1795508K(25755648K), 0.1373412 secs] [Times: user=4.85 sys=0.00, real=0.14 secs] 
6432.642: [GC (Allocation Failure) [PSYoungGen: 21864073K->720594K(22609920K)] 22898100K->1755077K(25755648K), 0.1304603 secs] [Times: user=4.61 sys=0.00, real=0.13 secs] 
6435.866: [GC (Allocation Failure) [PSYoungGen: 21823186K->726142K(22609920K)] 22857669K->1761001K(25755648K), 0.1308661 secs] [Times: user=4.62 sys=0.00, real=0.13 secs] 
6439.150: [GC (Allocation Failure) [PSYoungGen: 21828734K->758118K(22609920K)] 22863593K->1793337K(25755648K), 0.1367422 secs] [Times: user=4.79 sys=0.00, real=0.14 secs] 
6442.374: [GC (Allocation Failure) [PSYoungGen: 21860710K->769316K(22609920K)] 22895929K->1804903K(25755648K), 0.1388519 secs] [Times: user=4.90 sys=0.00, real=0.14 secs] 
6445.633: [GC (Allocation Failure) [PSYoungGen: 21871908K->696220K(22609920K)] 22907495K->1732303K(25755648K), 0.1264760 secs] [Times: user=4.44 sys=0.00, real=0.13 secs] 
6448.880: [GC (Allocation Failure) [PSYoungGen: 21798812K->723748K(22609920K)] 22834895K->1760199K(25755648K), 0.1299548 secs] [Times: user=4.59 sys=0.00, real=0.13 secs] 
6452.120: [GC (Allocation Failure) [PSYoungGen: 21826340K->750682K(22609920K)] 22862791K->1787493K(25755648K), 0.1359771 secs] [Times: user=4.80 sys=0.00, real=0.13 secs] 
6455.370: [GC (Allocation Failure) [PSYoungGen: 21853274K->767087K(22609920K)] 22890085K->1804474K(25755648K), 0.1379932 secs] [Times: user=4.88 sys=0.00, real=0.13 secs] 
6458.616: [GC (Allocation Failure) [PSYoungGen: 21869679K->689599K(22609920K)] 22907066K->1727546K(25755648K), 0.1247440 secs] [Times: user=4.40 sys=0.01, real=0.13 secs] 
6461.827: [GC (Allocation Failure) [PSYoungGen: 21792191K->727655K(22609920K)] 22830138K->1765970K(25755648K), 0.1315491 secs] [Times: user=4.64 sys=0.00, real=0.13 secs] 
6465.063: [GC (Allocation Failure) [PSYoungGen: 21830247K->735115K(22609920K)] 22868562K->1773830K(25755648K), 0.1330998 secs] [Times: user=4.69 sys=0.00, real=0.13 secs] 
6468.339: [GC (Allocation Failure) [PSYoungGen: 21837707K->805560K(22609920K)] 22876422K->1844683K(25755648K), 0.1441668 secs] [Times: user=5.03 sys=0.00, real=0.15 secs] 
6471.579: [GC (Allocation Failure) [PSYoungGen: 21908152K->717411K(22609920K)] 22947275K->1757150K(25755648K), 0.1293886 secs] [Times: user=4.56 sys=0.01, real=0.13 secs] 
6474.799: [GC (Allocation Failure) [PSYoungGen: 21820003K->744304K(22609920K)] 22859742K->1784555K(25755648K), 0.1334166 secs] [Times: user=4.71 sys=0.00, real=0.14 secs] 
6478.011: [GC (Allocation Failure) [PSYoungGen: 21846896K->749975K(22609920K)] 22887147K->1790610K(25755648K), 0.1352672 secs] [Times: user=4.75 sys=0.00, real=0.14 secs] 
6481.234: [GC (Allocation Failure) [PSYoungGen: 21852567K->767831K(22609920K)] 22893202K->1808826K(25755648K), 0.1367873 secs] [Times: user=4.84 sys=0.00, real=0.13 secs] 
6484.473: [GC (Allocation Failure) [PSYoungGen: 21870423K->681200K(22609920K)] 22911418K->1722555K(25755648K), 0.1262622 secs] [Times: user=4.45 sys=0.00, real=0.12 secs] 
6487.714: [GC (Allocation Failure) [PSYoungGen: 21783792K->717617K(22609920K)] 22825147K->1759396K(25755648K), 0.1293115 secs] [Times: user=4.56 sys=0.00, real=0.12 secs] 
6490.971: [GC (Allocation Failure) [PSYoungGen: 21820209K->744858K(22609920K)] 22861988K->1787069K(25755648K), 0.1363889 secs] [Times: user=4.72 sys=0.00, real=0.14 secs] 
6494.280: [GC (Allocation Failure) [PSYoungGen: 21847450K->831670K(22609920K)] 22889661K->1874257K(25755648K), 0.1476728 secs] [Times: user=5.22 sys=0.00, real=0.15 secs] 
6497.483: [GC (Allocation Failure) [PSYoungGen: 21934262K->675392K(22609920K)] 22976849K->1718347K(25755648K), 0.1227585 secs] [Times: user=4.33 sys=0.00, real=0.13 secs] 
6500.723: [GC (Allocation Failure) [PSYoungGen: 21777984K->725363K(22609920K)] 22820939K->1768742K(25755648K), 0.1314291 secs] [Times: user=4.62 sys=0.00, real=0.13 secs] 
6503.969: [GC (Allocation Failure) [PSYoungGen: 21827955K->717705K(22609920K)] 22871334K->1761484K(25755648K), 0.1291078 secs] [Times: user=4.56 sys=0.00, real=0.13 secs] 
6507.191: [GC (Allocation Failure) [PSYoungGen: 21820297K->745867K(22609920K)] 22864076K->1790006K(25755648K), 0.1338248 secs] [Times: user=4.70 sys=0.00, real=0.13 secs] 
6510.415: [GC (Allocation Failure) [PSYoungGen: 21848459K->839413K(22609920K)] 22892598K->1883961K(25755648K), 0.1508841 secs] [Times: user=5.33 sys=0.00, real=0.15 secs] 
6513.643: [GC (Allocation Failure) [PSYoungGen: 21942005K->713282K(22609920K)] 22986553K->1758221K(25755648K), 0.1297814 secs] [Times: user=4.54 sys=0.00, real=0.13 secs] 
6516.835: [GC (Allocation Failure) [PSYoungGen: 21815874K->719321K(22609920K)] 22860813K->1764636K(25755648K), 0.1335280 secs] [Times: user=4.42 sys=0.00, real=0.14 secs] 
6520.026: [GC (Allocation Failure) [PSYoungGen: 21821913K->748500K(22609920K)] 22867228K->1794207K(25755648K), 0.1349256 secs] [Times: user=4.74 sys=0.00, real=0.14 secs] 
6523.269: [GC (Allocation Failure) [PSYoungGen: 21851092K->750638K(22609920K)] 22896799K->1796801K(25755648K), 0.1337566 secs] [Times: user=4.72 sys=0.01, real=0.13 secs] 
6526.572: [GC (Allocation Failure) [PSYoungGen: 21853230K->638490K(22609920K)] 22899393K->1685093K(25755648K), 0.1162568 secs] [Times: user=4.07 sys=0.00, real=0.11 secs] 
6529.760: [GC (Allocation Failure) [PSYoungGen: 21741082K->654489K(22609920K)] 22787685K->1701452K(25755648K), 0.1190559 secs] [Times: user=4.19 sys=0.00, real=0.11 secs] 
6532.990: [GC (Allocation Failure) [PSYoungGen: 21757081K->695395K(22609920K)] 22804044K->1742814K(25755648K), 0.1257030 secs] [Times: user=4.41 sys=0.00, real=0.13 secs] 
6536.218: [GC (Allocation Failure) [PSYoungGen: 21797987K->702457K(22609920K)] 22845406K->1750476K(25755648K), 0.1275517 secs] [Times: user=4.50 sys=0.00, real=0.13 secs] 
6539.447: [GC (Allocation Failure) [PSYoungGen: 21805049K->698016K(22609920K)] 22853068K->1746403K(25755648K), 0.1253645 secs] [Times: user=4.43 sys=0.00, real=0.13 secs] 
6542.655: [GC (Allocation Failure) [PSYoungGen: 21800608K->674837K(22609920K)] 22848995K->1723592K(25755648K), 0.1226016 secs] [Times: user=4.32 sys=0.00, real=0.12 secs] 
6545.832: [GC (Allocation Failure) [PSYoungGen: 21777429K->688778K(22609920K)] 22826184K->1737925K(25755648K), 0.1231808 secs] [Times: user=4.35 sys=0.00, real=0.13 secs] 
6548.994: [GC (Allocation Failure) [PSYoungGen: 21791370K->673829K(22609920K)] 22840517K->1723328K(25755648K), 0.1221134 secs] [Times: user=4.29 sys=0.00, real=0.12 secs] 
6552.207: [GC (Allocation Failure) [PSYoungGen: 21776421K->671205K(22609920K)] 22825920K->1721120K(25755648K), 0.1210425 secs] [Times: user=4.27 sys=0.00, real=0.12 secs] 
6555.411: [GC (Allocation Failure) [PSYoungGen: 21773797K->711642K(22609920K)] 22823712K->1761965K(25755648K), 0.1278733 secs] [Times: user=4.51 sys=0.00, real=0.13 secs] 
6558.644: [GC (Allocation Failure) [PSYoungGen: 21814234K->698124K(22609920K)] 22864557K->1748831K(25755648K), 0.1266058 secs] [Times: user=4.42 sys=0.00, real=0.12 secs] 
6561.905: [GC (Allocation Failure) [PSYoungGen: 21800716K->696143K(22609920K)] 22851423K->1747226K(25755648K), 0.1251627 secs] [Times: user=4.41 sys=0.00, real=0.13 secs] 
6565.106: [GC (Allocation Failure) [PSYoungGen: 21798735K->715112K(22609920K)] 22849818K->1766595K(25755648K), 0.1297601 secs] [Times: user=4.50 sys=0.00, real=0.13 secs] 
6568.312: [GC (Allocation Failure) [PSYoungGen: 21817704K->770139K(22609920K)] 22869187K->1821998K(25755648K), 0.1382322 secs] [Times: user=4.80 sys=0.00, real=0.14 secs] 
6571.541: [GC (Allocation Failure) [PSYoungGen: 21872731K->778658K(22609920K)] 22924590K->1830893K(25755648K), 0.1409520 secs] [Times: user=4.95 sys=0.00, real=0.14 secs] 
6574.737: [GC (Allocation Failure) [PSYoungGen: 21881250K->770752K(22609920K)] 22933485K->1823419K(25755648K), 0.1386291 secs] [Times: user=4.80 sys=0.00, real=0.14 secs] 
6577.972: [GC (Allocation Failure) [PSYoungGen: 21873344K->715716K(22609920K)] 22926011K->1768751K(25755648K), 0.1284344 secs] [Times: user=4.53 sys=0.00, real=0.13 secs] 
6581.158: [GC (Allocation Failure) [PSYoungGen: 21818308K->743198K(22609920K)] 22871343K->1796601K(25755648K), 0.1322846 secs] [Times: user=4.67 sys=0.00, real=0.13 secs] 
6584.394: [GC (Allocation Failure) [PSYoungGen: 21845790K->742110K(22609920K)] 22899193K->1795881K(25755648K), 0.1344829 secs] [Times: user=4.70 sys=0.00, real=0.14 secs] 
6587.614: [GC (Allocation Failure) [PSYoungGen: 21844702K->755097K(22609920K)] 22898473K->1809252K(25755648K), 0.1369209 secs] [Times: user=4.83 sys=0.01, real=0.14 secs] 
6590.801: [GC (Allocation Failure) [PSYoungGen: 21857689K->777715K(22609920K)] 22911844K->1832302K(25755648K), 0.1376221 secs] [Times: user=4.86 sys=0.00, real=0.14 secs] 
6594.052: [GC (Allocation Failure) [PSYoungGen: 21880307K->805112K(22609920K)] 22934894K->1860075K(25755648K), 0.1439316 secs] [Times: user=5.09 sys=0.00, real=0.14 secs] 
6597.313: [GC (Allocation Failure) [PSYoungGen: 21907704K->766994K(22609920K)] 22962667K->1822333K(25755648K), 0.1371552 secs] [Times: user=4.84 sys=0.00, real=0.14 secs] 
6600.528: [GC (Allocation Failure) [PSYoungGen: 21869586K->710439K(22609920K)] 22924925K->1766162K(25755648K), 0.1289790 secs] [Times: user=4.55 sys=0.01, real=0.13 secs] 
6603.702: [GC (Allocation Failure) [PSYoungGen: 21813031K->732351K(22609920K)] 22868754K->1788450K(25755648K), 0.1321153 secs] [Times: user=4.61 sys=0.00, real=0.13 secs] 
6606.958: [GC (Allocation Failure) [PSYoungGen: 21834943K->733535K(22609920K)] 22891042K->1790018K(25755648K), 0.1321200 secs] [Times: user=4.66 sys=0.00, real=0.13 secs] 
6610.123: [GC (Allocation Failure) [PSYoungGen: 21836127K->757065K(22609920K)] 22892610K->1813908K(25755648K), 0.1349254 secs] [Times: user=4.77 sys=0.00, real=0.13 secs] 
6613.362: [GC (Allocation Failure) [PSYoungGen: 21859657K->762640K(22609920K)] 22916500K->1819851K(25755648K), 0.1375684 secs] [Times: user=4.81 sys=0.00, real=0.14 secs] 
6616.594: [GC (Allocation Failure) [PSYoungGen: 21865232K->764287K(22609920K)] 22922443K->1821866K(25755648K), 0.1378930 secs] [Times: user=4.81 sys=0.00, real=0.13 secs] 
6619.786: [GC (Allocation Failure) [PSYoungGen: 21866879K->762932K(22609920K)] 22924458K->1820887K(25755648K), 0.1362396 secs] [Times: user=4.81 sys=0.00, real=0.13 secs] 
6622.975: [GC (Allocation Failure) [PSYoungGen: 21865524K->725720K(22609920K)] 22923479K->1784067K(25755648K), 0.1313382 secs] [Times: user=4.58 sys=0.00, real=0.13 secs] 
6626.223: [GC (Allocation Failure) [PSYoungGen: 21828312K->827639K(22609920K)] 22886659K->1886362K(25755648K), 0.1469950 secs] [Times: user=5.17 sys=0.00, real=0.15 secs] 
6629.449: [GC (Allocation Failure) [PSYoungGen: 21930231K->774190K(22609920K)] 22988954K->1833345K(25755648K), 0.1380089 secs] [Times: user=4.88 sys=0.00, real=0.14 secs] 
6632.666: [GC (Allocation Failure) [PSYoungGen: 21876782K->726388K(22609920K)] 22935937K->1786199K(25755648K), 0.1309441 secs] [Times: user=4.63 sys=0.01, real=0.14 secs] 
6635.798: [GC (Allocation Failure) [PSYoungGen: 21828980K->751960K(22609920K)] 22888791K->1812147K(25755648K), 0.1355540 secs] [Times: user=4.79 sys=0.00, real=0.13 secs] 
6638.982: [GC (Allocation Failure) [PSYoungGen: 21854552K->717147K(22609920K)] 22914739K->1777703K(25755648K), 0.1303325 secs] [Times: user=4.52 sys=0.00, real=0.13 secs] 
6642.164: [GC (Allocation Failure) [PSYoungGen: 21819739K->794458K(22609920K)] 22880295K->1855453K(25755648K), 0.1447787 secs] [Times: user=4.98 sys=0.01, real=0.15 secs] 
6645.392: [GC (Allocation Failure) [PSYoungGen: 21897050K->715582K(22609920K)] 22958045K->1777177K(25755648K), 0.1293253 secs] [Times: user=4.57 sys=0.00, real=0.13 secs] 
6648.627: [GC (Allocation Failure) [PSYoungGen: 21818174K->747884K(22609920K)] 22879769K->1810151K(25755648K), 0.1357497 secs] [Times: user=4.73 sys=0.00, real=0.14 secs] 
6651.817: [GC (Allocation Failure) [PSYoungGen: 21850476K->737829K(22609920K)] 22912743K->1800464K(25755648K), 0.1335314 secs] [Times: user=4.72 sys=0.00, real=0.14 secs] 
6655.027: [GC (Allocation Failure) [PSYoungGen: 21840421K->770834K(22609920K)] 22903056K->1833877K(25755648K), 0.1373335 secs] [Times: user=4.83 sys=0.00, real=0.14 secs] 
6658.228: [GC (Allocation Failure) [PSYoungGen: 21873426K->762003K(22609920K)] 22936469K->1825406K(25755648K), 0.1378940 secs] [Times: user=4.78 sys=0.00, real=0.14 secs] 
6661.379: [GC (Allocation Failure) [PSYoungGen: 21864595K->823159K(22609920K)] 22927998K->1886938K(25755648K), 0.1464835 secs] [Times: user=5.17 sys=0.00, real=0.15 secs] 
6664.570: [GC (Allocation Failure) [PSYoungGen: 21925751K->708936K(22609920K)] 22989530K->1773171K(25755648K), 0.1297093 secs] [Times: user=4.58 sys=0.00, real=0.13 secs] 
6667.754: [GC (Allocation Failure) [PSYoungGen: 21811528K->733634K(22609920K)] 22875763K->1798253K(25755648K), 0.1327988 secs] [Times: user=4.69 sys=0.00, real=0.13 secs] 
6670.927: [GC (Allocation Failure) [PSYoungGen: 21836226K->738570K(22609920K)] 22900845K->1803558K(25755648K), 0.1337560 secs] [Times: user=4.71 sys=0.01, real=0.13 secs] 
6674.065: [GC (Allocation Failure) [PSYoungGen: 21841162K->788014K(22609920K)] 22906150K->1853353K(25755648K), 0.1409785 secs] [Times: user=4.98 sys=0.00, real=0.14 secs] 
6677.298: [GC (Allocation Failure) [PSYoungGen: 21890606K->764375K(22609920K)] 22955945K->1830122K(25755648K), 0.1367770 secs] [Times: user=4.83 sys=0.00, real=0.14 secs] 
6680.489: [GC (Allocation Failure) [PSYoungGen: 21866967K->704254K(22609920K)] 22932714K->1770361K(25755648K), 0.1292211 secs] [Times: user=4.50 sys=0.00, real=0.13 secs] 
6683.698: [GC (Allocation Failure) [PSYoungGen: 21806846K->781541K(22609920K)] 22872953K->1848024K(25755648K), 0.1398190 secs] [Times: user=4.95 sys=0.00, real=0.14 secs] 
6686.903: [GC (Allocation Failure) [PSYoungGen: 21884133K->766426K(22609920K)] 22950616K->1833293K(25755648K), 0.1374372 secs] [Times: user=4.85 sys=0.00, real=0.14 secs] 
6690.048: [GC (Allocation Failure) [PSYoungGen: 21869018K->774016K(22609920K)] 22935885K->1841251K(25755648K), 0.1398390 secs] [Times: user=4.87 sys=0.00, real=0.14 secs] 
6693.186: [GC (Allocation Failure) [PSYoungGen: 21876608K->764120K(22609920K)] 22943843K->1831747K(25755648K), 0.1371864 secs] [Times: user=4.84 sys=0.00, real=0.13 secs] 
6696.380: [GC (Allocation Failure) [PSYoungGen: 21866712K->718369K(22609920K)] 22934339K->1786372K(25755648K), 0.1289755 secs] [Times: user=4.55 sys=0.01, real=0.13 secs] 
6699.549: [GC (Allocation Failure) [PSYoungGen: 21820961K->710860K(22609920K)] 22888964K->1779239K(25755648K), 0.1306145 secs] [Times: user=4.60 sys=0.00, real=0.13 secs] 
6702.707: [GC (Allocation Failure) [PSYoungGen: 21813452K->736059K(22609920K)] 22881831K->1804798K(25755648K), 0.1324391 secs] [Times: user=4.67 sys=0.01, real=0.13 secs] 
6705.917: [GC (Allocation Failure) [PSYoungGen: 21838523K->759194K(22609920K)] 22907262K->1828293K(25755648K), 0.1357183 secs] [Times: user=4.80 sys=0.00, real=0.13 secs] 
6709.106: [GC (Allocation Failure) [PSYoungGen: 21861786K->809644K(22609920K)] 22930885K->1879127K(25755648K), 0.1429437 secs] [Times: user=5.04 sys=0.00, real=0.15 secs] 
6712.300: [GC (Allocation Failure) [PSYoungGen: 21912236K->749945K(22609920K)] 22981719K->1820205K(25755648K), 0.1350852 secs] [Times: user=4.77 sys=0.00, real=0.13 secs] 
6715.497: [GC (Allocation Failure) [PSYoungGen: 21852537K->775590K(22609920K)] 22922797K->1846249K(25755648K), 0.1394719 secs] [Times: user=4.93 sys=0.01, real=0.14 secs] 
6718.662: [GC (Allocation Failure) [PSYoungGen: 21878182K->712959K(22609920K)] 22948841K->1783986K(25755648K), 0.1292418 secs] [Times: user=4.55 sys=0.00, real=0.13 secs] 
6721.833: [GC (Allocation Failure) [PSYoungGen: 21815551K->728023K(22609920K)] 22886578K->1799402K(25755648K), 0.1328567 secs] [Times: user=4.68 sys=0.00, real=0.13 secs] 
6725.043: [GC (Allocation Failure) [PSYoungGen: 21830615K->733163K(22609920K)] 22901994K->1804982K(25755648K), 0.1324889 secs] [Times: user=4.67 sys=0.00, real=0.13 secs] 
6728.230: [GC (Allocation Failure) [PSYoungGen: 21835755K->854565K(22609920K)] 22907574K->1926808K(25755648K), 0.1523419 secs] [Times: user=5.39 sys=0.00, real=0.16 secs] 
6731.400: [GC (Allocation Failure) [PSYoungGen: 21957157K->761366K(22609920K)] 23029400K->1833953K(25755648K), 0.1371216 secs] [Times: user=4.85 sys=0.01, real=0.14 secs] 
6734.591: [GC (Allocation Failure) [PSYoungGen: 21863958K->716281K(22609920K)] 22936545K->1789236K(25755648K), 0.1306133 secs] [Times: user=4.62 sys=0.00, real=0.14 secs] 
6737.811: [GC (Allocation Failure) [PSYoungGen: 21818873K->716770K(22609920K)] 22891828K->1790286K(25755648K), 0.1299965 secs] [Times: user=4.59 sys=0.00, real=0.13 secs] 
6740.958: [GC (Allocation Failure) [PSYoungGen: 21819362K->765980K(22609920K)] 22892878K->1839879K(25755648K), 0.1376382 secs] [Times: user=4.87 sys=0.00, real=0.14 secs] 
6744.225: [GC (Allocation Failure) [PSYoungGen: 21868572K->782711K(22609920K)] 22942471K->1856978K(25755648K), 0.1405073 secs] [Times: user=4.96 sys=0.00, real=0.14 secs] 
6747.433: [GC (Allocation Failure) [PSYoungGen: 21885303K->731566K(22609920K)] 22959570K->1806217K(25755648K), 0.1320840 secs] [Times: user=4.67 sys=0.00, real=0.13 secs] 
6750.630: [GC (Allocation Failure) [PSYoungGen: 21834158K->778074K(22609920K)] 22908809K->1853109K(25755648K), 0.1418829 secs] [Times: user=4.95 sys=0.00, real=0.14 secs] 
6753.841: [GC (Allocation Failure) [PSYoungGen: 21880666K->769734K(22609920K)] 22955701K->1845137K(25755648K), 0.1389469 secs] [Times: user=4.92 sys=0.00, real=0.14 secs] 
6757.012: [GC (Allocation Failure) [PSYoungGen: 21872326K->720757K(22609920K)] 22947729K->1796504K(25755648K), 0.1312344 secs] [Times: user=4.54 sys=0.00, real=0.13 secs] 
6760.227: [GC (Allocation Failure) [PSYoungGen: 21823349K->787596K(22609920K)] 22899096K->1863791K(25755648K), 0.1412231 secs] [Times: user=4.99 sys=0.00, real=0.14 secs] 
6763.400: [GC (Allocation Failure) [PSYoungGen: 21890188K->758780K(22609920K)] 22966383K->1835455K(25755648K), 0.1371536 secs] [Times: user=4.84 sys=0.00, real=0.14 secs] 
6766.564: [GC (Allocation Failure) [PSYoungGen: 21861372K->797665K(22609920K)] 22938047K->1874708K(25755648K), 0.1421856 secs] [Times: user=5.03 sys=0.00, real=0.15 secs] 
6769.724: [GC (Allocation Failure) [PSYoungGen: 21900257K->710115K(22609920K)] 22977300K->1787750K(25755648K), 0.1307069 secs] [Times: user=4.55 sys=0.00, real=0.13 secs] 
6772.902: [GC (Allocation Failure) [PSYoungGen: 21812707K->729440K(22609920K)] 22890342K->1807731K(25755648K), 0.1316019 secs] [Times: user=4.65 sys=0.00, real=0.13 secs] 
6776.014: [GC (Allocation Failure) [PSYoungGen: 21832032K->712824K(22609920K)] 22910323K->1791467K(25755648K), 0.1291771 secs] [Times: user=4.56 sys=0.01, real=0.13 secs] 
6779.234: [GC (Allocation Failure) [PSYoungGen: 21815416K->734055K(22609920K)] 22894059K->1813074K(25755648K), 0.1339455 secs] [Times: user=4.73 sys=0.00, real=0.14 secs] 
6782.393: [GC (Allocation Failure) [PSYoungGen: 21836647K->776303K(22609920K)] 22915666K->1855714K(25755648K), 0.1404996 secs] [Times: user=4.97 sys=0.01, real=0.14 secs] 
6785.696: [GC (Allocation Failure) [PSYoungGen: 21878895K->797110K(22609920K)] 22958306K->1876897K(25755648K), 0.1415312 secs] [Times: user=5.00 sys=0.00, real=0.14 secs] 
6788.921: [GC (Allocation Failure) [PSYoungGen: 21899702K->794927K(22609920K)] 22979489K->1875314K(25755648K), 0.1426201 secs] [Times: user=5.05 sys=0.00, real=0.14 secs] 
6792.184: [GC (Allocation Failure) [PSYoungGen: 21897519K->754611K(22609920K)] 22977906K->1835382K(25755648K), 0.1377762 secs] [Times: user=4.71 sys=0.00, real=0.14 secs] 
6795.375: [GC (Allocation Failure) [PSYoungGen: 21857203K->773633K(22609920K)] 22937974K->1854836K(25755648K), 0.1401174 secs] [Times: user=4.89 sys=0.00, real=0.14 secs] 
6798.603: [GC (Allocation Failure) [PSYoungGen: 21876225K->803169K(22609920K)] 22957428K->1885092K(25755648K), 0.1427506 secs] [Times: user=5.05 sys=0.00, real=0.14 secs] 
6801.757: [GC (Allocation Failure) [PSYoungGen: 21905761K->738160K(22609920K)] 22987684K->1820435K(25755648K), 0.1322669 secs] [Times: user=4.64 sys=0.00, real=0.13 secs] 
6804.932: [GC (Allocation Failure) [PSYoungGen: 21840752K->828194K(22609920K)] 22923027K->1910917K(25755648K), 0.1477684 secs] [Times: user=5.23 sys=0.00, real=0.15 secs] 
6808.133: [GC (Allocation Failure) [PSYoungGen: 21930786K->754763K(22609920K)] 23013509K->1837878K(25755648K), 0.1357954 secs] [Times: user=4.80 sys=0.00, real=0.13 secs] 
6811.361: [GC (Allocation Failure) [PSYoungGen: 21857355K->793831K(22609920K)] 22940470K->1877826K(25755648K), 0.1419795 secs] [Times: user=5.01 sys=0.00, real=0.15 secs] 
6814.505: [GC (Allocation Failure) [PSYoungGen: 21896423K->743789K(22609920K)] 22980418K->1828184K(25755648K), 0.1355508 secs] [Times: user=4.69 sys=0.00, real=0.13 secs] 
6817.695: [GC (Allocation Failure) [PSYoungGen: 21846381K->759093K(22609920K)] 22930776K->1843953K(25755648K), 0.1366078 secs] [Times: user=4.81 sys=0.00, real=0.13 secs] 
6820.931: [GC (Allocation Failure) [PSYoungGen: 21861685K->666373K(22609920K)] 22946545K->1751584K(25755648K), 0.1215446 secs] [Times: user=4.28 sys=0.01, real=0.12 secs] 
6824.113: [GC (Allocation Failure) [PSYoungGen: 21768965K->726416K(22609920K)] 22854176K->1812291K(25755648K), 0.1312345 secs] [Times: user=4.64 sys=0.00, real=0.13 secs] 
6827.321: [GC (Allocation Failure) [PSYoungGen: 21829008K->710553K(22609920K)] 22914883K->1797260K(25755648K), 0.1284625 secs] [Times: user=4.53 sys=0.01, real=0.13 secs] 
6830.473: [GC (Allocation Failure) [PSYoungGen: 21813145K->784362K(22609920K)] 22899852K->1871709K(25755648K), 0.1411504 secs] [Times: user=4.95 sys=0.00, real=0.14 secs] 
6833.664: [GC (Allocation Failure) [PSYoungGen: 21886954K->763245K(22609920K)] 22974301K->1850952K(25755648K), 0.1394641 secs] [Times: user=4.74 sys=0.00, real=0.14 secs] 
6836.804: [GC (Allocation Failure) [PSYoungGen: 21865837K->738177K(22609920K)] 22953544K->1826380K(25755648K), 0.1330460 secs] [Times: user=4.70 sys=0.00, real=0.14 secs] 
6839.979: [GC (Allocation Failure) [PSYoungGen: 21840769K->834063K(22609920K)] 22928972K->1922698K(25755648K), 0.1418274 secs] [Times: user=5.02 sys=0.00, real=0.14 secs] 
6843.160: [GC (Allocation Failure) [PSYoungGen: 21936655K->766790K(22609920K)] 23025290K->1855873K(25755648K), 0.1379301 secs] [Times: user=4.82 sys=0.00, real=0.14 secs] 
6846.320: [GC (Allocation Failure) [PSYoungGen: 21869382K->855300K(22609920K)] 22958465K->1944808K(25755648K), 0.1462188 secs] [Times: user=5.16 sys=0.01, real=0.14 secs] 
6849.484: [GC (Allocation Failure) [PSYoungGen: 21957892K->707481K(22609920K)] 23047400K->1797676K(25755648K), 0.1306423 secs] [Times: user=4.60 sys=0.00, real=0.13 secs] 
6852.634: [GC (Allocation Failure) [PSYoungGen: 21810073K->800685K(22609920K)] 22900268K->1891272K(25755648K), 0.1445271 secs] [Times: user=5.11 sys=0.00, real=0.15 secs] 
6855.834: [GC (Allocation Failure) [PSYoungGen: 21903277K->761860K(22609920K)] 22993864K->1852864K(25755648K), 0.1364954 secs] [Times: user=4.83 sys=0.01, real=0.14 secs] 
6859.030: [GC (Allocation Failure) [PSYoungGen: 21864452K->765401K(22609920K)] 22955456K->1856764K(25755648K), 0.1381466 secs] [Times: user=4.85 sys=0.00, real=0.14 secs] 
6862.127: [GC (Allocation Failure) [PSYoungGen: 21867993K->790322K(22609920K)] 22959356K->1882110K(25755648K), 0.1423494 secs] [Times: user=4.95 sys=0.00, real=0.14 secs] 
6865.322: [GC (Allocation Failure) [PSYoungGen: 21892914K->788623K(22609920K)] 22984702K->1880899K(25755648K), 0.1413044 secs] [Times: user=4.99 sys=0.00, real=0.14 secs] 
6868.484: [GC (Allocation Failure) [PSYoungGen: 21891215K->746146K(22609920K)] 22983491K->1838846K(25755648K), 0.1349497 secs] [Times: user=4.75 sys=0.00, real=0.13 secs] 
6871.657: [GC (Allocation Failure) [PSYoungGen: 21848738K->755756K(22609920K)] 22941438K->1848887K(25755648K), 0.1366771 secs] [Times: user=4.79 sys=0.00, real=0.14 secs] 
6874.880: [GC (Allocation Failure) [PSYoungGen: 21858348K->752456K(22609920K)] 22951479K->1846011K(25755648K), 0.1347329 secs] [Times: user=4.75 sys=0.00, real=0.14 secs] 
6878.020: [GC (Allocation Failure) [PSYoungGen: 21855048K->746938K(22609920K)] 22948603K->1840973K(25755648K), 0.1350549 secs] [Times: user=4.77 sys=0.01, real=0.14 secs] 
6881.221: [GC (Allocation Failure) [PSYoungGen: 21849530K->867979K(22609920K)] 22943565K->1962702K(25755648K), 0.1482895 secs] [Times: user=5.24 sys=0.00, real=0.15 secs] 
6884.381: [GC (Allocation Failure) [PSYoungGen: 21970571K->741510K(22609920K)] 23065294K->1836890K(25755648K), 0.1350444 secs] [Times: user=4.77 sys=0.01, real=0.14 secs] 
6887.558: [GC (Allocation Failure) [PSYoungGen: 21844102K->829032K(22609920K)] 22939482K->1924723K(25755648K), 0.1489111 secs] [Times: user=5.26 sys=0.00, real=0.15 secs] 
6890.796: [GC (Allocation Failure) [PSYoungGen: 21931624K->696683K(22609920K)] 23027315K->1792790K(25755648K), 0.1274582 secs] [Times: user=4.44 sys=0.00, real=0.12 secs] 
6894.017: [GC (Allocation Failure) [PSYoungGen: 21799275K->771219K(22609920K)] 22895382K->1868046K(25755648K), 0.1379230 secs] [Times: user=4.87 sys=0.00, real=0.14 secs] 
6897.258: [GC (Allocation Failure) [PSYoungGen: 21873811K->759033K(22609920K)] 22970638K->1856332K(25755648K), 0.1366697 secs] [Times: user=4.83 sys=0.00, real=0.13 secs] 
6900.473: [GC (Allocation Failure) [PSYoungGen: 21861625K->761946K(22609920K)] 22958924K->1859629K(25755648K), 0.1388133 secs] [Times: user=4.82 sys=0.00, real=0.14 secs] 
6903.660: [GC (Allocation Failure) [PSYoungGen: 21864538K->737525K(22609920K)] 22962221K->1835561K(25755648K), 0.1331326 secs] [Times: user=4.71 sys=0.00, real=0.13 secs] 
6906.787: [GC (Allocation Failure) [PSYoungGen: 21840117K->736270K(22609920K)] 22938153K->1834930K(25755648K), 0.1333579 secs] [Times: user=4.71 sys=0.00, real=0.13 secs] 
6909.995: [GC (Allocation Failure) [PSYoungGen: 21838862K->821546K(22609920K)] 22937522K->1920950K(25755648K), 0.1502502 secs] [Times: user=5.12 sys=0.01, real=0.15 secs] 
6913.141: [GC (Allocation Failure) [PSYoungGen: 21924138K->757368K(22609920K)] 23023542K->1857892K(25755648K), 0.1373618 secs] [Times: user=4.86 sys=0.00, real=0.14 secs] 
6916.349: [GC (Allocation Failure) [PSYoungGen: 21859960K->761252K(22609920K)] 22960484K->1862383K(25755648K), 0.1363465 secs] [Times: user=4.81 sys=0.01, real=0.13 secs] 
6919.537: [GC (Allocation Failure) [PSYoungGen: 21863844K->717435K(22609920K)] 22964975K->1818991K(25755648K), 0.1305414 secs] [Times: user=4.61 sys=0.00, real=0.13 secs] 
6922.681: [GC (Allocation Failure) [PSYoungGen: 21820027K->746117K(22609920K)] 22921583K->1848016K(25755648K), 0.1365601 secs] [Times: user=4.76 sys=0.00, real=0.13 secs] 
6925.918: [GC (Allocation Failure) [PSYoungGen: 21848709K->763144K(22609920K)] 22950608K->1865508K(25755648K), 0.1375845 secs] [Times: user=4.87 sys=0.01, real=0.14 secs] 
6929.136: [GC (Allocation Failure) [PSYoungGen: 21865736K->784180K(22609920K)] 22968100K->1887215K(25755648K), 0.1394854 secs] [Times: user=4.93 sys=0.00, real=0.14 secs] 
6932.365: [GC (Allocation Failure) [PSYoungGen: 21886772K->781933K(22609920K)] 22989807K->1885473K(25755648K), 0.1394382 secs] [Times: user=4.93 sys=0.00, real=0.14 secs] 
6935.520: [GC (Allocation Failure) [PSYoungGen: 21884525K->837279K(22609920K)] 22988065K->1941187K(25755648K), 0.1507826 secs] [Times: user=5.21 sys=0.01, real=0.15 secs] 
6938.724: [GC (Allocation Failure) [PSYoungGen: 21939871K->754537K(22609920K)] 23043779K->1858844K(25755648K), 0.1383000 secs] [Times: user=4.82 sys=0.00, real=0.14 secs] 
6941.906: [GC (Allocation Failure) [PSYoungGen: 21857129K->813597K(22609920K)] 22961436K->1918361K(25755648K), 0.1438194 secs] [Times: user=5.09 sys=0.00, real=0.14 secs] 
6945.055: [GC (Allocation Failure) [PSYoungGen: 21916189K->754203K(22609920K)] 23020953K->1859607K(25755648K), 0.1345619 secs] [Times: user=4.76 sys=0.00, real=0.13 secs] 
6948.271: [GC (Allocation Failure) [PSYoungGen: 21856795K->774397K(22609920K)] 22962199K->1880481K(25755648K), 0.1391620 secs] [Times: user=4.92 sys=0.00, real=0.14 secs] 
6951.474: [GC (Allocation Failure) [PSYoungGen: 21876989K->765696K(22609920K)] 22983073K->1872500K(25755648K), 0.1384845 secs] [Times: user=4.80 sys=0.00, real=0.13 secs] 
6954.651: [GC (Allocation Failure) [PSYoungGen: 21868288K->716238K(22609920K)] 22975092K->1823482K(25755648K), 0.1309780 secs] [Times: user=4.58 sys=0.00, real=0.13 secs] 
6957.808: [GC (Allocation Failure) [PSYoungGen: 21818830K->757698K(22609920K)] 22926074K->1865286K(25755648K), 0.1365055 secs] [Times: user=4.83 sys=0.00, real=0.13 secs] 
6960.941: [GC (Allocation Failure) [PSYoungGen: 21860290K->756511K(22609920K)] 22967878K->1864659K(25755648K), 0.1366289 secs] [Times: user=4.83 sys=0.00, real=0.14 secs] 
6964.126: [GC (Allocation Failure) [PSYoungGen: 21859103K->744140K(22609920K)] 22967251K->1852912K(25755648K), 0.1362805 secs] [Times: user=4.69 sys=0.01, real=0.14 secs] 
6967.313: [GC (Allocation Failure) [PSYoungGen: 21846732K->817619K(22609920K)] 22955504K->1926839K(25755648K), 0.1536678 secs] [Times: user=4.95 sys=0.01, real=0.15 secs] 
6970.490: [GC (Allocation Failure) [PSYoungGen: 21920211K->759958K(22609920K)] 23029431K->1869594K(25755648K), 0.1403983 secs] [Times: user=4.77 sys=0.00, real=0.14 secs] 
6973.674: [GC (Allocation Failure) [PSYoungGen: 21862550K->750396K(22609920K)] 22972186K->1860399K(25755648K), 0.1343004 secs] [Times: user=4.75 sys=0.01, real=0.14 secs] 
6976.808: [GC (Allocation Failure) [PSYoungGen: 21852988K->718380K(22609920K)] 22962991K->1828792K(25755648K), 0.1308727 secs] [Times: user=4.63 sys=0.00, real=0.13 secs] 
6980.014: [GC (Allocation Failure) [PSYoungGen: 21820972K->800905K(22609920K)] 22931384K->1911900K(25755648K), 0.1428963 secs] [Times: user=4.99 sys=0.00, real=0.14 secs] 
6983.191: [GC (Allocation Failure) [PSYoungGen: 21903497K->756383K(22609920K)] 23014492K->1867923K(25755648K), 0.1380368 secs] [Times: user=4.87 sys=0.00, real=0.14 secs] 
6986.337: [GC (Allocation Failure) [PSYoungGen: 21858975K->809872K(22609920K)] 22970515K->1921899K(25755648K), 0.1441452 secs] [Times: user=5.10 sys=0.00, real=0.15 secs] 
6989.542: [GC (Allocation Failure) [PSYoungGen: 21912464K->763141K(22609920K)] 23024491K->1875665K(25755648K), 0.1368145 secs] [Times: user=4.84 sys=0.00, real=0.13 secs] 
6992.727: [GC (Allocation Failure) [PSYoungGen: 21865733K->794101K(22609920K)] 22978257K->1907393K(25755648K), 0.1442021 secs] [Times: user=5.03 sys=0.01, real=0.15 secs] 
6995.890: [GC (Allocation Failure) [PSYoungGen: 21896693K->810404K(22609920K)] 23009985K->1924120K(25755648K), 0.1440975 secs] [Times: user=5.09 sys=0.00, real=0.15 secs] 
6999.038: [GC (Allocation Failure) [PSYoungGen: 21912996K->742985K(22609920K)] 23026712K->1857061K(25755648K), 0.1365209 secs] [Times: user=4.80 sys=0.00, real=0.14 secs] 
7002.258: [GC (Allocation Failure) [PSYoungGen: 21845577K->864790K(22609920K)] 22959653K->1979610K(25755648K), 0.1525466 secs] [Times: user=5.38 sys=0.00, real=0.15 secs] 
7005.429: [GC (Allocation Failure) [PSYoungGen: 21967382K->732146K(22609920K)] 23082202K->1847726K(25755648K), 0.1319972 secs] [Times: user=4.66 sys=0.00, real=0.13 secs] 
7008.642: [GC (Allocation Failure) [PSYoungGen: 21834738K->733097K(22609920K)] 22950318K->1849317K(25755648K), 0.1328910 secs] [Times: user=4.70 sys=0.01, real=0.14 secs] 
7011.824: [GC (Allocation Failure) [PSYoungGen: 21835689K->750011K(22609920K)] 22951909K->1866727K(25755648K), 0.1377614 secs] [Times: user=4.76 sys=0.00, real=0.13 secs] 
7015.031: [GC (Allocation Failure) [PSYoungGen: 21852603K->824948K(22609920K)] 22969319K->1942024K(25755648K), 0.1470147 secs] [Times: user=5.21 sys=0.00, real=0.15 secs] 
7018.158: [GC (Allocation Failure) [PSYoungGen: 21927540K->780418K(22609920K)] 23044616K->1897966K(25755648K), 0.1420689 secs] [Times: user=4.93 sys=0.00, real=0.14 secs] 
7021.388: [GC (Allocation Failure) [PSYoungGen: 21883010K->875434K(22609920K)] 23000558K->1993342K(25755648K), 0.1520691 secs] [Times: user=5.26 sys=0.00, real=0.15 secs] 
7024.547: [GC (Allocation Failure) [PSYoungGen: 21978026K->698947K(22609920K)] 23095934K->1817239K(25755648K), 0.1311415 secs] [Times: user=4.42 sys=0.00, real=0.13 secs] 
7027.622: [GC (Allocation Failure) [PSYoungGen: 21801539K->719964K(22609920K)] 22919831K->1838648K(25755648K), 0.1308690 secs] [Times: user=4.63 sys=0.00, real=0.13 secs] 
7030.804: [GC (Allocation Failure) [PSYoungGen: 21822556K->763748K(22609920K)] 22941240K->1883144K(25755648K), 0.1384305 secs] [Times: user=4.79 sys=0.00, real=0.14 secs] 
7034.012: [GC (Allocation Failure) [PSYoungGen: 21866340K->686373K(22609920K)] 22985736K->1806489K(25755648K), 0.1248363 secs] [Times: user=4.35 sys=0.00, real=0.13 secs] 
7037.203: [GC (Allocation Failure) [PSYoungGen: 21788965K->727469K(22609920K)] 22909081K->1848449K(25755648K), 0.1327646 secs] [Times: user=4.63 sys=0.00, real=0.13 secs] 
7040.411: [GC (Allocation Failure) [PSYoungGen: 21830061K->728959K(22609920K)] 22951041K->1850388K(25755648K), 0.1311163 secs] [Times: user=4.63 sys=0.00, real=0.13 secs] 
7043.537: [GC (Allocation Failure) [PSYoungGen: 21831551K->824543K(22609920K)] 22952980K->1946428K(25755648K), 0.1466152 secs] [Times: user=5.18 sys=0.00, real=0.15 secs] 
7046.722: [GC (Allocation Failure) [PSYoungGen: 21927135K->745590K(22609920K)] 23049020K->1868082K(25755648K), 0.1357949 secs] [Times: user=4.80 sys=0.00, real=0.13 secs] 
7049.926: [GC (Allocation Failure) [PSYoungGen: 21848182K->781041K(22609920K)] 22970674K->1903950K(25755648K), 0.1402691 secs] [Times: user=4.96 sys=0.00, real=0.14 secs] 
7053.068: [GC (Allocation Failure) [PSYoungGen: 21883633K->744583K(22609920K)] 23006542K->1867995K(25755648K), 0.1343260 secs] [Times: user=4.74 sys=0.00, real=0.14 secs] 
7056.214: [GC (Allocation Failure) [PSYoungGen: 21847175K->763028K(22609920K)] 22970587K->1886873K(25755648K), 0.1374787 secs] [Times: user=4.85 sys=0.00, real=0.14 secs] 
7058.201: [GC (System.gc()) [PSYoungGen: 11712095K->612069K(22609920K)] 12835939K->1736633K(25755648K), 0.1163603 secs] [Times: user=4.09 sys=0.00, real=0.11 secs] 
7058.318: [Full GC (System.gc()) [PSYoungGen: 612069K->0K(22609920K)] [ParOldGen: 1124564K->230677K(3145728K)] 1736633K->230677K(25755648K), [Metaspace: 22301K->22301K(1069056K)], 0.2375243 secs] [Times: user=6.31 sys=0.05, real=0.24 secs] 
7096.059: [GC (Allocation Failure) [PSYoungGen: 21102592K->948934K(22609920K)] 21333269K->1179620K(25755648K), 0.1599816 secs] [Times: user=5.31 sys=0.00, real=0.16 secs] 
7108.831: [GC (Allocation Failure) [PSYoungGen: 22051526K->942767K(22609920K)] 22282212K->1173452K(25755648K), 0.1407377 secs] [Times: user=4.95 sys=0.01, real=0.14 secs] 
7118.505: [GC (Allocation Failure) [PSYoungGen: 22045359K->936064K(22609920K)] 22276044K->1166749K(25755648K), 0.1414573 secs] [Times: user=4.84 sys=0.00, real=0.14 secs] 
7126.363: [GC (Allocation Failure) [PSYoungGen: 22038656K->953701K(22609920K)] 22269341K->1184387K(25755648K), 0.1411616 secs] [Times: user=4.95 sys=0.00, real=0.14 secs] 
7133.829: [GC (Allocation Failure) [PSYoungGen: 22056293K->960710K(22609920K)] 22286979K->1191395K(25755648K), 0.1441379 secs] [Times: user=5.03 sys=0.00, real=0.15 secs] 
7140.175: [GC (Allocation Failure) [PSYoungGen: 22063302K->986808K(22609920K)] 22293987K->1217494K(25755648K), 0.1475929 secs] [Times: user=5.19 sys=0.01, real=0.15 secs] 
7146.229: [GC (Allocation Failure) [PSYoungGen: 22089400K->984713K(22609920K)] 22320086K->1215399K(25755648K), 0.1465521 secs] [Times: user=5.10 sys=0.00, real=0.15 secs] 
7151.984: [GC (Allocation Failure) [PSYoungGen: 22087305K->997232K(22609920K)] 22317991K->1227917K(25755648K), 0.1479003 secs] [Times: user=5.20 sys=0.00, real=0.15 secs] 
7157.132: [GC (Allocation Failure) [PSYoungGen: 22099824K->994007K(22609920K)] 22330509K->1224693K(25755648K), 0.1464376 secs] [Times: user=5.16 sys=0.01, real=0.15 secs] 
7162.186: [GC (Allocation Failure) [PSYoungGen: 22096599K->996191K(22609920K)] 22327285K->1226877K(25755648K), 0.1485545 secs] [Times: user=5.23 sys=0.00, real=0.14 secs] 
7166.943: [GC (Allocation Failure) [PSYoungGen: 22098783K->1012671K(22609920K)] 22329469K->1243356K(25755648K), 0.1511885 secs] [Times: user=5.21 sys=0.00, real=0.15 secs] 
7171.337: [GC (Allocation Failure) [PSYoungGen: 22115263K->981885K(22609920K)] 22345948K->1212571K(25755648K), 0.1465326 secs] [Times: user=5.15 sys=0.00, real=0.15 secs] 
7175.853: [GC (Allocation Failure) [PSYoungGen: 22084477K->1008245K(22609920K)] 22315163K->1238930K(25755648K), 0.1520476 secs] [Times: user=5.19 sys=0.00, real=0.15 secs] 
7180.277: [GC (Allocation Failure) [PSYoungGen: 22110837K->990997K(22609920K)] 22341522K->1221683K(25755648K), 0.1468286 secs] [Times: user=5.10 sys=0.00, real=0.15 secs] 
7184.139: [GC (Allocation Failure) [PSYoungGen: 22093589K->1065109K(22609920K)] 22324275K->1295795K(25755648K), 0.1587558 secs] [Times: user=5.61 sys=0.01, real=0.16 secs] 
7187.973: [GC (Allocation Failure) [PSYoungGen: 22167701K->655099K(22609920K)] 22398387K->1246122K(25755648K), 0.1573935 secs] [Times: user=5.43 sys=0.00, real=0.16 secs] 
7191.807: [GC (Allocation Failure) [PSYoungGen: 21757691K->660010K(22609920K)] 22348714K->1252674K(25755648K), 0.1170375 secs] [Times: user=4.12 sys=0.01, real=0.12 secs] 
7195.738: [GC (Allocation Failure) [PSYoungGen: 21762602K->642235K(22609920K)] 22355266K->1236211K(25755648K), 0.1145592 secs] [Times: user=4.03 sys=0.00, real=0.12 secs] 
7199.430: [GC (Allocation Failure) [PSYoungGen: 21744827K->686927K(22609920K)] 22338803K->1281839K(25755648K), 0.1212478 secs] [Times: user=4.28 sys=0.00, real=0.13 secs] 
7202.959: [GC (Allocation Failure) [PSYoungGen: 21789519K->685383K(22609920K)] 22384431K->1281767K(25755648K), 0.1201706 secs] [Times: user=4.24 sys=0.00, real=0.12 secs] 
7206.409: [GC (Allocation Failure) [PSYoungGen: 21787975K->647263K(22609920K)] 22384359K->1244400K(25755648K), 0.1160504 secs] [Times: user=4.09 sys=0.00, real=0.12 secs] 
7209.879: [GC (Allocation Failure) [PSYoungGen: 21749855K->666814K(22609920K)] 22346992K->1264599K(25755648K), 0.1183944 secs] [Times: user=4.18 sys=0.00, real=0.12 secs] 
7213.353: [GC (Allocation Failure) [PSYoungGen: 21769406K->686876K(22609920K)] 22367191K->1285253K(25755648K), 0.1212788 secs] [Times: user=4.28 sys=0.00, real=0.13 secs] 
7216.626: [GC (Allocation Failure) [PSYoungGen: 21789468K->728224K(22609920K)] 22387845K->1327368K(25755648K), 0.1279704 secs] [Times: user=4.52 sys=0.01, real=0.12 secs] 
7219.987: [GC (Allocation Failure) [PSYoungGen: 21830816K->655317K(22609920K)] 22429960K->1255150K(25755648K), 0.1202212 secs] [Times: user=4.05 sys=0.00, real=0.12 secs] 
7223.192: [GC (Allocation Failure) [PSYoungGen: 21757909K->689989K(22609920K)] 22357742K->1290534K(25755648K), 0.1225006 secs] [Times: user=4.31 sys=0.00, real=0.12 secs] 
7226.399: [GC (Allocation Failure) [PSYoungGen: 21792581K->695115K(22609920K)] 22393126K->1296371K(25755648K), 0.1214969 secs] [Times: user=4.29 sys=0.00, real=0.12 secs] 
7237.364: [GC (System.gc()) [PSYoungGen: 10242782K->827014K(22609920K)] 10844038K->1428919K(25755648K), 0.1246051 secs] [Times: user=4.35 sys=0.00, real=0.13 secs] 
7237.489: [Full GC (System.gc()) [PSYoungGen: 827014K->0K(22609920K)] [ParOldGen: 601904K->232251K(3145728K)] 1428919K->232251K(25755648K), [Metaspace: 22336K->22336K(1069056K)], 0.0864286 secs] [Times: user=1.28 sys=0.01, real=0.08 secs] 
7243.965: [GC (System.gc()) [PSYoungGen: 3357855K->544K(22609920K)] 3590106K->232795K(25755648K), 0.0081419 secs] [Times: user=0.14 sys=0.00, real=0.01 secs] 
7243.973: [Full GC (System.gc()) [PSYoungGen: 544K->0K(22609920K)] [ParOldGen: 232251K->226462K(3145728K)] 232795K->226462K(25755648K), [Metaspace: 22347K->22347K(1069056K)], 0.1090521 secs] [Times: user=2.01 sys=0.01, real=0.11 secs] 
7259.276: [GC (Allocation Failure) [PSYoungGen: 21102592K->993721K(22609920K)] 21329054K->1220191K(25755648K), 0.1575903 secs] [Times: user=5.50 sys=0.00, real=0.16 secs] 
7270.600: [GC (Allocation Failure) [PSYoungGen: 22096313K->955059K(22609920K)] 22322783K->1181530K(25755648K), 0.1391246 secs] [Times: user=4.76 sys=0.00, real=0.14 secs] 
7281.847: [GC (Allocation Failure) [PSYoungGen: 22057651K->940901K(22609920K)] 22284122K->1167372K(25755648K), 0.1434040 secs] [Times: user=4.83 sys=0.01, real=0.14 secs] 
7288.005: [GC (System.gc()) [PSYoungGen: 5483391K->31064K(22609920K)] 5709861K->257535K(25755648K), 0.0106699 secs] [Times: user=0.21 sys=0.01, real=0.02 secs] 
7288.016: [Full GC (System.gc()) [PSYoungGen: 31064K->0K(22609920K)] [ParOldGen: 226470K->233283K(3145728K)] 257535K->233283K(25755648K), [Metaspace: 22455K->22455K(1069056K)], 0.1072401 secs] [Times: user=1.93 sys=0.01, real=0.10 secs] 
7288.354: [GC (System.gc()) [PSYoungGen: 819K->96K(22609920K)] 234102K->233379K(25755648K), 0.0477117 secs] [Times: user=0.31 sys=0.00, real=0.05 secs] 
7288.402: [Full GC (System.gc()) [PSYoungGen: 96K->0K(22609920K)] [ParOldGen: 233283K->233262K(3145728K)] 233379K->233262K(25755648K), [Metaspace: 22459K->22459K(1069056K)], 0.4579070 secs] [Times: user=6.00 sys=0.04, real=0.46 secs] 
7289.077: [GC (System.gc()) [PSYoungGen: 94678K->96K(22609920K)] 327941K->233358K(25755648K), 0.0074361 secs] [Times: user=0.03 sys=0.00, real=0.00 secs] 
7289.084: [Full GC (System.gc()) [PSYoungGen: 96K->0K(22609920K)] [ParOldGen: 233262K->233170K(3145728K)] 233358K->233170K(25755648K), [Metaspace: 22459K->22459K(1069056K)], 0.3616724 secs] [Times: user=3.98 sys=0.03, real=0.37 secs] 
Heap
 PSYoungGen      total 22609920K, used 817966K [0x0000000200000000, 0x00000007c0000000, 0x00000007c0000000)
  eden space 21102592K, 3% used [0x0000000200000000,0x0000000231ecb988,0x0000000708000000)
  from space 1507328K, 0% used [0x0000000764000000,0x0000000764000000,0x00000007c0000000)
  to   space 1507328K, 0% used [0x0000000708000000,0x0000000708000000,0x0000000764000000)
 ParOldGen       total 3145728K, used 233170K [0x0000000140000000, 0x0000000200000000, 0x0000000200000000)
  object space 3145728K, 7% used [0x0000000140000000,0x000000014e3b4870,0x0000000200000000)
 Metaspace       used 22470K, capacity 23278K, committed 23296K, reserved 1069056K
  class space    used 2609K, capacity 2807K, committed 2816K, reserved 1048576K
