Java HotSpot(TM) 64-Bit Server VM (25.20-b20) for linux-amd64 JRE (1.8.0_20-ea-b20), built on Jun 24 2014 21:14:09 by "java_re" with gcc 4.3.0 20080428 (Red Hat 4.3.0-8)
Memory: 4k page, physical 264398780k(140398824k free), swap 4194296k(4194296k free)
CommandLine flags: -XX:+AggressiveOpts -XX:+AlwaysPreTouch -XX:InitialHeapSize=27917287424 -XX:LargePageSizeInBytes=2097152 -XX:MaxHeapSize=27917287424 -XX:MaxNewSize=24696061952 -XX:MaxTenuringThreshold=15 -XX:NewSize=24696061952 -XX:ParallelGCThreads=36 -XX:+PrintGC -XX:+PrintGCDetails -XX:+PrintGCTimeStamps -XX:SurvivorRatio=14 -XX:TargetSurvivorRatio=95 -XX:-UseAdaptiveSizePolicy -XX:-UseBiasedLocking -XX:+UseCompressedClassPointers -XX:+UseCompressedOops -XX:+UseLargePages -XX:+UseParallelGC -XX:+UseParallelOldGC 
10.824: [GC (Allocation Failure) [PSYoungGen: 21102592K->3968K(22609920K)] 21102592K->4054K(25755648K), 0.0054912 secs] [Times: user=0.03 sys=0.02, real=0.01 secs] 
10.834: [GC (Allocation Failure) [PSYoungGen: 21106560K->2464K(22609920K)] 21106646K->2558K(25755648K), 0.0086403 secs] [Times: user=0.20 sys=0.00, real=0.01 secs] 
13.410: [GC (Allocation Failure) [PSYoungGen: 21105056K->835656K(22609920K)] 21105150K->835774K(25755648K), 0.1245755 secs] [Times: user=4.09 sys=0.00, real=0.12 secs] 
14.581: [GC (System.gc()) [PSYoungGen: 1836803K->8247K(22609920K)] 1836922K->8373K(25755648K), 0.0094423 secs] [Times: user=0.17 sys=0.00, real=0.01 secs] 
14.591: [Full GC (System.gc()) [PSYoungGen: 8247K->0K(22609920K)] [ParOldGen: 126K->7600K(3145728K)] 8373K->7600K(25755648K), [Metaspace: 16652K->16650K(1064960K)], 0.0528448 secs] [Times: user=0.62 sys=0.03, real=0.05 secs] 
100.577: [GC (System.gc()) [PSYoungGen: 6420025K->98635K(22609920K)] 6427626K->106252K(25755648K), 0.0267443 secs] [Times: user=0.65 sys=0.00, real=0.03 secs] 
100.604: [Full GC (System.gc()) [PSYoungGen: 98635K->0K(22609920K)] [ParOldGen: 7616K->105059K(3145728K)] 106252K->105059K(25755648K), [Metaspace: 19845K->19841K(1067008K)], 0.1145925 secs] [Times: user=2.55 sys=0.02, real=0.11 secs] 
228.463: [GC (Allocation Failure) [PSYoungGen: 21102592K->886909K(22609920K)] 21207651K->991977K(25755648K), 0.1459414 secs] [Times: user=5.07 sys=0.00, real=0.15 secs] 
248.604: [GC (Allocation Failure) [PSYoungGen: 21989501K->885984K(22609920K)] 22094569K->991059K(25755648K), 0.1363131 secs] [Times: user=4.73 sys=0.00, real=0.13 secs] 
259.843: [GC (Allocation Failure) [PSYoungGen: 21988576K->894414K(22609920K)] 22093651K->999562K(25755648K), 0.1337468 secs] [Times: user=4.68 sys=0.00, real=0.14 secs] 
267.564: [GC (Allocation Failure) [PSYoungGen: 21997006K->917701K(22609920K)] 22102154K->1022857K(25755648K), 0.1363255 secs] [Times: user=4.73 sys=0.00, real=0.14 secs] 
273.498: [GC (Allocation Failure) [PSYoungGen: 22020293K->966566K(22609920K)] 22125449K->1071722K(25755648K), 0.1480289 secs] [Times: user=5.18 sys=0.00, real=0.15 secs] 
278.151: [GC (Allocation Failure) [PSYoungGen: 22069158K->964269K(22609920K)] 22174314K->1069433K(25755648K), 0.1452153 secs] [Times: user=5.11 sys=0.00, real=0.14 secs] 
282.402: [GC (Allocation Failure) [PSYoungGen: 22066861K->1012047K(22609920K)] 22172025K->1117219K(25755648K), 0.1545042 secs] [Times: user=5.37 sys=0.00, real=0.16 secs] 
286.022: [GC (Allocation Failure) [PSYoungGen: 22114639K->992863K(22609920K)] 22219811K->1098035K(25755648K), 0.1467700 secs] [Times: user=5.15 sys=0.00, real=0.15 secs] 
289.398: [GC (Allocation Failure) [PSYoungGen: 22095455K->1103230K(22609920K)] 22200627K->1208402K(25755648K), 0.1638393 secs] [Times: user=5.79 sys=0.00, real=0.17 secs] 
292.648: [GC (Allocation Failure) [PSYoungGen: 22205822K->1069445K(22609920K)] 22310994K->1174617K(25755648K), 0.1599702 secs] [Times: user=5.65 sys=0.00, real=0.16 secs] 
295.833: [GC (Allocation Failure) [PSYoungGen: 22172037K->1050793K(22609920K)] 22277209K->1155965K(25755648K), 0.1564525 secs] [Times: user=5.48 sys=0.00, real=0.15 secs] 
298.996: [GC (Allocation Failure) [PSYoungGen: 22153385K->1110360K(22609920K)] 22258557K->1215531K(25755648K), 0.1677080 secs] [Times: user=5.84 sys=0.00, real=0.17 secs] 
302.191: [GC (Allocation Failure) [PSYoungGen: 22212952K->1094450K(22609920K)] 22318123K->1199621K(25755648K), 0.1637075 secs] [Times: user=5.75 sys=0.00, real=0.16 secs] 
305.382: [GC (Allocation Failure) [PSYoungGen: 22197042K->1111916K(22609920K)] 22302213K->1217087K(25755648K), 0.1672117 secs] [Times: user=5.86 sys=0.00, real=0.16 secs] 
308.568: [GC (Allocation Failure) [PSYoungGen: 22214508K->1142792K(22609920K)] 22319679K->1247964K(25755648K), 0.1712449 secs] [Times: user=6.05 sys=0.00, real=0.17 secs] 
311.813: [GC (Allocation Failure) [PSYoungGen: 22245384K->761549K(22609920K)] 22350556K->1195982K(25755648K), 0.1676636 secs] [Times: user=5.88 sys=0.00, real=0.16 secs] 
314.922: [GC (Allocation Failure) [PSYoungGen: 21864141K->840126K(22609920K)] 22298574K->1285393K(25755648K), 0.1436847 secs] [Times: user=5.08 sys=0.00, real=0.14 secs] 
318.075: [GC (Allocation Failure) [PSYoungGen: 21942718K->833871K(22609920K)] 22387985K->1283027K(25755648K), 0.1418611 secs] [Times: user=4.94 sys=0.00, real=0.14 secs] 
321.261: [GC (Allocation Failure) [PSYoungGen: 21936463K->750276K(22609920K)] 22385619K->1200944K(25755648K), 0.1296861 secs] [Times: user=4.58 sys=0.00, real=0.13 secs] 
324.353: [GC (Allocation Failure) [PSYoungGen: 21852868K->789597K(22609920K)] 22303536K->1241753K(25755648K), 0.1361510 secs] [Times: user=4.80 sys=0.01, real=0.14 secs] 
327.485: [GC (Allocation Failure) [PSYoungGen: 21892189K->763620K(22609920K)] 22344345K->1219128K(25755648K), 0.1339777 secs] [Times: user=4.68 sys=0.01, real=0.13 secs] 
330.584: [GC (Allocation Failure) [PSYoungGen: 21866212K->801651K(22609920K)] 22321720K->1258152K(25755648K), 0.1399763 secs] [Times: user=4.89 sys=0.00, real=0.14 secs] 
333.723: [GC (Allocation Failure) [PSYoungGen: 21904243K->778739K(22609920K)] 22360744K->1237633K(25755648K), 0.1364543 secs] [Times: user=4.81 sys=0.00, real=0.14 secs] 
336.920: [GC (Allocation Failure) [PSYoungGen: 21881331K->866267K(22609920K)] 22340225K->1326041K(25755648K), 0.1508797 secs] [Times: user=5.29 sys=0.00, real=0.15 secs] 
338.973: [GC (System.gc()) [PSYoungGen: 10955437K->771051K(22609920K)] 11415211K->1231746K(25755648K), 0.1460422 secs] [Times: user=4.90 sys=0.00, real=0.15 secs] 
339.120: [Full GC (System.gc()) [PSYoungGen: 771051K->0K(22609920K)] [ParOldGen: 460694K->126784K(3145728K)] 1231746K->126784K(25755648K), [Metaspace: 22067K->22067K(1069056K)], 0.1741038 secs] [Times: user=4.03 sys=0.04, real=0.17 secs] 
358.537: [GC (Allocation Failure) [PSYoungGen: 21102592K->912385K(22609920K)] 21229376K->1039170K(25755648K), 0.1521284 secs] [Times: user=5.07 sys=0.00, real=0.16 secs] 
365.490: [GC (Allocation Failure) [PSYoungGen: 22014977K->928722K(22609920K)] 22141762K->1055506K(25755648K), 0.1402414 secs] [Times: user=4.89 sys=0.01, real=0.14 secs] 
370.623: [GC (Allocation Failure) [PSYoungGen: 22031314K->972972K(22609920K)] 22158098K->1099757K(25755648K), 0.1462175 secs] [Times: user=5.13 sys=0.00, real=0.14 secs] 
375.031: [GC (Allocation Failure) [PSYoungGen: 22075564K->953064K(22609920K)] 22202349K->1079849K(25755648K), 0.1428198 secs] [Times: user=4.91 sys=0.00, real=0.15 secs] 
379.340: [GC (Allocation Failure) [PSYoungGen: 22055656K->948604K(22609920K)] 22182441K->1075389K(25755648K), 0.1447877 secs] [Times: user=4.92 sys=0.00, real=0.15 secs] 
383.087: [GC (Allocation Failure) [PSYoungGen: 22051196K->962895K(22609920K)] 22177981K->1089679K(25755648K), 0.1415414 secs] [Times: user=4.99 sys=0.00, real=0.14 secs] 
386.800: [GC (Allocation Failure) [PSYoungGen: 22065487K->1032133K(22609920K)] 22192271K->1158918K(25755648K), 0.1546274 secs] [Times: user=5.44 sys=0.00, real=0.16 secs] 
390.329: [GC (Allocation Failure) [PSYoungGen: 22134725K->954714K(22609920K)] 22261510K->1081498K(25755648K), 0.1441982 secs] [Times: user=5.01 sys=0.00, real=0.14 secs] 
393.439: [GC (Allocation Failure) [PSYoungGen: 22057306K->1034418K(22609920K)] 22184090K->1161203K(25755648K), 0.1528729 secs] [Times: user=5.40 sys=0.00, real=0.15 secs] 
396.523: [GC (Allocation Failure) [PSYoungGen: 22137010K->1046835K(22609920K)] 22263795K->1173619K(25755648K), 0.1563961 secs] [Times: user=5.49 sys=0.01, real=0.16 secs] 
399.755: [GC (Allocation Failure) [PSYoungGen: 22149427K->1176409K(22609920K)] 22276211K->1303194K(25755648K), 0.1769694 secs] [Times: user=6.24 sys=0.00, real=0.17 secs] 
402.965: [GC (Allocation Failure) [PSYoungGen: 22279001K->1084575K(22609920K)] 22405786K->1211360K(25755648K), 0.1620716 secs] [Times: user=5.67 sys=0.01, real=0.17 secs] 
406.208: [GC (Allocation Failure) [PSYoungGen: 22187167K->1054554K(22609920K)] 22313952K->1181338K(25755648K), 0.1563730 secs] [Times: user=5.49 sys=0.00, real=0.15 secs] 
409.331: [GC (Allocation Failure) [PSYoungGen: 22157146K->1066702K(22609920K)] 22283930K->1193486K(25755648K), 0.1582050 secs] [Times: user=5.59 sys=0.00, real=0.16 secs] 
412.531: [GC (Allocation Failure) [PSYoungGen: 22169294K->1109452K(22609920K)] 22296078K->1236236K(25755648K), 0.1655292 secs] [Times: user=5.87 sys=0.00, real=0.17 secs] 
415.725: [GC (Allocation Failure) [PSYoungGen: 22212044K->761202K(22609920K)] 22338828K->1220790K(25755648K), 0.1710960 secs] [Times: user=5.92 sys=0.00, real=0.17 secs] 
418.981: [GC (Allocation Failure) [PSYoungGen: 21863794K->803368K(22609920K)] 22323382K->1271012K(25755648K), 0.1381405 secs] [Times: user=4.87 sys=0.00, real=0.14 secs] 
422.124: [GC (Allocation Failure) [PSYoungGen: 21905960K->729700K(22609920K)] 22373604K->1199385K(25755648K), 0.1280982 secs] [Times: user=4.49 sys=0.00, real=0.13 secs] 
425.236: [GC (Allocation Failure) [PSYoungGen: 21832292K->751474K(22609920K)] 22301977K->1222687K(25755648K), 0.1305710 secs] [Times: user=4.62 sys=0.00, real=0.13 secs] 
428.336: [GC (Allocation Failure) [PSYoungGen: 21854066K->751244K(22609920K)] 22325279K->1223825K(25755648K), 0.1307427 secs] [Times: user=4.62 sys=0.00, real=0.13 secs] 
431.452: [GC (Allocation Failure) [PSYoungGen: 21853836K->712266K(22609920K)] 22326417K->1188279K(25755648K), 0.1261562 secs] [Times: user=4.41 sys=0.01, real=0.12 secs] 
434.548: [GC (Allocation Failure) [PSYoungGen: 21814858K->738726K(22609920K)] 22290871K->1215627K(25755648K), 0.1303753 secs] [Times: user=4.58 sys=0.00, real=0.13 secs] 
437.704: [GC (Allocation Failure) [PSYoungGen: 21841318K->716422K(22609920K)] 22318219K->1194355K(25755648K), 0.1257214 secs] [Times: user=4.44 sys=0.00, real=0.12 secs] 
440.821: [GC (Allocation Failure) [PSYoungGen: 21819014K->746564K(22609920K)] 22296947K->1225530K(25755648K), 0.1333969 secs] [Times: user=4.63 sys=0.00, real=0.14 secs] 
443.999: [GC (Allocation Failure) [PSYoungGen: 21849156K->762408K(22609920K)] 22328122K->1242214K(25755648K), 0.1349591 secs] [Times: user=4.73 sys=0.00, real=0.14 secs] 
456.881: [GC (System.gc()) [PSYoungGen: 9255019K->834337K(22609920K)] 9734824K->1314935K(25755648K), 0.1256445 secs] [Times: user=4.43 sys=0.00, real=0.13 secs] 
457.007: [Full GC (System.gc()) [PSYoungGen: 834337K->0K(22609920K)] [ParOldGen: 480597K->230373K(3145728K)] 1314935K->230373K(25755648K), [Metaspace: 22110K->22110K(1069056K)], 0.0952646 secs] [Times: user=1.67 sys=0.01, real=0.09 secs] 
477.637: [GC (Allocation Failure) [PSYoungGen: 21102592K->951517K(22609920K)] 21332965K->1181899K(25755648K), 0.1529226 secs] [Times: user=5.38 sys=0.00, real=0.15 secs] 
484.606: [GC (Allocation Failure) [PSYoungGen: 22054109K->960670K(22609920K)] 22284491K->1191052K(25755648K), 0.1465315 secs] [Times: user=4.99 sys=0.00, real=0.15 secs] 
489.840: [GC (Allocation Failure) [PSYoungGen: 22063262K->950431K(22609920K)] 22293644K->1180813K(25755648K), 0.1442443 secs] [Times: user=4.92 sys=0.01, real=0.14 secs] 
494.323: [GC (Allocation Failure) [PSYoungGen: 22053023K->978353K(22609920K)] 22283405K->1208735K(25755648K), 0.1481675 secs] [Times: user=5.02 sys=0.00, real=0.15 secs] 
498.154: [GC (Allocation Failure) [PSYoungGen: 22080945K->1000545K(22609920K)] 22311327K->1230927K(25755648K), 0.1540802 secs] [Times: user=5.18 sys=0.00, real=0.15 secs] 
502.047: [GC (Allocation Failure) [PSYoungGen: 22103137K->958942K(22609920K)] 22333519K->1189324K(25755648K), 0.1458985 secs] [Times: user=5.06 sys=0.00, real=0.15 secs] 
505.318: [GC (Allocation Failure) [PSYoungGen: 22061534K->1009098K(22609920K)] 22291916K->1239480K(25755648K), 0.1514455 secs] [Times: user=5.28 sys=0.00, real=0.15 secs] 
508.713: [GC (Allocation Failure) [PSYoungGen: 22111690K->1005431K(22609920K)] 22342072K->1235813K(25755648K), 0.1491147 secs] [Times: user=5.20 sys=0.00, real=0.15 secs] 
511.872: [GC (Allocation Failure) [PSYoungGen: 22108023K->1044867K(22609920K)] 22338405K->1275249K(25755648K), 0.1553382 secs] [Times: user=5.47 sys=0.01, real=0.15 secs] 
514.997: [GC (Allocation Failure) [PSYoungGen: 22147459K->1049205K(22609920K)] 22377841K->1279587K(25755648K), 0.1593764 secs] [Times: user=5.42 sys=0.00, real=0.16 secs] 
518.220: [GC (Allocation Failure) [PSYoungGen: 22151797K->1048433K(22609920K)] 22382179K->1278815K(25755648K), 0.1560224 secs] [Times: user=5.46 sys=0.00, real=0.16 secs] 
521.479: [GC (Allocation Failure) [PSYoungGen: 22151025K->1006096K(22609920K)] 22381407K->1236478K(25755648K), 0.1507137 secs] [Times: user=5.26 sys=0.00, real=0.15 secs] 
524.583: [GC (Allocation Failure) [PSYoungGen: 22108688K->1109580K(22609920K)] 22339070K->1339961K(25755648K), 0.1657886 secs] [Times: user=5.86 sys=0.00, real=0.17 secs] 
527.666: [GC (Allocation Failure) [PSYoungGen: 22212172K->1131609K(22609920K)] 22442553K->1361991K(25755648K), 0.1687619 secs] [Times: user=5.98 sys=0.00, real=0.17 secs] 
530.880: [GC (Allocation Failure) [PSYoungGen: 22234201K->1120046K(22609920K)] 22464583K->1350428K(25755648K), 0.1680365 secs] [Times: user=5.89 sys=0.01, real=0.17 secs] 
534.150: [GC (Allocation Failure) [PSYoungGen: 22222638K->790555K(22609920K)] 22453020K->1379209K(25755648K), 0.1800623 secs] [Times: user=6.29 sys=0.01, real=0.18 secs] 
537.351: [GC (Allocation Failure) [PSYoungGen: 21893147K->774163K(22609920K)] 22481801K->1364433K(25755648K), 0.1351176 secs] [Times: user=4.77 sys=0.00, real=0.14 secs] 
540.535: [GC (Allocation Failure) [PSYoungGen: 21876755K->809188K(22609920K)] 22467025K->1400675K(25755648K), 0.1411303 secs] [Times: user=4.99 sys=0.00, real=0.14 secs] 
543.509: [GC (Allocation Failure) [PSYoungGen: 21911780K->764192K(22609920K)] 22503267K->1356575K(25755648K), 0.1353727 secs] [Times: user=4.65 sys=0.00, real=0.13 secs] 
546.600: [GC (Allocation Failure) [PSYoungGen: 21866784K->753504K(22609920K)] 22459167K->1347455K(25755648K), 0.1321979 secs] [Times: user=4.67 sys=0.01, real=0.13 secs] 
549.702: [GC (Allocation Failure) [PSYoungGen: 21856096K->789969K(22609920K)] 22450047K->1384736K(25755648K), 0.1389850 secs] [Times: user=4.90 sys=0.00, real=0.14 secs] 
552.857: [GC (Allocation Failure) [PSYoungGen: 21892561K->779077K(22609920K)] 22487328K->1374549K(25755648K), 0.1372458 secs] [Times: user=4.76 sys=0.00, real=0.14 secs] 
555.959: [GC (Allocation Failure) [PSYoungGen: 21881669K->767394K(22609920K)] 22477141K->1363673K(25755648K), 0.1348024 secs] [Times: user=4.76 sys=0.00, real=0.13 secs] 
559.035: [GC (Allocation Failure) [PSYoungGen: 21869986K->833492K(22609920K)] 22466265K->1430539K(25755648K), 0.1454504 secs] [Times: user=5.10 sys=0.00, real=0.15 secs] 
562.267: [GC (Allocation Failure) [PSYoungGen: 21936084K->718204K(22609920K)] 22533131K->1316036K(25755648K), 0.1300440 secs] [Times: user=4.54 sys=0.00, real=0.13 secs] 
565.372: [GC (Allocation Failure) [PSYoungGen: 21820796K->742145K(22609920K)] 22418628K->1340704K(25755648K), 0.1330334 secs] [Times: user=4.61 sys=0.01, real=0.13 secs] 
568.532: [GC (Allocation Failure) [PSYoungGen: 21844737K->778118K(22609920K)] 22443296K->1377390K(25755648K), 0.1374658 secs] [Times: user=4.83 sys=0.00, real=0.13 secs] 
571.682: [GC (Allocation Failure) [PSYoungGen: 21880710K->821172K(22609920K)] 22479982K->1421435K(25755648K), 0.1444355 secs] [Times: user=5.12 sys=0.00, real=0.14 secs] 
574.867: [GC (Allocation Failure) [PSYoungGen: 21923764K->713631K(22609920K)] 22524027K->1314711K(25755648K), 0.1277992 secs] [Times: user=4.51 sys=0.00, real=0.13 secs] 
577.993: [GC (Allocation Failure) [PSYoungGen: 21816223K->769260K(22609920K)] 22417303K->1371332K(25755648K), 0.1353743 secs] [Times: user=4.79 sys=0.00, real=0.13 secs] 
581.140: [GC (Allocation Failure) [PSYoungGen: 21871852K->713551K(22609920K)] 22473924K->1316591K(25755648K), 0.1271428 secs] [Times: user=4.49 sys=0.01, real=0.13 secs] 
584.188: [GC (Allocation Failure) [PSYoungGen: 21816143K->719578K(22609920K)] 22419183K->1323602K(25755648K), 0.1288405 secs] [Times: user=4.55 sys=0.00, real=0.13 secs] 
587.318: [GC (Allocation Failure) [PSYoungGen: 21822170K->737524K(22609920K)] 22426194K->1342620K(25755648K), 0.1319775 secs] [Times: user=4.63 sys=0.00, real=0.13 secs] 
590.421: [GC (Allocation Failure) [PSYoungGen: 21840116K->721092K(22609920K)] 22445212K->1327228K(25755648K), 0.1305612 secs] [Times: user=4.47 sys=0.00, real=0.13 secs] 
593.484: [GC (Allocation Failure) [PSYoungGen: 21823684K->817108K(22609920K)] 22429820K->1424236K(25755648K), 0.1438198 secs] [Times: user=5.08 sys=0.00, real=0.15 secs] 
596.651: [GC (Allocation Failure) [PSYoungGen: 21919700K->769905K(22609920K)] 22526828K->1378033K(25755648K), 0.1368818 secs] [Times: user=4.84 sys=0.00, real=0.14 secs] 
599.782: [GC (Allocation Failure) [PSYoungGen: 21872497K->766328K(22609920K)] 22480625K->1375376K(25755648K), 0.1352005 secs] [Times: user=4.77 sys=0.00, real=0.14 secs] 
602.906: [GC (Allocation Failure) [PSYoungGen: 21868920K->702495K(22609920K)] 22477968K->1312479K(25755648K), 0.1254912 secs] [Times: user=4.42 sys=0.01, real=0.12 secs] 
606.032: [GC (Allocation Failure) [PSYoungGen: 21805087K->737586K(22609920K)] 22415071K->1348641K(25755648K), 0.1308504 secs] [Times: user=4.62 sys=0.00, real=0.13 secs] 
609.216: [GC (Allocation Failure) [PSYoungGen: 21840178K->705545K(22609920K)] 22451233K->1317465K(25755648K), 0.1297702 secs] [Times: user=4.44 sys=0.00, real=0.13 secs] 
612.321: [GC (Allocation Failure) [PSYoungGen: 21808137K->744718K(22609920K)] 22420057K->1357502K(25755648K), 0.1320481 secs] [Times: user=4.66 sys=0.00, real=0.13 secs] 
615.500: [GC (Allocation Failure) [PSYoungGen: 21847310K->753390K(22609920K)] 22460094K->1367078K(25755648K), 0.1330566 secs] [Times: user=4.70 sys=0.00, real=0.13 secs] 
618.622: [GC (Allocation Failure) [PSYoungGen: 21855982K->784175K(22609920K)] 22469670K->1398655K(25755648K), 0.1383455 secs] [Times: user=4.90 sys=0.00, real=0.14 secs] 
621.811: [GC (Allocation Failure) [PSYoungGen: 21886767K->761545K(22609920K)] 22501247K->1376809K(25755648K), 0.1349921 secs] [Times: user=4.77 sys=0.00, real=0.13 secs] 
624.986: [GC (Allocation Failure) [PSYoungGen: 21864137K->787983K(22609920K)] 22479401K->1403983K(25755648K), 0.1390609 secs] [Times: user=4.88 sys=0.00, real=0.14 secs] 
628.152: [GC (Allocation Failure) [PSYoungGen: 21890575K->744611K(22609920K)] 22506575K->1361387K(25755648K), 0.1321482 secs] [Times: user=4.68 sys=0.00, real=0.13 secs] 
631.266: [GC (Allocation Failure) [PSYoungGen: 21847203K->761089K(22609920K)] 22463979K->1378633K(25755648K), 0.1345744 secs] [Times: user=4.76 sys=0.00, real=0.14 secs] 
634.418: [GC (Allocation Failure) [PSYoungGen: 21863681K->744325K(22609920K)] 22481225K->1362661K(25755648K), 0.1350716 secs] [Times: user=4.65 sys=0.00, real=0.14 secs] 
637.543: [GC (Allocation Failure) [PSYoungGen: 21846917K->740836K(22609920K)] 22465253K->1359932K(25755648K), 0.1318063 secs] [Times: user=4.65 sys=0.01, real=0.13 secs] 
639.718: [GC (System.gc()) [PSYoungGen: 12292517K->648084K(22609920K)] 12911614K->1267932K(25755648K), 0.1203391 secs] [Times: user=4.15 sys=0.01, real=0.12 secs] 
639.839: [Full GC (System.gc()) [PSYoungGen: 648084K->0K(22609920K)] [ParOldGen: 619848K->230728K(3145728K)] 1267932K->230728K(25755648K), [Metaspace: 22139K->22139K(1069056K)], 0.1344333 secs] [Times: user=2.94 sys=0.01, real=0.14 secs] 
660.331: [GC (Allocation Failure) [PSYoungGen: 21102592K->953679K(22609920K)] 21333320K->1184415K(25755648K), 0.1526187 secs] [Times: user=5.32 sys=0.00, real=0.15 secs] 
667.306: [GC (Allocation Failure) [PSYoungGen: 22056271K->954111K(22609920K)] 22287007K->1184847K(25755648K), 0.1435083 secs] [Times: user=4.97 sys=0.00, real=0.14 secs] 
672.714: [GC (Allocation Failure) [PSYoungGen: 22056703K->956054K(22609920K)] 22287439K->1186790K(25755648K), 0.1421301 secs] [Times: user=5.01 sys=0.01, real=0.14 secs] 
677.430: [GC (Allocation Failure) [PSYoungGen: 22058646K->1006854K(22609920K)] 22289382K->1237591K(25755648K), 0.1494576 secs] [Times: user=5.24 sys=0.00, real=0.15 secs] 
681.388: [GC (Allocation Failure) [PSYoungGen: 22109446K->1032607K(22609920K)] 22340183K->1263344K(25755648K), 0.1522170 secs] [Times: user=5.38 sys=0.00, real=0.15 secs] 
685.127: [GC (Allocation Failure) [PSYoungGen: 22135199K->999541K(22609920K)] 22365936K->1230278K(25755648K), 0.1489104 secs] [Times: user=5.25 sys=0.00, real=0.15 secs] 
688.575: [GC (Allocation Failure) [PSYoungGen: 22102133K->1054652K(22609920K)] 22332870K->1285388K(25755648K), 0.1558848 secs] [Times: user=5.52 sys=0.00, real=0.16 secs] 
691.900: [GC (Allocation Failure) [PSYoungGen: 22157244K->1053505K(22609920K)] 22387980K->1284242K(25755648K), 0.1573557 secs] [Times: user=5.51 sys=0.00, real=0.15 secs] 
695.093: [GC (Allocation Failure) [PSYoungGen: 22156097K->992207K(22609920K)] 22386834K->1222944K(25755648K), 0.1469468 secs] [Times: user=5.18 sys=0.00, real=0.15 secs] 
698.273: [GC (Allocation Failure) [PSYoungGen: 22094799K->1017341K(22609920K)] 22325536K->1248078K(25755648K), 0.1506554 secs] [Times: user=5.31 sys=0.00, real=0.15 secs] 
701.339: [GC (Allocation Failure) [PSYoungGen: 22119933K->1153497K(22609920K)] 22350670K->1384234K(25755648K), 0.1731377 secs] [Times: user=6.11 sys=0.00, real=0.18 secs] 
704.525: [GC (Allocation Failure) [PSYoungGen: 22256089K->1093839K(22609920K)] 22486826K->1324576K(25755648K), 0.1630095 secs] [Times: user=5.77 sys=0.00, real=0.16 secs] 
707.626: [GC (Allocation Failure) [PSYoungGen: 22196431K->1113759K(22609920K)] 22427168K->1344495K(25755648K), 0.1657659 secs] [Times: user=5.88 sys=0.00, real=0.17 secs] 
710.838: [GC (Allocation Failure) [PSYoungGen: 22216351K->1167266K(22609920K)] 22447087K->1398003K(25755648K), 0.1770150 secs] [Times: user=6.20 sys=0.00, real=0.18 secs] 
714.075: [GC (Allocation Failure) [PSYoungGen: 22269858K->1078479K(22609920K)] 22500595K->1309216K(25755648K), 0.1597411 secs] [Times: user=5.66 sys=0.00, real=0.16 secs] 
717.303: [GC (Allocation Failure) [PSYoungGen: 22181071K->760019K(22609920K)] 22411808K->1348884K(25755648K), 0.1763184 secs] [Times: user=6.06 sys=0.00, real=0.18 secs] 
720.888: [GC (Allocation Failure) [PSYoungGen: 21862611K->733187K(22609920K)] 22451476K->1323813K(25755648K), 0.1305372 secs] [Times: user=4.63 sys=0.00, real=0.13 secs] 
721.195: [GC (System.gc()) [PSYoungGen: 1700219K->642100K(22609920K)] 2290845K->1233927K(25755648K), 0.1103621 secs] [Times: user=3.85 sys=0.00, real=0.11 secs] 
721.305: [Full GC (System.gc()) [PSYoungGen: 642100K->0K(22609920K)] [ParOldGen: 591826K->232844K(3145728K)] 1233927K->232844K(25755648K), [Metaspace: 22210K->22210K(1069056K)], 0.1583693 secs] [Times: user=3.76 sys=0.01, real=0.16 secs] 
727.536: [GC (System.gc()) [PSYoungGen: 3377296K->704K(22609920K)] 3610140K->233548K(25755648K), 0.0063802 secs] [Times: user=0.05 sys=0.01, real=0.00 secs] 
727.542: [Full GC (System.gc()) [PSYoungGen: 704K->0K(22609920K)] [ParOldGen: 232844K->227115K(3145728K)] 233548K->227115K(25755648K), [Metaspace: 22221K->22221K(1069056K)], 0.2072876 secs] [Times: user=5.20 sys=0.03, real=0.21 secs] 
752.137: [GC (Allocation Failure) [PSYoungGen: 21102592K->942814K(22609920K)] 21329707K->1169930K(25755648K), 0.1607486 secs] [Times: user=5.22 sys=0.00, real=0.16 secs] 
774.432: [GC (Allocation Failure) [PSYoungGen: 22045406K->918125K(22609920K)] 22272522K->1145240K(25755648K), 0.1385620 secs] [Times: user=4.79 sys=0.00, real=0.13 secs] 
796.576: [GC (Allocation Failure) [PSYoungGen: 22020717K->926374K(22609920K)] 22247832K->1153489K(25755648K), 0.1419083 secs] [Times: user=4.87 sys=0.00, real=0.14 secs] 
818.793: [GC (Allocation Failure) [PSYoungGen: 22028966K->922102K(22609920K)] 22256081K->1149217K(25755648K), 0.1390738 secs] [Times: user=4.78 sys=0.01, real=0.14 secs] 
840.877: [GC (Allocation Failure) [PSYoungGen: 22024694K->921615K(22609920K)] 22251809K->1148739K(25755648K), 0.1389063 secs] [Times: user=4.88 sys=0.00, real=0.14 secs] 
862.995: [GC (Allocation Failure) [PSYoungGen: 22024207K->924799K(22609920K)] 22251331K->1151923K(25755648K), 0.1370728 secs] [Times: user=4.82 sys=0.00, real=0.14 secs] 
885.130: [GC (Allocation Failure) [PSYoungGen: 22027391K->923238K(22609920K)] 22254515K->1150362K(25755648K), 0.1365967 secs] [Times: user=4.75 sys=0.00, real=0.13 secs] 
907.296: [GC (Allocation Failure) [PSYoungGen: 22025830K->930334K(22609920K)] 22252954K->1157458K(25755648K), 0.1365379 secs] [Times: user=4.78 sys=0.00, real=0.14 secs] 
1088.262: [GC (Allocation Failure) [PSYoungGen: 22032926K->923494K(22609920K)] 22260050K->1150618K(25755648K), 0.1443221 secs] [Times: user=5.05 sys=0.00, real=0.14 secs] 
1168.813: [GC (Allocation Failure) [PSYoungGen: 22026086K->914101K(22609920K)] 22253210K->1141225K(25755648K), 0.1479830 secs] [Times: user=5.04 sys=0.00, real=0.15 secs] 
1225.511: [GC (Allocation Failure) [PSYoungGen: 22016693K->914429K(22609920K)] 22243817K->1141553K(25755648K), 0.1394443 secs] [Times: user=4.76 sys=0.00, real=0.14 secs] 
1272.405: [GC (Allocation Failure) [PSYoungGen: 22017021K->920821K(22609920K)] 22244145K->1147944K(25755648K), 0.1379796 secs] [Times: user=4.83 sys=0.00, real=0.14 secs] 
1314.833: [GC (Allocation Failure) [PSYoungGen: 22023413K->918359K(22609920K)] 22250536K->1145482K(25755648K), 0.1373863 secs] [Times: user=4.83 sys=0.00, real=0.14 secs] 
1351.574: [GC (Allocation Failure) [PSYoungGen: 22020951K->917294K(22609920K)] 22248074K->1144418K(25755648K), 0.1397954 secs] [Times: user=4.91 sys=0.01, real=0.14 secs] 
1385.812: [GC (Allocation Failure) [PSYoungGen: 22019886K->918830K(22609920K)] 22247010K->1145962K(25755648K), 0.1380756 secs] [Times: user=4.80 sys=0.01, real=0.14 secs] 
1417.403: [GC (Allocation Failure) [PSYoungGen: 22021422K->558773K(22609920K)] 22248554K->1145757K(25755648K), 0.1456542 secs] [Times: user=5.11 sys=0.00, real=0.14 secs] 
1447.235: [GC (Allocation Failure) [PSYoungGen: 21661365K->565813K(22609920K)] 22248349K->1154541K(25755648K), 0.1058115 secs] [Times: user=3.70 sys=0.00, real=0.10 secs] 
1474.804: [GC (Allocation Failure) [PSYoungGen: 21668405K->564309K(22609920K)] 22257133K->1154102K(25755648K), 0.1070304 secs] [Times: user=3.76 sys=0.00, real=0.11 secs] 
1502.111: [GC (Allocation Failure) [PSYoungGen: 21666901K->562117K(22609920K)] 22256694K->1152654K(25755648K), 0.1061872 secs] [Times: user=3.73 sys=0.00, real=0.11 secs] 
1526.663: [GC (Allocation Failure) [PSYoungGen: 21664709K->564341K(22609920K)] 22255246K->1155414K(25755648K), 0.1079099 secs] [Times: user=3.71 sys=0.00, real=0.11 secs] 
1551.164: [GC (Allocation Failure) [PSYoungGen: 21666933K->563909K(22609920K)] 22258006K->1156318K(25755648K), 0.1077105 secs] [Times: user=3.79 sys=0.00, real=0.11 secs] 
1574.654: [GC (Allocation Failure) [PSYoungGen: 21666501K->563941K(22609920K)] 22258910K->1156806K(25755648K), 0.1078632 secs] [Times: user=3.67 sys=0.00, real=0.10 secs] 
1596.658: [GC (Allocation Failure) [PSYoungGen: 21666533K->559941K(22609920K)] 22259398K->1153254K(25755648K), 0.1081374 secs] [Times: user=3.77 sys=0.00, real=0.11 secs] 
1618.736: [GC (Allocation Failure) [PSYoungGen: 21662533K->561364K(22609920K)] 22255846K->1155582K(25755648K), 0.1054675 secs] [Times: user=3.70 sys=0.00, real=0.11 secs] 
1639.749: [GC (Allocation Failure) [PSYoungGen: 21663956K->562004K(22609920K)] 22258174K->1156622K(25755648K), 0.1036709 secs] [Times: user=3.62 sys=0.00, real=0.10 secs] 
1659.818: [GC (Allocation Failure) [PSYoungGen: 21664596K->562292K(22609920K)] 22259214K->1157318K(25755648K), 0.1064917 secs] [Times: user=3.74 sys=0.00, real=0.10 secs] 
1679.828: [GC (Allocation Failure) [PSYoungGen: 21664884K->561700K(22609920K)] 22259910K->1157134K(25755648K), 0.1065733 secs] [Times: user=3.75 sys=0.00, real=0.11 secs] 
1699.475: [GC (Allocation Failure) [PSYoungGen: 21664292K->567076K(22609920K)] 22259726K->1163294K(25755648K), 0.1080037 secs] [Times: user=3.72 sys=0.00, real=0.11 secs] 
1717.853: [GC (Allocation Failure) [PSYoungGen: 21669668K->562756K(22609920K)] 22265886K->1159422K(25755648K), 0.1076486 secs] [Times: user=3.78 sys=0.00, real=0.11 secs] 
1736.189: [GC (Allocation Failure) [PSYoungGen: 21665348K->565508K(22609920K)] 22262014K->1162558K(25755648K), 0.1071479 secs] [Times: user=3.74 sys=0.00, real=0.10 secs] 
1754.579: [GC (Allocation Failure) [PSYoungGen: 21668100K->564196K(22609920K)] 22265150K->1161638K(25755648K), 0.1043250 secs] [Times: user=3.66 sys=0.00, real=0.11 secs] 
1771.991: [GC (Allocation Failure) [PSYoungGen: 21666788K->569060K(22609920K)] 22264230K->1166894K(25755648K), 0.1069013 secs] [Times: user=3.76 sys=0.00, real=0.11 secs] 
1788.903: [GC (Allocation Failure) [PSYoungGen: 21671652K->568820K(22609920K)] 22269486K->1167134K(25755648K), 0.1032119 secs] [Times: user=3.64 sys=0.00, real=0.11 secs] 
1805.862: [GC (Allocation Failure) [PSYoungGen: 21671412K->575657K(22609920K)] 22269726K->1174363K(25755648K), 0.1087382 secs] [Times: user=3.73 sys=0.01, real=0.11 secs] 
1822.769: [GC (Allocation Failure) [PSYoungGen: 21678249K->562628K(22609920K)] 22276955K->1161750K(25755648K), 0.1028783 secs] [Times: user=3.61 sys=0.01, real=0.11 secs] 
1838.765: [GC (Allocation Failure) [PSYoungGen: 21665220K->563076K(22609920K)] 22264342K->1162590K(25755648K), 0.1109603 secs] [Times: user=3.78 sys=0.00, real=0.11 secs] 
1854.620: [GC (Allocation Failure) [PSYoungGen: 21665668K->566564K(22609920K)] 22265182K->1166518K(25755648K), 0.1073450 secs] [Times: user=3.76 sys=0.00, real=0.11 secs] 
1870.480: [GC (Allocation Failure) [PSYoungGen: 21669156K->568468K(22609920K)] 22269110K->1168814K(25755648K), 0.1067800 secs] [Times: user=3.72 sys=0.00, real=0.10 secs] 
1886.363: [GC (Allocation Failure) [PSYoungGen: 21671060K->563140K(22609920K)] 22271406K->1163894K(25755648K), 0.1061624 secs] [Times: user=3.72 sys=0.00, real=0.10 secs] 
1901.577: [GC (Allocation Failure) [PSYoungGen: 21665732K->573657K(22609920K)] 22266486K->1174819K(25755648K), 0.1095545 secs] [Times: user=3.79 sys=0.00, real=0.11 secs] 
1916.526: [GC (Allocation Failure) [PSYoungGen: 21676249K->563620K(22609920K)] 22277411K->1165190K(25755648K), 0.1043116 secs] [Times: user=3.65 sys=0.01, real=0.10 secs] 
1931.458: [GC (Allocation Failure) [PSYoungGen: 21666212K->564676K(22609920K)] 22267782K->1166646K(25755648K), 0.1063867 secs] [Times: user=3.59 sys=0.00, real=0.10 secs] 
1946.416: [GC (Allocation Failure) [PSYoungGen: 21667268K->570584K(22609920K)] 22269238K->1172962K(25755648K), 0.1044297 secs] [Times: user=3.68 sys=0.00, real=0.11 secs] 
1961.147: [GC (Allocation Failure) [PSYoungGen: 21673176K->575978K(22609920K)] 22275554K->1178804K(25755648K), 0.1098146 secs] [Times: user=3.84 sys=0.00, real=0.11 secs] 
1975.169: [GC (Allocation Failure) [PSYoungGen: 21678570K->581828K(22609920K)] 22281396K->1185110K(25755648K), 0.1071474 secs] [Times: user=3.77 sys=0.00, real=0.11 secs] 
1989.207: [GC (Allocation Failure) [PSYoungGen: 21684420K->577290K(22609920K)] 22287702K->1181028K(25755648K), 0.1096140 secs] [Times: user=3.85 sys=0.00, real=0.11 secs] 
2003.317: [GC (Allocation Failure) [PSYoungGen: 21679882K->562564K(22609920K)] 22283620K->1166694K(25755648K), 0.1065191 secs] [Times: user=3.67 sys=0.00, real=0.11 secs] 
2017.506: [GC (Allocation Failure) [PSYoungGen: 21665156K->566212K(22609920K)] 22269286K->1170734K(25755648K), 0.1095413 secs] [Times: user=3.80 sys=0.00, real=0.11 secs] 
2031.343: [GC (Allocation Failure) [PSYoungGen: 21668804K->566564K(22609920K)] 22273326K->1171502K(25755648K), 0.1109003 secs] [Times: user=3.75 sys=0.00, real=0.11 secs] 
2044.684: [GC (Allocation Failure) [PSYoungGen: 21669156K->571428K(22609920K)] 22274094K->1176774K(25755648K), 0.1083392 secs] [Times: user=3.75 sys=0.00, real=0.11 secs] 
2058.109: [GC (Allocation Failure) [PSYoungGen: 21674020K->581594K(22609920K)] 22279366K->1187356K(25755648K), 0.1099983 secs] [Times: user=3.85 sys=0.00, real=0.11 secs] 
2071.490: [GC (Allocation Failure) [PSYoungGen: 21684186K->569433K(22609920K)] 22289948K->1175627K(25755648K), 0.1093207 secs] [Times: user=3.79 sys=0.00, real=0.11 secs] 
2084.947: [GC (Allocation Failure) [PSYoungGen: 21672025K->573028K(22609920K)] 22278219K->1179718K(25755648K), 0.1077959 secs] [Times: user=3.68 sys=0.00, real=0.11 secs] 
2097.857: [GC (Allocation Failure) [PSYoungGen: 21675620K->580618K(22609920K)] 22282310K->1187724K(25755648K), 0.1097592 secs] [Times: user=3.81 sys=0.00, real=0.11 secs] 
2110.824: [GC (Allocation Failure) [PSYoungGen: 21683210K->574281K(22609920K)] 22290316K->1181811K(25755648K), 0.1053929 secs] [Times: user=3.70 sys=0.01, real=0.11 secs] 
2123.512: [GC (Allocation Failure) [PSYoungGen: 21676873K->576846K(22609920K)] 22284403K->1184848K(25755648K), 0.1058826 secs] [Times: user=3.69 sys=0.00, real=0.11 secs] 
2136.245: [GC (Allocation Failure) [PSYoungGen: 21679438K->573892K(22609920K)] 22287440K->1182614K(25755648K), 0.1082588 secs] [Times: user=3.77 sys=0.00, real=0.11 secs] 
2148.834: [GC (Allocation Failure) [PSYoungGen: 21676484K->577912K(22609920K)] 22285206K->1187034K(25755648K), 0.1074597 secs] [Times: user=3.75 sys=0.00, real=0.11 secs] 
2161.561: [GC (Allocation Failure) [PSYoungGen: 21680504K->564612K(22609920K)] 22289626K->1174134K(25755648K), 0.1045770 secs] [Times: user=3.61 sys=0.00, real=0.11 secs] 
2173.766: [GC (Allocation Failure) [PSYoungGen: 21667204K->575830K(22609920K)] 22276726K->1185784K(25755648K), 0.1096061 secs] [Times: user=3.86 sys=0.00, real=0.11 secs] 
2186.055: [GC (Allocation Failure) [PSYoungGen: 21678422K->575236K(22609920K)] 22288376K->1185654K(25755648K), 0.1077844 secs] [Times: user=3.79 sys=0.00, real=0.11 secs] 
2197.998: [GC (Allocation Failure) [PSYoungGen: 21677828K->571428K(22609920K)] 22288246K->1182286K(25755648K), 0.1087135 secs] [Times: user=3.82 sys=0.00, real=0.11 secs] 
2210.238: [GC (Allocation Failure) [PSYoungGen: 21674020K->589988K(22609920K)] 22284878K->1201231K(25755648K), 0.1107093 secs] [Times: user=3.87 sys=0.00, real=0.12 secs] 
2222.227: [GC (Allocation Failure) [PSYoungGen: 21692580K->575844K(22609920K)] 22303823K->1187478K(25755648K), 0.1089057 secs] [Times: user=3.83 sys=0.01, real=0.11 secs] 
2234.032: [GC (Allocation Failure) [PSYoungGen: 21678436K->572324K(22609920K)] 22290070K->1184374K(25755648K), 0.1056039 secs] [Times: user=3.71 sys=0.01, real=0.11 secs] 
2245.629: [GC (Allocation Failure) [PSYoungGen: 21674916K->574532K(22609920K)] 22286966K->1186974K(25755648K), 0.1089637 secs] [Times: user=3.75 sys=0.00, real=0.11 secs] 
2257.232: [GC (Allocation Failure) [PSYoungGen: 21677124K->594287K(22609920K)] 22289566K->1207137K(25755648K), 0.1082760 secs] [Times: user=3.78 sys=0.00, real=0.11 secs] 
2268.928: [GC (Allocation Failure) [PSYoungGen: 21696879K->573252K(22609920K)] 22309729K->1186510K(25755648K), 0.1052847 secs] [Times: user=3.69 sys=0.00, real=0.11 secs] 
2280.524: [GC (Allocation Failure) [PSYoungGen: 21675844K->571764K(22609920K)] 22289102K->1185431K(25755648K), 0.1086654 secs] [Times: user=3.80 sys=0.00, real=0.11 secs] 
2291.976: [GC (Allocation Failure) [PSYoungGen: 21674356K->574692K(22609920K)] 22288023K->1188782K(25755648K), 0.1067847 secs] [Times: user=3.72 sys=0.01, real=0.11 secs] 
2303.585: [GC (Allocation Failure) [PSYoungGen: 21677284K->570756K(22609920K)] 22291374K->1185271K(25755648K), 0.1087290 secs] [Times: user=3.82 sys=0.00, real=0.10 secs] 
2315.026: [GC (Allocation Failure) [PSYoungGen: 21673348K->586014K(22609920K)] 22287863K->1200937K(25755648K), 0.1082109 secs] [Times: user=3.80 sys=0.00, real=0.10 secs] 
2326.151: [GC (Allocation Failure) [PSYoungGen: 21688606K->582180K(22609920K)] 22303529K->1197527K(25755648K), 0.1085678 secs] [Times: user=3.82 sys=0.01, real=0.11 secs] 
2337.174: [GC (Allocation Failure) [PSYoungGen: 21684772K->594440K(22609920K)] 22300119K->1210194K(25755648K), 0.1125299 secs] [Times: user=3.87 sys=0.01, real=0.11 secs] 
2348.177: [GC (Allocation Failure) [PSYoungGen: 21697032K->597506K(22609920K)] 22312786K->1213700K(25755648K), 0.1088164 secs] [Times: user=3.80 sys=0.00, real=0.11 secs] 
2359.355: [GC (Allocation Failure) [PSYoungGen: 21700098K->569316K(22609920K)] 22316292K->1185959K(25755648K), 0.1088260 secs] [Times: user=3.77 sys=0.00, real=0.11 secs] 
2370.344: [GC (Allocation Failure) [PSYoungGen: 21671908K->571768K(22609920K)] 22288551K->1188827K(25755648K), 0.1107690 secs] [Times: user=3.79 sys=0.00, real=0.12 secs] 
2381.384: [GC (Allocation Failure) [PSYoungGen: 21674287K->578190K(22609920K)] 22291345K->1195696K(25755648K), 0.1076733 secs] [Times: user=3.77 sys=0.00, real=0.11 secs] 
2392.133: [GC (Allocation Failure) [PSYoungGen: 21680782K->579844K(22609920K)] 22298288K->1197775K(25755648K), 0.1068208 secs] [Times: user=3.65 sys=0.00, real=0.11 secs] 
2402.781: [GC (Allocation Failure) [PSYoungGen: 21682436K->572868K(22609920K)] 22300367K->1191207K(25755648K), 0.1044734 secs] [Times: user=3.67 sys=0.00, real=0.10 secs] 
2413.418: [GC (Allocation Failure) [PSYoungGen: 21675460K->572553K(22609920K)] 22293799K->1191332K(25755648K), 0.1064345 secs] [Times: user=3.70 sys=0.00, real=0.11 secs] 
2424.020: [GC (Allocation Failure) [PSYoungGen: 21675145K->594579K(22609920K)] 22293924K->1213773K(25755648K), 0.1115848 secs] [Times: user=3.88 sys=0.01, real=0.12 secs] 
2434.732: [GC (Allocation Failure) [PSYoungGen: 21697171K->587486K(22609920K)] 22316365K->1207088K(25755648K), 0.1071103 secs] [Times: user=3.72 sys=0.00, real=0.11 secs] 
2445.171: [GC (Allocation Failure) [PSYoungGen: 21690078K->580260K(22609920K)] 22309680K->1200271K(25755648K), 0.1099406 secs] [Times: user=3.85 sys=0.00, real=0.11 secs] 
2455.875: [GC (Allocation Failure) [PSYoungGen: 21682852K->594179K(22609920K)] 22302863K->1214589K(25755648K), 0.1104864 secs] [Times: user=3.88 sys=0.00, real=0.11 secs] 
2466.139: [GC (Allocation Failure) [PSYoungGen: 21696771K->591295K(22609920K)] 22317181K->1212105K(25755648K), 0.1108757 secs] [Times: user=3.88 sys=0.00, real=0.11 secs] 
2476.424: [GC (Allocation Failure) [PSYoungGen: 21693887K->573716K(22609920K)] 22314697K->1194919K(25755648K), 0.1095921 secs] [Times: user=3.74 sys=0.00, real=0.11 secs] 
2486.566: [GC (Allocation Failure) [PSYoungGen: 21676308K->576345K(22609920K)] 22297511K->1197979K(25755648K), 0.1092242 secs] [Times: user=3.84 sys=0.00, real=0.11 secs] 
2496.854: [GC (Allocation Failure) [PSYoungGen: 21678937K->585210K(22609920K)] 22300571K->1207236K(25755648K), 0.1091258 secs] [Times: user=3.84 sys=0.00, real=0.10 secs] 
2507.011: [GC (Allocation Failure) [PSYoungGen: 21687802K->575364K(22609920K)] 22309828K->1197791K(25755648K), 0.1078944 secs] [Times: user=3.79 sys=0.00, real=0.11 secs] 
2517.340: [GC (Allocation Failure) [PSYoungGen: 21677956K->570761K(22609920K)] 22300383K->1193644K(25755648K), 0.1064135 secs] [Times: user=3.61 sys=0.00, real=0.11 secs] 
2527.366: [GC (Allocation Failure) [PSYoungGen: 21673353K->578633K(22609920K)] 22296236K->1201923K(25755648K), 0.1078123 secs] [Times: user=3.66 sys=0.00, real=0.11 secs] 
2537.156: [GC (Allocation Failure) [PSYoungGen: 21681225K->578423K(22609920K)] 22304515K->1202121K(25755648K), 0.1111561 secs] [Times: user=3.86 sys=0.01, real=0.11 secs] 
2546.913: [GC (Allocation Failure) [PSYoungGen: 21681015K->576292K(22609920K)] 22304713K->1200383K(25755648K), 0.1094307 secs] [Times: user=3.84 sys=0.00, real=0.11 secs] 
2556.744: [GC (Allocation Failure) [PSYoungGen: 21678884K->593268K(22609920K)] 22302975K->1217774K(25755648K), 0.1116974 secs] [Times: user=3.87 sys=0.01, real=0.11 secs] 
2566.667: [GC (Allocation Failure) [PSYoungGen: 21695860K->573508K(22609920K)] 22320366K->1198423K(25755648K), 0.1072305 secs] [Times: user=3.77 sys=0.00, real=0.11 secs] 
2576.645: [GC (Allocation Failure) [PSYoungGen: 21676100K->571972K(22609920K)] 22301015K->1197263K(25755648K), 0.1070454 secs] [Times: user=3.74 sys=0.01, real=0.11 secs] 
2586.364: [GC (Allocation Failure) [PSYoungGen: 21674564K->576804K(22609920K)] 22299855K->1202503K(25755648K), 0.1120286 secs] [Times: user=3.78 sys=0.00, real=0.11 secs] 
2595.894: [GC (Allocation Failure) [PSYoungGen: 21679396K->579958K(22609920K)] 22305095K->1206032K(25755648K), 0.1093879 secs] [Times: user=3.85 sys=0.00, real=0.11 secs] 
2605.436: [GC (Allocation Failure) [PSYoungGen: 21682550K->572964K(22609920K)] 22308624K->1199447K(25755648K), 0.1077843 secs] [Times: user=3.78 sys=0.00, real=0.11 secs] 
2614.826: [GC (Allocation Failure) [PSYoungGen: 21675556K->591396K(22609920K)] 22302039K->1218295K(25755648K), 0.1151257 secs] [Times: user=4.03 sys=0.00, real=0.11 secs] 
2624.112: [GC (Allocation Failure) [PSYoungGen: 21693988K->590004K(22609920K)] 22320887K->1217319K(25755648K), 0.1100695 secs] [Times: user=3.88 sys=0.00, real=0.12 secs] 
2633.524: [GC (Allocation Failure) [PSYoungGen: 21692596K->597412K(22609920K)] 22319911K->1225127K(25755648K), 0.1109748 secs] [Times: user=3.91 sys=0.00, real=0.12 secs] 
2643.006: [GC (Allocation Failure) [PSYoungGen: 21700004K->584153K(22609920K)] 22327719K->1212236K(25755648K), 0.1066412 secs] [Times: user=3.75 sys=0.00, real=0.10 secs] 
2652.286: [GC (Allocation Failure) [PSYoungGen: 21686745K->586520K(22609920K)] 22314828K->1214978K(25755648K), 0.1098535 secs] [Times: user=3.86 sys=0.00, real=0.11 secs] 
2661.618: [GC (Allocation Failure) [PSYoungGen: 21689112K->585241K(22609920K)] 22317570K->1214084K(25755648K), 0.1069962 secs] [Times: user=3.72 sys=0.00, real=0.11 secs] 
2670.605: [GC (Allocation Failure) [PSYoungGen: 21687833K->583177K(22609920K)] 22316676K->1212395K(25755648K), 0.1109473 secs] [Times: user=3.85 sys=0.01, real=0.11 secs] 
2679.564: [GC (Allocation Failure) [PSYoungGen: 21685769K->573252K(22609920K)] 22314987K->1202847K(25755648K), 0.1055338 secs] [Times: user=3.72 sys=0.00, real=0.10 secs] 
2688.773: [GC (Allocation Failure) [PSYoungGen: 21675844K->577252K(22609920K)] 22305439K->1207231K(25755648K), 0.1099778 secs] [Times: user=3.85 sys=0.00, real=0.11 secs] 
2697.824: [GC (Allocation Failure) [PSYoungGen: 21679844K->592478K(22609920K)] 22309823K->1222840K(25755648K), 0.1119323 secs] [Times: user=3.92 sys=0.00, real=0.12 secs] 
2706.830: [GC (Allocation Failure) [PSYoungGen: 21695070K->593583K(22609920K)] 22325432K->1224321K(25755648K), 0.1079395 secs] [Times: user=3.79 sys=0.00, real=0.11 secs] 
2716.037: [GC (Allocation Failure) [PSYoungGen: 21696175K->587770K(22609920K)] 22326913K->1218916K(25755648K), 0.1104877 secs] [Times: user=3.90 sys=0.00, real=0.11 secs] 
2725.189: [GC (Allocation Failure) [PSYoungGen: 21690362K->597097K(22609920K)] 22321508K->1228636K(25755648K), 0.1095384 secs] [Times: user=3.85 sys=0.01, real=0.11 secs] 
2733.996: [GC (Allocation Failure) [PSYoungGen: 21699689K->583140K(22609920K)] 22331228K->1215047K(25755648K), 0.1098477 secs] [Times: user=3.86 sys=0.00, real=0.11 secs] 
2742.712: [GC (Allocation Failure) [PSYoungGen: 21685732K->588584K(22609920K)] 22317639K->1220859K(25755648K), 0.1067074 secs] [Times: user=3.75 sys=0.00, real=0.10 secs] 
2751.532: [GC (Allocation Failure) [PSYoungGen: 21691176K->572308K(22609920K)] 22323451K->1204943K(25755648K), 0.1079508 secs] [Times: user=3.79 sys=0.00, real=0.11 secs] 
2760.289: [GC (Allocation Failure) [PSYoungGen: 21674900K->587284K(22609920K)] 22307535K->1220327K(25755648K), 0.1074544 secs] [Times: user=3.77 sys=0.00, real=0.11 secs] 
2768.990: [GC (Allocation Failure) [PSYoungGen: 21689876K->595071K(22609920K)] 22322919K->1228521K(25755648K), 0.1103100 secs] [Times: user=3.88 sys=0.00, real=0.11 secs] 
2777.657: [GC (Allocation Failure) [PSYoungGen: 21697663K->587887K(22609920K)] 22331113K->1221777K(25755648K), 0.1109394 secs] [Times: user=3.90 sys=0.00, real=0.11 secs] 
2786.430: [GC (Allocation Failure) [PSYoungGen: 21690479K->584121K(22609920K)] 22324369K->1218428K(25755648K), 0.1065456 secs] [Times: user=3.73 sys=0.01, real=0.10 secs] 
2795.338: [GC (Allocation Failure) [PSYoungGen: 21686713K->569860K(22609920K)] 22321020K->1204551K(25755648K), 0.1086574 secs] [Times: user=3.77 sys=0.00, real=0.11 secs] 
2803.698: [GC (Allocation Failure) [PSYoungGen: 21672452K->581508K(22609920K)] 22307143K->1216583K(25755648K), 0.1081446 secs] [Times: user=3.71 sys=0.00, real=0.11 secs] 
2812.295: [GC (Allocation Failure) [PSYoungGen: 21684100K->576516K(22609920K)] 22319175K->1211959K(25755648K), 0.1061299 secs] [Times: user=3.69 sys=0.00, real=0.11 secs] 
2820.868: [GC (Allocation Failure) [PSYoungGen: 21679108K->586297K(22609920K)] 22314551K->1222123K(25755648K), 0.1084886 secs] [Times: user=3.81 sys=0.00, real=0.11 secs] 
2829.596: [GC (Allocation Failure) [PSYoungGen: 21688889K->585689K(22609920K)] 22324715K->1221892K(25755648K), 0.1067101 secs] [Times: user=3.74 sys=0.00, real=0.10 secs] 
2838.143: [GC (Allocation Failure) [PSYoungGen: 21688281K->589572K(22609920K)] 22324484K->1226159K(25755648K), 0.1117798 secs] [Times: user=3.91 sys=0.00, real=0.12 secs] 
2846.577: [GC (Allocation Failure) [PSYoungGen: 21692164K->577988K(22609920K)] 22328751K->1214943K(25755648K), 0.1059271 secs] [Times: user=3.71 sys=0.01, real=0.10 secs] 
2855.138: [GC (Allocation Failure) [PSYoungGen: 21680580K->590900K(22609920K)] 22317535K->1228263K(25755648K), 0.1078078 secs] [Times: user=3.79 sys=0.00, real=0.11 secs] 
2863.739: [GC (Allocation Failure) [PSYoungGen: 21693492K->587022K(22609920K)] 22330855K->1224752K(25755648K), 0.1111192 secs] [Times: user=3.88 sys=0.00, real=0.12 secs] 
2871.734: [GC (Allocation Failure) [PSYoungGen: 21689614K->582788K(22609920K)] 22327344K->1220903K(25755648K), 0.1093677 secs] [Times: user=3.85 sys=0.00, real=0.11 secs] 
2879.763: [GC (Allocation Failure) [PSYoungGen: 21685380K->579940K(22609920K)] 22323495K->1218431K(25755648K), 0.1094967 secs] [Times: user=3.85 sys=0.00, real=0.11 secs] 
2887.827: [GC (Allocation Failure) [PSYoungGen: 21682532K->603806K(22609920K)] 22321023K->1242664K(25755648K), 0.1106499 secs] [Times: user=3.85 sys=0.00, real=0.11 secs] 
2896.189: [GC (Allocation Failure) [PSYoungGen: 21706398K->607657K(22609920K)] 22345256K->1246923K(25755648K), 0.1135927 secs] [Times: user=3.88 sys=0.00, real=0.11 secs] 
2904.255: [GC (Allocation Failure) [PSYoungGen: 21710249K->604415K(22609920K)] 22349515K->1244105K(25755648K), 0.1123774 secs] [Times: user=3.93 sys=0.01, real=0.12 secs] 
2912.441: [GC (Allocation Failure) [PSYoungGen: 21707007K->583641K(22609920K)] 22346697K->1223716K(25755648K), 0.1095759 secs] [Times: user=3.84 sys=0.01, real=0.11 secs] 
2920.722: [GC (Allocation Failure) [PSYoungGen: 21686233K->583706K(22609920K)] 22326308K->1224148K(25755648K), 0.1091675 secs] [Times: user=3.77 sys=0.00, real=0.11 secs] 
2928.908: [GC (Allocation Failure) [PSYoungGen: 21686298K->591328K(22609920K)] 22326740K->1232178K(25755648K), 0.1103714 secs] [Times: user=3.76 sys=0.00, real=0.11 secs] 
2937.115: [GC (Allocation Failure) [PSYoungGen: 21693920K->597012K(22609920K)] 22334770K->1238247K(25755648K), 0.1087402 secs] [Times: user=3.84 sys=0.00, real=0.11 secs] 
2945.346: [GC (Allocation Failure) [PSYoungGen: 21699604K->568580K(22609920K)] 22340839K->1210183K(25755648K), 0.1071578 secs] [Times: user=3.77 sys=0.00, real=0.11 secs] 
2953.548: [GC (Allocation Failure) [PSYoungGen: 21671172K->576708K(22609920K)] 22312775K->1218687K(25755648K), 0.1065650 secs] [Times: user=3.73 sys=0.00, real=0.11 secs] 
2961.692: [GC (Allocation Failure) [PSYoungGen: 21679259K->579396K(22609920K)] 22321238K->1221751K(25755648K), 0.1074024 secs] [Times: user=3.77 sys=0.01, real=0.11 secs] 
2969.674: [GC (Allocation Failure) [PSYoungGen: 21681988K->582724K(22609920K)] 22324343K->1225479K(25755648K), 0.1116426 secs] [Times: user=3.82 sys=0.00, real=0.12 secs] 
2977.736: [GC (Allocation Failure) [PSYoungGen: 21685316K->584420K(22609920K)] 22328071K->1227543K(25755648K), 0.1102199 secs] [Times: user=3.88 sys=0.01, real=0.11 secs] 
2985.756: [GC (Allocation Failure) [PSYoungGen: 21687012K->602665K(22609920K)] 22330135K->1246227K(25755648K), 0.1120679 secs] [Times: user=3.95 sys=0.00, real=0.12 secs] 
2993.777: [GC (Allocation Failure) [PSYoungGen: 21705257K->589668K(22609920K)] 22348819K->1233599K(25755648K), 0.1075150 secs] [Times: user=3.78 sys=0.00, real=0.11 secs] 
3001.898: [GC (Allocation Failure) [PSYoungGen: 21692260K->606665K(22609920K)] 22336191K->1250972K(25755648K), 0.1099231 secs] [Times: user=3.86 sys=0.00, real=0.11 secs] 
3009.900: [GC (Allocation Failure) [PSYoungGen: 21709257K->588676K(22609920K)] 22353564K->1233359K(25755648K), 0.1110301 secs] [Times: user=3.87 sys=0.00, real=0.11 secs] 
3017.792: [GC (Allocation Failure) [PSYoungGen: 21691268K->587572K(22609920K)] 22335951K->1232615K(25755648K), 0.1083091 secs] [Times: user=3.76 sys=0.01, real=0.11 secs] 
3025.786: [GC (Allocation Failure) [PSYoungGen: 21690164K->592954K(22609920K)] 22335207K->1238372K(25755648K), 0.1107028 secs] [Times: user=3.76 sys=0.00, real=0.11 secs] 
3033.687: [GC (Allocation Failure) [PSYoungGen: 21695546K->590793K(22609920K)] 22340964K->1236595K(25755648K), 0.1115635 secs] [Times: user=3.93 sys=0.00, real=0.11 secs] 
3041.692: [GC (Allocation Failure) [PSYoungGen: 21693385K->599838K(22609920K)] 22339187K->1246009K(25755648K), 0.1090178 secs] [Times: user=3.84 sys=0.01, real=0.11 secs] 
3049.526: [GC (Allocation Failure) [PSYoungGen: 21702430K->591897K(22609920K)] 22348601K->1238436K(25755648K), 0.1107998 secs] [Times: user=3.89 sys=0.00, real=0.11 secs] 
3057.300: [GC (Allocation Failure) [PSYoungGen: 21694489K->582528K(22609920K)] 22341028K->1229443K(25755648K), 0.1086199 secs] [Times: user=3.78 sys=0.00, real=0.11 secs] 
3064.909: [GC (Allocation Failure) [PSYoungGen: 21685120K->597292K(22609920K)] 22332035K->1244655K(25755648K), 0.1161060 secs] [Times: user=3.78 sys=0.01, real=0.12 secs] 
3072.469: [GC (Allocation Failure) [PSYoungGen: 21699884K->592260K(22609920K)] 22347247K->1239991K(25755648K), 0.1112066 secs] [Times: user=3.90 sys=0.00, real=0.11 secs] 
3080.096: [GC (Allocation Failure) [PSYoungGen: 21694852K->599641K(22609920K)] 22342583K->1247740K(25755648K), 0.1116331 secs] [Times: user=3.91 sys=0.01, real=0.11 secs] 
3087.800: [GC (Allocation Failure) [PSYoungGen: 21702233K->590809K(22609920K)] 22350332K->1239283K(25755648K), 0.1103784 secs] [Times: user=3.89 sys=0.01, real=0.11 secs] 
3095.384: [GC (Allocation Failure) [PSYoungGen: 21693401K->584873K(22609920K)] 22341875K->1233723K(25755648K), 0.1098580 secs] [Times: user=3.87 sys=0.00, real=0.11 secs] 
3103.065: [GC (Allocation Failure) [PSYoungGen: 21687465K->597961K(22609920K)] 22336315K->1247187K(25755648K), 0.1129224 secs] [Times: user=3.94 sys=0.00, real=0.11 secs] 
3110.752: [GC (Allocation Failure) [PSYoungGen: 21700553K->589449K(22609920K)] 22349779K->1239035K(25755648K), 0.1076474 secs] [Times: user=3.77 sys=0.00, real=0.11 secs] 
3118.237: [GC (Allocation Failure) [PSYoungGen: 21692041K->612302K(22609920K)] 22341627K->1262256K(25755648K), 0.1126539 secs] [Times: user=3.90 sys=0.00, real=0.12 secs] 
3125.814: [GC (Allocation Failure) [PSYoungGen: 21714894K->592756K(22609920K)] 22364848K->1243095K(25755648K), 0.1120980 secs] [Times: user=3.92 sys=0.00, real=0.11 secs] 
3133.294: [GC (Allocation Failure) [PSYoungGen: 21695348K->595508K(22609920K)] 22345687K->1246223K(25755648K), 0.1110725 secs] [Times: user=3.91 sys=0.00, real=0.11 secs] 
3140.809: [GC (Allocation Failure) [PSYoungGen: 21698100K->603304K(22609920K)] 22348815K->1254403K(25755648K), 0.1124326 secs] [Times: user=3.96 sys=0.01, real=0.12 secs] 
3148.377: [GC (Allocation Failure) [PSYoungGen: 21705896K->578884K(22609920K)] 22356995K->1230343K(25755648K), 0.1063312 secs] [Times: user=3.74 sys=0.01, real=0.11 secs] 
3155.814: [GC (Allocation Failure) [PSYoungGen: 21681476K->600762K(22609920K)] 22332935K->1252588K(25755648K), 0.1126373 secs] [Times: user=3.77 sys=0.00, real=0.11 secs] 
3163.255: [GC (Allocation Failure) [PSYoungGen: 21703354K->600394K(22609920K)] 22355180K->1252604K(25755648K), 0.1120618 secs] [Times: user=3.93 sys=0.00, real=0.11 secs] 
3170.981: [GC (Allocation Failure) [PSYoungGen: 21702986K->602926K(22609920K)] 22355196K->1255520K(25755648K), 0.1103356 secs] [Times: user=3.88 sys=0.01, real=0.11 secs] 
3178.410: [GC (Allocation Failure) [PSYoungGen: 21705518K->579481K(22609920K)] 22358112K->1232444K(25755648K), 0.1094107 secs] [Times: user=3.85 sys=0.00, real=0.11 secs] 
3185.891: [GC (Allocation Failure) [PSYoungGen: 21682073K->592394K(22609920K)] 22335036K->1245772K(25755648K), 0.1156141 secs] [Times: user=3.91 sys=0.01, real=0.11 secs] 
3193.021: [GC (Allocation Failure) [PSYoungGen: 21694986K->598206K(22609920K)] 22348364K->1251944K(25755648K), 0.1140412 secs] [Times: user=3.88 sys=0.00, real=0.11 secs] 
3200.435: [GC (Allocation Failure) [PSYoungGen: 21700798K->574532K(22609920K)] 22354536K->1228647K(25755648K), 0.1083071 secs] [Times: user=3.82 sys=0.00, real=0.11 secs] 
3207.873: [GC (Allocation Failure) [PSYoungGen: 21677124K->589145K(22609920K)] 22331239K->1243692K(25755648K), 0.1104899 secs] [Times: user=3.86 sys=0.00, real=0.11 secs] 
3215.106: [GC (Allocation Failure) [PSYoungGen: 21691737K->593892K(22609920K)] 22346284K->1248799K(25755648K), 0.1117126 secs] [Times: user=3.93 sys=0.00, real=0.11 secs] 
3222.397: [GC (Allocation Failure) [PSYoungGen: 21696484K->584324K(22609920K)] 22351391K->1239607K(25755648K), 0.1078071 secs] [Times: user=3.77 sys=0.00, real=0.11 secs] 
3229.797: [GC (Allocation Failure) [PSYoungGen: 21686916K->611117K(22609920K)] 22342199K->1266784K(25755648K), 0.1120737 secs] [Times: user=3.94 sys=0.00, real=0.11 secs] 
3237.319: [GC (Allocation Failure) [PSYoungGen: 21713709K->589950K(22609920K)] 22369376K->1245993K(25755648K), 0.1078614 secs] [Times: user=3.78 sys=0.01, real=0.11 secs] 
3244.566: [GC (Allocation Failure) [PSYoungGen: 21692542K->576452K(22609920K)] 22348585K->1232871K(25755648K), 0.1072530 secs] [Times: user=3.77 sys=0.00, real=0.11 secs] 
3251.976: [GC (Allocation Failure) [PSYoungGen: 21679044K->597257K(22609920K)] 22335463K->1254083K(25755648K), 0.1089070 secs] [Times: user=3.83 sys=0.01, real=0.11 secs] 
3259.069: [GC (Allocation Failure) [PSYoungGen: 21699849K->603881K(22609920K)] 22356675K->1261123K(25755648K), 0.1109913 secs] [Times: user=3.87 sys=0.00, real=0.11 secs] 
3266.210: [GC (Allocation Failure) [PSYoungGen: 21706473K->616986K(22609920K)] 22363715K->1274596K(25755648K), 0.1112219 secs] [Times: user=3.90 sys=0.00, real=0.12 secs] 
3273.091: [GC (Allocation Failure) [PSYoungGen: 21719578K->608687K(22609920K)] 22377188K->1266673K(25755648K), 0.1153368 secs] [Times: user=3.96 sys=0.00, real=0.12 secs] 
3280.106: [GC (Allocation Failure) [PSYoungGen: 21711279K->593188K(22609920K)] 22369265K->1251551K(25755648K), 0.1077915 secs] [Times: user=3.78 sys=0.00, real=0.11 secs] 
3287.116: [GC (Allocation Failure) [PSYoungGen: 21695780K->612814K(22609920K)] 22354143K->1271561K(25755648K), 0.1111652 secs] [Times: user=3.91 sys=0.00, real=0.11 secs] 
3294.105: [GC (Allocation Failure) [PSYoungGen: 21715406K->616307K(22609920K)] 22374153K->1275422K(25755648K), 0.1134331 secs] [Times: user=3.99 sys=0.00, real=0.11 secs] 
3301.205: [GC (Allocation Failure) [PSYoungGen: 21718899K->595492K(22609920K)] 22378014K->1254991K(25755648K), 0.1088390 secs] [Times: user=3.82 sys=0.00, real=0.11 secs] 
3308.225: [GC (Allocation Failure) [PSYoungGen: 21698084K->599913K(22609920K)] 22357583K->1259796K(25755648K), 0.1137522 secs] [Times: user=3.95 sys=0.01, real=0.12 secs] 
3315.387: [GC (Allocation Failure) [PSYoungGen: 21702505K->591995K(22609920K)] 22362388K->1252246K(25755648K), 0.1092263 secs] [Times: user=3.79 sys=0.00, real=0.11 secs] 
3322.510: [GC (Allocation Failure) [PSYoungGen: 21694587K->584004K(22609920K)] 22354838K->1244615K(25755648K), 0.1065503 secs] [Times: user=3.75 sys=0.00, real=0.10 secs] 
3329.472: [GC (Allocation Failure) [PSYoungGen: 21686596K->576260K(22609920K)] 22347207K->1237263K(25755648K), 0.1056632 secs] [Times: user=3.71 sys=0.00, real=0.10 secs] 
3336.446: [GC (Allocation Failure) [PSYoungGen: 21678852K->584740K(22609920K)] 22339855K->1246111K(25755648K), 0.1096668 secs] [Times: user=3.80 sys=0.00, real=0.11 secs] 
3343.303: [GC (Allocation Failure) [PSYoungGen: 21687332K->591006K(22609920K)] 22348703K->1252745K(25755648K), 0.1107450 secs] [Times: user=3.89 sys=0.01, real=0.11 secs] 
3350.326: [GC (Allocation Failure) [PSYoungGen: 21693598K->579108K(22609920K)] 22355337K->1241215K(25755648K), 0.1085879 secs] [Times: user=3.82 sys=0.00, real=0.11 secs] 
3357.335: [GC (Allocation Failure) [PSYoungGen: 21681700K->575332K(22609920K)] 22343807K->1237807K(25755648K), 0.1102925 secs] [Times: user=3.84 sys=0.00, real=0.11 secs] 
3364.244: [GC (Allocation Failure) [PSYoungGen: 21677924K->607999K(22609920K)] 22340399K->1270834K(25755648K), 0.1129242 secs] [Times: user=3.87 sys=0.00, real=0.12 secs] 
3371.318: [GC (Allocation Failure) [PSYoungGen: 21710382K->581460K(22609920K)] 22373216K->1244663K(25755648K), 0.1091631 secs] [Times: user=3.82 sys=0.00, real=0.11 secs] 
3378.259: [GC (Allocation Failure) [PSYoungGen: 21684052K->609652K(22609920K)] 22347255K->1273247K(25755648K), 0.1117515 secs] [Times: user=3.92 sys=0.00, real=0.11 secs] 
3385.059: [GC (Allocation Failure) [PSYoungGen: 21712244K->609145K(22609920K)] 22375839K->1273116K(25755648K), 0.1125195 secs] [Times: user=3.97 sys=0.00, real=0.11 secs] 
3391.841: [GC (Allocation Failure) [PSYoungGen: 21711737K->592841K(22609920K)] 22375708K->1257187K(25755648K), 0.1120020 secs] [Times: user=3.93 sys=0.00, real=0.11 secs] 
3398.480: [GC (Allocation Failure) [PSYoungGen: 21695433K->581636K(22609920K)] 22359779K->1246383K(25755648K), 0.1064669 secs] [Times: user=3.74 sys=0.00, real=0.10 secs] 
3405.199: [GC (Allocation Failure) [PSYoungGen: 21684228K->615161K(22609920K)] 22348975K->1280268K(25755648K), 0.1156587 secs] [Times: user=4.03 sys=0.00, real=0.12 secs] 
3411.970: [GC (Allocation Failure) [PSYoungGen: 21717753K->614202K(22609920K)] 22382860K->1279700K(25755648K), 0.1137460 secs] [Times: user=4.01 sys=0.01, real=0.12 secs] 
3418.760: [GC (Allocation Failure) [PSYoungGen: 21716794K->595364K(22609920K)] 22382292K->1261247K(25755648K), 0.1092958 secs] [Times: user=3.82 sys=0.01, real=0.11 secs] 
3425.430: [GC (Allocation Failure) [PSYoungGen: 21697956K->599107K(22609920K)] 22363839K->1265358K(25755648K), 0.1122327 secs] [Times: user=3.95 sys=0.00, real=0.11 secs] 
3432.171: [GC (Allocation Failure) [PSYoungGen: 21701699K->600612K(22609920K)] 22367950K->1267239K(25755648K), 0.1135625 secs] [Times: user=3.88 sys=0.00, real=0.11 secs] 
3438.852: [GC (Allocation Failure) [PSYoungGen: 21703204K->609694K(22609920K)] 22369831K->1276705K(25755648K), 0.1128367 secs] [Times: user=3.97 sys=0.00, real=0.11 secs] 
3445.508: [GC (Allocation Failure) [PSYoungGen: 21712286K->593021K(22609920K)] 22379297K->1260399K(25755648K), 0.1080878 secs] [Times: user=3.80 sys=0.01, real=0.10 secs] 
3452.290: [GC (Allocation Failure) [PSYoungGen: 21695613K->584249K(22609920K)] 22362991K->1252003K(25755648K), 0.1090497 secs] [Times: user=3.82 sys=0.00, real=0.11 secs] 
3459.102: [GC (Allocation Failure) [PSYoungGen: 21686841K->621886K(22609920K)] 22354595K->1290009K(25755648K), 0.1145929 secs] [Times: user=4.03 sys=0.01, real=0.11 secs] 
3465.705: [GC (Allocation Failure) [PSYoungGen: 21724478K->604115K(22609920K)] 22392601K->1272597K(25755648K), 0.1101668 secs] [Times: user=3.87 sys=0.01, real=0.11 secs] 
3472.171: [GC (Allocation Failure) [PSYoungGen: 21706707K->633651K(22609920K)] 22375189K->1302525K(25755648K), 0.1153391 secs] [Times: user=4.05 sys=0.00, real=0.12 secs] 
3478.626: [GC (Allocation Failure) [PSYoungGen: 21736243K->604670K(22609920K)] 22405117K->1273905K(25755648K), 0.1114128 secs] [Times: user=3.92 sys=0.00, real=0.11 secs] 
3485.224: [GC (Allocation Failure) [PSYoungGen: 21707262K->613353K(22609920K)] 22376497K->1282964K(25755648K), 0.1144498 secs] [Times: user=4.03 sys=0.00, real=0.11 secs] 
3491.637: [GC (Allocation Failure) [PSYoungGen: 21715945K->583812K(22609920K)] 22385556K->1253799K(25755648K), 0.1068753 secs] [Times: user=3.76 sys=0.01, real=0.10 secs] 
3498.180: [GC (Allocation Failure) [PSYoungGen: 21686404K->613199K(22609920K)] 22356391K->1283561K(25755648K), 0.1113949 secs] [Times: user=3.92 sys=0.01, real=0.11 secs] 
3504.796: [GC (Allocation Failure) [PSYoungGen: 21715791K->604270K(22609920K)] 22386153K->1275001K(25755648K), 0.1121087 secs] [Times: user=3.95 sys=0.00, real=0.12 secs] 
3511.490: [GC (Allocation Failure) [PSYoungGen: 21706862K->590660K(22609920K)] 22377593K->1261751K(25755648K), 0.1081868 secs] [Times: user=3.81 sys=0.00, real=0.11 secs] 
3518.095: [GC (Allocation Failure) [PSYoungGen: 21693252K->603716K(22609920K)] 22364343K->1275175K(25755648K), 0.1107153 secs] [Times: user=3.90 sys=0.00, real=0.11 secs] 
3524.650: [GC (Allocation Failure) [PSYoungGen: 21706308K->596964K(22609920K)] 22377767K->1268807K(25755648K), 0.1091075 secs] [Times: user=3.83 sys=0.01, real=0.10 secs] 
3531.217: [GC (Allocation Failure) [PSYoungGen: 21699556K->618351K(22609920K)] 22371399K->1290562K(25755648K), 0.1149534 secs] [Times: user=3.99 sys=0.01, real=0.12 secs] 
3537.790: [GC (Allocation Failure) [PSYoungGen: 21720943K->602628K(22609920K)] 22393154K->1275247K(25755648K), 0.1110031 secs] [Times: user=3.91 sys=0.00, real=0.11 secs] 
3544.127: [GC (Allocation Failure) [PSYoungGen: 21705220K->596004K(22609920K)] 22377839K->1268999K(25755648K), 0.1107430 secs] [Times: user=3.89 sys=0.00, real=0.11 secs] 
3550.616: [GC (Allocation Failure) [PSYoungGen: 21698596K->594772K(22609920K)] 22371591K->1268135K(25755648K), 0.1103861 secs] [Times: user=3.89 sys=0.00, real=0.11 secs] 
3556.846: [GC (Allocation Failure) [PSYoungGen: 21697364K->600841K(22609920K)] 22370727K->1274556K(25755648K), 0.1117230 secs] [Times: user=3.93 sys=0.00, real=0.11 secs] 
3563.191: [GC (Allocation Failure) [PSYoungGen: 21703433K->655618K(22609920K)] 22377148K->1329709K(25755648K), 0.1205115 secs] [Times: user=4.21 sys=0.00, real=0.12 secs] 
3569.515: [GC (Allocation Failure) [PSYoungGen: 21758210K->583172K(22609920K)] 22432301K->1257615K(25755648K), 0.1118375 secs] [Times: user=3.85 sys=0.00, real=0.12 secs] 
3575.889: [GC (Allocation Failure) [PSYoungGen: 21685764K->606938K(22609920K)] 22360207K->1281764K(25755648K), 0.1122261 secs] [Times: user=3.95 sys=0.00, real=0.11 secs] 
3582.267: [GC (Allocation Failure) [PSYoungGen: 21709530K->629217K(22609920K)] 22384356K->1304403K(25755648K), 0.1133938 secs] [Times: user=3.98 sys=0.00, real=0.12 secs] 
3588.673: [GC (Allocation Failure) [PSYoungGen: 21731809K->610084K(22609920K)] 22406995K->1285647K(25755648K), 0.1130829 secs] [Times: user=3.98 sys=0.00, real=0.11 secs] 
3595.259: [GC (Allocation Failure) [PSYoungGen: 21712676K->632407K(22609920K)] 22388239K->1308337K(25755648K), 0.1141131 secs] [Times: user=4.02 sys=0.00, real=0.12 secs] 
3601.783: [GC (Allocation Failure) [PSYoungGen: 21734999K->633935K(22609920K)] 22410929K->1310250K(25755648K), 0.1180875 secs] [Times: user=4.11 sys=0.00, real=0.11 secs] 
3608.133: [GC (Allocation Failure) [PSYoungGen: 21736527K->603225K(22609920K)] 22412842K->1279908K(25755648K), 0.1142762 secs] [Times: user=3.95 sys=0.00, real=0.11 secs] 
3614.233: [GC (Allocation Failure) [PSYoungGen: 21705817K->635236K(22609920K)] 22382500K->1312287K(25755648K), 0.1150154 secs] [Times: user=4.03 sys=0.00, real=0.12 secs] 
3620.421: [GC (Allocation Failure) [PSYoungGen: 21737828K->594868K(22609920K)] 22414879K->1272295K(25755648K), 0.1108656 secs] [Times: user=3.78 sys=0.01, real=0.11 secs] 
3626.671: [GC (Allocation Failure) [PSYoungGen: 21697460K->598046K(22609920K)] 22374887K->1275833K(25755648K), 0.1118905 secs] [Times: user=3.94 sys=0.00, real=0.11 secs] 
3632.947: [GC (Allocation Failure) [PSYoungGen: 21700638K->619647K(22609920K)] 22378425K->1297810K(25755648K), 0.1122658 secs] [Times: user=3.96 sys=0.00, real=0.11 secs] 
3639.168: [GC (Allocation Failure) [PSYoungGen: 21722239K->618697K(22609920K)] 22400402K->1297227K(25755648K), 0.1129530 secs] [Times: user=3.91 sys=0.00, real=0.11 secs] 
3645.456: [GC (Allocation Failure) [PSYoungGen: 21721289K->586532K(22609920K)] 22399819K->1265447K(25755648K), 0.1088612 secs] [Times: user=3.74 sys=0.00, real=0.11 secs] 
3651.733: [GC (Allocation Failure) [PSYoungGen: 21689124K->593380K(22609920K)] 22368039K->1272663K(25755648K), 0.1100305 secs] [Times: user=3.80 sys=0.01, real=0.11 secs] 
3657.926: [GC (Allocation Failure) [PSYoungGen: 21695972K->616324K(22609920K)] 22375255K->1296006K(25755648K), 0.1129214 secs] [Times: user=3.92 sys=0.00, real=0.11 secs] 
3664.095: [GC (Allocation Failure) [PSYoungGen: 21718916K->620537K(22609920K)] 22398598K->1300596K(25755648K), 0.1178375 secs] [Times: user=4.06 sys=0.00, real=0.12 secs] 
3670.472: [GC (Allocation Failure) [PSYoungGen: 21723129K->620095K(22609920K)] 22403188K->1300521K(25755648K), 0.1134044 secs] [Times: user=4.00 sys=0.00, real=0.11 secs] 
3676.537: [GC (Allocation Failure) [PSYoungGen: 21722687K->595513K(22609920K)] 22403113K->1276372K(25755648K), 0.1106947 secs] [Times: user=3.77 sys=0.00, real=0.11 secs] 
3682.619: [GC (Allocation Failure) [PSYoungGen: 21698105K->619470K(22609920K)] 22378964K->1300713K(25755648K), 0.1124442 secs] [Times: user=3.97 sys=0.00, real=0.11 secs] 
3688.596: [GC (Allocation Failure) [PSYoungGen: 21722062K->611389K(22609920K)] 22403305K->1292984K(25755648K), 0.1102216 secs] [Times: user=3.88 sys=0.00, real=0.11 secs] 
3694.767: [GC (Allocation Failure) [PSYoungGen: 21713981K->613769K(22609920K)] 22395576K->1295740K(25755648K), 0.1116113 secs] [Times: user=3.92 sys=0.00, real=0.11 secs] 
3700.713: [GC (Allocation Failure) [PSYoungGen: 21716361K->588516K(22609920K)] 22398332K->1270855K(25755648K), 0.1108844 secs] [Times: user=3.90 sys=0.00, real=0.11 secs] 
3706.699: [GC (Allocation Failure) [PSYoungGen: 21691108K->622585K(22609920K)] 22373447K->1305292K(25755648K), 0.1136631 secs] [Times: user=3.95 sys=0.01, real=0.11 secs] 
3712.842: [GC (Allocation Failure) [PSYoungGen: 21725177K->614393K(22609920K)] 22407884K->1297475K(25755648K), 0.1138268 secs] [Times: user=3.89 sys=0.00, real=0.11 secs] 
3718.804: [GC (Allocation Failure) [PSYoungGen: 21716985K->608504K(22609920K)] 22400067K->1291963K(25755648K), 0.1130281 secs] [Times: user=3.96 sys=0.00, real=0.11 secs] 
3724.938: [GC (Allocation Failure) [PSYoungGen: 21711096K->609740K(22609920K)] 22394555K->1293567K(25755648K), 0.1151381 secs] [Times: user=3.93 sys=0.00, real=0.12 secs] 
3730.997: [GC (Allocation Failure) [PSYoungGen: 21712332K->611209K(22609920K)] 22396159K->1295396K(25755648K), 0.1116660 secs] [Times: user=3.93 sys=0.00, real=0.11 secs] 
3737.096: [GC (Allocation Failure) [PSYoungGen: 21713801K->610989K(22609920K)] 22397988K->1295551K(25755648K), 0.1121153 secs] [Times: user=3.94 sys=0.00, real=0.11 secs] 
3742.953: [GC (Allocation Failure) [PSYoungGen: 21713581K->623977K(22609920K)] 22398143K->1308908K(25755648K), 0.1143507 secs] [Times: user=4.03 sys=0.00, real=0.11 secs] 
3749.001: [GC (Allocation Failure) [PSYoungGen: 21726569K->618804K(22609920K)] 22411500K->1304095K(25755648K), 0.1144043 secs] [Times: user=4.03 sys=0.00, real=0.12 secs] 
3755.163: [GC (Allocation Failure) [PSYoungGen: 21721396K->609673K(22609920K)] 22406687K->1295356K(25755648K), 0.1146587 secs] [Times: user=3.92 sys=0.00, real=0.12 secs] 
3761.123: [GC (Allocation Failure) [PSYoungGen: 21712265K->636139K(22609920K)] 22397948K->1322205K(25755648K), 0.1173537 secs] [Times: user=4.14 sys=0.00, real=0.12 secs] 
3766.946: [GC (Allocation Failure) [PSYoungGen: 21738731K->628830K(22609920K)] 22424797K->1315256K(25755648K), 0.1133814 secs] [Times: user=3.99 sys=0.00, real=0.12 secs] 
3772.969: [GC (Allocation Failure) [PSYoungGen: 21731422K->611210K(22609920K)] 22417848K->1298004K(25755648K), 0.1111496 secs] [Times: user=3.91 sys=0.00, real=0.11 secs] 
3778.786: [GC (Allocation Failure) [PSYoungGen: 21713802K->596644K(22609920K)] 22400596K->1283807K(25755648K), 0.1105098 secs] [Times: user=3.88 sys=0.01, real=0.11 secs] 
3784.666: [GC (Allocation Failure) [PSYoungGen: 21699236K->589540K(22609920K)] 22386399K->1277071K(25755648K), 0.1080168 secs] [Times: user=3.80 sys=0.01, real=0.11 secs] 
3790.685: [GC (Allocation Failure) [PSYoungGen: 21692132K->607853K(22609920K)] 22379663K->1295759K(25755648K), 0.1108135 secs] [Times: user=3.90 sys=0.00, real=0.11 secs] 
3796.726: [GC (Allocation Failure) [PSYoungGen: 21710445K->606157K(22609920K)] 22398351K->1294440K(25755648K), 0.1100433 secs] [Times: user=3.87 sys=0.00, real=0.11 secs] 
3802.493: [GC (Allocation Failure) [PSYoungGen: 21708749K->587385K(22609920K)] 22397032K->1276028K(25755648K), 0.1079625 secs] [Times: user=3.79 sys=0.00, real=0.10 secs] 
3808.430: [GC (Allocation Failure) [PSYoungGen: 21689977K->610244K(22609920K)] 22378620K->1299263K(25755648K), 0.1137694 secs] [Times: user=3.99 sys=0.00, real=0.12 secs] 
3814.238: [GC (Allocation Failure) [PSYoungGen: 21712836K->642777K(22609920K)] 22401855K->1332204K(25755648K), 0.1180578 secs] [Times: user=4.15 sys=0.00, real=0.12 secs] 
3820.069: [GC (Allocation Failure) [PSYoungGen: 21745369K->612633K(22609920K)] 22434796K->1302428K(25755648K), 0.1134032 secs] [Times: user=3.93 sys=0.00, real=0.11 secs] 
3826.089: [GC (Allocation Failure) [PSYoungGen: 21715225K->637763K(22609920K)] 22405020K->1327926K(25755648K), 0.1185587 secs] [Times: user=4.18 sys=0.00, real=0.12 secs] 
3831.946: [GC (Allocation Failure) [PSYoungGen: 21740355K->613689K(22609920K)] 22430518K->1304220K(25755648K), 0.1134409 secs] [Times: user=3.93 sys=0.01, real=0.12 secs] 
3837.816: [GC (Allocation Failure) [PSYoungGen: 21716281K->603737K(22609920K)] 22406812K->1294636K(25755648K), 0.1132181 secs] [Times: user=3.94 sys=0.00, real=0.12 secs] 
3843.652: [GC (Allocation Failure) [PSYoungGen: 21706329K->604532K(22609920K)] 22397228K->1295798K(25755648K), 0.1125136 secs] [Times: user=3.96 sys=0.00, real=0.11 secs] 
3849.426: [GC (Allocation Failure) [PSYoungGen: 21707124K->584503K(22609920K)] 22398390K->1276138K(25755648K), 0.1079331 secs] [Times: user=3.79 sys=0.00, real=0.11 secs] 
3855.199: [GC (Allocation Failure) [PSYoungGen: 21687095K->610372K(22609920K)] 22378730K->1302383K(25755648K), 0.1148209 secs] [Times: user=4.03 sys=0.01, real=0.12 secs] 
3860.892: [GC (Allocation Failure) [PSYoungGen: 21712964K->600548K(22609920K)] 22404975K->1292935K(25755648K), 0.1099710 secs] [Times: user=3.87 sys=0.00, real=0.11 secs] 
3866.556: [GC (Allocation Failure) [PSYoungGen: 21703140K->589716K(22609920K)] 22395527K->1282478K(25755648K), 0.1097683 secs] [Times: user=3.86 sys=0.00, real=0.11 secs] 
3872.430: [GC (Allocation Failure) [PSYoungGen: 21692308K->582116K(22609920K)] 22385070K->1275255K(25755648K), 0.1113585 secs] [Times: user=3.92 sys=0.00, real=0.11 secs] 
3878.099: [GC (Allocation Failure) [PSYoungGen: 21684708K->621689K(22609920K)] 22377847K->1315196K(25755648K), 0.1136368 secs] [Times: user=3.94 sys=0.00, real=0.11 secs] 
3883.965: [GC (Allocation Failure) [PSYoungGen: 21724281K->621615K(22609920K)] 22417788K->1315498K(25755648K), 0.1165690 secs] [Times: user=4.05 sys=0.00, real=0.11 secs] 
3889.627: [GC (Allocation Failure) [PSYoungGen: 21724207K->608580K(22609920K)] 22418090K->1302831K(25755648K), 0.1120063 secs] [Times: user=3.86 sys=0.00, real=0.11 secs] 
3895.370: [GC (Allocation Failure) [PSYoungGen: 21711172K->602370K(22609920K)] 22405423K->1296988K(25755648K), 0.1129356 secs] [Times: user=3.97 sys=0.00, real=0.11 secs] 
3901.175: [GC (Allocation Failure) [PSYoungGen: 21704962K->623965K(22609920K)] 22399580K->1318968K(25755648K), 0.1198901 secs] [Times: user=4.04 sys=0.00, real=0.12 secs] 
3906.771: [GC (Allocation Failure) [PSYoungGen: 21726557K->634668K(22609920K)] 22421560K->1330055K(25755648K), 0.1149632 secs] [Times: user=4.04 sys=0.00, real=0.11 secs] 
3912.486: [GC (Allocation Failure) [PSYoungGen: 21737260K->598942K(22609920K)] 22432647K->1294705K(25755648K), 0.1126237 secs] [Times: user=3.94 sys=0.00, real=0.12 secs] 
3918.073: [GC (Allocation Failure) [PSYoungGen: 21701534K->626126K(22609920K)] 22397297K->1322265K(25755648K), 0.1156820 secs] [Times: user=4.05 sys=0.01, real=0.11 secs] 
3923.686: [GC (Allocation Failure) [PSYoungGen: 21728718K->611681K(22609920K)] 22424857K->1308203K(25755648K), 0.1129369 secs] [Times: user=3.91 sys=0.00, real=0.11 secs] 
3929.456: [GC (Allocation Failure) [PSYoungGen: 21714273K->587300K(22609920K)] 22410795K->1284199K(25755648K), 0.1078203 secs] [Times: user=3.79 sys=0.00, real=0.11 secs] 
3935.306: [GC (Allocation Failure) [PSYoungGen: 21689892K->604858K(22609920K)] 22386791K->1302133K(25755648K), 0.1097047 secs] [Times: user=3.86 sys=0.00, real=0.11 secs] 
3940.928: [GC (Allocation Failure) [PSYoungGen: 21707450K->609572K(22609920K)] 22404725K->1307199K(25755648K), 0.1126214 secs] [Times: user=3.91 sys=0.00, real=0.11 secs] 
3946.545: [GC (Allocation Failure) [PSYoungGen: 21712164K->601262K(22609920K)] 22409791K->1299257K(25755648K), 0.1104521 secs] [Times: user=3.89 sys=0.00, real=0.11 secs] 
3952.145: [GC (Allocation Failure) [PSYoungGen: 21703854K->630980K(22609920K)] 22401849K->1329351K(25755648K), 0.1169806 secs] [Times: user=4.12 sys=0.00, real=0.11 secs] 
3957.929: [GC (Allocation Failure) [PSYoungGen: 21733572K->610986K(22609920K)] 22431943K->1309772K(25755648K), 0.1122163 secs] [Times: user=3.90 sys=0.00, real=0.11 secs] 
3963.643: [GC (Allocation Failure) [PSYoungGen: 21713578K->611673K(22609920K)] 22412364K->1310852K(25755648K), 0.1136927 secs] [Times: user=4.00 sys=0.00, real=0.12 secs] 
3969.268: [GC (Allocation Failure) [PSYoungGen: 21714265K->627709K(22609920K)] 22413444K->1327264K(25755648K), 0.1149720 secs] [Times: user=3.98 sys=0.00, real=0.11 secs] 
3974.775: [GC (Allocation Failure) [PSYoungGen: 21730301K->607705K(22609920K)] 22429856K->1307627K(25755648K), 0.1114195 secs] [Times: user=3.92 sys=0.00, real=0.11 secs] 
3980.396: [GC (Allocation Failure) [PSYoungGen: 21710297K->609561K(22609920K)] 22410219K->1309859K(25755648K), 0.1104089 secs] [Times: user=3.88 sys=0.00, real=0.11 secs] 
3985.908: [GC (Allocation Failure) [PSYoungGen: 21712153K->615391K(22609920K)] 22412451K->1316041K(25755648K), 0.1143240 secs] [Times: user=3.94 sys=0.00, real=0.12 secs] 
3991.465: [GC (Allocation Failure) [PSYoungGen: 21717983K->594602K(22609920K)] 22418633K->1295628K(25755648K), 0.1140981 secs] [Times: user=3.83 sys=0.00, real=0.11 secs] 
3997.046: [GC (Allocation Failure) [PSYoungGen: 21697194K->611524K(22609920K)] 22398220K->1312927K(25755648K), 0.1124309 secs] [Times: user=3.92 sys=0.00, real=0.11 secs] 
4002.506: [GC (GCLocker Initiated GC) [PSYoungGen: 21714116K->591940K(22609920K)] 22415768K->1293944K(25755648K), 0.1120910 secs] [Times: user=3.94 sys=0.00, real=0.11 secs] 
4008.065: [GC (Allocation Failure) [PSYoungGen: 21694532K->630151K(22609920K)] 22396539K->1332534K(25755648K), 0.1145560 secs] [Times: user=4.02 sys=0.00, real=0.11 secs] 
4013.695: [GC (Allocation Failure) [PSYoungGen: 21732743K->614045K(22609920K)] 22435126K->1316796K(25755648K), 0.1139030 secs] [Times: user=4.01 sys=0.00, real=0.11 secs] 
4019.305: [GC (Allocation Failure) [PSYoungGen: 21716637K->605438K(22609920K)] 22419388K->1308557K(25755648K), 0.1128167 secs] [Times: user=3.91 sys=0.01, real=0.11 secs] 
4024.877: [GC (Allocation Failure) [PSYoungGen: 21708030K->623732K(22609920K)] 22411149K->1327211K(25755648K), 0.1156505 secs] [Times: user=4.00 sys=0.00, real=0.11 secs] 
4030.526: [GC (Allocation Failure) [PSYoungGen: 21726324K->601220K(22609920K)] 22429803K->1305083K(25755648K), 0.1123579 secs] [Times: user=3.95 sys=0.00, real=0.11 secs] 
4036.034: [GC (Allocation Failure) [PSYoungGen: 21703812K->619662K(22609920K)] 22407675K->1323893K(25755648K), 0.1177449 secs] [Times: user=4.03 sys=0.00, real=0.12 secs] 
4041.433: [GC (Allocation Failure) [PSYoungGen: 21722254K->609732K(22609920K)] 22426485K->1314347K(25755648K), 0.1133340 secs] [Times: user=3.95 sys=0.00, real=0.11 secs] 
4046.956: [GC (Allocation Failure) [PSYoungGen: 21712324K->623034K(22609920K)] 22416939K->1328032K(25755648K), 0.1135598 secs] [Times: user=4.00 sys=0.00, real=0.12 secs] 
4052.467: [GC (Allocation Failure) [PSYoungGen: 21725626K->603108K(22609920K)] 22430624K->1308467K(25755648K), 0.1121333 secs] [Times: user=3.89 sys=0.00, real=0.11 secs] 
4057.796: [GC (Allocation Failure) [PSYoungGen: 21705700K->604132K(22609920K)] 22411059K->1309867K(25755648K), 0.1096615 secs] [Times: user=3.85 sys=0.00, real=0.11 secs] 
4063.168: [GC (Allocation Failure) [PSYoungGen: 21706724K->636744K(22609920K)] 22412459K->1342855K(25755648K), 0.1174437 secs] [Times: user=4.14 sys=0.00, real=0.12 secs] 
4068.571: [GC (Allocation Failure) [PSYoungGen: 21739336K->616387K(22609920K)] 22445447K->1322866K(25755648K), 0.1121568 secs] [Times: user=3.95 sys=0.00, real=0.12 secs] 
4074.073: [GC (Allocation Failure) [PSYoungGen: 21718979K->628063K(22609920K)] 22425458K->1334925K(25755648K), 0.1144493 secs] [Times: user=4.03 sys=0.00, real=0.11 secs] 
4079.546: [GC (Allocation Failure) [PSYoungGen: 21730655K->601097K(22609920K)] 22437517K->1308327K(25755648K), 0.1122453 secs] [Times: user=3.96 sys=0.00, real=0.11 secs] 
4085.019: [GC (Allocation Failure) [PSYoungGen: 21703689K->629375K(22609920K)] 22410919K->1337470K(25755648K), 0.1182097 secs] [Times: user=4.08 sys=0.01, real=0.12 secs] 
4090.397: [GC (Allocation Failure) [PSYoungGen: 21731967K->603470K(22609920K)] 22440062K->1311949K(25755648K), 0.1102538 secs] [Times: user=3.88 sys=0.00, real=0.11 secs] 
4095.808: [GC (Allocation Failure) [PSYoungGen: 21706062K->619771K(22609920K)] 22414541K->1328658K(25755648K), 0.1157507 secs] [Times: user=4.08 sys=0.00, real=0.11 secs] 
4101.364: [GC (Allocation Failure) [PSYoungGen: 21722363K->610623K(22609920K)] 22431250K->1319894K(25755648K), 0.1140868 secs] [Times: user=3.93 sys=0.00, real=0.12 secs] 
4106.702: [GC (Allocation Failure) [PSYoungGen: 21713215K->607561K(22609920K)] 22422486K->1317192K(25755648K), 0.1115730 secs] [Times: user=3.92 sys=0.00, real=0.11 secs] 
4112.048: [GC (Allocation Failure) [PSYoungGen: 21710153K->649246K(22609920K)] 22419784K->1359253K(25755648K), 0.1192358 secs] [Times: user=4.14 sys=0.00, real=0.12 secs] 
4117.373: [GC (Allocation Failure) [PSYoungGen: 21751838K->593561K(22609920K)] 22461845K->1303912K(25755648K), 0.1102016 secs] [Times: user=3.84 sys=0.00, real=0.11 secs] 
4122.588: [GC (Allocation Failure) [PSYoungGen: 21696153K->598330K(22609920K)] 22406504K->1309049K(25755648K), 0.1099260 secs] [Times: user=3.87 sys=0.00, real=0.11 secs] 
4127.957: [GC (Allocation Failure) [PSYoungGen: 21700922K->611898K(22609920K)] 22411641K->1322969K(25755648K), 0.1129351 secs] [Times: user=3.90 sys=0.00, real=0.11 secs] 
4133.265: [GC (Allocation Failure) [PSYoungGen: 21714490K->633411K(22609920K)] 22425561K->1344866K(25755648K), 0.1175882 secs] [Times: user=4.09 sys=0.00, real=0.12 secs] 
4138.582: [GC (Allocation Failure) [PSYoungGen: 21736003K->602884K(22609920K)] 22447458K->1314699K(25755648K), 0.1101750 secs] [Times: user=3.87 sys=0.00, real=0.11 secs] 
4143.855: [GC (Allocation Failure) [PSYoungGen: 21705476K->611020K(22609920K)] 22417291K->1323195K(25755648K), 0.1119725 secs] [Times: user=3.94 sys=0.01, real=0.11 secs] 
4149.147: [GC (Allocation Failure) [PSYoungGen: 21713612K->620217K(22609920K)] 22425787K->1332776K(25755648K), 0.1155009 secs] [Times: user=4.01 sys=0.01, real=0.11 secs] 
4154.460: [GC (Allocation Failure) [PSYoungGen: 21722809K->610831K(22609920K)] 22435368K->1323742K(25755648K), 0.1116802 secs] [Times: user=3.93 sys=0.00, real=0.11 secs] 
4159.757: [GC (Allocation Failure) [PSYoungGen: 21713423K->604436K(22609920K)] 22426334K->1317731K(25755648K), 0.1105708 secs] [Times: user=3.88 sys=0.01, real=0.11 secs] 
4164.950: [GC (Allocation Failure) [PSYoungGen: 21707028K->617082K(22609920K)] 22420323K->1330736K(25755648K), 0.1125709 secs] [Times: user=3.95 sys=0.00, real=0.11 secs] 
4170.369: [GC (Allocation Failure) [PSYoungGen: 21719674K->608034K(22609920K)] 22433328K->1322073K(25755648K), 0.1112538 secs] [Times: user=3.88 sys=0.00, real=0.11 secs] 
4175.785: [GC (Allocation Failure) [PSYoungGen: 21710626K->607743K(22609920K)] 22424665K->1322133K(25755648K), 0.1107377 secs] [Times: user=3.89 sys=0.01, real=0.11 secs] 
4181.040: [GC (Allocation Failure) [PSYoungGen: 21710335K->613316K(22609920K)] 22424725K->1328083K(25755648K), 0.1136847 secs] [Times: user=3.93 sys=0.01, real=0.11 secs] 
4186.278: [GC (Allocation Failure) [PSYoungGen: 21715908K->628516K(22609920K)] 22430675K->1343643K(25755648K), 0.1133151 secs] [Times: user=3.98 sys=0.01, real=0.12 secs] 
4191.442: [GC (Allocation Failure) [PSYoungGen: 21731108K->585636K(22609920K)] 22446235K->1301131K(25755648K), 0.1091130 secs] [Times: user=3.73 sys=0.00, real=0.10 secs] 
4196.525: [GC (Allocation Failure) [PSYoungGen: 21688228K->597145K(22609920K)] 22403723K->1313016K(25755648K), 0.1104468 secs] [Times: user=3.87 sys=0.00, real=0.11 secs] 
4201.800: [GC (Allocation Failure) [PSYoungGen: 21699737K->606431K(22609920K)] 22415608K->1322662K(25755648K), 0.1146633 secs] [Times: user=4.03 sys=0.01, real=0.12 secs] 
4207.011: [GC (Allocation Failure) [PSYoungGen: 21709023K->629962K(22609920K)] 22425254K->1346552K(25755648K), 0.1155078 secs] [Times: user=4.06 sys=0.00, real=0.12 secs] 
4212.159: [GC (Allocation Failure) [PSYoungGen: 21732554K->639843K(22609920K)] 22449144K->1356802K(25755648K), 0.1193606 secs] [Times: user=4.18 sys=0.00, real=0.12 secs] 
4217.495: [GC (Allocation Failure) [PSYoungGen: 21742435K->605359K(22609920K)] 22459394K->1322718K(25755648K), 0.1102139 secs] [Times: user=3.87 sys=0.00, real=0.11 secs] 
4222.798: [GC (Allocation Failure) [PSYoungGen: 21707951K->628589K(22609920K)] 22425310K->1346316K(25755648K), 0.1153057 secs] [Times: user=4.03 sys=0.00, real=0.11 secs] 
4227.985: [GC (Allocation Failure) [PSYoungGen: 21731181K->628266K(22609920K)] 22448908K->1346369K(25755648K), 0.1168434 secs] [Times: user=4.05 sys=0.00, real=0.12 secs] 
4233.160: [GC (Allocation Failure) [PSYoungGen: 21730858K->661242K(22609920K)] 22448961K->1379729K(25755648K), 0.1200577 secs] [Times: user=4.23 sys=0.01, real=0.12 secs] 
4238.310: [GC (Allocation Failure) [PSYoungGen: 21763834K->599903K(22609920K)] 22482321K->1318782K(25755648K), 0.1130581 secs] [Times: user=3.99 sys=0.00, real=0.11 secs] 
4243.513: [GC (Allocation Failure) [PSYoungGen: 21702495K->631413K(22609920K)] 22421374K->1350668K(25755648K), 0.1152959 secs] [Times: user=4.07 sys=0.01, real=0.11 secs] 
4248.660: [GC (Allocation Failure) [PSYoungGen: 21734005K->620345K(22609920K)] 22453260K->1339976K(25755648K), 0.1127022 secs] [Times: user=3.96 sys=0.00, real=0.11 secs] 
4253.989: [GC (Allocation Failure) [PSYoungGen: 21722937K->618878K(22609920K)] 22442568K->1338877K(25755648K), 0.1154964 secs] [Times: user=4.04 sys=0.00, real=0.12 secs] 
4259.045: [GC (Allocation Failure) [PSYoungGen: 21721470K->618585K(22609920K)] 22441469K->1338960K(25755648K), 0.1158612 secs] [Times: user=4.06 sys=0.00, real=0.11 secs] 
4264.042: [GC (Allocation Failure) [PSYoungGen: 21721177K->639782K(22609920K)] 22441552K->1360533K(25755648K), 0.1186381 secs] [Times: user=4.12 sys=0.00, real=0.12 secs] 
4269.238: [GC (Allocation Failure) [PSYoungGen: 21742374K->643102K(22609920K)] 22463125K->1364245K(25755648K), 0.1182633 secs] [Times: user=4.12 sys=0.00, real=0.12 secs] 
4274.312: [GC (Allocation Failure) [PSYoungGen: 21745694K->593078K(22609920K)] 22466837K->1314589K(25755648K), 0.1098756 secs] [Times: user=3.82 sys=0.00, real=0.11 secs] 
4279.452: [GC (Allocation Failure) [PSYoungGen: 21695670K->608799K(22609920K)] 22417181K->1330694K(25755648K), 0.1131141 secs] [Times: user=3.94 sys=0.00, real=0.12 secs] 
4284.564: [GC (Allocation Failure) [PSYoungGen: 21711391K->612877K(22609920K)] 22433286K->1335132K(25755648K), 0.1118397 secs] [Times: user=3.91 sys=0.00, real=0.12 secs] 
4289.689: [GC (Allocation Failure) [PSYoungGen: 21715469K->612001K(22609920K)] 22437724K->1334616K(25755648K), 0.1128814 secs] [Times: user=3.92 sys=0.01, real=0.11 secs] 
4294.856: [GC (Allocation Failure) [PSYoungGen: 21714593K->620962K(22609920K)] 22437208K->1343953K(25755648K), 0.1142206 secs] [Times: user=4.02 sys=0.00, real=0.12 secs] 
4299.896: [GC (GCLocker Initiated GC) [PSYoungGen: 21723554K->644500K(22609920K)] 22446671K->1367984K(25755648K), 0.1198847 secs] [Times: user=4.22 sys=0.01, real=0.12 secs] 
4305.151: [GC (Allocation Failure) [PSYoungGen: 21747092K->620185K(22609920K)] 22470580K->1344041K(25755648K), 0.1141920 secs] [Times: user=3.96 sys=0.01, real=0.11 secs] 
4310.205: [GC (Allocation Failure) [PSYoungGen: 21722777K->623268K(22609920K)] 22446633K->1347476K(25755648K), 0.1136451 secs] [Times: user=3.99 sys=0.01, real=0.11 secs] 
4315.213: [GC (Allocation Failure) [PSYoungGen: 21725860K->646612K(22609920K)] 22450068K->1371212K(25755648K), 0.1173850 secs] [Times: user=4.12 sys=0.00, real=0.12 secs] 
4320.326: [GC (Allocation Failure) [PSYoungGen: 21749204K->604878K(22609920K)] 22473804K->1329829K(25755648K), 0.1104438 secs] [Times: user=3.88 sys=0.00, real=0.11 secs] 
4325.498: [GC (Allocation Failure) [PSYoungGen: 21707470K->626316K(22609920K)] 22432421K->1351628K(25755648K), 0.1139533 secs] [Times: user=4.01 sys=0.01, real=0.12 secs] 
4330.592: [GC (Allocation Failure) [PSYoungGen: 21728908K->625182K(22609920K)] 22454220K->1350862K(25755648K), 0.1146374 secs] [Times: user=4.04 sys=0.00, real=0.12 secs] 
4335.624: [GC (Allocation Failure) [PSYoungGen: 21727774K->605833K(22609920K)] 22453454K->1331873K(25755648K), 0.1138034 secs] [Times: user=4.00 sys=0.01, real=0.11 secs] 
4340.666: [GC (Allocation Failure) [PSYoungGen: 21708425K->614462K(22609920K)] 22434465K->1340878K(25755648K), 0.1126727 secs] [Times: user=3.94 sys=0.00, real=0.11 secs] 
4345.629: [GC (Allocation Failure) [PSYoungGen: 21717054K->617343K(22609920K)] 22443470K->1344103K(25755648K), 0.1156247 secs] [Times: user=4.07 sys=0.00, real=0.12 secs] 
4350.484: [GC (Allocation Failure) [PSYoungGen: 21719935K->626933K(22609920K)] 22446695K->1354093K(25755648K), 0.1147905 secs] [Times: user=4.05 sys=0.00, real=0.12 secs] 
4355.405: [GC (Allocation Failure) [PSYoungGen: 21729525K->628194K(22609920K)] 22456685K->1355722K(25755648K), 0.1172518 secs] [Times: user=4.07 sys=0.00, real=0.12 secs] 
4360.446: [GC (Allocation Failure) [PSYoungGen: 21730786K->601481K(22609920K)] 22458314K->1329369K(25755648K), 0.1102775 secs] [Times: user=3.87 sys=0.00, real=0.11 secs] 
4365.488: [GC (Allocation Failure) [PSYoungGen: 21704073K->604905K(22609920K)] 22431961K->1333169K(25755648K), 0.1122506 secs] [Times: user=3.94 sys=0.00, real=0.11 secs] 
4370.476: [GC (Allocation Failure) [PSYoungGen: 21707497K->604233K(22609920K)] 22435761K->1332865K(25755648K), 0.1108568 secs] [Times: user=3.89 sys=0.00, real=0.11 secs] 
4375.530: [GC (Allocation Failure) [PSYoungGen: 21706825K->605460K(22609920K)] 22435457K->1334788K(25755648K), 0.1102538 secs] [Times: user=3.88 sys=0.00, real=0.11 secs] 
4380.624: [GC (Allocation Failure) [PSYoungGen: 21708052K->634334K(22609920K)] 22437380K->1364070K(25755648K), 0.1158830 secs] [Times: user=4.07 sys=0.00, real=0.12 secs] 
4385.557: [GC (Allocation Failure) [PSYoungGen: 21736926K->608772K(22609920K)] 22466662K->1338948K(25755648K), 0.1115019 secs] [Times: user=3.92 sys=0.00, real=0.11 secs] 
4390.657: [GC (Allocation Failure) [PSYoungGen: 21711364K->597508K(22609920K)] 22441540K->1328052K(25755648K), 0.1097953 secs] [Times: user=3.84 sys=0.00, real=0.11 secs] 
4395.616: [GC (Allocation Failure) [PSYoungGen: 21700100K->631528K(22609920K)] 22430644K->1362472K(25755648K), 0.1153187 secs] [Times: user=4.06 sys=0.01, real=0.11 secs] 
4400.661: [GC (Allocation Failure) [PSYoungGen: 21734120K->606153K(22609920K)] 22465064K->1337457K(25755648K), 0.1133259 secs] [Times: user=3.93 sys=0.00, real=0.12 secs] 
4405.500: [GC (Allocation Failure) [PSYoungGen: 21708745K->613890K(22609920K)] 22440049K->1345570K(25755648K), 0.1153415 secs] [Times: user=4.02 sys=0.00, real=0.12 secs] 
4410.477: [GC (Allocation Failure) [PSYoungGen: 21716482K->621577K(22609920K)] 22448162K->1353626K(25755648K), 0.1147292 secs] [Times: user=4.03 sys=0.00, real=0.11 secs] 
4415.210: [GC (Allocation Failure) [PSYoungGen: 21724169K->621556K(22609920K)] 22456218K->1353973K(25755648K), 0.1174137 secs] [Times: user=4.12 sys=0.00, real=0.12 secs] 
4420.085: [GC (Allocation Failure) [PSYoungGen: 21724148K->634318K(22609920K)] 22456565K->1367118K(25755648K), 0.1166440 secs] [Times: user=4.10 sys=0.00, real=0.12 secs] 
4424.955: [GC (Allocation Failure) [PSYoungGen: 21736910K->630909K(22609920K)] 22469710K->1364085K(25755648K), 0.1144751 secs] [Times: user=4.04 sys=0.00, real=0.12 secs] 
4429.813: [GC (Allocation Failure) [PSYoungGen: 21733501K->617194K(22609920K)] 22466677K->1350754K(25755648K), 0.1134313 secs] [Times: user=3.99 sys=0.01, real=0.11 secs] 
4434.910: [GC (Allocation Failure) [PSYoungGen: 21719786K->626849K(22609920K)] 22453346K->1360777K(25755648K), 0.1150310 secs] [Times: user=4.05 sys=0.00, real=0.11 secs] 
4439.787: [GC (Allocation Failure) [PSYoungGen: 21729441K->620548K(22609920K)] 22463369K->1354836K(25755648K), 0.1128645 secs] [Times: user=3.93 sys=0.00, real=0.12 secs] 
4444.698: [GC (Allocation Failure) [PSYoungGen: 21723140K->614601K(22609920K)] 22457428K->1349265K(25755648K), 0.1118954 secs] [Times: user=3.94 sys=0.00, real=0.12 secs] 
4449.566: [GC (Allocation Failure) [PSYoungGen: 21717193K->617998K(22609920K)] 22451857K->1353022K(25755648K), 0.1123035 secs] [Times: user=3.95 sys=0.00, real=0.11 secs] 
4454.301: [GC (Allocation Failure) [PSYoungGen: 21720590K->652245K(22609920K)] 22455614K->1387645K(25755648K), 0.1187871 secs] [Times: user=4.18 sys=0.00, real=0.12 secs] 
4459.075: [GC (Allocation Failure) [PSYoungGen: 21754837K->628830K(22609920K)] 22490237K->1364598K(25755648K), 0.1200016 secs] [Times: user=4.15 sys=0.00, real=0.12 secs] 
4464.118: [GC (Allocation Failure) [PSYoungGen: 21731422K->622630K(22609920K)] 22467190K->1358758K(25755648K), 0.1142096 secs] [Times: user=4.02 sys=0.00, real=0.12 secs] 
4469.034: [GC (Allocation Failure) [PSYoungGen: 21725222K->625529K(22609920K)] 22461350K->1362033K(25755648K), 0.1159682 secs] [Times: user=4.07 sys=0.00, real=0.11 secs] 
4473.857: [GC (Allocation Failure) [PSYoungGen: 21728121K->625599K(22609920K)] 22464625K->1362479K(25755648K), 0.1140386 secs] [Times: user=4.02 sys=0.00, real=0.11 secs] 
4478.770: [GC (Allocation Failure) [PSYoungGen: 21728191K->628212K(22609920K)] 22465071K->1366228K(25755648K), 0.1171561 secs] [Times: user=4.10 sys=0.00, real=0.12 secs] 
4483.505: [GC (Allocation Failure) [PSYoungGen: 21730804K->606540K(22609920K)] 22468820K->1344932K(25755648K), 0.1130368 secs] [Times: user=3.98 sys=0.01, real=0.12 secs] 
4488.196: [GC (Allocation Failure) [PSYoungGen: 21709132K->641706K(22609920K)] 22447524K->1380450K(25755648K), 0.1180022 secs] [Times: user=4.15 sys=0.00, real=0.11 secs] 
4493.011: [GC (Allocation Failure) [PSYoungGen: 21744298K->621476K(22609920K)] 22483042K->1360588K(25755648K), 0.1134916 secs] [Times: user=4.00 sys=0.00, real=0.11 secs] 
4497.789: [GC (Allocation Failure) [PSYoungGen: 21724068K->638701K(22609920K)] 22463180K->1378181K(25755648K), 0.1180375 secs] [Times: user=4.16 sys=0.00, real=0.11 secs] 
4502.596: [GC (Allocation Failure) [PSYoungGen: 21741293K->621535K(22609920K)] 22480773K->1361391K(25755648K), 0.1149612 secs] [Times: user=3.94 sys=0.00, real=0.12 secs] 
4507.360: [GC (Allocation Failure) [PSYoungGen: 21724127K->600784K(22609920K)] 22463983K->1341016K(25755648K), 0.1103292 secs] [Times: user=3.89 sys=0.00, real=0.11 secs] 
4512.233: [GC (Allocation Failure) [PSYoungGen: 21703376K->639113K(22609920K)] 22443608K->1379721K(25755648K), 0.1164795 secs] [Times: user=4.10 sys=0.00, real=0.12 secs] 
4517.129: [GC (Allocation Failure) [PSYoungGen: 21741705K->646362K(22609920K)] 22482313K->1387378K(25755648K), 0.1174050 secs] [Times: user=4.13 sys=0.01, real=0.12 secs] 
4521.938: [GC (Allocation Failure) [PSYoungGen: 21748954K->616729K(22609920K)] 22489970K->1358113K(25755648K), 0.1143697 secs] [Times: user=4.02 sys=0.00, real=0.12 secs] 
4526.666: [GC (Allocation Failure) [PSYoungGen: 21719321K->607857K(22609920K)] 22460705K->1349601K(25755648K), 0.1127350 secs] [Times: user=3.91 sys=0.01, real=0.11 secs] 
4531.485: [GC (Allocation Failure) [PSYoungGen: 21710449K->598948K(22609920K)] 22452193K->1341068K(25755648K), 0.1099532 secs] [Times: user=3.86 sys=0.01, real=0.11 secs] 
4536.169: [GC (Allocation Failure) [PSYoungGen: 21701540K->632525K(22609920K)] 22443660K->1375013K(25755648K), 0.1169825 secs] [Times: user=4.01 sys=0.01, real=0.12 secs] 
4540.935: [GC (Allocation Failure) [PSYoungGen: 21735117K->624292K(22609920K)] 22477605K->1367164K(25755648K), 0.1142897 secs] [Times: user=4.01 sys=0.01, real=0.11 secs] 
4545.828: [GC (Allocation Failure) [PSYoungGen: 21726884K->606532K(22609920K)] 22469756K->1350548K(25755648K), 0.1124967 secs] [Times: user=3.92 sys=0.00, real=0.11 secs] 
4550.555: [GC (Allocation Failure) [PSYoungGen: 21709124K->614329K(22609920K)] 22453140K->1358729K(25755648K), 0.1122871 secs] [Times: user=3.96 sys=0.00, real=0.12 secs] 
4555.216: [GC (Allocation Failure) [PSYoungGen: 21716921K->646957K(22609920K)] 22461321K->1391733K(25755648K), 0.1175936 secs] [Times: user=4.11 sys=0.00, real=0.12 secs] 
4560.005: [GC (Allocation Failure) [PSYoungGen: 21749549K->641822K(22609920K)] 22494325K->1386966K(25755648K), 0.1164284 secs] [Times: user=4.11 sys=0.00, real=0.12 secs] 
4564.652: [GC (Allocation Failure) [PSYoungGen: 21744414K->610585K(22609920K)] 22489558K->1356113K(25755648K), 0.1142224 secs] [Times: user=3.98 sys=0.00, real=0.11 secs] 
4569.421: [GC (Allocation Failure) [PSYoungGen: 21713177K->615795K(22609920K)] 22458705K->1361699K(25755648K), 0.1120975 secs] [Times: user=3.92 sys=0.01, real=0.11 secs] 
4574.165: [GC (Allocation Failure) [PSYoungGen: 21718387K->631257K(22609920K)] 22464291K->1377521K(25755648K), 0.1184344 secs] [Times: user=4.12 sys=0.00, real=0.12 secs] 
4578.856: [GC (Allocation Failure) [PSYoungGen: 21733849K->621988K(22609920K)] 22480113K->1368628K(25755648K), 0.1127528 secs] [Times: user=3.96 sys=0.00, real=0.11 secs] 
4583.446: [GC (Allocation Failure) [PSYoungGen: 21724580K->623382K(22609920K)] 22471220K->1370374K(25755648K), 0.1139180 secs] [Times: user=3.97 sys=0.00, real=0.11 secs] 
4588.160: [GC (Allocation Failure) [PSYoungGen: 21725974K->648700K(22609920K)] 22472966K->1396068K(25755648K), 0.1173882 secs] [Times: user=4.13 sys=0.00, real=0.12 secs] 
4592.898: [GC (Allocation Failure) [PSYoungGen: 21751292K->630218K(22609920K)] 22498660K->1377962K(25755648K), 0.1149738 secs] [Times: user=4.05 sys=0.01, real=0.12 secs] 
4597.706: [GC (Allocation Failure) [PSYoungGen: 21732810K->620912K(22609920K)] 22480554K->1369056K(25755648K), 0.1160945 secs] [Times: user=3.92 sys=0.00, real=0.11 secs] 
4602.415: [GC (Allocation Failure) [PSYoungGen: 21723504K->612665K(22609920K)] 22471648K->1361185K(25755648K), 0.1123793 secs] [Times: user=3.94 sys=0.00, real=0.11 secs] 
4607.231: [GC (Allocation Failure) [PSYoungGen: 21715257K->650367K(22609920K)] 22463777K->1399247K(25755648K), 0.1212744 secs] [Times: user=4.23 sys=0.00, real=0.12 secs] 
4612.024: [GC (Allocation Failure) [PSYoungGen: 21752959K->645183K(22609920K)] 22501839K->1394431K(25755648K), 0.1183695 secs] [Times: user=4.17 sys=0.00, real=0.12 secs] 
4616.897: [GC (Allocation Failure) [PSYoungGen: 21747775K->669933K(22609920K)] 22497023K->1419565K(25755648K), 0.1217313 secs] [Times: user=4.29 sys=0.00, real=0.12 secs] 
4621.591: [GC (Allocation Failure) [PSYoungGen: 21772525K->620905K(22609920K)] 22522157K->1370897K(25755648K), 0.1154297 secs] [Times: user=4.01 sys=0.01, real=0.12 secs] 
4626.225: [GC (Allocation Failure) [PSYoungGen: 21723497K->657390K(22609920K)] 22473489K->1407742K(25755648K), 0.1186446 secs] [Times: user=4.18 sys=0.00, real=0.12 secs] 
4630.844: [GC (Allocation Failure) [PSYoungGen: 21759982K->615044K(22609920K)] 22510334K->1365772K(25755648K), 0.1141204 secs] [Times: user=4.01 sys=0.01, real=0.12 secs] 
4635.450: [GC (Allocation Failure) [PSYoungGen: 21717636K->625999K(22609920K)] 22468364K->1377103K(25755648K), 0.1168102 secs] [Times: user=4.12 sys=0.00, real=0.11 secs] 
4640.012: [GC (Allocation Failure) [PSYoungGen: 21728591K->631609K(22609920K)] 22479695K->1383097K(25755648K), 0.1167892 secs] [Times: user=4.12 sys=0.00, real=0.11 secs] 
4644.717: [GC (Allocation Failure) [PSYoungGen: 21734201K->637309K(22609920K)] 22485689K->1389149K(25755648K), 0.1163350 secs] [Times: user=4.09 sys=0.00, real=0.12 secs] 
4649.353: [GC (Allocation Failure) [PSYoungGen: 21739901K->624218K(22609920K)] 22491741K->1376442K(25755648K), 0.1162925 secs] [Times: user=4.09 sys=0.00, real=0.11 secs] 
4653.877: [GC (Allocation Failure) [PSYoungGen: 21726810K->619673K(22609920K)] 22479034K->1372281K(25755648K), 0.1158460 secs] [Times: user=4.07 sys=0.00, real=0.12 secs] 
4658.550: [GC (Allocation Failure) [PSYoungGen: 21722265K->625550K(22609920K)] 22474873K->1378526K(25755648K), 0.1167104 secs] [Times: user=4.11 sys=0.01, real=0.12 secs] 
4663.207: [GC (Allocation Failure) [PSYoungGen: 21728142K->655978K(22609920K)] 22481118K->1409362K(25755648K), 0.1196879 secs] [Times: user=4.21 sys=0.01, real=0.12 secs] 
4667.808: [GC (Allocation Failure) [PSYoungGen: 21758570K->645874K(22609920K)] 22511954K->1399626K(25755648K), 0.1169410 secs] [Times: user=4.12 sys=0.01, real=0.12 secs] 
4672.454: [GC (Allocation Failure) [PSYoungGen: 21748466K->610688K(22609920K)] 22502218K->1364816K(25755648K), 0.1126930 secs] [Times: user=3.97 sys=0.00, real=0.12 secs] 
4677.063: [GC (Allocation Failure) [PSYoungGen: 21713280K->638084K(22609920K)] 22467408K->1392564K(25755648K), 0.1178533 secs] [Times: user=4.15 sys=0.00, real=0.12 secs] 
4681.656: [GC (Allocation Failure) [PSYoungGen: 21740676K->645394K(22609920K)] 22495156K->1400251K(25755648K), 0.1194072 secs] [Times: user=4.06 sys=0.00, real=0.12 secs] 
4686.155: [GC (Allocation Failure) [PSYoungGen: 21747986K->660394K(22609920K)] 22502843K->1415618K(25755648K), 0.1195652 secs] [Times: user=4.17 sys=0.00, real=0.12 secs] 
4690.660: [GC (Allocation Failure) [PSYoungGen: 21762986K->620180K(22609920K)] 22518210K->1375780K(25755648K), 0.1139032 secs] [Times: user=4.01 sys=0.00, real=0.11 secs] 
4695.206: [GC (Allocation Failure) [PSYoungGen: 21722772K->665513K(22609920K)] 22478372K->1421465K(25755648K), 0.1206025 secs] [Times: user=4.25 sys=0.00, real=0.12 secs] 
4699.752: [GC (Allocation Failure) [PSYoungGen: 21768105K->644778K(22609920K)] 22524057K->1401106K(25755648K), 0.1188061 secs] [Times: user=4.18 sys=0.00, real=0.12 secs] 
4704.239: [GC (Allocation Failure) [PSYoungGen: 21747370K->632216K(22609920K)] 22503698K->1388928K(25755648K), 0.1194305 secs] [Times: user=4.17 sys=0.00, real=0.12 secs] 
4708.745: [GC (Allocation Failure) [PSYoungGen: 21734808K->608948K(22609920K)] 22491520K->1366028K(25755648K), 0.1120062 secs] [Times: user=3.93 sys=0.00, real=0.11 secs] 
4713.392: [GC (Allocation Failure) [PSYoungGen: 21711540K->611305K(22609920K)] 22468620K->1368769K(25755648K), 0.1131188 secs] [Times: user=3.99 sys=0.01, real=0.11 secs] 
4717.987: [GC (Allocation Failure) [PSYoungGen: 21713897K->648797K(22609920K)] 22471361K->1406637K(25755648K), 0.1180745 secs] [Times: user=4.15 sys=0.00, real=0.12 secs] 
4722.632: [GC (Allocation Failure) [PSYoungGen: 21751389K->624245K(22609920K)] 22509229K->1382461K(25755648K), 0.1163464 secs] [Times: user=4.07 sys=0.00, real=0.11 secs] 
4727.140: [GC (Allocation Failure) [PSYoungGen: 21726837K->642750K(22609920K)] 22485053K->1401326K(25755648K), 0.1185557 secs] [Times: user=4.18 sys=0.00, real=0.12 secs] 
4731.652: [GC (Allocation Failure) [PSYoungGen: 21745342K->630739K(22609920K)] 22503918K->1389668K(25755648K), 0.1213172 secs] [Times: user=4.08 sys=0.00, real=0.13 secs] 
4736.162: [GC (Allocation Failure) [PSYoungGen: 21733331K->625006K(22609920K)] 22492260K->1384334K(25755648K), 0.1172609 secs] [Times: user=4.01 sys=0.00, real=0.12 secs] 
4740.714: [GC (Allocation Failure) [PSYoungGen: 21727598K->631273K(22609920K)] 22486926K->1390977K(25755648K), 0.1165377 secs] [Times: user=4.01 sys=0.00, real=0.12 secs] 
4745.301: [GC (Allocation Failure) [PSYoungGen: 21733865K->618713K(22609920K)] 22493569K->1378777K(25755648K), 0.1127620 secs] [Times: user=3.94 sys=0.00, real=0.11 secs] 
4749.889: [GC (Allocation Failure) [PSYoungGen: 21721305K->618564K(22609920K)] 22481369K->1379004K(25755648K), 0.1146777 secs] [Times: user=4.03 sys=0.01, real=0.11 secs] 
4754.344: [GC (Allocation Failure) [PSYoungGen: 21721156K->610045K(22609920K)] 22481596K->1370845K(25755648K), 0.1123598 secs] [Times: user=3.89 sys=0.00, real=0.12 secs] 
4758.896: [GC (Allocation Failure) [PSYoungGen: 21712637K->636691K(22609920K)] 22473437K->1397867K(25755648K), 0.1162659 secs] [Times: user=4.05 sys=0.00, real=0.12 secs] 
4763.392: [GC (Allocation Failure) [PSYoungGen: 21739283K->605262K(22609920K)] 22500459K->1366806K(25755648K), 0.1120749 secs] [Times: user=3.95 sys=0.00, real=0.11 secs] 
4767.806: [GC (Allocation Failure) [PSYoungGen: 21707854K->637882K(22609920K)] 22469398K->1399802K(25755648K), 0.1176346 secs] [Times: user=4.13 sys=0.01, real=0.12 secs] 
4772.327: [GC (Allocation Failure) [PSYoungGen: 21740474K->607646K(22609920K)] 22502394K->1369926K(25755648K), 0.1108236 secs] [Times: user=3.90 sys=0.00, real=0.11 secs] 
4776.766: [GC (Allocation Failure) [PSYoungGen: 21710238K->623711K(22609920K)] 22472518K->1386375K(25755648K), 0.1136869 secs] [Times: user=4.00 sys=0.00, real=0.11 secs] 
4781.176: [GC (Allocation Failure) [PSYoungGen: 21726303K->653966K(22609920K)] 22488967K->1417014K(25755648K), 0.1189618 secs] [Times: user=4.15 sys=0.00, real=0.12 secs] 
4785.627: [GC (Allocation Failure) [PSYoungGen: 21756558K->624398K(22609920K)] 22519606K->1387814K(25755648K), 0.1154960 secs] [Times: user=4.01 sys=0.00, real=0.12 secs] 
4790.167: [GC (Allocation Failure) [PSYoungGen: 21726990K->642074K(22609920K)] 22490406K->1405866K(25755648K), 0.1198215 secs] [Times: user=4.10 sys=0.01, real=0.12 secs] 
4794.595: [GC (Allocation Failure) [PSYoungGen: 21744666K->623603K(22609920K)] 22508458K->1387763K(25755648K), 0.1156302 secs] [Times: user=4.07 sys=0.00, real=0.11 secs] 
4798.985: [GC (Allocation Failure) [PSYoungGen: 21726195K->633100K(22609920K)] 22490355K->1397653K(25755648K), 0.1161643 secs] [Times: user=4.07 sys=0.00, real=0.11 secs] 
4803.309: [GC (Allocation Failure) [PSYoungGen: 21735692K->613822K(22609920K)] 22500245K->1378774K(25755648K), 0.1132027 secs] [Times: user=3.93 sys=0.00, real=0.11 secs] 
4807.680: [GC (Allocation Failure) [PSYoungGen: 21716414K->629597K(22609920K)] 22481366K->1394933K(25755648K), 0.1154051 secs] [Times: user=4.03 sys=0.00, real=0.12 secs] 
4812.078: [GC (Allocation Failure) [PSYoungGen: 21732189K->641102K(22609920K)] 22497525K->1406814K(25755648K), 0.1189537 secs] [Times: user=4.19 sys=0.00, real=0.12 secs] 
4816.545: [GC (Allocation Failure) [PSYoungGen: 21743694K->628756K(22609920K)] 22509406K->1394836K(25755648K), 0.1161749 secs] [Times: user=4.08 sys=0.00, real=0.12 secs] 
4821.061: [GC (Allocation Failure) [PSYoungGen: 21731348K->646741K(22609920K)] 22497428K->1413205K(25755648K), 0.1192074 secs] [Times: user=4.18 sys=0.00, real=0.12 secs] 
4825.434: [GC (Allocation Failure) [PSYoungGen: 21749333K->606980K(22609920K)] 22515797K->1373804K(25755648K), 0.1149889 secs] [Times: user=3.94 sys=0.00, real=0.12 secs] 
4829.836: [GC (Allocation Failure) [PSYoungGen: 21709572K->634991K(22609920K)] 22476396K->1402199K(25755648K), 0.1177622 secs] [Times: user=4.15 sys=0.00, real=0.12 secs] 
4834.306: [GC (Allocation Failure) [PSYoungGen: 21737583K->615285K(22609920K)] 22504791K->1382861K(25755648K), 0.1135116 secs] [Times: user=3.97 sys=0.00, real=0.12 secs] 
4838.672: [GC (Allocation Failure) [PSYoungGen: 21717877K->624884K(22609920K)] 22485453K->1392852K(25755648K), 0.1160937 secs] [Times: user=4.07 sys=0.00, real=0.11 secs] 
4843.130: [GC (Allocation Failure) [PSYoungGen: 21727476K->652303K(22609920K)] 22495444K->1420647K(25755648K), 0.1197428 secs] [Times: user=4.14 sys=0.00, real=0.12 secs] 
4847.458: [GC (Allocation Failure) [PSYoungGen: 21754895K->635273K(22609920K)] 22523239K->1403977K(25755648K), 0.1173317 secs] [Times: user=4.13 sys=0.00, real=0.12 secs] 
4851.894: [GC (Allocation Failure) [PSYoungGen: 21737865K->643626K(22609920K)] 22506569K->1412706K(25755648K), 0.1170454 secs] [Times: user=4.11 sys=0.00, real=0.11 secs] 
4856.397: [GC (Allocation Failure) [PSYoungGen: 21746218K->627530K(22609920K)] 22515298K->1396970K(25755648K), 0.1172536 secs] [Times: user=4.05 sys=0.00, real=0.12 secs] 
4860.731: [GC (Allocation Failure) [PSYoungGen: 21730122K->621401K(22609920K)] 22499562K->1391234K(25755648K), 0.1145163 secs] [Times: user=4.04 sys=0.00, real=0.12 secs] 
4865.265: [GC (Allocation Failure) [PSYoungGen: 21723993K->643724K(22609920K)] 22493826K->1413924K(25755648K), 0.1200815 secs] [Times: user=4.22 sys=0.00, real=0.12 secs] 
4869.609: [GC (Allocation Failure) [PSYoungGen: 21746316K->609828K(22609920K)] 22516516K->1380412K(25755648K), 0.1117240 secs] [Times: user=3.90 sys=0.00, real=0.11 secs] 
4874.073: [GC (Allocation Failure) [PSYoungGen: 21712420K->657193K(22609920K)] 22483004K->1428153K(25755648K), 0.1193498 secs] [Times: user=4.21 sys=0.01, real=0.12 secs] 
4878.625: [GC (Allocation Failure) [PSYoungGen: 21759785K->617562K(22609920K)] 22530745K->1388874K(25755648K), 0.1132057 secs] [Times: user=3.98 sys=0.00, real=0.11 secs] 
4882.955: [GC (Allocation Failure) [PSYoungGen: 21720154K->648157K(22609920K)] 22491466K->1419861K(25755648K), 0.1181997 secs] [Times: user=4.16 sys=0.01, real=0.12 secs] 
4887.395: [GC (Allocation Failure) [PSYoungGen: 21750749K->617994K(22609920K)] 22522453K->1390058K(25755648K), 0.1132475 secs] [Times: user=3.98 sys=0.00, real=0.12 secs] 
4891.738: [GC (Allocation Failure) [PSYoungGen: 21720586K->634457K(22609920K)] 22492650K->1406898K(25755648K), 0.1153539 secs] [Times: user=4.07 sys=0.00, real=0.11 secs] 
4896.068: [GC (Allocation Failure) [PSYoungGen: 21737049K->652946K(22609920K)] 22509490K->1425754K(25755648K), 0.1201890 secs] [Times: user=4.23 sys=0.00, real=0.12 secs] 
4900.557: [GC (Allocation Failure) [PSYoungGen: 21755538K->625998K(22609920K)] 22528346K->1399199K(25755648K), 0.1149272 secs] [Times: user=4.04 sys=0.00, real=0.12 secs] 
4904.809: [GC (Allocation Failure) [PSYoungGen: 21728590K->625284K(22609920K)] 22501791K->1398852K(25755648K), 0.1147998 secs] [Times: user=4.04 sys=0.01, real=0.12 secs] 
4909.331: [GC (Allocation Failure) [PSYoungGen: 21727876K->621006K(22609920K)] 22501444K->1394934K(25755648K), 0.1148610 secs] [Times: user=4.02 sys=0.00, real=0.11 secs] 
4913.714: [GC (Allocation Failure) [PSYoungGen: 21723201K->611076K(22609920K)] 22497129K->1385396K(25755648K), 0.1135507 secs] [Times: user=3.98 sys=0.01, real=0.11 secs] 
4918.032: [GC (Allocation Failure) [PSYoungGen: 21713668K->647697K(22609920K)] 22487988K->1422385K(25755648K), 0.1182555 secs] [Times: user=4.17 sys=0.00, real=0.11 secs] 
4922.415: [GC (Allocation Failure) [PSYoungGen: 21750289K->627168K(22609920K)] 22524977K->1402240K(25755648K), 0.1155400 secs] [Times: user=4.05 sys=0.00, real=0.11 secs] 
4926.773: [GC (Allocation Failure) [PSYoungGen: 21729760K->650307K(22609920K)] 22504832K->1425756K(25755648K), 0.1181384 secs] [Times: user=4.17 sys=0.00, real=0.11 secs] 
4931.041: [GC (Allocation Failure) [PSYoungGen: 21752899K->642318K(22609920K)] 22528348K->1418134K(25755648K), 0.1163278 secs] [Times: user=4.11 sys=0.01, real=0.12 secs] 
4935.427: [GC (Allocation Failure) [PSYoungGen: 21744910K->621196K(22609920K)] 22520726K->1397396K(25755648K), 0.1142008 secs] [Times: user=4.02 sys=0.00, real=0.11 secs] 
4939.695: [GC (Allocation Failure) [PSYoungGen: 21723788K->626687K(22609920K)] 22499988K->1403247K(25755648K), 0.1153559 secs] [Times: user=4.06 sys=0.00, real=0.11 secs] 
4943.988: [GC (Allocation Failure) [PSYoungGen: 21729279K->645252K(22609920K)] 22505839K->1422220K(25755648K), 0.1186530 secs] [Times: user=4.17 sys=0.01, real=0.12 secs] 
4948.300: [GC (Allocation Failure) [PSYoungGen: 21747844K->645529K(22609920K)] 22524812K->1422866K(25755648K), 0.1183469 secs] [Times: user=4.16 sys=0.00, real=0.12 secs] 
4952.704: [GC (Allocation Failure) [PSYoungGen: 21748121K->645677K(22609920K)] 22525458K->1423397K(25755648K), 0.1181770 secs] [Times: user=4.16 sys=0.00, real=0.12 secs] 
4957.014: [GC (Allocation Failure) [PSYoungGen: 21748269K->634729K(22609920K)] 22525989K->1412817K(25755648K), 0.1158038 secs] [Times: user=4.07 sys=0.00, real=0.12 secs] 
4961.328: [GC (Allocation Failure) [PSYoungGen: 21737321K->594692K(22609920K)] 22515409K->1373140K(25755648K), 0.1126609 secs] [Times: user=3.96 sys=0.01, real=0.12 secs] 
4965.596: [GC (Allocation Failure) [PSYoungGen: 21697284K->636524K(22609920K)] 22475732K->1415356K(25755648K), 0.1168601 secs] [Times: user=4.12 sys=0.01, real=0.12 secs] 
4969.793: [GC (Allocation Failure) [PSYoungGen: 21739116K->648012K(22609920K)] 22517948K->1427213K(25755648K), 0.1194832 secs] [Times: user=4.21 sys=0.00, real=0.12 secs] 
4974.151: [GC (Allocation Failure) [PSYoungGen: 21750604K->646799K(22609920K)] 22529805K->1426383K(25755648K), 0.1178746 secs] [Times: user=4.15 sys=0.01, real=0.11 secs] 
4978.510: [GC (Allocation Failure) [PSYoungGen: 21749391K->611564K(22609920K)] 22528975K->1391508K(25755648K), 0.1123355 secs] [Times: user=3.96 sys=0.00, real=0.11 secs] 
4982.669: [GC (Allocation Failure) [PSYoungGen: 21714156K->638477K(22609920K)] 22494100K->1418797K(25755648K), 0.1186863 secs] [Times: user=4.18 sys=0.01, real=0.12 secs] 
4986.834: [GC (Allocation Failure) [PSYoungGen: 21741069K->629721K(22609920K)] 22521389K->1410426K(25755648K), 0.1172150 secs] [Times: user=4.13 sys=0.00, real=0.11 secs] 
4991.084: [GC (Allocation Failure) [PSYoungGen: 21732313K->653599K(22609920K)] 22513018K->1434671K(25755648K), 0.1203845 secs] [Times: user=4.24 sys=0.00, real=0.12 secs] 
4995.273: [GC (Allocation Failure) [PSYoungGen: 21756191K->654649K(22609920K)] 22537263K->1436089K(25755648K), 0.1188068 secs] [Times: user=4.19 sys=0.00, real=0.11 secs] 
4999.498: [GC (Allocation Failure) [PSYoungGen: 21757241K->636638K(22609920K)] 22538681K->1418462K(25755648K), 0.1166435 secs] [Times: user=4.08 sys=0.00, real=0.12 secs] 
5003.756: [GC (Allocation Failure) [PSYoungGen: 21739230K->649243K(22609920K)] 22521054K->1431443K(25755648K), 0.1193624 secs] [Times: user=4.15 sys=0.00, real=0.12 secs] 
5007.970: [GC (Allocation Failure) [PSYoungGen: 21751835K->645188K(22609920K)] 22534035K->1427756K(25755648K), 0.1202410 secs] [Times: user=4.24 sys=0.00, real=0.12 secs] 
5012.060: [GC (Allocation Failure) [PSYoungGen: 21747780K->623268K(22609920K)] 22530348K->1406204K(25755648K), 0.1145727 secs] [Times: user=4.03 sys=0.00, real=0.11 secs] 
5016.339: [GC (Allocation Failure) [PSYoungGen: 21725860K->631502K(22609920K)] 22508796K->1414822K(25755648K), 0.1166644 secs] [Times: user=4.10 sys=0.01, real=0.11 secs] 
5020.530: [GC (Allocation Failure) [PSYoungGen: 21734094K->624084K(22609920K)] 22517414K->1407772K(25755648K), 0.1169904 secs] [Times: user=4.12 sys=0.00, real=0.11 secs] 
5024.740: [GC (Allocation Failure) [PSYoungGen: 21726676K->649204K(22609920K)] 22510364K->1433300K(25755648K), 0.1194776 secs] [Times: user=4.13 sys=0.00, real=0.12 secs] 
5029.014: [GC (Allocation Failure) [PSYoungGen: 21751796K->651858K(22609920K)] 22535892K->1436331K(25755648K), 0.1203633 secs] [Times: user=4.20 sys=0.00, real=0.12 secs] 
5033.353: [GC (Allocation Failure) [PSYoungGen: 21754450K->637361K(22609920K)] 22538923K->1422201K(25755648K), 0.1163188 secs] [Times: user=4.09 sys=0.01, real=0.11 secs] 
5037.450: [GC (Allocation Failure) [PSYoungGen: 21739953K->640834K(22609920K)] 22524793K->1426043K(25755648K), 0.1193710 secs] [Times: user=4.16 sys=0.00, real=0.12 secs] 
5041.627: [GC (Allocation Failure) [PSYoungGen: 21743426K->650716K(22609920K)] 22528635K->1436316K(25755648K), 0.1185845 secs] [Times: user=4.18 sys=0.01, real=0.12 secs] 
5045.693: [GC (Allocation Failure) [PSYoungGen: 21753308K->630799K(22609920K)] 22538908K->1416767K(25755648K), 0.1161624 secs] [Times: user=4.10 sys=0.00, real=0.11 secs] 
5049.854: [GC (Allocation Failure) [PSYoungGen: 21733391K->672293K(22609920K)] 22519359K->1458629K(25755648K), 0.1221034 secs] [Times: user=4.31 sys=0.00, real=0.12 secs] 
5053.981: [GC (Allocation Failure) [PSYoungGen: 21774885K->686671K(22609920K)] 22561221K->1473375K(25755648K), 0.1250805 secs] [Times: user=4.39 sys=0.00, real=0.13 secs] 
5058.158: [GC (Allocation Failure) [PSYoungGen: 21789263K->632167K(22609920K)] 22575967K->1419239K(25755648K), 0.1171491 secs] [Times: user=4.08 sys=0.00, real=0.12 secs] 
5062.376: [GC (Allocation Failure) [PSYoungGen: 21734759K->640752K(22609920K)] 22521831K->1428224K(25755648K), 0.1171226 secs] [Times: user=4.12 sys=0.00, real=0.11 secs] 
5066.538: [GC (Allocation Failure) [PSYoungGen: 21743344K->644329K(22609920K)] 22530816K->1432169K(25755648K), 0.1182713 secs] [Times: user=4.17 sys=0.01, real=0.12 secs] 
5070.787: [GC (Allocation Failure) [PSYoungGen: 21746921K->673469K(22609920K)] 22534761K->1461685K(25755648K), 0.1229284 secs] [Times: user=4.34 sys=0.00, real=0.12 secs] 
5074.900: [GC (Allocation Failure) [PSYoungGen: 21776061K->644637K(22609920K)] 22564277K->1433222K(25755648K), 0.1176399 secs] [Times: user=4.14 sys=0.00, real=0.12 secs] 
5079.029: [GC (Allocation Failure) [PSYoungGen: 21747229K->658244K(22609920K)] 22535814K->1447212K(25755648K), 0.1202560 secs] [Times: user=4.24 sys=0.00, real=0.12 secs] 
5083.310: [GC (Allocation Failure) [PSYoungGen: 21760836K->625738K(22609920K)] 22549804K->1415106K(25755648K), 0.1169189 secs] [Times: user=4.11 sys=0.00, real=0.12 secs] 
5087.625: [GC (Allocation Failure) [PSYoungGen: 21728330K->616393K(22609920K)] 22517698K->1406122K(25755648K), 0.1141220 secs] [Times: user=3.93 sys=0.00, real=0.12 secs] 
5091.730: [GC (Allocation Failure) [PSYoungGen: 21718985K->652523K(22609920K)] 22508714K->1442619K(25755648K), 0.1197107 secs] [Times: user=4.22 sys=0.00, real=0.12 secs] 
5095.868: [GC (Allocation Failure) [PSYoungGen: 21755115K->640013K(22609920K)] 22545211K->1430493K(25755648K), 0.1188296 secs] [Times: user=4.15 sys=0.01, real=0.11 secs] 
5100.045: [GC (Allocation Failure) [PSYoungGen: 21742605K->632489K(22609920K)] 22533085K->1423337K(25755648K), 0.1180912 secs] [Times: user=4.13 sys=0.01, real=0.12 secs] 
5104.186: [GC (Allocation Failure) [PSYoungGen: 21735081K->662897K(22609920K)] 22525929K->1454113K(25755648K), 0.1251032 secs] [Times: user=4.32 sys=0.00, real=0.13 secs] 
5108.320: [GC (Allocation Failure) [PSYoungGen: 21765489K->627704K(22609920K)] 22556705K->1419288K(25755648K), 0.1157779 secs] [Times: user=4.03 sys=0.00, real=0.11 secs] 
5112.486: [GC (Allocation Failure) [PSYoungGen: 21730296K->637669K(22609920K)] 22521880K->1429613K(25755648K), 0.1166932 secs] [Times: user=4.12 sys=0.00, real=0.12 secs] 
5116.600: [GC (Allocation Failure) [PSYoungGen: 21740261K->626432K(22609920K)] 22532205K->1418744K(25755648K), 0.1154232 secs] [Times: user=4.06 sys=0.00, real=0.12 secs] 
5120.744: [GC (Allocation Failure) [PSYoungGen: 21729024K->647748K(22609920K)] 22521336K->1440421K(25755648K), 0.1215331 secs] [Times: user=4.18 sys=0.01, real=0.12 secs] 
5124.870: [GC (Allocation Failure) [PSYoungGen: 21750340K->667097K(22609920K)] 22543013K->1460169K(25755648K), 0.1217010 secs] [Times: user=4.28 sys=0.01, real=0.12 secs] 
5128.965: [GC (Allocation Failure) [PSYoungGen: 21769689K->621626K(22609920K)] 22562761K->1415058K(25755648K), 0.1173329 secs] [Times: user=4.05 sys=0.00, real=0.11 secs] 
5133.069: [GC (Allocation Failure) [PSYoungGen: 21724218K->646004K(22609920K)] 22517650K->1439812K(25755648K), 0.1188611 secs] [Times: user=4.18 sys=0.01, real=0.12 secs] 
5137.239: [GC (Allocation Failure) [PSYoungGen: 21748596K->650367K(22609920K)] 22542404K->1444535K(25755648K), 0.1211880 secs] [Times: user=4.13 sys=0.00, real=0.12 secs] 
5141.413: [GC (Allocation Failure) [PSYoungGen: 21752959K->617524K(22609920K)] 22547127K->1412060K(25755648K), 0.1133926 secs] [Times: user=3.99 sys=0.00, real=0.12 secs] 
5145.476: [GC (Allocation Failure) [PSYoungGen: 21720116K->610596K(22609920K)] 22514652K->1405516K(25755648K), 0.1167646 secs] [Times: user=4.00 sys=0.00, real=0.12 secs] 
5149.637: [GC (Allocation Failure) [PSYoungGen: 21713188K->651068K(22609920K)] 22508108K->1446356K(25755648K), 0.1195235 secs] [Times: user=4.21 sys=0.00, real=0.12 secs] 
5153.761: [GC (Allocation Failure) [PSYoungGen: 21753660K->637305K(22609920K)] 22548948K->1432953K(25755648K), 0.1175311 secs] [Times: user=4.12 sys=0.01, real=0.12 secs] 
5158.007: [GC (Allocation Failure) [PSYoungGen: 21739897K->644025K(22609920K)] 22535545K->1440049K(25755648K), 0.1182328 secs] [Times: user=4.07 sys=0.00, real=0.12 secs] 
5162.171: [GC (Allocation Failure) [PSYoungGen: 21746617K->643899K(22609920K)] 22542641K->1440300K(25755648K), 0.1206915 secs] [Times: user=4.19 sys=0.00, real=0.12 secs] 
5166.140: [GC (Allocation Failure) [PSYoungGen: 21746491K->651946K(22609920K)] 22542892K->1448714K(25755648K), 0.1177036 secs] [Times: user=4.14 sys=0.00, real=0.11 secs] 
5170.332: [GC (Allocation Failure) [PSYoungGen: 21754538K->616686K(22609920K)] 22551306K->1413846K(25755648K), 0.1139310 secs] [Times: user=4.01 sys=0.00, real=0.11 secs] 
5174.359: [GC (Allocation Failure) [PSYoungGen: 21719278K->614605K(22609920K)] 22516438K->1412133K(25755648K), 0.1122950 secs] [Times: user=3.95 sys=0.01, real=0.12 secs] 
5178.484: [GC (Allocation Failure) [PSYoungGen: 21717197K->624195K(22609920K)] 22514725K->1422099K(25755648K), 0.1161839 secs] [Times: user=3.99 sys=0.00, real=0.11 secs] 
5182.447: [GC (Allocation Failure) [PSYoungGen: 21726787K->625118K(22609920K)] 22524691K->1423390K(25755648K), 0.1144301 secs] [Times: user=4.03 sys=0.01, real=0.11 secs] 
5186.547: [GC (Allocation Failure) [PSYoungGen: 21727710K->637919K(22609920K)] 22525982K->1436575K(25755648K), 0.1171799 secs] [Times: user=4.08 sys=0.00, real=0.12 secs] 
5190.575: [GC (Allocation Failure) [PSYoungGen: 21740511K->652173K(22609920K)] 22539167K->1451197K(25755648K), 0.1186947 secs] [Times: user=4.19 sys=0.00, real=0.12 secs] 
5194.537: [GC (Allocation Failure) [PSYoungGen: 21754765K->665827K(22609920K)] 22553789K->1465227K(25755648K), 0.1215835 secs] [Times: user=4.22 sys=0.00, real=0.12 secs] 
5198.612: [GC (Allocation Failure) [PSYoungGen: 21768419K->651259K(22609920K)] 22567819K->1451027K(25755648K), 0.1182104 secs] [Times: user=4.17 sys=0.00, real=0.12 secs] 
5202.758: [GC (Allocation Failure) [PSYoungGen: 21753851K->651868K(22609920K)] 22553619K->1452020K(25755648K), 0.1204955 secs] [Times: user=4.16 sys=0.00, real=0.12 secs] 
5206.787: [GC (Allocation Failure) [PSYoungGen: 21754460K->643406K(22609920K)] 22554612K->1443926K(25755648K), 0.1164908 secs] [Times: user=4.10 sys=0.00, real=0.11 secs] 
5210.788: [GC (Allocation Failure) [PSYoungGen: 21745998K->678983K(22609920K)] 22546518K->1479879K(25755648K), 0.1249056 secs] [Times: user=4.40 sys=0.00, real=0.12 secs] 
5214.890: [GC (Allocation Failure) [PSYoungGen: 21781575K->628596K(22609920K)] 22582471K->1429852K(25755648K), 0.1189462 secs] [Times: user=4.18 sys=0.00, real=0.12 secs] 
5219.032: [GC (Allocation Failure) [PSYoungGen: 21731188K->644967K(22609920K)] 22532444K->1446600K(25755648K), 0.1208711 secs] [Times: user=4.25 sys=0.00, real=0.12 secs] 
5223.093: [GC (Allocation Failure) [PSYoungGen: 21747559K->654079K(22609920K)] 22549192K->1456087K(25755648K), 0.1214952 secs] [Times: user=4.21 sys=0.00, real=0.12 secs] 
5227.198: [GC (Allocation Failure) [PSYoungGen: 21756671K->654027K(22609920K)] 22558679K->1456443K(25755648K), 0.1208884 secs] [Times: user=4.27 sys=0.00, real=0.12 secs] 
5231.172: [GC (Allocation Failure) [PSYoungGen: 21756619K->642628K(22609920K)] 22559035K->1445436K(25755648K), 0.1177404 secs] [Times: user=4.05 sys=0.00, real=0.12 secs] 
5235.341: [GC (Allocation Failure) [PSYoungGen: 21745220K->623465K(22609920K)] 22548028K->1426649K(25755648K), 0.1137305 secs] [Times: user=4.00 sys=0.00, real=0.11 secs] 
5239.313: [GC (Allocation Failure) [PSYoungGen: 21726057K->617677K(22609920K)] 22529241K->1421221K(25755648K), 0.1139936 secs] [Times: user=4.01 sys=0.00, real=0.11 secs] 
5243.442: [GC (Allocation Failure) [PSYoungGen: 21720269K->666406K(22609920K)] 22523813K->1470326K(25755648K), 0.1227818 secs] [Times: user=4.24 sys=0.01, real=0.12 secs] 
5247.428: [GC (Allocation Failure) [PSYoungGen: 21768998K->657122K(22609920K)] 22572918K->1461410K(25755648K), 0.1211588 secs] [Times: user=4.18 sys=0.00, real=0.12 secs] 
5251.634: [GC (Allocation Failure) [PSYoungGen: 21759714K->639138K(22609920K)] 22564002K->1443810K(25755648K), 0.1188439 secs] [Times: user=4.19 sys=0.01, real=0.12 secs] 
5255.693: [GC (Allocation Failure) [PSYoungGen: 21741730K->631480K(22609920K)] 22546402K->1436521K(25755648K), 0.1172748 secs] [Times: user=4.12 sys=0.00, real=0.11 secs] 
5259.643: [GC (Allocation Failure) [PSYoungGen: 21734072K->625156K(22609920K)] 22539113K->1430572K(25755648K), 0.1152764 secs] [Times: user=4.06 sys=0.00, real=0.12 secs] 
5263.626: [GC (Allocation Failure) [PSYoungGen: 21727748K->648079K(22609920K)] 22533164K->1453863K(25755648K), 0.1179123 secs] [Times: user=4.15 sys=0.01, real=0.12 secs] 
5267.516: [GC (Allocation Failure) [PSYoungGen: 21750671K->635705K(22609920K)] 22556455K->1441873K(25755648K), 0.1184555 secs] [Times: user=4.17 sys=0.01, real=0.12 secs] 
5271.465: [GC (Allocation Failure) [PSYoungGen: 21738297K->635754K(22609920K)] 22544465K->1442306K(25755648K), 0.1160654 secs] [Times: user=4.09 sys=0.00, real=0.12 secs] 
5275.548: [GC (Allocation Failure) [PSYoungGen: 21738346K->629615K(22609920K)] 22544898K->1436543K(25755648K), 0.1149902 secs] [Times: user=4.05 sys=0.00, real=0.11 secs] 
5279.630: [GC (Allocation Failure) [PSYoungGen: 21732207K->653822K(22609920K)] 22539135K->1461126K(25755648K), 0.1195562 secs] [Times: user=4.22 sys=0.00, real=0.12 secs] 
5283.663: [GC (Allocation Failure) [PSYoungGen: 21756414K->645486K(22609920K)] 22563718K->1453166K(25755648K), 0.1187468 secs] [Times: user=4.13 sys=0.00, real=0.12 secs] 
5287.559: [GC (Allocation Failure) [PSYoungGen: 21748078K->633241K(22609920K)] 22555758K->1441289K(25755648K), 0.1173282 secs] [Times: user=4.07 sys=0.00, real=0.11 secs] 
5291.553: [GC (Allocation Failure) [PSYoungGen: 21735833K->642965K(22609920K)] 22543881K->1451381K(25755648K), 0.1185817 secs] [Times: user=4.16 sys=0.01, real=0.12 secs] 
5295.544: [GC (Allocation Failure) [PSYoungGen: 21745557K->654663K(22609920K)] 22553973K->1463463K(25755648K), 0.1199159 secs] [Times: user=4.22 sys=0.00, real=0.12 secs] 
5299.489: [GC (Allocation Failure) [PSYoungGen: 21757255K->657987K(22609920K)] 22566055K->1467163K(25755648K), 0.1213505 secs] [Times: user=4.23 sys=0.01, real=0.13 secs] 
5303.557: [GC (Allocation Failure) [PSYoungGen: 21760579K->615705K(22609920K)] 22569755K->1425250K(25755648K), 0.1129444 secs] [Times: user=3.97 sys=0.00, real=0.11 secs] 
5307.623: [GC (Allocation Failure) [PSYoungGen: 21718297K->635006K(22609920K)] 22527842K->1444918K(25755648K), 0.1174439 secs] [Times: user=4.13 sys=0.00, real=0.12 secs] 
5311.555: [GC (Allocation Failure) [PSYoungGen: 21737598K->623577K(22609920K)] 22547510K->1433857K(25755648K), 0.1142066 secs] [Times: user=4.02 sys=0.00, real=0.11 secs] 
5315.484: [GC (Allocation Failure) [PSYoungGen: 21726169K->633758K(22609920K)] 22536449K->1444414K(25755648K), 0.1183048 secs] [Times: user=4.14 sys=0.00, real=0.12 secs] 
5319.370: [GC (Allocation Failure) [PSYoungGen: 21736350K->625197K(22609920K)] 22547006K->1436222K(25755648K), 0.1171183 secs] [Times: user=4.13 sys=0.00, real=0.12 secs] 
5323.425: [GC (Allocation Failure) [PSYoungGen: 21727789K->605684K(22609920K)] 22538814K->1417076K(25755648K), 0.1173708 secs] [Times: user=3.96 sys=0.00, real=0.11 secs] 
5327.279: [GC (Allocation Failure) [PSYoungGen: 21708276K->659672K(22609920K)] 22519668K->1471448K(25755648K), 0.1234522 secs] [Times: user=4.31 sys=0.00, real=0.12 secs] 
5331.177: [GC (Allocation Failure) [PSYoungGen: 21762264K->684919K(22609920K)] 22574040K->1497063K(25755648K), 0.1243748 secs] [Times: user=4.37 sys=0.01, real=0.12 secs] 
5335.055: [GC (Allocation Failure) [PSYoungGen: 21787511K->707424K(22609920K)] 22599655K->1519936K(25755648K), 0.1285331 secs] [Times: user=4.54 sys=0.00, real=0.12 secs] 
5338.943: [GC (Allocation Failure) [PSYoungGen: 21810016K->681336K(22609920K)] 22622528K->1494216K(25755648K), 0.1226661 secs] [Times: user=4.33 sys=0.00, real=0.13 secs] 
5342.931: [GC (Allocation Failure) [PSYoungGen: 21783928K->664227K(22609920K)] 22596808K->1477491K(25755648K), 0.1213346 secs] [Times: user=4.24 sys=0.00, real=0.12 secs] 
5346.778: [GC (Allocation Failure) [PSYoungGen: 21766819K->632810K(22609920K)] 22580083K->1446450K(25755648K), 0.1162599 secs] [Times: user=4.09 sys=0.01, real=0.11 secs] 
5350.792: [GC (Allocation Failure) [PSYoungGen: 21735402K->628212K(22609920K)] 22549042K->1442220K(25755648K), 0.1170299 secs] [Times: user=4.01 sys=0.00, real=0.12 secs] 
5354.728: [GC (Allocation Failure) [PSYoungGen: 21730804K->640569K(22609920K)] 22544812K->1454969K(25755648K), 0.1196535 secs] [Times: user=4.22 sys=0.01, real=0.12 secs] 
5358.726: [GC (Allocation Failure) [PSYoungGen: 21743161K->654140K(22609920K)] 22557561K->1468916K(25755648K), 0.1196945 secs] [Times: user=4.20 sys=0.00, real=0.12 secs] 
5362.712: [GC (Allocation Failure) [PSYoungGen: 21756732K->648630K(22609920K)] 22571508K->1463782K(25755648K), 0.1194488 secs] [Times: user=4.22 sys=0.00, real=0.12 secs] 
5366.646: [GC (Allocation Failure) [PSYoungGen: 21751222K->631059K(22609920K)] 22566374K->1446571K(25755648K), 0.1147606 secs] [Times: user=4.04 sys=0.01, real=0.12 secs] 
5370.509: [GC (Allocation Failure) [PSYoungGen: 21733651K->638228K(22609920K)] 22549163K->1454156K(25755648K), 0.1173670 secs] [Times: user=4.14 sys=0.00, real=0.12 secs] 
5374.563: [GC (Allocation Failure) [PSYoungGen: 21740820K->640035K(22609920K)] 22556748K->1456347K(25755648K), 0.1167601 secs] [Times: user=4.10 sys=0.00, real=0.11 secs] 
5378.447: [GC (Allocation Failure) [PSYoungGen: 21742627K->649545K(22609920K)] 22558939K->1466217K(25755648K), 0.1193931 secs] [Times: user=4.16 sys=0.01, real=0.12 secs] 
5382.349: [GC (Allocation Failure) [PSYoungGen: 21752137K->650532K(22609920K)] 22568809K->1467581K(25755648K), 0.1199832 secs] [Times: user=4.22 sys=0.00, real=0.12 secs] 
5386.304: [GC (Allocation Failure) [PSYoungGen: 21753124K->663264K(22609920K)] 22570173K->1480672K(25755648K), 0.1237364 secs] [Times: user=4.32 sys=0.00, real=0.12 secs] 
5390.065: [GC (Allocation Failure) [PSYoungGen: 21765856K->665271K(22609920K)] 22583264K->1483063K(25755648K), 0.1210382 secs] [Times: user=4.27 sys=0.00, real=0.12 secs] 
5393.990: [GC (Allocation Failure) [PSYoungGen: 21767863K->651986K(22609920K)] 22585655K->1470146K(25755648K), 0.1193686 secs] [Times: user=4.20 sys=0.01, real=0.12 secs] 
5397.801: [GC (Allocation Failure) [PSYoungGen: 21754578K->635780K(22609920K)] 22572738K->1454316K(25755648K), 0.1184212 secs] [Times: user=4.18 sys=0.00, real=0.12 secs] 
5401.625: [GC (Allocation Failure) [PSYoungGen: 21738372K->643385K(22609920K)] 22556908K->1462297K(25755648K), 0.1174053 secs] [Times: user=4.13 sys=0.00, real=0.11 secs] 
5405.565: [GC (Allocation Failure) [PSYoungGen: 21745977K->631959K(22609920K)] 22564889K->1451256K(25755648K), 0.1185183 secs] [Times: user=4.15 sys=0.01, real=0.12 secs] 
5409.506: [GC (Allocation Failure) [PSYoungGen: 21734551K->647521K(22609920K)] 22553848K->1467193K(25755648K), 0.1209081 secs] [Times: user=4.24 sys=0.00, real=0.13 secs] 
5413.379: [GC (Allocation Failure) [PSYoungGen: 21750113K->621290K(22609920K)] 22569785K->1441354K(25755648K), 0.1136091 secs] [Times: user=3.99 sys=0.01, real=0.11 secs] 
5417.247: [GC (Allocation Failure) [PSYoungGen: 21723882K->645606K(22609920K)] 22543946K->1466038K(25755648K), 0.1178910 secs] [Times: user=4.15 sys=0.00, real=0.11 secs] 
5421.194: [GC (Allocation Failure) [PSYoungGen: 21748198K->692888K(22609920K)] 22568630K->1513696K(25755648K), 0.1270652 secs] [Times: user=4.40 sys=0.00, real=0.13 secs] 
5425.031: [GC (Allocation Failure) [PSYoungGen: 21795480K->664234K(22609920K)] 22616288K->1485426K(25755648K), 0.1231957 secs] [Times: user=4.20 sys=0.01, real=0.12 secs] 
5428.918: [GC (Allocation Failure) [PSYoungGen: 21766826K->655667K(22609920K)] 22588018K->1477227K(25755648K), 0.1201121 secs] [Times: user=4.21 sys=0.01, real=0.12 secs] 
5432.775: [GC (Allocation Failure) [PSYoungGen: 21758259K->642612K(22609920K)] 22579819K->1464556K(25755648K), 0.1211974 secs] [Times: user=4.22 sys=0.00, real=0.12 secs] 
5436.685: [GC (Allocation Failure) [PSYoungGen: 21745204K->665321K(22609920K)] 22567148K->1487657K(25755648K), 0.1210083 secs] [Times: user=4.25 sys=0.01, real=0.12 secs] 
5440.587: [GC (Allocation Failure) [PSYoungGen: 21767913K->637508K(22609920K)] 22590249K->1460221K(25755648K), 0.1172291 secs] [Times: user=4.13 sys=0.01, real=0.12 secs] 
5444.523: [GC (Allocation Failure) [PSYoungGen: 21740100K->641812K(22609920K)] 22562813K->1464868K(25755648K), 0.1195750 secs] [Times: user=4.09 sys=0.00, real=0.12 secs] 
5448.385: [GC (Allocation Failure) [PSYoungGen: 21744404K->606089K(22609920K)] 22567460K->1429529K(25755648K), 0.1143013 secs] [Times: user=3.93 sys=0.00, real=0.11 secs] 
5452.227: [GC (Allocation Failure) [PSYoungGen: 21708681K->665869K(22609920K)] 22532121K->1489694K(25755648K), 0.1237746 secs] [Times: user=4.35 sys=0.00, real=0.12 secs] 
5456.102: [GC (Allocation Failure) [PSYoungGen: 21768461K->661722K(22609920K)] 22592286K->1485930K(25755648K), 0.1206286 secs] [Times: user=4.25 sys=0.00, real=0.12 secs] 
5459.941: [GC (Allocation Failure) [PSYoungGen: 21764314K->646329K(22609920K)] 22588522K->1470905K(25755648K), 0.1207797 secs] [Times: user=4.20 sys=0.00, real=0.12 secs] 
5463.755: [GC (Allocation Failure) [PSYoungGen: 21748921K->639182K(22609920K)] 22573497K->1464134K(25755648K), 0.1179328 secs] [Times: user=4.14 sys=0.01, real=0.11 secs] 
5467.580: [GC (Allocation Failure) [PSYoungGen: 21741774K->651138K(22609920K)] 22566726K->1476482K(25755648K), 0.1190597 secs] [Times: user=4.19 sys=0.00, real=0.12 secs] 
5471.341: [GC (Allocation Failure) [PSYoungGen: 21753730K->620098K(22609920K)] 22579074K->1445810K(25755648K), 0.1145677 secs] [Times: user=4.02 sys=0.00, real=0.12 secs] 
5475.186: [GC (Allocation Failure) [PSYoungGen: 21722690K->678574K(22609920K)] 22548402K->1504647K(25755648K), 0.1245860 secs] [Times: user=4.34 sys=0.00, real=0.13 secs] 
5478.882: [GC (Allocation Failure) [PSYoungGen: 21781166K->633380K(22609920K)] 22607239K->1459812K(25755648K), 0.1152623 secs] [Times: user=4.05 sys=0.00, real=0.12 secs] 
5482.638: [GC (Allocation Failure) [PSYoungGen: 21735972K->653655K(22609920K)] 22562404K->1480463K(25755648K), 0.1198165 secs] [Times: user=4.21 sys=0.00, real=0.12 secs] 
5486.501: [GC (Allocation Failure) [PSYoungGen: 21756247K->629033K(22609920K)] 22583055K->1456217K(25755648K), 0.1142651 secs] [Times: user=4.02 sys=0.00, real=0.11 secs] 
5490.303: [GC (Allocation Failure) [PSYoungGen: 21731625K->644865K(22609920K)] 22558809K->1472426K(25755648K), 0.1179544 secs] [Times: user=4.15 sys=0.00, real=0.12 secs] 
5494.041: [GC (Allocation Failure) [PSYoungGen: 21747457K->668715K(22609920K)] 22575018K->1496659K(25755648K), 0.1217250 secs] [Times: user=4.28 sys=0.00, real=0.12 secs] 
5497.859: [GC (Allocation Failure) [PSYoungGen: 21771307K->659769K(22609920K)] 22599251K->1488089K(25755648K), 0.1200476 secs] [Times: user=4.23 sys=0.00, real=0.13 secs] 
5501.627: [GC (Allocation Failure) [PSYoungGen: 21762361K->646361K(22609920K)] 22590681K->1475049K(25755648K), 0.1181134 secs] [Times: user=4.16 sys=0.00, real=0.12 secs] 
5505.455: [GC (Allocation Failure) [PSYoungGen: 21748953K->632047K(22609920K)] 22577641K->1461111K(25755648K), 0.1175266 secs] [Times: user=4.14 sys=0.00, real=0.12 secs] 
5509.195: [GC (Allocation Failure) [PSYoungGen: 21734639K->695114K(22609920K)] 22563703K->1524538K(25755648K), 0.1262457 secs] [Times: user=4.45 sys=0.00, real=0.12 secs] 
5512.968: [GC (Allocation Failure) [PSYoungGen: 21797706K->683957K(22609920K)] 22627130K->1513797K(25755648K), 0.1239929 secs] [Times: user=4.38 sys=0.00, real=0.12 secs] 
5516.772: [GC (Allocation Failure) [PSYoungGen: 21786549K->649337K(22609920K)] 22616389K->1479561K(25755648K), 0.1185115 secs] [Times: user=4.19 sys=0.00, real=0.12 secs] 
5520.626: [GC (Allocation Failure) [PSYoungGen: 21751929K->647678K(22609920K)] 22582153K->1478286K(25755648K), 0.1177590 secs] [Times: user=4.16 sys=0.00, real=0.12 secs] 
5524.330: [GC (Allocation Failure) [PSYoungGen: 21750270K->638265K(22609920K)] 22580878K->1469249K(25755648K), 0.1174757 secs] [Times: user=4.14 sys=0.00, real=0.12 secs] 
5528.161: [GC (Allocation Failure) [PSYoungGen: 21740857K->667028K(22609920K)] 22571841K->1498405K(25755648K), 0.1212048 secs] [Times: user=4.27 sys=0.00, real=0.12 secs] 
5532.038: [GC (Allocation Failure) [PSYoungGen: 21769620K->642009K(22609920K)] 22600997K->1473746K(25755648K), 0.1172671 secs] [Times: user=4.13 sys=0.00, real=0.12 secs] 
5535.856: [GC (Allocation Failure) [PSYoungGen: 21744601K->652985K(22609920K)] 22576338K->1485105K(25755648K), 0.1192406 secs] [Times: user=4.20 sys=0.00, real=0.12 secs] 
5539.607: [GC (Allocation Failure) [PSYoungGen: 21755577K->696858K(22609920K)] 22587697K->1529362K(25755648K), 0.1265252 secs] [Times: user=4.46 sys=0.00, real=0.12 secs] 
5543.344: [GC (Allocation Failure) [PSYoungGen: 21799450K->635070K(22609920K)] 22631954K->1467943K(25755648K), 0.1165330 secs] [Times: user=4.10 sys=0.01, real=0.12 secs] 
5547.165: [GC (Allocation Failure) [PSYoungGen: 21737662K->680443K(22609920K)] 22570535K->1513691K(25755648K), 0.1238872 secs] [Times: user=4.37 sys=0.00, real=0.13 secs] 
5550.932: [GC (Allocation Failure) [PSYoungGen: 21783035K->667227K(22609920K)] 22616283K->1500828K(25755648K), 0.1220205 secs] [Times: user=4.30 sys=0.00, real=0.12 secs] 
5554.620: [GC (Allocation Failure) [PSYoungGen: 21769819K->642819K(22609920K)] 22603420K->1476787K(25755648K), 0.1182283 secs] [Times: user=4.16 sys=0.00, real=0.12 secs] 
5558.365: [GC (Allocation Failure) [PSYoungGen: 21745411K->621987K(22609920K)] 22579379K->1456331K(25755648K), 0.1150676 secs] [Times: user=4.05 sys=0.00, real=0.12 secs] 
5562.104: [GC (Allocation Failure) [PSYoungGen: 21724579K->681806K(22609920K)] 22558923K->1516534K(25755648K), 0.1234879 secs] [Times: user=4.36 sys=0.01, real=0.12 secs] 
5565.921: [GC (Allocation Failure) [PSYoungGen: 21784398K->676825K(22609920K)] 22619126K->1511913K(25755648K), 0.1249841 secs] [Times: user=4.40 sys=0.00, real=0.12 secs] 
5569.781: [GC (Allocation Failure) [PSYoungGen: 21779417K->654374K(22609920K)] 22614505K->1489855K(25755648K), 0.1206786 secs] [Times: user=4.21 sys=0.00, real=0.12 secs] 
5573.471: [GC (Allocation Failure) [PSYoungGen: 21756966K->629689K(22609920K)] 22592447K->1465545K(25755648K), 0.1161667 secs] [Times: user=4.05 sys=0.00, real=0.11 secs] 
5577.284: [GC (Allocation Failure) [PSYoungGen: 21732281K->702233K(22609920K)] 22568137K->1538465K(25755648K), 0.1260537 secs] [Times: user=4.44 sys=0.00, real=0.12 secs] 
5581.075: [GC (Allocation Failure) [PSYoungGen: 21804825K->651066K(22609920K)] 22641057K->1487674K(25755648K), 0.1196944 secs] [Times: user=4.20 sys=0.00, real=0.12 secs] 
5584.858: [GC (Allocation Failure) [PSYoungGen: 21753658K->663859K(22609920K)] 22590266K->1500819K(25755648K), 0.1215233 secs] [Times: user=4.29 sys=0.00, real=0.12 secs] 
5588.636: [GC (Allocation Failure) [PSYoungGen: 21766451K->658497K(22609920K)] 22603411K->1495841K(25755648K), 0.1199153 secs] [Times: user=4.22 sys=0.00, real=0.12 secs] 
5592.370: [GC (Allocation Failure) [PSYoungGen: 21761089K->617517K(22609920K)] 22598433K->1455238K(25755648K), 0.1133434 secs] [Times: user=3.99 sys=0.01, real=0.11 secs] 
5596.143: [GC (Allocation Failure) [PSYoungGen: 21720109K->718380K(22609920K)] 22557830K->1556484K(25755648K), 0.1303764 secs] [Times: user=4.59 sys=0.00, real=0.13 secs] 
5599.818: [GC (Allocation Failure) [PSYoungGen: 21820972K->647088K(22609920K)] 22659076K->1485576K(25755648K), 0.1186336 secs] [Times: user=4.17 sys=0.00, real=0.12 secs] 
5603.614: [GC (Allocation Failure) [PSYoungGen: 21749680K->652707K(22609920K)] 22588168K->1491547K(25755648K), 0.1197754 secs] [Times: user=4.23 sys=0.00, real=0.12 secs] 
5607.404: [GC (Allocation Failure) [PSYoungGen: 21755299K->619588K(22609920K)] 22594139K->1458813K(25755648K), 0.1164408 secs] [Times: user=4.07 sys=0.00, real=0.12 secs] 
5611.143: [GC (Allocation Failure) [PSYoungGen: 21722180K->698151K(22609920K)] 22561405K->1537767K(25755648K), 0.1261953 secs] [Times: user=4.46 sys=0.00, real=0.13 secs] 
5614.825: [GC (Allocation Failure) [PSYoungGen: 21800743K->678445K(22609920K)] 22640359K->1518445K(25755648K), 0.1250419 secs] [Times: user=4.32 sys=0.00, real=0.13 secs] 
5618.494: [GC (Allocation Failure) [PSYoungGen: 21781037K->640565K(22609920K)] 22621037K->1480933K(25755648K), 0.1179781 secs] [Times: user=4.11 sys=0.00, real=0.12 secs] 
5622.206: [GC (Allocation Failure) [PSYoungGen: 21743157K->638084K(22609920K)] 22583525K->1478828K(25755648K), 0.1165295 secs] [Times: user=4.08 sys=0.00, real=0.12 secs] 
5626.047: [GC (Allocation Failure) [PSYoungGen: 21740676K->634500K(22609920K)] 22581420K->1475620K(25755648K), 0.1199845 secs] [Times: user=4.22 sys=0.01, real=0.12 secs] 
5629.698: [GC (Allocation Failure) [PSYoungGen: 21737092K->651950K(22609920K)] 22578212K->1493455K(25755648K), 0.1187145 secs] [Times: user=4.18 sys=0.00, real=0.12 secs] 
5633.392: [GC (Allocation Failure) [PSYoungGen: 21754542K->658281K(22609920K)] 22596047K->1500137K(25755648K), 0.1206285 secs] [Times: user=4.18 sys=0.00, real=0.12 secs] 
5637.098: [GC (Allocation Failure) [PSYoungGen: 21760873K->685788K(22609920K)] 22602729K->1528028K(25755648K), 0.1274715 secs] [Times: user=4.46 sys=0.00, real=0.13 secs] 
5640.767: [GC (Allocation Failure) [PSYoungGen: 21788380K->712972K(22609920K)] 22630620K->1555596K(25755648K), 0.1285239 secs] [Times: user=4.52 sys=0.00, real=0.13 secs] 
5644.575: [GC (Allocation Failure) [PSYoungGen: 21815564K->622379K(22609920K)] 22658188K->1465379K(25755648K), 0.1157319 secs] [Times: user=4.07 sys=0.01, real=0.11 secs] 
5648.251: [GC (Allocation Failure) [PSYoungGen: 21724971K->715496K(22609920K)] 22567971K->1558872K(25755648K), 0.1284573 secs] [Times: user=4.53 sys=0.00, real=0.13 secs] 
5651.848: [GC (Allocation Failure) [PSYoungGen: 21818088K->700326K(22609920K)] 22661464K->1544062K(25755648K), 0.1272797 secs] [Times: user=4.47 sys=0.00, real=0.13 secs] 
5655.581: [GC (Allocation Failure) [PSYoungGen: 21802918K->703744K(22609920K)] 22646654K->1547904K(25755648K), 0.1275193 secs] [Times: user=4.47 sys=0.00, real=0.13 secs] 
5659.208: [GC (Allocation Failure) [PSYoungGen: 21806336K->685980K(22609920K)] 22650496K->1530516K(25755648K), 0.1276207 secs] [Times: user=4.40 sys=0.00, real=0.13 secs] 
5662.841: [GC (Allocation Failure) [PSYoungGen: 21788572K->725300K(22609920K)] 22633108K->1570212K(25755648K), 0.1316098 secs] [Times: user=4.57 sys=0.00, real=0.13 secs] 
5666.672: [GC (Allocation Failure) [PSYoungGen: 21827892K->668680K(22609920K)] 22672804K->1513944K(25755648K), 0.1213521 secs] [Times: user=4.29 sys=0.01, real=0.12 secs] 
5670.495: [GC (Allocation Failure) [PSYoungGen: 21771272K->653684K(22609920K)] 22616536K->1499332K(25755648K), 0.1209054 secs] [Times: user=4.15 sys=0.00, real=0.13 secs] 
5674.207: [GC (Allocation Failure) [PSYoungGen: 21756276K->686194K(22609920K)] 22601924K->1532234K(25755648K), 0.1252248 secs] [Times: user=4.41 sys=0.01, real=0.12 secs] 
5677.912: [GC (Allocation Failure) [PSYoungGen: 21788786K->667875K(22609920K)] 22634826K->1514275K(25755648K), 0.1228213 secs] [Times: user=4.33 sys=0.00, real=0.12 secs] 
5681.590: [GC (Allocation Failure) [PSYoungGen: 21770467K->655116K(22609920K)] 22616867K->1501900K(25755648K), 0.1209136 secs] [Times: user=4.22 sys=0.00, real=0.12 secs] 
5685.171: [GC (Allocation Failure) [PSYoungGen: 21757708K->711091K(22609920K)] 22604492K->1558259K(25755648K), 0.1290398 secs] [Times: user=4.55 sys=0.00, real=0.13 secs] 
5688.794: [GC (Allocation Failure) [PSYoungGen: 21813683K->674253K(22609920K)] 22660851K->1521789K(25755648K), 0.1246292 secs] [Times: user=4.30 sys=0.00, real=0.13 secs] 
5692.415: [GC (Allocation Failure) [PSYoungGen: 21776845K->629806K(22609920K)] 22624381K->1477702K(25755648K), 0.1178487 secs] [Times: user=4.14 sys=0.00, real=0.12 secs] 
5696.154: [GC (Allocation Failure) [PSYoungGen: 21732398K->685341K(22609920K)] 22580294K->1533621K(25755648K), 0.1238553 secs] [Times: user=4.36 sys=0.00, real=0.12 secs] 
5699.810: [GC (Allocation Failure) [PSYoungGen: 21787933K->656857K(22609920K)] 22636213K->1505506K(25755648K), 0.1204611 secs] [Times: user=4.26 sys=0.00, real=0.13 secs] 
5703.459: [GC (Allocation Failure) [PSYoungGen: 21759449K->638680K(22609920K)] 22608098K->1487689K(25755648K), 0.1181617 secs] [Times: user=4.16 sys=0.00, real=0.12 secs] 
5707.140: [GC (Allocation Failure) [PSYoungGen: 21741272K->691039K(22609920K)] 22590281K->1540431K(25755648K), 0.1262856 secs] [Times: user=4.42 sys=0.00, real=0.13 secs] 
5710.733: [GC (Allocation Failure) [PSYoungGen: 21793631K->680195K(22609920K)] 22643023K->1529971K(25755648K), 0.1241524 secs] [Times: user=4.37 sys=0.01, real=0.12 secs] 
5714.463: [GC (Allocation Failure) [PSYoungGen: 21782787K->641419K(22609920K)] 22632563K->1491555K(25755648K), 0.1182704 secs] [Times: user=4.13 sys=0.00, real=0.11 secs] 
5718.035: [GC (Allocation Failure) [PSYoungGen: 21744011K->704424K(22609920K)] 22594147K->1554944K(25755648K), 0.1280512 secs] [Times: user=4.52 sys=0.00, real=0.12 secs] 
5721.628: [GC (Allocation Failure) [PSYoungGen: 21807016K->660808K(22609920K)] 22657536K->1511712K(25755648K), 0.1204560 secs] [Times: user=4.24 sys=0.00, real=0.12 secs] 
5725.333: [GC (Allocation Failure) [PSYoungGen: 21763400K->653091K(22609920K)] 22614304K->1504380K(25755648K), 0.1198087 secs] [Times: user=4.22 sys=0.00, real=0.12 secs] 
5728.985: [GC (Allocation Failure) [PSYoungGen: 21755683K->648800K(22609920K)] 22606972K->1500448K(25755648K), 0.1187523 secs] [Times: user=4.17 sys=0.00, real=0.11 secs] 
5732.659: [GC (Allocation Failure) [PSYoungGen: 21751392K->674520K(22609920K)] 22603040K->1526536K(25755648K), 0.1231856 secs] [Times: user=4.32 sys=0.00, real=0.12 secs] 
5736.334: [GC (Allocation Failure) [PSYoungGen: 21777112K->623292K(22609920K)] 22629128K->1475684K(25755648K), 0.1148539 secs] [Times: user=4.02 sys=0.00, real=0.12 secs] 
5739.903: [GC (Allocation Failure) [PSYoungGen: 21725884K->688553K(22609920K)] 22578276K->1541306K(25755648K), 0.1248695 secs] [Times: user=4.40 sys=0.00, real=0.13 secs] 
5743.618: [GC (Allocation Failure) [PSYoungGen: 21791145K->691694K(22609920K)] 22643898K->1544838K(25755648K), 0.1270386 secs] [Times: user=4.45 sys=0.00, real=0.12 secs] 
5747.293: [GC (Allocation Failure) [PSYoungGen: 21794286K->675103K(22609920K)] 22647430K->1528631K(25755648K), 0.1232080 secs] [Times: user=4.32 sys=0.00, real=0.12 secs] 
5751.015: [GC (Allocation Failure) [PSYoungGen: 21777695K->667287K(22609920K)] 22631223K->1521167K(25755648K), 0.1217466 secs] [Times: user=4.29 sys=0.00, real=0.12 secs] 
5754.562: [GC (Allocation Failure) [PSYoungGen: 21769879K->666108K(22609920K)] 22623759K->1520364K(25755648K), 0.1216122 secs] [Times: user=4.27 sys=0.00, real=0.12 secs] 
5758.162: [GC (Allocation Failure) [PSYoungGen: 21768700K->672493K(22609920K)] 22622956K->1527125K(25755648K), 0.1220573 secs] [Times: user=4.31 sys=0.00, real=0.12 secs] 
5761.854: [GC (Allocation Failure) [PSYoungGen: 21775085K->667043K(22609920K)] 22629717K->1522035K(25755648K), 0.1223760 secs] [Times: user=4.26 sys=0.00, real=0.12 secs] 
5765.456: [GC (Allocation Failure) [PSYoungGen: 21769635K->640969K(22609920K)] 22624627K->1496354K(25755648K), 0.1196073 secs] [Times: user=4.20 sys=0.00, real=0.12 secs] 
5769.037: [GC (Allocation Failure) [PSYoungGen: 21743561K->662366K(22609920K)] 22598946K->1518126K(25755648K), 0.1221034 secs] [Times: user=4.27 sys=0.00, real=0.12 secs] 
5772.655: [GC (Allocation Failure) [PSYoungGen: 21764958K->660708K(22609920K)] 22620718K->1516828K(25755648K), 0.1200945 secs] [Times: user=4.23 sys=0.00, real=0.12 secs] 
5776.234: [GC (Allocation Failure) [PSYoungGen: 21763300K->681012K(22609920K)] 22619420K->1537516K(25755648K), 0.1227976 secs] [Times: user=4.34 sys=0.01, real=0.12 secs] 
5779.802: [GC (Allocation Failure) [PSYoungGen: 21783604K->662818K(22609920K)] 22640108K->1519698K(25755648K), 0.1206810 secs] [Times: user=4.25 sys=0.00, real=0.12 secs] 
5783.369: [GC (Allocation Failure) [PSYoungGen: 21765410K->669099K(22609920K)] 22622290K->1526331K(25755648K), 0.1222838 secs] [Times: user=4.31 sys=0.01, real=0.12 secs] 
5787.028: [GC (Allocation Failure) [PSYoungGen: 21771691K->675905K(22609920K)] 22628923K->1533522K(25755648K), 0.1269469 secs] [Times: user=4.38 sys=0.00, real=0.13 secs] 
5790.657: [GC (Allocation Failure) [PSYoungGen: 21778497K->657022K(22609920K)] 22636114K->1515022K(25755648K), 0.1210770 secs] [Times: user=4.24 sys=0.00, real=0.12 secs] 
5794.194: [GC (Allocation Failure) [PSYoungGen: 21759614K->691640K(22609920K)] 22617614K->1549992K(25755648K), 0.1279480 secs] [Times: user=4.40 sys=0.01, real=0.13 secs] 
5797.794: [GC (Allocation Failure) [PSYoungGen: 21794232K->657300K(22609920K)] 22652584K->1516069K(25755648K), 0.1206891 secs] [Times: user=4.25 sys=0.00, real=0.12 secs] 
5801.411: [GC (Allocation Failure) [PSYoungGen: 21759892K->645956K(22609920K)] 22618661K->1505084K(25755648K), 0.1178114 secs] [Times: user=4.14 sys=0.00, real=0.12 secs] 
5804.958: [GC (Allocation Failure) [PSYoungGen: 21748548K->697687K(22609920K)] 22607676K->1557199K(25755648K), 0.1263818 secs] [Times: user=4.46 sys=0.00, real=0.12 secs] 
5808.582: [GC (Allocation Failure) [PSYoungGen: 21800279K->639193K(22609920K)] 22659791K->1499097K(25755648K), 0.1182960 secs] [Times: user=4.17 sys=0.00, real=0.12 secs] 
5812.176: [GC (Allocation Failure) [PSYoungGen: 21741785K->717556K(22609920K)] 22601689K->1577828K(25755648K), 0.1285427 secs] [Times: user=4.54 sys=0.00, real=0.13 secs] 
5815.761: [GC (Allocation Failure) [PSYoungGen: 21820148K->683462K(22609920K)] 22680420K->1544126K(25755648K), 0.1233980 secs] [Times: user=4.37 sys=0.00, real=0.12 secs] 
5819.301: [GC (Allocation Failure) [PSYoungGen: 21786054K->643785K(22609920K)] 22646718K->1504833K(25755648K), 0.1202633 secs] [Times: user=4.20 sys=0.00, real=0.12 secs] 
5822.781: [GC (Allocation Failure) [PSYoungGen: 21746377K->706907K(22609920K)] 22607425K->1568315K(25755648K), 0.1281923 secs] [Times: user=4.53 sys=0.01, real=0.13 secs] 
5826.226: [GC (Allocation Failure) [PSYoungGen: 21809499K->678545K(22609920K)] 22670907K->1540337K(25755648K), 0.1235752 secs] [Times: user=4.36 sys=0.00, real=0.13 secs] 
5829.824: [GC (Allocation Failure) [PSYoungGen: 21781137K->739370K(22609920K)] 22642929K->1601522K(25755648K), 0.1332397 secs] [Times: user=4.63 sys=0.01, real=0.13 secs] 
5833.268: [GC (Allocation Failure) [PSYoungGen: 21841962K->762813K(22609920K)] 22704114K->1625357K(25755648K), 0.1372140 secs] [Times: user=4.81 sys=0.00, real=0.14 secs] 
5836.835: [GC (Allocation Failure) [PSYoungGen: 21865405K->702532K(22609920K)] 22727949K->1565468K(25755648K), 0.1272225 secs] [Times: user=4.49 sys=0.00, real=0.13 secs] 
5840.376: [GC (Allocation Failure) [PSYoungGen: 21805124K->682064K(22609920K)] 22668060K->1545360K(25755648K), 0.1239581 secs] [Times: user=4.38 sys=0.00, real=0.12 secs] 
5843.911: [GC (Allocation Failure) [PSYoungGen: 21784656K->696564K(22609920K)] 22647952K->1560245K(25755648K), 0.1264213 secs] [Times: user=4.43 sys=0.00, real=0.13 secs] 
5847.465: [GC (Allocation Failure) [PSYoungGen: 21799156K->661228K(22609920K)] 22662837K->1525268K(25755648K), 0.1263785 secs] [Times: user=4.37 sys=0.01, real=0.12 secs] 
5851.034: [GC (Allocation Failure) [PSYoungGen: 21763820K->715227K(22609920K)] 22627860K->1579643K(25755648K), 0.1297170 secs] [Times: user=4.58 sys=0.00, real=0.13 secs] 
5854.579: [GC (Allocation Failure) [PSYoungGen: 21817819K->678881K(22609920K)] 22682235K->1543681K(25755648K), 0.1234157 secs] [Times: user=4.36 sys=0.00, real=0.12 secs] 
5858.152: [GC (Allocation Failure) [PSYoungGen: 21781473K->683710K(22609920K)] 22646273K->1548870K(25755648K), 0.1243057 secs] [Times: user=4.38 sys=0.01, real=0.13 secs] 
5861.620: [GC (Allocation Failure) [PSYoungGen: 21786302K->664724K(22609920K)] 22651462K->1530269K(25755648K), 0.1210783 secs] [Times: user=4.27 sys=0.00, real=0.12 secs] 
5865.284: [GC (Allocation Failure) [PSYoungGen: 21767316K->723324K(22609920K)] 22632861K->1589236K(25755648K), 0.1306500 secs] [Times: user=4.57 sys=0.00, real=0.13 secs] 
5868.849: [GC (Allocation Failure) [PSYoungGen: 21825916K->674089K(22609920K)] 22691828K->1540393K(25755648K), 0.1225801 secs] [Times: user=4.28 sys=0.01, real=0.12 secs] 
5872.396: [GC (Allocation Failure) [PSYoungGen: 21776681K->613690K(22609920K)] 22642985K->1480378K(25755648K), 0.1132530 secs] [Times: user=3.98 sys=0.00, real=0.12 secs] 
5876.030: [GC (Allocation Failure) [PSYoungGen: 21716282K->697678K(22609920K)] 22582970K->1564734K(25755648K), 0.1259440 secs] [Times: user=4.45 sys=0.01, real=0.12 secs] 
5879.570: [GC (Allocation Failure) [PSYoungGen: 21800270K->651009K(22609920K)] 22667326K->1518426K(25755648K), 0.1214982 secs] [Times: user=4.13 sys=0.00, real=0.12 secs] 
5883.192: [GC (Allocation Failure) [PSYoungGen: 21753601K->675742K(22609920K)] 22621018K->1543542K(25755648K), 0.1237039 secs] [Times: user=4.32 sys=0.00, real=0.12 secs] 
5886.675: [GC (Allocation Failure) [PSYoungGen: 21778334K->662313K(22609920K)] 22646134K->1530481K(25755648K), 0.1221850 secs] [Times: user=4.29 sys=0.00, real=0.12 secs] 
5890.203: [GC (Allocation Failure) [PSYoungGen: 21764905K->701326K(22609920K)] 22633073K->1569887K(25755648K), 0.1263367 secs] [Times: user=4.45 sys=0.00, real=0.12 secs] 
5893.761: [GC (Allocation Failure) [PSYoungGen: 21803918K->642537K(22609920K)] 22672479K->1511481K(25755648K), 0.1174611 secs] [Times: user=4.13 sys=0.00, real=0.11 secs] 
5897.185: [GC (Allocation Failure) [PSYoungGen: 21745129K->674553K(22609920K)] 22614073K->1543857K(25755648K), 0.1221920 secs] [Times: user=4.30 sys=0.00, real=0.12 secs] 
5900.739: [GC (Allocation Failure) [PSYoungGen: 21777145K->645456K(22609920K)] 22646449K->1515152K(25755648K), 0.1190681 secs] [Times: user=4.20 sys=0.00, real=0.12 secs] 
5904.242: [GC (Allocation Failure) [PSYoungGen: 21748048K->671763K(22609920K)] 22617744K->1541819K(25755648K), 0.1236670 secs] [Times: user=4.33 sys=0.00, real=0.12 secs] 
5907.753: [GC (Allocation Failure) [PSYoungGen: 21774355K->681236K(22609920K)] 22644411K->1551684K(25755648K), 0.1242540 secs] [Times: user=4.37 sys=0.00, real=0.12 secs] 
5911.273: [GC (Allocation Failure) [PSYoungGen: 21783828K->684380K(22609920K)] 22654276K->1555196K(25755648K), 0.1241658 secs] [Times: user=4.37 sys=0.01, real=0.12 secs] 
5914.771: [GC (Allocation Failure) [PSYoungGen: 21786972K->673309K(22609920K)] 22657788K->1544501K(25755648K), 0.1241633 secs] [Times: user=4.30 sys=0.00, real=0.13 secs] 
5918.315: [GC (Allocation Failure) [PSYoungGen: 21775901K->660782K(22609920K)] 22647093K->1532311K(25755648K), 0.1215754 secs] [Times: user=4.23 sys=0.00, real=0.12 secs] 
5921.815: [GC (Allocation Failure) [PSYoungGen: 21763374K->659587K(22609920K)] 22634903K->1531492K(25755648K), 0.1203754 secs] [Times: user=4.25 sys=0.00, real=0.12 secs] 
5925.384: [GC (Allocation Failure) [PSYoungGen: 21762179K->671618K(22609920K)] 22634084K->1543922K(25755648K), 0.1233078 secs] [Times: user=4.35 sys=0.00, real=0.13 secs] 
5928.855: [GC (Allocation Failure) [PSYoungGen: 21774210K->655305K(22609920K)] 22646514K->1527969K(25755648K), 0.1197051 secs] [Times: user=4.21 sys=0.00, real=0.12 secs] 
5932.448: [GC (Allocation Failure) [PSYoungGen: 21757897K->629598K(22609920K)] 22630561K->1502646K(25755648K), 0.1177313 secs] [Times: user=4.14 sys=0.00, real=0.12 secs] 
5935.919: [GC (Allocation Failure) [PSYoungGen: 21732190K->691106K(22609920K)] 22605238K->1564515K(25755648K), 0.1275522 secs] [Times: user=4.40 sys=0.00, real=0.13 secs] 
5939.526: [GC (Allocation Failure) [PSYoungGen: 21793698K->648856K(22609920K)] 22667107K->1522688K(25755648K), 0.1191182 secs] [Times: user=4.19 sys=0.01, real=0.12 secs] 
5943.166: [GC (Allocation Failure) [PSYoungGen: 21751448K->682759K(22609920K)] 22625280K->1556959K(25755648K), 0.1240690 secs] [Times: user=4.38 sys=0.00, real=0.13 secs] 
5946.716: [GC (Allocation Failure) [PSYoungGen: 21785351K->637677K(22609920K)] 22659551K->1512261K(25755648K), 0.1186757 secs] [Times: user=4.17 sys=0.00, real=0.12 secs] 
5950.328: [GC (Allocation Failure) [PSYoungGen: 21740269K->621544K(22609920K)] 22614853K->1496480K(25755648K), 0.1143217 secs] [Times: user=4.02 sys=0.00, real=0.12 secs] 
5953.742: [GC (Allocation Failure) [PSYoungGen: 21724136K->673694K(22609920K)] 22599072K->1549014K(25755648K), 0.1224775 secs] [Times: user=4.31 sys=0.01, real=0.12 secs] 
5957.181: [GC (Allocation Failure) [PSYoungGen: 21776286K->676559K(22609920K)] 22651606K->1552240K(25755648K), 0.1224242 secs] [Times: user=4.32 sys=0.00, real=0.12 secs] 
5960.616: [GC (Allocation Failure) [PSYoungGen: 21779151K->698086K(22609920K)] 22654832K->1574167K(25755648K), 0.1271450 secs] [Times: user=4.49 sys=0.01, real=0.13 secs] 
5964.099: [GC (Allocation Failure) [PSYoungGen: 21800678K->686478K(22609920K)] 22676759K->1562926K(25755648K), 0.1246401 secs] [Times: user=4.38 sys=0.00, real=0.13 secs] 
5967.566: [GC (Allocation Failure) [PSYoungGen: 21789070K->638843K(22609920K)] 22665518K->1515667K(25755648K), 0.1170472 secs] [Times: user=4.13 sys=0.00, real=0.12 secs] 
5971.040: [GC (Allocation Failure) [PSYoungGen: 21741435K->700780K(22609920K)] 22618259K->1577996K(25755648K), 0.1274592 secs] [Times: user=4.49 sys=0.00, real=0.13 secs] 
5974.463: [GC (Allocation Failure) [PSYoungGen: 21803372K->644717K(22609920K)] 22680588K->1522294K(25755648K), 0.1195971 secs] [Times: user=4.22 sys=0.00, real=0.12 secs] 
5978.009: [GC (Allocation Failure) [PSYoungGen: 21747309K->673871K(22609920K)] 22624886K->1551839K(25755648K), 0.1223231 secs] [Times: user=4.31 sys=0.00, real=0.12 secs] 
5981.419: [GC (Allocation Failure) [PSYoungGen: 21776463K->665022K(22609920K)] 22654431K->1543342K(25755648K), 0.1218548 secs] [Times: user=4.28 sys=0.00, real=0.12 secs] 
5984.931: [GC (Allocation Failure) [PSYoungGen: 21767614K->693013K(22609920K)] 22645934K->1571718K(25755648K), 0.1259027 secs] [Times: user=4.43 sys=0.00, real=0.13 secs] 
5988.422: [GC (Allocation Failure) [PSYoungGen: 21795605K->623161K(22609920K)] 22674310K->1502217K(25755648K), 0.1152376 secs] [Times: user=3.99 sys=0.00, real=0.12 secs] 
5991.951: [GC (Allocation Failure) [PSYoungGen: 21725753K->692008K(22609920K)] 22604809K->1571448K(25755648K), 0.1254258 secs] [Times: user=4.43 sys=0.00, real=0.13 secs] 
5995.380: [GC (Allocation Failure) [PSYoungGen: 21794600K->639190K(22609920K)] 22674040K->1518991K(25755648K), 0.1175230 secs] [Times: user=4.11 sys=0.01, real=0.12 secs] 
5998.815: [GC (Allocation Failure) [PSYoungGen: 21741782K->653375K(22609920K)] 22621583K->1533551K(25755648K), 0.1191492 secs] [Times: user=4.20 sys=0.01, real=0.12 secs] 
6002.300: [GC (Allocation Failure) [PSYoungGen: 21755967K->674944K(22609920K)] 22636143K->1555512K(25755648K), 0.1235763 secs] [Times: user=4.35 sys=0.00, real=0.12 secs] 
6005.686: [GC (Allocation Failure) [PSYoungGen: 21777536K->730539K(22609920K)] 22658104K->1611475K(25755648K), 0.1320396 secs] [Times: user=4.63 sys=0.00, real=0.14 secs] 
6009.161: [GC (Allocation Failure) [PSYoungGen: 21833131K->687971K(22609920K)] 22714067K->1569267K(25755648K), 0.1269752 secs] [Times: user=4.38 sys=0.00, real=0.13 secs] 
6012.588: [GC (Allocation Failure) [PSYoungGen: 21790563K->674123K(22609920K)] 22671859K->1555804K(25755648K), 0.1230829 secs] [Times: user=4.35 sys=0.00, real=0.12 secs] 
6015.969: [GC (Allocation Failure) [PSYoungGen: 21776715K->663353K(22609920K)] 22658396K->1545393K(25755648K), 0.1218965 secs] [Times: user=4.29 sys=0.01, real=0.12 secs] 
6019.446: [GC (Allocation Failure) [PSYoungGen: 21765945K->667599K(22609920K)] 22647985K->1550031K(25755648K), 0.1246921 secs] [Times: user=4.28 sys=0.00, real=0.13 secs] 
6022.980: [GC (Allocation Failure) [PSYoungGen: 21770191K->662809K(22609920K)] 22652623K->1545601K(25755648K), 0.1205993 secs] [Times: user=4.23 sys=0.00, real=0.12 secs] 
6026.437: [GC (Allocation Failure) [PSYoungGen: 21765401K->655602K(22609920K)] 22648193K->1538786K(25755648K), 0.1231723 secs] [Times: user=4.23 sys=0.01, real=0.13 secs] 
6029.969: [GC (Allocation Failure) [PSYoungGen: 21758194K->643428K(22609920K)] 22641378K->1526965K(25755648K), 0.1183888 secs] [Times: user=4.17 sys=0.00, real=0.12 secs] 
6033.428: [GC (Allocation Failure) [PSYoungGen: 21746020K->651221K(22609920K)] 22629557K->1535142K(25755648K), 0.1199054 secs] [Times: user=4.21 sys=0.00, real=0.12 secs] 
6036.787: [GC (Allocation Failure) [PSYoungGen: 21753813K->757035K(22609920K)] 22637734K->1641316K(25755648K), 0.1397022 secs] [Times: user=4.77 sys=0.00, real=0.14 secs] 
6040.132: [GC (Allocation Failure) [PSYoungGen: 21859627K->695509K(22609920K)] 22743908K->1580181K(25755648K), 0.1279813 secs] [Times: user=4.47 sys=0.00, real=0.13 secs] 
6043.563: [GC (Allocation Failure) [PSYoungGen: 21798101K->653903K(22609920K)] 22682773K->1538936K(25755648K), 0.1203467 secs] [Times: user=4.24 sys=0.01, real=0.12 secs] 
6046.959: [GC (Allocation Failure) [PSYoungGen: 21756495K->703338K(22609920K)] 22641528K->1588770K(25755648K), 0.1279051 secs] [Times: user=4.52 sys=0.00, real=0.13 secs] 
6050.385: [GC (Allocation Failure) [PSYoungGen: 21805930K->668441K(22609920K)] 22691362K->1554234K(25755648K), 0.1225316 secs] [Times: user=4.29 sys=0.00, real=0.12 secs] 
6053.788: [GC (Allocation Failure) [PSYoungGen: 21771033K->667302K(22609920K)] 22656826K->1553454K(25755648K), 0.1241648 secs] [Times: user=4.30 sys=0.00, real=0.12 secs] 
6057.228: [GC (Allocation Failure) [PSYoungGen: 21769894K->675057K(22609920K)] 22656046K->1561602K(25755648K), 0.1240034 secs] [Times: user=4.35 sys=0.00, real=0.12 secs] 
6060.567: [GC (Allocation Failure) [PSYoungGen: 21777649K->631983K(22609920K)] 22664194K->1518887K(25755648K), 0.1169038 secs] [Times: user=4.12 sys=0.00, real=0.11 secs] 
6064.078: [GC (Allocation Failure) [PSYoungGen: 21734575K->686351K(22609920K)] 22621479K->1573639K(25755648K), 0.1245546 secs] [Times: user=4.40 sys=0.01, real=0.12 secs] 
6067.414: [GC (Allocation Failure) [PSYoungGen: 21788943K->705081K(22609920K)] 22676231K->1592801K(25755648K), 0.1280984 secs] [Times: user=4.51 sys=0.00, real=0.13 secs] 
6070.851: [GC (Allocation Failure) [PSYoungGen: 21807673K->667220K(22609920K)] 22695393K->1555332K(25755648K), 0.1224195 secs] [Times: user=4.32 sys=0.00, real=0.12 secs] 
6074.239: [GC (Allocation Failure) [PSYoungGen: 21769812K->706306K(22609920K)] 22657924K->1594786K(25755648K), 0.1268016 secs] [Times: user=4.48 sys=0.00, real=0.12 secs] 
6077.694: [GC (Allocation Failure) [PSYoungGen: 21808898K->658137K(22609920K)] 22697378K->1547009K(25755648K), 0.1203746 secs] [Times: user=4.25 sys=0.00, real=0.12 secs] 
6081.164: [GC (Allocation Failure) [PSYoungGen: 21760729K->658330K(22609920K)] 22649601K->1547602K(25755648K), 0.1239655 secs] [Times: user=4.31 sys=0.00, real=0.12 secs] 
6084.598: [GC (Allocation Failure) [PSYoungGen: 21760922K->672556K(22609920K)] 22650194K->1562220K(25755648K), 0.1231047 secs] [Times: user=4.34 sys=0.00, real=0.12 secs] 
6087.897: [GC (Allocation Failure) [PSYoungGen: 21775148K->688370K(22609920K)] 22664812K->1578402K(25755648K), 0.1255412 secs] [Times: user=4.40 sys=0.00, real=0.13 secs] 
6091.308: [GC (Allocation Failure) [PSYoungGen: 21790962K->676697K(22609920K)] 22680994K->1567098K(25755648K), 0.1273878 secs] [Times: user=4.32 sys=0.00, real=0.13 secs] 
6094.780: [GC (Allocation Failure) [PSYoungGen: 21779289K->646648K(22609920K)] 22669690K->1537440K(25755648K), 0.1186198 secs] [Times: user=4.13 sys=0.00, real=0.12 secs] 
6098.167: [GC (Allocation Failure) [PSYoungGen: 21749240K->683215K(22609920K)] 22640032K->1574375K(25755648K), 0.1255910 secs] [Times: user=4.35 sys=0.00, real=0.13 secs] 
6101.577: [GC (Allocation Failure) [PSYoungGen: 21785807K->673565K(22609920K)] 22676967K->1565117K(25755648K), 0.1221891 secs] [Times: user=4.31 sys=0.01, real=0.12 secs] 
6105.045: [GC (Allocation Failure) [PSYoungGen: 21776157K->656473K(22609920K)] 22667709K->1548394K(25755648K), 0.1199949 secs] [Times: user=4.24 sys=0.00, real=0.12 secs] 
6108.414: [GC (Allocation Failure) [PSYoungGen: 21759065K->656996K(22609920K)] 22650986K->1549268K(25755648K), 0.1203611 secs] [Times: user=4.24 sys=0.00, real=0.12 secs] 
6111.749: [GC (Allocation Failure) [PSYoungGen: 21759588K->743365K(22609920K)] 22651860K->1636029K(25755648K), 0.1333760 secs] [Times: user=4.71 sys=0.00, real=0.13 secs] 
6115.069: [GC (Allocation Failure) [PSYoungGen: 21845957K->704556K(22609920K)] 22738621K->1597580K(25755648K), 0.1276038 secs] [Times: user=4.51 sys=0.00, real=0.13 secs] 
6118.478: [GC (Allocation Failure) [PSYoungGen: 21807148K->656492K(22609920K)] 22700172K->1549908K(25755648K), 0.1211405 secs] [Times: user=4.19 sys=0.00, real=0.12 secs] 
6121.821: [GC (Allocation Failure) [PSYoungGen: 21759084K->671656K(22609920K)] 22652500K->1565432K(25755648K), 0.1234423 secs] [Times: user=4.33 sys=0.00, real=0.13 secs] 
6125.117: [GC (Allocation Failure) [PSYoungGen: 21774248K->755480K(22609920K)] 22668024K->1649624K(25755648K), 0.1353992 secs] [Times: user=4.79 sys=0.00, real=0.13 secs] 
6128.478: [GC (Allocation Failure) [PSYoungGen: 21858072K->713334K(22609920K)] 22752216K->1607878K(25755648K), 0.1292983 secs] [Times: user=4.57 sys=0.00, real=0.13 secs] 
6131.800: [GC (Allocation Failure) [PSYoungGen: 21815926K->700801K(22609920K)] 22710470K->1595697K(25755648K), 0.1270513 secs] [Times: user=4.47 sys=0.00, real=0.13 secs] 
6135.129: [GC (Allocation Failure) [PSYoungGen: 21803393K->685034K(22609920K)] 22698289K->1580322K(25755648K), 0.1257374 secs] [Times: user=4.42 sys=0.00, real=0.12 secs] 
6138.494: [GC (Allocation Failure) [PSYoungGen: 21787626K->740163K(22609920K)] 22682914K->1635811K(25755648K), 0.1332407 secs] [Times: user=4.71 sys=0.00, real=0.13 secs] 
6141.830: [GC (Allocation Failure) [PSYoungGen: 21842755K->719250K(22609920K)] 22738403K->1615291K(25755648K), 0.1302721 secs] [Times: user=4.60 sys=0.00, real=0.13 secs] 
6145.197: [GC (Allocation Failure) [PSYoungGen: 21821842K->664409K(22609920K)] 22717883K->1560809K(25755648K), 0.1216512 secs] [Times: user=4.29 sys=0.00, real=0.13 secs] 
6148.534: [GC (Allocation Failure) [PSYoungGen: 21767001K->754094K(22609920K)] 22663401K->1650854K(25755648K), 0.1355682 secs] [Times: user=4.79 sys=0.00, real=0.14 secs] 
6151.893: [GC (Allocation Failure) [PSYoungGen: 21856686K->692174K(22609920K)] 22753446K->1589310K(25755648K), 0.1263047 secs] [Times: user=4.44 sys=0.00, real=0.13 secs] 
6155.226: [GC (Allocation Failure) [PSYoungGen: 21794766K->725129K(22609920K)] 22691902K->1622634K(25755648K), 0.1313476 secs] [Times: user=4.64 sys=0.01, real=0.13 secs] 
6158.565: [GC (Allocation Failure) [PSYoungGen: 21827721K->666450K(22609920K)] 22725226K->1564402K(25755648K), 0.1225695 secs] [Times: user=4.26 sys=0.00, real=0.12 secs] 
6161.979: [GC (Allocation Failure) [PSYoungGen: 21769042K->716715K(22609920K)] 22666994K->1615043K(25755648K), 0.1302502 secs] [Times: user=4.59 sys=0.00, real=0.13 secs] 
6165.287: [GC (Allocation Failure) [PSYoungGen: 21819307K->765431K(22609920K)] 22717635K->1664119K(25755648K), 0.1385875 secs] [Times: user=4.89 sys=0.00, real=0.14 secs] 
6168.647: [GC (Allocation Failure) [PSYoungGen: 21868023K->655202K(22609920K)] 22766711K->1554282K(25755648K), 0.1209225 secs] [Times: user=4.18 sys=0.00, real=0.12 secs] 
6171.957: [GC (Allocation Failure) [PSYoungGen: 21757794K->732280K(22609920K)] 22656874K->1631736K(25755648K), 0.1321774 secs] [Times: user=4.67 sys=0.00, real=0.13 secs] 
6175.308: [GC (Allocation Failure) [PSYoungGen: 21834872K->691064K(22609920K)] 22734328K->1590872K(25755648K), 0.1259670 secs] [Times: user=4.40 sys=0.01, real=0.13 secs] 
6178.786: [GC (Allocation Failure) [PSYoungGen: 21793656K->679763K(22609920K)] 22693464K->1579963K(25755648K), 0.1242275 secs] [Times: user=4.35 sys=0.00, real=0.12 secs] 
6182.074: [GC (Allocation Failure) [PSYoungGen: 21782355K->744281K(22609920K)] 22682555K->1644858K(25755648K), 0.1341438 secs] [Times: user=4.74 sys=0.01, real=0.13 secs] 
6185.362: [GC (Allocation Failure) [PSYoungGen: 21846873K->684438K(22609920K)] 22747450K->1585383K(25755648K), 0.1246590 secs] [Times: user=4.40 sys=0.00, real=0.13 secs] 
6188.747: [GC (Allocation Failure) [PSYoungGen: 21787030K->697450K(22609920K)] 22687975K->1598786K(25755648K), 0.1263973 secs] [Times: user=4.47 sys=0.00, real=0.12 secs] 
6192.083: [GC (Allocation Failure) [PSYoungGen: 21800042K->709835K(22609920K)] 22701378K->1611539K(25755648K), 0.1276891 secs] [Times: user=4.51 sys=0.00, real=0.13 secs] 
6195.435: [GC (Allocation Failure) [PSYoungGen: 21812427K->707864K(22609920K)] 22714131K->1609936K(25755648K), 0.1287421 secs] [Times: user=4.54 sys=0.00, real=0.12 secs] 
6198.734: [GC (Allocation Failure) [PSYoungGen: 21810456K->702509K(22609920K)] 22712528K->1604973K(25755648K), 0.1289295 secs] [Times: user=4.42 sys=0.00, real=0.13 secs] 
6202.064: [GC (Allocation Failure) [PSYoungGen: 21805101K->694695K(22609920K)] 22707565K->1597520K(25755648K), 0.1262754 secs] [Times: user=4.42 sys=0.00, real=0.13 secs] 
6205.416: [GC (Allocation Failure) [PSYoungGen: 21797287K->754782K(22609920K)] 22700112K->1657966K(25755648K), 0.1351295 secs] [Times: user=4.78 sys=0.00, real=0.14 secs] 
6208.756: [GC (Allocation Failure) [PSYoungGen: 21857374K->721534K(22609920K)] 22760558K->1625118K(25755648K), 0.1303596 secs] [Times: user=4.61 sys=0.00, real=0.13 secs] 
6212.077: [GC (Allocation Failure) [PSYoungGen: 21824126K->724478K(22609920K)] 22727710K->1628422K(25755648K), 0.1313462 secs] [Times: user=4.64 sys=0.01, real=0.14 secs] 
6215.400: [GC (Allocation Failure) [PSYoungGen: 21827070K->633570K(22609920K)] 22731014K->1537882K(25755648K), 0.1186864 secs] [Times: user=4.18 sys=0.01, real=0.12 secs] 
6218.689: [GC (Allocation Failure) [PSYoungGen: 21736162K->708387K(22609920K)] 22640474K->1613099K(25755648K), 0.1288271 secs] [Times: user=4.54 sys=0.00, real=0.13 secs] 
6222.008: [GC (Allocation Failure) [PSYoungGen: 21810979K->689402K(22609920K)] 22715691K->1594482K(25755648K), 0.1254229 secs] [Times: user=4.43 sys=0.00, real=0.13 secs] 
6225.360: [GC (Allocation Failure) [PSYoungGen: 21791994K->672050K(22609920K)] 22697074K->1577555K(25755648K), 0.1228087 secs] [Times: user=4.29 sys=0.00, real=0.13 secs] 
6228.756: [GC (Allocation Failure) [PSYoungGen: 21774642K->667375K(22609920K)] 22680147K->1573239K(25755648K), 0.1229909 secs] [Times: user=4.34 sys=0.00, real=0.12 secs] 
6232.124: [GC (Allocation Failure) [PSYoungGen: 21769967K->745762K(22609920K)] 22675831K->1651994K(25755648K), 0.1338845 secs] [Times: user=4.72 sys=0.00, real=0.13 secs] 
6235.463: [GC (Allocation Failure) [PSYoungGen: 21848354K->699025K(22609920K)] 22754586K->1605665K(25755648K), 0.1269243 secs] [Times: user=4.48 sys=0.00, real=0.12 secs] 
6238.867: [GC (Allocation Failure) [PSYoungGen: 21801617K->689248K(22609920K)] 22708257K->1596248K(25755648K), 0.1286230 secs] [Times: user=4.38 sys=0.00, real=0.13 secs] 
6242.202: [GC (Allocation Failure) [PSYoungGen: 21791840K->684017K(22609920K)] 22698840K->1591393K(25755648K), 0.1259073 secs] [Times: user=4.44 sys=0.01, real=0.13 secs] 
6245.599: [GC (Allocation Failure) [PSYoungGen: 21786609K->734578K(22609920K)] 22693985K->1642346K(25755648K), 0.1340074 secs] [Times: user=4.67 sys=0.00, real=0.13 secs] 
6248.962: [GC (Allocation Failure) [PSYoungGen: 21837170K->731720K(22609920K)] 22744938K->1639857K(25755648K), 0.1324136 secs] [Times: user=4.64 sys=0.00, real=0.14 secs] 
6252.324: [GC (Allocation Failure) [PSYoungGen: 21834312K->705169K(22609920K)] 22742449K->1613674K(25755648K), 0.1287764 secs] [Times: user=4.50 sys=0.00, real=0.12 secs] 
6255.702: [GC (Allocation Failure) [PSYoungGen: 21807761K->706000K(22609920K)] 22716266K->1614904K(25755648K), 0.1273437 secs] [Times: user=4.49 sys=0.01, real=0.13 secs] 
6259.056: [GC (Allocation Failure) [PSYoungGen: 21808592K->801643K(22609920K)] 22717496K->1710915K(25755648K), 0.1443847 secs] [Times: user=5.07 sys=0.00, real=0.14 secs] 
6262.451: [GC (Allocation Failure) [PSYoungGen: 21904235K->645257K(22609920K)] 22813507K->1554906K(25755648K), 0.1188750 secs] [Times: user=4.11 sys=0.00, real=0.12 secs] 
6265.747: [GC (Allocation Failure) [PSYoungGen: 21747849K->754297K(22609920K)] 22657498K->1664338K(25755648K), 0.1379217 secs] [Times: user=4.76 sys=0.00, real=0.13 secs] 
6269.061: [GC (Allocation Failure) [PSYoungGen: 21856889K->750996K(22609920K)] 22766930K->1661420K(25755648K), 0.1359313 secs] [Times: user=4.80 sys=0.00, real=0.14 secs] 
6272.334: [GC (Allocation Failure) [PSYoungGen: 21853588K->704448K(22609920K)] 22764012K->1615249K(25755648K), 0.1284993 secs] [Times: user=4.54 sys=0.00, real=0.13 secs] 
6275.707: [GC (Allocation Failure) [PSYoungGen: 21807040K->701410K(22609920K)] 22717841K->1612618K(25755648K), 0.1267403 secs] [Times: user=4.48 sys=0.00, real=0.13 secs] 
6279.023: [GC (Allocation Failure) [PSYoungGen: 21804002K->766184K(22609920K)] 22715210K->1677752K(25755648K), 0.1373518 secs] [Times: user=4.86 sys=0.00, real=0.14 secs] 
6282.215: [GC (Allocation Failure) [PSYoungGen: 21868776K->755070K(22609920K)] 22780344K->1667006K(25755648K), 0.1356869 secs] [Times: user=4.76 sys=0.00, real=0.14 secs] 
6285.514: [GC (Allocation Failure) [PSYoungGen: 21857662K->747513K(22609920K)] 22769598K->1659850K(25755648K), 0.1348292 secs] [Times: user=4.77 sys=0.01, real=0.13 secs] 
6288.821: [GC (Allocation Failure) [PSYoungGen: 21850105K->718462K(22609920K)] 22762442K->1631174K(25755648K), 0.1298731 secs] [Times: user=4.56 sys=0.00, real=0.13 secs] 
6292.101: [GC (Allocation Failure) [PSYoungGen: 21821054K->780325K(22609920K)] 22733766K->1693413K(25755648K), 0.1416036 secs] [Times: user=4.99 sys=0.01, real=0.14 secs] 
6295.403: [GC (Allocation Failure) [PSYoungGen: 21882917K->729020K(22609920K)] 22796005K->1642500K(25755648K), 0.1336201 secs] [Times: user=4.68 sys=0.00, real=0.13 secs] 
6298.726: [GC (Allocation Failure) [PSYoungGen: 21831612K->737944K(22609920K)] 22745092K->1651792K(25755648K), 0.1363119 secs] [Times: user=4.72 sys=0.00, real=0.14 secs] 
6301.996: [GC (Allocation Failure) [PSYoungGen: 21840536K->728076K(22609920K)] 22754384K->1642316K(25755648K), 0.1318062 secs] [Times: user=4.65 sys=0.00, real=0.13 secs] 
6305.337: [GC (Allocation Failure) [PSYoungGen: 21830668K->718585K(22609920K)] 22744908K->1633178K(25755648K), 0.1305614 secs] [Times: user=4.62 sys=0.00, real=0.13 secs] 
6308.715: [GC (Allocation Failure) [PSYoungGen: 21821177K->738868K(22609920K)] 22735770K->1653828K(25755648K), 0.1333523 secs] [Times: user=4.71 sys=0.00, real=0.13 secs] 
6312.026: [GC (Allocation Failure) [PSYoungGen: 21841460K->742575K(22609920K)] 22756420K->1657927K(25755648K), 0.1337456 secs] [Times: user=4.73 sys=0.00, real=0.13 secs] 
6315.328: [GC (Allocation Failure) [PSYoungGen: 21845167K->702421K(22609920K)] 22760519K->1618149K(25755648K), 0.1292866 secs] [Times: user=4.57 sys=0.01, real=0.13 secs] 
6318.651: [GC (Allocation Failure) [PSYoungGen: 21805013K->766148K(22609920K)] 22720741K->1682244K(25755648K), 0.1379447 secs] [Times: user=4.88 sys=0.00, real=0.14 secs] 
6321.966: [GC (Allocation Failure) [PSYoungGen: 21868740K->767060K(22609920K)] 22784836K->1683548K(25755648K), 0.1384375 secs] [Times: user=4.89 sys=0.00, real=0.13 secs] 
6325.258: [GC (Allocation Failure) [PSYoungGen: 21869652K->776877K(22609920K)] 22786140K->1693733K(25755648K), 0.1402804 secs] [Times: user=4.95 sys=0.00, real=0.14 secs] 
6328.560: [GC (Allocation Failure) [PSYoungGen: 21879469K->769163K(22609920K)] 22796325K->1686379K(25755648K), 0.1377979 secs] [Times: user=4.87 sys=0.00, real=0.14 secs] 
6331.927: [GC (Allocation Failure) [PSYoungGen: 21871755K->738474K(22609920K)] 22788971K->1656058K(25755648K), 0.1335018 secs] [Times: user=4.72 sys=0.00, real=0.13 secs] 
6335.237: [GC (Allocation Failure) [PSYoungGen: 21841066K->801137K(22609920K)] 22758650K->1719122K(25755648K), 0.1440503 secs] [Times: user=5.09 sys=0.00, real=0.14 secs] 
6338.476: [GC (Allocation Failure) [PSYoungGen: 21903729K->697193K(22609920K)] 22821714K->1615537K(25755648K), 0.1280245 secs] [Times: user=4.53 sys=0.01, real=0.13 secs] 
6341.705: [GC (Allocation Failure) [PSYoungGen: 21799785K->743041K(22609920K)] 22718129K->1661753K(25755648K), 0.1337919 secs] [Times: user=4.72 sys=0.01, real=0.14 secs] 
6344.957: [GC (Allocation Failure) [PSYoungGen: 21845633K->787855K(22609920K)] 22764345K->1706959K(25755648K), 0.1416151 secs] [Times: user=5.01 sys=0.01, real=0.15 secs] 
6348.213: [GC (Allocation Failure) [PSYoungGen: 21890447K->797194K(22609920K)] 22809551K->1716666K(25755648K), 0.1429659 secs] [Times: user=5.06 sys=0.00, real=0.14 secs] 
6351.445: [GC (Allocation Failure) [PSYoungGen: 21899786K->690802K(22609920K)] 22819258K->1610642K(25755648K), 0.1266608 secs] [Times: user=4.43 sys=0.00, real=0.13 secs] 
6354.680: [GC (Allocation Failure) [PSYoungGen: 21793394K->766002K(22609920K)] 22713234K->1686234K(25755648K), 0.1380402 secs] [Times: user=4.88 sys=0.01, real=0.13 secs] 
6357.967: [GC (Allocation Failure) [PSYoungGen: 21868594K->778716K(22609920K)] 22788826K->1699316K(25755648K), 0.1396247 secs] [Times: user=4.93 sys=0.00, real=0.14 secs] 
6361.215: [GC (Allocation Failure) [PSYoungGen: 21881308K->770620K(22609920K)] 22801908K->1691588K(25755648K), 0.1387724 secs] [Times: user=4.91 sys=0.00, real=0.14 secs] 
6364.495: [GC (Allocation Failure) [PSYoungGen: 21873212K->720378K(22609920K)] 22794180K->1641739K(25755648K), 0.1317753 secs] [Times: user=4.65 sys=0.01, real=0.13 secs] 
6367.793: [GC (Allocation Failure) [PSYoungGen: 21822970K->764339K(22609920K)] 22744331K->1686107K(25755648K), 0.1387680 secs] [Times: user=4.90 sys=0.00, real=0.14 secs] 
6371.055: [GC (Allocation Failure) [PSYoungGen: 21866931K->774451K(22609920K)] 22788699K->1696595K(25755648K), 0.1387503 secs] [Times: user=4.91 sys=0.00, real=0.14 secs] 
6374.325: [GC (Allocation Failure) [PSYoungGen: 21877043K->799157K(22609920K)] 22799187K->1721669K(25755648K), 0.1450443 secs] [Times: user=5.00 sys=0.00, real=0.14 secs] 
6377.566: [GC (Allocation Failure) [PSYoungGen: 21901749K->694683K(22609920K)] 22824261K->1617563K(25755648K), 0.1258861 secs] [Times: user=4.45 sys=0.00, real=0.12 secs] 
6380.791: [GC (Allocation Failure) [PSYoungGen: 21797275K->725347K(22609920K)] 22720155K->1648611K(25755648K), 0.1317630 secs] [Times: user=4.59 sys=0.01, real=0.13 secs] 
6384.074: [GC (Allocation Failure) [PSYoungGen: 21827939K->739075K(22609920K)] 22751203K->1662715K(25755648K), 0.1344420 secs] [Times: user=4.71 sys=0.00, real=0.14 secs] 
6387.348: [GC (Allocation Failure) [PSYoungGen: 21841667K->725502K(22609920K)] 22765307K->1649542K(25755648K), 0.1305078 secs] [Times: user=4.61 sys=0.00, real=0.13 secs] 
6390.597: [GC (Allocation Failure) [PSYoungGen: 21828094K->732018K(22609920K)] 22752134K->1656419K(25755648K), 0.1325160 secs] [Times: user=4.65 sys=0.01, real=0.13 secs] 
6393.850: [GC (Allocation Failure) [PSYoungGen: 21834610K->746446K(22609920K)] 22759011K->1671214K(25755648K), 0.1368350 secs] [Times: user=4.74 sys=0.01, real=0.14 secs] 
6397.135: [GC (Allocation Failure) [PSYoungGen: 21849038K->757618K(22609920K)] 22773806K->1682746K(25755648K), 0.1368454 secs] [Times: user=4.84 sys=0.00, real=0.14 secs] 
6400.429: [GC (Allocation Failure) [PSYoungGen: 21860210K->739524K(22609920K)] 22785338K->1665053K(25755648K), 0.1336147 secs] [Times: user=4.70 sys=0.00, real=0.13 secs] 
6403.745: [GC (Allocation Failure) [PSYoungGen: 21842116K->668430K(22609920K)] 22767645K->1594318K(25755648K), 0.1212043 secs] [Times: user=4.28 sys=0.00, real=0.12 secs] 
6406.998: [GC (Allocation Failure) [PSYoungGen: 21771022K->755403K(22609920K)] 22696910K->1681659K(25755648K), 0.1357656 secs] [Times: user=4.80 sys=0.00, real=0.13 secs] 
6410.280: [GC (Allocation Failure) [PSYoungGen: 21857995K->774729K(22609920K)] 22784251K->1701346K(25755648K), 0.1390958 secs] [Times: user=4.88 sys=0.00, real=0.14 secs] 
6413.585: [GC (Allocation Failure) [PSYoungGen: 21877321K->749980K(22609920K)] 22803938K->1676996K(25755648K), 0.1352467 secs] [Times: user=4.78 sys=0.00, real=0.14 secs] 
6416.841: [GC (Allocation Failure) [PSYoungGen: 21852572K->725418K(22609920K)] 22779588K->1652802K(25755648K), 0.1311232 secs] [Times: user=4.61 sys=0.01, real=0.13 secs] 
6420.108: [GC (Allocation Failure) [PSYoungGen: 21828010K->759372K(22609920K)] 22755394K->1687132K(25755648K), 0.1367445 secs] [Times: user=4.84 sys=0.00, real=0.14 secs] 
6423.362: [GC (Allocation Failure) [PSYoungGen: 21861964K->713077K(22609920K)] 22789724K->1641214K(25755648K), 0.1304819 secs] [Times: user=4.53 sys=0.00, real=0.13 secs] 
6426.542: [GC (Allocation Failure) [PSYoungGen: 21815669K->705982K(22609920K)] 22743806K->1634503K(25755648K), 0.1268112 secs] [Times: user=4.47 sys=0.00, real=0.12 secs] 
6429.806: [GC (Allocation Failure) [PSYoungGen: 21808574K->687044K(22609920K)] 22737095K->1615925K(25755648K), 0.1256707 secs] [Times: user=4.36 sys=0.00, real=0.13 secs] 
6433.032: [GC (Allocation Failure) [PSYoungGen: 21789636K->773679K(22609920K)] 22718517K->1702927K(25755648K), 0.1377971 secs] [Times: user=4.87 sys=0.00, real=0.13 secs] 
6436.270: [GC (Allocation Failure) [PSYoungGen: 21876271K->863255K(22609920K)] 22805519K->1792895K(25755648K), 0.1528780 secs] [Times: user=5.40 sys=0.00, real=0.16 secs] 
6439.543: [GC (Allocation Failure) [PSYoungGen: 21965847K->709531K(22609920K)] 22895487K->1639531K(25755648K), 0.1289020 secs] [Times: user=4.55 sys=0.01, real=0.13 secs] 
6442.764: [GC (Allocation Failure) [PSYoungGen: 21812123K->740456K(22609920K)] 22742123K->1670824K(25755648K), 0.1325001 secs] [Times: user=4.69 sys=0.00, real=0.13 secs] 
6445.961: [GC (Allocation Failure) [PSYoungGen: 21843048K->727806K(22609920K)] 22773416K->1658542K(25755648K), 0.1298966 secs] [Times: user=4.60 sys=0.00, real=0.13 secs] 
6449.184: [GC (Allocation Failure) [PSYoungGen: 21830398K->728542K(22609920K)] 22761134K->1659678K(25755648K), 0.1317399 secs] [Times: user=4.62 sys=0.00, real=0.14 secs] 
6452.428: [GC (Allocation Failure) [PSYoungGen: 21831134K->711993K(22609920K)] 22762270K->1643489K(25755648K), 0.1295907 secs] [Times: user=4.58 sys=0.00, real=0.13 secs] 
6455.710: [GC (Allocation Failure) [PSYoungGen: 21814585K->706050K(22609920K)] 22746081K->1637922K(25755648K), 0.1276972 secs] [Times: user=4.51 sys=0.01, real=0.13 secs] 
6458.971: [GC (Allocation Failure) [PSYoungGen: 21808642K->730837K(22609920K)] 22740514K->1663077K(25755648K), 0.1307923 secs] [Times: user=4.62 sys=0.00, real=0.13 secs] 
6462.203: [GC (Allocation Failure) [PSYoungGen: 21833429K->765553K(22609920K)] 22765669K->1698185K(25755648K), 0.1369390 secs] [Times: user=4.84 sys=0.01, real=0.14 secs] 
6465.471: [GC (Allocation Failure) [PSYoungGen: 21868145K->745157K(22609920K)] 22800777K->1678158K(25755648K), 0.1338025 secs] [Times: user=4.73 sys=0.00, real=0.13 secs] 
6468.705: [GC (Allocation Failure) [PSYoungGen: 21847749K->684513K(22609920K)] 22780750K->1617881K(25755648K), 0.1248769 secs] [Times: user=4.38 sys=0.01, real=0.13 secs] 
6471.912: [GC (Allocation Failure) [PSYoungGen: 21787105K->703656K(22609920K)] 22720473K->1637416K(25755648K), 0.1266493 secs] [Times: user=4.47 sys=0.01, real=0.13 secs] 
6475.124: [GC (Allocation Failure) [PSYoungGen: 21806248K->759668K(22609920K)] 22740008K->1693805K(25755648K), 0.1355102 secs] [Times: user=4.80 sys=0.00, real=0.14 secs] 
6478.410: [GC (Allocation Failure) [PSYoungGen: 21862260K->791753K(22609920K)] 22796397K->1726266K(25755648K), 0.1436305 secs] [Times: user=5.01 sys=0.01, real=0.14 secs] 
6481.593: [GC (Allocation Failure) [PSYoungGen: 21894345K->705410K(22609920K)] 22828858K->1640298K(25755648K), 0.1273498 secs] [Times: user=4.49 sys=0.01, real=0.13 secs] 
6484.799: [GC (Allocation Failure) [PSYoungGen: 21808002K->717800K(22609920K)] 22742890K->1653057K(25755648K), 0.1303012 secs] [Times: user=4.58 sys=0.00, real=0.13 secs] 
6488.026: [GC (Allocation Failure) [PSYoungGen: 21820392K->724545K(22609920K)] 22755649K->1660201K(25755648K), 0.1296963 secs] [Times: user=4.58 sys=0.00, real=0.13 secs] 
6491.288: [GC (Allocation Failure) [PSYoungGen: 21826934K->758886K(22609920K)] 22762590K->1694918K(25755648K), 0.1366335 secs] [Times: user=4.82 sys=0.00, real=0.14 secs] 
6494.583: [GC (Allocation Failure) [PSYoungGen: 21861478K->664739K(22609920K)] 22797510K->1601140K(25755648K), 0.1206691 secs] [Times: user=4.26 sys=0.00, real=0.12 secs] 
6497.774: [GC (Allocation Failure) [PSYoungGen: 21767331K->675305K(22609920K)] 22703732K->1612074K(25755648K), 0.1224705 secs] [Times: user=4.32 sys=0.00, real=0.12 secs] 
6500.975: [GC (Allocation Failure) [PSYoungGen: 21777897K->678846K(22609920K)] 22714666K->1616014K(25755648K), 0.1244785 secs] [Times: user=4.28 sys=0.00, real=0.12 secs] 
6504.185: [GC (Allocation Failure) [PSYoungGen: 21781438K->691503K(22609920K)] 22718606K->1629047K(25755648K), 0.1249924 secs] [Times: user=4.40 sys=0.00, real=0.12 secs] 
6507.384: [GC (Allocation Failure) [PSYoungGen: 21794095K->670629K(22609920K)] 22731639K->1608525K(25755648K), 0.1227115 secs] [Times: user=4.31 sys=0.00, real=0.12 secs] 
6510.601: [GC (Allocation Failure) [PSYoungGen: 21773221K->621252K(22609920K)] 22711117K->1559549K(25755648K), 0.1142297 secs] [Times: user=4.00 sys=0.00, real=0.12 secs] 
6513.728: [GC (Allocation Failure) [PSYoungGen: 21723844K->633860K(22609920K)] 22662141K->1572549K(25755648K), 0.1192557 secs] [Times: user=4.17 sys=0.00, real=0.12 secs] 
6516.846: [GC (Allocation Failure) [PSYoungGen: 21736452K->743071K(22609920K)] 22675141K->1682136K(25755648K), 0.1339596 secs] [Times: user=4.74 sys=0.00, real=0.13 secs] 
6520.029: [GC (Allocation Failure) [PSYoungGen: 21845663K->792864K(22609920K)] 22784728K->1732296K(25755648K), 0.1456305 secs] [Times: user=5.05 sys=0.01, real=0.14 secs] 
6523.200: [GC (Allocation Failure) [PSYoungGen: 21895456K->742666K(22609920K)] 22834888K->1682466K(25755648K), 0.1335571 secs] [Times: user=4.72 sys=0.00, real=0.13 secs] 
6526.375: [GC (Allocation Failure) [PSYoungGen: 21845258K->833717K(22609920K)] 22785058K->1773909K(25755648K), 0.1480248 secs] [Times: user=5.24 sys=0.00, real=0.15 secs] 
6529.549: [GC (Allocation Failure) [PSYoungGen: 21936309K->748993K(22609920K)] 22876501K->1689553K(25755648K), 0.1358575 secs] [Times: user=4.80 sys=0.00, real=0.13 secs] 
6532.727: [GC (Allocation Failure) [PSYoungGen: 21851585K->747508K(22609920K)] 22792145K->1688436K(25755648K), 0.1355879 secs] [Times: user=4.80 sys=0.00, real=0.13 secs] 
6535.986: [GC (Allocation Failure) [PSYoungGen: 21850100K->746712K(22609920K)] 22791028K->1688000K(25755648K), 0.1344072 secs] [Times: user=4.75 sys=0.00, real=0.14 secs] 
6539.177: [GC (Allocation Failure) [PSYoungGen: 21849304K->754045K(22609920K)] 22790592K->1695709K(25755648K), 0.1369385 secs] [Times: user=4.84 sys=0.00, real=0.13 secs] 
6542.386: [GC (Allocation Failure) [PSYoungGen: 21856637K->761366K(22609920K)] 22798301K->1703422K(25755648K), 0.1386038 secs] [Times: user=4.86 sys=0.00, real=0.14 secs] 
6545.599: [GC (Allocation Failure) [PSYoungGen: 21863958K->724793K(22609920K)] 22806014K->1667217K(25755648K), 0.1315920 secs] [Times: user=4.61 sys=0.00, real=0.13 secs] 
6548.752: [GC (Allocation Failure) [PSYoungGen: 21827385K->739854K(22609920K)] 22769809K->1682647K(25755648K), 0.1328941 secs] [Times: user=4.69 sys=0.01, real=0.13 secs] 
6552.003: [GC (Allocation Failure) [PSYoungGen: 21842446K->762460K(22609920K)] 22785239K->1705620K(25755648K), 0.1381377 secs] [Times: user=4.86 sys=0.00, real=0.14 secs] 
6555.166: [GC (Allocation Failure) [PSYoungGen: 21865052K->777653K(22609920K)] 22808212K->1721197K(25755648K), 0.1396816 secs] [Times: user=4.92 sys=0.00, real=0.14 secs] 
6558.367: [GC (Allocation Failure) [PSYoungGen: 21880245K->742840K(22609920K)] 22823789K->1686776K(25755648K), 0.1395110 secs] [Times: user=4.81 sys=0.00, real=0.14 secs] 
6561.578: [GC (Allocation Failure) [PSYoungGen: 21845432K->709872K(22609920K)] 22789368K->1654176K(25755648K), 0.1291319 secs] [Times: user=4.56 sys=0.00, real=0.13 secs] 
6564.790: [GC (Allocation Failure) [PSYoungGen: 21812464K->713350K(22609920K)] 22756768K->1658022K(25755648K), 0.1298060 secs] [Times: user=4.58 sys=0.00, real=0.13 secs] 
6567.921: [GC (Allocation Failure) [PSYoungGen: 21815942K->706027K(22609920K)] 22760614K->1651068K(25755648K), 0.1285450 secs] [Times: user=4.55 sys=0.00, real=0.13 secs] 
6571.110: [GC (Allocation Failure) [PSYoungGen: 21808619K->758647K(22609920K)] 22753660K->1704063K(25755648K), 0.1367180 secs] [Times: user=4.84 sys=0.01, real=0.14 secs] 
6574.282: [GC (Allocation Failure) [PSYoungGen: 21861239K->775457K(22609920K)] 22806655K->1721241K(25755648K), 0.1394057 secs] [Times: user=4.88 sys=0.01, real=0.14 secs] 
6577.497: [GC (Allocation Failure) [PSYoungGen: 21878049K->736190K(22609920K)] 22823833K->1682375K(25755648K), 0.1331913 secs] [Times: user=4.70 sys=0.00, real=0.13 secs] 
6580.662: [GC (Allocation Failure) [PSYoungGen: 21838782K->734816K(22609920K)] 22784967K->1681377K(25755648K), 0.1335586 secs] [Times: user=4.68 sys=0.00, real=0.14 secs] 
6583.912: [GC (Allocation Failure) [PSYoungGen: 21837408K->748199K(22609920K)] 22783969K->1695127K(25755648K), 0.1346222 secs] [Times: user=4.75 sys=0.01, real=0.14 secs] 
6587.052: [GC (Allocation Failure) [PSYoungGen: 21850791K->748033K(22609920K)] 22797719K->1695337K(25755648K), 0.1357841 secs] [Times: user=4.74 sys=0.00, real=0.14 secs] 
6590.258: [GC (Allocation Failure) [PSYoungGen: 21850625K->749534K(22609920K)] 22797929K->1697230K(25755648K), 0.1353865 secs] [Times: user=4.79 sys=0.00, real=0.13 secs] 
6593.460: [GC (Allocation Failure) [PSYoungGen: 21852126K->713315K(22609920K)] 22799822K->1661379K(25755648K), 0.1295477 secs] [Times: user=4.57 sys=0.00, real=0.13 secs] 
6596.664: [GC (Allocation Failure) [PSYoungGen: 21815907K->727091K(22609920K)] 22763971K->1675531K(25755648K), 0.1316414 secs] [Times: user=4.64 sys=0.00, real=0.13 secs] 
6599.869: [GC (Allocation Failure) [PSYoungGen: 21829683K->752397K(22609920K)] 22778123K->1701214K(25755648K), 0.1366874 secs] [Times: user=4.77 sys=0.00, real=0.13 secs] 
6603.072: [GC (Allocation Failure) [PSYoungGen: 21854989K->858983K(22609920K)] 22803806K->1808176K(25755648K), 0.1535903 secs] [Times: user=5.34 sys=0.00, real=0.15 secs] 
6606.310: [GC (Allocation Failure) [PSYoungGen: 21961575K->748599K(22609920K)] 22910768K->1698192K(25755648K), 0.1354762 secs] [Times: user=4.78 sys=0.00, real=0.13 secs] 
6609.456: [GC (Allocation Failure) [PSYoungGen: 21851191K->696168K(22609920K)] 22800784K->1646128K(25755648K), 0.1273487 secs] [Times: user=4.46 sys=0.00, real=0.13 secs] 
6612.608: [GC (Allocation Failure) [PSYoungGen: 21798760K->689964K(22609920K)] 22748720K->1640292K(25755648K), 0.1268193 secs] [Times: user=4.47 sys=0.00, real=0.13 secs] 
6615.713: [GC (Allocation Failure) [PSYoungGen: 21792556K->694510K(22609920K)] 22742884K->1645198K(25755648K), 0.1263379 secs] [Times: user=4.46 sys=0.00, real=0.13 secs] 
6618.896: [GC (Allocation Failure) [PSYoungGen: 21797102K->759469K(22609920K)] 22747790K->1710525K(25755648K), 0.1358525 secs] [Times: user=4.81 sys=0.00, real=0.14 secs] 
6622.054: [GC (Allocation Failure) [PSYoungGen: 21862061K->794613K(22609920K)] 22813117K->1746037K(25755648K), 0.1420035 secs] [Times: user=5.03 sys=0.00, real=0.14 secs] 
6625.244: [GC (Allocation Failure) [PSYoungGen: 21897205K->834733K(22609920K)] 22848629K->1786557K(25755648K), 0.1512507 secs] [Times: user=5.24 sys=0.00, real=0.15 secs] 
6628.479: [GC (Allocation Failure) [PSYoungGen: 21937325K->727865K(22609920K)] 22889149K->1680065K(25755648K), 0.1334072 secs] [Times: user=4.67 sys=0.00, real=0.14 secs] 
6631.614: [GC (Allocation Failure) [PSYoungGen: 21830457K->740929K(22609920K)] 22782657K->1693497K(25755648K), 0.1337559 secs] [Times: user=4.68 sys=0.00, real=0.13 secs] 
6634.769: [GC (Allocation Failure) [PSYoungGen: 21843521K->703869K(22609920K)] 22796089K->1656806K(25755648K), 0.1283892 secs] [Times: user=4.53 sys=0.00, real=0.13 secs] 
6637.924: [GC (Allocation Failure) [PSYoungGen: 21806461K->746486K(22609920K)] 22759398K->1699790K(25755648K), 0.1358321 secs] [Times: user=4.75 sys=0.01, real=0.13 secs] 
6641.099: [GC (Allocation Failure) [PSYoungGen: 21849078K->781309K(22609920K)] 22802382K->1735021K(25755648K), 0.1397184 secs] [Times: user=4.94 sys=0.00, real=0.14 secs] 
6644.243: [GC (Allocation Failure) [PSYoungGen: 21883901K->822549K(22609920K)] 22837613K->1776629K(25755648K), 0.1474007 secs] [Times: user=5.22 sys=0.00, real=0.15 secs] 
6647.397: [GC (Allocation Failure) [PSYoungGen: 21925141K->723795K(22609920K)] 22879221K->1678243K(25755648K), 0.1318272 secs] [Times: user=4.66 sys=0.00, real=0.13 secs] 
6650.579: [GC (Allocation Failure) [PSYoungGen: 21826387K->721255K(22609920K)] 22780835K->1676071K(25755648K), 0.1316994 secs] [Times: user=4.58 sys=0.00, real=0.13 secs] 
6653.735: [GC (Allocation Failure) [PSYoungGen: 21823847K->787224K(22609920K)] 22778663K->1742464K(25755648K), 0.1414453 secs] [Times: user=5.01 sys=0.01, real=0.14 secs] 
6656.896: [GC (Allocation Failure) [PSYoungGen: 21889816K->717666K(22609920K)] 22845056K->1673290K(25755648K), 0.1308473 secs] [Times: user=4.60 sys=0.00, real=0.13 secs] 
6660.096: [GC (Allocation Failure) [PSYoungGen: 21820258K->693011K(22609920K)] 22775882K->1649011K(25755648K), 0.1257141 secs] [Times: user=4.43 sys=0.00, real=0.13 secs] 
6663.344: [GC (Allocation Failure) [PSYoungGen: 21795603K->692113K(22609920K)] 22751603K->1648481K(25755648K), 0.1260180 secs] [Times: user=4.42 sys=0.00, real=0.13 secs] 
6666.503: [GC (Allocation Failure) [PSYoungGen: 21794705K->736927K(22609920K)] 22751073K->1693671K(25755648K), 0.1331786 secs] [Times: user=4.71 sys=0.00, real=0.13 secs] 
6669.692: [GC (Allocation Failure) [PSYoungGen: 21839519K->737360K(22609920K)] 22796263K->1694480K(25755648K), 0.1354107 secs] [Times: user=4.68 sys=0.00, real=0.14 secs] 
6672.884: [GC (Allocation Failure) [PSYoungGen: 21839952K->763792K(22609920K)] 22797072K->1721281K(25755648K), 0.1371769 secs] [Times: user=4.86 sys=0.00, real=0.14 secs] 
6676.025: [GC (Allocation Failure) [PSYoungGen: 21866384K->739074K(22609920K)] 22823873K->1696962K(25755648K), 0.1330677 secs] [Times: user=4.71 sys=0.00, real=0.14 secs] 
6679.149: [GC (Allocation Failure) [PSYoungGen: 21841666K->785906K(22609920K)] 22799554K->1744170K(25755648K), 0.1418642 secs] [Times: user=5.01 sys=0.01, real=0.14 secs] 
6682.324: [GC (Allocation Failure) [PSYoungGen: 21888498K->731747K(22609920K)] 22846762K->1690371K(25755648K), 0.1326029 secs] [Times: user=4.69 sys=0.00, real=0.13 secs] 
6685.492: [GC (Allocation Failure) [PSYoungGen: 21834339K->771430K(22609920K)] 22792963K->1730431K(25755648K), 0.1390342 secs] [Times: user=4.90 sys=0.00, real=0.14 secs] 
6688.622: [GC (Allocation Failure) [PSYoungGen: 21874022K->733457K(22609920K)] 22833023K->1692825K(25755648K), 0.1324573 secs] [Times: user=4.69 sys=0.00, real=0.13 secs] 
6691.816: [GC (Allocation Failure) [PSYoungGen: 21836049K->743196K(22609920K)] 22795417K->1702940K(25755648K), 0.1342058 secs] [Times: user=4.71 sys=0.00, real=0.13 secs] 
6694.990: [GC (Allocation Failure) [PSYoungGen: 21845788K->716076K(22609920K)] 22805532K->1676220K(25755648K), 0.1327486 secs] [Times: user=4.58 sys=0.01, real=0.14 secs] 
6698.136: [GC (Allocation Failure) [PSYoungGen: 21818668K->771704K(22609920K)] 22778812K->1732224K(25755648K), 0.1386695 secs] [Times: user=4.86 sys=0.00, real=0.14 secs] 
6701.293: [GC (Allocation Failure) [PSYoungGen: 21874296K->728542K(22609920K)] 22834816K->1689414K(25755648K), 0.1327306 secs] [Times: user=4.62 sys=0.01, real=0.13 secs] 
6704.436: [GC (Allocation Failure) [PSYoungGen: 21831134K->731275K(22609920K)] 22792006K->1692532K(25755648K), 0.1336648 secs] [Times: user=4.66 sys=0.00, real=0.13 secs] 
6707.580: [GC (Allocation Failure) [PSYoungGen: 21833867K->729737K(22609920K)] 22795124K->1691354K(25755648K), 0.1324889 secs] [Times: user=4.65 sys=0.00, real=0.13 secs] 
6710.748: [GC (Allocation Failure) [PSYoungGen: 21832329K->737621K(22609920K)] 22793946K->1699637K(25755648K), 0.1341476 secs] [Times: user=4.70 sys=0.00, real=0.13 secs] 
6713.922: [GC (Allocation Failure) [PSYoungGen: 21840213K->747194K(22609920K)] 22802229K->1709578K(25755648K), 0.1346389 secs] [Times: user=4.75 sys=0.00, real=0.14 secs] 
6717.070: [GC (Allocation Failure) [PSYoungGen: 21849786K->761262K(22609920K)] 22812170K->1724014K(25755648K), 0.1378670 secs] [Times: user=4.82 sys=0.00, real=0.14 secs] 
6720.236: [GC (Allocation Failure) [PSYoungGen: 21863854K->815014K(22609920K)] 22826606K->1778135K(25755648K), 0.1449927 secs] [Times: user=5.13 sys=0.00, real=0.14 secs] 
6723.375: [GC (Allocation Failure) [PSYoungGen: 21917606K->759573K(22609920K)] 22880727K->1723054K(25755648K), 0.1368523 secs] [Times: user=4.84 sys=0.01, real=0.14 secs] 
6726.553: [GC (Allocation Failure) [PSYoungGen: 21862165K->712924K(22609920K)] 22825646K->1676780K(25755648K), 0.1297525 secs] [Times: user=4.57 sys=0.00, real=0.13 secs] 
6729.715: [GC (Allocation Failure) [PSYoungGen: 21815516K->750362K(22609920K)] 22779372K->1714610K(25755648K), 0.1356377 secs] [Times: user=4.74 sys=0.00, real=0.14 secs] 
6732.870: [GC (Allocation Failure) [PSYoungGen: 21852954K->711298K(22609920K)] 22817202K->1675915K(25755648K), 0.1312153 secs] [Times: user=4.55 sys=0.01, real=0.13 secs] 
6735.994: [GC (Allocation Failure) [PSYoungGen: 21813890K->732139K(22609920K)] 22778507K->1697148K(25755648K), 0.1341192 secs] [Times: user=4.63 sys=0.00, real=0.14 secs] 
6739.112: [GC (Allocation Failure) [PSYoungGen: 21834731K->749920K(22609920K)] 22799740K->1715288K(25755648K), 0.1353098 secs] [Times: user=4.74 sys=0.00, real=0.13 secs] 
6742.268: [GC (Allocation Failure) [PSYoungGen: 21852512K->771858K(22609920K)] 22817880K->1737602K(25755648K), 0.1384128 secs] [Times: user=4.89 sys=0.00, real=0.14 secs] 
6745.484: [GC (Allocation Failure) [PSYoungGen: 21874450K->742333K(22609920K)] 22840194K->1708446K(25755648K), 0.1334705 secs] [Times: user=4.72 sys=0.00, real=0.13 secs] 
6748.635: [GC (Allocation Failure) [PSYoungGen: 21844925K->733594K(22609920K)] 22811038K->1700074K(25755648K), 0.1327832 secs] [Times: user=4.69 sys=0.00, real=0.13 secs] 
6751.798: [GC (Allocation Failure) [PSYoungGen: 21836186K->737893K(22609920K)] 22802666K->1704773K(25755648K), 0.1335676 secs] [Times: user=4.70 sys=0.00, real=0.14 secs] 
6754.905: [GC (Allocation Failure) [PSYoungGen: 21840485K->743817K(22609920K)] 22807365K->1711066K(25755648K), 0.1358571 secs] [Times: user=4.80 sys=0.00, real=0.14 secs] 
6758.091: [GC (Allocation Failure) [PSYoungGen: 21846409K->794159K(22609920K)] 22813658K->1761783K(25755648K), 0.1421259 secs] [Times: user=5.02 sys=0.00, real=0.15 secs] 
6761.263: [GC (Allocation Failure) [PSYoungGen: 21896751K->726479K(22609920K)] 22864375K->1694471K(25755648K), 0.1314492 secs] [Times: user=4.64 sys=0.00, real=0.13 secs] 
6764.421: [GC (Allocation Failure) [PSYoungGen: 21829071K->782540K(22609920K)] 22797063K->1750900K(25755648K), 0.1402329 secs] [Times: user=4.95 sys=0.01, real=0.14 secs] 
6767.525: [GC (Allocation Failure) [PSYoungGen: 21885132K->755510K(22609920K)] 22853492K->1724239K(25755648K), 0.1382309 secs] [Times: user=4.75 sys=0.00, real=0.14 secs] 
6770.712: [GC (Allocation Failure) [PSYoungGen: 21858102K->785351K(22609920K)] 22826831K->1754447K(25755648K), 0.1402896 secs] [Times: user=4.95 sys=0.00, real=0.14 secs] 
6773.822: [GC (Allocation Failure) [PSYoungGen: 21887943K->749473K(22609920K)] 22857039K->1718969K(25755648K), 0.1354462 secs] [Times: user=4.77 sys=0.00, real=0.14 secs] 
6776.923: [GC (Allocation Failure) [PSYoungGen: 21852065K->785133K(22609920K)] 22821561K->1754989K(25755648K), 0.1402175 secs] [Times: user=4.96 sys=0.01, real=0.14 secs] 
6780.054: [GC (Allocation Failure) [PSYoungGen: 21887725K->856945K(22609920K)] 22857581K->1827170K(25755648K), 0.1508030 secs] [Times: user=5.34 sys=0.00, real=0.16 secs] 
6783.213: [GC (Allocation Failure) [PSYoungGen: 21959537K->794849K(22609920K)] 22929762K->1765433K(25755648K), 0.1443332 secs] [Times: user=4.97 sys=0.00, real=0.15 secs] 
6786.388: [GC (Allocation Failure) [PSYoungGen: 21897441K->779106K(22609920K)] 22868025K->1750058K(25755648K), 0.1405159 secs] [Times: user=4.96 sys=0.00, real=0.14 secs] 
6789.492: [GC (Allocation Failure) [PSYoungGen: 21881698K->801109K(22609920K)] 22852650K->1772438K(25755648K), 0.1426203 secs] [Times: user=5.03 sys=0.00, real=0.14 secs] 
6792.662: [GC (Allocation Failure) [PSYoungGen: 21903701K->745181K(22609920K)] 22875030K->1716910K(25755648K), 0.1326405 secs] [Times: user=4.69 sys=0.00, real=0.13 secs] 
6795.821: [GC (Allocation Failure) [PSYoungGen: 21847773K->830719K(22609920K)] 22819502K->1802863K(25755648K), 0.1484026 secs] [Times: user=5.19 sys=0.00, real=0.15 secs] 
6798.982: [GC (Allocation Failure) [PSYoungGen: 21933311K->755384K(22609920K)] 22905455K->1727881K(25755648K), 0.1355724 secs] [Times: user=4.75 sys=0.01, real=0.14 secs] 
6802.097: [GC (Allocation Failure) [PSYoungGen: 21857976K->755897K(22609920K)] 22830473K->1728785K(25755648K), 0.1365761 secs] [Times: user=4.80 sys=0.00, real=0.14 secs] 
6805.261: [GC (Allocation Failure) [PSYoungGen: 21858489K->731513K(22609920K)] 22831377K->1704770K(25755648K), 0.1315786 secs] [Times: user=4.63 sys=0.00, real=0.13 secs] 
6808.394: [GC (Allocation Failure) [PSYoungGen: 21834105K->764544K(22609920K)] 22807362K->1738193K(25755648K), 0.1367206 secs] [Times: user=4.83 sys=0.01, real=0.14 secs] 
6811.485: [GC (Allocation Failure) [PSYoungGen: 21867136K->671146K(22609920K)] 22840785K->1645154K(25755648K), 0.1226541 secs] [Times: user=4.32 sys=0.00, real=0.12 secs] 
6814.631: [GC (Allocation Failure) [PSYoungGen: 21773738K->629476K(22609920K)] 22747746K->1603853K(25755648K), 0.1190662 secs] [Times: user=4.18 sys=0.01, real=0.12 secs] 
6817.679: [GC (Allocation Failure) [PSYoungGen: 21732068K->790178K(22609920K)] 22706445K->1764922K(25755648K), 0.1423652 secs] [Times: user=5.02 sys=0.01, real=0.15 secs] 
6820.718: [GC (Allocation Failure) [PSYoungGen: 21892770K->805830K(22609920K)] 22867514K->1780990K(25755648K), 0.1434855 secs] [Times: user=5.07 sys=0.00, real=0.15 secs] 
6823.844: [GC (Allocation Failure) [PSYoungGen: 21908422K->778847K(22609920K)] 22883582K->1754359K(25755648K), 0.1396328 secs] [Times: user=4.94 sys=0.00, real=0.14 secs] 
6826.941: [GC (Allocation Failure) [PSYoungGen: 21881439K->775764K(22609920K)] 22856951K->1751645K(25755648K), 0.1404131 secs] [Times: user=4.90 sys=0.00, real=0.15 secs] 
6830.082: [GC (Allocation Failure) [PSYoungGen: 21878356K->757391K(22609920K)] 22854237K->1733711K(25755648K), 0.1368892 secs] [Times: user=4.84 sys=0.00, real=0.14 secs] 
6833.228: [GC (Allocation Failure) [PSYoungGen: 21859983K->797312K(22609920K)] 22836303K->1773985K(25755648K), 0.1435125 secs] [Times: user=5.07 sys=0.00, real=0.14 secs] 
6836.485: [GC (Allocation Failure) [PSYoungGen: 21899904K->796692K(22609920K)] 22876577K->1773741K(25755648K), 0.1413964 secs] [Times: user=5.01 sys=0.00, real=0.14 secs] 
6839.662: [GC (Allocation Failure) [PSYoungGen: 21899284K->722688K(22609920K)] 22876333K->1700128K(25755648K), 0.1298178 secs] [Times: user=4.58 sys=0.01, real=0.13 secs] 
6842.751: [GC (Allocation Failure) [PSYoungGen: 21825280K->776524K(22609920K)] 22802720K->1754365K(25755648K), 0.1383772 secs] [Times: user=4.90 sys=0.00, real=0.14 secs] 
6845.905: [GC (Allocation Failure) [PSYoungGen: 21879116K->788327K(22609920K)] 22856957K->1766567K(25755648K), 0.1410797 secs] [Times: user=5.00 sys=0.01, real=0.14 secs] 
6848.995: [GC (Allocation Failure) [PSYoungGen: 21890919K->794342K(22609920K)] 22869159K->1772958K(25755648K), 0.1414295 secs] [Times: user=5.01 sys=0.00, real=0.15 secs] 
6852.141: [GC (Allocation Failure) [PSYoungGen: 21896934K->760703K(22609920K)] 22875550K->1739703K(25755648K), 0.1355921 secs] [Times: user=4.80 sys=0.00, real=0.14 secs] 
6855.282: [GC (Allocation Failure) [PSYoungGen: 21863295K->749856K(22609920K)] 22842295K->1729217K(25755648K), 0.1347108 secs] [Times: user=4.76 sys=0.01, real=0.14 secs] 
6858.442: [GC (Allocation Failure) [PSYoungGen: 21852448K->772801K(22609920K)] 22831809K->1752562K(25755648K), 0.1380890 secs] [Times: user=4.89 sys=0.00, real=0.14 secs] 
6861.570: [GC (Allocation Failure) [PSYoungGen: 21875393K->787507K(22609920K)] 22855154K->1767659K(25755648K), 0.1413642 secs] [Times: user=4.93 sys=0.00, real=0.14 secs] 
6864.700: [GC (Allocation Failure) [PSYoungGen: 21890099K->710750K(22609920K)] 22870251K->1691255K(25755648K), 0.1290977 secs] [Times: user=4.56 sys=0.00, real=0.13 secs] 
6867.839: [GC (Allocation Failure) [PSYoungGen: 21813342K->750636K(22609920K)] 22793847K->1731525K(25755648K), 0.1354628 secs] [Times: user=4.79 sys=0.00, real=0.13 secs] 
6870.998: [GC (Allocation Failure) [PSYoungGen: 21853228K->781583K(22609920K)] 22834117K->1762872K(25755648K), 0.1409659 secs] [Times: user=4.95 sys=0.01, real=0.15 secs] 
6874.145: [GC (Allocation Failure) [PSYoungGen: 21884175K->776817K(22609920K)] 22865464K->1758537K(25755648K), 0.1398685 secs] [Times: user=4.88 sys=0.00, real=0.14 secs] 
6877.311: [GC (Allocation Failure) [PSYoungGen: 21879409K->755910K(22609920K)] 22861129K->1738014K(25755648K), 0.1380649 secs] [Times: user=4.81 sys=0.00, real=0.14 secs] 
6880.396: [GC (Allocation Failure) [PSYoungGen: 21858502K->777645K(22609920K)] 22840606K->1760118K(25755648K), 0.1394720 secs] [Times: user=4.94 sys=0.01, real=0.14 secs] 
6883.529: [GC (Allocation Failure) [PSYoungGen: 21880237K->779275K(22609920K)] 22862710K->1762115K(25755648K), 0.1394114 secs] [Times: user=4.93 sys=0.00, real=0.14 secs] 
6886.648: [GC (Allocation Failure) [PSYoungGen: 21881867K->681649K(22609920K)] 22864707K->1664889K(25755648K), 0.1253752 secs] [Times: user=4.37 sys=0.00, real=0.13 secs] 
6889.757: [GC (Allocation Failure) [PSYoungGen: 21784241K->763553K(22609920K)] 22767481K->1747153K(25755648K), 0.1373431 secs] [Times: user=4.86 sys=0.01, real=0.14 secs] 
6892.913: [GC (Allocation Failure) [PSYoungGen: 21866145K->773068K(22609920K)] 22849745K->1757028K(25755648K), 0.1409231 secs] [Times: user=4.86 sys=0.01, real=0.14 secs] 
6896.051: [GC (Allocation Failure) [PSYoungGen: 21875660K->768718K(22609920K)] 22859620K->1753046K(25755648K), 0.1369622 secs] [Times: user=4.84 sys=0.00, real=0.14 secs] 
6899.223: [GC (Allocation Failure) [PSYoungGen: 21871310K->739054K(22609920K)] 22855638K->1723782K(25755648K), 0.1329954 secs] [Times: user=4.69 sys=0.00, real=0.13 secs] 
6902.349: [GC (Allocation Failure) [PSYoungGen: 21841646K->739167K(22609920K)] 22826374K->1724279K(25755648K), 0.1348150 secs] [Times: user=4.73 sys=0.00, real=0.14 secs] 
6905.495: [GC (Allocation Failure) [PSYoungGen: 21841759K->741911K(22609920K)] 22826871K->1727383K(25755648K), 0.1339238 secs] [Times: user=4.69 sys=0.00, real=0.13 secs] 
6908.653: [GC (Allocation Failure) [PSYoungGen: 21844503K->762035K(22609920K)] 22829975K->1748124K(25755648K), 0.1371282 secs] [Times: user=4.84 sys=0.01, real=0.14 secs] 
6911.802: [GC (Allocation Failure) [PSYoungGen: 21864627K->708942K(22609920K)] 22850716K->1695431K(25755648K), 0.1287110 secs] [Times: user=4.55 sys=0.00, real=0.13 secs] 
6914.887: [GC (Allocation Failure) [PSYoungGen: 21811534K->740467K(22609920K)] 22798023K->1727380K(25755648K), 0.1339225 secs] [Times: user=4.73 sys=0.00, real=0.13 secs] 
6918.112: [GC (Allocation Failure) [PSYoungGen: 21843059K->750796K(22609920K)] 22829972K->1738053K(25755648K), 0.1353800 secs] [Times: user=4.79 sys=0.01, real=0.14 secs] 
6921.193: [GC (Allocation Failure) [PSYoungGen: 21853388K->747767K(22609920K)] 22840645K->1735407K(25755648K), 0.1340074 secs] [Times: user=4.74 sys=0.00, real=0.14 secs] 
6924.325: [GC (Allocation Failure) [PSYoungGen: 21850359K->735759K(22609920K)] 22837999K->1723760K(25755648K), 0.1331814 secs] [Times: user=4.71 sys=0.00, real=0.14 secs] 
6927.406: [GC (Allocation Failure) [PSYoungGen: 21838351K->793742K(22609920K)] 22826352K->1782143K(25755648K), 0.1428282 secs] [Times: user=4.99 sys=0.00, real=0.15 secs] 
6930.516: [GC (Allocation Failure) [PSYoungGen: 21896334K->749047K(22609920K)] 22884735K->1737807K(25755648K), 0.1353783 secs] [Times: user=4.79 sys=0.00, real=0.14 secs] 
6933.684: [GC (Allocation Failure) [PSYoungGen: 21851639K->767517K(22609920K)] 22840399K->1756742K(25755648K), 0.1376695 secs] [Times: user=4.87 sys=0.00, real=0.14 secs] 
6936.844: [GC (Allocation Failure) [PSYoungGen: 21870109K->712933K(22609920K)] 22859334K->1702526K(25755648K), 0.1312157 secs] [Times: user=4.55 sys=0.00, real=0.13 secs] 
6939.990: [GC (Allocation Failure) [PSYoungGen: 21815525K->772426K(22609920K)] 22805118K->1762402K(25755648K), 0.1382048 secs] [Times: user=4.89 sys=0.00, real=0.14 secs] 
6943.118: [GC (Allocation Failure) [PSYoungGen: 21875018K->757588K(22609920K)] 22864994K->1748028K(25755648K), 0.1375607 secs] [Times: user=4.80 sys=0.00, real=0.14 secs] 
6946.278: [GC (Allocation Failure) [PSYoungGen: 21860180K->731323K(22609920K)] 22850620K->1722132K(25755648K), 0.1333950 secs] [Times: user=4.71 sys=0.00, real=0.14 secs] 
6949.401: [GC (Allocation Failure) [PSYoungGen: 21833915K->808751K(22609920K)] 22824724K->1800007K(25755648K), 0.1437255 secs] [Times: user=5.10 sys=0.00, real=0.14 secs] 
6952.619: [GC (Allocation Failure) [PSYoungGen: 21911343K->738072K(22609920K)] 22902599K->1729768K(25755648K), 0.1344828 secs] [Times: user=4.63 sys=0.01, real=0.14 secs] 
6955.683: [GC (Allocation Failure) [PSYoungGen: 21840664K->768267K(22609920K)] 22832360K->1760340K(25755648K), 0.1378832 secs] [Times: user=4.87 sys=0.00, real=0.13 secs] 
6958.829: [GC (Allocation Failure) [PSYoungGen: 21870859K->790472K(22609920K)] 22862932K->1782929K(25755648K), 0.1415286 secs] [Times: user=4.97 sys=0.01, real=0.14 secs] 
6961.954: [GC (Allocation Failure) [PSYoungGen: 21893064K->743996K(22609920K)] 22885521K->1736900K(25755648K), 0.1337287 secs] [Times: user=4.73 sys=0.00, real=0.13 secs] 
6965.132: [GC (Allocation Failure) [PSYoungGen: 21846588K->778633K(22609920K)] 22839492K->1771906K(25755648K), 0.1401549 secs] [Times: user=4.88 sys=0.00, real=0.14 secs] 
6968.295: [GC (Allocation Failure) [PSYoungGen: 21881225K->794865K(22609920K)] 22874498K->1788505K(25755648K), 0.1469466 secs] [Times: user=4.99 sys=0.00, real=0.14 secs] 
6971.439: [GC (Allocation Failure) [PSYoungGen: 21897457K->771650K(22609920K)] 22891097K->1765674K(25755648K), 0.1383059 secs] [Times: user=4.88 sys=0.00, real=0.14 secs] 
6974.618: [GC (Allocation Failure) [PSYoungGen: 21874242K->746980K(22609920K)] 22868266K->1741365K(25755648K), 0.1361879 secs] [Times: user=4.80 sys=0.00, real=0.14 secs] 
6977.740: [GC (Allocation Failure) [PSYoungGen: 21849572K->783190K(22609920K)] 22843957K->1777951K(25755648K), 0.1408532 secs] [Times: user=4.95 sys=0.00, real=0.14 secs] 
6980.864: [GC (Allocation Failure) [PSYoungGen: 21885782K->746116K(22609920K)] 22880543K->1741284K(25755648K), 0.1350651 secs] [Times: user=4.72 sys=0.01, real=0.14 secs] 
6983.977: [GC (Allocation Failure) [PSYoungGen: 21848708K->784216K(22609920K)] 22843876K->1779776K(25755648K), 0.1412380 secs] [Times: user=4.97 sys=0.01, real=0.14 secs] 
6987.141: [GC (Allocation Failure) [PSYoungGen: 21886808K->749757K(22609920K)] 22882368K->1745654K(25755648K), 0.1352989 secs] [Times: user=4.79 sys=0.00, real=0.13 secs] 
6990.256: [GC (Allocation Failure) [PSYoungGen: 21852349K->794545K(22609920K)] 22848246K->1790826K(25755648K), 0.1419484 secs] [Times: user=5.01 sys=0.00, real=0.15 secs] 
6993.395: [GC (Allocation Failure) [PSYoungGen: 21897137K->778673K(22609920K)] 22893418K->1775346K(25755648K), 0.1407062 secs] [Times: user=4.94 sys=0.00, real=0.14 secs] 
6996.504: [GC (Allocation Failure) [PSYoungGen: 21881265K->749921K(22609920K)] 22877938K->1746937K(25755648K), 0.1357491 secs] [Times: user=4.73 sys=0.01, real=0.14 secs] 
6999.687: [GC (Allocation Failure) [PSYoungGen: 21852513K->789957K(22609920K)] 22849529K->1787349K(25755648K), 0.1433216 secs] [Times: user=5.02 sys=0.00, real=0.15 secs] 
7002.791: [GC (Allocation Failure) [PSYoungGen: 21892549K->757108K(22609920K)] 22889941K->1754893K(25755648K), 0.1357978 secs] [Times: user=4.80 sys=0.00, real=0.13 secs] 
7005.855: [GC (Allocation Failure) [PSYoungGen: 21859700K->804849K(22609920K)] 22857485K->1803026K(25755648K), 0.1458829 secs] [Times: user=5.10 sys=0.00, real=0.15 secs] 
7009.010: [GC (Allocation Failure) [PSYoungGen: 21907441K->747439K(22609920K)] 22905618K->1745984K(25755648K), 0.1352907 secs] [Times: user=4.70 sys=0.00, real=0.13 secs] 
7012.090: [GC (Allocation Failure) [PSYoungGen: 21850031K->694679K(22609920K)] 22848576K->1693567K(25755648K), 0.1267537 secs] [Times: user=4.39 sys=0.00, real=0.12 secs] 
7015.216: [GC (Allocation Failure) [PSYoungGen: 21797271K->677284K(22609920K)] 22796159K->1676549K(25755648K), 0.1232163 secs] [Times: user=4.34 sys=0.00, real=0.12 secs] 
7018.371: [GC (Allocation Failure) [PSYoungGen: 21779876K->695060K(22609920K)] 22779141K->1694709K(25755648K), 0.1252516 secs] [Times: user=4.42 sys=0.00, real=0.12 secs] 
7021.368: [GC (Allocation Failure) [PSYoungGen: 21797652K->808313K(22609920K)] 22797301K->1808362K(25755648K), 0.1450068 secs] [Times: user=5.13 sys=0.00, real=0.15 secs] 
7024.477: [GC (Allocation Failure) [PSYoungGen: 21910905K->782781K(22609920K)] 22910954K->1783198K(25755648K), 0.1407602 secs] [Times: user=4.96 sys=0.00, real=0.14 secs] 
7027.619: [GC (Allocation Failure) [PSYoungGen: 21885373K->774945K(22609920K)] 22885790K->1775745K(25755648K), 0.1401947 secs] [Times: user=4.96 sys=0.00, real=0.14 secs] 
7030.752: [GC (Allocation Failure) [PSYoungGen: 21877537K->714154K(22609920K)] 22878337K->1715307K(25755648K), 0.1295434 secs] [Times: user=4.54 sys=0.00, real=0.12 secs] 
7033.805: [GC (Allocation Failure) [PSYoungGen: 21816746K->797620K(22609920K)] 22817899K->1799292K(25755648K), 0.1426121 secs] [Times: user=5.06 sys=0.00, real=0.14 secs] 
7036.922: [GC (Allocation Failure) [PSYoungGen: 21900212K->700944K(22609920K)] 22901884K->1702976K(25755648K), 0.1276223 secs] [Times: user=4.51 sys=0.00, real=0.13 secs] 
7040.029: [GC (Allocation Failure) [PSYoungGen: 21803536K->748673K(22609920K)] 22805568K->1751074K(25755648K), 0.1356508 secs] [Times: user=4.79 sys=0.01, real=0.14 secs] 
7043.110: [GC (Allocation Failure) [PSYoungGen: 21851265K->803318K(22609920K)] 22853666K->1806110K(25755648K), 0.1441311 secs] [Times: user=5.10 sys=0.00, real=0.14 secs] 
7046.311: [GC (Allocation Failure) [PSYoungGen: 21905910K->776930K(22609920K)] 22908702K->1780091K(25755648K), 0.1387887 secs] [Times: user=4.91 sys=0.01, real=0.14 secs] 
7049.509: [GC (Allocation Failure) [PSYoungGen: 21879522K->828157K(22609920K)] 22882683K->1831685K(25755648K), 0.1476543 secs] [Times: user=5.22 sys=0.00, real=0.15 secs] 
7052.655: [GC (Allocation Failure) [PSYoungGen: 21930749K->755303K(22609920K)] 22934277K->1759247K(25755648K), 0.1367512 secs] [Times: user=4.83 sys=0.00, real=0.14 secs] 
7055.781: [GC (Allocation Failure) [PSYoungGen: 21857895K->715420K(22609920K)] 22861839K->1719748K(25755648K), 0.1305062 secs] [Times: user=4.55 sys=0.01, real=0.13 secs] 
7058.220: [GC (System.gc()) [PSYoungGen: 14798175K->620452K(22609920K)] 15802504K->1625157K(25755648K), 0.1157563 secs] [Times: user=4.08 sys=0.00, real=0.11 secs] 
7058.336: [Full GC (System.gc()) [PSYoungGen: 620452K->0K(22609920K)] [ParOldGen: 1004704K->232177K(3145728K)] 1625157K->232177K(25755648K), [Metaspace: 22279K->22279K(1069056K)], 0.2340332 secs] [Times: user=6.28 sys=0.06, real=0.24 secs] 
7096.039: [GC (Allocation Failure) [PSYoungGen: 21102592K->945870K(22609920K)] 21334769K->1178048K(25755648K), 0.1540761 secs] [Times: user=5.44 sys=0.00, real=0.16 secs] 
7108.766: [GC (Allocation Failure) [PSYoungGen: 22048462K->932741K(22609920K)] 22280640K->1164919K(25755648K), 0.1422610 secs] [Times: user=4.96 sys=0.01, real=0.14 secs] 
7118.531: [GC (Allocation Failure) [PSYoungGen: 22035333K->945335K(22609920K)] 22267511K->1177513K(25755648K), 0.1420727 secs] [Times: user=4.99 sys=0.00, real=0.14 secs] 
7126.395: [GC (Allocation Failure) [PSYoungGen: 22047927K->932293K(22609920K)] 22280105K->1164471K(25755648K), 0.1418697 secs] [Times: user=4.87 sys=0.00, real=0.14 secs] 
7133.990: [GC (Allocation Failure) [PSYoungGen: 22034885K->953859K(22609920K)] 22267063K->1186037K(25755648K), 0.1430890 secs] [Times: user=5.03 sys=0.00, real=0.14 secs] 
7140.277: [GC (Allocation Failure) [PSYoungGen: 22056451K->942106K(22609920K)] 22288629K->1174284K(25755648K), 0.1428412 secs] [Times: user=5.01 sys=0.01, real=0.15 secs] 
7146.421: [GC (Allocation Failure) [PSYoungGen: 22044698K->976205K(22609920K)] 22276876K->1208383K(25755648K), 0.1441272 secs] [Times: user=5.05 sys=0.00, real=0.14 secs] 
7152.182: [GC (Allocation Failure) [PSYoungGen: 22078797K->991558K(22609920K)] 22310975K->1223736K(25755648K), 0.1470039 secs] [Times: user=5.19 sys=0.00, real=0.14 secs] 
7157.155: [GC (Allocation Failure) [PSYoungGen: 22094150K->992816K(22609920K)] 22326328K->1224994K(25755648K), 0.1493489 secs] [Times: user=5.15 sys=0.00, real=0.15 secs] 
7162.379: [GC (Allocation Failure) [PSYoungGen: 22095408K->972022K(22609920K)] 22327586K->1204200K(25755648K), 0.1432352 secs] [Times: user=5.06 sys=0.00, real=0.14 secs] 
7167.285: [GC (Allocation Failure) [PSYoungGen: 22074614K->1025753K(22609920K)] 22306792K->1257931K(25755648K), 0.1525683 secs] [Times: user=5.39 sys=0.01, real=0.15 secs] 
7171.581: [GC (Allocation Failure) [PSYoungGen: 22128345K->1020077K(22609920K)] 22360523K->1252255K(25755648K), 0.1505886 secs] [Times: user=5.31 sys=0.00, real=0.15 secs] 
7176.062: [GC (Allocation Failure) [PSYoungGen: 22122669K->997391K(22609920K)] 22354847K->1229569K(25755648K), 0.1471540 secs] [Times: user=5.18 sys=0.00, real=0.15 secs] 
7180.441: [GC (Allocation Failure) [PSYoungGen: 22099983K->962262K(22609920K)] 22332161K->1194440K(25755648K), 0.1417718 secs] [Times: user=4.98 sys=0.00, real=0.14 secs] 
7184.434: [GC (Allocation Failure) [PSYoungGen: 22064854K->1038344K(22609920K)] 22297032K->1270522K(25755648K), 0.1549877 secs] [Times: user=5.38 sys=0.01, real=0.16 secs] 
7188.231: [GC (Allocation Failure) [PSYoungGen: 22140936K->701061K(22609920K)] 22373114K->1292528K(25755648K), 0.1634427 secs] [Times: user=5.72 sys=0.00, real=0.16 secs] 
7192.044: [GC (Allocation Failure) [PSYoungGen: 21803653K->667784K(22609920K)] 22395120K->1261004K(25755648K), 0.1208969 secs] [Times: user=4.25 sys=0.00, real=0.12 secs] 
7195.897: [GC (Allocation Failure) [PSYoungGen: 21770376K->646341K(22609920K)] 22363596K->1240593K(25755648K), 0.1157764 secs] [Times: user=4.07 sys=0.01, real=0.12 secs] 
7199.634: [GC (Allocation Failure) [PSYoungGen: 21748933K->650469K(22609920K)] 22343185K->1245665K(25755648K), 0.1164281 secs] [Times: user=4.07 sys=0.00, real=0.12 secs] 
7203.180: [GC (Allocation Failure) [PSYoungGen: 21753061K->677045K(22609920K)] 22348257K->1272961K(25755648K), 0.1208686 secs] [Times: user=4.26 sys=0.01, real=0.12 secs] 
7206.603: [GC (Allocation Failure) [PSYoungGen: 21779637K->635593K(22609920K)] 22375553K->1232982K(25755648K), 0.1140838 secs] [Times: user=4.01 sys=0.01, real=0.11 secs] 
7210.119: [GC (Allocation Failure) [PSYoungGen: 21738185K->698213K(22609920K)] 22335574K->1296217K(25755648K), 0.1244901 secs] [Times: user=4.39 sys=0.00, real=0.13 secs] 
7213.490: [GC (Allocation Failure) [PSYoungGen: 21800805K->631433K(22609920K)] 22398809K->1230062K(25755648K), 0.1162651 secs] [Times: user=4.01 sys=0.01, real=0.12 secs] 
7216.638: [GC (Allocation Failure) [PSYoungGen: 21734025K->745661K(22609920K)] 22332654K->1344929K(25755648K), 0.1335742 secs] [Times: user=4.70 sys=0.01, real=0.14 secs] 
7219.788: [GC (Allocation Failure) [PSYoungGen: 21848253K->740556K(22609920K)] 22447521K->1340440K(25755648K), 0.1324746 secs] [Times: user=4.68 sys=0.00, real=0.13 secs] 
7222.993: [GC (Allocation Failure) [PSYoungGen: 21843148K->787717K(22609920K)] 22443032K->1388178K(25755648K), 0.1391515 secs] [Times: user=4.92 sys=0.00, real=0.14 secs] 
7226.173: [GC (Allocation Failure) [PSYoungGen: 21890309K->856674K(22609920K)] 22490770K->1457759K(25755648K), 0.1500261 secs] [Times: user=5.31 sys=0.00, real=0.15 secs] 
7237.356: [GC (System.gc()) [PSYoungGen: 10919372K->888249K(22609920K)] 11520457K->1489942K(25755648K), 0.1358970 secs] [Times: user=4.80 sys=0.00, real=0.13 secs] 
7237.492: [Full GC (System.gc()) [PSYoungGen: 888249K->0K(22609920K)] [ParOldGen: 601692K->243514K(3145728K)] 1489942K->243514K(25755648K), [Metaspace: 22325K->22325K(1069056K)], 0.0766188 secs] [Times: user=0.93 sys=0.01, real=0.08 secs] 
7243.960: [GC (System.gc()) [PSYoungGen: 3495574K->512K(22609920K)] 3739088K->244026K(25755648K), 0.0081364 secs] [Times: user=0.13 sys=0.01, real=0.01 secs] 
7243.969: [Full GC (System.gc()) [PSYoungGen: 512K->0K(22609920K)] [ParOldGen: 243514K->237801K(3145728K)] 244026K->237801K(25755648K), [Metaspace: 22340K->22340K(1069056K)], 0.1063166 secs] [Times: user=1.75 sys=0.00, real=0.11 secs] 
7259.164: [GC (Allocation Failure) [PSYoungGen: 21102592K->985338K(22609920K)] 21340393K->1223147K(25755648K), 0.1583569 secs] [Times: user=5.50 sys=0.00, real=0.16 secs] 
7270.625: [GC (Allocation Failure) [PSYoungGen: 22087930K->952077K(22609920K)] 22325739K->1189894K(25755648K), 0.1373242 secs] [Times: user=4.81 sys=0.00, real=0.14 secs] 
7281.844: [GC (Allocation Failure) [PSYoungGen: 22054669K->943527K(22609920K)] 22292486K->1181344K(25755648K), 0.1362637 secs] [Times: user=4.78 sys=0.00, real=0.14 secs] 
7287.999: [GC (System.gc()) [PSYoungGen: 5381469K->30034K(22609920K)] 5619286K->267851K(25755648K), 0.0115342 secs] [Times: user=0.19 sys=0.00, real=0.01 secs] 
7288.011: [Full GC (System.gc()) [PSYoungGen: 30034K->0K(22609920K)] [ParOldGen: 237817K->246592K(3145728K)] 267851K->246592K(25755648K), [Metaspace: 22411K->22411K(1069056K)], 0.1161006 secs] [Times: user=2.00 sys=0.02, real=0.12 secs] 
7288.349: [GC (System.gc()) [PSYoungGen: 1018K->64K(22609920K)] 247610K->246656K(25755648K), 0.0439245 secs] [Times: user=0.29 sys=0.00, real=0.05 secs] 
7288.394: [Full GC (System.gc()) [PSYoungGen: 64K->0K(22609920K)] [ParOldGen: 246592K->244767K(3145728K)] 246656K->244767K(25755648K), [Metaspace: 22414K->22414K(1069056K)], 0.3101129 secs] [Times: user=3.72 sys=0.03, real=0.31 secs] 
7288.918: [GC (System.gc()) [PSYoungGen: 94729K->128K(22609920K)] 339496K->244895K(25755648K), 0.0063940 secs] [Times: user=0.04 sys=0.00, real=0.01 secs] 
7288.924: [Full GC (System.gc()) [PSYoungGen: 128K->0K(22609920K)] [ParOldGen: 244767K->244674K(3145728K)] 244895K->244674K(25755648K), [Metaspace: 22415K->22415K(1069056K)], 0.6949137 secs] [Times: user=7.91 sys=0.07, real=0.69 secs] 
Heap
 PSYoungGen      total 22609920K, used 810453K [0x0000000200000000, 0x00000007c0000000, 0x00000007c0000000)
  eden space 21102592K, 3% used [0x0000000200000000,0x00000002317757d0,0x0000000708000000)
  from space 1507328K, 0% used [0x0000000764000000,0x0000000764000000,0x00000007c0000000)
  to   space 1507328K, 0% used [0x0000000708000000,0x0000000708000000,0x0000000764000000)
 ParOldGen       total 3145728K, used 244674K [0x0000000140000000, 0x0000000200000000, 0x0000000200000000)
  object space 3145728K, 7% used [0x0000000140000000,0x000000014eef0908,0x0000000200000000)
 Metaspace       used 22427K, capacity 23226K, committed 23296K, reserved 1069056K
  class space    used 2609K, capacity 2807K, committed 2816K, reserved 1048576K
