Java HotSpot(TM) 64-Bit Server VM (25.60-b12) for linux-amd64 JRE (1.8.0_60-ea-b12), built on Apr 21 2015 19:53:00 by "java_re" with gcc 4.3.0 20080428 (Red Hat 4.3.0-8)
Memory: 4k page, physical 395463368k(390041900k free), swap 16318460k(16318460k free)
CommandLine flags: -XX:InitialHeapSize=2147483648 -XX:MaxHeapSize=32210157568 -XX:+PrintGC -XX:+PrintGCTimeStamps -XX:+UseCompressedClassPointers -XX:+UseCompressedOops -XX:+UseParallelGC 
1.908: [GC (Allocation Failure)  524800K->10224K(2010112K), 0.0287339 secs]
19.309: [GC (Allocation Failure)  535024K->25159K(1948672K), 0.0224617 secs]
21.581: [GC (Allocation Failure)  549959K->27912K(1951232K), 0.0176741 secs]
22.818: [GC (System.gc())  125237K->27840K(1951232K), 0.0284634 secs]
22.847: [Full GC (System.gc())  27840K->26705K(1951232K), 0.0626324 secs]
53.136: [GC (Allocation Failure)  551505K->29465K(1926144K), 0.0293079 secs]
111.411: [GC (System.gc())  430016K->31544K(1928192K), 0.0233833 secs]
111.435: [Full GC (System.gc())  31544K->28792K(1928192K), 0.0956888 secs]
212.177: [GC (Allocation Failure)  553592K->31678K(1997312K), 0.0128245 secs]
363.834: [GC (Allocation Failure)  543678K->31717K(1901056K), 0.0452130 secs]
372.886: [GC (System.gc())  74280K->32477K(1902080K), 0.0204554 secs]
372.907: [Full GC (System.gc())  32477K->28995K(1902080K), 0.0824233 secs]
520.760: [GC (System.gc())  457967K->31957K(1901056K), 0.0262925 secs]
520.787: [Full GC (System.gc())  31957K->29158K(1901056K), 0.1008369 secs]
625.261: [GC (System.gc())  318982K->31943K(1901056K), 0.0129685 secs]
625.274: [Full GC (System.gc())  31943K->29011K(1901056K), 0.0520050 secs]
632.567: [GC (System.gc())  74468K->29531K(1899008K), 0.0179668 secs]
632.585: [Full GC (System.gc())  29531K->28922K(1899008K), 0.0900236 secs]
840.030: [GC (Allocation Failure)  528634K->31650K(1921536K), 0.0156156 secs]
1047.016: [GC (Allocation Failure)  519586K->32016K(1878016K), 0.0125603 secs]
1251.658: [GC (Allocation Failure)  508688K->33676K(1868288K), 0.0127669 secs]
1455.002: [GC (Allocation Failure)  499084K->32363K(1856000K), 0.0135901 secs]
1654.473: [GC (Allocation Failure)  487019K->32102K(1845760K), 0.0087636 secs]
1849.025: [GC (Allocation Failure)  476518K->32006K(1836032K), 0.0185418 secs]
2040.019: [GC (Allocation Failure)  466694K->32158K(1826304K), 0.0171759 secs]
2227.085: [GC (GCLocker Initiated GC)  457134K->32524K(1817600K), 0.0212167 secs]
2409.638: [GC (Allocation Failure)  448269K->32723K(1808896K), 0.0263707 secs]
2589.739: [GC (Allocation Failure)  439763K->32190K(1799680K), 0.0151686 secs]
2766.632: [GC (Allocation Failure)  430526K->32301K(1791488K), 0.0397054 secs]
2937.987: [GC (Allocation Failure)  422445K->32133K(1783296K), 0.0157852 secs]
3108.024: [GC (Allocation Failure)  414085K->32342K(1775616K), 0.0190707 secs]
3275.502: [GC (Allocation Failure)  406614K->32150K(1767936K), 0.0609161 secs]
3438.690: [GC (Allocation Failure)  398742K->32645K(1761280K), 0.0399601 secs]
3602.626: [GC (Allocation Failure)  392069K->32316K(1753600K), 0.0256690 secs]
3762.246: [GC (Allocation Failure)  384572K->32054K(1746432K), 0.0641133 secs]
3920.016: [GC (Allocation Failure)  377654K->31998K(1739776K), 0.1131262 secs]
4075.377: [GC (Allocation Failure)  370942K->32062K(1733632K), 0.2302075 secs]
4225.801: [GC (Allocation Failure)  364862K->32580K(1728000K), 0.0970602 secs]
4376.020: [GC (Allocation Failure)  359236K->32398K(1721856K), 0.0725767 secs]
4525.097: [GC (Allocation Failure)  352910K->31879K(1715712K), 0.1386388 secs]
4669.955: [GC (Allocation Failure)  346759K->32545K(1710592K), 0.1382663 secs]
4812.520: [GC (Allocation Failure)  341793K->32213K(1704960K), 0.1902356 secs]
4955.050: [GC (Allocation Failure)  335829K->31839K(1699328K), 0.2376474 secs]
5092.179: [GC (Allocation Failure)  330335K->32571K(1694720K), 0.0934027 secs]
5226.027: [GC (Allocation Failure)  325947K->31799K(1689088K), 0.0994267 secs]
5360.410: [GC (Allocation Failure)  320055K->32413K(1684992K), 0.0957004 secs]
5490.026: [GC (Allocation Failure)  316061K->32411K(1680384K), 0.1989707 secs]
5619.577: [GC (Allocation Failure)  311451K->31998K(1675264K), 0.0887482 secs]
5746.157: [GC (Allocation Failure)  306430K->31831K(1670656K), 0.1961246 secs]
5879.016: [GC (Allocation Failure)  301655K->32374K(1667072K), 0.2876698 secs]
6035.122: [GC (Allocation Failure)  298102K->33268K(1663488K), 0.0282526 secs]
6293.139: [GC (System.gc())  237380K->32311K(1662976K), 0.0275277 secs]
6293.167: [Full GC (System.gc())  32311K->29087K(1662976K), 0.0821107 secs]
6412.702: [GC (Allocation Failure)  290719K->31806K(1658880K), 0.2243616 secs]
6473.929: [GC (System.gc())  165314K->31616K(1658368K), 0.0273749 secs]
6473.956: [Full GC (System.gc())  31616K->28920K(1658368K), 0.0817811 secs]
6481.167: [GC (System.gc())  42371K->29496K(1656832K), 0.0245946 secs]
6481.192: [Full GC (System.gc())  29496K->29100K(1656832K), 0.0611215 secs]
6527.289: [GC (Allocation Failure)  286636K->51274K(1657344K), 0.0381480 secs]
6528.604: [GC (Allocation Failure)  304714K->91872K(1660416K), 0.0332273 secs]
6529.801: [GC (GCLocker Initiated GC)  341246K->133300K(1710592K), 0.0338665 secs]
