Java HotSpot(TM) 64-Bit Server VM (25.60-b12) for linux-amd64 JRE (1.8.0_60-ea-b12), built on Apr 21 2015 19:53:00 by "java_re" with gcc 4.3.0 20080428 (Red Hat 4.3.0-8)
Memory: 4k page, physical 395463368k(390005560k free), swap 16318460k(16318460k free)
CommandLine flags: -XX:+AggressiveOpts -XX:+AlwaysPreTouch -XX:InitialHeapSize=31138512896 -XX:LargePageSizeInBytes=2097152 -XX:MaxHeapSize=31138512896 -XX:MaxNewSize=27917287424 -XX:MaxTenuringThreshold=15 -XX:NewSize=27917287424 -XX:ParallelGCThreads=56 -XX:+PrintGC -XX:+PrintGCDetails -XX:+PrintGCTimeStamps -XX:+PrintTenuringDistribution -XX:SurvivorRatio=28 -XX:TargetSurvivorRatio=95 -XX:-UseAdaptiveSizePolicy -XX:-UseBiasedLocking -XX:+UseCompressedClassPointers -XX:+UseCompressedOops -XX:+UseLargePages -XX:+UseParallelOldGC 
9.283: [GC (Allocation Failure) [PSYoungGen: 25448448K->12619K(26355712K)] 25448448K->12722K(29501440K), 0.0156880 secs] [Times: user=0.28 sys=0.01, real=0.01 secs] 
12.534: [GC (System.gc()) [PSYoungGen: 24789638K->8983K(26355712K)] 24789740K->9094K(29501440K), 0.0291890 secs] [Times: user=0.78 sys=0.00, real=0.03 secs] 
12.564: [Full GC (System.gc()) [PSYoungGen: 8983K->0K(26355712K)] [ParOldGen: 110K->8130K(3145728K)] 9094K->8130K(29501440K), [Metaspace: 16774K->16774K(1064960K)], 0.0380011 secs] [Times: user=0.68 sys=0.12, real=0.03 secs] 
19.131: [GC (Allocation Failure) [PSYoungGen: 25448448K->851741K(26355712K)] 25456578K->859887K(29501440K), 0.0730033 secs] [Times: user=3.44 sys=0.00, real=0.08 secs] 
32.708: [GC (Allocation Failure) [PSYoungGen: 26300189K->852878K(26355712K)] 26308335K->861032K(29501440K), 0.0681363 secs] [Times: user=3.21 sys=0.00, real=0.07 secs] 
101.088: [GC (System.gc()) [PSYoungGen: 23871167K->99735K(26355712K)] 23879322K->107897K(29501440K), 0.0257618 secs] [Times: user=0.72 sys=0.01, real=0.03 secs] 
101.114: [Full GC (System.gc()) [PSYoungGen: 99735K->0K(26355712K)] [ParOldGen: 8162K->106074K(3145728K)] 107897K->106074K(29501440K), [Metaspace: 20016K->20012K(1067008K)], 0.0833718 secs] [Times: user=2.36 sys=0.04, real=0.08 secs] 
221.072: [GC (Allocation Failure) [PSYoungGen: 25448448K->903252K(26355712K)] 25554522K->1009334K(29501440K), 0.0837500 secs] [Times: user=4.34 sys=0.00, real=0.09 secs] 
235.006: [GC (Allocation Failure) [PSYoungGen: 26351700K->893349K(26355712K)] 26457782K->999440K(29501440K), 0.0797852 secs] [Times: user=3.83 sys=0.00, real=0.08 secs] 
244.044: [GC (Allocation Failure) [PSYoungGen: 26341797K->902903K(26355712K)] 26447888K->1009001K(29501440K), 0.0743299 secs] [Times: user=3.79 sys=0.00, real=0.07 secs] 
255.337: [GC (Allocation Failure) [PSYoungGen: 26351351K->907236K(26355712K)] 26457449K->1016246K(29501440K), 0.0787677 secs] [Times: user=3.94 sys=0.00, real=0.08 secs] 
264.429: [GC (Allocation Failure) [PSYoungGen: 26355684K->907250K(26355712K)] 26464694K->1041204K(29501440K), 0.0863680 secs] [Times: user=4.32 sys=0.00, real=0.09 secs] 
272.064: [GC (Allocation Failure) [PSYoungGen: 26355698K->907251K(26355712K)] 26489652K->1190333K(29501440K), 0.1130707 secs] [Times: user=5.77 sys=0.00, real=0.11 secs] 
277.968: [GC (Allocation Failure) [PSYoungGen: 26355699K->889660K(26355712K)] 26638781K->1172750K(29501440K), 0.0807729 secs] [Times: user=3.88 sys=0.00, real=0.08 secs] 
286.554: [GC (Allocation Failure) [PSYoungGen: 26338108K->907242K(26355712K)] 26621198K->1294388K(29501440K), 0.1093119 secs] [Times: user=5.13 sys=0.00, real=0.11 secs] 
290.657: [GC (Allocation Failure) [PSYoungGen: 26355690K->907239K(26355712K)] 26742836K->1334657K(29501440K), 0.0922909 secs] [Times: user=4.42 sys=0.01, real=0.09 secs] 
296.455: [GC (Allocation Failure) [PSYoungGen: 26355687K->907234K(26355712K)] 26783105K->1429604K(29501440K), 0.1057626 secs] [Times: user=5.25 sys=0.00, real=0.10 secs] 
301.395: [GC (Allocation Failure) [PSYoungGen: 26355682K->907238K(26355712K)] 26878052K->1593544K(29501440K), 0.1219315 secs] [Times: user=6.21 sys=0.01, real=0.12 secs] 
306.188: [GC (Allocation Failure) [PSYoungGen: 26355686K->907262K(26355712K)] 27041992K->1900129K(29501440K), 0.1672414 secs] [Times: user=8.73 sys=0.01, real=0.17 secs] 
310.367: [GC (Allocation Failure) [PSYoungGen: 26355710K->907245K(26355712K)] 27348577K->1977095K(29501440K), 0.1247983 secs] [Times: user=6.68 sys=0.00, real=0.12 secs] 
314.203: [GC (Allocation Failure) [PSYoungGen: 26355693K->907252K(26355712K)] 27425543K->2193654K(29501440K), 0.1386205 secs] [Times: user=7.24 sys=0.00, real=0.13 secs] 
317.810: [GC (Allocation Failure) [PSYoungGen: 26355700K->907254K(26355712K)] 27642102K->2319809K(29501440K), 0.1178103 secs] [Times: user=6.15 sys=0.01, real=0.12 secs] 
321.434: [GC (Allocation Failure) [PSYoungGen: 26355702K->907259K(26355712K)] 27768257K->2647243K(29501440K), 0.1563873 secs] [Times: user=8.02 sys=0.00, real=0.15 secs] 
324.781: [GC (Allocation Failure) [PSYoungGen: 26355707K->845503K(26355712K)] 28095691K->2595411K(29501440K), 0.1048448 secs] [Times: user=5.46 sys=0.02, real=0.11 secs] 
327.851: [GC (Allocation Failure) [PSYoungGen: 26293951K->907238K(26355712K)] 28043859K->2783868K(29501440K), 0.1359549 secs] [Times: user=7.02 sys=0.02, real=0.14 secs] 
330.476: [GC (Allocation Failure) [PSYoungGen: 26355686K->907247K(26355712K)] 28232316K->3133205K(29501440K), 0.1901574 secs] [Times: user=10.25 sys=0.01, real=0.19 secs] 
333.312: [GC (Allocation Failure) [PSYoungGen: 26355695K->907243K(26355712K)] 28581653K->3270394K(29501440K), 0.1410526 secs] [Times: user=7.25 sys=0.01, real=0.15 secs] 
336.080: [GC (Allocation Failure) [PSYoungGen: 26355691K->842771K(26355712K)] 28718842K->3216118K(29501440K), 0.1230234 secs] [Times: user=6.11 sys=0.01, real=0.13 secs] 
338.652: [GC (Allocation Failure) [PSYoungGen: 26291219K->907254K(26355712K)] 28664566K->3374695K(29501440K), 0.1881985 secs] [Times: user=9.78 sys=0.00, real=0.19 secs] 
341.316: [GC (Allocation Failure) [PSYoungGen: 26355702K->907247K(26355712K)] 28823143K->3457425K(29501440K), 0.1457772 secs] [Times: user=7.30 sys=0.00, real=0.14 secs] 
345.663: [GC (Allocation Failure) [PSYoungGen: 26355695K->816055K(26355712K)] 28905873K->3369747K(29501440K), 0.1345973 secs] [Times: user=6.76 sys=0.01, real=0.13 secs] 
348.470: [GC (Allocation Failure) [PSYoungGen: 26264503K->834556K(26355712K)] 28818195K->3392770K(29501440K), 0.1653135 secs] [Times: user=8.81 sys=0.00, real=0.17 secs] 
351.406: [GC (Allocation Failure) [PSYoungGen: 26283004K->907260K(26355712K)] 28841218K->3473354K(29501440K), 0.1359251 secs] [Times: user=7.03 sys=0.00, real=0.13 secs] 
355.468: [GC (Allocation Failure) [PSYoungGen: 26355708K->819420K(26355712K)] 28921802K->3386667K(29501440K), 0.1049372 secs] [Times: user=5.38 sys=0.01, real=0.11 secs] 
358.263: [GC (Allocation Failure) [PSYoungGen: 26267868K->907246K(26355712K)] 28835115K->3727834K(29501440K), 0.3034798 secs] [Times: user=9.51 sys=0.01, real=0.31 secs] 
358.567: [Full GC (Ergonomics) [PSYoungGen: 907246K->0K(26355712K)] [ParOldGen: 2820588K->1627334K(3145728K)] 3727834K->1627334K(29501440K), [Metaspace: 22208K->22200K(1069056K)], 1.6291811 secs] [Times: user=52.81 sys=0.26, real=1.63 secs] 
362.522: [GC (System.gc()) [PSYoungGen: 1172325K->67488K(26355712K)] 2799659K->1694830K(29501440K), 0.0328556 secs] [Times: user=0.88 sys=0.02, real=0.04 secs] 
362.555: [Full GC (System.gc()) [PSYoungGen: 67488K->0K(26355712K)] [ParOldGen: 1627342K->171852K(3145728K)] 1694830K->171852K(29501440K), [Metaspace: 22306K->22306K(1069056K)], 0.1209798 secs] [Times: user=3.78 sys=0.01, real=0.12 secs] 
382.684: [GC (Allocation Failure) [PSYoungGen: 25448448K->907247K(26355712K)] 25620300K->1115059K(29501440K), 0.0975071 secs] [Times: user=4.83 sys=0.01, real=0.09 secs] 
390.030: [GC (Allocation Failure) [PSYoungGen: 26355695K->907238K(26355712K)] 26563507K->1134354K(29501440K), 0.0863546 secs] [Times: user=4.16 sys=0.01, real=0.09 secs] 
396.033: [GC (Allocation Failure) [PSYoungGen: 26355686K->907239K(26355712K)] 26582802K->1179859K(29501440K), 0.0893513 secs] [Times: user=4.45 sys=0.00, real=0.09 secs] 
401.343: [GC (Allocation Failure) [PSYoungGen: 26355687K->907259K(26355712K)] 26628307K->1294567K(29501440K), 0.1070434 secs] [Times: user=5.45 sys=0.01, real=0.11 secs] 
405.955: [GC (Allocation Failure) [PSYoungGen: 26355707K->907237K(26355712K)] 26743015K->1430273K(29501440K), 0.1178658 secs] [Times: user=5.80 sys=0.01, real=0.12 secs] 
410.344: [GC (Allocation Failure) [PSYoungGen: 26355685K->907255K(26355712K)] 26878721K->1555027K(29501440K), 0.1254003 secs] [Times: user=6.33 sys=0.01, real=0.12 secs] 
414.396: [GC (Allocation Failure) [PSYoungGen: 26355703K->907240K(26355712K)] 27003475K->1688772K(29501440K), 0.1218718 secs] [Times: user=5.86 sys=0.00, real=0.12 secs] 
418.026: [GC (Allocation Failure) [PSYoungGen: 26355688K->907249K(26355712K)] 27137220K->1842413K(29501440K), 0.1240368 secs] [Times: user=6.12 sys=0.00, real=0.12 secs] 
421.841: [GC (Allocation Failure) [PSYoungGen: 26355697K->907244K(26355712K)] 27290861K->2301174K(29501440K), 0.2036899 secs] [Times: user=10.72 sys=0.00, real=0.21 secs] 
425.019: [GC (Allocation Failure) [PSYoungGen: 26355692K->907235K(26355712K)] 27749622K->2522949K(29501440K), 0.1716611 secs] [Times: user=8.79 sys=0.00, real=0.17 secs] 
428.274: [GC (Allocation Failure) [PSYoungGen: 26355683K->907259K(26355712K)] 27971397K->2663397K(29501440K), 0.1458900 secs] [Times: user=7.19 sys=0.01, real=0.14 secs] 
431.343: [GC (Allocation Failure) [PSYoungGen: 26355707K->907239K(26355712K)] 28111845K->2901849K(29501440K), 0.1528834 secs] [Times: user=7.96 sys=0.00, real=0.15 secs] 
434.423: [GC (Allocation Failure) [PSYoungGen: 26355687K->907240K(26355712K)] 28350297K->3152082K(29501440K), 0.1594711 secs] [Times: user=8.28 sys=0.01, real=0.16 secs] 
437.527: [GC (Allocation Failure) [PSYoungGen: 26355688K->907244K(26355712K)] 28600530K->3682704K(29501440K), 0.2304436 secs] [Times: user=12.18 sys=0.00, real=0.23 secs] 
437.759: [Full GC (Ergonomics) [PSYoungGen: 907244K->0K(26355712K)] [ParOldGen: 2775460K->1707492K(3145728K)] 3682704K->1707492K(29501440K), [Metaspace: 22417K->22413K(1069056K)], 1.7925001 secs] [Times: user=32.78 sys=0.22, real=1.79 secs] 
442.064: [GC (Allocation Failure) [PSYoungGen: 25448448K->892690K(26355712K)] 27155940K->2600183K(29501440K), 0.1532159 secs] [Times: user=7.45 sys=0.01, real=0.15 secs] 
446.448: [GC (Allocation Failure) [PSYoungGen: 26341138K->826723K(26355712K)] 28048631K->2534216K(29501440K), 0.1714008 secs] [Times: user=8.63 sys=0.01, real=0.17 secs] 
449.167: [GC (Allocation Failure) [PSYoungGen: 26275171K->907249K(26355712K)] 27982664K->2694910K(29501440K), 0.1829483 secs] [Times: user=9.47 sys=0.01, real=0.18 secs] 
452.225: [GC (Allocation Failure) [PSYoungGen: 26355697K->907255K(26355712K)] 28143358K->2733723K(29501440K), 0.1392916 secs] [Times: user=7.26 sys=0.01, real=0.14 secs] 
454.937: [GC (Allocation Failure) [PSYoungGen: 26355703K->907257K(26355712K)] 28182171K->2910774K(29501440K), 0.1631492 secs] [Times: user=8.61 sys=0.00, real=0.16 secs] 
457.701: [GC (Allocation Failure) [PSYoungGen: 26355705K->907235K(26355712K)] 28359222K->3213680K(29501440K), 0.1857019 secs] [Times: user=9.67 sys=0.00, real=0.19 secs] 
461.886: [GC (Allocation Failure) [PSYoungGen: 26355683K->907240K(26355712K)] 28662128K->3249773K(29501440K), 0.1206806 secs] [Times: user=6.45 sys=0.00, real=0.12 secs] 
465.268: [GC (Allocation Failure) [PSYoungGen: 26355688K->863381K(26355712K)] 28698221K->3205914K(29501440K), 0.1148278 secs] [Times: user=5.60 sys=0.01, real=0.12 secs] 
468.044: [GC (Allocation Failure) [PSYoungGen: 26311829K->907245K(26355712K)] 28654362K->3504922K(29501440K), 0.1623797 secs] [Times: user=8.24 sys=0.00, real=0.16 secs] 
471.825: [GC (Allocation Failure) [PSYoungGen: 26355693K->907235K(26355712K)] 28953370K->3892616K(29501440K), 0.2052558 secs] [Times: user=10.88 sys=0.00, real=0.20 secs] 
472.031: [Full GC (Ergonomics) [PSYoungGen: 907235K->0K(26355712K)] [ParOldGen: 2985380K->1688576K(3145728K)] 3892616K->1688576K(29501440K), [Metaspace: 22413K->22413K(1069056K)], 1.4172091 secs] [Times: user=35.85 sys=0.02, real=1.42 secs] 
476.024: [GC (Allocation Failure) [PSYoungGen: 25448448K->907254K(26355712K)] 27137024K->2671815K(29501440K), 0.1452448 secs] [Times: user=7.04 sys=0.00, real=0.14 secs] 
478.737: [GC (Allocation Failure) [PSYoungGen: 26355702K->907249K(26355712K)] 28120263K->2916570K(29501440K), 0.1756488 secs] [Times: user=9.34 sys=0.01, real=0.18 secs] 
481.425: [GC (Allocation Failure) [PSYoungGen: 26355697K->907239K(26355712K)] 28365018K->3301648K(29501440K), 0.1997660 secs] [Times: user=10.34 sys=0.00, real=0.20 secs] 
484.234: [GC (Allocation Failure) [PSYoungGen: 26355687K->907251K(26355712K)] 28750096K->3460372K(29501440K), 0.1432447 secs] [Times: user=7.72 sys=0.01, real=0.14 secs] 
487.898: [GC (Allocation Failure) [PSYoungGen: 26355699K->907259K(26355712K)] 28908820K->3602571K(29501440K), 0.1469137 secs] [Times: user=7.58 sys=0.01, real=0.15 secs] 
488.046: [Full GC (Ergonomics) [PSYoungGen: 907259K->0K(26355712K)] [ParOldGen: 2695312K->1453737K(3145728K)] 3602571K->1453737K(29501440K), [Metaspace: 22413K->22413K(1069056K)], 0.7578992 secs] [Times: user=28.40 sys=0.02, real=0.76 secs] 
491.482: [GC (Allocation Failure) [PSYoungGen: 25448448K->907259K(26355712K)] 26902185K->2525724K(29501440K), 0.1589729 secs] [Times: user=8.19 sys=0.00, real=0.16 secs] 
494.393: [GC (Allocation Failure) [PSYoungGen: 26355707K->907235K(26355712K)] 27974172K->2644708K(29501440K), 0.1415673 secs] [Times: user=7.32 sys=0.00, real=0.14 secs] 
497.150: [GC (Allocation Failure) [PSYoungGen: 26355683K->907240K(26355712K)] 28093156K->2674857K(29501440K), 0.1252456 secs] [Times: user=6.09 sys=0.00, real=0.13 secs] 
506.602: [GC (Allocation Failure) [PSYoungGen: 26303167K->907253K(26355712K)] 28070784K->2824918K(29501440K), 0.1506310 secs] [Times: user=6.76 sys=0.01, real=0.15 secs] 
510.346: [GC (System.gc()) [PSYoungGen: 2020596K->793326K(26355712K)] 3938261K->2710991K(29501440K), 0.0727016 secs] [Times: user=3.74 sys=0.00, real=0.07 secs] 
510.419: [Full GC (System.gc()) [PSYoungGen: 793326K->0K(26355712K)] [ParOldGen: 1917665K->274599K(3145728K)] 2710991K->274599K(29501440K), [Metaspace: 22422K->22422K(1069056K)], 0.0864040 secs] [Times: user=1.85 sys=0.01, real=0.09 secs] 
532.752: [GC (Allocation Failure) [PSYoungGen: 25448448K->907252K(26355712K)] 25723047K->1241636K(29501440K), 0.1012382 secs] [Times: user=5.12 sys=0.01, real=0.11 secs] 
539.723: [GC (Allocation Failure) [PSYoungGen: 26355700K->907251K(26355712K)] 26690084K->1290307K(29501440K), 0.0914570 secs] [Times: user=4.53 sys=0.01, real=0.09 secs] 
545.426: [GC (Allocation Failure) [PSYoungGen: 26355699K->907255K(26355712K)] 26738755K->1380079K(29501440K), 0.1007423 secs] [Times: user=5.09 sys=0.00, real=0.10 secs] 
550.789: [GC (Allocation Failure) [PSYoungGen: 26355703K->907257K(26355712K)] 26828527K->1857879K(29501440K), 0.1924742 secs] [Times: user=10.22 sys=0.01, real=0.19 secs] 
555.452: [GC (Allocation Failure) [PSYoungGen: 26355705K->831221K(26355712K)] 27306327K->1781852K(29501440K), 0.0922929 secs] [Times: user=4.21 sys=0.01, real=0.10 secs] 
560.037: [GC (Allocation Failure) [PSYoungGen: 26279669K->907242K(26355712K)] 27230300K->2010392K(29501440K), 0.1269455 secs] [Times: user=6.50 sys=0.01, real=0.13 secs] 
564.259: [GC (Allocation Failure) [PSYoungGen: 26355690K->878527K(26355712K)] 27458840K->1981677K(29501440K), 0.0897945 secs] [Times: user=4.48 sys=0.00, real=0.09 secs] 
568.162: [GC (Allocation Failure) [PSYoungGen: 26326975K->907241K(26355712K)] 27430125K->2070776K(29501440K), 0.1078478 secs] [Times: user=5.43 sys=0.00, real=0.11 secs] 
572.350: [GC (Allocation Failure) [PSYoungGen: 26355689K->907254K(26355712K)] 27519224K->2383068K(29501440K), 0.1676059 secs] [Times: user=8.66 sys=0.01, real=0.17 secs] 
575.299: [GC (Allocation Failure) [PSYoungGen: 26355702K->907232K(26355712K)] 27831516K->2635454K(29501440K), 0.1890007 secs] [Times: user=9.71 sys=0.01, real=0.19 secs] 
578.935: [GC (Allocation Failure) [PSYoungGen: 26355680K->907237K(26355712K)] 28083902K->2853028K(29501440K), 0.1485686 secs] [Times: user=7.60 sys=0.01, real=0.15 secs] 
582.138: [GC (Allocation Failure) [PSYoungGen: 26355685K->907240K(26355712K)] 28301476K->3027462K(29501440K), 0.1436387 secs] [Times: user=7.30 sys=0.00, real=0.14 secs] 
585.476: [GC (Allocation Failure) [PSYoungGen: 26355688K->907255K(26355712K)] 28475910K->3452177K(29501440K), 0.2192406 secs] [Times: user=11.51 sys=0.01, real=0.22 secs] 
588.416: [GC (Allocation Failure) [PSYoungGen: 26355703K->907258K(26355712K)] 28900625K->3825389K(29501440K), 0.2078366 secs] [Times: user=10.77 sys=0.00, real=0.21 secs] 
588.625: [Full GC (Ergonomics) [PSYoungGen: 907258K->0K(26355712K)] [ParOldGen: 2918130K->1684561K(3145728K)] 3825389K->1684561K(29501440K), [Metaspace: 22495K->22495K(1069056K)], 1.4242827 secs] [Times: user=34.41 sys=0.02, real=1.42 secs] 
592.546: [GC (Allocation Failure) [PSYoungGen: 25448448K->816326K(26355712K)] 27133009K->2500887K(29501440K), 0.1477142 secs] [Times: user=6.71 sys=0.01, real=0.15 secs] 
597.137: [GC (Allocation Failure) [PSYoungGen: 26264774K->907246K(26355712K)] 27949335K->2734711K(29501440K), 0.2093990 secs] [Times: user=11.01 sys=0.00, real=0.21 secs] 
599.832: [GC (Allocation Failure) [PSYoungGen: 26355694K->907252K(26355712K)] 28183159K->2968854K(29501440K), 0.1750399 secs] [Times: user=8.88 sys=0.00, real=0.18 secs] 
604.906: [GC (Allocation Failure) [PSYoungGen: 26355700K->907154K(26355712K)] 28417302K->2968756K(29501440K), 0.1420031 secs] [Times: user=7.42 sys=0.00, real=0.14 secs] 
609.398: [GC (Allocation Failure) [PSYoungGen: 26355602K->907242K(26355712K)] 28417204K->3006060K(29501440K), 0.1835266 secs] [Times: user=9.43 sys=0.01, real=0.18 secs] 
613.480: [GC (Allocation Failure) [PSYoungGen: 26355690K->907236K(26355712K)] 28454508K->3059622K(29501440K), 0.1426008 secs] [Times: user=7.28 sys=0.01, real=0.15 secs] 
614.794: [GC (System.gc()) [PSYoungGen: 8197358K->697740K(26355712K)] 10349743K->2850133K(29501440K), 0.1152043 secs] [Times: user=4.73 sys=0.01, real=0.11 secs] 
614.910: [Full GC (System.gc()) [PSYoungGen: 697740K->0K(26355712K)] [ParOldGen: 2152393K->281132K(3145728K)] 2850133K->281132K(29501440K), [Metaspace: 22514K->22514K(1069056K)], 0.1406596 secs] [Times: user=4.82 sys=0.01, real=0.14 secs] 
622.209: [GC (System.gc()) [PSYoungGen: 3420289K->384K(26355712K)] 3701422K->281516K(29501440K), 0.0094477 secs] [Times: user=0.19 sys=0.00, real=0.01 secs] 
622.219: [Full GC (System.gc()) [PSYoungGen: 384K->0K(26355712K)] [ParOldGen: 281132K->267359K(3145728K)] 281516K->267359K(29501440K), [Metaspace: 22540K->22540K(1069056K)], 0.1342112 secs] [Times: user=4.68 sys=0.01, real=0.14 secs] 
648.440: [GC (Allocation Failure) [PSYoungGen: 25448448K->907250K(26355712K)] 25715807K->1227194K(29501440K), 0.0989892 secs] [Times: user=5.03 sys=0.01, real=0.10 secs] 
670.776: [GC (Allocation Failure) [PSYoungGen: 26355698K->907239K(26355712K)] 26675642K->1229855K(29501440K), 0.0792505 secs] [Times: user=3.95 sys=0.01, real=0.08 secs] 
693.114: [GC (Allocation Failure) [PSYoungGen: 26355687K->907136K(26355712K)] 26678303K->1229751K(29501440K), 0.0803873 secs] [Times: user=3.88 sys=0.01, real=0.08 secs] 
715.398: [GC (Allocation Failure) [PSYoungGen: 26355584K->905417K(26355712K)] 26678199K->1228032K(29501440K), 0.0794209 secs] [Times: user=3.92 sys=0.01, real=0.08 secs] 
737.609: [GC (Allocation Failure) [PSYoungGen: 26353865K->907242K(26355712K)] 26676480K->1240625K(29501440K), 0.0810619 secs] [Times: user=3.97 sys=0.01, real=0.08 secs] 
759.966: [GC (Allocation Failure) [PSYoungGen: 26355690K->902616K(26355712K)] 26689073K->1236000K(29501440K), 0.0773952 secs] [Times: user=3.94 sys=0.01, real=0.08 secs] 
782.162: [GC (Allocation Failure) [PSYoungGen: 26351064K->895896K(26355712K)] 26684448K->1229280K(29501440K), 0.0808837 secs] [Times: user=3.80 sys=0.00, real=0.08 secs] 
804.461: [GC (Allocation Failure) [PSYoungGen: 26344344K->901688K(26355712K)] 26677728K->1235072K(29501440K), 0.0772025 secs] [Times: user=3.89 sys=0.00, real=0.08 secs] 
988.237: [GC (Allocation Failure) [PSYoungGen: 26350136K->890720K(26355712K)] 26683520K->1224111K(29501440K), 0.0859805 secs] [Times: user=3.77 sys=0.01, real=0.09 secs] 
1067.209: [GC (Allocation Failure) [PSYoungGen: 26339168K->891840K(26355712K)] 26672559K->1225232K(29501440K), 0.0772993 secs] [Times: user=3.83 sys=0.01, real=0.08 secs] 
1122.870: [GC (Allocation Failure) [PSYoungGen: 26340288K->897305K(26355712K)] 26673680K->1230696K(29501440K), 0.0817684 secs] [Times: user=3.95 sys=0.01, real=0.08 secs] 
1169.257: [GC (Allocation Failure) [PSYoungGen: 26345753K->894423K(26355712K)] 26679144K->1227815K(29501440K), 0.0776935 secs] [Times: user=3.84 sys=0.02, real=0.08 secs] 
1211.006: [GC (Allocation Failure) [PSYoungGen: 26342871K->895064K(26355712K)] 26676263K->1228456K(29501440K), 0.0852805 secs] [Times: user=3.82 sys=0.00, real=0.08 secs] 
1247.960: [GC (Allocation Failure) [PSYoungGen: 26343512K->897872K(26355712K)] 26676904K->1231263K(29501440K), 0.0805865 secs] [Times: user=3.86 sys=0.00, real=0.08 secs] 
1281.990: [GC (Allocation Failure) [PSYoungGen: 26346320K->901718K(26355712K)] 26679711K->1235109K(29501440K), 0.0822583 secs] [Times: user=3.82 sys=0.01, real=0.08 secs] 
1313.534: [GC (Allocation Failure) [PSYoungGen: 26350166K->598508K(26355712K)] 26683557K->1236528K(29501440K), 0.1066115 secs] [Times: user=5.36 sys=0.00, real=0.10 secs] 
1343.088: [GC (Allocation Failure) [PSYoungGen: 26046956K->593084K(26355712K)] 26684976K->1233088K(29501440K), 0.0919814 secs] [Times: user=4.62 sys=0.02, real=0.09 secs] 
1370.752: [GC (Allocation Failure) [PSYoungGen: 26041532K->589484K(26355712K)] 26681536K->1230592K(29501440K), 0.0916545 secs] [Times: user=4.63 sys=0.00, real=0.10 secs] 
1397.795: [GC (Allocation Failure) [PSYoungGen: 26037932K->591132K(26355712K)] 26679040K->1233985K(29501440K), 0.0917233 secs] [Times: user=4.33 sys=0.01, real=0.09 secs] 
1422.337: [GC (Allocation Failure) [PSYoungGen: 26039580K->593596K(26355712K)] 26682433K->1237233K(29501440K), 0.0963788 secs] [Times: user=4.54 sys=0.01, real=0.10 secs] 
1446.871: [GC (Allocation Failure) [PSYoungGen: 26042044K->590316K(26355712K)] 26685681K->1234681K(29501440K), 0.0962963 secs] [Times: user=4.50 sys=0.00, real=0.10 secs] 
1470.175: [GC (Allocation Failure) [PSYoungGen: 26038764K->597788K(26355712K)] 26683129K->1243073K(29501440K), 0.0946222 secs] [Times: user=4.44 sys=0.00, real=0.09 secs] 
1492.300: [GC (Allocation Failure) [PSYoungGen: 26046236K->608449K(26355712K)] 26691521K->1254646K(29501440K), 0.0960823 secs] [Times: user=4.59 sys=0.02, real=0.10 secs] 
1514.413: [GC (Allocation Failure) [PSYoungGen: 26056897K->594924K(26355712K)] 26703094K->1242745K(29501440K), 0.0921134 secs] [Times: user=4.48 sys=0.01, real=0.10 secs] 
1535.247: [GC (Allocation Failure) [PSYoungGen: 26043372K->600961K(26355712K)] 26691193K->1249350K(29501440K), 0.0891667 secs] [Times: user=4.56 sys=0.00, real=0.09 secs] 
1555.458: [GC (Allocation Failure) [PSYoungGen: 26049409K->601521K(26355712K)] 26697798K->1250438K(29501440K), 0.0908891 secs] [Times: user=4.50 sys=0.01, real=0.09 secs] 
1575.431: [GC (Allocation Failure) [PSYoungGen: 26049969K->601681K(26355712K)] 26698886K->1251127K(29501440K), 0.0980647 secs] [Times: user=4.63 sys=0.01, real=0.10 secs] 
1594.774: [GC (Allocation Failure) [PSYoungGen: 26050129K->590987K(26355712K)] 26699575K->1241009K(29501440K), 0.0971393 secs] [Times: user=4.30 sys=0.00, real=0.09 secs] 
1613.138: [GC (Allocation Failure) [PSYoungGen: 26039435K->594187K(26355712K)] 26689457K->1244721K(29501440K), 0.0921494 secs] [Times: user=4.60 sys=0.01, real=0.09 secs] 
1631.640: [GC (Allocation Failure) [PSYoungGen: 26042635K->599711K(26355712K)] 26693169K->1250773K(29501440K), 0.0902400 secs] [Times: user=4.57 sys=0.00, real=0.09 secs] 
1650.084: [GC (Allocation Failure) [PSYoungGen: 26048159K->594748K(26355712K)] 26699221K->1246337K(29501440K), 0.0937179 secs] [Times: user=4.47 sys=0.00, real=0.09 secs] 
1667.107: [GC (Allocation Failure) [PSYoungGen: 26043196K->600828K(26355712K)] 26694785K->1252953K(29501440K), 0.0933174 secs] [Times: user=4.67 sys=0.01, real=0.09 secs] 
1684.068: [GC (Allocation Failure) [PSYoungGen: 26049276K->611724K(26355712K)] 26701401K->1264385K(29501440K), 0.0996126 secs] [Times: user=4.42 sys=0.01, real=0.10 secs] 
1701.135: [GC (Allocation Failure) [PSYoungGen: 26060172K->602817K(26355712K)] 26712833K->1256071K(29501440K), 0.0900801 secs] [Times: user=4.65 sys=0.01, real=0.09 secs] 
1718.018: [GC (Allocation Failure) [PSYoungGen: 26051265K->599404K(26355712K)] 26704519K->1253169K(29501440K), 0.0915801 secs] [Times: user=4.60 sys=0.01, real=0.09 secs] 
1733.718: [GC (Allocation Failure) [PSYoungGen: 26047852K->600844K(26355712K)] 26701617K->1255330K(29501440K), 0.0869512 secs] [Times: user=4.55 sys=0.00, real=0.09 secs] 
1749.524: [GC (Allocation Failure) [PSYoungGen: 26049292K->614540K(26355712K)] 26703778K->1269850K(29501440K), 0.0907198 secs] [Times: user=4.59 sys=0.01, real=0.09 secs] 
1765.342: [GC (Allocation Failure) [PSYoungGen: 26062988K->605308K(26355712K)] 26718298K->1261202K(29501440K), 0.0896765 secs] [Times: user=4.72 sys=0.00, real=0.09 secs] 
1781.119: [GC (Allocation Failure) [PSYoungGen: 26053756K->597388K(26355712K)] 26709650K->1253962K(29501440K), 0.0898130 secs] [Times: user=4.55 sys=0.00, real=0.09 secs] 
1795.916: [GC (Allocation Failure) [PSYoungGen: 26045836K->608448K(26355712K)] 26702410K->1265623K(29501440K), 0.0919851 secs] [Times: user=4.65 sys=0.00, real=0.09 secs] 
1810.619: [GC (Allocation Failure) [PSYoungGen: 26056896K->593948K(26355712K)] 26714071K->1251690K(29501440K), 0.0931460 secs] [Times: user=4.59 sys=0.00, real=0.09 secs] 
1825.359: [GC (Allocation Failure) [PSYoungGen: 26042396K->609713K(26355712K)] 26700138K->1268056K(29501440K), 0.0908811 secs] [Times: user=4.82 sys=0.01, real=0.09 secs] 
1840.106: [GC (Allocation Failure) [PSYoungGen: 26058161K->609916K(26355712K)] 26716504K->1268851K(29501440K), 0.0893692 secs] [Times: user=4.60 sys=0.01, real=0.09 secs] 
1854.298: [GC (Allocation Failure) [PSYoungGen: 26058364K->603260K(26355712K)] 26717299K->1262747K(29501440K), 0.0908780 secs] [Times: user=4.69 sys=0.01, real=0.09 secs] 
1868.064: [GC (Allocation Failure) [PSYoungGen: 26051708K->611249K(26355712K)] 26711195K->1271296K(29501440K), 0.0919588 secs] [Times: user=4.63 sys=0.00, real=0.09 secs] 
1881.874: [GC (Allocation Failure) [PSYoungGen: 26059697K->598764K(26355712K)] 26719744K->1259363K(29501440K), 0.0882289 secs] [Times: user=4.48 sys=0.01, real=0.09 secs] 
1895.693: [GC (Allocation Failure) [PSYoungGen: 26047212K->601260K(26355712K)] 26707811K->1262435K(29501440K), 0.0960903 secs] [Times: user=4.46 sys=0.00, real=0.10 secs] 
1909.485: [GC (Allocation Failure) [PSYoungGen: 26049708K->619281K(26355712K)] 26710883K->1281072K(29501440K), 0.0973748 secs] [Times: user=4.65 sys=0.01, real=0.09 secs] 
1922.700: [GC (Allocation Failure) [PSYoungGen: 26067729K->602028K(26355712K)] 26729520K->1264371K(29501440K), 0.0915250 secs] [Times: user=4.64 sys=0.01, real=0.09 secs] 
1935.721: [GC (Allocation Failure) [PSYoungGen: 26050476K->609297K(26355712K)] 26712819K->1272200K(29501440K), 0.0926976 secs] [Times: user=4.44 sys=0.00, real=0.10 secs] 
1948.794: [GC (Allocation Failure) [PSYoungGen: 26057745K->603164K(26355712K)] 26720648K->1267395K(29501440K), 0.0920426 secs] [Times: user=4.58 sys=0.01, real=0.09 secs] 
1961.840: [GC (Allocation Failure) [PSYoungGen: 26051612K->599084K(26355712K)] 26715843K->1263931K(29501440K), 0.0884806 secs] [Times: user=4.48 sys=0.00, real=0.09 secs] 
1974.916: [GC (Allocation Failure) [PSYoungGen: 26047532K->599356K(26355712K)] 26712379K->1264851K(29501440K), 0.0883402 secs] [Times: user=4.58 sys=0.01, real=0.09 secs] 
1987.409: [GC (Allocation Failure) [PSYoungGen: 26047804K->610812K(26355712K)] 26713299K->1276875K(29501440K), 0.0895871 secs] [Times: user=4.63 sys=0.00, real=0.09 secs] 
1999.832: [GC (Allocation Failure) [PSYoungGen: 26059260K->603676K(26355712K)] 26725323K->1270315K(29501440K), 0.0971988 secs] [Times: user=4.66 sys=0.01, real=0.10 secs] 
2012.260: [GC (Allocation Failure) [PSYoungGen: 26052124K->615393K(26355712K)] 26718763K->1282656K(29501440K), 0.0908124 secs] [Times: user=4.41 sys=0.01, real=0.09 secs] 
2024.711: [GC (Allocation Failure) [PSYoungGen: 26063841K->603072K(26355712K)] 26731104K->1271903K(29501440K), 0.0963457 secs] [Times: user=4.59 sys=0.00, real=0.10 secs] 
2037.189: [GC (Allocation Failure) [PSYoungGen: 26051520K->608300K(26355712K)] 26720351K->1277796K(29501440K), 0.0891792 secs] [Times: user=4.70 sys=0.01, real=0.09 secs] 
2049.112: [GC (Allocation Failure) [PSYoungGen: 26056748K->605628K(26355712K)] 26726244K->1275724K(29501440K), 0.0908884 secs] [Times: user=4.69 sys=0.00, real=0.09 secs] 
2060.975: [GC (Allocation Failure) [PSYoungGen: 26054076K->602251K(26355712K)] 26724172K->1272980K(29501440K), 0.0886897 secs] [Times: user=4.69 sys=0.00, real=0.09 secs] 
2072.835: [GC (Allocation Failure) [PSYoungGen: 26050699K->603708K(26355712K)] 26721428K->1275052K(29501440K), 0.0953562 secs] [Times: user=4.73 sys=0.01, real=0.09 secs] 
2084.724: [GC (Allocation Failure) [PSYoungGen: 26052156K->598204K(26355712K)] 26723500K->1270132K(29501440K), 0.0945686 secs] [Times: user=4.51 sys=0.00, real=0.09 secs] 
2096.665: [GC (Allocation Failure) [PSYoungGen: 26046652K->601212K(26355712K)] 26718580K->1273764K(29501440K), 0.0897529 secs] [Times: user=4.45 sys=0.01, real=0.09 secs] 
2108.488: [GC (Allocation Failure) [PSYoungGen: 26049660K->618271K(26355712K)] 26722212K->1291431K(29501440K), 0.1008598 secs] [Times: user=4.76 sys=0.01, real=0.10 secs] 
2119.869: [GC (Allocation Failure) [PSYoungGen: 26066719K->605820K(26355712K)] 26739879K->1279589K(29501440K), 0.0938863 secs] [Times: user=4.61 sys=0.01, real=0.10 secs] 
2131.153: [GC (Allocation Failure) [PSYoungGen: 26054268K->614081K(26355712K)] 26728037K->1288369K(29501440K), 0.0904641 secs] [Times: user=4.70 sys=0.01, real=0.09 secs] 
2142.486: [GC (Allocation Failure) [PSYoungGen: 26062529K->618993K(26355712K)] 26736817K->1293850K(29501440K), 0.0920187 secs] [Times: user=4.66 sys=0.00, real=0.09 secs] 
2153.793: [GC (Allocation Failure) [PSYoungGen: 26067441K->601468K(26355712K)] 26742298K->1276861K(29501440K), 0.0878105 secs] [Times: user=4.65 sys=0.00, real=0.08 secs] 
2165.081: [GC (Allocation Failure) [PSYoungGen: 26049916K->607308K(26355712K)] 26725309K->1283293K(29501440K), 0.0920076 secs] [Times: user=4.55 sys=0.01, real=0.10 secs] 
2176.243: [GC (Allocation Failure) [PSYoungGen: 26055756K->619089K(26355712K)] 26731741K->1295618K(29501440K), 0.0948644 secs] [Times: user=4.76 sys=0.01, real=0.09 secs] 
2187.118: [GC (Allocation Failure) [PSYoungGen: 26067537K->622540K(26355712K)] 26744066K->1299629K(29501440K), 0.0936480 secs] [Times: user=4.53 sys=0.00, real=0.09 secs] 
2198.037: [GC (Allocation Failure) [PSYoungGen: 26070988K->631292K(26355712K)] 26748077K->1308948K(29501440K), 0.0972713 secs] [Times: user=4.75 sys=0.01, real=0.10 secs] 
2208.938: [GC (Allocation Failure) [PSYoungGen: 26079740K->619633K(26355712K)] 26757396K->1297938K(29501440K), 0.0910139 secs] [Times: user=4.63 sys=0.01, real=0.09 secs] 
2219.723: [GC (Allocation Failure) [PSYoungGen: 26068081K->611052K(26355712K)] 26746386K->1290077K(29501440K), 0.0926878 secs] [Times: user=4.62 sys=0.00, real=0.09 secs] 
2230.704: [GC (Allocation Failure) [PSYoungGen: 26059500K->607201K(26355712K)] 26738525K->1286858K(29501440K), 0.0888930 secs] [Times: user=4.51 sys=0.00, real=0.08 secs] 
2241.570: [GC (Allocation Failure) [PSYoungGen: 26055649K->631905K(26355712K)] 26735306K->1312122K(29501440K), 0.0961249 secs] [Times: user=4.88 sys=0.01, real=0.10 secs] 
2251.893: [GC (Allocation Failure) [PSYoungGen: 26080353K->605532K(26355712K)] 26760570K->1286333K(29501440K), 0.1065926 secs] [Times: user=4.64 sys=0.00, real=0.11 secs] 
2262.211: [GC (Allocation Failure) [PSYoungGen: 26053980K->618012K(26355712K)] 26734781K->1299357K(29501440K), 0.0926059 secs] [Times: user=4.69 sys=0.00, real=0.10 secs] 
2272.640: [GC (Allocation Failure) [PSYoungGen: 26066460K->600924K(26355712K)] 26747805K->1284157K(29501440K), 0.0937465 secs] [Times: user=4.57 sys=0.01, real=0.10 secs] 
2283.074: [GC (Allocation Failure) [PSYoungGen: 26049372K->612492K(26355712K)] 26732605K->1296421K(29501440K), 0.0985983 secs] [Times: user=4.57 sys=0.00, real=0.10 secs] 
2293.479: [GC (Allocation Failure) [PSYoungGen: 26060940K->620796K(26355712K)] 26744869K->1305438K(29501440K), 0.0926449 secs] [Times: user=4.78 sys=0.00, real=0.09 secs] 
2303.804: [GC (Allocation Failure) [PSYoungGen: 26069244K->615793K(26355712K)] 26753886K->1301019K(29501440K), 0.0916987 secs] [Times: user=4.69 sys=0.01, real=0.09 secs] 
2313.891: [GC (Allocation Failure) [PSYoungGen: 26064241K->616337K(26355712K)] 26749467K->1302627K(29501440K), 0.0909179 secs] [Times: user=4.51 sys=0.00, real=0.09 secs] 
2323.708: [GC (Allocation Failure) [PSYoungGen: 26064785K->626375K(26355712K)] 26751075K->1313305K(29501440K), 0.0948053 secs] [Times: user=4.63 sys=0.00, real=0.09 secs] 
2333.762: [GC (Allocation Failure) [PSYoungGen: 26074823K->606895K(26355712K)] 26761753K->1294417K(29501440K), 0.0917111 secs] [Times: user=4.78 sys=0.01, real=0.10 secs] 
2343.739: [GC (Allocation Failure) [PSYoungGen: 26055343K->608412K(26355712K)] 26742865K->1296975K(29501440K), 0.0962161 secs] [Times: user=4.60 sys=0.01, real=0.10 secs] 
2353.661: [GC (Allocation Failure) [PSYoungGen: 26056860K->613073K(26355712K)] 26745423K->1302356K(29501440K), 0.0926175 secs] [Times: user=4.51 sys=0.00, real=0.10 secs] 
2363.705: [GC (Allocation Failure) [PSYoungGen: 26061521K->604674K(26355712K)] 26750804K->1294628K(29501440K), 0.0904004 secs] [Times: user=4.67 sys=0.00, real=0.09 secs] 
2373.758: [GC (Allocation Failure) [PSYoungGen: 26053122K->609859K(26355712K)] 26743076K->1300365K(29501440K), 0.0927861 secs] [Times: user=4.69 sys=0.01, real=0.09 secs] 
2383.423: [GC (Allocation Failure) [PSYoungGen: 26058307K->621868K(26355712K)] 26748813K->1313271K(29501440K), 0.0932174 secs] [Times: user=4.76 sys=0.01, real=0.09 secs] 
2393.030: [GC (Allocation Failure) [PSYoungGen: 26070316K->634066K(26355712K)] 26761719K->1326021K(29501440K), 0.0961823 secs] [Times: user=4.68 sys=0.00, real=0.10 secs] 
2402.664: [GC (Allocation Failure) [PSYoungGen: 26082514K->609424K(26355712K)] 26774469K->1302195K(29501440K), 0.0915927 secs] [Times: user=4.68 sys=0.01, real=0.09 secs] 
2412.296: [GC (Allocation Failure) [PSYoungGen: 26057872K->626525K(26355712K)] 26750643K->1319840K(29501440K), 0.0982110 secs] [Times: user=4.69 sys=0.00, real=0.10 secs] 
2422.076: [GC (Allocation Failure) [PSYoungGen: 26074973K->610588K(26355712K)] 26768288K->1304488K(29501440K), 0.0938024 secs] [Times: user=4.57 sys=0.00, real=0.09 secs] 
2431.752: [GC (Allocation Failure) [PSYoungGen: 26059036K->630209K(26355712K)] 26752936K->1324677K(29501440K), 0.0999352 secs] [Times: user=4.84 sys=0.01, real=0.10 secs] 
2441.263: [GC (Allocation Failure) [PSYoungGen: 26078657K->622364K(26355712K)] 26773125K->1317376K(29501440K), 0.0909599 secs] [Times: user=4.65 sys=0.01, real=0.09 secs] 
2450.490: [GC (Allocation Failure) [PSYoungGen: 26070812K->620844K(26355712K)] 26765824K->1316456K(29501440K), 0.0954487 secs] [Times: user=4.61 sys=0.00, real=0.10 secs] 
2459.789: [GC (Allocation Failure) [PSYoungGen: 26069292K->620742K(26355712K)] 26764904K->1316889K(29501440K), 0.0905646 secs] [Times: user=4.59 sys=0.00, real=0.09 secs] 
2468.963: [GC (Allocation Failure) [PSYoungGen: 26069157K->620769K(26355712K)] 26765304K->1319333K(29501440K), 0.0932672 secs] [Times: user=4.64 sys=0.01, real=0.09 secs] 
2478.303: [GC (Allocation Failure) [PSYoungGen: 26069217K->629003K(26355712K)] 26767781K->1328256K(29501440K), 0.0967925 secs] [Times: user=4.71 sys=0.01, real=0.09 secs] 
2487.448: [GC (Allocation Failure) [PSYoungGen: 26077451K->634961K(26355712K)] 26776704K->1334846K(29501440K), 0.0895523 secs] [Times: user=4.68 sys=0.00, real=0.09 secs] 
2496.583: [GC (Allocation Failure) [PSYoungGen: 26083409K->606924K(26355712K)] 26783294K->1307345K(29501440K), 0.0968568 secs] [Times: user=4.62 sys=0.00, real=0.09 secs] 
2505.833: [GC (Allocation Failure) [PSYoungGen: 26055372K->612188K(26355712K)] 26755793K->1313225K(29501440K), 0.0977240 secs] [Times: user=4.53 sys=0.00, real=0.09 secs] 
2514.988: [GC (Allocation Failure) [PSYoungGen: 26060636K->622993K(26355712K)] 26761673K->1324686K(29501440K), 0.0918738 secs] [Times: user=4.84 sys=0.00, real=0.09 secs] 
2523.998: [GC (Allocation Failure) [PSYoungGen: 26071441K->617957K(26355712K)] 26773134K->1320234K(29501440K), 0.0921369 secs] [Times: user=4.71 sys=0.01, real=0.09 secs] 
2533.037: [GC (Allocation Failure) [PSYoungGen: 26066405K->620305K(26355712K)] 26768682K->1323646K(29501440K), 0.0954052 secs] [Times: user=4.80 sys=0.01, real=0.09 secs] 
2541.981: [GC (Allocation Failure) [PSYoungGen: 26068753K->620204K(26355712K)] 26772094K->1324137K(29501440K), 0.0961625 secs] [Times: user=4.82 sys=0.01, real=0.10 secs] 
2550.765: [GC (Allocation Failure) [PSYoungGen: 26068652K->619414K(26355712K)] 26772585K->1323947K(29501440K), 0.0903126 secs] [Times: user=4.48 sys=0.01, real=0.09 secs] 
2559.663: [GC (Allocation Failure) [PSYoungGen: 26067862K->626521K(26355712K)] 26772395K->1331679K(29501440K), 0.0973494 secs] [Times: user=4.70 sys=0.01, real=0.09 secs] 
2568.684: [GC (Allocation Failure) [PSYoungGen: 26074969K->632296K(26355712K)] 26780127K->1338126K(29501440K), 0.0934909 secs] [Times: user=4.68 sys=0.00, real=0.09 secs] 
2577.521: [GC (Allocation Failure) [PSYoungGen: 26080744K->628685K(26355712K)] 26786574K->1335075K(29501440K), 0.0963897 secs] [Times: user=4.73 sys=0.00, real=0.10 secs] 
2586.133: [GC (Allocation Failure) [PSYoungGen: 26077133K->633448K(26355712K)] 26783523K->1340406K(29501440K), 0.1015090 secs] [Times: user=4.85 sys=0.00, real=0.10 secs] 
2594.785: [GC (Allocation Failure) [PSYoungGen: 26081896K->614989K(26355712K)] 26788854K->1322563K(29501440K), 0.0931719 secs] [Times: user=4.58 sys=0.00, real=0.09 secs] 
2603.433: [GC (Allocation Failure) [PSYoungGen: 26063437K->636269K(26355712K)] 26771011K->1344411K(29501440K), 0.0955390 secs] [Times: user=4.85 sys=0.00, real=0.09 secs] 
2611.982: [GC (Allocation Failure) [PSYoungGen: 26084717K->624706K(26355712K)] 26792859K->1333456K(29501440K), 0.0940650 secs] [Times: user=4.77 sys=0.01, real=0.10 secs] 
2620.549: [GC (Allocation Failure) [PSYoungGen: 26073154K->634146K(26355712K)] 26781904K->1344272K(29501440K), 0.0961681 secs] [Times: user=4.83 sys=0.00, real=0.10 secs] 
2629.259: [GC (Allocation Failure) [PSYoungGen: 26082594K->640422K(26355712K)] 26792720K->1351188K(29501440K), 0.0987883 secs] [Times: user=4.56 sys=0.01, real=0.10 secs] 
2637.984: [GC (Allocation Failure) [PSYoungGen: 26088870K->621663K(26355712K)] 26799636K->1333109K(29501440K), 0.0928892 secs] [Times: user=4.81 sys=0.01, real=0.09 secs] 
2646.659: [GC (Allocation Failure) [PSYoungGen: 26070111K->618338K(26355712K)] 26781557K->1330304K(29501440K), 0.0940503 secs] [Times: user=4.70 sys=0.01, real=0.10 secs] 
2654.977: [GC (Allocation Failure) [PSYoungGen: 26066786K->648394K(26355712K)] 26778752K->1361536K(29501440K), 0.0947431 secs] [Times: user=4.78 sys=0.00, real=0.09 secs] 
2663.325: [GC (Allocation Failure) [PSYoungGen: 26096842K->643721K(26355712K)] 26809984K->1357455K(29501440K), 0.0983663 secs] [Times: user=4.80 sys=0.01, real=0.10 secs] 
2671.649: [GC (Allocation Failure) [PSYoungGen: 26092169K->618254K(26355712K)] 26805903K->1332645K(29501440K), 0.0962500 secs] [Times: user=4.75 sys=0.00, real=0.10 secs] 
2679.969: [GC (Allocation Failure) [PSYoungGen: 26066702K->635222K(26355712K)] 26781093K->1350221K(29501440K), 0.0982310 secs] [Times: user=4.71 sys=0.01, real=0.10 secs] 
2688.375: [GC (Allocation Failure) [PSYoungGen: 26083670K->625937K(26355712K)] 26798669K->1343624K(29501440K), 0.0957296 secs] [Times: user=4.48 sys=0.01, real=0.09 secs] 
2696.833: [GC (Allocation Failure) [PSYoungGen: 26074385K->613516K(26355712K)] 26792072K->1331796K(29501440K), 0.0948418 secs] [Times: user=4.70 sys=0.02, real=0.09 secs] 
2705.259: [GC (Allocation Failure) [PSYoungGen: 26061964K->629356K(26355712K)] 26780244K->1348268K(29501440K), 0.0935530 secs] [Times: user=4.67 sys=0.00, real=0.09 secs] 
2713.626: [GC (Allocation Failure) [PSYoungGen: 26077804K->611324K(26355712K)] 26796716K->1330980K(29501440K), 0.0910211 secs] [Times: user=4.68 sys=0.01, real=0.09 secs] 
2721.650: [GC (Allocation Failure) [PSYoungGen: 26059772K->623301K(26355712K)] 26779428K->1343621K(29501440K), 0.0996099 secs] [Times: user=4.80 sys=0.01, real=0.10 secs] 
2729.867: [GC (Allocation Failure) [PSYoungGen: 26071749K->629889K(26355712K)] 26792069K->1350833K(29501440K), 0.0962610 secs] [Times: user=4.59 sys=0.00, real=0.10 secs] 
2737.937: [GC (Allocation Failure) [PSYoungGen: 26078337K->623553K(26355712K)] 26799281K->1345225K(29501440K), 0.0929046 secs] [Times: user=4.71 sys=0.01, real=0.09 secs] 
2746.141: [GC (Allocation Failure) [PSYoungGen: 26072001K->622988K(26355712K)] 26793673K->1345261K(29501440K), 0.0928512 secs] [Times: user=4.65 sys=0.01, real=0.10 secs] 
2754.231: [GC (Allocation Failure) [PSYoungGen: 26071436K->630636K(26355712K)] 26793709K->1353565K(29501440K), 0.0949195 secs] [Times: user=4.77 sys=0.01, real=0.10 secs] 
2762.312: [GC (Allocation Failure) [PSYoungGen: 26079084K->629548K(26355712K)] 26802013K->1353117K(29501440K), 0.0948539 secs] [Times: user=4.85 sys=0.00, real=0.10 secs] 
2770.360: [GC (Allocation Failure) [PSYoungGen: 26077996K->631489K(26355712K)] 26801565K->1355570K(29501440K), 0.0957567 secs] [Times: user=4.78 sys=0.00, real=0.10 secs] 
2778.404: [GC (Allocation Failure) [PSYoungGen: 26079937K->663005K(26355712K)] 26804018K->1387694K(29501440K), 0.0966953 secs] [Times: user=4.94 sys=0.01, real=0.09 secs] 
2786.560: [GC (Allocation Failure) [PSYoungGen: 26111453K->676175K(26355712K)] 26836142K->1401464K(29501440K), 0.0977556 secs] [Times: user=5.12 sys=0.00, real=0.10 secs] 
2794.439: [GC (Allocation Failure) [PSYoungGen: 26124623K->639265K(26355712K)] 26849912K->1365218K(29501440K), 0.1013215 secs] [Times: user=4.81 sys=0.01, real=0.10 secs] 
2802.379: [GC (Allocation Failure) [PSYoungGen: 26087713K->631745K(26355712K)] 26813666K->1358250K(29501440K), 0.0953442 secs] [Times: user=4.88 sys=0.00, real=0.10 secs] 
2810.182: [GC (Allocation Failure) [PSYoungGen: 26080193K->662399K(26355712K)] 26806698K->1389729K(29501440K), 0.0979359 secs] [Times: user=4.91 sys=0.01, real=0.10 secs] 
2818.140: [GC (Allocation Failure) [PSYoungGen: 26110847K->693764K(26355712K)] 26838177K->1421669K(29501440K), 0.1034622 secs] [Times: user=5.16 sys=0.00, real=0.11 secs] 
2825.980: [GC (Allocation Failure) [PSYoungGen: 26142212K->640741K(26355712K)] 26870117K->1369271K(29501440K), 0.0944568 secs] [Times: user=4.67 sys=0.01, real=0.10 secs] 
2833.867: [GC (Allocation Failure) [PSYoungGen: 26089189K->637712K(26355712K)] 26817719K->1366858K(29501440K), 0.0985954 secs] [Times: user=4.87 sys=0.01, real=0.10 secs] 
2841.818: [GC (Allocation Failure) [PSYoungGen: 26086160K->612030K(26355712K)] 26815306K->1341760K(29501440K), 0.0971852 secs] [Times: user=4.83 sys=0.01, real=0.10 secs] 
2849.670: [GC (Allocation Failure) [PSYoungGen: 26060478K->625889K(26355712K)] 26790208K->1356227K(29501440K), 0.0952184 secs] [Times: user=4.74 sys=0.01, real=0.10 secs] 
2857.298: [GC (Allocation Failure) [PSYoungGen: 26074337K->635889K(26355712K)] 26804675K->1366763K(29501440K), 0.0973456 secs] [Times: user=5.05 sys=0.00, real=0.10 secs] 
2865.005: [GC (Allocation Failure) [PSYoungGen: 26084337K->620364K(26355712K)] 26815211K->1351822K(29501440K), 0.0963021 secs] [Times: user=4.69 sys=0.01, real=0.09 secs] 
2872.606: [GC (Allocation Failure) [PSYoungGen: 26068812K->622300K(26355712K)] 26800270K->1354366K(29501440K), 0.0957664 secs] [Times: user=4.60 sys=0.01, real=0.09 secs] 
2880.191: [GC (Allocation Failure) [PSYoungGen: 26070748K->638965K(26355712K)] 26802814K->1371623K(29501440K), 0.0953252 secs] [Times: user=4.90 sys=0.01, real=0.10 secs] 
2887.730: [GC (Allocation Failure) [PSYoungGen: 26087413K->622640K(26355712K)] 26820071K->1355906K(29501440K), 0.0975506 secs] [Times: user=4.71 sys=0.01, real=0.10 secs] 
2895.403: [GC (Allocation Failure) [PSYoungGen: 26071088K->640065K(26355712K)] 26804354K->1373843K(29501440K), 0.0944846 secs] [Times: user=4.86 sys=0.01, real=0.09 secs] 
2903.249: [GC (Allocation Failure) [PSYoungGen: 26088513K->624331K(26355712K)] 26822291K->1358894K(29501440K), 0.0934737 secs] [Times: user=4.71 sys=0.01, real=0.10 secs] 
2910.995: [GC (Allocation Failure) [PSYoungGen: 26072779K->639032K(26355712K)] 26807342K->1374099K(29501440K), 0.1003959 secs] [Times: user=4.92 sys=0.01, real=0.10 secs] 
2918.636: [GC (Allocation Failure) [PSYoungGen: 26087480K->609388K(26355712K)] 26822547K->1345078K(29501440K), 0.0963615 secs] [Times: user=4.60 sys=0.01, real=0.09 secs] 
2926.360: [GC (Allocation Failure) [PSYoungGen: 26057836K->640544K(26355712K)] 26793526K->1376754K(29501440K), 0.0954889 secs] [Times: user=4.73 sys=0.00, real=0.10 secs] 
2933.694: [GC (Allocation Failure) [PSYoungGen: 26088992K->620241K(26355712K)] 26825202K->1357059K(29501440K), 0.0916361 secs] [Times: user=4.70 sys=0.00, real=0.09 secs] 
2941.093: [GC (Allocation Failure) [PSYoungGen: 26068689K->684045K(26355712K)] 26805507K->1421359K(29501440K), 0.1040689 secs] [Times: user=5.07 sys=0.00, real=0.10 secs] 
2948.416: [GC (Allocation Failure) [PSYoungGen: 26132493K->639915K(26355712K)] 26869807K->1377838K(29501440K), 0.0973201 secs] [Times: user=4.72 sys=0.00, real=0.10 secs] 
2955.864: [GC (Allocation Failure) [PSYoungGen: 26088363K->647777K(26355712K)] 26826286K->1386267K(29501440K), 0.0968313 secs] [Times: user=4.70 sys=0.00, real=0.09 secs] 
2963.271: [GC (Allocation Failure) [PSYoungGen: 26096225K->642428K(26355712K)] 26834715K->1381446K(29501440K), 0.0934967 secs] [Times: user=4.92 sys=0.00, real=0.10 secs] 
2970.747: [GC (Allocation Failure) [PSYoungGen: 26090876K->625766K(26355712K)] 26829894K->1365288K(29501440K), 0.0926207 secs] [Times: user=4.83 sys=0.00, real=0.09 secs] 
2978.113: [GC (Allocation Failure) [PSYoungGen: 26074214K->633908K(26355712K)] 26813736K->1374038K(29501440K), 0.0931400 secs] [Times: user=4.69 sys=0.00, real=0.10 secs] 
2985.464: [GC (Allocation Failure) [PSYoungGen: 26082356K->645041K(26355712K)] 26822486K->1385731K(29501440K), 0.0980597 secs] [Times: user=4.92 sys=0.00, real=0.09 secs] 
2992.807: [GC (Allocation Failure) [PSYoungGen: 26093489K->621692K(26355712K)] 26834179K->1362926K(29501440K), 0.0946849 secs] [Times: user=4.83 sys=0.01, real=0.09 secs] 
2999.985: [GC (Allocation Failure) [PSYoungGen: 26070140K->635036K(26355712K)] 26811374K->1376814K(29501440K), 0.0965793 secs] [Times: user=4.71 sys=0.00, real=0.09 secs] 
3007.181: [GC (Allocation Failure) [PSYoungGen: 26083484K->662964K(26355712K)] 26825262K->1405294K(29501440K), 0.0977960 secs] [Times: user=4.89 sys=0.01, real=0.10 secs] 
3014.350: [GC (Allocation Failure) [PSYoungGen: 26111412K->632203K(26355712K)] 26853742K->1375086K(29501440K), 0.0934213 secs] [Times: user=4.82 sys=0.00, real=0.10 secs] 
3021.572: [GC (Allocation Failure) [PSYoungGen: 26080651K->645856K(26355712K)] 26823534K->1389346K(29501440K), 0.1010034 secs] [Times: user=4.79 sys=0.01, real=0.11 secs] 
3028.715: [GC (GCLocker Initiated GC) [PSYoungGen: 26094304K->633077K(26355712K)] 26837865K->1377167K(29501440K), 0.1036944 secs] [Times: user=4.91 sys=0.00, real=0.10 secs] 
3035.887: [GC (Allocation Failure) [PSYoungGen: 26081525K->630390K(26355712K)] 26825619K->1375027K(29501440K), 0.0979701 secs] [Times: user=4.75 sys=0.01, real=0.10 secs] 
3043.136: [GC (Allocation Failure) [PSYoungGen: 26078838K->631984K(26355712K)] 26823475K->1377166K(29501440K), 0.0964523 secs] [Times: user=4.78 sys=0.01, real=0.10 secs] 
3050.202: [GC (Allocation Failure) [PSYoungGen: 26080432K->633244K(26355712K)] 26825614K->1378977K(29501440K), 0.0974104 secs] [Times: user=4.85 sys=0.01, real=0.10 secs] 
3057.481: [GC (Allocation Failure) [PSYoungGen: 26081692K->638241K(26355712K)] 26827425K->1384518K(29501440K), 0.0975541 secs] [Times: user=4.93 sys=0.01, real=0.10 secs] 
3064.617: [GC (Allocation Failure) [PSYoungGen: 26086689K->626116K(26355712K)] 26832966K->1372945K(29501440K), 0.0979451 secs] [Times: user=4.78 sys=0.01, real=0.10 secs] 
3071.624: [GC (Allocation Failure) [PSYoungGen: 26074564K->628224K(26355712K)] 26821393K->1375622K(29501440K), 0.0938320 secs] [Times: user=4.69 sys=0.01, real=0.09 secs] 
3078.606: [GC (Allocation Failure) [PSYoungGen: 26076672K->629233K(26355712K)] 26824070K->1377143K(29501440K), 0.0958766 secs] [Times: user=4.85 sys=0.00, real=0.09 secs] 
3085.605: [GC (Allocation Failure) [PSYoungGen: 26077681K->613612K(26355712K)] 26825591K->1362033K(29501440K), 0.0942934 secs] [Times: user=4.91 sys=0.00, real=0.09 secs] 
3092.544: [GC (Allocation Failure) [PSYoungGen: 26062060K->637260K(26355712K)] 26810481K->1386241K(29501440K), 0.0947798 secs] [Times: user=4.69 sys=0.01, real=0.09 secs] 
3099.512: [GC (Allocation Failure) [PSYoungGen: 26085708K->654279K(26355712K)] 26834689K->1403844K(29501440K), 0.0978667 secs] [Times: user=4.87 sys=0.02, real=0.10 secs] 
3106.527: [GC (Allocation Failure) [PSYoungGen: 26102727K->646577K(26355712K)] 26852292K->1396694K(29501440K), 0.0958592 secs] [Times: user=4.80 sys=0.01, real=0.10 secs] 
3113.430: [GC (Allocation Failure) [PSYoungGen: 26095025K->657007K(26355712K)] 26845142K->1407693K(29501440K), 0.0978193 secs] [Times: user=4.59 sys=0.01, real=0.10 secs] 
3120.531: [GC (Allocation Failure) [PSYoungGen: 26105455K->660659K(26355712K)] 26856141K->1411937K(29501440K), 0.0961361 secs] [Times: user=4.97 sys=0.00, real=0.10 secs] 
3127.618: [GC (Allocation Failure) [PSYoungGen: 26109107K->631557K(26355712K)] 26860385K->1383443K(29501440K), 0.0956965 secs] [Times: user=4.73 sys=0.00, real=0.10 secs] 
3134.715: [GC (Allocation Failure) [PSYoungGen: 26080005K->622380K(26355712K)] 26831891K->1375362K(29501440K), 0.0972278 secs] [Times: user=4.73 sys=0.00, real=0.10 secs] 
3141.509: [GC (Allocation Failure) [PSYoungGen: 26070828K->635563K(26355712K)] 26823810K->1389145K(29501440K), 0.1004645 secs] [Times: user=4.74 sys=0.00, real=0.10 secs] 
3148.267: [GC (Allocation Failure) [PSYoungGen: 26084011K->664165K(26355712K)] 26837593K->1418283K(29501440K), 0.0972137 secs] [Times: user=4.95 sys=0.00, real=0.10 secs] 
3155.175: [GC (Allocation Failure) [PSYoungGen: 26112613K->648597K(26355712K)] 26866731K->1403203K(29501440K), 0.0952675 secs] [Times: user=4.91 sys=0.00, real=0.09 secs] 
3162.034: [GC (Allocation Failure) [PSYoungGen: 26097045K->627819K(26355712K)] 26851651K->1382986K(29501440K), 0.0964570 secs] [Times: user=4.59 sys=0.01, real=0.09 secs] 
3168.894: [GC (Allocation Failure) [PSYoungGen: 26076267K->625696K(26355712K)] 26831434K->1381430K(29501440K), 0.0962456 secs] [Times: user=4.68 sys=0.01, real=0.09 secs] 
3175.826: [GC (Allocation Failure) [PSYoungGen: 26074144K->622803K(26355712K)] 26829878K->1379049K(29501440K), 0.0957677 secs] [Times: user=4.87 sys=0.00, real=0.09 secs] 
3182.817: [GC (Allocation Failure) [PSYoungGen: 26071251K->640944K(26355712K)] 26827497K->1397742K(29501440K), 0.0938662 secs] [Times: user=4.98 sys=0.01, real=0.09 secs] 
3189.591: [GC (Allocation Failure) [PSYoungGen: 26089392K->636773K(26355712K)] 26846190K->1394131K(29501440K), 0.0938678 secs] [Times: user=4.82 sys=0.00, real=0.10 secs] 
3196.348: [GC (Allocation Failure) [PSYoungGen: 26085221K->650949K(26355712K)] 26842579K->1408843K(29501440K), 0.1000307 secs] [Times: user=4.83 sys=0.01, real=0.10 secs] 
3203.127: [GC (Allocation Failure) [PSYoungGen: 26099397K->634155K(26355712K)] 26857291K->1392594K(29501440K), 0.0925403 secs] [Times: user=4.87 sys=0.00, real=0.09 secs] 
3209.803: [GC (Allocation Failure) [PSYoungGen: 26082603K->628124K(26355712K)] 26841042K->1387082K(29501440K), 0.0941937 secs] [Times: user=4.70 sys=0.00, real=0.10 secs] 
3216.389: [GC (Allocation Failure) [PSYoungGen: 26076572K->653733K(26355712K)] 26835530K->1413227K(29501440K), 0.0944609 secs] [Times: user=4.98 sys=0.02, real=0.10 secs] 
3223.162: [GC (Allocation Failure) [PSYoungGen: 26102181K->660528K(26355712K)] 26861675K->1420526K(29501440K), 0.1021937 secs] [Times: user=4.90 sys=0.01, real=0.11 secs] 
3229.704: [GC (Allocation Failure) [PSYoungGen: 26108976K->628652K(26355712K)] 26868974K->1389202K(29501440K), 0.0953289 secs] [Times: user=4.70 sys=0.01, real=0.09 secs] 
3236.422: [GC (Allocation Failure) [PSYoungGen: 26077100K->658689K(26355712K)] 26837650K->1419751K(29501440K), 0.0983527 secs] [Times: user=4.96 sys=0.01, real=0.10 secs] 
3243.102: [GC (Allocation Failure) [PSYoungGen: 26107137K->642550K(26355712K)] 26868199K->1404156K(29501440K), 0.0971307 secs] [Times: user=4.95 sys=0.00, real=0.10 secs] 
3249.598: [GC (Allocation Failure) [PSYoungGen: 26090998K->687891K(26355712K)] 26852604K->1450097K(29501440K), 0.1012265 secs] [Times: user=5.16 sys=0.01, real=0.10 secs] 
3256.192: [GC (Allocation Failure) [PSYoungGen: 26136339K->684849K(26355712K)] 26898545K->1447599K(29501440K), 0.1049624 secs] [Times: user=5.13 sys=0.00, real=0.11 secs] 
3263.068: [GC (Allocation Failure) [PSYoungGen: 26133297K->651563K(26355712K)] 26896047K->1414945K(29501440K), 0.1015393 secs] [Times: user=4.54 sys=0.00, real=0.10 secs] 
3269.601: [GC (Allocation Failure) [PSYoungGen: 26100011K->627068K(26355712K)] 26863393K->1391018K(29501440K), 0.0921614 secs] [Times: user=4.75 sys=0.00, real=0.10 secs] 
3276.230: [GC (Allocation Failure) [PSYoungGen: 26075516K->654070K(26355712K)] 26839466K->1418636K(29501440K), 0.0944227 secs] [Times: user=4.87 sys=0.01, real=0.10 secs] 
3282.763: [GC (Allocation Failure) [PSYoungGen: 26102518K->665893K(26355712K)] 26867084K->1431035K(29501440K), 0.0994298 secs] [Times: user=4.90 sys=0.00, real=0.10 secs] 
3289.361: [GC (Allocation Failure) [PSYoungGen: 26114341K->721204K(26355712K)] 26879483K->1486930K(29501440K), 0.1033395 secs] [Times: user=5.16 sys=0.01, real=0.11 secs] 
3295.770: [GC (Allocation Failure) [PSYoungGen: 26169652K->635911K(26355712K)] 26935378K->1402133K(29501440K), 0.0933353 secs] [Times: user=4.96 sys=0.01, real=0.10 secs] 
3302.318: [GC (Allocation Failure) [PSYoungGen: 26084359K->638987K(26355712K)] 26850581K->1405730K(29501440K), 0.0911175 secs] [Times: user=4.76 sys=0.01, real=0.09 secs] 
3308.882: [GC (Allocation Failure) [PSYoungGen: 26087435K->632464K(26355712K)] 26854178K->1399718K(29501440K), 0.0957259 secs] [Times: user=4.97 sys=0.01, real=0.10 secs] 
3315.233: [GC (Allocation Failure) [PSYoungGen: 26080912K->656816K(26355712K)] 26848166K->1424582K(29501440K), 0.0937306 secs] [Times: user=4.94 sys=0.00, real=0.10 secs] 
3321.695: [GC (Allocation Failure) [PSYoungGen: 26105264K->646741K(26355712K)] 26873030K->1415075K(29501440K), 0.0952706 secs] [Times: user=4.83 sys=0.00, real=0.09 secs] 
3328.086: [GC (Allocation Failure) [PSYoungGen: 26095189K->647260K(26355712K)] 26863523K->1416178K(29501440K), 0.0982390 secs] [Times: user=4.67 sys=0.00, real=0.10 secs] 
3334.568: [GC (Allocation Failure) [PSYoungGen: 26095708K->678166K(26355712K)] 26864626K->1447612K(29501440K), 0.0978005 secs] [Times: user=4.89 sys=0.01, real=0.10 secs] 
3340.914: [GC (Allocation Failure) [PSYoungGen: 26126614K->650092K(26355712K)] 26896060K->1420058K(29501440K), 0.0946354 secs] [Times: user=4.93 sys=0.01, real=0.09 secs] 
3347.242: [GC (Allocation Failure) [PSYoungGen: 26098540K->674042K(26355712K)] 26868506K->1444584K(29501440K), 0.0993261 secs] [Times: user=4.93 sys=0.01, real=0.10 secs] 
3353.638: [GC (Allocation Failure) [PSYoungGen: 26122490K->634570K(26355712K)] 26893032K->1405616K(29501440K), 0.0957009 secs] [Times: user=4.69 sys=0.01, real=0.10 secs] 
3360.038: [GC (Allocation Failure) [PSYoungGen: 26083018K->647472K(26355712K)] 26854064K->1419062K(29501440K), 0.0978926 secs] [Times: user=4.95 sys=0.01, real=0.10 secs] 
3366.347: [GC (Allocation Failure) [PSYoungGen: 26095920K->659180K(26355712K)] 26867510K->1431290K(29501440K), 0.0988552 secs] [Times: user=4.73 sys=0.00, real=0.10 secs] 
3372.793: [GC (Allocation Failure) [PSYoungGen: 26107628K->626864K(26355712K)] 26879738K->1399542K(29501440K), 0.1021316 secs] [Times: user=4.95 sys=0.01, real=0.10 secs] 
3379.107: [GC (Allocation Failure) [PSYoungGen: 26075312K->655766K(26355712K)] 26847990K->1428980K(29501440K), 0.0992573 secs] [Times: user=4.81 sys=0.00, real=0.10 secs] 
3385.442: [GC (Allocation Failure) [PSYoungGen: 26104214K->667324K(26355712K)] 26877428K->1441050K(29501440K), 0.0957004 secs] [Times: user=5.04 sys=0.01, real=0.10 secs] 
3391.795: [GC (Allocation Failure) [PSYoungGen: 26115772K->646246K(26355712K)] 26889498K->1420476K(29501440K), 0.0960584 secs] [Times: user=4.94 sys=0.03, real=0.09 secs] 
3398.115: [GC (Allocation Failure) [PSYoungGen: 26094694K->641409K(26355712K)] 26868924K->1416191K(29501440K), 0.0953975 secs] [Times: user=4.83 sys=0.00, real=0.09 secs] 
3404.520: [GC (Allocation Failure) [PSYoungGen: 26089857K->671089K(26355712K)] 26864639K->1446455K(29501440K), 0.1000846 secs] [Times: user=4.97 sys=0.01, real=0.10 secs] 
3410.827: [GC (Allocation Failure) [PSYoungGen: 26119537K->651732K(26355712K)] 26894903K->1427602K(29501440K), 0.0955503 secs] [Times: user=4.88 sys=0.00, real=0.09 secs] 
3417.118: [GC (Allocation Failure) [PSYoungGen: 26100180K->666010K(26355712K)] 26876050K->1442456K(29501440K), 0.1011085 secs] [Times: user=5.02 sys=0.01, real=0.10 secs] 
3423.283: [GC (Allocation Failure) [PSYoungGen: 26114458K->647444K(26355712K)] 26890904K->1424434K(29501440K), 0.0997454 secs] [Times: user=4.74 sys=0.01, real=0.10 secs] 
3429.417: [GC (Allocation Failure) [PSYoungGen: 26095892K->650652K(26355712K)] 26872882K->1428162K(29501440K), 0.0981620 secs] [Times: user=4.93 sys=0.01, real=0.10 secs] 
3435.596: [GC (Allocation Failure) [PSYoungGen: 26099100K->625137K(26355712K)] 26876610K->1403455K(29501440K), 0.0937794 secs] [Times: user=4.84 sys=0.01, real=0.09 secs] 
3441.686: [GC (Allocation Failure) [PSYoungGen: 26073585K->634678K(26355712K)] 26851903K->1413524K(29501440K), 0.0989070 secs] [Times: user=4.91 sys=0.00, real=0.10 secs] 
3447.935: [GC (Allocation Failure) [PSYoungGen: 26083126K->648997K(26355712K)] 26861972K->1428411K(29501440K), 0.0948882 secs] [Times: user=4.81 sys=0.01, real=0.09 secs] 
3454.170: [GC (Allocation Failure) [PSYoungGen: 26097445K->650608K(26355712K)] 26876859K->1430630K(29501440K), 0.0960907 secs] [Times: user=4.84 sys=0.00, real=0.10 secs] 
3460.348: [GC (Allocation Failure) [PSYoungGen: 26099056K->684177K(26355712K)] 26879078K->1464703K(29501440K), 0.0989417 secs] [Times: user=5.13 sys=0.00, real=0.10 secs] 
3466.550: [GC (Allocation Failure) [PSYoungGen: 26132625K->678833K(26355712K)] 26913151K->1459911K(29501440K), 0.0974551 secs] [Times: user=5.11 sys=0.00, real=0.10 secs] 
3472.634: [GC (Allocation Failure) [PSYoungGen: 26127281K->661695K(26355712K)] 26908359K->1443293K(29501440K), 0.1003008 secs] [Times: user=4.99 sys=0.01, real=0.10 secs] 
3478.875: [GC (Allocation Failure) [PSYoungGen: 26110143K->668894K(26355712K)] 26891741K->1451036K(29501440K), 0.0976761 secs] [Times: user=4.92 sys=0.01, real=0.09 secs] 
3484.913: [GC (Allocation Failure) [PSYoungGen: 26117342K->652159K(26355712K)] 26899484K->1434885K(29501440K), 0.1000972 secs] [Times: user=4.78 sys=0.00, real=0.11 secs] 
3491.003: [GC (Allocation Failure) [PSYoungGen: 26100607K->653211K(26355712K)] 26883333K->1436457K(29501440K), 0.0978599 secs] [Times: user=4.95 sys=0.01, real=0.10 secs] 
3497.154: [GC (Allocation Failure) [PSYoungGen: 26101659K->704149K(26355712K)] 26884905K->1487891K(29501440K), 0.1008610 secs] [Times: user=5.10 sys=0.00, real=0.10 secs] 
3503.142: [GC (Allocation Failure) [PSYoungGen: 26152597K->656916K(26355712K)] 26936339K->1441227K(29501440K), 0.0992048 secs] [Times: user=4.98 sys=0.01, real=0.10 secs] 
3509.197: [GC (Allocation Failure) [PSYoungGen: 26105364K->686980K(26355712K)] 26889675K->1471803K(29501440K), 0.0993358 secs] [Times: user=5.07 sys=0.01, real=0.10 secs] 
3515.159: [GC (Allocation Failure) [PSYoungGen: 26135428K->676950K(26355712K)] 26920251K->1462436K(29501440K), 0.0991206 secs] [Times: user=5.05 sys=0.00, real=0.10 secs] 
3520.993: [GC (Allocation Failure) [PSYoungGen: 26125398K->653532K(26355712K)] 26910884K->1439514K(29501440K), 0.0951194 secs] [Times: user=4.95 sys=0.01, real=0.10 secs] 
3527.185: [GC (Allocation Failure) [PSYoungGen: 26101980K->650311K(26355712K)] 26887962K->1436909K(29501440K), 0.0961232 secs] [Times: user=4.80 sys=0.01, real=0.09 secs] 
3533.241: [GC (Allocation Failure) [PSYoungGen: 26098759K->661629K(26355712K)] 26885357K->1448747K(29501440K), 0.1003596 secs] [Times: user=5.00 sys=0.01, real=0.10 secs] 
3539.301: [GC (Allocation Failure) [PSYoungGen: 26110077K->667797K(26355712K)] 26897195K->1455475K(29501440K), 0.0969135 secs] [Times: user=4.95 sys=0.00, real=0.10 secs] 
3545.431: [GC (Allocation Failure) [PSYoungGen: 26116245K->714910K(26355712K)] 26903923K->1503108K(29501440K), 0.1033986 secs] [Times: user=5.33 sys=0.01, real=0.11 secs] 
3551.475: [GC (Allocation Failure) [PSYoungGen: 26163358K->652957K(26355712K)] 26951556K->1441707K(29501440K), 0.0939279 secs] [Times: user=4.97 sys=0.00, real=0.09 secs] 
3557.522: [GC (Allocation Failure) [PSYoungGen: 26101405K->704369K(26355712K)] 26890155K->1493623K(29501440K), 0.0998141 secs] [Times: user=5.04 sys=0.00, real=0.10 secs] 
3563.267: [GC (Allocation Failure) [PSYoungGen: 26152817K->693120K(26355712K)] 26942071K->1482974K(29501440K), 0.1031307 secs] [Times: user=5.16 sys=0.01, real=0.10 secs] 
3569.188: [GC (Allocation Failure) [PSYoungGen: 26141568K->669157K(26355712K)] 26931422K->1459547K(29501440K), 0.1002299 secs] [Times: user=5.07 sys=0.00, real=0.10 secs] 
3575.121: [GC (Allocation Failure) [PSYoungGen: 26117605K->667230K(26355712K)] 26907995K->1458164K(29501440K), 0.0989892 secs] [Times: user=4.99 sys=0.01, real=0.10 secs] 
3581.092: [GC (Allocation Failure) [PSYoungGen: 26115678K->665484K(26355712K)] 26906612K->1456930K(29501440K), 0.1002906 secs] [Times: user=4.85 sys=0.00, real=0.10 secs] 
3587.076: [GC (Allocation Failure) [PSYoungGen: 26113932K->677350K(26355712K)] 26905378K->1469356K(29501440K), 0.1010016 secs] [Times: user=5.10 sys=0.00, real=0.10 secs] 
3593.018: [GC (Allocation Failure) [PSYoungGen: 26125798K->662358K(26355712K)] 26917804K->1454876K(29501440K), 0.1012375 secs] [Times: user=4.79 sys=0.00, real=0.10 secs] 
3598.952: [GC (Allocation Failure) [PSYoungGen: 26110806K->643441K(26355712K)] 26903324K->1436495K(29501440K), 0.1013422 secs] [Times: user=4.83 sys=0.01, real=0.11 secs] 
3604.743: [GC (Allocation Failure) [PSYoungGen: 26091889K->657221K(26355712K)] 26884943K->1450851K(29501440K), 0.1003415 secs] [Times: user=4.99 sys=0.01, real=0.10 secs] 
3610.673: [GC (Allocation Failure) [PSYoungGen: 26105669K->630497K(26355712K)] 26899299K->1424655K(29501440K), 0.0938109 secs] [Times: user=4.65 sys=0.00, real=0.09 secs] 
3616.600: [GC (Allocation Failure) [PSYoungGen: 26078945K->630097K(26355712K)] 26873103K->1424791K(29501440K), 0.1002572 secs] [Times: user=4.70 sys=0.00, real=0.10 secs] 
3622.605: [GC (Allocation Failure) [PSYoungGen: 26078545K->670466K(26355712K)] 26873239K->1465664K(29501440K), 0.0946394 secs] [Times: user=5.01 sys=0.01, real=0.09 secs] 
3628.475: [GC (Allocation Failure) [PSYoungGen: 26118914K->674368K(26355712K)] 26914112K->1470118K(29501440K), 0.1012576 secs] [Times: user=4.84 sys=0.01, real=0.10 secs] 
3634.306: [GC (Allocation Failure) [PSYoungGen: 26122816K->680138K(26355712K)] 26918566K->1476392K(29501440K), 0.0976896 secs] [Times: user=4.82 sys=0.00, real=0.10 secs] 
3640.078: [GC (Allocation Failure) [PSYoungGen: 26128586K->652513K(26355712K)] 26924840K->1449319K(29501440K), 0.0947789 secs] [Times: user=4.82 sys=0.00, real=0.10 secs] 
3645.780: [GC (Allocation Failure) [PSYoungGen: 26100961K->686953K(26355712K)] 26897767K->1484327K(29501440K), 0.1013154 secs] [Times: user=4.97 sys=0.00, real=0.10 secs] 
3651.648: [GC (Allocation Failure) [PSYoungGen: 26135401K->647445K(26355712K)] 26932775K->1445371K(29501440K), 0.0978333 secs] [Times: user=4.73 sys=0.01, real=0.10 secs] 
3657.459: [GC (Allocation Failure) [PSYoungGen: 26095893K->738256K(26355712K)] 26893819K->1536694K(29501440K), 0.1066588 secs] [Times: user=5.33 sys=0.00, real=0.11 secs] 
3663.283: [GC (Allocation Failure) [PSYoungGen: 26186704K->712790K(26355712K)] 26985142K->1511812K(29501440K), 0.1036423 secs] [Times: user=5.10 sys=0.01, real=0.10 secs] 
3668.903: [GC (Allocation Failure) [PSYoungGen: 26161238K->633580K(26355712K)] 26960260K->1433146K(29501440K), 0.0967905 secs] [Times: user=4.72 sys=0.01, real=0.10 secs] 
3674.623: [GC (Allocation Failure) [PSYoungGen: 26082028K->631264K(26355712K)] 26881594K->1431351K(29501440K), 0.0961683 secs] [Times: user=4.93 sys=0.00, real=0.09 secs] 
3680.415: [GC (Allocation Failure) [PSYoungGen: 26079712K->712026K(26355712K)] 26879799K->1512632K(29501440K), 0.1076815 secs] [Times: user=5.25 sys=0.01, real=0.11 secs] 
3686.232: [GC (Allocation Failure) [PSYoungGen: 26160474K->657180K(26355712K)] 26961080K->1458306K(29501440K), 0.0961040 secs] [Times: user=4.80 sys=0.01, real=0.10 secs] 
3692.135: [GC (Allocation Failure) [PSYoungGen: 26105628K->656625K(26355712K)] 26906754K->1458271K(29501440K), 0.0988628 secs] [Times: user=5.06 sys=0.01, real=0.10 secs] 
3697.777: [GC (Allocation Failure) [PSYoungGen: 26105073K->651559K(26355712K)] 26906719K->1453701K(29501440K), 0.0952964 secs] [Times: user=4.94 sys=0.00, real=0.09 secs] 
3703.619: [GC (Allocation Failure) [PSYoungGen: 26100007K->626801K(26355712K)] 26902149K->1429471K(29501440K), 0.0952706 secs] [Times: user=4.81 sys=0.01, real=0.10 secs] 
3709.403: [GC (Allocation Failure) [PSYoungGen: 26075249K->675712K(26355712K)] 26877919K->1478886K(29501440K), 0.0978371 secs] [Times: user=4.98 sys=0.01, real=0.09 secs] 
3715.067: [GC (Allocation Failure) [PSYoungGen: 26124160K->674821K(26355712K)] 26927334K->1478539K(29501440K), 0.1029210 secs] [Times: user=4.94 sys=0.01, real=0.10 secs] 
3720.616: [GC (Allocation Failure) [PSYoungGen: 26123269K->656597K(26355712K)] 26926987K->1460851K(29501440K), 0.0967994 secs] [Times: user=4.94 sys=0.00, real=0.09 secs] 
3726.269: [GC (Allocation Failure) [PSYoungGen: 26105045K->683780K(26355712K)] 26909299K->1488578K(29501440K), 0.0995042 secs] [Times: user=5.09 sys=0.00, real=0.10 secs] 
3731.958: [GC (Allocation Failure) [PSYoungGen: 26132228K->676810K(26355712K)] 26937026K->1482208K(29501440K), 0.0985625 secs] [Times: user=5.10 sys=0.00, real=0.10 secs] 
3737.604: [GC (Allocation Failure) [PSYoungGen: 26125175K->672263K(26355712K)] 26930573K->1478261K(29501440K), 0.1014766 secs] [Times: user=4.84 sys=0.01, real=0.10 secs] 
3744.364: [GC (Allocation Failure) [PSYoungGen: 26120711K->907247K(26355712K)] 26926709K->1956141K(29501440K), 0.1619446 secs] [Times: user=8.51 sys=0.01, real=0.16 secs] 
3749.053: [GC (Allocation Failure) [PSYoungGen: 26355695K->667948K(26355712K)] 27404589K->1717362K(29501440K), 0.0983334 secs] [Times: user=5.05 sys=0.01, real=0.10 secs] 
3754.573: [GC (Allocation Failure) [PSYoungGen: 26116396K->653009K(26355712K)] 27165810K->1703279K(29501440K), 0.0955649 secs] [Times: user=4.80 sys=0.01, real=0.09 secs] 
3760.132: [GC (Allocation Failure) [PSYoungGen: 26101457K->688006K(26355712K)] 27151727K->1738780K(29501440K), 0.0960491 secs] [Times: user=4.93 sys=0.00, real=0.10 secs] 
3765.760: [GC (Allocation Failure) [PSYoungGen: 26136454K->645552K(26355712K)] 27187228K->1696871K(29501440K), 0.0961940 secs] [Times: user=4.88 sys=0.01, real=0.10 secs] 
3771.673: [GC (Allocation Failure) [PSYoungGen: 26094000K->702916K(26355712K)] 27145319K->1754755K(29501440K), 0.1107610 secs] [Times: user=5.18 sys=0.01, real=0.11 secs] 
3777.299: [GC (Allocation Failure) [PSYoungGen: 26151364K->666076K(26355712K)] 27203203K->1718418K(29501440K), 0.1033585 secs] [Times: user=4.99 sys=0.01, real=0.10 secs] 
3782.856: [GC (Allocation Failure) [PSYoungGen: 26114524K->648545K(26355712K)] 27166866K->1701463K(29501440K), 0.0993567 secs] [Times: user=4.87 sys=0.01, real=0.10 secs] 
3788.328: [GC (Allocation Failure) [PSYoungGen: 26096993K->690713K(26355712K)] 27149911K->1744151K(29501440K), 0.1011712 secs] [Times: user=5.05 sys=0.00, real=0.10 secs] 
3793.942: [GC (Allocation Failure) [PSYoungGen: 26139161K->648913K(26355712K)] 27192599K->1702879K(29501440K), 0.0942549 secs] [Times: user=4.86 sys=0.00, real=0.10 secs] 
3799.579: [GC (Allocation Failure) [PSYoungGen: 26097361K->690404K(26355712K)] 27151327K->1744890K(29501440K), 0.1007028 secs] [Times: user=5.15 sys=0.01, real=0.10 secs] 
3804.999: [GC (Allocation Failure) [PSYoungGen: 26138852K->689913K(26355712K)] 27193338K->1744935K(29501440K), 0.1013920 secs] [Times: user=5.20 sys=0.01, real=0.10 secs] 
3810.508: [GC (Allocation Failure) [PSYoungGen: 26138361K->686508K(26355712K)] 27193383K->1742042K(29501440K), 0.0982861 secs] [Times: user=5.05 sys=0.01, real=0.10 secs] 
3815.962: [GC (Allocation Failure) [PSYoungGen: 26134956K->661802K(26355712K)] 27190490K->1717840K(29501440K), 0.0995499 secs] [Times: user=4.91 sys=0.01, real=0.10 secs] 
3821.507: [GC (Allocation Failure) [PSYoungGen: 26110250K->710734K(26355712K)] 27166288K->1767308K(29501440K), 0.1027060 secs] [Times: user=5.09 sys=0.00, real=0.10 secs] 
3827.240: [GC (Allocation Failure) [PSYoungGen: 26159182K->715345K(26355712K)] 27215756K->1772647K(29501440K), 0.1008866 secs] [Times: user=5.10 sys=0.01, real=0.10 secs] 
3832.722: [GC (Allocation Failure) [PSYoungGen: 26163793K->699853K(26355712K)] 27221095K->1757700K(29501440K), 0.1009454 secs] [Times: user=5.24 sys=0.01, real=0.11 secs] 
3838.478: [GC (Allocation Failure) [PSYoungGen: 26148301K->756370K(26355712K)] 27206148K->1814793K(29501440K), 0.1067907 secs] [Times: user=5.57 sys=0.00, real=0.11 secs] 
3843.996: [GC (Allocation Failure) [PSYoungGen: 26204818K->674697K(26355712K)] 27263241K->1734391K(29501440K), 0.1000398 secs] [Times: user=4.95 sys=0.00, real=0.10 secs] 
3849.365: [GC (Allocation Failure) [PSYoungGen: 26123145K->675123K(26355712K)] 27182839K->1735321K(29501440K), 0.1006461 secs] [Times: user=5.07 sys=0.00, real=0.10 secs] 
3855.027: [GC (Allocation Failure) [PSYoungGen: 26123571K->688822K(26355712K)] 27183769K->1749588K(29501440K), 0.1018714 secs] [Times: user=4.94 sys=0.00, real=0.10 secs] 
3860.328: [GC (Allocation Failure) [PSYoungGen: 26137270K->680497K(26355712K)] 27198036K->1741759K(29501440K), 0.0966906 secs] [Times: user=4.99 sys=0.02, real=0.10 secs] 
3865.866: [GC (Allocation Failure) [PSYoungGen: 26128945K->653862K(26355712K)] 27190207K->1715708K(29501440K), 0.1029481 secs] [Times: user=5.08 sys=0.01, real=0.10 secs] 
3871.288: [GC (Allocation Failure) [PSYoungGen: 26102310K->684214K(26355712K)] 27164156K->1746556K(29501440K), 0.1003299 secs] [Times: user=5.15 sys=0.01, real=0.10 secs] 
3876.617: [GC (Allocation Failure) [PSYoungGen: 26132662K->642166K(26355712K)] 27195004K->1705012K(29501440K), 0.0976679 secs] [Times: user=5.01 sys=0.01, real=0.10 secs] 
3882.037: [GC (Allocation Failure) [PSYoungGen: 26090614K->645777K(26355712K)] 27153460K->1709191K(29501440K), 0.1004791 secs] [Times: user=4.68 sys=0.01, real=0.10 secs] 
3887.479: [GC (Allocation Failure) [PSYoungGen: 26094225K->686825K(26355712K)] 27157639K->1751511K(29501440K), 0.1010836 secs] [Times: user=5.13 sys=0.01, real=0.10 secs] 
3893.011: [GC (Allocation Failure) [PSYoungGen: 26135273K->712480K(26355712K)] 27199959K->1777702K(29501440K), 0.0998468 secs] [Times: user=5.27 sys=0.00, real=0.10 secs] 
3898.304: [GC (Allocation Failure) [PSYoungGen: 26160928K->717976K(26355712K)] 27226150K->1783718K(29501440K), 0.1029880 secs] [Times: user=5.38 sys=0.00, real=0.10 secs] 
3903.612: [GC (Allocation Failure) [PSYoungGen: 26166424K->662206K(26355712K)] 27232166K->1728484K(29501440K), 0.0979775 secs] [Times: user=5.06 sys=0.00, real=0.10 secs] 
3908.963: [GC (Allocation Failure) [PSYoungGen: 26110654K->649840K(26355712K)] 27176932K->1716614K(29501440K), 0.0980452 secs] [Times: user=5.01 sys=0.00, real=0.09 secs] 
3914.470: [GC (Allocation Failure) [PSYoungGen: 26098288K->682492K(26355712K)] 27165062K->1749794K(29501440K), 0.1027377 secs] [Times: user=4.89 sys=0.00, real=0.10 secs] 
3919.889: [GC (Allocation Failure) [PSYoungGen: 26130940K->643115K(26355712K)] 27198242K->1710898K(29501440K), 0.0992173 secs] [Times: user=4.95 sys=0.00, real=0.10 secs] 
3925.289: [GC (Allocation Failure) [PSYoungGen: 26091563K->711158K(26355712K)] 27159346K->1779492K(29501440K), 0.1091374 secs] [Times: user=5.26 sys=0.00, real=0.11 secs] 
3930.918: [GC (Allocation Failure) [PSYoungGen: 26159606K->673104K(26355712K)] 27227940K->1741942K(29501440K), 0.1006894 secs] [Times: user=4.74 sys=0.00, real=0.10 secs] 
3936.154: [GC (Allocation Failure) [PSYoungGen: 26121552K->760222K(26355712K)] 27190390K->1829596K(29501440K), 0.1153550 secs] [Times: user=5.59 sys=0.01, real=0.11 secs] 
3941.401: [GC (Allocation Failure) [PSYoungGen: 26208670K->672764K(26355712K)] 27278044K->1742650K(29501440K), 0.0951196 secs] [Times: user=5.00 sys=0.00, real=0.10 secs] 
3946.524: [GC (Allocation Failure) [PSYoungGen: 26121212K->734854K(26355712K)] 27191098K->1805252K(29501440K), 0.1062757 secs] [Times: user=5.38 sys=0.01, real=0.10 secs] 
3951.913: [GC (Allocation Failure) [PSYoungGen: 26183302K->652465K(26355712K)] 27253700K->1723359K(29501440K), 0.0938931 secs] [Times: user=4.96 sys=0.01, real=0.09 secs] 
3957.312: [GC (Allocation Failure) [PSYoungGen: 26100913K->724418K(26355712K)] 27171807K->1795856K(29501440K), 0.1043318 secs] [Times: user=5.29 sys=0.01, real=0.11 secs] 
3962.477: [GC (Allocation Failure) [PSYoungGen: 26172866K->780556K(26355712K)] 27244304K->1852507K(29501440K), 0.1091745 secs] [Times: user=5.71 sys=0.00, real=0.11 secs] 
3967.801: [GC (Allocation Failure) [PSYoungGen: 26229004K->676833K(26355712K)] 27300955K->1749303K(29501440K), 0.0989741 secs] [Times: user=4.74 sys=0.00, real=0.10 secs] 
3973.155: [GC (Allocation Failure) [PSYoungGen: 26125281K->663968K(26355712K)] 27197751K->1736958K(29501440K), 0.0987100 secs] [Times: user=5.03 sys=0.00, real=0.10 secs] 
3978.627: [GC (Allocation Failure) [PSYoungGen: 26112416K->733827K(26355712K)] 27185406K->1807385K(29501440K), 0.1117700 secs] [Times: user=5.41 sys=0.01, real=0.11 secs] 
3983.951: [GC (Allocation Failure) [PSYoungGen: 26182275K->682481K(26355712K)] 27255833K->1756591K(29501440K), 0.1043797 secs] [Times: user=5.02 sys=0.01, real=0.11 secs] 
3989.402: [GC (Allocation Failure) [PSYoungGen: 26130929K->750448K(26355712K)] 27205039K->1825119K(29501440K), 0.1044638 secs] [Times: user=5.39 sys=0.01, real=0.11 secs] 
3994.602: [GC (Allocation Failure) [PSYoungGen: 26198896K->705889K(26355712K)] 27273567K->1781087K(29501440K), 0.1031019 secs] [Times: user=5.21 sys=0.00, real=0.11 secs] 
3999.969: [GC (Allocation Failure) [PSYoungGen: 26154337K->673341K(26355712K)] 27229535K->1749067K(29501440K), 0.0990091 secs] [Times: user=5.04 sys=0.01, real=0.10 secs] 
4005.186: [GC (Allocation Failure) [PSYoungGen: 26121789K->675618K(26355712K)] 27197515K->1751849K(29501440K), 0.0995274 secs] [Times: user=4.95 sys=0.00, real=0.10 secs] 
4010.637: [GC (Allocation Failure) [PSYoungGen: 26124066K->635212K(26355712K)] 27200297K->1711946K(29501440K), 0.0964705 secs] [Times: user=4.88 sys=0.00, real=0.10 secs] 
4015.739: [GC (Allocation Failure) [PSYoungGen: 26083660K->668056K(26355712K)] 27160394K->1745295K(29501440K), 0.0965370 secs] [Times: user=5.10 sys=0.01, real=0.10 secs] 
4021.026: [GC (Allocation Failure) [PSYoungGen: 26116504K->800510K(26355712K)] 27193743K->1878268K(29501440K), 0.1099448 secs] [Times: user=5.67 sys=0.00, real=0.11 secs] 
4026.129: [GC (Allocation Failure) [PSYoungGen: 26248958K->725703K(26355712K)] 27326716K->1803965K(29501440K), 0.1074296 secs] [Times: user=5.21 sys=0.00, real=0.11 secs] 
4031.252: [GC (Allocation Failure) [PSYoungGen: 26174151K->684022K(26355712K)] 27252413K->1762860K(29501440K), 0.1007540 secs] [Times: user=4.95 sys=0.01, real=0.11 secs] 
4036.401: [GC (Allocation Failure) [PSYoungGen: 26132470K->685552K(26355712K)] 27211308K->1764894K(29501440K), 0.0972503 secs] [Times: user=4.98 sys=0.00, real=0.10 secs] 
4041.734: [GC (Allocation Failure) [PSYoungGen: 26134000K->694920K(26355712K)] 27213342K->1774822K(29501440K), 0.1031945 secs] [Times: user=5.13 sys=0.02, real=0.10 secs] 
4046.888: [GC (Allocation Failure) [PSYoungGen: 26143368K->701822K(26355712K)] 27223270K->1782245K(29501440K), 0.1014958 secs] [Times: user=5.15 sys=0.01, real=0.10 secs] 
4052.162: [GC (Allocation Failure) [PSYoungGen: 26150270K->694676K(26355712K)] 27230693K->1775594K(29501440K), 0.1010268 secs] [Times: user=5.14 sys=0.01, real=0.11 secs] 
4057.357: [GC (Allocation Failure) [PSYoungGen: 26143124K->674773K(26355712K)] 27224042K->1756220K(29501440K), 0.1005108 secs] [Times: user=5.12 sys=0.00, real=0.10 secs] 
4062.777: [GC (Allocation Failure) [PSYoungGen: 26123221K->662961K(26355712K)] 27204668K->1744904K(29501440K), 0.0986397 secs] [Times: user=5.03 sys=0.02, real=0.10 secs] 
4068.030: [GC (Allocation Failure) [PSYoungGen: 26111409K->669595K(26355712K)] 27193352K->1752058K(29501440K), 0.1036688 secs] [Times: user=5.08 sys=0.01, real=0.11 secs] 
4073.326: [GC (Allocation Failure) [PSYoungGen: 26118043K->754303K(26355712K)] 27200506K->1837285K(29501440K), 0.1028771 secs] [Times: user=5.29 sys=0.01, real=0.10 secs] 
4078.452: [GC (Allocation Failure) [PSYoungGen: 26202751K->748776K(26355712K)] 27285733K->1832271K(29501440K), 0.1110507 secs] [Times: user=5.49 sys=0.00, real=0.12 secs] 
4083.607: [GC (Allocation Failure) [PSYoungGen: 26197224K->650247K(26355712K)] 27280719K->1734246K(29501440K), 0.1015508 secs] [Times: user=4.98 sys=0.01, real=0.10 secs] 
4088.945: [GC (Allocation Failure) [PSYoungGen: 26098695K->700560K(26355712K)] 27182694K->1785095K(29501440K), 0.1024343 secs] [Times: user=5.29 sys=0.00, real=0.10 secs] 
4094.069: [GC (Allocation Failure) [PSYoungGen: 26149008K->691000K(26355712K)] 27233543K->1776031K(29501440K), 0.1016066 secs] [Times: user=5.07 sys=0.00, real=0.10 secs] 
4099.040: [GC (Allocation Failure) [PSYoungGen: 26139448K->669708K(26355712K)] 27224479K->1755266K(29501440K), 0.1035307 secs] [Times: user=5.06 sys=0.00, real=0.11 secs] 
4104.244: [GC (Allocation Failure) [PSYoungGen: 26118156K->710277K(26355712K)] 27203714K->1796347K(29501440K), 0.1016351 secs] [Times: user=5.37 sys=0.01, real=0.10 secs] 
4109.466: [GC (Allocation Failure) [PSYoungGen: 26158725K->671068K(26355712K)] 27244795K->1757634K(29501440K), 0.0976245 secs] [Times: user=5.06 sys=0.01, real=0.10 secs] 
4114.473: [GC (Allocation Failure) [PSYoungGen: 26119516K->739239K(26355712K)] 27206082K->1826365K(29501440K), 0.1003737 secs] [Times: user=5.30 sys=0.00, real=0.10 secs] 
4119.479: [GC (Allocation Failure) [PSYoungGen: 26187687K->688116K(26355712K)] 27274813K->1775754K(29501440K), 0.0982817 secs] [Times: user=5.19 sys=0.01, real=0.10 secs] 
4124.829: [GC (Allocation Failure) [PSYoungGen: 26136564K->713990K(26355712K)] 27224202K->1802140K(29501440K), 0.0997975 secs] [Times: user=5.34 sys=0.01, real=0.10 secs] 
4129.773: [GC (Allocation Failure) [PSYoungGen: 26162438K->660728K(26355712K)] 27250588K->1749423K(29501440K), 0.0980938 secs] [Times: user=5.07 sys=0.00, real=0.09 secs] 
4134.908: [GC (Allocation Failure) [PSYoungGen: 26109176K->701903K(26355712K)] 27197871K->1791109K(29501440K), 0.1014176 secs] [Times: user=5.05 sys=0.01, real=0.10 secs] 
4140.067: [GC (Allocation Failure) [PSYoungGen: 26150351K->685906K(26355712K)] 27239557K->1775672K(29501440K), 0.0993892 secs] [Times: user=5.17 sys=0.00, real=0.10 secs] 
4145.327: [GC (Allocation Failure) [PSYoungGen: 26134354K->728377K(26355712K)] 27224120K->1818663K(29501440K), 0.1001951 secs] [Times: user=5.17 sys=0.01, real=0.10 secs] 
4150.356: [GC (Allocation Failure) [PSYoungGen: 26176825K->689497K(26355712K)] 27267111K->1780303K(29501440K), 0.0989436 secs] [Times: user=5.12 sys=0.00, real=0.10 secs] 
4155.507: [GC (Allocation Failure) [PSYoungGen: 26137945K->714814K(26355712K)] 27228751K->1806164K(29501440K), 0.1040225 secs] [Times: user=5.29 sys=0.01, real=0.10 secs] 
4160.809: [GC (Allocation Failure) [PSYoungGen: 26163262K->663010K(26355712K)] 27254612K->1754880K(29501440K), 0.1035521 secs] [Times: user=5.04 sys=0.01, real=0.10 secs] 
4165.951: [GC (Allocation Failure) [PSYoungGen: 26111458K->658800K(26355712K)] 27203328K->1751175K(29501440K), 0.0974040 secs] [Times: user=4.98 sys=0.01, real=0.10 secs] 
4171.290: [GC (Allocation Failure) [PSYoungGen: 26107248K->719837K(26355712K)] 27199623K->1812715K(29501440K), 0.1051904 secs] [Times: user=5.21 sys=0.01, real=0.11 secs] 
4176.275: [GC (Allocation Failure) [PSYoungGen: 26168285K->870443K(26355712K)] 27261163K->1963874K(29501440K), 0.1152673 secs] [Times: user=6.12 sys=0.00, real=0.11 secs] 
4181.306: [GC (Allocation Failure) [PSYoungGen: 26318891K->695367K(26355712K)] 27412322K->1789309K(29501440K), 0.0989841 secs] [Times: user=5.14 sys=0.00, real=0.10 secs] 
4186.511: [GC (Allocation Failure) [PSYoungGen: 26143815K->735703K(26355712K)] 27237757K->1830165K(29501440K), 0.1010894 secs] [Times: user=5.26 sys=0.00, real=0.10 secs] 
4191.310: [GC (Allocation Failure) [PSYoungGen: 26184151K->712336K(26355712K)] 27278613K->1807374K(29501440K), 0.1017648 secs] [Times: user=5.14 sys=0.00, real=0.10 secs] 
4196.555: [GC (Allocation Failure) [PSYoungGen: 26160784K->788437K(26355712K)] 27255822K->1883979K(29501440K), 0.1114386 secs] [Times: user=5.55 sys=0.00, real=0.11 secs] 
4201.331: [GC (GCLocker Initiated GC) [PSYoungGen: 26236885K->694294K(26355712K)] 27333497K->1791546K(29501440K), 0.1018261 secs] [Times: user=5.05 sys=0.00, real=0.10 secs] 
4206.543: [GC (Allocation Failure) [PSYoungGen: 26142742K->769871K(26355712K)] 27239996K->1867637K(29501440K), 0.1098769 secs] [Times: user=5.49 sys=0.01, real=0.11 secs] 
4211.584: [GC (Allocation Failure) [PSYoungGen: 26218319K->695202K(26355712K)] 27316085K->1793473K(29501440K), 0.1025193 secs] [Times: user=5.33 sys=0.01, real=0.10 secs] 
4216.701: [GC (Allocation Failure) [PSYoungGen: 26143650K->668674K(26355712K)] 27241921K->1767504K(29501440K), 0.0978956 secs] [Times: user=4.87 sys=0.01, real=0.10 secs] 
4221.825: [GC (Allocation Failure) [PSYoungGen: 26117122K->689944K(26355712K)] 27215952K->1789262K(29501440K), 0.1012116 secs] [Times: user=5.19 sys=0.02, real=0.10 secs] 
4226.872: [GC (Allocation Failure) [PSYoungGen: 26138392K->688565K(26355712K)] 27237710K->1788403K(29501440K), 0.1021716 secs] [Times: user=5.04 sys=0.01, real=0.11 secs] 
4232.008: [GC (Allocation Failure) [PSYoungGen: 26137013K->689889K(26355712K)] 27236851K->1790311K(29501440K), 0.1044228 secs] [Times: user=5.20 sys=0.01, real=0.10 secs] 
4237.009: [GC (Allocation Failure) [PSYoungGen: 26138337K->687516K(26355712K)] 27238759K->1788459K(29501440K), 0.1024122 secs] [Times: user=5.18 sys=0.00, real=0.10 secs] 
4242.102: [GC (Allocation Failure) [PSYoungGen: 26135964K->710256K(26355712K)] 27236907K->1811751K(29501440K), 0.1004416 secs] [Times: user=5.27 sys=0.02, real=0.10 secs] 
4247.171: [GC (Allocation Failure) [PSYoungGen: 26158704K->688614K(26355712K)] 27260199K->1790644K(29501440K), 0.1007759 secs] [Times: user=5.27 sys=0.01, real=0.10 secs] 
4252.173: [GC (Allocation Failure) [PSYoungGen: 26137062K->704575K(26355712K)] 27239092K->1807102K(29501440K), 0.1028923 secs] [Times: user=5.25 sys=0.00, real=0.10 secs] 
4257.118: [GC (Allocation Failure) [PSYoungGen: 26153023K->701875K(26355712K)] 27255550K->1804970K(29501440K), 0.1044147 secs] [Times: user=5.12 sys=0.00, real=0.10 secs] 
4261.998: [GC (Allocation Failure) [PSYoungGen: 26150323K->683578K(26355712K)] 27253418K->1787241K(29501440K), 0.1002674 secs] [Times: user=5.09 sys=0.01, real=0.10 secs] 
4266.845: [GC (Allocation Failure) [PSYoungGen: 26132026K->699455K(26355712K)] 27235689K->1803750K(29501440K), 0.1038740 secs] [Times: user=5.07 sys=0.00, real=0.10 secs] 
4271.780: [GC (Allocation Failure) [PSYoungGen: 26147903K->717258K(26355712K)] 27252198K->1822480K(29501440K), 0.1014486 secs] [Times: user=5.13 sys=0.01, real=0.10 secs] 
4276.638: [GC (Allocation Failure) [PSYoungGen: 26165706K->760321K(26355712K)] 27270928K->1867800K(29501440K), 0.1076965 secs] [Times: user=5.56 sys=0.02, real=0.11 secs] 
4281.303: [GC (Allocation Failure) [PSYoungGen: 26208769K->712853K(26355712K)] 27316248K->1820948K(29501440K), 0.1019665 secs] [Times: user=5.28 sys=0.01, real=0.10 secs] 
4286.378: [GC (Allocation Failure) [PSYoungGen: 26161301K->683168K(26355712K)] 27269396K->1791775K(29501440K), 0.1035196 secs] [Times: user=4.93 sys=0.01, real=0.10 secs] 
4291.408: [GC (Allocation Failure) [PSYoungGen: 26131616K->758963K(26355712K)] 27240223K->1868114K(29501440K), 0.1087054 secs] [Times: user=5.35 sys=0.01, real=0.11 secs] 
4296.294: [GC (Allocation Failure) [PSYoungGen: 26207411K->735361K(26355712K)] 27316562K->1845016K(29501440K), 0.1077025 secs] [Times: user=5.12 sys=0.01, real=0.10 secs] 
4301.067: [GC (Allocation Failure) [PSYoungGen: 26183809K->709540K(26355712K)] 27293464K->1819723K(29501440K), 0.1028275 secs] [Times: user=5.27 sys=0.00, real=0.10 secs] 
4306.130: [GC (Allocation Failure) [PSYoungGen: 26157988K->719834K(26355712K)] 27268171K->1830537K(29501440K), 0.1037032 secs] [Times: user=5.25 sys=0.00, real=0.11 secs] 
4310.975: [GC (Allocation Failure) [PSYoungGen: 26168282K->678363K(26355712K)] 27278985K->1789570K(29501440K), 0.1026896 secs] [Times: user=5.03 sys=0.00, real=0.10 secs] 
4316.024: [GC (Allocation Failure) [PSYoungGen: 26126811K->734805K(26355712K)] 27238018K->1846524K(29501440K), 0.1066562 secs] [Times: user=5.28 sys=0.01, real=0.10 secs] 
4320.885: [GC (Allocation Failure) [PSYoungGen: 26183253K->664518K(26355712K)] 27294972K->1776765K(29501440K), 0.0988519 secs] [Times: user=4.97 sys=0.01, real=0.10 secs] 
4325.873: [GC (Allocation Failure) [PSYoungGen: 26112966K->663461K(26355712K)] 27225213K->1776204K(29501440K), 0.0989457 secs] [Times: user=4.92 sys=0.01, real=0.09 secs] 
4330.761: [GC (Allocation Failure) [PSYoungGen: 26111909K->664670K(26355712K)] 27224652K->1777957K(29501440K), 0.0977712 secs] [Times: user=4.85 sys=0.01, real=0.10 secs] 
4335.602: [GC (Allocation Failure) [PSYoungGen: 26113118K->717189K(26355712K)] 27226405K->1831005K(29501440K), 0.1093146 secs] [Times: user=5.14 sys=0.01, real=0.11 secs] 
4340.325: [GC (Allocation Failure) [PSYoungGen: 26165637K->686710K(26355712K)] 27279453K->1801053K(29501440K), 0.1044487 secs] [Times: user=5.19 sys=0.00, real=0.10 secs] 
4345.157: [GC (Allocation Failure) [PSYoungGen: 26135158K->726634K(26355712K)] 27249501K->1841570K(29501440K), 0.1016546 secs] [Times: user=5.13 sys=0.01, real=0.10 secs] 
4349.858: [GC (Allocation Failure) [PSYoungGen: 26175082K->696192K(26355712K)] 27290018K->1811631K(29501440K), 0.1058167 secs] [Times: user=5.13 sys=0.01, real=0.11 secs] 
4354.813: [GC (Allocation Failure) [PSYoungGen: 26144640K->739354K(26355712K)] 27260079K->1855289K(29501440K), 0.1065296 secs] [Times: user=5.29 sys=0.00, real=0.11 secs] 
4359.531: [GC (Allocation Failure) [PSYoungGen: 26187802K->747786K(26355712K)] 27303737K->1864257K(29501440K), 0.1057917 secs] [Times: user=5.41 sys=0.01, real=0.11 secs] 
4364.432: [GC (Allocation Failure) [PSYoungGen: 26196234K->711265K(26355712K)] 27312705K->1828248K(29501440K), 0.0973344 secs] [Times: user=5.19 sys=0.00, real=0.10 secs] 
4369.320: [GC (Allocation Failure) [PSYoungGen: 26159713K->738507K(26355712K)] 27276696K->1856002K(29501440K), 0.1071456 secs] [Times: user=5.34 sys=0.00, real=0.11 secs] 
4374.053: [GC (Allocation Failure) [PSYoungGen: 26186955K->720472K(26355712K)] 27304450K->1838471K(29501440K), 0.1012208 secs] [Times: user=5.28 sys=0.00, real=0.11 secs] 
4378.927: [GC (Allocation Failure) [PSYoungGen: 26168920K->719791K(26355712K)] 27286919K->1838334K(29501440K), 0.1024988 secs] [Times: user=5.40 sys=0.00, real=0.10 secs] 
4383.674: [GC (Allocation Failure) [PSYoungGen: 26168239K->697290K(26355712K)] 27286782K->1816338K(29501440K), 0.1019739 secs] [Times: user=5.15 sys=0.00, real=0.10 secs] 
4388.571: [GC (Allocation Failure) [PSYoungGen: 26145738K->752203K(26355712K)] 27264786K->1871762K(29501440K), 0.1104549 secs] [Times: user=5.50 sys=0.00, real=0.11 secs] 
4393.503: [GC (Allocation Failure) [PSYoungGen: 26200651K->730602K(26355712K)] 27320210K->1850673K(29501440K), 0.1072723 secs] [Times: user=5.53 sys=0.00, real=0.10 secs] 
4398.365: [GC (Allocation Failure) [PSYoungGen: 26179050K->739494K(26355712K)] 27299121K->1860117K(29501440K), 0.1046781 secs] [Times: user=5.29 sys=0.01, real=0.10 secs] 
4403.143: [GC (Allocation Failure) [PSYoungGen: 26187942K->771627K(26355712K)] 27308565K->1892794K(29501440K), 0.1069157 secs] [Times: user=5.44 sys=0.01, real=0.10 secs] 
4407.969: [GC (Allocation Failure) [PSYoungGen: 26220075K->854828K(26355712K)] 27341242K->1976499K(29501440K), 0.1154610 secs] [Times: user=5.93 sys=0.00, real=0.12 secs] 
4412.630: [GC (Allocation Failure) [PSYoungGen: 26303276K->728453K(26355712K)] 27424947K->1850645K(29501440K), 0.1057236 secs] [Times: user=5.13 sys=0.00, real=0.11 secs] 
4417.218: [GC (Allocation Failure) [PSYoungGen: 26176901K->693533K(26355712K)] 27299093K->1816285K(29501440K), 0.1020078 secs] [Times: user=5.01 sys=0.01, real=0.10 secs] 
4422.053: [GC (Allocation Failure) [PSYoungGen: 26141981K->821737K(26355712K)] 27264733K->1945000K(29501440K), 0.1088358 secs] [Times: user=5.76 sys=0.00, real=0.10 secs] 
4426.861: [GC (Allocation Failure) [PSYoungGen: 26270185K->696904K(26355712K)] 27393448K->1820687K(29501440K), 0.0999379 secs] [Times: user=5.32 sys=0.00, real=0.10 secs] 
4431.553: [GC (Allocation Failure) [PSYoungGen: 26145352K->723941K(26355712K)] 27269135K->1848245K(29501440K), 0.1030187 secs] [Times: user=5.34 sys=0.00, real=0.10 secs] 
4436.348: [GC (Allocation Failure) [PSYoungGen: 26172389K->702133K(26355712K)] 27296693K->1826948K(29501440K), 0.1041162 secs] [Times: user=5.12 sys=0.01, real=0.11 secs] 
4440.975: [GC (Allocation Failure) [PSYoungGen: 26150581K->829501K(26355712K)] 27275396K->1954853K(29501440K), 0.1131165 secs] [Times: user=6.01 sys=0.00, real=0.11 secs] 
4445.809: [GC (Allocation Failure) [PSYoungGen: 26277949K->704121K(26355712K)] 27403301K->1830008K(29501440K), 0.1035993 secs] [Times: user=5.08 sys=0.00, real=0.11 secs] 
4450.417: [GC (Allocation Failure) [PSYoungGen: 26152569K->755446K(26355712K)] 27278456K->1881845K(29501440K), 0.1098588 secs] [Times: user=5.49 sys=0.00, real=0.11 secs] 
4455.272: [GC (Allocation Failure) [PSYoungGen: 26203894K->721099K(26355712K)] 27330293K->1848018K(29501440K), 0.1031149 secs] [Times: user=5.26 sys=0.01, real=0.11 secs] 
4460.019: [GC (Allocation Failure) [PSYoungGen: 26169547K->759267K(26355712K)] 27296466K->1886738K(29501440K), 0.1095696 secs] [Times: user=5.31 sys=0.02, real=0.11 secs] 
4464.790: [GC (Allocation Failure) [PSYoungGen: 26207715K->674112K(26355712K)] 27335186K->1802095K(29501440K), 0.0986552 secs] [Times: user=5.19 sys=0.00, real=0.10 secs] 
4469.433: [GC (Allocation Failure) [PSYoungGen: 26122560K->719857K(26355712K)] 27250543K->1848368K(29501440K), 0.1036774 secs] [Times: user=5.24 sys=0.00, real=0.10 secs] 
4474.159: [GC (Allocation Failure) [PSYoungGen: 26168302K->690298K(26355712K)] 27296813K->1819313K(29501440K), 0.1016160 secs] [Times: user=5.06 sys=0.00, real=0.10 secs] 
4478.881: [GC (Allocation Failure) [PSYoungGen: 26138746K->690580K(26355712K)] 27267761K->1820132K(29501440K), 0.1008757 secs] [Times: user=4.93 sys=0.01, real=0.10 secs] 
4483.517: [GC (Allocation Failure) [PSYoungGen: 26139028K->769009K(26355712K)] 27268580K->1899064K(29501440K), 0.1088918 secs] [Times: user=5.62 sys=0.00, real=0.11 secs] 
4488.337: [GC (Allocation Failure) [PSYoungGen: 26217457K->811769K(26355712K)] 27347512K->1942320K(29501440K), 0.1133899 secs] [Times: user=5.75 sys=0.00, real=0.11 secs] 
4492.809: [GC (Allocation Failure) [PSYoungGen: 26260217K->695021K(26355712K)] 27390768K->1826084K(29501440K), 0.1037910 secs] [Times: user=5.29 sys=0.00, real=0.10 secs] 
4497.506: [GC (Allocation Failure) [PSYoungGen: 26143469K->738687K(26355712K)] 27274532K->1870270K(29501440K), 0.1084265 secs] [Times: user=5.29 sys=0.00, real=0.11 secs] 
4502.212: [GC (Allocation Failure) [PSYoungGen: 26187135K->751031K(26355712K)] 27318718K->1883182K(29501440K), 0.1083134 secs] [Times: user=5.21 sys=0.01, real=0.11 secs] 
4506.862: [GC (Allocation Failure) [PSYoungGen: 26199479K->705191K(26355712K)] 27331630K->1837838K(29501440K), 0.1030457 secs] [Times: user=5.28 sys=0.00, real=0.11 secs] 
4511.566: [GC (Allocation Failure) [PSYoungGen: 26153639K->691489K(26355712K)] 27286286K->1824640K(29501440K), 0.1014457 secs] [Times: user=5.20 sys=0.00, real=0.10 secs] 
4516.227: [GC (Allocation Failure) [PSYoungGen: 26139937K->720165K(26355712K)] 27273088K->1853876K(29501440K), 0.0993443 secs] [Times: user=5.23 sys=0.01, real=0.10 secs] 
4520.978: [GC (Allocation Failure) [PSYoungGen: 26168613K->767898K(26355712K)] 27302324K->1902137K(29501440K), 0.1095103 secs] [Times: user=5.69 sys=0.01, real=0.11 secs] 
4525.675: [GC (Allocation Failure) [PSYoungGen: 26216346K->669771K(26355712K)] 27350585K->1804578K(29501440K), 0.0973488 secs] [Times: user=4.81 sys=0.01, real=0.09 secs] 
4530.421: [GC (Allocation Failure) [PSYoungGen: 26118219K->728580K(26355712K)] 27253026K->1863931K(29501440K), 0.1055135 secs] [Times: user=5.37 sys=0.01, real=0.11 secs] 
4535.116: [GC (Allocation Failure) [PSYoungGen: 26177028K->709156K(26355712K)] 27312379K->1845020K(29501440K), 0.1052311 secs] [Times: user=5.23 sys=0.01, real=0.10 secs] 
4539.762: [GC (Allocation Failure) [PSYoungGen: 26157604K->726760K(26355712K)] 27293468K->1863151K(29501440K), 0.1064437 secs] [Times: user=5.28 sys=0.01, real=0.11 secs] 
4544.364: [GC (Allocation Failure) [PSYoungGen: 26175208K->752548K(26355712K)] 27311599K->1889467K(29501440K), 0.1042098 secs] [Times: user=5.21 sys=0.00, real=0.10 secs] 
4548.867: [GC (Allocation Failure) [PSYoungGen: 26200996K->719219K(26355712K)] 27337915K->1856682K(29501440K), 0.1034749 secs] [Times: user=5.16 sys=0.00, real=0.10 secs] 
4553.463: [GC (Allocation Failure) [PSYoungGen: 26167667K->797143K(26355712K)] 27305130K->1935118K(29501440K), 0.1117505 secs] [Times: user=5.86 sys=0.01, real=0.11 secs] 
4557.921: [GC (Allocation Failure) [PSYoungGen: 26245591K->729571K(26355712K)] 27383566K->1868050K(29501440K), 0.1041420 secs] [Times: user=5.40 sys=0.00, real=0.11 secs] 
4562.683: [GC (Allocation Failure) [PSYoungGen: 26178019K->756835K(26355712K)] 27316498K->1895898K(29501440K), 0.1123321 secs] [Times: user=5.44 sys=0.01, real=0.11 secs] 
4567.072: [GC (Allocation Failure) [PSYoungGen: 26205283K->718982K(26355712K)] 27344346K->1858549K(29501440K), 0.1011036 secs] [Times: user=5.15 sys=0.02, real=0.11 secs] 
4571.595: [GC (Allocation Failure) [PSYoungGen: 26167430K->684695K(26355712K)] 27306997K->1824766K(29501440K), 0.1025441 secs] [Times: user=5.16 sys=0.00, real=0.10 secs] 
4576.171: [GC (Allocation Failure) [PSYoungGen: 26133143K->742050K(26355712K)] 27273214K->1882681K(29501440K), 0.1102291 secs] [Times: user=5.47 sys=0.01, real=0.11 secs] 
4580.681: [GC (Allocation Failure) [PSYoungGen: 26190498K->705094K(26355712K)] 27331129K->1846213K(29501440K), 0.1049924 secs] [Times: user=5.11 sys=0.01, real=0.11 secs] 
4585.159: [GC (Allocation Failure) [PSYoungGen: 26153542K->750267K(26355712K)] 27294661K->1891906K(29501440K), 0.1044857 secs] [Times: user=5.53 sys=0.01, real=0.11 secs] 
4589.973: [GC (Allocation Failure) [PSYoungGen: 26198715K->807733K(26355712K)] 27340354K->1949932K(29501440K), 0.1121163 secs] [Times: user=5.77 sys=0.00, real=0.11 secs] 
4594.424: [GC (Allocation Failure) [PSYoungGen: 26256181K->707860K(26355712K)] 27398380K->1850571K(29501440K), 0.1008706 secs] [Times: user=5.27 sys=0.01, real=0.10 secs] 
4599.098: [GC (Allocation Failure) [PSYoungGen: 26156308K->712007K(26355712K)] 27299019K->1855214K(29501440K), 0.1019863 secs] [Times: user=5.10 sys=0.01, real=0.10 secs] 
4603.833: [GC (Allocation Failure) [PSYoungGen: 26160455K->740188K(26355712K)] 27303662K->1883907K(29501440K), 0.1030932 secs] [Times: user=5.36 sys=0.00, real=0.10 secs] 
4608.294: [GC (Allocation Failure) [PSYoungGen: 26188636K->761401K(26355712K)] 27332355K->1905633K(29501440K), 0.1081398 secs] [Times: user=5.59 sys=0.00, real=0.10 secs] 
4612.882: [GC (Allocation Failure) [PSYoungGen: 26209849K->732136K(26355712K)] 27354081K->1876887K(29501440K), 0.1065161 secs] [Times: user=5.35 sys=0.01, real=0.11 secs] 
4617.465: [GC (GCLocker Initiated GC) [PSYoungGen: 26180584K->770527K(26355712K)] 27328183K->1918662K(29501440K), 0.1086769 secs] [Times: user=5.64 sys=0.01, real=0.11 secs] 
4621.942: [GC (Allocation Failure) [PSYoungGen: 26218975K->701100K(26355712K)] 27367114K->1849767K(29501440K), 0.1040470 secs] [Times: user=5.23 sys=0.00, real=0.11 secs] 
4626.476: [GC (Allocation Failure) [PSYoungGen: 26149548K->806101K(26355712K)] 27298215K->1955280K(29501440K), 0.1101617 secs] [Times: user=5.75 sys=0.02, real=0.11 secs] 
4630.955: [GC (Allocation Failure) [PSYoungGen: 26254549K->708764K(26355712K)] 27403728K->1858479K(29501440K), 0.1076970 secs] [Times: user=5.37 sys=0.02, real=0.11 secs] 
4635.505: [GC (Allocation Failure) [PSYoungGen: 26157212K->760700K(26355712K)] 27306927K->1910920K(29501440K), 0.1070136 secs] [Times: user=5.26 sys=0.00, real=0.10 secs] 
4639.985: [GC (Allocation Failure) [PSYoungGen: 26209148K->712604K(26355712K)] 27359368K->1863327K(29501440K), 0.1053264 secs] [Times: user=5.13 sys=0.01, real=0.10 secs] 
4644.604: [GC (Allocation Failure) [PSYoungGen: 26161052K->776736K(26355712K)] 27311775K->1927988K(29501440K), 0.1072419 secs] [Times: user=5.43 sys=0.01, real=0.10 secs] 
4649.079: [GC (Allocation Failure) [PSYoungGen: 26225184K->748115K(26355712K)] 27376436K->1899926K(29501440K), 0.1055235 secs] [Times: user=5.37 sys=0.01, real=0.11 secs] 
4653.648: [GC (Allocation Failure) [PSYoungGen: 26196563K->766937K(26355712K)] 27348374K->1919236K(29501440K), 0.1074185 secs] [Times: user=5.63 sys=0.00, real=0.11 secs] 
4658.066: [GC (Allocation Failure) [PSYoungGen: 26215385K->768184K(26355712K)] 27367684K->1921011K(29501440K), 0.1079595 secs] [Times: user=5.53 sys=0.01, real=0.11 secs] 
4662.551: [GC (Allocation Failure) [PSYoungGen: 26216632K->841360K(26355712K)] 27369459K->1994683K(29501440K), 0.1104919 secs] [Times: user=5.84 sys=0.00, real=0.11 secs] 
4666.975: [GC (Allocation Failure) [PSYoungGen: 26289808K->718101K(26355712K)] 27443131K->1871936K(29501440K), 0.1000226 secs] [Times: user=5.29 sys=0.00, real=0.10 secs] 
4671.702: [GC (Allocation Failure) [PSYoungGen: 26166549K->794469K(26355712K)] 27320384K->1948912K(29501440K), 0.1128932 secs] [Times: user=5.52 sys=0.00, real=0.12 secs] 
4676.019: [GC (Allocation Failure) [PSYoungGen: 26242917K->696780K(26355712K)] 27397360K->1851736K(29501440K), 0.1037288 secs] [Times: user=5.20 sys=0.00, real=0.11 secs] 
4680.730: [GC (Allocation Failure) [PSYoungGen: 26145228K->728651K(26355712K)] 27300184K->1885038K(29501440K), 0.1037476 secs] [Times: user=5.30 sys=0.00, real=0.11 secs] 
4685.268: [GC (Allocation Failure) [PSYoungGen: 26177099K->778793K(26355712K)] 27333486K->1951956K(29501440K), 0.1090777 secs] [Times: user=5.68 sys=0.00, real=0.11 secs] 
4689.652: [GC (Allocation Failure) [PSYoungGen: 26227241K->726018K(26355712K)] 27400404K->1899805K(29501440K), 0.1075443 secs] [Times: user=5.29 sys=0.01, real=0.11 secs] 
4694.132: [GC (Allocation Failure) [PSYoungGen: 26174466K->798679K(26355712K)] 27348253K->1972979K(29501440K), 0.1128192 secs] [Times: user=5.66 sys=0.01, real=0.12 secs] 
4698.763: [GC (Allocation Failure) [PSYoungGen: 26247127K->735910K(26355712K)] 27421427K->1910730K(29501440K), 0.1029821 secs] [Times: user=5.38 sys=0.01, real=0.10 secs] 
4703.079: [GC (Allocation Failure) [PSYoungGen: 26184358K->748922K(26355712K)] 27359178K->1924262K(29501440K), 0.1065218 secs] [Times: user=5.39 sys=0.00, real=0.11 secs] 
4707.533: [GC (Allocation Failure) [PSYoungGen: 26197370K->834763K(26355712K)] 27372710K->2010662K(29501440K), 0.1139449 secs] [Times: user=5.85 sys=0.01, real=0.11 secs] 
4711.955: [GC (Allocation Failure) [PSYoungGen: 26283211K->773665K(26355712K)] 27459110K->1950101K(29501440K), 0.1090527 secs] [Times: user=5.66 sys=0.01, real=0.11 secs] 
4716.325: [GC (Allocation Failure) [PSYoungGen: 26222113K->754580K(26355712K)] 27398549K->1931520K(29501440K), 0.1066371 secs] [Times: user=5.54 sys=0.01, real=0.10 secs] 
4720.827: [GC (Allocation Failure) [PSYoungGen: 26203028K->733248K(26355712K)] 27379968K->1911292K(29501440K), 0.1062641 secs] [Times: user=5.32 sys=0.01, real=0.11 secs] 
4725.455: [GC (Allocation Failure) [PSYoungGen: 26181696K->750113K(26355712K)] 27359740K->1928661K(29501440K), 0.1058274 secs] [Times: user=5.48 sys=0.00, real=0.10 secs] 
4729.949: [GC (Allocation Failure) [PSYoungGen: 26198561K->770985K(26355712K)] 27377109K->1950029K(29501440K), 0.1103531 secs] [Times: user=5.49 sys=0.01, real=0.11 secs] 
4734.543: [GC (Allocation Failure) [PSYoungGen: 26219433K->747733K(26355712K)] 27398477K->1927345K(29501440K), 0.1056309 secs] [Times: user=5.25 sys=0.00, real=0.10 secs] 
4738.963: [GC (Allocation Failure) [PSYoungGen: 26196181K->804333K(26355712K)] 27375793K->1984457K(29501440K), 0.1109633 secs] [Times: user=5.85 sys=0.00, real=0.12 secs] 
4743.382: [GC (Allocation Failure) [PSYoungGen: 26252781K->788636K(26355712K)] 27432905K->1969320K(29501440K), 0.1092582 secs] [Times: user=5.60 sys=0.01, real=0.11 secs] 
4747.910: [GC (Allocation Failure) [PSYoungGen: 26237084K->760029K(26355712K)] 27417768K->1941241K(29501440K), 0.1082002 secs] [Times: user=5.50 sys=0.02, real=0.11 secs] 
4752.237: [GC (Allocation Failure) [PSYoungGen: 26208477K->754281K(26355712K)] 27389689K->1935996K(29501440K), 0.1109047 secs] [Times: user=5.47 sys=0.01, real=0.11 secs] 
4756.647: [GC (Allocation Failure) [PSYoungGen: 26202729K->722967K(26355712K)] 27384444K->1905195K(29501440K), 0.1046162 secs] [Times: user=5.46 sys=0.02, real=0.10 secs] 
4761.042: [GC (Allocation Failure) [PSYoungGen: 26171415K->773977K(26355712K)] 27353643K->1956701K(29501440K), 0.1086664 secs] [Times: user=5.47 sys=0.01, real=0.11 secs] 
4765.535: [GC (Allocation Failure) [PSYoungGen: 26222425K->767972K(26355712K)] 27405149K->1951248K(29501440K), 0.1082197 secs] [Times: user=5.43 sys=0.01, real=0.11 secs] 
4769.838: [GC (Allocation Failure) [PSYoungGen: 26216420K->716827K(26355712K)] 27399696K->1900638K(29501440K), 0.1006280 secs] [Times: user=5.23 sys=0.01, real=0.10 secs] 
4774.175: [GC (Allocation Failure) [PSYoungGen: 26165275K->791336K(26355712K)] 27349086K->1975644K(29501440K), 0.1092104 secs] [Times: user=5.77 sys=0.00, real=0.11 secs] 
4778.575: [GC (Allocation Failure) [PSYoungGen: 26239784K->796300K(26355712K)] 27424092K->1981128K(29501440K), 0.1125087 secs] [Times: user=5.72 sys=0.00, real=0.11 secs] 
4782.968: [GC (Allocation Failure) [PSYoungGen: 26244748K->782119K(26355712K)] 27429576K->1967555K(29501440K), 0.1078451 secs] [Times: user=5.51 sys=0.00, real=0.11 secs] 
4787.209: [GC (Allocation Failure) [PSYoungGen: 26230567K->745161K(26355712K)] 27416003K->1931180K(29501440K), 0.1057763 secs] [Times: user=5.39 sys=0.00, real=0.11 secs] 
4791.708: [GC (Allocation Failure) [PSYoungGen: 26193609K->765211K(26355712K)] 27379628K->1951727K(29501440K), 0.1048599 secs] [Times: user=5.48 sys=0.01, real=0.11 secs] 
4796.053: [GC (Allocation Failure) [PSYoungGen: 26213659K->814858K(26355712K)] 27400175K->2001901K(29501440K), 0.1133343 secs] [Times: user=5.75 sys=0.00, real=0.12 secs] 
4800.346: [GC (Allocation Failure) [PSYoungGen: 26263306K->811060K(26355712K)] 27450349K->1998608K(29501440K), 0.1107799 secs] [Times: user=5.67 sys=0.01, real=0.11 secs] 
4804.756: [GC (Allocation Failure) [PSYoungGen: 26259508K->714272K(26355712K)] 27447056K->1902324K(29501440K), 0.1058093 secs] [Times: user=5.32 sys=0.00, real=0.10 secs] 
4809.330: [GC (Allocation Failure) [PSYoungGen: 26162720K->907240K(26355712K)] 27350772K->2109508K(29501440K), 0.1212175 secs] [Times: user=6.49 sys=0.01, real=0.12 secs] 
4813.453: [GC (Allocation Failure) [PSYoungGen: 26355688K->768454K(26355712K)] 27557956K->1971802K(29501440K), 0.1061637 secs] [Times: user=5.27 sys=0.00, real=0.10 secs] 
4817.905: [GC (Allocation Failure) [PSYoungGen: 26216902K->729249K(26355712K)] 27420250K->1933092K(29501440K), 0.1041751 secs] [Times: user=5.06 sys=0.01, real=0.10 secs] 
4822.199: [GC (Allocation Failure) [PSYoungGen: 26177697K->777300K(26355712K)] 27381540K->1981672K(29501440K), 0.1097354 secs] [Times: user=5.58 sys=0.01, real=0.11 secs] 
4826.525: [GC (Allocation Failure) [PSYoungGen: 26225748K->768942K(26355712K)] 27430120K->1973905K(29501440K), 0.1064042 secs] [Times: user=5.38 sys=0.01, real=0.10 secs] 
4830.912: [GC (Allocation Failure) [PSYoungGen: 26217390K->723369K(26355712K)] 27422353K->1928821K(29501440K), 0.1054237 secs] [Times: user=5.27 sys=0.01, real=0.11 secs] 
4835.413: [GC (Allocation Failure) [PSYoungGen: 26171817K->796792K(26355712K)] 27377269K->2002795K(29501440K), 0.1089655 secs] [Times: user=5.38 sys=0.00, real=0.11 secs] 
4839.801: [GC (Allocation Failure) [PSYoungGen: 26245240K->688938K(26355712K)] 27451243K->1895462K(29501440K), 0.0985946 secs] [Times: user=5.17 sys=0.00, real=0.10 secs] 
4844.043: [GC (Allocation Failure) [PSYoungGen: 26137386K->815235K(26355712K)] 27343910K->2022263K(29501440K), 0.1097046 secs] [Times: user=5.78 sys=0.01, real=0.11 secs] 
4848.411: [GC (Allocation Failure) [PSYoungGen: 26263683K->817905K(26355712K)] 27470711K->2025445K(29501440K), 0.1113042 secs] [Times: user=5.81 sys=0.01, real=0.11 secs] 
4852.941: [GC (Allocation Failure) [PSYoungGen: 26266353K->802087K(26355712K)] 27473893K->2010163K(29501440K), 0.1131193 secs] [Times: user=5.76 sys=0.00, real=0.12 secs] 
4857.797: [GC (Allocation Failure) [PSYoungGen: 26250535K->907259K(26355712K)] 27458611K->2131311K(29501440K), 0.1265203 secs] [Times: user=6.49 sys=0.00, real=0.13 secs] 
4861.592: [GC (Allocation Failure) [PSYoungGen: 26355707K->751245K(26355712K)] 27579759K->1975793K(29501440K), 0.1052666 secs] [Times: user=5.33 sys=0.01, real=0.11 secs] 
4865.951: [GC (Allocation Failure) [PSYoungGen: 26199693K->856776K(26355712K)] 27424241K->2081828K(29501440K), 0.1175057 secs] [Times: user=6.00 sys=0.01, real=0.12 secs] 
4870.132: [GC (Allocation Failure) [PSYoungGen: 26305224K->713666K(26355712K)] 27530276K->1939278K(29501440K), 0.1025968 secs] [Times: user=5.13 sys=0.01, real=0.11 secs] 
4874.420: [GC (Allocation Failure) [PSYoungGen: 26162114K->708064K(26355712K)] 27387726K->1934380K(29501440K), 0.1024658 secs] [Times: user=5.27 sys=0.00, real=0.11 secs] 
4878.710: [GC (Allocation Failure) [PSYoungGen: 26156512K->720943K(26355712K)] 27382828K->1947787K(29501440K), 0.1031589 secs] [Times: user=5.22 sys=0.01, real=0.11 secs] 
4882.937: [GC (Allocation Failure) [PSYoungGen: 26169391K->757806K(26355712K)] 27396235K->1985154K(29501440K), 0.1054999 secs] [Times: user=5.50 sys=0.01, real=0.11 secs] 
4887.307: [GC (Allocation Failure) [PSYoungGen: 26206254K->799381K(26355712K)] 27433602K->2027233K(29501440K), 0.1092073 secs] [Times: user=5.78 sys=0.01, real=0.11 secs] 
4891.567: [GC (Allocation Failure) [PSYoungGen: 26247829K->729793K(26355712K)] 27475681K->1958205K(29501440K), 0.1079191 secs] [Times: user=5.23 sys=0.00, real=0.11 secs] 
4896.027: [GC (Allocation Failure) [PSYoungGen: 26178241K->823579K(26355712K)] 27406653K->2052510K(29501440K), 0.1125804 secs] [Times: user=5.96 sys=0.00, real=0.11 secs] 
4900.406: [GC (Allocation Failure) [PSYoungGen: 26272027K->829650K(26355712K)] 27500958K->2059166K(29501440K), 0.1119702 secs] [Times: user=5.88 sys=0.01, real=0.11 secs] 
4904.528: [GC (Allocation Failure) [PSYoungGen: 26278098K->846312K(26355712K)] 27507614K->2076428K(29501440K), 0.1166888 secs] [Times: user=5.98 sys=0.00, real=0.12 secs] 
4908.826: [GC (Allocation Failure) [PSYoungGen: 26294760K->721630K(26355712K)] 27524876K->1952201K(29501440K), 0.1124568 secs] [Times: user=5.20 sys=0.01, real=0.11 secs] 
4913.163: [GC (Allocation Failure) [PSYoungGen: 26170078K->769624K(26355712K)] 27400649K->2000692K(29501440K), 0.1073447 secs] [Times: user=5.53 sys=0.00, real=0.10 secs] 
4917.420: [GC (Allocation Failure) [PSYoungGen: 26218072K->852032K(26355712K)] 27449140K->2083684K(29501440K), 0.1168837 secs] [Times: user=5.87 sys=0.00, real=0.12 secs] 
4921.621: [GC (Allocation Failure) [PSYoungGen: 26300480K->842930K(26355712K)] 27532132K->2075302K(29501440K), 0.1146934 secs] [Times: user=6.03 sys=0.00, real=0.12 secs] 
4925.857: [GC (Allocation Failure) [PSYoungGen: 26291378K->728358K(26355712K)] 27523750K->1961298K(29501440K), 0.1092488 secs] [Times: user=5.38 sys=0.01, real=0.11 secs] 
4930.166: [GC (Allocation Failure) [PSYoungGen: 26176806K->775305K(26355712K)] 27409746K->2008789K(29501440K), 0.1096937 secs] [Times: user=5.67 sys=0.01, real=0.11 secs] 
4934.364: [GC (Allocation Failure) [PSYoungGen: 26223753K->751426K(26355712K)] 27457237K->1985478K(29501440K), 0.1059726 secs] [Times: user=5.37 sys=0.00, real=0.10 secs] 
4938.524: [GC (Allocation Failure) [PSYoungGen: 26199874K->850734K(26355712K)] 27433926K->2085290K(29501440K), 0.1170630 secs] [Times: user=5.96 sys=0.01, real=0.11 secs] 
4942.859: [GC (Allocation Failure) [PSYoungGen: 26299182K->770527K(26355712K)] 27533738K->2005691K(29501440K), 0.1083519 secs] [Times: user=5.53 sys=0.01, real=0.11 secs] 
4947.158: [GC (Allocation Failure) [PSYoungGen: 26218975K->737760K(26355712K)] 27454139K->1973491K(29501440K), 0.1085131 secs] [Times: user=5.40 sys=0.01, real=0.11 secs] 
4951.596: [GC (Allocation Failure) [PSYoungGen: 26186208K->845201K(26355712K)] 27421939K->2081420K(29501440K), 0.1153269 secs] [Times: user=6.15 sys=0.00, real=0.11 secs] 
4955.618: [GC (Allocation Failure) [PSYoungGen: 26293649K->687819K(26355712K)] 27529868K->1924535K(29501440K), 0.1019884 secs] [Times: user=5.05 sys=0.02, real=0.10 secs] 
4960.005: [GC (Allocation Failure) [PSYoungGen: 26136267K->753239K(26355712K)] 27372983K->1990515K(29501440K), 0.1065917 secs] [Times: user=5.50 sys=0.01, real=0.10 secs] 
4964.372: [GC (Allocation Failure) [PSYoungGen: 26201687K->812274K(26355712K)] 27438963K->2050054K(29501440K), 0.1100642 secs] [Times: user=5.59 sys=0.00, real=0.11 secs] 
4968.534: [GC (Allocation Failure) [PSYoungGen: 26260722K->889995K(26355712K)] 27498502K->2128286K(29501440K), 0.1172078 secs] [Times: user=6.19 sys=0.01, real=0.11 secs] 
4972.700: [GC (Allocation Failure) [PSYoungGen: 26338443K->719978K(26355712K)] 27576734K->1958814K(29501440K), 0.1010518 secs] [Times: user=5.31 sys=0.00, real=0.10 secs] 
4976.908: [GC (Allocation Failure) [PSYoungGen: 26168426K->764771K(26355712K)] 27407262K->2004095K(29501440K), 0.1057899 secs] [Times: user=5.51 sys=0.00, real=0.11 secs] 
4981.373: [GC (Allocation Failure) [PSYoungGen: 26213219K->846161K(26355712K)] 27452543K->2085997K(29501440K), 0.1136752 secs] [Times: user=5.93 sys=0.00, real=0.11 secs] 
4985.466: [GC (Allocation Failure) [PSYoungGen: 26294609K->802189K(26355712K)] 27534445K->2042585K(29501440K), 0.1130400 secs] [Times: user=5.82 sys=0.01, real=0.11 secs] 
4989.727: [GC (Allocation Failure) [PSYoungGen: 26250637K->778521K(26355712K)] 27491033K->2019445K(29501440K), 0.1083809 secs] [Times: user=5.43 sys=0.01, real=0.11 secs] 
4994.011: [GC (Allocation Failure) [PSYoungGen: 26226969K->764532K(26355712K)] 27467893K->2005960K(29501440K), 0.1067549 secs] [Times: user=5.31 sys=0.01, real=0.11 secs] 
4998.158: [GC (Allocation Failure) [PSYoungGen: 26212980K->783409K(26355712K)] 27454408K->2025341K(29501440K), 0.1149605 secs] [Times: user=5.72 sys=0.01, real=0.12 secs] 
5002.333: [GC (Allocation Failure) [PSYoungGen: 26231857K->761846K(26355712K)] 27473789K->2004282K(29501440K), 0.1054005 secs] [Times: user=5.51 sys=0.01, real=0.10 secs] 
5006.486: [GC (Allocation Failure) [PSYoungGen: 26210294K->770548K(26355712K)] 27452730K->2013527K(29501440K), 0.1102440 secs] [Times: user=5.57 sys=0.01, real=0.11 secs] 
5010.477: [GC (Allocation Failure) [PSYoungGen: 26218996K->735871K(26355712K)] 27461975K->1979355K(29501440K), 0.1047092 secs] [Times: user=5.45 sys=0.01, real=0.10 secs] 
5014.786: [GC (Allocation Failure) [PSYoungGen: 26184319K->833189K(26355712K)] 27427803K->2077208K(29501440K), 0.1146607 secs] [Times: user=5.96 sys=0.00, real=0.11 secs] 
5018.916: [GC (Allocation Failure) [PSYoungGen: 26281637K->816835K(26355712K)] 27525656K->2061439K(29501440K), 0.1161844 secs] [Times: user=5.79 sys=0.01, real=0.11 secs] 
5023.268: [GC (Allocation Failure) [PSYoungGen: 26265283K->847259K(26355712K)] 27509887K->2092423K(29501440K), 0.1163134 secs] [Times: user=6.03 sys=0.00, real=0.12 secs] 
5027.373: [GC (Allocation Failure) [PSYoungGen: 26295707K->787843K(26355712K)] 27540871K->2033511K(29501440K), 0.1124649 secs] [Times: user=5.61 sys=0.00, real=0.11 secs] 
5031.394: [GC (Allocation Failure) [PSYoungGen: 26236291K->763856K(26355712K)] 27481959K->2010019K(29501440K), 0.1089185 secs] [Times: user=5.43 sys=0.01, real=0.11 secs] 
5035.756: [GC (Allocation Failure) [PSYoungGen: 26212304K->753141K(26355712K)] 27458467K->1999825K(29501440K), 0.1080546 secs] [Times: user=5.61 sys=0.00, real=0.11 secs] 
5039.993: [GC (Allocation Failure) [PSYoungGen: 26201589K->895638K(26355712K)] 27448273K->2142866K(29501440K), 0.1236219 secs] [Times: user=6.18 sys=0.01, real=0.12 secs] 
5044.109: [GC (Allocation Failure) [PSYoungGen: 26344086K->746869K(26355712K)] 27591314K->1994593K(29501440K), 0.1059119 secs] [Times: user=5.56 sys=0.01, real=0.11 secs] 
5048.255: [GC (Allocation Failure) [PSYoungGen: 26195317K->771004K(26355712K)] 27443041K->2019232K(29501440K), 0.1080682 secs] [Times: user=5.74 sys=0.01, real=0.11 secs] 
5052.436: [GC (Allocation Failure) [PSYoungGen: 26219452K->784097K(26355712K)] 27467680K->2032909K(29501440K), 0.1098589 secs] [Times: user=5.53 sys=0.01, real=0.11 secs] 
5056.675: [GC (Allocation Failure) [PSYoungGen: 26232545K->730314K(26355712K)] 27481357K->1979622K(29501440K), 0.1056455 secs] [Times: user=5.32 sys=0.01, real=0.10 secs] 
5060.978: [GC (Allocation Failure) [PSYoungGen: 26178762K->746890K(26355712K)] 27428070K->1996718K(29501440K), 0.1057840 secs] [Times: user=5.32 sys=0.01, real=0.11 secs] 
5065.110: [GC (Allocation Failure) [PSYoungGen: 26195338K->704053K(26355712K)] 27445166K->1954393K(29501440K), 0.1020369 secs] [Times: user=5.34 sys=0.01, real=0.10 secs] 
5069.217: [GC (Allocation Failure) [PSYoungGen: 26152501K->797242K(26355712K)] 27402841K->2048094K(29501440K), 0.1147358 secs] [Times: user=5.84 sys=0.01, real=0.11 secs] 
5073.475: [GC (Allocation Failure) [PSYoungGen: 26245690K->859598K(26355712K)] 27496542K->2110970K(29501440K), 0.1162286 secs] [Times: user=5.87 sys=0.00, real=0.11 secs] 
5077.473: [GC (Allocation Failure) [PSYoungGen: 26308046K->802018K(26355712K)] 27559418K->2053958K(29501440K), 0.1125259 secs] [Times: user=5.85 sys=0.01, real=0.11 secs] 
5081.486: [GC (Allocation Failure) [PSYoungGen: 26250466K->813512K(26355712K)] 27502406K->2065972K(29501440K), 0.1130256 secs] [Times: user=5.77 sys=0.00, real=0.11 secs] 
5085.604: [GC (Allocation Failure) [PSYoungGen: 26261960K->866723K(26355712K)] 27514420K->2119711K(29501440K), 0.1150937 secs] [Times: user=5.81 sys=0.00, real=0.11 secs] 
5089.733: [GC (Allocation Failure) [PSYoungGen: 26315171K->809602K(26355712K)] 27568159K->2063102K(29501440K), 0.1087836 secs] [Times: user=5.71 sys=0.00, real=0.11 secs] 
5093.821: [GC (Allocation Failure) [PSYoungGen: 26258050K->740629K(26355712K)] 27511550K->1994625K(29501440K), 0.1033798 secs] [Times: user=5.48 sys=0.00, real=0.11 secs] 
5097.981: [GC (Allocation Failure) [PSYoungGen: 26189077K->749158K(26355712K)] 27443073K->2003682K(29501440K), 0.1084949 secs] [Times: user=5.50 sys=0.01, real=0.11 secs] 
5102.208: [GC (Allocation Failure) [PSYoungGen: 26197606K->768465K(26355712K)] 27452130K->2023573K(29501440K), 0.1078680 secs] [Times: user=5.45 sys=0.01, real=0.11 secs] 
5106.262: [GC (Allocation Failure) [PSYoungGen: 26216913K->765677K(26355712K)] 27472021K->2021321K(29501440K), 0.1087704 secs] [Times: user=5.74 sys=0.01, real=0.11 secs] 
5110.506: [GC (Allocation Failure) [PSYoungGen: 26214125K->780707K(26355712K)] 27469769K->2036847K(29501440K), 0.1095394 secs] [Times: user=5.82 sys=0.01, real=0.11 secs] 
5114.602: [GC (Allocation Failure) [PSYoungGen: 26229155K->758673K(26355712K)] 27485295K->2015421K(29501440K), 0.1042944 secs] [Times: user=5.36 sys=0.00, real=0.11 secs] 
5118.863: [GC (Allocation Failure) [PSYoungGen: 26207121K->784804K(26355712K)] 27463869K->2042072K(29501440K), 0.1124269 secs] [Times: user=5.38 sys=0.01, real=0.11 secs] 
5122.890: [GC (Allocation Failure) [PSYoungGen: 26233252K->731967K(26355712K)] 27490520K->1989739K(29501440K), 0.1048914 secs] [Times: user=5.51 sys=0.00, real=0.11 secs] 
5127.069: [GC (Allocation Failure) [PSYoungGen: 26180415K->745151K(26355712K)] 27438187K->2003451K(29501440K), 0.1051866 secs] [Times: user=5.24 sys=0.01, real=0.11 secs] 
5131.072: [GC (Allocation Failure) [PSYoungGen: 26193599K->747095K(26355712K)] 27451899K->2005915K(29501440K), 0.1061715 secs] [Times: user=5.44 sys=0.00, real=0.11 secs] 
5135.329: [GC (Allocation Failure) [PSYoungGen: 26195543K->752704K(26355712K)] 27454363K->2012020K(29501440K), 0.1100612 secs] [Times: user=5.43 sys=0.00, real=0.11 secs] 
5139.377: [GC (Allocation Failure) [PSYoungGen: 26201152K->764989K(26355712K)] 27460468K->2024841K(29501440K), 0.1068191 secs] [Times: user=5.61 sys=0.01, real=0.11 secs] 
5143.425: [GC (Allocation Failure) [PSYoungGen: 26213437K->840020K(26355712K)] 27473289K->2100408K(29501440K), 0.1143397 secs] [Times: user=6.02 sys=0.00, real=0.11 secs] 
5147.377: [GC (Allocation Failure) [PSYoungGen: 26288468K->803934K(26355712K)] 27548856K->2064834K(29501440K), 0.1144661 secs] [Times: user=5.82 sys=0.01, real=0.11 secs] 
5151.540: [GC (Allocation Failure) [PSYoungGen: 26252382K->854796K(26355712K)] 27513282K->2116224K(29501440K), 0.1160231 secs] [Times: user=6.04 sys=0.01, real=0.12 secs] 
5155.620: [GC (Allocation Failure) [PSYoungGen: 26303244K->901118K(26355712K)] 27564672K->2163049K(29501440K), 0.1212433 secs] [Times: user=6.20 sys=0.00, real=0.12 secs] 
5159.692: [GC (Allocation Failure) [PSYoungGen: 26349566K->864114K(26355712K)] 27611497K->2126606K(29501440K), 0.1176835 secs] [Times: user=5.98 sys=0.00, real=0.12 secs] 
5163.763: [GC (Allocation Failure) [PSYoungGen: 26312562K->736248K(26355712K)] 27575054K->1999228K(29501440K), 0.1049169 secs] [Times: user=5.47 sys=0.01, real=0.11 secs] 
5167.906: [GC (Allocation Failure) [PSYoungGen: 26184696K->830437K(26355712K)] 27447676K->2093912K(29501440K), 0.1184663 secs] [Times: user=5.77 sys=0.01, real=0.12 secs] 
5171.874: [GC (Allocation Failure) [PSYoungGen: 26278885K->768534K(26355712K)] 27542360K->2032546K(29501440K), 0.1097419 secs] [Times: user=5.55 sys=0.01, real=0.11 secs] 
5175.935: [GC (Allocation Failure) [PSYoungGen: 26216982K->777748K(26355712K)] 27480994K->2042280K(29501440K), 0.1078980 secs] [Times: user=5.61 sys=0.00, real=0.11 secs] 
5180.000: [GC (Allocation Failure) [PSYoungGen: 26226196K->763988K(26355712K)] 27490728K->2029024K(29501440K), 0.1091986 secs] [Times: user=5.50 sys=0.00, real=0.11 secs] 
5183.933: [GC (Allocation Failure) [PSYoungGen: 26212436K->797590K(26355712K)] 27477472K->2063137K(29501440K), 0.1120451 secs] [Times: user=5.84 sys=0.01, real=0.11 secs] 
5188.032: [GC (Allocation Failure) [PSYoungGen: 26246038K->735897K(26355712K)] 27511585K->2001941K(29501440K), 0.1062266 secs] [Times: user=5.41 sys=0.01, real=0.11 secs] 
5192.251: [GC (Allocation Failure) [PSYoungGen: 26184345K->799449K(26355712K)] 27450389K->2066005K(29501440K), 0.1086368 secs] [Times: user=5.62 sys=0.01, real=0.11 secs] 
5196.227: [GC (Allocation Failure) [PSYoungGen: 26247897K->770398K(26355712K)] 27514453K->2037466K(29501440K), 0.1086435 secs] [Times: user=5.59 sys=0.00, real=0.11 secs] 
5200.210: [GC (Allocation Failure) [PSYoungGen: 26218846K->823430K(26355712K)] 27485914K->2091002K(29501440K), 0.1115254 secs] [Times: user=5.68 sys=0.00, real=0.11 secs] 
5204.263: [GC (Allocation Failure) [PSYoungGen: 26271878K->759100K(26355712K)] 27539450K->2027183K(29501440K), 0.1041143 secs] [Times: user=5.43 sys=0.01, real=0.10 secs] 
5208.536: [GC (Allocation Failure) [PSYoungGen: 26207548K->878465K(26355712K)] 27475631K->2147077K(29501440K), 0.1177404 secs] [Times: user=5.99 sys=0.02, real=0.12 secs] 
5212.327: [GC (Allocation Failure) [PSYoungGen: 26326913K->740897K(26355712K)] 27595525K->2010037K(29501440K), 0.1099961 secs] [Times: user=5.46 sys=0.01, real=0.11 secs] 
5216.342: [GC (Allocation Failure) [PSYoungGen: 26189345K->808225K(26355712K)] 27458485K->2077885K(29501440K), 0.1111745 secs] [Times: user=5.77 sys=0.01, real=0.12 secs] 
5220.513: [GC (Allocation Failure) [PSYoungGen: 26256673K->907259K(26355712K)] 27526333K->2267919K(29501440K), 0.1341560 secs] [Times: user=6.97 sys=0.01, real=0.13 secs] 
5224.389: [GC (Allocation Failure) [PSYoungGen: 26355707K->748496K(26355712K)] 27716367K->2109676K(29501440K), 0.0996300 secs] [Times: user=5.27 sys=0.00, real=0.10 secs] 
5228.225: [GC (Allocation Failure) [PSYoungGen: 26196944K->819990K(26355712K)] 27558124K->2181674K(29501440K), 0.1116781 secs] [Times: user=5.70 sys=0.01, real=0.11 secs] 
5232.309: [GC (Allocation Failure) [PSYoungGen: 26268438K->822091K(26355712K)] 27630122K->2184287K(29501440K), 0.1118205 secs] [Times: user=5.68 sys=0.01, real=0.11 secs] 
5236.363: [GC (Allocation Failure) [PSYoungGen: 26270539K->864519K(26355712K)] 27632735K->2227227K(29501440K), 0.1153141 secs] [Times: user=6.13 sys=0.01, real=0.11 secs] 
5240.348: [GC (Allocation Failure) [PSYoungGen: 26312967K->881943K(26355712K)] 27675675K->2245235K(29501440K), 0.1216141 secs] [Times: user=6.08 sys=0.01, real=0.12 secs] 
5244.532: [GC (Allocation Failure) [PSYoungGen: 26330391K->907245K(26355712K)] 27693683K->2365337K(29501440K), 0.1461521 secs] [Times: user=7.69 sys=0.00, real=0.15 secs] 
5248.478: [GC (Allocation Failure) [PSYoungGen: 26355693K->846643K(26355712K)] 27813785K->2305255K(29501440K), 0.1115004 secs] [Times: user=5.96 sys=0.00, real=0.11 secs] 
5252.493: [GC (Allocation Failure) [PSYoungGen: 26295091K->830882K(26355712K)] 27753703K->2290022K(29501440K), 0.1110283 secs] [Times: user=5.77 sys=0.01, real=0.11 secs] 
5256.375: [GC (Allocation Failure) [PSYoungGen: 26279330K->849447K(26355712K)] 27738470K->2309099K(29501440K), 0.1110691 secs] [Times: user=5.88 sys=0.01, real=0.11 secs] 
5260.353: [GC (Allocation Failure) [PSYoungGen: 26297895K->870401K(26355712K)] 27757547K->2330557K(29501440K), 0.1125780 secs] [Times: user=6.08 sys=0.00, real=0.11 secs] 
5264.373: [GC (Allocation Failure) [PSYoungGen: 26318849K->780161K(26355712K)] 27779005K->2240853K(29501440K), 0.1105925 secs] [Times: user=5.53 sys=0.00, real=0.11 secs] 
5268.461: [GC (Allocation Failure) [PSYoungGen: 26228609K->770744K(26355712K)] 27689301K->2232004K(29501440K), 0.1178941 secs] [Times: user=5.71 sys=0.01, real=0.12 secs] 
5272.555: [GC (Allocation Failure) [PSYoungGen: 26219192K->852501K(26355712K)] 27680452K->2314321K(29501440K), 0.1162956 secs] [Times: user=5.92 sys=0.00, real=0.11 secs] 
5276.400: [GC (Allocation Failure) [PSYoungGen: 26300949K->797363K(26355712K)] 27762769K->2259695K(29501440K), 0.1126767 secs] [Times: user=5.63 sys=0.01, real=0.11 secs] 
5280.459: [GC (Allocation Failure) [PSYoungGen: 26245811K->841394K(26355712K)] 27708143K->2304470K(29501440K), 0.1151303 secs] [Times: user=5.86 sys=0.00, real=0.12 secs] 
5284.328: [GC (Allocation Failure) [PSYoungGen: 26289842K->720256K(26355712K)] 27752918K->2183836K(29501440K), 0.1043511 secs] [Times: user=5.22 sys=0.01, real=0.10 secs] 
5288.376: [GC (Allocation Failure) [PSYoungGen: 26168704K->903888K(26355712K)] 27632284K->2367988K(29501440K), 0.1227007 secs] [Times: user=6.37 sys=0.00, real=0.12 secs] 
5292.257: [GC (Allocation Failure) [PSYoungGen: 26352336K->757945K(26355712K)] 27816436K->2222557K(29501440K), 0.1062549 secs] [Times: user=5.56 sys=0.01, real=0.11 secs] 
5296.147: [GC (Allocation Failure) [PSYoungGen: 26206393K->770483K(26355712K)] 27671005K->2235599K(29501440K), 0.1060756 secs] [Times: user=5.52 sys=0.00, real=0.11 secs] 
5300.175: [GC (Allocation Failure) [PSYoungGen: 26218931K->844350K(26355712K)] 27684047K->2309977K(29501440K), 0.1174646 secs] [Times: user=5.98 sys=0.01, real=0.11 secs] 
5304.196: [GC (Allocation Failure) [PSYoungGen: 26292798K->807826K(26355712K)] 27758425K->2274174K(29501440K), 0.1150894 secs] [Times: user=5.87 sys=0.01, real=0.11 secs] 
5308.023: [GC (Allocation Failure) [PSYoungGen: 26256274K->805177K(26355712K)] 27722622K->2272053K(29501440K), 0.1108471 secs] [Times: user=5.74 sys=0.01, real=0.11 secs] 
5311.913: [GC (Allocation Failure) [PSYoungGen: 26253625K->764317K(26355712K)] 27720501K->2231729K(29501440K), 0.1066929 secs] [Times: user=5.37 sys=0.01, real=0.10 secs] 
5315.849: [GC (Allocation Failure) [PSYoungGen: 26212765K->758102K(26355712K)] 27680177K->2226034K(29501440K), 0.1063099 secs] [Times: user=5.41 sys=0.00, real=0.11 secs] 
5319.792: [GC (Allocation Failure) [PSYoungGen: 26206550K->822385K(26355712K)] 27674482K->2290908K(29501440K), 0.1149217 secs] [Times: user=5.81 sys=0.01, real=0.12 secs] 
5323.783: [GC (Allocation Failure) [PSYoungGen: 26270833K->800925K(26355712K)] 27739356K->2269953K(29501440K), 0.1198843 secs] [Times: user=6.19 sys=0.01, real=0.12 secs] 
5327.939: [GC (Allocation Failure) [PSYoungGen: 26249373K->733035K(26355712K)] 27718401K->2202623K(29501440K), 0.1109083 secs] [Times: user=5.36 sys=0.00, real=0.11 secs] 
5331.767: [GC (Allocation Failure) [PSYoungGen: 26181483K->884637K(26355712K)] 27651071K->2354737K(29501440K), 0.1179474 secs] [Times: user=6.22 sys=0.01, real=0.12 secs] 
5335.686: [GC (Allocation Failure) [PSYoungGen: 26333085K->830745K(26355712K)] 27803185K->2301429K(29501440K), 0.1152886 secs] [Times: user=5.80 sys=0.00, real=0.11 secs] 
5339.744: [GC (Allocation Failure) [PSYoungGen: 26279193K->907260K(26355712K)] 27749877K->2458031K(29501440K), 0.1402978 secs] [Times: user=6.92 sys=0.01, real=0.14 secs] 
5343.643: [GC (Allocation Failure) [PSYoungGen: 26355708K->907255K(26355712K)] 27906479K->2468162K(29501440K), 0.1200515 secs] [Times: user=6.29 sys=0.01, real=0.13 secs] 
5347.477: [GC (Allocation Failure) [PSYoungGen: 26355703K->891602K(26355712K)] 27916610K->2453022K(29501440K), 0.1173547 secs] [Times: user=6.21 sys=0.00, real=0.12 secs] 
5351.557: [GC (Allocation Failure) [PSYoungGen: 26340050K->820661K(26355712K)] 27901470K->2382593K(29501440K), 0.1104313 secs] [Times: user=5.80 sys=0.01, real=0.11 secs] 
5355.295: [GC (Allocation Failure) [PSYoungGen: 26269109K->777543K(26355712K)] 27831041K->2339987K(29501440K), 0.1107184 secs] [Times: user=5.70 sys=0.01, real=0.11 secs] 
5359.308: [GC (Allocation Failure) [PSYoungGen: 26225991K->732339K(26355712K)] 27788435K->2295295K(29501440K), 0.1083568 secs] [Times: user=5.31 sys=0.01, real=0.11 secs] 
5363.424: [GC (Allocation Failure) [PSYoungGen: 26180787K->785119K(26355712K)] 27743743K->2348875K(29501440K), 0.1130248 secs] [Times: user=5.38 sys=0.01, real=0.11 secs] 
5367.119: [GC (Allocation Failure) [PSYoungGen: 26233567K->798505K(26355712K)] 27797323K->2362853K(29501440K), 0.1116840 secs] [Times: user=5.77 sys=0.00, real=0.11 secs] 
5371.070: [GC (Allocation Failure) [PSYoungGen: 26246953K->829466K(26355712K)] 27811301K->2394358K(29501440K), 0.1116778 secs] [Times: user=5.72 sys=0.01, real=0.11 secs] 
5374.830: [GC (Allocation Failure) [PSYoungGen: 26277914K->779721K(26355712K)] 27842806K->2345109K(29501440K), 0.1147199 secs] [Times: user=5.85 sys=0.00, real=0.12 secs] 
5378.628: [GC (Allocation Failure) [PSYoungGen: 26228169K->879165K(26355712K)] 27793557K->2445073K(29501440K), 0.1194524 secs] [Times: user=6.27 sys=0.00, real=0.12 secs] 
5382.422: [GC (Allocation Failure) [PSYoungGen: 26327613K->796877K(26355712K)] 27893521K->2363313K(29501440K), 0.1141632 secs] [Times: user=5.74 sys=0.00, real=0.12 secs] 
5386.415: [GC (Allocation Failure) [PSYoungGen: 26245325K->830710K(26355712K)] 27811761K->2397666K(29501440K), 0.1182230 secs] [Times: user=5.84 sys=0.00, real=0.12 secs] 
5390.314: [GC (Allocation Failure) [PSYoungGen: 26279158K->793802K(26355712K)] 27846114K->2361294K(29501440K), 0.1121692 secs] [Times: user=5.76 sys=0.00, real=0.11 secs] 
5394.268: [GC (Allocation Failure) [PSYoungGen: 26242250K->907262K(26355712K)] 27809742K->2478114K(29501440K), 0.1219459 secs] [Times: user=6.32 sys=0.01, real=0.12 secs] 
5398.182: [GC (Allocation Failure) [PSYoungGen: 26355710K->791958K(26355712K)] 27926562K->2363586K(29501440K), 0.1087068 secs] [Times: user=5.54 sys=0.02, real=0.11 secs] 
5402.067: [GC (Allocation Failure) [PSYoungGen: 26240406K->779873K(26355712K)] 27812034K->2352277K(29501440K), 0.1059751 secs] [Times: user=5.47 sys=0.01, real=0.11 secs] 
5405.971: [GC (Allocation Failure) [PSYoungGen: 26228321K->768749K(26355712K)] 27800725K->2341657K(29501440K), 0.1060549 secs] [Times: user=5.44 sys=0.01, real=0.11 secs] 
5409.777: [GC (Allocation Failure) [PSYoungGen: 26217197K->847929K(26355712K)] 27790105K->2421373K(29501440K), 0.1171283 secs] [Times: user=5.80 sys=0.01, real=0.12 secs] 
5413.623: [GC (Allocation Failure) [PSYoungGen: 26296377K->876218K(26355712K)] 27869821K->2450158K(29501440K), 0.1200210 secs] [Times: user=6.08 sys=0.00, real=0.12 secs] 
5417.464: [GC (Allocation Failure) [PSYoungGen: 26324666K->804680K(26355712K)] 27898606K->2379140K(29501440K), 0.1121798 secs] [Times: user=5.72 sys=0.00, real=0.11 secs] 
5421.413: [GC (Allocation Failure) [PSYoungGen: 26253128K->885560K(26355712K)] 27827588K->2460532K(29501440K), 0.1202128 secs] [Times: user=6.01 sys=0.00, real=0.12 secs] 
5425.214: [GC (Allocation Failure) [PSYoungGen: 26334008K->830451K(26355712K)] 27908980K->2405935K(29501440K), 0.1140807 secs] [Times: user=5.95 sys=0.00, real=0.11 secs] 
5429.181: [GC (Allocation Failure) [PSYoungGen: 26278899K->824431K(26355712K)] 27854383K->2400411K(29501440K), 0.1128000 secs] [Times: user=5.79 sys=0.01, real=0.12 secs] 
5433.032: [GC (Allocation Failure) [PSYoungGen: 26272879K->778042K(26355712K)] 27848859K->2354534K(29501440K), 0.1113756 secs] [Times: user=5.57 sys=0.00, real=0.12 secs] 
5436.855: [GC (Allocation Failure) [PSYoungGen: 26226490K->813220K(26355712K)] 27802982K->2390272K(29501440K), 0.1169615 secs] [Times: user=5.79 sys=0.01, real=0.11 secs] 
5440.602: [GC (Allocation Failure) [PSYoungGen: 26261668K->884900K(26355712K)] 27838720K->2462456K(29501440K), 0.1206821 secs] [Times: user=6.22 sys=0.00, real=0.13 secs] 
5444.459: [GC (Allocation Failure) [PSYoungGen: 26333348K->838835K(26355712K)] 27910904K->2416887K(29501440K), 0.1137688 secs] [Times: user=5.91 sys=0.01, real=0.12 secs] 
5448.205: [GC (Allocation Failure) [PSYoungGen: 26287283K->894830K(26355712K)] 27865335K->2473386K(29501440K), 0.1225049 secs] [Times: user=6.32 sys=0.01, real=0.12 secs] 
5452.109: [GC (Allocation Failure) [PSYoungGen: 26343278K->820893K(26355712K)] 27921834K->2400265K(29501440K), 0.1131372 secs] [Times: user=5.75 sys=0.00, real=0.11 secs] 
5455.880: [GC (Allocation Failure) [PSYoungGen: 26269341K->851913K(26355712K)] 27848713K->2431789K(29501440K), 0.1163018 secs] [Times: user=6.09 sys=0.01, real=0.12 secs] 
5459.737: [GC (Allocation Failure) [PSYoungGen: 26300361K->724384K(26355712K)] 27880237K->2304764K(29501440K), 0.1064335 secs] [Times: user=5.27 sys=0.01, real=0.11 secs] 
5463.460: [GC (Allocation Failure) [PSYoungGen: 26172832K->847584K(26355712K)] 27753212K->2428556K(29501440K), 0.1190837 secs] [Times: user=5.84 sys=0.01, real=0.12 secs] 
5467.340: [GC (Allocation Failure) [PSYoungGen: 26296032K->898132K(26355712K)] 27877004K->2479608K(29501440K), 0.1186194 secs] [Times: user=6.24 sys=0.01, real=0.12 secs] 
5471.286: [GC (Allocation Failure) [PSYoungGen: 26346580K->907232K(26355712K)] 27928056K->2527788K(29501440K), 0.1256833 secs] [Times: user=6.73 sys=0.00, real=0.12 secs] 
5474.982: [GC (Allocation Failure) [PSYoungGen: 26355680K->780717K(26355712K)] 27976236K->2401769K(29501440K), 0.1043264 secs] [Times: user=5.39 sys=0.01, real=0.11 secs] 
5478.726: [GC (Allocation Failure) [PSYoungGen: 26229165K->792809K(26355712K)] 27850217K->2414397K(29501440K), 0.1079086 secs] [Times: user=5.76 sys=0.01, real=0.11 secs] 
5482.565: [GC (Allocation Failure) [PSYoungGen: 26241257K->883559K(26355712K)] 27862845K->2505675K(29501440K), 0.1162779 secs] [Times: user=5.96 sys=0.00, real=0.11 secs] 
5486.315: [GC (Allocation Failure) [PSYoungGen: 26332007K->907246K(26355712K)] 27954123K->2558226K(29501440K), 0.1257321 secs] [Times: user=6.62 sys=0.01, real=0.12 secs] 
5490.181: [GC (Allocation Failure) [PSYoungGen: 26355694K->907254K(26355712K)] 28006674K->2585242K(29501440K), 0.1239340 secs] [Times: user=6.25 sys=0.01, real=0.13 secs] 
5494.002: [GC (Allocation Failure) [PSYoungGen: 26355702K->863612K(26355712K)] 28033690K->2542104K(29501440K), 0.1182026 secs] [Times: user=6.19 sys=0.00, real=0.12 secs] 
5497.732: [GC (Allocation Failure) [PSYoungGen: 26312060K->758749K(26355712K)] 27990552K->2437729K(29501440K), 0.1058691 secs] [Times: user=5.45 sys=0.01, real=0.11 secs] 
5501.490: [GC (Allocation Failure) [PSYoungGen: 26207197K->907253K(26355712K)] 27886177K->2595681K(29501440K), 0.1229820 secs] [Times: user=6.35 sys=0.01, real=0.13 secs] 
5505.335: [GC (Allocation Failure) [PSYoungGen: 26355701K->774845K(26355712K)] 28044129K->2463777K(29501440K), 0.1065305 secs] [Times: user=5.50 sys=0.01, real=0.10 secs] 
5509.127: [GC (Allocation Failure) [PSYoungGen: 26223293K->801233K(26355712K)] 27912225K->2490677K(29501440K), 0.1094398 secs] [Times: user=5.52 sys=0.00, real=0.11 secs] 
5512.836: [GC (Allocation Failure) [PSYoungGen: 26249681K->829117K(26355712K)] 27939125K->2519065K(29501440K), 0.1128019 secs] [Times: user=5.82 sys=0.00, real=0.11 secs] 
5516.537: [GC (Allocation Failure) [PSYoungGen: 26277565K->907236K(26355712K)] 27967513K->2671280K(29501440K), 0.1376005 secs] [Times: user=6.93 sys=0.00, real=0.14 secs] 
5520.319: [GC (Allocation Failure) [PSYoungGen: 26355684K->774842K(26355712K)] 28119728K->2539382K(29501440K), 0.1060426 secs] [Times: user=5.43 sys=0.01, real=0.11 secs] 
5524.188: [GC (Allocation Failure) [PSYoungGen: 26223290K->907246K(26355712K)] 27987830K->2700682K(29501440K), 0.1244179 secs] [Times: user=6.37 sys=0.01, real=0.13 secs] 
5527.772: [GC (Allocation Failure) [PSYoungGen: 26355694K->747893K(26355712K)] 28149130K->2542041K(29501440K), 0.1049205 secs] [Times: user=5.33 sys=0.01, real=0.11 secs] 
5531.578: [GC (Allocation Failure) [PSYoungGen: 26196341K->885128K(26355712K)] 27990489K->2679804K(29501440K), 0.1194753 secs] [Times: user=6.08 sys=0.01, real=0.12 secs] 
5535.392: [GC (Allocation Failure) [PSYoungGen: 26333576K->849391K(26355712K)] 28128252K->2644627K(29501440K), 0.1148317 secs] [Times: user=5.83 sys=0.01, real=0.12 secs] 
5539.103: [GC (Allocation Failure) [PSYoungGen: 26297839K->755125K(26355712K)] 28093075K->2550873K(29501440K), 0.1095328 secs] [Times: user=5.37 sys=0.01, real=0.11 secs] 
5542.959: [GC (Allocation Failure) [PSYoungGen: 26203573K->782291K(26355712K)] 27999321K->2578742K(29501440K), 0.1137891 secs] [Times: user=5.59 sys=0.01, real=0.12 secs] 
5546.771: [GC (Allocation Failure) [PSYoungGen: 26230739K->851412K(26355712K)] 28027190K->2648680K(29501440K), 0.1178255 secs] [Times: user=5.80 sys=0.00, real=0.12 secs] 
5550.785: [GC (Allocation Failure) [PSYoungGen: 26299860K->865691K(26355712K)] 28097128K->2663470K(29501440K), 0.1181430 secs] [Times: user=6.13 sys=0.00, real=0.12 secs] 
5554.275: [GC (Allocation Failure) [PSYoungGen: 26314139K->737669K(26355712K)] 28111918K->2535953K(29501440K), 0.1055256 secs] [Times: user=5.39 sys=0.01, real=0.10 secs] 
5558.109: [GC (Allocation Failure) [PSYoungGen: 26186117K->767656K(26355712K)] 27984401K->2566620K(29501440K), 0.1101111 secs] [Times: user=5.57 sys=0.01, real=0.11 secs] 
5561.834: [GC (Allocation Failure) [PSYoungGen: 26216104K->819847K(26355712K)] 28015068K->2619363K(29501440K), 0.1152015 secs] [Times: user=5.83 sys=0.00, real=0.11 secs] 
5565.661: [GC (Allocation Failure) [PSYoungGen: 26268295K->907243K(26355712K)] 28067811K->2736015K(29501440K), 0.1273497 secs] [Times: user=6.57 sys=0.01, real=0.13 secs] 
5569.359: [GC (Allocation Failure) [PSYoungGen: 26355691K->883982K(26355712K)] 28184463K->2713274K(29501440K), 0.1176921 secs] [Times: user=5.98 sys=0.00, real=0.12 secs] 
5573.163: [GC (Allocation Failure) [PSYoungGen: 26332430K->907255K(26355712K)] 28161722K->2749643K(29501440K), 0.1226755 secs] [Times: user=6.39 sys=0.01, real=0.12 secs] 
5576.899: [GC (Allocation Failure) [PSYoungGen: 26355703K->907257K(26355712K)] 28198091K->2804173K(29501440K), 0.1278323 secs] [Times: user=6.33 sys=0.01, real=0.13 secs] 
5580.563: [GC (Allocation Failure) [PSYoungGen: 26355705K->826550K(26355712K)] 28252621K->2724242K(29501440K), 0.1144866 secs] [Times: user=5.62 sys=0.01, real=0.11 secs] 
5584.241: [GC (Allocation Failure) [PSYoungGen: 26274998K->794916K(26355712K)] 28172690K->2693128K(29501440K), 0.1073523 secs] [Times: user=5.59 sys=0.00, real=0.11 secs] 
5587.894: [GC (Allocation Failure) [PSYoungGen: 26243364K->893483K(26355712K)] 28141576K->2792159K(29501440K), 0.1237887 secs] [Times: user=6.04 sys=0.01, real=0.12 secs] 
5591.589: [GC (Allocation Failure) [PSYoungGen: 26341931K->907256K(26355712K)] 28240607K->2816956K(29501440K), 0.1204168 secs] [Times: user=6.33 sys=0.01, real=0.12 secs] 
5595.272: [GC (Allocation Failure) [PSYoungGen: 26355704K->907257K(26355712K)] 28265404K->2843029K(29501440K), 0.1205049 secs] [Times: user=6.35 sys=0.00, real=0.13 secs] 
5598.986: [GC (Allocation Failure) [PSYoungGen: 26355705K->836153K(26355712K)] 28291477K->2772421K(29501440K), 0.1109620 secs] [Times: user=5.86 sys=0.00, real=0.11 secs] 
5602.781: [GC (Allocation Failure) [PSYoungGen: 26284601K->895458K(26355712K)] 28220869K->2832238K(29501440K), 0.1211112 secs] [Times: user=6.34 sys=0.00, real=0.12 secs] 
5606.568: [GC (Allocation Failure) [PSYoungGen: 26343906K->900107K(26355712K)] 28280686K->2837407K(29501440K), 0.1265678 secs] [Times: user=6.71 sys=0.00, real=0.13 secs] 
5610.191: [GC (Allocation Failure) [PSYoungGen: 26348555K->907259K(26355712K)] 28285855K->2919735K(29501440K), 0.1312199 secs] [Times: user=6.91 sys=0.00, real=0.14 secs] 
5613.848: [GC (Allocation Failure) [PSYoungGen: 26355707K->715260K(26355712K)] 28368183K->2728232K(29501440K), 0.1027563 secs] [Times: user=5.17 sys=0.00, real=0.10 secs] 
5617.656: [GC (Allocation Failure) [PSYoungGen: 26163708K->728012K(26355712K)] 28176680K->2741544K(29501440K), 0.1027305 secs] [Times: user=5.20 sys=0.00, real=0.10 secs] 
5621.385: [GC (Allocation Failure) [PSYoungGen: 26176460K->907246K(26355712K)] 28189992K->2934914K(29501440K), 0.1228043 secs] [Times: user=6.18 sys=0.00, real=0.12 secs] 
5625.206: [GC (Allocation Failure) [PSYoungGen: 26355694K->907232K(26355712K)] 28383362K->3017332K(29501440K), 0.1332470 secs] [Times: user=6.91 sys=0.00, real=0.13 secs] 
5628.930: [GC (Allocation Failure) [PSYoungGen: 26355680K->859569K(26355712K)] 28465780K->2970493K(29501440K), 0.1192467 secs] [Times: user=6.13 sys=0.00, real=0.12 secs] 
5632.518: [GC (Allocation Failure) [PSYoungGen: 26308017K->884409K(26355712K)] 28418941K->2996037K(29501440K), 0.1170395 secs] [Times: user=5.99 sys=0.01, real=0.12 secs] 
5636.144: [GC (Allocation Failure) [PSYoungGen: 26332857K->834521K(26355712K)] 28444485K->2946637K(29501440K), 0.1123578 secs] [Times: user=5.84 sys=0.01, real=0.11 secs] 
5639.800: [GC (Allocation Failure) [PSYoungGen: 26282969K->813716K(26355712K)] 28395085K->2926384K(29501440K), 0.1099799 secs] [Times: user=5.62 sys=0.02, real=0.11 secs] 
5643.458: [GC (Allocation Failure) [PSYoungGen: 26262164K->907235K(26355712K)] 28374832K->3084895K(29501440K), 0.1325427 secs] [Times: user=7.01 sys=0.00, real=0.13 secs] 
5647.131: [GC (Allocation Failure) [PSYoungGen: 26355683K->817009K(26355712K)] 28533343K->2995405K(29501440K), 0.1105911 secs] [Times: user=5.68 sys=0.00, real=0.11 secs] 
5650.801: [GC (Allocation Failure) [PSYoungGen: 26265457K->810252K(26355712K)] 28443853K->2989384K(29501440K), 0.1095840 secs] [Times: user=5.51 sys=0.01, real=0.11 secs] 
5654.412: [GC (Allocation Failure) [PSYoungGen: 26258700K->885807K(26355712K)] 28437832K->3065467K(29501440K), 0.1168591 secs] [Times: user=6.17 sys=0.00, real=0.12 secs] 
5657.924: [GC (Allocation Failure) [PSYoungGen: 26334255K->819876K(26355712K)] 28513915K->3000056K(29501440K), 0.1153345 secs] [Times: user=5.87 sys=0.00, real=0.11 secs] 
5661.537: [GC (Allocation Failure) [PSYoungGen: 26268324K->907243K(26355712K)] 28448504K->3094247K(29501440K), 0.1221823 secs] [Times: user=6.25 sys=0.00, real=0.12 secs] 
5665.093: [GC (Allocation Failure) [PSYoungGen: 26355691K->853173K(26355712K)] 28542695K->3040961K(29501440K), 0.1143661 secs] [Times: user=5.92 sys=0.01, real=0.11 secs] 
5668.730: [GC (Allocation Failure) [PSYoungGen: 26301621K->835480K(26355712K)] 28489409K->3023788K(29501440K), 0.1135853 secs] [Times: user=5.92 sys=0.00, real=0.12 secs] 
5672.377: [GC (Allocation Failure) [PSYoungGen: 26283928K->859696K(26355712K)] 28472236K->3048540K(29501440K), 0.1235473 secs] [Times: user=6.29 sys=0.00, real=0.12 secs] 
5675.930: [GC (Allocation Failure) [PSYoungGen: 26308144K->797863K(26355712K)] 28496988K->2987451K(29501440K), 0.1303286 secs] [Times: user=6.45 sys=0.00, real=0.13 secs] 
5679.581: [GC (Allocation Failure) [PSYoungGen: 26246311K->907262K(26355712K)] 28435899K->3216386K(29501440K), 0.1416965 secs] [Times: user=7.47 sys=0.00, real=0.14 secs] 
5683.238: [GC (Allocation Failure) [PSYoungGen: 26355710K->788852K(26355712K)] 28664834K->3098560K(29501440K), 0.1071317 secs] [Times: user=5.49 sys=0.01, real=0.11 secs] 
5686.875: [GC (Allocation Failure) [PSYoungGen: 26237300K->799826K(26355712K)] 28547008K->3110014K(29501440K), 0.1146070 secs] [Times: user=5.60 sys=0.00, real=0.11 secs] 
5690.586: [GC (Allocation Failure) [PSYoungGen: 26248274K->907241K(26355712K)] 28558462K->3231765K(29501440K), 0.1200019 secs] [Times: user=6.37 sys=0.00, real=0.12 secs] 
5694.628: [GC (Allocation Failure) [PSYoungGen: 26355689K->907249K(26355712K)] 28680213K->3468949K(29501440K), 0.1607930 secs] [Times: user=8.55 sys=0.02, real=0.16 secs] 
5697.925: [GC (Allocation Failure) [PSYoungGen: 26355697K->735342K(26355712K)] 28917397K->3297722K(29501440K), 0.1035099 secs] [Times: user=5.31 sys=0.01, real=0.10 secs] 
5701.876: [GC (Allocation Failure) [PSYoungGen: 26183790K->907242K(26355712K)] 28746170K->3806646K(29501440K), 0.1770619 secs] [Times: user=9.64 sys=0.02, real=0.18 secs] 
5705.077: [GC (Allocation Failure) [PSYoungGen: 26355690K->865037K(26355712K)] 29255094K->3765017K(29501440K), 0.1192991 secs] [Times: user=6.18 sys=0.01, real=0.12 secs] 
5708.750: [GC (Allocation Failure) [PSYoungGen: 26313485K->845655K(26355712K)] 29213465K->3746187K(29501440K), 0.1176847 secs] [Times: user=6.10 sys=0.01, real=0.12 secs] 
5712.456: [GC (Allocation Failure) [PSYoungGen: 26294103K->907234K(26355712K)] 29194635K->3921254K(29501440K), 0.1513613 secs] [Times: user=7.69 sys=0.00, real=0.15 secs] 
5712.608: [Full GC (Ergonomics) [PSYoungGen: 907234K->0K(26355712K)] [ParOldGen: 3014020K->1680781K(3145728K)] 3921254K->1680781K(29501440K), [Metaspace: 22617K->22617K(1071104K)], 1.0689562 secs] [Times: user=29.70 sys=0.02, real=1.07 secs] 
5716.593: [GC (Allocation Failure) [PSYoungGen: 25448448K->756156K(26355712K)] 27129229K->2436937K(29501440K), 0.1076020 secs] [Times: user=5.52 sys=0.01, real=0.11 secs] 
5720.290: [GC (Allocation Failure) [PSYoungGen: 26204604K->907250K(26355712K)] 27885385K->2686176K(29501440K), 0.1362727 secs] [Times: user=7.23 sys=0.00, real=0.14 secs] 
5723.951: [GC (Allocation Failure) [PSYoungGen: 26355698K->774010K(26355712K)] 28134624K->2552935K(29501440K), 0.1055525 secs] [Times: user=5.49 sys=0.01, real=0.11 secs] 
5727.492: [GC (Allocation Failure) [PSYoungGen: 26222458K->907243K(26355712K)] 28001383K->2723880K(29501440K), 0.1252724 secs] [Times: user=6.53 sys=0.01, real=0.13 secs] 
5731.030: [GC (Allocation Failure) [PSYoungGen: 26355691K->907245K(26355712K)] 28172328K->2726722K(29501440K), 0.1149658 secs] [Times: user=5.97 sys=0.00, real=0.12 secs] 
5734.596: [GC (Allocation Failure) [PSYoungGen: 26355693K->895751K(26355712K)] 28175170K->2715228K(29501440K), 0.1160647 secs] [Times: user=6.06 sys=0.00, real=0.11 secs] 
5738.232: [GC (Allocation Failure) [PSYoungGen: 26344199K->858339K(26355712K)] 28163676K->2677816K(29501440K), 0.1118301 secs] [Times: user=5.65 sys=0.00, real=0.12 secs] 
5741.806: [GC (Allocation Failure) [PSYoungGen: 26306787K->824131K(26355712K)] 28126264K->2643609K(29501440K), 0.1103893 secs] [Times: user=5.65 sys=0.00, real=0.11 secs] 
5745.515: [GC (Allocation Failure) [PSYoungGen: 26272579K->850896K(26355712K)] 28092057K->2670373K(29501440K), 0.1115866 secs] [Times: user=5.79 sys=0.00, real=0.11 secs] 
5749.072: [GC (Allocation Failure) [PSYoungGen: 26299344K->860629K(26355712K)] 28118821K->2680106K(29501440K), 0.1145738 secs] [Times: user=5.72 sys=0.00, real=0.12 secs] 
5752.660: [GC (Allocation Failure) [PSYoungGen: 26309077K->813876K(26355712K)] 28128554K->2633353K(29501440K), 0.1113107 secs] [Times: user=5.70 sys=0.00, real=0.11 secs] 
5756.201: [GC (Allocation Failure) [PSYoungGen: 26262324K->884176K(26355712K)] 28081801K->2703653K(29501440K), 0.1187714 secs] [Times: user=6.03 sys=0.01, real=0.12 secs] 
5760.001: [GC (Allocation Failure) [PSYoungGen: 26332624K->790512K(26355712K)] 28152101K->2609989K(29501440K), 0.1079657 secs] [Times: user=5.50 sys=0.00, real=0.11 secs] 
5763.633: [GC (Allocation Failure) [PSYoungGen: 26238960K->907232K(26355712K)] 28058437K->2770549K(29501440K), 0.1279977 secs] [Times: user=6.68 sys=0.01, real=0.12 secs] 
5767.204: [GC (Allocation Failure) [PSYoungGen: 26355680K->907259K(26355712K)] 28218997K->2803233K(29501440K), 0.1265346 secs] [Times: user=6.32 sys=0.00, real=0.12 secs] 
5771.050: [GC (Allocation Failure) [PSYoungGen: 26355707K->852556K(26355712K)] 28251681K->2795607K(29501440K), 0.1196059 secs] [Times: user=6.09 sys=0.01, real=0.12 secs] 
5774.395: [GC (Allocation Failure) [PSYoungGen: 26301004K->907240K(26355712K)] 28244055K->2904196K(29501440K), 0.1267534 secs] [Times: user=6.75 sys=0.01, real=0.12 secs] 
5778.053: [GC (Allocation Failure) [PSYoungGen: 26355688K->755489K(26355712K)] 28352644K->2753669K(29501440K), 0.1049430 secs] [Times: user=5.35 sys=0.01, real=0.11 secs] 
5781.497: [GC (Allocation Failure) [PSYoungGen: 26203937K->907246K(26355712K)] 28202117K->2947353K(29501440K), 0.1222640 secs] [Times: user=6.52 sys=0.00, real=0.12 secs] 
5785.151: [GC (Allocation Failure) [PSYoungGen: 26355694K->907236K(26355712K)] 28395801K->2994079K(29501440K), 0.1235911 secs] [Times: user=6.47 sys=0.00, real=0.13 secs] 
5788.618: [GC (Allocation Failure) [PSYoungGen: 26355684K->815187K(26355712K)] 28442527K->2902590K(29501440K), 0.1082203 secs] [Times: user=5.60 sys=0.00, real=0.11 secs] 
5792.270: [GC (Allocation Failure) [PSYoungGen: 26263635K->907263K(26355712K)] 28351038K->3111274K(29501440K), 0.1406617 secs] [Times: user=7.36 sys=0.00, real=0.14 secs] 
5795.892: [GC (Allocation Failure) [PSYoungGen: 26355711K->794516K(26355712K)] 28559722K->2999135K(29501440K), 0.1075985 secs] [Times: user=5.35 sys=0.01, real=0.11 secs] 
5799.776: [GC (Allocation Failure) [PSYoungGen: 26242964K->907256K(26355712K)] 28447583K->3377011K(29501440K), 0.1658811 secs] [Times: user=8.58 sys=0.00, real=0.16 secs] 
5803.297: [GC (Allocation Failure) [PSYoungGen: 26355704K->907233K(26355712K)] 28825459K->3443628K(29501440K), 0.1284863 secs] [Times: user=6.72 sys=0.00, real=0.13 secs] 
5806.908: [GC (Allocation Failure) [PSYoungGen: 26355681K->744976K(26355712K)] 28892076K->3281899K(29501440K), 0.1019413 secs] [Times: user=5.26 sys=0.00, real=0.10 secs] 
5810.551: [GC (Allocation Failure) [PSYoungGen: 26193424K->828758K(26355712K)] 28730347K->3366265K(29501440K), 0.1145068 secs] [Times: user=5.73 sys=0.00, real=0.12 secs] 
5813.976: [GC (Allocation Failure) [PSYoungGen: 26277206K->772311K(26355712K)] 28814713K->3310458K(29501440K), 0.1075142 secs] [Times: user=5.47 sys=0.01, real=0.11 secs] 
5817.539: [GC (Allocation Failure) [PSYoungGen: 26220759K->903072K(26355712K)] 28758906K->3441963K(29501440K), 0.1176603 secs] [Times: user=6.08 sys=0.00, real=0.12 secs] 
5821.238: [GC (Allocation Failure) [PSYoungGen: 26351520K->907241K(26355712K)] 28890411K->3475028K(29501440K), 0.1229396 secs] [Times: user=6.43 sys=0.01, real=0.12 secs] 
5824.706: [GC (Allocation Failure) [PSYoungGen: 26355689K->838460K(26355712K)] 28923476K->3406847K(29501440K), 0.1135544 secs] [Times: user=5.80 sys=0.02, real=0.11 secs] 
5829.065: [GC (Allocation Failure) [PSYoungGen: 26286908K->907239K(26355712K)] 28855295K->3855801K(29501440K), 0.1845184 secs] [Times: user=9.96 sys=0.01, real=0.18 secs] 
5829.250: [Full GC (Ergonomics) [PSYoungGen: 907239K->0K(26355712K)] [ParOldGen: 2948561K->1961940K(3145728K)] 3855801K->1961940K(29501440K), [Metaspace: 22617K->22617K(1071104K)], 1.5619723 secs] [Times: user=39.76 sys=0.00, real=1.56 secs] 
5833.758: [GC (Allocation Failure) [PSYoungGen: 25448447K->907263K(26355712K)] 27410388K->3332503K(29501440K), 0.2283711 secs] [Times: user=12.10 sys=0.01, real=0.23 secs] 
5836.719: [GC (Allocation Failure) [PSYoungGen: 26355711K->907239K(26355712K)] 28780951K->3821587K(29501440K), 0.2264465 secs] [Times: user=12.01 sys=0.00, real=0.23 secs] 
5836.946: [Full GC (Ergonomics) [PSYoungGen: 907239K->0K(26355712K)] [ParOldGen: 2914348K->1860751K(3145728K)] 3821587K->1860751K(29501440K), [Metaspace: 22617K->22617K(1071104K)], 1.3609628 secs] [Times: user=37.18 sys=0.02, real=1.36 secs] 
5841.340: [GC (Allocation Failure) [PSYoungGen: 25448448K->907238K(26355712K)] 27309199K->2817278K(29501440K), 0.1458555 secs] [Times: user=7.35 sys=0.00, real=0.15 secs] 
5844.364: [GC (Allocation Failure) [PSYoungGen: 26355686K->907260K(26355712K)] 28265726K->3199972K(29501440K), 0.1935315 secs] [Times: user=10.28 sys=0.00, real=0.19 secs] 
5847.100: [GC (Allocation Failure) [PSYoungGen: 26355708K->907256K(26355712K)] 28648420K->3614752K(29501440K), 0.2040828 secs] [Times: user=10.75 sys=0.00, real=0.21 secs] 
5847.305: [Full GC (Ergonomics) [PSYoungGen: 907256K->0K(26355712K)] [ParOldGen: 2707496K->1907907K(3145728K)] 3614752K->1907907K(29501440K), [Metaspace: 22617K->22617K(1071104K)], 1.4257281 secs] [Times: user=39.40 sys=0.01, real=1.42 secs] 
5852.535: [GC (Allocation Failure) [PSYoungGen: 25448448K->907261K(26355712K)] 27356355K->3025544K(29501440K), 0.1759395 secs] [Times: user=9.16 sys=0.01, real=0.17 secs] 
5855.403: [GC (Allocation Failure) [PSYoungGen: 26355709K->907246K(26355712K)] 28473992K->3168513K(29501440K), 0.1552654 secs] [Times: user=7.97 sys=0.00, real=0.15 secs] 
5858.510: [GC (Allocation Failure) [PSYoungGen: 26355694K->907245K(26355712K)] 28616961K->3345880K(29501440K), 0.1459853 secs] [Times: user=7.80 sys=0.00, real=0.15 secs] 
5861.204: [GC (Allocation Failure) [PSYoungGen: 26355693K->907242K(26355712K)] 28794328K->3632229K(29501440K), 0.1767541 secs] [Times: user=9.09 sys=0.00, real=0.17 secs] 
5861.381: [Full GC (Ergonomics) [PSYoungGen: 907242K->0K(26355712K)] [ParOldGen: 2724987K->1801850K(3145728K)] 3632229K->1801850K(29501440K), [Metaspace: 22617K->22617K(1071104K)], 1.3418640 secs] [Times: user=37.70 sys=0.01, real=1.35 secs] 
5865.641: [GC (Allocation Failure) [PSYoungGen: 25448448K->907262K(26355712K)] 27250298K->2987009K(29501440K), 0.1794113 secs] [Times: user=9.28 sys=0.01, real=0.18 secs] 
5868.524: [GC (Allocation Failure) [PSYoungGen: 26355710K->907252K(26355712K)] 28435457K->3435761K(29501440K), 0.2087106 secs] [Times: user=11.00 sys=0.00, real=0.21 secs] 
5871.766: [GC (Allocation Failure) [PSYoungGen: 26355700K->907256K(26355712K)] 28884209K->3616365K(29501440K), 0.1500431 secs] [Times: user=8.04 sys=0.00, real=0.15 secs] 
5871.917: [Full GC (Ergonomics) [PSYoungGen: 907256K->0K(26355712K)] [ParOldGen: 2709109K->1512386K(3145728K)] 3616365K->1512386K(29501440K), [Metaspace: 22617K->22617K(1071104K)], 0.9083519 secs] [Times: user=31.30 sys=0.01, real=0.91 secs] 
5875.489: [GC (Allocation Failure) [PSYoungGen: 25448448K->907239K(26355712K)] 26960834K->2419729K(29501440K), 0.1209501 secs] [Times: user=6.09 sys=0.00, real=0.12 secs] 
5878.921: [GC (Allocation Failure) [PSYoungGen: 26355687K->818145K(26355712K)] 27868177K->2330635K(29501440K), 0.1161306 secs] [Times: user=5.71 sys=0.00, real=0.12 secs] 
5882.878: [GC (Allocation Failure) [PSYoungGen: 26266593K->907245K(26355712K)] 27779083K->2769044K(29501440K), 0.1879307 secs] [Times: user=9.73 sys=0.00, real=0.19 secs] 
5886.117: [GC (Allocation Failure) [PSYoungGen: 26355693K->907239K(26355712K)] 28217492K->2815013K(29501440K), 0.1278203 secs] [Times: user=6.71 sys=0.00, real=0.13 secs] 
5889.645: [GC (Allocation Failure) [PSYoungGen: 26355687K->907254K(26355712K)] 28263461K->2884453K(29501440K), 0.1283768 secs] [Times: user=6.77 sys=0.01, real=0.13 secs] 
5893.116: [GC (Allocation Failure) [PSYoungGen: 26355702K->907237K(26355712K)] 28332901K->3005387K(29501440K), 0.1477065 secs] [Times: user=7.58 sys=0.02, real=0.15 secs] 
5896.609: [GC (Allocation Failure) [PSYoungGen: 26355685K->907233K(26355712K)] 28453835K->3099424K(29501440K), 0.1375178 secs] [Times: user=7.06 sys=0.00, real=0.14 secs] 
5900.081: [GC (Allocation Failure) [PSYoungGen: 26355681K->907250K(26355712K)] 28547872K->3210833K(29501440K), 0.1391173 secs] [Times: user=7.17 sys=0.01, real=0.14 secs] 
5903.556: [GC (Allocation Failure) [PSYoungGen: 26355698K->907248K(26355712K)] 28659281K->3281679K(29501440K), 0.1295803 secs] [Times: user=6.83 sys=0.00, real=0.13 secs] 
5907.996: [GC (Allocation Failure) [PSYoungGen: 26355696K->907260K(26355712K)] 28730127K->3732757K(29501440K), 0.1979247 secs] [Times: user=10.62 sys=0.00, real=0.20 secs] 
5908.194: [Full GC (Ergonomics) [PSYoungGen: 907260K->0K(26355712K)] [ParOldGen: 2825496K->1954562K(3145728K)] 3732757K->1954562K(29501440K), [Metaspace: 22617K->22617K(1071104K)], 1.6297576 secs] [Times: user=39.35 sys=0.00, real=1.63 secs] 
5912.413: [GC (Allocation Failure) [PSYoungGen: 25448448K->907241K(26355712K)] 27403010K->3274223K(29501440K), 0.2081477 secs] [Times: user=10.97 sys=0.01, real=0.20 secs] 
5915.323: [GC (Allocation Failure) [PSYoungGen: 26355689K->907249K(26355712K)] 28722671K->3962385K(29501440K), 0.2491943 secs] [Times: user=13.32 sys=0.00, real=0.24 secs] 
5915.573: [Full GC (Ergonomics) [PSYoungGen: 907249K->0K(26355712K)] [ParOldGen: 3055136K->2066758K(3145728K)] 3962385K->2066758K(29501440K), [Metaspace: 22617K->22617K(1071104K)], 1.3423784 secs] [Times: user=39.99 sys=0.01, real=1.34 secs] 
5919.529: [GC (Allocation Failure) [PSYoungGen: 25448448K->907236K(26355712K)] 27515206K->3288122K(29501440K), 0.2038777 secs] [Times: user=10.64 sys=0.00, real=0.21 secs] 
5922.313: [GC (Allocation Failure) [PSYoungGen: 26355684K->907236K(26355712K)] 28736570K->3542170K(29501440K), 0.1633261 secs] [Times: user=8.70 sys=0.00, real=0.16 secs] 
5922.478: [Full GC (Ergonomics) [PSYoungGen: 907236K->0K(26355712K)] [ParOldGen: 2634934K->1859458K(3145728K)] 3542170K->1859458K(29501440K), [Metaspace: 22617K->22617K(1071104K)], 1.2263072 secs] [Times: user=36.60 sys=0.02, real=1.23 secs] 
5926.417: [GC (Allocation Failure) [PSYoungGen: 25448448K->907262K(26355712K)] 27307906K->2811161K(29501440K), 0.1418007 secs] [Times: user=7.35 sys=0.01, real=0.14 secs] 
5929.128: [GC (Allocation Failure) [PSYoungGen: 26355710K->907242K(26355712K)] 28259609K->3109765K(29501440K), 0.1762953 secs] [Times: user=8.91 sys=0.00, real=0.18 secs] 
5932.189: [GC (Allocation Failure) [PSYoungGen: 26355690K->907246K(26355712K)] 28558213K->3142161K(29501440K), 0.1262770 secs] [Times: user=6.38 sys=0.00, real=0.13 secs] 
5945.245: [GC (Allocation Failure) [PSYoungGen: 26355694K->907236K(26355712K)] 28590609K->3476895K(29501440K), 0.1765661 secs] [Times: user=9.37 sys=0.00, real=0.17 secs] 
5945.422: [Full GC (Ergonomics) [PSYoungGen: 907236K->0K(26355712K)] [ParOldGen: 2569658K->1818676K(3145728K)] 3476895K->1818676K(29501440K), [Metaspace: 22617K->22617K(1071104K)], 1.3710857 secs] [Times: user=35.37 sys=0.01, real=1.38 secs] 
5949.347: [GC (Allocation Failure) [PSYoungGen: 25448448K->907252K(26355712K)] 27267124K->3067993K(29501440K), 0.1891410 secs] [Times: user=9.93 sys=0.01, real=0.19 secs] 
5952.146: [GC (Allocation Failure) [PSYoungGen: 26355700K->907243K(26355712K)] 28516441K->3251280K(29501440K), 0.1621809 secs] [Times: user=8.49 sys=0.00, real=0.16 secs] 
5956.594: [GC (Allocation Failure) [PSYoungGen: 26355691K->907256K(26355712K)] 28699728K->3541893K(29501440K), 0.1808396 secs] [Times: user=9.55 sys=0.02, real=0.18 secs] 
5956.776: [Full GC (Ergonomics) [PSYoungGen: 907256K->0K(26355712K)] [ParOldGen: 2634636K->1834541K(3145728K)] 3541893K->1834541K(29501440K), [Metaspace: 22617K->22617K(1071104K)], 1.3437586 secs] [Times: user=44.72 sys=0.02, real=1.34 secs] 
5960.650: [GC (Allocation Failure) [PSYoungGen: 25448448K->907236K(26355712K)] 27282989K->2917546K(29501440K), 0.1672991 secs] [Times: user=8.28 sys=0.00, real=0.17 secs] 
5966.035: [GC (Allocation Failure) [PSYoungGen: 26355684K->907261K(26355712K)] 28365994K->3060107K(29501440K), 0.1483625 secs] [Times: user=7.84 sys=0.01, real=0.15 secs] 
5971.504: [GC (Allocation Failure) [PSYoungGen: 26355709K->907255K(26355712K)] 28508555K->3454765K(29501440K), 0.1937573 secs] [Times: user=10.47 sys=0.01, real=0.19 secs] 
5976.151: [GC (Allocation Failure) [PSYoungGen: 26355703K->907263K(26355712K)] 28903213K->3977932K(29501440K), 0.2145089 secs] [Times: user=11.42 sys=0.01, real=0.22 secs] 
5976.366: [Full GC (Ergonomics) [PSYoungGen: 907263K->0K(26355712K)] [ParOldGen: 3070669K->2207135K(3145728K)] 3977932K->2207135K(29501440K), [Metaspace: 22617K->22617K(1071104K)], 1.4174253 secs] [Times: user=61.37 sys=0.01, real=1.42 secs] 
5980.328: [GC (Allocation Failure) [PSYoungGen: 25448448K->907263K(26355712K)] 27655583K->3342094K(29501440K), 0.2048264 secs] [Times: user=10.79 sys=0.00, real=0.21 secs] 
5983.157: [GC (Allocation Failure) [PSYoungGen: 26355711K->907242K(26355712K)] 28790542K->3570473K(29501440K), 0.1611018 secs] [Times: user=8.45 sys=0.00, real=0.16 secs] 
5983.319: [Full GC (Ergonomics) [PSYoungGen: 907242K->0K(26355712K)] [ParOldGen: 2663231K->1868358K(3145728K)] 3570473K->1868358K(29501440K), [Metaspace: 22617K->22617K(1071104K)], 1.2689026 secs] [Times: user=34.84 sys=0.01, real=1.27 secs] 
5988.525: [GC (Allocation Failure) [PSYoungGen: 25448448K->907258K(26355712K)] 27316806K->3224873K(29501440K), 0.2176922 secs] [Times: user=11.21 sys=0.01, real=0.21 secs] 
5991.343: [GC (Allocation Failure) [PSYoungGen: 26355706K->907237K(26355712K)] 28673321K->3625164K(29501440K), 0.1974281 secs] [Times: user=10.52 sys=0.00, real=0.20 secs] 
5991.541: [Full GC (Ergonomics) [PSYoungGen: 907237K->0K(26355712K)] [ParOldGen: 2717927K->1928086K(3145728K)] 3625164K->1928086K(29501440K), [Metaspace: 22617K->22617K(1071104K)], 1.5046025 secs] [Times: user=36.76 sys=0.01, real=1.51 secs] 
5995.577: [GC (Allocation Failure) [PSYoungGen: 25448448K->907246K(26355712K)] 27376534K->3152157K(29501440K), 0.1869148 secs] [Times: user=9.70 sys=0.00, real=0.19 secs] 
5998.439: [GC (Allocation Failure) [PSYoungGen: 26355694K->907253K(26355712K)] 28600605K->3620220K(29501440K), 0.2123134 secs] [Times: user=11.35 sys=0.01, real=0.21 secs] 
5998.652: [Full GC (Ergonomics) [PSYoungGen: 907253K->0K(26355712K)] [ParOldGen: 2712966K->2064117K(3145728K)] 3620220K->2064117K(29501440K), [Metaspace: 22617K->22617K(1071104K)], 1.5446388 secs] [Times: user=53.85 sys=0.01, real=1.55 secs] 
6002.867: [GC (Allocation Failure) [PSYoungGen: 25448448K->907238K(26355712K)] 27512565K->3375484K(29501440K), 0.2100009 secs] [Times: user=10.69 sys=0.00, real=0.21 secs] 
6007.070: [GC (Allocation Failure) [PSYoungGen: 26355686K->907259K(26355712K)] 28823932K->3594465K(29501440K), 0.1547137 secs] [Times: user=8.45 sys=0.00, real=0.16 secs] 
6007.225: [Full GC (Ergonomics) [PSYoungGen: 907259K->0K(26355712K)] [ParOldGen: 2687205K->1775897K(3145728K)] 3594465K->1775897K(29501440K), [Metaspace: 22617K->22617K(1071104K)], 1.0420676 secs] [Times: user=29.18 sys=0.01, real=1.04 secs] 
6010.930: [GC (Allocation Failure) [PSYoungGen: 25448448K->907260K(26355712K)] 27224345K->2878941K(29501440K), 0.1590702 secs] [Times: user=8.26 sys=0.01, real=0.16 secs] 
6015.693: [GC (Allocation Failure) [PSYoungGen: 26355708K->907252K(26355712K)] 28327389K->3266190K(29501440K), 0.1889875 secs] [Times: user=10.19 sys=0.00, real=0.18 secs] 
6020.695: [GC (Allocation Failure) [PSYoungGen: 26355700K->907254K(26355712K)] 28714638K->3297344K(29501440K), 0.1369418 secs] [Times: user=6.92 sys=0.02, real=0.13 secs] 
6025.511: [GC (Allocation Failure) [PSYoungGen: 26355702K->907262K(26355712K)] 28745792K->3381999K(29501440K), 0.1434952 secs] [Times: user=7.64 sys=0.00, real=0.15 secs] 
6030.230: [GC (Allocation Failure) [PSYoungGen: 26355710K->907238K(26355712K)] 28830447K->3752544K(29501440K), 0.2123026 secs] [Times: user=11.34 sys=0.00, real=0.21 secs] 
6030.443: [Full GC (Ergonomics) [PSYoungGen: 907238K->0K(26355712K)] [ParOldGen: 2845305K->1955796K(3145728K)] 3752544K->1955796K(29501440K), [Metaspace: 22617K->22617K(1071104K)], 1.0028308 secs] [Times: user=38.49 sys=0.01, real=1.00 secs] 
6033.965: [GC (Allocation Failure) [PSYoungGen: 25448448K->907236K(26355712K)] 27404244K->2974929K(29501440K), 0.1692174 secs] [Times: user=8.60 sys=0.00, real=0.17 secs] 
6038.652: [GC (Allocation Failure) [PSYoungGen: 26355684K->907252K(26355712K)] 28423377K->3636985K(29501440K), 0.2502860 secs] [Times: user=13.34 sys=0.01, real=0.25 secs] 
6038.903: [Full GC (Ergonomics) [PSYoungGen: 907252K->0K(26355712K)] [ParOldGen: 2729732K->2443112K(3145728K)] 3636985K->2443112K(29501440K), [Metaspace: 22617K->22617K(1071104K)], 1.5160487 secs] [Times: user=56.92 sys=0.01, real=1.52 secs] 
6043.062: [Full GC (Ergonomics) [PSYoungGen: 25448448K->0K(26355712K)] [ParOldGen: 2443112K->1919874K(3145728K)] 27891560K->1919874K(29501440K), [Metaspace: 22617K->22617K(1071104K)], 1.4993769 secs] [Times: user=28.60 sys=0.76, real=1.50 secs] 
6049.592: [GC (Allocation Failure) [PSYoungGen: 25448448K->907236K(26355712K)] 27368322K->2976606K(29501440K), 0.1558586 secs] [Times: user=8.08 sys=0.00, real=0.16 secs] 
6054.890: [GC (Allocation Failure) [PSYoungGen: 26355684K->907262K(26355712K)] 28425054K->3190848K(29501440K), 0.1660480 secs] [Times: user=8.77 sys=0.00, real=0.17 secs] 
6059.698: [GC (Allocation Failure) [PSYoungGen: 26355710K->907260K(26355712K)] 28639296K->3442430K(29501440K), 0.1832715 secs] [Times: user=9.59 sys=0.00, real=0.18 secs] 
6059.882: [Full GC (Ergonomics) [PSYoungGen: 907260K->0K(26355712K)] [ParOldGen: 2535170K->1913146K(3145728K)] 3442430K->1913146K(29501440K), [Metaspace: 22617K->22617K(1071104K)], 1.2017372 secs] [Times: user=47.52 sys=0.01, real=1.21 secs] 
6066.315: [GC (Allocation Failure) [PSYoungGen: 25448448K->907259K(26355712K)] 27361594K->2989662K(29501440K), 0.1579702 secs] [Times: user=8.23 sys=0.01, real=0.16 secs] 
6073.674: [GC (Allocation Failure) [PSYoungGen: 26355707K->907235K(26355712K)] 28438110K->3379558K(29501440K), 0.1920492 secs] [Times: user=10.20 sys=0.00, real=0.19 secs] 
6079.859: [GC (Allocation Failure) [PSYoungGen: 26355683K->907251K(26355712K)] 28828006K->3808038K(29501440K), 0.2405060 secs] [Times: user=12.72 sys=0.02, real=0.24 secs] 
6080.100: [Full GC (Ergonomics) [PSYoungGen: 907251K->0K(26355712K)] [ParOldGen: 2900787K->1959038K(3145728K)] 3808038K->1959038K(29501440K), [Metaspace: 22617K->22617K(1071104K)], 1.8646286 secs] [Times: user=53.04 sys=0.02, real=1.87 secs] 
6088.954: [GC (Allocation Failure) [PSYoungGen: 25448448K->907257K(26355712K)] 27407486K->3178792K(29501440K), 0.1863856 secs] [Times: user=9.72 sys=0.02, real=0.18 secs] 
6097.062: [GC (Allocation Failure) [PSYoungGen: 26355705K->907250K(26355712K)] 28627240K->3475385K(29501440K), 0.1784830 secs] [Times: user=9.31 sys=0.01, real=0.18 secs] 
6097.241: [Full GC (Ergonomics) [PSYoungGen: 907250K->0K(26355712K)] [ParOldGen: 2568134K->2129113K(3145728K)] 3475385K->2129113K(29501440K), [Metaspace: 22617K->22617K(1071104K)], 1.7252111 secs] [Times: user=70.17 sys=0.01, real=1.73 secs] 
6109.155: [GC (Allocation Failure) [PSYoungGen: 25448448K->907235K(26355712K)] 27577561K->3421941K(29501440K), 0.1869522 secs] [Times: user=9.99 sys=0.01, real=0.18 secs] 
6118.518: [GC (Allocation Failure) [PSYoungGen: 26355683K->907245K(26355712K)] 28870389K->3856919K(29501440K), 0.2355348 secs] [Times: user=12.48 sys=0.00, real=0.24 secs] 
6118.754: [Full GC (Ergonomics) [PSYoungGen: 907245K->0K(26355712K)] [ParOldGen: 2949673K->2606972K(3145728K)] 3856919K->2606972K(29501440K), [Metaspace: 22617K->22617K(1071104K)], 3.0610486 secs] [Times: user=139.56 sys=0.04, real=3.06 secs] 
6131.195: [Full GC (Ergonomics) [PSYoungGen: 25448448K->0K(26355712K)] [ParOldGen: 2606972K->2713407K(3145728K)] 28055420K->2713407K(29501440K), [Metaspace: 22617K->22617K(1071104K)], 2.3940445 secs] [Times: user=95.58 sys=0.01, real=2.39 secs] 
6137.499: [Full GC (Ergonomics) [PSYoungGen: 25448448K->0K(26355712K)] [ParOldGen: 2713407K->2774529K(3145728K)] 28161855K->2774529K(29501440K), [Metaspace: 22617K->22617K(1071104K)], 3.4817418 secs] [Times: user=144.62 sys=0.02, real=3.48 secs] 
6143.978: [Full GC (Ergonomics) [PSYoungGen: 25448448K->0K(26355712K)] [ParOldGen: 2774529K->2888943K(3145728K)] 28222977K->2888943K(29501440K), [Metaspace: 22617K->22617K(1071104K)], 4.7909113 secs] [Times: user=230.77 sys=0.10, real=4.79 secs] 
6153.158: [Full GC (Ergonomics) [PSYoungGen: 25448448K->0K(26355712K)] [ParOldGen: 2888943K->3127893K(3145728K)] 28337391K->3127893K(29501440K), [Metaspace: 22617K->22617K(1071104K)], 2.6848632 secs] [Times: user=111.02 sys=0.02, real=2.69 secs] 
6160.809: [Full GC (Ergonomics) [PSYoungGen: 25448448K->168756K(26355712K)] [ParOldGen: 3127893K->3145499K(3145728K)] 28576341K->3314256K(29501440K), [Metaspace: 22617K->22617K(1071104K)], 6.6769537 secs] [Times: user=326.44 sys=0.11, real=6.68 secs] 
6173.120: [Full GC (Ergonomics) [PSYoungGen: 25448448K->118036K(26355712K)] [ParOldGen: 3145499K->3145705K(3145728K)] 28593947K->3263741K(29501440K), [Metaspace: 22617K->22617K(1071104K)], 7.4326095 secs] [Times: user=374.36 sys=0.12, real=7.44 secs] 
6184.166: [Full GC (Ergonomics) [PSYoungGen: 25448448K->569798K(26355712K)] [ParOldGen: 3145705K->3145671K(3145728K)] 28594153K->3715470K(29501440K), [Metaspace: 22617K->22617K(1071104K)], 7.1911716 secs] [Times: user=346.51 sys=0.10, real=7.19 secs] 
6195.810: [Full GC (Ergonomics) [PSYoungGen: 25448448K->722993K(26355712K)] [ParOldGen: 3145671K->3145700K(3145728K)] 28594119K->3868693K(29501440K), [Metaspace: 22617K->22617K(1071104K)], 8.9834686 secs] [Times: user=449.06 sys=0.14, real=8.99 secs] 
6209.559: [Full GC (Ergonomics) [PSYoungGen: 25448448K->1043088K(26355712K)] [ParOldGen: 3145700K->3145727K(3145728K)] 28594148K->4188815K(29501440K), [Metaspace: 22617K->22617K(1071104K)], 7.8816235 secs] [Times: user=383.34 sys=0.13, real=7.88 secs] 
6221.823: [Full GC (Ergonomics) [PSYoungGen: 25448448K->1453253K(26355712K)] [ParOldGen: 3145727K->3145704K(3145728K)] 28594175K->4598958K(29501440K), [Metaspace: 22617K->22617K(1071104K)], 11.8267064 secs] [Times: user=632.61 sys=0.25, real=11.83 secs] 
6237.865: [Full GC (Ergonomics) [PSYoungGen: 25448448K->1701175K(26355712K)] [ParOldGen: 3145704K->3145582K(3145728K)] 28594152K->4846757K(29501440K), [Metaspace: 22617K->22617K(1071104K)], 11.6988878 secs] [Times: user=578.67 sys=0.20, real=11.70 secs] 
6256.358: [Full GC (Ergonomics) [PSYoungGen: 25448448K->1830178K(26355712K)] [ParOldGen: 3145582K->3145516K(3145728K)] 28594030K->4975694K(29501440K), [Metaspace: 22617K->22617K(1071104K)], 10.0353608 secs] [Times: user=486.53 sys=0.13, real=10.04 secs] 
6271.634: [Full GC (Ergonomics) [PSYoungGen: 25448448K->1847006K(26355712K)] [ParOldGen: 3145516K->3145463K(3145728K)] 28593964K->4992469K(29501440K), [Metaspace: 22617K->22617K(1071104K)], 8.2079292 secs] [Times: user=406.82 sys=0.12, real=8.20 secs] 
6282.654: [Full GC (System.gc()) [PSYoungGen: 6017700K->0K(26355712K)] [ParOldGen: 3145463K->283512K(3145728K)] 9163163K->283512K(29501440K), [Metaspace: 22622K->22622K(1071104K)], 0.2709925 secs] [Times: user=7.71 sys=0.00, real=0.27 secs] 
6323.469: [GC (Allocation Failure) [PSYoungGen: 25448448K->907259K(26355712K)] 25731960K->1239883K(29501440K), 0.0976191 secs] [Times: user=5.00 sys=0.01, real=0.10 secs] 
6336.681: [GC (Allocation Failure) [PSYoungGen: 26355707K->907251K(26355712K)] 26688331K->1281692K(29501440K), 0.0936851 secs] [Times: user=4.43 sys=0.01, real=0.10 secs] 
6346.934: [GC (Allocation Failure) [PSYoungGen: 26355699K->888672K(26355712K)] 26730140K->1263112K(29501440K), 0.0792010 secs] [Times: user=3.90 sys=0.00, real=0.08 secs] 
6355.234: [GC (Allocation Failure) [PSYoungGen: 26337120K->907256K(26355712K)] 26711560K->1295480K(29501440K), 0.0817224 secs] [Times: user=4.05 sys=0.01, real=0.08 secs] 
6363.066: [GC (Allocation Failure) [PSYoungGen: 26355704K->907259K(26355712K)] 26743928K->1308659K(29501440K), 0.0898546 secs] [Times: user=4.12 sys=0.01, real=0.09 secs] 
6369.857: [GC (Allocation Failure) [PSYoungGen: 26355707K->894425K(26355712K)] 26757107K->1295826K(29501440K), 0.0814732 secs] [Times: user=3.89 sys=0.01, real=0.08 secs] 
6376.716: [GC (Allocation Failure) [PSYoungGen: 26342873K->907240K(26355712K)] 26744274K->1334257K(29501440K), 0.0896285 secs] [Times: user=4.28 sys=0.00, real=0.09 secs] 
6382.524: [GC (Allocation Failure) [PSYoungGen: 26355688K->907243K(26355712K)] 26782705K->1382731K(29501440K), 0.0908122 secs] [Times: user=4.65 sys=0.00, real=0.09 secs] 
6388.549: [GC (Allocation Failure) [PSYoungGen: 26355691K->907255K(26355712K)] 26831179K->1441735K(29501440K), 0.0923147 secs] [Times: user=4.70 sys=0.00, real=0.09 secs] 
6393.907: [GC (Allocation Failure) [PSYoungGen: 26355703K->907262K(26355712K)] 26890183K->1484710K(29501440K), 0.0904286 secs] [Times: user=4.63 sys=0.01, real=0.09 secs] 
6399.000: [GC (Allocation Failure) [PSYoungGen: 26355710K->907241K(26355712K)] 26933158K->1538985K(29501440K), 0.0984018 secs] [Times: user=4.61 sys=0.00, real=0.10 secs] 
6404.334: [GC (Allocation Failure) [PSYoungGen: 26355689K->907254K(26355712K)] 26987433K->1739310K(29501440K), 0.1274223 secs] [Times: user=6.63 sys=0.01, real=0.12 secs] 
6409.363: [GC (Allocation Failure) [PSYoungGen: 26355702K->907237K(26355712K)] 27187758K->1750469K(29501440K), 0.0916560 secs] [Times: user=4.33 sys=0.01, real=0.10 secs] 
6413.845: [GC (Allocation Failure) [PSYoungGen: 26355685K->907262K(26355712K)] 27198917K->1802166K(29501440K), 0.0982936 secs] [Times: user=4.98 sys=0.01, real=0.10 secs] 
6418.286: [GC (Allocation Failure) [PSYoungGen: 26355710K->907236K(26355712K)] 27250614K->1867133K(29501440K), 0.1082549 secs] [Times: user=5.01 sys=0.01, real=0.11 secs] 
6422.660: [GC (Allocation Failure) [PSYoungGen: 26355684K->767660K(26355712K)] 27315581K->1975849K(29501440K), 0.1183422 secs] [Times: user=5.91 sys=0.00, real=0.12 secs] 
6426.875: [GC (Allocation Failure) [PSYoungGen: 26216108K->705323K(26355712K)] 27424297K->1918009K(29501440K), 0.0938400 secs] [Times: user=4.85 sys=0.00, real=0.09 secs] 
6430.744: [GC (Allocation Failure) [PSYoungGen: 26153771K->798521K(26355712K)] 27366457K->2014721K(29501440K), 0.1032015 secs] [Times: user=5.35 sys=0.00, real=0.10 secs] 
6434.818: [GC (Allocation Failure) [PSYoungGen: 26246969K->738098K(26355712K)] 27463169K->1959908K(29501440K), 0.1113627 secs] [Times: user=5.58 sys=0.00, real=0.11 secs] 
6438.903: [GC (Allocation Failure) [PSYoungGen: 26186546K->723106K(26355712K)] 27408356K->1946404K(29501440K), 0.0987710 secs] [Times: user=4.94 sys=0.00, real=0.09 secs] 
6442.380: [GC (Allocation Failure) [PSYoungGen: 26171554K->799351K(26355712K)] 27394852K->2026731K(29501440K), 0.1069215 secs] [Times: user=5.35 sys=0.01, real=0.11 secs] 
6446.028: [GC (Allocation Failure) [PSYoungGen: 26247799K->855788K(26355712K)] 27475179K->2084872K(29501440K), 0.1055552 secs] [Times: user=5.62 sys=0.00, real=0.11 secs] 
6449.560: [GC (Allocation Failure) [PSYoungGen: 26304236K->847359K(26355712K)] 27533320K->2078083K(29501440K), 0.1127789 secs] [Times: user=5.64 sys=0.00, real=0.11 secs] 
6462.110: [GC (Allocation Failure) [PSYoungGen: 26295807K->907256K(26355712K)] 27526531K->2251037K(29501440K), 0.1606781 secs] [Times: user=8.27 sys=0.01, real=0.16 secs] 
6463.550: [GC (System.gc()) [PSYoungGen: 1149221K->789575K(26355712K)] 2493002K->2134804K(29501440K), 0.0757728 secs] [Times: user=3.88 sys=0.00, real=0.08 secs] 
6463.626: [Full GC (System.gc()) [PSYoungGen: 789575K->0K(26355712K)] [ParOldGen: 1345228K->265323K(3145728K)] 2134804K->265323K(29501440K), [Metaspace: 22650K->22650K(1071104K)], 0.0889877 secs] [Times: user=1.77 sys=0.01, real=0.09 secs] 
6470.840: [GC (System.gc()) [PSYoungGen: 3363289K->320K(26355712K)] 3628613K->265643K(29501440K), 0.0083453 secs] [Times: user=0.24 sys=0.00, real=0.01 secs] 
6470.849: [Full GC (System.gc()) [PSYoungGen: 320K->0K(26355712K)] [ParOldGen: 265323K->255239K(3145728K)] 265643K->255239K(29501440K), [Metaspace: 22663K->22663K(1071104K)], 0.0966708 secs] [Times: user=2.36 sys=0.01, real=0.10 secs] 
6488.530: [GC (Allocation Failure) [PSYoungGen: 25448448K->907245K(26355712K)] 25703687K->1242613K(29501440K), 0.1048454 secs] [Times: user=5.12 sys=0.01, real=0.11 secs] 
6501.321: [GC (Allocation Failure) [PSYoungGen: 26355693K->882225K(26355712K)] 26691061K->1217601K(29501440K), 0.0800384 secs] [Times: user=3.65 sys=0.00, real=0.08 secs] 
6515.564: [GC (System.gc()) [PSYoungGen: 21712268K->59965K(26355712K)] 22047644K->395341K(29501440K), 0.0181725 secs] [Times: user=0.43 sys=0.01, real=0.01 secs] 
6515.582: [Full GC (System.gc()) [PSYoungGen: 59965K->0K(26355712K)] [ParOldGen: 335375K->263432K(3145728K)] 395341K->263432K(29501440K), [Metaspace: 22731K->22731K(1071104K)], 0.0828840 secs] [Times: user=1.71 sys=0.01, real=0.09 secs] 
6515.898: [GC (System.gc()) [PSYoungGen: 741K->96K(26355712K)] 264174K->263528K(29501440K), 0.0355065 secs] [Times: user=0.21 sys=0.00, real=0.04 secs] 
6515.934: [Full GC (System.gc()) [PSYoungGen: 96K->0K(26355712K)] [ParOldGen: 263432K->262589K(3145728K)] 263528K->262589K(29501440K), [Metaspace: 22735K->22735K(1071104K)], 0.2331960 secs] [Times: user=0.99 sys=0.00, real=0.23 secs] 
6516.385: [GC (System.gc()) [PSYoungGen: 175200K->128K(26355712K)] 437789K->262717K(29501440K), 0.0104329 secs] [Times: user=0.30 sys=0.00, real=0.01 secs] 
6516.396: [Full GC (System.gc()) [PSYoungGen: 128K->0K(26355712K)] [ParOldGen: 262589K->262496K(3145728K)] 262717K->262496K(29501440K), [Metaspace: 22735K->22735K(1071104K)], 0.2282906 secs] [Times: user=5.26 sys=0.00, real=0.23 secs] 
Heap
 PSYoungGen      total 26355712K, used 1189287K [0x0000000140000000, 0x00000007c0000000, 0x00000007c0000000)
  eden space 25448448K, 4% used [0x0000000140000000,0x0000000188969d28,0x0000000751400000)
  from space 907264K, 0% used [0x0000000751400000,0x0000000751400000,0x0000000788a00000)
  to   space 907264K, 0% used [0x0000000788a00000,0x0000000788a00000,0x00000007c0000000)
 ParOldGen       total 3145728K, used 262496K [0x0000000080000000, 0x0000000140000000, 0x0000000140000000)
  object space 3145728K, 8% used [0x0000000080000000,0x00000000900581a0,0x0000000140000000)
 Metaspace       used 22739K, capacity 23586K, committed 23680K, reserved 1071104K
  class space    used 2640K, capacity 2873K, committed 2944K, reserved 1048576K
