Java HotSpot(TM) 64-Bit Server VM (25.60-b12) for linux-amd64 JRE (1.8.0_60-ea-b12), built on Apr 21 2015 19:53:00 by "java_re" with gcc 4.3.0 20080428 (Red Hat 4.3.0-8)
Memory: 4k page, physical 395463368k(389998532k free), swap 16318460k(16318460k free)
CommandLine flags: -XX:+AggressiveOpts -XX:+AlwaysPreTouch -XX:InitialHeapSize=31138512896 -XX:LargePageSizeInBytes=2097152 -XX:MaxHeapSize=31138512896 -XX:MaxNewSize=27917287424 -XX:MaxTenuringThreshold=15 -XX:NewSize=27917287424 -XX:ParallelGCThreads=56 -XX:+PrintGC -XX:+PrintGCDetails -XX:+PrintGCTimeStamps -XX:+PrintTenuringDistribution -XX:SurvivorRatio=28 -XX:TargetSurvivorRatio=95 -XX:-UseAdaptiveSizePolicy -XX:-UseBiasedLocking -XX:+UseCompressedClassPointers -XX:+UseCompressedOops -XX:+UseLargePages -XX:+UseParallelOldGC 
9.141: [GC (Allocation Failure) [PSYoungGen: 25448448K->12699K(26355712K)] 25448448K->12802K(29501440K), 0.0162697 secs] [Times: user=0.30 sys=0.00, real=0.01 secs] 
12.532: [GC (System.gc()) [PSYoungGen: 24004167K->8839K(26355712K)] 24004270K->8950K(29501440K), 0.0160015 secs] [Times: user=0.50 sys=0.00, real=0.01 secs] 
12.548: [Full GC (System.gc()) [PSYoungGen: 8839K->0K(26355712K)] [ParOldGen: 110K->8096K(3145728K)] 8950K->8096K(29501440K), [Metaspace: 16774K->16774K(1064960K)], 0.0426812 secs] [Times: user=0.67 sys=0.13, real=0.05 secs] 
19.490: [GC (Allocation Failure) [PSYoungGen: 25448448K->851971K(26355712K)] 25456544K->860075K(29501440K), 0.0758381 secs] [Times: user=3.43 sys=0.00, real=0.08 secs] 
29.669: [GC (Allocation Failure) [PSYoungGen: 26300419K->852604K(26355712K)] 26308523K->860717K(29501440K), 0.0671438 secs] [Times: user=3.24 sys=0.01, real=0.07 secs] 
101.085: [GC (System.gc()) [PSYoungGen: 23551987K->100025K(26355712K)] 23560100K->108146K(29501440K), 0.0195800 secs] [Times: user=0.77 sys=0.00, real=0.02 secs] 
101.105: [Full GC (System.gc()) [PSYoungGen: 100025K->0K(26355712K)] [ParOldGen: 8120K->106118K(3145728K)] 108146K->106118K(29501440K), [Metaspace: 20053K->20030K(1067008K)], 0.0841138 secs] [Times: user=2.36 sys=0.05, real=0.08 secs] 
220.651: [GC (Allocation Failure) [PSYoungGen: 25448448K->897987K(26355712K)] 25554566K->1004113K(29501440K), 0.0819485 secs] [Times: user=4.32 sys=0.00, real=0.08 secs] 
234.437: [GC (Allocation Failure) [PSYoungGen: 26346435K->899317K(26355712K)] 26452561K->1005516K(29501440K), 0.0812625 secs] [Times: user=3.71 sys=0.00, real=0.08 secs] 
243.299: [GC (Allocation Failure) [PSYoungGen: 26347765K->894998K(26355712K)] 26453964K->1001205K(29501440K), 0.0761280 secs] [Times: user=3.75 sys=0.00, real=0.08 secs] 
255.091: [GC (Allocation Failure) [PSYoungGen: 26343446K->905159K(26355712K)] 26449653K->1011374K(29501440K), 0.0789113 secs] [Times: user=3.93 sys=0.00, real=0.07 secs] 
264.193: [GC (Allocation Failure) [PSYoungGen: 26353607K->907239K(26355712K)] 26459822K->1020813K(29501440K), 0.0776525 secs] [Times: user=4.06 sys=0.00, real=0.08 secs] 
271.893: [GC (Allocation Failure) [PSYoungGen: 26355687K->907249K(26355712K)] 26469261K->1081535K(29501440K), 0.0933757 secs] [Times: user=4.60 sys=0.00, real=0.09 secs] 
278.168: [GC (Allocation Failure) [PSYoungGen: 26355697K->907233K(26355712K)] 26529983K->1091663K(29501440K), 0.0795209 secs] [Times: user=4.10 sys=0.00, real=0.08 secs] 
284.714: [GC (Allocation Failure) [PSYoungGen: 26355681K->907239K(26355712K)] 26540111K->1157973K(29501440K), 0.0934713 secs] [Times: user=4.66 sys=0.01, real=0.09 secs] 
290.775: [GC (Allocation Failure) [PSYoungGen: 26355687K->907259K(26355712K)] 26606421K->1223530K(29501440K), 0.1062760 secs] [Times: user=5.00 sys=0.00, real=0.11 secs] 
296.401: [GC (Allocation Failure) [PSYoungGen: 26355707K->907238K(26355712K)] 26671978K->1301540K(29501440K), 0.0974255 secs] [Times: user=4.90 sys=0.01, real=0.09 secs] 
301.382: [GC (Allocation Failure) [PSYoungGen: 26355686K->907233K(26355712K)] 26749988K->1480784K(29501440K), 0.1216773 secs] [Times: user=6.50 sys=0.00, real=0.12 secs] 
306.038: [GC (Allocation Failure) [PSYoungGen: 26355681K->907263K(26355712K)] 26929232K->1889262K(29501440K), 0.1798124 secs] [Times: user=9.39 sys=0.01, real=0.18 secs] 
310.184: [GC (Allocation Failure) [PSYoungGen: 26355711K->907247K(26355712K)] 27337710K->2060566K(29501440K), 0.1303781 secs] [Times: user=6.75 sys=0.00, real=0.13 secs] 
315.598: [GC (Allocation Failure) [PSYoungGen: 26355695K->907235K(26355712K)] 27509014K->2291946K(29501440K), 0.1509747 secs] [Times: user=7.88 sys=0.00, real=0.15 secs] 
318.385: [GC (Allocation Failure) [PSYoungGen: 26355683K->907239K(26355712K)] 27740394K->2569789K(29501440K), 0.1800643 secs] [Times: user=9.46 sys=0.01, real=0.18 secs] 
321.560: [GC (Allocation Failure) [PSYoungGen: 26355687K->907263K(26355712K)] 28018237K->2796169K(29501440K), 0.1563523 secs] [Times: user=7.72 sys=0.00, real=0.16 secs] 
324.892: [GC (Allocation Failure) [PSYoungGen: 26355711K->772440K(26355712K)] 28244617K->2669606K(29501440K), 0.1274706 secs] [Times: user=6.26 sys=0.00, real=0.12 secs] 
327.764: [GC (Allocation Failure) [PSYoungGen: 26220888K->907255K(26355712K)] 28118054K->2860846K(29501440K), 0.1450380 secs] [Times: user=6.98 sys=0.01, real=0.14 secs] 
330.438: [GC (Allocation Failure) [PSYoungGen: 26355703K->907257K(26355712K)] 28309294K->3101617K(29501440K), 0.1715613 secs] [Times: user=8.89 sys=0.01, real=0.17 secs] 
333.101: [GC (Allocation Failure) [PSYoungGen: 26355705K->907238K(26355712K)] 28550065K->3364687K(29501440K), 0.1583593 secs] [Times: user=8.24 sys=0.01, real=0.15 secs] 
335.827: [GC (Allocation Failure) [PSYoungGen: 26355686K->869862K(26355712K)] 28813135K->3335259K(29501440K), 0.1076636 secs] [Times: user=5.56 sys=0.01, real=0.11 secs] 
338.536: [GC (Allocation Failure) [PSYoungGen: 26318310K->853834K(26355712K)] 28783707K->3327603K(29501440K), 0.1131455 secs] [Times: user=5.52 sys=0.01, real=0.11 secs] 
341.158: [GC (Allocation Failure) [PSYoungGen: 26302282K->907251K(26355712K)] 28776051K->3657322K(29501440K), 0.1607029 secs] [Times: user=8.39 sys=0.01, real=0.16 secs] 
341.319: [Full GC (Ergonomics) [PSYoungGen: 907251K->0K(26355712K)] [ParOldGen: 2750071K->1638919K(3145728K)] 3657322K->1638919K(29501440K), [Metaspace: 22156K->22145K(1069056K)], 1.6503142 secs] [Times: user=33.19 sys=0.23, real=1.65 secs] 
345.493: [GC (Allocation Failure) [PSYoungGen: 25448448K->855313K(26355712K)] 27087367K->2494232K(29501440K), 0.1271846 secs] [Times: user=6.39 sys=0.00, real=0.13 secs] 
348.082: [GC (Allocation Failure) [PSYoungGen: 26303761K->907262K(26355712K)] 27942680K->2709917K(29501440K), 0.1638298 secs] [Times: user=8.43 sys=0.00, real=0.16 secs] 
350.836: [GC (Allocation Failure) [PSYoungGen: 26355710K->907257K(26355712K)] 28158365K->3138297K(29501440K), 0.2021066 secs] [Times: user=10.80 sys=0.00, real=0.20 secs] 
353.531: [GC (Allocation Failure) [PSYoungGen: 26355705K->907240K(26355712K)] 28586745K->3542079K(29501440K), 0.1984861 secs] [Times: user=10.39 sys=0.00, real=0.20 secs] 
353.730: [Full GC (Ergonomics) [PSYoungGen: 907240K->0K(26355712K)] [ParOldGen: 2634838K->1718507K(3145728K)] 3542079K->1718507K(29501440K), [Metaspace: 22146K->22146K(1069056K)], 1.2167830 secs] [Times: user=31.20 sys=0.02, real=1.22 secs] 
357.436: [GC (Allocation Failure) [PSYoungGen: 25448448K->907241K(26355712K)] 27166955K->2883749K(29501440K), 0.1729064 secs] [Times: user=9.29 sys=0.01, real=0.17 secs] 
359.376: [GC (System.gc()) [PSYoungGen: 9931642K->710615K(26355712K)] 11908150K->2687131K(29501440K), 0.1119903 secs] [Times: user=4.84 sys=0.01, real=0.11 secs] 
359.488: [Full GC (System.gc()) [PSYoungGen: 710615K->0K(26355712K)] [ParOldGen: 1976516K->172275K(3145728K)] 2687131K->172275K(29501440K), [Metaspace: 22348K->22348K(1069056K)], 0.1482162 secs] [Times: user=4.68 sys=0.01, real=0.15 secs] 
382.747: [GC (Allocation Failure) [PSYoungGen: 25448448K->907241K(26355712K)] 25620723K->1117485K(29501440K), 0.0966191 secs] [Times: user=4.86 sys=0.01, real=0.10 secs] 
390.081: [GC (Allocation Failure) [PSYoungGen: 26355689K->907254K(26355712K)] 26565933K->1148793K(29501440K), 0.0861433 secs] [Times: user=4.42 sys=0.00, real=0.09 secs] 
396.016: [GC (Allocation Failure) [PSYoungGen: 26355702K->907257K(26355712K)] 26597241K->1173669K(29501440K), 0.0887457 secs] [Times: user=4.16 sys=0.01, real=0.09 secs] 
401.340: [GC (Allocation Failure) [PSYoungGen: 26355705K->907246K(26355712K)] 26622117K->1267018K(29501440K), 0.1040440 secs] [Times: user=4.93 sys=0.01, real=0.11 secs] 
406.003: [GC (Allocation Failure) [PSYoungGen: 26355694K->907253K(26355712K)] 26715466K->1366225K(29501440K), 0.1061763 secs] [Times: user=5.26 sys=0.01, real=0.10 secs] 
410.351: [GC (Allocation Failure) [PSYoungGen: 26355701K->907238K(26355712K)] 26814673K->1463441K(29501440K), 0.1040299 secs] [Times: user=5.17 sys=0.01, real=0.10 secs] 
414.478: [GC (Allocation Failure) [PSYoungGen: 26355686K->907234K(26355712K)] 26911889K->1628958K(29501440K), 0.1186372 secs] [Times: user=6.13 sys=0.01, real=0.12 secs] 
418.039: [GC (Allocation Failure) [PSYoungGen: 26355682K->907252K(26355712K)] 27077406K->1868600K(29501440K), 0.1563292 secs] [Times: user=8.02 sys=0.01, real=0.16 secs] 
421.944: [GC (Allocation Failure) [PSYoungGen: 26355700K->907261K(26355712K)] 27317048K->2212201K(29501440K), 0.2061561 secs] [Times: user=10.90 sys=0.00, real=0.21 secs] 
424.889: [GC (Allocation Failure) [PSYoungGen: 26355709K->907243K(26355712K)] 27660649K->2434759K(29501440K), 0.1634980 secs] [Times: user=8.45 sys=0.01, real=0.17 secs] 
428.158: [GC (Allocation Failure) [PSYoungGen: 26355691K->907260K(26355712K)] 27883207K->2510912K(29501440K), 0.1153610 secs] [Times: user=5.48 sys=0.00, real=0.12 secs] 
431.295: [GC (Allocation Failure) [PSYoungGen: 26355708K->907238K(26355712K)] 27959360K->2837882K(29501440K), 0.1771570 secs] [Times: user=8.74 sys=0.01, real=0.18 secs] 
434.373: [GC (Allocation Failure) [PSYoungGen: 26355686K->907234K(26355712K)] 28286330K->2951598K(29501440K), 0.1273494 secs] [Times: user=6.30 sys=0.00, real=0.13 secs] 
437.622: [GC (Allocation Failure) [PSYoungGen: 26355682K->907259K(26355712K)] 28400046K->3378375K(29501440K), 0.1985335 secs] [Times: user=10.54 sys=0.00, real=0.20 secs] 
442.013: [GC (Allocation Failure) [PSYoungGen: 26355707K->907233K(26355712K)] 28826823K->3635420K(29501440K), 0.1673320 secs] [Times: user=8.61 sys=0.00, real=0.17 secs] 
442.181: [Full GC (Ergonomics) [PSYoungGen: 907233K->0K(26355712K)] [ParOldGen: 2728187K->1444460K(3145728K)] 3635420K->1444460K(29501440K), [Metaspace: 22467K->22467K(1069056K)], 1.2228642 secs] [Times: user=27.00 sys=0.12, real=1.22 secs] 
445.837: [GC (Allocation Failure) [PSYoungGen: 25448448K->806722K(26355712K)] 26892908K->2251182K(29501440K), 0.1210898 secs] [Times: user=5.38 sys=0.00, real=0.12 secs] 
448.531: [GC (Allocation Failure) [PSYoungGen: 26255170K->907237K(26355712K)] 27699630K->2645418K(29501440K), 0.1657253 secs] [Times: user=8.85 sys=0.01, real=0.16 secs] 
451.293: [GC (Allocation Failure) [PSYoungGen: 26355685K->907232K(26355712K)] 28093866K->2936925K(29501440K), 0.1659492 secs] [Times: user=8.72 sys=0.01, real=0.16 secs] 
453.978: [GC (Allocation Failure) [PSYoungGen: 26355680K->907234K(26355712K)] 28385373K->3120847K(29501440K), 0.1532816 secs] [Times: user=7.53 sys=0.01, real=0.16 secs] 
456.720: [GC (Allocation Failure) [PSYoungGen: 26355682K->907234K(26355712K)] 28569295K->3333086K(29501440K), 0.1468767 secs] [Times: user=7.83 sys=0.01, real=0.15 secs] 
459.892: [GC (Allocation Failure) [PSYoungGen: 26355682K->907252K(26355712K)] 28781534K->3634928K(29501440K), 0.1666758 secs] [Times: user=8.73 sys=0.01, real=0.16 secs] 
460.060: [Full GC (Ergonomics) [PSYoungGen: 907252K->0K(26355712K)] [ParOldGen: 2727676K->1645133K(3145728K)] 3634928K->1645133K(29501440K), [Metaspace: 22467K->22467K(1069056K)], 1.4475157 secs] [Times: user=33.85 sys=0.00, real=1.45 secs] 
464.079: [GC (Allocation Failure) [PSYoungGen: 25448448K->907257K(26355712K)] 27093581K->2867198K(29501440K), 0.1846358 secs] [Times: user=9.60 sys=0.01, real=0.19 secs] 
466.677: [GC (Allocation Failure) [PSYoungGen: 26355705K->907242K(26355712K)] 28315646K->3290343K(29501440K), 0.1958942 secs] [Times: user=10.36 sys=0.01, real=0.20 secs] 
469.392: [GC (Allocation Failure) [PSYoungGen: 26355690K->907244K(26355712K)] 28738791K->3674729K(29501440K), 0.1846448 secs] [Times: user=9.83 sys=0.01, real=0.18 secs] 
469.578: [Full GC (Ergonomics) [PSYoungGen: 907244K->0K(26355712K)] [ParOldGen: 2767484K->1667649K(3145728K)] 3674729K->1667649K(29501440K), [Metaspace: 22467K->22467K(1069056K)], 1.1094346 secs] [Times: user=29.97 sys=0.01, real=1.11 secs] 
475.052: [GC (Allocation Failure) [PSYoungGen: 25448448K->907244K(26355712K)] 27116097K->2717454K(29501440K), 0.1785538 secs] [Times: user=8.86 sys=0.00, real=0.18 secs] 
477.997: [GC (Allocation Failure) [PSYoungGen: 26355692K->907249K(26355712K)] 28165902K->3041626K(29501440K), 0.1718475 secs] [Times: user=9.42 sys=0.00, real=0.17 secs] 
480.688: [GC (Allocation Failure) [PSYoungGen: 26355697K->907238K(26355712K)] 28490074K->3266807K(29501440K), 0.1590661 secs] [Times: user=8.28 sys=0.01, real=0.16 secs] 
483.466: [GC (Allocation Failure) [PSYoungGen: 26355686K->907261K(26355712K)] 28715255K->3462526K(29501440K), 0.1660065 secs] [Times: user=8.36 sys=0.00, real=0.17 secs] 
486.337: [GC (Allocation Failure) [PSYoungGen: 26355709K->907263K(26355712K)] 28910974K->3585264K(29501440K), 0.1595465 secs] [Times: user=8.07 sys=0.00, real=0.16 secs] 
486.497: [Full GC (Ergonomics) [PSYoungGen: 907263K->0K(26355712K)] [ParOldGen: 2678001K->1503336K(3145728K)] 3585264K->1503336K(29501440K), [Metaspace: 22467K->22467K(1069056K)], 0.9442966 secs] [Times: user=27.69 sys=0.01, real=0.95 secs] 
490.812: [GC (Allocation Failure) [PSYoungGen: 25448448K->838027K(26355712K)] 26951784K->2341364K(29501440K), 0.1235717 secs] [Times: user=6.09 sys=0.00, real=0.12 secs] 
493.506: [GC (Allocation Failure) [PSYoungGen: 26286475K->907237K(26355712K)] 27789812K->2580046K(29501440K), 0.1531875 secs] [Times: user=7.52 sys=0.00, real=0.15 secs] 
496.167: [GC (Allocation Failure) [PSYoungGen: 26355685K->907239K(26355712K)] 28028494K->2810728K(29501440K), 0.1522377 secs] [Times: user=8.11 sys=0.00, real=0.15 secs] 
510.356: [GC (System.gc()) [PSYoungGen: 19551922K->846909K(26355712K)] 21455411K->2750398K(29501440K), 0.0997572 secs] [Times: user=4.66 sys=0.01, real=0.10 secs] 
510.456: [Full GC (System.gc()) [PSYoungGen: 846909K->0K(26355712K)] [ParOldGen: 1903488K->270161K(3145728K)] 2750398K->270161K(29501440K), [Metaspace: 22475K->22475K(1069056K)], 0.0907910 secs] [Times: user=1.76 sys=0.01, real=0.09 secs] 
532.728: [GC (Allocation Failure) [PSYoungGen: 25448448K->907263K(26355712K)] 25718609K->1235897K(29501440K), 0.1030047 secs] [Times: user=5.10 sys=0.01, real=0.11 secs] 
539.699: [GC (Allocation Failure) [PSYoungGen: 26355711K->907260K(26355712K)] 26684345K->1262085K(29501440K), 0.0821246 secs] [Times: user=4.23 sys=0.00, real=0.09 secs] 
545.671: [GC (Allocation Failure) [PSYoungGen: 26355708K->907253K(26355712K)] 26710533K->1397286K(29501440K), 0.1141672 secs] [Times: user=5.57 sys=0.00, real=0.12 secs] 
550.756: [GC (Allocation Failure) [PSYoungGen: 26355701K->907261K(26355712K)] 26845734K->1561358K(29501440K), 0.1327175 secs] [Times: user=6.83 sys=0.00, real=0.13 secs] 
555.522: [GC (Allocation Failure) [PSYoungGen: 26355709K->907254K(26355712K)] 27009806K->1666648K(29501440K), 0.1094886 secs] [Times: user=5.60 sys=0.00, real=0.11 secs] 
560.400: [GC (Allocation Failure) [PSYoungGen: 26355702K->907250K(26355712K)] 27115096K->1928035K(29501440K), 0.1429533 secs] [Times: user=7.57 sys=0.01, real=0.15 secs] 
564.268: [GC (Allocation Failure) [PSYoungGen: 26355698K->907255K(26355712K)] 27376483K->1997649K(29501440K), 0.1056167 secs] [Times: user=5.32 sys=0.01, real=0.11 secs] 
568.259: [GC (Allocation Failure) [PSYoungGen: 26355703K->907255K(26355712K)] 27446097K->2064737K(29501440K), 0.1059638 secs] [Times: user=5.26 sys=0.00, real=0.11 secs] 
572.740: [GC (Allocation Failure) [PSYoungGen: 26355703K->907259K(26355712K)] 27513185K->2275068K(29501440K), 0.1434050 secs] [Times: user=7.33 sys=0.00, real=0.15 secs] 
575.355: [GC (Allocation Failure) [PSYoungGen: 26355707K->907250K(26355712K)] 27723516K->2773903K(29501440K), 0.2267943 secs] [Times: user=11.81 sys=0.00, real=0.23 secs] 
578.748: [GC (Allocation Failure) [PSYoungGen: 26355698K->907256K(26355712K)] 28222351K->3291087K(29501440K), 0.2083452 secs] [Times: user=11.14 sys=0.00, real=0.21 secs] 
581.998: [GC (Allocation Failure) [PSYoungGen: 26355704K->907232K(26355712K)] 28739535K->3551360K(29501440K), 0.1720633 secs] [Times: user=9.23 sys=0.00, real=0.17 secs] 
582.171: [Full GC (Ergonomics) [PSYoungGen: 907232K->0K(26355712K)] [ParOldGen: 2644127K->1542324K(3145728K)] 3551360K->1542324K(29501440K), [Metaspace: 22555K->22555K(1071104K)], 0.9486965 secs] [Times: user=25.51 sys=0.00, real=0.94 secs] 
585.613: [GC (Allocation Failure) [PSYoungGen: 25448448K->907248K(26355712K)] 26990772K->2476821K(29501440K), 0.1347831 secs] [Times: user=6.41 sys=0.00, real=0.13 secs] 
588.312: [GC (Allocation Failure) [PSYoungGen: 26355696K->907244K(26355712K)] 27925269K->2910522K(29501440K), 0.2017558 secs] [Times: user=10.50 sys=0.01, real=0.20 secs] 
592.589: [GC (Allocation Failure) [PSYoungGen: 26355692K->907252K(26355712K)] 28358970K->3406144K(29501440K), 0.2045912 secs] [Times: user=10.88 sys=0.01, real=0.21 secs] 
592.795: [Full GC (Ergonomics) [PSYoungGen: 907252K->0K(26355712K)] [ParOldGen: 2498892K->1846521K(3145728K)] 3406144K->1846521K(29501440K), [Metaspace: 22555K->22555K(1071104K)], 1.6832798 secs] [Times: user=46.00 sys=0.02, real=1.68 secs] 
596.976: [GC (Allocation Failure) [PSYoungGen: 25448448K->907256K(26355712K)] 27294969K->3128097K(29501440K), 0.1935210 secs] [Times: user=9.94 sys=0.00, real=0.19 secs] 
599.729: [GC (Allocation Failure) [PSYoungGen: 26355704K->907262K(26355712K)] 28576545K->3607490K(29501440K), 0.2173024 secs] [Times: user=11.36 sys=0.02, real=0.22 secs] 
599.947: [Full GC (Ergonomics) [PSYoungGen: 907262K->0K(26355712K)] [ParOldGen: 2700227K->2068044K(3145728K)] 3607490K->2068044K(29501440K), [Metaspace: 22555K->22555K(1071104K)], 1.7234600 secs] [Times: user=37.49 sys=0.02, real=1.73 secs] 
604.172: [GC (Allocation Failure) [PSYoungGen: 25448448K->907253K(26355712K)] 27516492K->3182249K(29501440K), 0.1741626 secs] [Times: user=8.82 sys=0.00, real=0.17 secs] 
606.992: [GC (Allocation Failure) [PSYoungGen: 26355701K->907238K(26355712K)] 28630697K->3491538K(29501440K), 0.1687764 secs] [Times: user=9.13 sys=0.01, real=0.17 secs] 
607.162: [Full GC (Ergonomics) [PSYoungGen: 907238K->0K(26355712K)] [ParOldGen: 2584300K->1865505K(3145728K)] 3491538K->1865505K(29501440K), [Metaspace: 22555K->22555K(1071104K)], 1.2891221 secs] [Times: user=28.44 sys=0.02, real=1.29 secs] 
610.966: [GC (Allocation Failure) [PSYoungGen: 25448448K->907235K(26355712K)] 27313953K->2782364K(29501440K), 0.1377495 secs] [Times: user=7.25 sys=0.01, real=0.14 secs] 
613.807: [GC (Allocation Failure) [PSYoungGen: 26355683K->907238K(26355712K)] 28230812K->2901119K(29501440K), 0.2759382 secs] [Times: user=9.52 sys=0.00, real=0.28 secs] 
614.611: [GC (System.gc()) [PSYoungGen: 5299646K->688989K(26355712K)] 7293527K->2682870K(29501440K), 0.0855862 secs] [Times: user=4.31 sys=0.00, real=0.08 secs] 
614.697: [Full GC (System.gc()) [PSYoungGen: 688989K->0K(26355712K)] [ParOldGen: 1993881K->271094K(3145728K)] 2682870K->271094K(29501440K), [Metaspace: 22563K->22563K(1071104K)], 0.0932649 secs] [Times: user=2.42 sys=0.01, real=0.09 secs] 
622.207: [GC (System.gc()) [PSYoungGen: 3400278K->800K(26355712K)] 3671373K->271895K(29501440K), 0.0092281 secs] [Times: user=0.13 sys=0.00, real=0.01 secs] 
622.217: [Full GC (System.gc()) [PSYoungGen: 800K->0K(26355712K)] [ParOldGen: 271094K->264537K(3145728K)] 271895K->264537K(29501440K), [Metaspace: 22586K->22586K(1071104K)], 0.1232207 secs] [Times: user=4.58 sys=0.00, real=0.12 secs] 
648.537: [GC (Allocation Failure) [PSYoungGen: 25448448K->907252K(26355712K)] 25712985K->1219861K(29501440K), 0.0972727 secs] [Times: user=4.97 sys=0.01, real=0.10 secs] 
670.865: [GC (Allocation Failure) [PSYoungGen: 26355700K->907239K(26355712K)] 26668309K->1235920K(29501440K), 0.0841479 secs] [Times: user=4.24 sys=0.00, real=0.08 secs] 
693.193: [GC (Allocation Failure) [PSYoungGen: 26355687K->903569K(26355712K)] 26684368K->1232250K(29501440K), 0.0773976 secs] [Times: user=3.88 sys=0.01, real=0.08 secs] 
715.532: [GC (Allocation Failure) [PSYoungGen: 26352017K->907252K(26355712K)] 26680698K->1236781K(29501440K), 0.0776146 secs] [Times: user=3.88 sys=0.01, real=0.07 secs] 
737.736: [GC (Allocation Failure) [PSYoungGen: 26355700K->907255K(26355712K)] 26685229K->1239120K(29501440K), 0.0843389 secs] [Times: user=3.87 sys=0.00, real=0.08 secs] 
760.090: [GC (Allocation Failure) [PSYoungGen: 26355703K->901713K(26355712K)] 26687568K->1233578K(29501440K), 0.0818592 secs] [Times: user=3.82 sys=0.01, real=0.09 secs] 
782.326: [GC (Allocation Failure) [PSYoungGen: 26350161K->899561K(26355712K)] 26682026K->1231426K(29501440K), 0.0778159 secs] [Times: user=3.80 sys=0.00, real=0.08 secs] 
804.598: [GC (Allocation Failure) [PSYoungGen: 26348009K->907257K(26355712K)] 26679874K->1239242K(29501440K), 0.0827739 secs] [Times: user=3.84 sys=0.00, real=0.09 secs] 
989.386: [GC (Allocation Failure) [PSYoungGen: 26355705K->892440K(26355712K)] 26687690K->1224433K(29501440K), 0.0841159 secs] [Times: user=3.71 sys=0.01, real=0.08 secs] 
1068.071: [GC (Allocation Failure) [PSYoungGen: 26340888K->893449K(26355712K)] 26672881K->1225442K(29501440K), 0.0831754 secs] [Times: user=3.86 sys=0.01, real=0.08 secs] 
1123.555: [GC (Allocation Failure) [PSYoungGen: 26341897K->896345K(26355712K)] 26673890K->1228338K(29501440K), 0.0867409 secs] [Times: user=3.71 sys=0.01, real=0.09 secs] 
1169.853: [GC (Allocation Failure) [PSYoungGen: 26344793K->894401K(26355712K)] 26676786K->1226394K(29501440K), 0.0793163 secs] [Times: user=3.79 sys=0.01, real=0.08 secs] 
1211.669: [GC (Allocation Failure) [PSYoungGen: 26342849K->895033K(26355712K)] 26674842K->1227026K(29501440K), 0.0816154 secs] [Times: user=3.65 sys=0.01, real=0.09 secs] 
1248.525: [GC (Allocation Failure) [PSYoungGen: 26343481K->899648K(26355712K)] 26675474K->1231642K(29501440K), 0.0854162 secs] [Times: user=3.78 sys=0.01, real=0.08 secs] 
1282.450: [GC (Allocation Failure) [PSYoungGen: 26348096K->905600K(26355712K)] 26680090K->1237593K(29501440K), 0.0782770 secs] [Times: user=3.76 sys=0.00, real=0.08 secs] 
1314.092: [GC (Allocation Failure) [PSYoungGen: 26354048K->597614K(26355712K)] 26686041K->1231447K(29501440K), 0.1121159 secs] [Times: user=5.31 sys=0.00, real=0.11 secs] 
1343.608: [GC (Allocation Failure) [PSYoungGen: 26046062K->600502K(26355712K)] 26679895K->1236856K(29501440K), 0.0951368 secs] [Times: user=4.48 sys=0.01, real=0.10 secs] 
1371.328: [GC (Allocation Failure) [PSYoungGen: 26048950K->600541K(26355712K)] 26685304K->1238191K(29501440K), 0.0950100 secs] [Times: user=4.52 sys=0.01, real=0.10 secs] 
1398.176: [GC (Allocation Failure) [PSYoungGen: 26048989K->601853K(26355712K)] 26686639K->1240600K(29501440K), 0.0866120 secs] [Times: user=4.49 sys=0.00, real=0.09 secs] 
1422.780: [GC (Allocation Failure) [PSYoungGen: 26050301K->592781K(26355712K)] 26689048K->1233576K(29501440K), 0.0871572 secs] [Times: user=4.38 sys=0.00, real=0.09 secs] 
1447.404: [GC (Allocation Failure) [PSYoungGen: 26041229K->603053K(26355712K)] 26682024K->1244624K(29501440K), 0.0970250 secs] [Times: user=4.45 sys=0.01, real=0.10 secs] 
1470.521: [GC (Allocation Failure) [PSYoungGen: 26051501K->606290K(26355712K)] 26693072K->1248469K(29501440K), 0.0904394 secs] [Times: user=4.52 sys=0.00, real=0.09 secs] 
1492.611: [GC (Allocation Failure) [PSYoungGen: 26054738K->598450K(26355712K)] 26696917K->1241845K(29501440K), 0.0895004 secs] [Times: user=4.43 sys=0.01, real=0.09 secs] 
1514.729: [GC (Allocation Failure) [PSYoungGen: 26046898K->592941K(26355712K)] 26690293K->1237680K(29501440K), 0.0911343 secs] [Times: user=4.46 sys=0.01, real=0.09 secs] 
1535.564: [GC (Allocation Failure) [PSYoungGen: 26041389K->607069K(26355712K)] 26686128K->1252416K(29501440K), 0.0938700 secs] [Times: user=4.66 sys=0.01, real=0.09 secs] 
1555.560: [GC (Allocation Failure) [PSYoungGen: 26055517K->619607K(26355712K)] 26700864K->1265523K(29501440K), 0.0910315 secs] [Times: user=4.78 sys=0.01, real=0.10 secs] 
1575.752: [GC (Allocation Failure) [PSYoungGen: 26068055K->593709K(26355712K)] 26713971K->1240257K(29501440K), 0.0924354 secs] [Times: user=4.29 sys=0.01, real=0.09 secs] 
1595.105: [GC (Allocation Failure) [PSYoungGen: 26042157K->600621K(26355712K)] 26688705K->1247769K(29501440K), 0.0943822 secs] [Times: user=4.59 sys=0.01, real=0.09 secs] 
1613.576: [GC (Allocation Failure) [PSYoungGen: 26049069K->604413K(26355712K)] 26696217K->1252169K(29501440K), 0.0937868 secs] [Times: user=4.46 sys=0.00, real=0.09 secs] 
1632.045: [GC (Allocation Failure) [PSYoungGen: 26052861K->598413K(26355712K)] 26700617K->1246745K(29501440K), 0.0916967 secs] [Times: user=4.49 sys=0.01, real=0.09 secs] 
1650.368: [GC (Allocation Failure) [PSYoungGen: 26046861K->612770K(26355712K)] 26695193K->1261670K(29501440K), 0.0992051 secs] [Times: user=4.45 sys=0.00, real=0.10 secs] 
1667.425: [GC (Allocation Failure) [PSYoungGen: 26061218K->617746K(26355712K)] 26710118K->1267214K(29501440K), 0.0931889 secs] [Times: user=4.74 sys=0.02, real=0.09 secs] 
1684.389: [GC (Allocation Failure) [PSYoungGen: 26066194K->607773K(26355712K)] 26715662K->1257793K(29501440K), 0.0874462 secs] [Times: user=4.52 sys=0.01, real=0.09 secs] 
1701.394: [GC (Allocation Failure) [PSYoungGen: 26056221K->609325K(26355712K)] 26706241K->1260041K(29501440K), 0.0945758 secs] [Times: user=4.68 sys=0.02, real=0.09 secs] 
1718.329: [GC (Allocation Failure) [PSYoungGen: 26057773K->618850K(26355712K)] 26708489K->1270165K(29501440K), 0.0939026 secs] [Times: user=4.50 sys=0.01, real=0.10 secs] 
1734.164: [GC (Allocation Failure) [PSYoungGen: 26067298K->612045K(26355712K)] 26718613K->1263945K(29501440K), 0.0947203 secs] [Times: user=4.68 sys=0.01, real=0.09 secs] 
1749.939: [GC (Allocation Failure) [PSYoungGen: 26060493K->606397K(26355712K)] 26712393K->1258921K(29501440K), 0.0949160 secs] [Times: user=4.50 sys=0.01, real=0.10 secs] 
1765.646: [GC (Allocation Failure) [PSYoungGen: 26054845K->603266K(26355712K)] 26707369K->1256382K(29501440K), 0.0935427 secs] [Times: user=4.67 sys=0.01, real=0.09 secs] 
1781.446: [GC (Allocation Failure) [PSYoungGen: 26051714K->606989K(26355712K)] 26704830K->1260793K(29501440K), 0.0985851 secs] [Times: user=4.60 sys=0.00, real=0.10 secs] 
1796.189: [GC (Allocation Failure) [PSYoungGen: 26055437K->609933K(26355712K)] 26709241K->1264329K(29501440K), 0.0906321 secs] [Times: user=4.46 sys=0.01, real=0.09 secs] 
1810.954: [GC (Allocation Failure) [PSYoungGen: 26058381K->601405K(26355712K)] 26712777K->1256913K(29501440K), 0.0903776 secs] [Times: user=4.59 sys=0.01, real=0.09 secs] 
1825.699: [GC (Allocation Failure) [PSYoungGen: 26049853K->603905K(26355712K)] 26705361K->1260110K(29501440K), 0.0908006 secs] [Times: user=4.59 sys=0.01, real=0.09 secs] 
1840.353: [GC (Allocation Failure) [PSYoungGen: 26052353K->617650K(26355712K)] 26708558K->1274478K(29501440K), 0.0944195 secs] [Times: user=4.60 sys=0.01, real=0.09 secs] 
1854.565: [GC (Allocation Failure) [PSYoungGen: 26066098K->602013K(26355712K)] 26722926K->1259442K(29501440K), 0.0956062 secs] [Times: user=4.41 sys=0.01, real=0.10 secs] 
1868.406: [GC (Allocation Failure) [PSYoungGen: 26050461K->609021K(26355712K)] 26707890K->1267026K(29501440K), 0.0998314 secs] [Times: user=4.83 sys=0.01, real=0.10 secs] 
1882.234: [GC (Allocation Failure) [PSYoungGen: 26057469K->610285K(26355712K)] 26715474K->1269698K(29501440K), 0.0887523 secs] [Times: user=4.57 sys=0.00, real=0.09 secs] 
1896.048: [GC (Allocation Failure) [PSYoungGen: 26058733K->616759K(26355712K)] 26718146K->1276860K(29501440K), 0.0985940 secs] [Times: user=4.68 sys=0.01, real=0.10 secs] 
1909.850: [GC (Allocation Failure) [PSYoungGen: 26065207K->606674K(26355712K)] 26725308K->1267463K(29501440K), 0.0944040 secs] [Times: user=4.53 sys=0.00, real=0.10 secs] 
1923.013: [GC (Allocation Failure) [PSYoungGen: 26055122K->604253K(26355712K)] 26715911K->1265626K(29501440K), 0.1002927 secs] [Times: user=4.68 sys=0.00, real=0.10 secs] 
1936.074: [GC (Allocation Failure) [PSYoungGen: 26052701K->617074K(26355712K)] 26714074K->1279047K(29501440K), 0.0978265 secs] [Times: user=4.80 sys=0.01, real=0.10 secs] 
1949.118: [GC (Allocation Failure) [PSYoungGen: 26065522K->620434K(26355712K)] 26727495K->1283048K(29501440K), 0.0979249 secs] [Times: user=4.58 sys=0.00, real=0.10 secs] 
1962.161: [GC (Allocation Failure) [PSYoungGen: 26068882K->604621K(26355712K)] 26731496K->1267834K(29501440K), 0.0901641 secs] [Times: user=4.61 sys=0.01, real=0.09 secs] 
1975.251: [GC (Allocation Failure) [PSYoungGen: 26053069K->606093K(26355712K)] 26716282K->1269906K(29501440K), 0.0912438 secs] [Times: user=4.59 sys=0.00, real=0.09 secs] 
1987.671: [GC (Allocation Failure) [PSYoungGen: 26054541K->599069K(26355712K)] 26718354K->1263506K(29501440K), 0.0903347 secs] [Times: user=4.49 sys=0.00, real=0.09 secs] 
2000.123: [GC (Allocation Failure) [PSYoungGen: 26047517K->622285K(26355712K)] 26711954K->1287362K(29501440K), 0.0976887 secs] [Times: user=4.56 sys=0.01, real=0.10 secs] 
2012.570: [GC (Allocation Failure) [PSYoungGen: 26070733K->607718K(26355712K)] 26735810K->1273420K(29501440K), 0.0911008 secs] [Times: user=4.69 sys=0.01, real=0.10 secs] 
2024.987: [GC (Allocation Failure) [PSYoungGen: 26056166K->610637K(26355712K)] 26721868K->1276955K(29501440K), 0.0914918 secs] [Times: user=4.56 sys=0.00, real=0.09 secs] 
2037.427: [GC (Allocation Failure) [PSYoungGen: 26059085K->618482K(26355712K)] 26725403K->1285944K(29501440K), 0.0946555 secs] [Times: user=4.63 sys=0.00, real=0.10 secs] 
2049.482: [GC (Allocation Failure) [PSYoungGen: 26066930K->624285K(26355712K)] 26734392K->1292435K(29501440K), 0.0916946 secs] [Times: user=4.60 sys=0.01, real=0.09 secs] 
2061.308: [GC (Allocation Failure) [PSYoungGen: 26072733K->616205K(26355712K)] 26740883K->1284955K(29501440K), 0.0891807 secs] [Times: user=4.54 sys=0.01, real=0.09 secs] 
2073.108: [GC (Allocation Failure) [PSYoungGen: 26064653K->616225K(26355712K)] 26733403K->1285623K(29501440K), 0.0950456 secs] [Times: user=4.48 sys=0.01, real=0.10 secs] 
2084.923: [GC (Allocation Failure) [PSYoungGen: 26064673K->612733K(26355712K)] 26734071K->1282731K(29501440K), 0.0923051 secs] [Times: user=4.72 sys=0.00, real=0.09 secs] 
2096.665: [GC (Allocation Failure) [PSYoungGen: 26061181K->604909K(26355712K)] 26731179K->1275539K(29501440K), 0.0906014 secs] [Times: user=4.48 sys=0.01, real=0.09 secs] 
2108.506: [GC (Allocation Failure) [PSYoungGen: 26053357K->623170K(26355712K)] 26723987K->1294488K(29501440K), 0.0969750 secs] [Times: user=4.67 sys=0.01, real=0.10 secs] 
2119.840: [GC (Allocation Failure) [PSYoungGen: 26071618K->605517K(26355712K)] 26742936K->1277467K(29501440K), 0.0976612 secs] [Times: user=4.55 sys=0.00, real=0.10 secs] 
2131.192: [GC (Allocation Failure) [PSYoungGen: 26053965K->618141K(26355712K)] 26725915K->1290843K(29501440K), 0.1000146 secs] [Times: user=4.48 sys=0.01, real=0.10 secs] 
2142.559: [GC (Allocation Failure) [PSYoungGen: 26066589K->625917K(26355712K)] 26739291K->1299267K(29501440K), 0.0910382 secs] [Times: user=4.68 sys=0.00, real=0.09 secs] 
2153.960: [GC (Allocation Failure) [PSYoungGen: 26074365K->626023K(26355712K)] 26747715K->1299941K(29501440K), 0.0884801 secs] [Times: user=4.74 sys=0.00, real=0.09 secs] 
2165.329: [GC (Allocation Failure) [PSYoungGen: 26074471K->619411K(26355712K)] 26748389K->1293961K(29501440K), 0.0910666 secs] [Times: user=4.57 sys=0.01, real=0.10 secs] 
2176.542: [GC (Allocation Failure) [PSYoungGen: 26067859K->628178K(26355712K)] 26742409K->1303320K(29501440K), 0.0936861 secs] [Times: user=4.77 sys=0.00, real=0.09 secs] 
2187.333: [GC (Allocation Failure) [PSYoungGen: 26076626K->625554K(26355712K)] 26751768K->1301872K(29501440K), 0.0931766 secs] [Times: user=4.80 sys=0.01, real=0.09 secs] 
2198.231: [GC (Allocation Failure) [PSYoungGen: 26074002K->629138K(26355712K)] 26750320K->1306137K(29501440K), 0.0924669 secs] [Times: user=4.59 sys=0.01, real=0.09 secs] 
2209.138: [GC (Allocation Failure) [PSYoungGen: 26077586K->624200K(26355712K)] 26754585K->1301846K(29501440K), 0.0915216 secs] [Times: user=4.76 sys=0.00, real=0.09 secs] 
2220.036: [GC (Allocation Failure) [PSYoungGen: 26072648K->612941K(26355712K)] 26750294K->1291179K(29501440K), 0.0955399 secs] [Times: user=4.68 sys=0.01, real=0.10 secs] 
2230.878: [GC (Allocation Failure) [PSYoungGen: 26061389K->607021K(26355712K)] 26739627K->1285899K(29501440K), 0.0928369 secs] [Times: user=4.53 sys=0.01, real=0.10 secs] 
2241.662: [GC (Allocation Failure) [PSYoungGen: 26055469K->611570K(26355712K)] 26734347K->1291232K(29501440K), 0.0890752 secs] [Times: user=4.64 sys=0.01, real=0.09 secs] 
2252.070: [GC (Allocation Failure) [PSYoungGen: 26060018K->624274K(26355712K)] 26739680K->1304561K(29501440K), 0.0908020 secs] [Times: user=4.58 sys=0.00, real=0.10 secs] 
2262.566: [GC (Allocation Failure) [PSYoungGen: 26072722K->610274K(26355712K)] 26753009K->1291401K(29501440K), 0.0943500 secs] [Times: user=4.67 sys=0.01, real=0.10 secs] 
2273.005: [GC (Allocation Failure) [PSYoungGen: 26058722K->611102K(26355712K)] 26739849K->1293221K(29501440K), 0.0926071 secs] [Times: user=4.57 sys=0.00, real=0.09 secs] 
2283.329: [GC (Allocation Failure) [PSYoungGen: 26059550K->633448K(26355712K)] 26741669K->1316191K(29501440K), 0.0965371 secs] [Times: user=4.84 sys=0.01, real=0.10 secs] 
2293.769: [GC (Allocation Failure) [PSYoungGen: 26081896K->623406K(26355712K)] 26764639K->1306789K(29501440K), 0.0957293 secs] [Times: user=4.87 sys=0.01, real=0.10 secs] 
2304.139: [GC (Allocation Failure) [PSYoungGen: 26071854K->617734K(26355712K)] 26755237K->1301773K(29501440K), 0.0930179 secs] [Times: user=4.69 sys=0.01, real=0.10 secs] 
2314.320: [GC (Allocation Failure) [PSYoungGen: 26066182K->633747K(26355712K)] 26750221K->1318706K(29501440K), 0.0935415 secs] [Times: user=4.62 sys=0.01, real=0.10 secs] 
2324.475: [GC (Allocation Failure) [PSYoungGen: 26082195K->630755K(26355712K)] 26767154K->1316386K(29501440K), 0.0927235 secs] [Times: user=4.53 sys=0.00, real=0.09 secs] 
2334.480: [GC (Allocation Failure) [PSYoungGen: 26079203K->645107K(26355712K)] 26764834K->1331458K(29501440K), 0.1024758 secs] [Times: user=4.82 sys=0.01, real=0.11 secs] 
2344.527: [GC (Allocation Failure) [PSYoungGen: 26093555K->643575K(26355712K)] 26779906K->1330503K(29501440K), 0.0973337 secs] [Times: user=4.72 sys=0.01, real=0.10 secs] 
2354.570: [GC (Allocation Failure) [PSYoungGen: 26092023K->611214K(26355712K)] 26778951K->1298717K(29501440K), 0.0908631 secs] [Times: user=4.73 sys=0.00, real=0.10 secs] 
2364.702: [GC (Allocation Failure) [PSYoungGen: 26059662K->614350K(26355712K)] 26747165K->1302509K(29501440K), 0.0935026 secs] [Times: user=4.49 sys=0.00, real=0.09 secs] 
2374.660: [GC (Allocation Failure) [PSYoungGen: 26062798K->619059K(26355712K)] 26750957K->1307947K(29501440K), 0.0906545 secs] [Times: user=4.58 sys=0.00, real=0.10 secs] 
2384.283: [GC (Allocation Failure) [PSYoungGen: 26067507K->626004K(26355712K)] 26756395K->1315467K(29501440K), 0.0892158 secs] [Times: user=4.75 sys=0.00, real=0.09 secs] 
2393.914: [GC (Allocation Failure) [PSYoungGen: 26074452K->614558K(26355712K)] 26763915K->1304765K(29501440K), 0.0956686 secs] [Times: user=4.70 sys=0.00, real=0.09 secs] 
2403.429: [GC (Allocation Failure) [PSYoungGen: 26063006K->626206K(26355712K)] 26753213K->1317806K(29501440K), 0.0935321 secs] [Times: user=4.67 sys=0.01, real=0.10 secs] 
2413.145: [GC (Allocation Failure) [PSYoungGen: 26074654K->625027K(26355712K)] 26766254K->1317523K(29501440K), 0.0946046 secs] [Times: user=4.56 sys=0.01, real=0.09 secs] 
2422.718: [GC (Allocation Failure) [PSYoungGen: 26073475K->608269K(26355712K)] 26765971K->1303318K(29501440K), 0.0956514 secs] [Times: user=4.61 sys=0.00, real=0.10 secs] 
2432.259: [GC (Allocation Failure) [PSYoungGen: 26056717K->631357K(26355712K)] 26751766K->1327327K(29501440K), 0.0963425 secs] [Times: user=4.64 sys=0.00, real=0.10 secs] 
2441.798: [GC (Allocation Failure) [PSYoungGen: 26079805K->622866K(26355712K)] 26775775K->1319667K(29501440K), 0.0965404 secs] [Times: user=4.49 sys=0.01, real=0.10 secs] 
2451.168: [GC (Allocation Failure) [PSYoungGen: 26071314K->627438K(26355712K)] 26768115K->1324927K(29501440K), 0.0907763 secs] [Times: user=4.71 sys=0.02, real=0.09 secs] 
2460.428: [GC (Allocation Failure) [PSYoungGen: 26075886K->627918K(26355712K)] 26773375K->1326152K(29501440K), 0.0982407 secs] [Times: user=4.77 sys=0.01, real=0.10 secs] 
2469.644: [GC (Allocation Failure) [PSYoungGen: 26076366K->613118K(26355712K)] 26774600K->1311976K(29501440K), 0.0912824 secs] [Times: user=4.71 sys=0.00, real=0.09 secs] 
2478.978: [GC (Allocation Failure) [PSYoungGen: 26061566K->649684K(26355712K)] 26760424K->1349270K(29501440K), 0.0974574 secs] [Times: user=4.77 sys=0.00, real=0.10 secs] 
2488.362: [GC (Allocation Failure) [PSYoungGen: 26098132K->645999K(26355712K)] 26797718K->1346217K(29501440K), 0.0999642 secs] [Times: user=4.81 sys=0.00, real=0.10 secs] 
2497.616: [GC (Allocation Failure) [PSYoungGen: 26094447K->621075K(26355712K)] 26794665K->1321901K(29501440K), 0.0931912 secs] [Times: user=4.78 sys=0.00, real=0.09 secs] 
2506.920: [GC (Allocation Failure) [PSYoungGen: 26069523K->627396K(26355712K)] 26770349K->1328806K(29501440K), 0.0932698 secs] [Times: user=4.80 sys=0.00, real=0.10 secs] 
2515.871: [GC (Allocation Failure) [PSYoungGen: 26075844K->620078K(26355712K)] 26777254K->1322136K(29501440K), 0.0933890 secs] [Times: user=4.69 sys=0.01, real=0.09 secs] 
2524.767: [GC (Allocation Failure) [PSYoungGen: 26068526K->611070K(26355712K)] 26770584K->1313752K(29501440K), 0.0973465 secs] [Times: user=4.40 sys=0.01, real=0.10 secs] 
2533.744: [GC (Allocation Failure) [PSYoungGen: 26059518K->623518K(26355712K)] 26762200K->1327136K(29501440K), 0.0926055 secs] [Times: user=4.75 sys=0.00, real=0.09 secs] 
2542.631: [GC (Allocation Failure) [PSYoungGen: 26071966K->624035K(26355712K)] 26775584K->1328333K(29501440K), 0.0954432 secs] [Times: user=4.69 sys=0.01, real=0.09 secs] 
2551.606: [GC (Allocation Failure) [PSYoungGen: 26072483K->608622K(26355712K)] 26776781K->1313864K(29501440K), 0.0940940 secs] [Times: user=4.70 sys=0.00, real=0.10 secs] 
2560.639: [GC (Allocation Failure) [PSYoungGen: 26057070K->620686K(26355712K)] 26762312K->1326608K(29501440K), 0.0934253 secs] [Times: user=4.57 sys=0.00, real=0.10 secs] 
2569.606: [GC (Allocation Failure) [PSYoungGen: 26069134K->614130K(26355712K)] 26775056K->1321141K(29501440K), 0.0935743 secs] [Times: user=4.72 sys=0.01, real=0.09 secs] 
2578.283: [GC (Allocation Failure) [PSYoungGen: 26062578K->635881K(26355712K)] 26769589K->1343676K(29501440K), 0.0998099 secs] [Times: user=4.62 sys=0.00, real=0.10 secs] 
2587.016: [GC (Allocation Failure) [PSYoungGen: 26084329K->659499K(26355712K)] 26792124K->1368663K(29501440K), 0.0954872 secs] [Times: user=4.94 sys=0.01, real=0.10 secs] 
2595.634: [GC (Allocation Failure) [PSYoungGen: 26107947K->616306K(26355712K)] 26817111K->1326518K(29501440K), 0.0910523 secs] [Times: user=4.66 sys=0.00, real=0.09 secs] 
2604.247: [GC (Allocation Failure) [PSYoungGen: 26064754K->635778K(26355712K)] 26774966K->1346646K(29501440K), 0.0938462 secs] [Times: user=4.73 sys=0.01, real=0.10 secs] 
2612.803: [GC (Allocation Failure) [PSYoungGen: 26084226K->619853K(26355712K)] 26795094K->1331481K(29501440K), 0.0893634 secs] [Times: user=4.70 sys=0.00, real=0.09 secs] 
2621.557: [GC (Allocation Failure) [PSYoungGen: 26068301K->651927K(26355712K)] 26779929K->1364267K(29501440K), 0.0967276 secs] [Times: user=4.62 sys=0.00, real=0.10 secs] 
2630.134: [GC (Allocation Failure) [PSYoungGen: 26100375K->627085K(26355712K)] 26812715K->1340185K(29501440K), 0.0949958 secs] [Times: user=4.82 sys=0.01, real=0.09 secs] 
2638.718: [GC (Allocation Failure) [PSYoungGen: 26075533K->616029K(26355712K)] 26788633K->1329898K(29501440K), 0.0931972 secs] [Times: user=4.71 sys=0.01, real=0.10 secs] 
2647.336: [GC (Allocation Failure) [PSYoungGen: 26064477K->630589K(26355712K)] 26778346K->1345106K(29501440K), 0.0973992 secs] [Times: user=4.79 sys=0.00, real=0.10 secs] 
2655.754: [GC (Allocation Failure) [PSYoungGen: 26079037K->616909K(26355712K)] 26793554K->1332194K(29501440K), 0.0925434 secs] [Times: user=4.75 sys=0.01, real=0.09 secs] 
2664.115: [GC (Allocation Failure) [PSYoungGen: 26065357K->629666K(26355712K)] 26780642K->1345623K(29501440K), 0.0932055 secs] [Times: user=4.67 sys=0.01, real=0.09 secs] 
2672.493: [GC (Allocation Failure) [PSYoungGen: 26078114K->632909K(26355712K)] 26794071K->1349554K(29501440K), 0.1011532 secs] [Times: user=4.78 sys=0.00, real=0.10 secs] 
2681.197: [GC (Allocation Failure) [PSYoungGen: 26081357K->626477K(26355712K)] 26798002K->1343794K(29501440K), 0.1020528 secs] [Times: user=4.71 sys=0.01, real=0.10 secs] 
2689.607: [GC (Allocation Failure) [PSYoungGen: 26074925K->610654K(26355712K)] 26792242K->1328547K(29501440K), 0.0899370 secs] [Times: user=4.69 sys=0.01, real=0.09 secs] 
2697.910: [GC (Allocation Failure) [PSYoungGen: 26059102K->632439K(26355712K)] 26776995K->1350884K(29501440K), 0.0948495 secs] [Times: user=4.77 sys=0.01, real=0.10 secs] 
2706.326: [GC (Allocation Failure) [PSYoungGen: 26080887K->643123K(26355712K)] 26799332K->1362152K(29501440K), 0.0936307 secs] [Times: user=4.72 sys=0.01, real=0.09 secs] 
2714.770: [GC (Allocation Failure) [PSYoungGen: 26091571K->630323K(26355712K)] 26810600K->1349952K(29501440K), 0.0993344 secs] [Times: user=4.81 sys=0.01, real=0.10 secs] 
2722.845: [GC (Allocation Failure) [PSYoungGen: 26078771K->631923K(26355712K)] 26798400K->1352400K(29501440K), 0.0959097 secs] [Times: user=4.63 sys=0.01, real=0.10 secs] 
2731.020: [GC (Allocation Failure) [PSYoungGen: 26080371K->652513K(26355712K)] 26800848K->1373582K(29501440K), 0.0938155 secs] [Times: user=4.61 sys=0.01, real=0.10 secs] 
2739.151: [GC (Allocation Failure) [PSYoungGen: 26100961K->636451K(26355712K)] 26822030K->1358144K(29501440K), 0.0966676 secs] [Times: user=4.65 sys=0.00, real=0.09 secs] 
2747.281: [GC (Allocation Failure) [PSYoungGen: 26084899K->647282K(26355712K)] 26806592K->1369568K(29501440K), 0.0971489 secs] [Times: user=4.82 sys=0.01, real=0.09 secs] 
2755.372: [GC (Allocation Failure) [PSYoungGen: 26095730K->650845K(26355712K)] 26818016K->1373891K(29501440K), 0.0953763 secs] [Times: user=4.81 sys=0.00, real=0.09 secs] 
2763.493: [GC (Allocation Failure) [PSYoungGen: 26099293K->631342K(26355712K)] 26822339K->1355019K(29501440K), 0.0966577 secs] [Times: user=4.71 sys=0.01, real=0.09 secs] 
2771.634: [GC (Allocation Failure) [PSYoungGen: 26079790K->615246K(26355712K)] 26803467K->1339555K(29501440K), 0.0914153 secs] [Times: user=4.56 sys=0.01, real=0.09 secs] 
2779.745: [GC (Allocation Failure) [PSYoungGen: 26063694K->622835K(26355712K)] 26788003K->1347881K(29501440K), 0.0953583 secs] [Times: user=4.65 sys=0.00, real=0.09 secs] 
2787.632: [GC (Allocation Failure) [PSYoungGen: 26071283K->622062K(26355712K)] 26796329K->1347763K(29501440K), 0.0957061 secs] [Times: user=4.76 sys=0.01, real=0.09 secs] 
2795.504: [GC (Allocation Failure) [PSYoungGen: 26070510K->658509K(26355712K)] 26796211K->1384866K(29501440K), 0.0975127 secs] [Times: user=4.93 sys=0.00, real=0.10 secs] 
2803.419: [GC (Allocation Failure) [PSYoungGen: 26106957K->638755K(26355712K)] 26833314K->1365849K(29501440K), 0.0916847 secs] [Times: user=4.83 sys=0.01, real=0.10 secs] 
2811.249: [GC (Allocation Failure) [PSYoungGen: 26087203K->652332K(26355712K)] 26814297K->1382042K(29501440K), 0.0947286 secs] [Times: user=4.97 sys=0.00, real=0.10 secs] 
2818.878: [GC (Allocation Failure) [PSYoungGen: 26100780K->654493K(26355712K)] 26830490K->1384852K(29501440K), 0.1008900 secs] [Times: user=4.92 sys=0.01, real=0.10 secs] 
2826.689: [GC (Allocation Failure) [PSYoungGen: 26102941K->618061K(26355712K)] 26833300K->1349140K(29501440K), 0.0923058 secs] [Times: user=4.67 sys=0.00, real=0.10 secs] 
2834.404: [GC (Allocation Failure) [PSYoungGen: 26066509K->648770K(26355712K)] 26797588K->1380433K(29501440K), 0.0942492 secs] [Times: user=4.79 sys=0.00, real=0.09 secs] 
2842.317: [GC (Allocation Failure) [PSYoungGen: 26097218K->627309K(26355712K)] 26828881K->1359708K(29501440K), 0.0938829 secs] [Times: user=4.70 sys=0.01, real=0.10 secs] 
2850.118: [GC (Allocation Failure) [PSYoungGen: 26075757K->662467K(26355712K)] 26808156K->1395434K(29501440K), 0.1032304 secs] [Times: user=5.28 sys=0.00, real=0.11 secs] 
2857.726: [GC (Allocation Failure) [PSYoungGen: 26110915K->626109K(26355712K)] 26843882K->1359708K(29501440K), 0.0922281 secs] [Times: user=4.73 sys=0.00, real=0.09 secs] 
2865.330: [GC (Allocation Failure) [PSYoungGen: 26074557K->635778K(26355712K)] 26808156K->1370009K(29501440K), 0.0983789 secs] [Times: user=4.78 sys=0.01, real=0.10 secs] 
2872.946: [GC (Allocation Failure) [PSYoungGen: 26084226K->635191K(26355712K)] 26818457K->1370006K(29501440K), 0.1003995 secs] [Times: user=4.69 sys=0.00, real=0.10 secs] 
2880.532: [GC (Allocation Failure) [PSYoungGen: 26083639K->644369K(26355712K)] 26818454K->1379824K(29501440K), 0.0995766 secs] [Times: user=5.05 sys=0.01, real=0.10 secs] 
2888.168: [GC (Allocation Failure) [PSYoungGen: 26092817K->635341K(26355712K)] 26828272K->1371436K(29501440K), 0.0952424 secs] [Times: user=4.78 sys=0.00, real=0.10 secs] 
2895.828: [GC (Allocation Failure) [PSYoungGen: 26083789K->633825K(26355712K)] 26819884K->1370648K(29501440K), 0.1012898 secs] [Times: user=4.91 sys=0.01, real=0.10 secs] 
2903.412: [GC (Allocation Failure) [PSYoungGen: 26082273K->645122K(26355712K)] 26819096K->1382513K(29501440K), 0.0932627 secs] [Times: user=4.91 sys=0.00, real=0.09 secs] 
2911.116: [GC (Allocation Failure) [PSYoungGen: 26093570K->644455K(26355712K)] 26830961K->1382622K(29501440K), 0.0950002 secs] [Times: user=4.74 sys=0.00, real=0.10 secs] 
2918.798: [GC (Allocation Failure) [PSYoungGen: 26092903K->639306K(26355712K)] 26831070K->1378074K(29501440K), 0.0972339 secs] [Times: user=4.89 sys=0.02, real=0.10 secs] 
2926.554: [GC (Allocation Failure) [PSYoungGen: 26087754K->656125K(26355712K)] 26826522K->1395596K(29501440K), 0.0981784 secs] [Times: user=4.78 sys=0.01, real=0.10 secs] 
2933.799: [GC (Allocation Failure) [PSYoungGen: 26104573K->643522K(26355712K)] 26844044K->1383586K(29501440K), 0.1042051 secs] [Times: user=4.58 sys=0.00, real=0.11 secs] 
2941.093: [GC (Allocation Failure) [PSYoungGen: 26091970K->631474K(26355712K)] 26832034K->1372097K(29501440K), 0.1023819 secs] [Times: user=4.95 sys=0.01, real=0.10 secs] 
2948.476: [GC (Allocation Failure) [PSYoungGen: 26079922K->672743K(26355712K)] 26820545K->1413959K(29501440K), 0.0938964 secs] [Times: user=4.88 sys=0.01, real=0.09 secs] 
2955.821: [GC (Allocation Failure) [PSYoungGen: 26121191K->652289K(26355712K)] 26862407K->1394121K(29501440K), 0.1003869 secs] [Times: user=4.91 sys=0.01, real=0.10 secs] 
2963.257: [GC (Allocation Failure) [PSYoungGen: 26100737K->636946K(26355712K)] 26842569K->1379386K(29501440K), 0.0931006 secs] [Times: user=4.58 sys=0.00, real=0.09 secs] 
2970.804: [GC (Allocation Failure) [PSYoungGen: 26085394K->627048K(26355712K)] 26827834K->1370168K(29501440K), 0.0981985 secs] [Times: user=4.66 sys=0.00, real=0.10 secs] 
2978.327: [GC (Allocation Failure) [PSYoungGen: 26075496K->644874K(26355712K)] 26818616K->1388578K(29501440K), 0.0919618 secs] [Times: user=4.79 sys=0.01, real=0.09 secs] 
2985.800: [GC (Allocation Failure) [PSYoungGen: 26093322K->623619K(26355712K)] 26837026K->1367979K(29501440K), 0.0905571 secs] [Times: user=4.63 sys=0.00, real=0.10 secs] 
2993.230: [GC (Allocation Failure) [PSYoungGen: 26072067K->642834K(26355712K)] 26816427K->1387786K(29501440K), 0.0992723 secs] [Times: user=4.70 sys=0.01, real=0.10 secs] 
3000.478: [GC (Allocation Failure) [PSYoungGen: 26091282K->661202K(26355712K)] 26836234K->1406770K(29501440K), 0.0949831 secs] [Times: user=4.90 sys=0.01, real=0.10 secs] 
3007.715: [GC (Allocation Failure) [PSYoungGen: 26109650K->636434K(26355712K)] 26855218K->1382530K(29501440K), 0.0973351 secs] [Times: user=4.82 sys=0.01, real=0.10 secs] 
3014.934: [GC (Allocation Failure) [PSYoungGen: 26084882K->634557K(26355712K)] 26830978K->1381317K(29501440K), 0.0963325 secs] [Times: user=4.72 sys=0.00, real=0.10 secs] 
3022.242: [GC (Allocation Failure) [PSYoungGen: 26083005K->658443K(26355712K)] 26829765K->1405747K(29501440K), 0.0977554 secs] [Times: user=4.99 sys=0.02, real=0.09 secs] 
3029.482: [GC (Allocation Failure) [PSYoungGen: 26106891K->664642K(26355712K)] 26854195K->1412610K(29501440K), 0.1006519 secs] [Times: user=5.03 sys=0.01, real=0.10 secs] 
3036.679: [GC (Allocation Failure) [PSYoungGen: 26113090K->639553K(26355712K)] 26861058K->1388057K(29501440K), 0.0974245 secs] [Times: user=4.74 sys=0.00, real=0.10 secs] 
3043.928: [GC (Allocation Failure) [PSYoungGen: 26088001K->635901K(26355712K)] 26836505K->1384989K(29501440K), 0.1009330 secs] [Times: user=4.79 sys=0.01, real=0.10 secs] 
3051.055: [GC (Allocation Failure) [PSYoungGen: 26084349K->632609K(26355712K)] 26833437K->1382346K(29501440K), 0.0959318 secs] [Times: user=4.76 sys=0.00, real=0.10 secs] 
3058.265: [GC (Allocation Failure) [PSYoungGen: 26081057K->648247K(26355712K)] 26830794K->1398575K(29501440K), 0.1047202 secs] [Times: user=4.81 sys=0.01, real=0.10 secs] 
3065.484: [GC (Allocation Failure) [PSYoungGen: 26096695K->688034K(26355712K)] 26847023K->1438970K(29501440K), 0.0974448 secs] [Times: user=4.97 sys=0.01, real=0.10 secs] 
3072.372: [GC (Allocation Failure) [PSYoungGen: 26136482K->639697K(26355712K)] 26887418K->1391185K(29501440K), 0.0935268 secs] [Times: user=4.82 sys=0.00, real=0.09 secs] 
3079.431: [GC (Allocation Failure) [PSYoungGen: 26088145K->647773K(26355712K)] 26839633K->1399845K(29501440K), 0.0998010 secs] [Times: user=4.72 sys=0.00, real=0.10 secs] 
3086.455: [GC (Allocation Failure) [PSYoungGen: 26096221K->653341K(26355712K)] 26848293K->1406045K(29501440K), 0.0961955 secs] [Times: user=4.78 sys=0.00, real=0.10 secs] 
3093.570: [GC (Allocation Failure) [PSYoungGen: 26101789K->664817K(26355712K)] 26854493K->1418073K(29501440K), 0.0983178 secs] [Times: user=4.80 sys=0.01, real=0.10 secs] 
3100.658: [GC (Allocation Failure) [PSYoungGen: 26113265K->615741K(26355712K)] 26866521K->1369598K(29501440K), 0.0958371 secs] [Times: user=4.69 sys=0.01, real=0.10 secs] 
3107.584: [GC (Allocation Failure) [PSYoungGen: 26064189K->667967K(26355712K)] 26818046K->1422375K(29501440K), 0.0990337 secs] [Times: user=4.91 sys=0.01, real=0.10 secs] 
3114.602: [GC (Allocation Failure) [PSYoungGen: 26116415K->632258K(26355712K)] 26870823K->1387346K(29501440K), 0.0996700 secs] [Times: user=4.85 sys=0.00, real=0.10 secs] 
3121.524: [GC (Allocation Failure) [PSYoungGen: 26080706K->644557K(26355712K)] 26835794K->1400205K(29501440K), 0.0961487 secs] [Times: user=4.74 sys=0.02, real=0.09 secs] 
3128.511: [GC (Allocation Failure) [PSYoungGen: 26093005K->663760K(26355712K)] 26848653K->1420073K(29501440K), 0.0935940 secs] [Times: user=4.88 sys=0.00, real=0.09 secs] 
3135.534: [GC (Allocation Failure) [PSYoungGen: 26112208K->709097K(26355712K)] 26868521K->1466001K(29501440K), 0.1019230 secs] [Times: user=5.21 sys=0.00, real=0.10 secs] 
3142.354: [GC (Allocation Failure) [PSYoungGen: 26157545K->647245K(26355712K)] 26914449K->1404702K(29501440K), 0.0945400 secs] [Times: user=4.86 sys=0.00, real=0.09 secs] 
3149.123: [GC (Allocation Failure) [PSYoungGen: 26095693K->637538K(26355712K)] 26853150K->1395570K(29501440K), 0.0941980 secs] [Times: user=4.82 sys=0.00, real=0.09 secs] 
3155.912: [GC (Allocation Failure) [PSYoungGen: 26085986K->629773K(26355712K)] 26844018K->1388413K(29501440K), 0.0958890 secs] [Times: user=4.56 sys=0.01, real=0.09 secs] 
3162.717: [GC (Allocation Failure) [PSYoungGen: 26078221K->660152K(26355712K)] 26836861K->1419513K(29501440K), 0.0976709 secs] [Times: user=4.86 sys=0.01, real=0.10 secs] 
3169.607: [GC (Allocation Failure) [PSYoungGen: 26108600K->677245K(26355712K)] 26867961K->1437229K(29501440K), 0.1044147 secs] [Times: user=5.01 sys=0.00, real=0.11 secs] 
3176.374: [GC (Allocation Failure) [PSYoungGen: 26125693K->678443K(26355712K)] 26885677K->1439060K(29501440K), 0.0982325 secs] [Times: user=5.01 sys=0.00, real=0.10 secs] 
3183.238: [GC (Allocation Failure) [PSYoungGen: 26126891K->654215K(26355712K)] 26887508K->1415471K(29501440K), 0.0964897 secs] [Times: user=4.91 sys=0.00, real=0.10 secs] 
3190.171: [GC (Allocation Failure) [PSYoungGen: 26102663K->661329K(26355712K)] 26863919K->1423234K(29501440K), 0.1017770 secs] [Times: user=4.87 sys=0.00, real=0.10 secs] 
3197.069: [GC (Allocation Failure) [PSYoungGen: 26109777K->639716K(26355712K)] 26871682K->1402156K(29501440K), 0.0980134 secs] [Times: user=4.93 sys=0.00, real=0.10 secs] 
3203.820: [GC (Allocation Failure) [PSYoungGen: 26088164K->644503K(26355712K)] 26850604K->1407639K(29501440K), 0.0974779 secs] [Times: user=4.99 sys=0.01, real=0.10 secs] 
3210.453: [GC (Allocation Failure) [PSYoungGen: 26092951K->651937K(26355712K)] 26856087K->1415650K(29501440K), 0.0977843 secs] [Times: user=4.86 sys=0.01, real=0.10 secs] 
3217.156: [GC (Allocation Failure) [PSYoungGen: 26100385K->643357K(26355712K)] 26864098K->1407653K(29501440K), 0.0946757 secs] [Times: user=4.84 sys=0.01, real=0.10 secs] 
3223.844: [GC (Allocation Failure) [PSYoungGen: 26091805K->639393K(26355712K)] 26856101K->1404258K(29501440K), 0.0951147 secs] [Times: user=4.95 sys=0.00, real=0.09 secs] 
3230.637: [GC (Allocation Failure) [PSYoungGen: 26087841K->643449K(26355712K)] 26852706K->1408945K(29501440K), 0.0963156 secs] [Times: user=4.79 sys=0.01, real=0.10 secs] 
3237.372: [GC (Allocation Failure) [PSYoungGen: 26091897K->762561K(26355712K)] 26857393K->1528602K(29501440K), 0.1085146 secs] [Times: user=5.34 sys=0.01, real=0.11 secs] 
3243.980: [GC (Allocation Failure) [PSYoungGen: 26211009K->663423K(26355712K)] 26977050K->1430072K(29501440K), 0.0966175 secs] [Times: user=4.91 sys=0.01, real=0.10 secs] 
3250.620: [GC (Allocation Failure) [PSYoungGen: 26111871K->634577K(26355712K)] 26878520K->1401842K(29501440K), 0.0988317 secs] [Times: user=4.83 sys=0.00, real=0.10 secs] 
3257.231: [GC (Allocation Failure) [PSYoungGen: 26083025K->655495K(26355712K)] 26850290K->1423391K(29501440K), 0.1012862 secs] [Times: user=4.81 sys=0.00, real=0.10 secs] 
3263.781: [GC (Allocation Failure) [PSYoungGen: 26103943K->653131K(26355712K)] 26871839K->1421620K(29501440K), 0.0928937 secs] [Times: user=4.91 sys=0.00, real=0.09 secs] 
3270.512: [GC (Allocation Failure) [PSYoungGen: 26101579K->669399K(26355712K)] 26870068K->1438575K(29501440K), 0.1018853 secs] [Times: user=5.00 sys=0.01, real=0.10 secs] 
3276.814: [GC (Allocation Failure) [PSYoungGen: 26117847K->659624K(26355712K)] 26887023K->1429408K(29501440K), 0.0966750 secs] [Times: user=4.99 sys=0.00, real=0.10 secs] 
3283.222: [GC (Allocation Failure) [PSYoungGen: 26108072K->684860K(26355712K)] 26877856K->1455285K(29501440K), 0.1037198 secs] [Times: user=5.00 sys=0.01, real=0.10 secs] 
3289.699: [GC (Allocation Failure) [PSYoungGen: 26133308K->659622K(26355712K)] 26903733K->1430591K(29501440K), 0.1022432 secs] [Times: user=4.96 sys=0.00, real=0.11 secs] 
3296.031: [GC (Allocation Failure) [PSYoungGen: 26108070K->646637K(26355712K)] 26879039K->1418181K(29501440K), 0.0962971 secs] [Times: user=4.89 sys=0.01, real=0.09 secs] 
3302.571: [GC (Allocation Failure) [PSYoungGen: 26095085K->669337K(26355712K)] 26866629K->1441402K(29501440K), 0.0982143 secs] [Times: user=5.02 sys=0.01, real=0.09 secs] 
3309.053: [GC (Allocation Failure) [PSYoungGen: 26117785K->681136K(26355712K)] 26889850K->1453864K(29501440K), 0.0985957 secs] [Times: user=5.06 sys=0.00, real=0.10 secs] 
3315.525: [GC (Allocation Failure) [PSYoungGen: 26129584K->668045K(26355712K)] 26902312K->1441301K(29501440K), 0.0982672 secs] [Times: user=4.98 sys=0.01, real=0.10 secs] 
3321.954: [GC (Allocation Failure) [PSYoungGen: 26116493K->641586K(26355712K)] 26889749K->1415650K(29501440K), 0.0963625 secs] [Times: user=4.82 sys=0.01, real=0.09 secs] 
3328.588: [GC (Allocation Failure) [PSYoungGen: 26090034K->675394K(26355712K)] 26864098K->1449986K(29501440K), 0.1034812 secs] [Times: user=5.07 sys=0.01, real=0.11 secs] 
3335.093: [GC (Allocation Failure) [PSYoungGen: 26123842K->688028K(26355712K)] 26898434K->1463181K(29501440K), 0.1003033 secs] [Times: user=5.04 sys=0.01, real=0.10 secs] 
3341.588: [GC (Allocation Failure) [PSYoungGen: 26136476K->625805K(26355712K)] 26911629K->1401573K(29501440K), 0.0915415 secs] [Times: user=4.66 sys=0.01, real=0.09 secs] 
3348.018: [GC (Allocation Failure) [PSYoungGen: 26074253K->667922K(26355712K)] 26850021K->1444331K(29501440K), 0.1050502 secs] [Times: user=4.95 sys=0.01, real=0.11 secs] 
3354.393: [GC (Allocation Failure) [PSYoungGen: 26116320K->671256K(26355712K)] 26892729K->1448201K(29501440K), 0.0955068 secs] [Times: user=5.03 sys=0.00, real=0.09 secs] 
3360.706: [GC (Allocation Failure) [PSYoungGen: 26119704K->630861K(26355712K)] 26896649K->1408349K(29501440K), 0.0943564 secs] [Times: user=4.72 sys=0.00, real=0.09 secs] 
3366.981: [GC (Allocation Failure) [PSYoungGen: 26079309K->680865K(26355712K)] 26856797K->1458929K(29501440K), 0.0975974 secs] [Times: user=4.87 sys=0.01, real=0.09 secs] 
3373.309: [GC (Allocation Failure) [PSYoungGen: 26129313K->701576K(26355712K)] 26907377K->1480208K(29501440K), 0.1035064 secs] [Times: user=5.30 sys=0.01, real=0.11 secs] 
3379.719: [GC (Allocation Failure) [PSYoungGen: 26150024K->640285K(26355712K)] 26928656K->1419518K(29501440K), 0.1003336 secs] [Times: user=4.74 sys=0.00, real=0.10 secs] 
3385.887: [GC (GCLocker Initiated GC) [PSYoungGen: 26088733K->628797K(26355712K)] 26868548K->1409244K(29501440K), 0.0946438 secs] [Times: user=4.72 sys=0.01, real=0.10 secs] 
3392.335: [GC (Allocation Failure) [PSYoungGen: 26077245K->664836K(26355712K)] 26857698K->1445865K(29501440K), 0.0956362 secs] [Times: user=4.98 sys=0.01, real=0.09 secs] 
3398.598: [GC (Allocation Failure) [PSYoungGen: 26113284K->636166K(26355712K)] 26894313K->1417755K(29501440K), 0.1003805 secs] [Times: user=4.91 sys=0.00, real=0.10 secs] 
3404.933: [GC (Allocation Failure) [PSYoungGen: 26084614K->650466K(26355712K)] 26866203K->1432663K(29501440K), 0.0988667 secs] [Times: user=4.88 sys=0.01, real=0.10 secs] 
3411.205: [GC (Allocation Failure) [PSYoungGen: 26098914K->658534K(26355712K)] 26881111K->1441267K(29501440K), 0.0997689 secs] [Times: user=5.06 sys=0.01, real=0.10 secs] 
3417.699: [GC (Allocation Failure) [PSYoungGen: 26106982K->659539K(26355712K)] 26889715K->1442816K(29501440K), 0.0966681 secs] [Times: user=4.92 sys=0.00, real=0.10 secs] 
3423.782: [GC (Allocation Failure) [PSYoungGen: 26107987K->691022K(26355712K)] 26891264K->1474995K(29501440K), 0.1018681 secs] [Times: user=5.19 sys=0.00, real=0.10 secs] 
3430.027: [GC (Allocation Failure) [PSYoungGen: 26139470K->669523K(26355712K)] 26923443K->1454016K(29501440K), 0.0963863 secs] [Times: user=5.02 sys=0.00, real=0.10 secs] 
3436.142: [GC (Allocation Failure) [PSYoungGen: 26117971K->670498K(26355712K)] 26902464K->1455615K(29501440K), 0.0976719 secs] [Times: user=4.94 sys=0.00, real=0.09 secs] 
3442.215: [GC (Allocation Failure) [PSYoungGen: 26118946K->655499K(26355712K)] 26904063K->1441176K(29501440K), 0.0948340 secs] [Times: user=4.91 sys=0.00, real=0.09 secs] 
3448.373: [GC (Allocation Failure) [PSYoungGen: 26103947K->672930K(26355712K)] 26889624K->1459151K(29501440K), 0.0990388 secs] [Times: user=5.04 sys=0.01, real=0.10 secs] 
3454.639: [GC (Allocation Failure) [PSYoungGen: 26121378K->629293K(26355712K)] 26907599K->1416122K(29501440K), 0.1013262 secs] [Times: user=4.74 sys=0.01, real=0.11 secs] 
3460.728: [GC (Allocation Failure) [PSYoungGen: 26077741K->671579K(26355712K)] 26864570K->1458952K(29501440K), 0.1046787 secs] [Times: user=4.98 sys=0.00, real=0.11 secs] 
3466.880: [GC (Allocation Failure) [PSYoungGen: 26120027K->628813K(26355712K)] 26907400K->1416770K(29501440K), 0.0938782 secs] [Times: user=4.94 sys=0.01, real=0.10 secs] 
3473.075: [GC (Allocation Failure) [PSYoungGen: 26077261K->659830K(26355712K)] 26865218K->1449052K(29501440K), 0.0971016 secs] [Times: user=4.79 sys=0.01, real=0.10 secs] 
3479.261: [GC (Allocation Failure) [PSYoungGen: 26108278K->675843K(26355712K)] 26897500K->1466224K(29501440K), 0.0998163 secs] [Times: user=5.15 sys=0.00, real=0.10 secs] 
3485.327: [GC (Allocation Failure) [PSYoungGen: 26124291K->678971K(26355712K)] 26914672K->1469985K(29501440K), 0.0995587 secs] [Times: user=5.03 sys=0.01, real=0.10 secs] 
3491.574: [GC (Allocation Failure) [PSYoungGen: 26127419K->679491K(26355712K)] 26918433K->1471080K(29501440K), 0.0974657 secs] [Times: user=4.90 sys=0.01, real=0.10 secs] 
3497.816: [GC (Allocation Failure) [PSYoungGen: 26127939K->643442K(26355712K)] 26919528K->1435575K(29501440K), 0.0989170 secs] [Times: user=4.85 sys=0.01, real=0.10 secs] 
3503.867: [GC (Allocation Failure) [PSYoungGen: 26091890K->652274K(26355712K)] 26884023K->1445007K(29501440K), 0.0982611 secs] [Times: user=4.69 sys=0.01, real=0.10 secs] 
3509.842: [GC (Allocation Failure) [PSYoungGen: 26100722K->675183K(26355712K)] 26893455K->1468476K(29501440K), 0.1058778 secs] [Times: user=5.29 sys=0.01, real=0.10 secs] 
3515.848: [GC (Allocation Failure) [PSYoungGen: 26123631K->651671K(26355712K)] 26916924K->1445621K(29501440K), 0.0933022 secs] [Times: user=4.78 sys=0.01, real=0.10 secs] 
3521.813: [GC (Allocation Failure) [PSYoungGen: 26100119K->672239K(26355712K)] 26894069K->1466740K(29501440K), 0.1021591 secs] [Times: user=5.04 sys=0.01, real=0.10 secs] 
3527.825: [GC (Allocation Failure) [PSYoungGen: 26120687K->683932K(26355712K)] 26915188K->1478969K(29501440K), 0.0989921 secs] [Times: user=5.10 sys=0.01, real=0.10 secs] 
3533.897: [GC (Allocation Failure) [PSYoungGen: 26132380K->692765K(26355712K)] 26927417K->1488355K(29501440K), 0.1025926 secs] [Times: user=5.19 sys=0.01, real=0.10 secs] 
3540.038: [GC (Allocation Failure) [PSYoungGen: 26141213K->689553K(26355712K)] 26936803K->1485719K(29501440K), 0.1025553 secs] [Times: user=5.11 sys=0.01, real=0.11 secs] 
3546.034: [GC (Allocation Failure) [PSYoungGen: 26138001K->659394K(26355712K)] 26934167K->1456239K(29501440K), 0.0955471 secs] [Times: user=4.96 sys=0.01, real=0.09 secs] 
3552.229: [GC (Allocation Failure) [PSYoungGen: 26107842K->696871K(26355712K)] 26904687K->1494244K(29501440K), 0.1016793 secs] [Times: user=5.15 sys=0.01, real=0.11 secs] 
3558.193: [GC (Allocation Failure) [PSYoungGen: 26145319K->655726K(26355712K)] 26942692K->1453668K(29501440K), 0.0947252 secs] [Times: user=4.91 sys=0.01, real=0.09 secs] 
3564.081: [GC (Allocation Failure) [PSYoungGen: 26104174K->652023K(26355712K)] 26902116K->1450540K(29501440K), 0.0984500 secs] [Times: user=4.71 sys=0.01, real=0.09 secs] 
3570.043: [GC (Allocation Failure) [PSYoungGen: 26100471K->691256K(26355712K)] 26898988K->1490293K(29501440K), 0.0992421 secs] [Times: user=5.07 sys=0.01, real=0.10 secs] 
3575.850: [GC (Allocation Failure) [PSYoungGen: 26139704K->643542K(26355712K)] 26938741K->1443252K(29501440K), 0.0994783 secs] [Times: user=4.83 sys=0.01, real=0.10 secs] 
3581.734: [GC (Allocation Failure) [PSYoungGen: 26091990K->647675K(26355712K)] 26891700K->1447904K(29501440K), 0.0991248 secs] [Times: user=4.80 sys=0.01, real=0.10 secs] 
3587.716: [GC (Allocation Failure) [PSYoungGen: 26096123K->637975K(26355712K)] 26896352K->1439109K(29501440K), 0.1015311 secs] [Times: user=4.79 sys=0.01, real=0.10 secs] 
3593.687: [GC (Allocation Failure) [PSYoungGen: 26086423K->647419K(26355712K)] 26887557K->1449097K(29501440K), 0.0979105 secs] [Times: user=4.89 sys=0.00, real=0.10 secs] 
3599.683: [GC (Allocation Failure) [PSYoungGen: 26095867K->659462K(26355712K)] 26897545K->1461787K(29501440K), 0.0965388 secs] [Times: user=4.86 sys=0.01, real=0.09 secs] 
3605.556: [GC (Allocation Failure) [PSYoungGen: 26107910K->705078K(26355712K)] 26910235K->1508004K(29501440K), 0.1018496 secs] [Times: user=5.17 sys=0.00, real=0.10 secs] 
3611.394: [GC (Allocation Failure) [PSYoungGen: 26153526K->669013K(26355712K)] 26956452K->1472778K(29501440K), 0.0962384 secs] [Times: user=4.87 sys=0.01, real=0.09 secs] 
3617.321: [GC (Allocation Failure) [PSYoungGen: 26117461K->719650K(26355712K)] 26921226K->1523959K(29501440K), 0.1033039 secs] [Times: user=5.36 sys=0.01, real=0.10 secs] 
3623.199: [GC (Allocation Failure) [PSYoungGen: 26168098K->659230K(26355712K)] 26972407K->1464091K(29501440K), 0.1012243 secs] [Times: user=4.78 sys=0.01, real=0.11 secs] 
3629.149: [GC (Allocation Failure) [PSYoungGen: 26107678K->654865K(26355712K)] 26912539K->1460319K(29501440K), 0.0953391 secs] [Times: user=4.68 sys=0.01, real=0.10 secs] 
3635.045: [GC (Allocation Failure) [PSYoungGen: 26103313K->664283K(26355712K)] 26908767K->1470320K(29501440K), 0.0995365 secs] [Times: user=4.96 sys=0.02, real=0.10 secs] 
3641.015: [GC (Allocation Failure) [PSYoungGen: 26112731K->646214K(26355712K)] 26918768K->1452772K(29501440K), 0.0979343 secs] [Times: user=4.83 sys=0.00, real=0.10 secs] 
3646.857: [GC (Allocation Failure) [PSYoungGen: 26094662K->649723K(26355712K)] 26901220K->1456865K(29501440K), 0.0973157 secs] [Times: user=4.87 sys=0.00, real=0.10 secs] 
3652.625: [GC (Allocation Failure) [PSYoungGen: 26098171K->687702K(26355712K)] 26905313K->1495379K(29501440K), 0.0998887 secs] [Times: user=5.11 sys=0.01, real=0.10 secs] 
3658.350: [GC (Allocation Failure) [PSYoungGen: 26136150K->691010K(26355712K)] 26943827K->1499239K(29501440K), 0.0992555 secs] [Times: user=5.05 sys=0.00, real=0.10 secs] 
3664.188: [GC (Allocation Failure) [PSYoungGen: 26139458K->699857K(26355712K)] 26947687K->1508615K(29501440K), 0.1079166 secs] [Times: user=5.07 sys=0.00, real=0.11 secs] 
3669.891: [GC (Allocation Failure) [PSYoungGen: 26148305K->657924K(26355712K)] 26957063K->1467290K(29501440K), 0.1005143 secs] [Times: user=4.55 sys=0.00, real=0.10 secs] 
3675.562: [GC (Allocation Failure) [PSYoungGen: 26106372K->681837K(26355712K)] 26915738K->1491730K(29501440K), 0.1010984 secs] [Times: user=5.10 sys=0.01, real=0.10 secs] 
3681.286: [GC (Allocation Failure) [PSYoungGen: 26130285K->679890K(26355712K)] 26940178K->1490367K(29501440K), 0.1029641 secs] [Times: user=4.99 sys=0.01, real=0.10 secs] 
3687.213: [GC (Allocation Failure) [PSYoungGen: 26128338K->694179K(26355712K)] 26938815K->1505185K(29501440K), 0.1023553 secs] [Times: user=5.27 sys=0.00, real=0.10 secs] 
3693.076: [GC (Allocation Failure) [PSYoungGen: 26142627K->667452K(26355712K)] 26953633K->1478977K(29501440K), 0.1048145 secs] [Times: user=4.98 sys=0.02, real=0.11 secs] 
3698.833: [GC (Allocation Failure) [PSYoungGen: 26115900K->660512K(26355712K)] 26927425K->1472566K(29501440K), 0.1029543 secs] [Times: user=5.03 sys=0.01, real=0.10 secs] 
3704.466: [GC (Allocation Failure) [PSYoungGen: 26108960K->725488K(26355712K)] 26921014K->1538086K(29501440K), 0.1025079 secs] [Times: user=5.24 sys=0.01, real=0.10 secs] 
3710.197: [GC (Allocation Failure) [PSYoungGen: 26173936K->694817K(26355712K)] 26986534K->1507998K(29501440K), 0.1128618 secs] [Times: user=5.10 sys=0.01, real=0.11 secs] 
3715.920: [GC (Allocation Failure) [PSYoungGen: 26143265K->663293K(26355712K)] 26956446K->1477018K(29501440K), 0.0999584 secs] [Times: user=5.02 sys=0.00, real=0.10 secs] 
3721.573: [GC (Allocation Failure) [PSYoungGen: 26111741K->643878K(26355712K)] 26925466K->1458196K(29501440K), 0.0955698 secs] [Times: user=4.85 sys=0.00, real=0.09 secs] 
3727.377: [GC (Allocation Failure) [PSYoungGen: 26092326K->812981K(26355712K)] 26906644K->1627859K(29501440K), 0.1129620 secs] [Times: user=5.76 sys=0.00, real=0.11 secs] 
3732.990: [GC (Allocation Failure) [PSYoungGen: 26261429K->683691K(26355712K)] 27076307K->1499113K(29501440K), 0.1048134 secs] [Times: user=5.06 sys=0.01, real=0.11 secs] 
3738.665: [GC (Allocation Failure) [PSYoungGen: 26132139K->700528K(26355712K)] 26947561K->1516646K(29501440K), 0.1057274 secs] [Times: user=5.19 sys=0.01, real=0.11 secs] 
3744.382: [GC (Allocation Failure) [PSYoungGen: 26148976K->704023K(26355712K)] 26965094K->1520676K(29501440K), 0.1012862 secs] [Times: user=5.08 sys=0.01, real=0.10 secs] 
3750.063: [GC (Allocation Failure) [PSYoungGen: 26152471K->735104K(26355712K)] 26969124K->1552326K(29501440K), 0.1054044 secs] [Times: user=5.40 sys=0.01, real=0.10 secs] 
3755.791: [GC (Allocation Failure) [PSYoungGen: 26183552K->660962K(26355712K)] 27000774K->1478727K(29501440K), 0.0978370 secs] [Times: user=4.89 sys=0.00, real=0.09 secs] 
3761.503: [GC (Allocation Failure) [PSYoungGen: 26109410K->692587K(26355712K)] 26927175K->1510976K(29501440K), 0.0995373 secs] [Times: user=4.98 sys=0.01, real=0.10 secs] 
3767.098: [GC (Allocation Failure) [PSYoungGen: 26141035K->656689K(26355712K)] 26959424K->1475639K(29501440K), 0.0967838 secs] [Times: user=4.88 sys=0.02, real=0.10 secs] 
3772.701: [GC (Allocation Failure) [PSYoungGen: 26105137K->668509K(26355712K)] 26924087K->1488019K(29501440K), 0.0989345 secs] [Times: user=4.71 sys=0.00, real=0.09 secs] 
3778.373: [GC (Allocation Failure) [PSYoungGen: 26116957K->657826K(26355712K)] 26936467K->1477911K(29501440K), 0.0992829 secs] [Times: user=4.79 sys=0.00, real=0.10 secs] 
3784.062: [GC (Allocation Failure) [PSYoungGen: 26106274K->672329K(26355712K)] 26926359K->1492975K(29501440K), 0.0966128 secs] [Times: user=4.99 sys=0.01, real=0.09 secs] 
3789.640: [GC (Allocation Failure) [PSYoungGen: 26120777K->674671K(26355712K)] 26941423K->1495901K(29501440K), 0.0973406 secs] [Times: user=4.96 sys=0.00, real=0.10 secs] 
3795.335: [GC (Allocation Failure) [PSYoungGen: 26123119K->693238K(26355712K)] 26944349K->1515035K(29501440K), 0.1015864 secs] [Times: user=4.91 sys=0.01, real=0.10 secs] 
3800.666: [GC (Allocation Failure) [PSYoungGen: 26141686K->688412K(26355712K)] 26963483K->1510850K(29501440K), 0.1024480 secs] [Times: user=5.00 sys=0.02, real=0.10 secs] 
3806.271: [GC (Allocation Failure) [PSYoungGen: 26136860K->712322K(26355712K)] 26959298K->1535336K(29501440K), 0.1052748 secs] [Times: user=5.23 sys=0.00, real=0.10 secs] 
3811.702: [GC (Allocation Failure) [PSYoungGen: 26160770K->659293K(26355712K)] 26983784K->1482866K(29501440K), 0.0992684 secs] [Times: user=4.97 sys=0.00, real=0.10 secs] 
3817.330: [GC (Allocation Failure) [PSYoungGen: 26107741K->664290K(26355712K)] 26931314K->1488391K(29501440K), 0.0951396 secs] [Times: user=4.97 sys=0.01, real=0.10 secs] 
3823.029: [GC (Allocation Failure) [PSYoungGen: 26112738K->689587K(26355712K)] 26936839K->1514233K(29501440K), 0.1011933 secs] [Times: user=5.18 sys=0.00, real=0.11 secs] 
3828.430: [GC (Allocation Failure) [PSYoungGen: 26138035K->673282K(26355712K)] 26962681K->1498495K(29501440K), 0.0998086 secs] [Times: user=5.05 sys=0.01, real=0.10 secs] 
3833.906: [GC (Allocation Failure) [PSYoungGen: 26121730K->654173K(26355712K)] 26946943K->1480010K(29501440K), 0.0954426 secs] [Times: user=4.82 sys=0.00, real=0.10 secs] 
3839.462: [GC (Allocation Failure) [PSYoungGen: 26102621K->728167K(26355712K)] 26928458K->1554541K(29501440K), 0.1080708 secs] [Times: user=5.22 sys=0.00, real=0.10 secs] 
3844.916: [GC (Allocation Failure) [PSYoungGen: 26176615K->692343K(26355712K)] 27002989K->1519260K(29501440K), 0.1007904 secs] [Times: user=5.17 sys=0.00, real=0.10 secs] 
3850.353: [GC (Allocation Failure) [PSYoungGen: 26140791K->666112K(26355712K)] 26967708K->1493581K(29501440K), 0.1019998 secs] [Times: user=4.84 sys=0.00, real=0.10 secs] 
3855.929: [GC (Allocation Failure) [PSYoungGen: 26114560K->709271K(26355712K)] 26942029K->1537268K(29501440K), 0.1018128 secs] [Times: user=5.28 sys=0.01, real=0.11 secs] 
3861.330: [GC (Allocation Failure) [PSYoungGen: 26157719K->691062K(26355712K)] 26985716K->1519652K(29501440K), 0.1036336 secs] [Times: user=5.14 sys=0.01, real=0.11 secs] 
3866.751: [GC (Allocation Failure) [PSYoungGen: 26139510K->729347K(26355712K)] 26968100K->1558465K(29501440K), 0.1046144 secs] [Times: user=5.40 sys=0.01, real=0.10 secs] 
3872.451: [GC (Allocation Failure) [PSYoungGen: 26177795K->685281K(26355712K)] 27006913K->1514935K(29501440K), 0.1037979 secs] [Times: user=5.00 sys=0.01, real=0.10 secs] 
3877.867: [GC (Allocation Failure) [PSYoungGen: 26133729K->681942K(26355712K)] 26963383K->1512180K(29501440K), 0.1014431 secs] [Times: user=5.11 sys=0.00, real=0.10 secs] 
3883.356: [GC (Allocation Failure) [PSYoungGen: 26130390K->726511K(26355712K)] 26960628K->1557301K(29501440K), 0.1064415 secs] [Times: user=5.38 sys=0.00, real=0.11 secs] 
3888.745: [GC (Allocation Failure) [PSYoungGen: 26174959K->755376K(26355712K)] 27005749K->1586677K(29501440K), 0.1059398 secs] [Times: user=5.52 sys=0.01, real=0.11 secs] 
3894.218: [GC (Allocation Failure) [PSYoungGen: 26203824K->710861K(26355712K)] 27035125K->1542747K(29501440K), 0.1008248 secs] [Times: user=5.27 sys=0.00, real=0.10 secs] 
3899.688: [GC (Allocation Failure) [PSYoungGen: 26159309K->766169K(26355712K)] 26991195K->1598599K(29501440K), 0.1117881 secs] [Times: user=5.46 sys=0.00, real=0.11 secs] 
3904.937: [GC (Allocation Failure) [PSYoungGen: 26214617K->700291K(26355712K)] 27047047K->1533321K(29501440K), 0.1000112 secs] [Times: user=5.14 sys=0.00, real=0.10 secs] 
3910.287: [GC (Allocation Failure) [PSYoungGen: 26148739K->685991K(26355712K)] 26981769K->1519596K(29501440K), 0.1045719 secs] [Times: user=5.01 sys=0.00, real=0.11 secs] 
3915.689: [GC (Allocation Failure) [PSYoungGen: 26134439K->698937K(26355712K)] 26968044K->1533079K(29501440K), 0.1027009 secs] [Times: user=5.26 sys=0.01, real=0.11 secs] 
3921.068: [GC (Allocation Failure) [PSYoungGen: 26147385K->698537K(26355712K)] 26981527K->1533326K(29501440K), 0.1057631 secs] [Times: user=5.05 sys=0.02, real=0.11 secs] 
3926.384: [GC (Allocation Failure) [PSYoungGen: 26146985K->688654K(26355712K)] 26981774K->1523980K(29501440K), 0.1000331 secs] [Times: user=5.06 sys=0.01, real=0.10 secs] 
3932.256: [GC (Allocation Failure) [PSYoungGen: 26137102K->749895K(26355712K)] 26972428K->1585789K(29501440K), 0.1044420 secs] [Times: user=5.33 sys=0.01, real=0.11 secs] 
3936.882: [GC (Allocation Failure) [PSYoungGen: 26198343K->685555K(26355712K)] 27034237K->1522072K(29501440K), 0.1037563 secs] [Times: user=5.07 sys=0.01, real=0.10 secs] 
3942.180: [GC (Allocation Failure) [PSYoungGen: 26134003K->689345K(26355712K)] 26970520K->1526455K(29501440K), 0.1040996 secs] [Times: user=5.00 sys=0.01, real=0.11 secs] 
3947.646: [GC (Allocation Failure) [PSYoungGen: 26137793K->667158K(26355712K)] 26974903K->1505571K(29501440K), 0.0960117 secs] [Times: user=4.96 sys=0.01, real=0.10 secs] 
3952.981: [GC (Allocation Failure) [PSYoungGen: 26115606K->670226K(26355712K)] 26954019K->1509303K(29501440K), 0.1000737 secs] [Times: user=5.01 sys=0.01, real=0.10 secs] 
3958.305: [GC (Allocation Failure) [PSYoungGen: 26118674K->698026K(26355712K)] 26957751K->1537887K(29501440K), 0.0985925 secs] [Times: user=5.11 sys=0.00, real=0.10 secs] 
3963.663: [GC (Allocation Failure) [PSYoungGen: 26146474K->670260K(26355712K)] 26986335K->1510938K(29501440K), 0.1008561 secs] [Times: user=5.09 sys=0.00, real=0.10 secs] 
3969.066: [GC (Allocation Failure) [PSYoungGen: 26118708K->710538K(26355712K)] 26959386K->1551800K(29501440K), 0.0990826 secs] [Times: user=5.17 sys=0.01, real=0.10 secs] 
3974.310: [GC (Allocation Failure) [PSYoungGen: 26158986K->672057K(26355712K)] 27000248K->1513846K(29501440K), 0.0970366 secs] [Times: user=4.95 sys=0.00, real=0.10 secs] 
3979.681: [GC (Allocation Failure) [PSYoungGen: 26120505K->684614K(26355712K)] 26962294K->1527004K(29501440K), 0.0992498 secs] [Times: user=5.02 sys=0.02, real=0.09 secs] 
3985.037: [GC (Allocation Failure) [PSYoungGen: 26133062K->727638K(26355712K)] 26975452K->1570603K(29501440K), 0.1053336 secs] [Times: user=5.34 sys=0.01, real=0.11 secs] 
3990.036: [GC (Allocation Failure) [PSYoungGen: 26176086K->691696K(26355712K)] 27019051K->1535238K(29501440K), 0.0986697 secs] [Times: user=5.04 sys=0.00, real=0.10 secs] 
3995.378: [GC (Allocation Failure) [PSYoungGen: 26140144K->711064K(26355712K)] 26983686K->1555221K(29501440K), 0.0998106 secs] [Times: user=5.21 sys=0.00, real=0.10 secs] 
4000.921: [GC (Allocation Failure) [PSYoungGen: 26159512K->794999K(26355712K)] 27003669K->1639692K(29501440K), 0.1110111 secs] [Times: user=5.64 sys=0.00, real=0.11 secs] 
4006.040: [GC (Allocation Failure) [PSYoungGen: 26243447K->688775K(26355712K)] 27088140K->1534092K(29501440K), 0.1040932 secs] [Times: user=4.99 sys=0.01, real=0.11 secs] 
4011.530: [GC (Allocation Failure) [PSYoungGen: 26137223K->666253K(26355712K)] 26982540K->1512098K(29501440K), 0.0931356 secs] [Times: user=4.95 sys=0.00, real=0.10 secs] 
4016.777: [GC (Allocation Failure) [PSYoungGen: 26114701K->695654K(26355712K)] 26960546K->1542067K(29501440K), 0.1002769 secs] [Times: user=5.15 sys=0.00, real=0.10 secs] 
4021.826: [GC (Allocation Failure) [PSYoungGen: 26144102K->639378K(26355712K)] 26990515K->1486408K(29501440K), 0.0941503 secs] [Times: user=4.76 sys=0.01, real=0.10 secs] 
4027.036: [GC (Allocation Failure) [PSYoungGen: 26087826K->687781K(26355712K)] 26934856K->1535394K(29501440K), 0.1021343 secs] [Times: user=5.09 sys=0.00, real=0.10 secs] 
4032.471: [GC (Allocation Failure) [PSYoungGen: 26136229K->711222K(26355712K)] 26983842K->1559364K(29501440K), 0.1023965 secs] [Times: user=5.30 sys=0.01, real=0.11 secs] 
4037.805: [GC (Allocation Failure) [PSYoungGen: 26159670K->679869K(26355712K)] 27007812K->1528603K(29501440K), 0.1089648 secs] [Times: user=4.95 sys=0.01, real=0.11 secs] 
4042.791: [GC (Allocation Failure) [PSYoungGen: 26128317K->690465K(26355712K)] 26977051K->1539831K(29501440K), 0.1012744 secs] [Times: user=5.24 sys=0.00, real=0.10 secs] 
4048.095: [GC (Allocation Failure) [PSYoungGen: 26138913K->778199K(26355712K)] 26988279K->1628853K(29501440K), 0.1063507 secs] [Times: user=5.60 sys=0.00, real=0.11 secs] 
4053.230: [GC (Allocation Failure) [PSYoungGen: 26226647K->805046K(26355712K)] 27077301K->1656259K(29501440K), 0.1080054 secs] [Times: user=5.48 sys=0.00, real=0.11 secs] 
4058.547: [GC (Allocation Failure) [PSYoungGen: 26253494K->710037K(26355712K)] 27104707K->1561811K(29501440K), 0.1061289 secs] [Times: user=5.07 sys=0.01, real=0.11 secs] 
4063.750: [GC (Allocation Failure) [PSYoungGen: 26158485K->669361K(26355712K)] 27010259K->1521695K(29501440K), 0.1001432 secs] [Times: user=4.93 sys=0.00, real=0.10 secs] 
4069.351: [GC (Allocation Failure) [PSYoungGen: 26117809K->884618K(26355712K)] 26970143K->1737607K(29501440K), 0.1194554 secs] [Times: user=6.05 sys=0.00, real=0.12 secs] 
4074.230: [GC (Allocation Failure) [PSYoungGen: 26333066K->756876K(26355712K)] 27186055K->1610393K(29501440K), 0.1087130 secs] [Times: user=5.43 sys=0.00, real=0.11 secs] 
4079.405: [GC (Allocation Failure) [PSYoungGen: 26205324K->723288K(26355712K)] 27058841K->1577398K(29501440K), 0.1057245 secs] [Times: user=5.33 sys=0.01, real=0.11 secs] 
4084.532: [GC (Allocation Failure) [PSYoungGen: 26171736K->699061K(26355712K)] 27025846K->1553731K(29501440K), 0.0986996 secs] [Times: user=4.96 sys=0.00, real=0.10 secs] 
4089.633: [GC (Allocation Failure) [PSYoungGen: 26147509K->666791K(26355712K)] 27002179K->1522045K(29501440K), 0.1040310 secs] [Times: user=5.19 sys=0.01, real=0.10 secs] 
4095.061: [GC (Allocation Failure) [PSYoungGen: 26115239K->740172K(26355712K)] 26970493K->1596026K(29501440K), 0.1065849 secs] [Times: user=5.27 sys=0.00, real=0.10 secs] 
4100.156: [GC (Allocation Failure) [PSYoungGen: 26188620K->683192K(26355712K)] 27044474K->1539637K(29501440K), 0.0988250 secs] [Times: user=4.95 sys=0.01, real=0.10 secs] 
4105.276: [GC (Allocation Failure) [PSYoungGen: 26131640K->743752K(26355712K)] 26988085K->1600773K(29501440K), 0.1086856 secs] [Times: user=5.45 sys=0.01, real=0.11 secs] 
4110.609: [GC (Allocation Failure) [PSYoungGen: 26192200K->682162K(26355712K)] 27049221K->1539767K(29501440K), 0.1029980 secs] [Times: user=4.86 sys=0.01, real=0.11 secs] 
4115.718: [GC (Allocation Failure) [PSYoungGen: 26130610K->736568K(26355712K)] 26988215K->1594742K(29501440K), 0.1050613 secs] [Times: user=5.37 sys=0.01, real=0.11 secs] 
4120.643: [GC (Allocation Failure) [PSYoungGen: 26185016K->669345K(26355712K)] 27043190K->1528055K(29501440K), 0.1004931 secs] [Times: user=5.12 sys=0.01, real=0.10 secs] 
4125.769: [GC (Allocation Failure) [PSYoungGen: 26117793K->735413K(26355712K)] 26976503K->1594675K(29501440K), 0.1065024 secs] [Times: user=5.28 sys=0.00, real=0.11 secs] 
4130.857: [GC (Allocation Failure) [PSYoungGen: 26183861K->644962K(26355712K)] 27043123K->1504784K(29501440K), 0.0986134 secs] [Times: user=4.95 sys=0.00, real=0.10 secs] 
4136.125: [GC (Allocation Failure) [PSYoungGen: 26093410K->720360K(26355712K)] 26953232K->1580781K(29501440K), 0.1042582 secs] [Times: user=5.08 sys=0.01, real=0.10 secs] 
4141.159: [GC (Allocation Failure) [PSYoungGen: 26168808K->694287K(26355712K)] 27029229K->1555261K(29501440K), 0.1068632 secs] [Times: user=5.09 sys=0.01, real=0.11 secs] 
4146.244: [GC (Allocation Failure) [PSYoungGen: 26142735K->693035K(26355712K)] 27003709K->1554577K(29501440K), 0.1009412 secs] [Times: user=5.08 sys=0.00, real=0.10 secs] 
4151.454: [GC (Allocation Failure) [PSYoungGen: 26141483K->703394K(26355712K)] 27003025K->1565463K(29501440K), 0.1013540 secs] [Times: user=5.08 sys=0.01, real=0.10 secs] 
4156.605: [GC (Allocation Failure) [PSYoungGen: 26151842K->664945K(26355712K)] 27013911K->1527566K(29501440K), 0.1042821 secs] [Times: user=5.04 sys=0.02, real=0.10 secs] 
4161.756: [GC (Allocation Failure) [PSYoungGen: 26113393K->765681K(26355712K)] 26976014K->1628823K(29501440K), 0.1070403 secs] [Times: user=5.49 sys=0.00, real=0.11 secs] 
4166.815: [GC (Allocation Failure) [PSYoungGen: 26214129K->791483K(26355712K)] 27077271K->1655241K(29501440K), 0.1110460 secs] [Times: user=5.79 sys=0.01, real=0.11 secs] 
4171.974: [GC (Allocation Failure) [PSYoungGen: 26239931K->693081K(26355712K)] 27103689K->1557367K(29501440K), 0.1020669 secs] [Times: user=4.92 sys=0.00, real=0.10 secs] 
4176.966: [GC (Allocation Failure) [PSYoungGen: 26141529K->709750K(26355712K)] 27005815K->1574587K(29501440K), 0.1034428 secs] [Times: user=5.33 sys=0.01, real=0.10 secs] 
4181.978: [GC (Allocation Failure) [PSYoungGen: 26158198K->686071K(26355712K)] 27023035K->1551468K(29501440K), 0.1012725 secs] [Times: user=4.97 sys=0.01, real=0.10 secs] 
4186.971: [GC (Allocation Failure) [PSYoungGen: 26134519K->693502K(26355712K)] 26999916K->1559500K(29501440K), 0.1020060 secs] [Times: user=5.07 sys=0.01, real=0.10 secs] 
4191.939: [GC (Allocation Failure) [PSYoungGen: 26141950K->711434K(26355712K)] 27007948K->1578015K(29501440K), 0.1032726 secs] [Times: user=5.21 sys=0.00, real=0.11 secs] 
4197.098: [GC (Allocation Failure) [PSYoungGen: 26159882K->727962K(26355712K)] 27026463K->1595096K(29501440K), 0.1045873 secs] [Times: user=5.27 sys=0.01, real=0.11 secs] 
4202.123: [GC (Allocation Failure) [PSYoungGen: 26176410K->701598K(26355712K)] 27043544K->1569259K(29501440K), 0.1005535 secs] [Times: user=5.15 sys=0.00, real=0.10 secs] 
4207.221: [GC (Allocation Failure) [PSYoungGen: 26150046K->795473K(26355712K)] 27017707K->1663687K(29501440K), 0.1129565 secs] [Times: user=5.79 sys=0.00, real=0.11 secs] 
4212.284: [GC (Allocation Failure) [PSYoungGen: 26243921K->732005K(26355712K)] 27112135K->1600754K(29501440K), 0.1034498 secs] [Times: user=5.32 sys=0.01, real=0.10 secs] 
4217.309: [GC (Allocation Failure) [PSYoungGen: 26180453K->698019K(26355712K)] 27049202K->1567384K(29501440K), 0.1053890 secs] [Times: user=5.16 sys=0.01, real=0.11 secs] 
4222.368: [GC (Allocation Failure) [PSYoungGen: 26146467K->686982K(26355712K)] 27015832K->1556900K(29501440K), 0.1010721 secs] [Times: user=5.15 sys=0.00, real=0.10 secs] 
4227.349: [GC (Allocation Failure) [PSYoungGen: 26135430K->716357K(26355712K)] 27005348K->1586834K(29501440K), 0.1017303 secs] [Times: user=5.34 sys=0.01, real=0.11 secs] 
4232.353: [GC (Allocation Failure) [PSYoungGen: 26164805K->764244K(26355712K)] 27035282K->1635273K(29501440K), 0.1088421 secs] [Times: user=5.52 sys=0.03, real=0.11 secs] 
4237.346: [GC (Allocation Failure) [PSYoungGen: 26212692K->732861K(26355712K)] 27083721K->1604451K(29501440K), 0.1045207 secs] [Times: user=5.35 sys=0.01, real=0.10 secs] 
4242.202: [GC (Allocation Failure) [PSYoungGen: 26181309K->733395K(26355712K)] 27052899K->1605521K(29501440K), 0.1039974 secs] [Times: user=5.31 sys=0.01, real=0.10 secs] 
4247.299: [GC (Allocation Failure) [PSYoungGen: 26181843K->734301K(26355712K)] 27053969K->1606979K(29501440K), 0.1108100 secs] [Times: user=5.29 sys=0.00, real=0.11 secs] 
4252.125: [GC (Allocation Failure) [PSYoungGen: 26182749K->702995K(26355712K)] 27055427K->1576208K(29501440K), 0.0994085 secs] [Times: user=5.19 sys=0.00, real=0.10 secs] 
4257.082: [GC (Allocation Failure) [PSYoungGen: 26151443K->712976K(26355712K)] 27024656K->1586733K(29501440K), 0.1027346 secs] [Times: user=5.20 sys=0.01, real=0.10 secs] 
4261.902: [GC (Allocation Failure) [PSYoungGen: 26161424K->712126K(26355712K)] 27035181K->1586444K(29501440K), 0.1039570 secs] [Times: user=5.24 sys=0.01, real=0.10 secs] 
4266.818: [GC (Allocation Failure) [PSYoungGen: 26160574K->686929K(26355712K)] 27034892K->1561767K(29501440K), 0.1027231 secs] [Times: user=5.17 sys=0.00, real=0.11 secs] 
4271.812: [GC (Allocation Failure) [PSYoungGen: 26135377K->740971K(26355712K)] 27010215K->1616393K(29501440K), 0.1071617 secs] [Times: user=5.19 sys=0.01, real=0.10 secs] 
4276.682: [GC (Allocation Failure) [PSYoungGen: 26189419K->690222K(26355712K)] 27064841K->1566164K(29501440K), 0.1016272 secs] [Times: user=5.13 sys=0.01, real=0.10 secs] 
4281.484: [GC (Allocation Failure) [PSYoungGen: 26138670K->796524K(26355712K)] 27014612K->1673026K(29501440K), 0.1134570 secs] [Times: user=5.74 sys=0.01, real=0.11 secs] 
4286.364: [GC (Allocation Failure) [PSYoungGen: 26244972K->706140K(26355712K)] 27121474K->1583169K(29501440K), 0.0998469 secs] [Times: user=5.27 sys=0.01, real=0.10 secs] 
4291.327: [GC (Allocation Failure) [PSYoungGen: 26154588K->720554K(26355712K)] 27031617K->1598120K(29501440K), 0.1030023 secs] [Times: user=5.29 sys=0.01, real=0.10 secs] 
4296.163: [GC (Allocation Failure) [PSYoungGen: 26169002K->689799K(26355712K)] 27046568K->1567892K(29501440K), 0.0963491 secs] [Times: user=5.12 sys=0.02, real=0.09 secs] 
4301.121: [GC (Allocation Failure) [PSYoungGen: 26138247K->707725K(26355712K)] 27016340K->1586386K(29501440K), 0.1016221 secs] [Times: user=5.09 sys=0.01, real=0.10 secs] 
4306.011: [GC (Allocation Failure) [PSYoungGen: 26156173K->699042K(26355712K)] 27034834K->1578263K(29501440K), 0.1016231 secs] [Times: user=5.22 sys=0.00, real=0.10 secs] 
4311.005: [GC (Allocation Failure) [PSYoungGen: 26147490K->685266K(26355712K)] 27026711K->1565031K(29501440K), 0.1084751 secs] [Times: user=5.09 sys=0.01, real=0.11 secs] 
4315.984: [GC (Allocation Failure) [PSYoungGen: 26133714K->674381K(26355712K)] 27013479K->1554746K(29501440K), 0.1001127 secs] [Times: user=5.02 sys=0.00, real=0.10 secs] 
4320.715: [GC (Allocation Failure) [PSYoungGen: 26122829K->691713K(26355712K)] 27003194K->1572615K(29501440K), 0.1031579 secs] [Times: user=5.15 sys=0.00, real=0.10 secs] 
4325.624: [GC (Allocation Failure) [PSYoungGen: 26140161K->716850K(26355712K)] 27021063K->1598320K(29501440K), 0.1036338 secs] [Times: user=5.35 sys=0.00, real=0.10 secs] 
4330.506: [GC (Allocation Failure) [PSYoungGen: 26165298K->724666K(26355712K)] 27046768K->1606735K(29501440K), 0.1089770 secs] [Times: user=5.57 sys=0.00, real=0.11 secs] 
4335.451: [GC (Allocation Failure) [PSYoungGen: 26173114K->710722K(26355712K)] 27055183K->1593360K(29501440K), 0.1022774 secs] [Times: user=5.12 sys=0.00, real=0.10 secs] 
4340.109: [GC (Allocation Failure) [PSYoungGen: 26159170K->701548K(26355712K)] 27041808K->1584722K(29501440K), 0.0986012 secs] [Times: user=5.13 sys=0.00, real=0.10 secs] 
4344.978: [GC (Allocation Failure) [PSYoungGen: 26149996K->696627K(26355712K)] 27033170K->1580352K(29501440K), 0.1016417 secs] [Times: user=5.16 sys=0.01, real=0.10 secs] 
4349.862: [GC (Allocation Failure) [PSYoungGen: 26145075K->742777K(26355712K)] 27028800K->1627087K(29501440K), 0.1107676 secs] [Times: user=5.22 sys=0.00, real=0.11 secs] 
4354.730: [GC (Allocation Failure) [PSYoungGen: 26191225K->708650K(26355712K)] 27075535K->1593488K(29501440K), 0.1009007 secs] [Times: user=5.07 sys=0.01, real=0.11 secs] 
4359.632: [GC (Allocation Failure) [PSYoungGen: 26157098K->671948K(26355712K)] 27041936K->1557361K(29501440K), 0.1005495 secs] [Times: user=5.05 sys=0.01, real=0.10 secs] 
4364.485: [GC (Allocation Failure) [PSYoungGen: 26120396K->804651K(26355712K)] 27005809K->1690609K(29501440K), 0.1094053 secs] [Times: user=5.78 sys=0.01, real=0.11 secs] 
4369.363: [GC (Allocation Failure) [PSYoungGen: 26253099K->849979K(26355712K)] 27139057K->1736457K(29501440K), 0.1224226 secs] [Times: user=6.02 sys=0.00, real=0.12 secs] 
4374.209: [GC (Allocation Failure) [PSYoungGen: 26298427K->794898K(26355712K)] 27184905K->1681968K(29501440K), 0.1099987 secs] [Times: user=5.63 sys=0.00, real=0.11 secs] 
4378.954: [GC (Allocation Failure) [PSYoungGen: 26243346K->707741K(26355712K)] 27130416K->1595395K(29501440K), 0.1066734 secs] [Times: user=4.89 sys=0.00, real=0.11 secs] 
4384.016: [GC (Allocation Failure) [PSYoungGen: 26156189K->755687K(26355712K)] 27043843K->1643877K(29501440K), 0.1024130 secs] [Times: user=5.34 sys=0.00, real=0.10 secs] 
4388.878: [GC (Allocation Failure) [PSYoungGen: 26204135K->674061K(26355712K)] 27092325K->1562850K(29501440K), 0.0982793 secs] [Times: user=4.91 sys=0.00, real=0.10 secs] 
4393.779: [GC (Allocation Failure) [PSYoungGen: 26122509K->687048K(26355712K)] 27011298K->1576389K(29501440K), 0.1010330 secs] [Times: user=5.03 sys=0.01, real=0.10 secs] 
4398.892: [GC (Allocation Failure) [PSYoungGen: 26135496K->738261K(26355712K)] 27024837K->1628123K(29501440K), 0.1042188 secs] [Times: user=5.29 sys=0.01, real=0.10 secs] 
4403.429: [GC (Allocation Failure) [PSYoungGen: 26186709K->709904K(26355712K)] 27076571K->1600318K(29501440K), 0.1042879 secs] [Times: user=5.25 sys=0.01, real=0.11 secs] 
4408.378: [GC (Allocation Failure) [PSYoungGen: 26158352K->708503K(26355712K)] 27048766K->1599453K(29501440K), 0.1035622 secs] [Times: user=5.14 sys=0.01, real=0.11 secs] 
4413.046: [GC (Allocation Failure) [PSYoungGen: 26156951K->670029K(26355712K)] 27047901K->1561570K(29501440K), 0.1034266 secs] [Times: user=4.92 sys=0.01, real=0.10 secs] 
4417.859: [GC (Allocation Failure) [PSYoungGen: 26118477K->713111K(26355712K)] 27010018K->1605236K(29501440K), 0.1009421 secs] [Times: user=5.15 sys=0.01, real=0.10 secs] 
4422.593: [GC (Allocation Failure) [PSYoungGen: 26161559K->744740K(26355712K)] 27053684K->1637401K(29501440K), 0.1061402 secs] [Times: user=5.46 sys=0.00, real=0.10 secs] 
4427.239: [GC (Allocation Failure) [PSYoungGen: 26193188K->706315K(26355712K)] 27085849K->1599577K(29501440K), 0.1033577 secs] [Times: user=5.23 sys=0.00, real=0.11 secs] 
4432.138: [GC (Allocation Failure) [PSYoungGen: 26154763K->736786K(26355712K)] 27048025K->1630576K(29501440K), 0.1039076 secs] [Times: user=5.27 sys=0.00, real=0.11 secs] 
4436.903: [GC (Allocation Failure) [PSYoungGen: 26185234K->755162K(26355712K)] 27079024K->1649471K(29501440K), 0.1061429 secs] [Times: user=5.45 sys=0.00, real=0.10 secs] 
4441.874: [GC (Allocation Failure) [PSYoungGen: 26203610K->731376K(26355712K)] 27097919K->1626214K(29501440K), 0.1043787 secs] [Times: user=5.27 sys=0.00, real=0.10 secs] 
4446.579: [GC (Allocation Failure) [PSYoungGen: 26179824K->670082K(26355712K)] 27074662K->1565432K(29501440K), 0.0971889 secs] [Times: user=5.06 sys=0.01, real=0.10 secs] 
4451.613: [GC (Allocation Failure) [PSYoungGen: 26118530K->773139K(26355712K)] 27013880K->1669097K(29501440K), 0.1111533 secs] [Times: user=5.37 sys=0.00, real=0.11 secs] 
4456.039: [GC (Allocation Failure) [PSYoungGen: 26221587K->745073K(26355712K)] 27117545K->1641607K(29501440K), 0.1073973 secs] [Times: user=5.30 sys=0.01, real=0.11 secs] 
4460.728: [GC (Allocation Failure) [PSYoungGen: 26193521K->717597K(26355712K)] 27090055K->1614658K(29501440K), 0.1006165 secs] [Times: user=5.24 sys=0.01, real=0.10 secs] 
4466.203: [GC (Allocation Failure) [PSYoungGen: 26166045K->870763K(26355712K)] 27063106K->1768409K(29501440K), 0.1151400 secs] [Times: user=6.00 sys=0.00, real=0.11 secs] 
4470.280: [GC (Allocation Failure) [PSYoungGen: 26319211K->826299K(26355712K)] 27216857K->1724553K(29501440K), 0.1147498 secs] [Times: user=5.73 sys=0.01, real=0.12 secs] 
4474.951: [GC (Allocation Failure) [PSYoungGen: 26274747K->751687K(26355712K)] 27173001K->1650452K(29501440K), 0.1047632 secs] [Times: user=5.27 sys=0.01, real=0.11 secs] 
4479.733: [GC (Allocation Failure) [PSYoungGen: 26200135K->698689K(26355712K)] 27098900K->1598022K(29501440K), 0.0995757 secs] [Times: user=4.99 sys=0.01, real=0.10 secs] 
4484.642: [GC (Allocation Failure) [PSYoungGen: 26147137K->794486K(26355712K)] 27046470K->1694428K(29501440K), 0.1120386 secs] [Times: user=5.83 sys=0.01, real=0.11 secs] 
4489.260: [GC (Allocation Failure) [PSYoungGen: 26242934K->749399K(26355712K)] 27142876K->1649893K(29501440K), 0.1078586 secs] [Times: user=5.34 sys=0.00, real=0.11 secs] 
4494.160: [GC (Allocation Failure) [PSYoungGen: 26197847K->800599K(26355712K)] 27098341K->1701597K(29501440K), 0.1095982 secs] [Times: user=5.61 sys=0.00, real=0.11 secs] 
4498.669: [GC (Allocation Failure) [PSYoungGen: 26249047K->717770K(26355712K)] 27150045K->1619359K(29501440K), 0.1031431 secs] [Times: user=5.28 sys=0.01, real=0.11 secs] 
4503.445: [GC (Allocation Failure) [PSYoungGen: 26166218K->756438K(26355712K)] 27067807K->1658596K(29501440K), 0.1050873 secs] [Times: user=5.51 sys=0.00, real=0.10 secs] 
4507.992: [GC (Allocation Failure) [PSYoungGen: 26204797K->710993K(26355712K)] 27106955K->1613678K(29501440K), 0.1013545 secs] [Times: user=5.09 sys=0.01, real=0.10 secs] 
4512.993: [GC (Allocation Failure) [PSYoungGen: 26159441K->795551K(26355712K)] 27062126K->1698805K(29501440K), 0.1145206 secs] [Times: user=5.49 sys=0.01, real=0.11 secs] 
4517.585: [GC (Allocation Failure) [PSYoungGen: 26243999K->701042K(26355712K)] 27147253K->1604848K(29501440K), 0.1001249 secs] [Times: user=5.04 sys=0.01, real=0.10 secs] 
4522.320: [GC (Allocation Failure) [PSYoungGen: 26149490K->743513K(26355712K)] 27053296K->1647871K(29501440K), 0.1051388 secs] [Times: user=5.30 sys=0.00, real=0.11 secs] 
4526.981: [GC (Allocation Failure) [PSYoungGen: 26191961K->744765K(26355712K)] 27096319K->1649635K(29501440K), 0.1041346 secs] [Times: user=5.37 sys=0.01, real=0.10 secs] 
4531.675: [GC (Allocation Failure) [PSYoungGen: 26193213K->720512K(26355712K)] 27098083K->1625949K(29501440K), 0.1075580 secs] [Times: user=5.27 sys=0.01, real=0.11 secs] 
4536.381: [GC (Allocation Failure) [PSYoungGen: 26168960K->806457K(26355712K)] 27074397K->1712439K(29501440K), 0.1102811 secs] [Times: user=5.80 sys=0.00, real=0.11 secs] 
4541.063: [GC (Allocation Failure) [PSYoungGen: 26254905K->764501K(26355712K)] 27160887K->1671002K(29501440K), 0.1045165 secs] [Times: user=5.40 sys=0.00, real=0.10 secs] 
4545.754: [GC (Allocation Failure) [PSYoungGen: 26212949K->729328K(26355712K)] 27119450K->1636421K(29501440K), 0.1069588 secs] [Times: user=5.16 sys=0.00, real=0.11 secs] 
4550.296: [GC (Allocation Failure) [PSYoungGen: 26177776K->796783K(26355712K)] 27084869K->1704413K(29501440K), 0.1079829 secs] [Times: user=5.68 sys=0.00, real=0.11 secs] 
4554.960: [GC (Allocation Failure) [PSYoungGen: 26245231K->862371K(26355712K)] 27152861K->1770584K(29501440K), 0.1221613 secs] [Times: user=6.05 sys=0.00, real=0.13 secs] 
4559.509: [GC (Allocation Failure) [PSYoungGen: 26310819K->753073K(26355712K)] 27219032K->1661822K(29501440K), 0.1048841 secs] [Times: user=5.35 sys=0.00, real=0.11 secs] 
4564.098: [GC (Allocation Failure) [PSYoungGen: 26201521K->768915K(26355712K)] 27110270K->1678185K(29501440K), 0.1071370 secs] [Times: user=5.43 sys=0.00, real=0.11 secs] 
4568.746: [GC (Allocation Failure) [PSYoungGen: 26217363K->725057K(26355712K)] 27126633K->1634935K(29501440K), 0.1041101 secs] [Times: user=5.26 sys=0.01, real=0.10 secs] 
4573.315: [GC (Allocation Failure) [PSYoungGen: 26173505K->801039K(26355712K)] 27083383K->1711453K(29501440K), 0.1210814 secs] [Times: user=6.02 sys=0.02, real=0.12 secs] 
4577.918: [GC (Allocation Failure) [PSYoungGen: 26249487K->810136K(26355712K)] 27159901K->1721109K(29501440K), 0.1143996 secs] [Times: user=5.81 sys=0.01, real=0.12 secs] 
4582.681: [GC (Allocation Failure) [PSYoungGen: 26258584K->692657K(26355712K)] 27169557K->1604239K(29501440K), 0.1005289 secs] [Times: user=4.97 sys=0.02, real=0.10 secs] 
4587.262: [GC (Allocation Failure) [PSYoungGen: 26141105K->739957K(26355712K)] 27052687K->1652106K(29501440K), 0.1038672 secs] [Times: user=5.36 sys=0.01, real=0.10 secs] 
4591.848: [GC (Allocation Failure) [PSYoungGen: 26188405K->781501K(26355712K)] 27100554K->1694171K(29501440K), 0.1091231 secs] [Times: user=5.49 sys=0.00, real=0.11 secs] 
4596.455: [GC (Allocation Failure) [PSYoungGen: 26229949K->738944K(26355712K)] 27142619K->1652142K(29501440K), 0.1020387 secs] [Times: user=5.33 sys=0.00, real=0.10 secs] 
4601.091: [GC (Allocation Failure) [PSYoungGen: 26187392K->748562K(26355712K)] 27100590K->1662296K(29501440K), 0.1054142 secs] [Times: user=5.40 sys=0.00, real=0.10 secs] 
4605.745: [GC (Allocation Failure) [PSYoungGen: 26197010K->722637K(26355712K)] 27110744K->1636867K(29501440K), 0.1018967 secs] [Times: user=5.30 sys=0.01, real=0.10 secs] 
4610.320: [GC (Allocation Failure) [PSYoungGen: 26171085K->733454K(26355712K)] 27085315K->1648252K(29501440K), 0.1030090 secs] [Times: user=5.33 sys=0.00, real=0.11 secs] 
4614.894: [GC (Allocation Failure) [PSYoungGen: 26181902K->701108K(26355712K)] 27096700K->1616490K(29501440K), 0.1038845 secs] [Times: user=5.30 sys=0.00, real=0.10 secs] 
4619.495: [GC (Allocation Failure) [PSYoungGen: 26149556K->820716K(26355712K)] 27064938K->1736617K(29501440K), 0.1095665 secs] [Times: user=5.81 sys=0.01, real=0.11 secs] 
4624.002: [GC (Allocation Failure) [PSYoungGen: 26269164K->722458K(26355712K)] 27185065K->1638936K(29501440K), 0.1039447 secs] [Times: user=5.23 sys=0.00, real=0.10 secs] 
4628.509: [GC (Allocation Failure) [PSYoungGen: 26170906K->790855K(26355712K)] 27087384K->1707869K(29501440K), 0.1083945 secs] [Times: user=5.68 sys=0.00, real=0.11 secs] 
4633.083: [GC (Allocation Failure) [PSYoungGen: 26239303K->735677K(26355712K)] 27156317K->1653226K(29501440K), 0.1016768 secs] [Times: user=5.32 sys=0.01, real=0.10 secs] 
4637.627: [GC (Allocation Failure) [PSYoungGen: 26184125K->698210K(26355712K)] 27101674K->1616312K(29501440K), 0.1005937 secs] [Times: user=5.07 sys=0.01, real=0.10 secs] 
4642.079: [GC (Allocation Failure) [PSYoungGen: 26146658K->739254K(26355712K)] 27064760K->1657883K(29501440K), 0.1068364 secs] [Times: user=5.39 sys=0.01, real=0.11 secs] 
4646.712: [GC (Allocation Failure) [PSYoungGen: 26187702K->768004K(26355712K)] 27106331K->1687186K(29501440K), 0.1052579 secs] [Times: user=5.56 sys=0.01, real=0.10 secs] 
4651.366: [GC (Allocation Failure) [PSYoungGen: 26216452K->820103K(26355712K)] 27135634K->1739812K(29501440K), 0.1150887 secs] [Times: user=5.76 sys=0.01, real=0.12 secs] 
4655.873: [GC (Allocation Failure) [PSYoungGen: 26268551K->738483K(26355712K)] 27188260K->1658704K(29501440K), 0.1019981 secs] [Times: user=5.29 sys=0.01, real=0.10 secs] 
4660.324: [GC (Allocation Failure) [PSYoungGen: 26186931K->752857K(26355712K)] 27107152K->1673647K(29501440K), 0.1059368 secs] [Times: user=5.52 sys=0.00, real=0.10 secs] 
4664.937: [GC (Allocation Failure) [PSYoungGen: 26201305K->758230K(26355712K)] 27122095K->1679524K(29501440K), 0.1091610 secs] [Times: user=5.50 sys=0.00, real=0.11 secs] 
4669.558: [GC (Allocation Failure) [PSYoungGen: 26206678K->880073K(26355712K)] 27127972K->1801935K(29501440K), 0.1167145 secs] [Times: user=6.21 sys=0.00, real=0.12 secs] 
4674.048: [GC (Allocation Failure) [PSYoungGen: 26328521K->726001K(26355712K)] 27250383K->1648407K(29501440K), 0.1017188 secs] [Times: user=5.20 sys=0.00, real=0.10 secs] 
4678.625: [GC (Allocation Failure) [PSYoungGen: 26174449K->738287K(26355712K)] 27096855K->1661196K(29501440K), 0.1056050 secs] [Times: user=5.37 sys=0.00, real=0.11 secs] 
4683.271: [GC (Allocation Failure) [PSYoungGen: 26186735K->732752K(26355712K)] 27109644K->1656206K(29501440K), 0.1032594 secs] [Times: user=5.28 sys=0.00, real=0.10 secs] 
4687.529: [GC (Allocation Failure) [PSYoungGen: 26181200K->755741K(26355712K)] 27104654K->1679747K(29501440K), 0.1118795 secs] [Times: user=5.40 sys=0.00, real=0.12 secs] 
4692.110: [GC (Allocation Failure) [PSYoungGen: 26204189K->822445K(26355712K)] 27128195K->1747010K(29501440K), 0.1174347 secs] [Times: user=5.95 sys=0.01, real=0.12 secs] 
4696.717: [GC (Allocation Failure) [PSYoungGen: 26270893K->763287K(26355712K)] 27195458K->1688444K(29501440K), 0.1091373 secs] [Times: user=5.38 sys=0.01, real=0.11 secs] 
4701.061: [GC (Allocation Failure) [PSYoungGen: 26211735K->701344K(26355712K)] 27136892K->1627029K(29501440K), 0.1006770 secs] [Times: user=5.22 sys=0.01, real=0.10 secs] 
4705.527: [GC (Allocation Failure) [PSYoungGen: 26149792K->750784K(26355712K)] 27075477K->1677038K(29501440K), 0.1038409 secs] [Times: user=5.46 sys=0.01, real=0.11 secs] 
4710.019: [GC (Allocation Failure) [PSYoungGen: 26199232K->787998K(26355712K)] 27125486K->1714771K(29501440K), 0.1106816 secs] [Times: user=5.79 sys=0.00, real=0.11 secs] 
4714.406: [GC (Allocation Failure) [PSYoungGen: 26236446K->785916K(26355712K)] 27163219K->1713306K(29501440K), 0.1069696 secs] [Times: user=5.48 sys=0.00, real=0.11 secs] 
4718.974: [GC (Allocation Failure) [PSYoungGen: 26234364K->759674K(26355712K)] 27161754K->1687607K(29501440K), 0.1037531 secs] [Times: user=5.43 sys=0.00, real=0.10 secs] 
4723.509: [GC (Allocation Failure) [PSYoungGen: 26208122K->843866K(26355712K)] 27136055K->1772383K(29501440K), 0.1163239 secs] [Times: user=5.93 sys=0.00, real=0.12 secs] 
4728.186: [GC (Allocation Failure) [PSYoungGen: 26292314K->823286K(26355712K)] 27220831K->1752388K(29501440K), 0.1154180 secs] [Times: user=5.86 sys=0.00, real=0.12 secs] 
4732.753: [GC (Allocation Failure) [PSYoungGen: 26271734K->748090K(26355712K)] 27200836K->1677736K(29501440K), 0.1076189 secs] [Times: user=5.35 sys=0.00, real=0.11 secs] 
4737.157: [GC (Allocation Failure) [PSYoungGen: 26196538K->830953K(26355712K)] 27126184K->1761127K(29501440K), 0.1136686 secs] [Times: user=5.89 sys=0.01, real=0.12 secs] 
4741.685: [GC (Allocation Failure) [PSYoungGen: 26279401K->717501K(26355712K)] 27209575K->1648243K(29501440K), 0.1030886 secs] [Times: user=5.20 sys=0.01, real=0.10 secs] 
4746.287: [GC (Allocation Failure) [PSYoungGen: 26165949K->742083K(26355712K)] 27096691K->1673513K(29501440K), 0.1072548 secs] [Times: user=5.23 sys=0.00, real=0.11 secs] 
4750.686: [GC (Allocation Failure) [PSYoungGen: 26190531K->703436K(26355712K)] 27121961K->1635386K(29501440K), 0.1032085 secs] [Times: user=5.28 sys=0.00, real=0.10 secs] 
4755.128: [GC (Allocation Failure) [PSYoungGen: 26151884K->841828K(26355712K)] 27083834K->1774290K(29501440K), 0.1157444 secs] [Times: user=5.97 sys=0.00, real=0.12 secs] 
4759.467: [GC (Allocation Failure) [PSYoungGen: 26290276K->721446K(26355712K)] 27222738K->1654484K(29501440K), 0.1018207 secs] [Times: user=5.26 sys=0.01, real=0.10 secs] 
4764.048: [GC (Allocation Failure) [PSYoungGen: 26169894K->793063K(26355712K)] 27102932K->1726660K(29501440K), 0.1097499 secs] [Times: user=5.62 sys=0.02, real=0.11 secs] 
4768.539: [GC (Allocation Failure) [PSYoungGen: 26241511K->813897K(26355712K)] 27175108K->1748543K(29501440K), 0.1086973 secs] [Times: user=5.64 sys=0.01, real=0.11 secs] 
4772.779: [GC (Allocation Failure) [PSYoungGen: 26262345K->756620K(26355712K)] 27196991K->1691810K(29501440K), 0.1087809 secs] [Times: user=5.60 sys=0.01, real=0.11 secs] 
4777.193: [GC (Allocation Failure) [PSYoungGen: 26205068K->774068K(26355712K)] 27140258K->1709777K(29501440K), 0.1103788 secs] [Times: user=5.48 sys=0.01, real=0.11 secs] 
4781.641: [GC (Allocation Failure) [PSYoungGen: 26222516K->692267K(26355712K)] 27158225K->1628505K(29501440K), 0.1008836 secs] [Times: user=5.11 sys=0.01, real=0.10 secs] 
4785.957: [GC (Allocation Failure) [PSYoungGen: 26140715K->706922K(26355712K)] 27076953K->1643752K(29501440K), 0.1012094 secs] [Times: user=5.11 sys=0.00, real=0.10 secs] 
4790.348: [GC (Allocation Failure) [PSYoungGen: 26155370K->848535K(26355712K)] 27092200K->1785861K(29501440K), 0.1169571 secs] [Times: user=5.91 sys=0.00, real=0.12 secs] 
4794.621: [GC (Allocation Failure) [PSYoungGen: 26296983K->764740K(26355712K)] 27234309K->1702602K(29501440K), 0.1077402 secs] [Times: user=5.58 sys=0.00, real=0.10 secs] 
4799.099: [GC (Allocation Failure) [PSYoungGen: 26213188K->860213K(26355712K)] 27151050K->1798659K(29501440K), 0.1163648 secs] [Times: user=6.01 sys=0.00, real=0.12 secs] 
4803.476: [GC (Allocation Failure) [PSYoungGen: 26308661K->786048K(26355712K)] 27247107K->1725021K(29501440K), 0.1115556 secs] [Times: user=5.67 sys=0.00, real=0.11 secs] 
4807.883: [GC (Allocation Failure) [PSYoungGen: 26234496K->710682K(26355712K)] 27173469K->1650184K(29501440K), 0.1024254 secs] [Times: user=5.08 sys=0.01, real=0.10 secs] 
4812.227: [GC (Allocation Failure) [PSYoungGen: 26159130K->776702K(26355712K)] 27098632K->1716787K(29501440K), 0.1117885 secs] [Times: user=5.39 sys=0.01, real=0.11 secs] 
4816.519: [GC (Allocation Failure) [PSYoungGen: 26225150K->755221K(26355712K)] 27165235K->1695923K(29501440K), 0.1058136 secs] [Times: user=5.38 sys=0.01, real=0.11 secs] 
4820.771: [GC (Allocation Failure) [PSYoungGen: 26203669K->764692K(26355712K)] 27144371K->1705905K(29501440K), 0.1111235 secs] [Times: user=5.51 sys=0.01, real=0.11 secs] 
4825.170: [GC (Allocation Failure) [PSYoungGen: 26213140K->867523K(26355712K)] 27154353K->1809312K(29501440K), 0.1196794 secs] [Times: user=5.99 sys=0.01, real=0.12 secs] 
4829.426: [GC (Allocation Failure) [PSYoungGen: 26315971K->759839K(26355712K)] 27257760K->1702181K(29501440K), 0.1108938 secs] [Times: user=5.67 sys=0.01, real=0.11 secs] 
4833.998: [GC (Allocation Failure) [PSYoungGen: 26208287K->757103K(26355712K)] 27150629K->1699957K(29501440K), 0.1077675 secs] [Times: user=5.44 sys=0.00, real=0.11 secs] 
4838.363: [GC (Allocation Failure) [PSYoungGen: 26205551K->765999K(26355712K)] 27148405K->1709421K(29501440K), 0.1094338 secs] [Times: user=5.65 sys=0.01, real=0.11 secs] 
4842.781: [GC (Allocation Failure) [PSYoungGen: 26214447K->776876K(26355712K)] 27157869K->1720946K(29501440K), 0.1082846 secs] [Times: user=5.42 sys=0.01, real=0.10 secs] 
4846.983: [GC (Allocation Failure) [PSYoungGen: 26225324K->766785K(26355712K)] 27169394K->1711383K(29501440K), 0.1068272 secs] [Times: user=5.50 sys=0.01, real=0.10 secs] 
4851.224: [GC (Allocation Failure) [PSYoungGen: 26215233K->743745K(26355712K)] 27159831K->1688911K(29501440K), 0.1046484 secs] [Times: user=5.34 sys=0.01, real=0.10 secs] 
4855.599: [GC (Allocation Failure) [PSYoungGen: 26192193K->769072K(26355712K)] 27137359K->1714805K(29501440K), 0.1102171 secs] [Times: user=5.49 sys=0.01, real=0.11 secs] 
4860.057: [GC (Allocation Failure) [PSYoungGen: 26217520K->821927K(26355712K)] 27163253K->1768197K(29501440K), 0.1155964 secs] [Times: user=5.77 sys=0.00, real=0.12 secs] 
4864.366: [GC (Allocation Failure) [PSYoungGen: 26270375K->694735K(26355712K)] 27216645K->1641501K(29501440K), 0.1049663 secs] [Times: user=5.05 sys=0.01, real=0.11 secs] 
4868.904: [GC (Allocation Failure) [PSYoungGen: 26143183K->834852K(26355712K)] 27089949K->1782185K(29501440K), 0.1139936 secs] [Times: user=6.03 sys=0.00, real=0.11 secs] 
4873.187: [GC (GCLocker Initiated GC) [PSYoungGen: 26283300K->760694K(26355712K)] 27233554K->1711492K(29501440K), 0.1072799 secs] [Times: user=5.53 sys=0.01, real=0.11 secs] 
4877.555: [GC (Allocation Failure) [PSYoungGen: 26209142K->820297K(26355712K)] 27159944K->1771651K(29501440K), 0.1118018 secs] [Times: user=5.75 sys=0.01, real=0.11 secs] 
4881.895: [GC (Allocation Failure) [PSYoungGen: 26268745K->887235K(26355712K)] 27220099K->1839093K(29501440K), 0.1172931 secs] [Times: user=6.17 sys=0.00, real=0.12 secs] 
4886.174: [GC (Allocation Failure) [PSYoungGen: 26335683K->850190K(26355712K)] 27287541K->1802607K(29501440K), 0.1138378 secs] [Times: user=5.98 sys=0.00, real=0.11 secs] 
4890.568: [GC (Allocation Failure) [PSYoungGen: 26298638K->839639K(26355712K)] 27251055K->1792640K(29501440K), 0.1152017 secs] [Times: user=5.85 sys=0.01, real=0.12 secs] 
4894.791: [GC (Allocation Failure) [PSYoungGen: 26288087K->753969K(26355712K)] 27241088K->1707515K(29501440K), 0.1070465 secs] [Times: user=5.39 sys=0.01, real=0.10 secs] 
4899.045: [GC (Allocation Failure) [PSYoungGen: 26202417K->907246K(26355712K)] 27155963K->1919856K(29501440K), 0.1304351 secs] [Times: user=6.69 sys=0.01, real=0.13 secs] 
4903.412: [GC (Allocation Failure) [PSYoungGen: 26355694K->823551K(26355712K)] 27368304K->1836689K(29501440K), 0.1058640 secs] [Times: user=5.65 sys=0.01, real=0.10 secs] 
4907.676: [GC (Allocation Failure) [PSYoungGen: 26271999K->781881K(26355712K)] 27285137K->1795578K(29501440K), 0.1059798 secs] [Times: user=5.40 sys=0.00, real=0.11 secs] 
4911.974: [GC (Allocation Failure) [PSYoungGen: 26230329K->792981K(26355712K)] 27244026K->1807222K(29501440K), 0.1068237 secs] [Times: user=5.47 sys=0.01, real=0.11 secs] 
4916.229: [GC (Allocation Failure) [PSYoungGen: 26241429K->838943K(26355712K)] 27255670K->1853672K(29501440K), 0.1153255 secs] [Times: user=5.69 sys=0.00, real=0.12 secs] 
4920.374: [GC (Allocation Failure) [PSYoungGen: 26287391K->838851K(26355712K)] 27302120K->1854116K(29501440K), 0.1114506 secs] [Times: user=5.74 sys=0.01, real=0.11 secs] 
4924.701: [GC (Allocation Failure) [PSYoungGen: 26287299K->782989K(26355712K)] 27302564K->1798807K(29501440K), 0.1140473 secs] [Times: user=5.66 sys=0.00, real=0.11 secs] 
4928.853: [GC (Allocation Failure) [PSYoungGen: 26231437K->753703K(26355712K)] 27247255K->1770121K(29501440K), 0.1039964 secs] [Times: user=5.19 sys=0.01, real=0.10 secs] 
4933.223: [GC (Allocation Failure) [PSYoungGen: 26202151K->808841K(26355712K)] 27218569K->1826154K(29501440K), 0.1068263 secs] [Times: user=5.58 sys=0.01, real=0.10 secs] 
4937.395: [GC (Allocation Failure) [PSYoungGen: 26257289K->814666K(26355712K)] 27274602K->1874124K(29501440K), 0.1212100 secs] [Times: user=6.09 sys=0.01, real=0.12 secs] 
4941.581: [GC (Allocation Failure) [PSYoungGen: 26263114K->819642K(26355712K)] 27322572K->1880476K(29501440K), 0.1113647 secs] [Times: user=5.85 sys=0.01, real=0.11 secs] 
4945.839: [GC (Allocation Failure) [PSYoungGen: 26268090K->862428K(26355712K)] 27328924K->1923806K(29501440K), 0.1194340 secs] [Times: user=6.02 sys=0.00, real=0.12 secs] 
4950.058: [GC (Allocation Failure) [PSYoungGen: 26310876K->723143K(26355712K)] 27372254K->1785017K(29501440K), 0.1113124 secs] [Times: user=5.52 sys=0.01, real=0.11 secs] 
4954.398: [GC (Allocation Failure) [PSYoungGen: 26171591K->776239K(26355712K)] 27233465K->1838649K(29501440K), 0.1093589 secs] [Times: user=5.68 sys=0.00, real=0.11 secs] 
4958.763: [GC (Allocation Failure) [PSYoungGen: 26224687K->687277K(26355712K)] 27287097K->1750399K(29501440K), 0.1054526 secs] [Times: user=4.89 sys=0.01, real=0.10 secs] 
4963.043: [GC (Allocation Failure) [PSYoungGen: 26135725K->771935K(26355712K)] 27198847K->1835857K(29501440K), 0.1101433 secs] [Times: user=5.45 sys=0.00, real=0.11 secs] 
4967.455: [GC (Allocation Failure) [PSYoungGen: 26220383K->816843K(26355712K)] 27284305K->1881301K(29501440K), 0.1131534 secs] [Times: user=5.66 sys=0.00, real=0.11 secs] 
4971.579: [GC (Allocation Failure) [PSYoungGen: 26265291K->881652K(26355712K)] 27329749K->1946710K(29501440K), 0.1220262 secs] [Times: user=6.21 sys=0.00, real=0.13 secs] 
4975.873: [GC (GCLocker Initiated GC) [PSYoungGen: 26330100K->786788K(26355712K)] 27397937K->1855208K(29501440K), 0.1130270 secs] [Times: user=5.43 sys=0.00, real=0.11 secs] 
4980.053: [GC (Allocation Failure) [PSYoungGen: 26235236K->769508K(26355712K)] 27303659K->1838508K(29501440K), 0.1129228 secs] [Times: user=5.63 sys=0.00, real=0.11 secs] 
4984.319: [GC (Allocation Failure) [PSYoungGen: 26217956K->772220K(26355712K)] 27286956K->1841756K(29501440K), 0.1078814 secs] [Times: user=5.51 sys=0.00, real=0.11 secs] 
4988.488: [GC (Allocation Failure) [PSYoungGen: 26220668K->764423K(26355712K)] 27290204K->1834511K(29501440K), 0.1052582 secs] [Times: user=5.54 sys=0.01, real=0.11 secs] 
4992.919: [GC (Allocation Failure) [PSYoungGen: 26212871K->823991K(26355712K)] 27282959K->1894631K(29501440K), 0.1155046 secs] [Times: user=5.47 sys=0.01, real=0.12 secs] 
4996.945: [GC (GCLocker Initiated GC) [PSYoungGen: 26272439K->766364K(26355712K)] 27345022K->1839475K(29501440K), 0.1096921 secs] [Times: user=5.58 sys=0.01, real=0.11 secs] 
5001.056: [GC (Allocation Failure) [PSYoungGen: 26214812K->834207K(26355712K)] 27287924K->1907856K(29501440K), 0.1181635 secs] [Times: user=5.80 sys=0.01, real=0.12 secs] 
5005.335: [GC (Allocation Failure) [PSYoungGen: 26282655K->907239K(26355712K)] 27356304K->2053399K(29501440K), 0.1387968 secs] [Times: user=7.13 sys=0.00, real=0.14 secs] 
5009.372: [GC (Allocation Failure) [PSYoungGen: 26355687K->797475K(26355712K)] 27501847K->1944155K(29501440K), 0.1047796 secs] [Times: user=5.57 sys=0.00, real=0.10 secs] 
5013.596: [GC (Allocation Failure) [PSYoungGen: 26245923K->768417K(26355712K)] 27392603K->1915641K(29501440K), 0.1049300 secs] [Times: user=5.17 sys=0.00, real=0.11 secs] 
5017.702: [GC (Allocation Failure) [PSYoungGen: 26216865K->771089K(26355712K)] 27364089K->1918842K(29501440K), 0.1062974 secs] [Times: user=5.45 sys=0.00, real=0.10 secs] 
5021.881: [GC (Allocation Failure) [PSYoungGen: 26219537K->902228K(26355712K)] 27367290K->2050508K(29501440K), 0.1155386 secs] [Times: user=6.10 sys=0.00, real=0.11 secs] 
5025.993: [GC (Allocation Failure) [PSYoungGen: 26350676K->907254K(26355712K)] 27498956K->2116086K(29501440K), 0.1269931 secs] [Times: user=6.66 sys=0.00, real=0.12 secs] 
5030.110: [GC (Allocation Failure) [PSYoungGen: 26355702K->799451K(26355712K)] 27564534K->2008915K(29501440K), 0.1017157 secs] [Times: user=5.39 sys=0.00, real=0.11 secs] 
5034.243: [GC (Allocation Failure) [PSYoungGen: 26247899K->839795K(26355712K)] 27457363K->2050556K(29501440K), 0.1101522 secs] [Times: user=5.77 sys=0.00, real=0.11 secs] 
5038.335: [GC (Allocation Failure) [PSYoungGen: 26288243K->851359K(26355712K)] 27499004K->2076848K(29501440K), 0.1108346 secs] [Times: user=5.78 sys=0.01, real=0.11 secs] 
5042.531: [GC (Allocation Failure) [PSYoungGen: 26299807K->789954K(26355712K)] 27525296K->2017467K(29501440K), 0.1096221 secs] [Times: user=5.74 sys=0.01, real=0.11 secs] 
5046.752: [GC (Allocation Failure) [PSYoungGen: 26238402K->756608K(26355712K)] 27465915K->1984633K(29501440K), 0.1061047 secs] [Times: user=5.55 sys=0.00, real=0.10 secs] 
5050.818: [GC (GCLocker Initiated GC) [PSYoungGen: 26205056K->792379K(26355712K)] 27434611K->2022574K(29501440K), 0.1121982 secs] [Times: user=5.59 sys=0.01, real=0.11 secs] 
5055.006: [GC (Allocation Failure) [PSYoungGen: 26240827K->861919K(26355712K)] 27471028K->2092656K(29501440K), 0.1205772 secs] [Times: user=6.01 sys=0.01, real=0.12 secs] 
5059.138: [GC (Allocation Failure) [PSYoungGen: 26310367K->728780K(26355712K)] 27541104K->1972309K(29501440K), 0.1069229 secs] [Times: user=5.34 sys=0.01, real=0.11 secs] 
5063.501: [GC (Allocation Failure) [PSYoungGen: 26177228K->881967K(26355712K)] 27420757K->2128792K(29501440K), 0.1187407 secs] [Times: user=6.29 sys=0.01, real=0.11 secs] 
5067.540: [GC (Allocation Failure) [PSYoungGen: 26330415K->886785K(26355712K)] 27577240K->2134314K(29501440K), 0.1248224 secs] [Times: user=6.03 sys=0.01, real=0.13 secs] 
5071.688: [GC (Allocation Failure) [PSYoungGen: 26335233K->761824K(26355712K)] 27582762K->2009881K(29501440K), 0.1078206 secs] [Times: user=5.50 sys=0.01, real=0.11 secs] 
5075.733: [GC (Allocation Failure) [PSYoungGen: 26210272K->843358K(26355712K)] 27458329K->2091959K(29501440K), 0.1142416 secs] [Times: user=6.02 sys=0.00, real=0.11 secs] 
5079.871: [GC (Allocation Failure) [PSYoungGen: 26291806K->803093K(26355712K)] 27540407K->2052222K(29501440K), 0.1083464 secs] [Times: user=5.63 sys=0.00, real=0.10 secs] 
5083.904: [GC (Allocation Failure) [PSYoungGen: 26251541K->838150K(26355712K)] 27500670K->2087847K(29501440K), 0.1135657 secs] [Times: user=5.97 sys=0.00, real=0.11 secs] 
5087.998: [GC (Allocation Failure) [PSYoungGen: 26286598K->795800K(26355712K)] 27536295K->2046225K(29501440K), 0.1167138 secs] [Times: user=6.01 sys=0.00, real=0.12 secs] 
5091.964: [GC (Allocation Failure) [PSYoungGen: 26244248K->849913K(26355712K)] 27494673K->2100866K(29501440K), 0.1107292 secs] [Times: user=5.80 sys=0.01, real=0.11 secs] 
5096.030: [GC (Allocation Failure) [PSYoungGen: 26298361K->750459K(26355712K)] 27549314K->2001995K(29501440K), 0.1060705 secs] [Times: user=5.37 sys=0.00, real=0.11 secs] 
5100.006: [GC (Allocation Failure) [PSYoungGen: 26198907K->811185K(26355712K)] 27450443K->2063258K(29501440K), 0.1146492 secs] [Times: user=5.81 sys=0.00, real=0.12 secs] 
5104.151: [GC (Allocation Failure) [PSYoungGen: 26259633K->772392K(26355712K)] 27511706K->2025200K(29501440K), 0.1076139 secs] [Times: user=5.35 sys=0.00, real=0.10 secs] 
5108.263: [GC (Allocation Failure) [PSYoungGen: 26220840K->791560K(26355712K)] 27473648K->2045201K(29501440K), 0.1100999 secs] [Times: user=5.60 sys=0.00, real=0.11 secs] 
5112.405: [GC (Allocation Failure) [PSYoungGen: 26240008K->788643K(26355712K)] 27493649K->2050660K(29501440K), 0.1122458 secs] [Times: user=5.74 sys=0.00, real=0.11 secs] 
5116.515: [GC (Allocation Failure) [PSYoungGen: 26237091K->863878K(26355712K)] 27499108K->2127823K(29501440K), 0.1202557 secs] [Times: user=6.02 sys=0.01, real=0.12 secs] 
5120.662: [GC (Allocation Failure) [PSYoungGen: 26312326K->801132K(26355712K)] 27576271K->2065669K(29501440K), 0.1093703 secs] [Times: user=5.64 sys=0.01, real=0.11 secs] 
5124.863: [GC (Allocation Failure) [PSYoungGen: 26249580K->856657K(26355712K)] 27514117K->2121722K(29501440K), 0.1189569 secs] [Times: user=6.15 sys=0.00, real=0.12 secs] 
5128.950: [GC (Allocation Failure) [PSYoungGen: 26305105K->776962K(26355712K)] 27570170K->2042555K(29501440K), 0.1082260 secs] [Times: user=5.46 sys=0.00, real=0.11 secs] 
5133.157: [GC (Allocation Failure) [PSYoungGen: 26225410K->788484K(26355712K)] 27491003K->2054677K(29501440K), 0.1088301 secs] [Times: user=5.66 sys=0.01, real=0.11 secs] 
5137.261: [GC (Allocation Failure) [PSYoungGen: 26236932K->793577K(26355712K)] 27503125K->2060322K(29501440K), 0.1112917 secs] [Times: user=5.81 sys=0.00, real=0.11 secs] 
5141.289: [GC (Allocation Failure) [PSYoungGen: 26242025K->816478K(26355712K)] 27508770K->2083719K(29501440K), 0.1114739 secs] [Times: user=5.67 sys=0.00, real=0.12 secs] 
5145.217: [GC (Allocation Failure) [PSYoungGen: 26264926K->782126K(26355712K)] 27532167K->2049935K(29501440K), 0.1083747 secs] [Times: user=5.41 sys=0.02, real=0.11 secs] 
5149.348: [GC (Allocation Failure) [PSYoungGen: 26230574K->796907K(26355712K)] 27498383K->2065276K(29501440K), 0.1110674 secs] [Times: user=5.57 sys=0.00, real=0.11 secs] 
5153.388: [GC (Allocation Failure) [PSYoungGen: 26245355K->808642K(26355712K)] 27513724K->2077523K(29501440K), 0.1141025 secs] [Times: user=5.68 sys=0.00, real=0.12 secs] 
5157.432: [GC (Allocation Failure) [PSYoungGen: 26257090K->907236K(26355712K)] 27525971K->2214869K(29501440K), 0.1288260 secs] [Times: user=6.64 sys=0.01, real=0.13 secs] 
5161.431: [GC (Allocation Failure) [PSYoungGen: 26355684K->818044K(26355712K)] 27663317K->2126205K(29501440K), 0.1099135 secs] [Times: user=5.73 sys=0.01, real=0.11 secs] 
5165.444: [GC (Allocation Failure) [PSYoungGen: 26266492K->866294K(26355712K)] 27574653K->2175007K(29501440K), 0.1145814 secs] [Times: user=5.82 sys=0.00, real=0.11 secs] 
5169.520: [GC (Allocation Failure) [PSYoungGen: 26314742K->841710K(26355712K)] 27623455K->2150935K(29501440K), 0.1148188 secs] [Times: user=5.95 sys=0.01, real=0.12 secs] 
5173.633: [GC (Allocation Failure) [PSYoungGen: 26290158K->856996K(26355712K)] 27599383K->2166741K(29501440K), 0.1157929 secs] [Times: user=6.11 sys=0.00, real=0.11 secs] 
5177.750: [GC (Allocation Failure) [PSYoungGen: 26305444K->713559K(26355712K)] 27615189K->2023848K(29501440K), 0.1029849 secs] [Times: user=5.20 sys=0.01, real=0.11 secs] 
5181.742: [GC (Allocation Failure) [PSYoungGen: 26162007K->761021K(26355712K)] 27472296K->2071814K(29501440K), 0.1098200 secs] [Times: user=5.21 sys=0.01, real=0.11 secs] 
5185.841: [GC (Allocation Failure) [PSYoungGen: 26209469K->843513K(26355712K)] 27520262K->2154842K(29501440K), 0.1132692 secs] [Times: user=5.84 sys=0.01, real=0.11 secs] 
5189.901: [GC (Allocation Failure) [PSYoungGen: 26291961K->845427K(26355712K)] 27603290K->2157324K(29501440K), 0.1142744 secs] [Times: user=5.83 sys=0.00, real=0.11 secs] 
5193.941: [GC (Allocation Failure) [PSYoungGen: 26293875K->790587K(26355712K)] 27605772K->2103092K(29501440K), 0.1109353 secs] [Times: user=5.59 sys=0.00, real=0.11 secs] 
5198.183: [GC (Allocation Failure) [PSYoungGen: 26239035K->907237K(26355712K)] 27551540K->2303198K(29501440K), 0.1340198 secs] [Times: user=6.94 sys=0.01, real=0.13 secs] 
5201.929: [GC (Allocation Failure) [PSYoungGen: 26355685K->794493K(26355712K)] 27751646K->2190974K(29501440K), 0.1086165 secs] [Times: user=5.54 sys=0.00, real=0.11 secs] 
5206.005: [GC (Allocation Failure) [PSYoungGen: 26242941K->692689K(26355712K)] 27639422K->2089754K(29501440K), 0.0986162 secs] [Times: user=4.85 sys=0.01, real=0.10 secs] 
5210.112: [GC (Allocation Failure) [PSYoungGen: 26141137K->819447K(26355712K)] 27538202K->2217024K(29501440K), 0.1089831 secs] [Times: user=5.73 sys=0.00, real=0.11 secs] 
5214.043: [GC (Allocation Failure) [PSYoungGen: 26267895K->907250K(26355712K)] 27665472K->2316907K(29501440K), 0.1201213 secs] [Times: user=6.26 sys=0.00, real=0.12 secs] 
5218.062: [GC (Allocation Failure) [PSYoungGen: 26355698K->889405K(26355712K)] 27765355K->2299862K(29501440K), 0.1164192 secs] [Times: user=6.08 sys=0.00, real=0.11 secs] 
5222.021: [GC (Allocation Failure) [PSYoungGen: 26337853K->803406K(26355712K)] 27748310K->2214407K(29501440K), 0.1070698 secs] [Times: user=5.62 sys=0.02, real=0.10 secs] 
5226.081: [GC (Allocation Failure) [PSYoungGen: 26251854K->862450K(26355712K)] 27662855K->2273979K(29501440K), 0.1142448 secs] [Times: user=5.89 sys=0.00, real=0.11 secs] 
5230.400: [GC (Allocation Failure) [PSYoungGen: 26310898K->859055K(26355712K)] 27722427K->2271128K(29501440K), 0.1137863 secs] [Times: user=5.89 sys=0.01, real=0.12 secs] 
5234.155: [GC (Allocation Failure) [PSYoungGen: 26307503K->834840K(26355712K)] 27719576K->2247465K(29501440K), 0.1141681 secs] [Times: user=5.76 sys=0.01, real=0.11 secs] 
5238.273: [GC (Allocation Failure) [PSYoungGen: 26283288K->814351K(26355712K)] 27695913K->2227512K(29501440K), 0.1104775 secs] [Times: user=5.56 sys=0.00, real=0.11 secs] 
5242.271: [GC (Allocation Failure) [PSYoungGen: 26262799K->778060K(26355712K)] 27675960K->2191725K(29501440K), 0.1083996 secs] [Times: user=5.43 sys=0.02, real=0.10 secs] 
5246.271: [GC (Allocation Failure) [PSYoungGen: 26226508K->907261K(26355712K)] 27640173K->2380622K(29501440K), 0.1280562 secs] [Times: user=6.67 sys=0.01, real=0.12 secs] 
5250.142: [GC (Allocation Failure) [PSYoungGen: 26355709K->820293K(26355712K)] 27829070K->2294190K(29501440K), 0.1066855 secs] [Times: user=5.65 sys=0.00, real=0.10 secs] 
5254.118: [GC (Allocation Failure) [PSYoungGen: 26268741K->801587K(26355712K)] 27742638K->2276036K(29501440K), 0.1101354 secs] [Times: user=5.63 sys=0.01, real=0.11 secs] 
5258.115: [GC (Allocation Failure) [PSYoungGen: 26250035K->882770K(26355712K)] 27724484K->2357955K(29501440K), 0.1138586 secs] [Times: user=5.99 sys=0.00, real=0.11 secs] 
5262.142: [GC (Allocation Failure) [PSYoungGen: 26331218K->907244K(26355712K)] 27806403K->2400077K(29501440K), 0.1226669 secs] [Times: user=6.42 sys=0.00, real=0.12 secs] 
5266.161: [GC (Allocation Failure) [PSYoungGen: 26355692K->907247K(26355712K)] 27848525K->2433376K(29501440K), 0.1226145 secs] [Times: user=6.46 sys=0.00, real=0.12 secs] 
5270.108: [GC (Allocation Failure) [PSYoungGen: 26355695K->907243K(26355712K)] 27881824K->2439324K(29501440K), 0.1198364 secs] [Times: user=6.04 sys=0.00, real=0.12 secs] 
5274.119: [GC (Allocation Failure) [PSYoungGen: 26355691K->896438K(26355712K)] 27887772K->2429311K(29501440K), 0.1185179 secs] [Times: user=6.07 sys=0.01, real=0.12 secs] 
5278.125: [GC (Allocation Failure) [PSYoungGen: 26344886K->904025K(26355712K)] 27877759K->2437402K(29501440K), 0.1213801 secs] [Times: user=6.08 sys=0.00, real=0.12 secs] 
5281.898: [GC (Allocation Failure) [PSYoungGen: 26352473K->756694K(26355712K)] 27885850K->2290575K(29501440K), 0.1084146 secs] [Times: user=5.43 sys=0.01, real=0.11 secs] 
5285.947: [GC (Allocation Failure) [PSYoungGen: 26205142K->765184K(26355712K)] 27739023K->2299641K(29501440K), 0.1078704 secs] [Times: user=5.43 sys=0.00, real=0.11 secs] 
5289.899: [GC (Allocation Failure) [PSYoungGen: 26213632K->806557K(26355712K)] 27748089K->2341566K(29501440K), 0.1105143 secs] [Times: user=5.72 sys=0.01, real=0.11 secs] 
5293.753: [GC (Allocation Failure) [PSYoungGen: 26255005K->754728K(26355712K)] 27790014K->2290241K(29501440K), 0.1075739 secs] [Times: user=5.30 sys=0.01, real=0.11 secs] 
5297.867: [GC (Allocation Failure) [PSYoungGen: 26203176K->750643K(26355712K)] 27738689K->2286700K(29501440K), 0.1050196 secs] [Times: user=5.35 sys=0.02, real=0.11 secs] 
5301.961: [GC (Allocation Failure) [PSYoungGen: 26199091K->779051K(26355712K)] 27735148K->2315748K(29501440K), 0.1085785 secs] [Times: user=5.50 sys=0.01, real=0.11 secs] 
5305.726: [GC (Allocation Failure) [PSYoungGen: 26227499K->794041K(26355712K)] 27764196K->2331506K(29501440K), 0.1127299 secs] [Times: user=5.63 sys=0.00, real=0.11 secs] 
5309.819: [GC (Allocation Failure) [PSYoungGen: 26242489K->731763K(26355712K)] 27779954K->2269724K(29501440K), 0.1049759 secs] [Times: user=5.46 sys=0.01, real=0.11 secs] 
5313.729: [GC (Allocation Failure) [PSYoungGen: 26180211K->736049K(26355712K)] 27718172K->2274586K(29501440K), 0.1030255 secs] [Times: user=5.22 sys=0.00, real=0.11 secs] 
5317.597: [GC (Allocation Failure) [PSYoungGen: 26184497K->748200K(26355712K)] 27723034K->2287273K(29501440K), 0.1053669 secs] [Times: user=5.48 sys=0.00, real=0.11 secs] 
5321.901: [GC (Allocation Failure) [PSYoungGen: 26196648K->907254K(26355712K)] 27735721K->2503927K(29501440K), 0.1294815 secs] [Times: user=6.76 sys=0.00, real=0.12 secs] 
5325.450: [GC (Allocation Failure) [PSYoungGen: 26355702K->877332K(26355712K)] 27952375K->2474837K(29501440K), 0.1185285 secs] [Times: user=6.22 sys=0.01, real=0.12 secs] 
5329.308: [GC (Allocation Failure) [PSYoungGen: 26325780K->756054K(26355712K)] 27923285K->2354344K(29501440K), 0.1035368 secs] [Times: user=5.41 sys=0.00, real=0.11 secs] 
5333.346: [GC (Allocation Failure) [PSYoungGen: 26204502K->814431K(26355712K)] 27802792K->2413224K(29501440K), 0.1081870 secs] [Times: user=5.67 sys=0.00, real=0.11 secs] 
5337.296: [GC (Allocation Failure) [PSYoungGen: 26262879K->762489K(26355712K)] 27861672K->2361803K(29501440K), 0.1071089 secs] [Times: user=5.30 sys=0.00, real=0.11 secs] 
5341.148: [GC (Allocation Failure) [PSYoungGen: 26210937K->739861K(26355712K)] 27810251K->2339726K(29501440K), 0.1071636 secs] [Times: user=5.38 sys=0.01, real=0.11 secs] 
5345.228: [GC (Allocation Failure) [PSYoungGen: 26188309K->817271K(26355712K)] 27788174K->2417665K(29501440K), 0.1115560 secs] [Times: user=5.84 sys=0.01, real=0.11 secs] 
5349.142: [GC (Allocation Failure) [PSYoungGen: 26265719K->860969K(26355712K)] 27866113K->2461850K(29501440K), 0.1277754 secs] [Times: user=6.43 sys=0.01, real=0.12 secs] 
5353.031: [GC (Allocation Failure) [PSYoungGen: 26309417K->815155K(26355712K)] 27910298K->2416565K(29501440K), 0.1235125 secs] [Times: user=6.26 sys=0.01, real=0.12 secs] 
5356.905: [GC (Allocation Failure) [PSYoungGen: 26263603K->714060K(26355712K)] 27865013K->2315989K(29501440K), 0.1041408 secs] [Times: user=5.17 sys=0.01, real=0.10 secs] 
5361.160: [GC (Allocation Failure) [PSYoungGen: 26162508K->907252K(26355712K)] 27764437K->2595101K(29501440K), 0.1367522 secs] [Times: user=7.08 sys=0.01, real=0.14 secs] 
5365.055: [GC (Allocation Failure) [PSYoungGen: 26355700K->740663K(26355712K)] 28043549K->2429032K(29501440K), 0.1009332 secs] [Times: user=5.16 sys=0.00, real=0.10 secs] 
5368.995: [GC (Allocation Failure) [PSYoungGen: 26189111K->736037K(26355712K)] 27877480K->2424927K(29501440K), 0.1018475 secs] [Times: user=5.13 sys=0.01, real=0.10 secs] 
5372.968: [GC (Allocation Failure) [PSYoungGen: 26184485K->815681K(26355712K)] 27873375K->2505130K(29501440K), 0.1109939 secs] [Times: user=5.61 sys=0.00, real=0.11 secs] 
5376.659: [GC (Allocation Failure) [PSYoungGen: 26264129K->776767K(26355712K)] 27953578K->2466800K(29501440K), 0.1057081 secs] [Times: user=5.49 sys=0.01, real=0.11 secs] 
5380.599: [GC (Allocation Failure) [PSYoungGen: 26225215K->801114K(26355712K)] 27915248K->2491827K(29501440K), 0.1108322 secs] [Times: user=5.60 sys=0.00, real=0.11 secs] 
5384.660: [GC (Allocation Failure) [PSYoungGen: 26249562K->844236K(26355712K)] 27940275K->2535533K(29501440K), 0.1133197 secs] [Times: user=5.88 sys=0.00, real=0.12 secs] 
5388.512: [GC (Allocation Failure) [PSYoungGen: 26292684K->862422K(26355712K)] 27983981K->2554295K(29501440K), 0.1164444 secs] [Times: user=6.18 sys=0.00, real=0.11 secs] 
5392.313: [GC (Allocation Failure) [PSYoungGen: 26310870K->746359K(26355712K)] 28002743K->2438760K(29501440K), 0.1070424 secs] [Times: user=5.32 sys=0.00, real=0.10 secs] 
5396.199: [GC (Allocation Failure) [PSYoungGen: 26194807K->785885K(26355712K)] 27887208K->2478806K(29501440K), 0.1074982 secs] [Times: user=5.53 sys=0.00, real=0.11 secs] 
5399.958: [GC (Allocation Failure) [PSYoungGen: 26234333K->840629K(26355712K)] 27927254K->2534079K(29501440K), 0.1122452 secs] [Times: user=5.92 sys=0.01, real=0.11 secs] 
5403.709: [GC (Allocation Failure) [PSYoungGen: 26289077K->826390K(26355712K)] 27982527K->2520375K(29501440K), 0.1102264 secs] [Times: user=5.70 sys=0.00, real=0.11 secs] 
5407.566: [GC (Allocation Failure) [PSYoungGen: 26274838K->883987K(26355712K)] 27968823K->2578476K(29501440K), 0.1205659 secs] [Times: user=6.18 sys=0.02, real=0.12 secs] 
5411.526: [GC (Allocation Failure) [PSYoungGen: 26332435K->907258K(26355712K)] 28026924K->2662331K(29501440K), 0.1365311 secs] [Times: user=7.17 sys=0.01, real=0.14 secs] 
5415.401: [GC (Allocation Failure) [PSYoungGen: 26355706K->768347K(26355712K)] 28110779K->2523980K(29501440K), 0.1035294 secs] [Times: user=5.26 sys=0.01, real=0.10 secs] 
5419.335: [GC (Allocation Failure) [PSYoungGen: 26216795K->793915K(26355712K)] 27972428K->2550252K(29501440K), 0.1096052 secs] [Times: user=5.65 sys=0.01, real=0.11 secs] 
5423.112: [GC (Allocation Failure) [PSYoungGen: 26242363K->869775K(26355712K)] 27998700K->2626624K(29501440K), 0.1169408 secs] [Times: user=5.90 sys=0.00, real=0.11 secs] 
5426.824: [GC (Allocation Failure) [PSYoungGen: 26318223K->766539K(26355712K)] 28075072K->2523965K(29501440K), 0.1105108 secs] [Times: user=5.39 sys=0.00, real=0.11 secs] 
5430.939: [GC (Allocation Failure) [PSYoungGen: 26214987K->808277K(26355712K)] 27972413K->2566254K(29501440K), 0.1133091 secs] [Times: user=5.63 sys=0.01, real=0.12 secs] 
5434.699: [GC (Allocation Failure) [PSYoungGen: 26256725K->822304K(26355712K)] 28014702K->2580802K(29501440K), 0.1092976 secs] [Times: user=5.64 sys=0.01, real=0.11 secs] 
5438.475: [GC (Allocation Failure) [PSYoungGen: 26270752K->897665K(26355712K)] 28029250K->2656698K(29501440K), 0.1195738 secs] [Times: user=6.19 sys=0.01, real=0.12 secs] 
5442.324: [GC (Allocation Failure) [PSYoungGen: 26346113K->907233K(26355712K)] 28105146K->2673171K(29501440K), 0.1210422 secs] [Times: user=6.32 sys=0.00, real=0.12 secs] 
5446.138: [GC (Allocation Failure) [PSYoungGen: 26355681K->804141K(26355712K)] 28121619K->2570566K(29501440K), 0.1080403 secs] [Times: user=5.59 sys=0.01, real=0.11 secs] 
5449.972: [GC (Allocation Failure) [PSYoungGen: 26252589K->762897K(26355712K)] 28019014K->2529842K(29501440K), 0.1034368 secs] [Times: user=5.38 sys=0.00, real=0.10 secs] 
5453.830: [GC (Allocation Failure) [PSYoungGen: 26211345K->743641K(26355712K)] 27978290K->2511130K(29501440K), 0.1030149 secs] [Times: user=5.29 sys=0.00, real=0.11 secs] 
5457.811: [GC (Allocation Failure) [PSYoungGen: 26192089K->805009K(26355712K)] 27959578K->2572995K(29501440K), 0.1134255 secs] [Times: user=5.46 sys=0.00, real=0.11 secs] 
5461.612: [GC (Allocation Failure) [PSYoungGen: 26253457K->874807K(26355712K)] 28021443K->2643352K(29501440K), 0.1157477 secs] [Times: user=6.17 sys=0.00, real=0.11 secs] 
5465.305: [GC (Allocation Failure) [PSYoungGen: 26323255K->899683K(26355712K)] 28091800K->2668740K(29501440K), 0.1191212 secs] [Times: user=6.04 sys=0.00, real=0.12 secs] 
5469.120: [GC (Allocation Failure) [PSYoungGen: 26348131K->825131K(26355712K)] 28117188K->2594837K(29501440K), 0.1159154 secs] [Times: user=5.72 sys=0.01, real=0.12 secs] 
5472.903: [GC (Allocation Failure) [PSYoungGen: 26273579K->768768K(26355712K)] 28043285K->2539017K(29501440K), 0.1085308 secs] [Times: user=5.62 sys=0.01, real=0.11 secs] 
5476.718: [GC (Allocation Failure) [PSYoungGen: 26217216K->761182K(26355712K)] 27987465K->2531935K(29501440K), 0.1067188 secs] [Times: user=5.38 sys=0.01, real=0.11 secs] 
5480.555: [GC (Allocation Failure) [PSYoungGen: 26209630K->853681K(26355712K)] 27980383K->2624970K(29501440K), 0.1122886 secs] [Times: user=5.83 sys=0.01, real=0.11 secs] 
5484.388: [GC (Allocation Failure) [PSYoungGen: 26302129K->907239K(26355712K)] 28073418K->2780464K(29501440K), 0.1393999 secs] [Times: user=7.18 sys=0.00, real=0.14 secs] 
5488.187: [GC (Allocation Failure) [PSYoungGen: 26355687K->841994K(26355712K)] 28228912K->2715723K(29501440K), 0.1125276 secs] [Times: user=5.69 sys=0.01, real=0.11 secs] 
5491.962: [GC (Allocation Failure) [PSYoungGen: 26290442K->739153K(26355712K)] 28164171K->2613522K(29501440K), 0.1035796 secs] [Times: user=5.07 sys=0.01, real=0.10 secs] 
5495.799: [GC (Allocation Failure) [PSYoungGen: 26187601K->775057K(26355712K)] 28061970K->2649946K(29501440K), 0.1059546 secs] [Times: user=5.35 sys=0.01, real=0.11 secs] 
5499.697: [GC (Allocation Failure) [PSYoungGen: 26223505K->907247K(26355712K)] 28098394K->2804505K(29501440K), 0.1222123 secs] [Times: user=6.44 sys=0.00, real=0.12 secs] 
5503.461: [GC (Allocation Failure) [PSYoungGen: 26355695K->860269K(26355712K)] 28252953K->2758118K(29501440K), 0.1137843 secs] [Times: user=5.84 sys=0.00, real=0.11 secs] 
5507.220: [GC (Allocation Failure) [PSYoungGen: 26308717K->891990K(26355712K)] 28206566K->2790383K(29501440K), 0.1190038 secs] [Times: user=5.90 sys=0.00, real=0.12 secs] 
5511.055: [GC (Allocation Failure) [PSYoungGen: 26340438K->874382K(26355712K)] 28238831K->2773327K(29501440K), 0.1261148 secs] [Times: user=6.61 sys=0.01, real=0.13 secs] 
5514.771: [GC (Allocation Failure) [PSYoungGen: 26322830K->804445K(26355712K)] 28221775K->2703927K(29501440K), 0.1117884 secs] [Times: user=5.64 sys=0.01, real=0.11 secs] 
5518.326: [GC (Allocation Failure) [PSYoungGen: 26252893K->775920K(26355712K)] 28152375K->2675930K(29501440K), 0.1066305 secs] [Times: user=5.41 sys=0.00, real=0.11 secs] 
5522.292: [GC (Allocation Failure) [PSYoungGen: 26224368K->907238K(26355712K)] 28124378K->3041415K(29501440K), 0.1600993 secs] [Times: user=8.35 sys=0.01, real=0.16 secs] 
5525.906: [GC (Allocation Failure) [PSYoungGen: 26355686K->859467K(26355712K)] 28489863K->2994180K(29501440K), 0.1143555 secs] [Times: user=5.74 sys=0.01, real=0.12 secs] 
5529.736: [GC (Allocation Failure) [PSYoungGen: 26307915K->907244K(26355712K)] 28442628K->3079837K(29501440K), 0.1280878 secs] [Times: user=6.56 sys=0.01, real=0.13 secs] 
5533.491: [GC (Allocation Failure) [PSYoungGen: 26355692K->876754K(26355712K)] 28528285K->3049795K(29501440K), 0.1151277 secs] [Times: user=5.78 sys=0.01, real=0.11 secs] 
5537.289: [GC (Allocation Failure) [PSYoungGen: 26325202K->907249K(26355712K)] 28498243K->3088826K(29501440K), 0.1243138 secs] [Times: user=6.34 sys=0.02, real=0.13 secs] 
5540.995: [GC (Allocation Failure) [PSYoungGen: 26355697K->800393K(26355712K)] 28537274K->2982842K(29501440K), 0.1187378 secs] [Times: user=6.05 sys=0.01, real=0.12 secs] 
5544.799: [GC (Allocation Failure) [PSYoungGen: 26248841K->831094K(26355712K)] 28431290K->3014055K(29501440K), 0.1081401 secs] [Times: user=5.69 sys=0.01, real=0.11 secs] 
5548.546: [GC (Allocation Failure) [PSYoungGen: 26279542K->867215K(26355712K)] 28462503K->3050712K(29501440K), 0.1151401 secs] [Times: user=5.97 sys=0.00, real=0.12 secs] 
5552.367: [GC (Allocation Failure) [PSYoungGen: 26315663K->829897K(26355712K)] 28499160K->3013914K(29501440K), 0.1154330 secs] [Times: user=5.72 sys=0.00, real=0.12 secs] 
5555.983: [GC (Allocation Failure) [PSYoungGen: 26278345K->907241K(26355712K)] 28462362K->3096594K(29501440K), 0.1190125 secs] [Times: user=6.20 sys=0.00, real=0.12 secs] 
5559.713: [GC (Allocation Failure) [PSYoungGen: 26355689K->776115K(26355712K)] 28545042K->2965996K(29501440K), 0.1010206 secs] [Times: user=5.37 sys=0.01, real=0.10 secs] 
5563.629: [GC (Allocation Failure) [PSYoungGen: 26224563K->833835K(26355712K)] 28414444K->3024229K(29501440K), 0.1085127 secs] [Times: user=5.69 sys=0.00, real=0.11 secs] 
5567.310: [GC (Allocation Failure) [PSYoungGen: 26282283K->882006K(26355712K)] 28472677K->3072951K(29501440K), 0.1156735 secs] [Times: user=5.87 sys=0.01, real=0.12 secs] 
5571.124: [GC (Allocation Failure) [PSYoungGen: 26330454K->834662K(26355712K)] 28521399K->3026224K(29501440K), 0.1263453 secs] [Times: user=6.59 sys=0.02, real=0.12 secs] 
5574.800: [GC (Allocation Failure) [PSYoungGen: 26283110K->782786K(26355712K)] 28474672K->2974795K(29501440K), 0.1131761 secs] [Times: user=5.63 sys=0.00, real=0.12 secs] 
5578.469: [GC (Allocation Failure) [PSYoungGen: 26231234K->819324K(26355712K)] 28423243K->3011965K(29501440K), 0.1108839 secs] [Times: user=5.78 sys=0.01, real=0.11 secs] 
5582.134: [GC (Allocation Failure) [PSYoungGen: 26267772K->907260K(26355712K)] 28460413K->3122965K(29501440K), 0.1216566 secs] [Times: user=6.44 sys=0.00, real=0.12 secs] 
5585.943: [GC (Allocation Failure) [PSYoungGen: 26355708K->851135K(26355712K)] 28571413K->3067616K(29501440K), 0.1119683 secs] [Times: user=5.74 sys=0.00, real=0.11 secs] 
5589.586: [GC (Allocation Failure) [PSYoungGen: 26299583K->907251K(26355712K)] 28516064K->3147580K(29501440K), 0.1230765 secs] [Times: user=6.36 sys=0.00, real=0.12 secs] 
5593.339: [GC (Allocation Failure) [PSYoungGen: 26355699K->867400K(26355712K)] 28596028K->3108570K(29501440K), 0.1120144 secs] [Times: user=5.92 sys=0.02, real=0.12 secs] 
5596.977: [GC (Allocation Failure) [PSYoungGen: 26315848K->873551K(26355712K)] 28557018K->3115272K(29501440K), 0.1163003 secs] [Times: user=5.91 sys=0.01, real=0.12 secs] 
5600.729: [GC (Allocation Failure) [PSYoungGen: 26321999K->748819K(26355712K)] 28563720K->2991044K(29501440K), 0.1055009 secs] [Times: user=5.40 sys=0.01, real=0.11 secs] 
5604.454: [GC (Allocation Failure) [PSYoungGen: 26197267K->759335K(26355712K)] 28439492K->3002064K(29501440K), 0.1066577 secs] [Times: user=5.43 sys=0.02, real=0.11 secs] 
5608.131: [GC (Allocation Failure) [PSYoungGen: 26207783K->907253K(26355712K)] 28450512K->3308150K(29501440K), 0.1498848 secs] [Times: user=7.65 sys=0.00, real=0.15 secs] 
5611.648: [GC (Allocation Failure) [PSYoungGen: 26355701K->836690K(26355712K)] 28756598K->3238323K(29501440K), 0.1103685 secs] [Times: user=5.73 sys=0.00, real=0.11 secs] 
5615.263: [GC (Allocation Failure) [PSYoungGen: 26285138K->907260K(26355712K)] 28686771K->3324998K(29501440K), 0.1215375 secs] [Times: user=6.26 sys=0.00, real=0.12 secs] 
5619.072: [GC (Allocation Failure) [PSYoungGen: 26355708K->907258K(26355712K)] 28773446K->3338955K(29501440K), 0.1219402 secs] [Times: user=5.98 sys=0.00, real=0.12 secs] 
5622.720: [GC (Allocation Failure) [PSYoungGen: 26355706K->895299K(26355712K)] 28787403K->3327484K(29501440K), 0.1147706 secs] [Times: user=5.93 sys=0.00, real=0.12 secs] 
5626.493: [GC (Allocation Failure) [PSYoungGen: 26343747K->907253K(26355712K)] 28775932K->3387390K(29501440K), 0.1298027 secs] [Times: user=6.43 sys=0.00, real=0.13 secs] 
5630.126: [GC (Allocation Failure) [PSYoungGen: 26355701K->817766K(26355712K)] 28835838K->3298511K(29501440K), 0.1099942 secs] [Times: user=5.57 sys=0.00, real=0.11 secs] 
5633.955: [GC (Allocation Failure) [PSYoungGen: 26266214K->820137K(26355712K)] 28746959K->3301402K(29501440K), 0.1107423 secs] [Times: user=5.52 sys=0.01, real=0.11 secs] 
5637.681: [GC (Allocation Failure) [PSYoungGen: 26268585K->810253K(26355712K)] 28749850K->3292174K(29501440K), 0.1086712 secs] [Times: user=5.63 sys=0.00, real=0.10 secs] 
5641.413: [GC (Allocation Failure) [PSYoungGen: 26258701K->843647K(26355712K)] 28740622K->3326120K(29501440K), 0.1127643 secs] [Times: user=5.82 sys=0.00, real=0.11 secs] 
5645.178: [GC (Allocation Failure) [PSYoungGen: 26292095K->907250K(26355712K)] 28774568K->3401339K(29501440K), 0.1205489 secs] [Times: user=6.11 sys=0.00, real=0.12 secs] 
5648.829: [GC (Allocation Failure) [PSYoungGen: 26355698K->907263K(26355712K)] 28849787K->3457768K(29501440K), 0.1306094 secs] [Times: user=6.55 sys=0.00, real=0.13 secs] 
5652.429: [GC (Allocation Failure) [PSYoungGen: 26355711K->871936K(26355712K)] 28906216K->3422970K(29501440K), 0.1162933 secs] [Times: user=5.94 sys=0.01, real=0.12 secs] 
5655.952: [GC (Allocation Failure) [PSYoungGen: 26320384K->788139K(26355712K)] 28871418K->3339676K(29501440K), 0.1093352 secs] [Times: user=5.43 sys=0.01, real=0.11 secs] 
5659.902: [GC (Allocation Failure) [PSYoungGen: 26236587K->776882K(26355712K)] 28788124K->3328939K(29501440K), 0.1078836 secs] [Times: user=5.54 sys=0.01, real=0.11 secs] 
5663.302: [GC (Allocation Failure) [PSYoungGen: 26225330K->809840K(26355712K)] 28777387K->3362673K(29501440K), 0.1099484 secs] [Times: user=5.66 sys=0.01, real=0.11 secs] 
5666.960: [GC (Allocation Failure) [PSYoungGen: 26258288K->881261K(26355712K)] 28811121K->3434662K(29501440K), 0.1203031 secs] [Times: user=6.04 sys=0.01, real=0.12 secs] 
5670.611: [GC (Allocation Failure) [PSYoungGen: 26329709K->847628K(26355712K)] 28883110K->3401813K(29501440K), 0.1180764 secs] [Times: user=6.04 sys=0.01, real=0.11 secs] 
5674.251: [GC (Allocation Failure) [PSYoungGen: 26296076K->891893K(26355712K)] 28850261K->3446854K(29501440K), 0.1183930 secs] [Times: user=6.23 sys=0.01, real=0.11 secs] 
5677.890: [GC (Allocation Failure) [PSYoungGen: 26340341K->791579K(26355712K)] 28895302K->3347172K(29501440K), 0.1122753 secs] [Times: user=5.57 sys=0.00, real=0.12 secs] 
5681.575: [GC (Allocation Failure) [PSYoungGen: 26240027K->907246K(26355712K)] 28795620K->3484888K(29501440K), 0.1237972 secs] [Times: user=6.48 sys=0.00, real=0.12 secs] 
5685.209: [GC (Allocation Failure) [PSYoungGen: 26355694K->828738K(26355712K)] 28933336K->3406923K(29501440K), 0.1131314 secs] [Times: user=5.79 sys=0.00, real=0.12 secs] 
5688.879: [GC (Allocation Failure) [PSYoungGen: 26277186K->890449K(26355712K)] 28855371K->3469154K(29501440K), 0.1161927 secs] [Times: user=6.00 sys=0.00, real=0.12 secs] 
5692.508: [GC (Allocation Failure) [PSYoungGen: 26338897K->796685K(26355712K)] 28917602K->3375998K(29501440K), 0.1083325 secs] [Times: user=5.51 sys=0.00, real=0.11 secs] 
5696.308: [GC (Allocation Failure) [PSYoungGen: 26245133K->791736K(26355712K)] 28824446K->3371569K(29501440K), 0.1102324 secs] [Times: user=5.55 sys=0.01, real=0.11 secs] 
5699.731: [GC (Allocation Failure) [PSYoungGen: 26240184K->845915K(26355712K)] 28820017K->3426508K(29501440K), 0.1138861 secs] [Times: user=5.78 sys=0.00, real=0.11 secs] 
5703.564: [GC (Allocation Failure) [PSYoungGen: 26294363K->907263K(26355712K)] 28874956K->3819328K(29501440K), 0.1869558 secs] [Times: user=9.50 sys=0.01, real=0.19 secs] 
5707.068: [GC (Allocation Failure) [PSYoungGen: 26355711K->841363K(26355712K)] 29267776K->3753948K(29501440K), 0.1107054 secs] [Times: user=5.90 sys=0.01, real=0.11 secs] 
5710.590: [GC (Allocation Failure) [PSYoungGen: 26289811K->907239K(26355712K)] 29202396K->3835168K(29501440K), 0.1222879 secs] [Times: user=6.33 sys=0.01, real=0.13 secs] 
5714.871: [GC (Allocation Failure) [PSYoungGen: 26355687K->812756K(26355712K)] 29283616K->3741213K(29501440K), 0.1114992 secs] [Times: user=5.67 sys=0.01, real=0.11 secs] 
5718.144: [GC (Allocation Failure) [PSYoungGen: 26261204K->809599K(26355712K)] 29189661K->3738585K(29501440K), 0.1105040 secs] [Times: user=5.53 sys=0.02, real=0.11 secs] 
5721.749: [GC (Allocation Failure) [PSYoungGen: 26258047K->772179K(26355712K)] 29187033K->3701724K(29501440K), 0.1056464 secs] [Times: user=5.35 sys=0.00, real=0.11 secs] 
5725.379: [GC (Allocation Failure) [PSYoungGen: 26220627K->907247K(26355712K)] 29150172K->3892688K(29501440K), 0.1262601 secs] [Times: user=6.76 sys=0.01, real=0.13 secs] 
5728.847: [GC (Allocation Failure) [PSYoungGen: 26355695K->788640K(26355712K)] 29341136K->3774625K(29501440K), 0.1064497 secs] [Times: user=5.42 sys=0.01, real=0.11 secs] 
5732.361: [GC (Allocation Failure) [PSYoungGen: 26237088K->907247K(26355712K)] 29223073K->3906392K(29501440K), 0.1192801 secs] [Times: user=6.29 sys=0.01, real=0.12 secs] 
5735.893: [GC (Allocation Failure) [PSYoungGen: 26355695K->837127K(26355712K)] 29354840K->3837048K(29501440K), 0.1116789 secs] [Times: user=5.66 sys=0.00, real=0.11 secs] 
5739.560: [GC (Allocation Failure) [PSYoungGen: 26285575K->880506K(26355712K)] 29285496K->3880900K(29501440K), 0.1261701 secs] [Times: user=6.30 sys=0.01, real=0.13 secs] 
5743.158: [GC (Allocation Failure) [PSYoungGen: 26328954K->825314K(26355712K)] 29329348K->3826243K(29501440K), 0.1238945 secs] [Times: user=6.02 sys=0.00, real=0.13 secs] 
5746.744: [GC (Allocation Failure) [PSYoungGen: 26273762K->798278K(26355712K)] 29274691K->3799847K(29501440K), 0.1121356 secs] [Times: user=5.73 sys=0.00, real=0.11 secs] 
5750.276: [GC (Allocation Failure) [PSYoungGen: 26246726K->907262K(26355712K)] 29248295K->3937471K(29501440K), 0.1276896 secs] [Times: user=6.82 sys=0.00, real=0.13 secs] 
5753.986: [GC (Allocation Failure) [PSYoungGen: 26355710K->835815K(26355712K)] 29385919K->3866536K(29501440K), 0.1273635 secs] [Times: user=6.39 sys=0.01, real=0.13 secs] 
5757.445: [GC (Allocation Failure) [PSYoungGen: 26284263K->894187K(26355712K)] 29314984K->3925628K(29501440K), 0.1352696 secs] [Times: user=7.11 sys=0.00, real=0.14 secs] 
5761.124: [GC (Allocation Failure) [PSYoungGen: 26342635K->832436K(26355712K)] 29374076K->3864453K(29501440K), 0.1198446 secs] [Times: user=6.23 sys=0.00, real=0.12 secs] 
5764.670: [GC (Allocation Failure) [PSYoungGen: 26280884K->820340K(26355712K)] 29312901K->3853109K(29501440K), 0.1126002 secs] [Times: user=5.87 sys=0.01, real=0.12 secs] 
5768.326: [GC (Allocation Failure) [PSYoungGen: 26268788K->907237K(26355712K)] 29301557K->3995622K(29501440K), 0.1349148 secs] [Times: user=6.90 sys=0.00, real=0.14 secs] 
5768.461: [Full GC (Ergonomics) [PSYoungGen: 907237K->0K(26355712K)] [ParOldGen: 3088385K->1638404K(3145728K)] 3995622K->1638404K(29501440K), [Metaspace: 22653K->22653K(1071104K)], 0.9453225 secs] [Times: user=27.33 sys=0.02, real=0.94 secs] 
5772.128: [GC (Allocation Failure) [PSYoungGen: 25448448K->907253K(26355712K)] 27086852K->2652505K(29501440K), 0.1444236 secs] [Times: user=7.48 sys=0.01, real=0.15 secs] 
5775.570: [GC (Allocation Failure) [PSYoungGen: 26355701K->883248K(26355712K)] 28100953K->2628500K(29501440K), 0.1149010 secs] [Times: user=6.05 sys=0.01, real=0.12 secs] 
5779.189: [GC (Allocation Failure) [PSYoungGen: 26331696K->907244K(26355712K)] 28076948K->2773929K(29501440K), 0.1415969 secs] [Times: user=7.28 sys=0.00, real=0.15 secs] 
5782.742: [GC (Allocation Failure) [PSYoungGen: 26355692K->907233K(26355712K)] 28222377K->2813701K(29501440K), 0.1223294 secs] [Times: user=6.41 sys=0.01, real=0.12 secs] 
5786.401: [GC (Allocation Failure) [PSYoungGen: 26355681K->907233K(26355712K)] 28262149K->2952926K(29501440K), 0.1586347 secs] [Times: user=8.15 sys=0.01, real=0.15 secs] 
5789.983: [GC (Allocation Failure) [PSYoungGen: 26355681K->832319K(26355712K)] 28401374K->2878012K(29501440K), 0.1262309 secs] [Times: user=6.63 sys=0.01, real=0.12 secs] 
5793.630: [GC (Allocation Failure) [PSYoungGen: 26280767K->895440K(26355712K)] 28326460K->2941133K(29501440K), 0.1159872 secs] [Times: user=6.07 sys=0.01, real=0.12 secs] 
5797.893: [GC (Allocation Failure) [PSYoungGen: 26343888K->907258K(26355712K)] 28389581K->3134103K(29501440K), 0.1485649 secs] [Times: user=7.69 sys=0.01, real=0.15 secs] 
5801.031: [GC (Allocation Failure) [PSYoungGen: 26355706K->885764K(26355712K)] 28582551K->3112609K(29501440K), 0.1160288 secs] [Times: user=6.14 sys=0.00, real=0.11 secs] 
5804.688: [GC (Allocation Failure) [PSYoungGen: 26334212K->907256K(26355712K)] 28561057K->3240749K(29501440K), 0.1385411 secs] [Times: user=7.12 sys=0.00, real=0.14 secs] 
5808.210: [GC (Allocation Failure) [PSYoungGen: 26355704K->907258K(26355712K)] 28689197K->3401463K(29501440K), 0.1575771 secs] [Times: user=8.15 sys=0.00, real=0.16 secs] 
5811.721: [GC (Allocation Failure) [PSYoungGen: 26355706K->907251K(26355712K)] 28849911K->3418703K(29501440K), 0.1284246 secs] [Times: user=6.88 sys=0.00, real=0.13 secs] 
5815.208: [GC (Allocation Failure) [PSYoungGen: 26355699K->907232K(26355712K)] 28867151K->3440525K(29501440K), 0.1216787 secs] [Times: user=6.26 sys=0.00, real=0.12 secs] 
5818.804: [GC (Allocation Failure) [PSYoungGen: 26355680K->907233K(26355712K)] 28888973K->3475078K(29501440K), 0.1235467 secs] [Times: user=6.43 sys=0.00, real=0.12 secs] 
5822.401: [GC (Allocation Failure) [PSYoungGen: 26355681K->907259K(26355712K)] 28923526K->3591856K(29501440K), 0.1453415 secs] [Times: user=7.28 sys=0.01, real=0.14 secs] 
5826.103: [GC (Allocation Failure) [PSYoungGen: 26355707K->907236K(26355712K)] 29040304K->3834690K(29501440K), 0.1697981 secs] [Times: user=8.60 sys=0.01, real=0.17 secs] 
5826.273: [Full GC (Ergonomics) [PSYoungGen: 907236K->0K(26355712K)] [ParOldGen: 2927453K->1759896K(3145728K)] 3834690K->1759896K(29501440K), [Metaspace: 22653K->22653K(1071104K)], 1.2605348 secs] [Times: user=36.02 sys=0.02, real=1.26 secs] 
5831.825: [GC (Allocation Failure) [PSYoungGen: 25448448K->907260K(26355712K)] 27208344K->2875956K(29501440K), 0.1720450 secs] [Times: user=8.57 sys=0.00, real=0.17 secs] 
5835.109: [GC (Allocation Failure) [PSYoungGen: 26355708K->907263K(26355712K)] 28324404K->3062728K(29501440K), 0.1666583 secs] [Times: user=8.83 sys=0.00, real=0.17 secs] 
5839.380: [GC (Allocation Failure) [PSYoungGen: 26355711K->907260K(26355712K)] 28511176K->3380660K(29501440K), 0.1810286 secs] [Times: user=9.47 sys=0.01, real=0.19 secs] 
5842.057: [GC (Allocation Failure) [PSYoungGen: 26355708K->907246K(26355712K)] 28829108K->3609935K(29501440K), 0.1555525 secs] [Times: user=8.25 sys=0.01, real=0.16 secs] 
5845.179: [GC (Allocation Failure) [PSYoungGen: 26355694K->907250K(26355712K)] 29058383K->3643466K(29501440K), 0.1278866 secs] [Times: user=6.40 sys=0.01, real=0.13 secs] 
5849.448: [GC (Allocation Failure) [PSYoungGen: 26355698K->907248K(26355712K)] 29091914K->3840265K(29501440K), 0.1504963 secs] [Times: user=7.78 sys=0.00, real=0.15 secs] 
5849.599: [Full GC (Ergonomics) [PSYoungGen: 907248K->0K(26355712K)] [ParOldGen: 2933016K->1669130K(3145728K)] 3840265K->1669130K(29501440K), [Metaspace: 22653K->22653K(1071104K)], 1.1416820 secs] [Times: user=34.45 sys=0.02, real=1.15 secs] 
5853.551: [GC (Allocation Failure) [PSYoungGen: 25448448K->907258K(26355712K)] 27117578K->2581077K(29501440K), 0.1276373 secs] [Times: user=6.56 sys=0.00, real=0.12 secs] 
5856.229: [GC (Allocation Failure) [PSYoungGen: 26355706K->907240K(26355712K)] 28029525K->2696595K(29501440K), 0.1399096 secs] [Times: user=7.31 sys=0.00, real=0.14 secs] 
5859.508: [GC (Allocation Failure) [PSYoungGen: 26355688K->876220K(26355712K)] 28145043K->2665575K(29501440K), 0.1096975 secs] [Times: user=5.88 sys=0.00, real=0.11 secs] 
5863.508: [GC (Allocation Failure) [PSYoungGen: 26324668K->907250K(26355712K)] 28114023K->2898221K(29501440K), 0.1542741 secs] [Times: user=7.85 sys=0.01, real=0.16 secs] 
5866.269: [GC (Allocation Failure) [PSYoungGen: 26355698K->907235K(26355712K)] 28346669K->2922086K(29501440K), 0.1354764 secs] [Times: user=7.00 sys=0.01, real=0.14 secs] 
5869.306: [GC (Allocation Failure) [PSYoungGen: 26355683K->907236K(26355712K)] 28370534K->3034439K(29501440K), 0.1380879 secs] [Times: user=7.10 sys=0.00, real=0.14 secs] 
5873.613: [GC (Allocation Failure) [PSYoungGen: 26355684K->907250K(26355712K)] 28482887K->3167685K(29501440K), 0.1369162 secs] [Times: user=7.26 sys=0.00, real=0.13 secs] 
5876.548: [GC (Allocation Failure) [PSYoungGen: 26355698K->907249K(26355712K)] 28616133K->3183948K(29501440K), 0.1392573 secs] [Times: user=7.32 sys=0.00, real=0.14 secs] 
5879.985: [GC (Allocation Failure) [PSYoungGen: 26355697K->907233K(26355712K)] 28632396K->3300068K(29501440K), 0.1447626 secs] [Times: user=7.51 sys=0.00, real=0.14 secs] 
5883.829: [GC (Allocation Failure) [PSYoungGen: 26355681K->907249K(26355712K)] 28748516K->3566636K(29501440K), 0.1666402 secs] [Times: user=8.66 sys=0.01, real=0.17 secs] 
5886.967: [GC (Allocation Failure) [PSYoungGen: 26355697K->907238K(26355712K)] 29015084K->3592465K(29501440K), 0.1223510 secs] [Times: user=6.17 sys=0.00, real=0.12 secs] 
5890.524: [GC (Allocation Failure) [PSYoungGen: 26355686K->886999K(26355712K)] 29040913K->3572226K(29501440K), 0.1130290 secs] [Times: user=5.84 sys=0.00, real=0.11 secs] 
5893.966: [GC (Allocation Failure) [PSYoungGen: 26335447K->907233K(26355712K)] 29020674K->3640252K(29501440K), 0.1255927 secs] [Times: user=6.63 sys=0.00, real=0.13 secs] 
5897.383: [GC (Allocation Failure) [PSYoungGen: 26355681K->907232K(26355712K)] 29088700K->3640427K(29501440K), 0.1189032 secs] [Times: user=6.11 sys=0.00, real=0.12 secs] 
5900.978: [GC (Allocation Failure) [PSYoungGen: 26355680K->907234K(26355712K)] 29088875K->3737605K(29501440K), 0.1389141 secs] [Times: user=7.28 sys=0.01, real=0.14 secs] 
5904.600: [GC (Allocation Failure) [PSYoungGen: 26355682K->907237K(26355712K)] 29186053K->3863819K(29501440K), 0.5874091 secs] [Times: user=31.58 sys=0.03, real=0.59 secs] 
5905.188: [Full GC (Ergonomics) [PSYoungGen: 907237K->0K(26355712K)] [ParOldGen: 2956581K->1631649K(3145728K)] 3863819K->1631649K(29501440K), [Metaspace: 22653K->22653K(1071104K)], 0.9926260 secs] [Times: user=34.25 sys=0.02, real=1.00 secs] 
5910.651: [GC (Allocation Failure) [PSYoungGen: 25448448K->907252K(26355712K)] 27080097K->2688718K(29501440K), 0.1473524 secs] [Times: user=7.82 sys=0.01, real=0.14 secs] 
5913.597: [GC (Allocation Failure) [PSYoungGen: 26355700K->907242K(26355712K)] 28137166K->2884876K(29501440K), 0.1644383 secs] [Times: user=8.36 sys=0.01, real=0.17 secs] 
5917.782: [GC (Allocation Failure) [PSYoungGen: 26355690K->907250K(26355712K)] 28333324K->3008772K(29501440K), 0.1655336 secs] [Times: user=8.38 sys=0.01, real=0.16 secs] 
5920.600: [GC (Allocation Failure) [PSYoungGen: 26355698K->907257K(26355712K)] 28457220K->3238155K(29501440K), 0.1578155 secs] [Times: user=8.10 sys=0.01, real=0.16 secs] 
5924.657: [GC (Allocation Failure) [PSYoungGen: 26355705K->907250K(26355712K)] 28686603K->3427404K(29501440K), 0.1535690 secs] [Times: user=8.23 sys=0.01, real=0.15 secs] 
5927.382: [GC (Allocation Failure) [PSYoungGen: 26355698K->907263K(26355712K)] 28875852K->3552209K(29501440K), 0.1422138 secs] [Times: user=7.17 sys=0.00, real=0.14 secs] 
5930.778: [GC (Allocation Failure) [PSYoungGen: 26355711K->907255K(26355712K)] 29000657K->3737409K(29501440K), 0.1487513 secs] [Times: user=7.74 sys=0.00, real=0.15 secs] 
5933.483: [GC (Allocation Failure) --[PSYoungGen: 26355703K->26355703K(26355712K)] 29185857K->29501424K(29501440K), 8.6251588 secs] [Times: user=18.99 sys=0.21, real=8.62 secs] 
5942.109: [Full GC (Ergonomics) [PSYoungGen: 26355703K->0K(26355712K)] [ParOldGen: 3145721K->2019120K(3145728K)] 29501424K->2019120K(29501440K), [Metaspace: 22653K->22653K(1071104K)], 1.7553310 secs] [Times: user=44.46 sys=0.26, real=1.76 secs] 
5947.995: [GC (Allocation Failure) [PSYoungGen: 25448448K->907245K(26355712K)] 27467568K->3045069K(29501440K), 0.1527931 secs] [Times: user=7.83 sys=0.00, real=0.15 secs] 
5950.885: [GC (Allocation Failure) [PSYoungGen: 26355693K->907244K(26355712K)] 28493517K->3365485K(29501440K), 0.1780943 secs] [Times: user=9.37 sys=0.01, real=0.18 secs] 
5953.875: [GC (Allocation Failure) [PSYoungGen: 26355692K->907236K(26355712K)] 28813933K->3894069K(29501440K), 0.2234471 secs] [Times: user=11.79 sys=0.00, real=0.22 secs] 
5954.099: [Full GC (Ergonomics) [PSYoungGen: 907236K->0K(26355712K)] [ParOldGen: 2986833K->2035787K(3145728K)] 3894069K->2035787K(29501440K), [Metaspace: 22653K->22653K(1071104K)], 1.5957392 secs] [Times: user=46.88 sys=0.03, real=1.60 secs] 
5959.707: [GC (Allocation Failure) [PSYoungGen: 25448448K->907235K(26355712K)] 27484235K->3152783K(29501440K), 0.1678350 secs] [Times: user=8.48 sys=0.00, real=0.17 secs] 
5962.472: [GC (Allocation Failure) [PSYoungGen: 26355683K->907243K(26355712K)] 28601231K->3688943K(29501440K), 0.2260054 secs] [Times: user=11.95 sys=0.01, real=0.22 secs] 
5962.698: [Full GC (Ergonomics) [PSYoungGen: 907243K->0K(26355712K)] [ParOldGen: 2781699K->2339080K(3145728K)] 3688943K->2339080K(29501440K), [Metaspace: 22653K->22653K(1071104K)], 2.3666050 secs] [Times: user=76.82 sys=0.01, real=2.37 secs] 
5967.654: [GC (Allocation Failure) [PSYoungGen: 25448448K->907232K(26355712K)] 27787528K->3580664K(29501440K), 0.1872935 secs] [Times: user=9.90 sys=0.00, real=0.19 secs] 
5967.842: [Full GC (Ergonomics) [PSYoungGen: 907232K->0K(26355712K)] [ParOldGen: 2673432K->2293295K(3145728K)] 3580664K->2293295K(29501440K), [Metaspace: 22653K->22653K(1071104K)], 2.4017003 secs] [Times: user=88.63 sys=0.10, real=2.40 secs] 
5972.835: [GC (Allocation Failure) [PSYoungGen: 25448448K->907242K(26355712K)] 27741743K->3511001K(29501440K), 0.1916867 secs] [Times: user=9.98 sys=0.01, real=0.19 secs] 
5973.027: [Full GC (Ergonomics) [PSYoungGen: 907242K->0K(26355712K)] [ParOldGen: 2603759K->1858186K(3145728K)] 3511001K->1858186K(29501440K), [Metaspace: 22653K->22653K(1071104K)], 1.3077091 secs] [Times: user=36.22 sys=0.01, real=1.31 secs] 
5978.299: [GC (Allocation Failure) [PSYoungGen: 25448448K->907237K(26355712K)] 27306634K->3062311K(29501440K), 0.1811074 secs] [Times: user=9.39 sys=0.01, real=0.19 secs] 
5981.047: [GC (Allocation Failure) [PSYoungGen: 26355685K->907260K(26355712K)] 28510759K->3372894K(29501440K), 0.1983757 secs] [Times: user=10.58 sys=0.01, real=0.20 secs] 
5985.094: [GC (Allocation Failure) [PSYoungGen: 26355708K->907247K(26355712K)] 28821342K->3635849K(29501440K), 0.1910379 secs] [Times: user=10.20 sys=0.01, real=0.19 secs] 
5985.286: [Full GC (Ergonomics) [PSYoungGen: 907247K->0K(26355712K)] [ParOldGen: 2728602K->1844324K(3145728K)] 3635849K->1844324K(29501440K), [Metaspace: 22653K->22653K(1071104K)], 1.3211075 secs] [Times: user=53.24 sys=0.01, real=1.32 secs] 
5989.290: [GC (Allocation Failure) [PSYoungGen: 25448448K->876921K(26355712K)] 27292772K->2721245K(29501440K), 0.1371436 secs] [Times: user=6.73 sys=0.00, real=0.14 secs] 
5993.894: [GC (Allocation Failure) [PSYoungGen: 26325369K->907239K(26355712K)] 28169693K->2939507K(29501440K), 0.1961059 secs] [Times: user=10.47 sys=0.00, real=0.20 secs] 
5996.658: [GC (Allocation Failure) [PSYoungGen: 26355687K->907261K(26355712K)] 28387955K->3184729K(29501440K), 0.1744715 secs] [Times: user=9.37 sys=0.01, real=0.18 secs] 
6001.062: [GC (Allocation Failure) [PSYoungGen: 26355709K->907249K(26355712K)] 28633177K->3426789K(29501440K), 0.1659577 secs] [Times: user=8.44 sys=0.00, real=0.16 secs] 
6004.173: [GC (Allocation Failure) [PSYoungGen: 26355697K->907241K(26355712K)] 28875237K->3795637K(29501440K), 0.1931487 secs] [Times: user=10.27 sys=0.00, real=0.19 secs] 
6004.367: [Full GC (Ergonomics) [PSYoungGen: 907241K->0K(26355712K)] [ParOldGen: 2888396K->1907362K(3145728K)] 3795637K->1907362K(29501440K), [Metaspace: 22653K->22653K(1071104K)], 1.3649857 secs] [Times: user=46.26 sys=0.01, real=1.37 secs] 
6009.697: [GC (Allocation Failure) [PSYoungGen: 25448448K->907249K(26355712K)] 27355810K->3182443K(29501440K), 0.2005909 secs] [Times: user=10.25 sys=0.00, real=0.20 secs] 
6012.500: [GC (Allocation Failure) [PSYoungGen: 26355697K->907241K(26355712K)] 28630891K->3703157K(29501440K), 0.2219307 secs] [Times: user=11.97 sys=0.00, real=0.23 secs] 
6012.722: [Full GC (Ergonomics) [PSYoungGen: 907241K->0K(26355712K)] [ParOldGen: 2795916K->2172573K(3145728K)] 3703157K->2172573K(29501440K), [Metaspace: 22653K->22653K(1071104K)], 1.9279986 secs] [Times: user=59.12 sys=0.01, real=1.92 secs] 
6018.008: [GC (Allocation Failure) [PSYoungGen: 25448448K->907263K(26355712K)] 27621021K->3538293K(29501440K), 0.2151596 secs] [Times: user=11.37 sys=0.00, real=0.22 secs] 
6018.224: [Full GC (Ergonomics) [PSYoungGen: 907263K->0K(26355712K)] [ParOldGen: 2631029K->2350850K(3145728K)] 3538293K->2350850K(29501440K), [Metaspace: 22653K->22653K(1071104K)], 1.9876823 secs] [Times: user=68.10 sys=0.02, real=1.99 secs] 
6022.761: [GC (Allocation Failure) [PSYoungGen: 25448448K->907233K(26355712K)] 27799298K->3598707K(29501440K), 0.1972094 secs] [Times: user=10.40 sys=0.00, real=0.19 secs] 
6022.959: [Full GC (Ergonomics) [PSYoungGen: 907233K->0K(26355712K)] [ParOldGen: 2691474K->2463549K(3145728K)] 3598707K->2463549K(29501440K), [Metaspace: 22653K->22653K(1071104K)], 2.1505790 secs] [Times: user=84.59 sys=0.01, real=2.15 secs] 
6027.681: [GC (Allocation Failure) [PSYoungGen: 25448448K->907252K(26355712K)] 27911997K->3637914K(29501440K), 0.1955390 secs] [Times: user=9.94 sys=0.01, real=0.19 secs] 
6027.877: [Full GC (Ergonomics) [PSYoungGen: 907252K->0K(26355712K)] [ParOldGen: 2730661K->2111088K(3145728K)] 3637914K->2111088K(29501440K), [Metaspace: 22653K->22653K(1071104K)], 1.5746396 secs] [Times: user=50.94 sys=0.00, real=1.58 secs] 
6032.910: [GC (Allocation Failure) [PSYoungGen: 25448448K->907242K(26355712K)] 27559536K->3386786K(29501440K), 0.1950402 secs] [Times: user=9.95 sys=0.02, real=0.20 secs] 
6035.651: [GC (Allocation Failure) [PSYoungGen: 26355690K->907251K(26355712K)] 28835234K->3763555K(29501440K), 0.1981929 secs] [Times: user=10.70 sys=0.00, real=0.19 secs] 
6035.850: [Full GC (Ergonomics) [PSYoungGen: 907251K->0K(26355712K)] [ParOldGen: 2856304K->2225162K(3145728K)] 3763555K->2225162K(29501440K), [Metaspace: 22653K->22653K(1071104K)], 1.6346684 secs] [Times: user=65.36 sys=0.02, real=1.64 secs] 
6042.011: [GC (Allocation Failure) [PSYoungGen: 25448448K->907245K(26355712K)] 27673610K->3364567K(29501440K), 0.1679733 secs] [Times: user=8.90 sys=0.00, real=0.16 secs] 
6046.398: [GC (Allocation Failure) [PSYoungGen: 26355693K->907235K(26355712K)] 28813015K->3982530K(29501440K), 0.2433534 secs] [Times: user=13.09 sys=0.01, real=0.25 secs] 
6046.642: [Full GC (Ergonomics) [PSYoungGen: 907235K->0K(26355712K)] [ParOldGen: 3075294K->2590541K(3145728K)] 3982530K->2590541K(29501440K), [Metaspace: 22653K->22653K(1071104K)], 2.3019022 secs] [Times: user=82.21 sys=0.02, real=2.30 secs] 
6051.610: [Full GC (Ergonomics) [PSYoungGen: 25448448K->0K(26355712K)] [ParOldGen: 2590541K->2695132K(3145728K)] 28038989K->2695132K(29501440K), [Metaspace: 22662K->22662K(1071104K)], 2.6036077 secs] [Times: user=96.14 sys=0.02, real=2.61 secs] 
6056.851: [Full GC (Ergonomics) [PSYoungGen: 25448448K->0K(26355712K)] [ParOldGen: 2695132K->2407208K(3145728K)] 28143580K->2407208K(29501440K), [Metaspace: 22662K->22662K(1071104K)], 2.1330342 secs] [Times: user=60.20 sys=0.00, real=2.13 secs] 
6062.998: [GC (Allocation Failure) [PSYoungGen: 25448448K->907248K(26355712K)] 27855656K->3693576K(29501440K), 0.2289087 secs] [Times: user=11.68 sys=0.00, real=0.23 secs] 
6063.228: [Full GC (Ergonomics) [PSYoungGen: 907248K->0K(26355712K)] [ParOldGen: 2786328K->2516016K(3145728K)] 3693576K->2516016K(29501440K), [Metaspace: 22662K->22662K(1071104K)], 2.2724793 secs] [Times: user=89.16 sys=0.01, real=2.28 secs] 
6068.123: [Full GC (Ergonomics) [PSYoungGen: 25448448K->0K(26355712K)] [ParOldGen: 2516016K->2802867K(3145728K)] 27964464K->2802867K(29501440K), [Metaspace: 22662K->22662K(1071104K)], 4.7792608 secs] [Times: user=194.98 sys=0.04, real=4.78 secs] 
6075.461: [Full GC (Ergonomics) [PSYoungGen: 25448448K->0K(26355712K)] [ParOldGen: 2802867K->2854167K(3145728K)] 28251315K->2854167K(29501440K), [Metaspace: 22662K->22662K(1071104K)], 3.6708444 secs] [Times: user=161.44 sys=0.06, real=3.67 secs] 
6083.784: [Full GC (Ergonomics) [PSYoungGen: 25448448K->0K(26355712K)] [ParOldGen: 2854167K->3081939K(3145728K)] 28302615K->3081939K(29501440K), [Metaspace: 22662K->22662K(1071104K)], 4.3196139 secs] [Times: user=192.42 sys=0.05, real=4.32 secs] 
6090.798: [Full GC (Ergonomics) [PSYoungGen: 25448448K->193332K(26355712K)] [ParOldGen: 3081939K->3145692K(3145728K)] 28530387K->3339025K(29501440K), [Metaspace: 22662K->22662K(1071104K)], 5.3929722 secs] [Times: user=248.79 sys=0.07, real=5.40 secs] 
6100.550: [Full GC (Ergonomics) [PSYoungGen: 25448448K->424450K(26355712K)] [ParOldGen: 3145692K->3145603K(3145728K)] 28594140K->3570054K(29501440K), [Metaspace: 22662K->22662K(1071104K)], 7.6943524 secs] [Times: user=368.44 sys=0.14, real=7.70 secs] 
6110.833: [Full GC (Ergonomics) [PSYoungGen: 25448448K->452688K(26355712K)] [ParOldGen: 3145603K->3145465K(3145728K)] 28594051K->3598153K(29501440K), [Metaspace: 22662K->22662K(1071104K)], 6.8642798 secs] [Times: user=346.82 sys=0.09, real=6.86 secs] 
6123.440: [Full GC (Ergonomics) [PSYoungGen: 25448448K->191375K(26355712K)] [ParOldGen: 3145465K->3145681K(3145728K)] 28593913K->3337056K(29501440K), [Metaspace: 22662K->22662K(1071104K)], 6.9208543 secs] [Times: user=332.87 sys=0.12, real=6.93 secs] 
6135.128: [Full GC (Ergonomics) [PSYoungGen: 25448448K->0K(26355712K)] [ParOldGen: 3145681K->1883135K(3145728K)] 28594129K->1883135K(29501440K), [Metaspace: 22662K->22662K(1071104K)], 1.3924079 secs] [Times: user=29.02 sys=0.01, real=1.40 secs] 
6142.626: [GC (Allocation Failure) [PSYoungGen: 25448448K->907262K(26355712K)] 27331583K->3249549K(29501440K), 0.2219630 secs] [Times: user=11.32 sys=0.00, real=0.22 secs] 
6150.060: [GC (Allocation Failure) [PSYoungGen: 26355710K->907245K(26355712K)] 28697997K->3685780K(29501440K), 0.2008295 secs] [Times: user=10.86 sys=0.01, real=0.21 secs] 
6150.262: [Full GC (Ergonomics) [PSYoungGen: 907245K->0K(26355712K)] [ParOldGen: 2778535K->2246302K(3145728K)] 3685780K->2246302K(29501440K), [Metaspace: 22662K->22662K(1071104K)], 1.7320181 secs] [Times: user=61.59 sys=0.00, real=1.73 secs] 
6157.183: [GC (Allocation Failure) [PSYoungGen: 25448448K->907261K(26355712K)] 27694750K->3503156K(29501440K), 0.1895082 secs] [Times: user=10.17 sys=0.00, real=0.19 secs] 
6157.373: [Full GC (Ergonomics) [PSYoungGen: 907261K->0K(26355712K)] [ParOldGen: 2595894K->2526632K(3145728K)] 3503156K->2526632K(29501440K), [Metaspace: 22662K->22662K(1071104K)], 2.1313520 secs] [Times: user=78.96 sys=0.00, real=2.13 secs] 
6168.717: [Full GC (Ergonomics) [PSYoungGen: 25448448K->0K(26355712K)] [ParOldGen: 2526632K->2781908K(3145728K)] 27975080K->2781908K(29501440K), [Metaspace: 22662K->22662K(1071104K)], 3.1151707 secs] [Times: user=114.87 sys=0.04, real=3.12 secs] 
6181.874: [Full GC (Ergonomics) [PSYoungGen: 25448448K->0K(26355712K)] [ParOldGen: 2781908K->2337211K(3145728K)] 28230356K->2337211K(29501440K), [Metaspace: 22662K->22662K(1071104K)], 1.3129344 secs] [Times: user=34.96 sys=0.00, real=1.31 secs] 
6192.835: [GC (Allocation Failure) [PSYoungGen: 25448448K->907233K(26355712K)] 27785659K->4030311K(29501440K), 0.3074699 secs] [Times: user=16.37 sys=0.01, real=0.31 secs] 
6193.143: [Full GC (Ergonomics) [PSYoungGen: 907233K->0K(26355712K)] [ParOldGen: 3123078K->2423800K(3145728K)] 4030311K->2423800K(29501440K), [Metaspace: 22662K->22662K(1071104K)], 1.5615396 secs] [Times: user=45.01 sys=0.00, real=1.56 secs] 
6206.114: [Full GC (Ergonomics) [PSYoungGen: 25448448K->0K(26355712K)] [ParOldGen: 2423800K->2438995K(3145728K)] 27872248K->2438995K(29501440K), [Metaspace: 22662K->22662K(1071104K)], 2.1503595 secs] [Times: user=51.73 sys=0.02, real=2.15 secs] 
6218.616: [Full GC (Ergonomics) [PSYoungGen: 25448448K->0K(26355712K)] [ParOldGen: 2438995K->2628043K(3145728K)] 27887443K->2628043K(29501440K), [Metaspace: 22662K->22662K(1071104K)], 1.9049982 secs] [Times: user=58.30 sys=0.01, real=1.91 secs] 
6234.692: [Full GC (Ergonomics) [PSYoungGen: 25448448K->0K(26355712K)] [ParOldGen: 2628043K->2979868K(3145728K)] 28076491K->2979868K(29501440K), [Metaspace: 22662K->22662K(1071104K)], 1.9163210 secs] [Times: user=71.22 sys=0.04, real=1.91 secs] 
6250.730: [Full GC (Ergonomics) [PSYoungGen: 25448448K->27645K(26355712K)] [ParOldGen: 2979868K->3145608K(3145728K)] 28428316K->3173254K(29501440K), [Metaspace: 22662K->22662K(1071104K)], 4.4892599 secs] [Times: user=184.35 sys=0.06, real=4.49 secs] 
6267.715: [Full GC (Ergonomics) [PSYoungGen: 25448448K->0K(26355712K)] [ParOldGen: 3145608K->3142429K(3145728K)] 28594056K->3142429K(29501440K), [Metaspace: 22662K->22662K(1071104K)], 2.8365018 secs] [Times: user=88.07 sys=0.00, real=2.84 secs] 
6279.909: [Full GC (System.gc()) [PSYoungGen: 14954762K->0K(26355712K)] [ParOldGen: 3142429K->284324K(3145728K)] 18097192K->284324K(29501440K), [Metaspace: 22664K->22664K(1071104K)], 0.3145486 secs] [Times: user=7.62 sys=0.02, real=0.32 secs] 
6323.560: [GC (Allocation Failure) [PSYoungGen: 25448448K->907250K(26355712K)] 25732772K->1245079K(29501440K), 0.1035543 secs] [Times: user=4.85 sys=0.00, real=0.11 secs] 
6336.667: [GC (Allocation Failure) [PSYoungGen: 26355698K->907248K(26355712K)] 26693527K->1263053K(29501440K), 0.0836644 secs] [Times: user=4.05 sys=0.00, real=0.09 secs] 
6347.045: [GC (Allocation Failure) [PSYoungGen: 26355413K->907237K(26355712K)] 26711218K->1276986K(29501440K), 0.0844709 secs] [Times: user=4.09 sys=0.00, real=0.08 secs] 
6355.411: [GC (Allocation Failure) [PSYoungGen: 26355685K->907232K(26355712K)] 26725434K->1288581K(29501440K), 0.0813457 secs] [Times: user=3.99 sys=0.01, real=0.09 secs] 
6363.137: [GC (Allocation Failure) [PSYoungGen: 26355680K->907262K(26355712K)] 26737029K->1312931K(29501440K), 0.0911961 secs] [Times: user=4.24 sys=0.01, real=0.09 secs] 
6369.990: [GC (Allocation Failure) [PSYoungGen: 26355710K->907249K(26355712K)] 26761379K->1327350K(29501440K), 0.0853945 secs] [Times: user=3.97 sys=0.01, real=0.09 secs] 
6376.887: [GC (Allocation Failure) [PSYoungGen: 26355697K->907234K(26355712K)] 26775798K->1337111K(29501440K), 0.0798839 secs] [Times: user=4.03 sys=0.01, real=0.08 secs] 
6382.591: [GC (Allocation Failure) [PSYoungGen: 26355682K->907243K(26355712K)] 26785559K->1375912K(29501440K), 0.0909076 secs] [Times: user=4.36 sys=0.01, real=0.10 secs] 
6388.244: [GC (Allocation Failure) [PSYoungGen: 26355691K->907258K(26355712K)] 26824360K->1420966K(29501440K), 0.0909542 secs] [Times: user=4.49 sys=0.01, real=0.09 secs] 
6393.807: [GC (Allocation Failure) [PSYoungGen: 26355706K->907254K(26355712K)] 26869414K->1460843K(29501440K), 0.0980409 secs] [Times: user=4.81 sys=0.01, real=0.10 secs] 
6398.764: [GC (Allocation Failure) [PSYoungGen: 26355702K->907241K(26355712K)] 26909291K->1506878K(29501440K), 0.0933236 secs] [Times: user=4.52 sys=0.01, real=0.09 secs] 
6403.830: [GC (Allocation Failure) [PSYoungGen: 26355689K->907242K(26355712K)] 26955326K->1573991K(29501440K), 0.0967066 secs] [Times: user=4.89 sys=0.00, real=0.10 secs] 
6408.927: [GC (Allocation Failure) [PSYoungGen: 26355690K->907236K(26355712K)] 27022439K->1753193K(29501440K), 0.1226879 secs] [Times: user=6.32 sys=0.00, real=0.12 secs] 
6413.299: [GC (Allocation Failure) [PSYoungGen: 26355684K->907259K(26355712K)] 27201641K->1883064K(29501440K), 0.1133498 secs] [Times: user=5.85 sys=0.01, real=0.12 secs] 
6417.830: [GC (Allocation Failure) [PSYoungGen: 26355707K->907250K(26355712K)] 27331512K->1920215K(29501440K), 0.0950606 secs] [Times: user=4.72 sys=0.00, real=0.10 secs] 
6422.246: [GC (Allocation Failure) [PSYoungGen: 26355698K->740795K(26355712K)] 27368663K->2004896K(29501440K), 0.1107400 secs] [Times: user=5.81 sys=0.01, real=0.11 secs] 
6426.678: [GC (Allocation Failure) [PSYoungGen: 26189243K->907260K(26355712K)] 27453344K->2183539K(29501440K), 0.1129563 secs] [Times: user=5.70 sys=0.00, real=0.12 secs] 
6430.592: [GC (Allocation Failure) [PSYoungGen: 26355708K->892687K(26355712K)] 27631987K->2171984K(29501440K), 0.1062796 secs] [Times: user=5.53 sys=0.01, real=0.10 secs] 
6434.510: [GC (Allocation Failure) [PSYoungGen: 26341135K->842854K(26355712K)] 27620432K->2126832K(29501440K), 0.1046739 secs] [Times: user=5.33 sys=0.01, real=0.11 secs] 
6438.525: [GC (Allocation Failure) [PSYoungGen: 26291302K->853625K(26355712K)] 27575280K->2141501K(29501440K), 0.1070902 secs] [Times: user=5.50 sys=0.01, real=0.11 secs] 
6442.313: [GC (Allocation Failure) [PSYoungGen: 26302073K->880886K(26355712K)] 27589949K->2172211K(29501440K), 0.1080259 secs] [Times: user=5.66 sys=0.01, real=0.11 secs] 
6445.765: [GC (Allocation Failure) [PSYoungGen: 26329334K->736317K(26355712K)] 27620659K->2028914K(29501440K), 0.0948006 secs] [Times: user=4.93 sys=0.00, real=0.09 secs] 
6449.398: [GC (Allocation Failure) [PSYoungGen: 26184765K->867840K(26355712K)] 27477362K->2161909K(29501440K), 0.1089222 secs] [Times: user=5.58 sys=0.01, real=0.11 secs] 
6459.913: [GC (Allocation Failure) [PSYoungGen: 26306145K->907245K(26355712K)] 27600215K->2391947K(29501440K), 0.1564995 secs] [Times: user=7.04 sys=0.01, real=0.15 secs] 
6463.549: [GC (System.gc()) [PSYoungGen: 1803568K->709045K(26355712K)] 3288269K->2195083K(29501440K), 0.0646838 secs] [Times: user=3.24 sys=0.00, real=0.07 secs] 
6463.614: [Full GC (System.gc()) [PSYoungGen: 709045K->0K(26355712K)] [ParOldGen: 1486037K->269600K(3145728K)] 2195083K->269600K(29501440K), [Metaspace: 22686K->22686K(1071104K)], 0.1003658 secs] [Times: user=2.16 sys=0.01, real=0.10 secs] 
6470.839: [GC (System.gc()) [PSYoungGen: 3342499K->448K(26355712K)] 3612099K->270048K(29501440K), 0.0150946 secs] [Times: user=0.27 sys=0.01, real=0.02 secs] 
6470.854: [Full GC (System.gc()) [PSYoungGen: 448K->0K(26355712K)] [ParOldGen: 269600K->259861K(3145728K)] 270048K->259861K(29501440K), [Metaspace: 22700K->22700K(1071104K)], 0.0990047 secs] [Times: user=2.66 sys=0.00, real=0.10 secs] 
6488.786: [GC (Allocation Failure) [PSYoungGen: 25448448K->907242K(26355712K)] 25708309K->1246376K(29501440K), 0.0996083 secs] [Times: user=5.11 sys=0.01, real=0.10 secs] 
6501.914: [GC (Allocation Failure) [PSYoungGen: 26355690K->885559K(26355712K)] 26694824K->1224693K(29501440K), 0.0752017 secs] [Times: user=3.70 sys=0.00, real=0.07 secs] 
6515.574: [GC (System.gc()) [PSYoungGen: 20545942K->60570K(26355712K)] 20885076K->399704K(29501440K), 0.0134327 secs] [Times: user=0.42 sys=0.01, real=0.01 secs] 
6515.588: [Full GC (System.gc()) [PSYoungGen: 60570K->0K(26355712K)] [ParOldGen: 339133K->267578K(3145728K)] 399704K->267578K(29501440K), [Metaspace: 22767K->22767K(1071104K)], 0.0903335 secs] [Times: user=1.75 sys=0.00, real=0.09 secs] 
6515.896: [GC (System.gc()) [PSYoungGen: 687K->192K(26355712K)] 268266K->267770K(29501440K), 0.0120216 secs] [Times: user=0.30 sys=0.01, real=0.01 secs] 
6515.908: [Full GC (System.gc()) [PSYoungGen: 192K->0K(26355712K)] [ParOldGen: 267578K->267556K(3145728K)] 267770K->267556K(29501440K), [Metaspace: 22771K->22771K(1071104K)], 0.2015280 secs] [Times: user=0.95 sys=0.00, real=0.20 secs] 
6516.328: [GC (System.gc()) [PSYoungGen: 175265K->160K(26355712K)] 442821K->267716K(29501440K), 0.0125278 secs] [Times: user=0.26 sys=0.01, real=0.01 secs] 
6516.341: [Full GC (System.gc()) [PSYoungGen: 160K->0K(26355712K)] [ParOldGen: 267556K->267463K(3145728K)] 267716K->267463K(29501440K), [Metaspace: 22771K->22771K(1071104K)], 0.2003422 secs] [Times: user=7.45 sys=0.01, real=0.20 secs] 
Heap
 PSYoungGen      total 26355712K, used 1188009K [0x0000000140000000, 0x00000007c0000000, 0x00000007c0000000)
  eden space 25448448K, 4% used [0x0000000140000000,0x000000018882a7e8,0x0000000751400000)
  from space 907264K, 0% used [0x0000000788a00000,0x0000000788a00000,0x00000007c0000000)
  to   space 907264K, 0% used [0x0000000751400000,0x0000000751400000,0x0000000788a00000)
 ParOldGen       total 3145728K, used 267463K [0x0000000080000000, 0x0000000140000000, 0x0000000140000000)
  object space 3145728K, 8% used [0x0000000080000000,0x0000000090531e30,0x0000000140000000)
 Metaspace       used 22776K, capacity 23650K, committed 23936K, reserved 1071104K
  class space    used 2642K, capacity 2873K, committed 2944K, reserved 1048576K
