Java HotSpot(TM) 64-Bit Server VM (25.40-b25) for linux-amd64 JRE (1.8.0_40-b26), built on Mar  7 2015 15:08:31 by "java_re" with gcc 4.3.0 20080428 (Red Hat 4.3.0-8)
Memory: 4k page, physical 264398780k(141147516k free), swap 4194296k(4194296k free)
CommandLine flags: -XX:InitialHeapSize=2147483648 -XX:MaxHeapSize=32210157568 -XX:+PrintGC -XX:+PrintGCTimeStamps -XX:+UseCompressedClassPointers -XX:+UseCompressedOops -XX:+UseParallelGC 
0.281: [GC (Allocation Failure)  524800K->3726K(2010112K), 0.0084323 secs]
0.300: [GC (Allocation Failure)  528526K->2672K(2534912K), 0.0097093 secs]
1.395: [GC (Allocation Failure)  1052272K->9120K(2534912K), 0.0163536 secs]
24.827: [GC (System.gc())  300709K->26327K(3584512K), 0.0202525 secs]
24.847: [Full GC (System.gc())  26327K->25568K(3584512K), 0.0548174 secs]
112.052: [GC (System.gc())  371452K->27760K(3584512K), 0.0062373 secs]
112.059: [Full GC (System.gc())  27760K->25860K(3584512K), 0.0986108 secs]
345.022: [GC (System.gc())  781047K->27148K(3584512K), 0.0074643 secs]
345.030: [Full GC (System.gc())  27148K->25862K(3584512K), 0.0970502 secs]
449.286: [GC (System.gc())  335590K->27239K(3584512K), 0.0078847 secs]
449.294: [Full GC (System.gc())  27239K->26163K(3584512K), 0.0674570 secs]
678.262: [GC (System.gc())  644288K->27579K(3584512K), 0.0082073 secs]
678.271: [Full GC (System.gc())  27579K->26250K(3584512K), 0.0677323 secs]
758.282: [GC (System.gc())  256322K->27658K(3584512K), 0.0071281 secs]
758.290: [Full GC (System.gc())  27658K->26232K(3584512K), 0.0708893 secs]
764.787: [GC (System.gc())  80111K->27352K(3584512K), 0.0077146 secs]
764.795: [Full GC (System.gc())  27352K->26210K(3584512K), 0.0494878 secs]
1680.778: [GC (Allocation Failure)  2125410K->27600K(3584512K), 0.0090794 secs]
2598.010: [GC (Allocation Failure)  2126800K->28216K(5598720K), 0.0047459 secs]
4445.058: [GC (Allocation Failure)  4226616K->27593K(5666816K), 0.0110395 secs]
6329.333: [GC (Allocation Failure)  4277193K->27530K(9814016K), 0.0107431 secs]
7436.432: [GC (System.gc())  2547653K->27554K(9812992K), 0.0101389 secs]
7436.443: [Full GC (System.gc())  27554K->26440K(9812992K), 0.0421941 secs]
7619.174: [GC (System.gc())  594160K->27720K(9911808K), 0.0070361 secs]
7619.181: [Full GC (System.gc())  27720K->26352K(9911808K), 0.0654656 secs]
7625.808: [GC (System.gc())  236133K->27248K(9898496K), 0.0069280 secs]
7625.815: [Full GC (System.gc())  27248K->26344K(9898496K), 0.0644191 secs]
