Java HotSpot(TM) 64-Bit Server VM (25.40-b25) for linux-amd64 JRE (1.8.0_40-b26), built on Mar  7 2015 15:08:31 by "java_re" with gcc 4.3.0 20080428 (Red Hat 4.3.0-8)
Memory: 4k page, physical 264398780k(140268788k free), swap 4194296k(4194296k free)
CommandLine flags: -XX:+AggressiveOpts -XX:+AlwaysPreTouch -XX:InitialHeapSize=27917287424 -XX:LargePageSizeInBytes=2097152 -XX:MaxHeapSize=27917287424 -XX:MaxNewSize=24696061952 -XX:MaxTenuringThreshold=15 -XX:NewSize=24696061952 -XX:ParallelGCThreads=36 -XX:+PrintGC -XX:+PrintGCDetails -XX:+PrintGCTimeStamps -XX:SurvivorRatio=14 -XX:TargetSurvivorRatio=95 -XX:+TraceClassLoading -XX:-UseAdaptiveSizePolicy -XX:-UseBiasedLocking -XX:+UseCompressedClassPointers -XX:+UseCompressedOops -XX:+UseLargePages -XX:+UseParallelOldGC 
9.553: [GC (Allocation Failure) [PSYoungGen: 21102592K->3920K(22609920K)] 21102592K->4006K(25755648K), 0.0049642 secs] [Times: user=0.05 sys=0.00, real=0.00 secs] 
9.564: [GC (Allocation Failure) [PSYoungGen: 21106512K->2816K(22609920K)] 21106598K->2910K(25755648K), 0.0048356 secs] [Times: user=0.04 sys=0.01, real=0.00 secs] 
13.142: [GC (Allocation Failure) [PSYoungGen: 21105408K->693390K(22609920K)] 21105502K->693509K(25755648K), 0.1067230 secs] [Times: user=3.39 sys=0.00, real=0.10 secs] 
14.555: [GC (System.gc()) [PSYoungGen: 2070954K->8055K(22609920K)] 2071073K->8181K(25755648K), 0.0107096 secs] [Times: user=0.17 sys=0.00, real=0.01 secs] 
14.566: [Full GC (System.gc()) [PSYoungGen: 8055K->0K(22609920K)] [ParOldGen: 126K->7559K(3145728K)] 8181K->7559K(25755648K), [Metaspace: 16838K->16838K(1064960K)], 0.0421390 secs] [Times: user=0.65 sys=0.03, real=0.04 secs] 
101.691: [GC (System.gc()) [PSYoungGen: 5550124K->98583K(22609920K)] 5557683K->106159K(25755648K), 0.0277815 secs] [Times: user=0.68 sys=0.00, real=0.03 secs] 
101.719: [Full GC (System.gc()) [PSYoungGen: 98583K->0K(22609920K)] [ParOldGen: 7575K->105103K(3145728K)] 106159K->105103K(25755648K), [Metaspace: 20060K->20053K(1067008K)], 0.0931230 secs] [Times: user=2.35 sys=0.02, real=0.09 secs] 
229.902: [GC (Allocation Failure) [PSYoungGen: 21102592K->882528K(22609920K)] 21207695K->987640K(25755648K), 0.1504402 secs] [Times: user=5.25 sys=0.00, real=0.15 secs] 
250.614: [GC (Allocation Failure) [PSYoungGen: 21985120K->888856K(22609920K)] 22090232K->993976K(25755648K), 0.1408213 secs] [Times: user=4.86 sys=0.00, real=0.14 secs] 
261.690: [GC (Allocation Failure) [PSYoungGen: 21991448K->914586K(22609920K)] 22096568K->1019714K(25755648K), 0.1370418 secs] [Times: user=4.79 sys=0.00, real=0.13 secs] 
269.805: [GC (Allocation Failure) [PSYoungGen: 22017178K->900748K(22609920K)] 22122306K->1005884K(25755648K), 0.1356998 secs] [Times: user=4.70 sys=0.00, real=0.14 secs] 
276.079: [GC (Allocation Failure) [PSYoungGen: 22003340K->913284K(22609920K)] 22108476K->1018420K(25755648K), 0.1367473 secs] [Times: user=4.75 sys=0.00, real=0.14 secs] 
280.970: [GC (Allocation Failure) [PSYoungGen: 22015876K->960126K(22609920K)] 22121012K->1065270K(25755648K), 0.1454888 secs] [Times: user=5.05 sys=0.00, real=0.15 secs] 
285.216: [GC (Allocation Failure) [PSYoungGen: 22062718K->946135K(22609920K)] 22167862K->1051351K(25755648K), 0.1414458 secs] [Times: user=4.96 sys=0.00, real=0.14 secs] 
288.836: [GC (Allocation Failure) [PSYoungGen: 22048727K->985984K(22609920K)] 22153943K->1091200K(25755648K), 0.1502092 secs] [Times: user=5.15 sys=0.00, real=0.15 secs] 
292.103: [GC (Allocation Failure) [PSYoungGen: 22088576K->1043810K(22609920K)] 22193792K->1149026K(25755648K), 0.1581073 secs] [Times: user=5.59 sys=0.00, real=0.16 secs] 
295.312: [GC (Allocation Failure) [PSYoungGen: 22146402K->1098971K(22609920K)] 22251618K->1204187K(25755648K), 0.1667212 secs] [Times: user=5.90 sys=0.00, real=0.17 secs] 
298.376: [GC (Allocation Failure) [PSYoungGen: 22201563K->1086524K(22609920K)] 22306779K->1191740K(25755648K), 0.1663774 secs] [Times: user=5.73 sys=0.00, real=0.16 secs] 
301.446: [GC (Allocation Failure) [PSYoungGen: 22189116K->1097847K(22609920K)] 22294332K->1203063K(25755648K), 0.1659559 secs] [Times: user=5.84 sys=0.00, real=0.16 secs] 
304.591: [GC (Allocation Failure) [PSYoungGen: 22200439K->1044688K(22609920K)] 22305655K->1149904K(25755648K), 0.1563560 secs] [Times: user=5.52 sys=0.00, real=0.16 secs] 
307.719: [GC (Allocation Failure) [PSYoungGen: 22147280K->1006667K(22609920K)] 22252496K->1111883K(25755648K), 0.1504911 secs] [Times: user=5.31 sys=0.00, real=0.15 secs] 
310.649: [GC (Allocation Failure) [PSYoungGen: 22109259K->1053347K(22609920K)] 22214475K->1158571K(25755648K), 0.1580165 secs] [Times: user=5.57 sys=0.00, real=0.16 secs] 
313.800: [GC (Allocation Failure) [PSYoungGen: 22155939K->745206K(22609920K)] 22261163K->1179840K(25755648K), 0.1686541 secs] [Times: user=5.97 sys=0.00, real=0.17 secs] 
316.880: [GC (Allocation Failure) [PSYoungGen: 21847798K->752714K(22609920K)] 22282432K->1197502K(25755648K), 0.1312152 secs] [Times: user=4.63 sys=0.01, real=0.13 secs] 
319.926: [GC (Allocation Failure) [PSYoungGen: 21855306K->680473K(22609920K)] 22300094K->1130590K(25755648K), 0.1205023 secs] [Times: user=4.23 sys=0.01, real=0.12 secs] 
322.957: [GC (Allocation Failure) [PSYoungGen: 21783065K->808325K(22609920K)] 22233182K->1260226K(25755648K), 0.1380427 secs] [Times: user=4.87 sys=0.02, real=0.13 secs] 
326.046: [GC (Allocation Failure) [PSYoungGen: 21910917K->719093K(22609920K)] 22362818K->1172258K(25755648K), 0.1282391 secs] [Times: user=4.49 sys=0.00, real=0.13 secs] 
329.040: [GC (Allocation Failure) [PSYoungGen: 21821685K->806894K(22609920K)] 22274850K->1263260K(25755648K), 0.1396764 secs] [Times: user=4.86 sys=0.00, real=0.14 secs] 
332.095: [GC (Allocation Failure) [PSYoungGen: 21909486K->692901K(22609920K)] 22365852K->1150242K(25755648K), 0.1235503 secs] [Times: user=4.30 sys=0.01, real=0.12 secs] 
334.512: [GC (System.gc()) [PSYoungGen: 14267359K->679612K(22609920K)] 14724701K->1137969K(25755648K), 0.1224575 secs] [Times: user=4.33 sys=0.00, real=0.12 secs] 
334.635: [Full GC (System.gc()) [PSYoungGen: 679612K->0K(22609920K)] [ParOldGen: 458357K->126472K(3145728K)] 1137969K->126472K(25755648K), [Metaspace: 22181K->22181K(1069056K)], 0.1316548 secs] [Times: user=3.21 sys=0.06, real=0.13 secs] 
354.284: [GC (Allocation Failure) [PSYoungGen: 21102592K->912083K(22609920K)] 21229064K->1038563K(25755648K), 0.1472135 secs] [Times: user=5.10 sys=0.00, real=0.14 secs] 
361.280: [GC (Allocation Failure) [PSYoungGen: 22014675K->974974K(22609920K)] 22141155K->1101454K(25755648K), 0.1486311 secs] [Times: user=5.16 sys=0.00, real=0.15 secs] 
366.652: [GC (Allocation Failure) [PSYoungGen: 22077566K->957558K(22609920K)] 22204046K->1084039K(25755648K), 0.1445900 secs] [Times: user=5.01 sys=0.00, real=0.15 secs] 
371.023: [GC (Allocation Failure) [PSYoungGen: 22060150K->1035171K(22609920K)] 22186631K->1161652K(25755648K), 0.1585002 secs] [Times: user=5.53 sys=0.00, real=0.16 secs] 
374.843: [GC (Allocation Failure) [PSYoungGen: 22137763K->971172K(22609920K)] 22264244K->1097653K(25755648K), 0.1466103 secs] [Times: user=5.08 sys=0.01, real=0.15 secs] 
378.268: [GC (Allocation Failure) [PSYoungGen: 22073764K->1032158K(22609920K)] 22200245K->1158639K(25755648K), 0.1558293 secs] [Times: user=5.45 sys=0.00, real=0.15 secs] 
381.495: [GC (Allocation Failure) [PSYoungGen: 22134750K->1058560K(22609920K)] 22261231K->1185041K(25755648K), 0.1585455 secs] [Times: user=5.62 sys=0.01, real=0.16 secs] 
384.725: [GC (Allocation Failure) [PSYoungGen: 22161152K->1065717K(22609920K)] 22287633K->1192198K(25755648K), 0.1658873 secs] [Times: user=5.65 sys=0.00, real=0.17 secs] 
387.865: [GC (Allocation Failure) [PSYoungGen: 22168309K->1059822K(22609920K)] 22294790K->1186302K(25755648K), 0.1582331 secs] [Times: user=5.60 sys=0.01, real=0.16 secs] 
390.988: [GC (Allocation Failure) [PSYoungGen: 22162414K->1078361K(22609920K)] 22288894K->1204841K(25755648K), 0.1616152 secs] [Times: user=5.72 sys=0.01, real=0.16 secs] 
394.146: [GC (Allocation Failure) [PSYoungGen: 22180953K->1130063K(22609920K)] 22307433K->1256543K(25755648K), 0.1716681 secs] [Times: user=6.05 sys=0.00, real=0.17 secs] 
397.327: [GC (Allocation Failure) [PSYoungGen: 22232655K->1127066K(22609920K)] 22359135K->1253547K(25755648K), 0.1709662 secs] [Times: user=6.05 sys=0.00, real=0.17 secs] 
400.403: [GC (Allocation Failure) [PSYoungGen: 22229658K->1082368K(22609920K)] 22356139K->1208849K(25755648K), 0.1626343 secs] [Times: user=5.76 sys=0.00, real=0.16 secs] 
403.652: [GC (Allocation Failure) [PSYoungGen: 22184960K->1109738K(22609920K)] 22311441K->1236219K(25755648K), 0.1666811 secs] [Times: user=5.91 sys=0.00, real=0.16 secs] 
406.721: [GC (Allocation Failure) [PSYoungGen: 22212330K->1119772K(22609920K)] 22338811K->1246253K(25755648K), 0.1699927 secs] [Times: user=6.02 sys=0.00, real=0.17 secs] 
409.841: [GC (Allocation Failure) [PSYoungGen: 22222364K->785176K(22609920K)] 22348845K->1244559K(25755648K), 0.1734268 secs] [Times: user=6.09 sys=0.00, real=0.17 secs] 
412.906: [GC (Allocation Failure) [PSYoungGen: 21887768K->752784K(22609920K)] 22347151K->1220888K(25755648K), 0.1334377 secs] [Times: user=4.71 sys=0.00, real=0.13 secs] 
415.956: [GC (Allocation Failure) [PSYoungGen: 21855376K->709510K(22609920K)] 22323480K->1179606K(25755648K), 0.1262239 secs] [Times: user=4.46 sys=0.01, real=0.13 secs] 
419.010: [GC (Allocation Failure) [PSYoungGen: 21812102K->723982K(22609920K)] 22282198K->1195695K(25755648K), 0.1290563 secs] [Times: user=4.52 sys=0.01, real=0.13 secs] 
422.090: [GC (Allocation Failure) [PSYoungGen: 21826574K->775730K(22609920K)] 22298287K->1251034K(25755648K), 0.1383521 secs] [Times: user=4.89 sys=0.00, real=0.14 secs] 
425.197: [GC (Allocation Failure) [PSYoungGen: 21878322K->774889K(22609920K)] 22353626K->1251378K(25755648K), 0.1392449 secs] [Times: user=4.93 sys=0.00, real=0.14 secs] 
428.276: [GC (Allocation Failure) [PSYoungGen: 21877481K->750658K(22609920K)] 22353970K->1228283K(25755648K), 0.1338628 secs] [Times: user=4.73 sys=0.00, real=0.13 secs] 
438.853: [GC (System.gc()) [PSYoungGen: 10154669K->854315K(22609920K)] 10632294K->1333020K(25755648K), 0.1308220 secs] [Times: user=4.62 sys=0.00, real=0.13 secs] 
438.984: [Full GC (System.gc()) [PSYoungGen: 854315K->0K(22609920K)] [ParOldGen: 478705K->234840K(3145728K)] 1333020K->234840K(25755648K), [Metaspace: 22257K->22257K(1069056K)], 0.0912594 secs] [Times: user=1.71 sys=0.04, real=0.09 secs] 
459.771: [GC (Allocation Failure) [PSYoungGen: 21102592K->964739K(22609920K)] 21337432K->1199587K(25755648K), 0.1584975 secs] [Times: user=5.58 sys=0.00, real=0.16 secs] 
467.865: [GC (Allocation Failure) [PSYoungGen: 22067331K->984894K(22609920K)] 22302179K->1219742K(25755648K), 0.1505888 secs] [Times: user=5.30 sys=0.00, real=0.15 secs] 
473.855: [GC (Allocation Failure) [PSYoungGen: 22087486K->977490K(22609920K)] 22322334K->1212339K(25755648K), 0.1491337 secs] [Times: user=5.26 sys=0.00, real=0.15 secs] 
478.701: [GC (Allocation Failure) [PSYoungGen: 22080082K->983895K(22609920K)] 22314931K->1218743K(25755648K), 0.1487383 secs] [Times: user=5.26 sys=0.00, real=0.14 secs] 
482.798: [GC (Allocation Failure) [PSYoungGen: 22086487K->1006756K(22609920K)] 22321335K->1241604K(25755648K), 0.1532797 secs] [Times: user=5.42 sys=0.01, real=0.15 secs] 
486.611: [GC (Allocation Failure) [PSYoungGen: 22109348K->1020267K(22609920K)] 22344196K->1255115K(25755648K), 0.1534019 secs] [Times: user=5.39 sys=0.00, real=0.16 secs] 
489.966: [GC (Allocation Failure) [PSYoungGen: 22122859K->993745K(22609920K)] 22357707K->1228594K(25755648K), 0.1511438 secs] [Times: user=5.17 sys=0.01, real=0.15 secs] 
493.173: [GC (Allocation Failure) [PSYoungGen: 22096337K->1081682K(22609920K)] 22331186K->1316531K(25755648K), 0.1659589 secs] [Times: user=5.75 sys=0.00, real=0.16 secs] 
496.311: [GC (Allocation Failure) [PSYoungGen: 22184274K->1100684K(22609920K)] 22419123K->1335533K(25755648K), 0.1665668 secs] [Times: user=5.84 sys=0.01, real=0.17 secs] 
499.373: [GC (Allocation Failure) [PSYoungGen: 22203276K->1111590K(22609920K)] 22438125K->1346438K(25755648K), 0.1673512 secs] [Times: user=5.93 sys=0.00, real=0.17 secs] 
502.472: [GC (Allocation Failure) [PSYoungGen: 22214182K->1142752K(22609920K)] 22449030K->1377601K(25755648K), 0.1737417 secs] [Times: user=6.10 sys=0.00, real=0.18 secs] 
505.583: [GC (Allocation Failure) [PSYoungGen: 22245344K->1242022K(22609920K)] 22480193K->1476870K(25755648K), 0.1895268 secs] [Times: user=6.63 sys=0.00, real=0.19 secs] 
508.727: [GC (Allocation Failure) [PSYoungGen: 22344614K->1088543K(22609920K)] 22579462K->1323391K(25755648K), 0.1644562 secs] [Times: user=5.82 sys=0.00, real=0.16 secs] 
511.855: [GC (Allocation Failure) [PSYoungGen: 22191135K->1153650K(22609920K)] 22425983K->1388499K(25755648K), 0.1743650 secs] [Times: user=6.19 sys=0.01, real=0.18 secs] 
514.979: [GC (Allocation Failure) [PSYoungGen: 22256242K->1181806K(22609920K)] 22491091K->1416655K(25755648K), 0.1796573 secs] [Times: user=6.38 sys=0.01, real=0.18 secs] 
518.079: [GC (Allocation Failure) [PSYoungGen: 22284398K->702938K(22609920K)] 22519247K->1296771K(25755648K), 0.1638561 secs] [Times: user=5.81 sys=0.00, real=0.16 secs] 
521.202: [GC (Allocation Failure) [PSYoungGen: 21805530K->696753K(22609920K)] 22399363K->1292290K(25755648K), 0.1241534 secs] [Times: user=4.38 sys=0.00, real=0.12 secs] 
524.237: [GC (Allocation Failure) [PSYoungGen: 21799345K->703754K(22609920K)] 22394882K->1300708K(25755648K), 0.1252950 secs] [Times: user=4.43 sys=0.00, real=0.13 secs] 
527.242: [GC (Allocation Failure) [PSYoungGen: 21806346K->759045K(22609920K)] 22403300K->1356943K(25755648K), 0.1345474 secs] [Times: user=4.72 sys=0.00, real=0.13 secs] 
530.359: [GC (Allocation Failure) [PSYoungGen: 21861637K->735229K(22609920K)] 22459535K->1334975K(25755648K), 0.1299705 secs] [Times: user=4.59 sys=0.00, real=0.14 secs] 
533.454: [GC (Allocation Failure) [PSYoungGen: 21837821K->710895K(22609920K)] 22437567K->1311593K(25755648K), 0.1280480 secs] [Times: user=4.44 sys=0.01, real=0.13 secs] 
536.528: [GC (Allocation Failure) [PSYoungGen: 21813487K->732323K(22609920K)] 22414185K->1333829K(25755648K), 0.1308208 secs] [Times: user=4.59 sys=0.00, real=0.13 secs] 
539.666: [GC (Allocation Failure) [PSYoungGen: 21834915K->743176K(22609920K)] 22436421K->1345555K(25755648K), 0.1390651 secs] [Times: user=4.63 sys=0.00, real=0.14 secs] 
542.781: [GC (Allocation Failure) [PSYoungGen: 21845768K->781987K(22609920K)] 22448147K->1385333K(25755648K), 0.1387269 secs] [Times: user=4.88 sys=0.00, real=0.14 secs] 
545.883: [GC (Allocation Failure) [PSYoungGen: 21884579K->765161K(22609920K)] 22487925K->1369236K(25755648K), 0.1354802 secs] [Times: user=4.80 sys=0.00, real=0.13 secs] 
548.989: [GC (Allocation Failure) [PSYoungGen: 21867753K->768690K(22609920K)] 22471828K->1373596K(25755648K), 0.1361666 secs] [Times: user=4.81 sys=0.00, real=0.14 secs] 
552.126: [GC (Allocation Failure) [PSYoungGen: 21871282K->736844K(22609920K)] 22476188K->1343263K(25755648K), 0.1329966 secs] [Times: user=4.68 sys=0.00, real=0.13 secs] 
555.187: [GC (GCLocker Initiated GC) [PSYoungGen: 21839436K->716658K(22609920K)] 22449150K->1327661K(25755648K), 0.1321501 secs] [Times: user=4.57 sys=0.01, real=0.13 secs] 
558.221: [GC (Allocation Failure) [PSYoungGen: 21819250K->736351K(22609920K)] 22430254K->1348371K(25755648K), 0.1316172 secs] [Times: user=4.66 sys=0.00, real=0.13 secs] 
561.280: [GC (Allocation Failure) [PSYoungGen: 21838943K->727558K(22609920K)] 22450963K->1340562K(25755648K), 0.1312568 secs] [Times: user=4.63 sys=0.00, real=0.13 secs] 
564.355: [GC (Allocation Failure) [PSYoungGen: 21830150K->723653K(22609920K)] 22443154K->1337793K(25755648K), 0.1309986 secs] [Times: user=4.55 sys=0.00, real=0.13 secs] 
567.476: [GC (Allocation Failure) [PSYoungGen: 21826245K->761304K(22609920K)] 22440385K->1376676K(25755648K), 0.1370991 secs] [Times: user=4.82 sys=0.00, real=0.13 secs] 
570.608: [GC (Allocation Failure) [PSYoungGen: 21863896K->772841K(22609920K)] 22479268K->1389357K(25755648K), 0.1387291 secs] [Times: user=4.88 sys=0.00, real=0.14 secs] 
573.663: [GC (Allocation Failure) [PSYoungGen: 21875433K->781903K(22609920K)] 22491949K->1399435K(25755648K), 0.1400381 secs] [Times: user=4.95 sys=0.00, real=0.14 secs] 
576.776: [GC (Allocation Failure) [PSYoungGen: 21884495K->772933K(22609920K)] 22502027K->1391489K(25755648K), 0.1380495 secs] [Times: user=4.88 sys=0.00, real=0.14 secs] 
579.833: [GC (Allocation Failure) [PSYoungGen: 21875525K->770083K(22609920K)] 22494081K->1389767K(25755648K), 0.1383976 secs] [Times: user=4.90 sys=0.00, real=0.14 secs] 
582.929: [GC (Allocation Failure) [PSYoungGen: 21872675K->763767K(22609920K)] 22492359K->1384555K(25755648K), 0.1369054 secs] [Times: user=4.84 sys=0.00, real=0.13 secs] 
586.009: [GC (Allocation Failure) [PSYoungGen: 21866359K->722346K(22609920K)] 22487147K->1344127K(25755648K), 0.1304017 secs] [Times: user=4.60 sys=0.01, real=0.13 secs] 
589.033: [GC (Allocation Failure) [PSYoungGen: 21824938K->746446K(22609920K)] 22446719K->1369275K(25755648K), 0.1341016 secs] [Times: user=4.74 sys=0.00, real=0.13 secs] 
592.128: [GC (Allocation Failure) [PSYoungGen: 21849038K->762567K(22609920K)] 22471867K->1386571K(25755648K), 0.1371367 secs] [Times: user=4.85 sys=0.00, real=0.13 secs] 
595.147: [GC (Allocation Failure) [PSYoungGen: 21865159K->735050K(22609920K)] 22489163K->1360174K(25755648K), 0.1336578 secs] [Times: user=4.64 sys=0.01, real=0.14 secs] 
598.176: [GC (Allocation Failure) [PSYoungGen: 21837642K->709069K(22609920K)] 22462766K->1335049K(25755648K), 0.1288966 secs] [Times: user=4.48 sys=0.01, real=0.13 secs] 
601.242: [GC (Allocation Failure) [PSYoungGen: 21811661K->758429K(22609920K)] 22437641K->1390546K(25755648K), 0.1371309 secs] [Times: user=4.86 sys=0.00, real=0.13 secs] 
604.283: [GC (Allocation Failure) [PSYoungGen: 21861021K->722949K(22609920K)] 22493138K->1356178K(25755648K), 0.1322303 secs] [Times: user=4.60 sys=0.00, real=0.13 secs] 
607.317: [GC (Allocation Failure) [PSYoungGen: 21825541K->744940K(22609920K)] 22458770K->1379097K(25755648K), 0.1356556 secs] [Times: user=4.74 sys=0.00, real=0.14 secs] 
610.328: [GC (Allocation Failure) [PSYoungGen: 21847532K->737646K(22609920K)] 22481689K->1372627K(25755648K), 0.1335247 secs] [Times: user=4.67 sys=0.00, real=0.14 secs] 
613.343: [GC (Allocation Failure) [PSYoungGen: 21840238K->731155K(22609920K)] 22475219K->1367024K(25755648K), 0.1351316 secs] [Times: user=4.62 sys=0.00, real=0.13 secs] 
616.362: [GC (Allocation Failure) [PSYoungGen: 21833747K->747188K(22609920K)] 22469616K->1383825K(25755648K), 0.1346859 secs] [Times: user=4.72 sys=0.00, real=0.14 secs] 
619.378: [GC (Allocation Failure) [PSYoungGen: 21849780K->750165K(22609920K)] 22486417K->1387586K(25755648K), 0.1358562 secs] [Times: user=4.78 sys=0.01, real=0.14 secs] 
622.460: [GC (Allocation Failure) [PSYoungGen: 21852757K->756883K(22609920K)] 22490178K->1395280K(25755648K), 0.1361859 secs] [Times: user=4.83 sys=0.00, real=0.14 secs] 
625.361: [GC (Allocation Failure) [PSYoungGen: 21859475K->711255K(22609920K)] 22497872K->1350365K(25755648K), 0.1306225 secs] [Times: user=4.47 sys=0.00, real=0.13 secs] 
628.269: [GC (Allocation Failure) [PSYoungGen: 21813847K->741800K(22609920K)] 22452957K->1381749K(25755648K), 0.1328832 secs] [Times: user=4.71 sys=0.00, real=0.13 secs] 
631.315: [GC (Allocation Failure) [PSYoungGen: 21844392K->708300K(22609920K)] 22484341K->1349041K(25755648K), 0.1269023 secs] [Times: user=4.48 sys=0.00, real=0.12 secs] 
634.327: [GC (Allocation Failure) [PSYoungGen: 21810892K->671896K(22609920K)] 22451633K->1313301K(25755648K), 0.1235023 secs] [Times: user=4.29 sys=0.00, real=0.12 secs] 
637.193: [GC (Allocation Failure) [PSYoungGen: 21774488K->821326K(22609920K)] 22415893K->1463507K(25755648K), 0.1468473 secs] [Times: user=5.20 sys=0.00, real=0.15 secs] 
640.306: [GC (Allocation Failure) [PSYoungGen: 21923918K->635033K(22609920K)] 22566099K->1278158K(25755648K), 0.1150948 secs] [Times: user=4.05 sys=0.00, real=0.11 secs] 
643.205: [GC (Allocation Failure) [PSYoungGen: 21737625K->756831K(22609920K)] 22380750K->1400885K(25755648K), 0.1375242 secs] [Times: user=4.74 sys=0.00, real=0.14 secs] 
646.308: [GC (Allocation Failure) [PSYoungGen: 21859423K->662398K(22609920K)] 22503477K->1307115K(25755648K), 0.1215551 secs] [Times: user=4.18 sys=0.00, real=0.12 secs] 
649.203: [GC (Allocation Failure) [PSYoungGen: 21764990K->750465K(22609920K)] 22409707K->1395918K(25755648K), 0.1341568 secs] [Times: user=4.75 sys=0.00, real=0.14 secs] 
652.347: [GC (Allocation Failure) [PSYoungGen: 21853057K->671204K(22609920K)] 22498510K->1317378K(25755648K), 0.1240624 secs] [Times: user=4.29 sys=0.00, real=0.13 secs] 
655.363: [GC (Allocation Failure) [PSYoungGen: 21773796K->649348K(22609920K)] 22419970K->1296353K(25755648K), 0.1179259 secs] [Times: user=4.17 sys=0.00, real=0.12 secs] 
658.389: [GC (Allocation Failure) [PSYoungGen: 21751940K->705764K(22609920K)] 22398945K->1353618K(25755648K), 0.1266802 secs] [Times: user=4.44 sys=0.01, real=0.12 secs] 
661.361: [GC (Allocation Failure) [PSYoungGen: 21808356K->663513K(22609920K)] 22456210K->1312070K(25755648K), 0.1206539 secs] [Times: user=4.25 sys=0.00, real=0.12 secs] 
664.399: [GC (Allocation Failure) [PSYoungGen: 21766105K->722308K(22609920K)] 22414662K->1371593K(25755648K), 0.1286584 secs] [Times: user=4.55 sys=0.01, real=0.13 secs] 
667.574: [GC (Allocation Failure) [PSYoungGen: 21824900K->741807K(22609920K)] 22474185K->1391772K(25755648K), 0.1331227 secs] [Times: user=4.70 sys=0.00, real=0.13 secs] 
667.791: [GC (System.gc()) [PSYoungGen: 981653K->634916K(22609920K)] 1631618K->1285673K(25755648K), 0.1067383 secs] [Times: user=3.76 sys=0.00, real=0.10 secs] 
667.898: [Full GC (System.gc()) [PSYoungGen: 634916K->0K(22609920K)] [ParOldGen: 650757K->235887K(3145728K)] 1285673K->235887K(25755648K), [Metaspace: 22326K->22326K(1069056K)], 0.1105324 secs] [Times: user=2.61 sys=0.03, real=0.11 secs] 
688.397: [GC (Allocation Failure) [PSYoungGen: 21102592K->957560K(22609920K)] 21338479K->1193456K(25755648K), 0.1595852 secs] [Times: user=5.50 sys=0.00, real=0.16 secs] 
694.871: [GC (Allocation Failure) [PSYoungGen: 22060152K->993354K(22609920K)] 22296048K->1229250K(25755648K), 0.1499246 secs] [Times: user=5.30 sys=0.00, real=0.15 secs] 
700.150: [GC (Allocation Failure) [PSYoungGen: 22095946K->987968K(22609920K)] 22331842K->1223864K(25755648K), 0.1484920 secs] [Times: user=5.25 sys=0.00, real=0.15 secs] 
704.591: [GC (Allocation Failure) [PSYoungGen: 22090560K->1034615K(22609920K)] 22326456K->1270511K(25755648K), 0.1577885 secs] [Times: user=5.48 sys=0.00, real=0.16 secs] 
708.551: [GC (Allocation Failure) [PSYoungGen: 22137207K->1027264K(22609920K)] 22373103K->1263168K(25755648K), 0.1540587 secs] [Times: user=5.46 sys=0.00, real=0.15 secs] 
712.017: [GC (Allocation Failure) [PSYoungGen: 22129856K->1021755K(22609920K)] 22365760K->1257659K(25755648K), 0.1558081 secs] [Times: user=5.38 sys=0.00, real=0.16 secs] 
715.308: [GC (Allocation Failure) [PSYoungGen: 22124347K->996251K(22609920K)] 22360251K->1232155K(25755648K), 0.1488374 secs] [Times: user=5.26 sys=0.01, real=0.14 secs] 
718.439: [GC (Allocation Failure) [PSYoungGen: 22098843K->1077282K(22609920K)] 22334747K->1313186K(25755648K), 0.1640143 secs] [Times: user=5.74 sys=0.01, real=0.16 secs] 
721.578: [GC (Allocation Failure) [PSYoungGen: 22179874K->1090203K(22609920K)] 22415778K->1326107K(25755648K), 0.1649625 secs] [Times: user=5.81 sys=0.01, real=0.16 secs] 
724.641: [GC (Allocation Failure) [PSYoungGen: 22192795K->1119652K(22609920K)] 22428699K->1355556K(25755648K), 0.1688721 secs] [Times: user=5.97 sys=0.00, real=0.17 secs] 
727.756: [GC (Allocation Failure) [PSYoungGen: 22222244K->1128545K(22609920K)] 22458148K->1364449K(25755648K), 0.1709076 secs] [Times: user=6.02 sys=0.00, real=0.17 secs] 
730.925: [GC (Allocation Failure) [PSYoungGen: 22231137K->1141504K(22609920K)] 22467041K->1377408K(25755648K), 0.1738282 secs] [Times: user=6.15 sys=0.00, real=0.17 secs] 
733.952: [GC (Allocation Failure) [PSYoungGen: 22244096K->1130273K(22609920K)] 22480000K->1366177K(25755648K), 0.1716439 secs] [Times: user=6.08 sys=0.00, real=0.17 secs] 
736.997: [GC (Allocation Failure) [PSYoungGen: 22232865K->1125389K(22609920K)] 22468769K->1361293K(25755648K), 0.1694660 secs] [Times: user=6.01 sys=0.00, real=0.17 secs] 
740.178: [GC (Allocation Failure) [PSYoungGen: 22227981K->1024342K(22609920K)] 22463885K->1260246K(25755648K), 0.1557441 secs] [Times: user=5.48 sys=0.00, real=0.16 secs] 
743.250: [GC (Allocation Failure) [PSYoungGen: 22126934K->692973K(22609920K)] 22362838K->1288213K(25755648K), 0.1677991 secs] [Times: user=5.69 sys=0.01, real=0.17 secs] 
746.423: [GC (Allocation Failure) [PSYoungGen: 21795565K->682793K(22609920K)] 22390805K->1279753K(25755648K), 0.1208098 secs] [Times: user=4.25 sys=0.01, real=0.12 secs] 
747.771: [GC (System.gc()) [PSYoungGen: 8445761K->687012K(22609920K)] 9042720K->1285212K(25755648K), 0.1213515 secs] [Times: user=4.25 sys=0.00, real=0.13 secs] 
747.893: [Full GC (System.gc()) [PSYoungGen: 687012K->0K(22609920K)] [ParOldGen: 598199K->235698K(3145728K)] 1285212K->235698K(25755648K), [Metaspace: 22419K->22419K(1069056K)], 0.1609060 secs] [Times: user=4.44 sys=0.01, real=0.16 secs] 
754.387: [GC (System.gc()) [PSYoungGen: 3437117K->768K(22609920K)] 3672816K->236467K(25755648K), 0.0054210 secs] [Times: user=0.06 sys=0.00, real=0.00 secs] 
754.393: [Full GC (System.gc()) [PSYoungGen: 768K->0K(22609920K)] [ParOldGen: 235698K->231981K(3145728K)] 236467K->231981K(25755648K), [Metaspace: 22442K->22438K(1069056K)], 0.1732807 secs] [Times: user=4.89 sys=0.02, real=0.18 secs] 
779.156: [GC (Allocation Failure) [PSYoungGen: 21102592K->940445K(22609920K)] 21334573K->1172427K(25755648K), 0.1545314 secs] [Times: user=5.44 sys=0.00, real=0.16 secs] 
801.371: [GC (Allocation Failure) [PSYoungGen: 22043037K->938253K(22609920K)] 22275019K->1170235K(25755648K), 0.1405730 secs] [Times: user=4.96 sys=0.00, real=0.14 secs] 
823.553: [GC (Allocation Failure) [PSYoungGen: 22040845K->915428K(22609920K)] 22272827K->1147410K(25755648K), 0.1387351 secs] [Times: user=4.88 sys=0.00, real=0.14 secs] 
845.700: [GC (Allocation Failure) [PSYoungGen: 22018020K->926053K(22609920K)] 22250002K->1158035K(25755648K), 0.1429676 secs] [Times: user=4.85 sys=0.00, real=0.14 secs] 
867.866: [GC (Allocation Failure) [PSYoungGen: 22028645K->918996K(22609920K)] 22260627K->1150978K(25755648K), 0.1408799 secs] [Times: user=4.83 sys=0.00, real=0.14 secs] 
889.955: [GC (Allocation Failure) [PSYoungGen: 22021588K->936682K(22609920K)] 22253570K->1168664K(25755648K), 0.1394940 secs] [Times: user=4.92 sys=0.00, real=0.14 secs] 
912.109: [GC (Allocation Failure) [PSYoungGen: 22039274K->921462K(22609920K)] 22271256K->1153444K(25755648K), 0.1427640 secs] [Times: user=4.87 sys=0.01, real=0.14 secs] 
934.184: [GC (Allocation Failure) [PSYoungGen: 22024054K->922925K(22609920K)] 22256036K->1154907K(25755648K), 0.1428751 secs] [Times: user=4.96 sys=0.00, real=0.14 secs] 
1113.644: [GC (Allocation Failure) [PSYoungGen: 22025517K->912318K(22609920K)] 22257499K->1144300K(25755648K), 0.1459997 secs] [Times: user=5.11 sys=0.00, real=0.15 secs] 
1194.102: [GC (Allocation Failure) [PSYoungGen: 22014910K->914213K(22609920K)] 22246892K->1146195K(25755648K), 0.1446493 secs] [Times: user=5.06 sys=0.00, real=0.14 secs] 
1250.733: [GC (Allocation Failure) [PSYoungGen: 22016805K->917823K(22609920K)] 22248787K->1149804K(25755648K), 0.1457661 secs] [Times: user=5.11 sys=0.00, real=0.15 secs] 
1298.294: [GC (Allocation Failure) [PSYoungGen: 22020415K->919639K(22609920K)] 22252396K->1151621K(25755648K), 0.1477092 secs] [Times: user=5.05 sys=0.01, real=0.15 secs] 
1340.606: [GC (Allocation Failure) [PSYoungGen: 22022231K->921315K(22609920K)] 22254213K->1153297K(25755648K), 0.1447814 secs] [Times: user=5.08 sys=0.00, real=0.14 secs] 
1377.281: [GC (Allocation Failure) [PSYoungGen: 22023907K->919877K(22609920K)] 22255889K->1151867K(25755648K), 0.1461740 secs] [Times: user=5.13 sys=0.00, real=0.14 secs] 
1411.520: [GC (Allocation Failure) [PSYoungGen: 22022469K->918911K(22609920K)] 22254459K->1150901K(25755648K), 0.1397358 secs] [Times: user=4.91 sys=0.00, real=0.14 secs] 
1443.074: [GC (Allocation Failure) [PSYoungGen: 22021503K->559525K(22609920K)] 22253493K->1152510K(25755648K), 0.1449463 secs] [Times: user=5.06 sys=0.01, real=0.15 secs] 
1473.082: [GC (Allocation Failure) [PSYoungGen: 21662117K->558741K(22609920K)] 22255102K->1153887K(25755648K), 0.1078474 secs] [Times: user=3.73 sys=0.00, real=0.11 secs] 
1500.684: [GC (Allocation Failure) [PSYoungGen: 21661333K->556901K(22609920K)] 22256479K->1153303K(25755648K), 0.1085706 secs] [Times: user=3.69 sys=0.00, real=0.11 secs] 
1528.234: [GC (Allocation Failure) [PSYoungGen: 21659493K->559908K(22609920K)] 22255895K->1157239K(25755648K), 0.1057348 secs] [Times: user=3.72 sys=0.00, real=0.10 secs] 
1552.620: [GC (Allocation Failure) [PSYoungGen: 21662500K->561557K(22609920K)] 22259831K->1159656K(25755648K), 0.1067031 secs] [Times: user=3.75 sys=0.00, real=0.11 secs] 
1577.118: [GC (Allocation Failure) [PSYoungGen: 21664149K->562900K(22609920K)] 22262248K->1162544K(25755648K), 0.1076601 secs] [Times: user=3.79 sys=0.00, real=0.11 secs] 
1600.707: [GC (Allocation Failure) [PSYoungGen: 21665492K->559828K(22609920K)] 22265136K->1160152K(25755648K), 0.1063848 secs] [Times: user=3.75 sys=0.00, real=0.11 secs] 
1622.694: [GC (Allocation Failure) [PSYoungGen: 21662420K->563604K(22609920K)] 22262744K->1164592K(25755648K), 0.1094881 secs] [Times: user=3.71 sys=0.00, real=0.11 secs] 
1644.664: [GC (Allocation Failure) [PSYoungGen: 21666196K->556436K(22609920K)] 22267184K->1158472K(25755648K), 0.1078624 secs] [Times: user=3.77 sys=0.00, real=0.11 secs] 
1665.792: [GC (Allocation Failure) [PSYoungGen: 21659028K->559076K(22609920K)] 22261064K->1161608K(25755648K), 0.1079334 secs] [Times: user=3.70 sys=0.00, real=0.11 secs] 
1685.810: [GC (Allocation Failure) [PSYoungGen: 21661668K->558868K(22609920K)] 22264200K->1161912K(25755648K), 0.1043703 secs] [Times: user=3.66 sys=0.00, real=0.10 secs] 
1705.808: [GC (Allocation Failure) [PSYoungGen: 21661460K->559252K(22609920K)] 22264504K->1162896K(25755648K), 0.1072172 secs] [Times: user=3.73 sys=0.00, real=0.11 secs] 
1725.467: [GC (Allocation Failure) [PSYoungGen: 21661844K->555668K(22609920K)] 22265488K->1160272K(25755648K), 0.1046027 secs] [Times: user=3.68 sys=0.00, real=0.11 secs] 
1743.861: [GC (Allocation Failure) [PSYoungGen: 21658260K->560180K(22609920K)] 22262864K->1165248K(25755648K), 0.1082911 secs] [Times: user=3.71 sys=0.00, real=0.11 secs] 
1762.174: [GC (Allocation Failure) [PSYoungGen: 21662772K->561876K(22609920K)] 22267840K->1167384K(25755648K), 0.1032091 secs] [Times: user=3.63 sys=0.00, real=0.11 secs] 
1780.498: [GC (Allocation Failure) [PSYoungGen: 21664468K->556900K(22609920K)] 22269976K->1163000K(25755648K), 0.1038825 secs] [Times: user=3.64 sys=0.00, real=0.11 secs] 
1797.838: [GC (Allocation Failure) [PSYoungGen: 21659492K->572254K(22609920K)] 22265592K->1178962K(25755648K), 0.1095583 secs] [Times: user=3.78 sys=0.00, real=0.11 secs] 
1814.788: [GC (Allocation Failure) [PSYoungGen: 21674846K->564868K(22609920K)] 22281554K->1172192K(25755648K), 0.1046046 secs] [Times: user=3.68 sys=0.00, real=0.10 secs] 
1831.723: [GC (Allocation Failure) [PSYoungGen: 21667460K->566516K(22609920K)] 22274784K->1174464K(25755648K), 0.1077171 secs] [Times: user=3.79 sys=0.00, real=0.11 secs] 
1848.583: [GC (Allocation Failure) [PSYoungGen: 21669108K->564836K(22609920K)] 22277056K->1173392K(25755648K), 0.1065293 secs] [Times: user=3.74 sys=0.00, real=0.11 secs] 
1864.576: [GC (Allocation Failure) [PSYoungGen: 21667428K->571332K(22609920K)] 22275984K->1180552K(25755648K), 0.1095328 secs] [Times: user=3.79 sys=0.00, real=0.11 secs] 
1880.506: [GC (Allocation Failure) [PSYoungGen: 21673924K->558532K(22609920K)] 22283144K->1168328K(25755648K), 0.1083219 secs] [Times: user=3.81 sys=0.00, real=0.11 secs] 
1896.257: [GC (Allocation Failure) [PSYoungGen: 21661124K->568612K(22609920K)] 22270920K->1179096K(25755648K), 0.1096992 secs] [Times: user=3.83 sys=0.00, real=0.11 secs] 
1912.142: [GC (Allocation Failure) [PSYoungGen: 21671204K->565732K(22609920K)] 22281688K->1176864K(25755648K), 0.1072730 secs] [Times: user=3.78 sys=0.01, real=0.10 secs] 
1927.166: [GC (Allocation Failure) [PSYoungGen: 21668324K->574980K(22609920K)] 22279456K->1186776K(25755648K), 0.1092845 secs] [Times: user=3.81 sys=0.00, real=0.11 secs] 
1942.095: [GC (Allocation Failure) [PSYoungGen: 21677572K->569316K(22609920K)] 22289368K->1181768K(25755648K), 0.1102367 secs] [Times: user=3.76 sys=0.00, real=0.11 secs] 
1957.014: [GC (Allocation Failure) [PSYoungGen: 21671908K->565860K(22609920K)] 22284360K->1178944K(25755648K), 0.1083649 secs] [Times: user=3.81 sys=0.00, real=0.11 secs] 
1971.957: [GC (Allocation Failure) [PSYoungGen: 21668452K->564068K(22609920K)] 22281536K->1177760K(25755648K), 0.1055102 secs] [Times: user=3.62 sys=0.00, real=0.11 secs] 
1986.650: [GC (Allocation Failure) [PSYoungGen: 21666660K->571994K(22609920K)] 22280352K->1186366K(25755648K), 0.1111241 secs] [Times: user=3.75 sys=0.00, real=0.12 secs] 
2000.801: [GC (Allocation Failure) [PSYoungGen: 21674586K->564996K(22609920K)] 22288958K->1179992K(25755648K), 0.1067255 secs] [Times: user=3.75 sys=0.00, real=0.11 secs] 
2014.932: [GC (Allocation Failure) [PSYoungGen: 21667588K->566724K(22609920K)] 22282584K->1182336K(25755648K), 0.1078803 secs] [Times: user=3.79 sys=0.01, real=0.11 secs] 
2029.127: [GC (Allocation Failure) [PSYoungGen: 21669316K->582009K(22609920K)] 22284928K->1198253K(25755648K), 0.1113541 secs] [Times: user=3.88 sys=0.00, real=0.12 secs] 
2043.368: [GC (Allocation Failure) [PSYoungGen: 21684601K->568948K(22609920K)] 22300845K->1185848K(25755648K), 0.1081519 secs] [Times: user=3.78 sys=0.00, real=0.11 secs] 
2057.198: [GC (Allocation Failure) [PSYoungGen: 21671540K->573828K(22609920K)] 22288440K->1191256K(25755648K), 0.1091515 secs] [Times: user=3.83 sys=0.00, real=0.11 secs] 
2070.589: [GC (Allocation Failure) [PSYoungGen: 21676420K->567812K(22609920K)] 22293848K->1185936K(25755648K), 0.1048255 secs] [Times: user=3.68 sys=0.01, real=0.11 secs] 
2083.855: [GC (Allocation Failure) [PSYoungGen: 21670404K->574164K(22609920K)] 22288528K->1192928K(25755648K), 0.1081523 secs] [Times: user=3.80 sys=0.00, real=0.11 secs] 
2097.219: [GC (Allocation Failure) [PSYoungGen: 21676756K->576120K(22609920K)] 22295520K->1195412K(25755648K), 0.1097384 secs] [Times: user=3.86 sys=0.00, real=0.11 secs] 
2110.508: [GC (Allocation Failure) [PSYoungGen: 21678712K->563140K(22609920K)] 22298004K->1183032K(25755648K), 0.1038545 secs] [Times: user=3.66 sys=0.00, real=0.11 secs] 
2123.970: [GC (Allocation Failure) [PSYoungGen: 21665732K->566244K(22609920K)] 22285624K->1186760K(25755648K), 0.1074271 secs] [Times: user=3.75 sys=0.00, real=0.11 secs] 
2136.605: [GC (Allocation Failure) [PSYoungGen: 21668836K->563108K(22609920K)] 22289352K->1184216K(25755648K), 0.1061186 secs] [Times: user=3.68 sys=0.00, real=0.10 secs] 
2149.301: [GC (Allocation Failure) [PSYoungGen: 21665700K->560484K(22609920K)] 22286808K->1182248K(25755648K), 0.1060365 secs] [Times: user=3.73 sys=0.00, real=0.11 secs] 
2161.852: [GC (Allocation Failure) [PSYoungGen: 21663076K->580016K(22609920K)] 22284840K->1202404K(25755648K), 0.1080034 secs] [Times: user=3.75 sys=0.00, real=0.11 secs] 
2174.540: [GC (Allocation Failure) [PSYoungGen: 21682608K->569433K(22609920K)] 22304996K->1192413K(25755648K), 0.1087021 secs] [Times: user=3.82 sys=0.01, real=0.10 secs] 
2187.222: [GC (Allocation Failure) [PSYoungGen: 21672025K->577321K(22609920K)] 22295005K->1200917K(25755648K), 0.1087174 secs] [Times: user=3.83 sys=0.00, real=0.10 secs] 
2199.464: [GC (Allocation Failure) [PSYoungGen: 21679913K->569210K(22609920K)] 22303509K->1193445K(25755648K), 0.1065352 secs] [Times: user=3.65 sys=0.01, real=0.10 secs] 
2211.265: [GC (Allocation Failure) [PSYoungGen: 21671802K->598414K(22609920K)] 22296037K->1223154K(25755648K), 0.1111247 secs] [Times: user=3.90 sys=0.01, real=0.11 secs] 
2223.202: [GC (Allocation Failure) [PSYoungGen: 21701006K->579780K(22609920K)] 22325746K->1205144K(25755648K), 0.1108675 secs] [Times: user=3.88 sys=0.00, real=0.11 secs] 
2235.266: [GC (Allocation Failure) [PSYoungGen: 21682372K->566180K(22609920K)] 22307736K->1192208K(25755648K), 0.1082481 secs] [Times: user=3.78 sys=0.00, real=0.11 secs] 
2247.594: [GC (Allocation Failure) [PSYoungGen: 21668772K->567812K(22609920K)] 22294800K->1194480K(25755648K), 0.1072969 secs] [Times: user=3.76 sys=0.00, real=0.11 secs] 
2259.609: [GC (Allocation Failure) [PSYoungGen: 21670404K->578537K(22609920K)] 22297072K->1205837K(25755648K), 0.1064465 secs] [Times: user=3.74 sys=0.00, real=0.11 secs] 
2271.147: [GC (Allocation Failure) [PSYoungGen: 21681098K->571524K(22609920K)] 22308398K->1199440K(25755648K), 0.1055734 secs] [Times: user=3.71 sys=0.00, real=0.10 secs] 
2282.561: [GC (Allocation Failure) [PSYoungGen: 21674116K->571332K(22609920K)] 22302032K->1199888K(25755648K), 0.1090645 secs] [Times: user=3.83 sys=0.01, real=0.11 secs] 
2294.000: [GC (Allocation Failure) [PSYoungGen: 21673924K->570788K(22609920K)] 22302480K->1199992K(25755648K), 0.1085871 secs] [Times: user=3.83 sys=0.00, real=0.11 secs] 
2305.525: [GC (Allocation Failure) [PSYoungGen: 21673380K->592225K(22609920K)] 22302584K->1222053K(25755648K), 0.1075826 secs] [Times: user=3.79 sys=0.00, real=0.11 secs] 
2317.132: [GC (Allocation Failure) [PSYoungGen: 21694817K->595465K(22609920K)] 22324645K->1225949K(25755648K), 0.1118842 secs] [Times: user=3.93 sys=0.00, real=0.11 secs] 
2328.461: [GC (Allocation Failure) [PSYoungGen: 21698057K->583961K(22609920K)] 22328541K->1215093K(25755648K), 0.1068631 secs] [Times: user=3.74 sys=0.00, real=0.11 secs] 
2339.765: [GC (Allocation Failure) [PSYoungGen: 21686553K->581241K(22609920K)] 22317685K->1213013K(25755648K), 0.1090357 secs] [Times: user=3.84 sys=0.01, real=0.11 secs] 
2350.658: [GC (Allocation Failure) [PSYoungGen: 21683833K->566372K(22609920K)] 22315605K->1198768K(25755648K), 0.1058695 secs] [Times: user=3.69 sys=0.00, real=0.10 secs] 
2361.832: [GC (Allocation Failure) [PSYoungGen: 21668964K->602345K(22609920K)] 22301360K->1235389K(25755648K), 0.1109632 secs] [Times: user=3.91 sys=0.00, real=0.11 secs] 
2372.661: [GC (Allocation Failure) [PSYoungGen: 21704937K->572484K(22609920K)] 22337981K->1206184K(25755648K), 0.1091188 secs] [Times: user=3.84 sys=0.00, real=0.11 secs] 
2383.793: [GC (Allocation Failure) [PSYoungGen: 21675076K->577017K(22609920K)] 22308776K->1211389K(25755648K), 0.1065811 secs] [Times: user=3.76 sys=0.00, real=0.10 secs] 
2394.656: [GC (Allocation Failure) [PSYoungGen: 21679609K->577545K(22609920K)] 22313981K->1212557K(25755648K), 0.1096568 secs] [Times: user=3.85 sys=0.01, real=0.11 secs] 
2405.642: [GC (Allocation Failure) [PSYoungGen: 21680137K->569284K(22609920K)] 22315149K->1204968K(25755648K), 0.1055673 secs] [Times: user=3.63 sys=0.00, real=0.11 secs] 
2416.308: [GC (Allocation Failure) [PSYoungGen: 21671876K->561444K(22609920K)] 22307560K->1197728K(25755648K), 0.1080532 secs] [Times: user=3.77 sys=0.00, real=0.11 secs] 
2426.825: [GC (Allocation Failure) [PSYoungGen: 21664036K->577433K(22609920K)] 22300320K->1214332K(25755648K), 0.1072131 secs] [Times: user=3.76 sys=0.00, real=0.11 secs] 
2437.559: [GC (Allocation Failure) [PSYoungGen: 21680025K->569348K(22609920K)] 22316924K->1206816K(25755648K), 0.1072004 secs] [Times: user=3.77 sys=0.01, real=0.11 secs] 
2448.236: [GC (Allocation Failure) [PSYoungGen: 21671940K->583876K(22609920K)] 22309408K->1222040K(25755648K), 0.1142239 secs] [Times: user=3.74 sys=0.00, real=0.11 secs] 
2458.657: [GC (Allocation Failure) [PSYoungGen: 21686468K->571940K(22609920K)] 22324632K->1210712K(25755648K), 0.1070436 secs] [Times: user=3.76 sys=0.00, real=0.11 secs] 
2469.356: [GC (Allocation Failure) [PSYoungGen: 21674532K->570313K(22609920K)] 22313304K->1209605K(25755648K), 0.1051243 secs] [Times: user=3.70 sys=0.00, real=0.10 secs] 
2479.789: [GC (Allocation Failure) [PSYoungGen: 21672905K->575940K(22609920K)] 22312197K->1215848K(25755648K), 0.1101606 secs] [Times: user=3.84 sys=0.00, real=0.11 secs] 
2490.101: [GC (Allocation Failure) [PSYoungGen: 21678532K->579940K(22609920K)] 22318440K->1220432K(25755648K), 0.1096965 secs] [Times: user=3.84 sys=0.00, real=0.11 secs] 
2500.314: [GC (Allocation Failure) [PSYoungGen: 21682532K->564228K(22609920K)] 22323024K->1205312K(25755648K), 0.1072451 secs] [Times: user=3.78 sys=0.00, real=0.11 secs] 
2510.430: [GC (Allocation Failure) [PSYoungGen: 21666820K->572020K(22609920K)] 22307904K->1213696K(25755648K), 0.1060913 secs] [Times: user=3.68 sys=0.01, real=0.11 secs] 
2520.700: [GC (Allocation Failure) [PSYoungGen: 21674612K->573156K(22609920K)] 22316288K->1215480K(25755648K), 0.1050200 secs] [Times: user=3.67 sys=0.00, real=0.11 secs] 
2530.912: [GC (Allocation Failure) [PSYoungGen: 21675748K->571780K(22609920K)] 22318072K->1214712K(25755648K), 0.1067179 secs] [Times: user=3.69 sys=0.00, real=0.11 secs] 
2540.893: [GC (Allocation Failure) [PSYoungGen: 21674372K->573412K(22609920K)] 22317304K->1216880K(25755648K), 0.1084374 secs] [Times: user=3.81 sys=0.00, real=0.11 secs] 
2551.288: [GC (Allocation Failure) [PSYoungGen: 21676004K->565860K(22609920K)] 22319472K->1209920K(25755648K), 0.1063528 secs] [Times: user=3.71 sys=0.00, real=0.10 secs] 
2561.399: [GC (Allocation Failure) [PSYoungGen: 21668452K->565412K(22609920K)] 22312512K->1210056K(25755648K), 0.1058855 secs] [Times: user=3.65 sys=0.00, real=0.10 secs] 
2571.364: [GC (Allocation Failure) [PSYoungGen: 21668004K->572842K(22609920K)] 22312648K->1218022K(25755648K), 0.1085149 secs] [Times: user=3.81 sys=0.00, real=0.11 secs] 
2581.205: [GC (Allocation Failure) [PSYoungGen: 21675434K->591513K(22609920K)] 22320614K->1237365K(25755648K), 0.1119945 secs] [Times: user=3.92 sys=0.00, real=0.11 secs] 
2591.118: [GC (Allocation Failure) [PSYoungGen: 21694105K->578852K(22609920K)] 22339957K->1225288K(25755648K), 0.1088930 secs] [Times: user=3.83 sys=0.01, real=0.11 secs] 
2600.843: [GC (Allocation Failure) [PSYoungGen: 21681444K->572900K(22609920K)] 22327880K->1219960K(25755648K), 0.1105260 secs] [Times: user=3.78 sys=0.00, real=0.11 secs] 
2610.508: [GC (Allocation Failure) [PSYoungGen: 21675492K->569503K(22609920K)] 22322552K->1217187K(25755648K), 0.1078050 secs] [Times: user=3.72 sys=0.00, real=0.11 secs] 
2620.218: [GC (Allocation Failure) [PSYoungGen: 21672095K->582484K(22609920K)] 22319779K->1230816K(25755648K), 0.1093042 secs] [Times: user=3.68 sys=0.00, real=0.11 secs] 
2630.069: [GC (Allocation Failure) [PSYoungGen: 21685076K->583012K(22609920K)] 22333408K->1231904K(25755648K), 0.1086666 secs] [Times: user=3.78 sys=0.00, real=0.11 secs] 
2639.706: [GC (Allocation Failure) [PSYoungGen: 21685604K->572740K(22609920K)] 22334496K->1222296K(25755648K), 0.1063550 secs] [Times: user=3.74 sys=0.00, real=0.11 secs] 
2649.515: [GC (Allocation Failure) [PSYoungGen: 21675332K->574488K(22609920K)] 22324888K->1224612K(25755648K), 0.1102305 secs] [Times: user=3.86 sys=0.01, real=0.11 secs] 
2658.883: [GC (Allocation Failure) [PSYoungGen: 21677080K->580356K(22609920K)] 22327204K->1231152K(25755648K), 0.1085514 secs] [Times: user=3.73 sys=0.01, real=0.10 secs] 
2668.296: [GC (Allocation Failure) [PSYoungGen: 21682948K->571577K(22609920K)] 22333744K->1223013K(25755648K), 0.1093036 secs] [Times: user=3.81 sys=0.01, real=0.11 secs] 
2677.704: [GC (Allocation Failure) [PSYoungGen: 21674169K->574776K(22609920K)] 22325605K->1226852K(25755648K), 0.1089528 secs] [Times: user=3.82 sys=0.00, real=0.11 secs] 
2687.184: [GC (Allocation Failure) [PSYoungGen: 21677368K->590553K(22609920K)] 22329444K->1243269K(25755648K), 0.1110016 secs] [Times: user=3.90 sys=0.00, real=0.11 secs] 
2696.533: [GC (Allocation Failure) [PSYoungGen: 21693145K->569796K(22609920K)] 22345861K->1222992K(25755648K), 0.1071998 secs] [Times: user=3.78 sys=0.00, real=0.11 secs] 
2705.959: [GC (Allocation Failure) [PSYoungGen: 21672388K->575332K(22609920K)] 22325584K->1229168K(25755648K), 0.1092855 secs] [Times: user=3.85 sys=0.00, real=0.11 secs] 
2715.446: [GC (Allocation Failure) [PSYoungGen: 21677924K->590255K(22609920K)] 22331760K->1244683K(25755648K), 0.1115327 secs] [Times: user=3.93 sys=0.00, real=0.11 secs] 
2724.478: [GC (Allocation Failure) [PSYoungGen: 21692847K->575684K(22609920K)] 22347275K->1230688K(25755648K), 0.1122631 secs] [Times: user=3.85 sys=0.00, real=0.11 secs] 
2733.693: [GC (Allocation Failure) [PSYoungGen: 21678276K->591103K(22609920K)] 22333280K->1246691K(25755648K), 0.1120378 secs] [Times: user=3.91 sys=0.00, real=0.12 secs] 
2742.769: [GC (Allocation Failure) [PSYoungGen: 21693695K->583780K(22609920K)] 22349283K->1239880K(25755648K), 0.1116959 secs] [Times: user=3.88 sys=0.00, real=0.11 secs] 
2751.915: [GC (Allocation Failure) [PSYoungGen: 21686372K->584084K(22609920K)] 22342472K->1240800K(25755648K), 0.1088794 secs] [Times: user=3.84 sys=0.00, real=0.11 secs] 
2761.045: [GC (Allocation Failure) [PSYoungGen: 21686676K->588932K(22609920K)] 22343392K->1246256K(25755648K), 0.1112667 secs] [Times: user=3.92 sys=0.00, real=0.11 secs] 
2770.108: [GC (Allocation Failure) [PSYoungGen: 21691524K->582276K(22609920K)] 22348848K->1240072K(25755648K), 0.1071504 secs] [Times: user=3.75 sys=0.00, real=0.11 secs] 
2779.129: [GC (Allocation Failure) [PSYoungGen: 21684868K->607906K(22609920K)] 22342664K->1266366K(25755648K), 0.1111627 secs] [Times: user=3.85 sys=0.00, real=0.11 secs] 
2788.029: [GC (Allocation Failure) [PSYoungGen: 21710498K->585588K(22609920K)] 22368958K->1244568K(25755648K), 0.1084089 secs] [Times: user=3.81 sys=0.00, real=0.11 secs] 
2796.950: [GC (Allocation Failure) [PSYoungGen: 21688180K->584249K(22609920K)] 22347160K->1243717K(25755648K), 0.1073751 secs] [Times: user=3.75 sys=0.01, real=0.11 secs] 
2805.781: [GC (Allocation Failure) [PSYoungGen: 21686841K->587428K(22609920K)] 22346309K->1247504K(25755648K), 0.1102981 secs] [Times: user=3.88 sys=0.00, real=0.11 secs] 
2814.476: [GC (Allocation Failure) [PSYoungGen: 21690020K->571076K(22609920K)] 22350096K->1231744K(25755648K), 0.1059020 secs] [Times: user=3.72 sys=0.00, real=0.11 secs] 
2823.190: [GC (Allocation Failure) [PSYoungGen: 21673668K->593956K(22609920K)] 22334336K->1255160K(25755648K), 0.1127434 secs] [Times: user=3.97 sys=0.00, real=0.11 secs] 
2831.987: [GC (Allocation Failure) [PSYoungGen: 21696548K->581124K(22609920K)] 22357752K->1242816K(25755648K), 0.1102679 secs] [Times: user=3.77 sys=0.00, real=0.11 secs] 
2840.901: [GC (Allocation Failure) [PSYoungGen: 21683716K->598782K(22609920K)] 22345408K->1261042K(25755648K), 0.1163283 secs] [Times: user=3.97 sys=0.00, real=0.11 secs] 
2849.657: [GC (Allocation Failure) [PSYoungGen: 21701374K->581124K(22609920K)] 22363634K->1243912K(25755648K), 0.1090473 secs] [Times: user=3.76 sys=0.00, real=0.11 secs] 
2858.148: [GC (Allocation Failure) [PSYoungGen: 21683716K->600953K(22609920K)] 22346504K->1264365K(25755648K), 0.1147034 secs] [Times: user=4.01 sys=0.00, real=0.11 secs] 
2866.763: [GC (Allocation Failure) [PSYoungGen: 21703545K->585946K(22609920K)] 22366957K->1249990K(25755648K), 0.1133243 secs] [Times: user=3.87 sys=0.00, real=0.12 secs] 
2875.263: [GC (Allocation Failure) [PSYoungGen: 21688538K->585956K(22609920K)] 22352582K->1250632K(25755648K), 0.1101626 secs] [Times: user=3.88 sys=0.00, real=0.11 secs] 
2883.867: [GC (Allocation Failure) [PSYoungGen: 21688548K->579812K(22609920K)] 22353224K->1244976K(25755648K), 0.1104091 secs] [Times: user=3.69 sys=0.01, real=0.12 secs] 
2892.543: [GC (Allocation Failure) [PSYoungGen: 21682404K->587200K(22609920K)] 22347568K->1252956K(25755648K), 0.1108831 secs] [Times: user=3.91 sys=0.00, real=0.11 secs] 
2901.044: [GC (Allocation Failure) [PSYoungGen: 21689792K->580836K(22609920K)] 22355548K->1247208K(25755648K), 0.1092353 secs] [Times: user=3.84 sys=0.01, real=0.11 secs] 
2909.478: [GC (Allocation Failure) [PSYoungGen: 21683428K->580505K(22609920K)] 22349800K->1247293K(25755648K), 0.1078513 secs] [Times: user=3.79 sys=0.00, real=0.11 secs] 
2917.985: [GC (Allocation Failure) [PSYoungGen: 21683097K->583108K(22609920K)] 22349885K->1250528K(25755648K), 0.1113347 secs] [Times: user=3.80 sys=0.01, real=0.11 secs] 
2926.369: [GC (Allocation Failure) [PSYoungGen: 21685700K->585060K(22609920K)] 22353120K->1253104K(25755648K), 0.1085821 secs] [Times: user=3.81 sys=0.00, real=0.11 secs] 
2934.576: [GC (Allocation Failure) [PSYoungGen: 21687652K->589865K(22609920K)] 22355696K->1258549K(25755648K), 0.1084808 secs] [Times: user=3.81 sys=0.00, real=0.10 secs] 
2942.727: [GC (Allocation Failure) [PSYoungGen: 21692457K->594894K(22609920K)] 22361141K->1264178K(25755648K), 0.1098747 secs] [Times: user=3.86 sys=0.00, real=0.11 secs] 
2950.957: [GC (Allocation Failure) [PSYoungGen: 21697486K->591978K(22609920K)] 22366770K->1261894K(25755648K), 0.1098730 secs] [Times: user=3.86 sys=0.00, real=0.11 secs] 
2959.074: [GC (Allocation Failure) [PSYoungGen: 21694570K->582180K(22609920K)] 22364486K->1252752K(25755648K), 0.1094558 secs] [Times: user=3.78 sys=0.00, real=0.11 secs] 
2967.356: [GC (Allocation Failure) [PSYoungGen: 21684772K->569668K(22609920K)] 22355344K->1240752K(25755648K), 0.1043560 secs] [Times: user=3.67 sys=0.00, real=0.11 secs] 
2975.520: [GC (Allocation Failure) [PSYoungGen: 21672260K->576713K(22609920K)] 22343344K->1248405K(25755648K), 0.1100440 secs] [Times: user=3.86 sys=0.00, real=0.11 secs] 
2983.754: [GC (Allocation Failure) [PSYoungGen: 21679305K->586468K(22609920K)] 22350997K->1258792K(25755648K), 0.1106330 secs] [Times: user=3.90 sys=0.00, real=0.11 secs] 
2991.988: [GC (Allocation Failure) [PSYoungGen: 21689060K->584452K(22609920K)] 22361384K->1257432K(25755648K), 0.1106639 secs] [Times: user=3.80 sys=0.00, real=0.11 secs] 
3000.033: [GC (Allocation Failure) [PSYoungGen: 21687044K->588020K(22609920K)] 22360024K->1261632K(25755648K), 0.1120635 secs] [Times: user=3.92 sys=0.01, real=0.12 secs] 
3008.053: [GC (Allocation Failure) [PSYoungGen: 21690612K->601308K(22609920K)] 22364224K->1275560K(25755648K), 0.1143595 secs] [Times: user=3.90 sys=0.00, real=0.12 secs] 
3015.921: [GC (Allocation Failure) [PSYoungGen: 21703900K->582980K(22609920K)] 22378152K->1257872K(25755648K), 0.1101059 secs] [Times: user=3.84 sys=0.00, real=0.11 secs] 
3023.856: [GC (Allocation Failure) [PSYoungGen: 21685572K->595343K(22609920K)] 22360464K->1270771K(25755648K), 0.1117477 secs] [Times: user=3.90 sys=0.00, real=0.11 secs] 
3031.830: [GC (Allocation Failure) [PSYoungGen: 21697935K->592350K(22609920K)] 22373363K->1268418K(25755648K), 0.1129972 secs] [Times: user=3.95 sys=0.00, real=0.11 secs] 
3039.613: [GC (Allocation Failure) [PSYoungGen: 21694942K->574500K(22609920K)] 22371010K->1251152K(25755648K), 0.1076371 secs] [Times: user=3.78 sys=0.00, real=0.11 secs] 
3047.481: [GC (Allocation Failure) [PSYoungGen: 21677092K->586265K(22609920K)] 22353744K->1263549K(25755648K), 0.1109725 secs] [Times: user=3.91 sys=0.00, real=0.11 secs] 
3055.552: [GC (Allocation Failure) [PSYoungGen: 21688857K->572148K(22609920K)] 22366141K->1250040K(25755648K), 0.1091240 secs] [Times: user=3.84 sys=0.00, real=0.11 secs] 
3063.406: [GC (Allocation Failure) [PSYoungGen: 21674740K->580938K(22609920K)] 22352632K->1259454K(25755648K), 0.1076007 secs] [Times: user=3.78 sys=0.00, real=0.10 secs] 
3071.058: [GC (Allocation Failure) [PSYoungGen: 21683530K->586884K(22609920K)] 22362046K->1265896K(25755648K), 0.1086740 secs] [Times: user=3.79 sys=0.01, real=0.11 secs] 
3078.890: [GC (Allocation Failure) [PSYoungGen: 21689476K->587913K(22609920K)] 22368488K->1267494K(25755648K), 0.1094492 secs] [Times: user=3.83 sys=0.00, real=0.11 secs] 
3086.846: [GC (Allocation Failure) [PSYoungGen: 21690505K->595124K(22609920K)] 22370086K->1275352K(25755648K), 0.1115031 secs] [Times: user=3.92 sys=0.00, real=0.11 secs] 
3094.623: [GC (Allocation Failure) [PSYoungGen: 21697716K->592889K(22609920K)] 22377944K->1273541K(25755648K), 0.1157527 secs] [Times: user=3.94 sys=0.00, real=0.11 secs] 
3102.229: [GC (Allocation Failure) [PSYoungGen: 21695481K->593668K(22609920K)] 22376133K->1274896K(25755648K), 0.1092811 secs] [Times: user=3.85 sys=0.00, real=0.11 secs] 
3109.841: [GC (Allocation Failure) [PSYoungGen: 21696260K->603546K(22609920K)] 22377488K->1285446K(25755648K), 0.1111041 secs] [Times: user=3.91 sys=0.00, real=0.11 secs] 
3117.374: [GC (Allocation Failure) [PSYoungGen: 21706138K->569700K(22609920K)] 22388038K->1252232K(25755648K), 0.1091975 secs] [Times: user=3.85 sys=0.00, real=0.11 secs] 
3125.145: [GC (Allocation Failure) [PSYoungGen: 21672292K->603216K(22609920K)] 22354824K->1286196K(25755648K), 0.1125638 secs] [Times: user=3.97 sys=0.00, real=0.11 secs] 
3132.601: [GC (Allocation Failure) [PSYoungGen: 21705808K->581556K(22609920K)] 22388788K->1265184K(25755648K), 0.1107688 secs] [Times: user=3.90 sys=0.00, real=0.11 secs] 
3140.166: [GC (Allocation Failure) [PSYoungGen: 21684148K->600480K(22609920K)] 22367776K->1284620K(25755648K), 0.1111112 secs] [Times: user=3.91 sys=0.01, real=0.12 secs] 
3147.645: [GC (Allocation Failure) [PSYoungGen: 21703072K->593721K(22609920K)] 22387212K->1278333K(25755648K), 0.1119481 secs] [Times: user=3.94 sys=0.00, real=0.11 secs] 
3155.030: [GC (Allocation Failure) [PSYoungGen: 21696313K->587588K(22609920K)] 22380925K->1272856K(25755648K), 0.1129278 secs] [Times: user=3.86 sys=0.00, real=0.11 secs] 
3162.609: [GC (Allocation Failure) [PSYoungGen: 21690180K->593353K(22609920K)] 22375448K->1279117K(25755648K), 0.1111696 secs] [Times: user=3.79 sys=0.00, real=0.11 secs] 
3170.210: [GC (Allocation Failure) [PSYoungGen: 21695945K->598404K(22609920K)] 22381709K->1284792K(25755648K), 0.1142109 secs] [Times: user=3.96 sys=0.00, real=0.12 secs] 
3177.797: [GC (Allocation Failure) [PSYoungGen: 21700996K->595726K(22609920K)] 22387384K->1282602K(25755648K), 0.1129335 secs] [Times: user=3.79 sys=0.00, real=0.11 secs] 
3185.195: [GC (Allocation Failure) [PSYoungGen: 21698318K->586564K(22609920K)] 22385194K->1274080K(25755648K), 0.1080474 secs] [Times: user=3.81 sys=0.00, real=0.11 secs] 
3192.633: [GC (Allocation Failure) [PSYoungGen: 21689156K->585684K(22609920K)] 22376672K->1273832K(25755648K), 0.1100110 secs] [Times: user=3.87 sys=0.00, real=0.11 secs] 
3199.839: [GC (Allocation Failure) [PSYoungGen: 21688276K->588212K(22609920K)] 22376424K->1276736K(25755648K), 0.1093388 secs] [Times: user=3.85 sys=0.00, real=0.11 secs] 
3207.154: [GC (Allocation Failure) [PSYoungGen: 21690804K->615751K(22609920K)] 22379328K->1304883K(25755648K), 0.1168707 secs] [Times: user=4.07 sys=0.00, real=0.12 secs] 
3214.281: [GC (Allocation Failure) [PSYoungGen: 21718343K->569220K(22609920K)] 22407475K->1258728K(25755648K), 0.1051422 secs] [Times: user=3.70 sys=0.00, real=0.10 secs] 
3221.596: [GC (Allocation Failure) [PSYoungGen: 21671812K->596362K(22609920K)] 22361320K->1286518K(25755648K), 0.1101607 secs] [Times: user=3.87 sys=0.00, real=0.11 secs] 
3228.855: [GC (Allocation Failure) [PSYoungGen: 21698954K->612191K(22609920K)] 22389110K->1302819K(25755648K), 0.1155069 secs] [Times: user=3.99 sys=0.00, real=0.12 secs] 
3236.189: [GC (Allocation Failure) [PSYoungGen: 21714783K->596196K(22609920K)] 22405411K->1287400K(25755648K), 0.1134007 secs] [Times: user=3.94 sys=0.00, real=0.12 secs] 
3243.310: [GC (Allocation Failure) [PSYoungGen: 21698788K->586557K(22609920K)] 22389992K->1278337K(25755648K), 0.1113508 secs] [Times: user=3.84 sys=0.00, real=0.12 secs] 
3250.775: [GC (Allocation Failure) [PSYoungGen: 21689149K->589275K(22609920K)] 22380929K->1281663K(25755648K), 0.1111804 secs] [Times: user=3.92 sys=0.00, real=0.11 secs] 
3258.074: [GC (Allocation Failure) [PSYoungGen: 21691867K->597812K(22609920K)] 22384255K->1290792K(25755648K), 0.1140628 secs] [Times: user=3.95 sys=0.00, real=0.12 secs] 
3265.224: [GC (Allocation Failure) [PSYoungGen: 21700404K->624005K(22609920K)] 22393384K->1317593K(25755648K), 0.1154035 secs] [Times: user=4.00 sys=0.00, real=0.12 secs] 
3272.372: [GC (Allocation Failure) [PSYoungGen: 21726597K->593593K(22609920K)] 22420185K->1287717K(25755648K), 0.1087762 secs] [Times: user=3.82 sys=0.00, real=0.11 secs] 
3279.306: [GC (Allocation Failure) [PSYoungGen: 21696185K->585071K(22609920K)] 22390309K->1279739K(25755648K), 0.1090174 secs] [Times: user=3.80 sys=0.00, real=0.11 secs] 
3286.448: [GC (Allocation Failure) [PSYoungGen: 21687663K->585785K(22609920K)] 22382331K->1281094K(25755648K), 0.1088792 secs] [Times: user=3.83 sys=0.00, real=0.11 secs] 
3293.504: [GC (Allocation Failure) [PSYoungGen: 21688377K->590888K(22609920K)] 22383686K->1286693K(25755648K), 0.1125716 secs] [Times: user=3.94 sys=0.00, real=0.11 secs] 
3300.530: [GC (Allocation Failure) [PSYoungGen: 21693480K->590441K(22609920K)] 22389285K->1286869K(25755648K), 0.1122029 secs] [Times: user=3.96 sys=0.00, real=0.12 secs] 
3307.542: [GC (Allocation Failure) [PSYoungGen: 21693033K->593849K(22609920K)] 22389461K->1290934K(25755648K), 0.1119463 secs] [Times: user=3.95 sys=0.00, real=0.11 secs] 
3314.583: [GC (Allocation Failure) [PSYoungGen: 21696441K->593897K(22609920K)] 22393526K->1291357K(25755648K), 0.1127359 secs] [Times: user=3.97 sys=0.00, real=0.11 secs] 
3321.679: [GC (Allocation Failure) [PSYoungGen: 21696489K->603706K(22609920K)] 22393949K->1301822K(25755648K), 0.1115002 secs] [Times: user=3.92 sys=0.00, real=0.11 secs] 
3328.692: [GC (Allocation Failure) [PSYoungGen: 21706298K->602781K(22609920K)] 22404414K->1301257K(25755648K), 0.1116980 secs] [Times: user=3.93 sys=0.00, real=0.12 secs] 
3335.579: [GC (Allocation Failure) [PSYoungGen: 21705373K->582244K(22609920K)] 22403849K->1281360K(25755648K), 0.1082772 secs] [Times: user=3.80 sys=0.00, real=0.11 secs] 
3342.467: [GC (Allocation Failure) [PSYoungGen: 21684836K->591801K(22609920K)] 22383952K->1291453K(25755648K), 0.1094278 secs] [Times: user=3.79 sys=0.01, real=0.11 secs] 
3349.349: [GC (Allocation Failure) [PSYoungGen: 21694393K->599110K(22609920K)] 22394045K->1299386K(25755648K), 0.1108595 secs] [Times: user=3.89 sys=0.00, real=0.11 secs] 
3356.329: [GC (Allocation Failure) [PSYoungGen: 21701702K->584202K(22609920K)] 22401978K->1285102K(25755648K), 0.1115967 secs] [Times: user=3.90 sys=0.00, real=0.11 secs] 
3363.383: [GC (Allocation Failure) [PSYoungGen: 21686794K->596655K(22609920K)] 22387694K->1297963K(25755648K), 0.1136450 secs] [Times: user=3.95 sys=0.00, real=0.11 secs] 
3370.215: [GC (Allocation Failure) [PSYoungGen: 21699247K->602404K(22609920K)] 22400555K->1304256K(25755648K), 0.1108127 secs] [Times: user=3.87 sys=0.00, real=0.11 secs] 
3377.099: [GC (Allocation Failure) [PSYoungGen: 21704996K->602425K(22609920K)] 22406848K->1304869K(25755648K), 0.1153197 secs] [Times: user=4.00 sys=0.01, real=0.12 secs] 
3384.042: [GC (Allocation Failure) [PSYoungGen: 21705017K->593668K(22609920K)] 22407461K->1296752K(25755648K), 0.1095707 secs] [Times: user=3.86 sys=0.00, real=0.11 secs] 
3390.948: [GC (Allocation Failure) [PSYoungGen: 21696260K->599412K(22609920K)] 22399344K->1303128K(25755648K), 0.1106169 secs] [Times: user=3.90 sys=0.01, real=0.11 secs] 
3397.827: [GC (Allocation Failure) [PSYoungGen: 21702004K->599300K(22609920K)] 22405720K->1303664K(25755648K), 0.1114082 secs] [Times: user=3.84 sys=0.00, real=0.11 secs] 
3404.394: [GC (Allocation Failure) [PSYoungGen: 21701892K->585596K(22609920K)] 22406256K->1290481K(25755648K), 0.1097505 secs] [Times: user=3.86 sys=0.00, real=0.11 secs] 
3411.005: [GC (Allocation Failure) [PSYoungGen: 21688188K->604916K(22609920K)] 22393073K->1310440K(25755648K), 0.1162460 secs] [Times: user=4.06 sys=0.00, real=0.12 secs] 
3417.610: [GC (Allocation Failure) [PSYoungGen: 21707508K->582340K(22609920K)] 22413032K->1288520K(25755648K), 0.1097610 secs] [Times: user=3.86 sys=0.00, real=0.11 secs] 
3424.186: [GC (Allocation Failure) [PSYoungGen: 21684932K->608057K(22609920K)] 22391112K->1314781K(25755648K), 0.1127037 secs] [Times: user=3.87 sys=0.01, real=0.11 secs] 
3430.801: [GC (Allocation Failure) [PSYoungGen: 21710649K->588084K(22609920K)] 22417373K->1295440K(25755648K), 0.1126746 secs] [Times: user=3.96 sys=0.01, real=0.11 secs] 
3437.375: [GC (Allocation Failure) [PSYoungGen: 21690676K->586687K(22609920K)] 22398032K->1294659K(25755648K), 0.1088781 secs] [Times: user=3.83 sys=0.00, real=0.11 secs] 
3443.951: [GC (Allocation Failure) [PSYoungGen: 21689279K->594404K(22609920K)] 22397251K->1302808K(25755648K), 0.1091843 secs] [Times: user=3.84 sys=0.00, real=0.11 secs] 
3450.724: [GC (Allocation Failure) [PSYoungGen: 21696996K->589113K(22609920K)] 22405400K->1298142K(25755648K), 0.1115102 secs] [Times: user=3.92 sys=0.00, real=0.11 secs] 
3457.350: [GC (Allocation Failure) [PSYoungGen: 21691705K->612976K(22609920K)] 22400734K->1322516K(25755648K), 0.1139234 secs] [Times: user=3.98 sys=0.00, real=0.12 secs] 
3464.044: [GC (Allocation Failure) [PSYoungGen: 21715568K->598564K(22609920K)] 22425108K->1308672K(25755648K), 0.1114107 secs] [Times: user=3.89 sys=0.00, real=0.12 secs] 
3470.714: [GC (Allocation Failure) [PSYoungGen: 21701156K->589524K(22609920K)] 22411264K->1300232K(25755648K), 0.1138357 secs] [Times: user=3.90 sys=0.00, real=0.12 secs] 
3477.304: [GC (Allocation Failure) [PSYoungGen: 21692116K->587881K(22609920K)] 22402824K->1298997K(25755648K), 0.1112194 secs] [Times: user=3.91 sys=0.00, real=0.11 secs] 
3483.983: [GC (Allocation Failure) [PSYoungGen: 21690473K->591268K(22609920K)] 22401589K->1302792K(25755648K), 0.1101232 secs] [Times: user=3.84 sys=0.00, real=0.11 secs] 
3490.411: [GC (Allocation Failure) [PSYoungGen: 21693860K->587161K(22609920K)] 22405384K->1299317K(25755648K), 0.1110567 secs] [Times: user=3.90 sys=0.00, real=0.11 secs] 
3497.044: [GC (Allocation Failure) [PSYoungGen: 21689753K->599737K(22609920K)] 22401909K->1312389K(25755648K), 0.1164482 secs] [Times: user=4.00 sys=0.01, real=0.12 secs] 
3503.555: [GC (Allocation Failure) [PSYoungGen: 21702329K->586377K(22609920K)] 22414981K->1299677K(25755648K), 0.1108261 secs] [Times: user=3.90 sys=0.00, real=0.11 secs] 
3510.242: [GC (Allocation Failure) [PSYoungGen: 21688969K->620820K(22609920K)] 22402269K->1334480K(25755648K), 0.1163142 secs] [Times: user=4.10 sys=0.01, real=0.11 secs] 
3516.720: [GC (Allocation Failure) [PSYoungGen: 21723412K->589258K(22609920K)] 22437072K->1303566K(25755648K), 0.1090032 secs] [Times: user=3.82 sys=0.00, real=0.11 secs] 
3523.291: [GC (Allocation Failure) [PSYoungGen: 21691850K->586972K(22609920K)] 22406158K->1301648K(25755648K), 0.1082630 secs] [Times: user=3.80 sys=0.00, real=0.11 secs] 
3529.875: [GC (Allocation Failure) [PSYoungGen: 21689564K->585284K(22609920K)] 22404240K->1300608K(25755648K), 0.1107245 secs] [Times: user=3.75 sys=0.00, real=0.12 secs] 
3536.375: [GC (Allocation Failure) [PSYoungGen: 21687876K->593209K(22609920K)] 22403200K->1309125K(25755648K), 0.1092408 secs] [Times: user=3.85 sys=0.01, real=0.11 secs] 
3542.944: [GC (Allocation Failure) [PSYoungGen: 21695801K->597796K(22609920K)] 22411717K->1314120K(25755648K), 0.1113742 secs] [Times: user=3.91 sys=0.00, real=0.11 secs] 
3549.328: [GC (Allocation Failure) [PSYoungGen: 21700388K->582356K(22609920K)] 22416712K->1299304K(25755648K), 0.1070110 secs] [Times: user=3.76 sys=0.00, real=0.10 secs] 
3555.698: [GC (GCLocker Initiated GC) [PSYoungGen: 21684948K->618700K(22609920K)] 22402652K->1336803K(25755648K), 0.1148203 secs] [Times: user=4.04 sys=0.01, real=0.12 secs] 
3561.986: [GC (Allocation Failure) [PSYoungGen: 21721292K->603268K(22609920K)] 22439398K->1321998K(25755648K), 0.1122724 secs] [Times: user=3.96 sys=0.00, real=0.11 secs] 
3568.360: [GC (Allocation Failure) [PSYoungGen: 21705860K->599309K(22609920K)] 22424590K->1318551K(25755648K), 0.1124679 secs] [Times: user=3.97 sys=0.00, real=0.12 secs] 
3574.906: [GC (Allocation Failure) [PSYoungGen: 21701901K->598756K(22609920K)] 22421143K->1318622K(25755648K), 0.1109375 secs] [Times: user=3.90 sys=0.00, real=0.11 secs] 
3581.229: [GC (Allocation Failure) [PSYoungGen: 21701348K->615172K(22609920K)] 22421214K->1335566K(25755648K), 0.1132065 secs] [Times: user=4.00 sys=0.00, real=0.11 secs] 
3587.654: [GC (Allocation Failure) [PSYoungGen: 21717764K->596404K(22609920K)] 22438158K->1317326K(25755648K), 0.1139282 secs] [Times: user=4.00 sys=0.00, real=0.12 secs] 
3593.965: [GC (Allocation Failure) [PSYoungGen: 21698996K->613689K(22609920K)] 22419918K->1335251K(25755648K), 0.1128352 secs] [Times: user=3.97 sys=0.00, real=0.12 secs] 
3600.266: [GC (Allocation Failure) [PSYoungGen: 21716281K->606660K(22609920K)] 22437843K->1328606K(25755648K), 0.1116512 secs] [Times: user=3.91 sys=0.00, real=0.12 secs] 
3606.694: [GC (Allocation Failure) [PSYoungGen: 21709252K->591652K(22609920K)] 22431198K->1314214K(25755648K), 0.1175468 secs] [Times: user=3.95 sys=0.00, real=0.12 secs] 
3613.022: [GC (Allocation Failure) [PSYoungGen: 21694244K->636253K(22609920K)] 22416806K->1359239K(25755648K), 0.1187516 secs] [Times: user=4.17 sys=0.00, real=0.12 secs] 
3619.453: [GC (Allocation Failure) [PSYoungGen: 21738845K->595530K(22609920K)] 22461831K->1319147K(25755648K), 0.1115528 secs] [Times: user=3.93 sys=0.00, real=0.11 secs] 
3625.620: [GC (Allocation Failure) [PSYoungGen: 21698122K->597833K(22609920K)] 22421739K->1321834K(25755648K), 0.1122683 secs] [Times: user=3.95 sys=0.01, real=0.11 secs] 
3631.884: [GC (Allocation Failure) [PSYoungGen: 21700425K->615689K(22609920K)] 22424426K->1340346K(25755648K), 0.1174550 secs] [Times: user=4.05 sys=0.01, real=0.12 secs] 
3638.099: [GC (Allocation Failure) [PSYoungGen: 21718281K->626414K(22609920K)] 22442938K->1351704K(25755648K), 0.1174485 secs] [Times: user=4.13 sys=0.00, real=0.12 secs] 
3644.388: [GC (Allocation Failure) [PSYoungGen: 21729006K->599612K(22609920K)] 22454296K->1325502K(25755648K), 0.1125294 secs] [Times: user=3.90 sys=0.00, real=0.11 secs] 
3650.479: [GC (Allocation Failure) [PSYoungGen: 21702204K->587080K(22609920K)] 22428094K->1318162K(25755648K), 0.1128369 secs] [Times: user=3.95 sys=0.00, real=0.11 secs] 
3656.750: [GC (Allocation Failure) [PSYoungGen: 21689672K->593156K(22609920K)] 22420754K->1326190K(25755648K), 0.1128118 secs] [Times: user=3.96 sys=0.00, real=0.11 secs] 
3662.829: [GC (Allocation Failure) [PSYoungGen: 21695748K->595364K(22609920K)] 22428782K->1329038K(25755648K), 0.1104865 secs] [Times: user=3.89 sys=0.00, real=0.11 secs] 
3669.155: [GC (Allocation Failure) [PSYoungGen: 21697956K->609732K(22609920K)] 22431630K->1343910K(25755648K), 0.1119496 secs] [Times: user=3.94 sys=0.00, real=0.12 secs] 
3675.365: [GC (Allocation Failure) [PSYoungGen: 21712324K->605885K(22609920K)] 22446502K->1340519K(25755648K), 0.1120339 secs] [Times: user=3.95 sys=0.01, real=0.12 secs] 
3681.563: [GC (Allocation Failure) [PSYoungGen: 21708477K->607188K(22609920K)] 22443111K->1342222K(25755648K), 0.1111291 secs] [Times: user=3.92 sys=0.00, real=0.11 secs] 
3687.684: [GC (Allocation Failure) [PSYoungGen: 21709780K->597892K(22609920K)] 22444814K->1333566K(25755648K), 0.1095457 secs] [Times: user=3.86 sys=0.00, real=0.11 secs] 
3693.714: [GC (Allocation Failure) [PSYoungGen: 21700484K->598890K(22609920K)] 22436158K->1334931K(25755648K), 0.1137622 secs] [Times: user=3.96 sys=0.01, real=0.11 secs] 
3699.651: [GC (Allocation Failure) [PSYoungGen: 21701482K->584164K(22609920K)] 22437523K->1320734K(25755648K), 0.1085710 secs] [Times: user=3.82 sys=0.00, real=0.11 secs] 
3705.724: [GC (Allocation Failure) [PSYoungGen: 21686756K->593400K(22609920K)] 22423326K->1330610K(25755648K), 0.1149949 secs] [Times: user=3.96 sys=0.00, real=0.11 secs] 
3711.646: [GC (Allocation Failure) [PSYoungGen: 21695992K->608386K(22609920K)] 22433202K->1345988K(25755648K), 0.1147178 secs] [Times: user=3.91 sys=0.00, real=0.11 secs] 
3717.758: [GC (Allocation Failure) [PSYoungGen: 21710978K->604329K(22609920K)] 22448580K->1342531K(25755648K), 0.1151656 secs] [Times: user=3.94 sys=0.00, real=0.12 secs] 
3723.673: [GC (Allocation Failure) [PSYoungGen: 21706921K->601540K(22609920K)] 22445123K->1340110K(25755648K), 0.1117647 secs] [Times: user=3.95 sys=0.00, real=0.12 secs] 
3729.610: [GC (Allocation Failure) [PSYoungGen: 21704132K->606825K(22609920K)] 22442702K->1346043K(25755648K), 0.1144044 secs] [Times: user=4.04 sys=0.00, real=0.11 secs] 
3735.647: [GC (Allocation Failure) [PSYoungGen: 21709417K->609501K(22609920K)] 22448635K->1349127K(25755648K), 0.1145624 secs] [Times: user=4.04 sys=0.00, real=0.11 secs] 
3741.680: [GC (Allocation Failure) [PSYoungGen: 21712093K->594569K(22609920K)] 22451719K->1334595K(25755648K), 0.1106169 secs] [Times: user=3.90 sys=0.00, real=0.11 secs] 
3747.692: [GC (Allocation Failure) [PSYoungGen: 21697161K->611360K(22609920K)] 22437187K->1351994K(25755648K), 0.1180503 secs] [Times: user=4.07 sys=0.00, real=0.12 secs] 
3753.746: [GC (Allocation Failure) [PSYoungGen: 21713952K->614056K(22609920K)] 22454586K->1355082K(25755648K), 0.1169836 secs] [Times: user=4.03 sys=0.00, real=0.12 secs] 
3759.697: [GC (Allocation Failure) [PSYoungGen: 21716648K->596510K(22609920K)] 22457674K->1338168K(25755648K), 0.1120909 secs] [Times: user=3.90 sys=0.00, real=0.11 secs] 
3765.606: [GC (Allocation Failure) [PSYoungGen: 21699102K->588068K(22609920K)] 22440760K->1330278K(25755648K), 0.1123521 secs] [Times: user=3.81 sys=0.00, real=0.11 secs] 
3771.527: [GC (Allocation Failure) [PSYoungGen: 21690660K->607165K(22609920K)] 22432870K->1349863K(25755648K), 0.1128986 secs] [Times: user=3.92 sys=0.00, real=0.11 secs] 
3777.505: [GC (Allocation Failure) [PSYoungGen: 21709757K->595197K(22609920K)] 22452455K->1338487K(25755648K), 0.1131177 secs] [Times: user=3.95 sys=0.00, real=0.11 secs] 
3783.502: [GC (Allocation Failure) [PSYoungGen: 21697789K->583172K(22609920K)] 22441079K->1326830K(25755648K), 0.1072942 secs] [Times: user=3.78 sys=0.00, real=0.11 secs] 
3789.446: [GC (Allocation Failure) [PSYoungGen: 21685764K->611226K(22609920K)] 22429422K->1355532K(25755648K), 0.1154079 secs] [Times: user=3.93 sys=0.01, real=0.11 secs] 
3795.306: [GC (Allocation Failure) [PSYoungGen: 21713818K->592073K(22609920K)] 22458124K->1336979K(25755648K), 0.1097603 secs] [Times: user=3.86 sys=0.00, real=0.11 secs] 
3801.133: [GC (Allocation Failure) [PSYoungGen: 21694665K->621950K(22609920K)] 22439571K->1367504K(25755648K), 0.1180569 secs] [Times: user=4.12 sys=0.01, real=0.12 secs] 
3806.842: [GC (Allocation Failure) [PSYoungGen: 21724542K->618914K(22609920K)] 22470096K->1364892K(25755648K), 0.1158718 secs] [Times: user=4.09 sys=0.00, real=0.12 secs] 
3812.686: [GC (Allocation Failure) [PSYoungGen: 21721506K->590056K(22609920K)] 22467484K->1336626K(25755648K), 0.1095146 secs] [Times: user=3.86 sys=0.00, real=0.11 secs] 
3818.593: [GC (Allocation Failure) [PSYoungGen: 21692648K->608194K(22609920K)] 22439218K->1355292K(25755648K), 0.1164189 secs] [Times: user=4.03 sys=0.00, real=0.12 secs] 
3824.462: [GC (Allocation Failure) [PSYoungGen: 21710786K->598804K(22609920K)] 22457884K->1346526K(25755648K), 0.1107125 secs] [Times: user=3.89 sys=0.00, real=0.11 secs] 
3830.439: [GC (Allocation Failure) [PSYoungGen: 21701396K->591114K(22609920K)] 22449118K->1339380K(25755648K), 0.1097972 secs] [Times: user=3.86 sys=0.00, real=0.11 secs] 
3836.198: [GC (Allocation Failure) [PSYoungGen: 21693706K->635111K(22609920K)] 22441972K->1383921K(25755648K), 0.1211083 secs] [Times: user=4.17 sys=0.01, real=0.12 secs] 
3842.064: [GC (Allocation Failure) [PSYoungGen: 21737703K->622132K(22609920K)] 22486513K->1371558K(25755648K), 0.1148712 secs] [Times: user=4.05 sys=0.00, real=0.11 secs] 
3847.827: [GC (GCLocker Initiated GC) [PSYoungGen: 21724724K->629333K(22609920K)] 22475231K->1380353K(25755648K), 0.1169865 secs] [Times: user=4.07 sys=0.00, real=0.12 secs] 
3853.663: [GC (Allocation Failure) [PSYoungGen: 21731925K->596010K(22609920K)] 22482947K->1347528K(25755648K), 0.1127999 secs] [Times: user=3.97 sys=0.01, real=0.12 secs] 
3859.409: [GC (Allocation Failure) [PSYoungGen: 21698602K->585269K(22609920K)] 22450120K->1337291K(25755648K), 0.1115900 secs] [Times: user=3.92 sys=0.00, real=0.11 secs] 
3865.096: [GC (Allocation Failure) [PSYoungGen: 21687861K->613349K(22609920K)] 22439883K->1366027K(25755648K), 0.1136364 secs] [Times: user=3.99 sys=0.00, real=0.11 secs] 
3870.763: [GC (Allocation Failure) [PSYoungGen: 21715941K->622479K(22609920K)] 22468619K->1375533K(25755648K), 0.1143051 secs] [Times: user=4.02 sys=0.00, real=0.12 secs] 
3876.515: [GC (Allocation Failure) [PSYoungGen: 21725071K->606378K(22609920K)] 22478125K->1360049K(25755648K), 0.1120443 secs] [Times: user=3.94 sys=0.00, real=0.11 secs] 
3882.349: [GC (Allocation Failure) [PSYoungGen: 21708970K->580933K(22609920K)] 22462641K->1335099K(25755648K), 0.1082887 secs] [Times: user=3.74 sys=0.00, real=0.10 secs] 
3888.086: [GC (Allocation Failure) [PSYoungGen: 21683525K->625781K(22609920K)] 22437691K->1380435K(25755648K), 0.1150603 secs] [Times: user=4.05 sys=0.00, real=0.12 secs] 
3894.017: [GC (Allocation Failure) [PSYoungGen: 21728373K->600357K(22609920K)] 22483027K->1355555K(25755648K), 0.1152172 secs] [Times: user=4.05 sys=0.00, real=0.12 secs] 
3899.870: [GC (Allocation Failure) [PSYoungGen: 21702949K->619598K(22609920K)] 22458147K->1375437K(25755648K), 0.1159449 secs] [Times: user=4.07 sys=0.00, real=0.12 secs] 
3905.564: [GC (Allocation Failure) [PSYoungGen: 21722190K->603738K(22609920K)] 22478029K->1360089K(25755648K), 0.1109248 secs] [Times: user=3.91 sys=0.00, real=0.11 secs] 
3911.163: [GC (Allocation Failure) [PSYoungGen: 21706330K->641740K(22609920K)] 22462681K->1398747K(25755648K), 0.1170764 secs] [Times: user=4.13 sys=0.00, real=0.12 secs] 
3916.895: [GC (Allocation Failure) [PSYoungGen: 21744332K->607678K(22609920K)] 22501339K->1365060K(25755648K), 0.1151389 secs] [Times: user=3.96 sys=0.00, real=0.11 secs] 
3922.554: [GC (Allocation Failure) [PSYoungGen: 21710270K->594857K(22609920K)] 22467652K->1352816K(25755648K), 0.1102683 secs] [Times: user=3.89 sys=0.00, real=0.11 secs] 
3928.245: [GC (Allocation Failure) [PSYoungGen: 21697449K->626558K(22609920K)] 22455408K->1384885K(25755648K), 0.1198925 secs] [Times: user=4.11 sys=0.00, real=0.12 secs] 
3933.783: [GC (Allocation Failure) [PSYoungGen: 21729150K->608188K(22609920K)] 22487477K->1369467K(25755648K), 0.1135660 secs] [Times: user=4.00 sys=0.01, real=0.12 secs] 
3939.505: [GC (Allocation Failure) [PSYoungGen: 21710780K->593176K(22609920K)] 22472059K->1355231K(25755648K), 0.1156758 secs] [Times: user=4.06 sys=0.00, real=0.12 secs] 
3945.009: [GC (Allocation Failure) [PSYoungGen: 21695768K->610218K(22609920K)] 22457823K->1372649K(25755648K), 0.1147560 secs] [Times: user=4.04 sys=0.00, real=0.11 secs] 
3950.658: [GC (Allocation Failure) [PSYoungGen: 21712810K->606137K(22609920K)] 22475241K->1368944K(25755648K), 0.1119332 secs] [Times: user=3.93 sys=0.00, real=0.12 secs] 
3956.304: [GC (Allocation Failure) [PSYoungGen: 21708729K->621043K(22609920K)] 22471536K->1384514K(25755648K), 0.1162060 secs] [Times: user=4.10 sys=0.00, real=0.12 secs] 
3961.872: [GC (Allocation Failure) [PSYoungGen: 21723635K->608553K(22609920K)] 22487106K->1372408K(25755648K), 0.1130884 secs] [Times: user=3.98 sys=0.00, real=0.11 secs] 
3967.621: [GC (Allocation Failure) [PSYoungGen: 21711145K->628511K(22609920K)] 22475000K->1392814K(25755648K), 0.1168188 secs] [Times: user=4.13 sys=0.00, real=0.12 secs] 
3973.247: [GC (Allocation Failure) [PSYoungGen: 21731103K->624950K(22609920K)] 22495406K->1389821K(25755648K), 0.1157338 secs] [Times: user=4.00 sys=0.00, real=0.12 secs] 
3978.864: [GC (Allocation Failure) [PSYoungGen: 21727542K->603545K(22609920K)] 22492413K->1369056K(25755648K), 0.1136625 secs] [Times: user=4.00 sys=0.00, real=0.11 secs] 
3984.357: [GC (Allocation Failure) [PSYoungGen: 21706137K->598010K(22609920K)] 22471648K->1364161K(25755648K), 0.1135215 secs] [Times: user=4.01 sys=0.00, real=0.11 secs] 
3989.968: [GC (Allocation Failure) [PSYoungGen: 21700602K->598916K(22609920K)] 22466753K->1365723K(25755648K), 0.1114537 secs] [Times: user=3.92 sys=0.00, real=0.11 secs] 
3995.492: [GC (Allocation Failure) [PSYoungGen: 21701508K->615463K(22609920K)] 22468315K->1382870K(25755648K), 0.1149911 secs] [Times: user=4.05 sys=0.00, real=0.12 secs] 
4000.985: [GC (Allocation Failure) [PSYoungGen: 21718055K->627465K(22609920K)] 22485462K->1395488K(25755648K), 0.1165719 secs] [Times: user=4.12 sys=0.00, real=0.12 secs] 
4006.565: [GC (Allocation Failure) [PSYoungGen: 21730057K->599860K(22609920K)] 22498080K->1368315K(25755648K), 0.1111720 secs] [Times: user=3.91 sys=0.00, real=0.11 secs] 
4012.096: [GC (Allocation Failure) [PSYoungGen: 21702452K->625698K(22609920K)] 22470907K->1394713K(25755648K), 0.1183914 secs] [Times: user=4.18 sys=0.00, real=0.12 secs] 
4017.588: [GC (Allocation Failure) [PSYoungGen: 21728290K->596489K(22609920K)] 22497305K->1366176K(25755648K), 0.1140456 secs] [Times: user=4.02 sys=0.00, real=0.12 secs] 
4023.129: [GC (Allocation Failure) [PSYoungGen: 21699081K->621240K(22609920K)] 22468768K->1391311K(25755648K), 0.1155746 secs] [Times: user=4.07 sys=0.01, real=0.12 secs] 
4028.653: [GC (Allocation Failure) [PSYoungGen: 21723832K->606842K(22609920K)] 22493903K->1377529K(25755648K), 0.1138414 secs] [Times: user=4.01 sys=0.00, real=0.11 secs] 
4034.147: [GC (Allocation Failure) [PSYoungGen: 21709434K->620281K(22609920K)] 22480121K->1391408K(25755648K), 0.1143885 secs] [Times: user=4.03 sys=0.00, real=0.11 secs] 
4039.584: [GC (Allocation Failure) [PSYoungGen: 21722873K->594441K(22609920K)] 22494000K->1366216K(25755648K), 0.1166413 secs] [Times: user=3.96 sys=0.00, real=0.11 secs] 
4045.112: [GC (Allocation Failure) [PSYoungGen: 21697033K->634137K(22609920K)] 22468808K->1406320K(25755648K), 0.1188722 secs] [Times: user=4.20 sys=0.00, real=0.12 secs] 
4050.560: [GC (Allocation Failure) [PSYoungGen: 21736729K->599514K(22609920K)] 22508912K->1372337K(25755648K), 0.1128277 secs] [Times: user=3.97 sys=0.00, real=0.11 secs] 
4055.943: [GC (Allocation Failure) [PSYoungGen: 21702106K->617853K(22609920K)] 22474929K->1391292K(25755648K), 0.1160160 secs] [Times: user=4.09 sys=0.00, real=0.12 secs] 
4061.377: [GC (Allocation Failure) [PSYoungGen: 21720445K->597177K(22609920K)] 22493884K->1371248K(25755648K), 0.1119202 secs] [Times: user=3.94 sys=0.00, real=0.11 secs] 
4066.787: [GC (Allocation Failure) [PSYoungGen: 21699769K->613518K(22609920K)] 22473840K->1387973K(25755648K), 0.1130646 secs] [Times: user=3.93 sys=0.00, real=0.11 secs] 
4072.245: [GC (Allocation Failure) [PSYoungGen: 21716110K->622473K(22609920K)] 22490565K->1397568K(25755648K), 0.1175313 secs] [Times: user=4.15 sys=0.00, real=0.12 secs] 
4077.611: [GC (Allocation Failure) [PSYoungGen: 21725065K->593796K(22609920K)] 22500160K->1369467K(25755648K), 0.1128300 secs] [Times: user=3.98 sys=0.00, real=0.11 secs] 
4083.095: [GC (Allocation Failure) [PSYoungGen: 21696388K->618377K(22609920K)] 22472059K->1394424K(25755648K), 0.1144870 secs] [Times: user=3.98 sys=0.00, real=0.12 secs] 
4088.545: [GC (Allocation Failure) [PSYoungGen: 21720969K->619967K(22609920K)] 22497016K->1396670K(25755648K), 0.1139437 secs] [Times: user=4.01 sys=0.00, real=0.11 secs] 
4093.968: [GC (Allocation Failure) [PSYoungGen: 21722559K->608709K(22609920K)] 22499262K->1385796K(25755648K), 0.1159444 secs] [Times: user=4.06 sys=0.00, real=0.12 secs] 
4099.264: [GC (Allocation Failure) [PSYoungGen: 21711301K->635999K(22609920K)] 22488388K->1413558K(25755648K), 0.1199784 secs] [Times: user=4.17 sys=0.01, real=0.12 secs] 
4104.739: [GC (Allocation Failure) [PSYoungGen: 21738591K->595833K(22609920K)] 22516150K->1374024K(25755648K), 0.1126766 secs] [Times: user=3.96 sys=0.00, real=0.11 secs] 
4110.131: [GC (Allocation Failure) [PSYoungGen: 21698425K->610212K(22609920K)] 22476616K->1388787K(25755648K), 0.1148790 secs] [Times: user=4.04 sys=0.00, real=0.12 secs] 
4115.435: [GC (Allocation Failure) [PSYoungGen: 21712804K->609539K(22609920K)] 22491379K->1388506K(25755648K), 0.1126922 secs] [Times: user=3.97 sys=0.01, real=0.11 secs] 
4120.791: [GC (Allocation Failure) [PSYoungGen: 21712131K->614758K(22609920K)] 22491098K->1394293K(25755648K), 0.1189100 secs] [Times: user=3.98 sys=0.01, real=0.12 secs] 
4126.130: [GC (Allocation Failure) [PSYoungGen: 21717350K->643405K(22609920K)] 22496885K->1423412K(25755648K), 0.1197369 secs] [Times: user=4.19 sys=0.00, real=0.12 secs] 
4131.425: [GC (Allocation Failure) [PSYoungGen: 21745997K->616338K(22609920K)] 22526004K->1396841K(25755648K), 0.1150345 secs] [Times: user=4.06 sys=0.00, real=0.12 secs] 
4136.627: [GC (Allocation Failure) [PSYoungGen: 21718930K->601736K(22609920K)] 22499433K->1382879K(25755648K), 0.1115900 secs] [Times: user=3.94 sys=0.01, real=0.12 secs] 
4141.916: [GC (Allocation Failure) [PSYoungGen: 21704328K->612397K(22609920K)] 22485471K->1393916K(25755648K), 0.1156748 secs] [Times: user=4.08 sys=0.00, real=0.12 secs] 
4147.386: [GC (Allocation Failure) [PSYoungGen: 21714989K->587977K(22609920K)] 22496508K->1369864K(25755648K), 0.1121045 secs] [Times: user=3.95 sys=0.00, real=0.11 secs] 
4152.789: [GC (Allocation Failure) [PSYoungGen: 21690569K->605956K(22609920K)] 22472456K->1388459K(25755648K), 0.1162982 secs] [Times: user=4.05 sys=0.00, real=0.12 secs] 
4157.942: [GC (Allocation Failure) [PSYoungGen: 21708548K->619161K(22609920K)] 22491051K->1402040K(25755648K), 0.1160824 secs] [Times: user=4.09 sys=0.00, real=0.11 secs] 
4163.228: [GC (Allocation Failure) [PSYoungGen: 21721753K->616004K(22609920K)] 22504632K->1399419K(25755648K), 0.1141472 secs] [Times: user=4.00 sys=0.00, real=0.12 secs] 
4168.499: [GC (Allocation Failure) [PSYoungGen: 21718596K->608654K(22609920K)] 22502011K->1392445K(25755648K), 0.1140981 secs] [Times: user=3.96 sys=0.00, real=0.12 secs] 
4173.774: [GC (Allocation Failure) [PSYoungGen: 21711246K->613902K(22609920K)] 22495037K->1398333K(25755648K), 0.1152370 secs] [Times: user=4.07 sys=0.00, real=0.11 secs] 
4179.185: [GC (Allocation Failure) [PSYoungGen: 21716494K->620788K(22609920K)] 22500925K->1405595K(25755648K), 0.1151184 secs] [Times: user=4.02 sys=0.00, real=0.11 secs] 
4184.464: [GC (Allocation Failure) [PSYoungGen: 21723380K->589543K(22609920K)] 22508187K->1374990K(25755648K), 0.1093386 secs] [Times: user=3.85 sys=0.01, real=0.10 secs] 
4189.645: [GC (Allocation Failure) [PSYoungGen: 21692135K->618361K(22609920K)] 22477582K->1404296K(25755648K), 0.1138424 secs] [Times: user=4.01 sys=0.00, real=0.11 secs] 
4194.824: [GC (Allocation Failure) [PSYoungGen: 21720953K->615465K(22609920K)] 22506888K->1401776K(25755648K), 0.1142040 secs] [Times: user=4.02 sys=0.00, real=0.12 secs] 
4200.005: [GC (GCLocker Initiated GC) [PSYoungGen: 21718057K->626082K(22609920K)] 22504548K->1413174K(25755648K), 0.1167893 secs] [Times: user=4.11 sys=0.01, real=0.12 secs] 
4205.139: [GC (Allocation Failure) [PSYoungGen: 21728674K->614793K(22609920K)] 22515772K->1402267K(25755648K), 0.1141900 secs] [Times: user=4.01 sys=0.01, real=0.11 secs] 
4210.449: [GC (Allocation Failure) [PSYoungGen: 21717385K->603515K(22609920K)] 22504859K->1391436K(25755648K), 0.1153998 secs] [Times: user=3.99 sys=0.00, real=0.11 secs] 
4215.683: [GC (Allocation Failure) [PSYoungGen: 21706107K->599545K(22609920K)] 22494028K->1388090K(25755648K), 0.1148930 secs] [Times: user=4.05 sys=0.00, real=0.11 secs] 
4220.876: [GC (Allocation Failure) [PSYoungGen: 21702137K->617294K(22609920K)] 22490682K->1406215K(25755648K), 0.1157424 secs] [Times: user=4.02 sys=0.00, real=0.12 secs] 
4225.926: [GC (Allocation Failure) [PSYoungGen: 21719886K->648209K(22609920K)] 22508807K->1437770K(25755648K), 0.1238405 secs] [Times: user=4.29 sys=0.01, real=0.12 secs] 
4231.025: [GC (Allocation Failure) [PSYoungGen: 21750801K->621550K(22609920K)] 22540362K->1411679K(25755648K), 0.1192437 secs] [Times: user=4.13 sys=0.01, real=0.12 secs] 
4236.147: [GC (Allocation Failure) [PSYoungGen: 21724142K->627961K(22609920K)] 22514271K->1418578K(25755648K), 0.1182765 secs] [Times: user=4.17 sys=0.00, real=0.12 secs] 
4241.276: [GC (Allocation Failure) [PSYoungGen: 21730553K->602585K(22609920K)] 22521170K->1393811K(25755648K), 0.1122023 secs] [Times: user=3.94 sys=0.00, real=0.11 secs] 
4246.434: [GC (Allocation Failure) [PSYoungGen: 21705177K->597252K(22609920K)] 22496403K->1389014K(25755648K), 0.1132769 secs] [Times: user=4.00 sys=0.00, real=0.12 secs] 
4251.710: [GC (Allocation Failure) [PSYoungGen: 21699844K->593284K(22609920K)] 22491606K->1385630K(25755648K), 0.1142271 secs] [Times: user=4.01 sys=0.00, real=0.11 secs] 
4256.967: [GC (Allocation Failure) [PSYoungGen: 21695876K->629300K(22609920K)] 22488222K->1422294K(25755648K), 0.1160911 secs] [Times: user=4.09 sys=0.00, real=0.11 secs] 
4262.240: [GC (Allocation Failure) [PSYoungGen: 21731892K->645210K(22609920K)] 22524886K->1438715K(25755648K), 0.1213353 secs] [Times: user=4.20 sys=0.01, real=0.12 secs] 
4267.342: [GC (Allocation Failure) [PSYoungGen: 21747802K->601536K(22609920K)] 22541307K->1395681K(25755648K), 0.1139225 secs] [Times: user=4.00 sys=0.00, real=0.11 secs] 
4272.382: [GC (Allocation Failure) [PSYoungGen: 21704128K->594340K(22609920K)] 22498273K->1389126K(25755648K), 0.1124753 secs] [Times: user=3.85 sys=0.01, real=0.11 secs] 
4277.314: [GC (Allocation Failure) [PSYoungGen: 21696932K->620236K(22609920K)] 22491718K->1415798K(25755648K), 0.1150460 secs] [Times: user=4.03 sys=0.00, real=0.11 secs] 
4282.351: [GC (Allocation Failure) [PSYoungGen: 21722828K->598125K(22609920K)] 22518390K->1394055K(25755648K), 0.1142243 secs] [Times: user=4.02 sys=0.01, real=0.11 secs] 
4287.514: [GC (Allocation Failure) [PSYoungGen: 21700717K->623349K(22609920K)] 22496647K->1419806K(25755648K), 0.1163336 secs] [Times: user=4.10 sys=0.00, real=0.12 secs] 
4292.551: [GC (Allocation Failure) [PSYoungGen: 21725941K->614927K(22609920K)] 22522398K->1411881K(25755648K), 0.1156716 secs] [Times: user=3.97 sys=0.00, real=0.12 secs] 
4297.655: [GC (Allocation Failure) [PSYoungGen: 21717519K->612521K(22609920K)] 22514473K->1410139K(25755648K), 0.1137446 secs] [Times: user=3.96 sys=0.00, real=0.11 secs] 
4302.700: [GC (Allocation Failure) [PSYoungGen: 21715113K->616817K(22609920K)] 22512731K->1415074K(25755648K), 0.1187835 secs] [Times: user=4.10 sys=0.01, real=0.12 secs] 
4307.786: [GC (Allocation Failure) [PSYoungGen: 21719409K->611481K(22609920K)] 22517666K->1410107K(25755648K), 0.1150516 secs] [Times: user=4.06 sys=0.00, real=0.11 secs] 
4312.928: [GC (Allocation Failure) [PSYoungGen: 21714073K->626154K(22609920K)] 22512699K->1425427K(25755648K), 0.1152194 secs] [Times: user=4.06 sys=0.00, real=0.11 secs] 
4317.966: [GC (Allocation Failure) [PSYoungGen: 21728746K->617780K(22609920K)] 22528019K->1417590K(25755648K), 0.1136756 secs] [Times: user=3.99 sys=0.00, real=0.11 secs] 
4323.159: [GC (Allocation Failure) [PSYoungGen: 21720372K->611556K(22609920K)] 22520182K->1411830K(25755648K), 0.1164388 secs] [Times: user=4.09 sys=0.00, real=0.12 secs] 
4328.354: [GC (Allocation Failure) [PSYoungGen: 21714148K->615778K(22609920K)] 22514422K->1416700K(25755648K), 0.1138981 secs] [Times: user=4.02 sys=0.00, real=0.12 secs] 
4333.470: [GC (Allocation Failure) [PSYoungGen: 21718370K->605775K(22609920K)] 22519292K->1407072K(25755648K), 0.1143286 secs] [Times: user=4.03 sys=0.00, real=0.11 secs] 
4338.561: [GC (Allocation Failure) [PSYoungGen: 21708367K->612766K(22609920K)] 22509664K->1414680K(25755648K), 0.1171296 secs] [Times: user=4.13 sys=0.01, real=0.11 secs] 
4343.530: [GC (Allocation Failure) [PSYoungGen: 21715358K->609149K(22609920K)] 22517272K->1411447K(25755648K), 0.1148235 secs] [Times: user=4.04 sys=0.00, real=0.11 secs] 
4348.486: [GC (Allocation Failure) [PSYoungGen: 21711741K->610010K(22609920K)] 22514039K->1412683K(25755648K), 0.1144252 secs] [Times: user=4.04 sys=0.00, real=0.12 secs] 
4353.554: [GC (Allocation Failure) [PSYoungGen: 21712480K->614196K(22609920K)] 22515153K->1417526K(25755648K), 0.1148570 secs] [Times: user=4.05 sys=0.00, real=0.11 secs] 
4358.568: [GC (Allocation Failure) [PSYoungGen: 21716788K->625426K(22609920K)] 22520118K->1429116K(25755648K), 0.1177561 secs] [Times: user=4.02 sys=0.01, real=0.12 secs] 
4363.490: [GC (Allocation Failure) [PSYoungGen: 21728018K->617208K(22609920K)] 22531708K->1421546K(25755648K), 0.1147195 secs] [Times: user=4.04 sys=0.01, real=0.12 secs] 
4368.435: [GC (Allocation Failure) [PSYoungGen: 21719800K->608282K(22609920K)] 22524138K->1413035K(25755648K), 0.1145363 secs] [Times: user=4.03 sys=0.00, real=0.11 secs] 
4373.300: [GC (Allocation Failure) [PSYoungGen: 21710874K->613202K(22609920K)] 22515627K->1418460K(25755648K), 0.1149361 secs] [Times: user=4.03 sys=0.00, real=0.12 secs] 
4378.222: [GC (Allocation Failure) [PSYoungGen: 21715794K->636708K(22609920K)] 22521052K->1442622K(25755648K), 0.1185145 secs] [Times: user=4.18 sys=0.00, real=0.12 secs] 
4383.212: [GC (Allocation Failure) [PSYoungGen: 21739300K->625060K(22609920K)] 22545214K->1431334K(25755648K), 0.1151886 secs] [Times: user=4.04 sys=0.00, real=0.12 secs] 
4388.254: [GC (Allocation Failure) [PSYoungGen: 21727652K->675934K(22609920K)] 22533926K->1482864K(25755648K), 0.1235241 secs] [Times: user=4.36 sys=0.01, real=0.13 secs] 
4393.352: [GC (Allocation Failure) [PSYoungGen: 21778526K->630323K(22609920K)] 22585456K->1437885K(25755648K), 0.1182655 secs] [Times: user=4.10 sys=0.00, real=0.12 secs] 
4398.385: [GC (Allocation Failure) [PSYoungGen: 21732915K->591988K(22609920K)] 22540477K->1399918K(25755648K), 0.1118497 secs] [Times: user=3.94 sys=0.00, real=0.11 secs] 
4403.414: [GC (Allocation Failure) [PSYoungGen: 21694580K->629299K(22609920K)] 22502510K->1437796K(25755648K), 0.1162674 secs] [Times: user=4.10 sys=0.00, real=0.12 secs] 
4408.380: [GC (Allocation Failure) [PSYoungGen: 21731891K->609887K(22609920K)] 22540388K->1418849K(25755648K), 0.1133124 secs] [Times: user=4.00 sys=0.00, real=0.11 secs] 
4413.261: [GC (Allocation Failure) [PSYoungGen: 21712479K->618180K(22609920K)] 22521441K->1427510K(25755648K), 0.1174046 secs] [Times: user=4.15 sys=0.00, real=0.11 secs] 
4418.207: [GC (Allocation Failure) [PSYoungGen: 21720772K->641488K(22609920K)] 22530102K->1451354K(25755648K), 0.1181640 secs] [Times: user=4.16 sys=0.00, real=0.12 secs] 
4422.881: [GC (Allocation Failure) [PSYoungGen: 21744080K->657984K(22609920K)] 22553946K->1468490K(25755648K), 0.1229875 secs] [Times: user=4.25 sys=0.00, real=0.13 secs] 
4427.754: [GC (Allocation Failure) [PSYoungGen: 21760576K->601668K(22609920K)] 22571082K->1412550K(25755648K), 0.1131561 secs] [Times: user=3.99 sys=0.00, real=0.11 secs] 
4432.712: [GC (Allocation Failure) [PSYoungGen: 21704260K->617460K(22609920K)] 22515142K->1428717K(25755648K), 0.1174001 secs] [Times: user=4.14 sys=0.01, real=0.12 secs] 
4437.544: [GC (Allocation Failure) [PSYoungGen: 21720052K->619497K(22609920K)] 22531309K->1431355K(25755648K), 0.1153225 secs] [Times: user=4.06 sys=0.00, real=0.11 secs] 
4442.362: [GC (Allocation Failure) [PSYoungGen: 21722089K->605789K(22609920K)] 22533947K->1418223K(25755648K), 0.1123279 secs] [Times: user=3.95 sys=0.00, real=0.12 secs] 
4447.236: [GC (Allocation Failure) [PSYoungGen: 21708381K->632250K(22609920K)] 22520815K->1445244K(25755648K), 0.1198823 secs] [Times: user=4.13 sys=0.00, real=0.12 secs] 
4452.213: [GC (Allocation Failure) [PSYoungGen: 21734842K->627012K(22609920K)] 22547836K->1440374K(25755648K), 0.1243113 secs] [Times: user=4.22 sys=0.00, real=0.13 secs] 
4457.165: [GC (Allocation Failure) [PSYoungGen: 21729604K->659475K(22609920K)] 22542966K->1473476K(25755648K), 0.1208495 secs] [Times: user=4.27 sys=0.00, real=0.12 secs] 
4462.019: [GC (Allocation Failure) [PSYoungGen: 21762067K->615652K(22609920K)] 22576068K->1430294K(25755648K), 0.1175305 secs] [Times: user=4.10 sys=0.01, real=0.11 secs] 
4466.888: [GC (Allocation Failure) [PSYoungGen: 21718244K->632257K(22609920K)] 22532886K->1447291K(25755648K), 0.1197352 secs] [Times: user=4.21 sys=0.00, real=0.12 secs] 
4471.750: [GC (Allocation Failure) [PSYoungGen: 21734849K->627630K(22609920K)] 22549883K->1443319K(25755648K), 0.1158846 secs] [Times: user=4.08 sys=0.01, real=0.11 secs] 
4476.763: [GC (Allocation Failure) [PSYoungGen: 21730222K->611241K(22609920K)] 22545911K->1427346K(25755648K), 0.1147819 secs] [Times: user=4.05 sys=0.00, real=0.11 secs] 
4481.583: [GC (Allocation Failure) [PSYoungGen: 21713833K->617427K(22609920K)] 22529938K->1434117K(25755648K), 0.1136726 secs] [Times: user=4.02 sys=0.00, real=0.11 secs] 
4486.385: [GC (Allocation Failure) [PSYoungGen: 21720019K->607170K(22609920K)] 22536709K->1424244K(25755648K), 0.1137223 secs] [Times: user=4.01 sys=0.00, real=0.11 secs] 
4491.125: [GC (Allocation Failure) [PSYoungGen: 21709762K->639966K(22609920K)] 22526836K->1457407K(25755648K), 0.1180641 secs] [Times: user=4.16 sys=0.00, real=0.12 secs] 
4495.926: [GC (Allocation Failure) [PSYoungGen: 21742558K->630249K(22609920K)] 22559999K->1448330K(25755648K), 0.1188073 secs] [Times: user=4.18 sys=0.00, real=0.12 secs] 
4500.724: [GC (Allocation Failure) [PSYoungGen: 21732841K->614265K(22609920K)] 22550922K->1432931K(25755648K), 0.1170977 secs] [Times: user=4.11 sys=0.00, real=0.11 secs] 
4505.548: [GC (Allocation Failure) [PSYoungGen: 21716857K->629195K(22609920K)] 22535523K->1448500K(25755648K), 0.1185257 secs] [Times: user=4.05 sys=0.00, real=0.12 secs] 
4510.224: [GC (Allocation Failure) [PSYoungGen: 21731787K->627577K(22609920K)] 22551092K->1447266K(25755648K), 0.1168311 secs] [Times: user=4.10 sys=0.00, real=0.12 secs] 
4515.020: [GC (Allocation Failure) [PSYoungGen: 21730169K->636222K(22609920K)] 22549858K->1456360K(25755648K), 0.1235382 secs] [Times: user=4.23 sys=0.00, real=0.12 secs] 
4519.898: [GC (Allocation Failure) [PSYoungGen: 21738814K->640883K(22609920K)] 22558952K->1461389K(25755648K), 0.1212917 secs] [Times: user=4.27 sys=0.00, real=0.12 secs] 
4524.589: [GC (Allocation Failure) [PSYoungGen: 21743475K->612345K(22609920K)] 22563981K->1433490K(25755648K), 0.1146898 secs] [Times: user=4.03 sys=0.00, real=0.11 secs] 
4529.513: [GC (Allocation Failure) [PSYoungGen: 21714937K->611097K(22609920K)] 22536082K->1432851K(25755648K), 0.1138153 secs] [Times: user=4.00 sys=0.01, real=0.11 secs] 
4534.284: [GC (Allocation Failure) [PSYoungGen: 21713689K->603556K(22609920K)] 22535443K->1425678K(25755648K), 0.1134954 secs] [Times: user=3.93 sys=0.00, real=0.11 secs] 
4539.158: [GC (Allocation Failure) [PSYoungGen: 21706148K->637171K(22609920K)] 22528270K->1459676K(25755648K), 0.1183627 secs] [Times: user=4.18 sys=0.00, real=0.11 secs] 
4543.791: [GC (Allocation Failure) [PSYoungGen: 21739763K->618258K(22609920K)] 22562268K->1441403K(25755648K), 0.1189676 secs] [Times: user=4.06 sys=0.00, real=0.12 secs] 
4548.651: [GC (Allocation Failure) [PSYoungGen: 21720850K->617402K(22609920K)] 22543995K->1441083K(25755648K), 0.1167854 secs] [Times: user=4.12 sys=0.00, real=0.11 secs] 
4553.309: [GC (Allocation Failure) [PSYoungGen: 21719994K->619694K(22609920K)] 22543675K->1443767K(25755648K), 0.1148515 secs] [Times: user=4.02 sys=0.01, real=0.12 secs] 
4558.074: [GC (Allocation Failure) [PSYoungGen: 21722286K->642131K(22609920K)] 22546359K->1466860K(25755648K), 0.1184003 secs] [Times: user=4.18 sys=0.00, real=0.12 secs] 
4562.614: [GC (Allocation Failure) [PSYoungGen: 21744723K->606424K(22609920K)] 22569452K->1431514K(25755648K), 0.1139127 secs] [Times: user=3.95 sys=0.01, real=0.11 secs] 
4567.258: [GC (Allocation Failure) [PSYoungGen: 21709016K->643780K(22609920K)] 22534106K->1469382K(25755648K), 0.1213199 secs] [Times: user=4.22 sys=0.00, real=0.12 secs] 
4572.016: [GC (Allocation Failure) [PSYoungGen: 21746372K->642399K(22609920K)] 22571974K->1468648K(25755648K), 0.1236802 secs] [Times: user=4.14 sys=0.00, real=0.12 secs] 
4576.839: [GC (Allocation Failure) [PSYoungGen: 21744991K->626132K(22609920K)] 22571240K->1453574K(25755648K), 0.1171070 secs] [Times: user=4.05 sys=0.00, real=0.12 secs] 
4581.597: [GC (Allocation Failure) [PSYoungGen: 21728724K->621806K(22609920K)] 22556166K->1449824K(25755648K), 0.1155320 secs] [Times: user=4.02 sys=0.00, real=0.11 secs] 
4586.383: [GC (Allocation Failure) [PSYoungGen: 21724398K->617187K(22609920K)] 22552416K->1445701K(25755648K), 0.1157603 secs] [Times: user=4.08 sys=0.00, real=0.12 secs] 
4591.137: [GC (Allocation Failure) [PSYoungGen: 21719779K->628697K(22609920K)] 22548293K->1458394K(25755648K), 0.1194969 secs] [Times: user=4.06 sys=0.00, real=0.12 secs] 
4595.934: [GC (Allocation Failure) [PSYoungGen: 21731289K->632174K(22609920K)] 22560986K->1462416K(25755648K), 0.1194725 secs] [Times: user=4.19 sys=0.00, real=0.12 secs] 
4600.649: [GC (Allocation Failure) [PSYoungGen: 21734766K->622803K(22609920K)] 22565008K->1453605K(25755648K), 0.1175460 secs] [Times: user=4.02 sys=0.00, real=0.11 secs] 
4605.322: [GC (Allocation Failure) [PSYoungGen: 21725395K->597518K(22609920K)] 22556197K->1428816K(25755648K), 0.1113397 secs] [Times: user=3.91 sys=0.00, real=0.11 secs] 
4609.987: [GC (Allocation Failure) [PSYoungGen: 21700110K->623369K(22609920K)] 22531408K->1455098K(25755648K), 0.1193414 secs] [Times: user=4.20 sys=0.01, real=0.12 secs] 
4614.721: [GC (Allocation Failure) [PSYoungGen: 21725961K->617033K(22609920K)] 22557690K->1449395K(25755648K), 0.1172955 secs] [Times: user=4.12 sys=0.00, real=0.11 secs] 
4619.293: [GC (Allocation Failure) [PSYoungGen: 21719625K->599709K(22609920K)] 22551987K->1432470K(25755648K), 0.1119950 secs] [Times: user=3.95 sys=0.01, real=0.11 secs] 
4623.923: [GC (Allocation Failure) [PSYoungGen: 21702301K->654138K(22609920K)] 22535062K->1487531K(25755648K), 0.1200387 secs] [Times: user=4.23 sys=0.00, real=0.12 secs] 
4628.621: [GC (Allocation Failure) [PSYoungGen: 21756730K->606804K(22609920K)] 22590123K->1440782K(25755648K), 0.1147745 secs] [Times: user=4.04 sys=0.00, real=0.12 secs] 
4633.169: [GC (Allocation Failure) [PSYoungGen: 21709396K->651294K(22609920K)] 22543374K->1485655K(25755648K), 0.1224694 secs] [Times: user=4.32 sys=0.00, real=0.12 secs] 
4637.657: [GC (Allocation Failure) [PSYoungGen: 21753886K->648760K(22609920K)] 22588247K->1483762K(25755648K), 0.1226388 secs] [Times: user=4.30 sys=0.00, real=0.12 secs] 
4642.447: [GC (Allocation Failure) [PSYoungGen: 21751352K->618256K(22609920K)] 22586354K->1453889K(25755648K), 0.1159527 secs] [Times: user=3.97 sys=0.00, real=0.11 secs] 
4647.134: [GC (Allocation Failure) [PSYoungGen: 21720848K->651747K(22609920K)] 22556481K->1487757K(25755648K), 0.1202406 secs] [Times: user=4.24 sys=0.00, real=0.12 secs] 
4651.789: [GC (Allocation Failure) [PSYoungGen: 21754339K->626841K(22609920K)] 22590349K->1463395K(25755648K), 0.1159817 secs] [Times: user=4.09 sys=0.01, real=0.12 secs] 
4656.303: [GC (Allocation Failure) [PSYoungGen: 21729433K->625950K(22609920K)] 22565987K->1463175K(25755648K), 0.1176636 secs] [Times: user=4.12 sys=0.00, real=0.12 secs] 
4661.022: [GC (Allocation Failure) [PSYoungGen: 21728542K->644387K(22609920K)] 22565767K->1482004K(25755648K), 0.1205267 secs] [Times: user=4.24 sys=0.01, real=0.12 secs] 
4665.679: [GC (Allocation Failure) [PSYoungGen: 21746979K->612708K(22609920K)] 22584596K->1450702K(25755648K), 0.1150232 secs] [Times: user=4.06 sys=0.00, real=0.11 secs] 
4670.289: [GC (Allocation Failure) [PSYoungGen: 21715300K->610632K(22609920K)] 22553294K->1449170K(25755648K), 0.1142608 secs] [Times: user=4.03 sys=0.00, real=0.11 secs] 
4674.841: [GC (Allocation Failure) [PSYoungGen: 21713224K->619657K(22609920K)] 22551762K->1458843K(25755648K), 0.1169272 secs] [Times: user=4.10 sys=0.00, real=0.11 secs] 
4679.510: [GC (Allocation Failure) [PSYoungGen: 21722249K->611050K(22609920K)] 22561435K->1450772K(25755648K), 0.1153840 secs] [Times: user=4.07 sys=0.00, real=0.12 secs] 
4684.140: [GC (Allocation Failure) [PSYoungGen: 21713642K->632045K(22609920K)] 22553364K->1472334K(25755648K), 0.1173935 secs] [Times: user=4.13 sys=0.00, real=0.12 secs] 
4688.704: [GC (Allocation Failure) [PSYoungGen: 21734637K->614808K(22609920K)] 22574926K->1455473K(25755648K), 0.1151488 secs] [Times: user=4.06 sys=0.01, real=0.11 secs] 
4693.242: [GC (Allocation Failure) [PSYoungGen: 21717400K->631737K(22609920K)] 22558065K->1472818K(25755648K), 0.1189548 secs] [Times: user=4.19 sys=0.00, real=0.11 secs] 
4697.774: [GC (Allocation Failure) [PSYoungGen: 21734329K->615636K(22609920K)] 22575410K->1457102K(25755648K), 0.1160633 secs] [Times: user=4.09 sys=0.01, real=0.11 secs] 
4702.315: [GC (Allocation Failure) [PSYoungGen: 21718228K->614448K(22609920K)] 22559694K->1456538K(25755648K), 0.1136789 secs] [Times: user=4.01 sys=0.00, real=0.11 secs] 
4706.900: [GC (Allocation Failure) [PSYoungGen: 21717040K->629149K(22609920K)] 22559130K->1471879K(25755648K), 0.1161200 secs] [Times: user=4.09 sys=0.01, real=0.12 secs] 
4711.392: [GC (Allocation Failure) [PSYoungGen: 21731741K->603471K(22609920K)] 22574471K->1446608K(25755648K), 0.1138618 secs] [Times: user=3.91 sys=0.01, real=0.12 secs] 
4715.951: [GC (Allocation Failure) [PSYoungGen: 21706063K->652058K(22609920K)] 22549200K->1495691K(25755648K), 0.1221950 secs] [Times: user=4.16 sys=0.00, real=0.12 secs] 
4720.460: [GC (Allocation Failure) [PSYoungGen: 21754650K->606436K(22609920K)] 22598283K->1450702K(25755648K), 0.1129440 secs] [Times: user=3.97 sys=0.00, real=0.11 secs] 
4724.942: [GC (Allocation Failure) [PSYoungGen: 21709028K->655455K(22609920K)] 22553294K->1500168K(25755648K), 0.1213491 secs] [Times: user=4.21 sys=0.01, real=0.12 secs] 
4729.510: [GC (Allocation Failure) [PSYoungGen: 21758047K->627129K(22609920K)] 22602760K->1472210K(25755648K), 0.1171008 secs] [Times: user=4.09 sys=0.01, real=0.12 secs] 
4733.936: [GC (Allocation Failure) [PSYoungGen: 21729721K->671541K(22609920K)] 22574802K->1516998K(25755648K), 0.1247882 secs] [Times: user=4.40 sys=0.00, real=0.13 secs] 
4738.407: [GC (Allocation Failure) [PSYoungGen: 21774133K->603097K(22609920K)] 22619590K->1449202K(25755648K), 0.1125972 secs] [Times: user=3.97 sys=0.00, real=0.12 secs] 
4742.957: [GC (Allocation Failure) [PSYoungGen: 21705689K->637374K(22609920K)] 22551794K->1483992K(25755648K), 0.1219411 secs] [Times: user=4.29 sys=0.00, real=0.12 secs] 
4747.493: [GC (Allocation Failure) [PSYoungGen: 21739966K->598841K(22609920K)] 22586584K->1445834K(25755648K), 0.1145900 secs] [Times: user=4.02 sys=0.00, real=0.11 secs] 
4752.064: [GC (Allocation Failure) [PSYoungGen: 21701433K->654633K(22609920K)] 22548426K->1502194K(25755648K), 0.1219088 secs] [Times: user=4.30 sys=0.00, real=0.12 secs] 
4756.578: [GC (Allocation Failure) [PSYoungGen: 21757225K->610074K(22609920K)] 22604786K->1458219K(25755648K), 0.1133076 secs] [Times: user=4.00 sys=0.01, real=0.12 secs] 
4760.967: [GC (Allocation Failure) [PSYoungGen: 21712666K->624484K(22609920K)] 22560811K->1472998K(25755648K), 0.1155384 secs] [Times: user=4.07 sys=0.00, real=0.12 secs] 
4765.310: [GC (Allocation Failure) [PSYoungGen: 21727076K->599940K(22609920K)] 22575590K->1449070K(25755648K), 0.1135048 secs] [Times: user=3.99 sys=0.00, real=0.12 secs] 
4769.904: [GC (Allocation Failure) [PSYoungGen: 21702532K->608084K(22609920K)] 22551662K->1457597K(25755648K), 0.1151556 secs] [Times: user=4.06 sys=0.00, real=0.11 secs] 
4774.345: [GC (Allocation Failure) [PSYoungGen: 21710676K->593716K(22609920K)] 22560189K->1443646K(25755648K), 0.1108288 secs] [Times: user=3.88 sys=0.00, real=0.11 secs] 
4778.853: [GC (Allocation Failure) [PSYoungGen: 21696308K->634780K(22609920K)] 22546238K->1485269K(25755648K), 0.1197869 secs] [Times: user=4.16 sys=0.00, real=0.12 secs] 
4783.352: [GC (Allocation Failure) [PSYoungGen: 21737372K->600461K(22609920K)] 22587861K->1451367K(25755648K), 0.1155908 secs] [Times: user=3.92 sys=0.00, real=0.12 secs] 
4787.860: [GC (Allocation Failure) [PSYoungGen: 21703053K->621353K(22609920K)] 22553959K->1472675K(25755648K), 0.1154602 secs] [Times: user=4.07 sys=0.00, real=0.11 secs] 
4792.221: [GC (Allocation Failure) [PSYoungGen: 21723945K->654324K(22609920K)] 22575267K->1506285K(25755648K), 0.1224057 secs] [Times: user=4.32 sys=0.00, real=0.12 secs] 
4796.762: [GC (Allocation Failure) [PSYoungGen: 21756916K->631549K(22609920K)] 22608877K->1484151K(25755648K), 0.1163587 secs] [Times: user=4.11 sys=0.00, real=0.12 secs] 
4801.146: [GC (Allocation Failure) [PSYoungGen: 21734141K->657464K(22609920K)] 22586743K->1510497K(25755648K), 0.1258286 secs] [Times: user=4.36 sys=0.00, real=0.13 secs] 
4805.648: [GC (Allocation Failure) [PSYoungGen: 21760056K->611639K(22609920K)] 22613089K->1465065K(25755648K), 0.1138516 secs] [Times: user=3.98 sys=0.00, real=0.12 secs] 
4810.143: [GC (Allocation Failure) [PSYoungGen: 21714231K->643599K(22609920K)] 22567657K->1497657K(25755648K), 0.1185689 secs] [Times: user=4.18 sys=0.00, real=0.12 secs] 
4814.509: [GC (Allocation Failure) [PSYoungGen: 21746191K->632062K(22609920K)] 22600249K->1486783K(25755648K), 0.1174732 secs] [Times: user=4.14 sys=0.00, real=0.12 secs] 
4818.919: [GC (Allocation Failure) [PSYoungGen: 21734654K->642097K(22609920K)] 22589375K->1497370K(25755648K), 0.1214733 secs] [Times: user=4.22 sys=0.01, real=0.12 secs] 
4823.302: [GC (Allocation Failure) [PSYoungGen: 21744689K->644533K(22609920K)] 22599962K->1500191K(25755648K), 0.1191819 secs] [Times: user=4.21 sys=0.00, real=0.12 secs] 
4827.723: [GC (Allocation Failure) [PSYoungGen: 21747125K->619486K(22609920K)] 22602783K->1475503K(25755648K), 0.1150736 secs] [Times: user=4.06 sys=0.00, real=0.11 secs] 
4832.179: [GC (Allocation Failure) [PSYoungGen: 21722078K->638538K(22609920K)] 22578095K->1495219K(25755648K), 0.1187441 secs] [Times: user=4.16 sys=0.00, real=0.12 secs] 
4836.535: [GC (Allocation Failure) [PSYoungGen: 21741130K->621092K(22609920K)] 22597811K->1478166K(25755648K), 0.1157412 secs] [Times: user=4.08 sys=0.00, real=0.11 secs] 
4840.888: [GC (Allocation Failure) [PSYoungGen: 21723684K->644809K(22609920K)] 22580758K->1502266K(25755648K), 0.1188074 secs] [Times: user=4.16 sys=0.00, real=0.12 secs] 
4845.194: [GC (Allocation Failure) [PSYoungGen: 21747401K->642244K(22609920K)] 22604858K->1500286K(25755648K), 0.1186971 secs] [Times: user=4.18 sys=0.00, real=0.12 secs] 
4849.622: [GC (Allocation Failure) [PSYoungGen: 21744836K->614154K(22609920K)] 22602878K->1472700K(25755648K), 0.1142681 secs] [Times: user=4.04 sys=0.01, real=0.12 secs] 
4854.135: [GC (Allocation Failure) [PSYoungGen: 21716746K->663305K(22609920K)] 22575292K->1522210K(25755648K), 0.1221632 secs] [Times: user=4.30 sys=0.00, real=0.13 secs] 
4858.490: [GC (Allocation Failure) [PSYoungGen: 21765897K->613465K(22609920K)] 22624802K->1472826K(25755648K), 0.1150384 secs] [Times: user=3.99 sys=0.00, real=0.11 secs] 
4862.918: [GC (Allocation Failure) [PSYoungGen: 21716057K->633534K(22609920K)] 22575418K->1493543K(25755648K), 0.1175841 secs] [Times: user=4.14 sys=0.00, real=0.11 secs] 
4867.237: [GC (Allocation Failure) [PSYoungGen: 21736126K->654953K(22609920K)] 22596135K->1515323K(25755648K), 0.1223726 secs] [Times: user=4.22 sys=0.00, real=0.13 secs] 
4871.660: [GC (Allocation Failure) [PSYoungGen: 21757545K->618004K(22609920K)] 22617915K->1478838K(25755648K), 0.1146634 secs] [Times: user=4.03 sys=0.00, real=0.11 secs] 
4875.993: [GC (Allocation Failure) [PSYoungGen: 21720596K->635440K(22609920K)] 22581430K->1496713K(25755648K), 0.1187484 secs] [Times: user=4.17 sys=0.01, real=0.12 secs] 
4880.334: [GC (Allocation Failure) [PSYoungGen: 21738032K->602202K(22609920K)] 22599305K->1463859K(25755648K), 0.1144983 secs] [Times: user=4.02 sys=0.00, real=0.11 secs] 
4884.618: [GC (Allocation Failure) [PSYoungGen: 21704794K->653968K(22609920K)] 22566451K->1516074K(25755648K), 0.1215450 secs] [Times: user=4.27 sys=0.00, real=0.12 secs] 
4889.039: [GC (Allocation Failure) [PSYoungGen: 21756560K->656118K(22609920K)] 22618666K->1518887K(25755648K), 0.1207172 secs] [Times: user=4.26 sys=0.00, real=0.12 secs] 
4893.412: [GC (Allocation Failure) [PSYoungGen: 21758710K->627699K(22609920K)] 22621479K->1490924K(25755648K), 0.1201233 secs] [Times: user=4.15 sys=0.00, real=0.12 secs] 
4897.625: [GC (Allocation Failure) [PSYoungGen: 21730291K->631023K(22609920K)] 22593516K->1494632K(25755648K), 0.1296177 secs] [Times: user=4.25 sys=0.01, real=0.13 secs] 
4902.241: [GC (Allocation Failure) [PSYoungGen: 21733615K->706778K(22609920K)] 22597224K->1571060K(25755648K), 0.3628254 secs] [Times: user=6.09 sys=0.00, real=0.37 secs] 
4906.374: [GC (Allocation Failure) [PSYoungGen: 21809370K->614426K(22609920K)] 22673652K->1479099K(25755648K), 0.1173946 secs] [Times: user=4.02 sys=0.00, real=0.12 secs] 
4910.691: [GC (Allocation Failure) [PSYoungGen: 21717018K->639002K(22609920K)] 22581691K->1504043K(25755648K), 0.1197666 secs] [Times: user=4.15 sys=0.01, real=0.12 secs] 
4915.068: [GC (Allocation Failure) [PSYoungGen: 21741594K->685116K(22609920K)] 22606635K->1550813K(25755648K), 0.1263526 secs] [Times: user=4.48 sys=0.00, real=0.12 secs] 
4919.331: [GC (Allocation Failure) [PSYoungGen: 21787708K->620938K(22609920K)] 22653405K->1486995K(25755648K), 0.1185950 secs] [Times: user=4.05 sys=0.00, real=0.12 secs] 
4923.640: [GC (Allocation Failure) [PSYoungGen: 21723530K->625154K(22609920K)] 22589587K->1491772K(25755648K), 0.1210514 secs] [Times: user=4.02 sys=0.01, real=0.12 secs] 
4927.807: [GC (Allocation Failure) [PSYoungGen: 21727746K->657870K(22609920K)] 22594364K->1525104K(25755648K), 0.1249252 secs] [Times: user=4.29 sys=0.00, real=0.12 secs] 
4932.131: [GC (Allocation Failure) [PSYoungGen: 21760462K->633028K(22609920K)] 22627696K->1500630K(25755648K), 0.1170470 secs] [Times: user=4.11 sys=0.00, real=0.12 secs] 
4936.520: [GC (Allocation Failure) [PSYoungGen: 21735620K->662910K(22609920K)] 22603222K->1530904K(25755648K), 0.1220910 secs] [Times: user=4.29 sys=0.00, real=0.12 secs] 
4940.911: [GC (Allocation Failure) [PSYoungGen: 21765502K->763052K(22609920K)] 22633496K->1631694K(25755648K), 0.3060583 secs] [Times: user=6.48 sys=0.00, real=0.30 secs] 
4945.198: [GC (Allocation Failure) [PSYoungGen: 21865644K->668409K(22609920K)] 22734286K->1537483K(25755648K), 0.1425283 secs] [Times: user=4.50 sys=0.02, real=0.15 secs] 
4949.568: [GC (Allocation Failure) [PSYoungGen: 21771001K->631620K(22609920K)] 22640075K->1501062K(25755648K), 0.1249354 secs] [Times: user=3.99 sys=0.00, real=0.13 secs] 
4953.893: [GC (Allocation Failure) [PSYoungGen: 21734212K->661701K(22609920K)] 22603654K->1531734K(25755648K), 0.1234467 secs] [Times: user=4.23 sys=0.01, real=0.12 secs] 
4958.044: [GC (Allocation Failure) [PSYoungGen: 21764293K->644490K(22609920K)] 22634326K->1515163K(25755648K), 0.1182478 secs] [Times: user=4.17 sys=0.00, real=0.11 secs] 
4962.258: [GC (Allocation Failure) [PSYoungGen: 21747082K->633700K(22609920K)] 22617755K->1504974K(25755648K), 0.1183620 secs] [Times: user=4.12 sys=0.01, real=0.12 secs] 
4966.513: [GC (Allocation Failure) [PSYoungGen: 21736292K->647833K(22609920K)] 22607566K->1519546K(25755648K), 0.1195727 secs] [Times: user=4.21 sys=0.00, real=0.11 secs] 
4970.728: [GC (Allocation Failure) [PSYoungGen: 21750425K->622932K(22609920K)] 22622138K->1495318K(25755648K), 0.1164324 secs] [Times: user=4.07 sys=0.00, real=0.12 secs] 
4974.944: [GC (Allocation Failure) [PSYoungGen: 21725524K->632121K(22609920K)] 22597910K->1504898K(25755648K), 0.1177583 secs] [Times: user=4.15 sys=0.01, real=0.12 secs] 
4979.201: [GC (Allocation Failure) [PSYoungGen: 21734713K->659589K(22609920K)] 22607490K->1532951K(25755648K), 0.1244465 secs] [Times: user=4.38 sys=0.00, real=0.13 secs] 
4983.375: [GC (Allocation Failure) [PSYoungGen: 21762181K->610653K(22609920K)] 22635543K->1484687K(25755648K), 0.1149121 secs] [Times: user=3.94 sys=0.00, real=0.12 secs] 
4987.638: [GC (Allocation Failure) [PSYoungGen: 21713245K->621838K(22609920K)] 22587279K->1496239K(25755648K), 0.1157642 secs] [Times: user=4.08 sys=0.00, real=0.11 secs] 
4991.923: [GC (Allocation Failure) [PSYoungGen: 21724430K->647738K(22609920K)] 22598831K->1522508K(25755648K), 0.1210110 secs] [Times: user=4.24 sys=0.00, real=0.12 secs] 
4996.178: [GC (Allocation Failure) [PSYoungGen: 21750330K->650746K(22609920K)] 22625100K->1526083K(25755648K), 0.1200841 secs] [Times: user=4.20 sys=0.00, real=0.12 secs] 
5000.468: [GC (Allocation Failure) [PSYoungGen: 21753338K->606872K(22609920K)] 22628675K->1482866K(25755648K), 0.1163212 secs] [Times: user=4.06 sys=0.01, real=0.11 secs] 
5004.759: [GC (Allocation Failure) [PSYoungGen: 21709464K->613188K(22609920K)] 22585458K->1489590K(25755648K), 0.1138630 secs] [Times: user=4.00 sys=0.00, real=0.12 secs] 
5008.839: [GC (Allocation Failure) [PSYoungGen: 21715780K->654345K(22609920K)] 22592182K->1531267K(25755648K), 0.1231757 secs] [Times: user=4.32 sys=0.00, real=0.13 secs] 
5013.187: [GC (Allocation Failure) [PSYoungGen: 21756937K->651636K(22609920K)] 22633859K->1529197K(25755648K), 0.1203590 secs] [Times: user=4.24 sys=0.00, real=0.12 secs] 
5017.389: [GC (Allocation Failure) [PSYoungGen: 21754228K->600132K(22609920K)] 22631789K->1478078K(25755648K), 0.1155467 secs] [Times: user=4.06 sys=0.00, real=0.12 secs] 
5021.702: [GC (Allocation Failure) [PSYoungGen: 21702724K->627722K(22609920K)] 22580670K->1506035K(25755648K), 0.1184032 secs] [Times: user=4.15 sys=0.00, real=0.11 secs] 
5025.808: [GC (Allocation Failure) [PSYoungGen: 21730314K->608644K(22609920K)] 22608627K->1487590K(25755648K), 0.1159696 secs] [Times: user=4.09 sys=0.00, real=0.12 secs] 
5030.029: [GC (Allocation Failure) [PSYoungGen: 21711236K->646845K(22609920K)] 22590182K->1526190K(25755648K), 0.1192950 secs] [Times: user=4.20 sys=0.00, real=0.12 secs] 
5034.283: [GC (Allocation Failure) [PSYoungGen: 21749437K->619694K(22609920K)] 22628782K->1499591K(25755648K), 0.1168076 secs] [Times: user=4.04 sys=0.00, real=0.12 secs] 
5038.246: [GC (Allocation Failure) [PSYoungGen: 21722286K->657101K(22609920K)] 22602183K->1537607K(25755648K), 0.1249487 secs] [Times: user=4.30 sys=0.00, real=0.12 secs] 
5042.395: [GC (Allocation Failure) [PSYoungGen: 21759693K->605737K(22609920K)] 22640199K->1486666K(25755648K), 0.1136328 secs] [Times: user=4.00 sys=0.00, real=0.12 secs] 
5046.642: [GC (Allocation Failure) [PSYoungGen: 21708329K->625546K(22609920K)] 22589258K->1506875K(25755648K), 0.1183699 secs] [Times: user=4.18 sys=0.00, real=0.12 secs] 
5050.793: [GC (Allocation Failure) [PSYoungGen: 21728138K->652998K(22609920K)] 22609467K->1534759K(25755648K), 0.1205318 secs] [Times: user=4.26 sys=0.00, real=0.12 secs] 
5054.948: [GC (Allocation Failure) [PSYoungGen: 21755590K->632873K(22609920K)] 22637351K->1515235K(25755648K), 0.1202521 secs] [Times: user=4.23 sys=0.01, real=0.12 secs] 
5059.083: [GC (Allocation Failure) [PSYoungGen: 21735465K->653528K(22609920K)] 22617827K->1536257K(25755648K), 0.1222633 secs] [Times: user=4.19 sys=0.00, real=0.12 secs] 
5063.330: [GC (Allocation Failure) [PSYoungGen: 21756120K->617332K(22609920K)] 22638849K->1500478K(25755648K), 0.1141675 secs] [Times: user=4.03 sys=0.00, real=0.11 secs] 
5067.492: [GC (Allocation Failure) [PSYoungGen: 21719924K->621679K(22609920K)] 22603070K->1505433K(25755648K), 0.1197248 secs] [Times: user=4.12 sys=0.00, real=0.12 secs] 
5071.569: [GC (Allocation Failure) [PSYoungGen: 21724271K->623364K(22609920K)] 22608025K->1507478K(25755648K), 0.1156758 secs] [Times: user=4.08 sys=0.00, real=0.12 secs] 
5075.816: [GC (Allocation Failure) [PSYoungGen: 21725956K->652647K(22609920K)] 22610070K->1537321K(25755648K), 0.1204476 secs] [Times: user=4.25 sys=0.00, real=0.12 secs] 
5080.001: [GC (Allocation Failure) [PSYoungGen: 21755239K->640324K(22609920K)] 22639913K->1525390K(25755648K), 0.1209373 secs] [Times: user=4.27 sys=0.00, real=0.12 secs] 
5084.285: [GC (Allocation Failure) [PSYoungGen: 21742916K->627655K(22609920K)] 22627982K->1513113K(25755648K), 0.1170629 secs] [Times: user=4.10 sys=0.00, real=0.12 secs] 
5088.540: [GC (Allocation Failure) [PSYoungGen: 21730247K->631293K(22609920K)] 22615705K->1517406K(25755648K), 0.1185201 secs] [Times: user=4.18 sys=0.00, real=0.12 secs] 
5092.744: [GC (Allocation Failure) [PSYoungGen: 21733885K->654812K(22609920K)] 22619998K->1541381K(25755648K), 0.1206547 secs] [Times: user=4.25 sys=0.01, real=0.12 secs] 
5096.994: [GC (Allocation Failure) [PSYoungGen: 21757404K->629177K(22609920K)] 22643973K->1516355K(25755648K), 0.1182296 secs] [Times: user=4.17 sys=0.00, real=0.11 secs] 
5101.035: [GC (Allocation Failure) [PSYoungGen: 21731769K->647639K(22609920K)] 22618947K->1535249K(25755648K), 0.1227815 secs] [Times: user=4.21 sys=0.00, real=0.12 secs] 
5105.211: [GC (Allocation Failure) [PSYoungGen: 21750231K->659265K(22609920K)] 22637841K->1547435K(25755648K), 0.1211992 secs] [Times: user=4.27 sys=0.00, real=0.12 secs] 
5109.302: [GC (Allocation Failure) [PSYoungGen: 21761857K->632971K(22609920K)] 22650027K->1521668K(25755648K), 0.1218532 secs] [Times: user=4.08 sys=0.00, real=0.12 secs] 
5113.255: [GC (Allocation Failure) [PSYoungGen: 21735563K->666294K(22609920K)] 22624260K->1555367K(25755648K), 0.1236661 secs] [Times: user=4.28 sys=0.01, real=0.13 secs] 
5117.427: [GC (Allocation Failure) [PSYoungGen: 21768886K->618137K(22609920K)] 22657959K->1507859K(25755648K), 0.1155143 secs] [Times: user=4.07 sys=0.00, real=0.11 secs] 
5121.558: [GC (Allocation Failure) [PSYoungGen: 21720729K->620423K(22609920K)] 22610451K->1510801K(25755648K), 0.1168358 secs] [Times: user=4.04 sys=0.00, real=0.11 secs] 
5125.632: [GC (Allocation Failure) [PSYoungGen: 21723015K->623310K(22609920K)] 22613393K->1514344K(25755648K), 0.1180085 secs] [Times: user=4.16 sys=0.00, real=0.12 secs] 
5129.684: [GC (Allocation Failure) [PSYoungGen: 21725902K->653954K(22609920K)] 22616936K->1545443K(25755648K), 0.1217005 secs] [Times: user=4.29 sys=0.00, real=0.12 secs] 
5133.773: [GC (Allocation Failure) [PSYoungGen: 21756546K->632252K(22609920K)] 22648035K->1524117K(25755648K), 0.1185400 secs] [Times: user=4.18 sys=0.01, real=0.12 secs] 
5137.837: [GC (Allocation Failure) [PSYoungGen: 21734844K->672790K(22609920K)] 22626709K->1565055K(25755648K), 0.1248446 secs] [Times: user=4.37 sys=0.00, real=0.13 secs] 
5142.047: [GC (Allocation Failure) [PSYoungGen: 21775382K->648088K(22609920K)] 22667647K->1540889K(25755648K), 0.1206869 secs] [Times: user=4.24 sys=0.00, real=0.12 secs] 
5146.095: [GC (Allocation Failure) [PSYoungGen: 21750680K->666221K(22609920K)] 22643481K->1559415K(25755648K), 0.1235322 secs] [Times: user=4.29 sys=0.00, real=0.12 secs] 
5150.252: [GC (Allocation Failure) [PSYoungGen: 21768813K->691046K(22609920K)] 22662007K->1584688K(25755648K), 0.1264253 secs] [Times: user=4.47 sys=0.00, real=0.12 secs] 
5154.291: [GC (Allocation Failure) [PSYoungGen: 21793638K->639703K(22609920K)] 22687280K->1533992K(25755648K), 0.1182299 secs] [Times: user=4.16 sys=0.00, real=0.12 secs] 
5158.389: [GC (Allocation Failure) [PSYoungGen: 21742295K->633001K(22609920K)] 22636584K->1527658K(25755648K), 0.1174861 secs] [Times: user=4.12 sys=0.00, real=0.12 secs] 
5162.544: [GC (Allocation Failure) [PSYoungGen: 21735593K->636627K(22609920K)] 22630250K->1531748K(25755648K), 0.1192420 secs] [Times: user=4.16 sys=0.00, real=0.12 secs] 
5166.711: [GC (Allocation Failure) [PSYoungGen: 21739219K->636243K(22609920K)] 22634340K->1531789K(25755648K), 0.1195745 secs] [Times: user=4.22 sys=0.01, real=0.12 secs] 
5170.821: [GC (Allocation Failure) [PSYoungGen: 21738835K->629356K(22609920K)] 22634381K->1525293K(25755648K), 0.1192964 secs] [Times: user=4.20 sys=0.00, real=0.12 secs] 
5174.953: [GC (Allocation Failure) [PSYoungGen: 21731948K->630436K(22609920K)] 22627885K->1527006K(25755648K), 0.1187086 secs] [Times: user=4.19 sys=0.00, real=0.12 secs] 
5178.987: [GC (Allocation Failure) [PSYoungGen: 21733028K->644865K(22609920K)] 22629598K->1541867K(25755648K), 0.1209850 secs] [Times: user=4.23 sys=0.01, real=0.12 secs] 
5183.102: [GC (Allocation Failure) [PSYoungGen: 21747457K->643845K(22609920K)] 22644459K->1541215K(25755648K), 0.1225694 secs] [Times: user=4.17 sys=0.00, real=0.12 secs] 
5187.149: [GC (Allocation Failure) [PSYoungGen: 21746437K->641204K(22609920K)] 22643807K->1539221K(25755648K), 0.1190276 secs] [Times: user=4.19 sys=0.00, real=0.12 secs] 
5191.256: [GC (Allocation Failure) [PSYoungGen: 21743796K->659887K(22609920K)] 22641813K->1558304K(25755648K), 0.1216178 secs] [Times: user=4.28 sys=0.00, real=0.13 secs] 
5195.422: [GC (Allocation Failure) [PSYoungGen: 21762479K->608201K(22609920K)] 22660896K->1507075K(25755648K), 0.1138155 secs] [Times: user=4.01 sys=0.00, real=0.11 secs] 
5199.366: [GC (Allocation Failure) [PSYoungGen: 21710793K->625664K(22609920K)] 22609667K->1525170K(25755648K), 0.1173307 secs] [Times: user=4.15 sys=0.00, real=0.12 secs] 
5203.378: [GC (Allocation Failure) [PSYoungGen: 21728256K->626963K(22609920K)] 22627762K->1526997K(25755648K), 0.1170127 secs] [Times: user=4.12 sys=0.01, real=0.12 secs] 
5207.408: [GC (Allocation Failure) [PSYoungGen: 21729555K->625157K(22609920K)] 22629589K->1525567K(25755648K), 0.1182980 secs] [Times: user=4.17 sys=0.00, real=0.12 secs] 
5211.354: [GC (Allocation Failure) [PSYoungGen: 21727749K->619904K(22609920K)] 22628159K->1520690K(25755648K), 0.1179809 secs] [Times: user=4.14 sys=0.00, real=0.12 secs] 
5215.423: [GC (Allocation Failure) [PSYoungGen: 21722496K->613185K(22609920K)] 22623282K->1514627K(25755648K), 0.1170499 secs] [Times: user=4.05 sys=0.01, real=0.11 secs] 
5219.462: [GC (Allocation Failure) [PSYoungGen: 21715777K->625210K(22609920K)] 22617219K->1527124K(25755648K), 0.1168840 secs] [Times: user=4.13 sys=0.01, real=0.12 secs] 
5223.530: [GC (Allocation Failure) [PSYoungGen: 21727802K->626590K(22609920K)] 22629716K->1528895K(25755648K), 0.1208335 secs] [Times: user=4.16 sys=0.00, real=0.12 secs] 
5227.588: [GC (Allocation Failure) [PSYoungGen: 21729182K->636383K(22609920K)] 22631487K->1539096K(25755648K), 0.1182976 secs] [Times: user=4.16 sys=0.00, real=0.12 secs] 
5231.610: [GC (Allocation Failure) [PSYoungGen: 21738975K->652891K(22609920K)] 22641688K->1556245K(25755648K), 0.1225628 secs] [Times: user=4.18 sys=0.00, real=0.12 secs] 
5235.708: [GC (Allocation Failure) [PSYoungGen: 21755483K->618020K(22609920K)] 22658837K->1521742K(25755648K), 0.1156809 secs] [Times: user=4.08 sys=0.00, real=0.11 secs] 
5239.748: [GC (Allocation Failure) [PSYoungGen: 21720612K->629620K(22609920K)] 22624334K->1533998K(25755648K), 0.1175521 secs] [Times: user=4.15 sys=0.00, real=0.12 secs] 
5243.907: [GC (Allocation Failure) [PSYoungGen: 21732212K->658707K(22609920K)] 22636590K->1563741K(25755648K), 0.1223367 secs] [Times: user=4.31 sys=0.00, real=0.12 secs] 
5247.899: [GC (Allocation Failure) [PSYoungGen: 21761299K->709064K(22609920K)] 22666333K->1614473K(25755648K), 0.1313520 secs] [Times: user=4.62 sys=0.00, real=0.13 secs] 
5251.925: [GC (Allocation Failure) [PSYoungGen: 21811656K->625764K(22609920K)] 22717065K->1531822K(25755648K), 0.1167897 secs] [Times: user=4.12 sys=0.00, real=0.12 secs] 
5256.128: [GC (Allocation Failure) [PSYoungGen: 21728356K->640889K(22609920K)] 22634414K->1547515K(25755648K), 0.1194730 secs] [Times: user=4.21 sys=0.00, real=0.12 secs] 
5260.167: [GC (Allocation Failure) [PSYoungGen: 21743481K->627396K(22609920K)] 22650107K->1534398K(25755648K), 0.1169111 secs] [Times: user=4.06 sys=0.00, real=0.12 secs] 
5264.213: [GC (Allocation Failure) [PSYoungGen: 21729988K->634916K(22609920K)] 22636990K->1542502K(25755648K), 0.1186044 secs] [Times: user=4.17 sys=0.01, real=0.12 secs] 
5268.003: [GC (Allocation Failure) [PSYoungGen: 21737508K->653703K(22609920K)] 22645094K->1561921K(25755648K), 0.1207951 secs] [Times: user=4.26 sys=0.00, real=0.12 secs] 
5271.877: [GC (Allocation Failure) [PSYoungGen: 21756295K->655045K(22609920K)] 22664513K->1563630K(25755648K), 0.1217960 secs] [Times: user=4.28 sys=0.00, real=0.12 secs] 
5275.843: [GC (Allocation Failure) [PSYoungGen: 21757637K->625256K(22609920K)] 22666222K->1534370K(25755648K), 0.1174061 secs] [Times: user=4.14 sys=0.01, real=0.12 secs] 
5279.845: [GC (Allocation Failure) [PSYoungGen: 21727848K->619548K(22609920K)] 22636962K->1529309K(25755648K), 0.1185684 secs] [Times: user=4.17 sys=0.00, real=0.12 secs] 
5283.958: [GC (Allocation Failure) [PSYoungGen: 21722140K->626340K(22609920K)] 22631901K->1536678K(25755648K), 0.1169999 secs] [Times: user=4.12 sys=0.00, real=0.12 secs] 
5287.890: [GC (Allocation Failure) [PSYoungGen: 21728932K->663962K(22609920K)] 22639270K->1574675K(25755648K), 0.1219492 secs] [Times: user=4.28 sys=0.00, real=0.12 secs] 
5291.856: [GC (Allocation Failure) [PSYoungGen: 21766554K->632836K(22609920K)] 22677267K->1544198K(25755648K), 0.1171807 secs] [Times: user=4.13 sys=0.00, real=0.11 secs] 
5295.715: [GC (Allocation Failure) [PSYoungGen: 21735428K->637450K(22609920K)] 22646790K->1549363K(25755648K), 0.1191495 secs] [Times: user=4.20 sys=0.00, real=0.12 secs] 
5299.830: [GC (Allocation Failure) [PSYoungGen: 21740042K->675444K(22609920K)] 22651955K->1587726K(25755648K), 0.1235423 secs] [Times: user=4.37 sys=0.00, real=0.12 secs] 
5303.864: [GC (Allocation Failure) [PSYoungGen: 21778036K->622084K(22609920K)] 22690318K->1534734K(25755648K), 0.1162614 secs] [Times: user=4.10 sys=0.01, real=0.12 secs] 
5307.694: [GC (Allocation Failure) [PSYoungGen: 21724676K->611961K(22609920K)] 22637326K->1525107K(25755648K), 0.1181437 secs] [Times: user=4.14 sys=0.00, real=0.12 secs] 
5311.665: [GC (Allocation Failure) [PSYoungGen: 21714553K->611172K(22609920K)] 22627699K->1524974K(25755648K), 0.1147602 secs] [Times: user=4.00 sys=0.00, real=0.12 secs] 
5315.571: [GC (Allocation Failure) [PSYoungGen: 21713764K->640607K(22609920K)] 22627566K->1554784K(25755648K), 0.1198391 secs] [Times: user=4.23 sys=0.00, real=0.12 secs] 
5319.632: [GC (Allocation Failure) [PSYoungGen: 21743199K->670276K(22609920K)] 22657376K->1584925K(25755648K), 0.1282850 secs] [Times: user=4.52 sys=0.00, real=0.13 secs] 
5323.504: [GC (Allocation Failure) [PSYoungGen: 21772868K->633827K(22609920K)] 22687517K->1548836K(25755648K), 0.1208962 secs] [Times: user=4.25 sys=0.00, real=0.12 secs] 
5327.382: [GC (Allocation Failure) [PSYoungGen: 21736419K->628333K(22609920K)] 22651428K->1543862K(25755648K), 0.1172301 secs] [Times: user=4.12 sys=0.00, real=0.12 secs] 
5331.188: [GC (Allocation Failure) [PSYoungGen: 21730925K->673223K(22609920K)] 22646454K->1589424K(25755648K), 0.1266437 secs] [Times: user=4.47 sys=0.00, real=0.13 secs] 
5334.959: [GC (Allocation Failure) [PSYoungGen: 21775815K->653587K(22609920K)] 22692016K->1570149K(25755648K), 0.1221257 secs] [Times: user=4.26 sys=0.00, real=0.13 secs] 
5338.877: [GC (Allocation Failure) [PSYoungGen: 21756179K->644669K(22609920K)] 22672741K->1561855K(25755648K), 0.1197207 secs] [Times: user=4.20 sys=0.00, real=0.12 secs] 
5342.849: [GC (Allocation Failure) [PSYoungGen: 21747261K->637433K(22609920K)] 22664447K->1554995K(25755648K), 0.1179125 secs] [Times: user=4.16 sys=0.00, real=0.12 secs] 
5346.819: [GC (Allocation Failure) [PSYoungGen: 21740025K->643453K(22609920K)] 22657587K->1561399K(25755648K), 0.1199448 secs] [Times: user=4.17 sys=0.00, real=0.12 secs] 
5350.807: [GC (Allocation Failure) [PSYoungGen: 21746045K->631268K(22609920K)] 22663991K->1549774K(25755648K), 0.1171629 secs] [Times: user=4.13 sys=0.00, real=0.12 secs] 
5354.685: [GC (Allocation Failure) [PSYoungGen: 21733860K->606180K(22609920K)] 22652366K->1525342K(25755648K), 0.1149496 secs] [Times: user=4.01 sys=0.00, real=0.11 secs] 
5358.607: [GC (Allocation Failure) [PSYoungGen: 21708772K->616516K(22609920K)] 22627934K->1536062K(25755648K), 0.1143238 secs] [Times: user=4.03 sys=0.00, real=0.11 secs] 
5362.469: [GC (Allocation Failure) [PSYoungGen: 21719108K->623060K(22609920K)] 22638654K->1543094K(25755648K), 0.1159885 secs] [Times: user=4.03 sys=0.00, real=0.12 secs] 
5366.368: [GC (Allocation Failure) [PSYoungGen: 21725652K->638516K(22609920K)] 22645686K->1559150K(25755648K), 0.1196259 secs] [Times: user=4.12 sys=0.01, real=0.12 secs] 
5370.362: [GC (Allocation Failure) [PSYoungGen: 21741108K->679697K(22609920K)] 22661742K->1600707K(25755648K), 0.1265705 secs] [Times: user=4.46 sys=0.00, real=0.13 secs] 
5374.275: [GC (Allocation Failure) [PSYoungGen: 21782289K->637764K(22609920K)] 22703299K->1559142K(25755648K), 0.1183675 secs] [Times: user=4.17 sys=0.00, real=0.12 secs] 
5378.255: [GC (Allocation Failure) [PSYoungGen: 21740356K->704697K(22609920K)] 22661734K->1626738K(25755648K), 0.1303266 secs] [Times: user=4.53 sys=0.00, real=0.13 secs] 
5382.183: [GC (Allocation Failure) [PSYoungGen: 21807289K->677289K(22609920K)] 22729330K->1599714K(25755648K), 0.1238529 secs] [Times: user=4.38 sys=0.00, real=0.13 secs] 
5386.085: [GC (Allocation Failure) [PSYoungGen: 21779881K->685494K(22609920K)] 22702306K->1608311K(25755648K), 0.1270101 secs] [Times: user=4.48 sys=0.00, real=0.13 secs] 
5389.944: [GC (Allocation Failure) [PSYoungGen: 21788086K->743675K(22609920K)] 22710903K->1666868K(25755648K), 0.1360664 secs] [Times: user=4.80 sys=0.00, real=0.14 secs] 
5393.837: [GC (Allocation Failure) [PSYoungGen: 21846267K->677882K(22609920K)] 22769460K->1601531K(25755648K), 0.1279866 secs] [Times: user=4.39 sys=0.00, real=0.13 secs] 
5397.753: [GC (Allocation Failure) [PSYoungGen: 21780474K->653359K(22609920K)] 22704123K->1577400K(25755648K), 0.1281593 secs] [Times: user=4.28 sys=0.01, real=0.13 secs] 
5401.577: [GC (Allocation Failure) [PSYoungGen: 21755951K->636291K(22609920K)] 22679992K->1560701K(25755648K), 0.1190209 secs] [Times: user=4.21 sys=0.00, real=0.12 secs] 
5405.464: [GC (Allocation Failure) [PSYoungGen: 21738883K->618825K(22609920K)] 22663293K->1543786K(25755648K), 0.1165800 secs] [Times: user=4.02 sys=0.00, real=0.12 secs] 
5409.285: [GC (Allocation Failure) [PSYoungGen: 21721417K->640238K(22609920K)] 22646378K->1565592K(25755648K), 0.1194950 secs] [Times: user=4.22 sys=0.00, real=0.12 secs] 
5413.190: [GC (Allocation Failure) [PSYoungGen: 21742830K->674599K(22609920K)] 22668184K->1600409K(25755648K), 0.1264291 secs] [Times: user=4.47 sys=0.00, real=0.13 secs] 
5417.016: [GC (Allocation Failure) [PSYoungGen: 21777191K->674368K(22609920K)] 22703001K->1600562K(25755648K), 0.1257611 secs] [Times: user=4.40 sys=0.00, real=0.12 secs] 
5420.871: [GC (Allocation Failure) [PSYoungGen: 21776960K->659854K(22609920K)] 22703154K->1586431K(25755648K), 0.1211831 secs] [Times: user=4.28 sys=0.00, real=0.13 secs] 
5424.746: [GC (Allocation Failure) [PSYoungGen: 21762446K->643098K(22609920K)] 22689023K->1570236K(25755648K), 0.1207004 secs] [Times: user=4.25 sys=0.01, real=0.12 secs] 
5428.574: [GC (Allocation Failure) [PSYoungGen: 21745690K->688976K(22609920K)] 22672828K->1616769K(25755648K), 0.1274542 secs] [Times: user=4.46 sys=0.00, real=0.12 secs] 
5432.405: [GC (Allocation Failure) [PSYoungGen: 21791568K->640258K(22609920K)] 22719361K->1568411K(25755648K), 0.1185224 secs] [Times: user=4.18 sys=0.00, real=0.11 secs] 
5436.188: [GC (Allocation Failure) [PSYoungGen: 21742850K->724804K(22609920K)] 22671003K->1653342K(25755648K), 0.1328042 secs] [Times: user=4.69 sys=0.00, real=0.13 secs] 
5440.038: [GC (Allocation Failure) [PSYoungGen: 21827396K->737000K(22609920K)] 22755934K->1666122K(25755648K), 0.1351951 secs] [Times: user=4.78 sys=0.00, real=0.13 secs] 
5443.942: [GC (Allocation Failure) [PSYoungGen: 21839592K->646708K(22609920K)] 22768714K->1576206K(25755648K), 0.1191824 secs] [Times: user=4.21 sys=0.00, real=0.12 secs] 
5447.765: [GC (Allocation Failure) [PSYoungGen: 21749300K->703891K(22609920K)] 22678798K->1633989K(25755648K), 0.1290675 secs] [Times: user=4.53 sys=0.00, real=0.13 secs] 
5451.711: [GC (Allocation Failure) [PSYoungGen: 21806483K->659800K(22609920K)] 22736581K->1590554K(25755648K), 0.1220137 secs] [Times: user=4.31 sys=0.00, real=0.12 secs] 
5455.614: [GC (Allocation Failure) [PSYoungGen: 21762392K->650695K(22609920K)] 22693146K->1581832K(25755648K), 0.1222421 secs] [Times: user=4.27 sys=0.00, real=0.12 secs] 
5459.525: [GC (Allocation Failure) [PSYoungGen: 21753287K->638195K(22609920K)] 22684424K->1569788K(25755648K), 0.1198482 secs] [Times: user=4.20 sys=0.00, real=0.12 secs] 
5463.370: [GC (Allocation Failure) [PSYoungGen: 21740787K->647881K(22609920K)] 22672380K->1579858K(25755648K), 0.1199674 secs] [Times: user=4.21 sys=0.00, real=0.12 secs] 
5467.157: [GC (Allocation Failure) [PSYoungGen: 21750473K->677429K(22609920K)] 22682450K->1609831K(25755648K), 0.1250135 secs] [Times: user=4.41 sys=0.00, real=0.13 secs] 
5470.889: [GC (Allocation Failure) [PSYoungGen: 21780021K->671497K(22609920K)] 22712423K->1604539K(25755648K), 0.1244881 secs] [Times: user=4.39 sys=0.00, real=0.13 secs] 
5474.653: [GC (Allocation Failure) [PSYoungGen: 21774089K->649687K(22609920K)] 22707131K->1583384K(25755648K), 0.1211003 secs] [Times: user=4.25 sys=0.00, real=0.12 secs] 
5478.448: [GC (Allocation Failure) [PSYoungGen: 21752279K->638385K(22609920K)] 22685976K->1572466K(25755648K), 0.1226270 secs] [Times: user=4.21 sys=0.00, real=0.12 secs] 
5482.193: [GC (Allocation Failure) [PSYoungGen: 21740977K->696951K(22609920K)] 22675058K->1631448K(25755648K), 0.1299682 secs] [Times: user=4.54 sys=0.00, real=0.13 secs] 
5486.003: [GC (Allocation Failure) [PSYoungGen: 21799543K->721620K(22609920K)] 22734040K->1656789K(25755648K), 0.1325368 secs] [Times: user=4.69 sys=0.01, real=0.13 secs] 
5489.705: [GC (Allocation Failure) [PSYoungGen: 21824212K->650052K(22609920K)] 22759381K->1585886K(25755648K), 0.1202352 secs] [Times: user=4.21 sys=0.00, real=0.12 secs] 
5493.499: [GC (Allocation Failure) [PSYoungGen: 21752644K->639604K(22609920K)] 22688478K->1575798K(25755648K), 0.1209590 secs] [Times: user=4.14 sys=0.00, real=0.12 secs] 
5497.312: [GC (Allocation Failure) [PSYoungGen: 21742196K->631076K(22609920K)] 22678390K->1567982K(25755648K), 0.1180571 secs] [Times: user=4.11 sys=0.01, real=0.12 secs] 
5501.176: [GC (Allocation Failure) [PSYoungGen: 21733668K->678185K(22609920K)] 22670574K->1615731K(25755648K), 0.1251004 secs] [Times: user=4.39 sys=0.00, real=0.12 secs] 
5505.070: [GC (Allocation Failure) [PSYoungGen: 21780777K->706551K(22609920K)] 22718323K->1644472K(25755648K), 0.1294198 secs] [Times: user=4.57 sys=0.00, real=0.13 secs] 
5508.850: [GC (Allocation Failure) [PSYoungGen: 21809143K->705926K(22609920K)] 22747064K->1644520K(25755648K), 0.1302982 secs] [Times: user=4.60 sys=0.00, real=0.13 secs] 
5512.616: [GC (Allocation Failure) [PSYoungGen: 21808518K->642622K(22609920K)] 22747112K->1581807K(25755648K), 0.1224485 secs] [Times: user=4.29 sys=0.01, real=0.12 secs] 
5516.470: [GC (Allocation Failure) [PSYoungGen: 21745214K->657640K(22609920K)] 22684399K->1597202K(25755648K), 0.1223297 secs] [Times: user=4.28 sys=0.00, real=0.12 secs] 
5520.261: [GC (Allocation Failure) [PSYoungGen: 21760232K->684401K(22609920K)] 22699794K->1624507K(25755648K), 0.1260638 secs] [Times: user=4.46 sys=0.00, real=0.13 secs] 
5524.060: [GC (Allocation Failure) [PSYoungGen: 21786993K->669934K(22609920K)] 22727099K->1610735K(25755648K), 0.1231040 secs] [Times: user=4.35 sys=0.00, real=0.12 secs] 
5527.860: [GC (Allocation Failure) [PSYoungGen: 21772526K->672514K(22609920K)] 22713327K->1613708K(25755648K), 0.1247228 secs] [Times: user=4.41 sys=0.00, real=0.12 secs] 
5531.635: [GC (Allocation Failure) [PSYoungGen: 21775106K->640042K(22609920K)] 22716300K->1581611K(25755648K), 0.1190927 secs] [Times: user=4.19 sys=0.00, real=0.12 secs] 
5535.387: [GC (Allocation Failure) [PSYoungGen: 21742634K->666357K(22609920K)] 22684203K->1608590K(25755648K), 0.1220707 secs] [Times: user=4.31 sys=0.00, real=0.12 secs] 
5539.137: [GC (Allocation Failure) [PSYoungGen: 21768949K->653108K(22609920K)] 22711182K->1595950K(25755648K), 0.1211120 secs] [Times: user=4.27 sys=0.00, real=0.12 secs] 
5542.823: [GC (Allocation Failure) [PSYoungGen: 21755700K->633700K(22609920K)] 22698542K->1576918K(25755648K), 0.1177584 secs] [Times: user=4.10 sys=0.00, real=0.12 secs] 
5546.577: [GC (Allocation Failure) [PSYoungGen: 21736292K->627673K(22609920K)] 22679510K->1571419K(25755648K), 0.1161880 secs] [Times: user=4.10 sys=0.00, real=0.12 secs] 
5550.364: [GC (Allocation Failure) [PSYoungGen: 21730265K->643833K(22609920K)] 22674011K->1588195K(25755648K), 0.1192096 secs] [Times: user=4.20 sys=0.00, real=0.12 secs] 
5554.066: [GC (Allocation Failure) [PSYoungGen: 21746425K->638644K(22609920K)] 22690787K->1583374K(25755648K), 0.1188323 secs] [Times: user=4.19 sys=0.00, real=0.12 secs] 
5557.785: [GC (Allocation Failure) [PSYoungGen: 21741236K->613892K(22609920K)] 22685966K->1559006K(25755648K), 0.1183861 secs] [Times: user=4.16 sys=0.01, real=0.12 secs] 
5561.369: [GC (Allocation Failure) [PSYoungGen: 21716484K->630493K(22609920K)] 22661598K->1576167K(25755648K), 0.1180732 secs] [Times: user=4.17 sys=0.00, real=0.12 secs] 
5565.134: [GC (Allocation Failure) [PSYoungGen: 21733085K->662634K(22609920K)] 22678759K->1608691K(25755648K), 0.1241723 secs] [Times: user=4.33 sys=0.00, real=0.13 secs] 
5568.884: [GC (Allocation Failure) [PSYoungGen: 21765226K->653102K(22609920K)] 22711283K->1599768K(25755648K), 0.1212716 secs] [Times: user=4.27 sys=0.01, real=0.12 secs] 
5572.670: [GC (Allocation Failure) [PSYoungGen: 21755694K->629471K(22609920K)] 22702360K->1576761K(25755648K), 0.1201746 secs] [Times: user=4.14 sys=0.00, real=0.12 secs] 
5576.223: [GC (Allocation Failure) [PSYoungGen: 21732063K->657450K(22609920K)] 22679353K->1605099K(25755648K), 0.1221997 secs] [Times: user=4.31 sys=0.00, real=0.12 secs] 
5580.044: [GC (Allocation Failure) [PSYoungGen: 21760042K->665008K(22609920K)] 22707691K->1613033K(25755648K), 0.1236736 secs] [Times: user=4.35 sys=0.01, real=0.13 secs] 
5583.786: [GC (Allocation Failure) [PSYoungGen: 21767600K->668802K(22609920K)] 22715625K->1617491K(25755648K), 0.1231588 secs] [Times: user=4.35 sys=0.00, real=0.13 secs] 
5587.576: [GC (Allocation Failure) [PSYoungGen: 21771394K->645692K(22609920K)] 22720083K->1595053K(25755648K), 0.1228730 secs] [Times: user=4.23 sys=0.00, real=0.13 secs] 
5591.310: [GC (Allocation Failure) [PSYoungGen: 21748284K->666285K(22609920K)] 22697645K->1616031K(25755648K), 0.1238893 secs] [Times: user=4.34 sys=0.00, real=0.12 secs] 
5595.163: [GC (Allocation Failure) [PSYoungGen: 21768877K->657065K(22609920K)] 22718623K->1607163K(25755648K), 0.1285996 secs] [Times: user=4.30 sys=0.00, real=0.13 secs] 
5598.909: [GC (Allocation Failure) [PSYoungGen: 21759657K->654729K(22609920K)] 22709755K->1605483K(25755648K), 0.1224263 secs] [Times: user=4.30 sys=0.00, real=0.13 secs] 
5602.603: [GC (Allocation Failure) [PSYoungGen: 21757321K->654794K(22609920K)] 22708075K->1606195K(25755648K), 0.1226104 secs] [Times: user=4.22 sys=0.00, real=0.12 secs] 
5606.184: [GC (Allocation Failure) [PSYoungGen: 21757386K->697933K(22609920K)] 22708787K->1649806K(25755648K), 0.1286501 secs] [Times: user=4.56 sys=0.00, real=0.13 secs] 
5609.935: [GC (Allocation Failure) [PSYoungGen: 21800525K->651661K(22609920K)] 22752398K->1603911K(25755648K), 0.1229568 secs] [Times: user=4.24 sys=0.00, real=0.12 secs] 
5613.637: [GC (Allocation Failure) [PSYoungGen: 21754253K->643405K(22609920K)] 22706503K->1596151K(25755648K), 0.1197834 secs] [Times: user=4.23 sys=0.00, real=0.12 secs] 
5617.213: [GC (Allocation Failure) [PSYoungGen: 21745997K->680630K(22609920K)] 22698743K->1633824K(25755648K), 0.1279472 secs] [Times: user=4.48 sys=0.00, real=0.12 secs] 
5620.903: [GC (Allocation Failure) [PSYoungGen: 21783222K->640607K(22609920K)] 22736416K->1594192K(25755648K), 0.1237486 secs] [Times: user=4.29 sys=0.00, real=0.13 secs] 
5624.515: [GC (Allocation Failure) [PSYoungGen: 21743199K->650086K(22609920K)] 22696784K->1604167K(25755648K), 0.1217090 secs] [Times: user=4.26 sys=0.01, real=0.12 secs] 
5628.226: [GC (Allocation Failure) [PSYoungGen: 21752678K->703977K(22609920K)] 22706759K->1658546K(25755648K), 0.1295345 secs] [Times: user=4.58 sys=0.00, real=0.13 secs] 
5631.887: [GC (Allocation Failure) [PSYoungGen: 21806569K->657805K(22609920K)] 22761138K->1613023K(25755648K), 0.1225891 secs] [Times: user=4.31 sys=0.00, real=0.12 secs] 
5635.488: [GC (Allocation Failure) [PSYoungGen: 21760397K->644873K(22609920K)] 22715615K->1600595K(25755648K), 0.1190635 secs] [Times: user=4.20 sys=0.00, real=0.12 secs] 
5639.231: [GC (Allocation Failure) [PSYoungGen: 21747465K->668480K(22609920K)] 22703187K->1624585K(25755648K), 0.1258352 secs] [Times: user=4.39 sys=0.00, real=0.13 secs] 
5642.945: [GC (Allocation Failure) [PSYoungGen: 21771072K->686930K(22609920K)] 22727177K->1643420K(25755648K), 0.1283466 secs] [Times: user=4.48 sys=0.00, real=0.13 secs] 
5646.603: [GC (Allocation Failure) [PSYoungGen: 21789522K->639033K(22609920K)] 22746012K->1596171K(25755648K), 0.1188887 secs] [Times: user=4.19 sys=0.00, real=0.12 secs] 
5650.177: [GC (Allocation Failure) [PSYoungGen: 21741625K->676962K(22609920K)] 22698763K->1634443K(25755648K), 0.1252951 secs] [Times: user=4.40 sys=0.01, real=0.12 secs] 
5653.835: [GC (Allocation Failure) [PSYoungGen: 21779554K->665906K(22609920K)] 22737035K->1623764K(25755648K), 0.1250708 secs] [Times: user=4.43 sys=0.00, real=0.13 secs] 
5657.487: [GC (Allocation Failure) [PSYoungGen: 21768498K->651782K(22609920K)] 22726356K->1610120K(25755648K), 0.1221815 secs] [Times: user=4.27 sys=0.00, real=0.13 secs] 
5661.187: [GC (Allocation Failure) [PSYoungGen: 21754374K->661310K(22609920K)] 22712712K->1620295K(25755648K), 0.1228243 secs] [Times: user=4.29 sys=0.00, real=0.13 secs] 
5664.985: [GC (Allocation Failure) [PSYoungGen: 21763902K->656258K(22609920K)] 22722887K->1615723K(25755648K), 0.1219736 secs] [Times: user=4.30 sys=0.00, real=0.12 secs] 
5668.688: [GC (Allocation Failure) [PSYoungGen: 21758850K->643389K(22609920K)] 22718315K->1603246K(25755648K), 0.1212298 secs] [Times: user=4.23 sys=0.00, real=0.12 secs] 
5672.244: [GC (Allocation Failure) [PSYoungGen: 21745981K->671931K(22609920K)] 22705838K->1632157K(25755648K), 0.1274097 secs] [Times: user=4.46 sys=0.00, real=0.13 secs] 
5675.963: [GC (Allocation Failure) [PSYoungGen: 21774523K->664035K(22609920K)] 22734749K->1624925K(25755648K), 0.1253409 secs] [Times: user=4.42 sys=0.00, real=0.12 secs] 
5679.614: [GC (Allocation Failure) [PSYoungGen: 21766627K->620665K(22609920K)] 22727517K->1581938K(25755648K), 0.1193672 secs] [Times: user=4.19 sys=0.00, real=0.12 secs] 
5683.153: [GC (Allocation Failure) [PSYoungGen: 21723257K->697720K(22609920K)] 22684530K->1659370K(25755648K), 0.1318881 secs] [Times: user=4.57 sys=0.00, real=0.13 secs] 
5686.753: [GC (Allocation Failure) [PSYoungGen: 21800312K->649246K(22609920K)] 22761962K->1611320K(25755648K), 0.1206679 secs] [Times: user=4.26 sys=0.00, real=0.13 secs] 
5690.429: [GC (Allocation Failure) [PSYoungGen: 21751838K->662824K(22609920K)] 22713912K->1625410K(25755648K), 0.1231943 secs] [Times: user=4.36 sys=0.00, real=0.12 secs] 
5694.038: [GC (Allocation Failure) [PSYoungGen: 21765416K->649661K(22609920K)] 22728002K->1612615K(25755648K), 0.1217668 secs] [Times: user=4.20 sys=0.01, real=0.12 secs] 
5697.645: [GC (Allocation Failure) [PSYoungGen: 21752253K->676865K(22609920K)] 22715207K->1640418K(25755648K), 0.1267602 secs] [Times: user=4.47 sys=0.00, real=0.12 secs] 
5701.270: [GC (Allocation Failure) [PSYoungGen: 21779457K->639257K(22609920K)] 22743010K->1603347K(25755648K), 0.1217082 secs] [Times: user=4.21 sys=0.00, real=0.12 secs] 
5704.793: [GC (Allocation Failure) [PSYoungGen: 21741849K->658985K(22609920K)] 22705939K->1623690K(25755648K), 0.1240589 secs] [Times: user=4.38 sys=0.00, real=0.13 secs] 
5708.484: [GC (Allocation Failure) [PSYoungGen: 21761577K->647603K(22609920K)] 22726282K->1612765K(25755648K), 0.1226583 secs] [Times: user=4.27 sys=0.01, real=0.13 secs] 
5712.216: [GC (Allocation Failure) [PSYoungGen: 21750195K->672654K(22609920K)] 22715357K->1638200K(25755648K), 0.1251324 secs] [Times: user=4.41 sys=0.00, real=0.13 secs] 
5715.906: [GC (Allocation Failure) [PSYoungGen: 21775246K->639071K(22609920K)] 22740792K->1604968K(25755648K), 0.1247506 secs] [Times: user=4.26 sys=0.00, real=0.13 secs] 
5719.653: [GC (Allocation Failure) [PSYoungGen: 21741663K->683477K(22609920K)] 22707560K->1649918K(25755648K), 0.1260913 secs] [Times: user=4.46 sys=0.00, real=0.13 secs] 
5723.357: [GC (Allocation Failure) [PSYoungGen: 21786069K->679210K(22609920K)] 22752510K->1646283K(25755648K), 0.1263857 secs] [Times: user=4.45 sys=0.00, real=0.13 secs] 
5726.917: [GC (Allocation Failure) [PSYoungGen: 21781802K->753207K(22609920K)] 22748875K->1720648K(25755648K), 0.1374926 secs] [Times: user=4.86 sys=0.00, real=0.14 secs] 
5730.630: [GC (Allocation Failure) [PSYoungGen: 21855799K->667295K(22609920K)] 22823240K->1635112K(25755648K), 0.1244602 secs] [Times: user=4.38 sys=0.00, real=0.12 secs] 
5734.212: [GC (Allocation Failure) [PSYoungGen: 21769887K->679945K(22609920K)] 22737704K->1648275K(25755648K), 0.1256451 secs] [Times: user=4.42 sys=0.00, real=0.12 secs] 
5737.770: [GC (Allocation Failure) [PSYoungGen: 21782537K->623172K(22609920K)] 22750867K->1592126K(25755648K), 0.1172352 secs] [Times: user=4.08 sys=0.00, real=0.12 secs] 
5741.458: [GC (Allocation Failure) [PSYoungGen: 21725764K->642026K(22609920K)] 22694718K->1611619K(25755648K), 0.1212868 secs] [Times: user=4.28 sys=0.00, real=0.12 secs] 
5745.128: [GC (Allocation Failure) [PSYoungGen: 21744618K->669145K(22609920K)] 22714211K->1639123K(25755648K), 0.1234843 secs] [Times: user=4.37 sys=0.00, real=0.12 secs] 
5748.714: [GC (Allocation Failure) [PSYoungGen: 21771737K->643818K(22609920K)] 22741715K->1614140K(25755648K), 0.1206479 secs] [Times: user=4.24 sys=0.00, real=0.12 secs] 
5752.492: [GC (Allocation Failure) [PSYoungGen: 21746410K->713405K(22609920K)] 22716732K->1684398K(25755648K), 0.1312525 secs] [Times: user=4.63 sys=0.00, real=0.14 secs] 
5756.132: [GC (Allocation Failure) [PSYoungGen: 21815997K->681617K(22609920K)] 22786990K->1653147K(25755648K), 0.1261374 secs] [Times: user=4.45 sys=0.00, real=0.13 secs] 
5759.694: [GC (Allocation Failure) [PSYoungGen: 21784209K->667123K(22609920K)] 22755739K->1639020K(25755648K), 0.1236409 secs] [Times: user=4.37 sys=0.00, real=0.12 secs] 
5763.322: [GC (Allocation Failure) [PSYoungGen: 21769715K->713164K(22609920K)] 22741612K->1685549K(25755648K), 0.1310360 secs] [Times: user=4.63 sys=0.00, real=0.13 secs] 
5766.872: [GC (Allocation Failure) [PSYoungGen: 21815756K->653790K(22609920K)] 22788141K->1626751K(25755648K), 0.1225680 secs] [Times: user=4.26 sys=0.01, real=0.12 secs] 
5770.422: [GC (Allocation Failure) [PSYoungGen: 21756382K->710368K(22609920K)] 22729343K->1683930K(25755648K), 0.1308023 secs] [Times: user=4.61 sys=0.00, real=0.13 secs] 
5773.982: [GC (Allocation Failure) [PSYoungGen: 21812960K->678527K(22609920K)] 22786522K->1652480K(25755648K), 0.1254762 secs] [Times: user=4.44 sys=0.01, real=0.13 secs] 
5777.589: [GC (Allocation Failure) [PSYoungGen: 21781119K->656196K(22609920K)] 22755072K->1630518K(25755648K), 0.1220131 secs] [Times: user=4.30 sys=0.00, real=0.12 secs] 
5781.107: [GC (Allocation Failure) [PSYoungGen: 21758788K->656392K(22609920K)] 22733110K->1631130K(25755648K), 0.1221456 secs] [Times: user=4.25 sys=0.01, real=0.13 secs] 
5784.682: [GC (Allocation Failure) [PSYoungGen: 21758984K->637353K(22609920K)] 22733722K->1612467K(25755648K), 0.1213271 secs] [Times: user=4.17 sys=0.00, real=0.12 secs] 
5788.223: [GC (Allocation Failure) [PSYoungGen: 21739945K->658628K(22609920K)] 22715059K->1634318K(25755648K), 0.1214654 secs] [Times: user=4.28 sys=0.00, real=0.12 secs] 
5791.874: [GC (Allocation Failure) [PSYoungGen: 21761220K->715422K(22609920K)] 22736910K->1691576K(25755648K), 0.1316053 secs] [Times: user=4.66 sys=0.00, real=0.13 secs] 
5795.482: [GC (Allocation Failure) [PSYoungGen: 21818014K->674222K(22609920K)] 22794168K->1650759K(25755648K), 0.1251617 secs] [Times: user=4.40 sys=0.00, real=0.12 secs] 
5799.049: [GC (Allocation Failure) [PSYoungGen: 21776814K->672793K(22609920K)] 22753351K->1649947K(25755648K), 0.1237860 secs] [Times: user=4.38 sys=0.00, real=0.13 secs] 
5802.575: [GC (Allocation Failure) [PSYoungGen: 21775385K->650692K(22609920K)] 22752539K->1628510K(25755648K), 0.1214014 secs] [Times: user=4.28 sys=0.01, real=0.12 secs] 
5806.205: [GC (Allocation Failure) [PSYoungGen: 21753284K->647012K(22609920K)] 22731102K->1625486K(25755648K), 0.1205164 secs] [Times: user=4.20 sys=0.00, real=0.12 secs] 
5809.629: [GC (Allocation Failure) [PSYoungGen: 21749604K->628614K(22609920K)] 22728078K->1607439K(25755648K), 0.1191635 secs] [Times: user=4.05 sys=0.00, real=0.12 secs] 
5813.286: [GC (Allocation Failure) [PSYoungGen: 21731206K->645971K(22609920K)] 22710031K->1625189K(25755648K), 0.1218163 secs] [Times: user=4.28 sys=0.00, real=0.12 secs] 
5816.983: [GC (Allocation Failure) [PSYoungGen: 21748563K->648804K(22609920K)] 22727781K->1628670K(25755648K), 0.1239936 secs] [Times: user=4.18 sys=0.00, real=0.13 secs] 
5820.578: [GC (Allocation Failure) [PSYoungGen: 21751396K->621017K(22609920K)] 22731262K->1601234K(25755648K), 0.1165448 secs] [Times: user=4.11 sys=0.00, real=0.12 secs] 
5824.046: [GC (Allocation Failure) [PSYoungGen: 21723609K->701705K(22609920K)] 22703826K->1682498K(25755648K), 0.1280517 secs] [Times: user=4.52 sys=0.00, real=0.12 secs] 
5827.558: [GC (Allocation Failure) [PSYoungGen: 21804297K->638340K(22609920K)] 22785090K->1619814K(25755648K), 0.1239411 secs] [Times: user=4.17 sys=0.00, real=0.12 secs] 
5831.098: [GC (Allocation Failure) [PSYoungGen: 21740932K->791613K(22609920K)] 22722406K->1773742K(25755648K), 0.1487772 secs] [Times: user=5.12 sys=0.00, real=0.15 secs] 
5834.618: [GC (Allocation Failure) [PSYoungGen: 21894205K->676036K(22609920K)] 22876334K->1658526K(25755648K), 0.1272295 secs] [Times: user=4.36 sys=0.00, real=0.13 secs] 
5838.179: [GC (Allocation Failure) [PSYoungGen: 21778628K->683325K(22609920K)] 22761118K->1666486K(25755648K), 0.1291830 secs] [Times: user=4.49 sys=0.01, real=0.13 secs] 
5841.785: [GC (Allocation Failure) [PSYoungGen: 21785917K->710202K(22609920K)] 22769078K->1693995K(25755648K), 0.1344974 secs] [Times: user=4.61 sys=0.00, real=0.14 secs] 
5845.315: [GC (Allocation Failure) [PSYoungGen: 21812794K->657915K(22609920K)] 22796587K->1642101K(25755648K), 0.1290674 secs] [Times: user=4.25 sys=0.00, real=0.13 secs] 
5848.829: [GC (Allocation Failure) [PSYoungGen: 21760507K->717275K(22609920K)] 22744693K->1701836K(25755648K), 0.1345676 secs] [Times: user=4.63 sys=0.00, real=0.13 secs] 
5852.401: [GC (Allocation Failure) [PSYoungGen: 21819867K->663363K(22609920K)] 22804428K->1648564K(25755648K), 0.1265616 secs] [Times: user=4.30 sys=0.01, real=0.12 secs] 
5855.901: [GC (Allocation Failure) [PSYoungGen: 21765955K->728364K(22609920K)] 22751156K->1713957K(25755648K), 0.1347256 secs] [Times: user=4.72 sys=0.00, real=0.13 secs] 
5859.367: [GC (Allocation Failure) [PSYoungGen: 21830956K->647876K(22609920K)] 22816549K->1633822K(25755648K), 0.1206419 secs] [Times: user=4.22 sys=0.00, real=0.12 secs] 
5862.880: [GC (Allocation Failure) [PSYoungGen: 21750468K->669076K(22609920K)] 22736414K->1655622K(25755648K), 0.1247950 secs] [Times: user=4.32 sys=0.00, real=0.12 secs] 
5866.357: [GC (Allocation Failure) [PSYoungGen: 21771668K->648281K(22609920K)] 22758214K->1635459K(25755648K), 0.1205307 secs] [Times: user=4.24 sys=0.00, real=0.12 secs] 
5869.882: [GC (Allocation Failure) [PSYoungGen: 21750873K->669575K(22609920K)] 22738051K->1657321K(25755648K), 0.1253671 secs] [Times: user=4.33 sys=0.00, real=0.12 secs] 
5873.444: [GC (Allocation Failure) [PSYoungGen: 21772167K->651885K(22609920K)] 22759913K->1640014K(25755648K), 0.1241744 secs] [Times: user=4.23 sys=0.00, real=0.12 secs] 
5877.034: [GC (Allocation Failure) [PSYoungGen: 21754477K->733532K(22609920K)] 22742606K->1722061K(25755648K), 0.1348061 secs] [Times: user=4.77 sys=0.00, real=0.13 secs] 
5880.698: [GC (Allocation Failure) [PSYoungGen: 21836124K->624122K(22609920K)] 22824653K->1613308K(25755648K), 0.1184301 secs] [Times: user=4.05 sys=0.00, real=0.12 secs] 
5884.137: [GC (Allocation Failure) [PSYoungGen: 21726714K->680027K(22609920K)] 22715900K->1669581K(25755648K), 0.1297672 secs] [Times: user=4.40 sys=0.00, real=0.13 secs] 
5887.693: [GC (Allocation Failure) [PSYoungGen: 21782619K->683229K(22609920K)] 22772173K->1673166K(25755648K), 0.1270904 secs] [Times: user=4.49 sys=0.00, real=0.13 secs] 
5891.243: [GC (Allocation Failure) [PSYoungGen: 21785821K->699500K(22609920K)] 22775758K->1689950K(25755648K), 0.1275389 secs] [Times: user=4.51 sys=0.00, real=0.13 secs] 
5894.824: [GC (Allocation Failure) [PSYoungGen: 21802092K->619396K(22609920K)] 22792542K->1610430K(25755648K), 0.1181780 secs] [Times: user=4.09 sys=0.00, real=0.11 secs] 
5898.394: [GC (Allocation Failure) [PSYoungGen: 21721988K->627716K(22609920K)] 22713022K->1619126K(25755648K), 0.1169778 secs] [Times: user=4.12 sys=0.00, real=0.12 secs] 
5901.934: [GC (Allocation Failure) [PSYoungGen: 21730308K->670084K(22609920K)] 22721718K->1662022K(25755648K), 0.1237120 secs] [Times: user=4.36 sys=0.00, real=0.13 secs] 
5905.439: [GC (Allocation Failure) [PSYoungGen: 21772676K->734382K(22609920K)] 22764614K->1726983K(25755648K), 0.1345771 secs] [Times: user=4.75 sys=0.00, real=0.13 secs] 
5908.977: [GC (Allocation Failure) [PSYoungGen: 21836974K->685076K(22609920K)] 22829575K->1678198K(25755648K), 0.1343802 secs] [Times: user=4.54 sys=0.00, real=0.13 secs] 
5912.471: [GC (Allocation Failure) [PSYoungGen: 21787668K->656973K(22609920K)] 22780790K->1650502K(25755648K), 0.1296041 secs] [Times: user=4.24 sys=0.00, real=0.13 secs] 
5916.000: [GC (Allocation Failure) [PSYoungGen: 21759565K->668628K(22609920K)] 22753094K->1662574K(25755648K), 0.2862280 secs] [Times: user=5.87 sys=0.00, real=0.28 secs] 
5919.441: [GC (Allocation Failure) [PSYoungGen: 21771220K->616676K(22609920K)] 22765166K->1610982K(25755648K), 0.1172587 secs] [Times: user=4.03 sys=0.01, real=0.12 secs] 
5922.926: [GC (Allocation Failure) [PSYoungGen: 21719268K->660420K(22609920K)] 22713574K->1655182K(25755648K), 0.1261760 secs] [Times: user=4.27 sys=0.00, real=0.13 secs] 
5926.457: [GC (Allocation Failure) [PSYoungGen: 21763012K->617940K(22609920K)] 22757774K->1613294K(25755648K), 0.1160007 secs] [Times: user=4.08 sys=0.00, real=0.12 secs] 
5929.950: [GC (Allocation Failure) [PSYoungGen: 21720532K->633097K(22609920K)] 22715886K->1628827K(25755648K), 0.1185862 secs] [Times: user=4.17 sys=0.00, real=0.11 secs] 
5933.508: [GC (Allocation Failure) [PSYoungGen: 21735689K->624356K(22609920K)] 22731419K->1620470K(25755648K), 0.1169432 secs] [Times: user=4.12 sys=0.00, real=0.12 secs] 
5936.996: [GC (Allocation Failure) [PSYoungGen: 21726948K->645561K(22609920K)] 22723062K->1642090K(25755648K), 0.1202057 secs] [Times: user=4.22 sys=0.01, real=0.12 secs] 
5940.397: [GC (Allocation Failure) [PSYoungGen: 21748153K->621990K(22609920K)] 22744682K->1619208K(25755648K), 0.1185190 secs] [Times: user=4.16 sys=0.00, real=0.12 secs] 
5943.908: [GC (Allocation Failure) [PSYoungGen: 21724582K->646522K(22609920K)] 22721800K->1644379K(25755648K), 0.1232995 secs] [Times: user=4.34 sys=0.00, real=0.12 secs] 
5947.443: [GC (Allocation Failure) [PSYoungGen: 21749114K->626965K(22609920K)] 22746971K->1625206K(25755648K), 0.1177066 secs] [Times: user=4.15 sys=0.01, real=0.11 secs] 
5950.986: [GC (Allocation Failure) [PSYoungGen: 21729557K->635546K(22609920K)] 22727798K->1634163K(25755648K), 0.1212963 secs] [Times: user=4.27 sys=0.01, real=0.12 secs] 
5954.334: [GC (Allocation Failure) [PSYoungGen: 21738138K->657614K(22609920K)] 22736755K->1656879K(25755648K), 0.1229857 secs] [Times: user=4.34 sys=0.00, real=0.12 secs] 
5957.733: [GC (Allocation Failure) [PSYoungGen: 21760206K->667438K(22609920K)] 22759471K->1667384K(25755648K), 0.1238184 secs] [Times: user=4.37 sys=0.00, real=0.13 secs] 
5961.177: [GC (Allocation Failure) [PSYoungGen: 21770030K->655164K(22609920K)] 22769976K->1655486K(25755648K), 0.1256692 secs] [Times: user=4.39 sys=0.00, real=0.12 secs] 
5964.633: [GC (Allocation Failure) [PSYoungGen: 21757756K->634489K(22609920K)] 22758078K->1635179K(25755648K), 0.1216711 secs] [Times: user=4.22 sys=0.01, real=0.12 secs] 
5968.158: [GC (Allocation Failure) [PSYoungGen: 21737081K->675710K(22609920K)] 22737771K->1677056K(25755648K), 0.1257650 secs] [Times: user=4.43 sys=0.00, real=0.12 secs] 
5971.686: [GC (Allocation Failure) [PSYoungGen: 21778302K->661924K(22609920K)] 22779648K->1663958K(25755648K), 0.1235322 secs] [Times: user=4.32 sys=0.01, real=0.13 secs] 
5975.210: [GC (Allocation Failure) [PSYoungGen: 21764516K->664767K(22609920K)] 22766550K->1667160K(25755648K), 0.1230480 secs] [Times: user=4.32 sys=0.01, real=0.12 secs] 
5978.616: [GC (Allocation Failure) [PSYoungGen: 21767359K->674852K(22609920K)] 22769752K->1677646K(25755648K), 0.1320223 secs] [Times: user=4.37 sys=0.00, real=0.14 secs] 
5982.006: [GC (Allocation Failure) [PSYoungGen: 21777444K->691575K(22609920K)] 22780238K->1695016K(25755648K), 0.1279297 secs] [Times: user=4.50 sys=0.00, real=0.13 secs] 
5985.372: [GC (Allocation Failure) [PSYoungGen: 21794167K->640360K(22609920K)] 22797608K->1644449K(25755648K), 0.1225491 secs] [Times: user=4.28 sys=0.00, real=0.12 secs] 
5988.790: [GC (Allocation Failure) [PSYoungGen: 21742952K->658700K(22609920K)] 22747041K->1663150K(25755648K), 0.1229299 secs] [Times: user=4.33 sys=0.00, real=0.12 secs] 
5992.270: [GC (Allocation Failure) [PSYoungGen: 21761292K->686521K(22609920K)] 22765742K->1691362K(25755648K), 0.1319195 secs] [Times: user=4.46 sys=0.00, real=0.13 secs] 
5995.675: [GC (Allocation Failure) [PSYoungGen: 21789113K->656105K(22609920K)] 22793954K->1661530K(25755648K), 0.1263582 secs] [Times: user=4.31 sys=0.00, real=0.13 secs] 
5999.066: [GC (Allocation Failure) [PSYoungGen: 21758697K->705459K(22609920K)] 22764122K->1711564K(25755648K), 0.1333458 secs] [Times: user=4.59 sys=0.01, real=0.13 secs] 
6002.401: [GC (Allocation Failure) [PSYoungGen: 21808051K->651134K(22609920K)] 22814156K->1657640K(25755648K), 0.1215541 secs] [Times: user=4.30 sys=0.00, real=0.13 secs] 
6005.852: [GC (Allocation Failure) [PSYoungGen: 21753726K->665358K(22609920K)] 22760232K->1672248K(25755648K), 0.1245589 secs] [Times: user=4.39 sys=0.00, real=0.12 secs] 
6009.306: [GC (Allocation Failure) [PSYoungGen: 21767950K->647459K(22609920K)] 22774840K->1654980K(25755648K), 0.1206398 secs] [Times: user=4.26 sys=0.00, real=0.12 secs] 
6012.715: [GC (Allocation Failure) [PSYoungGen: 21750051K->658743K(22609920K)] 22757572K->1666801K(25755648K), 0.1229229 secs] [Times: user=4.31 sys=0.01, real=0.12 secs] 
6016.207: [GC (Allocation Failure) [PSYoungGen: 21761335K->653764K(22609920K)] 22769393K->1662294K(25755648K), 0.1223755 secs] [Times: user=4.32 sys=0.00, real=0.12 secs] 
6019.557: [GC (Allocation Failure) [PSYoungGen: 21756356K->648734K(22609920K)] 22764886K->1657632K(25755648K), 0.1224500 secs] [Times: user=4.29 sys=0.01, real=0.12 secs] 
6022.972: [GC (Allocation Failure) [PSYoungGen: 21751326K->665526K(22609920K)] 22760224K->1675096K(25755648K), 0.1247288 secs] [Times: user=4.40 sys=0.00, real=0.13 secs] 
6026.359: [GC (Allocation Failure) [PSYoungGen: 21768118K->637223K(22609920K)] 22777688K->1647425K(25755648K), 0.1208766 secs] [Times: user=4.27 sys=0.00, real=0.12 secs] 
6029.774: [GC (Allocation Failure) [PSYoungGen: 21739815K->667633K(22609920K)] 22750017K->1678219K(25755648K), 0.1270298 secs] [Times: user=4.32 sys=0.00, real=0.13 secs] 
6033.285: [GC (Allocation Failure) [PSYoungGen: 21770225K->640702K(22609920K)] 22780811K->1651640K(25755648K), 0.1208771 secs] [Times: user=4.26 sys=0.00, real=0.12 secs] 
6036.753: [GC (Allocation Failure) [PSYoungGen: 21743294K->640121K(22609920K)] 22754232K->1651627K(25755648K), 0.1186936 secs] [Times: user=4.17 sys=0.00, real=0.12 secs] 
6040.166: [GC (Allocation Failure) [PSYoungGen: 21742713K->704514K(22609920K)] 22754219K->1716396K(25755648K), 0.1295047 secs] [Times: user=4.57 sys=0.00, real=0.13 secs] 
6043.612: [GC (Allocation Failure) [PSYoungGen: 21807106K->685872K(22609920K)] 22818988K->1698394K(25755648K), 0.1273678 secs] [Times: user=4.51 sys=0.00, real=0.13 secs] 
6047.061: [GC (Allocation Failure) [PSYoungGen: 21788464K->691424K(22609920K)] 22800986K->1704578K(25755648K), 0.1285725 secs] [Times: user=4.54 sys=0.00, real=0.13 secs] 
6050.516: [GC (Allocation Failure) [PSYoungGen: 21794016K->642459K(22609920K)] 22807170K->1655965K(25755648K), 0.1198101 secs] [Times: user=4.23 sys=0.01, real=0.12 secs] 
6053.849: [GC (Allocation Failure) [PSYoungGen: 21745051K->664526K(22609920K)] 22758557K->1678431K(25755648K), 0.1238367 secs] [Times: user=4.36 sys=0.01, real=0.13 secs] 
6057.234: [GC (Allocation Failure) [PSYoungGen: 21767118K->709390K(22609920K)] 22781023K->1723735K(25755648K), 0.1311443 secs] [Times: user=4.64 sys=0.00, real=0.13 secs] 
6060.629: [GC (Allocation Failure) [PSYoungGen: 21811982K->662769K(22609920K)] 22826327K->1677595K(25755648K), 0.1242501 secs] [Times: user=4.39 sys=0.00, real=0.13 secs] 
6064.042: [GC (Allocation Failure) [PSYoungGen: 21765361K->655241K(22609920K)] 22780187K->1670435K(25755648K), 0.1209683 secs] [Times: user=4.27 sys=0.01, real=0.12 secs] 
6067.467: [GC (Allocation Failure) [PSYoungGen: 21757833K->631090K(22609920K)] 22773027K->1646756K(25755648K), 0.1199991 secs] [Times: user=4.09 sys=0.00, real=0.12 secs] 
6070.945: [GC (Allocation Failure) [PSYoungGen: 21733682K->670100K(22609920K)] 22749348K->1686173K(25755648K), 0.1244680 secs] [Times: user=4.39 sys=0.00, real=0.12 secs] 
6074.392: [GC (Allocation Failure) [PSYoungGen: 21772692K->650526K(22609920K)] 22788765K->1666967K(25755648K), 0.1246862 secs] [Times: user=4.22 sys=0.00, real=0.12 secs] 
6077.848: [GC (Allocation Failure) [PSYoungGen: 21753118K->663689K(22609920K)] 22769559K->1680562K(25755648K), 0.1269219 secs] [Times: user=4.33 sys=0.00, real=0.13 secs] 
6081.265: [GC (Allocation Failure) [PSYoungGen: 21766281K->685778K(22609920K)] 22783154K->1703099K(25755648K), 0.1269693 secs] [Times: user=4.46 sys=0.00, real=0.12 secs] 
6084.713: [GC (Allocation Failure) [PSYoungGen: 21788370K->663251K(22609920K)] 22805691K->1681212K(25755648K), 0.1267885 secs] [Times: user=4.36 sys=0.00, real=0.13 secs] 
6088.126: [GC (Allocation Failure) [PSYoungGen: 21765843K->699714K(22609920K)] 22783804K->1718091K(25755648K), 0.1364297 secs] [Times: user=4.50 sys=0.00, real=0.13 secs] 
6091.580: [GC (Allocation Failure) [PSYoungGen: 21802306K->660672K(22609920K)] 22820683K->1679578K(25755648K), 0.1278910 secs] [Times: user=4.34 sys=0.00, real=0.13 secs] 
6095.026: [GC (Allocation Failure) [PSYoungGen: 21763264K->671705K(22609920K)] 22782170K->1691306K(25755648K), 0.1265745 secs] [Times: user=4.33 sys=0.00, real=0.12 secs] 
6098.418: [GC (Allocation Failure) [PSYoungGen: 21774297K->673104K(22609920K)] 22793898K->1693089K(25755648K), 0.1274116 secs] [Times: user=4.35 sys=0.01, real=0.13 secs] 
6101.727: [GC (Allocation Failure) [PSYoungGen: 21775696K->690284K(22609920K)] 22795681K->1710662K(25755648K), 0.1284045 secs] [Times: user=4.53 sys=0.00, real=0.12 secs] 
6105.091: [GC (Allocation Failure) [PSYoungGen: 21792876K->653897K(22609920K)] 22813254K->1674827K(25755648K), 0.1216943 secs] [Times: user=4.30 sys=0.00, real=0.12 secs] 
6108.472: [GC (Allocation Failure) [PSYoungGen: 21756489K->659079K(22609920K)] 22777419K->1680656K(25755648K), 0.1238160 secs] [Times: user=4.34 sys=0.00, real=0.12 secs] 
6111.819: [GC (Allocation Failure) [PSYoungGen: 21761671K->669180K(22609920K)] 22783248K->1691445K(25755648K), 0.1242451 secs] [Times: user=4.37 sys=0.01, real=0.12 secs] 
6115.335: [GC (Allocation Failure) [PSYoungGen: 21771772K->658547K(22609920K)] 22794037K->1681172K(25755648K), 0.1248544 secs] [Times: user=4.38 sys=0.00, real=0.13 secs] 
6118.635: [GC (Allocation Failure) [PSYoungGen: 21761139K->689619K(22609920K)] 22783764K->1712725K(25755648K), 0.1274950 secs] [Times: user=4.48 sys=0.00, real=0.13 secs] 
6121.997: [GC (Allocation Failure) [PSYoungGen: 21792211K->693674K(22609920K)] 22815317K->1717419K(25755648K), 0.1286133 secs] [Times: user=4.51 sys=0.00, real=0.13 secs] 
6125.394: [GC (Allocation Failure) [PSYoungGen: 21796266K->627199K(22609920K)] 22820011K->1651344K(25755648K), 0.1191353 secs] [Times: user=4.17 sys=0.01, real=0.12 secs] 
6128.769: [GC (Allocation Failure) [PSYoungGen: 21729791K->632516K(22609920K)] 22753936K->1657022K(25755648K), 0.1194805 secs] [Times: user=4.20 sys=0.00, real=0.12 secs] 
6132.023: [GC (Allocation Failure) [PSYoungGen: 21735108K->686890K(22609920K)] 22759614K->1711827K(25755648K), 0.1305962 secs] [Times: user=4.50 sys=0.00, real=0.13 secs] 
6135.455: [GC (Allocation Failure) [PSYoungGen: 21789482K->640772K(22609920K)] 22814419K->1666310K(25755648K), 0.1204976 secs] [Times: user=4.24 sys=0.01, real=0.12 secs] 
6138.810: [GC (Allocation Failure) [PSYoungGen: 21743364K->707432K(22609920K)] 22768902K->1733337K(25755648K), 0.1312269 secs] [Times: user=4.63 sys=0.00, real=0.14 secs] 
6142.145: [GC (Allocation Failure) [PSYoungGen: 21810024K->678111K(22609920K)] 22835929K->1704624K(25755648K), 0.1426916 secs] [Times: user=4.69 sys=0.00, real=0.14 secs] 
6145.667: [GC (Allocation Failure) [PSYoungGen: 21780703K->700049K(22609920K)] 22807216K->1726930K(25755648K), 0.1408309 secs] [Times: user=4.68 sys=0.00, real=0.14 secs] 
6149.068: [GC (Allocation Failure) [PSYoungGen: 21802641K->736148K(22609920K)] 22829522K->1763398K(25755648K), 0.3781434 secs] [Times: user=6.23 sys=0.00, real=0.38 secs] 
6152.722: [GC (Allocation Failure) [PSYoungGen: 21838740K->713980K(22609920K)] 22865990K->1741702K(25755648K), 0.1449220 secs] [Times: user=4.56 sys=0.02, real=0.15 secs] 
6156.450: [GC (Allocation Failure) [PSYoungGen: 21816572K->724326K(22609920K)] 22844294K->1752696K(25755648K), 0.5077139 secs] [Times: user=6.83 sys=0.00, real=0.51 secs] 
6159.770: [GC (Allocation Failure) [PSYoungGen: 21826918K->718022K(22609920K)] 22855288K->1746856K(25755648K), 0.1326884 secs] [Times: user=4.70 sys=0.00, real=0.13 secs] 
6162.940: [GC (Allocation Failure) [PSYoungGen: 21820614K->721826K(22609920K)] 22849448K->1751011K(25755648K), 0.1416214 secs] [Times: user=4.62 sys=0.01, real=0.14 secs] 
6166.273: [GC (Allocation Failure) [PSYoungGen: 21824418K->692713K(22609920K)] 22853603K->1722355K(25755648K), 0.1340752 secs] [Times: user=4.46 sys=0.01, real=0.14 secs] 
6169.534: [GC (Allocation Failure) [PSYoungGen: 21795305K->658371K(22609920K)] 22824947K->1688500K(25755648K), 0.1251473 secs] [Times: user=4.27 sys=0.00, real=0.13 secs] 
6172.899: [GC (Allocation Failure) [PSYoungGen: 21760963K->671065K(22609920K)] 22791092K->1701563K(25755648K), 0.1271655 secs] [Times: user=4.43 sys=0.01, real=0.12 secs] 
6176.306: [GC (Allocation Failure) [PSYoungGen: 21773657K->713853K(22609920K)] 22804155K->1744742K(25755648K), 0.1337906 secs] [Times: user=4.67 sys=0.00, real=0.14 secs] 
6179.668: [GC (Allocation Failure) [PSYoungGen: 21816445K->658483K(22609920K)] 22847334K->1689941K(25755648K), 0.1303871 secs] [Times: user=4.39 sys=0.00, real=0.14 secs] 
6183.004: [GC (Allocation Failure) [PSYoungGen: 21761075K->677823K(22609920K)] 22792533K->1709657K(25755648K), 0.1266308 secs] [Times: user=4.47 sys=0.00, real=0.13 secs] 
6186.459: [GC (Allocation Failure) [PSYoungGen: 21780415K->656747K(22609920K)] 22812249K->1688980K(25755648K), 0.1256099 secs] [Times: user=4.25 sys=0.00, real=0.13 secs] 
6189.892: [GC (Allocation Failure) [PSYoungGen: 21759339K->668797K(22609920K)] 22791572K->1701399K(25755648K), 0.1236956 secs] [Times: user=4.36 sys=0.01, real=0.12 secs] 
6193.212: [GC (Allocation Failure) [PSYoungGen: 21771389K->713434K(22609920K)] 22803991K->1746547K(25755648K), 0.1320036 secs] [Times: user=4.59 sys=0.01, real=0.13 secs] 
6196.607: [GC (Allocation Failure) [PSYoungGen: 21816026K->652676K(22609920K)] 22849139K->1686230K(25755648K), 0.1213767 secs] [Times: user=4.26 sys=0.00, real=0.12 secs] 
6199.922: [GC (Allocation Failure) [PSYoungGen: 21755268K->668509K(22609920K)] 22788822K->1702446K(25755648K), 0.1240862 secs] [Times: user=4.39 sys=0.00, real=0.12 secs] 
6203.281: [GC (Allocation Failure) [PSYoungGen: 21771101K->746422K(22609920K)] 22805038K->1780840K(25755648K), 0.1407644 secs] [Times: user=4.84 sys=0.00, real=0.14 secs] 
6206.659: [GC (Allocation Failure) [PSYoungGen: 21849014K->735259K(22609920K)] 22883432K->1770060K(25755648K), 0.1405150 secs] [Times: user=4.80 sys=0.00, real=0.14 secs] 
6209.968: [GC (Allocation Failure) [PSYoungGen: 21837851K->736574K(22609920K)] 22872652K->1771847K(25755648K), 0.1377362 secs] [Times: user=4.73 sys=0.00, real=0.14 secs] 
6213.272: [GC (Allocation Failure) [PSYoungGen: 21839166K->694759K(22609920K)] 22874439K->1730697K(25755648K), 0.1319549 secs] [Times: user=4.52 sys=0.00, real=0.14 secs] 
6216.636: [GC (Allocation Failure) [PSYoungGen: 21797351K->679193K(22609920K)] 22833289K->1715778K(25755648K), 0.1275775 secs] [Times: user=4.47 sys=0.01, real=0.13 secs] 
6219.897: [GC (Allocation Failure) [PSYoungGen: 21781785K->726037K(22609920K)] 22818370K->1763030K(25755648K), 0.1346691 secs] [Times: user=4.68 sys=0.00, real=0.13 secs] 
6223.171: [GC (Allocation Failure) [PSYoungGen: 21828629K->723135K(22609920K)] 22865622K->1760496K(25755648K), 0.1349012 secs] [Times: user=4.65 sys=0.00, real=0.14 secs] 
6226.449: [GC (Allocation Failure) [PSYoungGen: 21825727K->711471K(22609920K)] 22863088K->1749513K(25755648K), 0.1317482 secs] [Times: user=4.63 sys=0.00, real=0.13 secs] 
6229.718: [GC (Allocation Failure) [PSYoungGen: 21814063K->722442K(22609920K)] 22852105K->1761140K(25755648K), 0.1358895 secs] [Times: user=4.65 sys=0.00, real=0.13 secs] 
6233.005: [GC (Allocation Failure) [PSYoungGen: 21825034K->718463K(22609920K)] 22863732K->1757705K(25755648K), 0.1342017 secs] [Times: user=4.68 sys=0.01, real=0.14 secs] 
6236.270: [GC (Allocation Failure) [PSYoungGen: 21821055K->714410K(22609920K)] 22860297K->1754076K(25755648K), 0.1339270 secs] [Times: user=4.55 sys=0.01, real=0.13 secs] 
6239.540: [GC (Allocation Failure) [PSYoungGen: 21817002K->651338K(22609920K)] 22856668K->1691371K(25755648K), 0.1221090 secs] [Times: user=4.28 sys=0.00, real=0.12 secs] 
6242.693: [GC (Allocation Failure) [PSYoungGen: 21753930K->685402K(22609920K)] 22793963K->1725996K(25755648K), 0.1303947 secs] [Times: user=4.50 sys=0.00, real=0.13 secs] 
6245.969: [GC (Allocation Failure) [PSYoungGen: 21787994K->654001K(22609920K)] 22828588K->1695139K(25755648K), 0.1265123 secs] [Times: user=4.34 sys=0.00, real=0.12 secs] 
6249.207: [GC (Allocation Failure) [PSYoungGen: 21756593K->695252K(22609920K)] 22797731K->1736758K(25755648K), 0.1329916 secs] [Times: user=4.58 sys=0.00, real=0.14 secs] 
6252.517: [GC (Allocation Failure) [PSYoungGen: 21797844K->667633K(22609920K)] 22839350K->1709522K(25755648K), 0.1269110 secs] [Times: user=4.45 sys=0.00, real=0.13 secs] 
6255.825: [GC (Allocation Failure) [PSYoungGen: 21770225K->687985K(22609920K)] 22812114K->1730275K(25755648K), 0.1274179 secs] [Times: user=4.50 sys=0.00, real=0.13 secs] 
6259.099: [GC (Allocation Failure) [PSYoungGen: 21790577K->711401K(22609920K)] 22832867K->1754082K(25755648K), 0.1319512 secs] [Times: user=4.60 sys=0.00, real=0.14 secs] 
6262.370: [GC (Allocation Failure) [PSYoungGen: 21813993K->672778K(22609920K)] 22856674K->1716115K(25755648K), 0.1253238 secs] [Times: user=4.41 sys=0.00, real=0.13 secs] 
6265.668: [GC (Allocation Failure) [PSYoungGen: 21775370K->650740K(22609920K)] 22818707K->1694446K(25755648K), 0.1222606 secs] [Times: user=4.30 sys=0.00, real=0.12 secs] 
6268.941: [GC (Allocation Failure) [PSYoungGen: 21753332K->691812K(22609920K)] 22797038K->1735885K(25755648K), 0.1276825 secs] [Times: user=4.52 sys=0.00, real=0.13 secs] 
6272.218: [GC (Allocation Failure) [PSYoungGen: 21794404K->693862K(22609920K)] 22838477K->1738591K(25755648K), 0.1290224 secs] [Times: user=4.56 sys=0.00, real=0.13 secs] 
6275.696: [GC (Allocation Failure) [PSYoungGen: 21796454K->632036K(22609920K)] 22841183K->1677494K(25755648K), 0.1181033 secs] [Times: user=4.17 sys=0.00, real=0.12 secs] 
6278.951: [GC (Allocation Failure) [PSYoungGen: 21734628K->649604K(22609920K)] 22780086K->1695654K(25755648K), 0.1212983 secs] [Times: user=4.24 sys=0.00, real=0.12 secs] 
6282.207: [GC (Allocation Failure) [PSYoungGen: 21752196K->654148K(22609920K)] 22798246K->1700558K(25755648K), 0.1216057 secs] [Times: user=4.28 sys=0.01, real=0.12 secs] 
6285.478: [GC (Allocation Failure) [PSYoungGen: 21756740K->618100K(22609920K)] 22803150K->1665062K(25755648K), 0.1165164 secs] [Times: user=4.11 sys=0.00, real=0.12 secs] 
6288.710: [GC (Allocation Failure) [PSYoungGen: 21720692K->626116K(22609920K)] 22767654K->1673742K(25755648K), 0.1173358 secs] [Times: user=4.09 sys=0.00, real=0.12 secs] 
6291.867: [GC (Allocation Failure) [PSYoungGen: 21728708K->704523K(22609920K)] 22776334K->1752524K(25755648K), 0.1307057 secs] [Times: user=4.62 sys=0.00, real=0.13 secs] 
6295.112: [GC (Allocation Failure) [PSYoungGen: 21807115K->740087K(22609920K)] 22855116K->1788457K(25755648K), 0.1383289 secs] [Times: user=4.72 sys=0.00, real=0.14 secs] 
6298.354: [GC (Allocation Failure) [PSYoungGen: 21842679K->740266K(22609920K)] 22891049K->1789275K(25755648K), 0.1369049 secs] [Times: user=4.81 sys=0.00, real=0.14 secs] 
6301.787: [GC (Allocation Failure) [PSYoungGen: 21842858K->638388K(22609920K)] 22891867K->1688062K(25755648K), 0.1192784 secs] [Times: user=4.18 sys=0.01, real=0.12 secs] 
6304.985: [GC (Allocation Failure) [PSYoungGen: 21740980K->691594K(22609920K)] 22790654K->1741643K(25755648K), 0.1280686 secs] [Times: user=4.50 sys=0.00, real=0.13 secs] 
6308.270: [GC (Allocation Failure) [PSYoungGen: 21794186K->674052K(22609920K)] 22844235K->1724502K(25755648K), 0.1250146 secs] [Times: user=4.42 sys=0.00, real=0.12 secs] 
6311.523: [GC (Allocation Failure) [PSYoungGen: 21776644K->670532K(22609920K)] 22827094K->1721414K(25755648K), 0.1253486 secs] [Times: user=4.42 sys=0.00, real=0.13 secs] 
6314.871: [GC (Allocation Failure) [PSYoungGen: 21773124K->736019K(22609920K)] 22824006K->1787340K(25755648K), 0.1347342 secs] [Times: user=4.76 sys=0.00, real=0.13 secs] 
6318.184: [GC (Allocation Failure) [PSYoungGen: 21838611K->727717K(22609920K)] 22889932K->1779415K(25755648K), 0.1348485 secs] [Times: user=4.77 sys=0.00, real=0.13 secs] 
6321.457: [GC (Allocation Failure) [PSYoungGen: 21830309K->645860K(22609920K)] 22882007K->1697910K(25755648K), 0.1212774 secs] [Times: user=4.24 sys=0.01, real=0.12 secs] 
6324.695: [GC (Allocation Failure) [PSYoungGen: 21748452K->680692K(22609920K)] 22800502K->1733158K(25755648K), 0.1298197 secs] [Times: user=4.39 sys=0.00, real=0.13 secs] 
6327.928: [GC (Allocation Failure) [PSYoungGen: 21783284K->717994K(22609920K)] 22835750K->1770884K(25755648K), 0.1316322 secs] [Times: user=4.66 sys=0.00, real=0.13 secs] 
6331.255: [GC (Allocation Failure) [PSYoungGen: 21820586K->752403K(22609920K)] 22873476K->1805933K(25755648K), 0.1387434 secs] [Times: user=4.91 sys=0.00, real=0.14 secs] 
6334.533: [GC (Allocation Failure) [PSYoungGen: 21854995K->724395K(22609920K)] 22908525K->1778404K(25755648K), 0.1329433 secs] [Times: user=4.70 sys=0.01, real=0.13 secs] 
6337.804: [GC (Allocation Failure) [PSYoungGen: 21826987K->764939K(22609920K)] 22880996K->1819333K(25755648K), 0.1413732 secs] [Times: user=4.97 sys=0.00, real=0.14 secs] 
6341.100: [GC (Allocation Failure) [PSYoungGen: 21867531K->705933K(22609920K)] 22921925K->1760703K(25755648K), 0.1299643 secs] [Times: user=4.60 sys=0.00, real=0.13 secs] 
6344.417: [GC (Allocation Failure) [PSYoungGen: 21808525K->695415K(22609920K)] 22863295K->1750832K(25755648K), 0.1292100 secs] [Times: user=4.57 sys=0.00, real=0.13 secs] 
6347.723: [GC (Allocation Failure) [PSYoungGen: 21798007K->716317K(22609920K)] 22853424K->1772311K(25755648K), 0.1330216 secs] [Times: user=4.65 sys=0.00, real=0.14 secs] 
6350.926: [GC (Allocation Failure) [PSYoungGen: 21818909K->731907K(22609920K)] 22874903K->1788276K(25755648K), 0.1359301 secs] [Times: user=4.75 sys=0.01, real=0.13 secs] 
6354.175: [GC (Allocation Failure) [PSYoungGen: 21834499K->730210K(22609920K)] 22890868K->1786955K(25755648K), 0.1359193 secs] [Times: user=4.80 sys=0.00, real=0.13 secs] 
6357.445: [GC (Allocation Failure) [PSYoungGen: 21832802K->690276K(22609920K)] 22889547K->1747646K(25755648K), 0.1293408 secs] [Times: user=4.51 sys=0.00, real=0.12 secs] 
6360.753: [GC (Allocation Failure) [PSYoungGen: 21792868K->664374K(22609920K)] 22850238K->1722407K(25755648K), 0.1250958 secs] [Times: user=4.28 sys=0.00, real=0.13 secs] 
6363.964: [GC (Allocation Failure) [PSYoungGen: 21766966K->763023K(22609920K)] 22824999K->1821713K(25755648K), 0.1399758 secs] [Times: user=4.95 sys=0.00, real=0.14 secs] 
6367.217: [GC (Allocation Failure) [PSYoungGen: 21865615K->766605K(22609920K)] 22924305K->1825718K(25755648K), 0.1421690 secs] [Times: user=4.99 sys=0.00, real=0.14 secs] 
6370.450: [GC (Allocation Failure) [PSYoungGen: 21869197K->742578K(22609920K)] 22928310K->1802347K(25755648K), 0.1376231 secs] [Times: user=4.87 sys=0.00, real=0.14 secs] 
6373.674: [GC (Allocation Failure) [PSYoungGen: 21845170K->726060K(22609920K)] 22904939K->1786198K(25755648K), 0.1333843 secs] [Times: user=4.72 sys=0.01, real=0.14 secs] 
6376.913: [GC (Allocation Failure) [PSYoungGen: 21828652K->764808K(22609920K)] 22888790K->1825313K(25755648K), 0.1397285 secs] [Times: user=4.95 sys=0.00, real=0.14 secs] 
6380.096: [GC (Allocation Failure) [PSYoungGen: 21867400K->781273K(22609920K)] 22927905K->1842147K(25755648K), 0.1429761 secs] [Times: user=5.06 sys=0.01, real=0.15 secs] 
6383.397: [GC (Allocation Failure) [PSYoungGen: 21883865K->644192K(22609920K)] 22944739K->1705617K(25755648K), 0.1212588 secs] [Times: user=4.28 sys=0.00, real=0.12 secs] 
6386.671: [GC (Allocation Failure) [PSYoungGen: 21746784K->743195K(22609920K)] 22808209K->1805013K(25755648K), 0.1360135 secs] [Times: user=4.78 sys=0.00, real=0.13 secs] 
6389.924: [GC (Allocation Failure) [PSYoungGen: 21845787K->774790K(22609920K)] 22907605K->1836976K(25755648K), 0.1416295 secs] [Times: user=5.02 sys=0.00, real=0.14 secs] 
6393.186: [GC (Allocation Failure) [PSYoungGen: 21877382K->770294K(22609920K)] 22939568K->1832879K(25755648K), 0.1418705 secs] [Times: user=5.02 sys=0.00, real=0.14 secs] 
6396.449: [GC (Allocation Failure) [PSYoungGen: 21872886K->674874K(22609920K)] 22935471K->1737843K(25755648K), 0.1256879 secs] [Times: user=4.44 sys=0.00, real=0.13 secs] 
6399.654: [GC (Allocation Failure) [PSYoungGen: 21777466K->722257K(22609920K)] 22840435K->1785706K(25755648K), 0.1347055 secs] [Times: user=4.73 sys=0.00, real=0.13 secs] 
6402.889: [GC (Allocation Failure) [PSYoungGen: 21824849K->768709K(22609920K)] 22888298K->1832783K(25755648K), 0.1404839 secs] [Times: user=4.97 sys=0.00, real=0.14 secs] 
6406.134: [GC (Allocation Failure) [PSYoungGen: 21871301K->784910K(22609920K)] 22935375K->1849520K(25755648K), 0.1430402 secs] [Times: user=5.07 sys=0.00, real=0.14 secs] 
6409.356: [GC (Allocation Failure) [PSYoungGen: 21887502K->721242K(22609920K)] 22952112K->1786220K(25755648K), 0.1327565 secs] [Times: user=4.71 sys=0.00, real=0.13 secs] 
6412.609: [GC (Allocation Failure) [PSYoungGen: 21823834K->737407K(22609920K)] 22888812K->1802753K(25755648K), 0.1370537 secs] [Times: user=4.82 sys=0.00, real=0.14 secs] 
6415.833: [GC (Allocation Failure) [PSYoungGen: 21839999K->736186K(22609920K)] 22905345K->1802171K(25755648K), 0.1365547 secs] [Times: user=4.74 sys=0.00, real=0.14 secs] 
6419.084: [GC (Allocation Failure) [PSYoungGen: 21838778K->767194K(22609920K)] 22904763K->1833596K(25755648K), 0.1402356 secs] [Times: user=4.96 sys=0.00, real=0.15 secs] 
6422.408: [GC (Allocation Failure) [PSYoungGen: 21869786K->667804K(22609920K)] 22936188K->1734629K(25755648K), 0.1248440 secs] [Times: user=4.33 sys=0.00, real=0.12 secs] 
6425.668: [GC (Allocation Failure) [PSYoungGen: 21770396K->748912K(22609920K)] 22837221K->1816394K(25755648K), 0.1408196 secs] [Times: user=4.86 sys=0.01, real=0.14 secs] 
6428.885: [GC (Allocation Failure) [PSYoungGen: 21851504K->738403K(22609920K)] 22918986K->1806541K(25755648K), 0.1367150 secs] [Times: user=4.78 sys=0.00, real=0.14 secs] 
6432.071: [GC (Allocation Failure) [PSYoungGen: 21840995K->730985K(22609920K)] 22909133K->1799530K(25755648K), 0.1351922 secs] [Times: user=4.74 sys=0.00, real=0.14 secs] 
6435.398: [GC (Allocation Failure) [PSYoungGen: 21833577K->657177K(22609920K)] 22902122K->1726091K(25755648K), 0.1224047 secs] [Times: user=4.29 sys=0.01, real=0.12 secs] 
6438.581: [GC (Allocation Failure) [PSYoungGen: 21759769K->721590K(22609920K)] 22828683K->1790880K(25755648K), 0.1335464 secs] [Times: user=4.67 sys=0.00, real=0.13 secs] 
6441.831: [GC (Allocation Failure) [PSYoungGen: 21824182K->705573K(22609920K)] 22893472K->1775486K(25755648K), 0.1320043 secs] [Times: user=4.60 sys=0.00, real=0.13 secs] 
6445.064: [GC (Allocation Failure) [PSYoungGen: 21808165K->731410K(22609920K)] 22878078K->1801987K(25755648K), 0.1361890 secs] [Times: user=4.80 sys=0.00, real=0.14 secs] 
6448.287: [GC (Allocation Failure) [PSYoungGen: 21834002K->697841K(22609920K)] 22904579K->1768794K(25755648K), 0.1296868 secs] [Times: user=4.58 sys=0.00, real=0.13 secs] 
6451.482: [GC (Allocation Failure) [PSYoungGen: 21800433K->722956K(22609920K)] 22871386K->1794286K(25755648K), 0.1332701 secs] [Times: user=4.71 sys=0.00, real=0.13 secs] 
6454.687: [GC (Allocation Failure) [PSYoungGen: 21825548K->741083K(22609920K)] 22896878K->1812828K(25755648K), 0.1397275 secs] [Times: user=4.92 sys=0.00, real=0.14 secs] 
6457.856: [GC (Allocation Failure) [PSYoungGen: 21843675K->720280K(22609920K)] 22915420K->1792705K(25755648K), 0.1337853 secs] [Times: user=4.69 sys=0.01, real=0.13 secs] 
6461.103: [GC (Allocation Failure) [PSYoungGen: 21822872K->745995K(22609920K)] 22895297K->1818797K(25755648K), 0.1379098 secs] [Times: user=4.88 sys=0.00, real=0.14 secs] 
6464.284: [GC (Allocation Failure) [PSYoungGen: 21848587K->702655K(22609920K)] 22921389K->1775833K(25755648K), 0.1293642 secs] [Times: user=4.59 sys=0.00, real=0.13 secs] 
6467.485: [GC (Allocation Failure) [PSYoungGen: 21805247K->733182K(22609920K)] 22878425K->1806792K(25755648K), 0.1348207 secs] [Times: user=4.77 sys=0.00, real=0.13 secs] 
6470.691: [GC (Allocation Failure) [PSYoungGen: 21835774K->775393K(22609920K)] 22909384K->1849675K(25755648K), 0.1429837 secs] [Times: user=5.06 sys=0.00, real=0.15 secs] 
6473.933: [GC (Allocation Failure) [PSYoungGen: 21877985K->728382K(22609920K)] 22952267K->1803031K(25755648K), 0.1354124 secs] [Times: user=4.74 sys=0.00, real=0.13 secs] 
6477.140: [GC (Allocation Failure) [PSYoungGen: 21830974K->752830K(22609920K)] 22905623K->1827848K(25755648K), 0.1402152 secs] [Times: user=4.82 sys=0.00, real=0.14 secs] 
6480.365: [GC (Allocation Failure) [PSYoungGen: 21855422K->732920K(22609920K)] 22930440K->1808314K(25755648K), 0.1358712 secs] [Times: user=4.79 sys=0.00, real=0.13 secs] 
6483.589: [GC (Allocation Failure) [PSYoungGen: 21835512K->676220K(22609920K)] 22910906K->1752285K(25755648K), 0.1288657 secs] [Times: user=4.42 sys=0.00, real=0.13 secs] 
6486.794: [GC (Allocation Failure) [PSYoungGen: 21778812K->717366K(22609920K)] 22854877K->1794095K(25755648K), 0.1330693 secs] [Times: user=4.67 sys=0.00, real=0.14 secs] 
6490.017: [GC (Allocation Failure) [PSYoungGen: 21819958K->763463K(22609920K)] 22896687K->1840576K(25755648K), 0.1403327 secs] [Times: user=4.97 sys=0.01, real=0.14 secs] 
6493.271: [GC (Allocation Failure) [PSYoungGen: 21866055K->759163K(22609920K)] 22943168K->1836637K(25755648K), 0.1397606 secs] [Times: user=4.88 sys=0.00, real=0.14 secs] 
6496.423: [GC (Allocation Failure) [PSYoungGen: 21861755K->707566K(22609920K)] 22939229K->1785440K(25755648K), 0.1302034 secs] [Times: user=4.61 sys=0.00, real=0.13 secs] 
6499.580: [GC (Allocation Failure) [PSYoungGen: 21810158K->737035K(22609920K)] 22888032K->1815293K(25755648K), 0.1357169 secs] [Times: user=4.81 sys=0.00, real=0.13 secs] 
6502.773: [GC (Allocation Failure) [PSYoungGen: 21839627K->716091K(22609920K)] 22917885K->1794997K(25755648K), 0.1329016 secs] [Times: user=4.68 sys=0.00, real=0.13 secs] 
6506.019: [GC (Allocation Failure) [PSYoungGen: 21818683K->768528K(22609920K)] 22897589K->1847841K(25755648K), 0.1402530 secs] [Times: user=4.97 sys=0.00, real=0.14 secs] 
6509.239: [GC (Allocation Failure) [PSYoungGen: 21871120K->758358K(22609920K)] 22950433K->1838096K(25755648K), 0.1401217 secs] [Times: user=4.91 sys=0.00, real=0.14 secs] 
6512.451: [GC (Allocation Failure) [PSYoungGen: 21860950K->711323K(22609920K)] 22940688K->1791492K(25755648K), 0.1317891 secs] [Times: user=4.66 sys=0.00, real=0.13 secs] 
6515.620: [GC (Allocation Failure) [PSYoungGen: 21813915K->741964K(22609920K)] 22894084K->1822813K(25755648K), 0.1362489 secs] [Times: user=4.81 sys=0.00, real=0.13 secs] 
6518.854: [GC (Allocation Failure) [PSYoungGen: 21844556K->739199K(22609920K)] 22925405K->1820432K(25755648K), 0.1368746 secs] [Times: user=4.80 sys=0.00, real=0.14 secs] 
6522.065: [GC (Allocation Failure) [PSYoungGen: 21841791K->774352K(22609920K)] 22923024K->1855938K(25755648K), 0.1420879 secs] [Times: user=5.03 sys=0.00, real=0.14 secs] 
6525.202: [GC (Allocation Failure) [PSYoungGen: 21876944K->777761K(22609920K)] 22958530K->1859875K(25755648K), 0.1439836 secs] [Times: user=5.07 sys=0.00, real=0.14 secs] 
6528.367: [GC (Allocation Failure) [PSYoungGen: 21880353K->736134K(22609920K)] 22962467K->1818928K(25755648K), 0.1356302 secs] [Times: user=4.80 sys=0.00, real=0.14 secs] 
6531.544: [GC (Allocation Failure) [PSYoungGen: 21838726K->754987K(22609920K)] 22921520K->1838149K(25755648K), 0.1392196 secs] [Times: user=4.92 sys=0.00, real=0.14 secs] 
6534.713: [GC (Allocation Failure) [PSYoungGen: 21857579K->744556K(22609920K)] 22940741K->1828142K(25755648K), 0.1388185 secs] [Times: user=4.79 sys=0.00, real=0.13 secs] 
6537.881: [GC (Allocation Failure) [PSYoungGen: 21847148K->763037K(22609920K)] 22930734K->1847167K(25755648K), 0.1400473 secs] [Times: user=4.92 sys=0.00, real=0.14 secs] 
6541.081: [GC (Allocation Failure) [PSYoungGen: 21865629K->789215K(22609920K)] 22949759K->1873944K(25755648K), 0.1447261 secs] [Times: user=5.13 sys=0.00, real=0.15 secs] 
6544.270: [GC (Allocation Failure) [PSYoungGen: 21891807K->752896K(22609920K)] 22976536K->1838113K(25755648K), 0.1377678 secs] [Times: user=4.89 sys=0.01, real=0.14 secs] 
6547.483: [GC (Allocation Failure) [PSYoungGen: 21855488K->705009K(22609920K)] 22940705K->1790827K(25755648K), 0.1304899 secs] [Times: user=4.61 sys=0.00, real=0.13 secs] 
6550.682: [GC (Allocation Failure) [PSYoungGen: 21807601K->739800K(22609920K)] 22893419K->1826074K(25755648K), 0.1357939 secs] [Times: user=4.80 sys=0.00, real=0.14 secs] 
6553.915: [GC (Allocation Failure) [PSYoungGen: 21842392K->737671K(22609920K)] 22928666K->1824313K(25755648K), 0.1376785 secs] [Times: user=4.86 sys=0.00, real=0.13 secs] 
6557.108: [GC (Allocation Failure) [PSYoungGen: 21840263K->769047K(22609920K)] 22926905K->1856088K(25755648K), 0.1470770 secs] [Times: user=5.11 sys=0.00, real=0.15 secs] 
6560.276: [GC (Allocation Failure) [PSYoungGen: 21871639K->745226K(22609920K)] 22958680K->1832940K(25755648K), 0.1372878 secs] [Times: user=4.81 sys=0.00, real=0.13 secs] 
6563.429: [GC (Allocation Failure) [PSYoungGen: 21847818K->757780K(22609920K)] 22935532K->1845869K(25755648K), 0.1414228 secs] [Times: user=4.95 sys=0.00, real=0.14 secs] 
6566.602: [GC (Allocation Failure) [PSYoungGen: 21860372K->705365K(22609920K)] 22948461K->1793831K(25755648K), 0.1312719 secs] [Times: user=4.64 sys=0.01, real=0.13 secs] 
6569.746: [GC (Allocation Failure) [PSYoungGen: 21807957K->698066K(22609920K)] 22896423K->1787067K(25755648K), 0.1339021 secs] [Times: user=4.56 sys=0.00, real=0.14 secs] 
6572.851: [GC (Allocation Failure) [PSYoungGen: 21800658K->721053K(22609920K)] 22889659K->1810710K(25755648K), 0.1338919 secs] [Times: user=4.74 sys=0.00, real=0.13 secs] 
6575.982: [GC (Allocation Failure) [PSYoungGen: 21823645K->741283K(22609920K)] 22913302K->1831356K(25755648K), 0.1368257 secs] [Times: user=4.78 sys=0.00, real=0.14 secs] 
6579.149: [GC (Allocation Failure) [PSYoungGen: 21843875K->726365K(22609920K)] 22933948K->1816815K(25755648K), 0.1332239 secs] [Times: user=4.71 sys=0.01, real=0.13 secs] 
6582.337: [GC (Allocation Failure) [PSYoungGen: 21828957K->704797K(22609920K)] 22919407K->1795630K(25755648K), 0.1322341 secs] [Times: user=4.62 sys=0.00, real=0.14 secs] 
6585.502: [GC (Allocation Failure) [PSYoungGen: 21807389K->718374K(22609920K)] 22898222K->1809695K(25755648K), 0.1330713 secs] [Times: user=4.71 sys=0.00, real=0.13 secs] 
6588.689: [GC (Allocation Failure) [PSYoungGen: 21820966K->743425K(22609920K)] 22912287K->1835131K(25755648K), 0.1379655 secs] [Times: user=4.88 sys=0.00, real=0.14 secs] 
6591.887: [GC (Allocation Failure) [PSYoungGen: 21846017K->764309K(22609920K)] 22937723K->1856622K(25755648K), 0.1409521 secs] [Times: user=4.98 sys=0.01, real=0.14 secs] 
6595.038: [GC (Allocation Failure) [PSYoungGen: 21866901K->789387K(22609920K)] 22959214K->1882100K(25755648K), 0.1448393 secs] [Times: user=5.12 sys=0.01, real=0.15 secs] 
6598.219: [GC (Allocation Failure) [PSYoungGen: 21891979K->788036K(22609920K)] 22984692K->1881133K(25755648K), 0.1451841 secs] [Times: user=5.15 sys=0.00, real=0.15 secs] 
6601.377: [GC (Allocation Failure) [PSYoungGen: 21890628K->747729K(22609920K)] 22983725K->1841482K(25755648K), 0.1382411 secs] [Times: user=4.89 sys=0.00, real=0.14 secs] 
6604.597: [GC (Allocation Failure) [PSYoungGen: 21850321K->730860K(22609920K)] 22944074K->1825262K(25755648K), 0.1355448 secs] [Times: user=4.79 sys=0.00, real=0.14 secs] 
6607.695: [GC (Allocation Failure) [PSYoungGen: 21833452K->722944K(22609920K)] 22927854K->1817714K(25755648K), 0.1346552 secs] [Times: user=4.69 sys=0.00, real=0.13 secs] 
6610.840: [GC (Allocation Failure) [PSYoungGen: 21825536K->744874K(22609920K)] 22920306K->1840043K(25755648K), 0.1380326 secs] [Times: user=4.88 sys=0.00, real=0.14 secs] 
6613.983: [GC (Allocation Failure) [PSYoungGen: 21847466K->736615K(22609920K)] 22942635K->1832433K(25755648K), 0.1357193 secs] [Times: user=4.77 sys=0.00, real=0.14 secs] 
6617.110: [GC (Allocation Failure) [PSYoungGen: 21839207K->779565K(22609920K)] 22935025K->1875990K(25755648K), 0.1430837 secs] [Times: user=5.07 sys=0.01, real=0.14 secs] 
6620.243: [GC (Allocation Failure) [PSYoungGen: 21882157K->764823K(22609920K)] 22978582K->1861625K(25755648K), 0.1398997 secs] [Times: user=4.95 sys=0.00, real=0.14 secs] 
6623.405: [GC (Allocation Failure) [PSYoungGen: 21867415K->803379K(22609920K)] 22964217K->1900628K(25755648K), 0.1470790 secs] [Times: user=5.20 sys=0.00, real=0.15 secs] 
6626.536: [GC (Allocation Failure) [PSYoungGen: 21905971K->703616K(22609920K)] 23003220K->1801521K(25755648K), 0.1317000 secs] [Times: user=4.65 sys=0.00, real=0.14 secs] 
6629.690: [GC (Allocation Failure) [PSYoungGen: 21806208K->706071K(22609920K)] 22904113K->1804633K(25755648K), 0.1298423 secs] [Times: user=4.57 sys=0.00, real=0.13 secs] 
6632.800: [GC (Allocation Failure) [PSYoungGen: 21808663K->732146K(22609920K)] 22907225K->1831091K(25755648K), 0.1361282 secs] [Times: user=4.81 sys=0.00, real=0.13 secs] 
6635.982: [GC (Allocation Failure) [PSYoungGen: 21834738K->711366K(22609920K)] 22933683K->1810687K(25755648K), 0.1316757 secs] [Times: user=4.66 sys=0.00, real=0.13 secs] 
6639.152: [GC (Allocation Failure) [PSYoungGen: 21813958K->770688K(22609920K)] 22913279K->1870562K(25755648K), 0.1433271 secs] [Times: user=4.91 sys=0.01, real=0.14 secs] 
6642.308: [GC (Allocation Failure) [PSYoungGen: 21873280K->709036K(22609920K)] 22973154K->1809565K(25755648K), 0.1313601 secs] [Times: user=4.64 sys=0.00, real=0.14 secs] 
6645.504: [GC (Allocation Failure) [PSYoungGen: 21811628K->728160K(22609920K)] 22912157K->1829089K(25755648K), 0.1354602 secs] [Times: user=4.73 sys=0.01, real=0.14 secs] 
6648.630: [GC (Allocation Failure) [PSYoungGen: 21830752K->752500K(22609920K)] 22931681K->1853838K(25755648K), 0.1399521 secs] [Times: user=4.89 sys=0.00, real=0.14 secs] 
6651.769: [GC (Allocation Failure) [PSYoungGen: 21855092K->725856K(22609920K)] 22956430K->1827578K(25755648K), 0.1363937 secs] [Times: user=4.73 sys=0.00, real=0.14 secs] 
6654.913: [GC (Allocation Failure) [PSYoungGen: 21828448K->750366K(22609920K)] 22930170K->1852607K(25755648K), 0.1397303 secs] [Times: user=4.89 sys=0.01, real=0.14 secs] 
6658.022: [GC (Allocation Failure) [PSYoungGen: 21852958K->748397K(22609920K)] 22955199K->1851135K(25755648K), 0.1374855 secs] [Times: user=4.87 sys=0.00, real=0.13 secs] 
6661.177: [GC (Allocation Failure) [PSYoungGen: 21850989K->799410K(22609920K)] 22953727K->1902531K(25755648K), 0.1463614 secs] [Times: user=5.15 sys=0.00, real=0.15 secs] 
6664.285: [GC (Allocation Failure) [PSYoungGen: 21902002K->779082K(22609920K)] 23005123K->1882587K(25755648K), 0.1417869 secs] [Times: user=5.02 sys=0.00, real=0.14 secs] 
6667.423: [GC (Allocation Failure) [PSYoungGen: 21881674K->734423K(22609920K)] 22985179K->1838552K(25755648K), 0.1378178 secs] [Times: user=4.80 sys=0.00, real=0.13 secs] 
6670.543: [GC (Allocation Failure) [PSYoungGen: 21837015K->748582K(22609920K)] 22941144K->1853232K(25755648K), 0.1395552 secs] [Times: user=4.85 sys=0.00, real=0.14 secs] 
6673.710: [GC (Allocation Failure) [PSYoungGen: 21851174K->745368K(22609920K)] 22955824K->1850401K(25755648K), 0.1383518 secs] [Times: user=4.89 sys=0.00, real=0.14 secs] 
6676.792: [GC (Allocation Failure) [PSYoungGen: 21847960K->738111K(22609920K)] 22952993K->1843512K(25755648K), 0.1349486 secs] [Times: user=4.78 sys=0.00, real=0.14 secs] 
6679.885: [GC (Allocation Failure) [PSYoungGen: 21840703K->732756K(22609920K)] 22946104K->1838814K(25755648K), 0.1373228 secs] [Times: user=4.71 sys=0.00, real=0.13 secs] 
6683.041: [GC (Allocation Failure) [PSYoungGen: 21835348K->752447K(22609920K)] 22941406K->1859161K(25755648K), 0.1379059 secs] [Times: user=4.87 sys=0.00, real=0.14 secs] 
6686.139: [GC (Allocation Failure) [PSYoungGen: 21855039K->753246K(22609920K)] 22961753K->1860328K(25755648K), 0.1383812 secs] [Times: user=4.89 sys=0.00, real=0.14 secs] 
6689.274: [GC (Allocation Failure) [PSYoungGen: 21855838K->738062K(22609920K)] 22962920K->1845544K(25755648K), 0.1380148 secs] [Times: user=4.81 sys=0.00, real=0.14 secs] 
6692.399: [GC (Allocation Failure) [PSYoungGen: 21840654K->730358K(22609920K)] 22948136K->1838247K(25755648K), 0.1389035 secs] [Times: user=4.74 sys=0.00, real=0.14 secs] 
6695.492: [GC (Allocation Failure) [PSYoungGen: 21832950K->732492K(22609920K)] 22940839K->1841029K(25755648K), 0.1358472 secs] [Times: user=4.80 sys=0.01, real=0.14 secs] 
6698.635: [GC (Allocation Failure) [PSYoungGen: 21835084K->780646K(22609920K)] 22943621K->1889575K(25755648K), 0.1447189 secs] [Times: user=5.04 sys=0.00, real=0.15 secs] 
6701.710: [GC (Allocation Failure) [PSYoungGen: 21883238K->763292K(22609920K)] 22992167K->1872598K(25755648K), 0.1402111 secs] [Times: user=4.96 sys=0.00, real=0.14 secs] 
6704.843: [GC (Allocation Failure) [PSYoungGen: 21865884K->729749K(22609920K)] 22975190K->1839710K(25755648K), 0.1348528 secs] [Times: user=4.77 sys=0.00, real=0.14 secs] 
6707.962: [GC (Allocation Failure) [PSYoungGen: 21832341K->720737K(22609920K)] 22942302K->1831187K(25755648K), 0.1321422 secs] [Times: user=4.67 sys=0.01, real=0.13 secs] 
6711.121: [GC (Allocation Failure) [PSYoungGen: 21823329K->783883K(22609920K)] 22933779K->1894709K(25755648K), 0.1451511 secs] [Times: user=5.07 sys=0.00, real=0.14 secs] 
6714.267: [GC (Allocation Failure) [PSYoungGen: 21886475K->770415K(22609920K)] 22997301K->1881649K(25755648K), 0.1418353 secs] [Times: user=4.97 sys=0.00, real=0.15 secs] 
6717.371: [GC (Allocation Failure) [PSYoungGen: 21873007K->737869K(22609920K)] 22984241K->1849758K(25755648K), 0.1355079 secs] [Times: user=4.80 sys=0.00, real=0.13 secs] 
6720.490: [GC (Allocation Failure) [PSYoungGen: 21840461K->719043K(22609920K)] 22952350K->1831588K(25755648K), 0.1329484 secs] [Times: user=4.69 sys=0.00, real=0.14 secs] 
6723.624: [GC (Allocation Failure) [PSYoungGen: 21821635K->761428K(22609920K)] 22934180K->1874349K(25755648K), 0.1412960 secs] [Times: user=4.98 sys=0.00, real=0.14 secs] 
6726.692: [GC (Allocation Failure) [PSYoungGen: 21864020K->738036K(22609920K)] 22976941K->1851334K(25755648K), 0.1370306 secs] [Times: user=4.84 sys=0.01, real=0.13 secs] 
6729.757: [GC (Allocation Failure) [PSYoungGen: 21840628K->718259K(22609920K)] 22953926K->1832036K(25755648K), 0.1330970 secs] [Times: user=4.69 sys=0.00, real=0.13 secs] 
6732.823: [GC (Allocation Failure) [PSYoungGen: 21820851K->736544K(22609920K)] 22934628K->1850962K(25755648K), 0.1392296 secs] [Times: user=4.90 sys=0.00, real=0.14 secs] 
6735.960: [GC (Allocation Failure) [PSYoungGen: 21839136K->741726K(22609920K)] 22953554K->1856728K(25755648K), 0.1372181 secs] [Times: user=4.83 sys=0.01, real=0.14 secs] 
6739.058: [GC (Allocation Failure) [PSYoungGen: 21844318K->778993K(22609920K)] 22959320K->1894395K(25755648K), 0.1432665 secs] [Times: user=5.03 sys=0.01, real=0.14 secs] 
6742.117: [GC (Allocation Failure) [PSYoungGen: 21881585K->817280K(22609920K)] 22996987K->1933057K(25755648K), 0.1485728 secs] [Times: user=5.24 sys=0.00, real=0.15 secs] 
6745.214: [GC (Allocation Failure) [PSYoungGen: 21919872K->768409K(22609920K)] 23035649K->1884771K(25755648K), 0.1422232 secs] [Times: user=5.00 sys=0.01, real=0.15 secs] 
6748.306: [GC (Allocation Failure) [PSYoungGen: 21871001K->742178K(22609920K)] 22987363K->1859132K(25755648K), 0.1365138 secs] [Times: user=4.82 sys=0.00, real=0.13 secs] 
6751.448: [GC (Allocation Failure) [PSYoungGen: 21844770K->761555K(22609920K)] 22961724K->1878876K(25755648K), 0.1395693 secs] [Times: user=4.94 sys=0.00, real=0.14 secs] 
6754.556: [GC (Allocation Failure) [PSYoungGen: 21864147K->726154K(22609920K)] 22981468K->1843860K(25755648K), 0.1341012 secs] [Times: user=4.74 sys=0.00, real=0.13 secs] 
6757.685: [GC (Allocation Failure) [PSYoungGen: 21828746K->723839K(22609920K)] 22946452K->1842192K(25755648K), 0.1336047 secs] [Times: user=4.72 sys=0.00, real=0.13 secs] 
6760.764: [GC (Allocation Failure) [PSYoungGen: 21826431K->779309K(22609920K)] 22944784K->1898143K(25755648K), 0.1432670 secs] [Times: user=5.06 sys=0.00, real=0.15 secs] 
6763.831: [GC (Allocation Failure) [PSYoungGen: 21881901K->812931K(22609920K)] 23000735K->1932157K(25755648K), 0.1485399 secs] [Times: user=5.26 sys=0.01, real=0.15 secs] 
6766.927: [GC (Allocation Failure) [PSYoungGen: 21915523K->765451K(22609920K)] 23034749K->1885061K(25755648K), 0.1413441 secs] [Times: user=4.95 sys=0.01, real=0.15 secs] 
6770.068: [GC (Allocation Failure) [PSYoungGen: 21868043K->782251K(22609920K)] 22987653K->1902501K(25755648K), 0.1430064 secs] [Times: user=5.04 sys=0.00, real=0.14 secs] 
6773.106: [GC (Allocation Failure) [PSYoungGen: 21884843K->755869K(22609920K)] 23005093K->1876751K(25755648K), 0.1395115 secs] [Times: user=4.94 sys=0.00, real=0.14 secs] 
6776.167: [GC (Allocation Failure) [PSYoungGen: 21858461K->723859K(22609920K)] 22979343K->1845116K(25755648K), 0.1333799 secs] [Times: user=4.72 sys=0.01, real=0.14 secs] 
6779.237: [GC (Allocation Failure) [PSYoungGen: 21826451K->769667K(22609920K)] 22947708K->1891341K(25755648K), 0.1423695 secs] [Times: user=4.95 sys=0.00, real=0.14 secs] 
6782.335: [GC (Allocation Failure) [PSYoungGen: 21872259K->684584K(22609920K)] 22993933K->1806913K(25755648K), 0.1268981 secs] [Times: user=4.48 sys=0.00, real=0.13 secs] 
6785.424: [GC (Allocation Failure) [PSYoungGen: 21787176K->736847K(22609920K)] 22909505K->1859769K(25755648K), 0.1373891 secs] [Times: user=4.83 sys=0.00, real=0.14 secs] 
6788.536: [GC (Allocation Failure) [PSYoungGen: 21839439K->749576K(22609920K)] 22962361K->1872881K(25755648K), 0.1391011 secs] [Times: user=4.88 sys=0.00, real=0.14 secs] 
6791.613: [GC (Allocation Failure) [PSYoungGen: 21852168K->743699K(22609920K)] 22975473K->1867381K(25755648K), 0.1378411 secs] [Times: user=4.88 sys=0.00, real=0.13 secs] 
6794.798: [GC (Allocation Failure) [PSYoungGen: 21846291K->710166K(22609920K)] 22969973K->1834255K(25755648K), 0.1316161 secs] [Times: user=4.65 sys=0.00, real=0.13 secs] 
6797.910: [GC (Allocation Failure) [PSYoungGen: 21812758K->753098K(22609920K)] 22936847K->1877739K(25755648K), 0.1399372 secs] [Times: user=4.94 sys=0.00, real=0.14 secs] 
6801.066: [GC (Allocation Failure) [PSYoungGen: 21855690K->756590K(22609920K)] 22980331K->1881631K(25755648K), 0.1399225 secs] [Times: user=4.89 sys=0.00, real=0.14 secs] 
6804.127: [GC (Allocation Failure) [PSYoungGen: 21859182K->757752K(22609920K)] 22984223K->1883177K(25755648K), 0.1411612 secs] [Times: user=4.91 sys=0.00, real=0.14 secs] 
6807.198: [GC (Allocation Failure) [PSYoungGen: 21860344K->743795K(22609920K)] 22985769K->1869629K(25755648K), 0.1382243 secs] [Times: user=4.88 sys=0.00, real=0.14 secs] 
6810.239: [GC (Allocation Failure) [PSYoungGen: 21846387K->813004K(22609920K)] 22972221K->1939214K(25755648K), 0.1498884 secs] [Times: user=5.27 sys=0.01, real=0.15 secs] 
6813.316: [GC (Allocation Failure) [PSYoungGen: 21915596K->730921K(22609920K)] 23041806K->1857506K(25755648K), 0.1360624 secs] [Times: user=4.70 sys=0.00, real=0.13 secs] 
6816.364: [GC (Allocation Failure) [PSYoungGen: 21833513K->758580K(22609920K)] 22960098K->1885702K(25755648K), 0.1395638 secs] [Times: user=4.94 sys=0.00, real=0.13 secs] 
6819.451: [GC (Allocation Failure) [PSYoungGen: 21861172K->738105K(22609920K)] 22988294K->1865707K(25755648K), 0.1357872 secs] [Times: user=4.76 sys=0.00, real=0.14 secs] 
6822.539: [GC (Allocation Failure) [PSYoungGen: 21840697K->746588K(22609920K)] 22968299K->1874773K(25755648K), 0.1383028 secs] [Times: user=4.89 sys=0.00, real=0.14 secs] 
6825.624: [GC (Allocation Failure) [PSYoungGen: 21849180K->735561K(22609920K)] 22977365K->1864139K(25755648K), 0.1369926 secs] [Times: user=4.84 sys=0.00, real=0.14 secs] 
6828.700: [GC (Allocation Failure) [PSYoungGen: 21838153K->740386K(22609920K)] 22966731K->1869363K(25755648K), 0.1375308 secs] [Times: user=4.84 sys=0.00, real=0.14 secs] 
6831.776: [GC (Allocation Failure) [PSYoungGen: 21842978K->743178K(22609920K)] 22971955K->1872548K(25755648K), 0.1376521 secs] [Times: user=4.87 sys=0.01, real=0.14 secs] 
6834.887: [GC (Allocation Failure) [PSYoungGen: 21845770K->768730K(22609920K)] 22975140K->1898675K(25755648K), 0.1439221 secs] [Times: user=5.07 sys=0.01, real=0.15 secs] 
6837.996: [GC (Allocation Failure) [PSYoungGen: 21871322K->744613K(22609920K)] 23001267K->1875006K(25755648K), 0.1393073 secs] [Times: user=4.80 sys=0.00, real=0.14 secs] 
6841.034: [GC (Allocation Failure) [PSYoungGen: 21847205K->720713K(22609920K)] 22977598K->1851667K(25755648K), 0.1331717 secs] [Times: user=4.67 sys=0.00, real=0.13 secs] 
6844.115: [GC (Allocation Failure) [PSYoungGen: 21823305K->751884K(22609920K)] 22954259K->1883245K(25755648K), 0.1383048 secs] [Times: user=4.85 sys=0.00, real=0.14 secs] 
6847.131: [GC (Allocation Failure) [PSYoungGen: 21854476K->760699K(22609920K)] 22985837K->1892453K(25755648K), 0.1412752 secs] [Times: user=4.90 sys=0.00, real=0.14 secs] 
6850.243: [GC (Allocation Failure) [PSYoungGen: 21863291K->794182K(22609920K)] 22995045K->1926312K(25755648K), 0.1451080 secs] [Times: user=5.11 sys=0.01, real=0.14 secs] 
6853.385: [GC (Allocation Failure) [PSYoungGen: 21896774K->703068K(22609920K)] 23028904K->1835598K(25755648K), 0.1316235 secs] [Times: user=4.61 sys=0.00, real=0.13 secs] 
6856.400: [GC (Allocation Failure) [PSYoungGen: 21805660K->738437K(22609920K)] 22938190K->1871574K(25755648K), 0.1361020 secs] [Times: user=4.80 sys=0.01, real=0.14 secs] 
6859.482: [GC (Allocation Failure) [PSYoungGen: 21841029K->760452K(22609920K)] 22974166K->1893974K(25755648K), 0.1411252 secs] [Times: user=4.98 sys=0.00, real=0.14 secs] 
6862.610: [GC (Allocation Failure) [PSYoungGen: 21863044K->798935K(22609920K)] 22996566K->1932824K(25755648K), 0.1470611 secs] [Times: user=5.21 sys=0.00, real=0.15 secs] 
6865.703: [GC (Allocation Failure) [PSYoungGen: 21901527K->760685K(22609920K)] 23035416K->1895031K(25755648K), 0.1396381 secs] [Times: user=4.94 sys=0.00, real=0.14 secs] 
6868.784: [GC (Allocation Failure) [PSYoungGen: 21863277K->763645K(22609920K)] 22997623K->1898615K(25755648K), 0.1399996 secs] [Times: user=4.95 sys=0.01, real=0.14 secs] 
6871.853: [GC (Allocation Failure) [PSYoungGen: 21866237K->752769K(22609920K)] 23001207K->1888315K(25755648K), 0.1417605 secs] [Times: user=4.91 sys=0.00, real=0.15 secs] 
6874.937: [GC (Allocation Failure) [PSYoungGen: 21855361K->737505K(22609920K)] 22990907K->1873427K(25755648K), 0.1365626 secs] [Times: user=4.81 sys=0.00, real=0.14 secs] 
6877.963: [GC (Allocation Failure) [PSYoungGen: 21840097K->733299K(22609920K)] 22976019K->1869605K(25755648K), 0.1360253 secs] [Times: user=4.80 sys=0.00, real=0.14 secs] 
6881.028: [GC (Allocation Failure) [PSYoungGen: 21835891K->743330K(22609920K)] 22972197K->1880324K(25755648K), 0.1398215 secs] [Times: user=4.92 sys=0.00, real=0.14 secs] 
6884.121: [GC (Allocation Failure) [PSYoungGen: 21845922K->709478K(22609920K)] 22982916K->1847112K(25755648K), 0.1320959 secs] [Times: user=4.67 sys=0.00, real=0.13 secs] 
6887.211: [GC (Allocation Failure) [PSYoungGen: 21812070K->734126K(22609920K)] 22949704K->1872128K(25755648K), 0.1348840 secs] [Times: user=4.78 sys=0.00, real=0.14 secs] 
6890.267: [GC (Allocation Failure) [PSYoungGen: 21836718K->718925K(22609920K)] 22974720K->1857295K(25755648K), 0.1334893 secs] [Times: user=4.72 sys=0.00, real=0.13 secs] 
6893.272: [GC (Allocation Failure) [PSYoungGen: 21821517K->795884K(22609920K)] 22959887K->1935014K(25755648K), 0.1458787 secs] [Times: user=5.17 sys=0.00, real=0.15 secs] 
6896.392: [GC (Allocation Failure) [PSYoungGen: 21898476K->726921K(22609920K)] 23037606K->1866707K(25755648K), 0.1367095 secs] [Times: user=4.80 sys=0.00, real=0.14 secs] 
6899.502: [GC (Allocation Failure) [PSYoungGen: 21829513K->741382K(22609920K)] 22969299K->1881567K(25755648K), 0.1376774 secs] [Times: user=4.84 sys=0.00, real=0.14 secs] 
6902.601: [GC (Allocation Failure) [PSYoungGen: 21843974K->737126K(22609920K)] 22984159K->1877671K(25755648K), 0.1359315 secs] [Times: user=4.80 sys=0.01, real=0.13 secs] 
6905.702: [GC (Allocation Failure) [PSYoungGen: 21839718K->786825K(22609920K)] 22980263K->1928042K(25755648K), 0.1427424 secs] [Times: user=5.06 sys=0.00, real=0.14 secs] 
6908.763: [GC (Allocation Failure) [PSYoungGen: 21889417K->765227K(22609920K)] 23030634K->1906813K(25755648K), 0.1403421 secs] [Times: user=4.96 sys=0.00, real=0.14 secs] 
6911.788: [GC (Allocation Failure) [PSYoungGen: 21867819K->738492K(22609920K)] 23009405K->1880453K(25755648K), 0.1377789 secs] [Times: user=4.86 sys=0.00, real=0.14 secs] 
6914.855: [GC (Allocation Failure) [PSYoungGen: 21841084K->790734K(22609920K)] 22983045K->1933080K(25755648K), 0.1448601 secs] [Times: user=5.14 sys=0.00, real=0.15 secs] 
6917.923: [GC (Allocation Failure) [PSYoungGen: 21893326K->739359K(22609920K)] 23035672K->1882313K(25755648K), 0.1361407 secs] [Times: user=4.81 sys=0.00, real=0.13 secs] 
6920.960: [GC (Allocation Failure) [PSYoungGen: 21841951K->764152K(22609920K)] 22984905K->1907506K(25755648K), 0.1407421 secs] [Times: user=4.98 sys=0.00, real=0.15 secs] 
6924.030: [GC (Allocation Failure) [PSYoungGen: 21866744K->788098K(22609920K)] 23010098K->1931827K(25755648K), 0.1448081 secs] [Times: user=5.12 sys=0.00, real=0.15 secs] 
6927.161: [GC (Allocation Failure) [PSYoungGen: 21890690K->819669K(22609920K)] 23034419K->1963798K(25755648K), 0.1501623 secs] [Times: user=5.32 sys=0.00, real=0.15 secs] 
6930.228: [GC (Allocation Failure) [PSYoungGen: 21922261K->742287K(22609920K)] 23066390K->1886888K(25755648K), 0.1382035 secs] [Times: user=4.79 sys=0.00, real=0.14 secs] 
6933.326: [GC (Allocation Failure) [PSYoungGen: 21844879K->784762K(22609920K)] 22989480K->1929995K(25755648K), 0.1442245 secs] [Times: user=5.10 sys=0.00, real=0.14 secs] 
6936.368: [GC (Allocation Failure) [PSYoungGen: 21887354K->836237K(22609920K)] 23032587K->1981878K(25755648K), 0.1518315 secs] [Times: user=5.36 sys=0.00, real=0.15 secs] 
6939.487: [GC (Allocation Failure) [PSYoungGen: 21938829K->764421K(22609920K)] 23084470K->1910415K(25755648K), 0.1413683 secs] [Times: user=4.97 sys=0.00, real=0.14 secs] 
6942.574: [GC (Allocation Failure) [PSYoungGen: 21867013K->741381K(22609920K)] 23013007K->1887782K(25755648K), 0.1381455 secs] [Times: user=4.82 sys=0.01, real=0.13 secs] 
6945.575: [GC (Allocation Failure) [PSYoungGen: 21843973K->712372K(22609920K)] 22990374K->1859341K(25755648K), 0.1315279 secs] [Times: user=4.66 sys=0.00, real=0.13 secs] 
6948.577: [GC (Allocation Failure) [PSYoungGen: 21814964K->673522K(22609920K)] 22961933K->1821019K(25755648K), 0.1263461 secs] [Times: user=4.41 sys=0.00, real=0.12 secs] 
6951.616: [GC (Allocation Failure) [PSYoungGen: 21776114K->783430K(22609920K)] 22923611K->1931296K(25755648K), 0.1443922 secs] [Times: user=5.07 sys=0.00, real=0.14 secs] 
6954.738: [GC (Allocation Failure) [PSYoungGen: 21886022K->847337K(22609920K)] 23033888K->1995587K(25755648K), 0.1547655 secs] [Times: user=5.46 sys=0.00, real=0.15 secs] 
6957.798: [GC (Allocation Failure) [PSYoungGen: 21949929K->802145K(22609920K)] 23098179K->1950770K(25755648K), 0.1460557 secs] [Times: user=5.17 sys=0.00, real=0.14 secs] 
6960.877: [GC (Allocation Failure) [PSYoungGen: 21904737K->832338K(22609920K)] 23053362K->1981475K(25755648K), 0.1460617 secs] [Times: user=5.14 sys=0.00, real=0.14 secs] 
6963.950: [GC (Allocation Failure) [PSYoungGen: 21934930K->786353K(22609920K)] 23084067K->1936139K(25755648K), 0.1458942 secs] [Times: user=5.12 sys=0.00, real=0.14 secs] 
6967.023: [GC (Allocation Failure) [PSYoungGen: 21888945K->776183K(22609920K)] 23038731K->1926344K(25755648K), 0.1426012 secs] [Times: user=5.04 sys=0.00, real=0.14 secs] 
6970.084: [GC (Allocation Failure) [PSYoungGen: 21878775K->806867K(22609920K)] 23028936K->1957420K(25755648K), 0.1478645 secs] [Times: user=5.22 sys=0.00, real=0.15 secs] 
6973.161: [GC (Allocation Failure) [PSYoungGen: 21909459K->743810K(22609920K)] 23060012K->1894724K(25755648K), 0.1367197 secs] [Times: user=4.83 sys=0.00, real=0.13 secs] 
6976.200: [GC (Allocation Failure) [PSYoungGen: 21846402K->814316K(22609920K)] 22997316K->1965758K(25755648K), 0.1493629 secs] [Times: user=5.25 sys=0.00, real=0.15 secs] 
6979.358: [GC (Allocation Failure) [PSYoungGen: 21916908K->762098K(22609920K)] 23068350K->1913900K(25755648K), 0.1402089 secs] [Times: user=4.89 sys=0.01, real=0.14 secs] 
6982.476: [GC (Allocation Failure) [PSYoungGen: 21864690K->753089K(22609920K)] 23016492K->1905235K(25755648K), 0.1389590 secs] [Times: user=4.88 sys=0.00, real=0.14 secs] 
6985.516: [GC (Allocation Failure) [PSYoungGen: 21855681K->769616K(22609920K)] 23007827K->1922258K(25755648K), 0.1411034 secs] [Times: user=4.99 sys=0.00, real=0.14 secs] 
6988.628: [GC (Allocation Failure) [PSYoungGen: 21872208K->817540K(22609920K)] 23024850K->1970797K(25755648K), 0.1513869 secs] [Times: user=5.25 sys=0.00, real=0.15 secs] 
6991.629: [GC (Allocation Failure) [PSYoungGen: 21920132K->699213K(22609920K)] 23073389K->1853143K(25755648K), 0.1305158 secs] [Times: user=4.63 sys=0.00, real=0.13 secs] 
6994.690: [GC (Allocation Failure) [PSYoungGen: 21801805K->811714K(22609920K)] 22955735K->1966412K(25755648K), 0.1478559 secs] [Times: user=5.24 sys=0.00, real=0.15 secs] 
6997.802: [GC (Allocation Failure) [PSYoungGen: 21914306K->798326K(22609920K)] 23069004K->1953648K(25755648K), 0.1452955 secs] [Times: user=5.11 sys=0.00, real=0.14 secs] 
7000.927: [GC (Allocation Failure) [PSYoungGen: 21900918K->791544K(22609920K)] 23056240K->1947217K(25755648K), 0.1451368 secs] [Times: user=5.14 sys=0.00, real=0.14 secs] 
7003.987: [GC (Allocation Failure) [PSYoungGen: 21894136K->752698K(22609920K)] 23049809K->1908748K(25755648K), 0.1395451 secs] [Times: user=4.86 sys=0.00, real=0.14 secs] 
7007.082: [GC (Allocation Failure) [PSYoungGen: 21855290K->747123K(22609920K)] 23011340K->1903509K(25755648K), 0.1364360 secs] [Times: user=4.83 sys=0.00, real=0.14 secs] 
7010.143: [GC (Allocation Failure) [PSYoungGen: 21849715K->759444K(22609920K)] 23006101K->1916261K(25755648K), 0.1398448 secs] [Times: user=4.96 sys=0.00, real=0.14 secs] 
7013.180: [GC (Allocation Failure) [PSYoungGen: 21862036K->752135K(22609920K)] 23018853K->1909344K(25755648K), 0.1387679 secs] [Times: user=4.84 sys=0.00, real=0.14 secs] 
7016.237: [GC (Allocation Failure) [PSYoungGen: 21854727K->735518K(22609920K)] 23011936K->1893295K(25755648K), 0.1372092 secs] [Times: user=4.85 sys=0.00, real=0.13 secs] 
7019.292: [GC (Allocation Failure) [PSYoungGen: 21838110K->814706K(22609920K)] 22995887K->1973124K(25755648K), 0.1437902 secs] [Times: user=5.09 sys=0.00, real=0.15 secs] 
7022.404: [GC (Allocation Failure) [PSYoungGen: 21917298K->754492K(22609920K)] 23075716K->1913254K(25755648K), 0.1391010 secs] [Times: user=4.92 sys=0.00, real=0.14 secs] 
7025.413: [GC (Allocation Failure) [PSYoungGen: 21857084K->787096K(22609920K)] 23015846K->1946578K(25755648K), 0.1388747 secs] [Times: user=4.93 sys=0.00, real=0.14 secs] 
7028.510: [GC (Allocation Failure) [PSYoungGen: 21889688K->772872K(22609920K)] 23049170K->1932993K(25755648K), 0.1413596 secs] [Times: user=5.01 sys=0.00, real=0.14 secs] 
7031.612: [GC (Allocation Failure) [PSYoungGen: 21875464K->762774K(22609920K)] 23035585K->1923256K(25755648K), 0.1391001 secs] [Times: user=4.93 sys=0.00, real=0.14 secs] 
7034.613: [GC (Allocation Failure) [PSYoungGen: 21865366K->819700K(22609920K)] 23025848K->1980509K(25755648K), 0.1489605 secs] [Times: user=5.25 sys=0.00, real=0.15 secs] 
7037.692: [GC (Allocation Failure) [PSYoungGen: 21922292K->749188K(22609920K)] 23083101K->1910422K(25755648K), 0.1383012 secs] [Times: user=4.84 sys=0.00, real=0.14 secs] 
7040.774: [GC (Allocation Failure) [PSYoungGen: 21851780K->746191K(22609920K)] 23013014K->1907792K(25755648K), 0.1399274 secs] [Times: user=4.84 sys=0.00, real=0.14 secs] 
7043.853: [GC (Allocation Failure) [PSYoungGen: 21848783K->782883K(22609920K)] 23010384K->1945092K(25755648K), 0.1433454 secs] [Times: user=5.07 sys=0.00, real=0.14 secs] 
7046.906: [GC (Allocation Failure) [PSYoungGen: 21885475K->767006K(22609920K)] 23047684K->1929680K(25755648K), 0.1417033 secs] [Times: user=4.96 sys=0.00, real=0.14 secs] 
7049.924: [GC (Allocation Failure) [PSYoungGen: 21869598K->873508K(22609920K)] 23032272K->2036910K(25755648K), 0.1577482 secs] [Times: user=5.60 sys=0.00, real=0.16 secs] 
7053.033: [GC (Allocation Failure) [PSYoungGen: 21976100K->751214K(22609920K)] 23139502K->1915152K(25755648K), 0.1382747 secs] [Times: user=4.91 sys=0.00, real=0.14 secs] 
7056.024: [GC (Allocation Failure) [PSYoungGen: 21853806K->749175K(22609920K)] 23017744K->1913488K(25755648K), 0.1373558 secs] [Times: user=4.81 sys=0.00, real=0.14 secs] 
7059.019: [GC (Allocation Failure) [PSYoungGen: 21851767K->907455K(22609920K)] 23016080K->2072417K(25755648K), 0.1587960 secs] [Times: user=5.63 sys=0.00, real=0.16 secs] 
7062.053: [GC (Allocation Failure) [PSYoungGen: 22010047K->702714K(22609920K)] 23175009K->1868323K(25755648K), 0.1317816 secs] [Times: user=4.57 sys=0.00, real=0.13 secs] 
7065.040: [GC (Allocation Failure) [PSYoungGen: 21805306K->778582K(22609920K)] 22970915K->1944519K(25755648K), 0.1418980 secs] [Times: user=5.02 sys=0.00, real=0.14 secs] 
7068.061: [GC (Allocation Failure) [PSYoungGen: 21881174K->764519K(22609920K)] 23047111K->1930880K(25755648K), 0.1398886 secs] [Times: user=4.95 sys=0.01, real=0.14 secs] 
7071.060: [GC (Allocation Failure) [PSYoungGen: 21867111K->821075K(22609920K)] 23033472K->1987836K(25755648K), 0.1490121 secs] [Times: user=5.28 sys=0.00, real=0.15 secs] 
7074.042: [GC (Allocation Failure) [PSYoungGen: 21923667K->805826K(22609920K)] 23090428K->1973284K(25755648K), 0.1463668 secs] [Times: user=5.19 sys=0.00, real=0.15 secs] 
7077.072: [GC (Allocation Failure) [PSYoungGen: 21908418K->733469K(22609920K)] 23075876K->1901583K(25755648K), 0.1350777 secs] [Times: user=4.76 sys=0.01, real=0.14 secs] 
7080.043: [GC (Allocation Failure) [PSYoungGen: 21836061K->780023K(22609920K)] 23004175K->1948472K(25755648K), 0.1424139 secs] [Times: user=5.03 sys=0.00, real=0.15 secs] 
7083.057: [GC (Allocation Failure) [PSYoungGen: 21882615K->819987K(22609920K)] 23051064K->1988860K(25755648K), 0.1485337 secs] [Times: user=5.26 sys=0.00, real=0.15 secs] 
7086.061: [GC (Allocation Failure) [PSYoungGen: 21922579K->792145K(22609920K)] 23091452K->1961386K(25755648K), 0.1431802 secs] [Times: user=5.07 sys=0.00, real=0.14 secs] 
7089.071: [GC (Allocation Failure) [PSYoungGen: 21894737K->749199K(22609920K)] 23063978K->1919097K(25755648K), 0.1370750 secs] [Times: user=4.85 sys=0.01, real=0.14 secs] 
7092.055: [GC (Allocation Failure) [PSYoungGen: 21851791K->725067K(22609920K)] 23021689K->1895804K(25755648K), 0.1347987 secs] [Times: user=4.78 sys=0.00, real=0.14 secs] 
7095.102: [GC (Allocation Failure) [PSYoungGen: 21827659K->811332K(22609920K)] 22998396K->1982430K(25755648K), 0.1415901 secs] [Times: user=5.00 sys=0.01, real=0.14 secs] 
7098.216: [GC (Allocation Failure) [PSYoungGen: 21913924K->702500K(22609920K)] 23085022K->1874198K(25755648K), 0.1294888 secs] [Times: user=4.58 sys=0.00, real=0.13 secs] 
7101.271: [GC (Allocation Failure) [PSYoungGen: 21805092K->658148K(22609920K)] 22976790K->1830214K(25755648K), 0.1221872 secs] [Times: user=4.31 sys=0.00, real=0.12 secs] 
7104.268: [GC (Allocation Failure) [PSYoungGen: 21760740K->673668K(22609920K)] 22932806K->1846062K(25755648K), 0.1260980 secs] [Times: user=4.41 sys=0.01, real=0.13 secs] 
7107.318: [GC (Allocation Failure) [PSYoungGen: 21776260K->719092K(22609920K)] 22948654K->1891998K(25755648K), 0.1333151 secs] [Times: user=4.69 sys=0.00, real=0.14 secs] 
7110.238: [GC (Allocation Failure) [PSYoungGen: 21821684K->791275K(22609920K)] 22994590K->1964836K(25755648K), 0.1449611 secs] [Times: user=5.03 sys=0.01, real=0.15 secs] 
7113.227: [GC (Allocation Failure) [PSYoungGen: 21893867K->737633K(22609920K)] 23067428K->1911850K(25755648K), 0.1366187 secs] [Times: user=4.83 sys=0.00, real=0.14 secs] 
7116.285: [GC (Allocation Failure) [PSYoungGen: 21840225K->725920K(22609920K)] 23014442K->1900706K(25755648K), 0.1373608 secs] [Times: user=4.68 sys=0.00, real=0.14 secs] 
7119.391: [GC (Allocation Failure) [PSYoungGen: 21828512K->658212K(22609920K)] 23003298K->1833438K(25755648K), 0.1217896 secs] [Times: user=4.30 sys=0.00, real=0.12 secs] 
7122.434: [GC (Allocation Failure) [PSYoungGen: 21760804K->708884K(22609920K)] 22936030K->1884486K(25755648K), 0.1305373 secs] [Times: user=4.62 sys=0.00, real=0.13 secs] 
7125.433: [GC (Allocation Failure) [PSYoungGen: 21811476K->695588K(22609920K)] 22987078K->1871550K(25755648K), 0.1276810 secs] [Times: user=4.52 sys=0.00, real=0.12 secs] 
7128.520: [GC (Allocation Failure) [PSYoungGen: 21798180K->710797K(22609920K)] 22974142K->1887127K(25755648K), 0.1304103 secs] [Times: user=4.62 sys=0.01, real=0.13 secs] 
7131.648: [GC (Allocation Failure) [PSYoungGen: 21813389K->655157K(22609920K)] 22989719K->1831871K(25755648K), 0.1219338 secs] [Times: user=4.31 sys=0.00, real=0.12 secs] 
7134.747: [GC (Allocation Failure) [PSYoungGen: 21757749K->759580K(22609920K)] 22934463K->1937030K(25755648K), 0.1391033 secs] [Times: user=4.93 sys=0.00, real=0.14 secs] 
7137.773: [GC (Allocation Failure) [PSYoungGen: 21862172K->800304K(22609920K)] 23039622K->1978426K(25755648K), 0.1456085 secs] [Times: user=5.02 sys=0.00, real=0.15 secs] 
7140.874: [GC (Allocation Failure) [PSYoungGen: 21902896K->780364K(22609920K)] 23081018K->1958790K(25755648K), 0.1439202 secs] [Times: user=4.98 sys=0.00, real=0.14 secs] 
7143.979: [GC (Allocation Failure) [PSYoungGen: 21882956K->791396K(22609920K)] 23061382K->1970278K(25755648K), 0.1373331 secs] [Times: user=4.86 sys=0.00, real=0.14 secs] 
7147.012: [GC (Allocation Failure) [PSYoungGen: 21893988K->676532K(22609920K)] 23072870K->1855934K(25755648K), 0.1255556 secs] [Times: user=4.43 sys=0.00, real=0.13 secs] 
7150.061: [GC (Allocation Failure) [PSYoungGen: 21779124K->676897K(22609920K)] 22958526K->1856906K(25755648K), 0.1258163 secs] [Times: user=4.44 sys=0.00, real=0.13 secs] 
7153.099: [GC (Allocation Failure) [PSYoungGen: 21779489K->731463K(22609920K)] 22959498K->1912088K(25755648K), 0.1346322 secs] [Times: user=4.70 sys=0.00, real=0.13 secs] 
7156.116: [GC (Allocation Failure) [PSYoungGen: 21834055K->725645K(22609920K)] 23014680K->1907014K(25755648K), 0.1329172 secs] [Times: user=4.71 sys=0.00, real=0.14 secs] 
7159.219: [GC (Allocation Failure) [PSYoungGen: 21828237K->712872K(22609920K)] 23009606K->1895162K(25755648K), 0.1319409 secs] [Times: user=4.60 sys=0.01, real=0.13 secs] 
7162.316: [GC (Allocation Failure) [PSYoungGen: 21815464K->763061K(22609920K)] 22997754K->1945735K(25755648K), 0.1393468 secs] [Times: user=4.93 sys=0.01, real=0.14 secs] 
7165.368: [GC (Allocation Failure) [PSYoungGen: 21865653K->813389K(22609920K)] 23048327K->1996446K(25755648K), 0.1470614 secs] [Times: user=5.18 sys=0.00, real=0.14 secs] 
7168.417: [GC (Allocation Failure) [PSYoungGen: 21915981K->762177K(22609920K)] 23099038K->1945587K(25755648K), 0.1403144 secs] [Times: user=4.89 sys=0.00, real=0.14 secs] 
7171.475: [GC (Allocation Failure) [PSYoungGen: 21864769K->745204K(22609920K)] 23048179K->1929181K(25755648K), 0.1365335 secs] [Times: user=4.81 sys=0.00, real=0.14 secs] 
7174.509: [GC (Allocation Failure) [PSYoungGen: 21847796K->743016K(22609920K)] 23031773K->1927913K(25755648K), 0.1371215 secs] [Times: user=4.82 sys=0.00, real=0.14 secs] 
7177.573: [GC (Allocation Failure) [PSYoungGen: 21845608K->784323K(22609920K)] 23030505K->1969868K(25755648K), 0.1427269 secs] [Times: user=4.98 sys=0.00, real=0.14 secs] 
7180.581: [GC (Allocation Failure) [PSYoungGen: 21886915K->766152K(22609920K)] 23072460K->1952113K(25755648K), 0.1395010 secs] [Times: user=4.91 sys=0.00, real=0.14 secs] 
7183.668: [GC (Allocation Failure) [PSYoungGen: 21868744K->739387K(22609920K)] 23054705K->1925677K(25755648K), 0.1366908 secs] [Times: user=4.80 sys=0.00, real=0.14 secs] 
7186.683: [GC (Allocation Failure) [PSYoungGen: 21841979K->760399K(22609920K)] 23028269K->1947169K(25755648K), 0.1399435 secs] [Times: user=4.87 sys=0.00, real=0.14 secs] 
7189.763: [GC (Allocation Failure) [PSYoungGen: 21862991K->743589K(22609920K)] 23049761K->1931111K(25755648K), 0.1367852 secs] [Times: user=4.79 sys=0.00, real=0.13 secs] 
7192.772: [GC (Allocation Failure) [PSYoungGen: 21846181K->857426K(22609920K)] 23033703K->2045507K(25755648K), 0.1493668 secs] [Times: user=5.28 sys=0.00, real=0.14 secs] 
7195.811: [GC (Allocation Failure) [PSYoungGen: 21960018K->1000276K(22609920K)] 23148099K->2188758K(25755648K), 0.1793896 secs] [Times: user=6.36 sys=0.00, real=0.18 secs] 
7198.972: [GC (Allocation Failure) [PSYoungGen: 22102868K->790662K(22609920K)] 23291350K->1979592K(25755648K), 0.1433441 secs] [Times: user=5.04 sys=0.00, real=0.15 secs] 
7202.013: [GC (Allocation Failure) [PSYoungGen: 21893254K->766018K(22609920K)] 23082184K->1955636K(25755648K), 0.1400378 secs] [Times: user=4.95 sys=0.00, real=0.15 secs] 
7205.029: [GC (Allocation Failure) [PSYoungGen: 21868610K->735001K(22609920K)] 23058228K->1925034K(25755648K), 0.1345150 secs] [Times: user=4.76 sys=0.00, real=0.13 secs] 
7208.071: [GC (Allocation Failure) [PSYoungGen: 21837593K->741318K(22609920K)] 23027626K->1931728K(25755648K), 0.1358804 secs] [Times: user=4.81 sys=0.00, real=0.14 secs] 
7211.081: [GC (Allocation Failure) [PSYoungGen: 21843910K->891217K(22609920K)] 23034320K->2082338K(25755648K), 0.1594323 secs] [Times: user=5.65 sys=0.00, real=0.16 secs] 
7214.154: [GC (Allocation Failure) [PSYoungGen: 21993809K->798789K(22609920K)] 23184930K->1990559K(25755648K), 0.1463369 secs] [Times: user=5.16 sys=0.00, real=0.15 secs] 
7217.272: [GC (Allocation Failure) [PSYoungGen: 21901381K->788897K(22609920K)] 23093151K->1981163K(25755648K), 0.1435729 secs] [Times: user=5.07 sys=0.00, real=0.15 secs] 
7220.283: [GC (Allocation Failure) [PSYoungGen: 21891489K->817905K(22609920K)] 23083755K->2010619K(25755648K), 0.1488129 secs] [Times: user=5.27 sys=0.00, real=0.15 secs] 
7223.342: [GC (Allocation Failure) [PSYoungGen: 21920497K->721901K(22609920K)] 23113211K->1914959K(25755648K), 0.1333759 secs] [Times: user=4.70 sys=0.00, real=0.13 secs] 
7226.495: [GC (Allocation Failure) [PSYoungGen: 21824493K->710812K(22609920K)] 23017551K->1904446K(25755648K), 0.1304718 secs] [Times: user=4.61 sys=0.00, real=0.13 secs] 
7229.549: [GC (Allocation Failure) [PSYoungGen: 21813404K->763713K(22609920K)] 23007038K->1957842K(25755648K), 0.1399943 secs] [Times: user=4.94 sys=0.01, real=0.14 secs] 
7232.624: [GC (Allocation Failure) [PSYoungGen: 21866305K->867653K(22609920K)] 23060434K->2062319K(25755648K), 0.1519087 secs] [Times: user=5.34 sys=0.00, real=0.15 secs] 
7235.695: [GC (Allocation Failure) [PSYoungGen: 21970245K->709008K(22609920K)] 23164911K->1904330K(25755648K), 0.1305577 secs] [Times: user=4.61 sys=0.00, real=0.13 secs] 
7238.720: [GC (Allocation Failure) [PSYoungGen: 21811600K->722905K(22609920K)] 23006922K->1918803K(25755648K), 0.1328658 secs] [Times: user=4.70 sys=0.01, real=0.13 secs] 
7241.707: [GC (Allocation Failure) [PSYoungGen: 21825497K->754997K(22609920K)] 23021395K->1951207K(25755648K), 0.1374729 secs] [Times: user=4.86 sys=0.01, real=0.14 secs] 
7244.748: [GC (Allocation Failure) [PSYoungGen: 21857589K->729355K(22609920K)] 23053799K->1926069K(25755648K), 0.1347832 secs] [Times: user=4.75 sys=0.00, real=0.14 secs] 
7247.772: [GC (Allocation Failure) [PSYoungGen: 21831947K->791791K(22609920K)] 23028661K->1988881K(25755648K), 0.1446683 secs] [Times: user=5.11 sys=0.00, real=0.14 secs] 
7250.918: [GC (Allocation Failure) [PSYoungGen: 21894383K->767109K(22609920K)] 23091473K->1964599K(25755648K), 0.1391822 secs] [Times: user=4.92 sys=0.00, real=0.14 secs] 
7254.001: [GC (Allocation Failure) [PSYoungGen: 21869701K->789638K(22609920K)] 23067191K->1987648K(25755648K), 0.1446937 secs] [Times: user=5.04 sys=0.00, real=0.15 secs] 
7257.127: [GC (Allocation Failure) [PSYoungGen: 21892230K->793167K(22609920K)] 23090240K->1991593K(25755648K), 0.1461994 secs] [Times: user=5.09 sys=0.01, real=0.15 secs] 
7260.150: [GC (Allocation Failure) [PSYoungGen: 21895759K->849443K(22609920K)] 23094185K->2048461K(25755648K), 0.1531021 secs] [Times: user=5.40 sys=0.00, real=0.16 secs] 
7263.216: [GC (Allocation Failure) [PSYoungGen: 21952035K->778896K(22609920K)] 23151053K->1978474K(25755648K), 0.1429746 secs] [Times: user=5.06 sys=0.00, real=0.14 secs] 
7266.285: [GC (Allocation Failure) [PSYoungGen: 21881488K->770972K(22609920K)] 23081066K->1971094K(25755648K), 0.1407240 secs] [Times: user=4.98 sys=0.01, real=0.14 secs] 
7269.383: [GC (Allocation Failure) [PSYoungGen: 21873564K->757951K(22609920K)] 23073686K->1958457K(25755648K), 0.1400761 secs] [Times: user=4.88 sys=0.00, real=0.14 secs] 
7272.453: [GC (Allocation Failure) [PSYoungGen: 21860543K->848894K(22609920K)] 23061049K->2049792K(25755648K), 0.1506450 secs] [Times: user=5.16 sys=0.00, real=0.15 secs] 
7275.541: [GC (Allocation Failure) [PSYoungGen: 21951486K->732920K(22609920K)] 23152384K->1934394K(25755648K), 0.1365111 secs] [Times: user=4.69 sys=0.00, real=0.14 secs] 
7278.545: [GC (Allocation Failure) [PSYoungGen: 21835512K->864844K(22609920K)] 23036986K->2066614K(25755648K), 0.1529694 secs] [Times: user=5.40 sys=0.00, real=0.16 secs] 
7281.605: [GC (Allocation Failure) [PSYoungGen: 21967436K->790004K(22609920K)] 23169206K->1992302K(25755648K), 0.1469347 secs] [Times: user=5.10 sys=0.00, real=0.14 secs] 
7284.640: [GC (Allocation Failure) [PSYoungGen: 21892596K->753592K(22609920K)] 23094894K->1956338K(25755648K), 0.1387619 secs] [Times: user=4.83 sys=0.01, real=0.14 secs] 
7287.741: [GC (Allocation Failure) [PSYoungGen: 21856184K->823047K(22609920K)] 23058930K->2026474K(25755648K), 0.1424771 secs] [Times: user=5.05 sys=0.01, real=0.14 secs] 
7290.774: [GC (Allocation Failure) [PSYoungGen: 21925639K->740007K(22609920K)] 23129066K->1944073K(25755648K), 0.1364137 secs] [Times: user=4.79 sys=0.00, real=0.14 secs] 
7293.915: [GC (Allocation Failure) [PSYoungGen: 21842599K->751007K(22609920K)] 23046665K->1955529K(25755648K), 0.1372098 secs] [Times: user=4.86 sys=0.00, real=0.14 secs] 
7296.956: [GC (Allocation Failure) [PSYoungGen: 21853599K->906898K(22609920K)] 23058121K->2111788K(25755648K), 0.1589615 secs] [Times: user=5.60 sys=0.01, real=0.16 secs] 
7300.103: [GC (Allocation Failure) [PSYoungGen: 22009490K->798069K(22609920K)] 23214380K->2003447K(25755648K), 0.1448444 secs] [Times: user=5.13 sys=0.00, real=0.15 secs] 
7303.151: [GC (Allocation Failure) [PSYoungGen: 21900661K->791456K(22609920K)] 23106039K->1997482K(25755648K), 0.1434912 secs] [Times: user=5.06 sys=0.00, real=0.14 secs] 
7306.217: [GC (Allocation Failure) [PSYoungGen: 21894048K->921154K(22609920K)] 23100074K->2127804K(25755648K), 0.1606319 secs] [Times: user=5.70 sys=0.00, real=0.16 secs] 
7309.278: [GC (Allocation Failure) [PSYoungGen: 22023746K->700819K(22609920K)] 23230396K->1908350K(25755648K), 0.1307637 secs] [Times: user=4.58 sys=0.01, real=0.13 secs] 
7312.334: [GC (Allocation Failure) [PSYoungGen: 21803411K->745608K(22609920K)] 23010942K->1953978K(25755648K), 0.1362782 secs] [Times: user=4.81 sys=0.00, real=0.14 secs] 
7315.324: [GC (Allocation Failure) [PSYoungGen: 21848200K->820876K(22609920K)] 23056570K->2029758K(25755648K), 0.1483387 secs] [Times: user=5.26 sys=0.00, real=0.15 secs] 
7318.457: [GC (Allocation Failure) [PSYoungGen: 21923468K->856156K(22609920K)] 23132350K->2065422K(25755648K), 0.1533553 secs] [Times: user=5.44 sys=0.00, real=0.15 secs] 
7321.501: [GC (Allocation Failure) [PSYoungGen: 21958748K->768041K(22609920K)] 23168014K->1977787K(25755648K), 0.1411817 secs] [Times: user=4.91 sys=0.00, real=0.15 secs] 
7324.524: [GC (Allocation Failure) [PSYoungGen: 21870633K->822547K(22609920K)] 23080379K->2033029K(25755648K), 0.1510153 secs] [Times: user=5.25 sys=0.01, real=0.15 secs] 
7327.645: [GC (Allocation Failure) [PSYoungGen: 21925139K->768853K(22609920K)] 23135621K->1980072K(25755648K), 0.1400387 secs] [Times: user=4.96 sys=0.00, real=0.14 secs] 
7330.757: [GC (Allocation Failure) [PSYoungGen: 21871445K->825257K(22609920K)] 23082664K->2037220K(25755648K), 0.1463403 secs] [Times: user=5.19 sys=0.00, real=0.15 secs] 
7333.864: [GC (Allocation Failure) [PSYoungGen: 21927849K->827052K(22609920K)] 23139812K->2039622K(25755648K), 0.1511650 secs] [Times: user=5.25 sys=0.00, real=0.15 secs] 
7336.978: [GC (Allocation Failure) [PSYoungGen: 21929644K->759611K(22609920K)] 23142214K->1973045K(25755648K), 0.1380075 secs] [Times: user=4.89 sys=0.00, real=0.14 secs] 
7339.992: [GC (Allocation Failure) [PSYoungGen: 21862203K->775746K(22609920K)] 23075637K->1989756K(25755648K), 0.1414423 secs] [Times: user=5.01 sys=0.00, real=0.14 secs] 
7343.072: [GC (Allocation Failure) [PSYoungGen: 21878338K->860317K(22609920K)] 23092348K->2074840K(25755648K), 0.1507046 secs] [Times: user=5.30 sys=0.00, real=0.15 secs] 
7346.106: [GC (Allocation Failure) [PSYoungGen: 21962909K->756906K(22609920K)] 23177432K->1971965K(25755648K), 0.1386096 secs] [Times: user=4.90 sys=0.00, real=0.13 secs] 
7349.125: [GC (Allocation Failure) [PSYoungGen: 21859498K->721581K(22609920K)] 23074557K->1937144K(25755648K), 0.1329764 secs] [Times: user=4.70 sys=0.01, real=0.13 secs] 
7352.199: [GC (Allocation Failure) [PSYoungGen: 21824173K->722492K(22609920K)] 23039736K->1938470K(25755648K), 0.1330241 secs] [Times: user=4.68 sys=0.00, real=0.13 secs] 
7355.241: [GC (Allocation Failure) [PSYoungGen: 21825084K->839489K(22609920K)] 23041062K->2056260K(25755648K), 0.1516200 secs] [Times: user=5.30 sys=0.01, real=0.15 secs] 
7358.325: [GC (Allocation Failure) [PSYoungGen: 21942081K->773674K(22609920K)] 23158852K->1990933K(25755648K), 0.1407462 secs] [Times: user=4.99 sys=0.00, real=0.14 secs] 
7361.459: [GC (Allocation Failure) [PSYoungGen: 21876266K->811911K(22609920K)] 23093525K->2029874K(25755648K), 0.1464736 secs] [Times: user=5.19 sys=0.00, real=0.14 secs] 
7364.564: [GC (Allocation Failure) [PSYoungGen: 21914503K->817989K(22609920K)] 23132466K->2036304K(25755648K), 0.1480202 secs] [Times: user=5.25 sys=0.00, real=0.15 secs] 
7367.634: [GC (Allocation Failure) [PSYoungGen: 21920581K->763939K(22609920K)] 23138896K->1982718K(25755648K), 0.1392456 secs] [Times: user=4.93 sys=0.00, real=0.14 secs] 
7370.713: [GC (Allocation Failure) [PSYoungGen: 21866531K->789169K(22609920K)] 23085310K->2008572K(25755648K), 0.1442587 secs] [Times: user=5.07 sys=0.00, real=0.14 secs] 
7373.789: [GC (Allocation Failure) [PSYoungGen: 21891761K->783670K(22609920K)] 23111164K->2003472K(25755648K), 0.1430532 secs] [Times: user=5.06 sys=0.00, real=0.15 secs] 
7376.870: [GC (Allocation Failure) [PSYoungGen: 21886262K->826222K(22609920K)] 23106064K->2046409K(25755648K), 0.1489078 secs] [Times: user=5.24 sys=0.00, real=0.14 secs] 
7379.917: [GC (Allocation Failure) [PSYoungGen: 21928814K->810010K(22609920K)] 23149001K->2031045K(25755648K), 0.1482655 secs] [Times: user=5.18 sys=0.00, real=0.15 secs] 
7382.907: [GC (Allocation Failure) [PSYoungGen: 21912602K->751709K(22609920K)] 23133637K->1973464K(25755648K), 0.1383341 secs] [Times: user=4.89 sys=0.01, real=0.14 secs] 
7385.940: [GC (Allocation Failure) [PSYoungGen: 21854301K->868285K(22609920K)] 23076056K->2091136K(25755648K), 0.1558248 secs] [Times: user=5.52 sys=0.00, real=0.16 secs] 
7389.047: [GC (Allocation Failure) [PSYoungGen: 21970877K->771348K(22609920K)] 23193728K->1995247K(25755648K), 0.1407491 secs] [Times: user=4.98 sys=0.00, real=0.14 secs] 
7392.164: [GC (Allocation Failure) [PSYoungGen: 21873940K->903222K(22609920K)] 23097839K->2128385K(25755648K), 0.1582357 secs] [Times: user=5.61 sys=0.00, real=0.16 secs] 
7395.245: [GC (Allocation Failure) [PSYoungGen: 22005814K->766023K(22609920K)] 23230977K->1992306K(25755648K), 0.1399922 secs] [Times: user=4.96 sys=0.00, real=0.14 secs] 
7398.278: [GC (Allocation Failure) [PSYoungGen: 21868615K->766171K(22609920K)] 23094898K->1993478K(25755648K), 0.1408953 secs] [Times: user=4.98 sys=0.00, real=0.14 secs] 
7401.314: [GC (Allocation Failure) [PSYoungGen: 21868763K->810147K(22609920K)] 23096070K->2038158K(25755648K), 0.1485539 secs] [Times: user=5.19 sys=0.00, real=0.14 secs] 
7404.426: [GC (Allocation Failure) [PSYoungGen: 21912739K->793479K(22609920K)] 23140750K->2022114K(25755648K), 0.1454565 secs] [Times: user=5.10 sys=0.00, real=0.14 secs] 
7407.507: [GC (Allocation Failure) [PSYoungGen: 21896071K->793219K(22609920K)] 23124706K->2022206K(25755648K), 0.1444736 secs] [Times: user=5.12 sys=0.00, real=0.14 secs] 
7410.594: [GC (Allocation Failure) [PSYoungGen: 21895811K->815012K(22609920K)] 23124798K->2044471K(25755648K), 0.1468776 secs] [Times: user=5.21 sys=0.00, real=0.15 secs] 
7413.646: [GC (Allocation Failure) [PSYoungGen: 21917604K->813096K(22609920K)] 23147063K->2042995K(25755648K), 0.1473835 secs] [Times: user=5.22 sys=0.01, real=0.14 secs] 
7416.704: [GC (Allocation Failure) [PSYoungGen: 21915688K->724469K(22609920K)] 23145587K->1954824K(25755648K), 0.1324248 secs] [Times: user=4.68 sys=0.00, real=0.14 secs] 
7419.822: [GC (Allocation Failure) [PSYoungGen: 21827061K->826371K(22609920K)] 23057416K->2057526K(25755648K), 0.1496946 secs] [Times: user=5.27 sys=0.01, real=0.15 secs] 
7422.894: [GC (Allocation Failure) [PSYoungGen: 21928963K->796230K(22609920K)] 23160118K->2028209K(25755648K), 0.1435985 secs] [Times: user=5.08 sys=0.00, real=0.15 secs] 
7425.854: [GC (System.gc()) [PSYoungGen: 13544871K->732613K(22609920K)] 14776850K->1965568K(25755648K), 0.1362570 secs] [Times: user=4.64 sys=0.00, real=0.14 secs] 
7425.990: [Full GC (System.gc()) [PSYoungGen: 732613K->0K(22609920K)] [ParOldGen: 1232955K->240393K(3145728K)] 1965568K->240393K(25755648K), [Metaspace: 22528K->22528K(1071104K)], 0.2295596 secs] [Times: user=6.36 sys=0.08, real=0.23 secs] 
7463.402: [GC (Allocation Failure) [PSYoungGen: 21102592K->943191K(22609920K)] 21342985K->1183584K(25755648K), 0.1560283 secs] [Times: user=5.47 sys=0.00, real=0.16 secs] 
7475.880: [GC (Allocation Failure) [PSYoungGen: 22045783K->940438K(22609920K)] 22286176K->1180840K(25755648K), 0.1441098 secs] [Times: user=4.98 sys=0.00, real=0.14 secs] 
7485.246: [GC (Allocation Failure) [PSYoungGen: 22043030K->932439K(22609920K)] 22283432K->1172841K(25755648K), 0.1418317 secs] [Times: user=4.79 sys=0.01, real=0.15 secs] 
7492.940: [GC (Allocation Failure) [PSYoungGen: 22035031K->978760K(22609920K)] 22275433K->1219162K(25755648K), 0.1479277 secs] [Times: user=5.20 sys=0.00, real=0.15 secs] 
7500.079: [GC (Allocation Failure) [PSYoungGen: 22081352K->979527K(22609920K)] 22321754K->1219929K(25755648K), 0.1474194 secs] [Times: user=5.10 sys=0.01, real=0.14 secs] 
7506.254: [GC (Allocation Failure) [PSYoungGen: 22082119K->972519K(22609920K)] 22322521K->1212921K(25755648K), 0.1493568 secs] [Times: user=5.02 sys=0.00, real=0.15 secs] 
7512.062: [GC (Allocation Failure) [PSYoungGen: 22075111K->990725K(22609920K)] 22315513K->1231127K(25755648K), 0.1476109 secs] [Times: user=5.21 sys=0.00, real=0.14 secs] 
7517.448: [GC (Allocation Failure) [PSYoungGen: 22093317K->969839K(22609920K)] 22333719K->1210241K(25755648K), 0.1448885 secs] [Times: user=5.11 sys=0.00, real=0.15 secs] 
7522.268: [GC (Allocation Failure) [PSYoungGen: 22072431K->994476K(22609920K)] 22312833K->1234878K(25755648K), 0.1505540 secs] [Times: user=5.31 sys=0.00, real=0.15 secs] 
7527.179: [GC (Allocation Failure) [PSYoungGen: 22097068K->975311K(22609920K)] 22337470K->1215713K(25755648K), 0.1544715 secs] [Times: user=5.05 sys=0.01, real=0.16 secs] 
7531.853: [GC (Allocation Failure) [PSYoungGen: 22077903K->993954K(22609920K)] 22318305K->1234356K(25755648K), 0.1524851 secs] [Times: user=5.26 sys=0.00, real=0.16 secs] 
7536.196: [GC (Allocation Failure) [PSYoungGen: 22096546K->978127K(22609920K)] 22336948K->1218529K(25755648K), 0.1540153 secs] [Times: user=5.17 sys=0.00, real=0.15 secs] 
7540.380: [GC (Allocation Failure) [PSYoungGen: 22080719K->993529K(22609920K)] 22321121K->1233931K(25755648K), 0.1485856 secs] [Times: user=5.24 sys=0.01, real=0.15 secs] 
7544.597: [GC (Allocation Failure) [PSYoungGen: 22096121K->986303K(22609920K)] 22336523K->1226705K(25755648K), 0.1472144 secs] [Times: user=5.14 sys=0.00, real=0.14 secs] 
7548.428: [GC (Allocation Failure) [PSYoungGen: 22088895K->990790K(22609920K)] 22329297K->1231192K(25755648K), 0.1541672 secs] [Times: user=5.26 sys=0.00, real=0.15 secs] 
7552.165: [GC (Allocation Failure) [PSYoungGen: 22093382K->663542K(22609920K)] 22333784K->1264346K(25755648K), 0.1584702 secs] [Times: user=5.58 sys=0.00, real=0.16 secs] 
7555.799: [GC (Allocation Failure) [PSYoungGen: 21766134K->661790K(22609920K)] 22366938K->1264507K(25755648K), 0.1346059 secs] [Times: user=4.62 sys=0.01, real=0.13 secs] 
7559.574: [GC (Allocation Failure) [PSYoungGen: 21764382K->674043K(22609920K)] 22367099K->1277943K(25755648K), 0.1361711 secs] [Times: user=4.77 sys=0.00, real=0.14 secs] 
7562.808: [GC (Allocation Failure) [PSYoungGen: 21776635K->682150K(22609920K)] 22380535K->1286970K(25755648K), 0.1353698 secs] [Times: user=4.78 sys=0.00, real=0.14 secs] 
7566.110: [GC (Allocation Failure) [PSYoungGen: 21784742K->688938K(22609920K)] 22389562K->1295439K(25755648K), 0.1393373 secs] [Times: user=4.76 sys=0.00, real=0.14 secs] 
7569.367: [GC (Allocation Failure) [PSYoungGen: 21791530K->657795K(22609920K)] 22398031K->1265072K(25755648K), 0.1380744 secs] [Times: user=4.73 sys=0.00, real=0.14 secs] 
7572.749: [GC (Allocation Failure) [PSYoungGen: 21760387K->640741K(22609920K)] 22367664K->1248786K(25755648K), 0.1301114 secs] [Times: user=4.51 sys=0.00, real=0.13 secs] 
7575.996: [GC (Allocation Failure) [PSYoungGen: 21743333K->656837K(22609920K)] 22351378K->1265659K(25755648K), 0.1347216 secs] [Times: user=4.75 sys=0.00, real=0.14 secs] 
7579.095: [GC (Allocation Failure) [PSYoungGen: 21759429K->693365K(22609920K)] 22368251K->1302883K(25755648K), 0.1385074 secs] [Times: user=4.87 sys=0.00, real=0.14 secs] 
7582.175: [GC (Allocation Failure) [PSYoungGen: 21795957K->684405K(22609920K)] 22405475K->1294595K(25755648K), 0.1354749 secs] [Times: user=4.79 sys=0.00, real=0.13 secs] 
7585.270: [GC (Allocation Failure) [PSYoungGen: 21786997K->686550K(22609920K)] 22397187K->1297379K(25755648K), 0.1360665 secs] [Times: user=4.81 sys=0.01, real=0.14 secs] 
7588.345: [GC (Allocation Failure) [PSYoungGen: 21789142K->697023K(22609920K)] 22399971K->1308509K(25755648K), 0.1389691 secs] [Times: user=4.91 sys=0.00, real=0.14 secs] 
7591.405: [GC (Allocation Failure) [PSYoungGen: 21799615K->684269K(22609920K)] 22411101K->1296803K(25755648K), 0.1369323 secs] [Times: user=4.81 sys=0.00, real=0.13 secs] 
7594.388: [GC (Allocation Failure) [PSYoungGen: 21786861K->685443K(22609920K)] 22399395K->1298849K(25755648K), 0.1395697 secs] [Times: user=4.91 sys=0.00, real=0.14 secs] 
7597.422: [GC (Allocation Failure) [PSYoungGen: 21788035K->679829K(22609920K)] 22401441K->1294339K(25755648K), 0.1363200 secs] [Times: user=4.82 sys=0.00, real=0.14 secs] 
7608.750: [GC (System.gc()) [PSYoungGen: 14345033K->881344K(22609920K)] 14959543K->1496901K(25755648K), 0.1484703 secs] [Times: user=5.26 sys=0.00, real=0.15 secs] 
7608.899: [Full GC (System.gc()) [PSYoungGen: 881344K->0K(22609920K)] [ParOldGen: 615557K->247508K(3145728K)] 1496901K->247508K(25755648K), [Metaspace: 22554K->22554K(1071104K)], 0.0640858 secs] [Times: user=1.00 sys=0.01, real=0.06 secs] 
7615.496: [GC (System.gc()) [PSYoungGen: 3506325K->448K(22609920K)] 3753833K->247964K(25755648K), 0.0083058 secs] [Times: user=0.11 sys=0.00, real=0.01 secs] 
7615.504: [Full GC (System.gc()) [PSYoungGen: 448K->0K(22609920K)] [ParOldGen: 247516K->241806K(3145728K)] 247964K->241806K(25755648K), [Metaspace: 22566K->22566K(1071104K)], 0.0875950 secs] [Times: user=1.90 sys=0.02, real=0.09 secs] 
7630.329: [GC (Allocation Failure) [PSYoungGen: 21102592K->992250K(22609920K)] 21344398K->1234065K(25755648K), 0.1620636 secs] [Times: user=5.54 sys=0.00, real=0.16 secs] 
7641.234: [GC (Allocation Failure) [PSYoungGen: 22094842K->961133K(22609920K)] 22336657K->1202956K(25755648K), 0.1435705 secs] [Times: user=4.99 sys=0.00, real=0.14 secs] 
7652.147: [GC (Allocation Failure) [PSYoungGen: 22063725K->941487K(22609920K)] 22305548K->1183310K(25755648K), 0.1453150 secs] [Times: user=4.87 sys=0.00, real=0.15 secs] 
7659.545: [GC (System.gc()) [PSYoungGen: 7963260K->31615K(22609920K)] 8205083K->273438K(25755648K), 0.0106338 secs] [Times: user=0.20 sys=0.01, real=0.01 secs] 
7659.556: [Full GC (System.gc()) [PSYoungGen: 31615K->0K(22609920K)] [ParOldGen: 241822K->248772K(3145728K)] 273438K->248772K(25755648K), [Metaspace: 22677K->22677K(1071104K)], 0.0926312 secs] [Times: user=2.08 sys=0.01, real=0.09 secs] 
7659.890: [GC (System.gc()) [PSYoungGen: 809K->192K(22609920K)] 249581K->248964K(25755648K), 0.0333316 secs] [Times: user=0.20 sys=0.00, real=0.04 secs] 
7659.923: [Full GC (System.gc()) [PSYoungGen: 192K->0K(22609920K)] [ParOldGen: 248772K->248750K(3145728K)] 248964K->248750K(25755648K), [Metaspace: 22680K->22680K(1071104K)], 0.2963154 secs] [Times: user=5.16 sys=0.03, real=0.29 secs] 
7660.437: [GC (System.gc()) [PSYoungGen: 96522K->96K(22609920K)] 345272K->248846K(25755648K), 0.0076019 secs] [Times: user=0.03 sys=0.00, real=0.01 secs] 
7660.445: [Full GC (System.gc()) [PSYoungGen: 96K->0K(22609920K)] [ParOldGen: 248750K->248657K(3145728K)] 248846K->248657K(25755648K), [Metaspace: 22681K->22681K(1071104K)], 0.2987235 secs] [Times: user=4.31 sys=0.03, real=0.30 secs] 
Heap
 PSYoungGen      total 22609920K, used 807418K [0x0000000200000000, 0x00000007c0000000, 0x00000007c0000000)
  eden space 21102592K, 3% used [0x0000000200000000,0x000000023147e8e8,0x0000000708000000)
  from space 1507328K, 0% used [0x0000000708000000,0x0000000708000000,0x0000000764000000)
  to   space 1507328K, 0% used [0x0000000764000000,0x0000000764000000,0x00000007c0000000)
 ParOldGen       total 3145728K, used 248657K [0x0000000140000000, 0x0000000200000000, 0x0000000200000000)
  object space 3145728K, 7% used [0x0000000140000000,0x000000014f2d47c0,0x0000000200000000)
 Metaspace       used 22692K, capacity 23580K, committed 23936K, reserved 1071104K
  class space    used 2631K, capacity 2872K, committed 2944K, reserved 1048576K
