Java HotSpot(TM) 64-Bit Server VM (25.40-b25) for linux-amd64 JRE (1.8.0_40-b26), built on Mar  7 2015 15:08:31 by "java_re" with gcc 4.3.0 20080428 (Red Hat 4.3.0-8)
Memory: 4k page, physical 264398780k(140268788k free), swap 4194296k(4194296k free)
CommandLine flags: -XX:InitialHeapSize=2147483648 -XX:MaxHeapSize=2147483648 -XX:MaxNewSize=1610612736 -XX:NewSize=1610612736 -XX:+PrintGC -XX:+PrintGCDetails -XX:+PrintGCTimeStamps -XX:+UseCompressedClassPointers -XX:+UseCompressedOops -XX:+UseParallelGC 
0.279: [GC (Allocation Failure) [PSYoungGen: 1179648K->3986K(1376256K)] 1179648K->3994K(1900544K), 0.0076019 secs] [Times: user=0.09 sys=0.02, real=0.00 secs] 
0.297: [GC (Allocation Failure) [PSYoungGen: 1183634K->2416K(1376256K)] 1183642K->2432K(1900544K), 0.0067534 secs] [Times: user=0.12 sys=0.05, real=0.01 secs] 
1.334: [GC (Allocation Failure) [PSYoungGen: 1182064K->10107K(1376256K)] 1182080K->10131K(1900544K), 0.0108972 secs] [Times: user=0.09 sys=0.00, real=0.01 secs] 
13.914: [GC (System.gc()) [PSYoungGen: 324168K->83824K(1376256K)] 324192K->83864K(1900544K), 0.0717936 secs] [Times: user=0.93 sys=1.45, real=0.07 secs] 
13.986: [Full GC (System.gc()) [PSYoungGen: 83824K->0K(1376256K)] [ParOldGen: 40K->82283K(524288K)] 83864K->82283K(1900544K), [Metaspace: 16716K->16716K(1064960K)], 0.3542254 secs] [Times: user=6.81 sys=0.15, real=0.35 secs] 
100.861: [GC (System.gc()) [PSYoungGen: 344140K->8492K(1376256K)] 426424K->90856K(1900544K), 0.0132057 secs] [Times: user=0.18 sys=0.00, real=0.01 secs] 
100.874: [Full GC (System.gc()) [PSYoungGen: 8492K->0K(1376256K)] [ParOldGen: 82363K->88940K(524288K)] 90856K->88940K(1900544K), [Metaspace: 20161K->20161K(1067008K)], 0.4245195 secs] [Times: user=13.44 sys=0.06, real=0.43 secs] 
213.623: [GC (Allocation Failure) [PSYoungGen: 1179648K->5570K(1376256K)] 1268588K->94519K(1900544K), 0.0080307 secs] [Times: user=0.11 sys=0.00, real=0.01 secs] 
233.068: [GC (Allocation Failure) [PSYoungGen: 1185218K->8024K(1376256K)] 1274167K->96981K(1900544K), 0.0098861 secs] [Times: user=0.21 sys=0.00, real=0.01 secs] 
243.842: [GC (Allocation Failure) [PSYoungGen: 1187672K->9385K(1515520K)] 1276629K->98349K(2039808K), 0.0100905 secs] [Times: user=0.12 sys=0.09, real=0.01 secs] 
253.339: [GC (Allocation Failure) [PSYoungGen: 1463977K->9817K(1511936K)] 1552941K->98789K(2036224K), 0.0103875 secs] [Times: user=0.14 sys=0.06, real=0.01 secs] 
262.467: [GC (Allocation Failure) [PSYoungGen: 1464409K->8104K(1521152K)] 1553381K->99166K(2045440K), 0.0099738 secs] [Times: user=0.12 sys=0.08, real=0.01 secs] 
271.597: [GC (Allocation Failure) [PSYoungGen: 1474984K->7272K(1518592K)] 1566046K->99127K(2042880K), 0.0065911 secs] [Times: user=0.12 sys=0.01, real=0.01 secs] 
280.522: [GC (Allocation Failure) [PSYoungGen: 1474152K->8104K(1525760K)] 1566007K->100263K(2050048K), 0.0080550 secs] [Times: user=0.11 sys=0.02, real=0.00 secs] 
289.813: [GC (Allocation Failure) [PSYoungGen: 1484147K->6536K(1523200K)] 1576306K->99391K(2047488K), 0.0132509 secs] [Times: user=0.06 sys=0.00, real=0.01 secs] 
318.929: [GC (Allocation Failure) [PSYoungGen: 1482632K->6356K(1529856K)] 1575487K->99975K(2054144K), 0.0382683 secs] [Times: user=0.16 sys=0.00, real=0.04 secs] 
332.660: [GC (System.gc()) [PSYoungGen: 476452K->5268K(1527808K)] 570071K->99615K(2052096K), 0.0557535 secs] [Times: user=0.28 sys=0.01, real=0.05 secs] 
332.716: [Full GC (System.gc()) [PSYoungGen: 5268K->0K(1527808K)] [ParOldGen: 94346K->89911K(524288K)] 99615K->89911K(2052096K), [Metaspace: 20799K->20799K(1069056K)], 1.4179333 secs] [Times: user=14.84 sys=0.15, real=1.42 secs] 
353.344: [GC (Allocation Failure) [PSYoungGen: 1484800K->9753K(1534464K)] 1574711K->99673K(2058752K), 0.0086776 secs] [Times: user=0.13 sys=0.04, real=0.01 secs] 
362.669: [GC (Allocation Failure) [PSYoungGen: 1503257K->7176K(1531904K)] 1593177K->100186K(2056192K), 0.0088678 secs] [Times: user=0.16 sys=0.02, real=0.01 secs] 
371.731: [GC (Allocation Failure) [PSYoungGen: 1500680K->7912K(1538560K)] 1593690K->101594K(2062848K), 0.0084070 secs] [Times: user=0.11 sys=0.01, real=0.01 secs] 
382.882: [GC (Allocation Failure) [PSYoungGen: 1510120K->7080K(1536512K)] 1603802K->101466K(2060800K), 0.0358006 secs] [Times: user=0.21 sys=0.01, real=0.04 secs] 
420.588: [GC (Allocation Failure) [PSYoungGen: 1509288K->6261K(1541632K)] 1603674K->101362K(2065920K), 0.0180329 secs] [Times: user=0.08 sys=0.00, real=0.02 secs] 
438.153: [GC (System.gc()) [PSYoungGen: 638007K->6152K(1540096K)] 733109K->101990K(2064384K), 0.0102239 secs] [Times: user=0.22 sys=0.00, real=0.01 secs] 
438.163: [Full GC (System.gc()) [PSYoungGen: 6152K->0K(1540096K)] [ParOldGen: 95837K->91255K(524288K)] 101990K->91255K(2064384K), [Metaspace: 20871K->20871K(1069056K)], 0.4776710 secs] [Times: user=15.60 sys=0.00, real=0.48 secs] 
459.014: [GC (Allocation Failure) [PSYoungGen: 1508864K->9776K(1545216K)] 1600119K->101031K(2069504K), 0.0100932 secs] [Times: user=0.11 sys=0.11, real=0.01 secs] 
468.726: [GC (Allocation Failure) [PSYoungGen: 1525296K->7199K(1543168K)] 1616551K->101281K(2067456K), 0.0077314 secs] [Times: user=0.11 sys=0.00, real=0.01 secs] 
478.044: [GC (Allocation Failure) [PSYoungGen: 1522719K->7119K(1547776K)] 1616801K->102048K(2072064K), 0.0071513 secs] [Times: user=0.15 sys=0.00, real=0.01 secs] 
487.826: [GC (Allocation Failure) [PSYoungGen: 1528271K->7390K(1546240K)] 1623200K->103022K(2070528K), 0.0083887 secs] [Times: user=0.07 sys=0.00, real=0.01 secs] 
511.329: [GC (Allocation Failure) [PSYoungGen: 1528542K->7934K(1550336K)] 1624174K->104174K(2074624K), 0.0430210 secs] [Times: user=0.32 sys=0.01, real=0.04 secs] 
541.138: [GC (Allocation Failure) [PSYoungGen: 1534206K->9278K(1548800K)] 1630446K->106838K(2073088K), 0.0253336 secs] [Times: user=0.25 sys=0.00, real=0.03 secs] 
566.423: [GC (Allocation Failure) [PSYoungGen: 1535550K->7870K(1552384K)] 1633110K->106046K(2076672K), 0.0289973 secs] [Times: user=0.20 sys=0.00, real=0.03 secs] 
595.741: [GC (Allocation Failure) [PSYoungGen: 1538712K->7870K(1551360K)] 1636888K->106694K(2075648K), 0.0179843 secs] [Times: user=0.08 sys=0.01, real=0.01 secs] 
643.349: [GC (Allocation Failure) [PSYoungGen: 1538750K->8606K(1554432K)] 1637574K->108422K(2078720K), 0.0610776 secs] [Times: user=0.30 sys=0.01, real=0.06 secs] 
666.338: [GC (System.gc()) [PSYoungGen: 698299K->5359K(1553408K)] 798116K->105784K(2077696K), 0.0275791 secs] [Times: user=0.14 sys=0.00, real=0.03 secs] 
666.365: [Full GC (System.gc()) [PSYoungGen: 5359K->0K(1553408K)] [ParOldGen: 100424K->93415K(524288K)] 105784K->93415K(2077696K), [Metaspace: 20946K->20946K(1069056K)], 0.9156616 secs] [Times: user=9.16 sys=0.11, real=0.92 secs] 
687.905: [GC (Allocation Failure) [PSYoungGen: 1534976K->9968K(1555456K)] 1628391K->103383K(2079744K), 0.0065305 secs] [Times: user=0.09 sys=0.02, real=0.00 secs] 
697.597: [GC (Allocation Failure) [PSYoungGen: 1547504K->7279K(1554944K)] 1640919K->103835K(2079232K), 0.0074436 secs] [Times: user=0.12 sys=0.01, real=0.00 secs] 
707.112: [GC (Allocation Failure) [PSYoungGen: 1544815K->7215K(1556480K)] 1641371K->104626K(2080768K), 0.0072652 secs] [Times: user=0.10 sys=0.00, real=0.01 secs] 
718.314: [GC (Allocation Failure) [PSYoungGen: 1546799K->7247K(1555968K)] 1644210K->105322K(2080256K), 0.0169441 secs] [Times: user=0.07 sys=0.00, real=0.02 secs] 
746.689: [GC (System.gc()) [PSYoungGen: 906381K->5647K(1557504K)] 1004456K->104386K(2081792K), 0.0163531 secs] [Times: user=0.10 sys=0.00, real=0.02 secs] 
746.706: [Full GC (System.gc()) [PSYoungGen: 5647K->0K(1557504K)] [ParOldGen: 98738K->90618K(524288K)] 104386K->90618K(2081792K), [Metaspace: 20964K->20964K(1069056K)], 0.7814677 secs] [Times: user=7.26 sys=0.06, real=0.78 secs] 
753.921: [GC (System.gc()) [PSYoungGen: 3093K->483K(1556992K)] 93712K->91102K(2081280K), 0.0090247 secs] [Times: user=0.09 sys=0.00, real=0.01 secs] 
753.930: [Full GC (System.gc()) [PSYoungGen: 483K->0K(1556992K)] [ParOldGen: 90618K->88153K(524288K)] 91102K->88153K(2081280K), [Metaspace: 20968K->20968K(1069056K)], 0.2189315 secs] [Times: user=6.91 sys=0.00, real=0.22 secs] 
773.165: [GC (Allocation Failure) [PSYoungGen: 1541632K->8673K(1556992K)] 1629785K->96834K(2081280K), 0.0044586 secs] [Times: user=0.03 sys=0.01, real=0.01 secs] 
786.292: [GC (Allocation Failure) [PSYoungGen: 1549793K->6481K(1556992K)] 1637954K->97540K(2081280K), 0.0062983 secs] [Times: user=0.10 sys=0.01, real=0.01 secs] 
799.515: [GC (Allocation Failure) [PSYoungGen: 1547601K->6273K(1558528K)] 1638660K->97788K(2082816K), 0.0035832 secs] [Times: user=0.04 sys=0.00, real=0.00 secs] 
812.745: [GC (Allocation Failure) [PSYoungGen: 1549953K->6209K(1558016K)] 1641468K->97876K(2082304K), 0.0045402 secs] [Times: user=0.06 sys=0.01, real=0.00 secs] 
825.968: [GC (Allocation Failure) [PSYoungGen: 1549889K->6305K(1559552K)] 1641556K->98108K(2083840K), 0.0059608 secs] [Times: user=0.09 sys=0.00, real=0.00 secs] 
839.191: [GC (Allocation Failure) [PSYoungGen: 1552033K->6209K(1559040K)] 1643836K->98148K(2083328K), 0.0066302 secs] [Times: user=0.10 sys=0.00, real=0.01 secs] 
852.376: [GC (Allocation Failure) [PSYoungGen: 1551937K->6081K(1560576K)] 1643876K->98140K(2084864K), 0.0038529 secs] [Times: user=0.05 sys=0.01, real=0.01 secs] 
865.616: [GC (Allocation Failure) [PSYoungGen: 1553857K->6241K(1560064K)] 1645916K->98420K(2084352K), 0.0033577 secs] [Times: user=0.04 sys=0.00, real=0.00 secs] 
878.900: [GC (Allocation Failure) [PSYoungGen: 1554017K->6177K(1561088K)] 1646196K->98580K(2085376K), 0.0064311 secs] [Times: user=0.07 sys=0.01, real=0.01 secs] 
892.126: [GC (Allocation Failure) [PSYoungGen: 1555489K->6145K(1561088K)] 1647892K->98684K(2085376K), 0.0032436 secs] [Times: user=0.05 sys=0.00, real=0.00 secs] 
905.373: [GC (Allocation Failure) [PSYoungGen: 1555457K->6433K(1562112K)] 1647996K->99052K(2086400K), 0.0071053 secs] [Times: user=0.10 sys=0.01, real=0.01 secs] 
918.685: [GC (Allocation Failure) [PSYoungGen: 1557281K->6209K(1561600K)] 1649900K->98964K(2085888K), 0.0045011 secs] [Times: user=0.05 sys=0.00, real=0.01 secs] 
931.955: [GC (Allocation Failure) [PSYoungGen: 1557057K->6433K(1562624K)] 1649812K->99316K(2086912K), 0.0059200 secs] [Times: user=0.07 sys=0.00, real=0.01 secs] 
1041.615: [GC (Allocation Failure) [PSYoungGen: 1558305K->6287K(1562112K)] 1651188K->99331K(2086400K), 0.0109172 secs] [Times: user=0.24 sys=0.01, real=0.01 secs] 
1119.144: [GC (Allocation Failure) [PSYoungGen: 1558159K->4815K(1563136K)] 1651203K->99563K(2087424K), 0.0119295 secs] [Times: user=0.26 sys=0.00, real=0.01 secs] 
1167.585: [GC (Allocation Failure) [PSYoungGen: 1558223K->4975K(1563136K)] 1652971K->99947K(2087424K), 0.0103624 secs] [Times: user=0.23 sys=0.00, real=0.01 secs] 
1208.227: [GC (Allocation Failure) [PSYoungGen: 1558383K->4943K(1563136K)] 1653355K->100147K(2087424K), 0.0090832 secs] [Times: user=0.20 sys=0.00, real=0.01 secs] 
1241.054: [GC (Allocation Failure) [PSYoungGen: 1558302K->4416K(1563136K)] 1653506K->100091K(2087424K), 0.0091724 secs] [Times: user=0.15 sys=0.01, real=0.01 secs] 
1272.555: [GC (Allocation Failure) [PSYoungGen: 1557824K->5039K(1563648K)] 1653499K->100849K(2087936K), 0.0104405 secs] [Times: user=0.23 sys=0.00, real=0.01 secs] 
1298.905: [GC (Allocation Failure) [PSYoungGen: 1558959K->4896K(1563136K)] 1654769K->101249K(2087424K), 0.0068203 secs] [Times: user=0.13 sys=0.00, real=0.01 secs] 
1325.220: [GC (Allocation Failure) [PSYoungGen: 1558816K->4928K(1563648K)] 1655169K->101433K(2087936K), 0.0086261 secs] [Times: user=0.15 sys=0.00, real=0.01 secs] 
1348.279: [GC (Allocation Failure) [PSYoungGen: 1559360K->4943K(1563648K)] 1655865K->101528K(2087936K), 0.0096857 secs] [Times: user=0.16 sys=0.00, real=0.01 secs] 
1370.327: [GC (Allocation Failure) [PSYoungGen: 1559375K->4928K(1564160K)] 1655960K->102136K(2088448K), 0.0067727 secs] [Times: user=0.12 sys=0.00, real=0.01 secs] 
1392.334: [GC (Allocation Failure) [PSYoungGen: 1560384K->4960K(1564160K)] 1657592K->102256K(2088448K), 0.0061148 secs] [Times: user=0.09 sys=0.00, real=0.00 secs] 
1411.803: [GC (Allocation Failure) [PSYoungGen: 1560416K->5263K(1564672K)] 1657712K->102671K(2088960K), 0.0078748 secs] [Times: user=0.15 sys=0.00, real=0.01 secs] 
1430.750: [GC (Allocation Failure) [PSYoungGen: 1561231K->4960K(1564160K)] 1658639K->102991K(2088448K), 0.0068678 secs] [Times: user=0.11 sys=0.01, real=0.01 secs] 
1449.720: [GC (Allocation Failure) [PSYoungGen: 1560928K->4864K(1565184K)] 1658959K->102983K(2089472K), 0.0074228 secs] [Times: user=0.13 sys=0.00, real=0.00 secs] 
1467.766: [GC (Allocation Failure) [PSYoungGen: 1561856K->5295K(1564672K)] 1659975K->103565K(2088960K), 0.0070863 secs] [Times: user=0.17 sys=0.00, real=0.01 secs] 
1484.384: [GC (Allocation Failure) [PSYoungGen: 1562287K->4800K(1565184K)] 1660557K->103717K(2089472K), 0.0066939 secs] [Times: user=0.12 sys=0.00, real=0.01 secs] 
1501.016: [GC (Allocation Failure) [PSYoungGen: 1562304K->4800K(1565184K)] 1661221K->103749K(2089472K), 0.0069818 secs] [Times: user=0.06 sys=0.00, real=0.00 secs] 
1517.618: [GC (Allocation Failure) [PSYoungGen: 1562304K->5120K(1565696K)] 1661253K->104197K(2089984K), 0.0064364 secs] [Times: user=0.11 sys=0.00, real=0.01 secs] 
1533.454: [GC (Allocation Failure) [PSYoungGen: 1563136K->5455K(1565184K)] 1662213K->104636K(2089472K), 0.0073001 secs] [Times: user=0.14 sys=0.00, real=0.01 secs] 
1548.210: [GC (Allocation Failure) [PSYoungGen: 1563471K->4992K(1565696K)] 1662652K->104988K(2089984K), 0.0069556 secs] [Times: user=0.12 sys=0.00, real=0.01 secs] 
1563.005: [GC (Allocation Failure) [PSYoungGen: 1563520K->4992K(1565696K)] 1663516K->105084K(2089984K), 0.0055432 secs] [Times: user=0.10 sys=0.00, real=0.01 secs] 
1577.799: [GC (Allocation Failure) [PSYoungGen: 1563520K->5088K(1566208K)] 1663612K->105284K(2090496K), 0.0067501 secs] [Times: user=0.10 sys=0.01, real=0.00 secs] 
1592.534: [GC (Allocation Failure) [PSYoungGen: 1564128K->5583K(1565696K)] 1664324K->105922K(2089984K), 0.0089188 secs] [Times: user=0.19 sys=0.00, real=0.01 secs] 
1605.841: [GC (Allocation Failure) [PSYoungGen: 1564623K->5152K(1566208K)] 1664962K->106306K(2090496K), 0.0070719 secs] [Times: user=0.12 sys=0.00, real=0.01 secs] 
1619.210: [GC (Allocation Failure) [PSYoungGen: 1564704K->5152K(1566208K)] 1665858K->106362K(2090496K), 0.0067696 secs] [Times: user=0.11 sys=0.00, real=0.01 secs] 
1632.535: [GC (Allocation Failure) [PSYoungGen: 1564704K->5216K(1566208K)] 1665914K->106538K(2090496K), 0.0073654 secs] [Times: user=0.12 sys=0.01, real=0.01 secs] 
1645.865: [GC (Allocation Failure) [PSYoungGen: 1564768K->5056K(1566208K)] 1666090K->106474K(2090496K), 0.0052401 secs] [Times: user=0.10 sys=0.00, real=0.01 secs] 
1658.931: [GC (Allocation Failure) [PSYoungGen: 1564608K->5551K(1566208K)] 1666026K->107097K(2090496K), 0.0073219 secs] [Times: user=0.14 sys=0.00, real=0.00 secs] 
1671.035: [GC (Allocation Failure) [PSYoungGen: 1565103K->4736K(1566208K)] 1666649K->106977K(2090496K), 0.0078738 secs] [Times: user=0.09 sys=0.00, real=0.01 secs] 
1683.190: [GC (Allocation Failure) [PSYoungGen: 1564288K->5216K(1566720K)] 1666529K->107569K(2091008K), 0.0072997 secs] [Times: user=0.11 sys=0.00, real=0.01 secs] 
1695.295: [GC (Allocation Failure) [PSYoungGen: 1565280K->5248K(1566208K)] 1667633K->107697K(2090496K), 0.0051975 secs] [Times: user=0.08 sys=0.00, real=0.01 secs] 
1707.434: [GC (Allocation Failure) [PSYoungGen: 1565312K->5120K(1566720K)] 1667761K->107713K(2091008K), 0.0051106 secs] [Times: user=0.08 sys=0.00, real=0.01 secs] 
1719.536: [GC (Allocation Failure) [PSYoungGen: 1565696K->5120K(1566720K)] 1668289K->107849K(2091008K), 0.0052145 secs] [Times: user=0.09 sys=0.01, real=0.01 secs] 
1730.775: [GC (Allocation Failure) [PSYoungGen: 1565696K->5775K(1566720K)] 1668425K->108615K(2091008K), 0.0073106 secs] [Times: user=0.14 sys=0.00, real=0.01 secs] 
1741.903: [GC (Allocation Failure) [PSYoungGen: 1566351K->5088K(1566720K)] 1669191K->108823K(2091008K), 0.0056181 secs] [Times: user=0.10 sys=0.00, real=0.01 secs] 
1753.052: [GC (Allocation Failure) [PSYoungGen: 1565664K->5088K(1566720K)] 1669399K->108984K(2091008K), 0.0060363 secs] [Times: user=0.08 sys=0.01, real=0.01 secs] 
1764.246: [GC (Allocation Failure) [PSYoungGen: 1565664K->5344K(1566720K)] 1669560K->109392K(2091008K), 0.0056177 secs] [Times: user=0.10 sys=0.00, real=0.01 secs] 
1775.377: [GC (Allocation Failure) [PSYoungGen: 1565920K->5248K(1566720K)] 1669968K->109392K(2091008K), 0.0045933 secs] [Times: user=0.09 sys=0.00, real=0.01 secs] 
1786.430: [GC (Allocation Failure) [PSYoungGen: 1565824K->5935K(1566720K)] 1669968K->110150K(2091008K), 0.0081583 secs] [Times: user=0.19 sys=0.00, real=0.00 secs] 
1796.712: [GC (Allocation Failure) [PSYoungGen: 1566511K->5216K(1566720K)] 1670726K->110286K(2091008K), 0.0067946 secs] [Times: user=0.12 sys=0.01, real=0.00 secs] 
1807.033: [GC (Allocation Failure) [PSYoungGen: 1565792K->5280K(1566720K)] 1670862K->110446K(2091008K), 0.0059039 secs] [Times: user=0.12 sys=0.00, real=0.01 secs] 
1817.282: [GC (Allocation Failure) [PSYoungGen: 1565856K->5280K(1566720K)] 1671022K->110510K(2091008K), 0.0073354 secs] [Times: user=0.09 sys=0.01, real=0.01 secs] 
1827.552: [GC (Allocation Failure) [PSYoungGen: 1565821K->5056K(1566720K)] 1671051K->110374K(2091008K), 0.0063317 secs] [Times: user=0.09 sys=0.00, real=0.01 secs] 
1837.925: [GC (Allocation Failure) [PSYoungGen: 1565632K->5312K(1566720K)] 1670950K->110838K(2091008K), 0.0054615 secs] [Times: user=0.11 sys=0.00, real=0.01 secs] 
1848.205: [GC (Allocation Failure) [PSYoungGen: 1565888K->5280K(1566720K)] 1671414K->110958K(2091008K), 0.0046346 secs] [Times: user=0.08 sys=0.00, real=0.01 secs] 
1858.317: [GC (Allocation Failure) [PSYoungGen: 1565856K->5743K(1566720K)] 1671534K->111525K(2091008K), 0.0083914 secs] [Times: user=0.18 sys=0.00, real=0.01 secs] 
1868.405: [GC (Allocation Failure) [PSYoungGen: 1566319K->5248K(1566720K)] 1672101K->112125K(2091008K), 0.0060229 secs] [Times: user=0.12 sys=0.01, real=0.00 secs] 
1878.513: [GC (Allocation Failure) [PSYoungGen: 1565824K->5280K(1566720K)] 1672701K->112285K(2091008K), 0.0051269 secs] [Times: user=0.09 sys=0.00, real=0.01 secs] 
1888.621: [GC (Allocation Failure) [PSYoungGen: 1565856K->5344K(1566720K)] 1672861K->112501K(2091008K), 0.0067887 secs] [Times: user=0.11 sys=0.01, real=0.01 secs] 
1898.711: [GC (Allocation Failure) [PSYoungGen: 1565920K->5248K(1566720K)] 1673077K->112573K(2091008K), 0.0071610 secs] [Times: user=0.10 sys=0.01, real=0.01 secs] 
1908.814: [GC (Allocation Failure) [PSYoungGen: 1565824K->5216K(1566720K)] 1673149K->112637K(2091008K), 0.0068853 secs] [Times: user=0.10 sys=0.00, real=0.01 secs] 
1918.865: [GC (Allocation Failure) [PSYoungGen: 1565792K->5935K(1566720K)] 1673213K->113451K(2091008K), 0.0066342 secs] [Times: user=0.15 sys=0.00, real=0.01 secs] 
1928.933: [GC (Allocation Failure) [PSYoungGen: 1566511K->5536K(1566720K)] 1674027K->113971K(2091008K), 0.0059809 secs] [Times: user=0.09 sys=0.00, real=0.00 secs] 
1938.957: [GC (Allocation Failure) [PSYoungGen: 1566112K->5633K(1566720K)] 1674547K->114091K(2091008K), 0.0054389 secs] [Times: user=0.04 sys=0.00, real=0.00 secs] 
1949.021: [GC (Allocation Failure) [PSYoungGen: 1566209K->5345K(1566720K)] 1674667K->113843K(2091008K), 0.0065512 secs] [Times: user=0.12 sys=0.00, real=0.01 secs] 
1959.050: [GC (Allocation Failure) [PSYoungGen: 1565921K->5312K(1566720K)] 1674419K->114035K(2091008K), 0.0078567 secs] [Times: user=0.12 sys=0.03, real=0.01 secs] 
1969.114: [GC (Allocation Failure) [PSYoungGen: 1565888K->5729K(1566720K)] 1674611K->114563K(2091008K), 0.0068758 secs] [Times: user=0.12 sys=0.00, real=0.01 secs] 
1979.120: [GC (Allocation Failure) [PSYoungGen: 1566305K->5825K(1566720K)] 1675139K->114747K(2091008K), 0.0065702 secs] [Times: user=0.13 sys=0.01, real=0.00 secs] 
1989.145: [GC (Allocation Failure) [PSYoungGen: 1566401K->6031K(1566720K)] 1675323K->115042K(2091008K), 0.0072396 secs] [Times: user=0.15 sys=0.00, real=0.01 secs] 
1999.233: [GC (Allocation Failure) [PSYoungGen: 1566607K->5825K(1565696K)] 1675618K->115778K(2089984K), 0.0063547 secs] [Times: user=0.11 sys=0.00, real=0.00 secs] 
2009.303: [GC (Allocation Failure) [PSYoungGen: 1565377K->5601K(1566208K)] 1675330K->115722K(2090496K), 0.0063827 secs] [Times: user=0.11 sys=0.00, real=0.01 secs] 
2019.392: [GC (Allocation Failure) [PSYoungGen: 1565153K->5665K(1566208K)] 1675274K->115818K(2090496K), 0.0070468 secs] [Times: user=0.08 sys=0.00, real=0.01 secs] 
2029.513: [GC (Allocation Failure) [PSYoungGen: 1565217K->5729K(1566208K)] 1675370K->115986K(2090496K), 0.0064459 secs] [Times: user=0.10 sys=0.01, real=0.01 secs] 
2039.581: [GC (Allocation Failure) [PSYoungGen: 1565281K->5729K(1566208K)] 1675538K->116210K(2090496K), 0.0069367 secs] [Times: user=0.10 sys=0.01, real=0.01 secs] 
2049.706: [GC (Allocation Failure) [PSYoungGen: 1565281K->5281K(1566208K)] 1675762K->115866K(2090496K), 0.0045930 secs] [Times: user=0.07 sys=0.00, real=0.01 secs] 
2059.714: [GC (Allocation Failure) [PSYoungGen: 1564833K->5967K(1566208K)] 1675418K->116705K(2090496K), 0.0070871 secs] [Times: user=0.10 sys=0.02, real=0.00 secs] 
2069.726: [GC (Allocation Failure) [PSYoungGen: 1565482K->5665K(1566208K)] 1676219K->117385K(2090496K), 0.0055716 secs] [Times: user=0.10 sys=0.00, real=0.00 secs] 
2079.781: [GC (Allocation Failure) [PSYoungGen: 1565217K->5729K(1566208K)] 1676937K->117537K(2090496K), 0.0064467 secs] [Times: user=0.10 sys=0.00, real=0.01 secs] 
2089.833: [GC (Allocation Failure) [PSYoungGen: 1565281K->5761K(1566208K)] 1677089K->117641K(2090496K), 0.0060381 secs] [Times: user=0.12 sys=0.00, real=0.01 secs] 
2099.842: [GC (Allocation Failure) [PSYoungGen: 1565313K->5505K(1566208K)] 1677193K->117465K(2090496K), 0.0060262 secs] [Times: user=0.10 sys=0.00, real=0.01 secs] 
2109.885: [GC (Allocation Failure) [PSYoungGen: 1565057K->5793K(1566208K)] 1677017K->117889K(2090496K), 0.0049013 secs] [Times: user=0.09 sys=0.01, real=0.01 secs] 
2119.915: [GC (Allocation Failure) [PSYoungGen: 1565345K->5665K(1566720K)] 1677441K->117857K(2091008K), 0.0044607 secs] [Times: user=0.05 sys=0.00, real=0.00 secs] 
2129.888: [GC (Allocation Failure) [PSYoungGen: 1565729K->6127K(1566208K)] 1677921K->118591K(2090496K), 0.0061406 secs] [Times: user=0.05 sys=0.00, real=0.01 secs] 
2139.976: [GC (Allocation Failure) [PSYoungGen: 1566191K->5665K(1566208K)] 1678655K->118839K(2090496K), 0.0060432 secs] [Times: user=0.10 sys=0.02, real=0.00 secs] 
2149.963: [GC (Allocation Failure) [PSYoungGen: 1565217K->5761K(1566208K)] 1678391K->118959K(2090496K), 0.0060027 secs] [Times: user=0.07 sys=0.00, real=0.01 secs] 
2159.964: [GC (Allocation Failure) [PSYoungGen: 1565313K->5537K(1566208K)] 1678511K->118903K(2090496K), 0.0059019 secs] [Times: user=0.08 sys=0.00, real=0.01 secs] 
2169.973: [GC (Allocation Failure) [PSYoungGen: 1565089K->5761K(1566208K)] 1678455K->119207K(2090496K), 0.0062657 secs] [Times: user=0.12 sys=0.01, real=0.01 secs] 
2179.996: [GC (Allocation Failure) [PSYoungGen: 1565313K->5697K(1566208K)] 1678759K->119263K(2090496K), 0.0051270 secs] [Times: user=0.09 sys=0.01, real=0.01 secs] 
2190.002: [GC (Allocation Failure) [PSYoungGen: 1565249K->5793K(1566208K)] 1678815K->119471K(2090496K), 0.0067261 secs] [Times: user=0.14 sys=0.00, real=0.00 secs] 
2199.910: [GC (Allocation Failure) [PSYoungGen: 1565345K->6031K(1565696K)] 1679023K->119822K(2089984K), 0.0093801 secs] [Times: user=0.20 sys=0.00, real=0.01 secs] 
2209.932: [GC (Allocation Failure) [PSYoungGen: 1565583K->5729K(1566208K)] 1679374K->120502K(2090496K), 0.0066789 secs] [Times: user=0.11 sys=0.02, real=0.01 secs] 
2220.024: [GC (Allocation Failure) [PSYoungGen: 1565281K->5345K(1566208K)] 1680054K->120214K(2090496K), 0.0055458 secs] [Times: user=0.06 sys=0.00, real=0.01 secs] 
2230.035: [GC (Allocation Failure) [PSYoungGen: 1564897K->5633K(1566208K)] 1679766K->120590K(2090496K), 0.0051632 secs] [Times: user=0.10 sys=0.00, real=0.01 secs] 
2240.125: [GC (Allocation Failure) [PSYoungGen: 1565185K->5505K(1566208K)] 1680142K->120542K(2090496K), 0.0048045 secs] [Times: user=0.05 sys=0.00, real=0.01 secs] 
2250.154: [GC (Allocation Failure) [PSYoungGen: 1565057K->5793K(1566208K)] 1680094K->120886K(2090496K), 0.0058422 secs] [Times: user=0.10 sys=0.00, real=0.00 secs] 
2260.134: [GC (Allocation Failure) [PSYoungGen: 1565345K->5697K(1566720K)] 1680438K->120934K(2091008K), 0.0057965 secs] [Times: user=0.10 sys=0.00, real=0.00 secs] 
2270.043: [GC (Allocation Failure) [PSYoungGen: 1566273K->6031K(1566720K)] 1681510K->121500K(2091008K), 0.0086562 secs] [Times: user=0.16 sys=0.00, real=0.01 secs] 
2279.980: [GC (Allocation Failure) [PSYoungGen: 1566607K->5793K(1565696K)] 1682076K->122189K(2089984K), 0.0060996 secs] [Times: user=0.07 sys=0.00, real=0.01 secs] 
2289.914: [GC (Allocation Failure) [PSYoungGen: 1565345K->5665K(1566208K)] 1681741K->122157K(2090496K), 0.0046655 secs] [Times: user=0.07 sys=0.00, real=0.01 secs] 
2299.944: [GC (Allocation Failure) [PSYoungGen: 1565217K->5505K(1566720K)] 1681709K->122109K(2091008K), 0.0053980 secs] [Times: user=0.10 sys=0.01, real=0.01 secs] 
2309.912: [GC (Allocation Failure) [PSYoungGen: 1566081K->5729K(1566720K)] 1682685K->122421K(2091008K), 0.0060226 secs] [Times: user=0.09 sys=0.00, real=0.00 secs] 
2319.877: [GC (Allocation Failure) [PSYoungGen: 1566305K->5505K(1566720K)] 1682997K->122253K(2091008K), 0.0053071 secs] [Times: user=0.10 sys=0.02, real=0.01 secs] 
2329.885: [GC (Allocation Failure) [PSYoungGen: 1566081K->6031K(1566720K)] 1682829K->122923K(2091008K), 0.0078594 secs] [Times: user=0.15 sys=0.00, real=0.01 secs] 
2339.913: [GC (Allocation Failure) [PSYoungGen: 1566607K->5761K(1565696K)] 1683499K->123563K(2089984K), 0.0054047 secs] [Times: user=0.09 sys=0.01, real=0.01 secs] 
2349.859: [GC (Allocation Failure) [PSYoungGen: 1565313K->5761K(1566208K)] 1683115K->123691K(2090496K), 0.0054897 secs] [Times: user=0.09 sys=0.00, real=0.00 secs] 
2359.825: [GC (Allocation Failure) [PSYoungGen: 1565313K->5569K(1566720K)] 1683243K->123619K(2091008K), 0.0054685 secs] [Times: user=0.10 sys=0.00, real=0.01 secs] 
2369.793: [GC (Allocation Failure) [PSYoungGen: 1566145K->5665K(1566720K)] 1684195K->123819K(2091008K), 0.0069361 secs] [Times: user=0.10 sys=0.00, real=0.01 secs] 
2379.755: [GC (Allocation Failure) [PSYoungGen: 1566241K->5665K(1566720K)] 1684395K->123947K(2091008K), 0.0050981 secs] [Times: user=0.10 sys=0.00, real=0.01 secs] 
2389.718: [GC (Allocation Failure) [PSYoungGen: 1566241K->5793K(1566720K)] 1684523K->124171K(2091008K), 0.0068064 secs] [Times: user=0.09 sys=0.01, real=0.01 secs] 
2399.705: [GC (Allocation Failure) [PSYoungGen: 1566369K->5793K(1566720K)] 1684747K->124251K(2091008K), 0.0067653 secs] [Times: user=0.11 sys=0.01, real=0.00 secs] 
2409.593: [GC (Allocation Failure) [PSYoungGen: 1566369K->6127K(1566720K)] 1684827K->124706K(2091008K), 0.0070463 secs] [Times: user=0.10 sys=0.00, real=0.01 secs] 
2419.577: [GC (Allocation Failure) [PSYoungGen: 1566703K->5537K(1565696K)] 1685282K->125058K(2089984K), 0.0057966 secs] [Times: user=0.09 sys=0.02, real=0.00 secs] 
2429.567: [GC (Allocation Failure) [PSYoungGen: 1565089K->5569K(1566208K)] 1684610K->125130K(2090496K), 0.0044677 secs] [Times: user=0.04 sys=0.00, real=0.01 secs] 
2439.561: [GC (Allocation Failure) [PSYoungGen: 1565121K->5473K(1566208K)] 1684682K->125130K(2090496K), 0.0091089 secs] [Times: user=0.12 sys=0.00, real=0.01 secs] 
2449.546: [GC (Allocation Failure) [PSYoungGen: 1565025K->5761K(1566208K)] 1684682K->125458K(2090496K), 0.0051236 secs] [Times: user=0.07 sys=0.00, real=0.01 secs] 
2459.479: [GC (Allocation Failure) [PSYoungGen: 1565313K->5441K(1566208K)] 1685010K->125170K(2090496K), 0.0075166 secs] [Times: user=0.09 sys=0.00, real=0.01 secs] 
2469.498: [GC (Allocation Failure) [PSYoungGen: 1564993K->5761K(1566208K)] 1684722K->125602K(2090496K), 0.0049756 secs] [Times: user=0.09 sys=0.00, real=0.00 secs] 
2479.415: [GC (Allocation Failure) [PSYoungGen: 1565313K->6127K(1565696K)] 1685154K->126472K(2089984K), 0.0075182 secs] [Times: user=0.14 sys=0.00, real=0.00 secs] 
2489.325: [GC (Allocation Failure) [PSYoungGen: 1565679K->5697K(1566208K)] 1686024K->127248K(2090496K), 0.0077211 secs] [Times: user=0.17 sys=0.00, real=0.01 secs] 
2499.236: [GC (Allocation Failure) [PSYoungGen: 1565249K->5793K(1566208K)] 1686800K->127424K(2090496K), 0.0049966 secs] [Times: user=0.10 sys=0.00, real=0.01 secs] 
2509.163: [GC (Allocation Failure) [PSYoungGen: 1565345K->5729K(1566208K)] 1686976K->127512K(2090496K), 0.0075468 secs] [Times: user=0.13 sys=0.00, real=0.01 secs] 
2519.090: [GC (Allocation Failure) [PSYoungGen: 1565281K->5665K(1566208K)] 1687064K->127472K(2090496K), 0.0076628 secs] [Times: user=0.06 sys=0.00, real=0.01 secs] 
2528.956: [GC (Allocation Failure) [PSYoungGen: 1565217K->5825K(1566208K)] 1687024K->127696K(2090496K), 0.0048196 secs] [Times: user=0.07 sys=0.01, real=0.00 secs] 
2538.939: [GC (Allocation Failure) [PSYoungGen: 1565377K->5473K(1566208K)] 1687248K->127496K(2090496K), 0.0052492 secs] [Times: user=0.05 sys=0.01, real=0.01 secs] 
2548.866: [GC (Allocation Failure) [PSYoungGen: 1565025K->5761K(1566208K)] 1687048K->127897K(2090496K), 0.0066990 secs] [Times: user=0.11 sys=0.00, real=0.01 secs] 
2558.775: [GC (Allocation Failure) [PSYoungGen: 1565313K->5825K(1566208K)] 1687449K->128017K(2090496K), 0.0051284 secs] [Times: user=0.05 sys=0.00, real=0.01 secs] 
2568.645: [GC (Allocation Failure) [PSYoungGen: 1565377K->6351K(1566208K)] 1687569K->128735K(2090496K), 0.0073773 secs] [Times: user=0.16 sys=0.00, real=0.01 secs] 
2578.534: [GC (Allocation Failure) [PSYoungGen: 1565903K->5793K(1566208K)] 1688287K->129199K(2090496K), 0.0070582 secs] [Times: user=0.09 sys=0.03, real=0.01 secs] 
2588.415: [GC (Allocation Failure) [PSYoungGen: 1565345K->5793K(1566208K)] 1688751K->129263K(2090496K), 0.0049968 secs] [Times: user=0.09 sys=0.01, real=0.00 secs] 
2598.332: [GC (Allocation Failure) [PSYoungGen: 1565345K->5697K(1566208K)] 1688815K->129335K(2090496K), 0.0072866 secs] [Times: user=0.12 sys=0.00, real=0.01 secs] 
2608.215: [GC (Allocation Failure) [PSYoungGen: 1565249K->5249K(1566208K)] 1688887K->128951K(2090496K), 0.0065107 secs] [Times: user=0.09 sys=0.00, real=0.01 secs] 
2618.104: [GC (Allocation Failure) [PSYoungGen: 1564742K->5793K(1566208K)] 1688445K->129599K(2090496K), 0.0068530 secs] [Times: user=0.11 sys=0.00, real=0.01 secs] 
2628.012: [GC (Allocation Failure) [PSYoungGen: 1565312K->5505K(1566208K)] 1689119K->129487K(2090496K), 0.0058914 secs] [Times: user=0.11 sys=0.00, real=0.00 secs] 
2637.875: [GC (Allocation Failure) [PSYoungGen: 1565057K->5761K(1566208K)] 1689039K->129791K(2090496K), 0.0058040 secs] [Times: user=0.07 sys=0.00, real=0.01 secs] 
2647.787: [GC (Allocation Failure) [PSYoungGen: 1565313K->5793K(1566208K)] 1689343K->130007K(2090496K), 0.0060553 secs] [Times: user=0.10 sys=0.00, real=0.01 secs] 
2657.615: [GC (Allocation Failure) [PSYoungGen: 1565345K->6223K(1566208K)] 1689559K->130558K(2090496K), 0.0079819 secs] [Times: user=0.16 sys=0.00, real=0.01 secs] 
2667.563: [GC (Allocation Failure) [PSYoungGen: 1565775K->5761K(1566208K)] 1690110K->131030K(2090496K), 0.0058048 secs] [Times: user=0.09 sys=0.01, real=0.01 secs] 
2677.511: [GC (Allocation Failure) [PSYoungGen: 1565313K->5921K(1566208K)] 1690582K->131382K(2090496K), 0.0068197 secs] [Times: user=0.09 sys=0.00, real=0.01 secs] 
2687.403: [GC (Allocation Failure) [PSYoungGen: 1565473K->5985K(1566208K)] 1690934K->131462K(2090496K), 0.0061960 secs] [Times: user=0.12 sys=0.00, real=0.01 secs] 
2697.319: [GC (Allocation Failure) [PSYoungGen: 1565537K->5953K(1566208K)] 1691014K->131518K(2090496K), 0.0067038 secs] [Times: user=0.06 sys=0.00, real=0.00 secs] 
2707.249: [GC (Allocation Failure) [PSYoungGen: 1565505K->5953K(1566208K)] 1691070K->131654K(2090496K), 0.0051877 secs] [Times: user=0.08 sys=0.01, real=0.01 secs] 
2717.116: [GC (Allocation Failure) [PSYoungGen: 1565505K->6543K(1566208K)] 1691206K->132332K(2090496K), 0.0066159 secs] [Times: user=0.14 sys=0.00, real=0.01 secs] 
2726.956: [GC (Allocation Failure) [PSYoungGen: 1566095K->5921K(1566208K)] 1691884K->132668K(2090496K), 0.0067224 secs] [Times: user=0.12 sys=0.00, real=0.01 secs] 
2736.844: [GC (Allocation Failure) [PSYoungGen: 1565473K->5857K(1566208K)] 1692220K->132636K(2090496K), 0.0060115 secs] [Times: user=0.12 sys=0.01, real=0.01 secs] 
2746.704: [GC (Allocation Failure) [PSYoungGen: 1565409K->5793K(1566208K)] 1692188K->132676K(2090496K), 0.0064458 secs] [Times: user=0.09 sys=0.00, real=0.01 secs] 
2756.587: [GC (Allocation Failure) [PSYoungGen: 1565345K->5857K(1566208K)] 1692228K->132804K(2090496K), 0.0071369 secs] [Times: user=0.11 sys=0.01, real=0.01 secs] 
2766.478: [GC (Allocation Failure) [PSYoungGen: 1565409K->5953K(1566208K)] 1692356K->132980K(2090496K), 0.0050138 secs] [Times: user=0.10 sys=0.00, real=0.01 secs] 
2776.376: [GC (Allocation Failure) [PSYoungGen: 1565505K->5953K(1566208K)] 1692532K->133004K(2090496K), 0.0056378 secs] [Times: user=0.05 sys=0.00, real=0.01 secs] 
2786.199: [GC (Allocation Failure) [PSYoungGen: 1565505K->6415K(1566208K)] 1692556K->133555K(2090496K), 0.0075369 secs] [Times: user=0.14 sys=0.01, real=0.01 secs] 
2796.063: [GC (Allocation Failure) [PSYoungGen: 1565967K->5825K(1566208K)] 1693107K->133819K(2090496K), 0.0073195 secs] [Times: user=0.09 sys=0.01, real=0.00 secs] 
2805.942: [GC (Allocation Failure) [PSYoungGen: 1565377K->5729K(1566208K)] 1693371K->133803K(2090496K), 0.0053974 secs] [Times: user=0.08 sys=0.00, real=0.01 secs] 
2815.785: [GC (Allocation Failure) [PSYoungGen: 1565281K->5889K(1566208K)] 1693355K->134155K(2090496K), 0.0067471 secs] [Times: user=0.10 sys=0.00, real=0.01 secs] 
2825.687: [GC (Allocation Failure) [PSYoungGen: 1565441K->5793K(1566208K)] 1693707K->134091K(2090496K), 0.0051566 secs] [Times: user=0.10 sys=0.00, real=0.01 secs] 
2835.554: [GC (Allocation Failure) [PSYoungGen: 1565345K->6017K(1566208K)] 1693643K->134339K(2090496K), 0.0051168 secs] [Times: user=0.08 sys=0.00, real=0.01 secs] 
2845.458: [GC (Allocation Failure) [PSYoungGen: 1565569K->5985K(1566208K)] 1693891K->134459K(2090496K), 0.0068648 secs] [Times: user=0.11 sys=0.01, real=0.01 secs] 
2855.330: [GC (Allocation Failure) [PSYoungGen: 1565537K->6049K(1566208K)] 1694011K->134595K(2090496K), 0.0064644 secs] [Times: user=0.10 sys=0.00, real=0.01 secs] 
2865.115: [GC (Allocation Failure) [PSYoungGen: 1565601K->6575K(1566208K)] 1694147K->135226K(2090496K), 0.0090658 secs] [Times: user=0.21 sys=0.00, real=0.00 secs] 
2874.959: [GC (Allocation Failure) [PSYoungGen: 1566127K->5953K(1566208K)] 1694778K->135514K(2090496K), 0.0071768 secs] [Times: user=0.12 sys=0.01, real=0.01 secs] 
2884.762: [GC (Allocation Failure) [PSYoungGen: 1565505K->5825K(1566208K)] 1695066K->135458K(2090496K), 0.0059122 secs] [Times: user=0.09 sys=0.00, real=0.01 secs] 
2894.603: [GC (Allocation Failure) [PSYoungGen: 1565377K->6017K(1566208K)] 1695010K->135730K(2090496K), 0.0067997 secs] [Times: user=0.08 sys=0.00, real=0.01 secs] 
2904.435: [GC (Allocation Failure) [PSYoungGen: 1565569K->6081K(1566208K)] 1695282K->135834K(2090496K), 0.0055366 secs] [Times: user=0.10 sys=0.00, real=0.01 secs] 
2914.245: [GC (Allocation Failure) [PSYoungGen: 1565633K->6081K(1566208K)] 1695386K->135954K(2090496K), 0.0053519 secs] [Times: user=0.10 sys=0.00, real=0.00 secs] 
2924.114: [GC (Allocation Failure) [PSYoungGen: 1565633K->5889K(1566208K)] 1695506K->135906K(2090496K), 0.0062897 secs] [Times: user=0.09 sys=0.00, real=0.00 secs] 
2933.906: [GC (Allocation Failure) [PSYoungGen: 1565441K->6639K(1566208K)] 1695458K->136736K(2090496K), 0.0067860 secs] [Times: user=0.13 sys=0.01, real=0.00 secs] 
2943.733: [GC (Allocation Failure) [PSYoungGen: 1566191K->5793K(1566208K)] 1696288K->136784K(2090496K), 0.0054846 secs] [Times: user=0.08 sys=0.00, real=0.01 secs] 
2953.596: [GC (Allocation Failure) [PSYoungGen: 1565345K->5953K(1566208K)] 1696336K->137128K(2090496K), 0.0062470 secs] [Times: user=0.09 sys=0.01, real=0.01 secs] 
2963.404: [GC (Allocation Failure) [PSYoungGen: 1565505K->5889K(1566208K)] 1696680K->137144K(2090496K), 0.0059682 secs] [Times: user=0.11 sys=0.00, real=0.01 secs] 
2973.234: [GC (Allocation Failure) [PSYoungGen: 1565441K->5889K(1566208K)] 1696696K->137312K(2090496K), 0.0072352 secs] [Times: user=0.13 sys=0.01, real=0.01 secs] 
2983.114: [GC (Allocation Failure) [PSYoungGen: 1565441K->6049K(1566208K)] 1696864K->137496K(2090496K), 0.0068644 secs] [Times: user=0.10 sys=0.01, real=0.00 secs] 
2992.930: [GC (Allocation Failure) [PSYoungGen: 1565601K->6351K(1566208K)] 1697048K->137823K(2090496K), 0.0092910 secs] [Times: user=0.20 sys=0.00, real=0.01 secs] 
3002.692: [GC (Allocation Failure) [PSYoungGen: 1565903K->5729K(1566208K)] 1697375K->138199K(2090496K), 0.0070338 secs] [Times: user=0.11 sys=0.00, real=0.01 secs] 
3012.456: [GC (Allocation Failure) [PSYoungGen: 1565281K->5953K(1566208K)] 1697751K->138583K(2090496K), 0.0054797 secs] [Times: user=0.10 sys=0.00, real=0.01 secs] 
3022.238: [GC (Allocation Failure) [PSYoungGen: 1565505K->5985K(1566208K)] 1698135K->138695K(2090496K), 0.0071960 secs] [Times: user=0.12 sys=0.01, real=0.01 secs] 
3032.041: [GC (Allocation Failure) [PSYoungGen: 1565537K->5825K(1566208K)] 1698247K->138623K(2090496K), 0.0065189 secs] [Times: user=0.09 sys=0.00, real=0.00 secs] 
3041.775: [GC (Allocation Failure) [PSYoungGen: 1565377K->5697K(1566208K)] 1698175K->138583K(2090496K), 0.0054439 secs] [Times: user=0.09 sys=0.00, real=0.00 secs] 
3051.573: [GC (Allocation Failure) [PSYoungGen: 1565249K->5857K(1566208K)] 1698135K->138839K(2090496K), 0.0062932 secs] [Times: user=0.08 sys=0.00, real=0.00 secs] 
3061.308: [GC (Allocation Failure) [PSYoungGen: 1565409K->6607K(1566208K)] 1698391K->139621K(2090496K), 0.0070045 secs] [Times: user=0.14 sys=0.01, real=0.01 secs] 
3071.206: [GC (Allocation Failure) [PSYoungGen: 1566159K->5601K(1566208K)] 1699173K->139493K(2090496K), 0.0055110 secs] [Times: user=0.08 sys=0.01, real=0.00 secs] 
3081.025: [GC (Allocation Failure) [PSYoungGen: 1565153K->5889K(1566208K)] 1699045K->139965K(2090496K), 0.0055503 secs] [Times: user=0.09 sys=0.00, real=0.01 secs] 
3090.834: [GC (Allocation Failure) [PSYoungGen: 1565441K->5985K(1566208K)] 1699517K->140117K(2090496K), 0.0054606 secs] [Times: user=0.09 sys=0.00, real=0.01 secs] 
3100.643: [GC (Allocation Failure) [PSYoungGen: 1565537K->5953K(1566208K)] 1699669K->140141K(2090496K), 0.0063682 secs] [Times: user=0.09 sys=0.01, real=0.00 secs] 
3110.455: [GC (Allocation Failure) [PSYoungGen: 1565505K->5825K(1566208K)] 1699693K->140117K(2090496K), 0.0049657 secs] [Times: user=0.06 sys=0.00, real=0.00 secs] 
3120.256: [GC (Allocation Failure) [PSYoungGen: 1565377K->6049K(1566208K)] 1699669K->140478K(2090496K), 0.0045578 secs] [Times: user=0.07 sys=0.00, real=0.00 secs] 
3130.003: [GC (Allocation Failure) [PSYoungGen: 1565601K->6543K(1566208K)] 1700030K->141028K(2090496K), 0.0093141 secs] [Times: user=0.20 sys=0.00, real=0.01 secs] 
3139.737: [GC (Allocation Failure) [PSYoungGen: 1566095K->5857K(1566208K)] 1700580K->141388K(2090496K), 0.0047426 secs] [Times: user=0.08 sys=0.00, real=0.00 secs] 
3149.498: [GC (Allocation Failure) [PSYoungGen: 1565409K->6017K(1566208K)] 1700940K->141572K(2090496K), 0.0060002 secs] [Times: user=0.10 sys=0.00, real=0.00 secs] 
3159.240: [GC (Allocation Failure) [PSYoungGen: 1565569K->5825K(1566208K)] 1701124K->141428K(2090496K), 0.0074475 secs] [Times: user=0.06 sys=0.00, real=0.00 secs] 
3168.985: [GC (Allocation Failure) [PSYoungGen: 1565377K->5857K(1566208K)] 1700980K->141556K(2090496K), 0.0060716 secs] [Times: user=0.11 sys=0.00, real=0.01 secs] 
3178.776: [GC (Allocation Failure) [PSYoungGen: 1565409K->5505K(1566208K)] 1701108K->141204K(2090496K), 0.0073937 secs] [Times: user=0.08 sys=0.01, real=0.01 secs] 
3188.515: [GC (Allocation Failure) [PSYoungGen: 1565057K->5889K(1566208K)] 1700756K->141708K(2090496K), 0.0079211 secs] [Times: user=0.12 sys=0.00, real=0.00 secs] 
3198.288: [GC (Allocation Failure) [PSYoungGen: 1565441K->6479K(1566208K)] 1701260K->142403K(2090496K), 0.0080180 secs] [Times: user=0.12 sys=0.00, real=0.01 secs] 
3208.099: [GC (Allocation Failure) [PSYoungGen: 1566031K->5825K(1566208K)] 1701955K->142619K(2090496K), 0.0116214 secs] [Times: user=0.18 sys=0.00, real=0.01 secs] 
3218.025: [GC (Allocation Failure) [PSYoungGen: 1565377K->5889K(1566208K)] 1702171K->142827K(2090496K), 0.0056336 secs] [Times: user=0.10 sys=0.01, real=0.01 secs] 
3227.854: [GC (Allocation Failure) [PSYoungGen: 1565441K->5985K(1566208K)] 1702379K->142963K(2090496K), 0.0082213 secs] [Times: user=0.14 sys=0.00, real=0.01 secs] 
3237.742: [GC (Allocation Failure) [PSYoungGen: 1565537K->5889K(1566208K)] 1702515K->142931K(2090496K), 0.0074407 secs] [Times: user=0.10 sys=0.00, real=0.00 secs] 
3247.629: [GC (Allocation Failure) [PSYoungGen: 1565441K->5985K(1566208K)] 1702483K->143155K(2090496K), 0.0060004 secs] [Times: user=0.08 sys=0.00, real=0.01 secs] 
3257.438: [GC (Allocation Failure) [PSYoungGen: 1565537K->5921K(1566208K)] 1702707K->143315K(2090496K), 0.0052234 secs] [Times: user=0.08 sys=0.02, real=0.01 secs] 
3267.246: [GC (Allocation Failure) [PSYoungGen: 1565416K->6511K(1566208K)] 1702810K->143993K(2090496K), 0.0086285 secs] [Times: user=0.14 sys=0.00, real=0.00 secs] 
3277.030: [GC (Allocation Failure) [PSYoungGen: 1566063K->5921K(1566208K)] 1703545K->144353K(2090496K), 0.0051383 secs] [Times: user=0.04 sys=0.00, real=0.00 secs] 
3286.808: [GC (Allocation Failure) [PSYoungGen: 1565473K->6017K(1566208K)] 1703905K->144545K(2090496K), 0.0053009 secs] [Times: user=0.11 sys=0.00, real=0.01 secs] 
3296.584: [GC (Allocation Failure) [PSYoungGen: 1565569K->5697K(1566208K)] 1704097K->144369K(2090496K), 0.0057675 secs] [Times: user=0.08 sys=0.01, real=0.01 secs] 
3306.378: [GC (Allocation Failure) [PSYoungGen: 1565249K->5761K(1566208K)] 1703921K->144465K(2090496K), 0.0057222 secs] [Times: user=0.06 sys=0.01, real=0.01 secs] 
3316.172: [GC (Allocation Failure) [PSYoungGen: 1565313K->5953K(1566208K)] 1704017K->144689K(2090496K), 0.0070611 secs] [Times: user=0.11 sys=0.00, real=0.01 secs] 
3325.904: [GC (Allocation Failure) [PSYoungGen: 1565505K->5921K(1566208K)] 1704241K->144913K(2090496K), 0.0067594 secs] [Times: user=0.14 sys=0.01, real=0.00 secs] 
3335.718: [GC (Allocation Failure) [PSYoungGen: 1565473K->5743K(1566208K)] 1704465K->144784K(2090496K), 0.0112781 secs] [Times: user=0.11 sys=0.00, real=0.01 secs] 
3345.318: [GC (Allocation Failure) [PSYoungGen: 1565295K->5185K(1566208K)] 1704336K->145040K(2090496K), 0.0085125 secs] [Times: user=0.05 sys=0.01, real=0.00 secs] 
3355.086: [GC (Allocation Failure) [PSYoungGen: 1564737K->5857K(1566208K)] 1704592K->145848K(2090496K), 0.0049124 secs] [Times: user=0.08 sys=0.00, real=0.01 secs] 
3364.823: [GC (Allocation Failure) [PSYoungGen: 1565409K->5985K(1566208K)] 1705400K->146080K(2090496K), 0.0062715 secs] [Times: user=0.10 sys=0.00, real=0.00 secs] 
3374.567: [GC (Allocation Failure) [PSYoungGen: 1565537K->5953K(1566208K)] 1705632K->146120K(2090496K), 0.0055022 secs] [Times: user=0.09 sys=0.00, real=0.01 secs] 
3384.348: [GC (Allocation Failure) [PSYoungGen: 1565505K->5889K(1566208K)] 1705672K->146160K(2090496K), 0.0066468 secs] [Times: user=0.10 sys=0.00, real=0.01 secs] 
3394.175: [GC (Allocation Failure) [PSYoungGen: 1565441K->5665K(1566208K)] 1705712K->146104K(2090496K), 0.0081039 secs] [Times: user=0.09 sys=0.00, real=0.00 secs] 
3403.839: [GC (Allocation Failure) [PSYoungGen: 1565217K->6575K(1566208K)] 1705656K->147111K(2090496K), 0.0077346 secs] [Times: user=0.16 sys=0.00, real=0.01 secs] 
3413.501: [GC (Allocation Failure) [PSYoungGen: 1566127K->5953K(1566208K)] 1706663K->147327K(2090496K), 0.0073164 secs] [Times: user=0.08 sys=0.00, real=0.01 secs] 
3423.223: [GC (Allocation Failure) [PSYoungGen: 1565505K->5921K(1566208K)] 1706879K->147447K(2090496K), 0.0068285 secs] [Times: user=0.10 sys=0.00, real=0.01 secs] 
3432.935: [GC (Allocation Failure) [PSYoungGen: 1565473K->5953K(1566208K)] 1706999K->147551K(2090496K), 0.0071075 secs] [Times: user=0.12 sys=0.00, real=0.01 secs] 
3442.605: [GC (Allocation Failure) [PSYoungGen: 1565505K->5185K(1566208K)] 1707103K->146879K(2090496K), 0.0080660 secs] [Times: user=0.07 sys=0.00, real=0.01 secs] 
3452.396: [GC (Allocation Failure) [PSYoungGen: 1564737K->6017K(1566208K)] 1706431K->147711K(2090496K), 0.0058227 secs] [Times: user=0.10 sys=0.01, real=0.00 secs] 
3462.134: [GC (Allocation Failure) [PSYoungGen: 1565569K->5889K(1566208K)] 1707263K->147727K(2090496K), 0.0055959 secs] [Times: user=0.09 sys=0.01, real=0.01 secs] 
3471.919: [GC (Allocation Failure) [PSYoungGen: 1565441K->5793K(1566208K)] 1707279K->147783K(2090496K), 0.0051882 secs] [Times: user=0.08 sys=0.00, real=0.00 secs] 
3481.592: [GC (Allocation Failure) [PSYoungGen: 1565345K->5953K(1566208K)] 1707335K->148071K(2090496K), 0.0071800 secs] [Times: user=0.12 sys=0.00, real=0.01 secs] 
3491.414: [GC (Allocation Failure) [PSYoungGen: 1565505K->6639K(1566208K)] 1707623K->148885K(2090496K), 0.0096766 secs] [Times: user=0.20 sys=0.00, real=0.01 secs] 
3501.191: [GC (Allocation Failure) [PSYoungGen: 1566191K->5409K(1565184K)] 1708437K->148517K(2089472K), 0.0083308 secs] [Times: user=0.06 sys=0.00, real=0.01 secs] 
3510.947: [GC (Allocation Failure) [PSYoungGen: 1563937K->5953K(1565696K)] 1707045K->149173K(2089984K), 0.0057346 secs] [Times: user=0.06 sys=0.01, real=0.01 secs] 
3520.746: [GC (Allocation Failure) [PSYoungGen: 1564481K->5185K(1565184K)] 1707701K->148509K(2089472K), 0.0062932 secs] [Times: user=0.07 sys=0.00, real=0.00 secs] 
3530.499: [GC (Allocation Failure) [PSYoungGen: 1563713K->5601K(1565696K)] 1707037K->148989K(2089984K), 0.0060688 secs] [Times: user=0.10 sys=0.00, real=0.01 secs] 
3540.338: [GC (Allocation Failure) [PSYoungGen: 1564129K->6017K(1566208K)] 1707517K->149501K(2090496K), 0.0078275 secs] [Times: user=0.11 sys=0.01, real=0.00 secs] 
3550.048: [GC (Allocation Failure) [PSYoungGen: 1565569K->6415K(1566208K)] 1709053K->150036K(2090496K), 0.0074777 secs] [Times: user=0.17 sys=0.00, real=0.01 secs] 
3559.745: [GC (Allocation Failure) [PSYoungGen: 1565967K->5409K(1565184K)] 1709588K->149852K(2089472K), 0.0062527 secs] [Times: user=0.05 sys=0.00, real=0.01 secs] 
3569.424: [GC (Allocation Failure) [PSYoungGen: 1563937K->5953K(1565696K)] 1708380K->150572K(2089984K), 0.0049890 secs] [Times: user=0.08 sys=0.00, real=0.00 secs] 
3579.104: [GC (Allocation Failure) [PSYoungGen: 1564481K->5601K(1566208K)] 1709100K->150268K(2090496K), 0.0074118 secs] [Times: user=0.11 sys=0.00, real=0.00 secs] 
3588.808: [GC (Allocation Failure) [PSYoungGen: 1564641K->5793K(1565696K)] 1709308K->150524K(2089984K), 0.0071616 secs] [Times: user=0.11 sys=0.00, real=0.01 secs] 
3598.496: [GC (Allocation Failure) [PSYoungGen: 1564833K->6017K(1566208K)] 1709564K->150828K(2090496K), 0.0077011 secs] [Times: user=0.10 sys=0.00, real=0.00 secs] 
3608.146: [GC (Allocation Failure) [PSYoungGen: 1565569K->6049K(1566208K)] 1710380K->150948K(2090496K), 0.0053175 secs] [Times: user=0.09 sys=0.00, real=0.01 secs] 
3617.846: [GC (Allocation Failure) [PSYoungGen: 1565601K->5953K(1566208K)] 1710500K->150924K(2090496K), 0.0055742 secs] [Times: user=0.10 sys=0.00, real=0.01 secs] 
3627.498: [GC (Allocation Failure) [PSYoungGen: 1565505K->6319K(1566208K)] 1710476K->151426K(2090496K), 0.0067299 secs] [Times: user=0.13 sys=0.01, real=0.01 secs] 
3637.365: [GC (Allocation Failure) [PSYoungGen: 1565871K->6017K(1566208K)] 1710978K->152018K(2090496K), 0.0061759 secs] [Times: user=0.09 sys=0.00, real=0.00 secs] 
3647.017: [GC (Allocation Failure) [PSYoungGen: 1565569K->5793K(1566208K)] 1711570K->151930K(2090496K), 0.0059456 secs] [Times: user=0.09 sys=0.00, real=0.00 secs] 
3656.894: [GC (Allocation Failure) [PSYoungGen: 1565345K->4961K(1566208K)] 1711482K->151162K(2090496K), 0.0119031 secs] [Times: user=0.04 sys=0.01, real=0.02 secs] 
3666.404: [GC (Allocation Failure) [PSYoungGen: 1564513K->5857K(1566208K)] 1710714K->152170K(2090496K), 0.0071814 secs] [Times: user=0.08 sys=0.01, real=0.01 secs] 
3676.085: [GC (Allocation Failure) [PSYoungGen: 1565409K->5793K(1566208K)] 1711722K->152194K(2090496K), 0.0053949 secs] [Times: user=0.09 sys=0.01, real=0.01 secs] 
3685.787: [GC (Allocation Failure) [PSYoungGen: 1565345K->6081K(1566208K)] 1711746K->152634K(2090496K), 0.0052061 secs] [Times: user=0.06 sys=0.01, real=0.01 secs] 
3695.410: [GC (Allocation Failure) [PSYoungGen: 1565633K->6639K(1565184K)] 1712186K->153545K(2089472K), 0.0078166 secs] [Times: user=0.14 sys=0.00, real=0.01 secs] 
3705.152: [GC (Allocation Failure) [PSYoungGen: 1565167K->5857K(1565696K)] 1712073K->154057K(2089984K), 0.0128798 secs] [Times: user=0.20 sys=0.01, real=0.02 secs] 
3714.963: [GC (Allocation Failure) [PSYoungGen: 1564385K->5985K(1566208K)] 1712585K->154257K(2090496K), 0.0066240 secs] [Times: user=0.11 sys=0.00, real=0.00 secs] 
3724.707: [GC (Allocation Failure) [PSYoungGen: 1565025K->6017K(1565696K)] 1713297K->154393K(2089984K), 0.0073560 secs] [Times: user=0.12 sys=0.00, real=0.01 secs] 
3734.517: [GC (Allocation Failure) [PSYoungGen: 1565057K->5793K(1566208K)] 1713433K->154297K(2090496K), 0.0063768 secs] [Times: user=0.11 sys=0.00, real=0.00 secs] 
3744.347: [GC (Allocation Failure) [PSYoungGen: 1565345K->5921K(1566208K)] 1713849K->154521K(2090496K), 0.0062427 secs] [Times: user=0.11 sys=0.00, real=0.00 secs] 
3754.112: [GC (Allocation Failure) [PSYoungGen: 1565473K->6049K(1566208K)] 1714073K->154697K(2090496K), 0.0073222 secs] [Times: user=0.14 sys=0.00, real=0.01 secs] 
3763.795: [GC (Allocation Failure) [PSYoungGen: 1565601K->6639K(1566208K)] 1714249K->155360K(2090496K), 0.0082504 secs] [Times: user=0.16 sys=0.00, real=0.01 secs] 
3773.540: [GC (Allocation Failure) [PSYoungGen: 1566191K->6081K(1566208K)] 1714912K->155888K(2090496K), 0.0081894 secs] [Times: user=0.08 sys=0.04, real=0.01 secs] 
3783.261: [GC (Allocation Failure) [PSYoungGen: 1565633K->6145K(1566208K)] 1715440K->156080K(2090496K), 0.0059944 secs] [Times: user=0.11 sys=0.00, real=0.01 secs] 
3792.944: [GC (Allocation Failure) [PSYoungGen: 1565697K->6081K(1566208K)] 1715632K->156080K(2090496K), 0.0064663 secs] [Times: user=0.10 sys=0.00, real=0.01 secs] 
3802.638: [GC (Allocation Failure) [PSYoungGen: 1565633K->5889K(1566208K)] 1715632K->155920K(2090496K), 0.0065019 secs] [Times: user=0.10 sys=0.01, real=0.00 secs] 
3812.300: [GC (Allocation Failure) [PSYoungGen: 1565441K->5985K(1566208K)] 1715472K->156168K(2090496K), 0.0075548 secs] [Times: user=0.11 sys=0.01, real=0.00 secs] 
3822.064: [GC (Allocation Failure) [PSYoungGen: 1565537K->5953K(1566208K)] 1715720K->156320K(2090496K), 0.0072489 secs] [Times: user=0.11 sys=0.00, real=0.01 secs] 
3831.741: [GC (Allocation Failure) [PSYoungGen: 1565505K->6383K(1566208K)] 1715872K->156750K(2090496K), 0.0080823 secs] [Times: user=0.12 sys=0.00, real=0.01 secs] 
3841.399: [GC (Allocation Failure) [PSYoungGen: 1565935K->6113K(1566208K)] 1716302K->157390K(2090496K), 0.0070713 secs] [Times: user=0.11 sys=0.00, real=0.01 secs] 
3851.024: [GC (Allocation Failure) [PSYoungGen: 1565665K->6049K(1566208K)] 1716942K->157502K(2090496K), 0.0049428 secs] [Times: user=0.07 sys=0.01, real=0.00 secs] 
3860.754: [GC (Allocation Failure) [PSYoungGen: 1565601K->5953K(1566208K)] 1717054K->157470K(2090496K), 0.0057066 secs] [Times: user=0.08 sys=0.00, real=0.01 secs] 
3870.389: [GC (Allocation Failure) [PSYoungGen: 1565505K->6145K(1566208K)] 1717022K->157702K(2090496K), 0.0063600 secs] [Times: user=0.08 sys=0.01, real=0.00 secs] 
3880.008: [GC (Allocation Failure) [PSYoungGen: 1565697K->5793K(1566208K)] 1717254K->157486K(2090496K), 0.0059562 secs] [Times: user=0.09 sys=0.00, real=0.01 secs] 
3889.731: [GC (Allocation Failure) [PSYoungGen: 1565345K->6209K(1566208K)] 1717038K->158006K(2090496K), 0.0093330 secs] [Times: user=0.09 sys=0.00, real=0.01 secs] 
3899.364: [GC (Allocation Failure) [PSYoungGen: 1565761K->6639K(1566208K)] 1717558K->158653K(2090496K), 0.0079945 secs] [Times: user=0.18 sys=0.00, real=0.01 secs] 
3909.052: [GC (Allocation Failure) [PSYoungGen: 1566191K->6113K(1566208K)] 1718205K->159077K(2090496K), 0.0072808 secs] [Times: user=0.10 sys=0.00, real=0.01 secs] 
3918.816: [GC (Allocation Failure) [PSYoungGen: 1565665K->5985K(1566208K)] 1718629K->158981K(2090496K), 0.0058504 secs] [Times: user=0.10 sys=0.00, real=0.00 secs] 
3928.611: [GC (Allocation Failure) [PSYoungGen: 1565537K->5857K(1566208K)] 1718533K->158973K(2090496K), 0.0078401 secs] [Times: user=0.12 sys=0.00, real=0.01 secs] 
3938.290: [GC (Allocation Failure) [PSYoungGen: 1565409K->6177K(1566208K)] 1718525K->159349K(2090496K), 0.0044739 secs] [Times: user=0.05 sys=0.00, real=0.00 secs] 
3947.984: [GC (Allocation Failure) [PSYoungGen: 1565729K->6081K(1566208K)] 1718901K->159277K(2090496K), 0.0063580 secs] [Times: user=0.08 sys=0.00, real=0.01 secs] 
3957.732: [GC (Allocation Failure) [PSYoungGen: 1565633K->6049K(1566208K)] 1718829K->159381K(2090496K), 0.0061020 secs] [Times: user=0.09 sys=0.00, real=0.00 secs] 
3967.433: [GC (Allocation Failure) [PSYoungGen: 1565601K->6017K(1566208K)] 1718933K->159445K(2090496K), 0.0093364 secs] [Times: user=0.07 sys=0.00, real=0.01 secs] 
3976.997: [GC (Allocation Failure) [PSYoungGen: 1565569K->6639K(1566208K)] 1718997K->160124K(2090496K), 0.0083215 secs] [Times: user=0.14 sys=0.00, real=0.01 secs] 
3986.563: [GC (Allocation Failure) [PSYoungGen: 1566191K->6081K(1566208K)] 1719676K->160484K(2090496K), 0.0073577 secs] [Times: user=0.10 sys=0.01, real=0.01 secs] 
3996.231: [GC (Allocation Failure) [PSYoungGen: 1565633K->6049K(1566208K)] 1720036K->160628K(2090496K), 0.0059005 secs] [Times: user=0.11 sys=0.00, real=0.01 secs] 
4005.917: [GC (Allocation Failure) [PSYoungGen: 1565601K->6145K(1566208K)] 1720180K->160748K(2090496K), 0.0045922 secs] [Times: user=0.05 sys=0.00, real=0.01 secs] 
4015.496: [GC (Allocation Failure) [PSYoungGen: 1565697K->5953K(1566208K)] 1720300K->160596K(2090496K), 0.0047275 secs] [Times: user=0.05 sys=0.00, real=0.01 secs] 
4025.065: [GC (Allocation Failure) [PSYoungGen: 1565505K->5953K(1566208K)] 1720148K->160732K(2090496K), 0.0048140 secs] [Times: user=0.06 sys=0.00, real=0.01 secs] 
4034.670: [GC (Allocation Failure) [PSYoungGen: 1565505K->6209K(1566208K)] 1720284K->161028K(2090496K), 0.0049954 secs] [Times: user=0.07 sys=0.00, real=0.01 secs] 
4044.312: [GC (Allocation Failure) [PSYoungGen: 1565761K->6447K(1566208K)] 1720580K->161450K(2090496K), 0.0078299 secs] [Times: user=0.15 sys=0.00, real=0.01 secs] 
4054.051: [GC (Allocation Failure) [PSYoungGen: 1565999K->6081K(1566208K)] 1721002K->162074K(2090496K), 0.0069280 secs] [Times: user=0.11 sys=0.01, real=0.01 secs] 
4063.699: [GC (Allocation Failure) [PSYoungGen: 1565633K->5953K(1566208K)] 1721626K->161962K(2090496K), 0.0055189 secs] [Times: user=0.08 sys=0.01, real=0.00 secs] 
4073.302: [GC (Allocation Failure) [PSYoungGen: 1565505K->6081K(1566208K)] 1721514K->162250K(2090496K), 0.0061549 secs] [Times: user=0.08 sys=0.01, real=0.01 secs] 
4083.031: [GC (Allocation Failure) [PSYoungGen: 1565633K->6209K(1566208K)] 1721802K->162482K(2090496K), 0.0059723 secs] [Times: user=0.09 sys=0.00, real=0.00 secs] 
4092.746: [GC (Allocation Failure) [PSYoungGen: 1565761K->5633K(1566208K)] 1722034K->162058K(2090496K), 0.0058871 secs] [Times: user=0.10 sys=0.00, real=0.01 secs] 
4102.309: [GC (Allocation Failure) [PSYoungGen: 1565185K->5761K(1566208K)] 1721610K->162194K(2090496K), 0.0074360 secs] [Times: user=0.06 sys=0.00, real=0.01 secs] 
4111.971: [GC (Allocation Failure) [PSYoungGen: 1565313K->5743K(1566208K)] 1721746K->162217K(2090496K), 0.0090008 secs] [Times: user=0.07 sys=0.00, real=0.01 secs] 
4121.580: [GC (Allocation Failure) [PSYoungGen: 1565295K->5889K(1566208K)] 1721769K->163361K(2090496K), 0.0066489 secs] [Times: user=0.09 sys=0.00, real=0.01 secs] 
4131.202: [GC (Allocation Failure) [PSYoungGen: 1565441K->6145K(1566208K)] 1722913K->163649K(2090496K), 0.0056067 secs] [Times: user=0.04 sys=0.00, real=0.01 secs] 
4140.788: [GC (Allocation Failure) [PSYoungGen: 1565697K->6113K(1566208K)] 1723201K->163665K(2090496K), 0.0051540 secs] [Times: user=0.10 sys=0.00, real=0.01 secs] 
4150.457: [GC (Allocation Failure) [PSYoungGen: 1565665K->6177K(1566208K)] 1723217K->163841K(2090496K), 0.0058490 secs] [Times: user=0.06 sys=0.00, real=0.01 secs] 
4160.083: [GC (Allocation Failure) [PSYoungGen: 1565729K->6113K(1566208K)] 1723393K->163849K(2090496K), 0.0069194 secs] [Times: user=0.10 sys=0.00, real=0.00 secs] 
4169.680: [GC (Allocation Failure) [PSYoungGen: 1565665K->6113K(1566208K)] 1723401K->163977K(2090496K), 0.0065627 secs] [Times: user=0.09 sys=0.00, real=0.01 secs] 
4179.354: [GC (Allocation Failure) [PSYoungGen: 1565665K->5633K(1566208K)] 1723529K->163569K(2090496K), 0.0086997 secs] [Times: user=0.09 sys=0.00, real=0.00 secs] 
4188.787: [GC (Allocation Failure) [PSYoungGen: 1565185K->6639K(1566208K)] 1723121K->164720K(2090496K), 0.0065527 secs] [Times: user=0.10 sys=0.01, real=0.00 secs] 
4198.331: [GC (Allocation Failure) [PSYoungGen: 1566191K->6049K(1565184K)] 1724272K->165152K(2089472K), 0.0071968 secs] [Times: user=0.12 sys=0.00, real=0.01 secs] 
4207.804: [GC (Allocation Failure) [PSYoungGen: 1564577K->5889K(1565696K)] 1723680K->165040K(2089984K), 0.0062014 secs] [Times: user=0.08 sys=0.00, real=0.01 secs] 
4217.414: [GC (Allocation Failure) [PSYoungGen: 1564417K->5889K(1566208K)] 1723568K->165048K(2090496K), 0.0061072 secs] [Times: user=0.05 sys=0.00, real=0.01 secs] 
4226.919: [GC (Allocation Failure) [PSYoungGen: 1565441K->5729K(1566208K)] 1724600K->164976K(2090496K), 0.0069819 secs] [Times: user=0.09 sys=0.00, real=0.01 secs] 
4236.391: [GC (Allocation Failure) [PSYoungGen: 1565281K->5537K(1566208K)] 1724528K->164824K(2090496K), 0.0177585 secs] [Times: user=0.12 sys=0.00, real=0.02 secs] 
4245.878: [GC (Allocation Failure) [PSYoungGen: 1565089K->5889K(1566208K)] 1724376K->165296K(2090496K), 0.0084703 secs] [Times: user=0.07 sys=0.00, real=0.01 secs] 
4255.469: [GC (Allocation Failure) [PSYoungGen: 1565441K->6049K(1566208K)] 1724848K->165472K(2090496K), 0.0062382 secs] [Times: user=0.09 sys=0.00, real=0.00 secs] 
4264.988: [GC (Allocation Failure) [PSYoungGen: 1565601K->6575K(1566208K)] 1725024K->166094K(2090496K), 0.0080364 secs] [Times: user=0.12 sys=0.01, real=0.00 secs] 
4274.549: [GC (Allocation Failure) [PSYoungGen: 1566127K->6049K(1565184K)] 1725646K->166565K(2089472K), 0.0062286 secs] [Times: user=0.08 sys=0.01, real=0.00 secs] 
4284.073: [GC (Allocation Failure) [PSYoungGen: 1564577K->5185K(1565696K)] 1725093K->165733K(2089984K), 0.0103586 secs] [Times: user=0.08 sys=0.00, real=0.01 secs] 
4293.600: [GC (Allocation Failure) [PSYoungGen: 1563713K->5857K(1565696K)] 1724261K->166437K(2089984K), 0.0059773 secs] [Times: user=0.06 sys=0.00, real=0.01 secs] 
4303.146: [GC (Allocation Failure) [PSYoungGen: 1564385K->5985K(1565696K)] 1724965K->166677K(2089984K), 0.0049080 secs] [Times: user=0.09 sys=0.00, real=0.00 secs] 
4312.730: [GC (Allocation Failure) [PSYoungGen: 1564513K->5697K(1566208K)] 1725205K->166429K(2090496K), 0.0106384 secs] [Times: user=0.07 sys=0.00, real=0.01 secs] 
4322.272: [GC (Allocation Failure) [PSYoungGen: 1565249K->5761K(1566208K)] 1725981K->166573K(2090496K), 0.0058032 secs] [Times: user=0.06 sys=0.00, real=0.01 secs] 
4331.888: [GC (Allocation Failure) [PSYoungGen: 1565313K->6145K(1566208K)] 1726125K->167101K(2090496K), 0.0056521 secs] [Times: user=0.11 sys=0.00, real=0.00 secs] 
4341.432: [GC (Allocation Failure) [PSYoungGen: 1565697K->6639K(1566208K)] 1726653K->167636K(2090496K), 0.0082182 secs] [Times: user=0.16 sys=0.00, real=0.01 secs] 
4351.046: [GC (Allocation Failure) [PSYoungGen: 1566191K->5729K(1565184K)] 1727188K->167684K(2089472K), 0.0060702 secs] [Times: user=0.10 sys=0.00, real=0.01 secs] 
4360.590: [GC (Allocation Failure) [PSYoungGen: 1564257K->5761K(1565696K)] 1726212K->167852K(2089984K), 0.0059219 secs] [Times: user=0.08 sys=0.00, real=0.01 secs] 
4370.136: [GC (Allocation Failure) [PSYoungGen: 1564289K->6209K(1565696K)] 1726380K->168428K(2089984K), 0.0052712 secs] [Times: user=0.08 sys=0.00, real=0.00 secs] 
4379.865: [GC (Allocation Failure) [PSYoungGen: 1564737K->6081K(1565696K)] 1726956K->168356K(2089984K), 0.0057692 secs] [Times: user=0.09 sys=0.01, real=0.00 secs] 
4389.570: [GC (Allocation Failure) [PSYoungGen: 1564609K->6145K(1565696K)] 1726884K->168540K(2089984K), 0.0066315 secs] [Times: user=0.08 sys=0.01, real=0.01 secs] 
4399.214: [GC (Allocation Failure) [PSYoungGen: 1564673K->5985K(1565696K)] 1727068K->168444K(2089984K), 0.0078610 secs] [Times: user=0.09 sys=0.01, real=0.01 secs] 
4408.727: [GC (Allocation Failure) [PSYoungGen: 1564513K->6543K(1565184K)] 1726972K->169122K(2089472K), 0.0090018 secs] [Times: user=0.17 sys=0.00, real=0.01 secs] 
4418.403: [GC (Allocation Failure) [PSYoungGen: 1565071K->4897K(1565696K)] 1727650K->168322K(2089984K), 0.0284937 secs] [Times: user=0.27 sys=0.00, real=0.03 secs] 
4427.961: [GC (Allocation Failure) [PSYoungGen: 1563425K->7137K(1564672K)] 1726850K->170683K(2088960K), 0.0075467 secs] [Times: user=0.07 sys=0.00, real=0.00 secs] 
4437.379: [GC (Allocation Failure) [PSYoungGen: 1564641K->7425K(1565184K)] 1728187K->171259K(2089472K), 0.0071693 secs] [Times: user=0.14 sys=0.00, real=0.01 secs] 
4446.907: [GC (Allocation Failure) [PSYoungGen: 1564929K->7553K(1564160K)] 1728763K->171459K(2088448K), 0.0058547 secs] [Times: user=0.08 sys=0.00, real=0.00 secs] 
4456.455: [GC (Allocation Failure) [PSYoungGen: 1564033K->6593K(1564672K)] 1727939K->170563K(2088960K), 0.0116396 secs] [Times: user=0.05 sys=0.00, real=0.02 secs] 
4465.989: [GC (Allocation Failure) [PSYoungGen: 1563073K->7489K(1563648K)] 1727043K->171579K(2087936K), 0.0066919 secs] [Times: user=0.12 sys=0.01, real=0.00 secs] 
4475.505: [GC (Allocation Failure) [PSYoungGen: 1562945K->7408K(1564160K)] 1727035K->171537K(2088448K), 0.0087571 secs] [Times: user=0.09 sys=0.00, real=0.01 secs] 
4485.032: [GC (Allocation Failure) [PSYoungGen: 1562864K->6721K(1564160K)] 1726993K->171777K(2088448K), 0.0064424 secs] [Times: user=0.08 sys=0.00, real=0.00 secs] 
4494.545: [GC (Allocation Failure) [PSYoungGen: 1562177K->7553K(1564160K)] 1727233K->172681K(2088448K), 0.0063492 secs] [Times: user=0.08 sys=0.01, real=0.00 secs] 
4504.183: [GC (Allocation Failure) [PSYoungGen: 1563008K->7521K(1564160K)] 1728137K->172745K(2088448K), 0.0063315 secs] [Times: user=0.10 sys=0.00, real=0.01 secs] 
4513.665: [GC (Allocation Failure) [PSYoungGen: 1562977K->6945K(1564160K)] 1728201K->172289K(2088448K), 0.0069319 secs] [Times: user=0.07 sys=0.00, real=0.00 secs] 
4523.303: [GC (Allocation Failure) [PSYoungGen: 1562401K->7457K(1564160K)] 1727745K->172873K(2088448K), 0.0053996 secs] [Times: user=0.08 sys=0.00, real=0.01 secs] 
4532.856: [GC (Allocation Failure) [PSYoungGen: 1562913K->7521K(1564160K)] 1728329K->173049K(2088448K), 0.0072360 secs] [Times: user=0.13 sys=0.00, real=0.01 secs] 
4542.373: [GC (Allocation Failure) [PSYoungGen: 1562977K->7265K(1564160K)] 1728505K->172945K(2088448K), 0.0055341 secs] [Times: user=0.08 sys=0.00, real=0.00 secs] 
4551.952: [GC (Allocation Failure) [PSYoungGen: 1562721K->7664K(1564160K)] 1728401K->173424K(2088448K), 0.0084990 secs] [Times: user=0.15 sys=0.00, real=0.01 secs] 
4561.441: [GC (Allocation Failure) [PSYoungGen: 1563120K->7457K(1564160K)] 1728880K->174232K(2088448K), 0.0067041 secs] [Times: user=0.09 sys=0.02, real=0.01 secs] 
4570.922: [GC (Allocation Failure) [PSYoungGen: 1562913K->7489K(1564160K)] 1729688K->174312K(2088448K), 0.0060495 secs] [Times: user=0.10 sys=0.00, real=0.01 secs] 
4580.489: [GC (Allocation Failure) [PSYoungGen: 1562945K->7457K(1564160K)] 1729768K->174376K(2088448K), 0.0064354 secs] [Times: user=0.11 sys=0.00, real=0.01 secs] 
4590.043: [GC (Allocation Failure) [PSYoungGen: 1562913K->7457K(1564160K)] 1729832K->174520K(2088448K), 0.0061600 secs] [Times: user=0.10 sys=0.00, real=0.01 secs] 
4599.525: [GC (Allocation Failure) [PSYoungGen: 1562913K->7361K(1564160K)] 1729976K->174512K(2088448K), 0.0060847 secs] [Times: user=0.09 sys=0.01, real=0.01 secs] 
4609.017: [GC (Allocation Failure) [PSYoungGen: 1562816K->6913K(1564160K)] 1729967K->174160K(2088448K), 0.0073340 secs] [Times: user=0.06 sys=0.00, real=0.01 secs] 
4618.514: [GC (Allocation Failure) [PSYoungGen: 1562369K->7361K(1564160K)] 1729616K->174744K(2088448K), 0.0064812 secs] [Times: user=0.09 sys=0.01, real=0.01 secs] 
4627.972: [GC (Allocation Failure) [PSYoungGen: 1562817K->8240K(1564160K)] 1730200K->175670K(2088448K), 0.0071272 secs] [Times: user=0.10 sys=0.00, real=0.01 secs] 
4637.494: [GC (Allocation Failure) [PSYoungGen: 1563696K->7457K(1564160K)] 1731126K->175982K(2088448K), 0.0059420 secs] [Times: user=0.07 sys=0.00, real=0.00 secs] 
4647.080: [GC (Allocation Failure) [PSYoungGen: 1562913K->7553K(1564160K)] 1731438K->176142K(2088448K), 0.0057904 secs] [Times: user=0.09 sys=0.00, real=0.01 secs] 
4656.565: [GC (Allocation Failure) [PSYoungGen: 1563009K->6625K(1564160K)] 1731598K->175238K(2088448K), 0.0094405 secs] [Times: user=0.09 sys=0.00, real=0.01 secs] 
4666.113: [GC (Allocation Failure) [PSYoungGen: 1562081K->7297K(1564160K)] 1730694K->176070K(2088448K), 0.0071314 secs] [Times: user=0.12 sys=0.01, real=0.01 secs] 
4675.597: [GC (Allocation Failure) [PSYoungGen: 1562753K->7521K(1564160K)] 1731526K->176326K(2088448K), 0.0055223 secs] [Times: user=0.08 sys=0.00, real=0.01 secs] 
4685.086: [GC (Allocation Failure) [PSYoungGen: 1562977K->7137K(1564160K)] 1731782K->176078K(2088448K), 0.0084114 secs] [Times: user=0.07 sys=0.00, real=0.01 secs] 
4694.611: [GC (Allocation Failure) [PSYoungGen: 1562593K->8048K(1564160K)] 1731534K->177029K(2088448K), 0.0071106 secs] [Times: user=0.13 sys=0.00, real=0.01 secs] 
4704.170: [GC (Allocation Failure) [PSYoungGen: 1563504K->7713K(1564160K)] 1732485K->177805K(2088448K), 0.0071148 secs] [Times: user=0.13 sys=0.00, real=0.01 secs] 
4713.749: [GC (Allocation Failure) [PSYoungGen: 1563169K->7681K(1564160K)] 1733261K->177901K(2088448K), 0.0068004 secs] [Times: user=0.08 sys=0.00, real=0.01 secs] 
4723.244: [GC (Allocation Failure) [PSYoungGen: 1563137K->7649K(1564160K)] 1733357K->177949K(2088448K), 0.0062157 secs] [Times: user=0.10 sys=0.00, real=0.01 secs] 
4732.727: [GC (Allocation Failure) [PSYoungGen: 1563105K->7553K(1564160K)] 1733405K->177965K(2088448K), 0.0097057 secs] [Times: user=0.08 sys=0.00, real=0.01 secs] 
4742.285: [GC (Allocation Failure) [PSYoungGen: 1563009K->7201K(1564160K)] 1733421K->177629K(2088448K), 0.0070179 secs] [Times: user=0.06 sys=0.00, real=0.01 secs] 
4751.806: [GC (Allocation Failure) [PSYoungGen: 1562657K->7713K(1564160K)] 1733085K->178253K(2088448K), 0.0048903 secs] [Times: user=0.08 sys=0.00, real=0.00 secs] 
4761.235: [GC (Allocation Failure) [PSYoungGen: 1563169K->7984K(1564160K)] 1733709K->178572K(2088448K), 0.0080088 secs] [Times: user=0.11 sys=0.00, real=0.01 secs] 
4770.752: [GC (Allocation Failure) [PSYoungGen: 1563440K->7713K(1564160K)] 1734028K->179324K(2088448K), 0.0060724 secs] [Times: user=0.11 sys=0.00, real=0.01 secs] 
4780.349: [GC (Allocation Failure) [PSYoungGen: 1563169K->7233K(1564160K)] 1734780K->178884K(2088448K), 0.0070321 secs] [Times: user=0.06 sys=0.00, real=0.01 secs] 
4789.872: [GC (Allocation Failure) [PSYoungGen: 1562689K->7777K(1564160K)] 1734340K->179508K(2088448K), 0.0055608 secs] [Times: user=0.10 sys=0.00, real=0.01 secs] 
4799.356: [GC (Allocation Failure) [PSYoungGen: 1563233K->7489K(1564160K)] 1734964K->179316K(2088448K), 0.0069946 secs] [Times: user=0.08 sys=0.01, real=0.01 secs] 
4808.774: [GC (Allocation Failure) [PSYoungGen: 1562945K->6881K(1564160K)] 1734772K->178756K(2088448K), 0.0100013 secs] [Times: user=0.10 sys=0.01, real=0.01 secs] 
4818.234: [GC (Allocation Failure) [PSYoungGen: 1562337K->7425K(1564160K)] 1734212K->179452K(2088448K), 0.0057588 secs] [Times: user=0.11 sys=0.00, real=0.00 secs] 
4827.697: [GC (Allocation Failure) [PSYoungGen: 1562881K->7920K(1564160K)] 1734908K->180050K(2088448K), 0.0065678 secs] [Times: user=0.13 sys=0.00, real=0.01 secs] 
4837.233: [GC (Allocation Failure) [PSYoungGen: 1563376K->7073K(1564160K)] 1735506K->180154K(2088448K), 0.0066184 secs] [Times: user=0.09 sys=0.00, real=0.01 secs] 
4846.662: [GC (Allocation Failure) [PSYoungGen: 1562529K->7329K(1564160K)] 1735610K->180458K(2088448K), 0.0072574 secs] [Times: user=0.10 sys=0.00, real=0.01 secs] 
4856.179: [GC (Allocation Failure) [PSYoungGen: 1562785K->7745K(1564160K)] 1735914K->181058K(2088448K), 0.0069959 secs] [Times: user=0.12 sys=0.00, real=0.00 secs] 
4865.608: [GC (Allocation Failure) [PSYoungGen: 1563201K->7617K(1564160K)] 1736514K->180986K(2088448K), 0.0062102 secs] [Times: user=0.10 sys=0.01, real=0.00 secs] 
4875.183: [GC (Allocation Failure) [PSYoungGen: 1563073K->7649K(1564160K)] 1736442K->181074K(2088448K), 0.0060993 secs] [Times: user=0.07 sys=0.00, real=0.01 secs] 
4884.585: [GC (Allocation Failure) [PSYoungGen: 1563105K->7809K(1564160K)] 1736530K->181330K(2088448K), 0.0046668 secs] [Times: user=0.06 sys=0.00, real=0.00 secs] 
4894.045: [GC (Allocation Failure) [PSYoungGen: 1563265K->8048K(1564160K)] 1736786K->181641K(2088448K), 0.0071213 secs] [Times: user=0.16 sys=0.00, real=0.00 secs] 
4904.223: [GC (Allocation Failure) [PSYoungGen: 1563504K->7713K(1564160K)] 1737097K->182337K(2088448K), 0.0060314 secs] [Times: user=0.08 sys=0.02, real=0.01 secs] 
4913.582: [GC (Allocation Failure) [PSYoungGen: 1563169K->7649K(1564160K)] 1737793K->182345K(2088448K), 0.0060921 secs] [Times: user=0.10 sys=0.00, real=0.01 secs] 
4923.037: [GC (Allocation Failure) [PSYoungGen: 1563105K->7777K(1564160K)] 1737801K->182593K(2088448K), 0.0053878 secs] [Times: user=0.09 sys=0.00, real=0.01 secs] 
4932.537: [GC (Allocation Failure) [PSYoungGen: 1563233K->6817K(1564160K)] 1738049K->181705K(2088448K), 0.0340964 secs] [Times: user=0.45 sys=0.00, real=0.04 secs] 
4942.407: [GC (Allocation Failure) [PSYoungGen: 1562273K->7777K(1564160K)] 1737161K->182681K(2088448K), 0.0059321 secs] [Times: user=0.06 sys=0.01, real=0.01 secs] 
4952.311: [GC (Allocation Failure) [PSYoungGen: 1563233K->7777K(1564160K)] 1738137K->182801K(2088448K), 0.0063143 secs] [Times: user=0.09 sys=0.00, real=0.01 secs] 
4961.655: [GC (Allocation Failure) [PSYoungGen: 1563233K->8560K(1564160K)] 1738257K->183648K(2088448K), 0.0068371 secs] [Times: user=0.08 sys=0.00, real=0.00 secs] 
4971.215: [GC (Allocation Failure) [PSYoungGen: 1564016K->7457K(1564160K)] 1739104K->183440K(2088448K), 0.0187458 secs] [Times: user=0.18 sys=0.00, real=0.01 secs] 
4980.748: [GC (Allocation Failure) [PSYoungGen: 1562913K->6625K(1564160K)] 1738896K->182720K(2088448K), 0.0181781 secs] [Times: user=0.17 sys=0.00, real=0.02 secs] 
4990.421: [GC (Allocation Failure) [PSYoungGen: 1562081K->7745K(1564160K)] 1738176K->183872K(2088448K), 0.0064553 secs] [Times: user=0.08 sys=0.00, real=0.01 secs] 
4999.841: [GC (Allocation Failure) [PSYoungGen: 1563201K->7585K(1564160K)] 1739328K->183848K(2088448K), 0.0052092 secs] [Times: user=0.07 sys=0.00, real=0.00 secs] 
5009.398: [GC (Allocation Failure) [PSYoungGen: 1563041K->7777K(1564160K)] 1739304K->184112K(2088448K), 0.0057760 secs] [Times: user=0.09 sys=0.00, real=0.01 secs] 
5019.010: [GC (Allocation Failure) [PSYoungGen: 1563233K->6753K(1564160K)] 1739568K->183128K(2088448K), 0.0177719 secs] [Times: user=0.22 sys=0.00, real=0.02 secs] 
5028.433: [GC (Allocation Failure) [PSYoungGen: 1562209K->7585K(1564160K)] 1738584K->184104K(2088448K), 0.0052743 secs] [Times: user=0.07 sys=0.01, real=0.01 secs] 
5037.757: [GC (Allocation Failure) [PSYoungGen: 1563041K->7728K(1564160K)] 1739560K->184374K(2088448K), 0.0084178 secs] [Times: user=0.14 sys=0.00, real=0.01 secs] 
5047.201: [GC (Allocation Failure) [PSYoungGen: 1563184K->7137K(1564160K)] 1739830K->184758K(2088448K), 0.0064900 secs] [Times: user=0.10 sys=0.00, real=0.01 secs] 
5056.581: [GC (Allocation Failure) [PSYoungGen: 1562593K->7777K(1564160K)] 1740214K->185470K(2088448K), 0.0059597 secs] [Times: user=0.10 sys=0.00, real=0.00 secs] 
5065.981: [GC (Allocation Failure) [PSYoungGen: 1563233K->7617K(1564160K)] 1740926K->185390K(2088448K), 0.0073909 secs] [Times: user=0.08 sys=0.00, real=0.01 secs] 
5075.528: [GC (Allocation Failure) [PSYoungGen: 1563073K->7873K(1564160K)] 1740846K->185662K(2088448K), 0.0075142 secs] [Times: user=0.08 sys=0.00, real=0.01 secs] 
5085.030: [GC (Allocation Failure) [PSYoungGen: 1563329K->7265K(1564160K)] 1741118K->185102K(2088448K), 0.0136917 secs] [Times: user=0.19 sys=0.00, real=0.02 secs] 
5094.418: [GC (Allocation Failure) [PSYoungGen: 1562721K->7489K(1564160K)] 1740558K->185414K(2088448K), 0.0066099 secs] [Times: user=0.08 sys=0.00, real=0.01 secs] 
5103.881: [GC (Allocation Failure) [PSYoungGen: 1562945K->7809K(1564160K)] 1740870K->185758K(2088448K), 0.0073661 secs] [Times: user=0.09 sys=0.00, real=0.01 secs] 
5113.202: [GC (Allocation Failure) [PSYoungGen: 1563265K->8464K(1564160K)] 1741214K->186501K(2088448K), 0.0080307 secs] [Times: user=0.15 sys=0.00, real=0.01 secs] 
5122.554: [GC (Allocation Failure) [PSYoungGen: 1563920K->7617K(1564160K)] 1741957K->186621K(2088448K), 0.0062610 secs] [Times: user=0.08 sys=0.02, real=0.01 secs] 
5131.846: [GC (Allocation Failure) [PSYoungGen: 1563073K->7809K(1564160K)] 1742077K->186877K(2088448K), 0.0067640 secs] [Times: user=0.10 sys=0.00, real=0.01 secs] 
5141.231: [GC (Allocation Failure) [PSYoungGen: 1563265K->6529K(1564160K)] 1742333K->185693K(2088448K), 0.0098329 secs] [Times: user=0.06 sys=0.00, real=0.01 secs] 
5150.652: [GC (Allocation Failure) [PSYoungGen: 1561985K->6625K(1564160K)] 1741149K->185797K(2088448K), 0.0140715 secs] [Times: user=0.12 sys=0.00, real=0.01 secs] 
5160.053: [GC (Allocation Failure) [PSYoungGen: 1562081K->7553K(1564160K)] 1741253K->186765K(2088448K), 0.0067551 secs] [Times: user=0.09 sys=0.01, real=0.01 secs] 
5169.374: [GC (Allocation Failure) [PSYoungGen: 1563009K->7617K(1564160K)] 1742221K->186941K(2088448K), 0.0067478 secs] [Times: user=0.09 sys=0.00, real=0.01 secs] 
5178.766: [GC (Allocation Failure) [PSYoungGen: 1563073K->7219K(1564160K)] 1742397K->186670K(2088448K), 0.0072415 secs] [Times: user=0.05 sys=0.00, real=0.01 secs] 
5188.250: [GC (Allocation Failure) [PSYoungGen: 1562675K->8144K(1564160K)] 1742126K->187611K(2088448K), 0.0130168 secs] [Times: user=0.14 sys=0.00, real=0.01 secs] 
5197.638: [GC (Allocation Failure) [PSYoungGen: 1563600K->7393K(1564160K)] 1743067K->187859K(2088448K), 0.0089302 secs] [Times: user=0.06 sys=0.02, real=0.01 secs] 
5207.023: [GC (Allocation Failure) [PSYoungGen: 1562849K->7745K(1564160K)] 1743315K->188403K(2088448K), 0.0060268 secs] [Times: user=0.10 sys=0.00, real=0.00 secs] 
5216.464: [GC (Allocation Failure) [PSYoungGen: 1563201K->7489K(1564160K)] 1743859K->188147K(2088448K), 0.0063589 secs] [Times: user=0.06 sys=0.01, real=0.00 secs] 
5225.882: [GC (Allocation Failure) [PSYoungGen: 1562945K->7201K(1564160K)] 1743603K->187963K(2088448K), 0.0064140 secs] [Times: user=0.08 sys=0.00, real=0.01 secs] 
5235.421: [GC (Allocation Failure) [PSYoungGen: 1562657K->7777K(1564160K)] 1743419K->188571K(2088448K), 0.0061549 secs] [Times: user=0.11 sys=0.00, real=0.01 secs] 
5245.177: [GC (Allocation Failure) [PSYoungGen: 1563233K->7745K(1564160K)] 1744027K->188595K(2088448K), 0.0051899 secs] [Times: user=0.05 sys=0.00, real=0.00 secs] 
5254.526: [GC (Allocation Failure) [PSYoungGen: 1563201K->8176K(1564160K)] 1744051K->189146K(2088448K), 0.0073805 secs] [Times: user=0.13 sys=0.00, real=0.01 secs] 
5263.920: [GC (Allocation Failure) [PSYoungGen: 1563632K->7777K(1564160K)] 1744602K->189706K(2088448K), 0.0050611 secs] [Times: user=0.07 sys=0.00, real=0.00 secs] 
5273.281: [GC (Allocation Failure) [PSYoungGen: 1563233K->6945K(1564160K)] 1745162K->188914K(2088448K), 0.0085842 secs] [Times: user=0.05 sys=0.00, real=0.00 secs] 
5282.652: [GC (Allocation Failure) [PSYoungGen: 1562401K->6913K(1564160K)] 1744370K->188978K(2088448K), 0.0093023 secs] [Times: user=0.06 sys=0.00, real=0.01 secs] 
5292.150: [GC (Allocation Failure) [PSYoungGen: 1562369K->7009K(1564160K)] 1744434K->189106K(2088448K), 0.0186264 secs] [Times: user=0.21 sys=0.00, real=0.02 secs] 
5301.387: [GC (Allocation Failure) [PSYoungGen: 1562465K->7649K(1564160K)] 1744562K->189858K(2088448K), 0.0090133 secs] [Times: user=0.12 sys=0.01, real=0.01 secs] 
5310.737: [GC (Allocation Failure) [PSYoungGen: 1563105K->7361K(1564160K)] 1745314K->189610K(2088448K), 0.0079872 secs] [Times: user=0.07 sys=0.00, real=0.00 secs] 
5320.117: [GC (Allocation Failure) [PSYoungGen: 1562817K->7632K(1564160K)] 1745066K->189905K(2088448K), 0.0113548 secs] [Times: user=0.09 sys=0.00, real=0.02 secs] 
5329.380: [GC (Allocation Failure) [PSYoungGen: 1563088K->7649K(1564160K)] 1745361K->190897K(2088448K), 0.0067465 secs] [Times: user=0.07 sys=0.00, real=0.00 secs] 
5339.067: [GC (Allocation Failure) [PSYoungGen: 1563105K->7297K(1564160K)] 1746353K->190593K(2088448K), 0.0066588 secs] [Times: user=0.06 sys=0.00, real=0.01 secs] 
5348.312: [GC (Allocation Failure) [PSYoungGen: 1562753K->7553K(1564160K)] 1746049K->190969K(2088448K), 0.0061893 secs] [Times: user=0.07 sys=0.01, real=0.00 secs] 
5357.634: [GC (Allocation Failure) [PSYoungGen: 1563009K->7809K(1564160K)] 1746425K->191281K(2088448K), 0.0065844 secs] [Times: user=0.09 sys=0.01, real=0.00 secs] 
5367.001: [GC (Allocation Failure) [PSYoungGen: 1563265K->7233K(1564160K)] 1746737K->190729K(2088448K), 0.0069611 secs] [Times: user=0.07 sys=0.00, real=0.01 secs] 
5376.442: [GC (Allocation Failure) [PSYoungGen: 1562689K->7809K(1564160K)] 1746185K->191401K(2088448K), 0.0056076 secs] [Times: user=0.09 sys=0.02, real=0.01 secs] 
5385.782: [GC (Allocation Failure) [PSYoungGen: 1563265K->8336K(1564160K)] 1746857K->192023K(2088448K), 0.0092424 secs] [Times: user=0.14 sys=0.00, real=0.01 secs] 
5395.248: [GC (Allocation Failure) [PSYoungGen: 1563792K->7777K(1564160K)] 1747479K->192519K(2088448K), 0.0077517 secs] [Times: user=0.08 sys=0.03, real=0.01 secs] 
5404.623: [GC (Allocation Failure) [PSYoungGen: 1563233K->6881K(1564160K)] 1747975K->191687K(2088448K), 0.0117251 secs] [Times: user=0.10 sys=0.01, real=0.01 secs] 
5413.929: [GC (Allocation Failure) [PSYoungGen: 1562337K->7297K(1564160K)] 1747143K->192239K(2088448K), 0.0084255 secs] [Times: user=0.12 sys=0.00, real=0.01 secs] 
5423.327: [GC (Allocation Failure) [PSYoungGen: 1562753K->7809K(1564160K)] 1747695K->192807K(2088448K), 0.0063414 secs] [Times: user=0.08 sys=0.00, real=0.00 secs] 
5432.785: [GC (Allocation Failure) [PSYoungGen: 1563265K->6977K(1564160K)] 1748263K->192031K(2088448K), 0.0078627 secs] [Times: user=0.04 sys=0.00, real=0.00 secs] 
5442.021: [GC (Allocation Failure) [PSYoungGen: 1562384K->7457K(1564160K)] 1747438K->192599K(2088448K), 0.0067286 secs] [Times: user=0.09 sys=0.00, real=0.01 secs] 
5451.469: [GC (Allocation Failure) [PSYoungGen: 1562913K->6945K(1564160K)] 1748055K->192199K(2088448K), 0.0094009 secs] [Times: user=0.09 sys=0.01, real=0.01 secs] 
5460.688: [GC (Allocation Failure) [PSYoungGen: 1562401K->8272K(1564160K)] 1747655K->193622K(2088448K), 0.0079240 secs] [Times: user=0.18 sys=0.00, real=0.01 secs] 
5470.125: [GC (Allocation Failure) [PSYoungGen: 1563728K->7777K(1564160K)] 1749078K->193990K(2088448K), 0.0061692 secs] [Times: user=0.08 sys=0.00, real=0.01 secs] 
5479.598: [GC (Allocation Failure) [PSYoungGen: 1563233K->7777K(1564160K)] 1749446K->194134K(2088448K), 0.0062472 secs] [Times: user=0.10 sys=0.00, real=0.01 secs] 
5489.162: [GC (Allocation Failure) [PSYoungGen: 1563233K->6721K(1564160K)] 1749590K->193174K(2088448K), 0.0159008 secs] [Times: user=0.18 sys=0.00, real=0.02 secs] 
5498.717: [GC (Allocation Failure) [PSYoungGen: 1562177K->7457K(1564160K)] 1748630K->193982K(2088448K), 0.0061546 secs] [Times: user=0.08 sys=0.00, real=0.00 secs] 
5508.326: [GC (Allocation Failure) [PSYoungGen: 1562913K->7713K(1564160K)] 1749438K->194422K(2088448K), 0.0058703 secs] [Times: user=0.10 sys=0.00, real=0.01 secs] 
5517.758: [GC (Allocation Failure) [PSYoungGen: 1563169K->7777K(1564160K)] 1749878K->194614K(2088448K), 0.0060265 secs] [Times: user=0.09 sys=0.00, real=0.00 secs] 
5527.315: [GC (Allocation Failure) [PSYoungGen: 1563233K->7745K(1564160K)] 1750070K->194678K(2088448K), 0.0055699 secs] [Times: user=0.10 sys=0.00, real=0.01 secs] 
5536.781: [GC (Allocation Failure) [PSYoungGen: 1563201K->8304K(1564160K)] 1750134K->195357K(2088448K), 0.0073915 secs] [Times: user=0.10 sys=0.00, real=0.00 secs] 
5546.454: [GC (Allocation Failure) [PSYoungGen: 1563760K->7713K(1564160K)] 1750813K->195733K(2088448K), 0.0070710 secs] [Times: user=0.09 sys=0.00, real=0.00 secs] 
5555.968: [GC (Allocation Failure) [PSYoungGen: 1563169K->7777K(1564160K)] 1751189K->196005K(2088448K), 0.0060566 secs] [Times: user=0.08 sys=0.00, real=0.01 secs] 
5565.511: [GC (Allocation Failure) [PSYoungGen: 1563233K->7233K(1564160K)] 1751461K->195485K(2088448K), 0.0202400 secs] [Times: user=0.14 sys=0.00, real=0.02 secs] 
5575.065: [GC (Allocation Failure) [PSYoungGen: 1562689K->7585K(1564160K)] 1750941K->195997K(2088448K), 0.0060090 secs] [Times: user=0.10 sys=0.00, real=0.01 secs] 
5584.910: [GC (Allocation Failure) [PSYoungGen: 1563041K->7585K(1564160K)] 1751453K->196045K(2088448K), 0.0067880 secs] [Times: user=0.08 sys=0.00, real=0.00 secs] 
5594.375: [GC (Allocation Failure) [PSYoungGen: 1563041K->7841K(1564160K)] 1751501K->196333K(2088448K), 0.0069109 secs] [Times: user=0.08 sys=0.00, real=0.01 secs] 
5603.981: [GC (Allocation Failure) [PSYoungGen: 1563297K->8272K(1564160K)] 1751789K->196891K(2088448K), 0.0075462 secs] [Times: user=0.12 sys=0.00, real=0.00 secs] 
5613.602: [GC (Allocation Failure) [PSYoungGen: 1563728K->7393K(1564160K)] 1752347K->197011K(2088448K), 0.0067393 secs] [Times: user=0.08 sys=0.00, real=0.01 secs] 
5623.100: [GC (Allocation Failure) [PSYoungGen: 1562849K->6785K(1564160K)] 1752467K->196459K(2088448K), 0.0166009 secs] [Times: user=0.20 sys=0.00, real=0.02 secs] 
5632.710: [GC (Allocation Failure) [PSYoungGen: 1562241K->7745K(1564160K)] 1751915K->197515K(2088448K), 0.0061077 secs] [Times: user=0.07 sys=0.00, real=0.01 secs] 
5642.132: [GC (Allocation Failure) [PSYoungGen: 1563201K->7873K(1564160K)] 1752971K->197683K(2088448K), 0.0064230 secs] [Times: user=0.07 sys=0.00, real=0.01 secs] 
5651.568: [GC (Allocation Failure) [PSYoungGen: 1563329K->7585K(1564160K)] 1753139K->197563K(2088448K), 0.0055205 secs] [Times: user=0.09 sys=0.00, real=0.00 secs] 
5661.031: [GC (Allocation Failure) [PSYoungGen: 1563041K->6977K(1564160K)] 1753019K->197043K(2088448K), 0.0111032 secs] [Times: user=0.07 sys=0.01, real=0.01 secs] 
5670.453: [GC (Allocation Failure) [PSYoungGen: 1562433K->7664K(1564160K)] 1752499K->197834K(2088448K), 0.0127571 secs] [Times: user=0.14 sys=0.00, real=0.01 secs] 
5680.248: [GC (Allocation Failure) [PSYoungGen: 1563120K->6753K(1564160K)] 1753290K->197762K(2088448K), 0.0108152 secs] [Times: user=0.05 sys=0.00, real=0.01 secs] 
5689.462: [GC (Allocation Failure) [PSYoungGen: 1562209K->7841K(1564160K)] 1753218K->198866K(2088448K), 0.0062644 secs] [Times: user=0.06 sys=0.00, real=0.01 secs] 
5699.020: [GC (Allocation Failure) [PSYoungGen: 1563297K->7585K(1564160K)] 1754322K->198794K(2088448K), 0.0062095 secs] [Times: user=0.08 sys=0.00, real=0.01 secs] 
5708.987: [GC (Allocation Failure) [PSYoungGen: 1563041K->6977K(1564160K)] 1754250K->198218K(2088448K), 0.0148683 secs] [Times: user=0.13 sys=0.00, real=0.01 secs] 
5718.255: [GC (Allocation Failure) [PSYoungGen: 1562433K->7617K(1564160K)] 1753674K->198946K(2088448K), 0.0061266 secs] [Times: user=0.11 sys=0.01, real=0.01 secs] 
5727.782: [GC (Allocation Failure) [PSYoungGen: 1563073K->7873K(1564160K)] 1754402K->199266K(2088448K), 0.0075595 secs] [Times: user=0.08 sys=0.00, real=0.01 secs] 
5737.245: [GC (Allocation Failure) [PSYoungGen: 1563329K->7585K(1564160K)] 1754722K->199082K(2088448K), 0.0070136 secs] [Times: user=0.09 sys=0.00, real=0.01 secs] 
5746.848: [GC (Allocation Failure) [PSYoungGen: 1563030K->7745K(1564160K)] 1754527K->199354K(2088448K), 0.0060957 secs] [Times: user=0.10 sys=0.00, real=0.01 secs] 
5756.555: [GC (Allocation Failure) [PSYoungGen: 1563201K->7536K(1564160K)] 1754810K->199208K(2088448K), 0.0166628 secs] [Times: user=0.06 sys=0.00, real=0.01 secs] 
5765.870: [GC (Allocation Failure) [PSYoungGen: 1562992K->7329K(1564160K)] 1754664K->200024K(2088448K), 0.0074350 secs] [Times: user=0.07 sys=0.01, real=0.01 secs] 
5775.498: [GC (Allocation Failure) [PSYoungGen: 1562785K->7809K(1564160K)] 1755480K->200584K(2088448K), 0.0054443 secs] [Times: user=0.10 sys=0.00, real=0.00 secs] 
5785.170: [GC (Allocation Failure) [PSYoungGen: 1563265K->6945K(1564160K)] 1756040K->199736K(2088448K), 0.0096354 secs] [Times: user=0.07 sys=0.00, real=0.01 secs] 
5794.663: [GC (Allocation Failure) [PSYoungGen: 1562401K->7553K(1564160K)] 1755192K->200464K(2088448K), 0.0056233 secs] [Times: user=0.06 sys=0.00, real=0.00 secs] 
5804.089: [GC (Allocation Failure) [PSYoungGen: 1563009K->7265K(1564160K)] 1755920K->200200K(2088448K), 0.0120059 secs] [Times: user=0.11 sys=0.01, real=0.01 secs] 
5813.609: [GC (Allocation Failure) [PSYoungGen: 1562721K->6849K(1564160K)] 1755656K->199864K(2088448K), 0.0104368 secs] [Times: user=0.05 sys=0.00, real=0.01 secs] 
5823.108: [GC (Allocation Failure) [PSYoungGen: 1562305K->8176K(1564160K)] 1755320K->201311K(2088448K), 0.0086761 secs] [Times: user=0.14 sys=0.00, real=0.01 secs] 
5832.607: [GC (Allocation Failure) [PSYoungGen: 1563632K->7457K(1564160K)] 1756767K->201535K(2088448K), 0.0060445 secs] [Times: user=0.09 sys=0.00, real=0.00 secs] 
5842.163: [GC (Allocation Failure) [PSYoungGen: 1562913K->6817K(1564160K)] 1756991K->200935K(2088448K), 0.0105079 secs] [Times: user=0.07 sys=0.00, real=0.01 secs] 
5851.533: [GC (Allocation Failure) [PSYoungGen: 1562273K->6497K(1564160K)] 1756391K->200719K(2088448K), 0.0094492 secs] [Times: user=0.05 sys=0.00, real=0.01 secs] 
5861.234: [GC (Allocation Failure) [PSYoungGen: 1561953K->6561K(1564160K)] 1756175K->200799K(2088448K), 0.0137972 secs] [Times: user=0.06 sys=0.00, real=0.01 secs] 
5871.092: [GC (Allocation Failure) [PSYoungGen: 1562017K->7585K(1564160K)] 1756255K->201903K(2088448K), 0.0063204 secs] [Times: user=0.09 sys=0.00, real=0.00 secs] 
5880.570: [GC (Allocation Failure) [PSYoungGen: 1563041K->7841K(1564160K)] 1757359K->202199K(2088448K), 0.0055574 secs] [Times: user=0.07 sys=0.00, real=0.01 secs] 
5889.928: [GC (Allocation Failure) [PSYoungGen: 1563297K->7809K(1564160K)] 1757655K->202255K(2088448K), 0.0060767 secs] [Times: user=0.09 sys=0.01, real=0.00 secs] 
5899.532: [GC (Allocation Failure) [PSYoungGen: 1563265K->6561K(1564160K)] 1757711K->201103K(2088448K), 0.0121173 secs] [Times: user=0.05 sys=0.00, real=0.01 secs] 
5910.086: [GC (Allocation Failure) [PSYoungGen: 1562017K->7728K(1564160K)] 1756559K->202302K(2088448K), 0.0346886 secs] [Times: user=0.27 sys=0.00, real=0.04 secs] 
5920.784: [GC (Allocation Failure) [PSYoungGen: 1563184K->6561K(1564160K)] 1757758K->201974K(2088448K), 0.0122070 secs] [Times: user=0.07 sys=0.00, real=0.01 secs] 
5930.581: [GC (Allocation Failure) [PSYoungGen: 1562017K->6657K(1564160K)] 1757430K->202206K(2088448K), 0.0095924 secs] [Times: user=0.06 sys=0.01, real=0.01 secs] 
5940.080: [GC (Allocation Failure) [PSYoungGen: 1562113K->7777K(1564160K)] 1757662K->203406K(2088448K), 0.0062179 secs] [Times: user=0.10 sys=0.00, real=0.01 secs] 
5949.544: [GC (Allocation Failure) [PSYoungGen: 1563233K->7649K(1564160K)] 1758862K->203294K(2088448K), 0.0061318 secs] [Times: user=0.10 sys=0.01, real=0.00 secs] 
5959.418: [GC (Allocation Failure) [PSYoungGen: 1563105K->6561K(1564160K)] 1758750K->202270K(2088448K), 0.0110833 secs] [Times: user=0.06 sys=0.00, real=0.01 secs] 
5968.939: [GC (Allocation Failure) [PSYoungGen: 1562017K->7521K(1564160K)] 1757726K->203358K(2088448K), 0.0071474 secs] [Times: user=0.07 sys=0.00, real=0.01 secs] 
5978.130: [GC (Allocation Failure) [PSYoungGen: 1562977K->8080K(1563648K)] 1758814K->204004K(2087936K), 0.0122191 secs] [Times: user=0.21 sys=0.00, real=0.01 secs] 
5987.876: [GC (Allocation Failure) [PSYoungGen: 1563536K->7809K(1563648K)] 1759460K->204804K(2087936K), 0.0065867 secs] [Times: user=0.08 sys=0.03, real=0.01 secs] 
5997.615: [GC (Allocation Failure) [PSYoungGen: 1562241K->7041K(1563648K)] 1759236K->204044K(2087936K), 0.0187383 secs] [Times: user=0.20 sys=0.00, real=0.02 secs] 
6007.188: [GC (Allocation Failure) [PSYoungGen: 1561473K->7233K(1564160K)] 1758476K->204404K(2088448K), 0.0068457 secs] [Times: user=0.09 sys=0.00, real=0.01 secs] 
6016.603: [GC (Allocation Failure) [PSYoungGen: 1562177K->7393K(1563648K)] 1759348K->204588K(2087936K), 0.0193268 secs] [Times: user=0.17 sys=0.00, real=0.02 secs] 
6026.077: [GC (Allocation Failure) [PSYoungGen: 1562337K->7297K(1564160K)] 1759532K->204628K(2088448K), 0.0064014 secs] [Times: user=0.06 sys=0.00, real=0.00 secs] 
6035.518: [GC (Allocation Failure) [PSYoungGen: 1562753K->6657K(1564160K)] 1760084K->204004K(2088448K), 0.0105845 secs] [Times: user=0.13 sys=0.01, real=0.01 secs] 
6044.990: [GC (Allocation Failure) [PSYoungGen: 1562113K->6689K(1564160K)] 1759460K->204148K(2088448K), 0.0098460 secs] [Times: user=0.05 sys=0.00, real=0.01 secs] 
6054.570: [GC (Allocation Failure) [PSYoungGen: 1562145K->7888K(1564160K)] 1759604K->205379K(2088448K), 0.0246775 secs] [Times: user=0.13 sys=0.00, real=0.02 secs] 
6063.970: [GC (Allocation Failure) [PSYoungGen: 1563344K->7745K(1564160K)] 1760835K->207291K(2088448K), 0.0378268 secs] [Times: user=0.92 sys=0.00, real=0.04 secs] 
6073.546: [GC (Allocation Failure) [PSYoungGen: 1563201K->7777K(1564160K)] 1762747K->207363K(2088448K), 0.0067126 secs] [Times: user=0.11 sys=0.00, real=0.01 secs] 
6083.202: [GC (Allocation Failure) [PSYoungGen: 1563233K->7681K(1564160K)] 1762819K->207315K(2088448K), 0.0067757 secs] [Times: user=0.08 sys=0.01, real=0.01 secs] 
6093.093: [GC (Allocation Failure) [PSYoungGen: 1563137K->6881K(1564160K)] 1762771K->206611K(2088448K), 0.0105963 secs] [Times: user=0.08 sys=0.00, real=0.01 secs] 
6103.151: [GC (Allocation Failure) [PSYoungGen: 1562337K->7169K(1564160K)] 1762067K->206931K(2088448K), 0.0171270 secs] [Times: user=0.10 sys=0.00, real=0.02 secs] 
6112.684: [GC (Allocation Failure) [PSYoungGen: 1562625K->7489K(1564160K)] 1762387K->207339K(2088448K), 0.0068523 secs] [Times: user=0.06 sys=0.00, real=0.01 secs] 
6122.256: [GC (Allocation Failure) [PSYoungGen: 1562945K->8048K(1564160K)] 1762795K->207922K(2088448K), 0.0255023 secs] [Times: user=0.14 sys=0.00, real=0.03 secs] 
6131.915: [GC (Allocation Failure) [PSYoungGen: 1563504K->7105K(1564160K)] 1763378K->208034K(2088448K), 0.0062201 secs] [Times: user=0.08 sys=0.01, real=0.01 secs] 
6141.681: [GC (Allocation Failure) [PSYoungGen: 1562561K->7169K(1564160K)] 1763490K->208138K(2088448K), 0.0075538 secs] [Times: user=0.08 sys=0.00, real=0.01 secs] 
6162.831: [GC (Allocation Failure) [PSYoungGen: 1562625K->7393K(1564160K)] 1763594K->208362K(2088448K), 0.0107273 secs] [Times: user=0.06 sys=0.00, real=0.01 secs] 
6173.122: [GC (Allocation Failure) [PSYoungGen: 1562849K->6817K(1564160K)] 1763818K->207794K(2088448K), 0.0136323 secs] [Times: user=0.08 sys=0.00, real=0.01 secs] 
6183.341: [GC (Allocation Failure) [PSYoungGen: 1562273K->7009K(1564160K)] 1763250K->208066K(2088448K), 0.0083273 secs] [Times: user=0.07 sys=0.00, real=0.01 secs] 
6192.942: [GC (Allocation Failure) [PSYoungGen: 1562465K->8272K(1564160K)] 1763522K->209416K(2088448K), 0.0087437 secs] [Times: user=0.12 sys=0.00, real=0.01 secs] 
6202.797: [GC (Allocation Failure) [PSYoungGen: 1563728K->7233K(1564160K)] 1764872K->209312K(2088448K), 0.0080424 secs] [Times: user=0.07 sys=0.01, real=0.01 secs] 
6213.163: [GC (Allocation Failure) [PSYoungGen: 1562689K->7425K(1564160K)] 1764768K->209552K(2088448K), 0.0195244 secs] [Times: user=0.21 sys=0.00, real=0.02 secs] 
6223.415: [GC (Allocation Failure) [PSYoungGen: 1562881K->6817K(1564160K)] 1765008K->208960K(2088448K), 0.0281117 secs] [Times: user=0.15 sys=0.01, real=0.02 secs] 
6234.387: [GC (Allocation Failure) [PSYoungGen: 1562273K->6753K(1564160K)] 1764416K->208984K(2088448K), 0.0522074 secs] [Times: user=0.55 sys=0.00, real=0.05 secs] 
6244.919: [GC (Allocation Failure) [PSYoungGen: 1562209K->7745K(1564160K)] 1764440K->210016K(2088448K), 0.0053361 secs] [Times: user=0.09 sys=0.00, real=0.00 secs] 
6254.799: [GC (Allocation Failure) [PSYoungGen: 1563201K->6561K(1564160K)] 1765472K->208848K(2088448K), 0.0144416 secs] [Times: user=0.06 sys=0.00, real=0.02 secs] 
6264.821: [GC (Allocation Failure) [PSYoungGen: 1562017K->7521K(1564160K)] 1764304K->209928K(2088448K), 0.0065755 secs] [Times: user=0.08 sys=0.00, real=0.01 secs] 
6274.199: [GC (Allocation Failure) [PSYoungGen: 1562977K->8176K(1564160K)] 1765384K->210623K(2088448K), 0.0073524 secs] [Times: user=0.08 sys=0.00, real=0.01 secs] 
6284.607: [GC (Allocation Failure) [PSYoungGen: 1563632K->6913K(1564160K)] 1766079K->210279K(2088448K), 0.0164289 secs] [Times: user=0.20 sys=0.00, real=0.01 secs] 
6295.009: [GC (Allocation Failure) [PSYoungGen: 1562369K->7585K(1564160K)] 1765735K->211087K(2088448K), 0.0073461 secs] [Times: user=0.07 sys=0.00, real=0.01 secs] 
6305.843: [GC (Allocation Failure) [PSYoungGen: 1563041K->6657K(1564160K)] 1766543K->210167K(2088448K), 0.0132615 secs] [Times: user=0.05 sys=0.00, real=0.01 secs] 
6315.636: [GC (Allocation Failure) [PSYoungGen: 1562113K->6497K(1564160K)] 1765623K->210023K(2088448K), 0.0399727 secs] [Times: user=0.29 sys=0.00, real=0.04 secs] 
6326.210: [GC (Allocation Failure) [PSYoungGen: 1561935K->6625K(1564160K)] 1765460K->210215K(2088448K), 0.0228361 secs] [Times: user=0.09 sys=0.00, real=0.03 secs] 
6336.447: [GC (Allocation Failure) [PSYoungGen: 1562081K->6785K(1564160K)] 1765671K->210391K(2088448K), 0.0145313 secs] [Times: user=0.06 sys=0.01, real=0.02 secs] 
6346.103: [GC (Allocation Failure) [PSYoungGen: 1562241K->7809K(1564160K)] 1765847K->211559K(2088448K), 0.0077917 secs] [Times: user=0.05 sys=0.00, real=0.00 secs] 
6356.175: [GC (Allocation Failure) [PSYoungGen: 1563265K->7568K(1564160K)] 1767015K->211325K(2088448K), 0.0125561 secs] [Times: user=0.07 sys=0.00, real=0.01 secs] 
6366.348: [GC (Allocation Failure) [PSYoungGen: 1563024K->6593K(1564160K)] 1766781K->211189K(2088448K), 0.0381371 secs] [Times: user=0.30 sys=0.00, real=0.04 secs] 
6377.728: [GC (Allocation Failure) [PSYoungGen: 1562049K->6785K(1564160K)] 1766645K->211389K(2088448K), 0.0137820 secs] [Times: user=0.07 sys=0.00, real=0.02 secs] 
6387.917: [GC (Allocation Failure) [PSYoungGen: 1562241K->6689K(1564160K)] 1766845K->211389K(2088448K), 0.0201903 secs] [Times: user=0.10 sys=0.00, real=0.02 secs] 
6398.417: [GC (Allocation Failure) [PSYoungGen: 1562145K->6529K(1564160K)] 1766845K->211245K(2088448K), 0.0256242 secs] [Times: user=0.26 sys=0.00, real=0.03 secs] 
6409.565: [GC (Allocation Failure) [PSYoungGen: 1561985K->6785K(1564160K)] 1766701K->211517K(2088448K), 0.0130339 secs] [Times: user=0.05 sys=0.00, real=0.01 secs] 
6421.090: [GC (Allocation Failure) [PSYoungGen: 1562241K->7792K(1564160K)] 1766973K->212580K(2088448K), 0.0079098 secs] [Times: user=0.14 sys=0.00, real=0.01 secs] 
6431.865: [GC (Allocation Failure) [PSYoungGen: 1563248K->6689K(1564160K)] 1768036K->212428K(2088448K), 0.0103179 secs] [Times: user=0.07 sys=0.00, real=0.01 secs] 
6441.721: [GC (Allocation Failure) [PSYoungGen: 1562145K->6689K(1564160K)] 1767884K->212460K(2088448K), 0.0184589 secs] [Times: user=0.16 sys=0.00, real=0.02 secs] 
6453.298: [GC (Allocation Failure) [PSYoungGen: 1562145K->7617K(1564160K)] 1767916K->213404K(2088448K), 0.0110695 secs] [Times: user=0.10 sys=0.00, real=0.01 secs] 
6465.352: [GC (Allocation Failure) [PSYoungGen: 1563073K->7009K(1564160K)] 1768860K->212876K(2088448K), 0.0185503 secs] [Times: user=0.18 sys=0.00, real=0.01 secs] 
6476.585: [GC (Allocation Failure) [PSYoungGen: 1562419K->6593K(1564160K)] 1768286K->212460K(2088448K), 0.0160617 secs] [Times: user=0.08 sys=0.00, real=0.01 secs] 
6487.505: [GC (Allocation Failure) [PSYoungGen: 1562049K->7297K(1564160K)] 1767916K->213180K(2088448K), 0.0117222 secs] [Times: user=0.11 sys=0.00, real=0.01 secs] 
6500.180: [GC (Allocation Failure) [PSYoungGen: 1562753K->7760K(1564160K)] 1768636K->213683K(2088448K), 0.0282210 secs] [Times: user=0.14 sys=0.00, real=0.03 secs] 
6510.859: [GC (Allocation Failure) [PSYoungGen: 1563216K->7041K(1564160K)] 1769139K->213867K(2088448K), 0.0279287 secs] [Times: user=0.17 sys=0.00, real=0.02 secs] 
6524.472: [GC (Allocation Failure) [PSYoungGen: 1562497K->6881K(1564160K)] 1769323K->213739K(2088448K), 0.0221158 secs] [Times: user=0.06 sys=0.00, real=0.02 secs] 
6540.657: [GC (Allocation Failure) [PSYoungGen: 1562300K->7009K(1564672K)] 1769158K->213883K(2088960K), 0.0461181 secs] [Times: user=0.43 sys=0.00, real=0.04 secs] 
6553.896: [GC (Allocation Failure) [PSYoungGen: 1563489K->7009K(1564672K)] 1770363K->213907K(2088960K), 0.0113463 secs] [Times: user=0.07 sys=0.00, real=0.01 secs] 
6567.775: [GC (Allocation Failure) [PSYoungGen: 1563489K->7792K(1564672K)] 1770387K->214689K(2088960K), 0.0464623 secs] [Times: user=0.33 sys=0.01, real=0.05 secs] 
6584.681: [GC (Allocation Failure) [PSYoungGen: 1564272K->6977K(1564672K)] 1771169K->214697K(2088960K), 0.0184349 secs] [Times: user=0.06 sys=0.00, real=0.02 secs] 
6598.817: [GC (Allocation Failure) [PSYoungGen: 1563457K->7265K(1564672K)] 1771177K->215017K(2088960K), 0.0275597 secs] [Times: user=0.10 sys=0.00, real=0.03 secs] 
6617.671: [GC (Allocation Failure) [PSYoungGen: 1563745K->6817K(1564672K)] 1771497K->214585K(2088960K), 0.0247588 secs] [Times: user=0.10 sys=0.00, real=0.03 secs] 
6633.870: [GC (Allocation Failure) [PSYoungGen: 1563297K->7137K(1564672K)] 1771065K->214929K(2088960K), 0.0262895 secs] [Times: user=0.17 sys=0.01, real=0.02 secs] 
6650.055: [GC (Allocation Failure) [PSYoungGen: 1563617K->7920K(1564672K)] 1771409K->215760K(2088960K), 0.0813258 secs] [Times: user=0.73 sys=0.01, real=0.08 secs] 
6674.236: [GC (Allocation Failure) [PSYoungGen: 1564400K->7137K(1564672K)] 1772240K->215800K(2088960K), 0.0597200 secs] [Times: user=0.38 sys=0.00, real=0.06 secs] 
6697.777: [GC (Allocation Failure) [PSYoungGen: 1563617K->6977K(1564672K)] 1772280K->215656K(2088960K), 0.0468830 secs] [Times: user=0.27 sys=0.00, real=0.04 secs] 
6723.305: [GC (Allocation Failure) [PSYoungGen: 1563457K->7856K(1564672K)] 1772136K->216534K(2088960K), 0.0547966 secs] [Times: user=0.24 sys=0.00, real=0.05 secs] 
6756.247: [GC (Allocation Failure) [PSYoungGen: 1564336K->7041K(1564672K)] 1773014K->216558K(2088960K), 0.0532861 secs] [Times: user=0.20 sys=0.00, real=0.05 secs] 
6792.227: [GC (Allocation Failure) [PSYoungGen: 1563521K->6896K(1564672K)] 1773038K->216421K(2088960K), 0.0447153 secs] [Times: user=0.26 sys=0.00, real=0.05 secs] 
6827.519: [GC (Allocation Failure) [PSYoungGen: 1563376K->7617K(1564672K)] 1772901K->217429K(2088960K), 0.0481793 secs] [Times: user=0.24 sys=0.00, real=0.05 secs] 
6872.238: [GC (Allocation Failure) [PSYoungGen: 1564097K->7489K(1564672K)] 1773909K->217901K(2088960K), 0.0277652 secs] [Times: user=0.15 sys=0.00, real=0.03 secs] 
6924.243: [GC (Allocation Failure) [PSYoungGen: 1563969K->8190K(1564672K)] 1774381K->218994K(2088960K), 0.0274872 secs] [Times: user=0.07 sys=0.00, real=0.02 secs] 
6979.740: [GC (Allocation Failure) [PSYoungGen: 1564670K->7297K(1563648K)] 1775474K->218725K(2087936K), 0.0156785 secs] [Times: user=0.07 sys=0.00, real=0.01 secs] 
7035.574: [GC (Allocation Failure) [PSYoungGen: 1562753K->8176K(1564160K)] 1774181K->219643K(2088448K), 0.0255869 secs] [Times: user=0.14 sys=0.00, real=0.03 secs] 
7091.744: [GC (Allocation Failure) [PSYoungGen: 1563632K->8048K(1563136K)] 1775099K->220123K(2087424K), 0.0422331 secs] [Times: user=0.20 sys=0.01, real=0.04 secs] 
7148.373: [GC (Allocation Failure) [PSYoungGen: 1562480K->8208K(1563648K)] 1774555K->220899K(2087936K), 0.0412890 secs] [Times: user=0.20 sys=0.00, real=0.04 secs] 
7204.539: [GC (Allocation Failure) [PSYoungGen: 1562640K->9040K(1562624K)] 1775331K->222347K(2086912K), 0.0113259 secs] [Times: user=0.07 sys=0.00, real=0.01 secs] 
7260.703: [GC (Allocation Failure) [PSYoungGen: 1562448K->7457K(1563136K)] 1775755K->221553K(2087424K), 0.0221104 secs] [Times: user=0.11 sys=0.00, real=0.02 secs] 
7316.812: [GC (Allocation Failure) [PSYoungGen: 1560865K->7137K(1563648K)] 1774961K->221289K(2087936K), 0.0859537 secs] [Times: user=0.36 sys=0.00, real=0.08 secs] 
7371.831: [GC (Allocation Failure) [PSYoungGen: 1561569K->8911K(1563648K)] 1775721K->223142K(2087936K), 0.0444109 secs] [Times: user=0.09 sys=0.00, real=0.04 secs] 
7423.209: [GC (System.gc()) [PSYoungGen: 1471922K->7527K(1562624K)] 1686153K->222439K(2086912K), 0.0447571 secs] [Times: user=0.21 sys=0.00, real=0.04 secs] 
7423.254: [Full GC (System.gc()) [PSYoungGen: 7527K->0K(1562624K)] [ParOldGen: 214911K->131824K(524288K)] 222439K->131824K(2086912K), [Metaspace: 21065K->20758K(1069056K)], 1.3615402 secs] [Times: user=10.60 sys=0.15, real=1.36 secs] 
7460.058: [GC (Allocation Failure) [PSYoungGen: 1553408K->9727K(1563136K)] 1685232K->142864K(2087424K), 0.0106633 secs] [Times: user=0.17 sys=0.00, real=0.01 secs] 
7470.008: [GC (Allocation Failure) [PSYoungGen: 1563135K->7841K(1562112K)] 1696272K->144443K(2086400K), 0.0074020 secs] [Times: user=0.11 sys=0.01, real=0.01 secs] 
7479.935: [GC (Allocation Failure) [PSYoungGen: 1560225K->8400K(1562624K)] 1696827K->145353K(2086912K), 0.0066904 secs] [Times: user=0.15 sys=0.00, real=0.00 secs] 
7489.761: [GC (Allocation Failure) [PSYoungGen: 1560784K->8208K(1562624K)] 1697737K->145865K(2086912K), 0.0082211 secs] [Times: user=0.12 sys=0.00, real=0.01 secs] 
7499.505: [GC (Allocation Failure) [PSYoungGen: 1560592K->7489K(1562624K)] 1698249K->145953K(2086912K), 0.0055645 secs] [Times: user=0.04 sys=0.01, real=0.01 secs] 
7509.105: [GC (Allocation Failure) [PSYoungGen: 1559873K->8176K(1562624K)] 1698337K->146792K(2086912K), 0.0070434 secs] [Times: user=0.14 sys=0.00, real=0.01 secs] 
7518.849: [GC (Allocation Failure) [PSYoungGen: 1560560K->8272K(1562624K)] 1699176K->147750K(2086912K), 0.0075299 secs] [Times: user=0.14 sys=0.00, real=0.01 secs] 
7528.328: [GC (Allocation Failure) [PSYoungGen: 1560656K->7777K(1563136K)] 1700134K->148238K(2087424K), 0.0073886 secs] [Times: user=0.08 sys=0.01, real=0.01 secs] 
7537.650: [GC (Allocation Failure) [PSYoungGen: 1561185K->8432K(1563136K)] 1701646K->148973K(2087424K), 0.0088021 secs] [Times: user=0.16 sys=0.00, real=0.01 secs] 
7547.374: [GC (Allocation Failure) [PSYoungGen: 1561840K->8432K(1563136K)] 1702381K->149812K(2087424K), 0.0082681 secs] [Times: user=0.12 sys=0.00, real=0.01 secs] 
7557.098: [GC (Allocation Failure) [PSYoungGen: 1561840K->7745K(1563136K)] 1703220K->150156K(2087424K), 0.0046566 secs] [Times: user=0.05 sys=0.00, real=0.00 secs] 
7567.517: [GC (Allocation Failure) [PSYoungGen: 1561153K->7824K(1563136K)] 1703564K->150290K(2087424K), 0.0168711 secs] [Times: user=0.08 sys=0.00, real=0.02 secs] 
7579.240: [GC (Allocation Failure) [PSYoungGen: 1561232K->8368K(1563136K)] 1703698K->151450K(2087424K), 0.0385647 secs] [Times: user=0.15 sys=0.00, real=0.04 secs] 
7608.052: [GC (System.gc()) [PSYoungGen: 697160K->7294K(1563136K)] 840243K->151041K(2087424K), 0.0088691 secs] [Times: user=0.12 sys=0.01, real=0.01 secs] 
7608.061: [Full GC (System.gc()) [PSYoungGen: 7294K->0K(1563136K)] [ParOldGen: 143746K->94302K(524288K)] 151041K->94302K(2087424K), [Metaspace: 20931K->20931K(1069056K)], 0.4787690 secs] [Times: user=15.04 sys=0.00, real=0.48 secs] 
7614.846: [GC (System.gc()) [PSYoungGen: 3787K->384K(1553920K)] 98089K->94694K(2078208K), 0.0082216 secs] [Times: user=0.10 sys=0.00, real=0.00 secs] 
7614.855: [Full GC (System.gc()) [PSYoungGen: 384K->0K(1553920K)] [ParOldGen: 94310K->89411K(524288K)] 94694K->89411K(2078208K), [Metaspace: 20936K->20936K(1069056K)], 0.2213479 secs] [Times: user=7.06 sys=0.00, real=0.22 secs] 
7634.685: [GC (Allocation Failure) [PSYoungGen: 1553408K->10129K(1561088K)] 1642819K->99541K(2085376K), 0.0054033 secs] [Times: user=0.09 sys=0.00, real=0.01 secs] 
7648.055: [GC (Allocation Failure) [PSYoungGen: 1560465K->7697K(1561600K)] 1649877K->100247K(2085888K), 0.0050601 secs] [Times: user=0.08 sys=0.00, real=0.00 secs] 
7658.802: [GC (System.gc()) [PSYoungGen: 910643K->7472K(1562112K)] 1003192K->100373K(2086400K), 0.0119498 secs] [Times: user=0.28 sys=0.00, real=0.02 secs] 
7658.814: [Full GC (System.gc()) [PSYoungGen: 7472K->0K(1562112K)] [ParOldGen: 92901K->90217K(524288K)] 100373K->90217K(2086400K), [Metaspace: 20953K->20953K(1069056K)], 0.3781096 secs] [Times: user=12.05 sys=0.00, real=0.37 secs] 
7659.876: [GC (System.gc()) [PSYoungGen: 380K->128K(1551360K)] 90598K->90345K(2075648K), 0.0072997 secs] [Times: user=0.09 sys=0.00, real=0.01 secs] 
7659.884: [Full GC (System.gc()) [PSYoungGen: 128K->0K(1551360K)] [ParOldGen: 90217K->90155K(524288K)] 90345K->90155K(2075648K), [Metaspace: 20957K->20957K(1069056K)], 0.2724089 secs] [Times: user=5.70 sys=0.00, real=0.27 secs] 
7660.368: [GC (System.gc()) [PSYoungGen: 9069K->320K(1560064K)] 99224K->90475K(2084352K), 0.0093704 secs] [Times: user=0.24 sys=0.00, real=0.01 secs] 
7660.377: [Full GC (System.gc()) [PSYoungGen: 320K->0K(1560064K)] [ParOldGen: 90155K->90068K(524288K)] 90475K->90068K(2084352K), [Metaspace: 20965K->20965K(1069056K)], 0.5199918 secs] [Times: user=12.59 sys=0.00, real=0.52 secs] 
Heap
 PSYoungGen      total 1560064K, used 135180K [0x00000000a0000000, 0x0000000100000000, 0x0000000100000000)
  eden space 1548288K, 8% used [0x00000000a0000000,0x00000000a8403148,0x00000000fe800000)
  from space 11776K, 0% used [0x00000000ff480000,0x00000000ff480000,0x0000000100000000)
  to   space 12288K, 0% used [0x00000000fe800000,0x00000000fe800000,0x00000000ff400000)
 ParOldGen       total 524288K, used 90068K [0x0000000080000000, 0x00000000a0000000, 0x00000000a0000000)
  object space 524288K, 17% used [0x0000000080000000,0x00000000857f53e8,0x00000000a0000000)
 Metaspace       used 21091K, capacity 21542K, committed 22016K, reserved 1069056K
  class space    used 2528K, capacity 2657K, committed 2816K, reserved 1048576K
