Java HotSpot(TM) 64-Bit Server VM (25.40-b25) for linux-amd64 JRE (1.8.0_40-b26), built on Mar  7 2015 15:08:31 by "java_re" with gcc 4.3.0 20080428 (Red Hat 4.3.0-8)
Memory: 4k page, physical 264398780k(140271084k free), swap 4194296k(4194296k free)
CommandLine flags: -XX:+AggressiveOpts -XX:+AlwaysPreTouch -XX:InitialHeapSize=27917287424 -XX:LargePageSizeInBytes=2097152 -XX:MaxHeapSize=27917287424 -XX:MaxNewSize=24696061952 -XX:MaxTenuringThreshold=15 -XX:NewSize=24696061952 -XX:ParallelGCThreads=36 -XX:+PrintGC -XX:+PrintGCDetails -XX:+PrintGCTimeStamps -XX:SurvivorRatio=14 -XX:TargetSurvivorRatio=95 -XX:+TraceClassLoading -XX:-UseAdaptiveSizePolicy -XX:-UseBiasedLocking -XX:+UseCompressedClassPointers -XX:+UseCompressedOops -XX:+UseLargePages -XX:+UseParallelOldGC 
10.716: [GC (Allocation Failure) [PSYoungGen: 21102592K->4049K(22609920K)] 21102592K->4136K(25755648K), 0.0050105 secs] [Times: user=0.03 sys=0.01, real=0.00 secs] 
10.725: [GC (Allocation Failure) [PSYoungGen: 21106641K->2784K(22609920K)] 21106728K->2878K(25755648K), 0.0082174 secs] [Times: user=0.22 sys=0.02, real=0.01 secs] 
13.125: [GC (Allocation Failure) [PSYoungGen: 21105376K->673315K(22609920K)] 21105470K->673433K(25755648K), 0.1059674 secs] [Times: user=3.31 sys=0.00, real=0.10 secs] 
14.556: [GC (System.gc()) [PSYoungGen: 2096414K->8167K(22609920K)] 2096533K->8293K(25755648K), 0.0099674 secs] [Times: user=0.10 sys=0.01, real=0.01 secs] 
14.566: [Full GC (System.gc()) [PSYoungGen: 8167K->0K(22609920K)] [ParOldGen: 126K->7558K(3145728K)] 8293K->7558K(25755648K), [Metaspace: 16833K->16833K(1064960K)], 0.0454185 secs] [Times: user=0.73 sys=0.02, real=0.04 secs] 
101.694: [GC (System.gc()) [PSYoungGen: 6402287K->98556K(22609920K)] 6409846K->106123K(25755648K), 0.0357687 secs] [Times: user=0.91 sys=0.00, real=0.04 secs] 
101.730: [Full GC (System.gc()) [PSYoungGen: 98556K->0K(22609920K)] [ParOldGen: 7566K->105024K(3145728K)] 106123K->105024K(25755648K), [Metaspace: 20030K->20026K(1067008K)], 0.1123169 secs] [Times: user=2.83 sys=0.03, real=0.11 secs] 
230.198: [GC (Allocation Failure) [PSYoungGen: 21102592K->883296K(22609920K)] 21207616K->988392K(25755648K), 0.1458966 secs] [Times: user=5.06 sys=0.00, real=0.14 secs] 
250.805: [GC (Allocation Failure) [PSYoungGen: 21985888K->889435K(22609920K)] 22090984K->994539K(25755648K), 0.1362819 secs] [Times: user=4.77 sys=0.00, real=0.14 secs] 
261.889: [GC (Allocation Failure) [PSYoungGen: 21992027K->898722K(22609920K)] 22097131K->1003834K(25755648K), 0.1369872 secs] [Times: user=4.79 sys=0.00, real=0.14 secs] 
270.022: [GC (Allocation Failure) [PSYoungGen: 22001314K->911320K(22609920K)] 22106426K->1016440K(25755648K), 0.1374794 secs] [Times: user=4.80 sys=0.00, real=0.13 secs] 
276.076: [GC (Allocation Failure) [PSYoungGen: 22013912K->946293K(22609920K)] 22119032K->1051421K(25755648K), 0.1425043 secs] [Times: user=5.01 sys=0.00, real=0.14 secs] 
280.954: [GC (Allocation Failure) [PSYoungGen: 22048885K->985720K(22609920K)] 22154013K->1090856K(25755648K), 0.1486019 secs] [Times: user=5.23 sys=0.00, real=0.14 secs] 
285.014: [GC (Allocation Failure) [PSYoungGen: 22088312K->956632K(22609920K)] 22193448K->1061768K(25755648K), 0.1466762 secs] [Times: user=5.02 sys=0.00, real=0.15 secs] 
288.553: [GC (Allocation Failure) [PSYoungGen: 22059224K->999278K(22609920K)] 22164360K->1104422K(25755648K), 0.1515353 secs] [Times: user=5.27 sys=0.00, real=0.15 secs] 
291.782: [GC (Allocation Failure) [PSYoungGen: 22101870K->1064565K(22609920K)] 22207014K->1169709K(25755648K), 0.1621925 secs] [Times: user=5.65 sys=0.00, real=0.16 secs] 
294.951: [GC (Allocation Failure) [PSYoungGen: 22167157K->1070076K(22609920K)] 22272301K->1175228K(25755648K), 0.1645695 secs] [Times: user=5.81 sys=0.00, real=0.16 secs] 
298.357: [GC (Allocation Failure) [PSYoungGen: 22172668K->1066674K(22609920K)] 22277820K->1171834K(25755648K), 0.1624810 secs] [Times: user=5.73 sys=0.00, real=0.16 secs] 
301.420: [GC (Allocation Failure) [PSYoungGen: 22169266K->1066430K(22609920K)] 22274426K->1171598K(25755648K), 0.1632611 secs] [Times: user=5.62 sys=0.01, real=0.16 secs] 
304.365: [GC (Allocation Failure) [PSYoungGen: 22169022K->1197650K(22609920K)] 22274190K->1302818K(25755648K), 0.1867861 secs] [Times: user=6.55 sys=0.00, real=0.19 secs] 
307.517: [GC (Allocation Failure) [PSYoungGen: 22300242K->1152244K(22609920K)] 22405410K->1257412K(25755648K), 0.1778239 secs] [Times: user=6.31 sys=0.00, real=0.18 secs] 
310.619: [GC (Allocation Failure) [PSYoungGen: 22254836K->1123681K(22609920K)] 22360004K->1228849K(25755648K), 0.1706677 secs] [Times: user=6.05 sys=0.00, real=0.18 secs] 
313.610: [GC (Allocation Failure) [PSYoungGen: 22226273K->820070K(22609920K)] 22331441K->1254882K(25755648K), 0.1797983 secs] [Times: user=6.33 sys=0.00, real=0.18 secs] 
316.669: [GC (Allocation Failure) [PSYoungGen: 21922662K->786989K(22609920K)] 22357474K->1232194K(25755648K), 0.1373347 secs] [Times: user=4.76 sys=0.00, real=0.13 secs] 
319.724: [GC (Allocation Failure) [PSYoungGen: 21889581K->787466K(22609920K)] 22334786K->1237585K(25755648K), 0.1369368 secs] [Times: user=4.85 sys=0.01, real=0.14 secs] 
322.771: [GC (Allocation Failure) [PSYoungGen: 21890058K->830064K(22609920K)] 22340177K->1281975K(25755648K), 0.1427457 secs] [Times: user=5.05 sys=0.01, real=0.14 secs] 
325.792: [GC (Allocation Failure) [PSYoungGen: 21932656K->786326K(22609920K)] 22384567K->1241917K(25755648K), 0.1380253 secs] [Times: user=4.89 sys=0.00, real=0.13 secs] 
328.794: [GC (Allocation Failure) [PSYoungGen: 21888918K->837124K(22609920K)] 22344509K->1293907K(25755648K), 0.1480493 secs] [Times: user=5.11 sys=0.00, real=0.15 secs] 
331.931: [GC (Allocation Failure) [PSYoungGen: 21939716K->758619K(22609920K)] 22396499K->1216330K(25755648K), 0.1345055 secs] [Times: user=4.76 sys=0.01, real=0.14 secs] 
334.540: [GC (System.gc()) [PSYoungGen: 15294039K->732379K(22609920K)] 15751750K->1192164K(25755648K), 0.1301809 secs] [Times: user=4.52 sys=0.00, real=0.13 secs] 
334.670: [Full GC (System.gc()) [PSYoungGen: 732379K->0K(22609920K)] [ParOldGen: 459784K->125616K(3145728K)] 1192164K->125616K(25755648K), [Metaspace: 22183K->22183K(1069056K)], 0.1415700 secs] [Times: user=3.50 sys=0.09, real=0.15 secs] 
354.182: [GC (Allocation Failure) [PSYoungGen: 21102592K->919172K(22609920K)] 21228208K->1044797K(25755648K), 0.1502857 secs] [Times: user=5.20 sys=0.00, real=0.15 secs] 
361.054: [GC (Allocation Failure) [PSYoungGen: 22021764K->918396K(22609920K)] 22147389K->1044029K(25755648K), 0.1393261 secs] [Times: user=4.86 sys=0.00, real=0.14 secs] 
366.354: [GC (Allocation Failure) [PSYoungGen: 22020988K->945525K(22609920K)] 22146621K->1071158K(25755648K), 0.1411755 secs] [Times: user=4.98 sys=0.01, real=0.14 secs] 
370.703: [GC (Allocation Failure) [PSYoungGen: 22048117K->986878K(22609920K)] 22173750K->1112511K(25755648K), 0.1504274 secs] [Times: user=5.20 sys=0.00, real=0.15 secs] 
374.572: [GC (Allocation Failure) [PSYoungGen: 22089470K->1006454K(22609920K)] 22215103K->1132087K(25755648K), 0.1504768 secs] [Times: user=5.31 sys=0.00, real=0.15 secs] 
377.972: [GC (Allocation Failure) [PSYoungGen: 22109046K->995137K(22609920K)] 22234679K->1120769K(25755648K), 0.1497823 secs] [Times: user=5.25 sys=0.00, real=0.15 secs] 
381.218: [GC (Allocation Failure) [PSYoungGen: 22097729K->1073015K(22609920K)] 22223361K->1198648K(25755648K), 0.1627048 secs] [Times: user=5.76 sys=0.00, real=0.17 secs] 
384.372: [GC (Allocation Failure) [PSYoungGen: 22175607K->1150342K(22609920K)] 22301240K->1275975K(25755648K), 0.1755607 secs] [Times: user=6.18 sys=0.00, real=0.17 secs] 
387.508: [GC (Allocation Failure) [PSYoungGen: 22252934K->1116606K(22609920K)] 22378567K->1242239K(25755648K), 0.1698970 secs] [Times: user=6.01 sys=0.00, real=0.17 secs] 
390.653: [GC (Allocation Failure) [PSYoungGen: 22218793K->1101788K(22609920K)] 22344425K->1227420K(25755648K), 0.1682716 secs] [Times: user=5.91 sys=0.00, real=0.17 secs] 
393.766: [GC (Allocation Failure) [PSYoungGen: 22204380K->1103719K(22609920K)] 22330012K->1229352K(25755648K), 0.1669788 secs] [Times: user=5.85 sys=0.00, real=0.17 secs] 
396.917: [GC (Allocation Failure) [PSYoungGen: 22206311K->1060889K(22609920K)] 22331944K->1186522K(25755648K), 0.1608280 secs] [Times: user=5.68 sys=0.00, real=0.16 secs] 
400.028: [GC (Allocation Failure) [PSYoungGen: 22163481K->1085460K(22609920K)] 22289114K->1211093K(25755648K), 0.1648164 secs] [Times: user=5.78 sys=0.00, real=0.17 secs] 
403.172: [GC (Allocation Failure) [PSYoungGen: 22188052K->1078923K(22609920K)] 22313685K->1204556K(25755648K), 0.1645164 secs] [Times: user=5.71 sys=0.00, real=0.17 secs] 
406.252: [GC (Allocation Failure) [PSYoungGen: 22181515K->1106743K(22609920K)] 22307148K->1232375K(25755648K), 0.1678019 secs] [Times: user=5.87 sys=0.01, real=0.17 secs] 
409.373: [GC (Allocation Failure) [PSYoungGen: 22209335K->777116K(22609920K)] 22334967K->1235725K(25755648K), 0.1713891 secs] [Times: user=6.05 sys=0.00, real=0.18 secs] 
412.538: [GC (Allocation Failure) [PSYoungGen: 21879708K->772513K(22609920K)] 22338317K->1239642K(25755648K), 0.1359122 secs] [Times: user=4.78 sys=0.00, real=0.14 secs] 
415.575: [GC (Allocation Failure) [PSYoungGen: 21875105K->787797K(22609920K)] 22342234K->1256975K(25755648K), 0.1396501 secs] [Times: user=4.87 sys=0.00, real=0.14 secs] 
418.655: [GC (Allocation Failure) [PSYoungGen: 21890389K->755502K(22609920K)] 22359567K->1226128K(25755648K), 0.1346323 secs] [Times: user=4.68 sys=0.00, real=0.14 secs] 
421.704: [GC (Allocation Failure) [PSYoungGen: 21858094K->830824K(22609920K)] 22328720K->1305066K(25755648K), 0.1470284 secs] [Times: user=5.15 sys=0.00, real=0.15 secs] 
424.778: [GC (Allocation Failure) [PSYoungGen: 21933416K->714954K(22609920K)] 22407658K->1190452K(25755648K), 0.1273939 secs] [Times: user=4.49 sys=0.00, real=0.13 secs] 
427.860: [GC (Allocation Failure) [PSYoungGen: 21817546K->749949K(22609920K)] 22293044K->1226624K(25755648K), 0.1328058 secs] [Times: user=4.67 sys=0.00, real=0.13 secs] 
438.855: [GC (System.gc()) [PSYoungGen: 12947720K->862468K(22609920K)] 13424394K->1340271K(25755648K), 0.1328658 secs] [Times: user=4.68 sys=0.00, real=0.14 secs] 
438.988: [Full GC (System.gc()) [PSYoungGen: 862468K->0K(22609920K)] [ParOldGen: 477802K->236884K(3145728K)] 1340271K->236884K(25755648K), [Metaspace: 22250K->22250K(1069056K)], 0.0780696 secs] [Times: user=1.33 sys=0.03, real=0.07 secs] 
459.944: [GC (Allocation Failure) [PSYoungGen: 21102592K->956598K(22609920K)] 21339476K->1193490K(25755648K), 0.1568010 secs] [Times: user=5.52 sys=0.01, real=0.16 secs] 
467.931: [GC (Allocation Failure) [PSYoungGen: 22059190K->966841K(22609920K)] 22296082K->1203742K(25755648K), 0.1467020 secs] [Times: user=5.17 sys=0.01, real=0.15 secs] 
473.926: [GC (Allocation Failure) [PSYoungGen: 22069433K->970262K(22609920K)] 22306334K->1207162K(25755648K), 0.1468007 secs] [Times: user=5.10 sys=0.01, real=0.15 secs] 
478.672: [GC (Allocation Failure) [PSYoungGen: 22072854K->986885K(22609920K)] 22309754K->1223785K(25755648K), 0.1484304 secs] [Times: user=5.24 sys=0.00, real=0.15 secs] 
482.979: [GC (Allocation Failure) [PSYoungGen: 22089477K->990933K(22609920K)] 22326377K->1227834K(25755648K), 0.1475461 secs] [Times: user=5.20 sys=0.00, real=0.15 secs] 
486.732: [GC (Allocation Failure) [PSYoungGen: 22093525K->988317K(22609920K)] 22330426K->1225217K(25755648K), 0.1493268 secs] [Times: user=5.26 sys=0.01, real=0.15 secs] 
490.147: [GC (Allocation Failure) [PSYoungGen: 22090909K->966950K(22609920K)] 22327809K->1203850K(25755648K), 0.1433375 secs] [Times: user=5.06 sys=0.00, real=0.14 secs] 
493.188: [GC (Allocation Failure) [PSYoungGen: 22069542K->1054389K(22609920K)] 22306442K->1291290K(25755648K), 0.1583624 secs] [Times: user=5.60 sys=0.01, real=0.16 secs] 
496.301: [GC (Allocation Failure) [PSYoungGen: 22156981K->1093894K(22609920K)] 22393882K->1330795K(25755648K), 0.1662643 secs] [Times: user=5.72 sys=0.00, real=0.17 secs] 
499.428: [GC (Allocation Failure) [PSYoungGen: 22196486K->1054377K(22609920K)] 22433387K->1291277K(25755648K), 0.1610544 secs] [Times: user=5.57 sys=0.00, real=0.16 secs] 
502.674: [GC (Allocation Failure) [PSYoungGen: 22156969K->1008910K(22609920K)] 22393869K->1245810K(25755648K), 0.1498581 secs] [Times: user=5.28 sys=0.00, real=0.15 secs] 
505.828: [GC (Allocation Failure) [PSYoungGen: 22111502K->1070192K(22609920K)] 22348402K->1307093K(25755648K), 0.1596943 secs] [Times: user=5.64 sys=0.00, real=0.16 secs] 
508.968: [GC (Allocation Failure) [PSYoungGen: 22172784K->1060594K(22609920K)] 22409685K->1297494K(25755648K), 0.1588327 secs] [Times: user=5.56 sys=0.00, real=0.16 secs] 
512.120: [GC (Allocation Failure) [PSYoungGen: 22163186K->1036150K(22609920K)] 22400086K->1273051K(25755648K), 0.1535666 secs] [Times: user=5.42 sys=0.00, real=0.15 secs] 
515.246: [GC (Allocation Failure) [PSYoungGen: 22138742K->1006302K(22609920K)] 22375643K->1243203K(25755648K), 0.1493982 secs] [Times: user=5.26 sys=0.00, real=0.15 secs] 
518.304: [GC (Allocation Failure) [PSYoungGen: 22108894K->651685K(22609920K)] 22345795K->1247539K(25755648K), 0.1538389 secs] [Times: user=5.43 sys=0.01, real=0.15 secs] 
521.398: [GC (Allocation Failure) [PSYoungGen: 21754277K->669413K(22609920K)] 22350131K->1267115K(25755648K), 0.1193607 secs] [Times: user=4.20 sys=0.00, real=0.12 secs] 
524.518: [GC (Allocation Failure) [PSYoungGen: 21772005K->711871K(22609920K)] 22369707K->1310789K(25755648K), 0.1254758 secs] [Times: user=4.42 sys=0.01, real=0.13 secs] 
527.570: [GC (Allocation Failure) [PSYoungGen: 21814463K->743531K(22609920K)] 22413381K->1343562K(25755648K), 0.1307250 secs] [Times: user=4.62 sys=0.00, real=0.13 secs] 
530.680: [GC (Allocation Failure) [PSYoungGen: 21846123K->765441K(22609920K)] 22446154K->1367080K(25755648K), 0.1372567 secs] [Times: user=4.86 sys=0.00, real=0.14 secs] 
533.830: [GC (Allocation Failure) [PSYoungGen: 21868033K->791878K(22609920K)] 22469672K->1394541K(25755648K), 0.1411055 secs] [Times: user=4.93 sys=0.00, real=0.15 secs] 
536.975: [GC (Allocation Failure) [PSYoungGen: 21894470K->808295K(22609920K)] 22497133K->1411974K(25755648K), 0.1433448 secs] [Times: user=5.06 sys=0.00, real=0.14 secs] 
540.166: [GC (Allocation Failure) [PSYoungGen: 21910887K->748524K(22609920K)] 22514566K->1353267K(25755648K), 0.1363154 secs] [Times: user=4.67 sys=0.01, real=0.14 secs] 
543.187: [GC (Allocation Failure) [PSYoungGen: 21851116K->746420K(22609920K)] 22455859K->1351924K(25755648K), 0.1322506 secs] [Times: user=4.63 sys=0.00, real=0.13 secs] 
546.252: [GC (Allocation Failure) [PSYoungGen: 21849012K->863977K(22609920K)] 22454516K->1470184K(25755648K), 0.1497015 secs] [Times: user=5.27 sys=0.00, real=0.15 secs] 
549.330: [GC (Allocation Failure) [PSYoungGen: 21966569K->694953K(22609920K)] 22572776K->1301849K(25755648K), 0.1244062 secs] [Times: user=4.39 sys=0.00, real=0.13 secs] 
552.420: [GC (Allocation Failure) [PSYoungGen: 21797545K->690244K(22609920K)] 22404441K->1298163K(25755648K), 0.1237251 secs] [Times: user=4.35 sys=0.00, real=0.12 secs] 
555.475: [GC (Allocation Failure) [PSYoungGen: 21792836K->720815K(22609920K)] 22400755K->1329590K(25755648K), 0.1288622 secs] [Times: user=4.55 sys=0.00, real=0.13 secs] 
558.519: [GC (Allocation Failure) [PSYoungGen: 21823407K->730804K(22609920K)] 22432182K->1340355K(25755648K), 0.1305367 secs] [Times: user=4.61 sys=0.00, real=0.13 secs] 
561.625: [GC (Allocation Failure) [PSYoungGen: 21833396K->746982K(22609920K)] 22442947K->1357701K(25755648K), 0.1331410 secs] [Times: user=4.68 sys=0.00, real=0.14 secs] 
564.663: [GC (Allocation Failure) [PSYoungGen: 21849574K->743262K(22609920K)] 22460293K->1355126K(25755648K), 0.1332339 secs] [Times: user=4.66 sys=0.00, real=0.13 secs] 
567.749: [GC (Allocation Failure) [PSYoungGen: 21845854K->701394K(22609920K)] 22457718K->1314281K(25755648K), 0.1263893 secs] [Times: user=4.43 sys=0.00, real=0.12 secs] 
570.809: [GC (Allocation Failure) [PSYoungGen: 21803986K->674700K(22609920K)] 22416873K->1288556K(25755648K), 0.1224955 secs] [Times: user=4.31 sys=0.00, real=0.12 secs] 
573.924: [GC (Allocation Failure) [PSYoungGen: 21777292K->731801K(22609920K)] 22391148K->1346777K(25755648K), 0.1305471 secs] [Times: user=4.61 sys=0.00, real=0.13 secs] 
577.029: [GC (Allocation Failure) [PSYoungGen: 21834393K->709992K(22609920K)] 22449369K->1326095K(25755648K), 0.1278518 secs] [Times: user=4.49 sys=0.00, real=0.12 secs] 
580.064: [GC (Allocation Failure) [PSYoungGen: 21812584K->643541K(22609920K)] 22428687K->1260620K(25755648K), 0.1164296 secs] [Times: user=4.10 sys=0.01, real=0.12 secs] 
583.117: [GC (Allocation Failure) [PSYoungGen: 21746133K->631285K(22609920K)] 22363212K->1249468K(25755648K), 0.1149001 secs] [Times: user=4.04 sys=0.00, real=0.12 secs] 
586.034: [GC (Allocation Failure) [PSYoungGen: 21733877K->700311K(22609920K)] 22352060K->1319486K(25755648K), 0.1283119 secs] [Times: user=4.44 sys=0.00, real=0.13 secs] 
589.241: [GC (Allocation Failure) [PSYoungGen: 21802903K->649909K(22609920K)] 22422078K->1270020K(25755648K), 0.1185926 secs] [Times: user=4.18 sys=0.01, real=0.11 secs] 
592.235: [GC (Allocation Failure) [PSYoungGen: 21752501K->655255K(22609920K)] 22372612K->1276575K(25755648K), 0.1208473 secs] [Times: user=4.27 sys=0.00, real=0.12 secs] 
595.301: [GC (Allocation Failure) [PSYoungGen: 21757847K->639710K(22609920K)] 22379167K->1262094K(25755648K), 0.1190658 secs] [Times: user=4.19 sys=0.00, real=0.12 secs] 
598.356: [GC (Allocation Failure) [PSYoungGen: 21742302K->644085K(22609920K)] 22364686K->1267372K(25755648K), 0.1182491 secs] [Times: user=4.10 sys=0.00, real=0.12 secs] 
601.413: [GC (Allocation Failure) [PSYoungGen: 21746677K->643045K(22609920K)] 22369964K->1267244K(25755648K), 0.1176950 secs] [Times: user=4.12 sys=0.00, real=0.11 secs] 
604.443: [GC (Allocation Failure) [PSYoungGen: 21745637K->646601K(22609920K)] 22369836K->1271649K(25755648K), 0.1187534 secs] [Times: user=4.18 sys=0.00, real=0.11 secs] 
607.468: [GC (Allocation Failure) [PSYoungGen: 21749193K->643701K(22609920K)] 22374241K->1269676K(25755648K), 0.1230618 secs] [Times: user=4.29 sys=0.00, real=0.12 secs] 
610.494: [GC (Allocation Failure) [PSYoungGen: 21746293K->647605K(22609920K)] 22372268K->1274476K(25755648K), 0.1199968 secs] [Times: user=4.13 sys=0.00, real=0.12 secs] 
613.522: [GC (Allocation Failure) [PSYoungGen: 21750197K->640677K(22609920K)] 22377068K->1268340K(25755648K), 0.1171022 secs] [Times: user=4.13 sys=0.00, real=0.12 secs] 
616.396: [GC (Allocation Failure) [PSYoungGen: 21743269K->817005K(22609920K)] 22370932K->1445421K(25755648K), 0.1452467 secs] [Times: user=5.14 sys=0.00, real=0.14 secs] 
619.454: [GC (Allocation Failure) [PSYoungGen: 21919597K->700666K(22609920K)] 22548013K->1329818K(25755648K), 0.1278820 secs] [Times: user=4.52 sys=0.00, real=0.13 secs] 
622.436: [GC (Allocation Failure) [PSYoungGen: 21803258K->700926K(22609920K)] 22432410K->1330901K(25755648K), 0.1289715 secs] [Times: user=4.43 sys=0.01, real=0.12 secs] 
625.346: [GC (Allocation Failure) [PSYoungGen: 21803518K->730031K(22609920K)] 22433493K->1360975K(25755648K), 0.1321320 secs] [Times: user=4.67 sys=0.00, real=0.13 secs] 
628.304: [GC (Allocation Failure) [PSYoungGen: 21832623K->731752K(22609920K)] 22463567K->1363376K(25755648K), 0.1317295 secs] [Times: user=4.66 sys=0.00, real=0.13 secs] 
631.326: [GC (Allocation Failure) [PSYoungGen: 21834344K->741881K(22609920K)] 22465968K->1374321K(25755648K), 0.1339188 secs] [Times: user=4.73 sys=0.00, real=0.14 secs] 
634.264: [GC (Allocation Failure) [PSYoungGen: 21844473K->728310K(22609920K)] 22476913K->1361470K(25755648K), 0.1310912 secs] [Times: user=4.64 sys=0.00, real=0.13 secs] 
637.183: [GC (Allocation Failure) [PSYoungGen: 21830902K->786782K(22609920K)] 22464062K->1420621K(25755648K), 0.1412981 secs] [Times: user=5.01 sys=0.00, real=0.14 secs] 
640.154: [GC (Allocation Failure) [PSYoungGen: 21889374K->763860K(22609920K)] 22523213K->1398356K(25755648K), 0.1382991 secs] [Times: user=4.90 sys=0.00, real=0.14 secs] 
643.168: [GC (Allocation Failure) [PSYoungGen: 21866452K->705972K(22609920K)] 22500948K->1341148K(25755648K), 0.1294784 secs] [Times: user=4.50 sys=0.00, real=0.13 secs] 
646.133: [GC (Allocation Failure) [PSYoungGen: 21808564K->753093K(22609920K)] 22443740K->1388973K(25755648K), 0.1355182 secs] [Times: user=4.75 sys=0.00, real=0.13 secs] 
649.175: [GC (Allocation Failure) [PSYoungGen: 21855685K->780820K(22609920K)] 22491565K->1417476K(25755648K), 0.1398452 secs] [Times: user=4.95 sys=0.00, real=0.14 secs] 
652.133: [GC (Allocation Failure) [PSYoungGen: 21883412K->762333K(22609920K)] 22520068K->1399741K(25755648K), 0.1375579 secs] [Times: user=4.80 sys=0.00, real=0.14 secs] 
655.136: [GC (Allocation Failure) [PSYoungGen: 21864925K->782145K(22609920K)] 22502333K->1420185K(25755648K), 0.1376567 secs] [Times: user=4.87 sys=0.01, real=0.14 secs] 
658.181: [GC (Allocation Failure) [PSYoungGen: 21884737K->779781K(22609920K)] 22522777K->1418549K(25755648K), 0.1406232 secs] [Times: user=4.88 sys=0.00, real=0.14 secs] 
661.163: [GC (Allocation Failure) [PSYoungGen: 21882373K->750249K(22609920K)] 22521141K->1389705K(25755648K), 0.1350264 secs] [Times: user=4.78 sys=0.00, real=0.13 secs] 
664.228: [GC (Allocation Failure) [PSYoungGen: 21852841K->761444K(22609920K)] 22492297K->1401652K(25755648K), 0.1379112 secs] [Times: user=4.87 sys=0.00, real=0.14 secs] 
667.560: [GC (Allocation Failure) [PSYoungGen: 21864036K->807403K(22609920K)] 22504244K->1448251K(25755648K), 0.1437492 secs] [Times: user=5.10 sys=0.00, real=0.15 secs] 
667.820: [GC (System.gc()) [PSYoungGen: 1278788K->654708K(22609920K)] 1919636K->1296188K(25755648K), 0.1139281 secs] [Times: user=3.85 sys=0.00, real=0.12 secs] 
667.934: [Full GC (System.gc()) [PSYoungGen: 654708K->0K(22609920K)] [ParOldGen: 641479K->239108K(3145728K)] 1296188K->239108K(25755648K), [Metaspace: 22319K->22319K(1069056K)], 0.1185605 secs] [Times: user=2.85 sys=0.02, real=0.11 secs] 
688.367: [GC (Allocation Failure) [PSYoungGen: 21102592K->953343K(22609920K)] 21341700K->1192459K(25755648K), 0.1593859 secs] [Times: user=5.32 sys=0.00, real=0.16 secs] 
695.054: [GC (Allocation Failure) [PSYoungGen: 22055935K->939462K(22609920K)] 22295051K->1178579K(25755648K), 0.1395638 secs] [Times: user=4.91 sys=0.00, real=0.14 secs] 
700.367: [GC (Allocation Failure) [PSYoungGen: 22042054K->979651K(22609920K)] 22281171K->1218767K(25755648K), 0.1457373 secs] [Times: user=5.13 sys=0.01, real=0.15 secs] 
704.895: [GC (Allocation Failure) [PSYoungGen: 22082243K->1067444K(22609920K)] 22321359K->1306560K(25755648K), 0.1609156 secs] [Times: user=5.70 sys=0.00, real=0.16 secs] 
708.794: [GC (Allocation Failure) [PSYoungGen: 22170036K->1018696K(22609920K)] 22409152K->1257812K(25755648K), 0.1526785 secs] [Times: user=5.34 sys=0.00, real=0.15 secs] 
712.234: [GC (Allocation Failure) [PSYoungGen: 22121288K->983751K(22609920K)] 22360404K->1222867K(25755648K), 0.1458896 secs] [Times: user=5.15 sys=0.00, real=0.15 secs] 
715.480: [GC (Allocation Failure) [PSYoungGen: 22086343K->990989K(22609920K)] 22325459K->1230105K(25755648K), 0.1474993 secs] [Times: user=5.20 sys=0.00, real=0.14 secs] 
718.667: [GC (Allocation Failure) [PSYoungGen: 22093581K->1017952K(22609920K)] 22332697K->1257068K(25755648K), 0.1522049 secs] [Times: user=5.33 sys=0.00, real=0.15 secs] 
721.768: [GC (Allocation Failure) [PSYoungGen: 22120544K->1013686K(22609920K)] 22359660K->1252802K(25755648K), 0.1520237 secs] [Times: user=5.32 sys=0.00, real=0.15 secs] 
724.851: [GC (Allocation Failure) [PSYoungGen: 22116278K->1034589K(22609920K)] 22355394K->1273705K(25755648K), 0.1530976 secs] [Times: user=5.41 sys=0.00, real=0.16 secs] 
727.958: [GC (Allocation Failure) [PSYoungGen: 22137181K->1015630K(22609920K)] 22376297K->1254746K(25755648K), 0.1515595 secs] [Times: user=5.32 sys=0.01, real=0.15 secs] 
730.942: [GC (Allocation Failure) [PSYoungGen: 22118222K->1121540K(22609920K)] 22357338K->1360656K(25755648K), 0.1691213 secs] [Times: user=5.98 sys=0.01, real=0.16 secs] 
733.992: [GC (Allocation Failure) [PSYoungGen: 22224132K->1076682K(22609920K)] 22463248K->1315798K(25755648K), 0.1672387 secs] [Times: user=5.58 sys=0.00, real=0.17 secs] 
737.019: [GC (Allocation Failure) [PSYoungGen: 22179274K->1162537K(22609920K)] 22418390K->1401653K(25755648K), 0.1811754 secs] [Times: user=6.40 sys=0.01, real=0.18 secs] 
740.018: [GC (Allocation Failure) [PSYoungGen: 22265129K->1112469K(22609920K)] 22504245K->1351585K(25755648K), 0.1673988 secs] [Times: user=5.92 sys=0.00, real=0.17 secs] 
743.151: [GC (Allocation Failure) [PSYoungGen: 22215061K->775267K(22609920K)] 22454177K->1373588K(25755648K), 0.1799415 secs] [Times: user=6.19 sys=0.00, real=0.18 secs] 
746.223: [GC (Allocation Failure) [PSYoungGen: 21877859K->817364K(22609920K)] 22476180K->1417357K(25755648K), 0.1419335 secs] [Times: user=5.03 sys=0.00, real=0.15 secs] 
747.814: [GC (System.gc()) [PSYoungGen: 9557878K->714805K(22609920K)] 10157871K->1316006K(25755648K), 0.1226967 secs] [Times: user=4.31 sys=0.00, real=0.13 secs] 
747.937: [Full GC (System.gc()) [PSYoungGen: 714805K->0K(22609920K)] [ParOldGen: 601201K->238749K(3145728K)] 1316006K->238749K(25755648K), [Metaspace: 22388K->22388K(1069056K)], 0.1353305 secs] [Times: user=3.56 sys=0.01, real=0.13 secs] 
754.390: [GC (System.gc()) [PSYoungGen: 3451886K->736K(22609920K)] 3690635K->239485K(25755648K), 0.0048756 secs] [Times: user=0.06 sys=0.00, real=0.00 secs] 
754.395: [Full GC (System.gc()) [PSYoungGen: 736K->0K(22609920K)] [ParOldGen: 238749K->235178K(3145728K)] 239485K->235178K(25755648K), [Metaspace: 22403K->22403K(1069056K)], 0.1750150 secs] [Times: user=4.98 sys=0.03, real=0.18 secs] 
779.112: [GC (Allocation Failure) [PSYoungGen: 21102592K->945703K(22609920K)] 21337770K->1180882K(25755648K), 0.1568410 secs] [Times: user=5.37 sys=0.00, real=0.15 secs] 
801.414: [GC (Allocation Failure) [PSYoungGen: 22048295K->926422K(22609920K)] 22283474K->1161601K(25755648K), 0.1363171 secs] [Times: user=4.81 sys=0.00, real=0.13 secs] 
823.625: [GC (Allocation Failure) [PSYoungGen: 22029014K->919007K(22609920K)] 22264193K->1154186K(25755648K), 0.1403898 secs] [Times: user=4.94 sys=0.01, real=0.14 secs] 
845.743: [GC (Allocation Failure) [PSYoungGen: 22021599K->919917K(22609920K)] 22256778K->1155104K(25755648K), 0.1394295 secs] [Times: user=4.87 sys=0.00, real=0.14 secs] 
867.956: [GC (Allocation Failure) [PSYoungGen: 22022509K->929959K(22609920K)] 22257696K->1165145K(25755648K), 0.1394750 secs] [Times: user=4.91 sys=0.00, real=0.14 secs] 
890.033: [GC (Allocation Failure) [PSYoungGen: 22032551K->922928K(22609920K)] 22267737K->1158115K(25755648K), 0.1399005 secs] [Times: user=4.91 sys=0.01, real=0.14 secs] 
912.138: [GC (Allocation Failure) [PSYoungGen: 22025520K->923550K(22609920K)] 22260707K->1158736K(25755648K), 0.1411074 secs] [Times: user=4.96 sys=0.00, real=0.14 secs] 
934.246: [GC (Allocation Failure) [PSYoungGen: 22026142K->924950K(22609920K)] 22261328K->1160137K(25755648K), 0.1434126 secs] [Times: user=4.95 sys=0.01, real=0.14 secs] 
1113.892: [GC (Allocation Failure) [PSYoungGen: 22027542K->914318K(22609920K)] 22262729K->1149504K(25755648K), 0.1398446 secs] [Times: user=4.89 sys=0.00, real=0.14 secs] 
1194.483: [GC (Allocation Failure) [PSYoungGen: 22016910K->914287K(22609920K)] 22252096K->1149473K(25755648K), 0.1453306 secs] [Times: user=5.10 sys=0.00, real=0.14 secs] 
1250.994: [GC (Allocation Failure) [PSYoungGen: 22016879K->917062K(22609920K)] 22252065K->1152249K(25755648K), 0.1431538 secs] [Times: user=5.04 sys=0.00, real=0.14 secs] 
1298.282: [GC (Allocation Failure) [PSYoungGen: 22019654K->916535K(22609920K)] 22254841K->1151730K(25755648K), 0.1450524 secs] [Times: user=5.06 sys=0.00, real=0.14 secs] 
1340.712: [GC (Allocation Failure) [PSYoungGen: 22019127K->929347K(22609920K)] 22254322K->1164542K(25755648K), 0.1417453 secs] [Times: user=4.90 sys=0.00, real=0.14 secs] 
1377.516: [GC (Allocation Failure) [PSYoungGen: 22031939K->923716K(22609920K)] 22267134K->1158910K(25755648K), 0.1426325 secs] [Times: user=4.98 sys=0.00, real=0.14 secs] 
1411.677: [GC (Allocation Failure) [PSYoungGen: 22026308K->929067K(22609920K)] 22261502K->1164262K(25755648K), 0.1395905 secs] [Times: user=4.92 sys=0.00, real=0.14 secs] 
1443.071: [GC (Allocation Failure) [PSYoungGen: 22031659K->562885K(22609920K)] 22266854K->1158893K(25755648K), 0.1450674 secs] [Times: user=5.12 sys=0.00, real=0.14 secs] 
1473.015: [GC (Allocation Failure) [PSYoungGen: 21665477K->566677K(22609920K)] 22261485K->1164469K(25755648K), 0.1144561 secs] [Times: user=3.84 sys=0.00, real=0.12 secs] 
1500.551: [GC (Allocation Failure) [PSYoungGen: 21669269K->557909K(22609920K)] 22267061K->1156982K(25755648K), 0.1069965 secs] [Times: user=3.77 sys=0.00, real=0.10 secs] 
1528.037: [GC (Allocation Failure) [PSYoungGen: 21660501K->566389K(22609920K)] 22259574K->1166270K(25755648K), 0.1096490 secs] [Times: user=3.85 sys=0.00, real=0.11 secs] 
1552.525: [GC (Allocation Failure) [PSYoungGen: 21668981K->557285K(22609920K)] 22268862K->1158686K(25755648K), 0.1107212 secs] [Times: user=3.75 sys=0.00, real=0.11 secs] 
1576.996: [GC (Allocation Failure) [PSYoungGen: 21659877K->560053K(22609920K)] 22261278K->1162094K(25755648K), 0.1084678 secs] [Times: user=3.79 sys=0.00, real=0.11 secs] 
1600.570: [GC (Allocation Failure) [PSYoungGen: 21662645K->562965K(22609920K)] 22264686K->1165518K(25755648K), 0.1059386 secs] [Times: user=3.73 sys=0.00, real=0.11 secs] 
1622.549: [GC (Allocation Failure) [PSYoungGen: 21665557K->558565K(22609920K)] 22268110K->1161702K(25755648K), 0.1069755 secs] [Times: user=3.72 sys=0.00, real=0.10 secs] 
1644.526: [GC (Allocation Failure) [PSYoungGen: 21661157K->566725K(22609920K)] 22264294K->1170950K(25755648K), 0.1094799 secs] [Times: user=3.76 sys=0.00, real=0.11 secs] 
1665.625: [GC (Allocation Failure) [PSYoungGen: 21669317K->559733K(22609920K)] 22273542K->1164390K(25755648K), 0.1093252 secs] [Times: user=3.76 sys=0.01, real=0.11 secs] 
1685.659: [GC (Allocation Failure) [PSYoungGen: 21662325K->559781K(22609920K)] 22266982K->1164862K(25755648K), 0.1072206 secs] [Times: user=3.78 sys=0.00, real=0.10 secs] 
1705.597: [GC (Allocation Failure) [PSYoungGen: 21662373K->563973K(22609920K)] 22267454K->1169502K(25755648K), 0.1084164 secs] [Times: user=3.77 sys=0.00, real=0.11 secs] 
1725.331: [GC (Allocation Failure) [PSYoungGen: 21666565K->563557K(22609920K)] 22272094K->1169534K(25755648K), 0.1067725 secs] [Times: user=3.73 sys=0.00, real=0.11 secs] 
1743.652: [GC (Allocation Failure) [PSYoungGen: 21666149K->560324K(22609920K)] 22272126K->1167078K(25755648K), 0.1065819 secs] [Times: user=3.75 sys=0.00, real=0.11 secs] 
1761.935: [GC (Allocation Failure) [PSYoungGen: 21662916K->575405K(22609920K)] 22269670K->1182615K(25755648K), 0.1087220 secs] [Times: user=3.79 sys=0.00, real=0.11 secs] 
1780.317: [GC (Allocation Failure) [PSYoungGen: 21677997K->558948K(22609920K)] 22285207K->1166550K(25755648K), 0.1062044 secs] [Times: user=3.75 sys=0.00, real=0.11 secs] 
1797.646: [GC (Allocation Failure) [PSYoungGen: 21661540K->566682K(22609920K)] 22269142K->1174740K(25755648K), 0.1035760 secs] [Times: user=3.65 sys=0.00, real=0.10 secs] 
1814.641: [GC (Allocation Failure) [PSYoungGen: 21669274K->561540K(22609920K)] 22277332K->1170134K(25755648K), 0.1074465 secs] [Times: user=3.74 sys=0.00, real=0.11 secs] 
1831.490: [GC (Allocation Failure) [PSYoungGen: 21664132K->559972K(22609920K)] 22272726K->1169198K(25755648K), 0.1074691 secs] [Times: user=3.78 sys=0.00, real=0.10 secs] 
1848.459: [GC (Allocation Failure) [PSYoungGen: 21662564K->559300K(22609920K)] 22271790K->1169102K(25755648K), 0.1026382 secs] [Times: user=3.61 sys=0.00, real=0.11 secs] 
1864.375: [GC (Allocation Failure) [PSYoungGen: 21661892K->565156K(22609920K)] 22271694K->1175390K(25755648K), 0.1064840 secs] [Times: user=3.74 sys=0.00, real=0.10 secs] 
1880.282: [GC (Allocation Failure) [PSYoungGen: 21667748K->558980K(22609920K)] 22277982K->1169798K(25755648K), 0.1078399 secs] [Times: user=3.79 sys=0.00, real=0.11 secs] 
1896.021: [GC (Allocation Failure) [PSYoungGen: 21661572K->569092K(22609920K)] 22272390K->1180438K(25755648K), 0.1050758 secs] [Times: user=3.69 sys=0.00, real=0.10 secs] 
1911.842: [GC (Allocation Failure) [PSYoungGen: 21671684K->568532K(22609920K)] 22283030K->1180326K(25755648K), 0.1061177 secs] [Times: user=3.71 sys=0.00, real=0.10 secs] 
1926.979: [GC (Allocation Failure) [PSYoungGen: 21671124K->578009K(22609920K)] 22282918K->1190307K(25755648K), 0.1107924 secs] [Times: user=3.87 sys=0.00, real=0.11 secs] 
1941.884: [GC (Allocation Failure) [PSYoungGen: 21680601K->578458K(22609920K)] 22292899K->1191364K(25755648K), 0.1097662 secs] [Times: user=3.86 sys=0.00, real=0.11 secs] 
1956.795: [GC (Allocation Failure) [PSYoungGen: 21681050K->564868K(22609920K)] 22293956K->1178334K(25755648K), 0.1077558 secs] [Times: user=3.77 sys=0.00, real=0.11 secs] 
1971.698: [GC (Allocation Failure) [PSYoungGen: 21667460K->564196K(22609920K)] 22280926K->1178246K(25755648K), 0.1092209 secs] [Times: user=3.84 sys=0.01, real=0.11 secs] 
1986.295: [GC (Allocation Failure) [PSYoungGen: 21666788K->559748K(22609920K)] 22280838K->1174334K(25755648K), 0.1098895 secs] [Times: user=3.80 sys=0.01, real=0.11 secs] 
2000.444: [GC (Allocation Failure) [PSYoungGen: 21662340K->567413K(22609920K)] 22276926K->1182598K(25755648K), 0.1048545 secs] [Times: user=3.69 sys=0.00, real=0.11 secs] 
2014.627: [GC (Allocation Failure) [PSYoungGen: 21670005K->576910K(22609920K)] 22285190K->1192600K(25755648K), 0.1095603 secs] [Times: user=3.85 sys=0.00, real=0.11 secs] 
2028.656: [GC (Allocation Failure) [PSYoungGen: 21679502K->565124K(22609920K)] 22295192K->1181366K(25755648K), 0.1094443 secs] [Times: user=3.85 sys=0.00, real=0.11 secs] 
2042.677: [GC (Allocation Failure) [PSYoungGen: 21667716K->574229K(22609920K)] 22283958K->1191086K(25755648K), 0.1096108 secs] [Times: user=3.85 sys=0.01, real=0.11 secs] 
2056.429: [GC (Allocation Failure) [PSYoungGen: 21676821K->568949K(22609920K)] 22293678K->1186406K(25755648K), 0.1076091 secs] [Times: user=3.79 sys=0.00, real=0.11 secs] 
2069.766: [GC (Allocation Failure) [PSYoungGen: 21671541K->566340K(22609920K)] 22288998K->1184366K(25755648K), 0.1084372 secs] [Times: user=3.81 sys=0.00, real=0.10 secs] 
2083.131: [GC (Allocation Failure) [PSYoungGen: 21668932K->570116K(22609920K)] 22286958K->1188750K(25755648K), 0.1098149 secs] [Times: user=3.75 sys=0.00, real=0.11 secs] 
2096.498: [GC (Allocation Failure) [PSYoungGen: 21672708K->575658K(22609920K)] 22291342K->1194852K(25755648K), 0.1086425 secs] [Times: user=3.83 sys=0.00, real=0.11 secs] 
2109.934: [GC (Allocation Failure) [PSYoungGen: 21678250K->569028K(22609920K)] 22297444K->1188742K(25755648K), 0.1082888 secs] [Times: user=3.80 sys=0.00, real=0.11 secs] 
2123.261: [GC (Allocation Failure) [PSYoungGen: 21671620K->576868K(22609920K)] 22291334K->1197142K(25755648K), 0.1106138 secs] [Times: user=3.89 sys=0.00, real=0.11 secs] 
2136.100: [GC (Allocation Failure) [PSYoungGen: 21679460K->583343K(22609920K)] 22299734K->1204265K(25755648K), 0.1113928 secs] [Times: user=3.84 sys=0.00, real=0.11 secs] 
2148.849: [GC (Allocation Failure) [PSYoungGen: 21685935K->573732K(22609920K)] 22306857K->1195174K(25755648K), 0.1065155 secs] [Times: user=3.74 sys=0.00, real=0.10 secs] 
2161.639: [GC (Allocation Failure) [PSYoungGen: 21676324K->577444K(22609920K)] 22297766K->1199422K(25755648K), 0.1092424 secs] [Times: user=3.83 sys=0.01, real=0.11 secs] 
2174.472: [GC (Allocation Failure) [PSYoungGen: 21680036K->563908K(22609920K)] 22302014K->1186486K(25755648K), 0.1042490 secs] [Times: user=3.67 sys=0.00, real=0.10 secs] 
2187.083: [GC (Allocation Failure) [PSYoungGen: 21666500K->590048K(22609920K)] 22289078K->1213122K(25755648K), 0.1103481 secs] [Times: user=3.87 sys=0.01, real=0.11 secs] 
2199.482: [GC (Allocation Failure) [PSYoungGen: 21692640K->567236K(22609920K)] 22315714K->1190790K(25755648K), 0.1095182 secs] [Times: user=3.76 sys=0.00, real=0.11 secs] 
2211.565: [GC (Allocation Failure) [PSYoungGen: 21669828K->573860K(22609920K)] 22293382K->1197999K(25755648K), 0.1106978 secs] [Times: user=3.86 sys=0.00, real=0.11 secs] 
2223.544: [GC (Allocation Failure) [PSYoungGen: 21676452K->575770K(22609920K)] 22300591K->1200492K(25755648K), 0.1089119 secs] [Times: user=3.83 sys=0.00, real=0.11 secs] 
2235.502: [GC (Allocation Failure) [PSYoungGen: 21678362K->581086K(22609920K)] 22303084K->1206328K(25755648K), 0.1094154 secs] [Times: user=3.79 sys=0.00, real=0.11 secs] 
2247.809: [GC (Allocation Failure) [PSYoungGen: 21683678K->570020K(22609920K)] 22308920K->1195726K(25755648K), 0.1066336 secs] [Times: user=3.72 sys=0.00, real=0.11 secs] 
2260.037: [GC (Allocation Failure) [PSYoungGen: 21672612K->584196K(22609920K)] 22298318K->1210558K(25755648K), 0.1108495 secs] [Times: user=3.91 sys=0.00, real=0.11 secs] 
2271.754: [GC (Allocation Failure) [PSYoungGen: 21686788K->581780K(22609920K)] 22313150K->1208687K(25755648K), 0.1105467 secs] [Times: user=3.86 sys=0.01, real=0.11 secs] 
2283.399: [GC (Allocation Failure) [PSYoungGen: 21684372K->564868K(22609920K)] 22311279K->1192398K(25755648K), 0.1088588 secs] [Times: user=3.82 sys=0.00, real=0.11 secs] 
2295.058: [GC (Allocation Failure) [PSYoungGen: 21667460K->584841K(22609920K)] 22294990K->1212955K(25755648K), 0.1103890 secs] [Times: user=3.87 sys=0.00, real=0.11 secs] 
2306.577: [GC (Allocation Failure) [PSYoungGen: 21687433K->565604K(22609920K)] 22315547K->1194199K(25755648K), 0.1118893 secs] [Times: user=3.77 sys=0.00, real=0.11 secs] 
2318.105: [GC (Allocation Failure) [PSYoungGen: 21668196K->580724K(22609920K)] 22296791K->1209863K(25755648K), 0.1098912 secs] [Times: user=3.85 sys=0.00, real=0.11 secs] 
2329.512: [GC (Allocation Failure) [PSYoungGen: 21683316K->578078K(22609920K)] 22312455K->1207816K(25755648K), 0.1074077 secs] [Times: user=3.75 sys=0.01, real=0.11 secs] 
2340.654: [GC (Allocation Failure) [PSYoungGen: 21680670K->584218K(22609920K)] 22310408K->1214532K(25755648K), 0.1080102 secs] [Times: user=3.70 sys=0.00, real=0.11 secs] 
2351.779: [GC (Allocation Failure) [PSYoungGen: 21686810K->576116K(22609920K)] 22317124K->1206887K(25755648K), 0.1106954 secs] [Times: user=3.89 sys=0.00, real=0.11 secs] 
2362.876: [GC (Allocation Failure) [PSYoungGen: 21678708K->574660K(22609920K)] 22309479K->1205895K(25755648K), 0.1106931 secs] [Times: user=3.89 sys=0.00, real=0.11 secs] 
2374.117: [GC (Allocation Failure) [PSYoungGen: 21677252K->581252K(22609920K)] 22308487K->1213103K(25755648K), 0.1128363 secs] [Times: user=3.86 sys=0.00, real=0.11 secs] 
2385.074: [GC (Allocation Failure) [PSYoungGen: 21683844K->574884K(22609920K)] 22315695K->1207255K(25755648K), 0.1097395 secs] [Times: user=3.81 sys=0.00, real=0.11 secs] 
2396.048: [GC (Allocation Failure) [PSYoungGen: 21677476K->573924K(22609920K)] 22309847K->1206783K(25755648K), 0.1094608 secs] [Times: user=3.85 sys=0.00, real=0.11 secs] 
2407.156: [GC (Allocation Failure) [PSYoungGen: 21676516K->582276K(22609920K)] 22309375K->1215719K(25755648K), 0.1096753 secs] [Times: user=3.86 sys=0.00, real=0.11 secs] 
2417.805: [GC (Allocation Failure) [PSYoungGen: 21684868K->572324K(22609920K)] 22318311K->1206375K(25755648K), 0.1057646 secs] [Times: user=3.69 sys=0.00, real=0.11 secs] 
2428.242: [GC (Allocation Failure) [PSYoungGen: 21674916K->585092K(22609920K)] 22308967K->1219655K(25755648K), 0.1088570 secs] [Times: user=3.76 sys=0.00, real=0.11 secs] 
2438.878: [GC (Allocation Failure) [PSYoungGen: 21687684K->579604K(22609920K)] 22322247K->1214671K(25755648K), 0.1077385 secs] [Times: user=3.68 sys=0.01, real=0.11 secs] 
2449.422: [GC (Allocation Failure) [PSYoungGen: 21682196K->564900K(22609920K)] 22317263K->1200567K(25755648K), 0.1082459 secs] [Times: user=3.81 sys=0.00, real=0.11 secs] 
2460.028: [GC (Allocation Failure) [PSYoungGen: 21667492K->585588K(22609920K)] 22303159K->1221871K(25755648K), 0.1076421 secs] [Times: user=3.79 sys=0.00, real=0.11 secs] 
2470.718: [GC (Allocation Failure) [PSYoungGen: 21688180K->577369K(22609920K)] 22324463K->1214244K(25755648K), 0.1088101 secs] [Times: user=3.71 sys=0.00, real=0.11 secs] 
2480.977: [GC (Allocation Failure) [PSYoungGen: 21679961K->581225K(22609920K)] 22316836K->1218547K(25755648K), 0.1112640 secs] [Times: user=3.88 sys=0.00, real=0.12 secs] 
2491.251: [GC (Allocation Failure) [PSYoungGen: 21683817K->584388K(22609920K)] 22321139K->1222295K(25755648K), 0.1106625 secs] [Times: user=3.83 sys=0.00, real=0.11 secs] 
2501.501: [GC (Allocation Failure) [PSYoungGen: 21686980K->573108K(22609920K)] 22324887K->1211511K(25755648K), 0.1077075 secs] [Times: user=3.80 sys=0.00, real=0.11 secs] 
2511.567: [GC (Allocation Failure) [PSYoungGen: 21675700K->570116K(22609920K)] 22314103K->1209087K(25755648K), 0.1072372 secs] [Times: user=3.77 sys=0.00, real=0.11 secs] 
2521.724: [GC (Allocation Failure) [PSYoungGen: 21672708K->599029K(22609920K)] 22311679K->1238599K(25755648K), 0.1115641 secs] [Times: user=3.78 sys=0.00, real=0.12 secs] 
2531.838: [GC (Allocation Failure) [PSYoungGen: 21701621K->579799K(22609920K)] 22341191K->1219785K(25755648K), 0.1112182 secs] [Times: user=3.87 sys=0.00, real=0.11 secs] 
2541.888: [GC (Allocation Failure) [PSYoungGen: 21682391K->582281K(22609920K)] 22322377K->1222787K(25755648K), 0.1120972 secs] [Times: user=3.93 sys=0.00, real=0.11 secs] 
2552.167: [GC (Allocation Failure) [PSYoungGen: 21684873K->593252K(22609920K)] 22325379K->1234191K(25755648K), 0.1099690 secs] [Times: user=3.86 sys=0.01, real=0.11 secs] 
2562.208: [GC (Allocation Failure) [PSYoungGen: 21695844K->591316K(22609920K)] 22336783K->1232895K(25755648K), 0.1100949 secs] [Times: user=3.87 sys=0.00, real=0.11 secs] 
2572.173: [GC (Allocation Failure) [PSYoungGen: 21693908K->586794K(22609920K)] 22335487K->1228908K(25755648K), 0.1108447 secs] [Times: user=3.89 sys=0.00, real=0.11 secs] 
2582.175: [GC (Allocation Failure) [PSYoungGen: 21689386K->592969K(22609920K)] 22331500K->1235643K(25755648K), 0.1138224 secs] [Times: user=3.98 sys=0.00, real=0.11 secs] 
2591.863: [GC (Allocation Failure) [PSYoungGen: 21695561K->586412K(22609920K)] 22338235K->1229615K(25755648K), 0.1084730 secs] [Times: user=3.82 sys=0.00, real=0.11 secs] 
2601.705: [GC (Allocation Failure) [PSYoungGen: 21689004K->588425K(22609920K)] 22332207K->1232243K(25755648K), 0.1076753 secs] [Times: user=3.78 sys=0.00, real=0.11 secs] 
2611.472: [GC (Allocation Failure) [PSYoungGen: 21691017K->567844K(22609920K)] 22334835K->1212119K(25755648K), 0.1078369 secs] [Times: user=3.75 sys=0.00, real=0.11 secs] 
2621.228: [GC (Allocation Failure) [PSYoungGen: 21670436K->582596K(22609920K)] 22314711K->1227399K(25755648K), 0.1113800 secs] [Times: user=3.91 sys=0.01, real=0.11 secs] 
2630.976: [GC (Allocation Failure) [PSYoungGen: 21685188K->575972K(22609920K)] 22329991K->1221255K(25755648K), 0.1112599 secs] [Times: user=3.83 sys=0.00, real=0.11 secs] 
2640.774: [GC (Allocation Failure) [PSYoungGen: 21678564K->585044K(22609920K)] 22323847K->1230759K(25755648K), 0.1111730 secs] [Times: user=3.85 sys=0.00, real=0.11 secs] 
2650.648: [GC (Allocation Failure) [PSYoungGen: 21687636K->575524K(22609920K)] 22333351K->1221743K(25755648K), 0.1095211 secs] [Times: user=3.85 sys=0.00, real=0.11 secs] 
2660.033: [GC (Allocation Failure) [PSYoungGen: 21678116K->579908K(22609920K)] 22324335K->1226599K(25755648K), 0.1066732 secs] [Times: user=3.73 sys=0.00, real=0.11 secs] 
2669.380: [GC (Allocation Failure) [PSYoungGen: 21682500K->569796K(22609920K)] 22329191K->1216999K(25755648K), 0.1065843 secs] [Times: user=3.67 sys=0.00, real=0.11 secs] 
2678.715: [GC (Allocation Failure) [PSYoungGen: 21672388K->577764K(22609920K)] 22319591K->1225551K(25755648K), 0.1103169 secs] [Times: user=3.87 sys=0.01, real=0.11 secs] 
2688.073: [GC (Allocation Failure) [PSYoungGen: 21680356K->579460K(22609920K)] 22328143K->1227647K(25755648K), 0.1130825 secs] [Times: user=3.91 sys=0.00, real=0.11 secs] 
2697.626: [GC (Allocation Failure) [PSYoungGen: 21682052K->588890K(22609920K)] 22330239K->1237588K(25755648K), 0.1118494 secs] [Times: user=3.89 sys=0.00, real=0.11 secs] 
2707.146: [GC (Allocation Failure) [PSYoungGen: 21691482K->588116K(22609920K)] 22340180K->1237183K(25755648K), 0.1069942 secs] [Times: user=3.76 sys=0.00, real=0.11 secs] 
2716.489: [GC (Allocation Failure) [PSYoungGen: 21690708K->575593K(22609920K)] 22339775K->1225251K(25755648K), 0.1060134 secs] [Times: user=3.72 sys=0.00, real=0.11 secs] 
2725.622: [GC (Allocation Failure) [PSYoungGen: 21678185K->579353K(22609920K)] 22327843K->1229435K(25755648K), 0.1062281 secs] [Times: user=3.73 sys=0.00, real=0.11 secs] 
2734.646: [GC (Allocation Failure) [PSYoungGen: 21681945K->582580K(22609920K)] 22332027K->1233103K(25755648K), 0.1131248 secs] [Times: user=3.97 sys=0.00, real=0.12 secs] 
2743.661: [GC (Allocation Failure) [PSYoungGen: 21685172K->573252K(22609920K)] 22335695K->1224215K(25755648K), 0.1100170 secs] [Times: user=3.87 sys=0.00, real=0.11 secs] 
2752.818: [GC (Allocation Failure) [PSYoungGen: 21675844K->587476K(22609920K)] 22326807K->1239047K(25755648K), 0.1084130 secs] [Times: user=3.81 sys=0.00, real=0.11 secs] 
2762.022: [GC (Allocation Failure) [PSYoungGen: 21690068K->587204K(22609920K)] 22341639K->1239383K(25755648K), 0.1081330 secs] [Times: user=3.80 sys=0.00, real=0.10 secs] 
2771.007: [GC (Allocation Failure) [PSYoungGen: 21689796K->592153K(22609920K)] 22341975K->1244748K(25755648K), 0.1113741 secs] [Times: user=3.93 sys=0.00, real=0.11 secs] 
2780.115: [GC (Allocation Failure) [PSYoungGen: 21694745K->594564K(22609920K)] 22347340K->1247687K(25755648K), 0.1133887 secs] [Times: user=3.99 sys=0.00, real=0.11 secs] 
2788.841: [GC (Allocation Failure) [PSYoungGen: 21697156K->584233K(22609920K)] 22350279K->1237827K(25755648K), 0.1114853 secs] [Times: user=3.87 sys=0.00, real=0.11 secs] 
2797.641: [GC (Allocation Failure) [PSYoungGen: 21686825K->589562K(22609920K)] 22340419K->1243532K(25755648K), 0.1086422 secs] [Times: user=3.82 sys=0.00, real=0.11 secs] 
2806.473: [GC (Allocation Failure) [PSYoungGen: 21692154K->603652K(22609920K)] 22346124K->1258110K(25755648K), 0.1127550 secs] [Times: user=3.97 sys=0.00, real=0.11 secs] 
2815.217: [GC (Allocation Failure) [PSYoungGen: 21706244K->606826K(22609920K)] 22360702K->1261820K(25755648K), 0.1130611 secs] [Times: user=3.98 sys=0.00, real=0.12 secs] 
2823.834: [GC (Allocation Failure) [PSYoungGen: 21709418K->585668K(22609920K)] 22364412K->1241111K(25755648K), 0.1102948 secs] [Times: user=3.87 sys=0.00, real=0.11 secs] 
2832.538: [GC (Allocation Failure) [PSYoungGen: 21688260K->578724K(22609920K)] 22343703K->1234623K(25755648K), 0.1081764 secs] [Times: user=3.80 sys=0.00, real=0.11 secs] 
2841.336: [GC (Allocation Failure) [PSYoungGen: 21681316K->575476K(22609920K)] 22337215K->1231751K(25755648K), 0.1089692 secs] [Times: user=3.83 sys=0.01, real=0.11 secs] 
2850.025: [GC (Allocation Failure) [PSYoungGen: 21678068K->606847K(22609920K)] 22334343K->1263705K(25755648K), 0.1116803 secs] [Times: user=3.93 sys=0.00, real=0.12 secs] 
2858.694: [GC (Allocation Failure) [PSYoungGen: 21709439K->588170K(22609920K)] 22366297K->1245524K(25755648K), 0.1114513 secs] [Times: user=3.91 sys=0.01, real=0.11 secs] 
2867.182: [GC (Allocation Failure) [PSYoungGen: 21690762K->587209K(22609920K)] 22348116K->1245043K(25755648K), 0.1088063 secs] [Times: user=3.82 sys=0.01, real=0.11 secs] 
2875.585: [GC (Allocation Failure) [PSYoungGen: 21689801K->588542K(22609920K)] 22347635K->1246992K(25755648K), 0.1131498 secs] [Times: user=3.93 sys=0.00, real=0.12 secs] 
2884.033: [GC (Allocation Failure) [PSYoungGen: 21691134K->610207K(22609920K)] 22349584K->1269049K(25755648K), 0.1141901 secs] [Times: user=4.03 sys=0.00, real=0.11 secs] 
2892.388: [GC (Allocation Failure) [PSYoungGen: 21712799K->570372K(22609920K)] 22371641K->1229799K(25755648K), 0.1070688 secs] [Times: user=3.73 sys=0.00, real=0.11 secs] 
2900.840: [GC (Allocation Failure) [PSYoungGen: 21672964K->584868K(22609920K)] 22332391K->1244687K(25755648K), 0.1096235 secs] [Times: user=3.82 sys=0.00, real=0.11 secs] 
2909.151: [GC (Allocation Failure) [PSYoungGen: 21687460K->585044K(22609920K)] 22347279K->1245343K(25755648K), 0.1078114 secs] [Times: user=3.79 sys=0.00, real=0.11 secs] 
2917.585: [GC (Allocation Failure) [PSYoungGen: 21687636K->595855K(22609920K)] 22347935K->1256737K(25755648K), 0.1139942 secs] [Times: user=3.93 sys=0.00, real=0.11 secs] 
2926.047: [GC (Allocation Failure) [PSYoungGen: 21698447K->594474K(22609920K)] 22359329K->1255724K(25755648K), 0.1093989 secs] [Times: user=3.85 sys=0.00, real=0.11 secs] 
2934.376: [GC (Allocation Failure) [PSYoungGen: 21697066K->582622K(22609920K)] 22358316K->1244464K(25755648K), 0.1106814 secs] [Times: user=3.89 sys=0.01, real=0.11 secs] 
2942.487: [GC (Allocation Failure) [PSYoungGen: 21685214K->598009K(22609920K)] 22347056K->1260443K(25755648K), 0.1126660 secs] [Times: user=3.96 sys=0.00, real=0.12 secs] 
2950.711: [GC (Allocation Failure) [PSYoungGen: 21700601K->581956K(22609920K)] 22363035K->1244895K(25755648K), 0.1087798 secs] [Times: user=3.84 sys=0.00, real=0.11 secs] 
2958.888: [GC (Allocation Failure) [PSYoungGen: 21684548K->603054K(22609920K)] 22347487K->1266560K(25755648K), 0.1118053 secs] [Times: user=3.88 sys=0.00, real=0.11 secs] 
2967.318: [GC (Allocation Failure) [PSYoungGen: 21705646K->583423K(22609920K)] 22369152K->1247369K(25755648K), 0.1082960 secs] [Times: user=3.78 sys=0.00, real=0.11 secs] 
2975.502: [GC (Allocation Failure) [PSYoungGen: 21686015K->577588K(22609920K)] 22349961K->1241959K(25755648K), 0.1102374 secs] [Times: user=3.88 sys=0.00, real=0.11 secs] 
2983.665: [GC (Allocation Failure) [PSYoungGen: 21680180K->584425K(22609920K)] 22344551K->1249283K(25755648K), 0.1113658 secs] [Times: user=3.91 sys=0.01, real=0.11 secs] 
2991.989: [GC (Allocation Failure) [PSYoungGen: 21687017K->584052K(22609920K)] 22351875K->1249495K(25755648K), 0.1118825 secs] [Times: user=3.94 sys=0.00, real=0.11 secs] 
3000.006: [GC (Allocation Failure) [PSYoungGen: 21686644K->584836K(22609920K)] 22352087K->1250879K(25755648K), 0.1145998 secs] [Times: user=3.95 sys=0.00, real=0.12 secs] 
3008.031: [GC (Allocation Failure) [PSYoungGen: 21687428K->601017K(22609920K)] 22353471K->1267563K(25755648K), 0.1105700 secs] [Times: user=3.90 sys=0.00, real=0.11 secs] 
3015.798: [GC (Allocation Failure) [PSYoungGen: 21703609K->581348K(22609920K)] 22370155K->1248487K(25755648K), 0.1111899 secs] [Times: user=3.89 sys=0.00, real=0.11 secs] 
3023.731: [GC (Allocation Failure) [PSYoungGen: 21683940K->586617K(22609920K)] 22351079K->1254324K(25755648K), 0.1126730 secs] [Times: user=3.92 sys=0.00, real=0.11 secs] 
3031.711: [GC (Allocation Failure) [PSYoungGen: 21689209K->594404K(22609920K)] 22356916K->1262663K(25755648K), 0.1134202 secs] [Times: user=4.00 sys=0.00, real=0.12 secs] 
3039.619: [GC (Allocation Failure) [PSYoungGen: 21696996K->585066K(22609920K)] 22365255K->1253732K(25755648K), 0.1099768 secs] [Times: user=3.76 sys=0.00, real=0.11 secs] 
3047.518: [GC (Allocation Failure) [PSYoungGen: 21687658K->582244K(22609920K)] 22356324K->1251527K(25755648K), 0.1110696 secs] [Times: user=3.91 sys=0.00, real=0.11 secs] 
3055.490: [GC (Allocation Failure) [PSYoungGen: 21684836K->580330K(22609920K)] 22354119K->1250028K(25755648K), 0.1079811 secs] [Times: user=3.75 sys=0.00, real=0.11 secs] 
3063.197: [GC (Allocation Failure) [PSYoungGen: 21682922K->595604K(22609920K)] 22352620K->1265695K(25755648K), 0.1135922 secs] [Times: user=3.96 sys=0.00, real=0.11 secs] 
3070.773: [GC (Allocation Failure) [PSYoungGen: 21698196K->596650K(22609920K)] 22368287K->1267228K(25755648K), 0.1103224 secs] [Times: user=3.78 sys=0.00, real=0.11 secs] 
3078.567: [GC (Allocation Failure) [PSYoungGen: 21699242K->588441K(22609920K)] 22369820K->1259523K(25755648K), 0.1116950 secs] [Times: user=3.87 sys=0.00, real=0.12 secs] 
3086.244: [GC (Allocation Failure) [PSYoungGen: 21691033K->598313K(22609920K)] 22362115K->1269771K(25755648K), 0.1138922 secs] [Times: user=4.00 sys=0.01, real=0.11 secs] 
3094.010: [GC (Allocation Failure) [PSYoungGen: 21700905K->601038K(22609920K)] 22372363K->1272912K(25755648K), 0.1112912 secs] [Times: user=3.88 sys=0.00, real=0.11 secs] 
3101.682: [GC (Allocation Failure) [PSYoungGen: 21703630K->597578K(22609920K)] 22375504K->1269884K(25755648K), 0.1131011 secs] [Times: user=3.99 sys=0.00, real=0.12 secs] 
3109.442: [GC (Allocation Failure) [PSYoungGen: 21700170K->609559K(22609920K)] 22372476K->1282233K(25755648K), 0.1115653 secs] [Times: user=3.93 sys=0.00, real=0.12 secs] 
3117.147: [GC (Allocation Failure) [PSYoungGen: 21712151K->591268K(22609920K)] 22384825K->1264511K(25755648K), 0.1112545 secs] [Times: user=3.92 sys=0.00, real=0.11 secs] 
3124.927: [GC (Allocation Failure) [PSYoungGen: 21693860K->610319K(22609920K)] 22367103K->1283938K(25755648K), 0.1158003 secs] [Times: user=4.01 sys=0.00, real=0.11 secs] 
3132.388: [GC (Allocation Failure) [PSYoungGen: 21712911K->572740K(22609920K)] 22386530K->1246855K(25755648K), 0.1063127 secs] [Times: user=3.75 sys=0.00, real=0.10 secs] 
3139.756: [GC (Allocation Failure) [PSYoungGen: 21675332K->583012K(22609920K)] 22349447K->1257671K(25755648K), 0.1111267 secs] [Times: user=3.92 sys=0.00, real=0.11 secs] 
3147.198: [GC (Allocation Failure) [PSYoungGen: 21685604K->604553K(22609920K)] 22360263K->1279699K(25755648K), 0.1141665 secs] [Times: user=4.03 sys=0.00, real=0.12 secs] 
3154.690: [GC (Allocation Failure) [PSYoungGen: 21707145K->589257K(22609920K)] 22382291K->1264780K(25755648K), 0.1098625 secs] [Times: user=3.85 sys=0.00, real=0.11 secs] 
3162.211: [GC (Allocation Failure) [PSYoungGen: 21691849K->598260K(22609920K)] 22367372K->1274327K(25755648K), 0.1139020 secs] [Times: user=4.01 sys=0.00, real=0.12 secs] 
3169.767: [GC (Allocation Failure) [PSYoungGen: 21700852K->594634K(22609920K)] 22376919K->1271276K(25755648K), 0.1121844 secs] [Times: user=3.83 sys=0.00, real=0.11 secs] 
3177.165: [GC (Allocation Failure) [PSYoungGen: 21697226K->606399K(22609920K)] 22373868K->1283609K(25755648K), 0.1137237 secs] [Times: user=3.89 sys=0.00, real=0.11 secs] 
3184.773: [GC (Allocation Failure) [PSYoungGen: 21708991K->593225K(22609920K)] 22386201K->1270851K(25755648K), 0.1128249 secs] [Times: user=3.97 sys=0.01, real=0.12 secs] 
3192.249: [GC (Allocation Failure) [PSYoungGen: 21695817K->603898K(22609920K)] 22373443K->1282076K(25755648K), 0.1153715 secs] [Times: user=4.04 sys=0.00, real=0.11 secs] 
3199.407: [GC (Allocation Failure) [PSYoungGen: 21706490K->583065K(22609920K)] 22384668K->1261828K(25755648K), 0.1109459 secs] [Times: user=3.88 sys=0.01, real=0.12 secs] 
3206.697: [GC (Allocation Failure) [PSYoungGen: 21685657K->580708K(22609920K)] 22364420K->1259863K(25755648K), 0.1101899 secs] [Times: user=3.87 sys=0.00, real=0.11 secs] 
3214.027: [GC (Allocation Failure) [PSYoungGen: 21683300K->602058K(22609920K)] 22362455K->1281844K(25755648K), 0.1207873 secs] [Times: user=3.92 sys=0.01, real=0.12 secs] 
3221.268: [GC (Allocation Failure) [PSYoungGen: 21704650K->600932K(22609920K)] 22384436K->1281095K(25755648K), 0.1105891 secs] [Times: user=3.89 sys=0.00, real=0.11 secs] 
3228.382: [GC (Allocation Failure) [PSYoungGen: 21703524K->595966K(22609920K)] 22383687K->1276577K(25755648K), 0.1097753 secs] [Times: user=3.85 sys=0.01, real=0.11 secs] 
3235.721: [GC (Allocation Failure) [PSYoungGen: 21698558K->592153K(22609920K)] 22379169K->1273235K(25755648K), 0.1107092 secs] [Times: user=3.90 sys=0.00, real=0.11 secs] 
3242.933: [GC (Allocation Failure) [PSYoungGen: 21694745K->586052K(22609920K)] 22375827K->1267575K(25755648K), 0.1083148 secs] [Times: user=3.82 sys=0.00, real=0.11 secs] 
3250.097: [GC (Allocation Failure) [PSYoungGen: 21688644K->608029K(22609920K)] 22370167K->1290048K(25755648K), 0.1137510 secs] [Times: user=3.97 sys=0.00, real=0.11 secs] 
3257.421: [GC (Allocation Failure) [PSYoungGen: 21710621K->574820K(22609920K)] 22392640K->1257223K(25755648K), 0.1103621 secs] [Times: user=3.86 sys=0.00, real=0.11 secs] 
3264.374: [GC (Allocation Failure) [PSYoungGen: 21677412K->580852K(22609920K)] 22359815K->1263639K(25755648K), 0.1111424 secs] [Times: user=3.91 sys=0.00, real=0.11 secs] 
3271.507: [GC (Allocation Failure) [PSYoungGen: 21683444K->579204K(22609920K)] 22366231K->1262383K(25755648K), 0.1118216 secs] [Times: user=3.93 sys=0.00, real=0.12 secs] 
3278.574: [GC (Allocation Failure) [PSYoungGen: 21681796K->582660K(22609920K)] 22364975K->1266207K(25755648K), 0.1090366 secs] [Times: user=3.85 sys=0.00, real=0.11 secs] 
3285.624: [GC (Allocation Failure) [PSYoungGen: 21685252K->591273K(22609920K)] 22368799K->1275356K(25755648K), 0.1105959 secs] [Times: user=3.88 sys=0.00, real=0.11 secs] 
3292.679: [GC (Allocation Failure) [PSYoungGen: 21693865K->591450K(22609920K)] 22377948K->1275973K(25755648K), 0.1085099 secs] [Times: user=3.81 sys=0.00, real=0.11 secs] 
3299.691: [GC (Allocation Failure) [PSYoungGen: 21694042K->587172K(22609920K)] 22378565K->1272087K(25755648K), 0.1132178 secs] [Times: user=3.96 sys=0.00, real=0.12 secs] 
3306.879: [GC (Allocation Failure) [PSYoungGen: 21689764K->595460K(22609920K)] 22374679K->1280927K(25755648K), 0.1126074 secs] [Times: user=3.83 sys=0.00, real=0.11 secs] 
3314.018: [GC (Allocation Failure) [PSYoungGen: 21698052K->612985K(22609920K)] 22383519K->1298939K(25755648K), 0.1157618 secs] [Times: user=4.08 sys=0.01, real=0.11 secs] 
3321.278: [GC (Allocation Failure) [PSYoungGen: 21715577K->591290K(22609920K)] 22401531K->1277628K(25755648K), 0.1130830 secs] [Times: user=3.99 sys=0.00, real=0.11 secs] 
3328.388: [GC (Allocation Failure) [PSYoungGen: 21693882K->600190K(22609920K)] 22380220K->1286961K(25755648K), 0.1101365 secs] [Times: user=3.88 sys=0.00, real=0.11 secs] 
3335.354: [GC (Allocation Failure) [PSYoungGen: 21702782K->577476K(22609920K)] 22389553K->1264831K(25755648K), 0.1090106 secs] [Times: user=3.83 sys=0.00, real=0.11 secs] 
3342.094: [GC (Allocation Failure) [PSYoungGen: 21680068K->612537K(22609920K)] 22367423K->1300419K(25755648K), 0.1120307 secs] [Times: user=3.95 sys=0.00, real=0.11 secs] 
3349.140: [GC (Allocation Failure) [PSYoungGen: 21715129K->596740K(22609920K)] 22403011K->1284991K(25755648K), 0.1106739 secs] [Times: user=3.90 sys=0.00, real=0.11 secs] 
3355.990: [GC (Allocation Failure) [PSYoungGen: 21699332K->591140K(22609920K)] 22387583K->1279791K(25755648K), 0.1121116 secs] [Times: user=3.95 sys=0.00, real=0.12 secs] 
3362.831: [GC (Allocation Failure) [PSYoungGen: 21693732K->605609K(22609920K)] 22382383K->1294748K(25755648K), 0.1123436 secs] [Times: user=3.95 sys=0.00, real=0.12 secs] 
3369.518: [GC (Allocation Failure) [PSYoungGen: 21708201K->587492K(22609920K)] 22397340K->1277063K(25755648K), 0.1089521 secs] [Times: user=3.84 sys=0.00, real=0.11 secs] 
3376.499: [GC (Allocation Failure) [PSYoungGen: 21690084K->590249K(22609920K)] 22379655K->1280203K(25755648K), 0.1120617 secs] [Times: user=3.92 sys=0.00, real=0.11 secs] 
3383.439: [GC (Allocation Failure) [PSYoungGen: 21692841K->583655K(22609920K)] 22382795K->1274162K(25755648K), 0.1082475 secs] [Times: user=3.82 sys=0.00, real=0.11 secs] 
3390.338: [GC (Allocation Failure) [PSYoungGen: 21686247K->590921K(22609920K)] 22376754K->1281907K(25755648K), 0.1100366 secs] [Times: user=3.85 sys=0.01, real=0.11 secs] 
3397.306: [GC (Allocation Failure) [PSYoungGen: 21693513K->584602K(22609920K)] 22384499K->1276205K(25755648K), 0.1088419 secs] [Times: user=3.83 sys=0.00, real=0.11 secs] 
3403.998: [GC (Allocation Failure) [PSYoungGen: 21687194K->601386K(22609920K)] 22378797K->1293348K(25755648K), 0.1116337 secs] [Times: user=3.93 sys=0.00, real=0.12 secs] 
3410.685: [GC (Allocation Failure) [PSYoungGen: 21703978K->584228K(22609920K)] 22395940K->1276671K(25755648K), 0.1118281 secs] [Times: user=3.91 sys=0.00, real=0.11 secs] 
3417.432: [GC (Allocation Failure) [PSYoungGen: 21686820K->594366K(22609920K)] 22379263K->1287304K(25755648K), 0.1094552 secs] [Times: user=3.85 sys=0.01, real=0.11 secs] 
3424.211: [GC (Allocation Failure) [PSYoungGen: 21696958K->598308K(22609920K)] 22389896K->1291631K(25755648K), 0.1108346 secs] [Times: user=3.89 sys=0.00, real=0.12 secs] 
3431.012: [GC (Allocation Failure) [PSYoungGen: 21700900K->593988K(22609920K)] 22394223K->1287943K(25755648K), 0.1113782 secs] [Times: user=3.87 sys=0.00, real=0.12 secs] 
3437.585: [GC (Allocation Failure) [PSYoungGen: 21696580K->592644K(22609920K)] 22390535K->1286951K(25755648K), 0.1104950 secs] [Times: user=3.81 sys=0.01, real=0.11 secs] 
3444.264: [GC (Allocation Failure) [PSYoungGen: 21695236K->611945K(22609920K)] 22389543K->1306684K(25755648K), 0.1140301 secs] [Times: user=4.03 sys=0.01, real=0.12 secs] 
3451.175: [GC (Allocation Failure) [PSYoungGen: 21714537K->603049K(22609920K)] 22409276K->1298260K(25755648K), 0.1161376 secs] [Times: user=3.99 sys=0.01, real=0.12 secs] 
3457.820: [GC (Allocation Failure) [PSYoungGen: 21705641K->598304K(22609920K)] 22400852K->1294098K(25755648K), 0.1122059 secs] [Times: user=3.92 sys=0.00, real=0.11 secs] 
3464.575: [GC (Allocation Failure) [PSYoungGen: 21700896K->588361K(22609920K)] 22396690K->1284531K(25755648K), 0.1206823 secs] [Times: user=4.09 sys=0.01, real=0.12 secs] 
3471.286: [GC (Allocation Failure) [PSYoungGen: 21690953K->585083K(22609920K)] 22387123K->1281782K(25755648K), 0.1127284 secs] [Times: user=3.92 sys=0.00, real=0.11 secs] 
3477.922: [GC (Allocation Failure) [PSYoungGen: 21687675K->595684K(22609920K)] 22384374K->1292767K(25755648K), 0.1098112 secs] [Times: user=3.84 sys=0.00, real=0.11 secs] 
3484.653: [GC (Allocation Failure) [PSYoungGen: 21698276K->595492K(22609920K)] 22395359K->1292951K(25755648K), 0.1145978 secs] [Times: user=3.94 sys=0.00, real=0.11 secs] 
3491.170: [GC (Allocation Failure) [PSYoungGen: 21698084K->623268K(22609920K)] 22395543K->1321334K(25755648K), 0.1177286 secs] [Times: user=4.11 sys=0.00, real=0.12 secs] 
3497.730: [GC (Allocation Failure) [PSYoungGen: 21725860K->606300K(22609920K)] 22423926K->1304758K(25755648K), 0.1148590 secs] [Times: user=4.05 sys=0.00, real=0.12 secs] 
3504.244: [GC (Allocation Failure) [PSYoungGen: 21708892K->608874K(22609920K)] 22407350K->1307812K(25755648K), 0.1158524 secs] [Times: user=4.08 sys=0.00, real=0.12 secs] 
3510.750: [GC (Allocation Failure) [PSYoungGen: 21711466K->601604K(22609920K)] 22410404K->1300911K(25755648K), 0.1113119 secs] [Times: user=3.92 sys=0.00, real=0.11 secs] 
3517.312: [GC (Allocation Failure) [PSYoungGen: 21704196K->596425K(22609920K)] 22403503K->1296331K(25755648K), 0.1116651 secs] [Times: user=3.94 sys=0.00, real=0.11 secs] 
3523.734: [GC (Allocation Failure) [PSYoungGen: 21699017K->600793K(22609920K)] 22398923K->1301163K(25755648K), 0.1118137 secs] [Times: user=3.94 sys=0.00, real=0.11 secs] 
3530.288: [GC (Allocation Failure) [PSYoungGen: 21703203K->595400K(22609920K)] 22403574K->1296267K(25755648K), 0.1113534 secs] [Times: user=3.92 sys=0.01, real=0.12 secs] 
3536.846: [GC (Allocation Failure) [PSYoungGen: 21697992K->602856K(22609920K)] 22398859K->1304154K(25755648K), 0.1129684 secs] [Times: user=3.98 sys=0.00, real=0.12 secs] 
3543.453: [GC (Allocation Failure) [PSYoungGen: 21705448K->586345K(22609920K)] 22406746K->1288011K(25755648K), 0.1113453 secs] [Times: user=3.92 sys=0.00, real=0.11 secs] 
3549.920: [GC (Allocation Failure) [PSYoungGen: 21688937K->599289K(22609920K)] 22390603K->1301363K(25755648K), 0.1110937 secs] [Times: user=3.91 sys=0.00, real=0.12 secs] 
3556.176: [GC (Allocation Failure) [PSYoungGen: 21701881K->603988K(22609920K)] 22403955K->1306495K(25755648K), 0.1112651 secs] [Times: user=3.92 sys=0.00, real=0.11 secs] 
3562.655: [GC (Allocation Failure) [PSYoungGen: 21706580K->607054K(22609920K)] 22409087K->1309960K(25755648K), 0.1157532 secs] [Times: user=4.01 sys=0.00, real=0.11 secs] 
3568.926: [GC (Allocation Failure) [PSYoungGen: 21709646K->603081K(22609920K)] 22412552K->1306435K(25755648K), 0.1137895 secs] [Times: user=3.96 sys=0.00, real=0.11 secs] 
3575.323: [GC (Allocation Failure) [PSYoungGen: 21705673K->586426K(22609920K)] 22409027K->1290164K(25755648K), 0.1130318 secs] [Times: user=3.91 sys=0.00, real=0.12 secs] 
3581.654: [GC (Allocation Failure) [PSYoungGen: 21689018K->590276K(22609920K)] 22392756K->1294551K(25755648K), 0.1124294 secs] [Times: user=3.96 sys=0.00, real=0.12 secs] 
3588.058: [GC (Allocation Failure) [PSYoungGen: 21692868K->609444K(22609920K)] 22397143K->1314087K(25755648K), 0.1154809 secs] [Times: user=3.94 sys=0.00, real=0.11 secs] 
3594.467: [GC (Allocation Failure) [PSYoungGen: 21712036K->593546K(22609920K)] 22416679K->1298772K(25755648K), 0.1109994 secs] [Times: user=3.86 sys=0.00, real=0.12 secs] 
3600.659: [GC (Allocation Failure) [PSYoungGen: 21696138K->600414K(22609920K)] 22401364K->1306000K(25755648K), 0.1131952 secs] [Times: user=3.98 sys=0.00, real=0.11 secs] 
3607.085: [GC (Allocation Failure) [PSYoungGen: 21703006K->620288K(22609920K)] 22408592K->1326274K(25755648K), 0.1186082 secs] [Times: user=4.18 sys=0.01, real=0.12 secs] 
3613.369: [GC (Allocation Failure) [PSYoungGen: 21722880K->601993K(22609920K)] 22428866K->1308387K(25755648K), 0.1124462 secs] [Times: user=3.92 sys=0.01, real=0.12 secs] 
3619.592: [GC (Allocation Failure) [PSYoungGen: 21704585K->590788K(22609920K)] 22410979K->1297559K(25755648K), 0.1086434 secs] [Times: user=3.83 sys=0.00, real=0.10 secs] 
3625.845: [GC (Allocation Failure) [PSYoungGen: 21693380K->609321K(22609920K)] 22400151K->1316523K(25755648K), 0.1121503 secs] [Times: user=3.95 sys=0.00, real=0.11 secs] 
3631.964: [GC (Allocation Failure) [PSYoungGen: 21711913K->602132K(22609920K)] 22419115K->1309719K(25755648K), 0.1114017 secs] [Times: user=3.92 sys=0.01, real=0.11 secs] 
3638.072: [GC (Allocation Failure) [PSYoungGen: 21704724K->621960K(22609920K)] 22412311K->1329907K(25755648K), 0.1181703 secs] [Times: user=4.06 sys=0.00, real=0.12 secs] 
3644.338: [GC (Allocation Failure) [PSYoungGen: 21724552K->603550K(22609920K)] 22432499K->1311952K(25755648K), 0.1110132 secs] [Times: user=3.91 sys=0.00, real=0.11 secs] 
3650.408: [GC (Allocation Failure) [PSYoungGen: 21706142K->598089K(22609920K)] 22414544K->1306883K(25755648K), 0.1125441 secs] [Times: user=3.91 sys=0.00, real=0.11 secs] 
3656.620: [GC (Allocation Failure) [PSYoungGen: 21700681K->600772K(22609920K)] 22409475K->1310127K(25755648K), 0.1114859 secs] [Times: user=3.93 sys=0.00, real=0.11 secs] 
3662.827: [GC (Allocation Failure) [PSYoungGen: 21703364K->610633K(22609920K)] 22412719K->1320363K(25755648K), 0.1160699 secs] [Times: user=4.09 sys=0.00, real=0.12 secs] 
3668.994: [GC (Allocation Failure) [PSYoungGen: 21713225K->602340K(22609920K)] 22422955K->1312695K(25755648K), 0.1111870 secs] [Times: user=3.93 sys=0.00, real=0.11 secs] 
3675.137: [GC (Allocation Failure) [PSYoungGen: 21704932K->611428K(22609920K)] 22415287K->1322159K(25755648K), 0.1126832 secs] [Times: user=3.97 sys=0.00, real=0.12 secs] 
3681.412: [GC (Allocation Failure) [PSYoungGen: 21714020K->585273K(22609920K)] 22424751K->1296412K(25755648K), 0.1118175 secs] [Times: user=3.94 sys=0.00, real=0.11 secs] 
3687.706: [GC (Allocation Failure) [PSYoungGen: 21687865K->591684K(22609920K)] 22399004K->1303199K(25755648K), 0.1096940 secs] [Times: user=3.85 sys=0.00, real=0.11 secs] 
3693.860: [GC (Allocation Failure) [PSYoungGen: 21694276K->601572K(22609920K)] 22405791K->1313671K(25755648K), 0.1110916 secs] [Times: user=3.92 sys=0.00, real=0.11 secs] 
3699.852: [GC (Allocation Failure) [PSYoungGen: 21704164K->618947K(22609920K)] 22416263K->1331485K(25755648K), 0.1148371 secs] [Times: user=4.05 sys=0.00, real=0.12 secs] 
3705.868: [GC (Allocation Failure) [PSYoungGen: 21721539K->602724K(22609920K)] 22434077K->1315631K(25755648K), 0.1116348 secs] [Times: user=3.93 sys=0.00, real=0.11 secs] 
3712.023: [GC (Allocation Failure) [PSYoungGen: 21705316K->597252K(22609920K)] 22418223K->1310663K(25755648K), 0.1165286 secs] [Times: user=4.10 sys=0.01, real=0.12 secs] 
3718.046: [GC (Allocation Failure) [PSYoungGen: 21699844K->616655K(22609920K)] 22413255K->1330473K(25755648K), 0.1189261 secs] [Times: user=4.01 sys=0.01, real=0.11 secs] 
3724.062: [GC (Allocation Failure) [PSYoungGen: 21719247K->603353K(22609920K)] 22433065K->1317660K(25755648K), 0.1142905 secs] [Times: user=4.03 sys=0.00, real=0.12 secs] 
3730.258: [GC (Allocation Failure) [PSYoungGen: 21705945K->623934K(22609920K)] 22420252K->1338744K(25755648K), 0.1170317 secs] [Times: user=4.13 sys=0.00, real=0.11 secs] 
3736.360: [GC (Allocation Failure) [PSYoungGen: 21726526K->601625K(22609920K)] 22441336K->1316844K(25755648K), 0.1120385 secs] [Times: user=3.95 sys=0.00, real=0.11 secs] 
3742.408: [GC (Allocation Failure) [PSYoungGen: 21704217K->588906K(22609920K)] 22419436K->1304652K(25755648K), 0.1094586 secs] [Times: user=3.84 sys=0.00, real=0.11 secs] 
3748.380: [GC (Allocation Failure) [PSYoungGen: 21691498K->593912K(22609920K)] 22407244K->1310027K(25755648K), 0.1135656 secs] [Times: user=3.99 sys=0.00, real=0.12 secs] 
3754.402: [GC (Allocation Failure) [PSYoungGen: 21696504K->598106K(22609920K)] 22412619K->1314773K(25755648K), 0.1149636 secs] [Times: user=3.99 sys=0.00, real=0.11 secs] 
3760.297: [GC (Allocation Failure) [PSYoungGen: 21700698K->605053K(22609920K)] 22417365K->1322184K(25755648K), 0.1114869 secs] [Times: user=3.92 sys=0.00, real=0.11 secs] 
3766.225: [GC (Allocation Failure) [PSYoungGen: 21707645K->614109K(22609920K)] 22424776K->1331607K(25755648K), 0.1151377 secs] [Times: user=4.07 sys=0.00, real=0.11 secs] 
3772.168: [GC (Allocation Failure) [PSYoungGen: 21716701K->627465K(22609920K)] 22434199K->1345467K(25755648K), 0.1157065 secs] [Times: user=4.05 sys=0.00, real=0.11 secs] 
3778.260: [GC (Allocation Failure) [PSYoungGen: 21730057K->605828K(22609920K)] 22448059K->1324215K(25755648K), 0.1119607 secs] [Times: user=3.94 sys=0.01, real=0.11 secs] 
3784.235: [GC (Allocation Failure) [PSYoungGen: 21708420K->623287K(22609920K)] 22426807K->1342145K(25755648K), 0.1168146 secs] [Times: user=4.11 sys=0.00, real=0.12 secs] 
3790.267: [GC (Allocation Failure) [PSYoungGen: 21725879K->621375K(22609920K)] 22444737K->1340705K(25755648K), 0.1165876 secs] [Times: user=4.11 sys=0.00, real=0.12 secs] 
3796.099: [GC (Allocation Failure) [PSYoungGen: 21723967K->629429K(22609920K)] 22443297K->1349119K(25755648K), 0.1179116 secs] [Times: user=4.16 sys=0.00, real=0.11 secs] 
3801.986: [GC (Allocation Failure) [PSYoungGen: 21732021K->605796K(22609920K)] 22451711K->1326007K(25755648K), 0.1140480 secs] [Times: user=4.01 sys=0.00, real=0.12 secs] 
3808.059: [GC (Allocation Failure) [PSYoungGen: 21708388K->613167K(22609920K)] 22428599K->1333777K(25755648K), 0.1162649 secs] [Times: user=3.96 sys=0.00, real=0.12 secs] 
3814.072: [GC (Allocation Failure) [PSYoungGen: 21715759K->606276K(22609920K)] 22436369K->1327287K(25755648K), 0.1145805 secs] [Times: user=4.01 sys=0.00, real=0.11 secs] 
3819.979: [GC (Allocation Failure) [PSYoungGen: 21708868K->611034K(22609920K)] 22429879K->1332404K(25755648K), 0.1125088 secs] [Times: user=3.95 sys=0.01, real=0.11 secs] 
3825.898: [GC (Allocation Failure) [PSYoungGen: 21713626K->605640K(22609920K)] 22434996K->1327539K(25755648K), 0.1122156 secs] [Times: user=3.96 sys=0.00, real=0.11 secs] 
3831.695: [GC (Allocation Failure) [PSYoungGen: 21708232K->633956K(22609920K)] 22430131K->1356223K(25755648K), 0.1175492 secs] [Times: user=4.16 sys=0.00, real=0.11 secs] 
3837.638: [GC (Allocation Failure) [PSYoungGen: 21736548K->622179K(22609920K)] 22458815K->1344830K(25755648K), 0.1154536 secs] [Times: user=3.98 sys=0.01, real=0.11 secs] 
3843.438: [GC (Allocation Failure) [PSYoungGen: 21724771K->596986K(22609920K)] 22447422K->1320020K(25755648K), 0.1112853 secs] [Times: user=3.92 sys=0.00, real=0.11 secs] 
3849.256: [GC (Allocation Failure) [PSYoungGen: 21699578K->636735K(22609920K)] 22422612K->1360161K(25755648K), 0.1192817 secs] [Times: user=4.18 sys=0.00, real=0.12 secs] 
3855.190: [GC (Allocation Failure) [PSYoungGen: 21739327K->621100K(22609920K)] 22462753K->1344894K(25755648K), 0.1203007 secs] [Times: user=4.14 sys=0.00, real=0.12 secs] 
3861.132: [GC (Allocation Failure) [PSYoungGen: 21723692K->609625K(22609920K)] 22447486K->1333900K(25755648K), 0.1126389 secs] [Times: user=3.97 sys=0.01, real=0.11 secs] 
3866.948: [GC (Allocation Failure) [PSYoungGen: 21712217K->649851K(22609920K)] 22436492K->1374501K(25755648K), 0.1195052 secs] [Times: user=4.21 sys=0.00, real=0.12 secs] 
3872.801: [GC (Allocation Failure) [PSYoungGen: 21752443K->597513K(22609920K)] 22477093K->1322731K(25755648K), 0.1115621 secs] [Times: user=3.91 sys=0.00, real=0.11 secs] 
3878.638: [GC (Allocation Failure) [PSYoungGen: 21700105K->593652K(22609920K)] 22425323K->1319263K(25755648K), 0.1101702 secs] [Times: user=3.86 sys=0.01, real=0.11 secs] 
3884.396: [GC (Allocation Failure) [PSYoungGen: 21696244K->584612K(22609920K)] 22421855K->1310815K(25755648K), 0.1104925 secs] [Times: user=3.89 sys=0.00, real=0.11 secs] 
3890.218: [GC (Allocation Failure) [PSYoungGen: 21687204K->625828K(22609920K)] 22413407K->1352407K(25755648K), 0.1157015 secs] [Times: user=4.07 sys=0.00, real=0.12 secs] 
3895.977: [GC (Allocation Failure) [PSYoungGen: 21728420K->622473K(22609920K)] 22454999K->1349499K(25755648K), 0.1159039 secs] [Times: user=4.02 sys=0.01, real=0.11 secs] 
3901.671: [GC (Allocation Failure) [PSYoungGen: 21725065K->633572K(22609920K)] 22452091K->1360983K(25755648K), 0.1203842 secs] [Times: user=4.25 sys=0.00, real=0.12 secs] 
3907.306: [GC (Allocation Failure) [PSYoungGen: 21736164K->588073K(22609920K)] 22463575K->1315860K(25755648K), 0.1127982 secs] [Times: user=3.97 sys=0.00, real=0.11 secs] 
3913.061: [GC (Allocation Failure) [PSYoungGen: 21690665K->615794K(22609920K)] 22418452K->1344181K(25755648K), 0.1164264 secs] [Times: user=4.03 sys=0.00, real=0.12 secs] 
3918.592: [GC (Allocation Failure) [PSYoungGen: 21718386K->608265K(22609920K)] 22446773K->1337068K(25755648K), 0.1132683 secs] [Times: user=3.99 sys=0.01, real=0.11 secs] 
3924.292: [GC (Allocation Failure) [PSYoungGen: 21710857K->588708K(22609920K)] 22439660K->1317943K(25755648K), 0.1137868 secs] [Times: user=3.81 sys=0.00, real=0.11 secs] 
3929.953: [GC (Allocation Failure) [PSYoungGen: 21691300K->614692K(22609920K)] 22420535K->1344295K(25755648K), 0.1157747 secs] [Times: user=4.08 sys=0.00, real=0.12 secs] 
3935.457: [GC (Allocation Failure) [PSYoungGen: 21717284K->598457K(22609920K)] 22446887K->1328420K(25755648K), 0.1105211 secs] [Times: user=3.89 sys=0.00, real=0.11 secs] 
3941.119: [GC (Allocation Failure) [PSYoungGen: 21701049K->635044K(22609920K)] 22431012K->1365463K(25755648K), 0.1199919 secs] [Times: user=4.23 sys=0.00, real=0.12 secs] 
3946.798: [GC (Allocation Failure) [PSYoungGen: 21737636K->606265K(22609920K)] 22468055K->1337060K(25755648K), 0.1157310 secs] [Times: user=4.02 sys=0.00, real=0.12 secs] 
3952.524: [GC (Allocation Failure) [PSYoungGen: 21708857K->590788K(22609920K)] 22439652K->1322031K(25755648K), 0.1133550 secs] [Times: user=3.95 sys=0.00, real=0.11 secs] 
3958.031: [GC (Allocation Failure) [PSYoungGen: 21693380K->613433K(22609920K)] 22424623K->1345043K(25755648K), 0.1135202 secs] [Times: user=4.00 sys=0.01, real=0.12 secs] 
3963.721: [GC (Allocation Failure) [PSYoungGen: 21716025K->601481K(22609920K)] 22447635K->1333492K(25755648K), 0.1155484 secs] [Times: user=4.07 sys=0.01, real=0.12 secs] 
3969.199: [GC (Allocation Failure) [PSYoungGen: 21704073K->625898K(22609920K)] 22436084K->1358285K(25755648K), 0.1146355 secs] [Times: user=4.04 sys=0.00, real=0.11 secs] 
3974.781: [GC (Allocation Failure) [PSYoungGen: 21728490K->613363K(22609920K)] 22460877K->1346182K(25755648K), 0.1149296 secs] [Times: user=4.05 sys=0.00, real=0.12 secs] 
3980.333: [GC (Allocation Failure) [PSYoungGen: 21715955K->602661K(22609920K)] 22448774K->1335855K(25755648K), 0.1153288 secs] [Times: user=4.05 sys=0.00, real=0.12 secs] 
3985.795: [GC (Allocation Failure) [PSYoungGen: 21705253K->608612K(22609920K)] 22438447K->1342287K(25755648K), 0.1116337 secs] [Times: user=3.93 sys=0.00, real=0.11 secs] 
3991.242: [GC (Allocation Failure) [PSYoungGen: 21711204K->629976K(22609920K)] 22444879K->1364027K(25755648K), 0.1167419 secs] [Times: user=4.11 sys=0.00, real=0.12 secs] 
3996.719: [GC (Allocation Failure) [PSYoungGen: 21732568K->608477K(22609920K)] 22466619K->1342887K(25755648K), 0.1137878 secs] [Times: user=4.01 sys=0.00, real=0.11 secs] 
4002.125: [GC (Allocation Failure) [PSYoungGen: 21711069K->620937K(22609920K)] 22445479K->1355852K(25755648K), 0.1180025 secs] [Times: user=4.12 sys=0.00, real=0.12 secs] 
4007.778: [GC (Allocation Failure) [PSYoungGen: 21723529K->619157K(22609920K)] 22458444K->1354455K(25755648K), 0.1150134 secs] [Times: user=4.03 sys=0.00, real=0.12 secs] 
4013.289: [GC (Allocation Failure) [PSYoungGen: 21721749K->580900K(22609920K)] 22457047K->1316631K(25755648K), 0.1086889 secs] [Times: user=3.82 sys=0.00, real=0.11 secs] 
4018.769: [GC (Allocation Failure) [PSYoungGen: 21683492K->612447K(22609920K)] 22419223K->1348689K(25755648K), 0.1179229 secs] [Times: user=4.09 sys=0.01, real=0.12 secs] 
4024.226: [GC (Allocation Failure) [PSYoungGen: 21715039K->648099K(22609920K)] 22451281K->1384718K(25755648K), 0.1204153 secs] [Times: user=4.25 sys=0.00, real=0.12 secs] 
4029.663: [GC (Allocation Failure) [PSYoungGen: 21750597K->614656K(22609920K)] 22487215K->1351882K(25755648K), 0.1152592 secs] [Times: user=4.06 sys=0.00, real=0.12 secs] 
4035.258: [GC (Allocation Failure) [PSYoungGen: 21717248K->643678K(22609920K)] 22454474K->1381281K(25755648K), 0.1179961 secs] [Times: user=4.14 sys=0.00, real=0.12 secs] 
4040.839: [GC (Allocation Failure) [PSYoungGen: 21746270K->614874K(22609920K)] 22483873K->1353060K(25755648K), 0.1146757 secs] [Times: user=3.97 sys=0.00, real=0.11 secs] 
4046.067: [GC (Allocation Failure) [PSYoungGen: 21717466K->633565K(22609920K)] 22455652K->1372135K(25755648K), 0.1179233 secs] [Times: user=4.15 sys=0.01, real=0.11 secs] 
4051.473: [GC (Allocation Failure) [PSYoungGen: 21736157K->595508K(22609920K)] 22474727K->1334567K(25755648K), 0.1113385 secs] [Times: user=3.93 sys=0.00, real=0.11 secs] 
4057.076: [GC (Allocation Failure) [PSYoungGen: 21698100K->637805K(22609920K)] 22437159K->1377415K(25755648K), 0.1193541 secs] [Times: user=4.21 sys=0.00, real=0.12 secs] 
4062.436: [GC (Allocation Failure) [PSYoungGen: 21740397K->586660K(22609920K)] 22480007K->1326631K(25755648K), 0.1133982 secs] [Times: user=3.95 sys=0.00, real=0.12 secs] 
4067.966: [GC (Allocation Failure) [PSYoungGen: 21689252K->617161K(22609920K)] 22429223K->1357492K(25755648K), 0.1163433 secs] [Times: user=4.10 sys=0.00, real=0.12 secs] 
4073.419: [GC (Allocation Failure) [PSYoungGen: 21719753K->600283K(22609920K)] 22460084K->1341070K(25755648K), 0.1130079 secs] [Times: user=3.99 sys=0.00, real=0.12 secs] 
4078.791: [GC (Allocation Failure) [PSYoungGen: 21702875K->615948K(22609920K)] 22443662K->1357135K(25755648K), 0.1152918 secs] [Times: user=3.97 sys=0.01, real=0.12 secs] 
4084.220: [GC (Allocation Failure) [PSYoungGen: 21718540K->629145K(22609920K)] 22459727K->1370867K(25755648K), 0.1168020 secs] [Times: user=4.12 sys=0.00, real=0.12 secs] 
4089.719: [GC (Allocation Failure) [PSYoungGen: 21731737K->606202K(22609920K)] 22473459K->1348300K(25755648K), 0.1120919 secs] [Times: user=3.95 sys=0.00, real=0.11 secs] 
4095.213: [GC (Allocation Failure) [PSYoungGen: 21708794K->630809K(22609920K)] 22450892K->1373292K(25755648K), 0.1192056 secs] [Times: user=4.20 sys=0.00, real=0.12 secs] 
4100.812: [GC (Allocation Failure) [PSYoungGen: 21733401K->629995K(22609920K)] 22475884K->1373030K(25755648K), 0.1173889 secs] [Times: user=4.14 sys=0.00, real=0.12 secs] 
4106.329: [GC (Allocation Failure) [PSYoungGen: 21732587K->579172K(22609920K)] 22475622K->1322599K(25755648K), 0.1119623 secs] [Times: user=3.73 sys=0.00, real=0.11 secs] 
4111.761: [GC (Allocation Failure) [PSYoungGen: 21681764K->595684K(22609920K)] 22425191K->1339487K(25755648K), 0.1121547 secs] [Times: user=3.91 sys=0.00, real=0.11 secs] 
4116.997: [GC (Allocation Failure) [PSYoungGen: 21698276K->611488K(22609920K)] 22442079K->1355666K(25755648K), 0.1136979 secs] [Times: user=3.99 sys=0.01, real=0.11 secs] 
4122.289: [GC (Allocation Failure) [PSYoungGen: 21714080K->607524K(22609920K)] 22458258K->1352070K(25755648K), 0.1128661 secs] [Times: user=3.97 sys=0.00, real=0.11 secs] 
4127.488: [GC (Allocation Failure) [PSYoungGen: 21710116K->627784K(22609920K)] 22454662K->1372882K(25755648K), 0.1158519 secs] [Times: user=4.09 sys=0.00, real=0.12 secs] 
4132.877: [GC (Allocation Failure) [PSYoungGen: 21730376K->615620K(22609920K)] 22475474K->1361247K(25755648K), 0.1161259 secs] [Times: user=4.03 sys=0.00, real=0.12 secs] 
4138.153: [GC (Allocation Failure) [PSYoungGen: 21718212K->629673K(22609920K)] 22463839K->1375659K(25755648K), 0.1174193 secs] [Times: user=4.10 sys=0.00, real=0.12 secs] 
4143.529: [GC (Allocation Failure) [PSYoungGen: 21732265K->596617K(22609920K)] 22478251K->1343196K(25755648K), 0.1107139 secs] [Times: user=3.89 sys=0.00, real=0.11 secs] 
4149.028: [GC (Allocation Failure) [PSYoungGen: 21699209K->639897K(22609920K)] 22445788K->1386868K(25755648K), 0.1174698 secs] [Times: user=4.11 sys=0.00, real=0.12 secs] 
4154.318: [GC (Allocation Failure) [PSYoungGen: 21742489K->591268K(22609920K)] 22489460K->1338615K(25755648K), 0.1139540 secs] [Times: user=3.94 sys=0.00, real=0.11 secs] 
4159.609: [GC (Allocation Failure) [PSYoungGen: 21693860K->613151K(22609920K)] 22441207K->1361137K(25755648K), 0.1170487 secs] [Times: user=4.10 sys=0.00, real=0.12 secs] 
4164.939: [GC (Allocation Failure) [PSYoungGen: 21715743K->606276K(22609920K)] 22463729K->1354767K(25755648K), 0.1119103 secs] [Times: user=3.92 sys=0.00, real=0.11 secs] 
4170.289: [GC (Allocation Failure) [PSYoungGen: 21708868K->600504K(22609920K)] 22457359K->1349355K(25755648K), 0.1109054 secs] [Times: user=3.90 sys=0.00, real=0.11 secs] 
4175.702: [GC (Allocation Failure) [PSYoungGen: 21703096K->616878K(22609920K)] 22451947K->1366217K(25755648K), 0.1158772 secs] [Times: user=3.98 sys=0.00, real=0.12 secs] 
4180.877: [GC (Allocation Failure) [PSYoungGen: 21719470K->612986K(22609920K)] 22468809K->1362716K(25755648K), 0.1139543 secs] [Times: user=4.01 sys=0.01, real=0.12 secs] 
4186.209: [GC (Allocation Failure) [PSYoungGen: 21715578K->629092K(22609920K)] 22465308K->1379183K(25755648K), 0.1161908 secs] [Times: user=4.06 sys=0.00, real=0.11 secs] 
4191.500: [GC (Allocation Failure) [PSYoungGen: 21731684K->590836K(22609920K)] 22481775K->1341367K(25755648K), 0.1142103 secs] [Times: user=3.85 sys=0.00, real=0.11 secs] 
4196.686: [GC (Allocation Failure) [PSYoungGen: 21693428K->611880K(22609920K)] 22443959K->1362891K(25755648K), 0.1150199 secs] [Times: user=3.99 sys=0.00, real=0.12 secs] 
4201.836: [GC (Allocation Failure) [PSYoungGen: 21714472K->613946K(22609920K)] 22465483K->1365340K(25755648K), 0.1173418 secs] [Times: user=4.03 sys=0.00, real=0.12 secs] 
4207.022: [GC (Allocation Failure) [PSYoungGen: 21716538K->647758K(22609920K)] 22467932K->1399616K(25755648K), 0.1189462 secs] [Times: user=4.20 sys=0.00, real=0.12 secs] 
4212.188: [GC (Allocation Failure) [PSYoungGen: 21750350K->638675K(22609920K)] 22502208K->1390901K(25755648K), 0.1193184 secs] [Times: user=4.17 sys=0.01, real=0.12 secs] 
4217.238: [GC (Allocation Failure) [PSYoungGen: 21741267K->643814K(22609920K)] 22493493K->1396408K(25755648K), 0.1189927 secs] [Times: user=4.18 sys=0.00, real=0.12 secs] 
4222.360: [GC (Allocation Failure) [PSYoungGen: 21746406K->598148K(22609920K)] 22499000K->1351279K(25755648K), 0.1154572 secs] [Times: user=4.06 sys=0.00, real=0.12 secs] 
4227.579: [GC (Allocation Failure) [PSYoungGen: 21700740K->617109K(22609920K)] 22453871K->1370599K(25755648K), 0.1151550 secs] [Times: user=4.02 sys=0.00, real=0.12 secs] 
4232.798: [GC (Allocation Failure) [PSYoungGen: 21719701K->641351K(22609920K)] 22473191K->1395282K(25755648K), 0.1179812 secs] [Times: user=4.15 sys=0.00, real=0.12 secs] 
4237.989: [GC (Allocation Failure) [PSYoungGen: 21743943K->612920K(22609920K)] 22497874K->1367218K(25755648K), 0.1134876 secs] [Times: user=4.00 sys=0.00, real=0.11 secs] 
4243.230: [GC (Allocation Failure) [PSYoungGen: 21715512K->629870K(22609920K)] 22469810K->1384529K(25755648K), 0.1167987 secs] [Times: user=4.10 sys=0.00, real=0.12 secs] 
4248.416: [GC (Allocation Failure) [PSYoungGen: 21732462K->613973K(22609920K)] 22487121K->1369151K(25755648K), 0.1156484 secs] [Times: user=4.08 sys=0.00, real=0.12 secs] 
4253.679: [GC (Allocation Failure) [PSYoungGen: 21716565K->604026K(22609920K)] 22471743K->1359556K(25755648K), 0.1129504 secs] [Times: user=3.97 sys=0.01, real=0.11 secs] 
4258.922: [GC (Allocation Failure) [PSYoungGen: 21706618K->644242K(22609920K)] 22462148K->1400157K(25755648K), 0.1217514 secs] [Times: user=4.24 sys=0.00, real=0.12 secs] 
4264.178: [GC (Allocation Failure) [PSYoungGen: 21746834K->620121K(22609920K)] 22502749K->1376404K(25755648K), 0.1166686 secs] [Times: user=4.02 sys=0.00, real=0.12 secs] 
4269.257: [GC (Allocation Failure) [PSYoungGen: 21722713K->650271K(22609920K)] 22478996K->1406953K(25755648K), 0.1197295 secs] [Times: user=4.22 sys=0.00, real=0.12 secs] 
4274.389: [GC (Allocation Failure) [PSYoungGen: 21752863K->625010K(22609920K)] 22509545K->1382092K(25755648K), 0.1176580 secs] [Times: user=4.04 sys=0.00, real=0.12 secs] 
4279.589: [GC (Allocation Failure) [PSYoungGen: 21727602K->608813K(22609920K)] 22484684K->1366351K(25755648K), 0.1167433 secs] [Times: user=4.11 sys=0.01, real=0.12 secs] 
4284.603: [GC (Allocation Failure) [PSYoungGen: 21711405K->641881K(22609920K)] 22468943K->1399787K(25755648K), 0.1179300 secs] [Times: user=4.16 sys=0.00, real=0.11 secs] 
4289.628: [GC (Allocation Failure) [PSYoungGen: 21744473K->606335K(22609920K)] 22502379K->1365393K(25755648K), 0.1125353 secs] [Times: user=3.95 sys=0.01, real=0.11 secs] 
4294.712: [GC (Allocation Failure) [PSYoungGen: 21708927K->620195K(22609920K)] 22467985K->1380381K(25755648K), 0.1170064 secs] [Times: user=3.97 sys=0.00, real=0.12 secs] 
4299.788: [GC (Allocation Failure) [PSYoungGen: 21722787K->631321K(22609920K)] 22482973K->1392076K(25755648K), 0.1171137 secs] [Times: user=4.13 sys=0.00, real=0.12 secs] 
4304.791: [GC (Allocation Failure) [PSYoungGen: 21733913K->615796K(22609920K)] 22494668K->1376919K(25755648K), 0.1147271 secs] [Times: user=4.03 sys=0.00, real=0.11 secs] 
4309.999: [GC (Allocation Failure) [PSYoungGen: 21718388K->626670K(22609920K)] 22479511K->1388160K(25755648K), 0.1163964 secs] [Times: user=4.06 sys=0.01, real=0.11 secs] 
4315.145: [GC (Allocation Failure) [PSYoungGen: 21729262K->636521K(22609920K)] 22490752K->1398420K(25755648K), 0.1191999 secs] [Times: user=4.19 sys=0.00, real=0.12 secs] 
4320.317: [GC (Allocation Failure) [PSYoungGen: 21739113K->622323K(22609920K)] 22501012K->1384654K(25755648K), 0.1167879 secs] [Times: user=4.06 sys=0.00, real=0.12 secs] 
4325.356: [GC (Allocation Failure) [PSYoungGen: 21724915K->597658K(22609920K)] 22487246K->1360372K(25755648K), 0.1128300 secs] [Times: user=3.97 sys=0.00, real=0.12 secs] 
4330.475: [GC (Allocation Failure) [PSYoungGen: 21700250K->611945K(22609920K)] 22462964K->1375140K(25755648K), 0.1124851 secs] [Times: user=3.96 sys=0.00, real=0.11 secs] 
4335.695: [GC (Allocation Failure) [PSYoungGen: 21714537K->634290K(22609920K)] 22477732K->1397861K(25755648K), 0.1179648 secs] [Times: user=4.13 sys=0.00, real=0.12 secs] 
4340.759: [GC (Allocation Failure) [PSYoungGen: 21736882K->629881K(22609920K)] 22500453K->1394051K(25755648K), 0.1175663 secs] [Times: user=4.15 sys=0.00, real=0.12 secs] 
4345.817: [GC (Allocation Failure) [PSYoungGen: 21732473K->626561K(22609920K)] 22496643K->1391099K(25755648K), 0.1161310 secs] [Times: user=4.10 sys=0.00, real=0.12 secs] 
4350.820: [GC (Allocation Failure) [PSYoungGen: 21729153K->612938K(22609920K)] 22493691K->1377932K(25755648K), 0.1162695 secs] [Times: user=4.10 sys=0.00, real=0.12 secs] 
4355.805: [GC (Allocation Failure) [PSYoungGen: 21715530K->604216K(22609920K)] 22480524K->1369579K(25755648K), 0.1128286 secs] [Times: user=3.98 sys=0.00, real=0.11 secs] 
4360.858: [GC (Allocation Failure) [PSYoungGen: 21706808K->618926K(22609920K)] 22472171K->1384689K(25755648K), 0.1147536 secs] [Times: user=4.04 sys=0.00, real=0.11 secs] 
4365.891: [GC (Allocation Failure) [PSYoungGen: 21721518K->607748K(22609920K)] 22487281K->1374135K(25755648K), 0.1139260 secs] [Times: user=4.00 sys=0.00, real=0.12 secs] 
4370.900: [GC (Allocation Failure) [PSYoungGen: 21710340K->629493K(22609920K)] 22476727K->1396247K(25755648K), 0.1184940 secs] [Times: user=4.17 sys=0.00, real=0.12 secs] 
4376.030: [GC (Allocation Failure) [PSYoungGen: 21732085K->623694K(22609920K)] 22498839K->1390993K(25755648K), 0.1155648 secs] [Times: user=4.07 sys=0.00, real=0.11 secs] 
4381.059: [GC (Allocation Failure) [PSYoungGen: 21726286K->618152K(22609920K)] 22493585K->1385843K(25755648K), 0.1140808 secs] [Times: user=4.02 sys=0.00, real=0.11 secs] 
4385.968: [GC (Allocation Failure) [PSYoungGen: 21720744K->617945K(22609920K)] 22488435K->1386116K(25755648K), 0.1178869 secs] [Times: user=4.13 sys=0.00, real=0.11 secs] 
4390.918: [GC (Allocation Failure) [PSYoungGen: 21720537K->643707K(22609920K)] 22488708K->1412269K(25755648K), 0.1191326 secs] [Times: user=4.21 sys=0.00, real=0.12 secs] 
4395.880: [GC (Allocation Failure) [PSYoungGen: 21746299K->636793K(22609920K)] 22514861K->1406011K(25755648K), 0.1182989 secs] [Times: user=4.17 sys=0.00, real=0.11 secs] 
4400.957: [GC (Allocation Failure) [PSYoungGen: 21739385K->618855K(22609920K)] 22508603K->1388450K(25755648K), 0.1201933 secs] [Times: user=4.18 sys=0.00, real=0.12 secs] 
4405.823: [GC (Allocation Failure) [PSYoungGen: 21721447K->624363K(22609920K)] 22491042K->1394334K(25755648K), 0.1202630 secs] [Times: user=4.03 sys=0.00, real=0.12 secs] 
4410.734: [GC (Allocation Failure) [PSYoungGen: 21726955K->610180K(22609920K)] 22496926K->1380599K(25755648K), 0.1132525 secs] [Times: user=3.95 sys=0.00, real=0.11 secs] 
4415.559: [GC (Allocation Failure) [PSYoungGen: 21712772K->639445K(22609920K)] 22483191K->1410231K(25755648K), 0.1194880 secs] [Times: user=4.15 sys=0.00, real=0.12 secs] 
4420.536: [GC (Allocation Failure) [PSYoungGen: 21742037K->617711K(22609920K)] 22512823K->1389137K(25755648K), 0.1141830 secs] [Times: user=4.02 sys=0.00, real=0.11 secs] 
4425.403: [GC (Allocation Failure) [PSYoungGen: 21720303K->596964K(22609920K)] 22491729K->1368759K(25755648K), 0.1115137 secs] [Times: user=3.91 sys=0.01, real=0.12 secs] 
4430.192: [GC (Allocation Failure) [PSYoungGen: 21699556K->653778K(22609920K)] 22471351K->1425948K(25755648K), 0.1229453 secs] [Times: user=4.29 sys=0.01, real=0.13 secs] 
4435.070: [GC (Allocation Failure) [PSYoungGen: 21756370K->617991K(22609920K)] 22528540K->1390705K(25755648K), 0.1168476 secs] [Times: user=4.13 sys=0.00, real=0.12 secs] 
4440.023: [GC (Allocation Failure) [PSYoungGen: 21720583K->647513K(22609920K)] 22493297K->1420603K(25755648K), 0.1205760 secs] [Times: user=4.26 sys=0.00, real=0.12 secs] 
4444.808: [GC (Allocation Failure) [PSYoungGen: 21750105K->645124K(22609920K)] 22523195K->1418711K(25755648K), 0.1217822 secs] [Times: user=4.28 sys=0.00, real=0.12 secs] 
4449.627: [GC (Allocation Failure) [PSYoungGen: 21747716K->631784K(22609920K)] 22521303K->1405963K(25755648K), 0.1187474 secs] [Times: user=4.08 sys=0.00, real=0.12 secs] 
4454.570: [GC (Allocation Failure) [PSYoungGen: 21734376K->612601K(22609920K)] 22508555K->1387132K(25755648K), 0.1134228 secs] [Times: user=3.99 sys=0.00, real=0.11 secs] 
4459.486: [GC (Allocation Failure) [PSYoungGen: 21715193K->632861K(22609920K)] 22489724K->1407783K(25755648K), 0.1183653 secs] [Times: user=4.18 sys=0.00, real=0.12 secs] 
4464.369: [GC (Allocation Failure) [PSYoungGen: 21735453K->614317K(22609920K)] 22510375K->1389896K(25755648K), 0.1143590 secs] [Times: user=4.03 sys=0.00, real=0.12 secs] 
4469.350: [GC (Allocation Failure) [PSYoungGen: 21716909K->616694K(22609920K)] 22492488K->1392648K(25755648K), 0.1145663 secs] [Times: user=4.04 sys=0.00, real=0.12 secs] 
4474.226: [GC (Allocation Failure) [PSYoungGen: 21719286K->657122K(22609920K)] 22495240K->1433461K(25755648K), 0.1219389 secs] [Times: user=4.20 sys=0.00, real=0.12 secs] 
4479.156: [GC (Allocation Failure) [PSYoungGen: 21759714K->636222K(22609920K)] 22536053K->1412977K(25755648K), 0.1171542 secs] [Times: user=4.14 sys=0.00, real=0.12 secs] 
4483.933: [GC (Allocation Failure) [PSYoungGen: 21738814K->645411K(22609920K)] 22515569K->1422558K(25755648K), 0.1202021 secs] [Times: user=4.25 sys=0.00, real=0.12 secs] 
4488.823: [GC (Allocation Failure) [PSYoungGen: 21748003K->635671K(22609920K)] 22525150K->1413194K(25755648K), 0.1185937 secs] [Times: user=4.08 sys=0.00, real=0.12 secs] 
4493.638: [GC (Allocation Failure) [PSYoungGen: 21738263K->621678K(22609920K)] 22515786K->1399792K(25755648K), 0.1175859 secs] [Times: user=4.11 sys=0.00, real=0.12 secs] 
4498.316: [GC (Allocation Failure) [PSYoungGen: 21724270K->633430K(22609920K)] 22502384K->1411921K(25755648K), 0.1199606 secs] [Times: user=4.23 sys=0.01, real=0.12 secs] 
4503.092: [GC (Allocation Failure) [PSYoungGen: 21736022K->635683K(22609920K)] 22514513K->1414526K(25755648K), 0.1183027 secs] [Times: user=4.17 sys=0.00, real=0.12 secs] 
4507.944: [GC (Allocation Failure) [PSYoungGen: 21738275K->637613K(22609920K)] 22517118K->1416976K(25755648K), 0.1201921 secs] [Times: user=4.24 sys=0.00, real=0.12 secs] 
4512.782: [GC (Allocation Failure) [PSYoungGen: 21740205K->611817K(22609920K)] 22519568K->1391547K(25755648K), 0.1150969 secs] [Times: user=4.05 sys=0.01, real=0.12 secs] 
4517.565: [GC (Allocation Failure) [PSYoungGen: 21714409K->623181K(22609920K)] 22494139K->1403288K(25755648K), 0.1159672 secs] [Times: user=4.09 sys=0.01, real=0.12 secs] 
4522.426: [GC (Allocation Failure) [PSYoungGen: 21725773K->604505K(22609920K)] 22505880K->1384988K(25755648K), 0.1127541 secs] [Times: user=3.97 sys=0.00, real=0.12 secs] 
4527.167: [GC (Allocation Failure) [PSYoungGen: 21707097K->651984K(22609920K)] 22487580K->1432851K(25755648K), 0.1200336 secs] [Times: user=4.24 sys=0.01, real=0.12 secs] 
4531.984: [GC (Allocation Failure) [PSYoungGen: 21754576K->625204K(22609920K)] 22535443K->1406455K(25755648K), 0.1163259 secs] [Times: user=4.08 sys=0.00, real=0.12 secs] 
4536.881: [GC (Allocation Failure) [PSYoungGen: 21727796K->645399K(22609920K)] 22509047K->1427018K(25755648K), 0.1198655 secs] [Times: user=4.22 sys=0.00, real=0.13 secs] 
4541.562: [GC (Allocation Failure) [PSYoungGen: 21747991K->616318K(22609920K)] 22529610K->1398313K(25755648K), 0.1175892 secs] [Times: user=4.11 sys=0.00, real=0.11 secs] 
4546.475: [GC (Allocation Failure) [PSYoungGen: 21718910K->593084K(22609920K)] 22500905K->1375471K(25755648K), 0.1129390 secs] [Times: user=3.98 sys=0.00, real=0.11 secs] 
4551.303: [GC (Allocation Failure) [PSYoungGen: 21695676K->610574K(22609920K)] 22478063K->1393336K(25755648K), 0.1184727 secs] [Times: user=4.04 sys=0.00, real=0.11 secs] 
4556.041: [GC (Allocation Failure) [PSYoungGen: 21713166K->626778K(22609920K)] 22495928K->1410020K(25755648K), 0.1177652 secs] [Times: user=4.08 sys=0.00, real=0.12 secs] 
4560.735: [GC (Allocation Failure) [PSYoungGen: 21729370K->603972K(22609920K)] 22512612K->1387591K(25755648K), 0.1179034 secs] [Times: user=4.01 sys=0.00, real=0.11 secs] 
4565.317: [GC (Allocation Failure) [PSYoungGen: 21706564K->612386K(22609920K)] 22490183K->1396397K(25755648K), 0.1169350 secs] [Times: user=4.09 sys=0.00, real=0.11 secs] 
4570.068: [GC (Allocation Failure) [PSYoungGen: 21714978K->643038K(22609920K)] 22498989K->1427448K(25755648K), 0.1191919 secs] [Times: user=4.20 sys=0.00, real=0.12 secs] 
4574.710: [GC (Allocation Failure) [PSYoungGen: 21745630K->624067K(22609920K)] 22530040K->1408837K(25755648K), 0.1180015 secs] [Times: user=4.16 sys=0.00, real=0.12 secs] 
4579.303: [GC (Allocation Failure) [PSYoungGen: 21726659K->601257K(22609920K)] 22511429K->1386548K(25755648K), 0.1123846 secs] [Times: user=3.95 sys=0.00, real=0.11 secs] 
4583.955: [GC (Allocation Failure) [PSYoungGen: 21703849K->645850K(22609920K)] 22489140K->1431516K(25755648K), 0.1184094 secs] [Times: user=4.17 sys=0.00, real=0.12 secs] 
4588.799: [GC (Allocation Failure) [PSYoungGen: 21748442K->631166K(22609920K)] 22534108K->1417401K(25755648K), 0.1174233 secs] [Times: user=4.14 sys=0.01, real=0.12 secs] 
4593.431: [GC (Allocation Failure) [PSYoungGen: 21733758K->602084K(22609920K)] 22519993K->1388743K(25755648K), 0.1125091 secs] [Times: user=3.97 sys=0.01, real=0.11 secs] 
4598.238: [GC (Allocation Failure) [PSYoungGen: 21704676K->643566K(22609920K)] 22491335K->1430576K(25755648K), 0.1192828 secs] [Times: user=4.21 sys=0.00, real=0.12 secs] 
4602.996: [GC (Allocation Failure) [PSYoungGen: 21746158K->623289K(22609920K)] 22533168K->1410683K(25755648K), 0.1159204 secs] [Times: user=4.09 sys=0.00, real=0.12 secs] 
4607.636: [GC (Allocation Failure) [PSYoungGen: 21725881K->629102K(22609920K)] 22513275K->1416953K(25755648K), 0.1194806 secs] [Times: user=4.17 sys=0.00, real=0.12 secs] 
4612.324: [GC (Allocation Failure) [PSYoungGen: 21731694K->602532K(22609920K)] 22519545K->1390759K(25755648K), 0.1114327 secs] [Times: user=3.93 sys=0.01, real=0.11 secs] 
4617.052: [GC (Allocation Failure) [PSYoungGen: 21705124K->623513K(22609920K)] 22493351K->1412131K(25755648K), 0.1153013 secs] [Times: user=4.07 sys=0.01, real=0.12 secs] 
4621.807: [GC (Allocation Failure) [PSYoungGen: 21726105K->630862K(22609920K)] 22514723K->1419864K(25755648K), 0.1182936 secs] [Times: user=4.09 sys=0.00, real=0.12 secs] 
4626.460: [GC (Allocation Failure) [PSYoungGen: 21733454K->616746K(22609920K)] 22522456K->1406108K(25755648K), 0.1145291 secs] [Times: user=4.03 sys=0.00, real=0.12 secs] 
4631.103: [GC (Allocation Failure) [PSYoungGen: 21719338K->655742K(22609920K)] 22508700K->1445585K(25755648K), 0.1200887 secs] [Times: user=4.22 sys=0.00, real=0.12 secs] 
4635.625: [GC (Allocation Failure) [PSYoungGen: 21758334K->625482K(22609920K)] 22548177K->1415692K(25755648K), 0.1172289 secs] [Times: user=4.13 sys=0.00, real=0.12 secs] 
4640.339: [GC (Allocation Failure) [PSYoungGen: 21728074K->607502K(22609920K)] 22518284K->1398072K(25755648K), 0.1143529 secs] [Times: user=4.02 sys=0.01, real=0.11 secs] 
4644.944: [GC (Allocation Failure) [PSYoungGen: 21710094K->627690K(22609920K)] 22500664K->1418724K(25755648K), 0.1183812 secs] [Times: user=4.17 sys=0.01, real=0.12 secs] 
4649.533: [GC (Allocation Failure) [PSYoungGen: 21730282K->608058K(22609920K)] 22521316K->1399444K(25755648K), 0.1140755 secs] [Times: user=3.95 sys=0.00, real=0.11 secs] 
4654.190: [GC (Allocation Failure) [PSYoungGen: 21710650K->635697K(22609920K)] 22502036K->1427452K(25755648K), 0.1206842 secs] [Times: user=4.26 sys=0.00, real=0.12 secs] 
4658.931: [GC (Allocation Failure) [PSYoungGen: 21738289K->618361K(22609920K)] 22530044K->1410492K(25755648K), 0.1152143 secs] [Times: user=4.05 sys=0.00, real=0.11 secs] 
4663.607: [GC (Allocation Failure) [PSYoungGen: 21720953K->609198K(22609920K)] 22513084K->1401720K(25755648K), 0.1136756 secs] [Times: user=3.99 sys=0.00, real=0.12 secs] 
4668.278: [GC (Allocation Failure) [PSYoungGen: 21711790K->608783K(22609920K)] 22504312K->1401745K(25755648K), 0.1138162 secs] [Times: user=4.02 sys=0.00, real=0.12 secs] 
4672.905: [GC (Allocation Failure) [PSYoungGen: 21711375K->625532K(22609920K)] 22504337K->1418871K(25755648K), 0.1181493 secs] [Times: user=4.15 sys=0.01, real=0.12 secs] 
4677.702: [GC (Allocation Failure) [PSYoungGen: 21728124K->622825K(22609920K)] 22521463K->1416732K(25755648K), 0.1150097 secs] [Times: user=4.05 sys=0.00, real=0.11 secs] 
4682.327: [GC (Allocation Failure) [PSYoungGen: 21725417K->608128K(22609920K)] 22519324K->1402634K(25755648K), 0.1139215 secs] [Times: user=4.01 sys=0.00, real=0.11 secs] 
4687.020: [GC (Allocation Failure) [PSYoungGen: 21710720K->626110K(22609920K)] 22505226K->1420976K(25755648K), 0.1167896 secs] [Times: user=4.12 sys=0.00, real=0.12 secs] 
4691.529: [GC (Allocation Failure) [PSYoungGen: 21728702K->616143K(22609920K)] 22523568K->1411466K(25755648K), 0.1160802 secs] [Times: user=4.10 sys=0.00, real=0.12 secs] 
4696.092: [GC (Allocation Failure) [PSYoungGen: 21718735K->662707K(22609920K)] 22514058K->1458445K(25755648K), 0.1229307 secs] [Times: user=4.35 sys=0.00, real=0.13 secs] 
4700.624: [GC (Allocation Failure) [PSYoungGen: 21765299K->627886K(22609920K)] 22561037K->1423984K(25755648K), 0.1180467 secs] [Times: user=4.16 sys=0.00, real=0.12 secs] 
4705.121: [GC (Allocation Failure) [PSYoungGen: 21730478K->658384K(22609920K)] 22526576K->1454874K(25755648K), 0.1215569 secs] [Times: user=4.29 sys=0.00, real=0.12 secs] 
4709.710: [GC (Allocation Failure) [PSYoungGen: 21760976K->648031K(22609920K)] 22557466K->1445089K(25755648K), 0.1215866 secs] [Times: user=4.26 sys=0.01, real=0.12 secs] 
4714.207: [GC (Allocation Failure) [PSYoungGen: 21750623K->652958K(22609920K)] 22547681K->1450384K(25755648K), 0.1215929 secs] [Times: user=4.30 sys=0.00, real=0.13 secs] 
4718.777: [GC (Allocation Failure) [PSYoungGen: 21755550K->643735K(22609920K)] 22552976K->1441537K(25755648K), 0.1188266 secs] [Times: user=4.19 sys=0.01, real=0.12 secs] 
4723.255: [GC (Allocation Failure) [PSYoungGen: 21746327K->648858K(22609920K)] 22544129K->1447036K(25755648K), 0.1243125 secs] [Times: user=4.27 sys=0.01, real=0.13 secs] 
4727.755: [GC (Allocation Failure) [PSYoungGen: 21751450K->637858K(22609920K)] 22549628K->1436420K(25755648K), 0.1178242 secs] [Times: user=4.16 sys=0.01, real=0.12 secs] 
4732.110: [GC (Allocation Failure) [PSYoungGen: 21740450K->656248K(22609920K)] 22539012K->1455347K(25755648K), 0.1204391 secs] [Times: user=4.25 sys=0.01, real=0.13 secs] 
4736.449: [GC (Allocation Failure) [PSYoungGen: 21758840K->653049K(22609920K)] 22557939K->1452620K(25755648K), 0.1205243 secs] [Times: user=4.25 sys=0.00, real=0.12 secs] 
4740.951: [GC (Allocation Failure) [PSYoungGen: 21755641K->631645K(22609920K)] 22555212K->1431583K(25755648K), 0.1218460 secs] [Times: user=4.19 sys=0.00, real=0.13 secs] 
4745.544: [GC (Allocation Failure) [PSYoungGen: 21734237K->611303K(22609920K)] 22534175K->1411617K(25755648K), 0.1132178 secs] [Times: user=3.98 sys=0.00, real=0.11 secs] 
4750.012: [GC (Allocation Failure) [PSYoungGen: 21713895K->642541K(22609920K)] 22514209K->1443272K(25755648K), 0.1189048 secs] [Times: user=4.19 sys=0.00, real=0.12 secs] 
4754.596: [GC (Allocation Failure) [PSYoungGen: 21745133K->616815K(22609920K)] 22545864K->1417905K(25755648K), 0.1148553 secs] [Times: user=4.00 sys=0.00, real=0.11 secs] 
4759.219: [GC (Allocation Failure) [PSYoungGen: 21719407K->673247K(22609920K)] 22520497K->1474897K(25755648K), 0.1247986 secs] [Times: user=4.37 sys=0.00, real=0.12 secs] 
4763.754: [GC (Allocation Failure) [PSYoungGen: 21775839K->644173K(22609920K)] 22577489K->1446191K(25755648K), 0.1208178 secs] [Times: user=4.26 sys=0.00, real=0.12 secs] 
4768.281: [GC (Allocation Failure) [PSYoungGen: 21746765K->647322K(22609920K)] 22548783K->1449724K(25755648K), 0.1186233 secs] [Times: user=4.19 sys=0.00, real=0.12 secs] 
4772.765: [GC (Allocation Failure) [PSYoungGen: 21749914K->645371K(22609920K)] 22552316K->1448310K(25755648K), 0.1222154 secs] [Times: user=4.25 sys=0.00, real=0.13 secs] 
4777.301: [GC (Allocation Failure) [PSYoungGen: 21747963K->623661K(22609920K)] 22550902K->1426976K(25755648K), 0.1160519 secs] [Times: user=4.10 sys=0.00, real=0.12 secs] 
4781.808: [GC (Allocation Failure) [PSYoungGen: 21726253K->644658K(22609920K)] 22529568K->1448340K(25755648K), 0.1195418 secs] [Times: user=4.22 sys=0.00, real=0.12 secs] 
4786.226: [GC (Allocation Failure) [PSYoungGen: 21747250K->645849K(22609920K)] 22550932K->1450164K(25755648K), 0.1209052 secs] [Times: user=4.21 sys=0.01, real=0.12 secs] 
4790.666: [GC (Allocation Failure) [PSYoungGen: 21748441K->628491K(22609920K)] 22552756K->1433270K(25755648K), 0.1185592 secs] [Times: user=4.18 sys=0.00, real=0.12 secs] 
4795.220: [GC (Allocation Failure) [PSYoungGen: 21731083K->646489K(22609920K)] 22535862K->1451635K(25755648K), 0.1200854 secs] [Times: user=4.19 sys=0.00, real=0.12 secs] 
4799.780: [GC (Allocation Failure) [PSYoungGen: 21749081K->622520K(22609920K)] 22554227K->1428139K(25755648K), 0.1162026 secs] [Times: user=4.05 sys=0.00, real=0.12 secs] 
4804.254: [GC (Allocation Failure) [PSYoungGen: 21725112K->643652K(22609920K)] 22530731K->1449903K(25755648K), 0.1200317 secs] [Times: user=4.24 sys=0.00, real=0.12 secs] 
4808.746: [GC (Allocation Failure) [PSYoungGen: 21746244K->628585K(22609920K)] 22552495K->1435203K(25755648K), 0.1193969 secs] [Times: user=4.18 sys=0.00, real=0.12 secs] 
4813.045: [GC (Allocation Failure) [PSYoungGen: 21731177K->628852K(22609920K)] 22537795K->1435911K(25755648K), 0.1217518 secs] [Times: user=4.29 sys=0.00, real=0.12 secs] 
4817.496: [GC (Allocation Failure) [PSYoungGen: 21731444K->639951K(22609920K)] 22538503K->1447522K(25755648K), 0.1177114 secs] [Times: user=4.16 sys=0.00, real=0.12 secs] 
4822.134: [GC (Allocation Failure) [PSYoungGen: 21742543K->648690K(22609920K)] 22550114K->1456636K(25755648K), 0.1196196 secs] [Times: user=4.21 sys=0.00, real=0.11 secs] 
4826.457: [GC (Allocation Failure) [PSYoungGen: 21751282K->629603K(22609920K)] 22559228K->1437925K(25755648K), 0.1171493 secs] [Times: user=4.12 sys=0.00, real=0.11 secs] 
4830.800: [GC (Allocation Failure) [PSYoungGen: 21732195K->629689K(22609920K)] 22540517K->1438411K(25755648K), 0.1194775 secs] [Times: user=4.19 sys=0.00, real=0.12 secs] 
4835.163: [GC (Allocation Failure) [PSYoungGen: 21732281K->641028K(22609920K)] 22541003K->1450103K(25755648K), 0.1199896 secs] [Times: user=4.24 sys=0.00, real=0.12 secs] 
4839.589: [GC (Allocation Failure) [PSYoungGen: 21743620K->648661K(22609920K)] 22552695K->1458279K(25755648K), 0.1213269 secs] [Times: user=4.29 sys=0.00, real=0.12 secs] 
4844.004: [GC (Allocation Failure) [PSYoungGen: 21751253K->635116K(22609920K)] 22560871K->1445126K(25755648K), 0.1170770 secs] [Times: user=4.13 sys=0.00, real=0.12 secs] 
4848.580: [GC (Allocation Failure) [PSYoungGen: 21737708K->622499K(22609920K)] 22547718K->1432878K(25755648K), 0.1176092 secs] [Times: user=4.14 sys=0.00, real=0.11 secs] 
4852.991: [GC (Allocation Failure) [PSYoungGen: 21725091K->641913K(22609920K)] 22535470K->1452683K(25755648K), 0.1228844 secs] [Times: user=4.20 sys=0.00, real=0.12 secs] 
4857.338: [GC (Allocation Failure) [PSYoungGen: 21744505K->607881K(22609920K)] 22555275K->1419036K(25755648K), 0.1134161 secs] [Times: user=3.98 sys=0.01, real=0.12 secs] 
4861.710: [GC (Allocation Failure) [PSYoungGen: 21710473K->642636K(22609920K)] 22521628K->1454135K(25755648K), 0.1204209 secs] [Times: user=4.21 sys=0.01, real=0.12 secs] 
4866.132: [GC (Allocation Failure) [PSYoungGen: 21745228K->632147K(22609920K)] 22556727K->1444053K(25755648K), 0.1179596 secs] [Times: user=4.16 sys=0.00, real=0.11 secs] 
4870.474: [GC (Allocation Failure) [PSYoungGen: 21734739K->654901K(22609920K)] 22546645K->1467272K(25755648K), 0.1204718 secs] [Times: user=4.25 sys=0.00, real=0.12 secs] 
4874.935: [GC (Allocation Failure) [PSYoungGen: 21757493K->642466K(22609920K)] 22569864K->1455212K(25755648K), 0.1179734 secs] [Times: user=4.16 sys=0.01, real=0.12 secs] 
4879.286: [GC (Allocation Failure) [PSYoungGen: 21745058K->626682K(22609920K)] 22557804K->1439844K(25755648K), 0.1185838 secs] [Times: user=4.16 sys=0.00, real=0.12 secs] 
4883.771: [GC (Allocation Failure) [PSYoungGen: 21729274K->616756K(22609920K)] 22542436K->1430471K(25755648K), 0.1179334 secs] [Times: user=4.03 sys=0.01, real=0.12 secs] 
4888.234: [GC (Allocation Failure) [PSYoungGen: 21719348K->670371K(22609920K)] 22533063K->1484438K(25755648K), 0.1252428 secs] [Times: user=4.40 sys=0.00, real=0.12 secs] 
4892.606: [GC (Allocation Failure) [PSYoungGen: 21772963K->619354K(22609920K)] 22587030K->1433796K(25755648K), 0.1162393 secs] [Times: user=4.09 sys=0.00, real=0.11 secs] 
4896.976: [GC (Allocation Failure) [PSYoungGen: 21721946K->645636K(22609920K)] 22536388K->1460639K(25755648K), 0.1212775 secs] [Times: user=4.21 sys=0.01, real=0.12 secs] 
4901.353: [GC (Allocation Failure) [PSYoungGen: 21748228K->612195K(22609920K)] 22563231K->1427558K(25755648K), 0.1133228 secs] [Times: user=3.99 sys=0.01, real=0.12 secs] 
4905.835: [GC (Allocation Failure) [PSYoungGen: 21714787K->648142K(22609920K)] 22530150K->1463888K(25755648K), 0.1221358 secs] [Times: user=4.26 sys=0.00, real=0.13 secs] 
4910.130: [GC (Allocation Failure) [PSYoungGen: 21750734K->649395K(22609920K)] 22566480K->1465549K(25755648K), 0.1232393 secs] [Times: user=4.35 sys=0.00, real=0.12 secs] 
4914.513: [GC (Allocation Failure) [PSYoungGen: 21751987K->652985K(22609920K)] 22568141K->1469539K(25755648K), 0.1240631 secs] [Times: user=4.23 sys=0.00, real=0.12 secs] 
4918.809: [GC (Allocation Failure) [PSYoungGen: 21755577K->644863K(22609920K)] 22572131K->1462025K(25755648K), 0.1196641 secs] [Times: user=4.21 sys=0.00, real=0.12 secs] 
4923.186: [GC (Allocation Failure) [PSYoungGen: 21747455K->643439K(22609920K)] 22564617K->1461050K(25755648K), 0.1248152 secs] [Times: user=4.26 sys=0.00, real=0.13 secs] 
4927.529: [GC (Allocation Failure) [PSYoungGen: 21746031K->600564K(22609920K)] 22563642K->1418543K(25755648K), 0.1160229 secs] [Times: user=3.96 sys=0.00, real=0.12 secs] 
4931.972: [GC (Allocation Failure) [PSYoungGen: 21703156K->628512K(22609920K)] 22521135K->1447131K(25755648K), 0.1179072 secs] [Times: user=4.13 sys=0.01, real=0.11 secs] 
4936.283: [GC (Allocation Failure) [PSYoungGen: 21731104K->604249K(22609920K)] 22549723K->1423235K(25755648K), 0.1151042 secs] [Times: user=3.94 sys=0.00, real=0.11 secs] 
4940.516: [GC (Allocation Failure) [PSYoungGen: 21706841K->630979K(22609920K)] 22525827K->1450374K(25755648K), 0.1337194 secs] [Times: user=4.16 sys=0.02, real=0.13 secs] 
4944.965: [GC (Allocation Failure) [PSYoungGen: 21733571K->633886K(22609920K)] 22552966K->1453936K(25755648K), 0.1228924 secs] [Times: user=4.16 sys=0.00, real=0.12 secs] 
4949.349: [GC (Allocation Failure) [PSYoungGen: 21736478K->639105K(22609920K)] 22556528K->1459516K(25755648K), 0.1263035 secs] [Times: user=4.11 sys=0.00, real=0.13 secs] 
4953.694: [GC (Allocation Failure) [PSYoungGen: 21741697K->633466K(22609920K)] 22562108K->1454484K(25755648K), 0.1196258 secs] [Times: user=4.22 sys=0.00, real=0.12 secs] 
4957.863: [GC (Allocation Failure) [PSYoungGen: 21736058K->630346K(22609920K)] 22557076K->1451748K(25755648K), 0.1193230 secs] [Times: user=4.08 sys=0.00, real=0.12 secs] 
4962.110: [GC (Allocation Failure) [PSYoungGen: 21732938K->656633K(22609920K)] 22554340K->1478379K(25755648K), 0.1233279 secs] [Times: user=4.24 sys=0.00, real=0.12 secs] 
4966.272: [GC (Allocation Failure) [PSYoungGen: 21759225K->646679K(22609920K)] 22580971K->1468961K(25755648K), 0.1202627 secs] [Times: user=4.25 sys=0.00, real=0.12 secs] 
4970.668: [GC (Allocation Failure) [PSYoungGen: 21749271K->607076K(22609920K)] 22571553K->1429743K(25755648K), 0.1139197 secs] [Times: user=3.96 sys=0.01, real=0.11 secs] 
4975.009: [GC (Allocation Failure) [PSYoungGen: 21709668K->633838K(22609920K)] 22532335K->1456872K(25755648K), 0.1192159 secs] [Times: user=4.21 sys=0.00, real=0.12 secs] 
4979.363: [GC (Allocation Failure) [PSYoungGen: 21736430K->629508K(22609920K)] 22559464K->1453079K(25755648K), 0.1169240 secs] [Times: user=4.07 sys=0.00, real=0.12 secs] 
4983.528: [GC (Allocation Failure) [PSYoungGen: 21732100K->608601K(22609920K)] 22555671K->1432604K(25755648K), 0.1132581 secs] [Times: user=3.98 sys=0.01, real=0.12 secs] 
4987.820: [GC (Allocation Failure) [PSYoungGen: 21711193K->649429K(22609920K)] 22535196K->1473799K(25755648K), 0.1195155 secs] [Times: user=4.21 sys=0.00, real=0.12 secs] 
4992.080: [GC (Allocation Failure) [PSYoungGen: 21752021K->620516K(22609920K)] 22576391K->1445463K(25755648K), 0.1163293 secs] [Times: user=4.08 sys=0.00, real=0.11 secs] 
4996.148: [GC (Allocation Failure) [PSYoungGen: 21723108K->638667K(22609920K)] 22548055K->1463974K(25755648K), 0.1194057 secs] [Times: user=4.17 sys=0.00, real=0.12 secs] 
5000.377: [GC (Allocation Failure) [PSYoungGen: 21741259K->620509K(22609920K)] 22566566K->1446384K(25755648K), 0.1155767 secs] [Times: user=4.06 sys=0.00, real=0.12 secs] 
5004.609: [GC (Allocation Failure) [PSYoungGen: 21723101K->639682K(22609920K)] 22548976K->1465925K(25755648K), 0.1185349 secs] [Times: user=4.14 sys=0.00, real=0.12 secs] 
5008.833: [GC (Allocation Failure) [PSYoungGen: 21742274K->646215K(22609920K)] 22568517K->1472826K(25755648K), 0.1204100 secs] [Times: user=4.25 sys=0.00, real=0.12 secs] 
5013.150: [GC (Allocation Failure) [PSYoungGen: 21748807K->642569K(22609920K)] 22575418K->1469811K(25755648K), 0.1197869 secs] [Times: user=4.22 sys=0.00, real=0.12 secs] 
5017.541: [GC (Allocation Failure) [PSYoungGen: 21745161K->606660K(22609920K)] 22572403K->1434511K(25755648K), 0.1140666 secs] [Times: user=3.99 sys=0.01, real=0.12 secs] 
5021.763: [GC (Allocation Failure) [PSYoungGen: 21709252K->623354K(22609920K)] 22537103K->1451572K(25755648K), 0.1198958 secs] [Times: user=4.12 sys=0.00, real=0.12 secs] 
5025.852: [GC (Allocation Failure) [PSYoungGen: 21725946K->635810K(22609920K)] 22554164K->1464397K(25755648K), 0.1200454 secs] [Times: user=4.24 sys=0.00, real=0.12 secs] 
5030.296: [GC (Allocation Failure) [PSYoungGen: 21738402K->653510K(22609920K)] 22566989K->1482480K(25755648K), 0.1208997 secs] [Times: user=4.26 sys=0.00, real=0.12 secs] 
5034.681: [GC (Allocation Failure) [PSYoungGen: 21756102K->649152K(22609920K)] 22585072K->1478514K(25755648K), 0.1206297 secs] [Times: user=4.24 sys=0.00, real=0.12 secs] 
5038.868: [GC (Allocation Failure) [PSYoungGen: 21751744K->630618K(22609920K)] 22581106K->1460357K(25755648K), 0.1197335 secs] [Times: user=4.08 sys=0.00, real=0.12 secs] 
5042.940: [GC (Allocation Failure) [PSYoungGen: 21733210K->650034K(22609920K)] 22562949K->1480149K(25755648K), 0.1207090 secs] [Times: user=4.26 sys=0.00, real=0.12 secs] 
5047.219: [GC (Allocation Failure) [PSYoungGen: 21752626K->642270K(22609920K)] 22582741K->1472761K(25755648K), 0.1197571 secs] [Times: user=4.22 sys=0.01, real=0.12 secs] 
5051.325: [GC (Allocation Failure) [PSYoungGen: 21744862K->623731K(22609920K)] 22575353K->1454590K(25755648K), 0.1175841 secs] [Times: user=4.14 sys=0.00, real=0.12 secs] 
5055.560: [GC (Allocation Failure) [PSYoungGen: 21726323K->644124K(22609920K)] 22557182K->1475367K(25755648K), 0.1198580 secs] [Times: user=4.23 sys=0.00, real=0.12 secs] 
5059.850: [GC (Allocation Failure) [PSYoungGen: 21746716K->653503K(22609920K)] 22577959K->1485162K(25755648K), 0.1224884 secs] [Times: user=4.32 sys=0.00, real=0.13 secs] 
5064.020: [GC (Allocation Failure) [PSYoungGen: 21756095K->663760K(22609920K)] 22587754K->1495794K(25755648K), 0.1227058 secs] [Times: user=4.33 sys=0.00, real=0.13 secs] 
5068.272: [GC (Allocation Failure) [PSYoungGen: 21766352K->629470K(22609920K)] 22598386K->1461889K(25755648K), 0.1174717 secs] [Times: user=4.12 sys=0.00, real=0.11 secs] 
5072.409: [GC (Allocation Failure) [PSYoungGen: 21732062K->645195K(22609920K)] 22564481K->1477989K(25755648K), 0.1199702 secs] [Times: user=4.19 sys=0.00, real=0.12 secs] 
5076.578: [GC (Allocation Failure) [PSYoungGen: 21747787K->625944K(22609920K)] 22580581K->1459091K(25755648K), 0.1179883 secs] [Times: user=4.10 sys=0.00, real=0.12 secs] 
5080.701: [GC (Allocation Failure) [PSYoungGen: 21728536K->629470K(22609920K)] 22561683K->1463024K(25755648K), 0.1196219 secs] [Times: user=4.21 sys=0.01, real=0.12 secs] 
5084.852: [GC (Allocation Failure) [PSYoungGen: 21732062K->652515K(22609920K)] 22565616K->1486445K(25755648K), 0.1235373 secs] [Times: user=4.31 sys=0.00, real=0.13 secs] 
5089.151: [GC (Allocation Failure) [PSYoungGen: 21755107K->649481K(22609920K)] 22589037K->1483780K(25755648K), 0.1226818 secs] [Times: user=4.16 sys=0.00, real=0.12 secs] 
5093.367: [GC (Allocation Failure) [PSYoungGen: 21752073K->622585K(22609920K)] 22586372K->1457340K(25755648K), 0.1166694 secs] [Times: user=4.05 sys=0.00, real=0.11 secs] 
5097.507: [GC (Allocation Failure) [PSYoungGen: 21725177K->633124K(22609920K)] 22559932K->1468247K(25755648K), 0.1192514 secs] [Times: user=4.21 sys=0.01, real=0.12 secs] 
5101.671: [GC (Allocation Failure) [PSYoungGen: 21735716K->631258K(22609920K)] 22570839K->1466765K(25755648K), 0.1193052 secs] [Times: user=4.15 sys=0.00, real=0.12 secs] 
5105.759: [GC (Allocation Failure) [PSYoungGen: 21733850K->636309K(22609920K)] 22569357K->1472239K(25755648K), 0.1190748 secs] [Times: user=4.17 sys=0.00, real=0.12 secs] 
5109.853: [GC (Allocation Failure) [PSYoungGen: 21738901K->638862K(22609920K)] 22574831K->1475193K(25755648K), 0.1199663 secs] [Times: user=4.23 sys=0.00, real=0.12 secs] 
5113.907: [GC (Allocation Failure) [PSYoungGen: 21741454K->640175K(22609920K)] 22577785K->1476913K(25755648K), 0.1197973 secs] [Times: user=4.22 sys=0.00, real=0.12 secs] 
5118.054: [GC (Allocation Failure) [PSYoungGen: 21742767K->646653K(22609920K)] 22579505K->1484000K(25755648K), 0.1210845 secs] [Times: user=4.27 sys=0.01, real=0.12 secs] 
5122.157: [GC (Allocation Failure) [PSYoungGen: 21749245K->646665K(22609920K)] 22586592K->1484388K(25755648K), 0.1184132 secs] [Times: user=4.17 sys=0.01, real=0.12 secs] 
5126.301: [GC (Allocation Failure) [PSYoungGen: 21749257K->639816K(22609920K)] 22586980K->1477907K(25755648K), 0.1208763 secs] [Times: user=4.27 sys=0.00, real=0.12 secs] 
5130.456: [GC (Allocation Failure) [PSYoungGen: 21742408K->666259K(22609920K)] 22580499K->1504726K(25755648K), 0.1241128 secs] [Times: user=4.37 sys=0.00, real=0.12 secs] 
5134.509: [GC (Allocation Failure) [PSYoungGen: 21768851K->639293K(22609920K)] 22607318K->1478344K(25755648K), 0.1189057 secs] [Times: user=4.20 sys=0.00, real=0.12 secs] 
5138.619: [GC (Allocation Failure) [PSYoungGen: 21741885K->623070K(22609920K)] 22580936K->1462689K(25755648K), 0.1168228 secs] [Times: user=4.13 sys=0.00, real=0.12 secs] 
5142.751: [GC (Allocation Failure) [PSYoungGen: 21725662K->623817K(22609920K)] 22565281K->1463804K(25755648K), 0.1194365 secs] [Times: user=4.22 sys=0.00, real=0.12 secs] 
5146.751: [GC (Allocation Failure) [PSYoungGen: 21726409K->634562K(22609920K)] 22566396K->1475093K(25755648K), 0.1193193 secs] [Times: user=4.21 sys=0.00, real=0.12 secs] 
5150.782: [GC (Allocation Failure) [PSYoungGen: 21737154K->681848K(22609920K)] 22577685K->1522755K(25755648K), 0.1246906 secs] [Times: user=4.41 sys=0.00, real=0.13 secs] 
5154.905: [GC (Allocation Failure) [PSYoungGen: 21784440K->629924K(22609920K)] 22625347K->1471215K(25755648K), 0.1206568 secs] [Times: user=4.23 sys=0.00, real=0.13 secs] 
5158.974: [GC (Allocation Failure) [PSYoungGen: 21732516K->665497K(22609920K)] 22573807K->1507179K(25755648K), 0.1249226 secs] [Times: user=4.40 sys=0.00, real=0.13 secs] 
5163.065: [GC (Allocation Failure) [PSYoungGen: 21768089K->639562K(22609920K)] 22609771K->1481637K(25755648K), 0.1190085 secs] [Times: user=4.16 sys=0.00, real=0.12 secs] 
5167.206: [GC (Allocation Failure) [PSYoungGen: 21742154K->656579K(22609920K)] 22584229K->1499013K(25755648K), 0.1234753 secs] [Times: user=4.33 sys=0.00, real=0.13 secs] 
5171.359: [GC (Allocation Failure) [PSYoungGen: 21759171K->643832K(22609920K)] 22601605K->1486634K(25755648K), 0.1189842 secs] [Times: user=4.18 sys=0.00, real=0.12 secs] 
5175.494: [GC (Allocation Failure) [PSYoungGen: 21746424K->639521K(22609920K)] 22589226K->1482771K(25755648K), 0.1187576 secs] [Times: user=4.19 sys=0.01, real=0.12 secs] 
5179.624: [GC (Allocation Failure) [PSYoungGen: 21742053K->617607K(22609920K)] 22585304K->1461217K(25755648K), 0.1150203 secs] [Times: user=4.02 sys=0.00, real=0.12 secs] 
5183.639: [GC (Allocation Failure) [PSYoungGen: 21720199K->644158K(22609920K)] 22563809K->1488184K(25755648K), 0.1200080 secs] [Times: user=4.19 sys=0.00, real=0.12 secs] 
5187.729: [GC (Allocation Failure) [PSYoungGen: 21746750K->640415K(22609920K)] 22590776K->1484833K(25755648K), 0.1190538 secs] [Times: user=4.16 sys=0.00, real=0.12 secs] 
5191.806: [GC (Allocation Failure) [PSYoungGen: 21743007K->643459K(22609920K)] 22587425K->1488278K(25755648K), 0.1204071 secs] [Times: user=4.24 sys=0.00, real=0.12 secs] 
5195.691: [GC (Allocation Failure) [PSYoungGen: 21746051K->688988K(22609920K)] 22590870K->1534174K(25755648K), 0.1270067 secs] [Times: user=4.49 sys=0.00, real=0.12 secs] 
5199.747: [GC (Allocation Failure) [PSYoungGen: 21791580K->641757K(22609920K)] 22636766K->1487343K(25755648K), 0.1232671 secs] [Times: user=4.21 sys=0.00, real=0.12 secs] 
5203.749: [GC (Allocation Failure) [PSYoungGen: 21744349K->629306K(22609920K)] 22589935K->1475388K(25755648K), 0.1192866 secs] [Times: user=4.12 sys=0.00, real=0.12 secs] 
5207.839: [GC (Allocation Failure) [PSYoungGen: 21731898K->626477K(22609920K)] 22577980K->1472936K(25755648K), 0.1197346 secs] [Times: user=4.19 sys=0.00, real=0.12 secs] 
5211.729: [GC (Allocation Failure) [PSYoungGen: 21729069K->688206K(22609920K)] 22575528K->1535040K(25755648K), 0.1261308 secs] [Times: user=4.46 sys=0.00, real=0.13 secs] 
5215.724: [GC (Allocation Failure) [PSYoungGen: 21790798K->628260K(22609920K)] 22637632K->1475526K(25755648K), 0.1201988 secs] [Times: user=4.22 sys=0.00, real=0.12 secs] 
5219.668: [GC (Allocation Failure) [PSYoungGen: 21730852K->655610K(22609920K)] 22578118K->1503300K(25755648K), 0.1219014 secs] [Times: user=4.23 sys=0.01, real=0.12 secs] 
5223.774: [GC (Allocation Failure) [PSYoungGen: 21758202K->642116K(22609920K)] 22605892K->1490175K(25755648K), 0.1182929 secs] [Times: user=4.15 sys=0.00, real=0.12 secs] 
5227.766: [GC (Allocation Failure) [PSYoungGen: 21744708K->634362K(22609920K)] 22592767K->1482780K(25755648K), 0.1173526 secs] [Times: user=4.13 sys=0.00, real=0.11 secs] 
5231.836: [GC (Allocation Failure) [PSYoungGen: 21736954K->650821K(22609920K)] 22585372K->1499647K(25755648K), 0.1191122 secs] [Times: user=4.20 sys=0.00, real=0.12 secs] 
5235.758: [GC (Allocation Failure) [PSYoungGen: 21753413K->638206K(22609920K)] 22602239K->1487601K(25755648K), 0.1193605 secs] [Times: user=4.16 sys=0.00, real=0.12 secs] 
5239.937: [GC (Allocation Failure) [PSYoungGen: 21740798K->651524K(22609920K)] 22590193K->1501295K(25755648K), 0.1241712 secs] [Times: user=4.21 sys=0.01, real=0.13 secs] 
5243.958: [GC (Allocation Failure) [PSYoungGen: 21754116K->616900K(22609920K)] 22603887K->1467023K(25755648K), 0.1166689 secs] [Times: user=4.01 sys=0.01, real=0.11 secs] 
5247.935: [GC (Allocation Failure) [PSYoungGen: 21719492K->684149K(22609920K)] 22569615K->1534679K(25755648K), 0.1258159 secs] [Times: user=4.44 sys=0.01, real=0.13 secs] 
5252.058: [GC (Allocation Failure) [PSYoungGen: 21786741K->622500K(22609920K)] 22637271K->1473623K(25755648K), 0.1208598 secs] [Times: user=4.26 sys=0.00, real=0.12 secs] 
5255.986: [GC (Allocation Failure) [PSYoungGen: 21725092K->657235K(22609920K)] 22576215K->1508733K(25755648K), 0.1210219 secs] [Times: user=4.28 sys=0.00, real=0.12 secs] 
5260.001: [GC (Allocation Failure) [PSYoungGen: 21759827K->645203K(22609920K)] 22611325K->1497101K(25755648K), 0.1194144 secs] [Times: user=4.21 sys=0.00, real=0.11 secs] 
5264.057: [GC (Allocation Failure) [PSYoungGen: 21747795K->673977K(22609920K)] 22599693K->1526452K(25755648K), 0.1249823 secs] [Times: user=4.38 sys=0.00, real=0.13 secs] 
5267.943: [GC (Allocation Failure) [PSYoungGen: 21776569K->684971K(22609920K)] 22629044K->1537829K(25755648K), 0.1258713 secs] [Times: user=4.44 sys=0.00, real=0.12 secs] 
5271.890: [GC (Allocation Failure) [PSYoungGen: 21787563K->664438K(22609920K)] 22640421K->1517696K(25755648K), 0.1235799 secs] [Times: user=4.35 sys=0.00, real=0.13 secs] 
5275.908: [GC (Allocation Failure) [PSYoungGen: 21767030K->628442K(22609920K)] 22620288K->1482188K(25755648K), 0.1175756 secs] [Times: user=4.14 sys=0.00, real=0.12 secs] 
5279.805: [GC (Allocation Failure) [PSYoungGen: 21731034K->635439K(22609920K)] 22584780K->1489554K(25755648K), 0.1187834 secs] [Times: user=4.19 sys=0.00, real=0.12 secs] 
5283.802: [GC (Allocation Failure) [PSYoungGen: 21738031K->657806K(22609920K)] 22592146K->1512288K(25755648K), 0.1232519 secs] [Times: user=4.34 sys=0.01, real=0.13 secs] 
5287.672: [GC (Allocation Failure) [PSYoungGen: 21760398K->631047K(22609920K)] 22614880K->1485985K(25755648K), 0.1200158 secs] [Times: user=4.23 sys=0.00, real=0.12 secs] 
5291.684: [GC (Allocation Failure) [PSYoungGen: 21733639K->656536K(22609920K)] 22588577K->1511851K(25755648K), 0.1213849 secs] [Times: user=4.26 sys=0.00, real=0.13 secs] 
5295.690: [GC (Allocation Failure) [PSYoungGen: 21759128K->630094K(22609920K)] 22614443K->1485776K(25755648K), 0.1171746 secs] [Times: user=4.13 sys=0.00, real=0.12 secs] 
5299.593: [GC (Allocation Failure) [PSYoungGen: 21732686K->615780K(22609920K)] 22588368K->1471839K(25755648K), 0.1183928 secs] [Times: user=4.14 sys=0.00, real=0.12 secs] 
5303.704: [GC (Allocation Failure) [PSYoungGen: 21718372K->632965K(22609920K)] 22574431K->1489487K(25755648K), 0.1178979 secs] [Times: user=4.12 sys=0.00, real=0.12 secs] 
5307.609: [GC (Allocation Failure) [PSYoungGen: 21735557K->628075K(22609920K)] 22592079K->1484981K(25755648K), 0.1184290 secs] [Times: user=4.17 sys=0.00, real=0.11 secs] 
5311.526: [GC (Allocation Failure) [PSYoungGen: 21730667K->619898K(22609920K)] 22587573K->1477172K(25755648K), 0.1170274 secs] [Times: user=4.06 sys=0.01, real=0.12 secs] 
5315.740: [GC (Allocation Failure) [PSYoungGen: 21722490K->628682K(22609920K)] 22579764K->1486332K(25755648K), 0.1164941 secs] [Times: user=4.10 sys=0.00, real=0.11 secs] 
5319.604: [GC (Allocation Failure) [PSYoungGen: 21731274K->638135K(22609920K)] 22588924K->1496210K(25755648K), 0.1202619 secs] [Times: user=4.24 sys=0.01, real=0.12 secs] 
5323.468: [GC (Allocation Failure) [PSYoungGen: 21740727K->617892K(22609920K)] 22598802K->1476327K(25755648K), 0.1167747 secs] [Times: user=4.00 sys=0.00, real=0.12 secs] 
5327.529: [GC (Allocation Failure) [PSYoungGen: 21720484K->601764K(22609920K)] 22578919K->1460575K(25755648K), 0.1155979 secs] [Times: user=4.04 sys=0.01, real=0.12 secs] 
5331.352: [GC (Allocation Failure) [PSYoungGen: 21704356K->645476K(22609920K)] 22563167K->1504663K(25755648K), 0.1202534 secs] [Times: user=4.17 sys=0.00, real=0.13 secs] 
5335.182: [GC (Allocation Failure) [PSYoungGen: 21748068K->675797K(22609920K)] 22607255K->1535391K(25755648K), 0.1246574 secs] [Times: user=4.40 sys=0.00, real=0.12 secs] 
5339.078: [GC (Allocation Failure) [PSYoungGen: 21778389K->658825K(22609920K)] 22637983K->1518803K(25755648K), 0.1218063 secs] [Times: user=4.29 sys=0.00, real=0.12 secs] 
5342.870: [GC (Allocation Failure) [PSYoungGen: 21761417K->644547K(22609920K)] 22621395K->1505014K(25755648K), 0.1197639 secs] [Times: user=4.20 sys=0.00, real=0.12 secs] 
5346.803: [GC (Allocation Failure) [PSYoungGen: 21747139K->642297K(22609920K)] 22607606K->1503332K(25755648K), 0.1183819 secs] [Times: user=4.18 sys=0.00, real=0.12 secs] 
5350.641: [GC (Allocation Failure) [PSYoungGen: 21744889K->618473K(22609920K)] 22605924K->1479876K(25755648K), 0.1166992 secs] [Times: user=4.08 sys=0.00, real=0.12 secs] 
5354.553: [GC (Allocation Failure) [PSYoungGen: 21721065K->635351K(22609920K)] 22582468K->1497122K(25755648K), 0.1194207 secs] [Times: user=4.15 sys=0.00, real=0.12 secs] 
5358.447: [GC (Allocation Failure) [PSYoungGen: 21737943K->619680K(22609920K)] 22599714K->1481834K(25755648K), 0.1150799 secs] [Times: user=4.05 sys=0.00, real=0.11 secs] 
5362.312: [GC (Allocation Failure) [PSYoungGen: 21722272K->626825K(22609920K)] 22584426K->1489364K(25755648K), 0.1170838 secs] [Times: user=4.13 sys=0.00, real=0.12 secs] 
5366.142: [GC (Allocation Failure) [PSYoungGen: 21729417K->661796K(22609920K)] 22591956K->1524711K(25755648K), 0.1256870 secs] [Times: user=4.39 sys=0.00, real=0.13 secs] 
5370.109: [GC (Allocation Failure) [PSYoungGen: 21764388K->675771K(22609920K)] 22627303K->1539093K(25755648K), 0.1247065 secs] [Times: user=4.40 sys=0.01, real=0.12 secs] 
5374.124: [GC (Allocation Failure) [PSYoungGen: 21778363K->673700K(22609920K)] 22641685K->1537494K(25755648K), 0.1239902 secs] [Times: user=4.38 sys=0.00, real=0.13 secs] 
5378.029: [GC (Allocation Failure) [PSYoungGen: 21776292K->640541K(22609920K)] 22640086K->1504752K(25755648K), 0.1191530 secs] [Times: user=4.20 sys=0.00, real=0.11 secs] 
5381.959: [GC (Allocation Failure) [PSYoungGen: 21743133K->655579K(22609920K)] 22607344K->1520174K(25755648K), 0.1222332 secs] [Times: user=4.31 sys=0.00, real=0.12 secs] 
5385.767: [GC (Allocation Failure) [PSYoungGen: 21758171K->633223K(22609920K)] 22622766K->1498177K(25755648K), 0.1177539 secs] [Times: user=4.15 sys=0.00, real=0.12 secs] 
5389.588: [GC (Allocation Failure) [PSYoungGen: 21735815K->642242K(22609920K)] 22600769K->1507580K(25755648K), 0.1201426 secs] [Times: user=4.24 sys=0.00, real=0.12 secs] 
5393.422: [GC (Allocation Failure) [PSYoungGen: 21744834K->638075K(22609920K)] 22610172K->1503862K(25755648K), 0.1197530 secs] [Times: user=4.22 sys=0.00, real=0.12 secs] 
5397.256: [GC (Allocation Failure) [PSYoungGen: 21740667K->679486K(22609920K)] 22606454K->1545657K(25755648K), 0.1247184 secs] [Times: user=4.41 sys=0.00, real=0.12 secs] 
5401.044: [GC (Allocation Failure) [PSYoungGen: 21782078K->649288K(22609920K)] 22648249K->1515835K(25755648K), 0.1222982 secs] [Times: user=4.28 sys=0.00, real=0.12 secs] 
5404.938: [GC (Allocation Failure) [PSYoungGen: 21751880K->661510K(22609920K)] 22618427K->1528433K(25755648K), 0.1230460 secs] [Times: user=4.33 sys=0.00, real=0.12 secs] 
5408.754: [GC (Allocation Failure) [PSYoungGen: 21764102K->624393K(22609920K)] 22631025K->1491820K(25755648K), 0.1199173 secs] [Times: user=4.16 sys=0.01, real=0.12 secs] 
5412.663: [GC (Allocation Failure) [PSYoungGen: 21726985K->650809K(22609920K)] 22594412K->1518620K(25755648K), 0.1201320 secs] [Times: user=4.23 sys=0.00, real=0.12 secs] 
5416.448: [GC (Allocation Failure) [PSYoungGen: 21753401K->629220K(22609920K)] 22621212K->1497399K(25755648K), 0.1177520 secs] [Times: user=4.12 sys=0.01, real=0.12 secs] 
5420.354: [GC (Allocation Failure) [PSYoungGen: 21731812K->642185K(22609920K)] 22599991K->1510891K(25755648K), 0.1200791 secs] [Times: user=4.24 sys=0.00, real=0.12 secs] 
5424.212: [GC (Allocation Failure) [PSYoungGen: 21744777K->677646K(22609920K)] 22613483K->1546721K(25755648K), 0.1272946 secs] [Times: user=4.44 sys=0.01, real=0.13 secs] 
5428.176: [GC (Allocation Failure) [PSYoungGen: 21780238K->645993K(22609920K)] 22649313K->1515436K(25755648K), 0.1213964 secs] [Times: user=4.27 sys=0.01, real=0.12 secs] 
5432.039: [GC (Allocation Failure) [PSYoungGen: 21748585K->650674K(22609920K)] 22618028K->1520581K(25755648K), 0.1201219 secs] [Times: user=4.24 sys=0.00, real=0.12 secs] 
5435.919: [GC (Allocation Failure) [PSYoungGen: 21753266K->662206K(22609920K)] 22623173K->1532488K(25755648K), 0.1230451 secs] [Times: user=4.35 sys=0.00, real=0.12 secs] 
5439.729: [GC (Allocation Failure) [PSYoungGen: 21764798K->612324K(22609920K)] 22635080K->1482975K(25755648K), 0.1151723 secs] [Times: user=4.05 sys=0.00, real=0.11 secs] 
5443.508: [GC (Allocation Failure) [PSYoungGen: 21714916K->613236K(22609920K)] 22585567K->1484255K(25755648K), 0.1163951 secs] [Times: user=4.00 sys=0.00, real=0.12 secs] 
5447.381: [GC (Allocation Failure) [PSYoungGen: 21715828K->613380K(22609920K)] 22586847K->1484967K(25755648K), 0.1188397 secs] [Times: user=4.11 sys=0.00, real=0.12 secs] 
5451.240: [GC (Allocation Failure) [PSYoungGen: 21715972K->666289K(22609920K)] 22587559K->1538435K(25755648K), 0.1235358 secs] [Times: user=4.36 sys=0.00, real=0.12 secs] 
5455.175: [GC (Allocation Failure) [PSYoungGen: 21768881K->661145K(22609920K)] 22641027K->1533651K(25755648K), 0.1249958 secs] [Times: user=4.35 sys=0.00, real=0.12 secs] 
5459.068: [GC (Allocation Failure) [PSYoungGen: 21763737K->650269K(22609920K)] 22636243K->1523152K(25755648K), 0.1206161 secs] [Times: user=4.23 sys=0.00, real=0.12 secs] 
5462.970: [GC (Allocation Failure) [PSYoungGen: 21752861K->680614K(22609920K)] 22625744K->1553960K(25755648K), 0.1282323 secs] [Times: user=4.36 sys=0.00, real=0.13 secs] 
5466.827: [GC (Allocation Failure) [PSYoungGen: 21783206K->652571K(22609920K)] 22656552K->1526294K(25755648K), 0.1229071 secs] [Times: user=4.31 sys=0.00, real=0.12 secs] 
5470.514: [GC (Allocation Failure) [PSYoungGen: 21755163K->629725K(22609920K)] 22628886K->1503888K(25755648K), 0.1179781 secs] [Times: user=4.12 sys=0.00, real=0.11 secs] 
5474.301: [GC (Allocation Failure) [PSYoungGen: 21732317K->641929K(22609920K)] 22606480K->1516643K(25755648K), 0.1200757 secs] [Times: user=4.23 sys=0.00, real=0.12 secs] 
5478.065: [GC (Allocation Failure) [PSYoungGen: 21744521K->681593K(22609920K)] 22619235K->1556676K(25755648K), 0.1297989 secs] [Times: user=4.39 sys=0.00, real=0.13 secs] 
5481.901: [GC (Allocation Failure) [PSYoungGen: 21784185K->622551K(22609920K)] 22659268K->1498009K(25755648K), 0.1210620 secs] [Times: user=4.10 sys=0.00, real=0.12 secs] 
5485.705: [GC (Allocation Failure) [PSYoungGen: 21725143K->649987K(22609920K)] 22600601K->1525925K(25755648K), 0.1241388 secs] [Times: user=4.25 sys=0.00, real=0.12 secs] 
5489.488: [GC (Allocation Failure) [PSYoungGen: 21752579K->633742K(22609920K)] 22628517K->1510064K(25755648K), 0.1183739 secs] [Times: user=4.16 sys=0.01, real=0.12 secs] 
5493.282: [GC (Allocation Failure) [PSYoungGen: 21736334K->628114K(22609920K)] 22612656K->1504796K(25755648K), 0.1176120 secs] [Times: user=4.15 sys=0.00, real=0.12 secs] 
5497.121: [GC (Allocation Failure) [PSYoungGen: 21730706K->663302K(22609920K)] 22607388K->1540448K(25755648K), 0.1260337 secs] [Times: user=4.31 sys=0.00, real=0.13 secs] 
5500.942: [GC (Allocation Failure) [PSYoungGen: 21765894K->656574K(22609920K)] 22643040K->1534136K(25755648K), 0.1229086 secs] [Times: user=4.30 sys=0.01, real=0.12 secs] 
5504.727: [GC (Allocation Failure) [PSYoungGen: 21759166K->667046K(22609920K)] 22636728K->1544993K(25755648K), 0.1224623 secs] [Times: user=4.32 sys=0.00, real=0.13 secs] 
5508.506: [GC (Allocation Failure) [PSYoungGen: 21769638K->622281K(22609920K)] 22647585K->1500564K(25755648K), 0.1162905 secs] [Times: user=4.07 sys=0.00, real=0.12 secs] 
5512.289: [GC (Allocation Failure) [PSYoungGen: 21724873K->617409K(22609920K)] 22603156K->1496139K(25755648K), 0.1159497 secs] [Times: user=4.03 sys=0.00, real=0.11 secs] 
5516.090: [GC (Allocation Failure) [PSYoungGen: 21720001K->657615K(22609920K)] 22598731K->1536850K(25755648K), 0.1241331 secs] [Times: user=4.38 sys=0.00, real=0.13 secs] 
5519.915: [GC (Allocation Failure) [PSYoungGen: 21760207K->644249K(22609920K)] 22639442K->1523860K(25755648K), 0.1215317 secs] [Times: user=4.28 sys=0.00, real=0.12 secs] 
5523.767: [GC (Allocation Failure) [PSYoungGen: 21746841K->642757K(22609920K)] 22626452K->1522759K(25755648K), 0.1194771 secs] [Times: user=4.19 sys=0.00, real=0.12 secs] 
5527.538: [GC (Allocation Failure) [PSYoungGen: 21745349K->658440K(22609920K)] 22625351K->1538843K(25755648K), 0.1232137 secs] [Times: user=4.34 sys=0.00, real=0.12 secs] 
5531.296: [GC (Allocation Failure) [PSYoungGen: 21761032K->624821K(22609920K)] 22641435K->1505591K(25755648K), 0.1195364 secs] [Times: user=4.10 sys=0.00, real=0.12 secs] 
5535.107: [GC (Allocation Failure) [PSYoungGen: 21727413K->668125K(22609920K)] 22608183K->1549359K(25755648K), 0.1250355 secs] [Times: user=4.35 sys=0.00, real=0.12 secs] 
5538.901: [GC (Allocation Failure) [PSYoungGen: 21770717K->655305K(22609920K)] 22651951K->1536931K(25755648K), 0.1234749 secs] [Times: user=4.36 sys=0.00, real=0.13 secs] 
5542.663: [GC (Allocation Failure) [PSYoungGen: 21757897K->648926K(22609920K)] 22639523K->1530937K(25755648K), 0.1205840 secs] [Times: user=4.23 sys=0.00, real=0.13 secs] 
5546.376: [GC (Allocation Failure) [PSYoungGen: 21751518K->609924K(22609920K)] 22633529K->1492511K(25755648K), 0.1149683 secs] [Times: user=4.00 sys=0.01, real=0.11 secs] 
5550.175: [GC (Allocation Failure) [PSYoungGen: 21712516K->651418K(22609920K)] 22595103K->1534380K(25755648K), 0.1213005 secs] [Times: user=4.28 sys=0.01, real=0.12 secs] 
5553.908: [GC (Allocation Failure) [PSYoungGen: 21754010K->653778K(22609920K)] 22636972K->1537100K(25755648K), 0.1201750 secs] [Times: user=4.25 sys=0.00, real=0.12 secs] 
5557.654: [GC (Allocation Failure) [PSYoungGen: 21756370K->642860K(22609920K)] 22639692K->1526566K(25755648K), 0.1193441 secs] [Times: user=4.21 sys=0.00, real=0.12 secs] 
5561.377: [GC (Allocation Failure) [PSYoungGen: 21745452K->628621K(22609920K)] 22629158K->1512840K(25755648K), 0.1187208 secs] [Times: user=4.12 sys=0.00, real=0.11 secs] 
5565.139: [GC (Allocation Failure) [PSYoungGen: 21731213K->646105K(22609920K)] 22615432K->1530699K(25755648K), 0.1207959 secs] [Times: user=4.26 sys=0.00, real=0.12 secs] 
5569.027: [GC (Allocation Failure) [PSYoungGen: 21748697K->627481K(22609920K)] 22633291K->1512444K(25755648K), 0.1204296 secs] [Times: user=4.22 sys=0.00, real=0.12 secs] 
5572.808: [GC (Allocation Failure) [PSYoungGen: 21730073K->619834K(22609920K)] 22615036K->1505148K(25755648K), 0.1175895 secs] [Times: user=4.14 sys=0.00, real=0.11 secs] 
5576.460: [GC (Allocation Failure) [PSYoungGen: 21722426K->651157K(22609920K)] 22607740K->1536911K(25755648K), 0.1210070 secs] [Times: user=4.23 sys=0.01, real=0.12 secs] 
5580.244: [GC (Allocation Failure) [PSYoungGen: 21753749K->679423K(22609920K)] 22639503K->1565769K(25755648K), 0.1250807 secs] [Times: user=4.39 sys=0.00, real=0.12 secs] 
5583.971: [GC (Allocation Failure) [PSYoungGen: 21782015K->640228K(22609920K)] 22668361K->1526951K(25755648K), 0.1188180 secs] [Times: user=4.17 sys=0.00, real=0.12 secs] 
5587.784: [GC (Allocation Failure) [PSYoungGen: 21742820K->641957K(22609920K)] 22629543K->1529031K(25755648K), 0.1204546 secs] [Times: user=4.12 sys=0.00, real=0.12 secs] 
5591.546: [GC (Allocation Failure) [PSYoungGen: 21744549K->632068K(22609920K)] 22631623K->1519495K(25755648K), 0.1176283 secs] [Times: user=4.11 sys=0.00, real=0.12 secs] 
5595.162: [GC (Allocation Failure) [PSYoungGen: 21734660K->690179K(22609920K)] 22622087K->1578102K(25755648K), 0.1264932 secs] [Times: user=4.48 sys=0.00, real=0.13 secs] 
5599.060: [GC (Allocation Failure) [PSYoungGen: 21792771K->631124K(22609920K)] 22680694K->1519479K(25755648K), 0.1178360 secs] [Times: user=4.15 sys=0.00, real=0.12 secs] 
5602.830: [GC (Allocation Failure) [PSYoungGen: 21733716K->645284K(22609920K)] 22622071K->1534015K(25755648K), 0.1197096 secs] [Times: user=4.16 sys=0.00, real=0.12 secs] 
5606.512: [GC (Allocation Failure) [PSYoungGen: 21747876K->708054K(22609920K)] 22636607K->1597137K(25755648K), 0.1301704 secs] [Times: user=4.58 sys=0.00, real=0.13 secs] 
5610.210: [GC (Allocation Failure) [PSYoungGen: 21810646K->705020K(22609920K)] 22699729K->1594494K(25755648K), 0.1302089 secs] [Times: user=4.59 sys=0.00, real=0.13 secs] 
5613.898: [GC (Allocation Failure) [PSYoungGen: 21807612K->705166K(22609920K)] 22697086K->1595048K(25755648K), 0.1289381 secs] [Times: user=4.54 sys=0.00, real=0.13 secs] 
5617.567: [GC (Allocation Failure) [PSYoungGen: 21807758K->680903K(22609920K)] 22697640K->1571178K(25755648K), 0.1267241 secs] [Times: user=4.45 sys=0.00, real=0.12 secs] 
5621.285: [GC (Allocation Failure) [PSYoungGen: 21783495K->647659K(22609920K)] 22673770K->1538286K(25755648K), 0.1205411 secs] [Times: user=4.22 sys=0.01, real=0.13 secs] 
5624.927: [GC (Allocation Failure) [PSYoungGen: 21750251K->653854K(22609920K)] 22640878K->1544865K(25755648K), 0.1212341 secs] [Times: user=4.28 sys=0.00, real=0.12 secs] 
5628.550: [GC (Allocation Failure) [PSYoungGen: 21756446K->675914K(22609920K)] 22647457K->1567444K(25755648K), 0.1233864 secs] [Times: user=4.37 sys=0.00, real=0.12 secs] 
5632.180: [GC (Allocation Failure) [PSYoungGen: 21778506K->683765K(22609920K)] 22670036K->1575679K(25755648K), 0.1265741 secs] [Times: user=4.47 sys=0.00, real=0.13 secs] 
5635.898: [GC (Allocation Failure) [PSYoungGen: 21786357K->706759K(22609920K)] 22678271K->1599026K(25755648K), 0.1311980 secs] [Times: user=4.60 sys=0.00, real=0.13 secs] 
5639.635: [GC (Allocation Failure) [PSYoungGen: 21809351K->664143K(22609920K)] 22701618K->1556801K(25755648K), 0.1227424 secs] [Times: user=4.33 sys=0.00, real=0.12 secs] 
5643.361: [GC (Allocation Failure) [PSYoungGen: 21766735K->666948K(22609920K)] 22659393K->1560006K(25755648K), 0.1247947 secs] [Times: user=4.41 sys=0.00, real=0.12 secs] 
5647.115: [GC (Allocation Failure) [PSYoungGen: 21769540K->674294K(22609920K)] 22662598K->1567712K(25755648K), 0.1293892 secs] [Times: user=4.47 sys=0.01, real=0.13 secs] 
5650.736: [GC (Allocation Failure) [PSYoungGen: 21776886K->649411K(22609920K)] 22670304K->1543181K(25755648K), 0.1205783 secs] [Times: user=4.25 sys=0.00, real=0.12 secs] 
5654.442: [GC (Allocation Failure) [PSYoungGen: 21752003K->629011K(22609920K)] 22645773K->1523165K(25755648K), 0.1200214 secs] [Times: user=4.17 sys=0.00, real=0.12 secs] 
5658.090: [GC (Allocation Failure) [PSYoungGen: 21731603K->670275K(22609920K)] 22625757K->1564821K(25755648K), 0.1252571 secs] [Times: user=4.38 sys=0.00, real=0.13 secs] 
5661.636: [GC (Allocation Failure) [PSYoungGen: 21772867K->670040K(22609920K)] 22667413K->1564954K(25755648K), 0.1239829 secs] [Times: user=4.39 sys=0.00, real=0.12 secs] 
5665.316: [GC (Allocation Failure) [PSYoungGen: 21772632K->656812K(22609920K)] 22667546K->1552095K(25755648K), 0.1232657 secs] [Times: user=4.35 sys=0.00, real=0.12 secs] 
5668.938: [GC (Allocation Failure) [PSYoungGen: 21759404K->695037K(22609920K)] 22654687K->1590743K(25755648K), 0.1293156 secs] [Times: user=4.53 sys=0.00, real=0.13 secs] 
5672.477: [GC (Allocation Failure) [PSYoungGen: 21797629K->647418K(22609920K)] 22693335K->1543508K(25755648K), 0.1191426 secs] [Times: user=4.21 sys=0.00, real=0.12 secs] 
5676.116: [GC (Allocation Failure) [PSYoungGen: 21750010K->636484K(22609920K)] 22646100K->1532959K(25755648K), 0.1187836 secs] [Times: user=4.18 sys=0.00, real=0.12 secs] 
5679.565: [GC (Allocation Failure) [PSYoungGen: 21739076K->662510K(22609920K)] 22635551K->1559393K(25755648K), 0.1232658 secs] [Times: user=4.35 sys=0.00, real=0.12 secs] 
5683.129: [GC (Allocation Failure) [PSYoungGen: 21765102K->659483K(22609920K)] 22661985K->1556741K(25755648K), 0.1248620 secs] [Times: user=4.33 sys=0.00, real=0.12 secs] 
5686.932: [GC (Allocation Failure) [PSYoungGen: 21762075K->645300K(22609920K)] 22659333K->1542919K(25755648K), 0.1209590 secs] [Times: user=4.23 sys=0.00, real=0.12 secs] 
5690.449: [GC (Allocation Failure) [PSYoungGen: 21747892K->649292K(22609920K)] 22645511K->1547294K(25755648K), 0.1217004 secs] [Times: user=4.30 sys=0.00, real=0.12 secs] 
5694.087: [GC (Allocation Failure) [PSYoungGen: 21751884K->648340K(22609920K)] 22649886K->1546823K(25755648K), 0.1221090 secs] [Times: user=4.29 sys=0.00, real=0.13 secs] 
5697.856: [GC (Allocation Failure) [PSYoungGen: 21750932K->649780K(22609920K)] 22649415K->1548647K(25755648K), 0.1213651 secs] [Times: user=4.18 sys=0.00, real=0.13 secs] 
5701.459: [GC (Allocation Failure) [PSYoungGen: 21752372K->635956K(22609920K)] 22651239K->1535175K(25755648K), 0.1221139 secs] [Times: user=4.14 sys=0.00, real=0.12 secs] 
5704.999: [GC (Allocation Failure) [PSYoungGen: 21738548K->679466K(22609920K)] 22637767K->1579076K(25755648K), 0.1263612 secs] [Times: user=4.42 sys=0.00, real=0.12 secs] 
5708.693: [GC (Allocation Failure) [PSYoungGen: 21782058K->661589K(22609920K)] 22681668K->1561591K(25755648K), 0.1224648 secs] [Times: user=4.26 sys=0.00, real=0.12 secs] 
5712.170: [GC (Allocation Failure) [PSYoungGen: 21764181K->674983K(22609920K)] 22664183K->1575345K(25755648K), 0.1242428 secs] [Times: user=4.39 sys=0.01, real=0.12 secs] 
5715.842: [GC (Allocation Failure) [PSYoungGen: 21777575K->640538K(22609920K)] 22677937K->1541292K(25755648K), 0.1195655 secs] [Times: user=4.23 sys=0.00, real=0.12 secs] 
5719.385: [GC (Allocation Failure) [PSYoungGen: 21743130K->643420K(22609920K)] 22643884K->1544558K(25755648K), 0.1202059 secs] [Times: user=4.24 sys=0.00, real=0.12 secs] 
5723.021: [GC (Allocation Failure) [PSYoungGen: 21746012K->650442K(22609920K)] 22647150K->1551932K(25755648K), 0.1219383 secs] [Times: user=4.27 sys=0.01, real=0.12 secs] 
5726.602: [GC (Allocation Failure) [PSYoungGen: 21753034K->657432K(22609920K)] 22654524K->1559299K(25755648K), 0.1230703 secs] [Times: user=4.35 sys=0.00, real=0.12 secs] 
5730.298: [GC (Allocation Failure) [PSYoungGen: 21760024K->647036K(22609920K)] 22661891K->1549263K(25755648K), 0.1213878 secs] [Times: user=4.26 sys=0.01, real=0.12 secs] 
5733.990: [GC (Allocation Failure) [PSYoungGen: 21749628K->648436K(22609920K)] 22651855K->1551055K(25755648K), 0.1231211 secs] [Times: user=4.29 sys=0.00, real=0.13 secs] 
5737.610: [GC (Allocation Failure) [PSYoungGen: 21751028K->684011K(22609920K)] 22653647K->1586989K(25755648K), 0.1258224 secs] [Times: user=4.44 sys=0.00, real=0.13 secs] 
5741.238: [GC (Allocation Failure) [PSYoungGen: 21786603K->666606K(22609920K)] 22689581K->1569968K(25755648K), 0.1240067 secs] [Times: user=4.39 sys=0.00, real=0.12 secs] 
5744.897: [GC (Allocation Failure) [PSYoungGen: 21769198K->672407K(22609920K)] 22672560K->1576178K(25755648K), 0.1249652 secs] [Times: user=4.42 sys=0.01, real=0.12 secs] 
5748.511: [GC (Allocation Failure) [PSYoungGen: 21774999K->658558K(22609920K)] 22678770K->1562680K(25755648K), 0.1242677 secs] [Times: user=4.37 sys=0.00, real=0.13 secs] 
5752.119: [GC (Allocation Failure) [PSYoungGen: 21761150K->696760K(22609920K)] 22665272K->1601267K(25755648K), 0.1280497 secs] [Times: user=4.52 sys=0.00, real=0.13 secs] 
5755.867: [GC (Allocation Failure) [PSYoungGen: 21799352K->638727K(22609920K)] 22703859K->1543666K(25755648K), 0.1190413 secs] [Times: user=4.19 sys=0.00, real=0.12 secs] 
5759.371: [GC (Allocation Failure) [PSYoungGen: 21741319K->629774K(22609920K)] 22646258K->1535081K(25755648K), 0.1183125 secs] [Times: user=4.13 sys=0.00, real=0.12 secs] 
5763.034: [GC (Allocation Failure) [PSYoungGen: 21732366K->674051K(22609920K)] 22637673K->1579749K(25755648K), 0.1255034 secs] [Times: user=4.42 sys=0.00, real=0.13 secs] 
5766.626: [GC (Allocation Failure) [PSYoungGen: 21776643K->650292K(22609920K)] 22682341K->1556366K(25755648K), 0.1223287 secs] [Times: user=4.30 sys=0.00, real=0.13 secs] 
5770.122: [GC (Allocation Failure) [PSYoungGen: 21752884K->667982K(22609920K)] 22658958K->1574449K(25755648K), 0.1240027 secs] [Times: user=4.38 sys=0.00, real=0.12 secs] 
5773.729: [GC (Allocation Failure) [PSYoungGen: 21770574K->665731K(22609920K)] 22677041K->1572582K(25755648K), 0.1251496 secs] [Times: user=4.42 sys=0.00, real=0.12 secs] 
5777.371: [GC (Allocation Failure) [PSYoungGen: 21768323K->659097K(22609920K)] 22675174K->1566324K(25755648K), 0.1261479 secs] [Times: user=4.38 sys=0.00, real=0.12 secs] 
5780.922: [GC (Allocation Failure) [PSYoungGen: 21761689K->676462K(22609920K)] 22668916K->1584145K(25755648K), 0.1274437 secs] [Times: user=4.41 sys=0.00, real=0.13 secs] 
5784.500: [GC (Allocation Failure) [PSYoungGen: 21779054K->642959K(22609920K)] 22686737K->1551025K(25755648K), 0.1230508 secs] [Times: user=4.21 sys=0.00, real=0.13 secs] 
5788.029: [GC (Allocation Failure) [PSYoungGen: 21745551K->644974K(22609920K)] 22653617K->1553425K(25755648K), 0.1243775 secs] [Times: user=4.28 sys=0.00, real=0.13 secs] 
5791.592: [GC (Allocation Failure) [PSYoungGen: 21747566K->640858K(22609920K)] 22656017K->1549693K(25755648K), 0.1193060 secs] [Times: user=4.21 sys=0.00, real=0.12 secs] 
5795.177: [GC (Allocation Failure) [PSYoungGen: 21743450K->692732K(22609920K)] 22652285K->1601918K(25755648K), 0.1291224 secs] [Times: user=4.57 sys=0.00, real=0.13 secs] 
5798.824: [GC (Allocation Failure) [PSYoungGen: 21795324K->639095K(22609920K)] 22704510K->1548649K(25755648K), 0.1226156 secs] [Times: user=4.13 sys=0.00, real=0.12 secs] 
5802.376: [GC (Allocation Failure) [PSYoungGen: 21741687K->619169K(22609920K)] 22651241K->1529108K(25755648K), 0.1176749 secs] [Times: user=4.14 sys=0.01, real=0.12 secs] 
5806.039: [GC (Allocation Failure) [PSYoungGen: 21721761K->667591K(22609920K)] 22631700K->1577890K(25755648K), 0.1238662 secs] [Times: user=4.36 sys=0.00, real=0.12 secs] 
5809.662: [GC (Allocation Failure) [PSYoungGen: 21770183K->665562K(22609920K)] 22680482K->1576244K(25755648K), 0.1249075 secs] [Times: user=4.31 sys=0.00, real=0.13 secs] 
5813.270: [GC (Allocation Failure) [PSYoungGen: 21768154K->652356K(22609920K)] 22678836K->1563415K(25755648K), 0.1242753 secs] [Times: user=4.24 sys=0.01, real=0.12 secs] 
5816.800: [GC (Allocation Failure) [PSYoungGen: 21754948K->676566K(22609920K)] 22666007K->1588032K(25755648K), 0.1273275 secs] [Times: user=4.48 sys=0.00, real=0.13 secs] 
5820.399: [GC (Allocation Failure) [PSYoungGen: 21779158K->629342K(22609920K)] 22690624K->1541201K(25755648K), 0.1185111 secs] [Times: user=4.15 sys=0.01, real=0.12 secs] 
5823.803: [GC (Allocation Failure) [PSYoungGen: 21731934K->648388K(22609920K)] 22643793K->1560607K(25755648K), 0.1219361 secs] [Times: user=4.31 sys=0.00, real=0.12 secs] 
5827.309: [GC (Allocation Failure) [PSYoungGen: 21750980K->655855K(22609920K)] 22663199K->1568497K(25755648K), 0.1265604 secs] [Times: user=4.30 sys=0.00, real=0.12 secs] 
5830.695: [GC (Allocation Failure) [PSYoungGen: 21758447K->663564K(22609920K)] 22671089K->1576695K(25755648K), 0.1243445 secs] [Times: user=4.39 sys=0.01, real=0.13 secs] 
5834.276: [GC (Allocation Failure) [PSYoungGen: 21766156K->628889K(22609920K)] 22679287K->1542380K(25755648K), 0.1191430 secs] [Times: user=4.18 sys=0.00, real=0.12 secs] 
5837.713: [GC (Allocation Failure) [PSYoungGen: 21731481K->655892K(22609920K)] 22644972K->1569774K(25755648K), 0.1208433 secs] [Times: user=4.27 sys=0.00, real=0.12 secs] 
5841.288: [GC (Allocation Failure) [PSYoungGen: 21758484K->653253K(22609920K)] 22672366K->1567592K(25755648K), 0.1260501 secs] [Times: user=4.28 sys=0.00, real=0.13 secs] 
5844.861: [GC (Allocation Failure) [PSYoungGen: 21755845K->662773K(22609920K)] 22670184K->1577719K(25755648K), 0.1268240 secs] [Times: user=4.26 sys=0.00, real=0.12 secs] 
5848.408: [GC (Allocation Failure) [PSYoungGen: 21765365K->636889K(22609920K)] 22680311K->1552188K(25755648K), 0.1259175 secs] [Times: user=4.16 sys=0.01, real=0.13 secs] 
5852.023: [GC (Allocation Failure) [PSYoungGen: 21739481K->665810K(22609920K)] 22654780K->1581492K(25755648K), 0.1246490 secs] [Times: user=4.37 sys=0.01, real=0.12 secs] 
5855.588: [GC (Allocation Failure) [PSYoungGen: 21768402K->676746K(22609920K)] 22684084K->1592988K(25755648K), 0.1259269 secs] [Times: user=4.45 sys=0.01, real=0.13 secs] 
5859.145: [GC (Allocation Failure) [PSYoungGen: 21779338K->675433K(22609920K)] 22695580K->1592035K(25755648K), 0.1264743 secs] [Times: user=4.43 sys=0.00, real=0.12 secs] 
5862.650: [GC (Allocation Failure) [PSYoungGen: 21778025K->657743K(22609920K)] 22694627K->1574754K(25755648K), 0.1242092 secs] [Times: user=4.35 sys=0.00, real=0.13 secs] 
5866.167: [GC (Allocation Failure) [PSYoungGen: 21760335K->689740K(22609920K)] 22677346K->1607134K(25755648K), 0.1268813 secs] [Times: user=4.48 sys=0.00, real=0.13 secs] 
5869.675: [GC (Allocation Failure) [PSYoungGen: 21792332K->655842K(22609920K)] 22709726K->1573621K(25755648K), 0.1223332 secs] [Times: user=4.33 sys=0.00, real=0.12 secs] 
5873.184: [GC (Allocation Failure) [PSYoungGen: 21758434K->666970K(22609920K)] 22676213K->1585124K(25755648K), 0.1276743 secs] [Times: user=4.40 sys=0.00, real=0.12 secs] 
5876.645: [GC (Allocation Failure) [PSYoungGen: 21769562K->643977K(22609920K)] 22687716K->1562524K(25755648K), 0.1203038 secs] [Times: user=4.24 sys=0.00, real=0.12 secs] 
5880.281: [GC (Allocation Failure) [PSYoungGen: 21746569K->638882K(22609920K)] 22665116K->1557957K(25755648K), 0.1199448 secs] [Times: user=4.22 sys=0.00, real=0.12 secs] 
5883.755: [GC (Allocation Failure) [PSYoungGen: 21741474K->636649K(22609920K)] 22660549K->1556084K(25755648K), 0.1229970 secs] [Times: user=4.31 sys=0.00, real=0.13 secs] 
5887.364: [GC (Allocation Failure) [PSYoungGen: 21739241K->629299K(22609920K)] 22658676K->1549133K(25755648K), 0.1171663 secs] [Times: user=4.12 sys=0.00, real=0.12 secs] 
5890.955: [GC (GCLocker Initiated GC) [PSYoungGen: 21731891K->679348K(22609920K)] 22652449K->1600282K(25755648K), 0.1291214 secs] [Times: user=4.55 sys=0.00, real=0.13 secs] 
5894.670: [GC (Allocation Failure) [PSYoungGen: 21781940K->704266K(22609920K)] 22702878K->1625564K(25755648K), 0.1313935 secs] [Times: user=4.48 sys=0.01, real=0.13 secs] 
5898.199: [GC (Allocation Failure) [PSYoungGen: 21806858K->721909K(22609920K)] 22728156K->1643583K(25755648K), 0.1312425 secs] [Times: user=4.63 sys=0.00, real=0.13 secs] 
5901.697: [GC (Allocation Failure) [PSYoungGen: 21824501K->695194K(22609920K)] 22746175K->1617500K(25755648K), 0.1270967 secs] [Times: user=4.43 sys=0.00, real=0.13 secs] 
5905.092: [GC (Allocation Failure) [PSYoungGen: 21797786K->718650K(22609920K)] 22720092K->1641324K(25755648K), 0.1322969 secs] [Times: user=4.62 sys=0.00, real=0.13 secs] 
5908.570: [GC (Allocation Failure) [PSYoungGen: 21821242K->706716K(22609920K)] 22743916K->1629766K(25755648K), 0.2236294 secs] [Times: user=4.74 sys=0.00, real=0.22 secs] 
5912.175: [GC (Allocation Failure) [PSYoungGen: 21809308K->729497K(22609920K)] 22732358K->1652915K(25755648K), 0.1869441 secs] [Times: user=4.61 sys=0.00, real=0.19 secs] 
5915.723: [GC (Allocation Failure) [PSYoungGen: 21832089K->702715K(22609920K)] 22755507K->1626773K(25755648K), 0.1360895 secs] [Times: user=4.41 sys=0.00, real=0.13 secs] 
5919.236: [GC (Allocation Failure) [PSYoungGen: 21805307K->753205K(22609920K)] 22729365K->1677623K(25755648K), 0.1476484 secs] [Times: user=4.86 sys=0.00, real=0.15 secs] 
5922.688: [GC (Allocation Failure) [PSYoungGen: 21855797K->720270K(22609920K)] 22780215K->1645152K(25755648K), 0.1345783 secs] [Times: user=4.58 sys=0.00, real=0.14 secs] 
5926.309: [GC (Allocation Failure) [PSYoungGen: 21822862K->658454K(22609920K)] 22747744K->1583697K(25755648K), 0.1215543 secs] [Times: user=4.25 sys=0.00, real=0.12 secs] 
5929.793: [GC (Allocation Failure) [PSYoungGen: 21761046K->693183K(22609920K)] 22686289K->1618825K(25755648K), 0.1278789 secs] [Times: user=4.41 sys=0.00, real=0.13 secs] 
5933.334: [GC (Allocation Failure) [PSYoungGen: 21795775K->710411K(22609920K)] 22721417K->1636453K(25755648K), 0.1283008 secs] [Times: user=4.54 sys=0.00, real=0.13 secs] 
5936.820: [GC (Allocation Failure) [PSYoungGen: 21813003K->707100K(22609920K)] 22739045K->1633518K(25755648K), 0.1296406 secs] [Times: user=4.54 sys=0.00, real=0.13 secs] 
5940.326: [GC (Allocation Failure) [PSYoungGen: 21809692K->695534K(22609920K)] 22736110K->1622320K(25755648K), 0.1281770 secs] [Times: user=4.49 sys=0.01, real=0.13 secs] 
5943.887: [GC (Allocation Failure) [PSYoungGen: 21798126K->658992K(22609920K)] 22724912K->1636810K(25755648K), 0.1337089 secs] [Times: user=4.55 sys=0.00, real=0.13 secs] 
5947.387: [GC (Allocation Failure) [PSYoungGen: 21761584K->607467K(22609920K)] 22739402K->1585758K(25755648K), 0.1164374 secs] [Times: user=4.00 sys=0.00, real=0.11 secs] 
5950.852: [GC (Allocation Failure) [PSYoungGen: 21710059K->637636K(22609920K)] 22688350K->1616271K(25755648K), 0.1216388 secs] [Times: user=4.18 sys=0.00, real=0.12 secs] 
5954.373: [GC (Allocation Failure) [PSYoungGen: 21740228K->633170K(22609920K)] 22718863K->1612180K(25755648K), 0.1193009 secs] [Times: user=4.20 sys=0.01, real=0.12 secs] 
5957.968: [GC (Allocation Failure) [PSYoungGen: 21735762K->683033K(22609920K)] 22714772K->1662419K(25755648K), 0.1263890 secs] [Times: user=4.42 sys=0.00, real=0.12 secs] 
5961.410: [GC (Allocation Failure) [PSYoungGen: 21785625K->652213K(22609920K)] 22765011K->1631999K(25755648K), 0.1216454 secs] [Times: user=4.24 sys=0.00, real=0.12 secs] 
5964.842: [GC (Allocation Failure) [PSYoungGen: 21754805K->657098K(22609920K)] 22734591K->1637244K(25755648K), 0.1240088 secs] [Times: user=4.29 sys=0.00, real=0.12 secs] 
5968.205: [GC (Allocation Failure) [PSYoungGen: 21759690K->677371K(22609920K)] 22739836K->1657893K(25755648K), 0.1272882 secs] [Times: user=4.42 sys=0.00, real=0.13 secs] 
5971.668: [GC (Allocation Failure) [PSYoungGen: 21779963K->668381K(22609920K)] 22760485K->1649271K(25755648K), 0.1240687 secs] [Times: user=4.38 sys=0.00, real=0.13 secs] 
5975.192: [GC (Allocation Failure) [PSYoungGen: 21770973K->662228K(22609920K)] 22751863K->1643566K(25755648K), 0.1256832 secs] [Times: user=4.26 sys=0.00, real=0.12 secs] 
5978.778: [GC (Allocation Failure) [PSYoungGen: 21764820K->629700K(22609920K)] 22746158K->1611431K(25755648K), 0.1205207 secs] [Times: user=4.14 sys=0.00, real=0.12 secs] 
5982.195: [GC (Allocation Failure) [PSYoungGen: 21732292K->666308K(22609920K)] 22714023K->1648407K(25755648K), 0.1263204 secs] [Times: user=4.31 sys=0.01, real=0.13 secs] 
5985.655: [GC (Allocation Failure) [PSYoungGen: 21768900K->671509K(22609920K)] 22750999K->1654039K(25755648K), 0.1270015 secs] [Times: user=4.35 sys=0.00, real=0.13 secs] 
5989.086: [GC (Allocation Failure) [PSYoungGen: 21774101K->718737K(22609920K)] 22756631K->1701659K(25755648K), 0.1348829 secs] [Times: user=4.61 sys=0.00, real=0.13 secs] 
5992.566: [GC (Allocation Failure) [PSYoungGen: 21821329K->694771K(22609920K)] 22804251K->1678085K(25755648K), 0.1280051 secs] [Times: user=4.51 sys=0.00, real=0.13 secs] 
5996.050: [GC (Allocation Failure) [PSYoungGen: 21797363K->714254K(22609920K)] 22780677K->1697929K(25755648K), 0.1368692 secs] [Times: user=4.64 sys=0.00, real=0.14 secs] 
5999.467: [GC (Allocation Failure) [PSYoungGen: 21816846K->690900K(22609920K)] 22800521K->1674966K(25755648K), 0.1286349 secs] [Times: user=4.47 sys=0.00, real=0.13 secs] 
6002.961: [GC (Allocation Failure) [PSYoungGen: 21793492K->760501K(22609920K)] 22777558K->1744984K(25755648K), 0.1403753 secs] [Times: user=4.97 sys=0.00, real=0.14 secs] 
6006.527: [GC (Allocation Failure) [PSYoungGen: 21863093K->649822K(22609920K)] 22847576K->1634688K(25755648K), 0.1229148 secs] [Times: user=4.22 sys=0.00, real=0.12 secs] 
6009.958: [GC (Allocation Failure) [PSYoungGen: 21752414K->694656K(22609920K)] 22737280K->1679883K(25755648K), 0.1287187 secs] [Times: user=4.55 sys=0.00, real=0.13 secs] 
6013.393: [GC (Allocation Failure) [PSYoungGen: 21797248K->653146K(22609920K)] 22782475K->1638748K(25755648K), 0.1218610 secs] [Times: user=4.27 sys=0.00, real=0.12 secs] 
6016.768: [GC (Allocation Failure) [PSYoungGen: 21755738K->664254K(22609920K)] 22741340K->1650336K(25755648K), 0.1232389 secs] [Times: user=4.33 sys=0.00, real=0.12 secs] 
6020.126: [GC (Allocation Failure) [PSYoungGen: 21766846K->693326K(22609920K)] 22752928K->1679777K(25755648K), 0.1283616 secs] [Times: user=4.52 sys=0.00, real=0.13 secs] 
6023.538: [GC (Allocation Failure) [PSYoungGen: 21795918K->756617K(22609920K)] 22782369K->1743443K(25755648K), 0.1423168 secs] [Times: user=4.89 sys=0.01, real=0.14 secs] 
6027.030: [GC (Allocation Failure) [PSYoungGen: 21859209K->682228K(22609920K)] 22846035K->1669430K(25755648K), 0.1335806 secs] [Times: user=4.44 sys=0.00, real=0.13 secs] 
6030.500: [GC (Allocation Failure) [PSYoungGen: 21784820K->693081K(22609920K)] 22772022K->1680723K(25755648K), 0.1287329 secs] [Times: user=4.53 sys=0.00, real=0.13 secs] 
6033.927: [GC (Allocation Failure) [PSYoungGen: 21795673K->691608K(22609920K)] 22783315K->1679618K(25755648K), 0.1281663 secs] [Times: user=4.53 sys=0.00, real=0.13 secs] 
6037.505: [GC (Allocation Failure) [PSYoungGen: 21794200K->658211K(22609920K)] 22782210K->1646606K(25755648K), 0.1232207 secs] [Times: user=4.35 sys=0.00, real=0.12 secs] 
6040.969: [GC (Allocation Failure) [PSYoungGen: 21760803K->685355K(22609920K)] 22749198K->1674205K(25755648K), 0.1269775 secs] [Times: user=4.47 sys=0.00, real=0.13 secs] 
6044.459: [GC (Allocation Failure) [PSYoungGen: 21787947K->671972K(22609920K)] 22776797K->1661294K(25755648K), 0.1246509 secs] [Times: user=4.40 sys=0.00, real=0.13 secs] 
6047.844: [GC (Allocation Failure) [PSYoungGen: 21774564K->692415K(22609920K)] 22763886K->1682105K(25755648K), 0.1295080 secs] [Times: user=4.50 sys=0.00, real=0.13 secs] 
6051.191: [GC (Allocation Failure) [PSYoungGen: 21795007K->686253K(22609920K)] 22784697K->1676328K(25755648K), 0.1272046 secs] [Times: user=4.49 sys=0.00, real=0.12 secs] 
6054.591: [GC (Allocation Failure) [PSYoungGen: 21788845K->641235K(22609920K)] 22778920K->1631669K(25755648K), 0.1211522 secs] [Times: user=4.17 sys=0.00, real=0.13 secs] 
6058.031: [GC (Allocation Failure) [PSYoungGen: 21743827K->705600K(22609920K)] 22734261K->1696515K(25755648K), 0.1306194 secs] [Times: user=4.59 sys=0.00, real=0.14 secs] 
6061.459: [GC (Allocation Failure) [PSYoungGen: 21808192K->667443K(22609920K)] 22799107K->1658798K(25755648K), 0.1239904 secs] [Times: user=4.38 sys=0.00, real=0.13 secs] 
6064.795: [GC (Allocation Failure) [PSYoungGen: 21770035K->713114K(22609920K)] 22761390K->1704852K(25755648K), 0.1313228 secs] [Times: user=4.64 sys=0.01, real=0.13 secs] 
6068.200: [GC (Allocation Failure) [PSYoungGen: 21815706K->699781K(22609920K)] 22807444K->1691887K(25755648K), 0.1290380 secs] [Times: user=4.50 sys=0.00, real=0.13 secs] 
6071.657: [GC (Allocation Failure) [PSYoungGen: 21802373K->699929K(22609920K)] 22794479K->1692411K(25755648K), 0.1299993 secs] [Times: user=4.57 sys=0.01, real=0.13 secs] 
6074.957: [GC (Allocation Failure) [PSYoungGen: 21802521K->752793K(22609920K)] 22795003K->1745676K(25755648K), 0.1404615 secs] [Times: user=4.83 sys=0.00, real=0.14 secs] 
6078.329: [GC (Allocation Failure) [PSYoungGen: 21855385K->671774K(22609920K)] 22848268K->1665024K(25755648K), 0.1259777 secs] [Times: user=4.46 sys=0.00, real=0.13 secs] 
6081.713: [GC (Allocation Failure) [PSYoungGen: 21774366K->646967K(22609920K)] 22767616K->1640625K(25755648K), 0.1247974 secs] [Times: user=4.19 sys=0.00, real=0.13 secs] 
6085.097: [GC (Allocation Failure) [PSYoungGen: 21749559K->779782K(22609920K)] 22743217K->1773809K(25755648K), 0.1475698 secs] [Times: user=5.02 sys=0.00, real=0.14 secs] 
6088.510: [GC (Allocation Failure) [PSYoungGen: 21882374K->739114K(22609920K)] 22876401K->1733540K(25755648K), 0.1358291 secs] [Times: user=4.80 sys=0.00, real=0.13 secs] 
6091.843: [GC (Allocation Failure) [PSYoungGen: 21841706K->666922K(22609920K)] 22836132K->1661716K(25755648K), 0.1234542 secs] [Times: user=4.34 sys=0.01, real=0.12 secs] 
6095.270: [GC (Allocation Failure) [PSYoungGen: 21769514K->705946K(22609920K)] 22764308K->1701156K(25755648K), 0.1300745 secs] [Times: user=4.59 sys=0.00, real=0.13 secs] 
6098.661: [GC (Allocation Failure) [PSYoungGen: 21808538K->660314K(22609920K)] 22803748K->1655956K(25755648K), 0.1242213 secs] [Times: user=4.25 sys=0.00, real=0.12 secs] 
6102.045: [GC (Allocation Failure) [PSYoungGen: 21762906K->747438K(22609920K)] 22758548K->1743448K(25755648K), 0.1377136 secs] [Times: user=4.83 sys=0.00, real=0.14 secs] 
6105.497: [GC (Allocation Failure) [PSYoungGen: 21850030K->644261K(22609920K)] 22846040K->1640655K(25755648K), 0.1225074 secs] [Times: user=4.20 sys=0.00, real=0.13 secs] 
6108.904: [GC (Allocation Failure) [PSYoungGen: 21746853K->720762K(22609920K)] 22743247K->1717524K(25755648K), 0.1344840 secs] [Times: user=4.62 sys=0.00, real=0.13 secs] 
6112.320: [GC (Allocation Failure) [PSYoungGen: 21823354K->679323K(22609920K)] 22820116K->1676486K(25755648K), 0.1272944 secs] [Times: user=4.50 sys=0.00, real=0.12 secs] 
6115.667: [GC (Allocation Failure) [PSYoungGen: 21781915K->674085K(22609920K)] 22779078K->1671767K(25755648K), 0.1249117 secs] [Times: user=4.41 sys=0.00, real=0.13 secs] 
6119.070: [GC (Allocation Failure) [PSYoungGen: 21776677K->776545K(22609920K)] 22774359K->1774756K(25755648K), 0.1444980 secs] [Times: user=4.97 sys=0.00, real=0.15 secs] 
6122.487: [GC (Allocation Failure) [PSYoungGen: 21879137K->716103K(22609920K)] 22877348K->1714705K(25755648K), 0.1317266 secs] [Times: user=4.66 sys=0.00, real=0.13 secs] 
6125.760: [GC (Allocation Failure) [PSYoungGen: 21818695K->745289K(22609920K)] 22817297K->1744268K(25755648K), 0.1377025 secs] [Times: user=4.83 sys=0.01, real=0.14 secs] 
6129.067: [GC (Allocation Failure) [PSYoungGen: 21847881K->732377K(22609920K)] 22846860K->1731939K(25755648K), 0.1339991 secs] [Times: user=4.68 sys=0.00, real=0.13 secs] 
6132.377: [GC (Allocation Failure) [PSYoungGen: 21834969K->726304K(22609920K)] 22834531K->1726395K(25755648K), 0.1343618 secs] [Times: user=4.75 sys=0.00, real=0.13 secs] 
6135.793: [GC (Allocation Failure) [PSYoungGen: 21828896K->745448K(22609920K)] 22828987K->1745906K(25755648K), 0.1360968 secs] [Times: user=4.83 sys=0.00, real=0.14 secs] 
6139.231: [GC (Allocation Failure) [PSYoungGen: 21848040K->713082K(22609920K)] 22848498K->1713932K(25755648K), 0.1312092 secs] [Times: user=4.64 sys=0.00, real=0.13 secs] 
6142.678: [GC (Allocation Failure) [PSYoungGen: 21815674K->716930K(22609920K)] 22816524K->1718164K(25755648K), 0.1838594 secs] [Times: user=4.57 sys=0.00, real=0.18 secs] 
6145.991: [GC (Allocation Failure) [PSYoungGen: 21819522K->739258K(22609920K)] 22820756K->1740940K(25755648K), 0.1436032 secs] [Times: user=4.65 sys=0.00, real=0.14 secs] 
6149.792: [GC (Allocation Failure) [PSYoungGen: 21841850K->714813K(22609920K)] 22843532K->1716887K(25755648K), 0.1332120 secs] [Times: user=4.58 sys=0.00, real=0.13 secs] 
6152.894: [GC (Allocation Failure) [PSYoungGen: 21817405K->657587K(22609920K)] 22819479K->1660005K(25755648K), 0.1280588 secs] [Times: user=4.35 sys=0.00, real=0.13 secs] 
6156.157: [GC (Allocation Failure) [PSYoungGen: 21760179K->722846K(22609920K)] 22762597K->1725777K(25755648K), 0.1350528 secs] [Times: user=4.73 sys=0.00, real=0.13 secs] 
6159.748: [GC (Allocation Failure) [PSYoungGen: 21825438K->765410K(22609920K)] 22828369K->1768692K(25755648K), 0.1602161 secs] [Times: user=5.02 sys=0.01, real=0.16 secs] 
6163.131: [GC (Allocation Failure) [PSYoungGen: 21868002K->655273K(22609920K)] 22871284K->1658939K(25755648K), 0.1311194 secs] [Times: user=4.24 sys=0.00, real=0.13 secs] 
6166.378: [GC (Allocation Failure) [PSYoungGen: 21757865K->618313K(22609920K)] 22761531K->1622332K(25755648K), 0.1205201 secs] [Times: user=4.07 sys=0.00, real=0.13 secs] 
6169.814: [GC (Allocation Failure) [PSYoungGen: 21720905K->681213K(22609920K)] 22724924K->1685648K(25755648K), 0.1269874 secs] [Times: user=4.49 sys=0.00, real=0.13 secs] 
6173.183: [GC (Allocation Failure) [PSYoungGen: 21783805K->726746K(22609920K)] 22788240K->1731708K(25755648K), 0.1364890 secs] [Times: user=4.60 sys=0.00, real=0.14 secs] 
6176.555: [GC (Allocation Failure) [PSYoungGen: 21829338K->640036K(22609920K)] 22834300K->1645415K(25755648K), 0.1250480 secs] [Times: user=4.11 sys=0.00, real=0.13 secs] 
6179.799: [GC (Allocation Failure) [PSYoungGen: 21742628K->661684K(22609920K)] 22748007K->1667414K(25755648K), 0.1236826 secs] [Times: user=4.37 sys=0.00, real=0.13 secs] 
6183.035: [GC (Allocation Failure) [PSYoungGen: 21764276K->689939K(22609920K)] 22770006K->1696037K(25755648K), 0.1279502 secs] [Times: user=4.51 sys=0.01, real=0.13 secs] 
6186.253: [GC (Allocation Failure) [PSYoungGen: 21792531K->686186K(22609920K)] 22798629K->1692708K(25755648K), 0.1290065 secs] [Times: user=4.57 sys=0.00, real=0.13 secs] 
6189.649: [GC (Allocation Failure) [PSYoungGen: 21788778K->667695K(22609920K)] 22795300K->1674729K(25755648K), 0.1254922 secs] [Times: user=4.35 sys=0.00, real=0.13 secs] 
6192.958: [GC (Allocation Failure) [PSYoungGen: 21770287K->674713K(22609920K)] 22777321K->1682276K(25755648K), 0.1260213 secs] [Times: user=4.39 sys=0.00, real=0.13 secs] 
6196.379: [GC (Allocation Failure) [PSYoungGen: 21777305K->667510K(22609920K)] 22784868K->1675432K(25755648K), 0.1251245 secs] [Times: user=4.38 sys=0.00, real=0.13 secs] 
6199.682: [GC (Allocation Failure) [PSYoungGen: 21770102K->666273K(22609920K)] 22778024K->1674587K(25755648K), 0.1282161 secs] [Times: user=4.40 sys=0.00, real=0.13 secs] 
6202.996: [GC (Allocation Failure) [PSYoungGen: 21768865K->669827K(22609920K)] 22777179K->1678614K(25755648K), 0.1240235 secs] [Times: user=4.39 sys=0.00, real=0.12 secs] 
6206.301: [GC (Allocation Failure) [PSYoungGen: 21772419K->636167K(22609920K)] 22781206K->1645305K(25755648K), 0.1250577 secs] [Times: user=4.21 sys=0.00, real=0.13 secs] 
6209.585: [GC (Allocation Failure) [PSYoungGen: 21738759K->664803K(22609920K)] 22747897K->1674317K(25755648K), 0.1265269 secs] [Times: user=4.29 sys=0.00, real=0.12 secs] 
6212.835: [GC (Allocation Failure) [PSYoungGen: 21767395K->699727K(22609920K)] 22776909K->1709609K(25755648K), 0.1326663 secs] [Times: user=4.53 sys=0.00, real=0.14 secs] 
6216.203: [GC (Allocation Failure) [PSYoungGen: 21802319K->668521K(22609920K)] 22812201K->1678915K(25755648K), 0.1276426 secs] [Times: user=4.39 sys=0.01, real=0.13 secs] 
6219.578: [GC (Allocation Failure) [PSYoungGen: 21771113K->653635K(22609920K)] 22781507K->1664485K(25755648K), 0.1261021 secs] [Times: user=4.27 sys=0.00, real=0.12 secs] 
6222.855: [GC (Allocation Failure) [PSYoungGen: 21756227K->717335K(22609920K)] 22767077K->1728553K(25755648K), 0.1369031 secs] [Times: user=4.65 sys=0.00, real=0.14 secs] 
6226.099: [GC (Allocation Failure) [PSYoungGen: 21819927K->700633K(22609920K)] 22831145K->1712235K(25755648K), 0.1327478 secs] [Times: user=4.54 sys=0.00, real=0.13 secs] 
6229.425: [GC (Allocation Failure) [PSYoungGen: 21803225K->676290K(22609920K)] 22814827K->1688268K(25755648K), 0.1293878 secs] [Times: user=4.39 sys=0.00, real=0.13 secs] 
6232.662: [GC (Allocation Failure) [PSYoungGen: 21778882K->673152K(22609920K)] 22790860K->1685522K(25755648K), 0.1269778 secs] [Times: user=4.44 sys=0.00, real=0.13 secs] 
6235.977: [GC (Allocation Failure) [PSYoungGen: 21775744K->724583K(22609920K)] 22788114K->1737329K(25755648K), 0.1391993 secs] [Times: user=4.67 sys=0.00, real=0.14 secs] 
6239.301: [GC (Allocation Failure) [PSYoungGen: 21827175K->681226K(22609920K)] 22839921K->1694340K(25755648K), 0.1315494 secs] [Times: user=4.47 sys=0.00, real=0.13 secs] 
6242.619: [GC (Allocation Failure) [PSYoungGen: 21783818K->678039K(22609920K)] 22796932K->1691513K(25755648K), 0.1339842 secs] [Times: user=4.38 sys=0.01, real=0.14 secs] 
6245.914: [GC (Allocation Failure) [PSYoungGen: 21780631K->689547K(22609920K)] 22794105K->1703453K(25755648K), 0.1276062 secs] [Times: user=4.47 sys=0.00, real=0.13 secs] 
6249.395: [GC (Allocation Failure) [PSYoungGen: 21792139K->621348K(22609920K)] 22806045K->1635623K(25755648K), 0.1165721 secs] [Times: user=4.09 sys=0.01, real=0.12 secs] 
6252.717: [GC (Allocation Failure) [PSYoungGen: 21723940K->634244K(22609920K)] 22738215K->1648871K(25755648K), 0.1209404 secs] [Times: user=4.16 sys=0.00, real=0.12 secs] 
6256.021: [GC (Allocation Failure) [PSYoungGen: 21736836K->649156K(22609920K)] 22751463K->1664175K(25755648K), 0.1218269 secs] [Times: user=4.29 sys=0.00, real=0.13 secs] 
6259.255: [GC (Allocation Failure) [PSYoungGen: 21751748K->669394K(22609920K)] 22766767K->1684788K(25755648K), 0.1264774 secs] [Times: user=4.44 sys=0.00, real=0.12 secs] 
6262.417: [GC (Allocation Failure) [PSYoungGen: 21771986K->636220K(22609920K)] 22787380K->1652110K(25755648K), 0.1197345 secs] [Times: user=4.22 sys=0.00, real=0.12 secs] 
6265.700: [GC (Allocation Failure) [PSYoungGen: 21738812K->677556K(22609920K)] 22754702K->1693822K(25755648K), 0.1271759 secs] [Times: user=4.48 sys=0.01, real=0.13 secs] 
6268.969: [GC (Allocation Failure) [PSYoungGen: 21780148K->682566K(22609920K)] 22796414K->1699248K(25755648K), 0.1272090 secs] [Times: user=4.48 sys=0.00, real=0.13 secs] 
6272.213: [GC (Allocation Failure) [PSYoungGen: 21785158K->751647K(22609920K)] 22801840K->1768730K(25755648K), 0.1419016 secs] [Times: user=4.86 sys=0.00, real=0.15 secs] 
6275.531: [GC (Allocation Failure) [PSYoungGen: 21854239K->683693K(22609920K)] 22871322K->1701143K(25755648K), 0.1286460 secs] [Times: user=4.50 sys=0.00, real=0.13 secs] 
6278.767: [GC (Allocation Failure) [PSYoungGen: 21786285K->720809K(22609920K)] 22803735K->1738652K(25755648K), 0.1344043 secs] [Times: user=4.70 sys=0.00, real=0.13 secs] 
6282.041: [GC (Allocation Failure) [PSYoungGen: 21823401K->685575K(22609920K)] 22841244K->1703802K(25755648K), 0.1276281 secs] [Times: user=4.48 sys=0.00, real=0.13 secs] 
6285.289: [GC (Allocation Failure) [PSYoungGen: 21788167K->730879K(22609920K)] 22806394K->1749497K(25755648K), 0.1348727 secs] [Times: user=4.76 sys=0.00, real=0.13 secs] 
6288.542: [GC (Allocation Failure) [PSYoungGen: 21833471K->674118K(22609920K)] 22852089K->1693136K(25755648K), 0.1252074 secs] [Times: user=4.40 sys=0.00, real=0.13 secs] 
6291.918: [GC (Allocation Failure) [PSYoungGen: 21776710K->691835K(22609920K)] 22795728K->1711214K(25755648K), 0.1286570 secs] [Times: user=4.48 sys=0.01, real=0.12 secs] 
6295.287: [GC (Allocation Failure) [PSYoungGen: 21794427K->650404K(22609920K)] 22813806K->1670151K(25755648K), 0.1210725 secs] [Times: user=4.26 sys=0.00, real=0.13 secs] 
6298.464: [GC (Allocation Failure) [PSYoungGen: 21752996K->646346K(22609920K)] 22772743K->1666460K(25755648K), 0.1217183 secs] [Times: user=4.28 sys=0.00, real=0.12 secs] 
6301.594: [GC (Allocation Failure) [PSYoungGen: 21748938K->712830K(22609920K)] 22769052K->1733328K(25755648K), 0.1307844 secs] [Times: user=4.61 sys=0.00, real=0.13 secs] 
6304.757: [GC (Allocation Failure) [PSYoungGen: 21815422K->724618K(22609920K)] 22835920K->1745484K(25755648K), 0.1346084 secs] [Times: user=4.76 sys=0.00, real=0.14 secs] 
6308.050: [GC (Allocation Failure) [PSYoungGen: 21827210K->673374K(22609920K)] 22848076K->1694600K(25755648K), 0.1253913 secs] [Times: user=4.42 sys=0.00, real=0.12 secs] 
6311.283: [GC (Allocation Failure) [PSYoungGen: 21775966K->727544K(22609920K)] 22797192K->1749154K(25755648K), 0.1347042 secs] [Times: user=4.76 sys=0.00, real=0.13 secs] 
6314.557: [GC (Allocation Failure) [PSYoungGen: 21830136K->638611K(22609920K)] 22851746K->1660581K(25755648K), 0.1193823 secs] [Times: user=4.21 sys=0.00, real=0.12 secs] 
6317.854: [GC (Allocation Failure) [PSYoungGen: 21741203K->721798K(22609920K)] 22763173K->1744145K(25755648K), 0.1333722 secs] [Times: user=4.71 sys=0.00, real=0.13 secs] 
6321.205: [GC (Allocation Failure) [PSYoungGen: 21824390K->701191K(22609920K)] 22846737K->1723937K(25755648K), 0.1299221 secs] [Times: user=4.59 sys=0.01, real=0.13 secs] 
6324.409: [GC (Allocation Failure) [PSYoungGen: 21803783K->653381K(22609920K)] 22826529K->1676527K(25755648K), 0.1228873 secs] [Times: user=4.31 sys=0.00, real=0.12 secs] 
6327.651: [GC (Allocation Failure) [PSYoungGen: 21755973K->656195K(22609920K)] 22779119K->1679717K(25755648K), 0.1234959 secs] [Times: user=4.35 sys=0.01, real=0.13 secs] 
6330.854: [GC (Allocation Failure) [PSYoungGen: 21758787K->727622K(22609920K)] 22782309K->1751512K(25755648K), 0.1333832 secs] [Times: user=4.70 sys=0.00, real=0.14 secs] 
6334.094: [GC (Allocation Failure) [PSYoungGen: 21830214K->766387K(22609920K)] 22854104K->1790677K(25755648K), 0.1405438 secs] [Times: user=4.91 sys=0.00, real=0.14 secs] 
6337.400: [GC (Allocation Failure) [PSYoungGen: 21868979K->660915K(22609920K)] 22893269K->1685582K(25755648K), 0.1237210 secs] [Times: user=4.32 sys=0.01, real=0.12 secs] 
6340.640: [GC (Allocation Failure) [PSYoungGen: 21763507K->689041K(22609920K)] 22788174K->1714091K(25755648K), 0.1280859 secs] [Times: user=4.51 sys=0.00, real=0.13 secs] 
6343.829: [GC (Allocation Failure) [PSYoungGen: 21791633K->752509K(22609920K)] 22816683K->1778072K(25755648K), 0.1374747 secs] [Times: user=4.85 sys=0.01, real=0.14 secs] 
6347.057: [GC (Allocation Failure) [PSYoungGen: 21855101K->742474K(22609920K)] 22880664K->1768420K(25755648K), 0.1372993 secs] [Times: user=4.83 sys=0.00, real=0.13 secs] 
6350.315: [GC (Allocation Failure) [PSYoungGen: 21845066K->661901K(22609920K)] 22871012K->1688215K(25755648K), 0.1227220 secs] [Times: user=4.33 sys=0.01, real=0.13 secs] 
6353.509: [GC (Allocation Failure) [PSYoungGen: 21764493K->675230K(22609920K)] 22790807K->1702000K(25755648K), 0.1255243 secs] [Times: user=4.43 sys=0.00, real=0.12 secs] 
6356.761: [GC (GCLocker Initiated GC) [PSYoungGen: 21777822K->685400K(22609920K)] 22806746K->1714804K(25755648K), 0.1283671 secs] [Times: user=4.52 sys=0.00, real=0.13 secs] 
6360.029: [GC (Allocation Failure) [PSYoungGen: 21787992K->723690K(22609920K)] 22817400K->1753738K(25755648K), 0.1339905 secs] [Times: user=4.74 sys=0.00, real=0.13 secs] 
6363.268: [GC (Allocation Failure) [PSYoungGen: 21826282K->726809K(22609920K)] 22856330K->1757249K(25755648K), 0.1319034 secs] [Times: user=4.65 sys=0.00, real=0.14 secs] 
6366.490: [GC (Allocation Failure) [PSYoungGen: 21829401K->731960K(22609920K)] 22859841K->1762760K(25755648K), 0.1338489 secs] [Times: user=4.72 sys=0.00, real=0.13 secs] 
6369.765: [GC (Allocation Failure) [PSYoungGen: 21834552K->695082K(22609920K)] 22865352K->1726249K(25755648K), 0.1282958 secs] [Times: user=4.53 sys=0.00, real=0.13 secs] 
6372.947: [GC (Allocation Failure) [PSYoungGen: 21797674K->768179K(22609920K)] 22828841K->1799970K(25755648K), 0.1393355 secs] [Times: user=4.92 sys=0.00, real=0.14 secs] 
6376.176: [GC (Allocation Failure) [PSYoungGen: 21870771K->761641K(22609920K)] 22902562K->1793913K(25755648K), 0.1393734 secs] [Times: user=4.92 sys=0.00, real=0.14 secs] 
6379.466: [GC (Allocation Failure) [PSYoungGen: 21864233K->672869K(22609920K)] 22896505K->1705501K(25755648K), 0.1242790 secs] [Times: user=4.37 sys=0.00, real=0.12 secs] 
6382.680: [GC (Allocation Failure) [PSYoungGen: 21775461K->708768K(22609920K)] 22808093K->1741767K(25755648K), 0.1311228 secs] [Times: user=4.63 sys=0.00, real=0.13 secs] 
6385.934: [GC (Allocation Failure) [PSYoungGen: 21811360K->760202K(22609920K)] 22844359K->1793658K(25755648K), 0.1383068 secs] [Times: user=4.87 sys=0.01, real=0.14 secs] 
6389.142: [GC (Allocation Failure) [PSYoungGen: 21862794K->796766K(22609920K)] 22896250K->1830597K(25755648K), 0.1441320 secs] [Times: user=5.10 sys=0.01, real=0.15 secs] 
6392.377: [GC (Allocation Failure) [PSYoungGen: 21899358K->721306K(22609920K)] 22933189K->1755490K(25755648K), 0.1334882 secs] [Times: user=4.63 sys=0.00, real=0.13 secs] 
6395.650: [GC (Allocation Failure) [PSYoungGen: 21823898K->701661K(22609920K)] 22858082K->1736213K(25755648K), 0.1296820 secs] [Times: user=4.55 sys=0.00, real=0.13 secs] 
6398.844: [GC (Allocation Failure) [PSYoungGen: 21804253K->780767K(22609920K)] 22838805K->1815727K(25755648K), 0.1419140 secs] [Times: user=5.02 sys=0.00, real=0.14 secs] 
6402.162: [GC (Allocation Failure) [PSYoungGen: 21883359K->725396K(22609920K)] 22918319K->1760724K(25755648K), 0.1334192 secs] [Times: user=4.67 sys=0.00, real=0.14 secs] 
6405.402: [GC (Allocation Failure) [PSYoungGen: 21827988K->706463K(22609920K)] 22863316K->1771160K(25755648K), 0.1343937 secs] [Times: user=4.75 sys=0.00, real=0.14 secs] 
6408.649: [GC (Allocation Failure) [PSYoungGen: 21809055K->658798K(22609920K)] 22873752K->1723887K(25755648K), 0.1235140 secs] [Times: user=4.36 sys=0.00, real=0.12 secs] 
6411.833: [GC (Allocation Failure) [PSYoungGen: 21761390K->757746K(22609920K)] 22826479K->1823202K(25755648K), 0.1437786 secs] [Times: user=5.08 sys=0.00, real=0.15 secs] 
6415.027: [GC (Allocation Failure) [PSYoungGen: 21860338K->753754K(22609920K)] 22925794K->1819618K(25755648K), 0.1422509 secs] [Times: user=5.02 sys=0.00, real=0.14 secs] 
6418.219: [GC (Allocation Failure) [PSYoungGen: 21856346K->761317K(22609920K)] 22922210K->1827549K(25755648K), 0.1404267 secs] [Times: user=4.96 sys=0.00, real=0.14 secs] 
6421.487: [GC (Allocation Failure) [PSYoungGen: 21863909K->637328K(22609920K)] 22930141K->1703912K(25755648K), 0.1227522 secs] [Times: user=4.30 sys=0.00, real=0.12 secs] 
6424.716: [GC (Allocation Failure) [PSYoungGen: 21739920K->692522K(22609920K)] 22806504K->1759474K(25755648K), 0.1279917 secs] [Times: user=4.53 sys=0.00, real=0.13 secs] 
6427.948: [GC (Allocation Failure) [PSYoungGen: 21795114K->727872K(22609920K)] 22862066K->1795224K(25755648K), 0.1340173 secs] [Times: user=4.74 sys=0.00, real=0.13 secs] 
6431.169: [GC (Allocation Failure) [PSYoungGen: 21830464K->737874K(22609920K)] 22897816K->1805602K(25755648K), 0.1356515 secs] [Times: user=4.80 sys=0.00, real=0.13 secs] 
6434.361: [GC (Allocation Failure) [PSYoungGen: 21840466K->696288K(22609920K)] 22908194K->1764377K(25755648K), 0.1303017 secs] [Times: user=4.55 sys=0.00, real=0.13 secs] 
6437.564: [GC (Allocation Failure) [PSYoungGen: 21798880K->682748K(22609920K)] 22866969K->1751212K(25755648K), 0.1260601 secs] [Times: user=4.46 sys=0.00, real=0.13 secs] 
6440.759: [GC (Allocation Failure) [PSYoungGen: 21785340K->749006K(22609920K)] 22853804K->1817894K(25755648K), 0.1380521 secs] [Times: user=4.89 sys=0.00, real=0.14 secs] 
6443.941: [GC (Allocation Failure) [PSYoungGen: 21851598K->731304K(22609920K)] 22920486K->1800648K(25755648K), 0.1357245 secs] [Times: user=4.79 sys=0.00, real=0.14 secs] 
6447.158: [GC (Allocation Failure) [PSYoungGen: 21833896K->691487K(22609920K)] 22903240K->1761207K(25755648K), 0.1287655 secs] [Times: user=4.49 sys=0.00, real=0.13 secs] 
6450.331: [GC (Allocation Failure) [PSYoungGen: 21794079K->676890K(22609920K)] 22863799K->1746986K(25755648K), 0.1251856 secs] [Times: user=4.43 sys=0.00, real=0.13 secs] 
6453.545: [GC (Allocation Failure) [PSYoungGen: 21779482K->719225K(22609920K)] 22849578K->1789873K(25755648K), 0.1332012 secs] [Times: user=4.71 sys=0.00, real=0.13 secs] 
6456.737: [GC (Allocation Failure) [PSYoungGen: 21821817K->744061K(22609920K)] 22892465K->1815078K(25755648K), 0.1363761 secs] [Times: user=4.82 sys=0.00, real=0.14 secs] 
6459.927: [GC (Allocation Failure) [PSYoungGen: 21846653K->740477K(22609920K)] 22917670K->1811869K(25755648K), 0.1374438 secs] [Times: user=4.78 sys=0.00, real=0.14 secs] 
6463.119: [GC (Allocation Failure) [PSYoungGen: 21843069K->767342K(22609920K)] 22914461K->1839223K(25755648K), 0.1412403 secs] [Times: user=4.96 sys=0.01, real=0.14 secs] 
6466.335: [GC (Allocation Failure) [PSYoungGen: 21869934K->704225K(22609920K)] 22941815K->1776473K(25755648K), 0.1312658 secs] [Times: user=4.63 sys=0.00, real=0.13 secs] 
6469.561: [GC (Allocation Failure) [PSYoungGen: 21806817K->725767K(22609920K)] 22879065K->1798424K(25755648K), 0.1348830 secs] [Times: user=4.77 sys=0.00, real=0.14 secs] 
6472.734: [GC (Allocation Failure) [PSYoungGen: 21828359K->804909K(22609920K)] 22901016K->1877973K(25755648K), 0.1479988 secs] [Times: user=5.20 sys=0.00, real=0.15 secs] 
6475.950: [GC (Allocation Failure) [PSYoungGen: 21907501K->724021K(22609920K)] 22980565K->1797453K(25755648K), 0.1354512 secs] [Times: user=4.70 sys=0.00, real=0.14 secs] 
6479.182: [GC (Allocation Failure) [PSYoungGen: 21826613K->745820K(22609920K)] 22900045K->1819604K(25755648K), 0.1372753 secs] [Times: user=4.84 sys=0.00, real=0.14 secs] 
6482.415: [GC (Allocation Failure) [PSYoungGen: 21848412K->696813K(22609920K)] 22922196K->1770989K(25755648K), 0.1298548 secs] [Times: user=4.57 sys=0.00, real=0.13 secs] 
6485.639: [GC (Allocation Failure) [PSYoungGen: 21799405K->669415K(22609920K)] 22873581K->1743959K(25755648K), 0.1266201 secs] [Times: user=4.45 sys=0.00, real=0.12 secs] 
6488.846: [GC (Allocation Failure) [PSYoungGen: 21772007K->729650K(22609920K)] 22846551K->1804610K(25755648K), 0.1371790 secs] [Times: user=4.74 sys=0.00, real=0.14 secs] 
6492.086: [GC (Allocation Failure) [PSYoungGen: 21832242K->768539K(22609920K)] 22907202K->1843867K(25755648K), 0.1425730 secs] [Times: user=5.01 sys=0.00, real=0.15 secs] 
6495.237: [GC (Allocation Failure) [PSYoungGen: 21871131K->731067K(22609920K)] 22946459K->1806763K(25755648K), 0.1353883 secs] [Times: user=4.73 sys=0.01, real=0.14 secs] 
6498.429: [GC (Allocation Failure) [PSYoungGen: 21833659K->666096K(22609920K)] 22909355K->1742192K(25755648K), 0.1254019 secs] [Times: user=4.43 sys=0.00, real=0.12 secs] 
6501.660: [GC (Allocation Failure) [PSYoungGen: 21768688K->659804K(22609920K)] 22844784K->1736276K(25755648K), 0.1229482 secs] [Times: user=4.35 sys=0.00, real=0.12 secs] 
6504.871: [GC (Allocation Failure) [PSYoungGen: 21762396K->772682K(22609920K)] 22838868K->1849530K(25755648K), 0.1443767 secs] [Times: user=5.10 sys=0.00, real=0.14 secs] 
6508.045: [GC (Allocation Failure) [PSYoungGen: 21875274K->796701K(22609920K)] 22952122K->1873925K(25755648K), 0.1468446 secs] [Times: user=5.19 sys=0.01, real=0.15 secs] 
6511.194: [GC (Allocation Failure) [PSYoungGen: 21899293K->779163K(22609920K)] 22976517K->1856764K(25755648K), 0.1423695 secs] [Times: user=5.03 sys=0.00, real=0.14 secs] 
6514.346: [GC (Allocation Failure) [PSYoungGen: 21881755K->699784K(22609920K)] 22959356K->1777808K(25755648K), 0.1297732 secs] [Times: user=4.59 sys=0.00, real=0.13 secs] 
6517.569: [GC (Allocation Failure) [PSYoungGen: 21802376K->760323K(22609920K)] 22880400K->1838723K(25755648K), 0.1412929 secs] [Times: user=4.99 sys=0.00, real=0.14 secs] 
6520.752: [GC (Allocation Failure) [PSYoungGen: 21862915K->718322K(22609920K)] 22941315K->1797106K(25755648K), 0.1326790 secs] [Times: user=4.67 sys=0.01, real=0.13 secs] 
6523.946: [GC (Allocation Failure) [PSYoungGen: 21820914K->729011K(22609920K)] 22899698K->1808163K(25755648K), 0.1356998 secs] [Times: user=4.71 sys=0.00, real=0.13 secs] 
6527.149: [GC (Allocation Failure) [PSYoungGen: 21831603K->749624K(22609920K)] 22910755K->1829144K(25755648K), 0.1378881 secs] [Times: user=4.87 sys=0.00, real=0.14 secs] 
6530.264: [GC (Allocation Failure) [PSYoungGen: 21852216K->755098K(22609920K)] 22931736K->1835042K(25755648K), 0.1402345 secs] [Times: user=4.88 sys=0.00, real=0.15 secs] 
6533.404: [GC (Allocation Failure) [PSYoungGen: 21857690K->699303K(22609920K)] 22937634K->1779655K(25755648K), 0.1313511 secs] [Times: user=4.56 sys=0.00, real=0.13 secs] 
6536.552: [GC (Allocation Failure) [PSYoungGen: 21801895K->743602K(22609920K)] 22882247K->1824330K(25755648K), 0.1391229 secs] [Times: user=4.89 sys=0.01, real=0.14 secs] 
6539.742: [GC (Allocation Failure) [PSYoungGen: 21846194K->751489K(22609920K)] 22926922K->1832593K(25755648K), 0.1383480 secs] [Times: user=4.87 sys=0.01, real=0.14 secs] 
6542.910: [GC (Allocation Failure) [PSYoungGen: 21854081K->728283K(22609920K)] 22935185K->1809764K(25755648K), 0.1346469 secs] [Times: user=4.76 sys=0.00, real=0.13 secs] 
6546.099: [GC (Allocation Failure) [PSYoungGen: 21830875K->766575K(22609920K)] 22912356K->1848456K(25755648K), 0.1420395 secs] [Times: user=5.00 sys=0.00, real=0.14 secs] 
6549.233: [GC (Allocation Failure) [PSYoungGen: 21869167K->759482K(22609920K)] 22951048K->1841858K(25755648K), 0.1388867 secs] [Times: user=4.90 sys=0.00, real=0.14 secs] 
6552.437: [GC (Allocation Failure) [PSYoungGen: 21862074K->681313K(22609920K)] 22944450K->1764265K(25755648K), 0.1265265 secs] [Times: user=4.47 sys=0.00, real=0.12 secs] 
6555.594: [GC (Allocation Failure) [PSYoungGen: 21783905K->719326K(22609920K)] 22866857K->1802670K(25755648K), 0.1322710 secs] [Times: user=4.68 sys=0.00, real=0.13 secs] 
6558.753: [GC (Allocation Failure) [PSYoungGen: 21821918K->751751K(22609920K)] 22905262K->1835471K(25755648K), 0.1402118 secs] [Times: user=4.87 sys=0.01, real=0.14 secs] 
6561.946: [GC (Allocation Failure) [PSYoungGen: 21854343K->757653K(22609920K)] 22938063K->1841765K(25755648K), 0.1401541 secs] [Times: user=4.88 sys=0.00, real=0.14 secs] 
6565.132: [GC (Allocation Failure) [PSYoungGen: 21860245K->768079K(22609920K)] 22944357K->1852559K(25755648K), 0.1420590 secs] [Times: user=5.01 sys=0.00, real=0.14 secs] 
6568.317: [GC (Allocation Failure) [PSYoungGen: 21870671K->718056K(22609920K)] 22955151K->1802904K(25755648K), 0.1324095 secs] [Times: user=4.67 sys=0.01, real=0.14 secs] 
6571.475: [GC (Allocation Failure) [PSYoungGen: 21820648K->770822K(22609920K)] 22905496K->1856054K(25755648K), 0.1436134 secs] [Times: user=5.06 sys=0.01, real=0.14 secs] 
6574.611: [GC (Allocation Failure) [PSYoungGen: 21873414K->721308K(22609920K)] 22958646K->1806909K(25755648K), 0.1343901 secs] [Times: user=4.72 sys=0.00, real=0.13 secs] 
6577.743: [GC (Allocation Failure) [PSYoungGen: 21823900K->738785K(22609920K)] 22909501K->1824753K(25755648K), 0.1365477 secs] [Times: user=4.82 sys=0.00, real=0.13 secs] 
6580.859: [GC (Allocation Failure) [PSYoungGen: 21841377K->755785K(22609920K)] 22927345K->1842153K(25755648K), 0.1397238 secs] [Times: user=4.92 sys=0.01, real=0.14 secs] 
6583.992: [GC (Allocation Failure) [PSYoungGen: 21858377K->731801K(22609920K)] 22944745K->1818545K(25755648K), 0.1358029 secs] [Times: user=4.77 sys=0.00, real=0.13 secs] 
6587.135: [GC (Allocation Failure) [PSYoungGen: 21834393K->774438K(22609920K)] 22921137K->1861566K(25755648K), 0.1420626 secs] [Times: user=5.02 sys=0.00, real=0.14 secs] 
6590.269: [GC (Allocation Failure) [PSYoungGen: 21877030K->760506K(22609920K)] 22964158K->1848002K(25755648K), 0.1408729 secs] [Times: user=4.93 sys=0.00, real=0.14 secs] 
6593.422: [GC (Allocation Failure) [PSYoungGen: 21863098K->768698K(22609920K)] 22950594K->1856563K(25755648K), 0.1416965 secs] [Times: user=5.01 sys=0.01, real=0.14 secs] 
6596.594: [GC (Allocation Failure) [PSYoungGen: 21871290K->725037K(22609920K)] 22959155K->1813270K(25755648K), 0.1345866 secs] [Times: user=4.73 sys=0.00, real=0.13 secs] 
6599.706: [GC (Allocation Failure) [PSYoungGen: 21827629K->710073K(22609920K)] 22915862K->1798705K(25755648K), 0.1304327 secs] [Times: user=4.61 sys=0.00, real=0.13 secs] 
6602.827: [GC (Allocation Failure) [PSYoungGen: 21812665K->740898K(22609920K)] 22901297K->1829906K(25755648K), 0.1404057 secs] [Times: user=4.80 sys=0.01, real=0.14 secs] 
6605.994: [GC (Allocation Failure) [PSYoungGen: 21843490K->756665K(22609920K)] 22932498K->1846073K(25755648K), 0.1391627 secs] [Times: user=4.91 sys=0.00, real=0.14 secs] 
6609.162: [GC (Allocation Failure) [PSYoungGen: 21859257K->788449K(22609920K)] 22948665K->1878226K(25755648K), 0.1445650 secs] [Times: user=5.11 sys=0.01, real=0.15 secs] 
6612.276: [GC (Allocation Failure) [PSYoungGen: 21891041K->747937K(22609920K)] 22980818K->1838089K(25755648K), 0.1389194 secs] [Times: user=4.92 sys=0.00, real=0.13 secs] 
6615.405: [GC (Allocation Failure) [PSYoungGen: 21850529K->744231K(22609920K)] 22940681K->1834775K(25755648K), 0.1383093 secs] [Times: user=4.87 sys=0.00, real=0.14 secs] 
6618.582: [GC (Allocation Failure) [PSYoungGen: 21846823K->740276K(22609920K)] 22937367K->1831204K(25755648K), 0.1371956 secs] [Times: user=4.78 sys=0.00, real=0.14 secs] 
6621.776: [GC (Allocation Failure) [PSYoungGen: 21842868K->781018K(22609920K)] 22933796K->1872315K(25755648K), 0.1463418 secs] [Times: user=5.04 sys=0.00, real=0.15 secs] 
6624.917: [GC (Allocation Failure) [PSYoungGen: 21883610K->747790K(22609920K)] 22974907K->1839463K(25755648K), 0.1389001 secs] [Times: user=4.88 sys=0.00, real=0.14 secs] 
6628.054: [GC (Allocation Failure) [PSYoungGen: 21850382K->756991K(22609920K)] 22942055K->1849047K(25755648K), 0.1386065 secs] [Times: user=4.90 sys=0.01, real=0.14 secs] 
6631.191: [GC (Allocation Failure) [PSYoungGen: 21859583K->729145K(22609920K)] 22951639K->1821577K(25755648K), 0.1347356 secs] [Times: user=4.76 sys=0.00, real=0.13 secs] 
6634.288: [GC (Allocation Failure) [PSYoungGen: 21831737K->779562K(22609920K)] 22924169K->1872371K(25755648K), 0.1429817 secs] [Times: user=5.06 sys=0.00, real=0.15 secs] 
6637.401: [GC (Allocation Failure) [PSYoungGen: 21882154K->685527K(22609920K)] 22974963K->1778727K(25755648K), 0.1282734 secs] [Times: user=4.47 sys=0.00, real=0.12 secs] 
6640.549: [GC (Allocation Failure) [PSYoungGen: 21788119K->756345K(22609920K)] 22881319K->1849961K(25755648K), 0.1388814 secs] [Times: user=4.91 sys=0.00, real=0.14 secs] 
6643.666: [GC (Allocation Failure) [PSYoungGen: 21858937K->756699K(22609920K)] 22952553K->1850691K(25755648K), 0.1402030 secs] [Times: user=4.92 sys=0.00, real=0.14 secs] 
6646.776: [GC (Allocation Failure) [PSYoungGen: 21859291K->761188K(22609920K)] 22953283K->1855556K(25755648K), 0.1408006 secs] [Times: user=4.96 sys=0.01, real=0.14 secs] 
6649.901: [GC (Allocation Failure) [PSYoungGen: 21863780K->766484K(22609920K)] 22958148K->1861220K(25755648K), 0.1418151 secs] [Times: user=5.02 sys=0.00, real=0.15 secs] 
6653.024: [GC (Allocation Failure) [PSYoungGen: 21869076K->741089K(22609920K)] 22963812K->1836185K(25755648K), 0.1369844 secs] [Times: user=4.84 sys=0.00, real=0.13 secs] 
6656.135: [GC (Allocation Failure) [PSYoungGen: 21843681K->757948K(22609920K)] 22938777K->1853420K(25755648K), 0.1400401 secs] [Times: user=4.94 sys=0.00, real=0.14 secs] 
6659.286: [GC (Allocation Failure) [PSYoungGen: 21860540K->718453K(22609920K)] 22956012K->1814334K(25755648K), 0.1333274 secs] [Times: user=4.70 sys=0.00, real=0.13 secs] 
6662.389: [GC (Allocation Failure) [PSYoungGen: 21821045K->705449K(22609920K)] 22916926K->1801809K(25755648K), 0.1314531 secs] [Times: user=4.65 sys=0.00, real=0.13 secs] 
6665.445: [GC (Allocation Failure) [PSYoungGen: 21808041K->723566K(22609920K)] 22904401K->1820295K(25755648K), 0.1342256 secs] [Times: user=4.74 sys=0.00, real=0.13 secs] 
6668.516: [GC (Allocation Failure) [PSYoungGen: 21826158K->749562K(22609920K)] 22922887K->1846643K(25755648K), 0.1423412 secs] [Times: user=5.01 sys=0.00, real=0.14 secs] 
6671.650: [GC (Allocation Failure) [PSYoungGen: 21852154K->773311K(22609920K)] 22949235K->1870775K(25755648K), 0.1425992 secs] [Times: user=5.04 sys=0.00, real=0.14 secs] 
6674.758: [GC (Allocation Failure) [PSYoungGen: 21875903K->764411K(22609920K)] 22973367K->1862243K(25755648K), 0.1414316 secs] [Times: user=4.99 sys=0.00, real=0.14 secs] 
6677.876: [GC (Allocation Failure) [PSYoungGen: 21867003K->711168K(22609920K)] 22964835K->1809368K(25755648K), 0.1365512 secs] [Times: user=4.75 sys=0.00, real=0.13 secs] 
6680.979: [GC (Allocation Failure) [PSYoungGen: 21813760K->698670K(22609920K)] 22911960K->1797286K(25755648K), 0.1319296 secs] [Times: user=4.61 sys=0.00, real=0.13 secs] 
6684.097: [GC (Allocation Failure) [PSYoungGen: 21801262K->767932K(22609920K)] 22899878K->1866972K(25755648K), 0.1413416 secs] [Times: user=4.99 sys=0.00, real=0.14 secs] 
6687.225: [GC (Allocation Failure) [PSYoungGen: 21870524K->780530K(22609920K)] 22969564K->1879938K(25755648K), 0.1433916 secs] [Times: user=5.07 sys=0.00, real=0.15 secs] 
6690.392: [GC (Allocation Failure) [PSYoungGen: 21883122K->709101K(22609920K)] 22982530K->1808893K(25755648K), 0.1316069 secs] [Times: user=4.65 sys=0.00, real=0.13 secs] 
6693.537: [GC (Allocation Failure) [PSYoungGen: 21811693K->730332K(22609920K)] 22911485K->1830564K(25755648K), 0.1350367 secs] [Times: user=4.77 sys=0.01, real=0.14 secs] 
6696.676: [GC (Allocation Failure) [PSYoungGen: 21832924K->788244K(22609920K)] 22933156K->1888852K(25755648K), 0.1451764 secs] [Times: user=5.14 sys=0.00, real=0.15 secs] 
6699.787: [GC (Allocation Failure) [PSYoungGen: 21890836K->764247K(22609920K)] 22991444K->1865239K(25755648K), 0.1408367 secs] [Times: user=4.98 sys=0.00, real=0.14 secs] 
6702.888: [GC (Allocation Failure) [PSYoungGen: 21866839K->747150K(22609920K)] 22967831K->1848526K(25755648K), 0.1383025 secs] [Times: user=4.89 sys=0.00, real=0.14 secs] 
6706.032: [GC (Allocation Failure) [PSYoungGen: 21849742K->727575K(22609920K)] 22951118K->1829343K(25755648K), 0.1359655 secs] [Times: user=4.80 sys=0.00, real=0.13 secs] 
6709.152: [GC (Allocation Failure) [PSYoungGen: 21830167K->794443K(22609920K)] 22931935K->1896579K(25755648K), 0.1445980 secs] [Times: user=5.12 sys=0.00, real=0.14 secs] 
6712.254: [GC (Allocation Failure) [PSYoungGen: 21897035K->762272K(22609920K)] 22999171K->1864808K(25755648K), 0.1395140 secs] [Times: user=4.93 sys=0.00, real=0.14 secs] 
6715.384: [GC (Allocation Failure) [PSYoungGen: 21864864K->714220K(22609920K)] 22967400K->1817156K(25755648K), 0.1330564 secs] [Times: user=4.70 sys=0.00, real=0.13 secs] 
6718.435: [GC (Allocation Failure) [PSYoungGen: 21816812K->718348K(22609920K)] 22919748K->1821653K(25755648K), 0.1323374 secs] [Times: user=4.69 sys=0.00, real=0.13 secs] 
6721.480: [GC (Allocation Failure) [PSYoungGen: 21820940K->683584K(22609920K)] 22924245K->1787264K(25755648K), 0.1276854 secs] [Times: user=4.51 sys=0.00, real=0.13 secs] 
6724.569: [GC (Allocation Failure) [PSYoungGen: 21786176K->746692K(22609920K)] 22889856K->1850796K(25755648K), 0.1397397 secs] [Times: user=4.89 sys=0.00, real=0.14 secs] 
6727.718: [GC (Allocation Failure) [PSYoungGen: 21849284K->770132K(22609920K)] 22953388K->1874660K(25755648K), 0.1421301 secs] [Times: user=5.03 sys=0.00, real=0.14 secs] 
6730.793: [GC (Allocation Failure) [PSYoungGen: 21872724K->812411K(22609920K)] 22977252K->1917316K(25755648K), 0.1485678 secs] [Times: user=5.26 sys=0.00, real=0.15 secs] 
6733.924: [GC (Allocation Failure) [PSYoungGen: 21915003K->722439K(22609920K)] 23019908K->1827727K(25755648K), 0.1345362 secs] [Times: user=4.75 sys=0.00, real=0.14 secs] 
6737.037: [GC (Allocation Failure) [PSYoungGen: 21825031K->769990K(22609920K)] 22930319K->1875846K(25755648K), 0.1424644 secs] [Times: user=5.01 sys=0.01, real=0.14 secs] 
6740.133: [GC (Allocation Failure) [PSYoungGen: 21872582K->730723K(22609920K)] 22978438K->1836955K(25755648K), 0.1359568 secs] [Times: user=4.74 sys=0.00, real=0.14 secs] 
6743.244: [GC (Allocation Failure) [PSYoungGen: 21833315K->730154K(22609920K)] 22939547K->1836754K(25755648K), 0.1352743 secs] [Times: user=4.73 sys=0.00, real=0.14 secs] 
6746.351: [GC (Allocation Failure) [PSYoungGen: 21832746K->704263K(22609920K)] 22939346K->1811263K(25755648K), 0.1325943 secs] [Times: user=4.61 sys=0.00, real=0.13 secs] 
6749.468: [GC (Allocation Failure) [PSYoungGen: 21806855K->743277K(22609920K)] 22913855K->1850645K(25755648K), 0.1372903 secs] [Times: user=4.86 sys=0.00, real=0.13 secs] 
6752.557: [GC (Allocation Failure) [PSYoungGen: 21845869K->828485K(22609920K)] 22953237K->1936221K(25755648K), 0.1518193 secs] [Times: user=5.32 sys=0.00, real=0.16 secs] 
6755.669: [GC (Allocation Failure) [PSYoungGen: 21931077K->746633K(22609920K)] 23038813K->1854746K(25755648K), 0.1383503 secs] [Times: user=4.88 sys=0.00, real=0.13 secs] 
6758.781: [GC (Allocation Failure) [PSYoungGen: 21849225K->747672K(22609920K)] 22957338K->1856161K(25755648K), 0.1388289 secs] [Times: user=4.88 sys=0.00, real=0.14 secs] 
6761.857: [GC (Allocation Failure) [PSYoungGen: 21850264K->737136K(22609920K)] 22958753K->1846024K(25755648K), 0.1363901 secs] [Times: user=4.82 sys=0.00, real=0.14 secs] 
6765.009: [GC (Allocation Failure) [PSYoungGen: 21839728K->754225K(22609920K)] 22948616K->1863529K(25755648K), 0.1393992 secs] [Times: user=4.91 sys=0.00, real=0.14 secs] 
6768.102: [GC (Allocation Failure) [PSYoungGen: 21856817K->817923K(22609920K)] 22966121K->1927595K(25755648K), 0.1497575 secs] [Times: user=5.30 sys=0.00, real=0.15 secs] 
6771.233: [GC (Allocation Failure) [PSYoungGen: 21920515K->742714K(22609920K)] 23030187K->1852770K(25755648K), 0.1369281 secs] [Times: user=4.85 sys=0.00, real=0.13 secs] 
6774.288: [GC (Allocation Failure) [PSYoungGen: 21845306K->703574K(22609920K)] 22955362K->1814006K(25755648K), 0.1324514 secs] [Times: user=4.65 sys=0.00, real=0.13 secs] 
6777.347: [GC (Allocation Failure) [PSYoungGen: 21806166K->819450K(22609920K)] 22916598K->1930275K(25755648K), 0.1492212 secs] [Times: user=5.28 sys=0.00, real=0.15 secs] 
6780.441: [GC (Allocation Failure) [PSYoungGen: 21922042K->774053K(22609920K)] 23032867K->1885269K(25755648K), 0.1425829 secs] [Times: user=4.99 sys=0.00, real=0.15 secs] 
6783.543: [GC (Allocation Failure) [PSYoungGen: 21876645K->746027K(22609920K)] 22987861K->1857611K(25755648K), 0.1363887 secs] [Times: user=4.82 sys=0.00, real=0.13 secs] 
6786.616: [GC (Allocation Failure) [PSYoungGen: 21848619K->729439K(22609920K)] 22960203K->1841391K(25755648K), 0.1363308 secs] [Times: user=4.70 sys=0.00, real=0.13 secs] 
6789.711: [GC (Allocation Failure) [PSYoungGen: 21832031K->729104K(22609920K)] 22943983K->1841440K(25755648K), 0.1356725 secs] [Times: user=4.75 sys=0.01, real=0.14 secs] 
6792.803: [GC (Allocation Failure) [PSYoungGen: 21831696K->687747K(22609920K)] 22944032K->1800531K(25755648K), 0.1275947 secs] [Times: user=4.51 sys=0.00, real=0.13 secs] 
6795.854: [GC (Allocation Failure) [PSYoungGen: 21790339K->758946K(22609920K)] 22903123K->1872154K(25755648K), 0.1404677 secs] [Times: user=4.92 sys=0.00, real=0.14 secs] 
6798.945: [GC (Allocation Failure) [PSYoungGen: 21861538K->763851K(22609920K)] 22974746K->1877419K(25755648K), 0.1404777 secs] [Times: user=4.97 sys=0.00, real=0.14 secs] 
6802.041: [GC (Allocation Failure) [PSYoungGen: 21866443K->764995K(22609920K)] 22980011K->1878963K(25755648K), 0.1410012 secs] [Times: user=4.97 sys=0.00, real=0.14 secs] 
6805.149: [GC (Allocation Failure) [PSYoungGen: 21867587K->749420K(22609920K)] 22981555K->1863956K(25755648K), 0.1390318 secs] [Times: user=4.90 sys=0.00, real=0.14 secs] 
6808.259: [GC (Allocation Failure) [PSYoungGen: 21852012K->803382K(22609920K)] 22966548K->1918295K(25755648K), 0.1478254 secs] [Times: user=5.19 sys=0.01, real=0.15 secs] 
6811.329: [GC (Allocation Failure) [PSYoungGen: 21905974K->706872K(22609920K)] 23020887K->1822144K(25755648K), 0.1306185 secs] [Times: user=4.62 sys=0.00, real=0.13 secs] 
6814.351: [GC (Allocation Failure) [PSYoungGen: 21809464K->697467K(22609920K)] 22924736K->1813100K(25755648K), 0.1290951 secs] [Times: user=4.56 sys=0.01, real=0.13 secs] 
6817.360: [GC (Allocation Failure) [PSYoungGen: 21800059K->752335K(22609920K)] 22915692K->1868399K(25755648K), 0.1393883 secs] [Times: user=4.94 sys=0.00, real=0.14 secs] 
6820.419: [GC (Allocation Failure) [PSYoungGen: 21854927K->770057K(22609920K)] 22970991K->1886698K(25755648K), 0.1426287 secs] [Times: user=5.05 sys=0.01, real=0.14 secs] 
6823.514: [GC (Allocation Failure) [PSYoungGen: 21872649K->714193K(22609920K)] 22989290K->1831169K(25755648K), 0.1321726 secs] [Times: user=4.68 sys=0.00, real=0.13 secs] 
6826.607: [GC (Allocation Failure) [PSYoungGen: 21816785K->746452K(22609920K)] 22933761K->1863804K(25755648K), 0.1389395 secs] [Times: user=4.92 sys=0.00, real=0.14 secs] 
6829.671: [GC (Allocation Failure) [PSYoungGen: 21849044K->758686K(22609920K)] 22966396K->1876430K(25755648K), 0.1398328 secs] [Times: user=4.93 sys=0.00, real=0.14 secs] 
6832.713: [GC (Allocation Failure) [PSYoungGen: 21861278K->745605K(22609920K)] 22979022K->1863838K(25755648K), 0.1363004 secs] [Times: user=4.83 sys=0.00, real=0.14 secs] 
6835.814: [GC (Allocation Failure) [PSYoungGen: 21848197K->753547K(22609920K)] 22966430K->1872283K(25755648K), 0.1395252 secs] [Times: user=4.93 sys=0.00, real=0.14 secs] 
6838.846: [GC (Allocation Failure) [PSYoungGen: 21856139K->771718K(22609920K)] 22974875K->1890830K(25755648K), 0.1419683 secs] [Times: user=5.02 sys=0.00, real=0.14 secs] 
6841.939: [GC (Allocation Failure) [PSYoungGen: 21874310K->730746K(22609920K)] 22993422K->1850226K(25755648K), 0.1344108 secs] [Times: user=4.75 sys=0.00, real=0.14 secs] 
6845.002: [GC (Allocation Failure) [PSYoungGen: 21833338K->752378K(22609920K)] 22952818K->1872226K(25755648K), 0.1374594 secs] [Times: user=4.86 sys=0.00, real=0.13 secs] 
6848.065: [GC (Allocation Failure) [PSYoungGen: 21854970K->723566K(22609920K)] 22974818K->1843790K(25755648K), 0.1332147 secs] [Times: user=4.71 sys=0.00, real=0.13 secs] 
6851.136: [GC (Allocation Failure) [PSYoungGen: 21826158K->738387K(22609920K)] 22946382K->1859003K(25755648K), 0.1367172 secs] [Times: user=4.80 sys=0.00, real=0.13 secs] 
6854.227: [GC (Allocation Failure) [PSYoungGen: 21840979K->742933K(22609920K)] 22961595K->1863934K(25755648K), 0.1367191 secs] [Times: user=4.85 sys=0.00, real=0.14 secs] 
6857.278: [GC (Allocation Failure) [PSYoungGen: 21845525K->804279K(22609920K)] 22966526K->1925663K(25755648K), 0.1464885 secs] [Times: user=5.18 sys=0.00, real=0.15 secs] 
6860.325: [GC (Allocation Failure) [PSYoungGen: 21906871K->727629K(22609920K)] 23028255K->1849397K(25755648K), 0.1345558 secs] [Times: user=4.73 sys=0.00, real=0.13 secs] 
6863.384: [GC (Allocation Failure) [PSYoungGen: 21830221K->741943K(22609920K)] 22951989K->1864095K(25755648K), 0.1351146 secs] [Times: user=4.79 sys=0.00, real=0.14 secs] 
6866.425: [GC (Allocation Failure) [PSYoungGen: 21844535K->794972K(22609920K)] 22966687K->1917524K(25755648K), 0.1452134 secs] [Times: user=5.15 sys=0.00, real=0.14 secs] 
6869.503: [GC (Allocation Failure) [PSYoungGen: 21897564K->770143K(22609920K)] 23020116K->1893239K(25755648K), 0.1423631 secs] [Times: user=5.04 sys=0.00, real=0.14 secs] 
6872.602: [GC (Allocation Failure) [PSYoungGen: 21872735K->758427K(22609920K)] 22995831K->1881907K(25755648K), 0.1398738 secs] [Times: user=4.96 sys=0.00, real=0.14 secs] 
6875.691: [GC (Allocation Failure) [PSYoungGen: 21861019K->739065K(22609920K)] 22984499K->1862922K(25755648K), 0.1361969 secs] [Times: user=4.82 sys=0.00, real=0.14 secs] 
6878.774: [GC (Allocation Failure) [PSYoungGen: 21841657K->745832K(22609920K)] 22965514K->1870048K(25755648K), 0.1384219 secs] [Times: user=4.90 sys=0.00, real=0.14 secs] 
6881.834: [GC (Allocation Failure) [PSYoungGen: 21848424K->776877K(22609920K)] 22972640K->1901477K(25755648K), 0.1441690 secs] [Times: user=5.10 sys=0.00, real=0.15 secs] 
6884.885: [GC (Allocation Failure) [PSYoungGen: 21879469K->744868K(22609920K)] 23004069K->1870004K(25755648K), 0.1362514 secs] [Times: user=4.83 sys=0.00, real=0.14 secs] 
6887.950: [GC (Allocation Failure) [PSYoungGen: 21847460K->748613K(22609920K)] 22972596K->1874133K(25755648K), 0.1375027 secs] [Times: user=4.87 sys=0.00, real=0.14 secs] 
6891.000: [GC (Allocation Failure) [PSYoungGen: 21851205K->773212K(22609920K)] 22976725K->1899100K(25755648K), 0.1412148 secs] [Times: user=5.01 sys=0.00, real=0.14 secs] 
6894.079: [GC (Allocation Failure) [PSYoungGen: 21875804K->806094K(22609920K)] 23001692K->1932358K(25755648K), 0.1476296 secs] [Times: user=5.13 sys=0.00, real=0.14 secs] 
6897.145: [GC (Allocation Failure) [PSYoungGen: 21908686K->770306K(22609920K)] 23034950K->1897075K(25755648K), 0.1435576 secs] [Times: user=4.93 sys=0.00, real=0.14 secs] 
6900.216: [GC (Allocation Failure) [PSYoungGen: 21872898K->748485K(22609920K)] 22999667K->1875653K(25755648K), 0.1384258 secs] [Times: user=4.87 sys=0.00, real=0.14 secs] 
6903.236: [GC (Allocation Failure) [PSYoungGen: 21851077K->851905K(22609920K)] 22978245K->1979433K(25755648K), 0.1546769 secs] [Times: user=5.44 sys=0.00, real=0.16 secs] 
6906.319: [GC (Allocation Failure) [PSYoungGen: 21954497K->788657K(22609920K)] 23082025K->1916818K(25755648K), 0.1443778 secs] [Times: user=5.06 sys=0.00, real=0.15 secs] 
6909.411: [GC (Allocation Failure) [PSYoungGen: 21891249K->738029K(22609920K)] 23019410K->1866813K(25755648K), 0.1383681 secs] [Times: user=4.74 sys=0.00, real=0.14 secs] 
6912.476: [GC (Allocation Failure) [PSYoungGen: 21840621K->774793K(22609920K)] 22969405K->1903953K(25755648K), 0.1413642 secs] [Times: user=5.00 sys=0.00, real=0.14 secs] 
6915.535: [GC (Allocation Failure) [PSYoungGen: 21877385K->742240K(22609920K)] 23006545K->1871784K(25755648K), 0.1356448 secs] [Times: user=4.80 sys=0.00, real=0.13 secs] 
6918.567: [GC (Allocation Failure) [PSYoungGen: 21844832K->715337K(22609920K)] 22974376K->1845249K(25755648K), 0.1336379 secs] [Times: user=4.68 sys=0.00, real=0.13 secs] 
6921.668: [GC (Allocation Failure) [PSYoungGen: 21817929K->753364K(22609920K)] 22947841K->1883652K(25755648K), 0.1387626 secs] [Times: user=4.90 sys=0.01, real=0.14 secs] 
6924.791: [GC (Allocation Failure) [PSYoungGen: 21855956K->746327K(22609920K)] 22986244K->1877047K(25755648K), 0.1380098 secs] [Times: user=4.89 sys=0.00, real=0.14 secs] 
6927.920: [GC (Allocation Failure) [PSYoungGen: 21848919K->761760K(22609920K)] 22979639K->1892864K(25755648K), 0.1398526 secs] [Times: user=4.93 sys=0.00, real=0.14 secs] 
6931.016: [GC (Allocation Failure) [PSYoungGen: 21864352K->759144K(22609920K)] 22995456K->1890617K(25755648K), 0.1399052 secs] [Times: user=4.93 sys=0.00, real=0.14 secs] 
6934.085: [GC (Allocation Failure) [PSYoungGen: 21861736K->775302K(22609920K)] 22993209K->1907415K(25755648K), 0.1430060 secs] [Times: user=5.04 sys=0.01, real=0.14 secs] 
6937.193: [GC (Allocation Failure) [PSYoungGen: 21877894K->823480K(22609920K)] 23010007K->1955968K(25755648K), 0.1489375 secs] [Times: user=5.28 sys=0.00, real=0.15 secs] 
6940.229: [GC (Allocation Failure) [PSYoungGen: 21926072K->779660K(22609920K)] 23058560K->1912516K(25755648K), 0.1427038 secs] [Times: user=5.06 sys=0.00, real=0.14 secs] 
6943.254: [GC (Allocation Failure) [PSYoungGen: 21882252K->823348K(22609920K)] 23015108K->1956572K(25755648K), 0.1512078 secs] [Times: user=5.27 sys=0.01, real=0.15 secs] 
6946.354: [GC (Allocation Failure) [PSYoungGen: 21925890K->701207K(22609920K)] 23059114K->1834816K(25755648K), 0.1302164 secs] [Times: user=4.61 sys=0.00, real=0.13 secs] 
6949.465: [GC (Allocation Failure) [PSYoungGen: 21803799K->719371K(22609920K)] 22937408K->1853347K(25755648K), 0.1331675 secs] [Times: user=4.71 sys=0.00, real=0.14 secs] 
6952.539: [GC (Allocation Failure) [PSYoungGen: 21821963K->760406K(22609920K)] 22955939K->1894758K(25755648K), 0.1401755 secs] [Times: user=4.96 sys=0.00, real=0.14 secs] 
6955.568: [GC (Allocation Failure) [PSYoungGen: 21862998K->861686K(22609920K)] 22997350K->1996446K(25755648K), 0.1537776 secs] [Times: user=5.45 sys=0.00, real=0.16 secs] 
6958.674: [GC (Allocation Failure) [PSYoungGen: 21964278K->715767K(22609920K)] 23099038K->1850887K(25755648K), 0.1329651 secs] [Times: user=4.70 sys=0.00, real=0.13 secs] 
6961.708: [GC (Allocation Failure) [PSYoungGen: 21818359K->767117K(22609920K)] 22953479K->1902637K(25755648K), 0.1402134 secs] [Times: user=4.95 sys=0.00, real=0.14 secs] 
6964.787: [GC (Allocation Failure) [PSYoungGen: 21869709K->795780K(22609920K)] 23005229K->1931740K(25755648K), 0.1455377 secs] [Times: user=5.14 sys=0.00, real=0.15 secs] 
6967.839: [GC (Allocation Failure) [PSYoungGen: 21898372K->727216K(22609920K)] 23034332K->1863544K(25755648K), 0.1361746 secs] [Times: user=4.72 sys=0.01, real=0.14 secs] 
6970.903: [GC (Allocation Failure) [PSYoungGen: 21829808K->772756K(22609920K)] 22966136K->1909468K(25755648K), 0.1410996 secs] [Times: user=4.99 sys=0.01, real=0.14 secs] 
6973.957: [GC (Allocation Failure) [PSYoungGen: 21875348K->856501K(22609920K)] 23012060K->1993597K(25755648K), 0.1551572 secs] [Times: user=5.45 sys=0.00, real=0.16 secs] 
6977.023: [GC (Allocation Failure) [PSYoungGen: 21959093K->828105K(22609920K)] 23096189K->1965585K(25755648K), 0.1498377 secs] [Times: user=5.28 sys=0.00, real=0.15 secs] 
6980.101: [GC (Allocation Failure) [PSYoungGen: 21930697K->746595K(22609920K)] 23068177K->1884451K(25755648K), 0.1368670 secs] [Times: user=4.84 sys=0.01, real=0.14 secs] 
6983.110: [GC (Allocation Failure) [PSYoungGen: 21849187K->757394K(22609920K)] 22987043K->1895603K(25755648K), 0.1386220 secs] [Times: user=4.88 sys=0.00, real=0.14 secs] 
6986.098: [GC (Allocation Failure) [PSYoungGen: 21859986K->748503K(22609920K)] 22998195K->1887096K(25755648K), 0.1372560 secs] [Times: user=4.84 sys=0.00, real=0.14 secs] 
6989.178: [GC (Allocation Failure) [PSYoungGen: 21851095K->801781K(22609920K)] 22989688K->1940749K(25755648K), 0.1465721 secs] [Times: user=5.19 sys=0.00, real=0.15 secs] 
6992.245: [GC (Allocation Failure) [PSYoungGen: 21904373K->805520K(22609920K)] 23043341K->1944920K(25755648K), 0.1462439 secs] [Times: user=5.13 sys=0.01, real=0.14 secs] 
6995.288: [GC (Allocation Failure) [PSYoungGen: 21908112K->806555K(22609920K)] 23047512K->1946340K(25755648K), 0.1462835 secs] [Times: user=5.18 sys=0.00, real=0.14 secs] 
6998.347: [GC (Allocation Failure) [PSYoungGen: 21909147K->825752K(22609920K)] 23048932K->1965904K(25755648K), 0.1507851 secs] [Times: user=5.33 sys=0.00, real=0.15 secs] 
7001.384: [GC (Allocation Failure) [PSYoungGen: 21928344K->810658K(22609920K)] 23068496K->1951139K(25755648K), 0.1484579 secs] [Times: user=5.23 sys=0.00, real=0.15 secs] 
7004.443: [GC (Allocation Failure) [PSYoungGen: 21913250K->782288K(22609920K)] 23053731K->1923176K(25755648K), 0.1440527 secs] [Times: user=5.05 sys=0.00, real=0.15 secs] 
7007.505: [GC (Allocation Failure) [PSYoungGen: 21884880K->773616K(22609920K)] 23025768K->1914896K(25755648K), 0.1411522 secs] [Times: user=4.99 sys=0.00, real=0.15 secs] 
7010.535: [GC (Allocation Failure) [PSYoungGen: 21876208K->745826K(22609920K)] 23017488K->1887515K(25755648K), 0.1352643 secs] [Times: user=4.77 sys=0.01, real=0.14 secs] 
7013.553: [GC (Allocation Failure) [PSYoungGen: 21848418K->759667K(22609920K)] 22990107K->1901739K(25755648K), 0.1393895 secs] [Times: user=4.90 sys=0.01, real=0.14 secs] 
7016.578: [GC (Allocation Failure) [PSYoungGen: 21862259K->740030K(22609920K)] 23004331K->1882446K(25755648K), 0.1409605 secs] [Times: user=4.90 sys=0.00, real=0.14 secs] 
7019.659: [GC (Allocation Failure) [PSYoungGen: 21842622K->725109K(22609920K)] 22985038K->1867917K(25755648K), 0.1334907 secs] [Times: user=4.71 sys=0.00, real=0.13 secs] 
7022.721: [GC (Allocation Failure) [PSYoungGen: 21827701K->708727K(22609920K)] 22970509K->1851895K(25755648K), 0.1318819 secs] [Times: user=4.58 sys=0.01, real=0.13 secs] 
7025.797: [GC (Allocation Failure) [PSYoungGen: 21811319K->787230K(22609920K)] 22954487K->1930798K(25755648K), 0.1464310 secs] [Times: user=5.08 sys=0.00, real=0.15 secs] 
7028.840: [GC (Allocation Failure) [PSYoungGen: 21889822K->753941K(22609920K)] 23033390K->1897862K(25755648K), 0.1370876 secs] [Times: user=4.85 sys=0.00, real=0.13 secs] 
7031.903: [GC (Allocation Failure) [PSYoungGen: 21856533K->803416K(22609920K)] 23000454K->1947737K(25755648K), 0.1454884 secs] [Times: user=5.15 sys=0.00, real=0.14 secs] 
7034.911: [GC (Allocation Failure) [PSYoungGen: 21906008K->774713K(22609920K)] 23050329K->1919401K(25755648K), 0.1406906 secs] [Times: user=4.97 sys=0.00, real=0.14 secs] 
7037.982: [GC (Allocation Failure) [PSYoungGen: 21877305K->729182K(22609920K)] 23021993K->1874238K(25755648K), 0.1347551 secs] [Times: user=4.76 sys=0.00, real=0.13 secs] 
7041.040: [GC (Allocation Failure) [PSYoungGen: 21831774K->735289K(22609920K)] 22976830K->1880897K(25755648K), 0.1346543 secs] [Times: user=4.75 sys=0.00, real=0.14 secs] 
7044.072: [GC (Allocation Failure) [PSYoungGen: 21837881K->745806K(22609920K)] 22983489K->1891814K(25755648K), 0.1362715 secs] [Times: user=4.80 sys=0.00, real=0.13 secs] 
7047.081: [GC (Allocation Failure) [PSYoungGen: 21848398K->644116K(22609920K)] 22994406K->1790501K(25755648K), 0.1210505 secs] [Times: user=4.27 sys=0.00, real=0.13 secs] 
7050.125: [GC (Allocation Failure) [PSYoungGen: 21746708K->659172K(22609920K)] 22893093K->1805957K(25755648K), 0.1265127 secs] [Times: user=4.37 sys=0.00, real=0.12 secs] 
7053.061: [GC (Allocation Failure) [PSYoungGen: 21761764K->777148K(22609920K)] 22908549K->1924284K(25755648K), 0.1429140 secs] [Times: user=4.98 sys=0.00, real=0.15 secs] 
7056.100: [GC (Allocation Failure) [PSYoungGen: 21879740K->649946K(22609920K)] 23026876K->1797451K(25755648K), 0.1271776 secs] [Times: user=4.21 sys=0.01, real=0.13 secs] 
7059.121: [GC (Allocation Failure) [PSYoungGen: 21752538K->666052K(22609920K)] 22900043K->1813933K(25755648K), 0.1256409 secs] [Times: user=4.42 sys=0.00, real=0.13 secs] 
7062.017: [GC (Allocation Failure) [PSYoungGen: 21768644K->796807K(22609920K)] 22916525K->1945096K(25755648K), 0.1443620 secs] [Times: user=5.11 sys=0.00, real=0.14 secs] 
7065.051: [GC (Allocation Failure) [PSYoungGen: 21899399K->842301K(22609920K)] 23047688K->1990981K(25755648K), 0.1522624 secs] [Times: user=5.38 sys=0.01, real=0.15 secs] 
7068.068: [GC (Allocation Failure) [PSYoungGen: 21944893K->805722K(22609920K)] 23093573K->1954818K(25755648K), 0.1500407 secs] [Times: user=5.14 sys=0.00, real=0.15 secs] 
7071.027: [GC (Allocation Failure) [PSYoungGen: 21908314K->790464K(22609920K)] 23057410K->1939936K(25755648K), 0.1445342 secs] [Times: user=5.12 sys=0.00, real=0.14 secs] 
7074.104: [GC (Allocation Failure) [PSYoungGen: 21893056K->679775K(22609920K)] 23042528K->1829663K(25755648K), 0.1279189 secs] [Times: user=4.50 sys=0.01, real=0.13 secs] 
7077.024: [GC (Allocation Failure) [PSYoungGen: 21782367K->772673K(22609920K)] 22932255K->1922929K(25755648K), 0.1410369 secs] [Times: user=4.95 sys=0.00, real=0.14 secs] 
7080.123: [GC (Allocation Failure) [PSYoungGen: 21875265K->740551K(22609920K)] 23025521K->1891343K(25755648K), 0.1378882 secs] [Times: user=4.79 sys=0.00, real=0.14 secs] 
7083.187: [GC (Allocation Failure) [PSYoungGen: 21843143K->666025K(22609920K)] 22993935K->1817185K(25755648K), 0.1263390 secs] [Times: user=4.41 sys=0.00, real=0.13 secs] 
7086.073: [GC (Allocation Failure) [PSYoungGen: 21768617K->805543K(22609920K)] 22919777K->1957071K(25755648K), 0.1458136 secs] [Times: user=5.15 sys=0.00, real=0.15 secs] 
7089.079: [GC (Allocation Failure) [PSYoungGen: 21908135K->737041K(22609920K)] 23059663K->1888921K(25755648K), 0.1390703 secs] [Times: user=4.68 sys=0.01, real=0.13 secs] 
7092.065: [GC (Allocation Failure) [PSYoungGen: 21839633K->742894K(22609920K)] 22991513K->1895263K(25755648K), 0.1361186 secs] [Times: user=4.81 sys=0.00, real=0.14 secs] 
7095.020: [GC (Allocation Failure) [PSYoungGen: 21845486K->770587K(22609920K)] 22997855K->1923395K(25755648K), 0.1430209 secs] [Times: user=4.90 sys=0.00, real=0.14 secs] 
7098.000: [GC (Allocation Failure) [PSYoungGen: 21873179K->771057K(22609920K)] 23025987K->1924249K(25755648K), 0.1408889 secs] [Times: user=4.99 sys=0.00, real=0.15 secs] 
7101.090: [GC (Allocation Failure) [PSYoungGen: 21873649K->744564K(22609920K)] 23026841K->1898148K(25755648K), 0.1369583 secs] [Times: user=4.85 sys=0.00, real=0.14 secs] 
7104.116: [GC (Allocation Failure) [PSYoungGen: 21847156K->718850K(22609920K)] 23000740K->1872786K(25755648K), 0.1325155 secs] [Times: user=4.68 sys=0.00, real=0.13 secs] 
7107.186: [GC (Allocation Failure) [PSYoungGen: 21821442K->730741K(22609920K)] 22975378K->1885270K(25755648K), 0.1379393 secs] [Times: user=4.73 sys=0.01, real=0.14 secs] 
7110.201: [GC (Allocation Failure) [PSYoungGen: 21833333K->765690K(22609920K)] 22987862K->1920586K(25755648K), 0.1407230 secs] [Times: user=4.94 sys=0.00, real=0.15 secs] 
7113.213: [GC (Allocation Failure) [PSYoungGen: 21868282K->776082K(22609920K)] 23023178K->1931362K(25755648K), 0.1408754 secs] [Times: user=4.98 sys=0.00, real=0.14 secs] 
7116.221: [GC (Allocation Failure) [PSYoungGen: 21878674K->755585K(22609920K)] 23033954K->1911250K(25755648K), 0.1386806 secs] [Times: user=4.90 sys=0.01, real=0.14 secs] 
7119.194: [GC (Allocation Failure) [PSYoungGen: 21858177K->820121K(22609920K)] 23013842K->1976170K(25755648K), 0.1486004 secs] [Times: user=5.25 sys=0.01, real=0.14 secs] 
7122.231: [GC (Allocation Failure) [PSYoungGen: 21922713K->746288K(22609920K)] 23078762K->1902713K(25755648K), 0.1377307 secs] [Times: user=4.87 sys=0.00, real=0.14 secs] 
7125.263: [GC (Allocation Failure) [PSYoungGen: 21848880K->729110K(22609920K)] 23005305K->1885887K(25755648K), 0.1353776 secs] [Times: user=4.79 sys=0.01, real=0.14 secs] 
7128.320: [GC (Allocation Failure) [PSYoungGen: 21831702K->786313K(22609920K)] 22988479K->1943489K(25755648K), 0.1439543 secs] [Times: user=5.09 sys=0.00, real=0.14 secs] 
7131.389: [GC (Allocation Failure) [PSYoungGen: 21888905K->788370K(22609920K)] 23046081K->1945898K(25755648K), 0.1445466 secs] [Times: user=5.11 sys=0.00, real=0.14 secs] 
7134.467: [GC (Allocation Failure) [PSYoungGen: 21890962K->768384K(22609920K)] 23048490K->1926321K(25755648K), 0.1406047 secs] [Times: user=4.95 sys=0.00, real=0.14 secs] 
7137.477: [GC (Allocation Failure) [PSYoungGen: 21870976K->799980K(22609920K)] 23028913K->1958284K(25755648K), 0.1454551 secs] [Times: user=5.09 sys=0.00, real=0.14 secs] 
7140.577: [GC (Allocation Failure) [PSYoungGen: 21902572K->775533K(22609920K)] 23060876K->1934221K(25755648K), 0.1435605 secs] [Times: user=5.08 sys=0.00, real=0.14 secs] 
7143.656: [GC (Allocation Failure) [PSYoungGen: 21878125K->738920K(22609920K)] 23036813K->1897984K(25755648K), 0.1369018 secs] [Times: user=4.84 sys=0.00, real=0.14 secs] 
7146.764: [GC (Allocation Failure) [PSYoungGen: 21841512K->727879K(22609920K)] 23000576K->1887344K(25755648K), 0.1353863 secs] [Times: user=4.72 sys=0.00, real=0.14 secs] 
7149.745: [GC (Allocation Failure) [PSYoungGen: 21830471K->760097K(22609920K)] 22989936K->1919937K(25755648K), 0.1402718 secs] [Times: user=4.95 sys=0.00, real=0.14 secs] 
7152.808: [GC (Allocation Failure) [PSYoungGen: 21862689K->763897K(22609920K)] 23022529K->1924113K(25755648K), 0.1417004 secs] [Times: user=5.02 sys=0.00, real=0.15 secs] 
7155.826: [GC (Allocation Failure) [PSYoungGen: 21866489K->811178K(22609920K)] 23026705K->1971762K(25755648K), 0.1480156 secs] [Times: user=5.24 sys=0.00, real=0.15 secs] 
7158.832: [GC (Allocation Failure) [PSYoungGen: 21913770K->866609K(22609920K)] 23074354K->2027577K(25755648K), 0.1572286 secs] [Times: user=5.51 sys=0.01, real=0.16 secs] 
7161.903: [GC (Allocation Failure) [PSYoungGen: 21969201K->851371K(22609920K)] 23130169K->2012731K(25755648K), 0.1499648 secs] [Times: user=5.31 sys=0.00, real=0.15 secs] 
7164.995: [GC (Allocation Failure) [PSYoungGen: 21953963K->745335K(22609920K)] 23115323K->1907055K(25755648K), 0.1377025 secs] [Times: user=4.88 sys=0.00, real=0.14 secs] 
7167.978: [GC (Allocation Failure) [PSYoungGen: 21847927K->726451K(22609920K)] 23009647K->1888572K(25755648K), 0.1350997 secs] [Times: user=4.78 sys=0.00, real=0.14 secs] 
7171.004: [GC (Allocation Failure) [PSYoungGen: 21829043K->801362K(22609920K)] 22991164K->1963866K(25755648K), 0.1423124 secs] [Times: user=5.01 sys=0.00, real=0.14 secs] 
7173.991: [GC (Allocation Failure) [PSYoungGen: 21903954K->770616K(22609920K)] 23066458K->1933497K(25755648K), 0.1420029 secs] [Times: user=4.98 sys=0.01, real=0.15 secs] 
7177.054: [GC (Allocation Failure) [PSYoungGen: 21873208K->719254K(22609920K)] 23036089K->1882510K(25755648K), 0.1337017 secs] [Times: user=4.68 sys=0.00, real=0.13 secs] 
7180.121: [GC (Allocation Failure) [PSYoungGen: 21821846K->721739K(22609920K)] 22985102K->1885371K(25755648K), 0.1351242 secs] [Times: user=4.71 sys=0.00, real=0.14 secs] 
7183.190: [GC (Allocation Failure) [PSYoungGen: 21824331K->772979K(22609920K)] 22987963K->1937107K(25755648K), 0.1418592 secs] [Times: user=5.01 sys=0.00, real=0.14 secs] 
7186.237: [GC (Allocation Failure) [PSYoungGen: 21875571K->733513K(22609920K)] 23039699K->1898018K(25755648K), 0.1353385 secs] [Times: user=4.79 sys=0.00, real=0.13 secs] 
7189.300: [GC (Allocation Failure) [PSYoungGen: 21836105K->782807K(22609920K)] 23000610K->1947728K(25755648K), 0.1435853 secs] [Times: user=5.08 sys=0.00, real=0.15 secs] 
7192.276: [GC (Allocation Failure) [PSYoungGen: 21885399K->768794K(22609920K)] 23050320K->1934058K(25755648K), 0.1419653 secs] [Times: user=4.92 sys=0.00, real=0.14 secs] 
7195.318: [GC (Allocation Failure) [PSYoungGen: 21871386K->795974K(22609920K)] 23036650K->1961623K(25755648K), 0.1488796 secs] [Times: user=5.11 sys=0.00, real=0.15 secs] 
7198.396: [GC (Allocation Failure) [PSYoungGen: 21898566K->777035K(22609920K)] 23064215K->1943060K(25755648K), 0.1424033 secs] [Times: user=5.04 sys=0.00, real=0.14 secs] 
7201.399: [GC (Allocation Failure) [PSYoungGen: 21879627K->774625K(22609920K)] 23045652K->1941001K(25755648K), 0.1420090 secs] [Times: user=5.03 sys=0.00, real=0.14 secs] 
7204.466: [GC (Allocation Failure) [PSYoungGen: 21877217K->782178K(22609920K)] 23043593K->1948914K(25755648K), 0.1455081 secs] [Times: user=4.96 sys=0.01, real=0.15 secs] 
7207.531: [GC (Allocation Failure) [PSYoungGen: 21884770K->787504K(22609920K)] 23051506K->1954616K(25755648K), 0.1437870 secs] [Times: user=5.08 sys=0.00, real=0.14 secs] 
7210.587: [GC (Allocation Failure) [PSYoungGen: 21890096K->724246K(22609920K)] 23057208K->1891798K(25755648K), 0.1343779 secs] [Times: user=4.75 sys=0.00, real=0.14 secs] 
7213.550: [GC (Allocation Failure) [PSYoungGen: 21826838K->743750K(22609920K)] 22994390K->1911726K(25755648K), 0.1364938 secs] [Times: user=4.83 sys=0.00, real=0.13 secs] 
7216.618: [GC (Allocation Failure) [PSYoungGen: 21846342K->798918K(22609920K)] 23014318K->1967246K(25755648K), 0.1469605 secs] [Times: user=5.20 sys=0.00, real=0.14 secs] 
7219.704: [GC (Allocation Failure) [PSYoungGen: 21901510K->859065K(22609920K)] 23069838K->2027882K(25755648K), 0.1551560 secs] [Times: user=5.49 sys=0.00, real=0.16 secs] 
7222.722: [GC (Allocation Failure) [PSYoungGen: 21961657K->813600K(22609920K)] 23130474K->1982913K(25755648K), 0.1492131 secs] [Times: user=5.20 sys=0.01, real=0.15 secs] 
7225.812: [GC (Allocation Failure) [PSYoungGen: 21916192K->812293K(22609920K)] 23085505K->1982245K(25755648K), 0.1478349 secs] [Times: user=5.20 sys=0.00, real=0.15 secs] 
7228.908: [GC (Allocation Failure) [PSYoungGen: 21914885K->748487K(22609920K)] 23084837K->1919055K(25755648K), 0.1378565 secs] [Times: user=4.88 sys=0.00, real=0.14 secs] 
7231.904: [GC (Allocation Failure) [PSYoungGen: 21851079K->740197K(22609920K)] 23021647K->1911165K(25755648K), 0.1355772 secs] [Times: user=4.79 sys=0.01, real=0.13 secs] 
7234.975: [GC (Allocation Failure) [PSYoungGen: 21842789K->844535K(22609920K)] 23013757K->2015863K(25755648K), 0.1532097 secs] [Times: user=5.43 sys=0.00, real=0.15 secs] 
7238.074: [GC (Allocation Failure) [PSYoungGen: 21947127K->784782K(22609920K)] 23118455K->1956495K(25755648K), 0.1429820 secs] [Times: user=5.06 sys=0.00, real=0.14 secs] 
7241.096: [GC (Allocation Failure) [PSYoungGen: 21887374K->758454K(22609920K)] 23059087K->1930575K(25755648K), 0.1387728 secs] [Times: user=4.90 sys=0.00, real=0.14 secs] 
7244.146: [GC (Allocation Failure) [PSYoungGen: 21861046K->774154K(22609920K)] 23033167K->1946666K(25755648K), 0.1421194 secs] [Times: user=4.98 sys=0.00, real=0.14 secs] 
7247.149: [GC (Allocation Failure) [PSYoungGen: 21876746K->848081K(22609920K)] 23049258K->2021041K(25755648K), 0.1527313 secs] [Times: user=5.41 sys=0.00, real=0.15 secs] 
7250.198: [GC (Allocation Failure) [PSYoungGen: 21950673K->775792K(22609920K)] 23123633K->1949104K(25755648K), 0.1422366 secs] [Times: user=5.04 sys=0.00, real=0.14 secs] 
7253.277: [GC (Allocation Failure) [PSYoungGen: 21878384K->754522K(22609920K)] 23051696K->1928282K(25755648K), 0.1387314 secs] [Times: user=4.92 sys=0.00, real=0.14 secs] 
7256.288: [GC (Allocation Failure) [PSYoungGen: 21857114K->735998K(22609920K)] 23030874K->1910167K(25755648K), 0.1359932 secs] [Times: user=4.76 sys=0.00, real=0.14 secs] 
7259.315: [GC (Allocation Failure) [PSYoungGen: 21838590K->736201K(22609920K)] 23012759K->1910810K(25755648K), 0.1366018 secs] [Times: user=4.77 sys=0.00, real=0.14 secs] 
7262.475: [GC (Allocation Failure) [PSYoungGen: 21838793K->756558K(22609920K)] 23013402K->1931526K(25755648K), 0.1409718 secs] [Times: user=4.89 sys=0.00, real=0.14 secs] 
7265.532: [GC (Allocation Failure) [PSYoungGen: 21859150K->769249K(22609920K)] 23034118K->1944585K(25755648K), 0.1409432 secs] [Times: user=4.98 sys=0.00, real=0.14 secs] 
7268.617: [GC (Allocation Failure) [PSYoungGen: 21871841K->834419K(22609920K)] 23047177K->2010123K(25755648K), 0.1503154 secs] [Times: user=5.32 sys=0.00, real=0.15 secs] 
7271.669: [GC (Allocation Failure) [PSYoungGen: 21937011K->784285K(22609920K)] 23112715K->1960422K(25755648K), 0.1465068 secs] [Times: user=5.03 sys=0.00, real=0.14 secs] 
7274.736: [GC (Allocation Failure) [PSYoungGen: 21886877K->757115K(22609920K)] 23063014K->1933668K(25755648K), 0.1393408 secs] [Times: user=4.93 sys=0.00, real=0.14 secs] 
7277.798: [GC (Allocation Failure) [PSYoungGen: 21859707K->742341K(22609920K)] 23036260K->1919262K(25755648K), 0.1361610 secs] [Times: user=4.81 sys=0.00, real=0.13 secs] 
7280.845: [GC (Allocation Failure) [PSYoungGen: 21844933K->774900K(22609920K)] 23021854K->1952164K(25755648K), 0.1409794 secs] [Times: user=4.98 sys=0.00, real=0.14 secs] 
7283.895: [GC (Allocation Failure) [PSYoungGen: 21877492K->775158K(22609920K)] 23054756K->1952966K(25755648K), 0.1440088 secs] [Times: user=4.99 sys=0.00, real=0.15 secs] 
7286.887: [GC (Allocation Failure) [PSYoungGen: 21877750K->796548K(22609920K)] 23055558K->1974732K(25755648K), 0.1445781 secs] [Times: user=5.10 sys=0.01, real=0.15 secs] 
7289.987: [GC (Allocation Failure) [PSYoungGen: 21899140K->748927K(22609920K)] 23077324K->1927488K(25755648K), 0.1376846 secs] [Times: user=4.86 sys=0.00, real=0.14 secs] 
7293.066: [GC (Allocation Failure) [PSYoungGen: 21851519K->815263K(22609920K)] 23030080K->1994167K(25755648K), 0.1481327 secs] [Times: user=5.23 sys=0.00, real=0.15 secs] 
7296.158: [GC (Allocation Failure) [PSYoungGen: 21917855K->798348K(22609920K)] 23096759K->1977733K(25755648K), 0.1471863 secs] [Times: user=5.11 sys=0.00, real=0.15 secs] 
7299.256: [GC (Allocation Failure) [PSYoungGen: 21900940K->768718K(22609920K)] 23080325K->1948470K(25755648K), 0.1407706 secs] [Times: user=4.97 sys=0.00, real=0.14 secs] 
7302.299: [GC (Allocation Failure) [PSYoungGen: 21871310K->723272K(22609920K)] 23051062K->1903680K(25755648K), 0.1336405 secs] [Times: user=4.68 sys=0.00, real=0.14 secs] 
7305.353: [GC (Allocation Failure) [PSYoungGen: 21825864K->799461K(22609920K)] 23006272K->1980238K(25755648K), 0.1448293 secs] [Times: user=5.12 sys=0.00, real=0.14 secs] 
7308.420: [GC (Allocation Failure) [PSYoungGen: 21902053K->776044K(22609920K)] 23082830K->1957212K(25755648K), 0.1415049 secs] [Times: user=5.00 sys=0.00, real=0.14 secs] 
7311.453: [GC (Allocation Failure) [PSYoungGen: 21878636K->739323K(22609920K)] 23059804K->1921172K(25755648K), 0.1357997 secs] [Times: user=4.80 sys=0.00, real=0.13 secs] 
7314.529: [GC (Allocation Failure) [PSYoungGen: 21841915K->767215K(22609920K)] 23023764K->1949903K(25755648K), 0.1409675 secs] [Times: user=4.99 sys=0.00, real=0.14 secs] 
7317.549: [GC (Allocation Failure) [PSYoungGen: 21869807K->759106K(22609920K)] 23052495K->1942819K(25755648K), 0.1391278 secs] [Times: user=4.89 sys=0.00, real=0.14 secs] 
7320.626: [GC (Allocation Failure) [PSYoungGen: 21861698K->756114K(22609920K)] 23045411K->1941139K(25755648K), 0.1385259 secs] [Times: user=4.89 sys=0.00, real=0.14 secs] 
7323.751: [GC (Allocation Failure) [PSYoungGen: 21858706K->765919K(22609920K)] 23043731K->1951472K(25755648K), 0.1407566 secs] [Times: user=4.97 sys=0.00, real=0.14 secs] 
7326.813: [GC (Allocation Failure) [PSYoungGen: 21868511K->740887K(22609920K)] 23054064K->1926783K(25755648K), 0.1362623 secs] [Times: user=4.81 sys=0.01, real=0.14 secs] 
7329.921: [GC (Allocation Failure) [PSYoungGen: 21843479K->772454K(22609920K)] 23029375K->1958759K(25755648K), 0.1454359 secs] [Times: user=5.03 sys=0.00, real=0.15 secs] 
7332.946: [GC (Allocation Failure) [PSYoungGen: 21875046K->794731K(22609920K)] 23061351K->1981372K(25755648K), 0.1459457 secs] [Times: user=5.16 sys=0.01, real=0.14 secs] 
7336.054: [GC (Allocation Failure) [PSYoungGen: 21897323K->724241K(22609920K)] 23083964K->1911281K(25755648K), 0.1332977 secs] [Times: user=4.69 sys=0.00, real=0.14 secs] 
7339.097: [GC (Allocation Failure) [PSYoungGen: 21826833K->733239K(22609920K)] 23013873K->1920911K(25755648K), 0.1349645 secs] [Times: user=4.77 sys=0.00, real=0.13 secs] 
7342.164: [GC (Allocation Failure) [PSYoungGen: 21835831K->754274K(22609920K)] 23023503K->1942634K(25755648K), 0.1382044 secs] [Times: user=4.89 sys=0.00, real=0.14 secs] 
7345.208: [GC (Allocation Failure) [PSYoungGen: 21856866K->767875K(22609920K)] 23045226K->1956596K(25755648K), 0.1409864 secs] [Times: user=4.93 sys=0.00, real=0.14 secs] 
7348.273: [GC (Allocation Failure) [PSYoungGen: 21870467K->757787K(22609920K)] 23059188K->1947020K(25755648K), 0.1387232 secs] [Times: user=4.89 sys=0.01, real=0.14 secs] 
7351.292: [GC (Allocation Failure) [PSYoungGen: 21860379K->881056K(22609920K)] 23049612K->2070657K(25755648K), 0.1543089 secs] [Times: user=5.47 sys=0.00, real=0.15 secs] 
7354.331: [GC (Allocation Failure) [PSYoungGen: 21983648K->860106K(22609920K)] 23173249K->2050163K(25755648K), 0.1533751 secs] [Times: user=5.43 sys=0.00, real=0.15 secs] 
7357.418: [GC (Allocation Failure) [PSYoungGen: 21962698K->786799K(22609920K)] 23152755K->1977368K(25755648K), 0.1464239 secs] [Times: user=5.00 sys=0.01, real=0.15 secs] 
7360.433: [GC (Allocation Failure) [PSYoungGen: 21889391K->703812K(22609920K)] 23079960K->1894765K(25755648K), 0.1311180 secs] [Times: user=4.64 sys=0.00, real=0.13 secs] 
7363.487: [GC (Allocation Failure) [PSYoungGen: 21806404K->811871K(22609920K)] 22997357K->2003256K(25755648K), 0.1479900 secs] [Times: user=5.23 sys=0.01, real=0.15 secs] 
7366.546: [GC (Allocation Failure) [PSYoungGen: 21914463K->806610K(22609920K)] 23105848K->1998587K(25755648K), 0.1476932 secs] [Times: user=5.18 sys=0.00, real=0.15 secs] 
7369.583: [GC (Allocation Failure) [PSYoungGen: 21909202K->799058K(22609920K)] 23101179K->1991771K(25755648K), 0.1475526 secs] [Times: user=5.15 sys=0.00, real=0.14 secs] 
7372.677: [GC (Allocation Failure) [PSYoungGen: 21901650K->725741K(22609920K)] 23094363K->1919230K(25755648K), 0.1339227 secs] [Times: user=4.69 sys=0.00, real=0.13 secs] 
7375.730: [GC (Allocation Failure) [PSYoungGen: 21828333K->891044K(22609920K)] 23021822K->2084973K(25755648K), 0.1554316 secs] [Times: user=5.49 sys=0.01, real=0.16 secs] 
7378.844: [GC (Allocation Failure) [PSYoungGen: 21993636K->737608K(22609920K)] 23187565K->1931913K(25755648K), 0.1360217 secs] [Times: user=4.81 sys=0.00, real=0.13 secs] 
7381.953: [GC (Allocation Failure) [PSYoungGen: 21840200K->786210K(22609920K)] 23034505K->1980899K(25755648K), 0.1431098 secs] [Times: user=5.02 sys=0.00, real=0.14 secs] 
7384.999: [GC (Allocation Failure) [PSYoungGen: 21888802K->742414K(22609920K)] 23083491K->1937543K(25755648K), 0.1368586 secs] [Times: user=4.83 sys=0.00, real=0.14 secs] 
7387.992: [GC (Allocation Failure) [PSYoungGen: 21845006K->809328K(22609920K)] 23040135K->2004833K(25755648K), 0.1466404 secs] [Times: user=5.18 sys=0.00, real=0.15 secs] 
7391.006: [GC (Allocation Failure) [PSYoungGen: 21911920K->801836K(22609920K)] 23107425K->1997685K(25755648K), 0.1482819 secs] [Times: user=5.13 sys=0.00, real=0.14 secs] 
7394.077: [GC (Allocation Failure) [PSYoungGen: 21904428K->765773K(22609920K)] 23100277K->1962030K(25755648K), 0.1420877 secs] [Times: user=5.00 sys=0.00, real=0.14 secs] 
7397.117: [GC (Allocation Failure) [PSYoungGen: 21868365K->752220K(22609920K)] 23064622K->1948764K(25755648K), 0.1380093 secs] [Times: user=4.88 sys=0.00, real=0.13 secs] 
7400.187: [GC (Allocation Failure) [PSYoungGen: 21854812K->713857K(22609920K)] 23051356K->1910929K(25755648K), 0.1323017 secs] [Times: user=4.66 sys=0.01, real=0.13 secs] 
7403.229: [GC (Allocation Failure) [PSYoungGen: 21816449K->787298K(22609920K)] 23013521K->1984867K(25755648K), 0.1448665 secs] [Times: user=5.07 sys=0.00, real=0.14 secs] 
7406.288: [GC (Allocation Failure) [PSYoungGen: 21889890K->754457K(22609920K)] 23087459K->1952482K(25755648K), 0.1383337 secs] [Times: user=4.90 sys=0.00, real=0.13 secs] 
7409.334: [GC (Allocation Failure) [PSYoungGen: 21857049K->815736K(22609920K)] 23055074K->2014233K(25755648K), 0.1493156 secs] [Times: user=5.16 sys=0.01, real=0.15 secs] 
7412.380: [GC (Allocation Failure) [PSYoungGen: 21918328K->758908K(22609920K)] 23116825K->1957957K(25755648K), 0.1387410 secs] [Times: user=4.90 sys=0.00, real=0.14 secs] 
7415.426: [GC (Allocation Failure) [PSYoungGen: 21861500K->852330K(22609920K)] 23060549K->2052011K(25755648K), 0.1486788 secs] [Times: user=5.21 sys=0.00, real=0.15 secs] 
7418.482: [GC (Allocation Failure) [PSYoungGen: 21954922K->747942K(22609920K)] 23154603K->1948071K(25755648K), 0.1377318 secs] [Times: user=4.81 sys=0.01, real=0.14 secs] 
7421.570: [GC (Allocation Failure) [PSYoungGen: 21850534K->856534K(22609920K)] 23050663K->2057047K(25755648K), 0.1485038 secs] [Times: user=5.26 sys=0.01, real=0.14 secs] 
7425.058: [GC (System.gc()) [PSYoungGen: 21952744K->716837K(22609920K)] 23153257K->1917886K(25755648K), 0.1368254 secs] [Times: user=4.85 sys=0.00, real=0.14 secs] 
7425.195: [Full GC (System.gc()) [PSYoungGen: 716837K->0K(22609920K)] [ParOldGen: 1201048K->239430K(3145728K)] 1917886K->239430K(25755648K), [Metaspace: 22488K->22488K(1069056K)], 0.1323655 secs] [Times: user=3.08 sys=0.04, real=0.13 secs] 
7463.354: [GC (Allocation Failure) [PSYoungGen: 21102592K->942702K(22609920K)] 21342022K->1182133K(25755648K), 0.1536886 secs] [Times: user=5.42 sys=0.00, real=0.16 secs] 
7475.868: [GC (Allocation Failure) [PSYoungGen: 22045294K->939864K(22609920K)] 22284725K->1179294K(25755648K), 0.1433992 secs] [Times: user=5.05 sys=0.00, real=0.15 secs] 
7485.168: [GC (Allocation Failure) [PSYoungGen: 22042456K->948628K(22609920K)] 22281886K->1188058K(25755648K), 0.1438216 secs] [Times: user=5.06 sys=0.00, real=0.15 secs] 
7493.005: [GC (Allocation Failure) [PSYoungGen: 22051220K->956520K(22609920K)] 22290650K->1195951K(25755648K), 0.1436120 secs] [Times: user=5.00 sys=0.00, real=0.14 secs] 
7500.076: [GC (Allocation Failure) [PSYoungGen: 22059112K->972724K(22609920K)] 22298543K->1212154K(25755648K), 0.1471667 secs] [Times: user=5.15 sys=0.01, real=0.15 secs] 
7506.039: [GC (Allocation Failure) [PSYoungGen: 22075316K->982546K(22609920K)] 22314746K->1221977K(25755648K), 0.1481085 secs] [Times: user=5.21 sys=0.01, real=0.15 secs] 
7511.865: [GC (Allocation Failure) [PSYoungGen: 22085138K->972739K(22609920K)] 22324569K->1212170K(25755648K), 0.1523056 secs] [Times: user=5.16 sys=0.00, real=0.15 secs] 
7517.259: [GC (Allocation Failure) [PSYoungGen: 22075331K->960489K(22609920K)] 22314762K->1199919K(25755648K), 0.1439343 secs] [Times: user=5.07 sys=0.00, real=0.14 secs] 
7522.300: [GC (Allocation Failure) [PSYoungGen: 22063081K->991445K(22609920K)] 22302511K->1230876K(25755648K), 0.1501602 secs] [Times: user=5.24 sys=0.00, real=0.15 secs] 
7527.151: [GC (Allocation Failure) [PSYoungGen: 22094037K->962981K(22609920K)] 22333468K->1202411K(25755648K), 0.1462875 secs] [Times: user=5.09 sys=0.00, real=0.15 secs] 
7531.891: [GC (Allocation Failure) [PSYoungGen: 22065573K->997165K(22609920K)] 22305003K->1236596K(25755648K), 0.1506107 secs] [Times: user=5.28 sys=0.01, real=0.15 secs] 
7536.019: [GC (Allocation Failure) [PSYoungGen: 22099757K->1027153K(22609920K)] 22339188K->1266583K(25755648K), 0.1540139 secs] [Times: user=5.37 sys=0.00, real=0.15 secs] 
7540.146: [GC (Allocation Failure) [PSYoungGen: 22129745K->1002838K(22609920K)] 22369175K->1242268K(25755648K), 0.1533685 secs] [Times: user=5.28 sys=0.00, real=0.16 secs] 
7544.402: [GC (Allocation Failure) [PSYoungGen: 22105430K->1009516K(22609920K)] 22344860K->1248947K(25755648K), 0.1525620 secs] [Times: user=5.37 sys=0.00, real=0.15 secs] 
7548.231: [GC (Allocation Failure) [PSYoungGen: 22112108K->971660K(22609920K)] 22351539K->1211090K(25755648K), 0.1481431 secs] [Times: user=5.06 sys=0.00, real=0.15 secs] 
7551.954: [GC (Allocation Failure) [PSYoungGen: 22074252K->678951K(22609920K)] 22313682K->1278822K(25755648K), 0.1639953 secs] [Times: user=5.62 sys=0.00, real=0.16 secs] 
7555.590: [GC (Allocation Failure) [PSYoungGen: 21781543K->641551K(22609920K)] 22381414K->1243318K(25755648K), 0.1176552 secs] [Times: user=4.11 sys=0.00, real=0.11 secs] 
7559.332: [GC (Allocation Failure) [PSYoungGen: 21744143K->629823K(22609920K)] 22345910K->1232638K(25755648K), 0.1161904 secs] [Times: user=4.09 sys=0.00, real=0.11 secs] 
7562.626: [GC (Allocation Failure) [PSYoungGen: 21732415K->667566K(22609920K)] 22335230K->1271125K(25755648K), 0.1220085 secs] [Times: user=4.31 sys=0.00, real=0.12 secs] 
7565.890: [GC (Allocation Failure) [PSYoungGen: 21770158K->699682K(22609920K)] 22373717K->1305049K(25755648K), 0.1288045 secs] [Times: user=4.44 sys=0.00, real=0.13 secs] 
7569.304: [GC (Allocation Failure) [PSYoungGen: 21802274K->652534K(22609920K)] 22407641K->1258621K(25755648K), 0.1205666 secs] [Times: user=4.24 sys=0.00, real=0.12 secs] 
7572.590: [GC (Allocation Failure) [PSYoungGen: 21755126K->707467K(22609920K)] 22361213K->1314339K(25755648K), 0.1273474 secs] [Times: user=4.50 sys=0.00, real=0.13 secs] 
7575.817: [GC (Allocation Failure) [PSYoungGen: 21810059K->773560K(22609920K)] 22416931K->1381087K(25755648K), 0.1393773 secs] [Times: user=4.93 sys=0.01, real=0.14 secs] 
7578.897: [GC (Allocation Failure) [PSYoungGen: 21876152K->762025K(22609920K)] 22483679K->1370361K(25755648K), 0.1381645 secs] [Times: user=4.83 sys=0.00, real=0.14 secs] 
7581.981: [GC (Allocation Failure) [PSYoungGen: 21864617K->815416K(22609920K)] 22472953K->1424511K(25755648K), 0.1462873 secs] [Times: user=5.13 sys=0.00, real=0.15 secs] 
7585.034: [GC (Allocation Failure) [PSYoungGen: 21918008K->785338K(22609920K)] 22527103K->1395034K(25755648K), 0.1404282 secs] [Times: user=4.96 sys=0.00, real=0.14 secs] 
7588.085: [GC (Allocation Failure) [PSYoungGen: 21887930K->769384K(22609920K)] 22497626K->1379712K(25755648K), 0.1386623 secs] [Times: user=4.89 sys=0.01, real=0.14 secs] 
7591.147: [GC (Allocation Failure) [PSYoungGen: 21871976K->730807K(22609920K)] 22482304K->1341855K(25755648K), 0.1332586 secs] [Times: user=4.66 sys=0.00, real=0.13 secs] 
7594.176: [GC (Allocation Failure) [PSYoungGen: 21833399K->744009K(22609920K)] 22444447K->1355913K(25755648K), 0.1352449 secs] [Times: user=4.70 sys=0.00, real=0.14 secs] 
7597.219: [GC (Allocation Failure) [PSYoungGen: 21846601K->705085K(22609920K)] 22458505K->1317901K(25755648K), 0.1278195 secs] [Times: user=4.51 sys=0.01, real=0.13 secs] 
7608.755: [GC (System.gc()) [PSYoungGen: 14224597K->875326K(22609920K)] 14837413K->1489334K(25755648K), 0.1374838 secs] [Times: user=4.85 sys=0.00, real=0.14 secs] 
7608.892: [Full GC (System.gc()) [PSYoungGen: 875326K->0K(22609920K)] [ParOldGen: 614008K->242160K(3145728K)] 1489334K->242160K(25755648K), [Metaspace: 22516K->22516K(1069056K)], 0.0616600 secs] [Times: user=0.96 sys=0.00, real=0.06 secs] 
7615.498: [GC (System.gc()) [PSYoungGen: 3471125K->576K(22609920K)] 3713286K->242736K(25755648K), 0.0075733 secs] [Times: user=0.11 sys=0.00, real=0.01 secs] 
7615.505: [Full GC (System.gc()) [PSYoungGen: 576K->0K(22609920K)] [ParOldGen: 242160K->236328K(3145728K)] 242736K->236328K(25755648K), [Metaspace: 22527K->22527K(1071104K)], 0.0905007 secs] [Times: user=1.73 sys=0.01, real=0.09 secs] 
7630.290: [GC (Allocation Failure) [PSYoungGen: 21102592K->997980K(22609920K)] 21338920K->1234316K(25755648K), 0.1791746 secs] [Times: user=6.28 sys=0.00, real=0.18 secs] 
7641.045: [GC (Allocation Failure) [PSYoungGen: 22100572K->955007K(22609920K)] 22336908K->1191343K(25755648K), 0.1400271 secs] [Times: user=4.85 sys=0.00, real=0.14 secs] 
7651.813: [GC (Allocation Failure) [PSYoungGen: 22057599K->939685K(22609920K)] 22293935K->1176021K(25755648K), 0.1393498 secs] [Times: user=4.88 sys=0.01, real=0.14 secs] 
7659.545: [GC (System.gc()) [PSYoungGen: 8869162K->33104K(22609920K)] 9105498K->269440K(25755648K), 0.0094308 secs] [Times: user=0.20 sys=0.00, real=0.01 secs] 
7659.555: [Full GC (System.gc()) [PSYoungGen: 33104K->0K(22609920K)] [ParOldGen: 236336K->244664K(3145728K)] 269440K->244664K(25755648K), [Metaspace: 22596K->22596K(1071104K)], 0.1143017 secs] [Times: user=2.85 sys=0.02, real=0.12 secs] 
7659.893: [GC (System.gc()) [PSYoungGen: 816K->128K(22609920K)] 245481K->244792K(25755648K), 0.0498524 secs] [Times: user=0.47 sys=0.01, real=0.05 secs] 
7659.944: [Full GC (System.gc()) [PSYoungGen: 128K->0K(22609920K)] [ParOldGen: 244664K->243229K(3145728K)] 244792K->243229K(25755648K), [Metaspace: 22600K->22600K(1071104K)], 0.2880967 secs] [Times: user=4.67 sys=0.02, real=0.29 secs] 
7660.447: [GC (System.gc()) [PSYoungGen: 96533K->96K(22609920K)] 339763K->243325K(25755648K), 0.0057521 secs] [Times: user=0.05 sys=0.00, real=0.00 secs] 
7660.453: [Full GC (System.gc()) [PSYoungGen: 96K->0K(22609920K)] [ParOldGen: 243229K->243136K(3145728K)] 243325K->243136K(25755648K), [Metaspace: 22601K->22601K(1071104K)], 0.4362541 secs] [Times: user=6.39 sys=0.05, real=0.44 secs] 
Heap
 PSYoungGen      total 22609920K, used 809163K [0x0000000200000000, 0x00000007c0000000, 0x00000007c0000000)
  eden space 21102592K, 3% used [0x0000000200000000,0x0000000231632cb8,0x0000000708000000)
  from space 1507328K, 0% used [0x0000000708000000,0x0000000708000000,0x0000000764000000)
  to   space 1507328K, 0% used [0x0000000764000000,0x0000000764000000,0x00000007c0000000)
 ParOldGen       total 3145728K, used 243136K [0x0000000140000000, 0x0000000200000000, 0x0000000200000000)
  object space 3145728K, 7% used [0x0000000140000000,0x000000014ed702a0,0x0000000200000000)
 Metaspace       used 22610K, capacity 23498K, committed 23680K, reserved 1071104K
  class space    used 2627K, capacity 2869K, committed 2944K, reserved 1048576K
