Java HotSpot(TM) 64-Bit Server VM (25.40-b25) for linux-amd64 JRE (1.8.0_40-b26), built on Mar  7 2015 15:08:31 by "java_re" with gcc 4.3.0 20080428 (Red Hat 4.3.0-8)
Memory: 4k page, physical 264398780k(140271828k free), swap 4194296k(4194296k free)
CommandLine flags: -XX:InitialHeapSize=2147483648 -XX:MaxHeapSize=2147483648 -XX:MaxNewSize=1610612736 -XX:NewSize=1610612736 -XX:+PrintGC -XX:+PrintGCDetails -XX:+PrintGCTimeStamps -XX:+UseCompressedClassPointers -XX:+UseCompressedOops -XX:+UseParallelGC 
0.292: [GC (Allocation Failure) [PSYoungGen: 1179648K->3998K(1376256K)] 1179648K->4006K(1900544K), 0.0085528 secs] [Times: user=0.08 sys=0.05, real=0.01 secs] 
0.311: [GC (Allocation Failure) [PSYoungGen: 1183646K->2192K(1376256K)] 1183654K->2208K(1900544K), 0.0117307 secs] [Times: user=0.31 sys=0.04, real=0.02 secs] 
1.266: [GC (Allocation Failure) [PSYoungGen: 1181840K->9996K(1376256K)] 1181856K->10020K(1900544K), 0.0155065 secs] [Times: user=0.23 sys=0.04, real=0.01 secs] 
13.915: [GC (System.gc()) [PSYoungGen: 361724K->83815K(1376256K)] 361748K->83855K(1900544K), 0.0703695 secs] [Times: user=0.84 sys=1.39, real=0.07 secs] 
13.986: [Full GC (System.gc()) [PSYoungGen: 83815K->0K(1376256K)] [ParOldGen: 40K->82346K(524288K)] 83855K->82346K(1900544K), [Metaspace: 16714K->16714K(1064960K)], 0.3104437 secs] [Times: user=5.43 sys=0.07, real=0.31 secs] 
100.863: [GC (System.gc()) [PSYoungGen: 346000K->8234K(1376256K)] 428346K->90660K(1900544K), 0.0143745 secs] [Times: user=0.20 sys=0.00, real=0.02 secs] 
100.878: [Full GC (System.gc()) [PSYoungGen: 8234K->0K(1376256K)] [ParOldGen: 82426K->88874K(524288K)] 90660K->88874K(1900544K), [Metaspace: 20170K->20170K(1067008K)], 0.6119768 secs] [Times: user=20.20 sys=0.06, real=0.61 secs] 
213.497: [GC (Allocation Failure) [PSYoungGen: 1179648K->6211K(1376256K)] 1268522K->95093K(1900544K), 0.0115771 secs] [Times: user=0.27 sys=0.00, real=0.01 secs] 
232.897: [GC (Allocation Failure) [PSYoungGen: 1185859K->8776K(1376256K)] 1274741K->97667K(1900544K), 0.0084471 secs] [Times: user=0.18 sys=0.00, real=0.00 secs] 
243.717: [GC (Allocation Failure) [PSYoungGen: 1188424K->9352K(1515520K)] 1277315K->98251K(2039808K), 0.0124959 secs] [Times: user=0.19 sys=0.14, real=0.02 secs] 
253.234: [GC (Allocation Failure) [PSYoungGen: 1463944K->9384K(1511936K)] 1552843K->98291K(2036224K), 0.0096083 secs] [Times: user=0.16 sys=0.03, real=0.01 secs] 
262.328: [GC (Allocation Failure) [PSYoungGen: 1463976K->7864K(1521152K)] 1552883K->98836K(2045440K), 0.0094122 secs] [Times: user=0.20 sys=0.02, real=0.01 secs] 
271.460: [GC (Allocation Failure) [PSYoungGen: 1474744K->7112K(1518592K)] 1565716K->98921K(2042880K), 0.0089963 secs] [Times: user=0.20 sys=0.04, real=0.01 secs] 
280.406: [GC (Allocation Failure) [PSYoungGen: 1473992K->8168K(1525760K)] 1565801K->100249K(2050048K), 0.0106691 secs] [Times: user=0.15 sys=0.05, real=0.01 secs] 
289.469: [GC (Allocation Failure) [PSYoungGen: 1484264K->6344K(1523200K)] 1576345K->99105K(2047488K), 0.0288062 secs] [Times: user=0.32 sys=0.01, real=0.03 secs] 
318.420: [GC (Allocation Failure) [PSYoungGen: 1482440K->6420K(1529856K)] 1575201K->99897K(2054144K), 0.1135933 secs] [Times: user=0.50 sys=0.01, real=0.11 secs] 
332.650: [GC (System.gc()) [PSYoungGen: 497283K->5268K(1527808K)] 590759K->99521K(2052096K), 0.0530970 secs] [Times: user=0.26 sys=0.01, real=0.06 secs] 
332.703: [Full GC (System.gc()) [PSYoungGen: 5268K->0K(1527808K)] [ParOldGen: 94252K->89708K(524288K)] 99521K->89708K(2052096K), [Metaspace: 20794K->20794K(1069056K)], 1.3000372 secs] [Times: user=12.98 sys=0.11, real=1.30 secs] 
353.452: [GC (Allocation Failure) [PSYoungGen: 1484800K->9817K(1534464K)] 1574508K->99533K(2058752K), 0.0086852 secs] [Times: user=0.09 sys=0.03, real=0.01 secs] 
362.770: [GC (Allocation Failure) [PSYoungGen: 1503321K->7240K(1531904K)] 1593037K->100011K(2056192K), 0.0104311 secs] [Times: user=0.16 sys=0.06, real=0.01 secs] 
371.934: [GC (Allocation Failure) [PSYoungGen: 1500744K->7528K(1538560K)] 1593515K->101035K(2062848K), 0.0079827 secs] [Times: user=0.10 sys=0.01, real=0.01 secs] 
382.835: [GC (Allocation Failure) [PSYoungGen: 1509736K->6664K(1536512K)] 1603243K->100787K(2060800K), 0.0238134 secs] [Times: user=0.10 sys=0.01, real=0.02 secs] 
416.982: [GC (Allocation Failure) [PSYoungGen: 1508872K->5716K(1541632K)] 1602995K->100555K(2065920K), 0.0260974 secs] [Times: user=0.11 sys=0.01, real=0.03 secs] 
438.155: [GC (System.gc()) [PSYoungGen: 600084K->5160K(1540096K)] 694923K->100631K(2064384K), 0.0083292 secs] [Times: user=0.11 sys=0.01, real=0.01 secs] 
438.163: [Full GC (System.gc()) [PSYoungGen: 5160K->0K(1540096K)] [ParOldGen: 95470K->90818K(524288K)] 100631K->90818K(2064384K), [Metaspace: 20917K->20917K(1069056K)], 0.3569668 secs] [Times: user=11.88 sys=0.00, real=0.36 secs] 
459.017: [GC (Allocation Failure) [PSYoungGen: 1508864K->9520K(1544704K)] 1599682K->100338K(2068992K), 0.0108556 secs] [Times: user=0.15 sys=0.13, real=0.01 secs] 
468.651: [GC (Allocation Failure) [PSYoungGen: 1524016K->6895K(1542656K)] 1614834K->100572K(2066944K), 0.0091342 secs] [Times: user=0.15 sys=0.01, real=0.01 secs] 
477.968: [GC (Allocation Failure) [PSYoungGen: 1521391K->6383K(1547264K)] 1615068K->100882K(2071552K), 0.0089600 secs] [Times: user=0.15 sys=0.01, real=0.01 secs] 
487.602: [GC (Allocation Failure) [PSYoungGen: 1527023K->6462K(1546240K)] 1621522K->101625K(2070528K), 0.0311014 secs] [Times: user=0.30 sys=0.00, real=0.03 secs] 
500.457: [GC (Allocation Failure) [PSYoungGen: 1527102K->6383K(1549824K)] 1622265K->102241K(2074112K), 0.0599035 secs] [Times: user=0.34 sys=0.00, real=0.06 secs] 
527.706: [GC (Allocation Failure) [PSYoungGen: 1532143K->7838K(1548800K)] 1628001K->104392K(2073088K), 0.0453754 secs] [Times: user=0.16 sys=0.01, real=0.04 secs] 
543.043: [GC (Allocation Failure) [PSYoungGen: 1533598K->10256K(1551872K)] 1630152K->107648K(2076160K), 0.0642379 secs] [Times: user=0.37 sys=0.01, real=0.07 secs] 
568.596: [GC (Allocation Failure) [PSYoungGen: 1540624K->11775K(1551360K)] 1638016K->109895K(2075648K), 0.1045267 secs] [Times: user=0.68 sys=0.01, real=0.11 secs] 
592.115: [GC (Allocation Failure) [PSYoungGen: 1542143K->10783K(1552384K)] 1640263K->109519K(2076672K), 0.0546754 secs] [Times: user=0.48 sys=0.01, real=0.05 secs] 
630.463: [GC (Allocation Failure) [PSYoungGen: 1542175K->12063K(1551872K)] 1640911K->111407K(2076160K), 0.1092355 secs] [Times: user=0.67 sys=0.01, real=0.11 secs] 
666.270: [GC (System.gc()) [PSYoungGen: 1128845K->9104K(1553408K)] 1228190K->109711K(2077696K), 0.0337646 secs] [Times: user=0.06 sys=0.00, real=0.04 secs] 
666.304: [Full GC (System.gc()) [PSYoungGen: 9104K->0K(1553408K)] [ParOldGen: 100607K->97864K(524288K)] 109711K->97864K(2077696K), [Metaspace: 20967K->20967K(1069056K)], 1.0369371 secs] [Times: user=12.06 sys=0.16, real=1.03 secs] 
687.985: [GC (Allocation Failure) [PSYoungGen: 1532928K->13024K(1552384K)] 1630792K->110889K(2076672K), 0.0115446 secs] [Times: user=0.23 sys=0.00, real=0.02 secs] 
697.602: [GC (Allocation Failure) [PSYoungGen: 1545952K->10272K(1553920K)] 1643817K->111197K(2078208K), 0.0101474 secs] [Times: user=0.11 sys=0.00, real=0.01 secs] 
706.972: [GC (Allocation Failure) [PSYoungGen: 1544224K->10704K(1552896K)] 1645149K->112532K(2077184K), 0.0097858 secs] [Times: user=0.20 sys=0.01, real=0.01 secs] 
717.348: [GC (Allocation Failure) [PSYoungGen: 1544656K->11152K(1554432K)] 1646484K->113644K(2078720K), 0.0201655 secs] [Times: user=0.19 sys=0.01, real=0.02 secs] 
746.701: [GC (System.gc()) [PSYoungGen: 1049867K->8944K(1554432K)] 1152359K->112180K(2078720K), 0.0143441 secs] [Times: user=0.10 sys=0.00, real=0.02 secs] 
746.716: [Full GC (System.gc()) [PSYoungGen: 8944K->0K(1554432K)] [ParOldGen: 103235K->93982K(524288K)] 112180K->93982K(2078720K), [Metaspace: 20978K->20978K(1069056K)], 0.6523225 secs] [Times: user=6.18 sys=0.10, real=0.65 secs] 
753.924: [GC (System.gc()) [PSYoungGen: 2665K->259K(1553408K)] 96648K->94242K(2077696K), 0.0084869 secs] [Times: user=0.08 sys=0.01, real=0.01 secs] 
753.933: [Full GC (System.gc()) [PSYoungGen: 259K->0K(1553408K)] [ParOldGen: 93982K->91526K(524288K)] 94242K->91526K(2077696K), [Metaspace: 20982K->20982K(1069056K)], 0.2469035 secs] [Times: user=7.88 sys=0.00, real=0.25 secs] 
773.207: [GC (Allocation Failure) [PSYoungGen: 1536000K->12018K(1554432K)] 1627526K->103544K(2078720K), 0.0059629 secs] [Times: user=0.09 sys=0.00, real=0.01 secs] 
786.309: [GC (Allocation Failure) [PSYoungGen: 1548018K->9649K(1554944K)] 1639544K->104122K(2079232K), 0.0058127 secs] [Times: user=0.10 sys=0.00, real=0.01 secs] 
799.411: [GC (Allocation Failure) [PSYoungGen: 1546161K->9537K(1554432K)] 1640634K->104258K(2078720K), 0.0082930 secs] [Times: user=0.08 sys=0.01, real=0.01 secs] 
812.613: [GC (Allocation Failure) [PSYoungGen: 1546049K->9665K(1556480K)] 1640770K->104538K(2080768K), 0.0064780 secs] [Times: user=0.08 sys=0.00, real=0.01 secs] 
825.803: [GC (Allocation Failure) [PSYoungGen: 1548737K->9665K(1555456K)] 1643610K->104690K(2079744K), 0.0069227 secs] [Times: user=0.10 sys=0.00, real=0.01 secs] 
838.997: [GC (Allocation Failure) [PSYoungGen: 1548737K->9697K(1557504K)] 1643762K->104802K(2081792K), 0.0042865 secs] [Times: user=0.05 sys=0.00, real=0.01 secs] 
852.177: [GC (Allocation Failure) [PSYoungGen: 1551329K->9697K(1556992K)] 1646434K->104962K(2081280K), 0.0056060 secs] [Times: user=0.09 sys=0.00, real=0.01 secs] 
865.398: [GC (Allocation Failure) [PSYoungGen: 1551329K->9697K(1558528K)] 1646594K->105122K(2082816K), 0.0042059 secs] [Times: user=0.04 sys=0.02, real=0.00 secs] 
878.615: [GC (Allocation Failure) [PSYoungGen: 1553377K->9569K(1558016K)] 1648802K->105250K(2082304K), 0.0059825 secs] [Times: user=0.08 sys=0.00, real=0.00 secs] 
891.838: [GC (Allocation Failure) [PSYoungGen: 1553249K->9665K(1559040K)] 1648930K->105490K(2083328K), 0.0046941 secs] [Times: user=0.05 sys=0.00, real=0.00 secs] 
905.040: [GC (Allocation Failure) [PSYoungGen: 1554369K->9697K(1558528K)] 1650194K->105642K(2082816K), 0.0057476 secs] [Times: user=0.09 sys=0.00, real=0.00 secs] 
918.267: [GC (Allocation Failure) [PSYoungGen: 1554401K->9762K(1559552K)] 1650346K->105762K(2083840K), 0.0049390 secs] [Times: user=0.07 sys=0.00, real=0.01 secs] 
931.508: [GC (Allocation Failure) [PSYoungGen: 1556002K->9697K(1559552K)] 1652002K->105738K(2083840K), 0.0052061 secs] [Times: user=0.04 sys=0.00, real=0.01 secs] 
1037.383: [GC (Allocation Failure) [PSYoungGen: 1555937K->9648K(1560064K)] 1651978K->105793K(2084352K), 0.0120953 secs] [Times: user=0.24 sys=0.01, real=0.01 secs] 
1116.783: [GC (Allocation Failure) [PSYoungGen: 1556912K->7471K(1560064K)] 1653057K->106041K(2084352K), 0.0132844 secs] [Times: user=0.30 sys=0.00, real=0.01 secs] 
1165.740: [GC (Allocation Failure) [PSYoungGen: 1554735K->7567K(1560064K)] 1653305K->106425K(2084352K), 0.0133997 secs] [Times: user=0.30 sys=0.01, real=0.01 secs] 
1206.747: [GC (Allocation Failure) [PSYoungGen: 1554831K->7535K(1560064K)] 1653689K->106601K(2084352K), 0.0111681 secs] [Times: user=0.25 sys=0.00, real=0.01 secs] 
1239.483: [GC (Allocation Failure) [PSYoungGen: 1554799K->7329K(1560064K)] 1653865K->106889K(2084352K), 0.0135673 secs] [Times: user=0.31 sys=0.00, real=0.01 secs] 
1271.157: [GC (Allocation Failure) [PSYoungGen: 1554593K->7631K(1560064K)] 1654153K->107295K(2084352K), 0.0112472 secs] [Times: user=0.26 sys=0.00, real=0.01 secs] 
1297.458: [GC (Allocation Failure) [PSYoungGen: 1554895K->5985K(1559552K)] 1654559K->106039K(2083840K), 0.0124796 secs] [Times: user=0.14 sys=0.00, real=0.02 secs] 
1323.621: [GC (Allocation Failure) [PSYoungGen: 1553249K->7393K(1560064K)] 1653303K->107567K(2084352K), 0.0107407 secs] [Times: user=0.25 sys=0.01, real=0.01 secs] 
1346.815: [GC (Allocation Failure) [PSYoungGen: 1554657K->7631K(1560576K)] 1654831K->107934K(2084864K), 0.0094669 secs] [Times: user=0.16 sys=0.01, real=0.01 secs] 
1368.674: [GC (Allocation Failure) [PSYoungGen: 1555919K->7329K(1560576K)] 1656222K->108262K(2084864K), 0.0104229 secs] [Times: user=0.24 sys=0.00, real=0.01 secs] 
1390.615: [GC (Allocation Failure) [PSYoungGen: 1555617K->7361K(1561088K)] 1656550K->108454K(2085376K), 0.0104296 secs] [Times: user=0.20 sys=0.00, real=0.01 secs] 
1410.207: [GC (Allocation Failure) [PSYoungGen: 1556673K->7695K(1561088K)] 1657766K->108948K(2085376K), 0.0100053 secs] [Times: user=0.21 sys=0.00, real=0.01 secs] 
1429.080: [GC (Allocation Failure) [PSYoungGen: 1557007K->7329K(1561600K)] 1658260K->109148K(2085888K), 0.0088856 secs] [Times: user=0.18 sys=0.00, real=0.01 secs] 
1447.939: [GC (Allocation Failure) [PSYoungGen: 1557665K->7361K(1561600K)] 1659484K->109372K(2085888K), 0.0077240 secs] [Times: user=0.20 sys=0.00, real=0.01 secs] 
1466.138: [GC (Allocation Failure) [PSYoungGen: 1557697K->7599K(1562112K)] 1659708K->109715K(2086400K), 0.0083314 secs] [Times: user=0.22 sys=0.01, real=0.01 secs] 
1482.654: [GC (Allocation Failure) [PSYoungGen: 1558447K->6977K(1561600K)] 1660563K->109747K(2085888K), 0.0093317 secs] [Times: user=0.18 sys=0.00, real=0.01 secs] 
1499.150: [GC (Allocation Failure) [PSYoungGen: 1557800K->7297K(1562112K)] 1660570K->110139K(2086400K), 0.0096028 secs] [Times: user=0.21 sys=0.00, real=0.01 secs] 
1515.626: [GC (Allocation Failure) [PSYoungGen: 1558657K->7329K(1562112K)] 1661499K->110259K(2086400K), 0.0113518 secs] [Times: user=0.28 sys=0.00, real=0.01 secs] 
1531.616: [GC (Allocation Failure) [PSYoungGen: 1558689K->7952K(1562624K)] 1661619K->110929K(2086912K), 0.0108016 secs] [Times: user=0.22 sys=0.00, real=0.01 secs] 
1546.303: [GC (Allocation Failure) [PSYoungGen: 1560336K->7393K(1562624K)] 1663313K->111041K(2086912K), 0.0088606 secs] [Times: user=0.14 sys=0.00, real=0.01 secs] 
1561.145: [GC (Allocation Failure) [PSYoungGen: 1559777K->6881K(1563136K)] 1663425K->110641K(2087424K), 0.0095144 secs] [Times: user=0.14 sys=0.00, real=0.01 secs] 
1575.811: [GC (Allocation Failure) [PSYoungGen: 1559777K->7265K(1562624K)] 1663537K->111161K(2086912K), 0.0083935 secs] [Times: user=0.17 sys=0.00, real=0.00 secs] 
1590.515: [GC (Allocation Failure) [PSYoungGen: 1560161K->7457K(1563136K)] 1664057K->111385K(2087424K), 0.0073664 secs] [Times: user=0.07 sys=0.00, real=0.00 secs] 
1603.914: [GC (Allocation Failure) [PSYoungGen: 1560865K->7855K(1563136K)] 1664793K->111872K(2087424K), 0.0100064 secs] [Times: user=0.20 sys=0.00, real=0.01 secs] 
1617.189: [GC (Allocation Failure) [PSYoungGen: 1561263K->7297K(1563648K)] 1665280K->112080K(2087936K), 0.0089607 secs] [Times: user=0.22 sys=0.00, real=0.01 secs] 
1630.447: [GC (Allocation Failure) [PSYoungGen: 1561217K->7329K(1563136K)] 1666000K->112152K(2087424K), 0.0077826 secs] [Times: user=0.19 sys=0.00, real=0.01 secs] 
1643.729: [GC (Allocation Failure) [PSYoungGen: 1561249K->7233K(1563648K)] 1666072K->112088K(2087936K), 0.0066134 secs] [Times: user=0.04 sys=0.01, real=0.01 secs] 
1656.968: [GC (Allocation Failure) [PSYoungGen: 1561665K->7567K(1563648K)] 1666520K->112447K(2087936K), 0.0072832 secs] [Times: user=0.13 sys=0.01, real=0.01 secs] 
1669.060: [GC (Allocation Failure) [PSYoungGen: 1561999K->7297K(1563648K)] 1666879K->113047K(2087936K), 0.0096077 secs] [Times: user=0.23 sys=0.00, real=0.01 secs] 
1681.136: [GC (Allocation Failure) [PSYoungGen: 1561729K->6945K(1563648K)] 1667479K->112775K(2087936K), 0.0095499 secs] [Times: user=0.15 sys=0.00, real=0.01 secs] 
1693.215: [GC (Allocation Failure) [PSYoungGen: 1561377K->7265K(1564160K)] 1667207K->113311K(2088448K), 0.0099726 secs] [Times: user=0.22 sys=0.00, real=0.01 secs] 
1705.268: [GC (Allocation Failure) [PSYoungGen: 1562209K->7329K(1563648K)] 1668255K->113559K(2087936K), 0.0079301 secs] [Times: user=0.17 sys=0.00, real=0.01 secs] 
1717.426: [GC (Allocation Failure) [PSYoungGen: 1562273K->7393K(1564160K)] 1668503K->113751K(2088448K), 0.0110034 secs] [Times: user=0.23 sys=0.01, real=0.01 secs] 
1728.838: [GC (Allocation Failure) [PSYoungGen: 1562849K->7951K(1564160K)] 1669207K->114429K(2088448K), 0.0082594 secs] [Times: user=0.17 sys=0.00, real=0.01 secs] 
1739.906: [GC (Allocation Failure) [PSYoungGen: 1563407K->7233K(1564160K)] 1669885K->114629K(2088448K), 0.0084391 secs] [Times: user=0.16 sys=0.00, real=0.00 secs] 
1751.032: [GC (Allocation Failure) [PSYoungGen: 1562689K->7297K(1564160K)] 1670085K->114829K(2088448K), 0.0076724 secs] [Times: user=0.17 sys=0.00, real=0.01 secs] 
1762.107: [GC (Allocation Failure) [PSYoungGen: 1562753K->7265K(1564160K)] 1670285K->114837K(2088448K), 0.0097590 secs] [Times: user=0.24 sys=0.00, real=0.01 secs] 
1773.159: [GC (Allocation Failure) [PSYoungGen: 1562721K->7329K(1564160K)] 1670293K->115093K(2088448K), 0.0073442 secs] [Times: user=0.17 sys=0.00, real=0.01 secs] 
1784.327: [GC (Allocation Failure) [PSYoungGen: 1562785K->7201K(1564672K)] 1670549K->115125K(2088960K), 0.0073359 secs] [Times: user=0.18 sys=0.00, real=0.01 secs] 
1794.608: [GC (Allocation Failure) [PSYoungGen: 1563169K->7887K(1564160K)] 1671093K->115876K(2088448K), 0.0081183 secs] [Times: user=0.21 sys=0.00, real=0.01 secs] 
1804.954: [GC (Allocation Failure) [PSYoungGen: 1563855K->7297K(1564160K)] 1671844K->116188K(2088448K), 0.0102213 secs] [Times: user=0.20 sys=0.01, real=0.01 secs] 
1815.292: [GC (Allocation Failure) [PSYoungGen: 1562753K->7233K(1564160K)] 1671644K->116300K(2088448K), 0.0094714 secs] [Times: user=0.17 sys=0.00, real=0.01 secs] 
1825.535: [GC (Allocation Failure) [PSYoungGen: 1562689K->7297K(1564672K)] 1671756K->116508K(2088960K), 0.0085867 secs] [Times: user=0.21 sys=0.00, real=0.01 secs] 
1835.827: [GC (Allocation Failure) [PSYoungGen: 1563777K->7361K(1564672K)] 1672988K->116732K(2088960K), 0.0094637 secs] [Times: user=0.23 sys=0.00, real=0.01 secs] 
1846.087: [GC (Allocation Failure) [PSYoungGen: 1563841K->7361K(1564672K)] 1673212K->116836K(2088960K), 0.0058941 secs] [Times: user=0.07 sys=0.01, real=0.01 secs] 
1856.187: [GC (Allocation Failure) [PSYoungGen: 1563841K->8144K(1564672K)] 1673316K->117722K(2088960K), 0.0110670 secs] [Times: user=0.26 sys=0.01, real=0.01 secs] 
1866.266: [GC (Allocation Failure) [PSYoungGen: 1564624K->7265K(1564672K)] 1674202K->117890K(2088960K), 0.0097022 secs] [Times: user=0.19 sys=0.01, real=0.01 secs] 
1876.338: [GC (Allocation Failure) [PSYoungGen: 1563744K->7233K(1564672K)] 1674370K->118018K(2088960K), 0.0098981 secs] [Times: user=0.21 sys=0.01, real=0.01 secs] 
1886.394: [GC (Allocation Failure) [PSYoungGen: 1563713K->7329K(1564672K)] 1674498K->118178K(2088960K), 0.0094031 secs] [Times: user=0.19 sys=0.00, real=0.01 secs] 
1896.477: [GC (Allocation Failure) [PSYoungGen: 1563809K->7265K(1564672K)] 1674658K->118266K(2088960K), 0.0077382 secs] [Times: user=0.19 sys=0.01, real=0.01 secs] 
1906.582: [GC (Allocation Failure) [PSYoungGen: 1563740K->7514K(1564672K)] 1674741K->118611K(2088960K), 0.0076299 secs] [Times: user=0.15 sys=0.00, real=0.00 secs] 
1916.624: [GC (Allocation Failure) [PSYoungGen: 1563994K->7823K(1564672K)] 1675091K->118945K(2088960K), 0.0081018 secs] [Times: user=0.08 sys=0.00, real=0.00 secs] 
1926.624: [GC (Allocation Failure) [PSYoungGen: 1564303K->7169K(1564672K)] 1675425K->119217K(2088960K), 0.0090465 secs] [Times: user=0.15 sys=0.00, real=0.01 secs] 
1936.665: [GC (Allocation Failure) [PSYoungGen: 1563649K->7233K(1564672K)] 1675697K->119329K(2088960K), 0.0104575 secs] [Times: user=0.22 sys=0.00, real=0.01 secs] 
1946.648: [GC (Allocation Failure) [PSYoungGen: 1563713K->7329K(1564672K)] 1675809K->119545K(2088960K), 0.0072337 secs] [Times: user=0.16 sys=0.00, real=0.00 secs] 
1956.659: [GC (Allocation Failure) [PSYoungGen: 1563809K->7265K(1564672K)] 1676025K->119633K(2088960K), 0.0076395 secs] [Times: user=0.19 sys=0.00, real=0.01 secs] 
1966.618: [GC (Allocation Failure) [PSYoungGen: 1563745K->7361K(1564672K)] 1676113K->119841K(2088960K), 0.0079688 secs] [Times: user=0.20 sys=0.00, real=0.01 secs] 
1976.739: [GC (Allocation Failure) [PSYoungGen: 1563841K->7393K(1564672K)] 1676321K->119905K(2088960K), 0.0055515 secs] [Times: user=0.05 sys=0.00, real=0.01 secs] 
1986.736: [GC (Allocation Failure) [PSYoungGen: 1563873K->7919K(1564672K)] 1676385K->120544K(2088960K), 0.0088136 secs] [Times: user=0.21 sys=0.00, real=0.01 secs] 
1996.826: [GC (Allocation Failure) [PSYoungGen: 1564399K->7233K(1564672K)] 1677024K->120784K(2088960K), 0.0102027 secs] [Times: user=0.24 sys=0.00, real=0.01 secs] 
2006.880: [GC (Allocation Failure) [PSYoungGen: 1563713K->7393K(1564672K)] 1677264K->120992K(2088960K), 0.0077504 secs] [Times: user=0.19 sys=0.00, real=0.01 secs] 
2016.946: [GC (Allocation Failure) [PSYoungGen: 1563873K->7265K(1564672K)] 1677472K->120976K(2088960K), 0.0101917 secs] [Times: user=0.21 sys=0.00, real=0.01 secs] 
2026.967: [GC (Allocation Failure) [PSYoungGen: 1563745K->7297K(1564672K)] 1677456K->121120K(2088960K), 0.0068244 secs] [Times: user=0.16 sys=0.00, real=0.01 secs] 
2037.047: [GC (Allocation Failure) [PSYoungGen: 1563777K->7329K(1564672K)] 1677600K->121232K(2088960K), 0.0081639 secs] [Times: user=0.20 sys=0.00, real=0.01 secs] 
2047.127: [GC (Allocation Failure) [PSYoungGen: 1563809K->7329K(1564672K)] 1677712K->121376K(2088960K), 0.0075658 secs] [Times: user=0.18 sys=0.00, real=0.01 secs] 
2057.169: [GC (Allocation Failure) [PSYoungGen: 1563809K->8047K(1564672K)] 1677856K->122134K(2088960K), 0.0062605 secs] [Times: user=0.07 sys=0.01, real=0.01 secs] 
2067.208: [GC (Allocation Failure) [PSYoungGen: 1564527K->7265K(1564672K)] 1678614K->122398K(2088960K), 0.0081963 secs] [Times: user=0.17 sys=0.04, real=0.01 secs] 
2077.199: [GC (Allocation Failure) [PSYoungGen: 1563745K->7329K(1564672K)] 1678878K->122510K(2088960K), 0.0096177 secs] [Times: user=0.22 sys=0.00, real=0.01 secs] 
2087.217: [GC (Allocation Failure) [PSYoungGen: 1563809K->7329K(1564672K)] 1678990K->122526K(2088960K), 0.0079110 secs] [Times: user=0.18 sys=0.00, real=0.01 secs] 
2097.177: [GC (Allocation Failure) [PSYoungGen: 1563809K->7265K(1564672K)] 1679006K->122630K(2088960K), 0.0078231 secs] [Times: user=0.18 sys=0.01, real=0.01 secs] 
2107.233: [GC (Allocation Failure) [PSYoungGen: 1563745K->7329K(1564672K)] 1679110K->122790K(2088960K), 0.0096117 secs] [Times: user=0.17 sys=0.01, real=0.01 secs] 
2117.238: [GC (Allocation Failure) [PSYoungGen: 1563809K->7329K(1564672K)] 1679270K->122926K(2088960K), 0.0080623 secs] [Times: user=0.19 sys=0.00, real=0.01 secs] 
2127.241: [GC (Allocation Failure) [PSYoungGen: 1563809K->7887K(1564672K)] 1679406K->123581K(2088960K), 0.0099862 secs] [Times: user=0.23 sys=0.00, real=0.01 secs] 
2137.262: [GC (Allocation Failure) [PSYoungGen: 1564367K->7329K(1564672K)] 1680061K->123997K(2088960K), 0.0080190 secs] [Times: user=0.15 sys=0.00, real=0.01 secs] 
2147.266: [GC (Allocation Failure) [PSYoungGen: 1563809K->7265K(1564672K)] 1680477K->124197K(2088960K), 0.0093628 secs] [Times: user=0.18 sys=0.01, real=0.01 secs] 
2157.247: [GC (Allocation Failure) [PSYoungGen: 1563745K->7329K(1564672K)] 1680677K->124341K(2088960K), 0.0104636 secs] [Times: user=0.22 sys=0.00, real=0.01 secs] 
2167.350: [GC (Allocation Failure) [PSYoungGen: 1563809K->7105K(1564672K)] 1680821K->124173K(2088960K), 0.0078861 secs] [Times: user=0.18 sys=0.00, real=0.01 secs] 
2177.352: [GC (Allocation Failure) [PSYoungGen: 1563585K->7265K(1564672K)] 1680653K->124533K(2088960K), 0.0096891 secs] [Times: user=0.21 sys=0.01, real=0.01 secs] 
2187.313: [GC (Allocation Failure) [PSYoungGen: 1563745K->7393K(1564672K)] 1681013K->124709K(2088960K), 0.0085703 secs] [Times: user=0.22 sys=0.00, real=0.01 secs] 
2197.274: [GC (Allocation Failure) [PSYoungGen: 1563873K->8015K(1564672K)] 1681189K->125467K(2088960K), 0.0101358 secs] [Times: user=0.23 sys=0.00, real=0.02 secs] 
2207.254: [GC (Allocation Failure) [PSYoungGen: 1564495K->7265K(1564672K)] 1681947K->125731K(2088960K), 0.0094203 secs] [Times: user=0.20 sys=0.00, real=0.01 secs] 
2217.231: [GC (Allocation Failure) [PSYoungGen: 1563745K->7393K(1564672K)] 1682211K->126003K(2088960K), 0.0080877 secs] [Times: user=0.19 sys=0.00, real=0.01 secs] 
2227.217: [GC (Allocation Failure) [PSYoungGen: 1563873K->7265K(1564672K)] 1682483K->126027K(2088960K), 0.0109108 secs] [Times: user=0.21 sys=0.01, real=0.01 secs] 
2237.272: [GC (Allocation Failure) [PSYoungGen: 1563718K->7265K(1564672K)] 1682480K->126155K(2088960K), 0.0067215 secs] [Times: user=0.12 sys=0.00, real=0.00 secs] 
2247.270: [GC (Allocation Failure) [PSYoungGen: 1563745K->7329K(1564672K)] 1682635K->126403K(2088960K), 0.0094342 secs] [Times: user=0.21 sys=0.00, real=0.01 secs] 
2257.301: [GC (Allocation Failure) [PSYoungGen: 1563809K->7329K(1564672K)] 1682883K->126419K(2088960K), 0.0070145 secs] [Times: user=0.11 sys=0.01, real=0.01 secs] 
2267.264: [GC (Allocation Failure) [PSYoungGen: 1563809K->7855K(1564672K)] 1682899K->127162K(2088960K), 0.0106323 secs] [Times: user=0.22 sys=0.00, real=0.01 secs] 
2277.226: [GC (Allocation Failure) [PSYoungGen: 1564335K->7297K(1564672K)] 1683642K->127530K(2088960K), 0.0104837 secs] [Times: user=0.22 sys=0.00, real=0.02 secs] 
2287.148: [GC (Allocation Failure) [PSYoungGen: 1563777K->7233K(1564672K)] 1684010K->127538K(2088960K), 0.0070829 secs] [Times: user=0.14 sys=0.00, real=0.01 secs] 
2297.098: [GC (Allocation Failure) [PSYoungGen: 1563713K->7329K(1564672K)] 1684018K->127730K(2088960K), 0.0078055 secs] [Times: user=0.18 sys=0.00, real=0.01 secs] 
2307.071: [GC (Allocation Failure) [PSYoungGen: 1563809K->7329K(1564672K)] 1684210K->127810K(2088960K), 0.0089890 secs] [Times: user=0.22 sys=0.00, real=0.01 secs] 
2317.031: [GC (Allocation Failure) [PSYoungGen: 1563809K->7265K(1564672K)] 1684290K->127986K(2088960K), 0.0096616 secs] [Times: user=0.24 sys=0.00, real=0.01 secs] 
2326.958: [GC (Allocation Failure) [PSYoungGen: 1563745K->7983K(1564672K)] 1684466K->128737K(2088960K), 0.0078280 secs] [Times: user=0.16 sys=0.01, real=0.01 secs] 
2336.944: [GC (Allocation Failure) [PSYoungGen: 1564463K->7329K(1564672K)] 1685217K->129001K(2088960K), 0.0090059 secs] [Times: user=0.21 sys=0.01, real=0.01 secs] 
2346.902: [GC (Allocation Failure) [PSYoungGen: 1563809K->7265K(1564672K)] 1685481K->129089K(2088960K), 0.0109410 secs] [Times: user=0.24 sys=0.00, real=0.01 secs] 
2356.842: [GC (Allocation Failure) [PSYoungGen: 1563745K->7329K(1564672K)] 1685569K->129217K(2088960K), 0.0086822 secs] [Times: user=0.19 sys=0.00, real=0.01 secs] 
2366.787: [GC (Allocation Failure) [PSYoungGen: 1563809K->7201K(1564672K)] 1685697K->129105K(2088960K), 0.0086944 secs] [Times: user=0.18 sys=0.00, real=0.01 secs] 
2376.802: [GC (Allocation Failure) [PSYoungGen: 1563681K->7233K(1564672K)] 1685585K->129329K(2088960K), 0.0094595 secs] [Times: user=0.21 sys=0.00, real=0.01 secs] 
2386.717: [GC (Allocation Failure) [PSYoungGen: 1563713K->7457K(1564672K)] 1685809K->129649K(2088960K), 0.0073378 secs] [Times: user=0.19 sys=0.00, real=0.01 secs] 
2396.717: [GC (Allocation Failure) [PSYoungGen: 1563937K->7233K(1564672K)] 1686129K->129641K(2088960K), 0.0076596 secs] [Times: user=0.17 sys=0.01, real=0.00 secs] 
2406.696: [GC (Allocation Failure) [PSYoungGen: 1563713K->7393K(1564672K)] 1686121K->129905K(2088960K), 0.0085818 secs] [Times: user=0.20 sys=0.00, real=0.01 secs] 
2416.618: [GC (Allocation Failure) [PSYoungGen: 1563873K->7919K(1564672K)] 1686385K->130519K(2088960K), 0.0073042 secs] [Times: user=0.13 sys=0.00, real=0.01 secs] 
2426.564: [GC (Allocation Failure) [PSYoungGen: 1564399K->7265K(1564672K)] 1686999K->130823K(2088960K), 0.0106757 secs] [Times: user=0.22 sys=0.02, real=0.01 secs] 
2436.540: [GC (Allocation Failure) [PSYoungGen: 1563745K->7329K(1564672K)] 1687303K->130983K(2088960K), 0.0098290 secs] [Times: user=0.19 sys=0.00, real=0.01 secs] 
2446.507: [GC (Allocation Failure) [PSYoungGen: 1563809K->7297K(1564672K)] 1687463K->131079K(2088960K), 0.0097552 secs] [Times: user=0.17 sys=0.01, real=0.01 secs] 
2456.546: [GC (Allocation Failure) [PSYoungGen: 1563777K->7233K(1564672K)] 1687559K->131151K(2088960K), 0.0094081 secs] [Times: user=0.21 sys=0.00, real=0.01 secs] 
2466.527: [GC (Allocation Failure) [PSYoungGen: 1563713K->7393K(1564672K)] 1687631K->131327K(2088960K), 0.0100584 secs] [Times: user=0.21 sys=0.01, real=0.01 secs] 
2476.442: [GC (Allocation Failure) [PSYoungGen: 1563873K->8015K(1564672K)] 1687807K->132166K(2088960K), 0.0091924 secs] [Times: user=0.21 sys=0.00, real=0.01 secs] 
2486.445: [GC (Allocation Failure) [PSYoungGen: 1564495K->7297K(1564672K)] 1688646K->132590K(2088960K), 0.0120831 secs] [Times: user=0.23 sys=0.05, real=0.01 secs] 
2496.360: [GC (Allocation Failure) [PSYoungGen: 1563777K->7329K(1564672K)] 1689070K->132766K(2088960K), 0.0092976 secs] [Times: user=0.19 sys=0.00, real=0.01 secs] 
2506.281: [GC (Allocation Failure) [PSYoungGen: 1563809K->7265K(1564672K)] 1689246K->132862K(2088960K), 0.0106321 secs] [Times: user=0.23 sys=0.00, real=0.02 secs] 
2516.154: [GC (Allocation Failure) [PSYoungGen: 1563745K->7297K(1564672K)] 1689342K->133038K(2088960K), 0.0098441 secs] [Times: user=0.21 sys=0.00, real=0.01 secs] 
2526.077: [GC (GCLocker Initiated GC) [PSYoungGen: 1563777K->7329K(1564672K)] 1689524K->133132K(2088960K), 0.0100639 secs] [Times: user=0.17 sys=0.00, real=0.01 secs] 
2535.997: [GC (Allocation Failure) [PSYoungGen: 1563809K->7297K(1564672K)] 1689681K->133329K(2088960K), 0.0091719 secs] [Times: user=0.22 sys=0.00, real=0.01 secs] 
2545.913: [GC (Allocation Failure) [PSYoungGen: 1563777K->7137K(1564672K)] 1689809K->133497K(2088960K), 0.0103611 secs] [Times: user=0.19 sys=0.00, real=0.01 secs] 
2555.851: [GC (Allocation Failure) [PSYoungGen: 1563617K->7393K(1564672K)] 1689977K->133785K(2088960K), 0.0080819 secs] [Times: user=0.16 sys=0.00, real=0.01 secs] 
2565.655: [GC (Allocation Failure) [PSYoungGen: 1563873K->7727K(1564672K)] 1690265K->134287K(2088960K), 0.0090221 secs] [Times: user=0.17 sys=0.00, real=0.01 secs] 
2575.600: [GC (Allocation Failure) [PSYoungGen: 1564207K->7233K(1564672K)] 1690767K->134727K(2088960K), 0.0096961 secs] [Times: user=0.17 sys=0.02, real=0.01 secs] 
2585.501: [GC (Allocation Failure) [PSYoungGen: 1563713K->7329K(1564672K)] 1691207K->134887K(2088960K), 0.0087590 secs] [Times: user=0.18 sys=0.00, real=0.01 secs] 
2595.389: [GC (Allocation Failure) [PSYoungGen: 1563809K->7265K(1564672K)] 1691367K->135031K(2088960K), 0.0092780 secs] [Times: user=0.15 sys=0.00, real=0.01 secs] 
2605.302: [GC (Allocation Failure) [PSYoungGen: 1563745K->7265K(1564672K)] 1691511K->135143K(2088960K), 0.0107780 secs] [Times: user=0.21 sys=0.01, real=0.01 secs] 
2615.167: [GC (Allocation Failure) [PSYoungGen: 1563745K->7329K(1564672K)] 1691623K->135295K(2088960K), 0.0078911 secs] [Times: user=0.19 sys=0.01, real=0.01 secs] 
2625.027: [GC (Allocation Failure) [PSYoungGen: 1563809K->7329K(1564672K)] 1691775K->135447K(2088960K), 0.0095688 secs] [Times: user=0.20 sys=0.00, real=0.01 secs] 
2634.930: [GC (Allocation Failure) [PSYoungGen: 1563809K->6849K(1564672K)] 1691927K->135063K(2088960K), 0.0062218 secs] [Times: user=0.05 sys=0.00, real=0.01 secs] 
2644.907: [GC (Allocation Failure) [PSYoungGen: 1563329K->7393K(1564672K)] 1691543K->135719K(2088960K), 0.0105233 secs] [Times: user=0.23 sys=0.00, real=0.01 secs] 
2654.778: [GC (Allocation Failure) [PSYoungGen: 1563834K->7983K(1564672K)] 1692161K->136326K(2088960K), 0.0076977 secs] [Times: user=0.17 sys=0.00, real=0.01 secs] 
2664.646: [GC (Allocation Failure) [PSYoungGen: 1564463K->7233K(1564672K)] 1692806K->136622K(2088960K), 0.0120879 secs] [Times: user=0.22 sys=0.04, real=0.02 secs] 
2674.526: [GC (Allocation Failure) [PSYoungGen: 1563713K->7105K(1564672K)] 1693102K->136502K(2088960K), 0.0103130 secs] [Times: user=0.17 sys=0.00, real=0.01 secs] 
2684.411: [GC (Allocation Failure) [PSYoungGen: 1563585K->7329K(1564672K)] 1692982K->136758K(2088960K), 0.0094286 secs] [Times: user=0.18 sys=0.01, real=0.01 secs] 
2694.323: [GC (Allocation Failure) [PSYoungGen: 1563809K->7265K(1564672K)] 1693238K->136830K(2088960K), 0.0102877 secs] [Times: user=0.19 sys=0.00, real=0.01 secs] 
2704.247: [GC (Allocation Failure) [PSYoungGen: 1563745K->7329K(1564672K)] 1693310K->136918K(2088960K), 0.0079028 secs] [Times: user=0.18 sys=0.00, real=0.01 secs] 
2714.169: [GC (Allocation Failure) [PSYoungGen: 1563809K->7361K(1564672K)] 1693398K->137038K(2088960K), 0.0084383 secs] [Times: user=0.16 sys=0.00, real=0.01 secs] 
2724.029: [GC (Allocation Failure) [PSYoungGen: 1563841K->7919K(1564672K)] 1693518K->137669K(2088960K), 0.0077046 secs] [Times: user=0.18 sys=0.00, real=0.01 secs] 
2733.905: [GC (Allocation Failure) [PSYoungGen: 1564399K->7233K(1564672K)] 1694149K->138013K(2088960K), 0.0090046 secs] [Times: user=0.18 sys=0.00, real=0.01 secs] 
2743.809: [GC (Allocation Failure) [PSYoungGen: 1563713K->7393K(1564672K)] 1694493K->138213K(2088960K), 0.0062593 secs] [Times: user=0.09 sys=0.01, real=0.00 secs] 
2753.661: [GC (Allocation Failure) [PSYoungGen: 1563873K->7297K(1564672K)] 1694693K->138293K(2088960K), 0.0078500 secs] [Times: user=0.17 sys=0.00, real=0.00 secs] 
2763.554: [GC (Allocation Failure) [PSYoungGen: 1563777K->7233K(1564672K)] 1694773K->138373K(2088960K), 0.0080748 secs] [Times: user=0.17 sys=0.01, real=0.01 secs] 
2773.386: [GC (Allocation Failure) [PSYoungGen: 1563713K->7393K(1564672K)] 1694853K->138645K(2088960K), 0.0092650 secs] [Times: user=0.19 sys=0.00, real=0.01 secs] 
2783.166: [GC (Allocation Failure) [PSYoungGen: 1563873K->7951K(1564672K)] 1695125K->139299K(2088960K), 0.0095847 secs] [Times: user=0.20 sys=0.01, real=0.01 secs] 
2793.024: [GC (Allocation Failure) [PSYoungGen: 1564431K->7137K(1564672K)] 1695779K->139331K(2088960K), 0.0111197 secs] [Times: user=0.17 sys=0.00, real=0.01 secs] 
2802.849: [GC (Allocation Failure) [PSYoungGen: 1563617K->7329K(1564672K)] 1695811K->139651K(2088960K), 0.0087742 secs] [Times: user=0.20 sys=0.00, real=0.01 secs] 
2812.630: [GC (Allocation Failure) [PSYoungGen: 1563809K->7265K(1564672K)] 1696131K->139675K(2088960K), 0.0076779 secs] [Times: user=0.16 sys=0.01, real=0.00 secs] 
2822.494: [GC (Allocation Failure) [PSYoungGen: 1563745K->7329K(1564672K)] 1696155K->139787K(2088960K), 0.0099444 secs] [Times: user=0.21 sys=0.00, real=0.01 secs] 
2832.329: [GC (Allocation Failure) [PSYoungGen: 1563809K->7265K(1564672K)] 1696267K->139843K(2088960K), 0.0114124 secs] [Times: user=0.24 sys=0.00, real=0.01 secs] 
2842.132: [GC (Allocation Failure) [PSYoungGen: 1563707K->7425K(1564672K)] 1696286K->140091K(2088960K), 0.0077723 secs] [Times: user=0.18 sys=0.00, real=0.01 secs] 
2851.949: [GC (Allocation Failure) [PSYoungGen: 1563905K->7329K(1564672K)] 1696571K->140139K(2088960K), 0.0086895 secs] [Times: user=0.18 sys=0.00, real=0.01 secs] 
2861.751: [GC (Allocation Failure) [PSYoungGen: 1563809K->7887K(1564672K)] 1696619K->140834K(2088960K), 0.0085450 secs] [Times: user=0.17 sys=0.00, real=0.01 secs] 
2871.576: [GC (Allocation Failure) [PSYoungGen: 1564367K->7297K(1564672K)] 1697314K->141162K(2088960K), 0.0118621 secs] [Times: user=0.22 sys=0.01, real=0.02 secs] 
2881.501: [GC (Allocation Failure) [PSYoungGen: 1563777K->7329K(1564672K)] 1697642K->141314K(2088960K), 0.0091920 secs] [Times: user=0.21 sys=0.00, real=0.01 secs] 
2891.310: [GC (Allocation Failure) [PSYoungGen: 1563809K->7265K(1564672K)] 1697794K->141378K(2088960K), 0.0098560 secs] [Times: user=0.19 sys=0.00, real=0.01 secs] 
2901.138: [GC (Allocation Failure) [PSYoungGen: 1563745K->7329K(1564672K)] 1697858K->141514K(2088960K), 0.0081205 secs] [Times: user=0.17 sys=0.00, real=0.01 secs] 
2910.974: [GC (Allocation Failure) [PSYoungGen: 1563809K->7233K(1564672K)] 1697994K->141586K(2088960K), 0.0108743 secs] [Times: user=0.24 sys=0.00, real=0.01 secs] 
2920.947: [GC (Allocation Failure) [PSYoungGen: 1563713K->7393K(1564672K)] 1698066K->141778K(2088960K), 0.0088558 secs] [Times: user=0.21 sys=0.00, real=0.01 secs] 
2930.706: [GC (Allocation Failure) [PSYoungGen: 1563873K->7983K(1564672K)] 1698258K->142456K(2088960K), 0.0088107 secs] [Times: user=0.18 sys=0.00, real=0.01 secs] 
2940.500: [GC (Allocation Failure) [PSYoungGen: 1564463K->7233K(1564672K)] 1698936K->142776K(2088960K), 0.0092464 secs] [Times: user=0.18 sys=0.04, real=0.01 secs] 
2950.397: [GC (Allocation Failure) [PSYoungGen: 1563713K->6817K(1564672K)] 1699256K->142448K(2088960K), 0.0094402 secs] [Times: user=0.12 sys=0.01, real=0.01 secs] 
2960.215: [GC (Allocation Failure) [PSYoungGen: 1563297K->7329K(1564672K)] 1698928K->143000K(2088960K), 0.0086789 secs] [Times: user=0.17 sys=0.00, real=0.01 secs] 
2970.036: [GC (Allocation Failure) [PSYoungGen: 1563809K->7233K(1564672K)] 1699480K->143136K(2088960K), 0.0082424 secs] [Times: user=0.16 sys=0.01, real=0.01 secs] 
2979.859: [GC (Allocation Failure) [PSYoungGen: 1563713K->7329K(1564672K)] 1699616K->143256K(2088960K), 0.0084885 secs] [Times: user=0.16 sys=0.00, real=0.01 secs] 
2989.678: [GC (Allocation Failure) [PSYoungGen: 1563809K->7361K(1564672K)] 1699736K->143432K(2088960K), 0.0082163 secs] [Times: user=0.18 sys=0.00, real=0.01 secs] 
2999.449: [GC (Allocation Failure) [PSYoungGen: 1563841K->7887K(1564672K)] 1699912K->143999K(2088960K), 0.0097153 secs] [Times: user=0.20 sys=0.01, real=0.01 secs] 
3009.257: [GC (Allocation Failure) [PSYoungGen: 1564367K->7297K(1564672K)] 1700479K->144319K(2088960K), 0.0071328 secs] [Times: user=0.10 sys=0.01, real=0.01 secs] 
3019.017: [GC (Allocation Failure) [PSYoungGen: 1563777K->7265K(1564672K)] 1700799K->144439K(2088960K), 0.0102755 secs] [Times: user=0.19 sys=0.00, real=0.01 secs] 
3028.833: [GC (Allocation Failure) [PSYoungGen: 1563745K->7329K(1564672K)] 1700919K->144519K(2088960K), 0.0073040 secs] [Times: user=0.10 sys=0.00, real=0.00 secs] 
3038.599: [GC (Allocation Failure) [PSYoungGen: 1563809K->7329K(1564672K)] 1700999K->144575K(2088960K), 0.0075534 secs] [Times: user=0.16 sys=0.00, real=0.01 secs] 
3048.379: [GC (Allocation Failure) [PSYoungGen: 1563809K->7297K(1564672K)] 1701055K->144647K(2088960K), 0.0087033 secs] [Times: user=0.15 sys=0.01, real=0.01 secs] 
3058.156: [GC (Allocation Failure) [PSYoungGen: 1563777K->7425K(1564672K)] 1701127K->144831K(2088960K), 0.0087602 secs] [Times: user=0.20 sys=0.00, real=0.00 secs] 
3067.876: [GC (Allocation Failure) [PSYoungGen: 1563905K->7951K(1564672K)] 1701311K->145390K(2088960K), 0.0092725 secs] [Times: user=0.21 sys=0.01, real=0.01 secs] 
3077.718: [GC (Allocation Failure) [PSYoungGen: 1564431K->7201K(1564672K)] 1701870K->145566K(2088960K), 0.0084265 secs] [Times: user=0.20 sys=0.00, real=0.01 secs] 
3087.511: [GC (Allocation Failure) [PSYoungGen: 1563681K->7329K(1564672K)] 1702046K->145694K(2088960K), 0.0085329 secs] [Times: user=0.18 sys=0.01, real=0.00 secs] 
3097.289: [GC (Allocation Failure) [PSYoungGen: 1563809K->7329K(1564672K)] 1702174K->145870K(2088960K), 0.0076975 secs] [Times: user=0.17 sys=0.00, real=0.01 secs] 
3107.113: [GC (Allocation Failure) [PSYoungGen: 1563809K->7233K(1564672K)] 1702350K->145886K(2088960K), 0.0105841 secs] [Times: user=0.21 sys=0.00, real=0.01 secs] 
3116.891: [GC (Allocation Failure) [PSYoungGen: 1563713K->7393K(1564672K)] 1702366K->146086K(2088960K), 0.0077759 secs] [Times: user=0.13 sys=0.00, real=0.01 secs] 
3126.620: [GC (Allocation Failure) [PSYoungGen: 1563873K->7727K(1564672K)] 1702566K->146556K(2088960K), 0.0083598 secs] [Times: user=0.13 sys=0.00, real=0.01 secs] 
3136.370: [GC (Allocation Failure) [PSYoungGen: 1564207K->7329K(1564672K)] 1703036K->147068K(2088960K), 0.0084669 secs] [Times: user=0.19 sys=0.00, real=0.01 secs] 
3146.155: [GC (Allocation Failure) [PSYoungGen: 1563809K->7265K(1564672K)] 1703548K->147100K(2088960K), 0.0096070 secs] [Times: user=0.18 sys=0.00, real=0.01 secs] 
3155.942: [GC (Allocation Failure) [PSYoungGen: 1563745K->7105K(1564672K)] 1703580K->146988K(2088960K), 0.0095572 secs] [Times: user=0.17 sys=0.00, real=0.01 secs] 
3165.656: [GC (Allocation Failure) [PSYoungGen: 1563585K->7297K(1564672K)] 1703468K->147308K(2088960K), 0.0074471 secs] [Times: user=0.13 sys=0.01, real=0.01 secs] 
3175.427: [GC (Allocation Failure) [PSYoungGen: 1563777K->7233K(1564672K)] 1703788K->147380K(2088960K), 0.0088673 secs] [Times: user=0.18 sys=0.00, real=0.01 secs] 
3185.209: [GC (Allocation Failure) [PSYoungGen: 1563713K->7393K(1564672K)] 1703860K->147580K(2088960K), 0.0078870 secs] [Times: user=0.19 sys=0.00, real=0.01 secs] 
3195.004: [GC (Allocation Failure) [PSYoungGen: 1563873K->7919K(1564672K)] 1704060K->148219K(2088960K), 0.0096446 secs] [Times: user=0.20 sys=0.00, real=0.01 secs] 
3204.742: [GC (Allocation Failure) [PSYoungGen: 1564399K->7297K(1564672K)] 1704699K->148659K(2088960K), 0.0096566 secs] [Times: user=0.20 sys=0.01, real=0.01 secs] 
3214.498: [GC (Allocation Failure) [PSYoungGen: 1563777K->7329K(1564672K)] 1705139K->148739K(2088960K), 0.0081161 secs] [Times: user=0.18 sys=0.00, real=0.01 secs] 
3224.369: [GC (Allocation Failure) [PSYoungGen: 1563809K->7297K(1564672K)] 1705219K->148851K(2088960K), 0.0089562 secs] [Times: user=0.16 sys=0.01, real=0.01 secs] 
3234.150: [GC (Allocation Failure) [PSYoungGen: 1563777K->7201K(1564672K)] 1705331K->148899K(2088960K), 0.0115879 secs] [Times: user=0.23 sys=0.00, real=0.01 secs] 
3243.884: [GC (Allocation Failure) [PSYoungGen: 1563681K->7329K(1564672K)] 1705379K->149171K(2088960K), 0.0102251 secs] [Times: user=0.22 sys=0.00, real=0.01 secs] 
3253.655: [GC (Allocation Failure) [PSYoungGen: 1563809K->7297K(1564672K)] 1705651K->149283K(2088960K), 0.0103270 secs] [Times: user=0.20 sys=0.01, real=0.01 secs] 
3263.353: [GC (Allocation Failure) [PSYoungGen: 1563777K->7951K(1564672K)] 1705763K->150009K(2088960K), 0.0092083 secs] [Times: user=0.20 sys=0.01, real=0.01 secs] 
3273.110: [GC (Allocation Failure) [PSYoungGen: 1564431K->7329K(1564672K)] 1706489K->150369K(2088960K), 0.0111242 secs] [Times: user=0.25 sys=0.00, real=0.01 secs] 
3282.852: [GC (Allocation Failure) [PSYoungGen: 1563809K->7265K(1564672K)] 1706849K->150433K(2088960K), 0.0089972 secs] [Times: user=0.17 sys=0.00, real=0.01 secs] 
3292.631: [GC (Allocation Failure) [PSYoungGen: 1563745K->7329K(1564672K)] 1706913K->150585K(2088960K), 0.0078266 secs] [Times: user=0.17 sys=0.00, real=0.01 secs] 
3302.432: [GC (Allocation Failure) [PSYoungGen: 1563809K->7297K(1564672K)] 1707065K->150569K(2088960K), 0.0088184 secs] [Times: user=0.15 sys=0.00, real=0.01 secs] 
3312.210: [GC (Allocation Failure) [PSYoungGen: 1563777K->7265K(1564672K)] 1707049K->150793K(2088960K), 0.0081912 secs] [Times: user=0.19 sys=0.01, real=0.01 secs] 
3322.033: [GC (Allocation Failure) [PSYoungGen: 1563745K->7393K(1564672K)] 1707273K->151041K(2088960K), 0.0095157 secs] [Times: user=0.20 sys=0.01, real=0.01 secs] 
3331.748: [GC (Allocation Failure) [PSYoungGen: 1563873K->7951K(1564672K)] 1707521K->151816K(2088960K), 0.0074053 secs] [Times: user=0.17 sys=0.00, real=0.00 secs] 
3341.470: [GC (Allocation Failure) [PSYoungGen: 1564431K->7329K(1564672K)] 1708296K->152168K(2088960K), 0.0109232 secs] [Times: user=0.23 sys=0.00, real=0.01 secs] 
3351.217: [GC (Allocation Failure) [PSYoungGen: 1563809K->7329K(1564672K)] 1708648K->152296K(2088960K), 0.0095257 secs] [Times: user=0.20 sys=0.00, real=0.01 secs] 
3360.981: [GC (Allocation Failure) [PSYoungGen: 1563809K->7169K(1564672K)] 1708776K->152264K(2088960K), 0.0089301 secs] [Times: user=0.14 sys=0.00, real=0.01 secs] 
3370.729: [GC (Allocation Failure) [PSYoungGen: 1563649K->7329K(1564672K)] 1708744K->152496K(2088960K), 0.0081779 secs] [Times: user=0.17 sys=0.01, real=0.01 secs] 
3380.486: [GC (Allocation Failure) [PSYoungGen: 1563809K->7297K(1564672K)] 1708976K->152552K(2088960K), 0.0101839 secs] [Times: user=0.22 sys=0.00, real=0.01 secs] 
3390.230: [GC (Allocation Failure) [PSYoungGen: 1563777K->7265K(1564672K)] 1709032K->152776K(2088960K), 0.0079772 secs] [Times: user=0.16 sys=0.00, real=0.01 secs] 
3399.929: [GC (Allocation Failure) [PSYoungGen: 1563745K->7631K(1564672K)] 1709256K->153175K(2088960K), 0.0068694 secs] [Times: user=0.10 sys=0.01, real=0.00 secs] 
3409.582: [GC (Allocation Failure) [PSYoungGen: 1564111K->7233K(1564672K)] 1709655K->153751K(2088960K), 0.0097216 secs] [Times: user=0.22 sys=0.00, real=0.01 secs] 
3419.332: [GC (Allocation Failure) [PSYoungGen: 1563674K->7329K(1564672K)] 1710191K->153895K(2088960K), 0.0104933 secs] [Times: user=0.18 sys=0.01, real=0.01 secs] 
3429.014: [GC (Allocation Failure) [PSYoungGen: 1563809K->7329K(1564672K)] 1710375K->153975K(2088960K), 0.0084750 secs] [Times: user=0.18 sys=0.00, real=0.00 secs] 
3438.641: [GC (Allocation Failure) [PSYoungGen: 1563809K->7233K(1564672K)] 1710455K->154007K(2088960K), 0.0080402 secs] [Times: user=0.17 sys=0.00, real=0.01 secs] 
3448.373: [GC (Allocation Failure) [PSYoungGen: 1563713K->7233K(1564672K)] 1710487K->154047K(2088960K), 0.0100093 secs] [Times: user=0.21 sys=0.00, real=0.01 secs] 
3458.070: [GC (Allocation Failure) [PSYoungGen: 1563713K->7297K(1564672K)] 1710527K->154327K(2088960K), 0.0083284 secs] [Times: user=0.20 sys=0.01, real=0.01 secs] 
3467.687: [GC (Allocation Failure) [PSYoungGen: 1563777K->7041K(1564160K)] 1710807K->154255K(2088448K), 0.0088711 secs] [Times: user=0.19 sys=0.00, real=0.01 secs] 
3477.440: [GC (Allocation Failure) [PSYoungGen: 1563521K->6529K(1564672K)] 1710735K->153791K(2088960K), 0.0206307 secs] [Times: user=0.35 sys=0.01, real=0.02 secs] 
3487.042: [GC (Allocation Failure) [PSYoungGen: 1563008K->7951K(1564672K)] 1710270K->155245K(2088960K), 0.0101202 secs] [Times: user=0.23 sys=0.01, real=0.01 secs] 
3496.780: [GC (Allocation Failure) [PSYoungGen: 1564431K->7329K(1564672K)] 1711725K->155669K(2088960K), 0.0088004 secs] [Times: user=0.17 sys=0.03, real=0.01 secs] 
3506.540: [GC (Allocation Failure) [PSYoungGen: 1563809K->7329K(1564672K)] 1712149K->155789K(2088960K), 0.0079130 secs] [Times: user=0.12 sys=0.00, real=0.01 secs] 
3516.296: [GC (Allocation Failure) [PSYoungGen: 1563809K->7201K(1564672K)] 1712269K->155789K(2088960K), 0.0096706 secs] [Times: user=0.20 sys=0.00, real=0.01 secs] 
3526.068: [GC (Allocation Failure) [PSYoungGen: 1563681K->7233K(1564672K)] 1712269K->155869K(2088960K), 0.0081176 secs] [Times: user=0.19 sys=0.00, real=0.00 secs] 
3535.816: [GC (Allocation Failure) [PSYoungGen: 1563713K->7329K(1564672K)] 1712349K->156021K(2088960K), 0.0093658 secs] [Times: user=0.21 sys=0.00, real=0.01 secs] 
3545.627: [GC (Allocation Failure) [PSYoungGen: 1563809K->7329K(1564672K)] 1712501K->156213K(2088960K), 0.0089028 secs] [Times: user=0.19 sys=0.00, real=0.01 secs] 
3555.266: [GC (Allocation Failure) [PSYoungGen: 1563809K->7919K(1564672K)] 1712693K->156852K(2088960K), 0.0096478 secs] [Times: user=0.20 sys=0.00, real=0.01 secs] 
3565.023: [GC (Allocation Failure) [PSYoungGen: 1564399K->7265K(1564672K)] 1713332K->157196K(2088960K), 0.0096462 secs] [Times: user=0.16 sys=0.00, real=0.01 secs] 
3574.714: [GC (Allocation Failure) [PSYoungGen: 1563745K->7329K(1564672K)] 1713676K->157412K(2088960K), 0.0092328 secs] [Times: user=0.16 sys=0.00, real=0.01 secs] 
3584.358: [GC (Allocation Failure) [PSYoungGen: 1563809K->7265K(1564672K)] 1713892K->157476K(2088960K), 0.0097748 secs] [Times: user=0.18 sys=0.00, real=0.01 secs] 
3594.089: [GC (Allocation Failure) [PSYoungGen: 1563745K->7297K(1564672K)] 1713956K->157572K(2088960K), 0.0084838 secs] [Times: user=0.14 sys=0.00, real=0.00 secs] 
3603.747: [GC (Allocation Failure) [PSYoungGen: 1563777K->7265K(1564672K)] 1714052K->157596K(2088960K), 0.0087773 secs] [Times: user=0.18 sys=0.00, real=0.01 secs] 
3613.544: [GC (Allocation Failure) [PSYoungGen: 1563745K->7361K(1564672K)] 1714076K->157796K(2088960K), 0.0089152 secs] [Times: user=0.12 sys=0.00, real=0.01 secs] 
3623.080: [GC (Allocation Failure) [PSYoungGen: 1563841K->7823K(1564672K)] 1714276K->158419K(2088960K), 0.0108451 secs] [Times: user=0.19 sys=0.00, real=0.01 secs] 
3632.797: [GC (Allocation Failure) [PSYoungGen: 1564303K->7297K(1564672K)] 1714899K->158795K(2088960K), 0.0074014 secs] [Times: user=0.17 sys=0.00, real=0.01 secs] 
3642.450: [GC (Allocation Failure) [PSYoungGen: 1563777K->6369K(1564672K)] 1715275K->157971K(2088960K), 0.0101714 secs] [Times: user=0.05 sys=0.00, real=0.01 secs] 
3652.159: [GC (Allocation Failure) [PSYoungGen: 1562849K->7329K(1564672K)] 1714451K->159003K(2088960K), 0.0072138 secs] [Times: user=0.14 sys=0.00, real=0.01 secs] 
3661.808: [GC (Allocation Failure) [PSYoungGen: 1563809K->7329K(1564672K)] 1715483K->159107K(2088960K), 0.0074101 secs] [Times: user=0.10 sys=0.00, real=0.00 secs] 
3671.505: [GC (Allocation Failure) [PSYoungGen: 1563809K->7297K(1564672K)] 1715587K->159107K(2088960K), 0.0091851 secs] [Times: user=0.13 sys=0.00, real=0.01 secs] 
3681.184: [GC (Allocation Failure) [PSYoungGen: 1563777K->7297K(1564672K)] 1715587K->159243K(2088960K), 0.0077827 secs] [Times: user=0.15 sys=0.00, real=0.01 secs] 
3690.796: [GC (Allocation Failure) [PSYoungGen: 1563777K->8143K(1564672K)] 1715723K->160185K(2088960K), 0.0087294 secs] [Times: user=0.15 sys=0.00, real=0.01 secs] 
3700.419: [GC (Allocation Failure) [PSYoungGen: 1564623K->7297K(1564672K)] 1716665K->160529K(2088960K), 0.0076730 secs] [Times: user=0.17 sys=0.00, real=0.01 secs] 
3710.089: [GC (Allocation Failure) [PSYoungGen: 1563777K->7329K(1564672K)] 1717009K->160729K(2088960K), 0.0074935 secs] [Times: user=0.18 sys=0.00, real=0.01 secs] 
3719.714: [GC (Allocation Failure) [PSYoungGen: 1563809K->7265K(1564672K)] 1717209K->160777K(2088960K), 0.0081065 secs] [Times: user=0.14 sys=0.00, real=0.01 secs] 
3729.419: [GC (Allocation Failure) [PSYoungGen: 1563745K->7361K(1564672K)] 1717257K->161001K(2088960K), 0.0093480 secs] [Times: user=0.19 sys=0.00, real=0.01 secs] 
3739.065: [GC (Allocation Failure) [PSYoungGen: 1563841K->7329K(1564672K)] 1717481K->160985K(2088960K), 0.0103759 secs] [Times: user=0.21 sys=0.00, real=0.01 secs] 
3748.746: [GC (Allocation Failure) [PSYoungGen: 1563809K->7297K(1564672K)] 1717465K->161169K(2088960K), 0.0077558 secs] [Times: user=0.16 sys=0.00, real=0.01 secs] 
3758.324: [GC (Allocation Failure) [PSYoungGen: 1563777K->7791K(1564672K)] 1717649K->161800K(2088960K), 0.0084212 secs] [Times: user=0.14 sys=0.00, real=0.00 secs] 
3768.034: [GC (Allocation Failure) [PSYoungGen: 1564234K->7265K(1564672K)] 1718242K->162192K(2088960K), 0.0104742 secs] [Times: user=0.20 sys=0.01, real=0.01 secs] 
3777.689: [GC (Allocation Failure) [PSYoungGen: 1563745K->7265K(1564672K)] 1718672K->162352K(2088960K), 0.0076905 secs] [Times: user=0.14 sys=0.01, real=0.01 secs] 
3787.342: [GC (Allocation Failure) [PSYoungGen: 1563745K->7329K(1564672K)] 1718832K->162472K(2088960K), 0.0092381 secs] [Times: user=0.18 sys=0.00, real=0.01 secs] 
3797.004: [GC (Allocation Failure) [PSYoungGen: 1563809K->7393K(1564672K)] 1718952K->162560K(2088960K), 0.0064808 secs] [Times: user=0.09 sys=0.00, real=0.01 secs] 
3806.637: [GC (Allocation Failure) [PSYoungGen: 1563873K->7009K(1564672K)] 1719040K->162288K(2088960K), 0.0088643 secs] [Times: user=0.16 sys=0.00, real=0.01 secs] 
3816.255: [GC (Allocation Failure) [PSYoungGen: 1563489K->7425K(1564672K)] 1718768K->162760K(2088960K), 0.0095971 secs] [Times: user=0.17 sys=0.00, real=0.01 secs] 
3826.056: [GC (Allocation Failure) [PSYoungGen: 1563905K->7137K(1564672K)] 1719240K->162624K(2088960K), 0.0091849 secs] [Times: user=0.13 sys=0.00, real=0.01 secs] 
3835.568: [GC (Allocation Failure) [PSYoungGen: 1563617K->7663K(1564672K)] 1719104K->163366K(2088960K), 0.0089953 secs] [Times: user=0.20 sys=0.00, real=0.01 secs] 
3845.229: [GC (Allocation Failure) [PSYoungGen: 1564143K->7137K(1564672K)] 1719846K->163742K(2088960K), 0.0104914 secs] [Times: user=0.22 sys=0.01, real=0.01 secs] 
3854.885: [GC (Allocation Failure) [PSYoungGen: 1563617K->7297K(1564672K)] 1720222K->163934K(2088960K), 0.0078859 secs] [Times: user=0.12 sys=0.00, real=0.01 secs] 
3864.581: [GC (Allocation Failure) [PSYoungGen: 1563777K->7233K(1564672K)] 1720414K->163942K(2088960K), 0.0091540 secs] [Times: user=0.16 sys=0.00, real=0.01 secs] 
3874.207: [GC (Allocation Failure) [PSYoungGen: 1563713K->7329K(1564672K)] 1720422K->164110K(2088960K), 0.0088884 secs] [Times: user=0.22 sys=0.00, real=0.01 secs] 
3883.905: [GC (Allocation Failure) [PSYoungGen: 1563809K->7201K(1564672K)] 1720590K->164102K(2088960K), 0.0086840 secs] [Times: user=0.17 sys=0.00, real=0.01 secs] 
3893.661: [GC (Allocation Failure) [PSYoungGen: 1563681K->7393K(1564672K)] 1720582K->164334K(2088960K), 0.0079166 secs] [Times: user=0.14 sys=0.00, real=0.01 secs] 
3903.282: [GC (Allocation Failure) [PSYoungGen: 1563873K->7855K(1564672K)] 1720814K->164877K(2088960K), 0.0091533 secs] [Times: user=0.16 sys=0.00, real=0.01 secs] 
3912.973: [GC (Allocation Failure) [PSYoungGen: 1564335K->7265K(1564672K)] 1721357K->165261K(2088960K), 0.0080511 secs] [Times: user=0.13 sys=0.00, real=0.01 secs] 
3922.603: [GC (Allocation Failure) [PSYoungGen: 1563745K->7329K(1564672K)] 1721741K->165429K(2088960K), 0.0104046 secs] [Times: user=0.20 sys=0.01, real=0.01 secs] 
3932.274: [GC (Allocation Failure) [PSYoungGen: 1563809K->7297K(1564672K)] 1721909K->165421K(2088960K), 0.0076724 secs] [Times: user=0.08 sys=0.00, real=0.01 secs] 
3941.906: [GC (Allocation Failure) [PSYoungGen: 1563777K->7265K(1564672K)] 1721901K->165501K(2088960K), 0.0101139 secs] [Times: user=0.17 sys=0.00, real=0.01 secs] 
3951.560: [GC (Allocation Failure) [PSYoungGen: 1563745K->7265K(1564672K)] 1721981K->165573K(2088960K), 0.0100418 secs] [Times: user=0.21 sys=0.00, real=0.01 secs] 
3961.219: [GC (Allocation Failure) [PSYoungGen: 1563745K->7329K(1564672K)] 1722053K->165757K(2088960K), 0.0086246 secs] [Times: user=0.16 sys=0.00, real=0.01 secs] 
3970.908: [GC (Allocation Failure) [PSYoungGen: 1563809K->7361K(1565184K)] 1722237K->165813K(2089472K), 0.0089610 secs] [Times: user=0.18 sys=0.00, real=0.01 secs] 
3980.523: [GC (Allocation Failure) [PSYoungGen: 1564865K->7663K(1565184K)] 1723317K->166364K(2089472K), 0.0090958 secs] [Times: user=0.12 sys=0.00, real=0.01 secs] 
3989.958: [GC (Allocation Failure) [PSYoungGen: 1565167K->7233K(1564160K)] 1723868K->166916K(2088448K), 0.0076094 secs] [Times: user=0.16 sys=0.00, real=0.00 secs] 
3999.531: [GC (Allocation Failure) [PSYoungGen: 1563713K->7329K(1564672K)] 1723396K->167116K(2088960K), 0.0071672 secs] [Times: user=0.11 sys=0.00, real=0.00 secs] 
4009.117: [GC (Allocation Failure) [PSYoungGen: 1563809K->7393K(1564672K)] 1723596K->167220K(2088960K), 0.0093885 secs] [Times: user=0.16 sys=0.00, real=0.01 secs] 
4018.639: [GC (Allocation Failure) [PSYoungGen: 1563873K->7393K(1564672K)] 1723700K->167260K(2088960K), 0.0091341 secs] [Times: user=0.15 sys=0.00, real=0.01 secs] 
4028.184: [GC (Allocation Failure) [PSYoungGen: 1563873K->6817K(1564672K)] 1723740K->166788K(2088960K), 0.0105046 secs] [Times: user=0.14 sys=0.00, real=0.01 secs] 
4037.717: [GC (Allocation Failure) [PSYoungGen: 1563241K->7265K(1564672K)] 1723211K->167332K(2088960K), 0.0099913 secs] [Times: user=0.21 sys=0.00, real=0.01 secs] 
4047.295: [GC (Allocation Failure) [PSYoungGen: 1563745K->7920K(1564672K)] 1723812K->168050K(2088960K), 0.0077692 secs] [Times: user=0.14 sys=0.01, real=0.01 secs] 
4056.949: [GC (Allocation Failure) [PSYoungGen: 1564400K->7233K(1564672K)] 1724530K->168362K(2088960K), 0.0082021 secs] [Times: user=0.19 sys=0.00, real=0.01 secs] 
4066.542: [GC (Allocation Failure) [PSYoungGen: 1563713K->7201K(1564672K)] 1724842K->168346K(2088960K), 0.0103089 secs] [Times: user=0.21 sys=0.00, real=0.01 secs] 
4076.156: [GC (Allocation Failure) [PSYoungGen: 1563681K->7265K(1564672K)] 1724826K->168490K(2088960K), 0.0091070 secs] [Times: user=0.14 sys=0.00, real=0.01 secs] 
4085.771: [GC (Allocation Failure) [PSYoungGen: 1563745K->7329K(1564672K)] 1724970K->168650K(2088960K), 0.0106356 secs] [Times: user=0.22 sys=0.00, real=0.02 secs] 
4095.433: [GC (Allocation Failure) [PSYoungGen: 1563809K->6625K(1564672K)] 1725130K->167986K(2088960K), 0.0137981 secs] [Times: user=0.10 sys=0.00, real=0.02 secs] 
4105.073: [GC (Allocation Failure) [PSYoungGen: 1563105K->6977K(1564672K)] 1724466K->168482K(2088960K), 0.0086685 secs] [Times: user=0.16 sys=0.00, real=0.01 secs] 
4114.608: [GC (Allocation Failure) [PSYoungGen: 1563457K->8079K(1564672K)] 1724962K->169625K(2088960K), 0.0085329 secs] [Times: user=0.13 sys=0.00, real=0.01 secs] 
4124.246: [GC (Allocation Failure) [PSYoungGen: 1564559K->7201K(1564672K)] 1726105K->169689K(2088960K), 0.0096522 secs] [Times: user=0.18 sys=0.00, real=0.01 secs] 
4133.825: [GC (Allocation Failure) [PSYoungGen: 1563681K->7329K(1564672K)] 1726169K->169913K(2088960K), 0.0088359 secs] [Times: user=0.18 sys=0.01, real=0.01 secs] 
4143.405: [GC (Allocation Failure) [PSYoungGen: 1563809K->7329K(1564672K)] 1726393K->169977K(2088960K), 0.0079132 secs] [Times: user=0.15 sys=0.00, real=0.01 secs] 
4153.067: [GC (Allocation Failure) [PSYoungGen: 1563809K->7265K(1564672K)] 1726457K->170033K(2088960K), 0.0081937 secs] [Times: user=0.15 sys=0.00, real=0.01 secs] 
4162.800: [GC (Allocation Failure) [PSYoungGen: 1563745K->7329K(1564672K)] 1726513K->170145K(2088960K), 0.0108725 secs] [Times: user=0.20 sys=0.01, real=0.01 secs] 
4172.465: [GC (Allocation Failure) [PSYoungGen: 1563809K->7361K(1564672K)] 1726625K->170185K(2088960K), 0.0099955 secs] [Times: user=0.20 sys=0.01, real=0.01 secs] 
4182.008: [GC (Allocation Failure) [PSYoungGen: 1563841K->7951K(1564672K)] 1726665K->170920K(2088960K), 0.0080077 secs] [Times: user=0.15 sys=0.01, real=0.00 secs] 
4191.710: [GC (Allocation Failure) [PSYoungGen: 1564431K->6977K(1564672K)] 1727400K->170832K(2088960K), 0.0095954 secs] [Times: user=0.09 sys=0.01, real=0.01 secs] 
4201.130: [GC (Allocation Failure) [PSYoungGen: 1563457K->7009K(1564672K)] 1727312K->171024K(2088960K), 0.0085133 secs] [Times: user=0.16 sys=0.01, real=0.01 secs] 
4210.718: [GC (Allocation Failure) [PSYoungGen: 1563489K->7265K(1564672K)] 1727504K->171288K(2088960K), 0.0077798 secs] [Times: user=0.12 sys=0.01, real=0.01 secs] 
4220.249: [GC (Allocation Failure) [PSYoungGen: 1563745K->7329K(1564672K)] 1727768K->171488K(2088960K), 0.0087768 secs] [Times: user=0.19 sys=0.00, real=0.01 secs] 
4229.797: [GC (Allocation Failure) [PSYoungGen: 1563809K->7265K(1564672K)] 1727968K->171496K(2088960K), 0.0089788 secs] [Times: user=0.11 sys=0.00, real=0.01 secs] 
4239.321: [GC (Allocation Failure) [PSYoungGen: 1563745K->7393K(1564672K)] 1727976K->171752K(2088960K), 0.0081541 secs] [Times: user=0.18 sys=0.00, real=0.01 secs] 
4248.947: [GC (Allocation Failure) [PSYoungGen: 1563873K->7265K(1564672K)] 1728232K->171856K(2088960K), 0.0095258 secs] [Times: user=0.23 sys=0.00, real=0.01 secs] 
4258.498: [GC (Allocation Failure) [PSYoungGen: 1563745K->7393K(1564672K)] 1728336K->172080K(2088960K), 0.0087267 secs] [Times: user=0.20 sys=0.00, real=0.01 secs] 
4268.132: [GC (Allocation Failure) [PSYoungGen: 1563873K->7183K(1564672K)] 1728560K->171925K(2088960K), 0.0099617 secs] [Times: user=0.13 sys=0.00, real=0.01 secs] 
4277.678: [GC (Allocation Failure) [PSYoungGen: 1563663K->7233K(1564672K)] 1728405K->173029K(2088960K), 0.0090423 secs] [Times: user=0.16 sys=0.00, real=0.01 secs] 
4287.184: [GC (Allocation Failure) [PSYoungGen: 1563713K->7233K(1564672K)] 1729509K->173061K(2088960K), 0.0092740 secs] [Times: user=0.19 sys=0.00, real=0.01 secs] 
4296.725: [GC (Allocation Failure) [PSYoungGen: 1563657K->7297K(1565184K)] 1729485K->173181K(2089472K), 0.0109630 secs] [Times: user=0.24 sys=0.00, real=0.01 secs] 
4306.227: [GC (Allocation Failure) [PSYoungGen: 1564801K->7265K(1565184K)] 1730685K->173365K(2089472K), 0.0101492 secs] [Times: user=0.19 sys=0.00, real=0.01 secs] 
4315.805: [GC (Allocation Failure) [PSYoungGen: 1564769K->7265K(1565184K)] 1730869K->173381K(2089472K), 0.0111261 secs] [Times: user=0.22 sys=0.00, real=0.01 secs] 
4325.324: [GC (Allocation Failure) [PSYoungGen: 1564769K->7329K(1565184K)] 1730885K->173597K(2089472K), 0.0086778 secs] [Times: user=0.18 sys=0.00, real=0.01 secs] 
4334.848: [GC (Allocation Failure) [PSYoungGen: 1564833K->7393K(1565184K)] 1731101K->173733K(2089472K), 0.0088988 secs] [Times: user=0.16 sys=0.00, real=0.01 secs] 
4344.435: [GC (Allocation Failure) [PSYoungGen: 1564897K->7663K(1565184K)] 1731237K->174268K(2089472K), 0.0083465 secs] [Times: user=0.14 sys=0.00, real=0.01 secs] 
4354.007: [GC (Allocation Failure) [PSYoungGen: 1565167K->7361K(1564160K)] 1731772K->174924K(2088448K), 0.0089240 secs] [Times: user=0.19 sys=0.00, real=0.01 secs] 
4363.640: [GC (Allocation Failure) [PSYoungGen: 1563841K->7329K(1564672K)] 1731404K->175020K(2088960K), 0.0093071 secs] [Times: user=0.14 sys=0.01, real=0.01 secs] 
4373.238: [GC (Allocation Failure) [PSYoungGen: 1563809K->6529K(1564672K)] 1731500K->174324K(2088960K), 0.0112577 secs] [Times: user=0.10 sys=0.00, real=0.01 secs] 
4382.840: [GC (Allocation Failure) [PSYoungGen: 1563009K->7361K(1564672K)] 1730804K->175220K(2088960K), 0.0088809 secs] [Times: user=0.16 sys=0.00, real=0.01 secs] 
4392.474: [GC (Allocation Failure) [PSYoungGen: 1563841K->7105K(1564672K)] 1731700K->175196K(2088960K), 0.0096469 secs] [Times: user=0.15 sys=0.01, real=0.01 secs] 
4402.154: [GC (Allocation Failure) [PSYoungGen: 1563585K->8015K(1564672K)] 1731676K->176178K(2088960K), 0.0109093 secs] [Times: user=0.11 sys=0.00, real=0.01 secs] 
4411.714: [GC (Allocation Failure) [PSYoungGen: 1564495K->7329K(1564672K)] 1732658K->176330K(2088960K), 0.0093300 secs] [Times: user=0.13 sys=0.00, real=0.01 secs] 
4421.271: [GC (Allocation Failure) [PSYoungGen: 1563809K->7265K(1564672K)] 1732810K->176410K(2088960K), 0.0099126 secs] [Times: user=0.19 sys=0.00, real=0.01 secs] 
4430.790: [GC (Allocation Failure) [PSYoungGen: 1563745K->7201K(1564672K)] 1732890K->176410K(2088960K), 0.0096892 secs] [Times: user=0.18 sys=0.00, real=0.01 secs] 
4440.385: [GC (Allocation Failure) [PSYoungGen: 1563681K->7361K(1564672K)] 1732890K->176602K(2088960K), 0.0080883 secs] [Times: user=0.10 sys=0.00, real=0.01 secs] 
4449.921: [GC (Allocation Failure) [PSYoungGen: 1563841K->7233K(1564672K)] 1733082K->176634K(2088960K), 0.0099322 secs] [Times: user=0.08 sys=0.00, real=0.01 secs] 
4459.613: [GC (Allocation Failure) [PSYoungGen: 1563713K->6497K(1564672K)] 1733114K->175938K(2088960K), 0.0255654 secs] [Times: user=0.08 sys=0.00, real=0.03 secs] 
4469.020: [GC (Allocation Failure) [PSYoungGen: 1562977K->7457K(1564672K)] 1732418K->177130K(2088960K), 0.0101716 secs] [Times: user=0.18 sys=0.01, real=0.01 secs] 
4478.587: [GC (Allocation Failure) [PSYoungGen: 1563937K->7312K(1564672K)] 1733610K->177033K(2088960K), 0.0120622 secs] [Times: user=0.09 sys=0.00, real=0.01 secs] 
4488.167: [GC (Allocation Failure) [PSYoungGen: 1563792K->7457K(1564672K)] 1733513K->178129K(2088960K), 0.0076192 secs] [Times: user=0.14 sys=0.01, real=0.01 secs] 
4497.697: [GC (Allocation Failure) [PSYoungGen: 1563937K->7457K(1564672K)] 1734609K->178281K(2088960K), 0.0090002 secs] [Times: user=0.18 sys=0.00, real=0.01 secs] 
4507.256: [GC (Allocation Failure) [PSYoungGen: 1563937K->7553K(1564672K)] 1734761K->178465K(2088960K), 0.0096254 secs] [Times: user=0.17 sys=0.01, real=0.01 secs] 
4516.917: [GC (Allocation Failure) [PSYoungGen: 1564033K->7489K(1564672K)] 1734945K->178553K(2088960K), 0.0072703 secs] [Times: user=0.13 sys=0.01, real=0.01 secs] 
4526.457: [GC (Allocation Failure) [PSYoungGen: 1563969K->7585K(1564672K)] 1735033K->178713K(2088960K), 0.0082461 secs] [Times: user=0.19 sys=0.00, real=0.01 secs] 
4536.058: [GC (Allocation Failure) [PSYoungGen: 1564065K->7009K(1564672K)] 1735193K->178241K(2088960K), 0.0093829 secs] [Times: user=0.10 sys=0.01, real=0.01 secs] 
4545.598: [GC (Allocation Failure) [PSYoungGen: 1563489K->8016K(1564672K)] 1734721K->179360K(2088960K), 0.0100400 secs] [Times: user=0.24 sys=0.00, real=0.01 secs] 
4555.115: [GC (Allocation Failure) [PSYoungGen: 1564496K->7457K(1564672K)] 1735840K->179728K(2088960K), 0.0111320 secs] [Times: user=0.16 sys=0.02, real=0.01 secs] 
4564.726: [GC (Allocation Failure) [PSYoungGen: 1563937K->7521K(1564672K)] 1736208K->179864K(2088960K), 0.0076846 secs] [Times: user=0.15 sys=0.00, real=0.00 secs] 
4574.253: [GC (Allocation Failure) [PSYoungGen: 1564001K->7201K(1564672K)] 1736344K->179632K(2088960K), 0.0079547 secs] [Times: user=0.13 sys=0.00, real=0.01 secs] 
4583.774: [GC (Allocation Failure) [PSYoungGen: 1563681K->7585K(1564672K)] 1736112K->180040K(2088960K), 0.0083323 secs] [Times: user=0.11 sys=0.00, real=0.01 secs] 
4593.330: [GC (Allocation Failure) [PSYoungGen: 1564065K->7393K(1564672K)] 1736520K->179944K(2088960K), 0.0099399 secs] [Times: user=0.15 sys=0.00, real=0.01 secs] 
4602.885: [GC (Allocation Failure) [PSYoungGen: 1563873K->7457K(1564672K)] 1736424K->180160K(2088960K), 0.0096353 secs] [Times: user=0.17 sys=0.00, real=0.01 secs] 
4612.497: [GC (Allocation Failure) [PSYoungGen: 1563937K->7169K(1564672K)] 1736640K->179976K(2088960K), 0.0104089 secs] [Times: user=0.07 sys=0.00, real=0.01 secs] 
4621.984: [GC (Allocation Failure) [PSYoungGen: 1563649K->7632K(1564672K)] 1736456K->180526K(2088960K), 0.0101407 secs] [Times: user=0.09 sys=0.00, real=0.02 secs] 
4631.430: [GC (Allocation Failure) [PSYoungGen: 1564112K->7489K(1564672K)] 1737006K->181310K(2088960K), 0.0114678 secs] [Times: user=0.11 sys=0.00, real=0.01 secs] 
4641.003: [GC (Allocation Failure) [PSYoungGen: 1563969K->7521K(1564672K)] 1737790K->181382K(2088960K), 0.0079646 secs] [Times: user=0.17 sys=0.00, real=0.01 secs] 
4650.626: [GC (Allocation Failure) [PSYoungGen: 1564001K->7489K(1564672K)] 1737862K->181446K(2088960K), 0.0104946 secs] [Times: user=0.21 sys=0.00, real=0.01 secs] 
4660.105: [GC (Allocation Failure) [PSYoungGen: 1563969K->7393K(1564672K)] 1737926K->181390K(2088960K), 0.0121617 secs] [Times: user=0.18 sys=0.01, real=0.01 secs] 
4669.717: [GC (Allocation Failure) [PSYoungGen: 1563873K->6305K(1564672K)] 1737870K->180406K(2088960K), 0.0176559 secs] [Times: user=0.26 sys=0.00, real=0.02 secs] 
4679.250: [GC (Allocation Failure) [PSYoungGen: 1562785K->7585K(1564672K)] 1736886K->181758K(2088960K), 0.0089982 secs] [Times: user=0.18 sys=0.00, real=0.01 secs] 
4688.714: [GC (Allocation Failure) [PSYoungGen: 1564065K->8048K(1564672K)] 1738238K->182413K(2088960K), 0.0099743 secs] [Times: user=0.20 sys=0.00, real=0.01 secs] 
4698.250: [GC (Allocation Failure) [PSYoungGen: 1564528K->7489K(1564672K)] 1738893K->182733K(2088960K), 0.0091266 secs] [Times: user=0.18 sys=0.00, real=0.01 secs] 
4707.824: [GC (Allocation Failure) [PSYoungGen: 1563969K->7553K(1564672K)] 1739213K->182837K(2088960K), 0.0073055 secs] [Times: user=0.10 sys=0.00, real=0.01 secs] 
4717.380: [GC (Allocation Failure) [PSYoungGen: 1564033K->7457K(1564672K)] 1739317K->182837K(2088960K), 0.0089420 secs] [Times: user=0.18 sys=0.00, real=0.01 secs] 
4726.975: [GC (Allocation Failure) [PSYoungGen: 1563937K->7489K(1564672K)] 1739317K->182909K(2088960K), 0.0078984 secs] [Times: user=0.13 sys=0.01, real=0.01 secs] 
4736.656: [GC (Allocation Failure) [PSYoungGen: 1563969K->6401K(1564672K)] 1739389K->181917K(2088960K), 0.0132701 secs] [Times: user=0.07 sys=0.00, real=0.01 secs] 
4746.058: [GC (Allocation Failure) [PSYoungGen: 1562881K->7649K(1564672K)] 1738397K->183197K(2088960K), 0.0065058 secs] [Times: user=0.09 sys=0.00, real=0.01 secs] 
4755.583: [GC (Allocation Failure) [PSYoungGen: 1564129K->7521K(1564672K)] 1739677K->183189K(2088960K), 0.0092030 secs] [Times: user=0.17 sys=0.00, real=0.01 secs] 
4765.038: [GC (Allocation Failure) [PSYoungGen: 1564001K->7856K(1564672K)] 1739669K->183571K(2088960K), 0.0104634 secs] [Times: user=0.14 sys=0.00, real=0.01 secs] 
4774.560: [GC (Allocation Failure) [PSYoungGen: 1564336K->7425K(1564672K)] 1740051K->184003K(2088960K), 0.0108649 secs] [Times: user=0.12 sys=0.00, real=0.01 secs] 
4784.214: [GC (Allocation Failure) [PSYoungGen: 1563905K->7457K(1564672K)] 1740483K->184203K(2088960K), 0.0073825 secs] [Times: user=0.13 sys=0.00, real=0.01 secs] 
4793.710: [GC (Allocation Failure) [PSYoungGen: 1563937K->7521K(1564672K)] 1740683K->184339K(2088960K), 0.0108685 secs] [Times: user=0.23 sys=0.00, real=0.01 secs] 
4803.276: [GC (Allocation Failure) [PSYoungGen: 1564001K->7425K(1564672K)] 1740819K->184355K(2088960K), 0.0096032 secs] [Times: user=0.17 sys=0.00, real=0.01 secs] 
4812.728: [GC (Allocation Failure) [PSYoungGen: 1563905K->7553K(1564672K)] 1740835K->184555K(2088960K), 0.0082919 secs] [Times: user=0.17 sys=0.00, real=0.01 secs] 
4822.344: [GC (Allocation Failure) [PSYoungGen: 1564033K->8176K(1564672K)] 1741035K->185274K(2088960K), 0.0114663 secs] [Times: user=0.11 sys=0.01, real=0.01 secs] 
4831.781: [GC (Allocation Failure) [PSYoungGen: 1564656K->7457K(1564672K)] 1741754K->185562K(2088960K), 0.0079827 secs] [Times: user=0.18 sys=0.00, real=0.01 secs] 
4841.303: [GC (Allocation Failure) [PSYoungGen: 1563937K->7553K(1564672K)] 1742042K->185714K(2088960K), 0.0093463 secs] [Times: user=0.16 sys=0.01, real=0.01 secs] 
4850.777: [GC (Allocation Failure) [PSYoungGen: 1564033K->7457K(1564672K)] 1742194K->185762K(2088960K), 0.0092678 secs] [Times: user=0.19 sys=0.01, real=0.01 secs] 
4860.265: [GC (Allocation Failure) [PSYoungGen: 1563937K->7361K(1564672K)] 1742242K->185698K(2088960K), 0.0075887 secs] [Times: user=0.11 sys=0.01, real=0.01 secs] 
4869.811: [GC (Allocation Failure) [PSYoungGen: 1563841K->7361K(1564672K)] 1742178K->185850K(2088960K), 0.0089651 secs] [Times: user=0.16 sys=0.00, real=0.01 secs] 
4879.474: [GC (Allocation Failure) [PSYoungGen: 1563841K->6881K(1564672K)] 1742330K->185394K(2088960K), 0.0148461 secs] [Times: user=0.16 sys=0.00, real=0.01 secs] 
4888.840: [GC (Allocation Failure) [PSYoungGen: 1563361K->7952K(1563648K)] 1741874K->186593K(2087936K), 0.0091896 secs] [Times: user=0.16 sys=0.00, real=0.01 secs] 
4898.306: [GC (Allocation Failure) [PSYoungGen: 1563408K->7425K(1564160K)] 1742049K->187017K(2088448K), 0.0096257 secs] [Times: user=0.14 sys=0.00, real=0.01 secs] 
4908.052: [GC (Allocation Failure) [PSYoungGen: 1562881K->7489K(1564672K)] 1742473K->187089K(2088960K), 0.0088417 secs] [Times: user=0.18 sys=0.00, real=0.01 secs] 
4917.523: [GC (Allocation Failure) [PSYoungGen: 1563969K->7233K(1564672K)] 1743569K->186905K(2088960K), 0.0117037 secs] [Times: user=0.17 sys=0.00, real=0.01 secs] 
4926.908: [GC (Allocation Failure) [PSYoungGen: 1563713K->7521K(1564672K)] 1743385K->187225K(2088960K), 0.0094336 secs] [Times: user=0.15 sys=0.00, real=0.01 secs] 
4936.479: [GC (Allocation Failure) [PSYoungGen: 1564001K->7169K(1564672K)] 1743705K->187017K(2088960K), 0.0099610 secs] [Times: user=0.07 sys=0.00, real=0.01 secs] 
4946.191: [GC (Allocation Failure) [PSYoungGen: 1563649K->6977K(1564672K)] 1743497K->186833K(2088960K), 0.0254072 secs] [Times: user=0.20 sys=0.00, real=0.03 secs] 
4955.809: [GC (Allocation Failure) [PSYoungGen: 1563457K->8048K(1564672K)] 1743313K->187943K(2088960K), 0.0098393 secs] [Times: user=0.16 sys=0.00, real=0.01 secs] 
4965.334: [GC (Allocation Failure) [PSYoungGen: 1564528K->7457K(1564672K)] 1744423K->188415K(2088960K), 0.0099734 secs] [Times: user=0.19 sys=0.00, real=0.01 secs] 
4974.929: [GC (Allocation Failure) [PSYoungGen: 1563937K->7489K(1564672K)] 1744895K->188527K(2088960K), 0.0080062 secs] [Times: user=0.09 sys=0.00, real=0.00 secs] 
4984.556: [GC (Allocation Failure) [PSYoungGen: 1563969K->7489K(1564672K)] 1745007K->188543K(2088960K), 0.0074607 secs] [Times: user=0.11 sys=0.00, real=0.01 secs] 
4993.958: [GC (Allocation Failure) [PSYoungGen: 1563969K->7425K(1564672K)] 1745023K->188631K(2088960K), 0.0087113 secs] [Times: user=0.15 sys=0.01, real=0.01 secs] 
5003.500: [GC (Allocation Failure) [PSYoungGen: 1563905K->7521K(1564672K)] 1745111K->188767K(2088960K), 0.0070548 secs] [Times: user=0.06 sys=0.00, real=0.01 secs] 
5012.991: [GC (Allocation Failure) [PSYoungGen: 1564001K->7521K(1564672K)] 1745247K->188927K(2088960K), 0.0100770 secs] [Times: user=0.20 sys=0.00, real=0.01 secs] 
5022.593: [GC (Allocation Failure) [PSYoungGen: 1564001K->7553K(1564672K)] 1745407K->189063K(2088960K), 0.0070420 secs] [Times: user=0.10 sys=0.01, real=0.01 secs] 
5032.029: [GC (Allocation Failure) [PSYoungGen: 1564033K->8048K(1564672K)] 1745543K->189630K(2088960K), 0.0101947 secs] [Times: user=0.18 sys=0.01, real=0.01 secs] 
5041.431: [GC (Allocation Failure) [PSYoungGen: 1564528K->7425K(1564672K)] 1746110K->189990K(2088960K), 0.0130143 secs] [Times: user=0.18 sys=0.01, real=0.01 secs] 
5050.844: [GC (Allocation Failure) [PSYoungGen: 1563905K->7521K(1564672K)] 1746470K->190110K(2088960K), 0.0076595 secs] [Times: user=0.17 sys=0.00, real=0.01 secs] 
5060.312: [GC (Allocation Failure) [PSYoungGen: 1564001K->7457K(1564672K)] 1746590K->190110K(2088960K), 0.0097303 secs] [Times: user=0.17 sys=0.00, real=0.01 secs] 
5069.747: [GC (Allocation Failure) [PSYoungGen: 1563937K->7489K(1564672K)] 1746590K->190166K(2088960K), 0.0090765 secs] [Times: user=0.19 sys=0.00, real=0.01 secs] 
5079.298: [GC (Allocation Failure) [PSYoungGen: 1563969K->7457K(1564672K)] 1746646K->190198K(2088960K), 0.0095039 secs] [Times: user=0.18 sys=0.00, real=0.01 secs] 
5088.762: [GC (Allocation Failure) [PSYoungGen: 1563937K->7553K(1564672K)] 1746678K->190382K(2088960K), 0.0084132 secs] [Times: user=0.16 sys=0.00, real=0.01 secs] 
5098.292: [GC (Allocation Failure) [PSYoungGen: 1564033K->7521K(1564672K)] 1746862K->190438K(2088960K), 0.0077538 secs] [Times: user=0.11 sys=0.00, real=0.01 secs] 
5107.648: [GC (Allocation Failure) [PSYoungGen: 1564001K->8176K(1564672K)] 1746918K->191293K(2088960K), 0.0102411 secs] [Times: user=0.18 sys=0.00, real=0.01 secs] 
5117.116: [GC (Allocation Failure) [PSYoungGen: 1564656K->7169K(1564672K)] 1747773K->191213K(2088960K), 0.0136354 secs] [Times: user=0.19 sys=0.00, real=0.02 secs] 
5126.534: [GC (Allocation Failure) [PSYoungGen: 1563649K->7009K(1564672K)] 1747693K->191165K(2088960K), 0.0108167 secs] [Times: user=0.09 sys=0.00, real=0.01 secs] 
5135.798: [GC (Allocation Failure) [PSYoungGen: 1563489K->7425K(1564672K)] 1747645K->191717K(2088960K), 0.0083084 secs] [Times: user=0.13 sys=0.01, real=0.01 secs] 
5145.148: [GC (Allocation Failure) [PSYoungGen: 1563905K->7489K(1564672K)] 1748197K->191861K(2088960K), 0.0082523 secs] [Times: user=0.17 sys=0.00, real=0.01 secs] 
5154.520: [GC (Allocation Failure) [PSYoungGen: 1563969K->6721K(1564672K)] 1748341K->191109K(2088960K), 0.0101041 secs] [Times: user=0.09 sys=0.00, real=0.01 secs] 
5164.106: [GC (Allocation Failure) [PSYoungGen: 1563201K->7553K(1564672K)] 1747589K->192093K(2088960K), 0.0102688 secs] [Times: user=0.10 sys=0.00, real=0.01 secs] 
5173.439: [GC (Allocation Failure) [PSYoungGen: 1564033K->6561K(1563648K)] 1748573K->191181K(2087936K), 0.0132664 secs] [Times: user=0.17 sys=0.00, real=0.01 secs] 
5182.844: [GC (Allocation Failure) [PSYoungGen: 1562017K->8080K(1564160K)] 1746637K->192819K(2088448K), 0.0077903 secs] [Times: user=0.14 sys=0.01, real=0.01 secs] 
5192.362: [GC (Allocation Failure) [PSYoungGen: 1563536K->7457K(1564160K)] 1748275K->193203K(2088448K), 0.0098699 secs] [Times: user=0.15 sys=0.00, real=0.01 secs] 
5201.814: [GC (Allocation Failure) [PSYoungGen: 1562913K->7489K(1564160K)] 1748659K->193299K(2088448K), 0.0099682 secs] [Times: user=0.18 sys=0.01, real=0.01 secs] 
5211.290: [GC (Allocation Failure) [PSYoungGen: 1562945K->7009K(1564160K)] 1748755K->192843K(2088448K), 0.0100907 secs] [Times: user=0.08 sys=0.00, real=0.01 secs] 
5220.756: [GC (Allocation Failure) [PSYoungGen: 1562465K->7457K(1564160K)] 1748299K->193403K(2088448K), 0.0092096 secs] [Times: user=0.18 sys=0.00, real=0.01 secs] 
5230.330: [GC (Allocation Failure) [PSYoungGen: 1562913K->7489K(1564672K)] 1748859K->193435K(2088960K), 0.0101938 secs] [Times: user=0.15 sys=0.00, real=0.01 secs] 
5240.122: [GC (Allocation Failure) [PSYoungGen: 1563969K->6657K(1564672K)] 1749915K->192699K(2088960K), 0.0389252 secs] [Times: user=0.42 sys=0.00, real=0.04 secs] 
5249.483: [GC (Allocation Failure) [PSYoungGen: 1563137K->8048K(1563648K)] 1749179K->194130K(2087936K), 0.0131160 secs] [Times: user=0.13 sys=0.00, real=0.01 secs] 
5258.997: [GC (Allocation Failure) [PSYoungGen: 1563504K->7649K(1564160K)] 1749586K->194626K(2088448K), 0.0095813 secs] [Times: user=0.13 sys=0.01, real=0.01 secs] 
5268.452: [GC (Allocation Failure) [PSYoungGen: 1563105K->6753K(1564160K)] 1750082K->193810K(2088448K), 0.0111398 secs] [Times: user=0.09 sys=0.00, real=0.01 secs] 
5277.829: [GC (Allocation Failure) [PSYoungGen: 1562209K->7649K(1564160K)] 1749266K->194746K(2088448K), 0.0108353 secs] [Times: user=0.21 sys=0.00, real=0.01 secs] 
5287.196: [GC (Allocation Failure) [PSYoungGen: 1563105K->7009K(1564160K)] 1750202K->194202K(2088448K), 0.0199622 secs] [Times: user=0.28 sys=0.00, real=0.02 secs] 
5296.576: [GC (Allocation Failure) [PSYoungGen: 1562465K->7361K(1564160K)] 1749658K->194586K(2088448K), 0.0097130 secs] [Times: user=0.13 sys=0.00, real=0.01 secs] 
5306.073: [GC (Allocation Failure) [PSYoungGen: 1562817K->7713K(1564160K)] 1750042K->195002K(2088448K), 0.0092286 secs] [Times: user=0.16 sys=0.01, real=0.01 secs] 
5315.573: [GC (Allocation Failure) [PSYoungGen: 1563169K->8048K(1564160K)] 1750458K->195416K(2088448K), 0.0106798 secs] [Times: user=0.22 sys=0.00, real=0.01 secs] 
5324.886: [GC (Allocation Failure) [PSYoungGen: 1563504K->7393K(1564160K)] 1750872K->195664K(2088448K), 0.0078706 secs] [Times: user=0.10 sys=0.00, real=0.01 secs] 
5334.217: [GC (Allocation Failure) [PSYoungGen: 1562849K->7265K(1564160K)] 1751120K->195560K(2088448K), 0.0131669 secs] [Times: user=0.15 sys=0.00, real=0.01 secs] 
5343.883: [GC (Allocation Failure) [PSYoungGen: 1562721K->7329K(1564160K)] 1751016K->195704K(2088448K), 0.0073297 secs] [Times: user=0.10 sys=0.00, real=0.01 secs] 
5353.289: [GC (Allocation Failure) [PSYoungGen: 1562785K->7649K(1564160K)] 1751160K->196040K(2088448K), 0.0128532 secs] [Times: user=0.13 sys=0.00, real=0.01 secs] 
5362.778: [GC (Allocation Failure) [PSYoungGen: 1563105K->7425K(1564672K)] 1751496K->195960K(2088960K), 0.0103255 secs] [Times: user=0.11 sys=0.01, real=0.01 secs] 
5372.205: [GC (Allocation Failure) [PSYoungGen: 1563393K->7521K(1564160K)] 1751928K->196088K(2088448K), 0.0080354 secs] [Times: user=0.16 sys=0.00, real=0.01 secs] 
5381.790: [GC (Allocation Failure) [PSYoungGen: 1563489K->8176K(1563648K)] 1752056K->196951K(2087936K), 0.0105296 secs] [Times: user=0.11 sys=0.00, real=0.01 secs] 
5391.242: [GC (Allocation Failure) [PSYoungGen: 1563632K->7795K(1564160K)] 1752407K->197473K(2088448K), 0.0088001 secs] [Times: user=0.17 sys=0.01, real=0.00 secs] 
5400.606: [GC (Allocation Failure) [PSYoungGen: 1563251K->7585K(1564160K)] 1752929K->197343K(2088448K), 0.0076557 secs] [Times: user=0.13 sys=0.00, real=0.01 secs] 
5409.981: [GC (Allocation Failure) [PSYoungGen: 1563041K->7105K(1564160K)] 1752799K->196887K(2088448K), 0.0111065 secs] [Times: user=0.16 sys=0.01, real=0.01 secs] 
5419.314: [GC (Allocation Failure) [PSYoungGen: 1562561K->6913K(1564160K)] 1752343K->196711K(2088448K), 0.0157515 secs] [Times: user=0.18 sys=0.01, real=0.02 secs] 
5428.631: [GC (Allocation Failure) [PSYoungGen: 1562369K->7713K(1564160K)] 1752167K->197631K(2088448K), 0.0068098 secs] [Times: user=0.06 sys=0.00, real=0.01 secs] 
5438.017: [GC (Allocation Failure) [PSYoungGen: 1563169K->7681K(1564160K)] 1753087K->197639K(2088448K), 0.0090482 secs] [Times: user=0.13 sys=0.00, real=0.01 secs] 
5447.566: [GC (Allocation Failure) [PSYoungGen: 1563137K->6561K(1564160K)] 1753095K->196599K(2088448K), 0.0121897 secs] [Times: user=0.09 sys=0.00, real=0.01 secs] 
5456.730: [GC (Allocation Failure) [PSYoungGen: 1562017K->7425K(1564160K)] 1752055K->197479K(2088448K), 0.0107130 secs] [Times: user=0.13 sys=0.00, real=0.01 secs] 
5466.219: [GC (Allocation Failure) [PSYoungGen: 1562881K->8208K(1564160K)] 1752935K->198382K(2088448K), 0.0098643 secs] [Times: user=0.17 sys=0.00, real=0.01 secs] 
5475.720: [GC (Allocation Failure) [PSYoungGen: 1563664K->7041K(1564160K)] 1753838K->198134K(2088448K), 0.0239657 secs] [Times: user=0.48 sys=0.00, real=0.03 secs] 
5485.290: [GC (Allocation Failure) [PSYoungGen: 1562497K->6849K(1564160K)] 1753590K->197990K(2088448K), 0.0132627 secs] [Times: user=0.15 sys=0.00, real=0.01 secs] 
5494.851: [GC (Allocation Failure) [PSYoungGen: 1562305K->6657K(1564160K)] 1753446K->197846K(2088448K), 0.0272486 secs] [Times: user=0.43 sys=0.00, real=0.03 secs] 
5504.533: [GC (Allocation Failure) [PSYoungGen: 1562113K->7489K(1564160K)] 1753302K->198782K(2088448K), 0.0098028 secs] [Times: user=0.13 sys=0.01, real=0.01 secs] 
5513.989: [GC (Allocation Failure) [PSYoungGen: 1562945K->7649K(1564160K)] 1754238K->198998K(2088448K), 0.0114921 secs] [Times: user=0.10 sys=0.00, real=0.01 secs] 
5523.481: [GC (Allocation Failure) [PSYoungGen: 1563105K->7617K(1564160K)] 1754454K->199078K(2088448K), 0.0093593 secs] [Times: user=0.14 sys=0.01, real=0.01 secs] 
5533.096: [GC (Allocation Failure) [PSYoungGen: 1563073K->8080K(1564160K)] 1754534K->199620K(2088448K), 0.0086361 secs] [Times: user=0.17 sys=0.00, real=0.01 secs] 
5542.610: [GC (Allocation Failure) [PSYoungGen: 1563536K->7585K(1564160K)] 1755076K->200220K(2088448K), 0.0098844 secs] [Times: user=0.14 sys=0.01, real=0.01 secs] 
5552.153: [GC (Allocation Failure) [PSYoungGen: 1563041K->7713K(1564160K)] 1755676K->200396K(2088448K), 0.0089379 secs] [Times: user=0.13 sys=0.01, real=0.01 secs] 
5561.669: [GC (Allocation Failure) [PSYoungGen: 1563169K->7137K(1564160K)] 1755852K->199900K(2088448K), 0.0128139 secs] [Times: user=0.10 sys=0.00, real=0.01 secs] 
5571.112: [GC (Allocation Failure) [PSYoungGen: 1562593K->6497K(1564160K)] 1755356K->199364K(2088448K), 0.0163237 secs] [Times: user=0.10 sys=0.00, real=0.02 secs] 
5580.765: [GC (Allocation Failure) [PSYoungGen: 1561929K->7201K(1564160K)] 1754797K->200132K(2088448K), 0.0133715 secs] [Times: user=0.16 sys=0.01, real=0.01 secs] 
5590.080: [GC (Allocation Failure) [PSYoungGen: 1562657K->7521K(1564160K)] 1755588K->200556K(2088448K), 0.0080142 secs] [Times: user=0.10 sys=0.00, real=0.01 secs] 
5599.612: [GC (Allocation Failure) [PSYoungGen: 1562977K->7376K(1564160K)] 1756012K->200435K(2088448K), 0.0296458 secs] [Times: user=0.40 sys=0.00, real=0.03 secs] 
5609.115: [GC (Allocation Failure) [PSYoungGen: 1562832K->7809K(1564160K)] 1755891K->201475K(2088448K), 0.0091471 secs] [Times: user=0.16 sys=0.00, real=0.01 secs] 
5618.550: [GC (Allocation Failure) [PSYoungGen: 1563265K->7297K(1564160K)] 1756931K->201355K(2088448K), 0.0116381 secs] [Times: user=0.11 sys=0.01, real=0.01 secs] 
5628.073: [GC (Allocation Failure) [PSYoungGen: 1562725K->7649K(1564160K)] 1756783K->201867K(2088448K), 0.0104795 secs] [Times: user=0.19 sys=0.00, real=0.01 secs] 
5637.529: [GC (Allocation Failure) [PSYoungGen: 1563105K->7585K(1564160K)] 1757323K->201899K(2088448K), 0.0087515 secs] [Times: user=0.16 sys=0.00, real=0.01 secs] 
5646.970: [GC (Allocation Failure) [PSYoungGen: 1563041K->7617K(1564160K)] 1757355K->202019K(2088448K), 0.0085645 secs] [Times: user=0.14 sys=0.01, real=0.00 secs] 
5656.365: [GC (Allocation Failure) [PSYoungGen: 1563073K->7521K(1564160K)] 1757475K->202003K(2088448K), 0.0079814 secs] [Times: user=0.11 sys=0.00, real=0.01 secs] 
5665.796: [GC (Allocation Failure) [PSYoungGen: 1562977K->7617K(1564672K)] 1757459K->202259K(2088960K), 0.0076663 secs] [Times: user=0.10 sys=0.01, real=0.01 secs] 
5675.242: [GC (Allocation Failure) [PSYoungGen: 1563585K->8176K(1564160K)] 1758227K->203058K(2088448K), 0.0099076 secs] [Times: user=0.14 sys=0.00, real=0.01 secs] 
5684.752: [GC (Allocation Failure) [PSYoungGen: 1564144K->7585K(1564160K)] 1759026K->203522K(2088448K), 0.0093943 secs] [Times: user=0.17 sys=0.00, real=0.01 secs] 
5694.378: [GC (Allocation Failure) [PSYoungGen: 1563041K->6913K(1564160K)] 1758978K->202930K(2088448K), 0.0194450 secs] [Times: user=0.30 sys=0.00, real=0.02 secs] 
5703.705: [GC (Allocation Failure) [PSYoungGen: 1562369K->7553K(1564160K)] 1758386K->203626K(2088448K), 0.0120270 secs] [Times: user=0.14 sys=0.00, real=0.01 secs] 
5713.159: [GC (Allocation Failure) [PSYoungGen: 1563009K->7073K(1564160K)] 1759082K->203266K(2088448K), 0.0129908 secs] [Times: user=0.13 sys=0.00, real=0.02 secs] 
5722.489: [GC (Allocation Failure) [PSYoungGen: 1562529K->7713K(1564160K)] 1758722K->203954K(2088448K), 0.0096008 secs] [Times: user=0.13 sys=0.00, real=0.01 secs] 
5731.846: [GC (Allocation Failure) [PSYoungGen: 1563169K->7585K(1564160K)] 1759410K->204074K(2088448K), 0.0081834 secs] [Times: user=0.18 sys=0.00, real=0.01 secs] 
5741.203: [GC (Allocation Failure) [PSYoungGen: 1563041K->7649K(1564160K)] 1759530K->204194K(2088448K), 0.0091127 secs] [Times: user=0.17 sys=0.00, real=0.01 secs] 
5750.872: [GC (Allocation Failure) [PSYoungGen: 1563105K->6689K(1564160K)] 1759650K->203378K(2088448K), 0.0265307 secs] [Times: user=0.40 sys=0.01, real=0.03 secs] 
5760.435: [GC (Allocation Failure) [PSYoungGen: 1562145K->8016K(1564160K)] 1758834K->204848K(2088448K), 0.0077740 secs] [Times: user=0.15 sys=0.00, real=0.01 secs] 
5770.061: [GC (Allocation Failure) [PSYoungGen: 1563472K->7649K(1564160K)] 1760304K->205440K(2088448K), 0.0102879 secs] [Times: user=0.19 sys=0.01, real=0.01 secs] 
5779.812: [GC (Allocation Failure) [PSYoungGen: 1563105K->7521K(1564160K)] 1760896K->205432K(2088448K), 0.0103634 secs] [Times: user=0.14 sys=0.00, real=0.01 secs] 
5789.516: [GC (Allocation Failure) [PSYoungGen: 1562977K->7617K(1564160K)] 1760888K->205600K(2088448K), 0.0096425 secs] [Times: user=0.21 sys=0.01, real=0.01 secs] 
5798.959: [GC (Allocation Failure) [PSYoungGen: 1563073K->6593K(1564160K)] 1761056K->204616K(2088448K), 0.0396866 secs] [Times: user=0.20 sys=0.00, real=0.04 secs] 
5808.618: [GC (Allocation Failure) [PSYoungGen: 1562049K->7265K(1564160K)] 1760072K->205384K(2088448K), 0.0080641 secs] [Times: user=0.11 sys=0.00, real=0.01 secs] 
5818.192: [GC (Allocation Failure) [PSYoungGen: 1562721K->7681K(1564160K)] 1760840K->205824K(2088448K), 0.0081068 secs] [Times: user=0.11 sys=0.00, real=0.01 secs] 
5827.984: [GC (Allocation Failure) [PSYoungGen: 1563137K->7696K(1564160K)] 1761280K->205863K(2088448K), 0.0234498 secs] [Times: user=0.22 sys=0.00, real=0.03 secs] 
5837.361: [GC (Allocation Failure) [PSYoungGen: 1563152K->7521K(1564160K)] 1761319K->206687K(2088448K), 0.0072695 secs] [Times: user=0.09 sys=0.01, real=0.00 secs] 
5846.712: [GC (Allocation Failure) [PSYoungGen: 1562977K->7617K(1564160K)] 1762143K->206847K(2088448K), 0.0083999 secs] [Times: user=0.13 sys=0.00, real=0.01 secs] 
5856.304: [GC (Allocation Failure) [PSYoungGen: 1563073K->6913K(1564160K)] 1762303K->206231K(2088448K), 0.0220565 secs] [Times: user=0.20 sys=0.01, real=0.02 secs] 
5865.697: [GC (Allocation Failure) [PSYoungGen: 1562369K->7681K(1564160K)] 1761687K->207071K(2088448K), 0.0090613 secs] [Times: user=0.15 sys=0.01, real=0.01 secs] 
5875.315: [GC (Allocation Failure) [PSYoungGen: 1563137K->7553K(1564160K)] 1762527K->206991K(2088448K), 0.0078585 secs] [Times: user=0.15 sys=0.00, real=0.00 secs] 
5884.717: [GC (Allocation Failure) [PSYoungGen: 1563009K->7617K(1564160K)] 1762447K->207207K(2088448K), 0.0151907 secs] [Times: user=0.13 sys=0.00, real=0.01 secs] 
5894.162: [GC (Allocation Failure) [PSYoungGen: 1563073K->7201K(1564672K)] 1762663K->206831K(2088960K), 0.0132100 secs] [Times: user=0.13 sys=0.00, real=0.01 secs] 
5904.132: [GC (Allocation Failure) [PSYoungGen: 1563169K->8144K(1564160K)] 1762799K->207789K(2088448K), 0.0069668 secs] [Times: user=0.07 sys=0.00, real=0.01 secs] 
5914.476: [GC (Allocation Failure) [PSYoungGen: 1564112K->7265K(1564160K)] 1763757K->207837K(2088448K), 0.0165987 secs] [Times: user=0.19 sys=0.00, real=0.02 secs] 
5924.806: [GC (Allocation Failure) [PSYoungGen: 1562721K->7873K(1564160K)] 1763293K->208470K(2088448K), 0.0099442 secs] [Times: user=0.10 sys=0.00, real=0.01 secs] 
5934.495: [GC (Allocation Failure) [PSYoungGen: 1563329K->6881K(1564160K)] 1763926K->207502K(2088448K), 0.0117158 secs] [Times: user=0.06 sys=0.01, real=0.01 secs] 
5944.105: [GC (Allocation Failure) [PSYoungGen: 1562337K->7169K(1564160K)] 1762958K->207870K(2088448K), 0.0323568 secs] [Times: user=0.27 sys=0.00, real=0.03 secs] 
5953.566: [GC (Allocation Failure) [PSYoungGen: 1562625K->7777K(1564160K)] 1763326K->208550K(2088448K), 0.0097257 secs] [Times: user=0.16 sys=0.01, real=0.01 secs] 
5963.203: [GC (Allocation Failure) [PSYoungGen: 1563233K->7041K(1564160K)] 1764006K->207910K(2088448K), 0.0136477 secs] [Times: user=0.11 sys=0.01, real=0.01 secs] 
5972.586: [GC (Allocation Failure) [PSYoungGen: 1562497K->7649K(1564160K)] 1763366K->208542K(2088448K), 0.0113090 secs] [Times: user=0.11 sys=0.00, real=0.01 secs] 
5982.047: [GC (Allocation Failure) [PSYoungGen: 1563105K->8240K(1564160K)] 1763998K->209196K(2088448K), 0.0097843 secs] [Times: user=0.11 sys=0.00, real=0.01 secs] 
5991.794: [GC (Allocation Failure) [PSYoungGen: 1563696K->6657K(1564160K)] 1764652K->208532K(2088448K), 0.0187670 secs] [Times: user=0.20 sys=0.00, real=0.02 secs] 
6001.356: [GC (Allocation Failure) [PSYoungGen: 1562113K->7841K(1564160K)] 1763988K->209772K(2088448K), 0.0091538 secs] [Times: user=0.14 sys=0.00, real=0.01 secs] 
6011.037: [GC (Allocation Failure) [PSYoungGen: 1563297K->7841K(1564160K)] 1765228K->209796K(2088448K), 0.0078140 secs] [Times: user=0.09 sys=0.00, real=0.01 secs] 
6020.672: [GC (Allocation Failure) [PSYoungGen: 1563297K->6753K(1564160K)] 1765252K->208780K(2088448K), 0.0315662 secs] [Times: user=0.36 sys=0.00, real=0.03 secs] 
6030.108: [GC (Allocation Failure) [PSYoungGen: 1562209K->7457K(1564160K)] 1764236K->209508K(2088448K), 0.0375972 secs] [Times: user=0.45 sys=0.00, real=0.03 secs] 
6039.607: [GC (Allocation Failure) [PSYoungGen: 1562913K->7745K(1564160K)] 1764964K->209900K(2088448K), 0.0098268 secs] [Times: user=0.12 sys=0.01, real=0.01 secs] 
6049.108: [GC (Allocation Failure) [PSYoungGen: 1563201K->8688K(1563136K)] 1765356K->211291K(2087424K), 0.0097026 secs] [Times: user=0.11 sys=0.00, real=0.01 secs] 
6058.971: [GC (Allocation Failure) [PSYoungGen: 1563120K->7201K(1563648K)] 1765723K->211235K(2087936K), 0.0266203 secs] [Times: user=0.24 sys=0.01, real=0.03 secs] 
6068.536: [GC (Allocation Failure) [PSYoungGen: 1561633K->6977K(1563648K)] 1765667K->211035K(2087936K), 0.0257994 secs] [Times: user=0.16 sys=0.00, real=0.02 secs] 
6078.239: [GC (Allocation Failure) [PSYoungGen: 1561409K->7393K(1563648K)] 1765467K->211563K(2087936K), 0.0103822 secs] [Times: user=0.11 sys=0.00, real=0.01 secs] 
6087.860: [GC (Allocation Failure) [PSYoungGen: 1561825K->7905K(1563136K)] 1765995K->212139K(2087424K), 0.0098106 secs] [Times: user=0.16 sys=0.00, real=0.01 secs] 
6097.752: [GC (Allocation Failure) [PSYoungGen: 1562337K->7649K(1563648K)] 1766571K->211907K(2087936K), 0.0129127 secs] [Times: user=0.14 sys=0.00, real=0.01 secs] 
6107.341: [GC (Allocation Failure) [PSYoungGen: 1562081K->7841K(1564160K)] 1766339K->212211K(2088448K), 0.0084395 secs] [Times: user=0.13 sys=0.00, real=0.01 secs] 
6116.971: [GC (Allocation Failure) [PSYoungGen: 1563297K->8240K(1564160K)] 1767667K->212721K(2088448K), 0.0091416 secs] [Times: user=0.16 sys=0.01, real=0.01 secs] 
6127.055: [GC (Allocation Failure) [PSYoungGen: 1563696K->6785K(1563136K)] 1768177K->212097K(2087424K), 0.0235448 secs] [Times: user=0.31 sys=0.00, real=0.02 secs] 
6136.984: [GC (Allocation Failure) [PSYoungGen: 1561217K->7617K(1563648K)] 1766529K->212937K(2087936K), 0.0134394 secs] [Times: user=0.11 sys=0.01, real=0.01 secs] 
6147.429: [GC (Allocation Failure) [PSYoungGen: 1562049K->7105K(1564160K)] 1767369K->212505K(2088448K), 0.0285425 secs] [Times: user=0.31 sys=0.00, real=0.03 secs] 
6164.615: [GC (Allocation Failure) [PSYoungGen: 1562049K->7393K(1563648K)] 1767449K->212826K(2087936K), 0.0103627 secs] [Times: user=0.08 sys=0.00, real=0.01 secs] 
6174.543: [GC (Allocation Failure) [PSYoungGen: 1562337K->7265K(1564160K)] 1767770K->212714K(2088448K), 0.0139474 secs] [Times: user=0.15 sys=0.00, real=0.01 secs] 
6184.895: [GC (Allocation Failure) [PSYoungGen: 1562721K->7041K(1564160K)] 1768170K->212586K(2088448K), 0.0166464 secs] [Times: user=0.13 sys=0.00, real=0.02 secs] 
6194.941: [GC (Allocation Failure) [PSYoungGen: 1562497K->8528K(1563136K)] 1768042K->214080K(2087424K), 0.0085147 secs] [Times: user=0.14 sys=0.00, real=0.01 secs] 
6205.111: [GC (Allocation Failure) [PSYoungGen: 1562960K->7041K(1563648K)] 1768512K->213528K(2087936K), 0.0233831 secs] [Times: user=0.07 sys=0.00, real=0.02 secs] 
6215.066: [GC (Allocation Failure) [PSYoungGen: 1561473K->7393K(1564160K)] 1767960K->213920K(2088448K), 0.0090680 secs] [Times: user=0.16 sys=0.00, real=0.00 secs] 
6225.739: [GC (Allocation Failure) [PSYoungGen: 1562288K->7361K(1563648K)] 1768815K->213896K(2087936K), 0.0100625 secs] [Times: user=0.12 sys=0.00, real=0.01 secs] 
6235.792: [GC (Allocation Failure) [PSYoungGen: 1562305K->7745K(1564160K)] 1768840K->214384K(2088448K), 0.0092934 secs] [Times: user=0.11 sys=0.01, real=0.01 secs] 
6246.302: [GC (Allocation Failure) [PSYoungGen: 1563201K->7937K(1564160K)] 1769840K->214600K(2088448K), 0.0102295 secs] [Times: user=0.13 sys=0.00, real=0.01 secs] 
6256.415: [GC (Allocation Failure) [PSYoungGen: 1563393K->7361K(1564160K)] 1770056K->214096K(2088448K), 0.0215587 secs] [Times: user=0.18 sys=0.00, real=0.02 secs] 
6266.550: [GC (Allocation Failure) [PSYoungGen: 1562817K->7105K(1564160K)] 1769552K->213928K(2088448K), 0.0353975 secs] [Times: user=0.30 sys=0.00, real=0.04 secs] 
6276.615: [GC (Allocation Failure) [PSYoungGen: 1562561K->7600K(1564160K)] 1769384K->214447K(2088448K), 0.0341322 secs] [Times: user=0.28 sys=0.00, real=0.03 secs] 
6287.362: [GC (Allocation Failure) [PSYoungGen: 1563056K->6881K(1564160K)] 1769903K->214567K(2088448K), 0.0167240 secs] [Times: user=0.13 sys=0.00, real=0.02 secs] 
6297.412: [GC (Allocation Failure) [PSYoungGen: 1562337K->7041K(1564160K)] 1770023K->214807K(2088448K), 0.0311152 secs] [Times: user=0.19 sys=0.01, real=0.03 secs] 
6308.625: [GC (Allocation Failure) [PSYoungGen: 1562497K->7937K(1564160K)] 1770263K->215735K(2088448K), 0.0110677 secs] [Times: user=0.10 sys=0.00, real=0.01 secs] 
6318.840: [GC (Allocation Failure) [PSYoungGen: 1563393K->7681K(1564160K)] 1771191K->215495K(2088448K), 0.0177041 secs] [Times: user=0.07 sys=0.00, real=0.02 secs] 
6329.531: [GC (Allocation Failure) [PSYoungGen: 1563137K->7457K(1564160K)] 1770951K->215351K(2088448K), 0.0217948 secs] [Times: user=0.22 sys=0.00, real=0.03 secs] 
6339.608: [GC (Allocation Failure) [PSYoungGen: 1562913K->6785K(1564160K)] 1770807K->214703K(2088448K), 0.0136061 secs] [Times: user=0.07 sys=0.00, real=0.01 secs] 
6349.997: [GC (Allocation Failure) [PSYoungGen: 1562241K->7728K(1564160K)] 1770159K->215661K(2088448K), 0.0167044 secs] [Times: user=0.10 sys=0.00, real=0.01 secs] 
6359.992: [GC (Allocation Failure) [PSYoungGen: 1563184K->7777K(1564160K)] 1771117K->216693K(2088448K), 0.0095877 secs] [Times: user=0.15 sys=0.00, real=0.01 secs] 
6370.992: [GC (Allocation Failure) [PSYoungGen: 1563233K->7073K(1564160K)] 1772149K->215989K(2088448K), 0.0279848 secs] [Times: user=0.21 sys=0.00, real=0.03 secs] 
6381.562: [GC (Allocation Failure) [PSYoungGen: 1562529K->6593K(1564160K)] 1771445K->215517K(2088448K), 0.0364503 secs] [Times: user=0.48 sys=0.00, real=0.03 secs] 
6392.356: [GC (Allocation Failure) [PSYoungGen: 1562049K->7841K(1564160K)] 1770973K->216821K(2088448K), 0.0105608 secs] [Times: user=0.13 sys=0.00, real=0.01 secs] 
6403.381: [GC (Allocation Failure) [PSYoungGen: 1563297K->7041K(1564160K)] 1772277K->216101K(2088448K), 0.0434841 secs] [Times: user=0.36 sys=0.00, real=0.04 secs] 
6415.664: [GC (Allocation Failure) [PSYoungGen: 1562497K->7489K(1564160K)] 1771557K->216589K(2088448K), 0.0202904 secs] [Times: user=0.08 sys=0.00, real=0.02 secs] 
6426.254: [GC (Allocation Failure) [PSYoungGen: 1562945K->7920K(1564160K)] 1772045K->217028K(2088448K), 0.0196442 secs] [Times: user=0.21 sys=0.00, real=0.02 secs] 
6436.715: [GC (Allocation Failure) [PSYoungGen: 1563376K->7617K(1564160K)] 1772484K->217636K(2088448K), 0.0101586 secs] [Times: user=0.16 sys=0.00, real=0.01 secs] 
6448.582: [GC (Allocation Failure) [PSYoungGen: 1563073K->7201K(1564160K)] 1773092K->217292K(2088448K), 0.0322439 secs] [Times: user=0.25 sys=0.00, real=0.03 secs] 
6460.328: [GC (Allocation Failure) [PSYoungGen: 1562657K->6977K(1564160K)] 1772748K->217100K(2088448K), 0.0482307 secs] [Times: user=0.36 sys=0.00, real=0.05 secs] 
6473.632: [GC (Allocation Failure) [PSYoungGen: 1562433K->6785K(1564160K)] 1772556K->216932K(2088448K), 0.0170974 secs] [Times: user=0.08 sys=0.00, real=0.02 secs] 
6484.621: [GC (Allocation Failure) [PSYoungGen: 1562241K->7649K(1564160K)] 1772388K->217820K(2088448K), 0.0173053 secs] [Times: user=0.07 sys=0.00, real=0.02 secs] 
6497.196: [GC (Allocation Failure) [PSYoungGen: 1563105K->7696K(1564160K)] 1773276K->217891K(2088448K), 0.0323411 secs] [Times: user=0.21 sys=0.00, real=0.03 secs] 
6509.726: [GC (Allocation Failure) [PSYoungGen: 1563152K->7713K(1564160K)] 1773347K->218851K(2088448K), 0.0140814 secs] [Times: user=0.14 sys=0.01, real=0.01 secs] 
6522.037: [GC (Allocation Failure) [PSYoungGen: 1563169K->7137K(1564160K)] 1774307K->218283K(2088448K), 0.0506000 secs] [Times: user=0.39 sys=0.00, real=0.05 secs] 
6538.517: [GC (Allocation Failure) [PSYoungGen: 1562593K->6849K(1564160K)] 1773739K->217995K(2088448K), 0.0369653 secs] [Times: user=0.38 sys=0.01, real=0.03 secs] 
6553.245: [GC (Allocation Failure) [PSYoungGen: 1562305K->7137K(1564160K)] 1773451K->218307K(2088448K), 0.0242364 secs] [Times: user=0.17 sys=0.00, real=0.03 secs] 
6567.132: [GC (Allocation Failure) [PSYoungGen: 1562575K->8528K(1564160K)] 1773744K->219713K(2088448K), 0.0237437 secs] [Times: user=0.18 sys=0.01, real=0.02 secs] 
6586.040: [GC (Allocation Failure) [PSYoungGen: 1563984K->7041K(1564160K)] 1775169K->219097K(2088448K), 0.0634971 secs] [Times: user=0.83 sys=0.00, real=0.07 secs] 
6603.204: [GC (Allocation Failure) [PSYoungGen: 1562497K->7393K(1564160K)] 1774553K->219449K(2088448K), 0.0216756 secs] [Times: user=0.15 sys=0.00, real=0.03 secs] 
6619.344: [GC (Allocation Failure) [PSYoungGen: 1562849K->6913K(1564160K)] 1774905K->218985K(2088448K), 0.0241628 secs] [Times: user=0.06 sys=0.00, real=0.03 secs] 
6637.252: [GC (Allocation Failure) [PSYoungGen: 1562369K->7009K(1564160K)] 1774441K->219097K(2088448K), 0.0188165 secs] [Times: user=0.12 sys=0.01, real=0.02 secs] 
6657.837: [GC (Allocation Failure) [PSYoungGen: 1562465K->7760K(1564160K)] 1774553K->219864K(2088448K), 0.0721398 secs] [Times: user=0.45 sys=0.01, real=0.07 secs] 
6683.282: [GC (Allocation Failure) [PSYoungGen: 1563154K->7233K(1564160K)] 1775258K->220176K(2088448K), 0.0386692 secs] [Times: user=0.29 sys=0.00, real=0.04 secs] 
6705.378: [GC (Allocation Failure) [PSYoungGen: 1562689K->7489K(1564160K)] 1775632K->220432K(2088448K), 0.0152467 secs] [Times: user=0.11 sys=0.00, real=0.02 secs] 
6729.824: [GC (Allocation Failure) [PSYoungGen: 1562945K->8592K(1564160K)] 1775888K->221558K(2088448K), 0.0076529 secs] [Times: user=0.08 sys=0.01, real=0.00 secs] 
6752.415: [GC (Allocation Failure) [PSYoungGen: 1564048K->7169K(1564160K)] 1777014K->221022K(2088448K), 0.0591571 secs] [Times: user=0.53 sys=0.01, real=0.06 secs] 
6778.106: [GC (Allocation Failure) [PSYoungGen: 1562625K->7201K(1564160K)] 1776478K->221070K(2088448K), 0.0225427 secs] [Times: user=0.07 sys=0.00, real=0.02 secs] 
6806.334: [GC (Allocation Failure) [PSYoungGen: 1562657K->8336K(1563136K)] 1776526K->222237K(2087424K), 0.0408281 secs] [Times: user=0.26 sys=0.00, real=0.04 secs] 
6843.924: [GC (Allocation Failure) [PSYoungGen: 1562768K->7041K(1563648K)] 1776669K->221797K(2087936K), 0.0243261 secs] [Times: user=0.11 sys=0.00, real=0.02 secs] 
6885.027: [GC (Allocation Failure) [PSYoungGen: 1561473K->7856K(1563648K)] 1776229K->222635K(2087936K), 0.0544302 secs] [Times: user=0.26 sys=0.00, real=0.06 secs] 
6932.129: [GC (Allocation Failure) [PSYoungGen: 1562288K->8208K(1563648K)] 1777067K->223571K(2087936K), 0.0744816 secs] [Times: user=0.19 sys=0.01, real=0.07 secs] 
6986.239: [GC (Allocation Failure) [PSYoungGen: 1562640K->7553K(1563648K)] 1778003K->223669K(2087936K), 0.0667643 secs] [Times: user=0.42 sys=0.01, real=0.07 secs] 
7040.170: [GC (Allocation Failure) [PSYoungGen: 1561985K->7920K(1563648K)] 1778101K->224051K(2087936K), 0.0740598 secs] [Times: user=0.47 sys=0.01, real=0.08 secs] 
7094.306: [GC (Allocation Failure) [PSYoungGen: 1562352K->8528K(1563648K)] 1778483K->225267K(2087936K), 0.0624970 secs] [Times: user=0.43 sys=0.00, real=0.06 secs] 
7147.863: [GC (Allocation Failure) [PSYoungGen: 1562960K->8176K(1563648K)] 1779699K->225515K(2087936K), 0.0441279 secs] [Times: user=0.10 sys=0.01, real=0.04 secs] 
7205.050: [GC (Allocation Failure) [PSYoungGen: 1562608K->8304K(1563648K)] 1779947K->226243K(2087936K), 0.0130485 secs] [Times: user=0.10 sys=0.00, real=0.01 secs] 
7263.046: [GC (Allocation Failure) [PSYoungGen: 1562690K->7553K(1563648K)] 1780630K->226245K(2087936K), 0.0614079 secs] [Times: user=0.50 sys=0.01, real=0.06 secs] 
7321.194: [GC (Allocation Failure) [PSYoungGen: 1561985K->7425K(1563648K)] 1780677K->226141K(2087936K), 0.0409158 secs] [Times: user=0.19 sys=0.00, real=0.04 secs] 
7377.992: [GC (Allocation Failure) [PSYoungGen: 1561857K->8798K(1563648K)] 1780573K->227610K(2087936K), 0.0579148 secs] [Times: user=0.35 sys=0.00, real=0.06 secs] 
7423.190: [GC (System.gc()) [PSYoungGen: 1254340K->7504K(1563648K)] 1473152K->227011K(2087936K), 0.0840372 secs] [Times: user=0.46 sys=0.01, real=0.08 secs] 
7423.274: [Full GC (System.gc()) [PSYoungGen: 7504K->0K(1563648K)] [ParOldGen: 219507K->132265K(524288K)] 227011K->132265K(2087936K), [Metaspace: 21035K->20732K(1069056K)], 1.4724561 secs] [Times: user=11.79 sys=0.10, real=1.47 secs] 
7460.071: [GC (Allocation Failure) [PSYoungGen: 1554432K->9199K(1563648K)] 1686697K->143009K(2087936K), 0.0127087 secs] [Times: user=0.27 sys=0.00, real=0.01 secs] 
7470.056: [GC (Allocation Failure) [PSYoungGen: 1563631K->7905K(1562624K)] 1697441K->145135K(2086912K), 0.0100653 secs] [Times: user=0.23 sys=0.00, real=0.01 secs] 
7479.950: [GC (Allocation Failure) [PSYoungGen: 1561313K->8400K(1563136K)] 1698543K->145998K(2087424K), 0.0084757 secs] [Times: user=0.18 sys=0.00, real=0.01 secs] 
7489.868: [GC (Allocation Failure) [PSYoungGen: 1561808K->8240K(1563136K)] 1699406K->146558K(2087424K), 0.0090289 secs] [Times: user=0.20 sys=0.01, real=0.01 secs] 
7499.629: [GC (Allocation Failure) [PSYoungGen: 1561648K->7745K(1563136K)] 1699966K->147038K(2087424K), 0.0089052 secs] [Times: user=0.18 sys=0.01, real=0.01 secs] 
7509.227: [GC (Allocation Failure) [PSYoungGen: 1561153K->8208K(1563136K)] 1700446K->147725K(2087424K), 0.0078172 secs] [Times: user=0.17 sys=0.00, real=0.01 secs] 
7519.006: [GC (Allocation Failure) [PSYoungGen: 1561616K->8304K(1563136K)] 1701133K->148691K(2087424K), 0.0092323 secs] [Times: user=0.17 sys=0.00, real=0.01 secs] 
7528.496: [GC (Allocation Failure) [PSYoungGen: 1561712K->7425K(1563648K)] 1702099K->148731K(2087936K), 0.0062573 secs] [Times: user=0.06 sys=0.00, real=0.00 secs] 
7537.990: [GC (Allocation Failure) [PSYoungGen: 1561857K->8560K(1563136K)] 1703163K->149922K(2087424K), 0.0089664 secs] [Times: user=0.18 sys=0.00, real=0.01 secs] 
7547.598: [GC (Allocation Failure) [PSYoungGen: 1562992K->8464K(1563136K)] 1704354K->150648K(2087424K), 0.0098484 secs] [Times: user=0.13 sys=0.00, real=0.01 secs] 
7557.333: [GC (Allocation Failure) [PSYoungGen: 1561872K->7745K(1563136K)] 1704056K->150944K(2087424K), 0.0109224 secs] [Times: user=0.18 sys=0.00, real=0.01 secs] 
7567.390: [GC (Allocation Failure) [PSYoungGen: 1561153K->7664K(1563648K)] 1704352K->150887K(2087936K), 0.0352963 secs] [Times: user=0.39 sys=0.00, real=0.04 secs] 
7579.258: [GC (Allocation Failure) [PSYoungGen: 1561584K->8240K(1563136K)] 1704807K->152071K(2087424K), 0.0172197 secs] [Times: user=0.08 sys=0.01, real=0.02 secs] 
7608.056: [GC (System.gc()) [PSYoungGen: 824581K->7413K(1563648K)] 968412K->151885K(2087936K), 0.0087948 secs] [Times: user=0.12 sys=0.00, real=0.01 secs] 
7608.065: [Full GC (System.gc()) [PSYoungGen: 7413K->0K(1563648K)] [ParOldGen: 144471K->94398K(524288K)] 151885K->94398K(2087936K), [Metaspace: 20949K->20949K(1069056K)], 0.4530270 secs] [Times: user=13.99 sys=0.00, real=0.46 secs] 
7614.848: [GC (System.gc()) [PSYoungGen: 4166K->576K(1555456K)] 98565K->94982K(2079744K), 0.0076484 secs] [Times: user=0.10 sys=0.00, real=0.01 secs] 
7614.856: [Full GC (System.gc()) [PSYoungGen: 576K->0K(1555456K)] [ParOldGen: 94406K->89547K(524288K)] 94982K->89547K(2079744K), [Metaspace: 20982K->20982K(1069056K)], 0.4223871 secs] [Times: user=13.56 sys=0.00, real=0.43 secs] 
7634.764: [GC (Allocation Failure) [PSYoungGen: 1554432K->10465K(1561088K)] 1643979K->100013K(2085376K), 0.0058708 secs] [Times: user=0.07 sys=0.00, real=0.00 secs] 
7648.119: [GC (Allocation Failure) [PSYoungGen: 1560801K->7937K(1561600K)] 1650349K->100490K(2085888K), 0.0041030 secs] [Times: user=0.05 sys=0.00, real=0.00 secs] 
7658.806: [GC (System.gc()) [PSYoungGen: 904841K->7472K(1562112K)] 997394K->100449K(2086400K), 0.0130261 secs] [Times: user=0.35 sys=0.00, real=0.01 secs] 
7658.819: [Full GC (System.gc()) [PSYoungGen: 7472K->0K(1562112K)] [ParOldGen: 92977K->90331K(524288K)] 100449K->90331K(2086400K), [Metaspace: 21003K->21003K(1069056K)], 0.5035799 secs] [Times: user=16.53 sys=0.00, real=0.50 secs] 
7659.881: [GC (System.gc()) [PSYoungGen: 497K->128K(1551360K)] 90828K->90459K(2075648K), 0.0082601 secs] [Times: user=0.08 sys=0.00, real=0.01 secs] 
7659.889: [Full GC (System.gc()) [PSYoungGen: 128K->0K(1551360K)] [ParOldGen: 90331K->90265K(524288K)] 90459K->90265K(2075648K), [Metaspace: 21006K->21006K(1069056K)], 0.2722305 secs] [Times: user=5.86 sys=0.00, real=0.27 secs] 
7660.374: [GC (System.gc()) [PSYoungGen: 8869K->288K(1560064K)] 99135K->90553K(2084352K), 0.0039684 secs] [Times: user=0.04 sys=0.00, real=0.01 secs] 
7660.378: [Full GC (System.gc()) [PSYoungGen: 288K->0K(1560064K)] [ParOldGen: 90265K->90179K(524288K)] 90553K->90179K(2084352K), [Metaspace: 21014K->21014K(1069056K)], 0.6304977 secs] [Times: user=14.95 sys=0.00, real=0.63 secs] 
Heap
 PSYoungGen      total 1560064K, used 124791K [0x00000000a0000000, 0x0000000100000000, 0x0000000100000000)
  eden space 1548288K, 8% used [0x00000000a0000000,0x00000000a79ddca8,0x00000000fe800000)
  from space 11776K, 0% used [0x00000000ff480000,0x00000000ff480000,0x0000000100000000)
  to   space 12288K, 0% used [0x00000000fe800000,0x00000000fe800000,0x00000000ff400000)
 ParOldGen       total 524288K, used 90179K [0x0000000080000000, 0x00000000a0000000, 0x00000000a0000000)
  object space 524288K, 17% used [0x0000000080000000,0x0000000085810f38,0x00000000a0000000)
 Metaspace       used 21060K, capacity 21574K, committed 22016K, reserved 1069056K
  class space    used 2530K, capacity 2689K, committed 2816K, reserved 1048576K
